
Allocating common symbols
Common symbol       size              file

current_tty         0x4               kernel_main.o
file_desc_table     0x100             fs_main.o
is_e0               0x1               kernel_main.o
idt_ptr             0x6               kernel_main.o
inode_table         0x700             fs_main.o
dis_pos             0x4               kernel_main.o
k_reenter           0x4               kernel_main.o
gdt                 0x400             kernel_main.o
proc_ready_table    0x4               kernel_main.o
hd_info             0x224             hd.o
proc_stack          0x7000            global.o
pcaller             0x4               kernel_main.o
keyboard_buffer     0x32c             kernel_main.o
tty_table           0x25ec            kernel_main.o
tss                 0x6c              kernel_main.o
root                0x4               kernel_main.o
counter             0x4               kernel_main.o
key_pressed         0x4               kernel_main.o
is_shift            0x1               kernel_main.o
gdt_ptr             0x6               kernel_main.o
idt                 0x800             kernel_main.o
ticks               0x4               kernel_main.o
console_table       0x30              kernel_main.o
is_disp             0x1               kernel_main.o
proc_table          0xb28             global.o

Discarded input sections

 .note.GNU-stack
                0x0000000000000000        0x0 kernel_main.o
 .note.GNU-stack
                0x0000000000000000        0x0 hd.o
 .note.GNU-stack
                0x0000000000000000        0x0 fs_main.o
 .note.GNU-stack
                0x0000000000000000        0x0 global.o
 .note.GNU-stack
                0x0000000000000000        0x0 process.o
 .note.GNU-stack
                0x0000000000000000        0x0 protect.o
 .note.GNU-stack
                0x0000000000000000        0x0 console.o
 .note.GNU-stack
                0x0000000000000000        0x0 keyboard.o
 .note.GNU-stack
                0x0000000000000000        0x0 open.o
 .note.GNU-stack
                0x0000000000000000        0x0 read.o
 .note.GNU-stack
                0x0000000000000000        0x0 write.o
 .note.GNU-stack
                0x0000000000000000        0x0 close.o

Memory Configuration

Name             Origin             Length             Attributes
*default*        0x0000000000000000 0xffffffffffffffff

Linker script and memory map

Address of section .text set to 0x1000
LOAD kernel.o
LOAD string.o
LOAD kernel_main.o
LOAD hd.o
LOAD syscall.o
LOAD fs_main.o
LOAD global.o
LOAD hd_rdwt.o
LOAD process.o
LOAD protect.o
LOAD console.o
LOAD keyboard.o
LOAD open.o
LOAD read.o
LOAD write.o
LOAD close.o
                [!provide]                        PROVIDE (__executable_start = SEGMENT_START ("text-segment", 0x8048000))
                0x0000000008048094                . = (SEGMENT_START ("text-segment", 0x8048000) + SIZEOF_HEADERS)

.interp
 *(.interp)

.note.gnu.build-id
 *(.note.gnu.build-id)

.hash
 *(.hash)

.gnu.hash
 *(.gnu.hash)

.dynsym
 *(.dynsym)

.dynstr
 *(.dynstr)

.gnu.version
 *(.gnu.version)

.gnu.version_d
 *(.gnu.version_d)

.gnu.version_r
 *(.gnu.version_r)

.rel.dyn        0x0000000008048094        0x0
 *(.rel.init)
 *(.rel.text .rel.text.* .rel.gnu.linkonce.t.*)
 .rel.text      0x0000000008048094        0x0 kernel.o
 *(.rel.fini)
 *(.rel.rodata .rel.rodata.* .rel.gnu.linkonce.r.*)
 *(.rel.data.rel.ro .rel.data.rel.ro.* .rel.gnu.linkonce.d.rel.ro.*)
 *(.rel.data .rel.data.* .rel.gnu.linkonce.d.*)
 *(.rel.tdata .rel.tdata.* .rel.gnu.linkonce.td.*)
 *(.rel.tbss .rel.tbss.* .rel.gnu.linkonce.tb.*)
 *(.rel.ctors)
 *(.rel.dtors)
 *(.rel.got)
 .rel.got       0x0000000008048094        0x0 kernel.o
 *(.rel.bss .rel.bss.* .rel.gnu.linkonce.b.*)
 *(.rel.ifunc)

.rel.plt        0x0000000008048094        0x0
 *(.rel.plt)
                [!provide]                        PROVIDE (__rel_iplt_start = .)
 *(.rel.iplt)
 .rel.iplt      0x0000000008048094        0x0 kernel.o
                [!provide]                        PROVIDE (__rel_iplt_end = .)

.init
 *(SORT_NONE(.init))

.plt            0x0000000008048098        0x0
 *(.plt)
 *(.iplt)
 .iplt          0x0000000008048098        0x0 kernel.o

.plt.got
 *(.plt.got)

.plt.sec
 *(.plt.sec)

.text           0x0000000000001000     0x51ae
 *(.text.unlikely .text.*_unlikely .text.unlikely.*)
 *(.text.exit .text.exit.*)
 *(.text.startup .text.startup.*)
 *(.text.hot .text.hot.*)
 *(.text .stub .text.* .gnu.linkonce.t.*)
 .text          0x0000000000001000      0x3b5 kernel.o
                0x0000000000001000                _start
                0x0000000000001075                InterruptTest
                0x0000000000001081                disp_str
                0x00000000000010bc                disp_str_colour
                0x00000000000010f8                divide_zero_fault
                0x00000000000010fe                single_step_fault
                0x0000000000001104                non_maskable_interrupt
                0x000000000000110a                breakpoint_trap
                0x0000000000001110                overflow_trap
                0x0000000000001116                bound_range_exceeded_fault
                0x000000000000111c                invalid_opcode_fault
                0x0000000000001122                coprocessor_not_available_fault
                0x0000000000001128                double_fault_exception_abort
                0x000000000000112c                coprocessor_segment_overrun
                0x0000000000001132                invalid_task_state_segment_fault
                0x0000000000001136                segment_not_present_fault
                0x000000000000113a                stack_exception_fault
                0x000000000000113e                general_protection_exception_fault
                0x0000000000001142                page_fault
                0x0000000000001146                coprocessor_error_fault
                0x000000000000114c                align_check_fault
                0x0000000000001150                simd_float_exception_fault
                0x000000000000115f                hwint0
                0x00000000000011a8                hwint1
                0x00000000000011f1                hwint14
                0x000000000000123a                sys_call
                0x0000000000001283                restart
                0x00000000000012c7                in_byte
                0x00000000000012d3                out_byte
                0x00000000000012f5                disable_int
                0x00000000000012f7                enable_int
                0x000000000000138d                enable_8259A_casecade_irq
                0x0000000000001397                disable_8259A_casecade_irq
                0x00000000000013a1                enable_8259A_slave_winchester_irq
                0x00000000000013ab                disable_8259A_slave_winchester_irq
 .text          0x00000000000013b5     0x18ed kernel_main.o
                0x00000000000013b5                untar
                0x0000000000001504                atoi
                0x00000000000015aa                disp_int
                0x00000000000015d3                exception_handler
                0x0000000000001774                init_internal_interrupt
                0x00000000000018e9                test
                0x0000000000001a3e                disp_str_colour3
                0x0000000000001a44                spurious_irq
                0x0000000000001abd                kernel_main
                0x0000000000001d13                TestA
                0x0000000000001d64                delay
                0x0000000000001dab                TestB
                0x0000000000001dda                TestC
                0x0000000000001e0d                sys_get_ticks
                0x0000000000001e17                sys_write
                0x0000000000001e68                milli_delay
                0x0000000000001ea4                TaskSys
                0x0000000000001f11                Printf
                0x0000000000001f6d                vsprintf
                0x0000000000002119                printx
                0x000000000000215c                sys_printx
                0x000000000000223b                spin
                0x0000000000002240                panic
                0x000000000000225e                assertion_failure
                0x0000000000002295                dead_lock
                0x000000000000232d                sys_send_msg
                0x0000000000002653                sys_receive_msg
                0x0000000000002a63                send_rec
                0x0000000000002af1                block
                0x0000000000002b03                unblock
                0x0000000000002b0d                get_ticks_ipc
                0x0000000000002b4e                itoa
                0x0000000000002ba4                i2a
                0x0000000000002c0a                inform_int
 .text          0x0000000000002ca2      0xb7c hd.o
                0x0000000000002ca2                TaskHD
                0x0000000000002cb4                init_hd
                0x0000000000002cce                hd_handle
                0x0000000000002ddf                hd_cmd_out
                0x0000000000002ee1                hd_identify
                0x0000000000002f98                print_hdinfo
                0x0000000000003196                print_dpt_entry
                0x000000000000319c                get_partition_table
                0x0000000000003247                partition
                0x0000000000003490                hd_open
                0x00000000000034df                get_hd_ioctl
                0x000000000000354b                wait_for
                0x000000000000357c                interrupt_wait
                0x0000000000003598                hd_rdwt
                0x00000000000037a1                hd_handler
                0x00000000000037cd                waitfor
 *fill*         0x000000000000381e        0x2 
 .text          0x0000000000003820       0x48 syscall.o
                0x0000000000003820                get_ticks
                0x0000000000003828                write2
                0x0000000000003838                write_debug
                0x0000000000003848                send_msg
                0x0000000000003858                receive_msg
 .text          0x0000000000003868     0x1594 fs_main.o
                0x0000000000003868                task_fs
                0x0000000000003971                rd_wt
                0x00000000000039be                mkfs
                0x0000000000003a7a                init_fs
                0x0000000000003aa9                do_open
                0x0000000000003c11                search_file
                0x0000000000003d41                strip_path
                0x0000000000003daf                strcmp
                0x0000000000003e1e                get_inode
                0x0000000000003f52                create_file
                0x000000000000400b                alloc_imap_bit
                0x0000000000004110                alloc_smap_bit
                0x00000000000042a7                new_inode
                0x00000000000042fb                new_dir_entry
                0x0000000000004489                do_unlink
                0x0000000000004976                do_rdwt
                0x0000000000004c40                sync_inode
                0x0000000000004d19                put_inode
                0x0000000000004d57                do_close
                0x0000000000004dca                get_super_block
 .text          0x0000000000004dfc        0x0 global.o
 .text          0x0000000000004dfc      0x150 process.o
                0x0000000000004dfc                schedule_process
                0x0000000000004e96                clock_handler
                0x0000000000004f11                pid2proc
                0x0000000000004f2d                proc2pid
 .text          0x0000000000004f4c      0x39e protect.o
                0x0000000000004f4c                InitDescriptor
                0x0000000000004fb9                Seg2PhyAddr
                0x0000000000004ffa                Seg2PhyAddrLDT
                0x000000000000503e                VirAddr2PhyAddr
                0x0000000000005054                v2l
                0x0000000000005099                init_propt
                0x0000000000005203                InitInterruptDesc
                0x000000000000525f                ReloadGDT
 .text          0x00000000000052ea      0x996 console.o
                0x00000000000052ea                select_console
                0x0000000000005326                flush
                0x000000000000535f                set_cursor
                0x00000000000053bd                set_console_start_video_addr
                0x000000000000541b                put_key
                0x0000000000005487                scroll_up
                0x00000000000054c8                scroll_down
                0x000000000000553b                out_char
                0x00000000000056e2                tty_dev_read
                0x000000000000570c                tty_dev_write
                0x00000000000058e5                tty_do_read
                0x0000000000005976                tty_do_write
                0x0000000000005aa4                init_screen
                0x0000000000005b38                init_tty
                0x0000000000005bd2                TaskTTY
 .text          0x0000000000005c80      0x411 keyboard.o
                0x0000000000005c80                keyboard_handler
                0x0000000000005d02                read_from_keyboard_buf
                0x0000000000005d62                keyboard_read
                0x0000000000005ee1                init_keyboard_handler
                0x0000000000005ef5                in_process
 .text          0x0000000000006091       0x63 open.o
                0x0000000000006091                open
 .text          0x00000000000060f4       0x37 read.o
                0x00000000000060f4                read
 .text          0x000000000000612b       0x37 write.o
                0x000000000000612b                write
 .text          0x0000000000006162       0x4c close.o
                0x0000000000006162                close
 *(.gnu.warning)

.fini
 *(SORT_NONE(.fini))
                [!provide]                        PROVIDE (__etext = .)
                [!provide]                        PROVIDE (_etext = .)
                [!provide]                        PROVIDE (etext = .)

.rodata         0x00000000000061c0      0x74a
 *(.rodata .rodata.* .gnu.linkonce.r.*)
 .rodata        0x00000000000061c0      0x4f9 kernel_main.o
 .rodata        0x00000000000066b9       0xf0 hd.o
 *fill*         0x00000000000067a9        0x3 
 .rodata        0x00000000000067ac      0x117 fs_main.o
                0x00000000000067ac                FSBUF_SIZE
 .rodata        0x00000000000068c3       0x23 open.o
 .rodata        0x00000000000068e6       0x24 close.o

.txt            0x000000000000690a       0xaa
 .txt           0x000000000000690a       0x82 string.o
                0x000000000000690a                Memcpy
                0x0000000000006938                Memset
                0x0000000000006957                Strcpy
                0x0000000000006971                Strlen
 .txt           0x000000000000698c       0x28 hd_rdwt.o
                0x000000000000698c                read_port
                0x00000000000069a0                write_port

.rodata1
 *(.rodata1)

.eh_frame_hdr
 *(.eh_frame_hdr)
 *(.eh_frame_entry .eh_frame_entry.*)

.eh_frame       0x00000000000069b4      0xd78
 *(.eh_frame)
 .eh_frame      0x00000000000069b4      0x45c kernel_main.o
 .eh_frame      0x0000000000006e10      0x200 hd.o
                                        0x218 (size before relaxing)
 .eh_frame      0x0000000000007010      0x298 fs_main.o
                                        0x2b0 (size before relaxing)
 .eh_frame      0x00000000000072a8       0x80 process.o
                                         0x98 (size before relaxing)
 .eh_frame      0x0000000000007328      0x104 protect.o
                                        0x11c (size before relaxing)
 .eh_frame      0x000000000000742c      0x1e0 console.o
                                        0x1f8 (size before relaxing)
 .eh_frame      0x000000000000760c       0xa0 keyboard.o
                                         0xb8 (size before relaxing)
 .eh_frame      0x00000000000076ac       0x20 open.o
                                         0x38 (size before relaxing)
 .eh_frame      0x00000000000076cc       0x20 read.o
                                         0x38 (size before relaxing)
 .eh_frame      0x00000000000076ec       0x20 write.o
                                         0x38 (size before relaxing)
 .eh_frame      0x000000000000770c       0x20 close.o
                                         0x38 (size before relaxing)
 *(.eh_frame.*)

.gcc_except_table
 *(.gcc_except_table .gcc_except_table.*)

.gnu_extab
 *(.gnu_extab*)

.exception_ranges
 *(.exception_ranges .exception_ranges*)
                0x0000000000009000                . = DATA_SEGMENT_ALIGN (CONSTANT (MAXPAGESIZE), CONSTANT (COMMONPAGESIZE))

.eh_frame
 *(.eh_frame)
 *(.eh_frame.*)

.gnu_extab
 *(.gnu_extab)

.gcc_except_table
 *(.gcc_except_table .gcc_except_table.*)

.exception_ranges
 *(.exception_ranges .exception_ranges*)

.tdata
 *(.tdata .tdata.* .gnu.linkonce.td.*)

.tbss
 *(.tbss .tbss.* .gnu.linkonce.tb.*)
 *(.tcommon)

.preinit_array  0x0000000000009000        0x0
                [!provide]                        PROVIDE (__preinit_array_start = .)
 *(.preinit_array)
                [!provide]                        PROVIDE (__preinit_array_end = .)

.init_array     0x0000000000009000        0x0
                [!provide]                        PROVIDE (__init_array_start = .)
 *(SORT_BY_INIT_PRIORITY(.init_array.*) SORT_BY_INIT_PRIORITY(.ctors.*))
 *(.init_array EXCLUDE_FILE(*crtend?.o *crtend.o *crtbegin?.o *crtbegin.o) .ctors)
                [!provide]                        PROVIDE (__init_array_end = .)

.fini_array     0x0000000000009000        0x0
                [!provide]                        PROVIDE (__fini_array_start = .)
 *(SORT_BY_INIT_PRIORITY(.fini_array.*) SORT_BY_INIT_PRIORITY(.dtors.*))
 *(.fini_array EXCLUDE_FILE(*crtend?.o *crtend.o *crtbegin?.o *crtbegin.o) .dtors)
                [!provide]                        PROVIDE (__fini_array_end = .)

.ctors
 *crtbegin.o(.ctors)
 *crtbegin?.o(.ctors)
 *(EXCLUDE_FILE(*crtend?.o *crtend.o) .ctors)
 *(SORT_BY_NAME(.ctors.*))
 *(.ctors)

.dtors
 *crtbegin.o(.dtors)
 *crtbegin?.o(.dtors)
 *(EXCLUDE_FILE(*crtend?.o *crtend.o) .dtors)
 *(SORT_BY_NAME(.dtors.*))
 *(.dtors)

.jcr
 *(.jcr)

.data.rel.ro
 *(.data.rel.ro.local* .gnu.linkonce.d.rel.ro.local.*)
 *(.data.rel.ro .data.rel.ro.* .gnu.linkonce.d.rel.ro.*)

.dynamic
 *(.dynamic)

.got            0x0000000000009000        0x0
 *(.got)
 .got           0x0000000000009000        0x0 kernel.o
 *(.igot)
                0x0000000000009000                . = DATA_SEGMENT_RELRO_END (., (SIZEOF (.got.plt) >= 0xc)?0xc:0x0)

.got.plt        0x0000000000009000        0x0
 *(.got.plt)
 .got.plt       0x0000000000009000        0x0 kernel.o
 *(.igot.plt)
 .igot.plt      0x0000000000009000        0x0 kernel.o

.data           0x0000000000009000      0x680
 *(.data .data.* .gnu.linkonce.d.*)
 .data          0x0000000000009000        0xf kernel.o
 .data          0x000000000000900f        0x0 kernel_main.o
 .data          0x000000000000900f        0x0 hd.o
 *fill*         0x000000000000900f        0x1 
 .data          0x0000000000009010        0x0 syscall.o
 .data          0x0000000000009010        0x4 fs_main.o
                0x0000000000009010                fsbuf
 *fill*         0x0000000000009014        0xc 
 .data          0x0000000000009020       0x54 global.o
                0x0000000000009020                user_task_table
                0x0000000000009040                sys_task_table
                0x0000000000009060                sys_call_table
 .data          0x0000000000009074        0x0 process.o
 .data          0x0000000000009074        0x0 protect.o
 .data          0x0000000000009074        0x0 console.o
 *fill*         0x0000000000009074        0xc 
 .data          0x0000000000009080      0x600 keyboard.o
                0x0000000000009080                keymap
 .data          0x0000000000009680        0x0 open.o
 .data          0x0000000000009680        0x0 read.o
 .data          0x0000000000009680        0x0 write.o
 .data          0x0000000000009680        0x0 close.o

.data1
 *(.data1)
                0x0000000000009680                _edata = .
                [!provide]                        PROVIDE (edata = .)
                0x0000000000009680                . = .
                0x0000000000009680                __bss_start = .

.bss            0x0000000000009680     0xc3e8
 *(.dynbss)
 *(.bss .bss.* .gnu.linkonce.b.*)
 .bss           0x0000000000009680      0x800 kernel.o
 .bss           0x0000000000009e80        0x0 kernel_main.o
 .bss           0x0000000000009e80        0x0 hd.o
 .bss           0x0000000000009e80        0x0 fs_main.o
 .bss           0x0000000000009e80        0x0 global.o
 .bss           0x0000000000009e80        0x0 process.o
 .bss           0x0000000000009e80        0x0 protect.o
 .bss           0x0000000000009e80        0x0 console.o
 .bss           0x0000000000009e80        0x0 keyboard.o
 .bss           0x0000000000009e80        0x0 open.o
 .bss           0x0000000000009e80        0x0 read.o
 .bss           0x0000000000009e80        0x0 write.o
 .bss           0x0000000000009e80        0x0 close.o
 *(COMMON)
 COMMON         0x0000000000009e80     0x3671 kernel_main.o
                0x0000000000009e80                current_tty
                0x0000000000009e84                is_e0
                0x0000000000009e88                idt_ptr
                0x0000000000009e90                dis_pos
                0x0000000000009e94                k_reenter
                0x0000000000009ea0                gdt
                0x000000000000a2a0                proc_ready_table
                0x000000000000a2a4                pcaller
                0x000000000000a2c0                keyboard_buffer
                0x000000000000a600                tty_table
                0x000000000000cc00                tss
                0x000000000000cc6c                root
                0x000000000000cc70                counter
                0x000000000000cc74                key_pressed
                0x000000000000cc78                is_shift
                0x000000000000cc7c                gdt_ptr
                0x000000000000cca0                idt
                0x000000000000d4a0                ticks
                0x000000000000d4c0                console_table
                0x000000000000d4f0                is_disp
 *fill*         0x000000000000d4f1        0xf 
 COMMON         0x000000000000d500      0x224 hd.o
                0x000000000000d500                hd_info
 *fill*         0x000000000000d724       0x1c 
 COMMON         0x000000000000d740      0x800 fs_main.o
                0x000000000000d740                file_desc_table
                0x000000000000d840                inode_table
 COMMON         0x000000000000df40     0x7b28 global.o
                0x000000000000df40                proc_stack
                0x0000000000014f40                proc_table
                0x0000000000015a68                . = ALIGN ((. != 0x0)?0x4:0x1)
                0x0000000000015a68                . = ALIGN (0x4)
                0x0000000000015a68                . = SEGMENT_START ("ldata-segment", .)
                0x0000000000015a68                . = ALIGN (0x4)
                0x0000000000015a68                _end = .
                [!provide]                        PROVIDE (end = .)
                0x0000000000015a68                . = DATA_SEGMENT_END (.)

.stab
 *(.stab)

.stabstr
 *(.stabstr)

.stab.excl
 *(.stab.excl)

.stab.exclstr
 *(.stab.exclstr)

.stab.index
 *(.stab.index)

.stab.indexstr
 *(.stab.indexstr)

.comment        0x0000000000000000       0x2c
 *(.comment)
 .comment       0x0000000000000000       0x2c kernel_main.o
                                         0x2d (size before relaxing)
 .comment       0x000000000000002c       0x2d hd.o
 .comment       0x000000000000002c       0x2d fs_main.o
 .comment       0x000000000000002c       0x2d global.o
 .comment       0x000000000000002c       0x2d process.o
 .comment       0x000000000000002c       0x2d protect.o
 .comment       0x000000000000002c       0x2d console.o
 .comment       0x000000000000002c       0x2d keyboard.o
 .comment       0x000000000000002c       0x2d open.o
 .comment       0x000000000000002c       0x2d read.o
 .comment       0x000000000000002c       0x2d write.o
 .comment       0x000000000000002c       0x2d close.o

.gnu.build.attributes
 *(.gnu.build.attributes .gnu.build.attributes.*)

.debug
 *(.debug)

.line
 *(.line)

.debug_srcinfo
 *(.debug_srcinfo)

.debug_sfnames
 *(.debug_sfnames)

.debug_aranges  0x0000000000000000      0x178
 *(.debug_aranges)
 .debug_aranges
                0x0000000000000000       0x20 kernel_main.o
 .debug_aranges
                0x0000000000000020       0x20 hd.o
 .debug_aranges
                0x0000000000000040       0x20 fs_main.o
 .debug_aranges
                0x0000000000000060       0x18 global.o
 .debug_aranges
                0x0000000000000078       0x20 process.o
 .debug_aranges
                0x0000000000000098       0x20 protect.o
 .debug_aranges
                0x00000000000000b8       0x20 console.o
 .debug_aranges
                0x00000000000000d8       0x20 keyboard.o
 .debug_aranges
                0x00000000000000f8       0x20 open.o
 .debug_aranges
                0x0000000000000118       0x20 read.o
 .debug_aranges
                0x0000000000000138       0x20 write.o
 .debug_aranges
                0x0000000000000158       0x20 close.o

.debug_pubnames
 *(.debug_pubnames)

.debug_info     0x0000000000000000     0xaf3d
 *(.debug_info .gnu.linkonce.wi.*)
 .debug_info    0x0000000000000000     0x19ad kernel_main.o
 .debug_info    0x00000000000019ad     0x1281 hd.o
 .debug_info    0x0000000000002c2e     0x188c fs_main.o
 .debug_info    0x00000000000044ba      0xae2 global.o
 .debug_info    0x0000000000004f9c      0xb57 process.o
 .debug_info    0x0000000000005af3      0xdef protect.o
 .debug_info    0x00000000000068e2      0xe4f console.o
 .debug_info    0x0000000000007731      0xc40 keyboard.o
 .debug_info    0x0000000000008371      0xaf8 open.o
 .debug_info    0x0000000000008e69      0xaf9 read.o
 .debug_info    0x0000000000009962      0xb02 write.o
 .debug_info    0x000000000000a464      0xad9 close.o

.debug_abbrev   0x0000000000000000     0x1719
 *(.debug_abbrev)
 .debug_abbrev  0x0000000000000000      0x317 kernel_main.o
 .debug_abbrev  0x0000000000000317      0x2ab hd.o
 .debug_abbrev  0x00000000000005c2      0x2be fs_main.o
 .debug_abbrev  0x0000000000000880      0x12c global.o
 .debug_abbrev  0x00000000000009ac      0x1b3 process.o
 .debug_abbrev  0x0000000000000b5f      0x1e7 protect.o
 .debug_abbrev  0x0000000000000d46      0x24e console.o
 .debug_abbrev  0x0000000000000f94      0x1d0 keyboard.o
 .debug_abbrev  0x0000000000001164      0x168 open.o
 .debug_abbrev  0x00000000000012cc      0x177 read.o
 .debug_abbrev  0x0000000000001443      0x177 write.o
 .debug_abbrev  0x00000000000015ba      0x15f close.o

.debug_line     0x0000000000000000     0x2541
 *(.debug_line .debug_line.* .debug_line_end)
 .debug_line    0x0000000000000000      0x9c5 kernel_main.o
 .debug_line    0x00000000000009c5      0x4bb hd.o
 .debug_line    0x0000000000000e80      0x8cc fs_main.o
 .debug_line    0x000000000000174c       0x80 global.o
 .debug_line    0x00000000000017cc      0x160 process.o
 .debug_line    0x000000000000192c      0x23f protect.o
 .debug_line    0x0000000000001b6b      0x4b6 console.o
 .debug_line    0x0000000000002021      0x26f keyboard.o
 .debug_line    0x0000000000002290       0xb5 open.o
 .debug_line    0x0000000000002345       0xa7 read.o
 .debug_line    0x00000000000023ec       0xa8 write.o
 .debug_line    0x0000000000002494       0xad close.o

.debug_frame
 *(.debug_frame)

.debug_str      0x0000000000000000      0xf97
 *(.debug_str)
 .debug_str     0x0000000000000000      0x654 kernel_main.o
                                        0x700 (size before relaxing)
 .debug_str     0x0000000000000654      0x283 hd.o
                                        0x69d (size before relaxing)
 .debug_str     0x00000000000008d7      0x3b6 fs_main.o
                                        0x7ea (size before relaxing)
 .debug_str     0x0000000000000c8d        0x9 global.o
                                        0x3d8 (size before relaxing)
 .debug_str     0x0000000000000c96       0x4a process.o
                                        0x419 (size before relaxing)
 .debug_str     0x0000000000000ce0      0x102 protect.o
                                        0x508 (size before relaxing)
 .debug_str     0x0000000000000de2      0x103 console.o
                                        0x4de (size before relaxing)
 .debug_str     0x0000000000000ee5       0x84 keyboard.o
                                        0x464 (size before relaxing)
 .debug_str     0x0000000000000f69        0xb open.o
                                        0x3ee (size before relaxing)
 .debug_str     0x0000000000000f74        0xb read.o
                                        0x3e5 (size before relaxing)
 .debug_str     0x0000000000000f7f        0xc write.o
                                        0x3e7 (size before relaxing)
 .debug_str     0x0000000000000f8b        0xc close.o
                                        0x3e1 (size before relaxing)

.debug_loc
 *(.debug_loc)

.debug_macinfo
 *(.debug_macinfo)

.debug_weaknames
 *(.debug_weaknames)

.debug_funcnames
 *(.debug_funcnames)

.debug_typenames
 *(.debug_typenames)

.debug_varnames
 *(.debug_varnames)

.debug_pubtypes
 *(.debug_pubtypes)

.debug_ranges   0x0000000000000000       0x90
 *(.debug_ranges)
 .debug_ranges  0x0000000000000000       0x30 kernel_main.o
 .debug_ranges  0x0000000000000030       0x48 hd.o
 .debug_ranges  0x0000000000000078       0x18 fs_main.o

.debug_macro
 *(.debug_macro)

.debug_addr
 *(.debug_addr)

.gnu.attributes
 *(.gnu.attributes)

/DISCARD/
 *(.note.GNU-stack)
 *(.gnu_debuglink)
 *(.gnu.lto_*)
 *(.gnu_object_only)
OUTPUT(kernel.bin elf32-i386)
