Archive member included to satisfy reference by file (symbol)

../lib/pegasus_crt.a(kernel_main.o)
                              echo.o (Printf)
../lib/pegasus_crt.a(syscall.o)
                              ../lib/pegasus_crt.a(kernel_main.o) (write_debug)
../lib/pegasus_crt.a(global.o)
                              ../lib/pegasus_crt.a(kernel_main.o) (proc_table)
../lib/pegasus_crt.a(process.o)
                              ../lib/pegasus_crt.a(kernel_main.o) (schedule_process)
../lib/pegasus_crt.a(protect.o)
                              ../lib/pegasus_crt.a(kernel_main.o) (InitDescriptor)
../lib/pegasus_crt.a(console.o)
                              ../lib/pegasus_crt.a(kernel_main.o) (out_char)
../lib/pegasus_crt.a(keyboard.o)
                              ../lib/pegasus_crt.a(console.o) (keyboard_read)
../lib/pegasus_crt.a(open.o)  ../lib/pegasus_crt.a(kernel_main.o) (open)
../lib/pegasus_crt.a(read.o)  ../lib/pegasus_crt.a(kernel_main.o) (read)
../lib/pegasus_crt.a(write.o)
                              ../lib/pegasus_crt.a(kernel_main.o) (write)
../lib/pegasus_crt.a(close.o)
                              ../lib/pegasus_crt.a(kernel_main.o) (close)
../lib/pegasus_crt.a(exit.o)  start.o (exit)
../lib/pegasus_crt.a(fork.o)  ../lib/pegasus_crt.a(kernel_main.o) (fork)
../lib/pegasus_crt.a(main.o)  ../lib/pegasus_crt.a(global.o) (TaskMM)
../lib/pegasus_crt.a(exec.o)  ../lib/pegasus_crt.a(main.o) (do_exec)
../lib/pegasus_crt.a(forkexit.o)
                              ../lib/pegasus_crt.a(main.o) (do_fork)
../lib/pegasus_crt.a(kernel.o)
                              ../lib/pegasus_crt.a(kernel_main.o) (disp_str)
../lib/pegasus_crt.a(string.o)
                              ../lib/pegasus_crt.a(kernel_main.o) (Memcpy)
../lib/pegasus_crt.a(hd.o)    ../lib/pegasus_crt.a(global.o) (TaskHD)
../lib/pegasus_crt.a(fs_main.o)
                              ../lib/pegasus_crt.a(global.o) (task_fs)
../lib/pegasus_crt.a(hd_rdwt.o)
                              ../lib/pegasus_crt.a(hd.o) (read_port)

Allocating common symbols
Common symbol       size              file

current_tty         0x4               ../lib/pegasus_crt.a(kernel_main.o)
file_desc_table     0x400             ../lib/pegasus_crt.a(fs_main.o)
is_e0               0x1               ../lib/pegasus_crt.a(kernel_main.o)
idt_ptr             0x6               ../lib/pegasus_crt.a(kernel_main.o)
inode_table         0x700             ../lib/pegasus_crt.a(fs_main.o)
dis_pos             0x4               ../lib/pegasus_crt.a(kernel_main.o)
k_reenter           0x4               ../lib/pegasus_crt.a(kernel_main.o)
gdt                 0x400             ../lib/pegasus_crt.a(kernel_main.o)
proc_ready_table    0x4               ../lib/pegasus_crt.a(kernel_main.o)
hd_info             0x224             ../lib/pegasus_crt.a(hd.o)
proc_stack          0xe000            ../lib/pegasus_crt.a(global.o)
pcaller             0x4               ../lib/pegasus_crt.a(kernel_main.o)
keyboard_buffer     0x20c             ../lib/pegasus_crt.a(kernel_main.o)
tty_table           0x186c            ../lib/pegasus_crt.a(kernel_main.o)
tss                 0x6c              ../lib/pegasus_crt.a(kernel_main.o)
root                0x1c              ../lib/pegasus_crt.a(fs_main.o)
counter             0x4               ../lib/pegasus_crt.a(kernel_main.o)
key_pressed         0x4               ../lib/pegasus_crt.a(kernel_main.o)
is_shift            0x1               ../lib/pegasus_crt.a(kernel_main.o)
gdt_ptr             0x6               ../lib/pegasus_crt.a(kernel_main.o)
idt                 0x800             ../lib/pegasus_crt.a(kernel_main.o)
ticks               0x4               ../lib/pegasus_crt.a(kernel_main.o)
console_table       0x30              ../lib/pegasus_crt.a(kernel_main.o)
is_disp             0x1               ../lib/pegasus_crt.a(kernel_main.o)
proc_table          0x3f60            ../lib/pegasus_crt.a(global.o)

Discarded input sections

 .note.GNU-stack
                0x0000000000000000        0x0 echo.o
 .note.GNU-stack
                0x0000000000000000        0x0 ../lib/pegasus_crt.a(kernel_main.o)
 .note.GNU-stack
                0x0000000000000000        0x0 ../lib/pegasus_crt.a(global.o)
 .note.GNU-stack
                0x0000000000000000        0x0 ../lib/pegasus_crt.a(process.o)
 .note.GNU-stack
                0x0000000000000000        0x0 ../lib/pegasus_crt.a(protect.o)
 .note.GNU-stack
                0x0000000000000000        0x0 ../lib/pegasus_crt.a(console.o)
 .note.GNU-stack
                0x0000000000000000        0x0 ../lib/pegasus_crt.a(keyboard.o)
 .note.GNU-stack
                0x0000000000000000        0x0 ../lib/pegasus_crt.a(open.o)
 .note.GNU-stack
                0x0000000000000000        0x0 ../lib/pegasus_crt.a(read.o)
 .note.GNU-stack
                0x0000000000000000        0x0 ../lib/pegasus_crt.a(write.o)
 .note.GNU-stack
                0x0000000000000000        0x0 ../lib/pegasus_crt.a(close.o)
 .note.GNU-stack
                0x0000000000000000        0x0 ../lib/pegasus_crt.a(exit.o)
 .note.GNU-stack
                0x0000000000000000        0x0 ../lib/pegasus_crt.a(fork.o)
 .note.GNU-stack
                0x0000000000000000        0x0 ../lib/pegasus_crt.a(main.o)
 .note.GNU-stack
                0x0000000000000000        0x0 ../lib/pegasus_crt.a(exec.o)
 .note.GNU-stack
                0x0000000000000000        0x0 ../lib/pegasus_crt.a(forkexit.o)
 .note.GNU-stack
                0x0000000000000000        0x0 ../lib/pegasus_crt.a(hd.o)
 .note.GNU-stack
                0x0000000000000000        0x0 ../lib/pegasus_crt.a(fs_main.o)

Memory Configuration

Name             Origin             Length             Attributes
*default*        0x0000000000000000 0xffffffffffffffff

Linker script and memory map

Address of section .text set to 0x1000
LOAD echo.o
LOAD start.o
LOAD ../lib/pegasus_crt.a
                [!provide]                        PROVIDE (__executable_start = SEGMENT_START ("text-segment", 0x8048000))
                0x0000000008048094                . = (SEGMENT_START ("text-segment", 0x8048000) + SIZEOF_HEADERS)

.interp
 *(.interp)

.note.gnu.build-id
 *(.note.gnu.build-id)

.hash
 *(.hash)

.gnu.hash
 *(.gnu.hash)

.dynsym
 *(.dynsym)

.dynstr
 *(.dynstr)

.gnu.version
 *(.gnu.version)

.gnu.version_d
 *(.gnu.version_d)

.gnu.version_r
 *(.gnu.version_r)

.rel.dyn        0x0000000008048094        0x0
 *(.rel.init)
 *(.rel.text .rel.text.* .rel.gnu.linkonce.t.*)
 .rel.text      0x0000000008048094        0x0 echo.o
 *(.rel.fini)
 *(.rel.rodata .rel.rodata.* .rel.gnu.linkonce.r.*)
 *(.rel.data.rel.ro .rel.data.rel.ro.* .rel.gnu.linkonce.d.rel.ro.*)
 *(.rel.data .rel.data.* .rel.gnu.linkonce.d.*)
 *(.rel.tdata .rel.tdata.* .rel.gnu.linkonce.td.*)
 *(.rel.tbss .rel.tbss.* .rel.gnu.linkonce.tb.*)
 *(.rel.ctors)
 *(.rel.dtors)
 *(.rel.got)
 .rel.got       0x0000000008048094        0x0 echo.o
 *(.rel.bss .rel.bss.* .rel.gnu.linkonce.b.*)
 *(.rel.ifunc)

.rel.plt        0x0000000008048094        0x0
 *(.rel.plt)
                [!provide]                        PROVIDE (__rel_iplt_start = .)
 *(.rel.iplt)
 .rel.iplt      0x0000000008048094        0x0 echo.o
                [!provide]                        PROVIDE (__rel_iplt_end = .)

.init
 *(SORT_NONE(.init))

.plt            0x0000000008048098        0x0
 *(.plt)
 *(.iplt)
 .iplt          0x0000000008048098        0x0 echo.o

.plt.got
 *(.plt.got)

.plt.sec
 *(.plt.sec)

.text           0x0000000000001000     0x6aeb
 *(.text.unlikely .text.*_unlikely .text.unlikely.*)
 *(.text.exit .text.exit.*)
 *(.text.startup .text.startup.*)
 *(.text.hot .text.hot.*)
 *(.text .stub .text.* .gnu.linkonce.t.*)
 .text          0x0000000000001000       0x6c echo.o
                0x0000000000001000                main
 *fill*         0x000000000000106c        0x4 
 .text          0x0000000000001070        0xe start.o
                0x0000000000001070                _start
 .text          0x000000000000107e     0x2100 ../lib/pegasus_crt.a(kernel_main.o)
                0x000000000000107e                untar
                0x00000000000011cd                atoi
                0x0000000000001273                disp_int
                0x000000000000129c                exception_handler
                0x000000000000143d                init_internal_interrupt
                0x00000000000015b2                test
                0x0000000000001707                disp_str_colour3
                0x000000000000170d                spurious_irq
                0x0000000000001786                kernel_main
                0x0000000000001af2                TestFS
                0x0000000000001c86                wait_exit
                0x0000000000001d29                INIT_fork
                0x0000000000001fda                INIT
                0x0000000000001fe8                TestA
                0x0000000000001fed                delay
                0x0000000000002034                TestB
                0x0000000000002063                TestC
                0x0000000000002096                sys_get_ticks
                0x00000000000020a0                sys_write
                0x00000000000020f1                milli_delay
                0x000000000000212d                TaskSys
                0x000000000000219a                Printf
                0x00000000000021f8                vsprintf
                0x00000000000023a4                printx
                0x00000000000023e7                sys_printx
                0x00000000000024c6                spin
                0x00000000000024cb                panic
                0x00000000000024e9                assertion_failure
                0x0000000000002520                dead_lock
                0x00000000000025b8                sys_send_msg
                0x000000000000291e                sys_receive_msg
                0x0000000000002df2                disp_str_colour_debug
                0x0000000000002df8                send_rec
                0x0000000000002ede                block
                0x0000000000002f1a                unblock
                0x0000000000002f51                get_ticks_ipc
                0x0000000000002f9c                itoa
                0x0000000000002ff2                i2a
                0x0000000000003058                inform_int
                0x000000000000310f                strcmp
 *fill*         0x000000000000317e        0x2 
 .text          0x0000000000003180       0x74 ../lib/pegasus_crt.a(syscall.o)
                0x0000000000003180                get_ticks
                0x0000000000003188                write2
                0x0000000000003198                write_debug
                0x00000000000031b8                send_msg
                0x00000000000031de                receive_msg
 .text          0x00000000000031f4        0x0 ../lib/pegasus_crt.a(global.o)
 .text          0x00000000000031f4      0x1e7 ../lib/pegasus_crt.a(process.o)
                0x00000000000031f4                check
                0x0000000000003269                schedule_process
                0x0000000000003317                clock_handler
                0x00000000000033a0                pid2proc
                0x00000000000033bc                proc2pid
 .text          0x00000000000033db      0x39e ../lib/pegasus_crt.a(protect.o)
                0x00000000000033db                InitDescriptor
                0x0000000000003448                Seg2PhyAddr
                0x0000000000003489                Seg2PhyAddrLDT
                0x00000000000034cd                VirAddr2PhyAddr
                0x00000000000034e3                v2l
                0x0000000000003528                init_propt
                0x0000000000003692                InitInterruptDesc
                0x00000000000036ee                ReloadGDT
 .text          0x0000000000003779      0xa27 ../lib/pegasus_crt.a(console.o)
                0x0000000000003779                select_console
                0x00000000000037b5                flush
                0x00000000000037ee                set_cursor
                0x000000000000384c                set_console_start_video_addr
                0x00000000000038aa                put_key
                0x0000000000003916                scroll_up
                0x0000000000003957                scroll_down
                0x00000000000039ca                out_char
                0x0000000000003b71                tty_dev_read
                0x0000000000003b9b                tty_dev_write
                0x0000000000003d96                tty_do_read
                0x0000000000003e27                tty_do_write
                0x0000000000003f73                init_screen
                0x0000000000004007                init_tty
                0x00000000000040a1                TaskTTY
 .text          0x00000000000041a0      0x407 ../lib/pegasus_crt.a(keyboard.o)
                0x00000000000041a0                keyboard_handler
                0x0000000000004222                read_from_keyboard_buf
                0x0000000000004282                keyboard_read
                0x0000000000004401                init_keyboard_handler
                0x0000000000004415                in_process
 .text          0x00000000000045a7       0x55 ../lib/pegasus_crt.a(open.o)
                0x00000000000045a7                open
 .text          0x00000000000045fc       0x37 ../lib/pegasus_crt.a(read.o)
                0x00000000000045fc                read
 .text          0x0000000000004633       0x37 ../lib/pegasus_crt.a(write.o)
                0x0000000000004633                write
 .text          0x000000000000466a       0x4c ../lib/pegasus_crt.a(close.o)
                0x000000000000466a                close
 .text          0x00000000000046b6       0x4a ../lib/pegasus_crt.a(exit.o)
                0x00000000000046b6                exit
 .text          0x0000000000004700       0x4c ../lib/pegasus_crt.a(fork.o)
                0x0000000000004700                fork
 .text          0x000000000000474c      0x11a ../lib/pegasus_crt.a(main.o)
                0x000000000000474c                TaskMM
                0x000000000000484f                alloc_mem
 .text          0x0000000000004866      0x275 ../lib/pegasus_crt.a(exec.o)
                0x0000000000004866                do_exec
 .text          0x0000000000004adb      0x46c ../lib/pegasus_crt.a(forkexit.o)
                0x0000000000004adb                do_fork
                0x0000000000004ce5                do_exit
                0x0000000000004e07                do_wait
                0x0000000000004ef3                cleanup
 *fill*         0x0000000000004f47        0x9 
 .text          0x0000000000004f50      0x3b6 ../lib/pegasus_crt.a(kernel.o)
                0x0000000000004fc5                InterruptTest
                0x0000000000004fd1                disp_str
                0x000000000000500c                disp_str_colour
                0x0000000000005048                divide_zero_fault
                0x000000000000504e                single_step_fault
                0x0000000000005054                non_maskable_interrupt
                0x000000000000505a                breakpoint_trap
                0x0000000000005060                overflow_trap
                0x0000000000005066                bound_range_exceeded_fault
                0x000000000000506c                invalid_opcode_fault
                0x0000000000005072                coprocessor_not_available_fault
                0x0000000000005078                double_fault_exception_abort
                0x000000000000507c                coprocessor_segment_overrun
                0x0000000000005082                invalid_task_state_segment_fault
                0x0000000000005086                segment_not_present_fault
                0x000000000000508a                stack_exception_fault
                0x000000000000508e                general_protection_exception_fault
                0x0000000000005092                page_fault
                0x0000000000005096                coprocessor_error_fault
                0x000000000000509c                align_check_fault
                0x00000000000050a0                simd_float_exception_fault
                0x00000000000050af                hwint0
                0x00000000000050f8                hwint1
                0x0000000000005141                hwint14
                0x000000000000518a                sys_call
                0x00000000000051d4                restart
                0x0000000000005218                in_byte
                0x0000000000005224                out_byte
                0x0000000000005246                disable_int
                0x0000000000005248                enable_int
                0x00000000000052de                enable_8259A_casecade_irq
                0x00000000000052e8                disable_8259A_casecade_irq
                0x00000000000052f2                enable_8259A_slave_winchester_irq
                0x00000000000052fc                disable_8259A_slave_winchester_irq
 .text          0x0000000000005306      0xbfe ../lib/pegasus_crt.a(hd.o)
                0x0000000000005306                TaskHD
                0x0000000000005318                init_hd
                0x0000000000005332                hd_handle
                0x00000000000053eb                hd_cmd_out
                0x00000000000054ed                hd_identify
                0x00000000000055a7                print_hdinfo
                0x0000000000005735                print_dpt_entry
                0x00000000000057a1                get_partition_table
                0x0000000000005882                partition
                0x0000000000005a9c                hd_open
                0x0000000000005aeb                get_hd_ioctl
                0x0000000000005b44                wait_for
                0x0000000000005b75                interrupt_wait
                0x0000000000005b91                hd_rdwt
                0x0000000000005d9a                hd_handler
                0x0000000000005dc6                waitfor
                0x0000000000005e17                print_hd_info
 .text          0x0000000000005f04     0x1be7 ../lib/pegasus_crt.a(fs_main.o)
                0x0000000000005f04                task_fs
                0x0000000000006040                rd_wt
                0x00000000000060e4                mkfs
                0x00000000000065ed                init_fs
                0x000000000000661c                do_open
                0x000000000000677a                search_file
                0x00000000000068a4                strip_path
                0x0000000000006952                get_inode
                0x0000000000006ade                create_file
                0x0000000000006bd0                alloc_imap_bit
                0x0000000000006ccd                alloc_smap_bit
                0x0000000000006e68                new_inode
                0x0000000000006f54                new_dir_entry
                0x0000000000007147                do_unlink
                0x000000000000761d                do_rdwt
                0x0000000000007934                sync_inode
                0x0000000000007a05                put_inode
                0x0000000000007a43                do_close
                0x0000000000007a95                get_super_block
 *(.gnu.warning)

.fini
 *(SORT_NONE(.fini))
                [!provide]                        PROVIDE (__etext = .)
                [!provide]                        PROVIDE (_etext = .)
                [!provide]                        PROVIDE (etext = .)

.rodata         0x0000000000007b00      0xa1b
 *(.rodata .rodata.* .gnu.linkonce.r.*)
 .rodata        0x0000000000007b00        0x8 echo.o
 *fill*         0x0000000000007b08       0x18 
 .rodata        0x0000000000007b20      0x64d ../lib/pegasus_crt.a(kernel_main.o)
 .rodata        0x000000000000816d        0x6 ../lib/pegasus_crt.a(process.o)
 .rodata        0x0000000000008173       0x24 ../lib/pegasus_crt.a(close.o)
 .rodata        0x0000000000008197       0x23 ../lib/pegasus_crt.a(exit.o)
 .rodata        0x00000000000081ba       0x1b ../lib/pegasus_crt.a(fork.o)
 .rodata        0x00000000000081d5       0x11 ../lib/pegasus_crt.a(main.o)
 *fill*         0x00000000000081e6        0x2 
 .rodata        0x00000000000081e8       0x37 ../lib/pegasus_crt.a(forkexit.o)
 .rodata        0x000000000000821f      0x10e ../lib/pegasus_crt.a(hd.o)
 *fill*         0x000000000000832d        0x3 
 .rodata        0x0000000000008330      0x1eb ../lib/pegasus_crt.a(fs_main.o)
                0x0000000000008330                FSBUF_SIZE

.txt            0x000000000000851b       0xaa
 .txt           0x000000000000851b       0x82 ../lib/pegasus_crt.a(string.o)
                0x000000000000851b                Memcpy
                0x0000000000008549                Memset
                0x0000000000008568                Strcpy
                0x0000000000008582                Strlen
 .txt           0x000000000000859d       0x28 ../lib/pegasus_crt.a(hd_rdwt.o)
                0x000000000000859d                read_port
                0x00000000000085b1                write_port

.rodata1
 *(.rodata1)

.eh_frame_hdr
 *(.eh_frame_hdr)
 *(.eh_frame_entry .eh_frame_entry.*)

.eh_frame       0x00000000000085c8      0xfe8
 *(.eh_frame)
 .eh_frame      0x00000000000085c8       0x4c echo.o
 .eh_frame      0x0000000000008614      0x500 ../lib/pegasus_crt.a(kernel_main.o)
                                        0x518 (size before relaxing)
 .eh_frame      0x0000000000008b14       0xa0 ../lib/pegasus_crt.a(process.o)
                                         0xb8 (size before relaxing)
 .eh_frame      0x0000000000008bb4      0x104 ../lib/pegasus_crt.a(protect.o)
                                        0x11c (size before relaxing)
 .eh_frame      0x0000000000008cb8      0x1e0 ../lib/pegasus_crt.a(console.o)
                                        0x1f8 (size before relaxing)
 .eh_frame      0x0000000000008e98       0xa0 ../lib/pegasus_crt.a(keyboard.o)
                                         0xb8 (size before relaxing)
 .eh_frame      0x0000000000008f38       0x20 ../lib/pegasus_crt.a(open.o)
                                         0x38 (size before relaxing)
 .eh_frame      0x0000000000008f58       0x20 ../lib/pegasus_crt.a(read.o)
                                         0x38 (size before relaxing)
 .eh_frame      0x0000000000008f78       0x20 ../lib/pegasus_crt.a(write.o)
                                         0x38 (size before relaxing)
 .eh_frame      0x0000000000008f98       0x20 ../lib/pegasus_crt.a(close.o)
                                         0x38 (size before relaxing)
 .eh_frame      0x0000000000008fb8       0x20 ../lib/pegasus_crt.a(exit.o)
                                         0x38 (size before relaxing)
 .eh_frame      0x0000000000008fd8       0x20 ../lib/pegasus_crt.a(fork.o)
                                         0x38 (size before relaxing)
 .eh_frame      0x0000000000008ff8       0x3c ../lib/pegasus_crt.a(main.o)
                                         0x54 (size before relaxing)
 .eh_frame      0x0000000000009034       0x2c ../lib/pegasus_crt.a(exec.o)
                                         0x44 (size before relaxing)
 .eh_frame      0x0000000000009060       0xac ../lib/pegasus_crt.a(forkexit.o)
                                         0xc4 (size before relaxing)
 .eh_frame      0x000000000000910c      0x228 ../lib/pegasus_crt.a(hd.o)
                                        0x240 (size before relaxing)
 .eh_frame      0x0000000000009334      0x27c ../lib/pegasus_crt.a(fs_main.o)
                                        0x294 (size before relaxing)
 *(.eh_frame.*)

.gcc_except_table
 *(.gcc_except_table .gcc_except_table.*)

.gnu_extab
 *(.gnu_extab*)

.exception_ranges
 *(.exception_ranges .exception_ranges*)
                0x000000000000b000                . = DATA_SEGMENT_ALIGN (CONSTANT (MAXPAGESIZE), CONSTANT (COMMONPAGESIZE))

.eh_frame
 *(.eh_frame)
 *(.eh_frame.*)

.gnu_extab
 *(.gnu_extab)

.gcc_except_table
 *(.gcc_except_table .gcc_except_table.*)

.exception_ranges
 *(.exception_ranges .exception_ranges*)

.tdata
 *(.tdata .tdata.* .gnu.linkonce.td.*)

.tbss
 *(.tbss .tbss.* .gnu.linkonce.tb.*)
 *(.tcommon)

.preinit_array  0x000000000000b000        0x0
                [!provide]                        PROVIDE (__preinit_array_start = .)
 *(.preinit_array)
                [!provide]                        PROVIDE (__preinit_array_end = .)

.init_array     0x000000000000b000        0x0
                [!provide]                        PROVIDE (__init_array_start = .)
 *(SORT_BY_INIT_PRIORITY(.init_array.*) SORT_BY_INIT_PRIORITY(.ctors.*))
 *(.init_array EXCLUDE_FILE(*crtend?.o *crtend.o *crtbegin?.o *crtbegin.o) .ctors)
                [!provide]                        PROVIDE (__init_array_end = .)

.fini_array     0x000000000000b000        0x0
                [!provide]                        PROVIDE (__fini_array_start = .)
 *(SORT_BY_INIT_PRIORITY(.fini_array.*) SORT_BY_INIT_PRIORITY(.dtors.*))
 *(.fini_array EXCLUDE_FILE(*crtend?.o *crtend.o *crtbegin?.o *crtbegin.o) .dtors)
                [!provide]                        PROVIDE (__fini_array_end = .)

.ctors
 *crtbegin.o(.ctors)
 *crtbegin?.o(.ctors)
 *(EXCLUDE_FILE(*crtend?.o *crtend.o) .ctors)
 *(SORT_BY_NAME(.ctors.*))
 *(.ctors)

.dtors
 *crtbegin.o(.dtors)
 *crtbegin?.o(.dtors)
 *(EXCLUDE_FILE(*crtend?.o *crtend.o) .dtors)
 *(SORT_BY_NAME(.dtors.*))
 *(.dtors)

.jcr
 *(.jcr)

.data.rel.ro
 *(.data.rel.ro.local* .gnu.linkonce.d.rel.ro.local.*)
 *(.data.rel.ro .data.rel.ro.* .gnu.linkonce.d.rel.ro.*)

.dynamic
 *(.dynamic)

.got            0x000000000000b000        0x0
 *(.got)
 .got           0x000000000000b000        0x0 echo.o
 *(.igot)
                0x000000000000b000                . = DATA_SEGMENT_RELRO_END (., (SIZEOF (.got.plt) >= 0xc)?0xc:0x0)

.got.plt        0x000000000000b000        0x0
 *(.got.plt)
 .got.plt       0x000000000000b000        0x0 echo.o
 *(.igot.plt)
 .igot.plt      0x000000000000b000        0x0 echo.o

.data           0x000000000000b000      0x6f8
 *(.data .data.* .gnu.linkonce.d.*)
 .data          0x000000000000b000        0x0 echo.o
 .data          0x000000000000b000        0x0 ../lib/pegasus_crt.a(kernel_main.o)
 .data          0x000000000000b000        0x0 ../lib/pegasus_crt.a(syscall.o)
 .data          0x000000000000b000       0xe0 ../lib/pegasus_crt.a(global.o)
                0x000000000000b000                user_task_table
                0x000000000000b040                sys_task_table
                0x000000000000b0cc                sys_call_table
 .data          0x000000000000b0e0        0x0 ../lib/pegasus_crt.a(process.o)
 .data          0x000000000000b0e0        0x0 ../lib/pegasus_crt.a(protect.o)
 .data          0x000000000000b0e0        0x0 ../lib/pegasus_crt.a(console.o)
 .data          0x000000000000b0e0      0x600 ../lib/pegasus_crt.a(keyboard.o)
                0x000000000000b0e0                keymap
 .data          0x000000000000b6e0        0x0 ../lib/pegasus_crt.a(open.o)
 .data          0x000000000000b6e0        0x0 ../lib/pegasus_crt.a(read.o)
 .data          0x000000000000b6e0        0x0 ../lib/pegasus_crt.a(write.o)
 .data          0x000000000000b6e0        0x0 ../lib/pegasus_crt.a(close.o)
 .data          0x000000000000b6e0        0x0 ../lib/pegasus_crt.a(exit.o)
 .data          0x000000000000b6e0        0x0 ../lib/pegasus_crt.a(fork.o)
 .data          0x000000000000b6e0        0x0 ../lib/pegasus_crt.a(main.o)
 .data          0x000000000000b6e0        0x0 ../lib/pegasus_crt.a(exec.o)
 .data          0x000000000000b6e0        0x0 ../lib/pegasus_crt.a(forkexit.o)
 .data          0x000000000000b6e0        0xf ../lib/pegasus_crt.a(kernel.o)
 .data          0x000000000000b6ef        0x0 ../lib/pegasus_crt.a(hd.o)
 *fill*         0x000000000000b6ef        0x1 
 .data          0x000000000000b6f0        0x8 ../lib/pegasus_crt.a(fs_main.o)
                0x000000000000b6f0                fsbuf
                0x000000000000b6f4                super_block_buf

.data1
 *(.data1)
                0x000000000000b6f8                _edata = .
                [!provide]                        PROVIDE (edata = .)
                0x000000000000b6f8                . = .
                0x000000000000b6f8                __bss_start = .

.bss            0x000000000000b700    0x15c9c
 *(.dynbss)
 *(.bss .bss.* .gnu.linkonce.b.*)
 .bss           0x000000000000b700        0x0 echo.o
 .bss           0x000000000000b700        0x0 ../lib/pegasus_crt.a(kernel_main.o)
 .bss           0x000000000000b700        0x0 ../lib/pegasus_crt.a(global.o)
 .bss           0x000000000000b700        0x0 ../lib/pegasus_crt.a(process.o)
 .bss           0x000000000000b700        0x0 ../lib/pegasus_crt.a(protect.o)
 .bss           0x000000000000b700        0x0 ../lib/pegasus_crt.a(console.o)
 .bss           0x000000000000b700        0x0 ../lib/pegasus_crt.a(keyboard.o)
 .bss           0x000000000000b700        0x0 ../lib/pegasus_crt.a(open.o)
 .bss           0x000000000000b700        0x0 ../lib/pegasus_crt.a(read.o)
 .bss           0x000000000000b700        0x0 ../lib/pegasus_crt.a(write.o)
 .bss           0x000000000000b700        0x0 ../lib/pegasus_crt.a(close.o)
 .bss           0x000000000000b700        0x0 ../lib/pegasus_crt.a(exit.o)
 .bss           0x000000000000b700        0x0 ../lib/pegasus_crt.a(fork.o)
 .bss           0x000000000000b700        0x0 ../lib/pegasus_crt.a(main.o)
 .bss           0x000000000000b700        0x0 ../lib/pegasus_crt.a(exec.o)
 .bss           0x000000000000b700        0x0 ../lib/pegasus_crt.a(forkexit.o)
 .bss           0x000000000000b700      0x800 ../lib/pegasus_crt.a(kernel.o)
 .bss           0x000000000000bf00        0x0 ../lib/pegasus_crt.a(hd.o)
 .bss           0x000000000000bf00        0x4 ../lib/pegasus_crt.a(fs_main.o)
                0x000000000000bf00                c
 *(COMMON)
 *fill*         0x000000000000bf04       0x1c 
 COMMON         0x000000000000bf20     0x27b1 ../lib/pegasus_crt.a(kernel_main.o)
                0x000000000000bf20                current_tty
                0x000000000000bf24                is_e0
                0x000000000000bf28                idt_ptr
                0x000000000000bf30                dis_pos
                0x000000000000bf34                k_reenter
                0x000000000000bf40                gdt
                0x000000000000c340                proc_ready_table
                0x000000000000c344                pcaller
                0x000000000000c360                keyboard_buffer
                0x000000000000c580                tty_table
                0x000000000000de00                tss
                0x000000000000de6c                counter
                0x000000000000de70                key_pressed
                0x000000000000de74                is_shift
                0x000000000000de78                gdt_ptr
                0x000000000000de80                idt
                0x000000000000e680                ticks
                0x000000000000e6a0                console_table
                0x000000000000e6d0                is_disp
 *fill*         0x000000000000e6d1        0xf 
 COMMON         0x000000000000e6e0    0x11f60 ../lib/pegasus_crt.a(global.o)
                0x000000000000e6e0                proc_stack
                0x000000000001c6e0                proc_table
 COMMON         0x0000000000020640      0x224 ../lib/pegasus_crt.a(hd.o)
                0x0000000000020640                hd_info
 *fill*         0x0000000000020864       0x1c 
 COMMON         0x0000000000020880      0xb1c ../lib/pegasus_crt.a(fs_main.o)
                0x0000000000020880                file_desc_table
                0x0000000000020c80                inode_table
                0x0000000000021380                root
                0x000000000002139c                . = ALIGN ((. != 0x0)?0x4:0x1)
                0x000000000002139c                . = ALIGN (0x4)
                0x000000000002139c                . = SEGMENT_START ("ldata-segment", .)
                0x000000000002139c                . = ALIGN (0x4)
                0x000000000002139c                _end = .
                [!provide]                        PROVIDE (end = .)
                0x000000000002139c                . = DATA_SEGMENT_END (.)

.stab
 *(.stab)

.stabstr
 *(.stabstr)

.stab.excl
 *(.stab.excl)

.stab.exclstr
 *(.stab.exclstr)

.stab.index
 *(.stab.index)

.stab.indexstr
 *(.stab.indexstr)

.comment        0x0000000000000000       0x2c
 *(.comment)
 .comment       0x0000000000000000       0x2c echo.o
                                         0x2d (size before relaxing)
 .comment       0x000000000000002c       0x2d ../lib/pegasus_crt.a(kernel_main.o)
 .comment       0x000000000000002c       0x2d ../lib/pegasus_crt.a(global.o)
 .comment       0x000000000000002c       0x2d ../lib/pegasus_crt.a(process.o)
 .comment       0x000000000000002c       0x2d ../lib/pegasus_crt.a(protect.o)
 .comment       0x000000000000002c       0x2d ../lib/pegasus_crt.a(console.o)
 .comment       0x000000000000002c       0x2d ../lib/pegasus_crt.a(keyboard.o)
 .comment       0x000000000000002c       0x2d ../lib/pegasus_crt.a(open.o)
 .comment       0x000000000000002c       0x2d ../lib/pegasus_crt.a(read.o)
 .comment       0x000000000000002c       0x2d ../lib/pegasus_crt.a(write.o)
 .comment       0x000000000000002c       0x2d ../lib/pegasus_crt.a(close.o)
 .comment       0x000000000000002c       0x2d ../lib/pegasus_crt.a(exit.o)
 .comment       0x000000000000002c       0x2d ../lib/pegasus_crt.a(fork.o)
 .comment       0x000000000000002c       0x2d ../lib/pegasus_crt.a(main.o)
 .comment       0x000000000000002c       0x2d ../lib/pegasus_crt.a(exec.o)
 .comment       0x000000000000002c       0x2d ../lib/pegasus_crt.a(forkexit.o)
 .comment       0x000000000000002c       0x2d ../lib/pegasus_crt.a(hd.o)
 .comment       0x000000000000002c       0x2d ../lib/pegasus_crt.a(fs_main.o)

.gnu.build.attributes
 *(.gnu.build.attributes .gnu.build.attributes.*)

.debug
 *(.debug)

.line
 *(.line)

.debug_srcinfo
 *(.debug_srcinfo)

.debug_sfnames
 *(.debug_sfnames)

.debug_aranges  0x0000000000000000      0x238
 *(.debug_aranges)
 .debug_aranges
                0x0000000000000000       0x20 echo.o
 .debug_aranges
                0x0000000000000020       0x20 ../lib/pegasus_crt.a(kernel_main.o)
 .debug_aranges
                0x0000000000000040       0x18 ../lib/pegasus_crt.a(global.o)
 .debug_aranges
                0x0000000000000058       0x20 ../lib/pegasus_crt.a(process.o)
 .debug_aranges
                0x0000000000000078       0x20 ../lib/pegasus_crt.a(protect.o)
 .debug_aranges
                0x0000000000000098       0x20 ../lib/pegasus_crt.a(console.o)
 .debug_aranges
                0x00000000000000b8       0x20 ../lib/pegasus_crt.a(keyboard.o)
 .debug_aranges
                0x00000000000000d8       0x20 ../lib/pegasus_crt.a(open.o)
 .debug_aranges
                0x00000000000000f8       0x20 ../lib/pegasus_crt.a(read.o)
 .debug_aranges
                0x0000000000000118       0x20 ../lib/pegasus_crt.a(write.o)
 .debug_aranges
                0x0000000000000138       0x20 ../lib/pegasus_crt.a(close.o)
 .debug_aranges
                0x0000000000000158       0x20 ../lib/pegasus_crt.a(exit.o)
 .debug_aranges
                0x0000000000000178       0x20 ../lib/pegasus_crt.a(fork.o)
 .debug_aranges
                0x0000000000000198       0x20 ../lib/pegasus_crt.a(main.o)
 .debug_aranges
                0x00000000000001b8       0x20 ../lib/pegasus_crt.a(exec.o)
 .debug_aranges
                0x00000000000001d8       0x20 ../lib/pegasus_crt.a(forkexit.o)
 .debug_aranges
                0x00000000000001f8       0x20 ../lib/pegasus_crt.a(hd.o)
 .debug_aranges
                0x0000000000000218       0x20 ../lib/pegasus_crt.a(fs_main.o)

.debug_pubnames
 *(.debug_pubnames)

.debug_info     0x0000000000000000     0xf395
 *(.debug_info .gnu.linkonce.wi.*)
 .debug_info    0x0000000000000000       0x90 echo.o
 .debug_info    0x0000000000000090     0x1d60 ../lib/pegasus_crt.a(kernel_main.o)
 .debug_info    0x0000000000001df0      0xb09 ../lib/pegasus_crt.a(global.o)
 .debug_info    0x00000000000028f9      0xbb9 ../lib/pegasus_crt.a(process.o)
 .debug_info    0x00000000000034b2      0xe16 ../lib/pegasus_crt.a(protect.o)
 .debug_info    0x00000000000042c8      0xe93 ../lib/pegasus_crt.a(console.o)
 .debug_info    0x000000000000515b      0xc67 ../lib/pegasus_crt.a(keyboard.o)
 .debug_info    0x0000000000005dc2      0xb1f ../lib/pegasus_crt.a(open.o)
 .debug_info    0x00000000000068e1      0xb20 ../lib/pegasus_crt.a(read.o)
 .debug_info    0x0000000000007401      0xb29 ../lib/pegasus_crt.a(write.o)
 .debug_info    0x0000000000007f2a      0xb00 ../lib/pegasus_crt.a(close.o)
 .debug_info    0x0000000000008a2a      0xafd ../lib/pegasus_crt.a(exit.o)
 .debug_info    0x0000000000009527      0xaf2 ../lib/pegasus_crt.a(fork.o)
 .debug_info    0x000000000000a019      0xaf6 ../lib/pegasus_crt.a(main.o)
 .debug_info    0x000000000000ab0f      0xd01 ../lib/pegasus_crt.a(exec.o)
 .debug_info    0x000000000000b810      0xd5d ../lib/pegasus_crt.a(forkexit.o)
 .debug_info    0x000000000000c56d     0x1347 ../lib/pegasus_crt.a(hd.o)
 .debug_info    0x000000000000d8b4     0x1ae1 ../lib/pegasus_crt.a(fs_main.o)

.debug_abbrev   0x0000000000000000     0x1fc2
 *(.debug_abbrev)
 .debug_abbrev  0x0000000000000000       0x7c echo.o
 .debug_abbrev  0x000000000000007c      0x34e ../lib/pegasus_crt.a(kernel_main.o)
 .debug_abbrev  0x00000000000003ca      0x12c ../lib/pegasus_crt.a(global.o)
 .debug_abbrev  0x00000000000004f6      0x1d6 ../lib/pegasus_crt.a(process.o)
 .debug_abbrev  0x00000000000006cc      0x1e7 ../lib/pegasus_crt.a(protect.o)
 .debug_abbrev  0x00000000000008b3      0x24e ../lib/pegasus_crt.a(console.o)
 .debug_abbrev  0x0000000000000b01      0x1d0 ../lib/pegasus_crt.a(keyboard.o)
 .debug_abbrev  0x0000000000000cd1      0x168 ../lib/pegasus_crt.a(open.o)
 .debug_abbrev  0x0000000000000e39      0x177 ../lib/pegasus_crt.a(read.o)
 .debug_abbrev  0x0000000000000fb0      0x177 ../lib/pegasus_crt.a(write.o)
 .debug_abbrev  0x0000000000001127      0x15f ../lib/pegasus_crt.a(close.o)
 .debug_abbrev  0x0000000000001286      0x15d ../lib/pegasus_crt.a(exit.o)
 .debug_abbrev  0x00000000000013e3      0x14c ../lib/pegasus_crt.a(fork.o)
 .debug_abbrev  0x000000000000152f      0x1b5 ../lib/pegasus_crt.a(main.o)
 .debug_abbrev  0x00000000000016e4      0x184 ../lib/pegasus_crt.a(exec.o)
 .debug_abbrev  0x0000000000001868      0x1db ../lib/pegasus_crt.a(forkexit.o)
 .debug_abbrev  0x0000000000001a43      0x2b6 ../lib/pegasus_crt.a(hd.o)
 .debug_abbrev  0x0000000000001cf9      0x2c9 ../lib/pegasus_crt.a(fs_main.o)

.debug_line     0x0000000000000000     0x2fb6
 *(.debug_line .debug_line.* .debug_line_end)
 .debug_line    0x0000000000000000       0x69 echo.o
 .debug_line    0x0000000000000069      0xb6a ../lib/pegasus_crt.a(kernel_main.o)
 .debug_line    0x0000000000000bd3       0x80 ../lib/pegasus_crt.a(global.o)
 .debug_line    0x0000000000000c53      0x1b6 ../lib/pegasus_crt.a(process.o)
 .debug_line    0x0000000000000e09      0x231 ../lib/pegasus_crt.a(protect.o)
 .debug_line    0x000000000000103a      0x4fe ../lib/pegasus_crt.a(console.o)
 .debug_line    0x0000000000001538      0x275 ../lib/pegasus_crt.a(keyboard.o)
 .debug_line    0x00000000000017ad       0xb0 ../lib/pegasus_crt.a(open.o)
 .debug_line    0x000000000000185d       0xa7 ../lib/pegasus_crt.a(read.o)
 .debug_line    0x0000000000001904       0xa8 ../lib/pegasus_crt.a(write.o)
 .debug_line    0x00000000000019ac       0xad ../lib/pegasus_crt.a(close.o)
 .debug_line    0x0000000000001a59       0xa9 ../lib/pegasus_crt.a(exit.o)
 .debug_line    0x0000000000001b02       0xaa ../lib/pegasus_crt.a(fork.o)
 .debug_line    0x0000000000001bac       0xdb ../lib/pegasus_crt.a(main.o)
 .debug_line    0x0000000000001c87      0x18c ../lib/pegasus_crt.a(exec.o)
 .debug_line    0x0000000000001e13      0x204 ../lib/pegasus_crt.a(forkexit.o)
 .debug_line    0x0000000000002017      0x50a ../lib/pegasus_crt.a(hd.o)
 .debug_line    0x0000000000002521      0xa95 ../lib/pegasus_crt.a(fs_main.o)

.debug_frame
 *(.debug_frame)

.debug_str      0x0000000000000000     0x1371
 *(.debug_str)
 .debug_str     0x0000000000000000       0x91 echo.o
                                         0x9b (size before relaxing)
 .debug_str     0x0000000000000091      0x6d8 ../lib/pegasus_crt.a(kernel_main.o)
                                        0x7dc (size before relaxing)
 .debug_str     0x0000000000000769        0x9 ../lib/pegasus_crt.a(global.o)
                                        0x3f0 (size before relaxing)
 .debug_str     0x0000000000000772       0x50 ../lib/pegasus_crt.a(process.o)
                                        0x437 (size before relaxing)
 .debug_str     0x00000000000007c2      0x102 ../lib/pegasus_crt.a(protect.o)
                                        0x520 (size before relaxing)
 .debug_str     0x00000000000008c4      0x103 ../lib/pegasus_crt.a(console.o)
                                        0x4f6 (size before relaxing)
 .debug_str     0x00000000000009c7       0x84 ../lib/pegasus_crt.a(keyboard.o)
                                        0x47c (size before relaxing)
 .debug_str     0x0000000000000a4b       0x14 ../lib/pegasus_crt.a(open.o)
                                        0x406 (size before relaxing)
 .debug_str     0x0000000000000a5f        0xb ../lib/pegasus_crt.a(read.o)
                                        0x3fd (size before relaxing)
 .debug_str     0x0000000000000a6a        0xc ../lib/pegasus_crt.a(write.o)
                                        0x3ff (size before relaxing)
 .debug_str     0x0000000000000a76        0xc ../lib/pegasus_crt.a(close.o)
                                        0x3f9 (size before relaxing)
 .debug_str     0x0000000000000a82        0xb ../lib/pegasus_crt.a(exit.o)
                                        0x3fe (size before relaxing)
 .debug_str     0x0000000000000a8d        0xb ../lib/pegasus_crt.a(fork.o)
                                        0x3f7 (size before relaxing)
 .debug_str     0x0000000000000a98       0x3a ../lib/pegasus_crt.a(main.o)
                                        0x3eb (size before relaxing)
 .debug_str     0x0000000000000ad2      0x159 ../lib/pegasus_crt.a(exec.o)
                                        0x530 (size before relaxing)
 .debug_str     0x0000000000000c2b       0x9e ../lib/pegasus_crt.a(forkexit.o)
                                        0x4a9 (size before relaxing)
 .debug_str     0x0000000000000cc9      0x29a ../lib/pegasus_crt.a(hd.o)
                                        0x6e3 (size before relaxing)
 .debug_str     0x0000000000000f63      0x40e ../lib/pegasus_crt.a(fs_main.o)
                                        0x878 (size before relaxing)

.debug_loc
 *(.debug_loc)

.debug_macinfo
 *(.debug_macinfo)

.debug_weaknames
 *(.debug_weaknames)

.debug_funcnames
 *(.debug_funcnames)

.debug_typenames
 *(.debug_typenames)

.debug_varnames
 *(.debug_varnames)

.debug_pubtypes
 *(.debug_pubtypes)

.debug_ranges   0x0000000000000000       0x90
 *(.debug_ranges)
 .debug_ranges  0x0000000000000000       0x30 ../lib/pegasus_crt.a(kernel_main.o)
 .debug_ranges  0x0000000000000030       0x48 ../lib/pegasus_crt.a(hd.o)
 .debug_ranges  0x0000000000000078       0x18 ../lib/pegasus_crt.a(fs_main.o)

.debug_macro
 *(.debug_macro)

.debug_addr
 *(.debug_addr)

.gnu.attributes
 *(.gnu.attributes)

/DISCARD/
 *(.note.GNU-stack)
 *(.gnu_debuglink)
 *(.gnu.lto_*)
 *(.gnu_object_only)
OUTPUT(echo elf32-i386)
