Archive member included to satisfy reference by file (symbol)

../lib/pegasus_crt.a(kernel_main.o)
                              test.o (Printf)
../lib/pegasus_crt.a(syscall.o)
                              ../lib/pegasus_crt.a(kernel_main.o) (write_debug)
../lib/pegasus_crt.a(global.o)
                              ../lib/pegasus_crt.a(kernel_main.o) (proc_table)
../lib/pegasus_crt.a(process.o)
                              ../lib/pegasus_crt.a(kernel_main.o) (schedule_process)
../lib/pegasus_crt.a(protect.o)
                              ../lib/pegasus_crt.a(kernel_main.o) (InitDescriptor)
../lib/pegasus_crt.a(console.o)
                              ../lib/pegasus_crt.a(kernel_main.o) (out_char)
../lib/pegasus_crt.a(keyboard.o)
                              ../lib/pegasus_crt.a(console.o) (keyboard_read)
../lib/pegasus_crt.a(open.o)  ../lib/pegasus_crt.a(kernel_main.o) (open)
../lib/pegasus_crt.a(read.o)  ../lib/pegasus_crt.a(kernel_main.o) (read)
../lib/pegasus_crt.a(write.o)
                              ../lib/pegasus_crt.a(kernel_main.o) (write)
../lib/pegasus_crt.a(close.o)
                              ../lib/pegasus_crt.a(kernel_main.o) (close)
../lib/pegasus_crt.a(wait.o)  ../lib/pegasus_crt.a(kernel_main.o) (wait)
../lib/pegasus_crt.a(exit.o)  start.o (exit)
../lib/pegasus_crt.a(fork.o)  ../lib/pegasus_crt.a(kernel_main.o) (fork)
../lib/pegasus_crt.a(exec.o)  ../lib/pegasus_crt.a(kernel_main.o) (execv)
../lib/pegasus_crt.a(main.o)  ../lib/pegasus_crt.a(global.o) (TaskMM)
../lib/pegasus_crt.a(exec.o)  ../lib/pegasus_crt.a(main.o) (do_exec)
../lib/pegasus_crt.a(forkexit.o)
                              ../lib/pegasus_crt.a(main.o) (do_fork)
../lib/pegasus_crt.a(kernel.o)
                              ../lib/pegasus_crt.a(kernel_main.o) (disp_str)
../lib/pegasus_crt.a(string.o)
                              ../lib/pegasus_crt.a(kernel_main.o) (Memcpy)
../lib/pegasus_crt.a(hd.o)    ../lib/pegasus_crt.a(global.o) (TaskHD)
../lib/pegasus_crt.a(fs_main.o)
                              ../lib/pegasus_crt.a(global.o) (task_fs)
../lib/pegasus_crt.a(hd_rdwt.o)
                              ../lib/pegasus_crt.a(hd.o) (read_port)

Allocating common symbols
Common symbol       size              file

current_tty         0x4               ../lib/pegasus_crt.a(kernel_main.o)
file_desc_table     0x400             ../lib/pegasus_crt.a(fs_main.o)
is_e0               0x1               ../lib/pegasus_crt.a(kernel_main.o)
idt_ptr             0x6               ../lib/pegasus_crt.a(kernel_main.o)
inode_table         0xa00             ../lib/pegasus_crt.a(fs_main.o)
dis_pos             0x4               ../lib/pegasus_crt.a(kernel_main.o)
k_reenter           0x4               ../lib/pegasus_crt.a(kernel_main.o)
gdt                 0x400             ../lib/pegasus_crt.a(kernel_main.o)
proc_ready_table    0x4               ../lib/pegasus_crt.a(kernel_main.o)
hd_info             0x224             ../lib/pegasus_crt.a(hd.o)
proc_stack          0x70000           ../lib/pegasus_crt.a(global.o)
pcaller             0x4               ../lib/pegasus_crt.a(kernel_main.o)
keyboard_buffer     0x20c             ../lib/pegasus_crt.a(kernel_main.o)
tty_table           0x186c            ../lib/pegasus_crt.a(kernel_main.o)
tss                 0x6c              ../lib/pegasus_crt.a(kernel_main.o)
root                0x28              ../lib/pegasus_crt.a(fs_main.o)
counter             0x4               ../lib/pegasus_crt.a(kernel_main.o)
key_pressed         0x4               ../lib/pegasus_crt.a(kernel_main.o)
is_shift            0x1               ../lib/pegasus_crt.a(kernel_main.o)
gdt_ptr             0x6               ../lib/pegasus_crt.a(kernel_main.o)
idt                 0x800             ../lib/pegasus_crt.a(kernel_main.o)
ticks               0x4               ../lib/pegasus_crt.a(kernel_main.o)
console_table       0x30              ../lib/pegasus_crt.a(kernel_main.o)
is_disp             0x1               ../lib/pegasus_crt.a(kernel_main.o)
proc_table          0x3f60            ../lib/pegasus_crt.a(global.o)
hd_cache            0x200             ../lib/pegasus_crt.a(hd.o)

Discarded input sections

 .note.GNU-stack
                0x0000000000000000        0x0 test.o
 .note.GNU-stack
                0x0000000000000000        0x0 ../lib/pegasus_crt.a(kernel_main.o)
 .note.GNU-stack
                0x0000000000000000        0x0 ../lib/pegasus_crt.a(global.o)
 .note.GNU-stack
                0x0000000000000000        0x0 ../lib/pegasus_crt.a(process.o)
 .note.GNU-stack
                0x0000000000000000        0x0 ../lib/pegasus_crt.a(protect.o)
 .note.GNU-stack
                0x0000000000000000        0x0 ../lib/pegasus_crt.a(console.o)
 .note.GNU-stack
                0x0000000000000000        0x0 ../lib/pegasus_crt.a(keyboard.o)
 .note.GNU-stack
                0x0000000000000000        0x0 ../lib/pegasus_crt.a(open.o)
 .note.GNU-stack
                0x0000000000000000        0x0 ../lib/pegasus_crt.a(read.o)
 .note.GNU-stack
                0x0000000000000000        0x0 ../lib/pegasus_crt.a(write.o)
 .note.GNU-stack
                0x0000000000000000        0x0 ../lib/pegasus_crt.a(close.o)
 .note.GNU-stack
                0x0000000000000000        0x0 ../lib/pegasus_crt.a(wait.o)
 .note.GNU-stack
                0x0000000000000000        0x0 ../lib/pegasus_crt.a(exit.o)
 .note.GNU-stack
                0x0000000000000000        0x0 ../lib/pegasus_crt.a(fork.o)
 .note.GNU-stack
                0x0000000000000000        0x0 ../lib/pegasus_crt.a(exec.o)
 .note.GNU-stack
                0x0000000000000000        0x0 ../lib/pegasus_crt.a(main.o)
 .note.GNU-stack
                0x0000000000000000        0x0 ../lib/pegasus_crt.a(exec.o)
 .note.GNU-stack
                0x0000000000000000        0x0 ../lib/pegasus_crt.a(forkexit.o)
 .note.GNU-stack
                0x0000000000000000        0x0 ../lib/pegasus_crt.a(hd.o)
 .note.GNU-stack
                0x0000000000000000        0x0 ../lib/pegasus_crt.a(fs_main.o)

Memory Configuration

Name             Origin             Length             Attributes
*default*        0x0000000000000000 0xffffffffffffffff

Linker script and memory map

Address of section .text set to 0x1000
LOAD test.o
LOAD start.o
LOAD ../lib/pegasus_crt.a
                [!provide]                        PROVIDE (__executable_start = SEGMENT_START ("text-segment", 0x8048000))
                0x0000000008048094                . = (SEGMENT_START ("text-segment", 0x8048000) + SIZEOF_HEADERS)

.interp
 *(.interp)

.note.gnu.build-id
 *(.note.gnu.build-id)

.hash
 *(.hash)

.gnu.hash
 *(.gnu.hash)

.dynsym
 *(.dynsym)

.dynstr
 *(.dynstr)

.gnu.version
 *(.gnu.version)

.gnu.version_d
 *(.gnu.version_d)

.gnu.version_r
 *(.gnu.version_r)

.rel.dyn        0x0000000008048094        0x0
 *(.rel.init)
 *(.rel.text .rel.text.* .rel.gnu.linkonce.t.*)
 .rel.text      0x0000000008048094        0x0 test.o
 *(.rel.fini)
 *(.rel.rodata .rel.rodata.* .rel.gnu.linkonce.r.*)
 *(.rel.data.rel.ro .rel.data.rel.ro.* .rel.gnu.linkonce.d.rel.ro.*)
 *(.rel.data .rel.data.* .rel.gnu.linkonce.d.*)
 *(.rel.tdata .rel.tdata.* .rel.gnu.linkonce.td.*)
 *(.rel.tbss .rel.tbss.* .rel.gnu.linkonce.tb.*)
 *(.rel.ctors)
 *(.rel.dtors)
 *(.rel.got)
 .rel.got       0x0000000008048094        0x0 test.o
 *(.rel.bss .rel.bss.* .rel.gnu.linkonce.b.*)
 *(.rel.ifunc)

.rel.plt        0x0000000008048094        0x0
 *(.rel.plt)
                [!provide]                        PROVIDE (__rel_iplt_start = .)
 *(.rel.iplt)
 .rel.iplt      0x0000000008048094        0x0 test.o
                [!provide]                        PROVIDE (__rel_iplt_end = .)

.init
 *(SORT_NONE(.init))

.plt            0x0000000008048098        0x0
 *(.plt)
 *(.iplt)
 .iplt          0x0000000008048098        0x0 test.o

.plt.got
 *(.plt.got)

.plt.sec
 *(.plt.sec)

.text           0x0000000000001000     0x7757
 *(.text.unlikely .text.*_unlikely .text.unlikely.*)
 *(.text.exit .text.exit.*)
 *(.text.startup .text.startup.*)
 *(.text.hot .text.hot.*)
 *(.text .stub .text.* .gnu.linkonce.t.*)
 .text          0x0000000000001000       0x3e test.o
                0x0000000000001000                main
 *fill*         0x000000000000103e        0x2 
 .text          0x0000000000001040       0x10 start.o
                0x0000000000001040                _start
 .text          0x0000000000001050     0x27b2 ../lib/pegasus_crt.a(kernel_main.o)
                0x0000000000001050                untar
                0x000000000000125a                atoi
                0x0000000000001300                disp_int
                0x0000000000001329                exception_handler
                0x00000000000014ca                init_internal_interrupt
                0x000000000000163f                test
                0x0000000000001675                disp_str_colour3
                0x000000000000167b                spurious_irq
                0x00000000000016f4                kernel_main
                0x0000000000001a8e                TestFS
                0x0000000000001e62                wait_exit
                0x0000000000001f30                INIT_fork
                0x0000000000002220                simple_shell
                0x00000000000023f7                test_split_str
                0x0000000000002584                test_shell
                0x0000000000002662                test_exec
                0x000000000000272a                INIT
                0x0000000000002737                TestA
                0x000000000000273c                delay
                0x0000000000002783                TestB
                0x00000000000027b2                TestC
                0x00000000000027e5                sys_get_ticks
                0x00000000000027ef                sys_write
                0x0000000000002840                milli_delay
                0x000000000000287c                TaskSys
                0x00000000000028e9                Printf
                0x0000000000002947                vsprintf
                0x0000000000002af3                printx
                0x0000000000002b36                sys_printx
                0x0000000000002c15                spin
                0x0000000000002c1a                panic
                0x0000000000002c38                assertion_failure
                0x0000000000002c6f                dead_lock
                0x0000000000002c79                sys_send_msg
                0x0000000000002fdf                sys_receive_msg
                0x000000000000349e                disp_str_colour_debug
                0x00000000000034a4                send_rec
                0x000000000000358a                block
                0x000000000000359c                unblock
                0x00000000000035d3                get_ticks_ipc
                0x000000000000361e                itoa
                0x0000000000003674                i2a
                0x00000000000036da                inform_int
                0x0000000000003793                strcmp
 *fill*         0x0000000000003802        0xe 
 .text          0x0000000000003810       0x74 ../lib/pegasus_crt.a(syscall.o)
                0x0000000000003810                get_ticks
                0x0000000000003818                write2
                0x0000000000003828                write_debug
                0x0000000000003848                send_msg
                0x000000000000386e                receive_msg
 .text          0x0000000000003884        0x0 ../lib/pegasus_crt.a(global.o)
 .text          0x0000000000003884      0x1e7 ../lib/pegasus_crt.a(process.o)
                0x0000000000003884                check
                0x00000000000038f9                schedule_process
                0x00000000000039a7                clock_handler
                0x0000000000003a30                pid2proc
                0x0000000000003a4c                proc2pid
 .text          0x0000000000003a6b      0x39c ../lib/pegasus_crt.a(protect.o)
                0x0000000000003a6b                InitDescriptor
                0x0000000000003ad8                Seg2PhyAddr
                0x0000000000003b19                Seg2PhyAddrLDT
                0x0000000000003b5d                VirAddr2PhyAddr
                0x0000000000003b73                v2l
                0x0000000000003bb6                init_propt
                0x0000000000003d20                InitInterruptDesc
                0x0000000000003d7c                ReloadGDT
 .text          0x0000000000003e07      0xa2c ../lib/pegasus_crt.a(console.o)
                0x0000000000003e07                select_console
                0x0000000000003e43                flush
                0x0000000000003e7c                set_cursor
                0x0000000000003eda                set_console_start_video_addr
                0x0000000000003f38                put_key
                0x0000000000003fa4                scroll_up
                0x0000000000003fe6                scroll_down
                0x0000000000004051                out_char
                0x00000000000041f8                tty_dev_read
                0x0000000000004222                tty_dev_write
                0x0000000000004429                tty_do_read
                0x00000000000044ba                tty_do_write
                0x0000000000004606                init_screen
                0x000000000000469a                init_tty
                0x0000000000004734                TaskTTY
 .text          0x0000000000004833      0x407 ../lib/pegasus_crt.a(keyboard.o)
                0x0000000000004833                keyboard_handler
                0x00000000000048b5                read_from_keyboard_buf
                0x0000000000004915                keyboard_read
                0x0000000000004a94                init_keyboard_handler
                0x0000000000004aa8                in_process
 .text          0x0000000000004c3a       0x55 ../lib/pegasus_crt.a(open.o)
                0x0000000000004c3a                open
 .text          0x0000000000004c8f       0x37 ../lib/pegasus_crt.a(read.o)
                0x0000000000004c8f                read
 .text          0x0000000000004cc6       0x37 ../lib/pegasus_crt.a(write.o)
                0x0000000000004cc6                write
 .text          0x0000000000004cfd       0x4c ../lib/pegasus_crt.a(close.o)
                0x0000000000004cfd                close
 .text          0x0000000000004d49       0x3e ../lib/pegasus_crt.a(wait.o)
                0x0000000000004d49                wait
 .text          0x0000000000004d87       0x29 ../lib/pegasus_crt.a(exit.o)
                0x0000000000004d87                exit
 .text          0x0000000000004db0       0x5f ../lib/pegasus_crt.a(fork.o)
                0x0000000000004db0                fork
 .text          0x0000000000004e0f      0x235 ../lib/pegasus_crt.a(exec.o)
                0x0000000000004e0f                exec
                0x0000000000004e7a                execv
                0x000000000000501f                execl
 .text          0x0000000000005044      0x130 ../lib/pegasus_crt.a(main.o)
                0x0000000000005044                TaskMM
                0x0000000000005155                alloc_mem
 .text          0x0000000000005174      0x344 ../lib/pegasus_crt.a(exec.o)
                0x0000000000005174                do_exec2
                0x0000000000005188                do_exec
 .text          0x00000000000054b8      0x424 ../lib/pegasus_crt.a(forkexit.o)
                0x00000000000054b8                do_fork
                0x00000000000056c2                do_exit
                0x00000000000057be                do_wait
                0x0000000000005888                cleanup
 *fill*         0x00000000000058dc        0x4 
 .text          0x00000000000058e0      0x341 ../lib/pegasus_crt.a(kernel.o)
                0x00000000000058e0                InterruptTest
                0x00000000000058ec                disp_str
                0x0000000000005927                disp_str_colour
                0x0000000000005963                divide_zero_fault
                0x0000000000005969                single_step_fault
                0x000000000000596f                non_maskable_interrupt
                0x0000000000005975                breakpoint_trap
                0x000000000000597b                overflow_trap
                0x0000000000005981                bound_range_exceeded_fault
                0x0000000000005987                invalid_opcode_fault
                0x000000000000598d                coprocessor_not_available_fault
                0x0000000000005993                double_fault_exception_abort
                0x0000000000005997                coprocessor_segment_overrun
                0x000000000000599d                invalid_task_state_segment_fault
                0x00000000000059a1                segment_not_present_fault
                0x00000000000059a5                stack_exception_fault
                0x00000000000059a9                general_protection_exception_fault
                0x00000000000059ad                page_fault
                0x00000000000059b1                coprocessor_error_fault
                0x00000000000059b7                align_check_fault
                0x00000000000059bb                simd_float_exception_fault
                0x00000000000059ca                hwint0
                0x0000000000005a13                hwint1
                0x0000000000005a5c                hwint14
                0x0000000000005aa5                sys_call
                0x0000000000005aef                restart
                0x0000000000005b33                in_byte
                0x0000000000005b3f                out_byte
                0x0000000000005b61                disable_int
                0x0000000000005b63                enable_int
                0x0000000000005bf9                enable_8259A_casecade_irq
                0x0000000000005c03                disable_8259A_casecade_irq
                0x0000000000005c0d                enable_8259A_slave_winchester_irq
                0x0000000000005c17                disable_8259A_slave_winchester_irq
 .text          0x0000000000005c21      0xc6e ../lib/pegasus_crt.a(hd.o)
                0x0000000000005c21                TaskHD
                0x0000000000005c33                init_hd
                0x0000000000005c4d                hd_handle
                0x0000000000005d12                hd_cmd_out
                0x0000000000005e14                hd_identify
                0x0000000000005ece                print_hdinfo
                0x000000000000605c                print_dpt_entry
                0x00000000000060c8                get_partition_table
                0x00000000000061a9                partition
                0x00000000000063c3                hd_open
                0x0000000000006412                get_hd_ioctl
                0x000000000000646b                wait_for
                0x000000000000649c                interrupt_wait
                0x00000000000064bb                hd_rdwt
                0x00000000000066ed                hd_handler
                0x0000000000006719                waitfor
                0x000000000000676a                print_hd_info
                0x0000000000006857                is_empty
 .text          0x000000000000688f     0x1ec8 ../lib/pegasus_crt.a(fs_main.o)
                0x000000000000688f                task_fs
                0x00000000000069ca                rd_wt
                0x0000000000006a6e                mkfs
                0x000000000000702e                init_fs
                0x000000000000705d                do_open
                0x000000000000723e                search_file
                0x000000000000736e                strip_path
                0x000000000000743a                get_inode
                0x00000000000075fc                create_file
                0x0000000000007707                alloc_imap_bit
                0x0000000000007804                alloc_smap_bit
                0x00000000000079a5                new_inode
                0x0000000000007ac3                new_dir_entry
                0x0000000000007ccb                do_unlink
                0x000000000000819b                do_rdwt
                0x000000000000850b                sync_inode
                0x000000000000865f                put_inode
                0x000000000000869d                do_close
                0x00000000000086ef                get_super_block
 *(.gnu.warning)

.fini
 *(SORT_NONE(.fini))
                [!provide]                        PROVIDE (__etext = .)
                [!provide]                        PROVIDE (_etext = .)
                [!provide]                        PROVIDE (etext = .)

.rodata         0x0000000000008760      0xa0b
 *(.rodata .rodata.* .gnu.linkonce.r.*)
 .rodata        0x0000000000008760       0x10 test.o
 *fill*         0x0000000000008770       0x10 
 .rodata        0x0000000000008780      0x6a9 ../lib/pegasus_crt.a(kernel_main.o)
 .rodata        0x0000000000008e29        0x6 ../lib/pegasus_crt.a(process.o)
 .rodata        0x0000000000008e2f       0x24 ../lib/pegasus_crt.a(close.o)
 .rodata        0x0000000000008e53       0x1b ../lib/pegasus_crt.a(fork.o)
 .rodata        0x0000000000008e6e       0x31 ../lib/pegasus_crt.a(exec.o)
 .rodata        0x0000000000008e9f       0x11 ../lib/pegasus_crt.a(main.o)
 .rodata        0x0000000000008eb0       0x37 ../lib/pegasus_crt.a(forkexit.o)
 .rodata        0x0000000000008ee7      0x10e ../lib/pegasus_crt.a(hd.o)
 *fill*         0x0000000000008ff5        0x3 
 .rodata        0x0000000000008ff8      0x173 ../lib/pegasus_crt.a(fs_main.o)
                0x0000000000008ff8                FSBUF_SIZE

.txt            0x000000000000916b       0xaa
 .txt           0x000000000000916b       0x82 ../lib/pegasus_crt.a(string.o)
                0x000000000000916b                Memcpy
                0x0000000000009199                Memset
                0x00000000000091b8                Strcpy
                0x00000000000091d2                Strlen
 .txt           0x00000000000091ed       0x28 ../lib/pegasus_crt.a(hd_rdwt.o)
                0x00000000000091ed                read_port
                0x0000000000009201                write_port

.rodata1
 *(.rodata1)

.eh_frame_hdr
 *(.eh_frame_hdr)
 *(.eh_frame_entry .eh_frame_entry.*)

.eh_frame       0x0000000000009218     0x1104
 *(.eh_frame)
 .eh_frame      0x0000000000009218       0x44 test.o
 .eh_frame      0x000000000000925c      0x574 ../lib/pegasus_crt.a(kernel_main.o)
                                        0x58c (size before relaxing)
 .eh_frame      0x00000000000097d0       0xa0 ../lib/pegasus_crt.a(process.o)
                                         0xb8 (size before relaxing)
 .eh_frame      0x0000000000009870      0x104 ../lib/pegasus_crt.a(protect.o)
                                        0x11c (size before relaxing)
 .eh_frame      0x0000000000009974      0x1e0 ../lib/pegasus_crt.a(console.o)
                                        0x1f8 (size before relaxing)
 .eh_frame      0x0000000000009b54       0xa0 ../lib/pegasus_crt.a(keyboard.o)
                                         0xb8 (size before relaxing)
 .eh_frame      0x0000000000009bf4       0x20 ../lib/pegasus_crt.a(open.o)
                                         0x38 (size before relaxing)
 .eh_frame      0x0000000000009c14       0x20 ../lib/pegasus_crt.a(read.o)
                                         0x38 (size before relaxing)
 .eh_frame      0x0000000000009c34       0x20 ../lib/pegasus_crt.a(write.o)
                                         0x38 (size before relaxing)
 .eh_frame      0x0000000000009c54       0x20 ../lib/pegasus_crt.a(close.o)
                                         0x38 (size before relaxing)
 .eh_frame      0x0000000000009c74       0x20 ../lib/pegasus_crt.a(wait.o)
                                         0x38 (size before relaxing)
 .eh_frame      0x0000000000009c94       0x20 ../lib/pegasus_crt.a(exit.o)
                                         0x38 (size before relaxing)
 .eh_frame      0x0000000000009cb4       0x20 ../lib/pegasus_crt.a(fork.o)
                                         0x38 (size before relaxing)
 .eh_frame      0x0000000000009cd4       0x64 ../lib/pegasus_crt.a(exec.o)
                                         0x7c (size before relaxing)
 .eh_frame      0x0000000000009d38       0x3c ../lib/pegasus_crt.a(main.o)
                                         0x54 (size before relaxing)
 .eh_frame      0x0000000000009d74       0x4c ../lib/pegasus_crt.a(exec.o)
                                         0x64 (size before relaxing)
 .eh_frame      0x0000000000009dc0       0x90 ../lib/pegasus_crt.a(forkexit.o)
                                         0xa8 (size before relaxing)
 .eh_frame      0x0000000000009e50      0x244 ../lib/pegasus_crt.a(hd.o)
                                        0x25c (size before relaxing)
 .eh_frame      0x000000000000a094      0x288 ../lib/pegasus_crt.a(fs_main.o)
                                        0x2a0 (size before relaxing)
 *(.eh_frame.*)

.gcc_except_table
 *(.gcc_except_table .gcc_except_table.*)

.gnu_extab
 *(.gnu_extab*)

.exception_ranges
 *(.exception_ranges .exception_ranges*)
                0x000000000000c000                . = DATA_SEGMENT_ALIGN (CONSTANT (MAXPAGESIZE), CONSTANT (COMMONPAGESIZE))

.eh_frame
 *(.eh_frame)
 *(.eh_frame.*)

.gnu_extab
 *(.gnu_extab)

.gcc_except_table
 *(.gcc_except_table .gcc_except_table.*)

.exception_ranges
 *(.exception_ranges .exception_ranges*)

.tdata
 *(.tdata .tdata.* .gnu.linkonce.td.*)

.tbss
 *(.tbss .tbss.* .gnu.linkonce.tb.*)
 *(.tcommon)

.preinit_array  0x000000000000c000        0x0
                [!provide]                        PROVIDE (__preinit_array_start = .)
 *(.preinit_array)
                [!provide]                        PROVIDE (__preinit_array_end = .)

.init_array     0x000000000000c000        0x0
                [!provide]                        PROVIDE (__init_array_start = .)
 *(SORT_BY_INIT_PRIORITY(.init_array.*) SORT_BY_INIT_PRIORITY(.ctors.*))
 *(.init_array EXCLUDE_FILE(*crtend?.o *crtend.o *crtbegin?.o *crtbegin.o) .ctors)
                [!provide]                        PROVIDE (__init_array_end = .)

.fini_array     0x000000000000c000        0x0
                [!provide]                        PROVIDE (__fini_array_start = .)
 *(SORT_BY_INIT_PRIORITY(.fini_array.*) SORT_BY_INIT_PRIORITY(.dtors.*))
 *(.fini_array EXCLUDE_FILE(*crtend?.o *crtend.o *crtbegin?.o *crtbegin.o) .dtors)
                [!provide]                        PROVIDE (__fini_array_end = .)

.ctors
 *crtbegin.o(.ctors)
 *crtbegin?.o(.ctors)
 *(EXCLUDE_FILE(*crtend?.o *crtend.o) .ctors)
 *(SORT_BY_NAME(.ctors.*))
 *(.ctors)

.dtors
 *crtbegin.o(.dtors)
 *crtbegin?.o(.dtors)
 *(EXCLUDE_FILE(*crtend?.o *crtend.o) .dtors)
 *(SORT_BY_NAME(.dtors.*))
 *(.dtors)

.jcr
 *(.jcr)

.data.rel.ro
 *(.data.rel.ro.local* .gnu.linkonce.d.rel.ro.local.*)
 *(.data.rel.ro .data.rel.ro.* .gnu.linkonce.d.rel.ro.*)

.dynamic
 *(.dynamic)

.got            0x000000000000c000        0x0
 *(.got)
 .got           0x000000000000c000        0x0 test.o
 *(.igot)
                0x000000000000c000                . = DATA_SEGMENT_RELRO_END (., (SIZEOF (.got.plt) >= 0xc)?0xc:0x0)

.got.plt        0x000000000000c000        0x0
 *(.got.plt)
 .got.plt       0x000000000000c000        0x0 test.o
 *(.igot.plt)
 .igot.plt      0x000000000000c000        0x0 test.o

.data           0x000000000000c000      0x6f8
 *(.data .data.* .gnu.linkonce.d.*)
 .data          0x000000000000c000        0x0 test.o
 .data          0x000000000000c000        0x0 ../lib/pegasus_crt.a(kernel_main.o)
 .data          0x000000000000c000        0x0 ../lib/pegasus_crt.a(syscall.o)
 .data          0x000000000000c000       0xe0 ../lib/pegasus_crt.a(global.o)
                0x000000000000c000                user_task_table
                0x000000000000c040                sys_task_table
                0x000000000000c0cc                sys_call_table
 .data          0x000000000000c0e0        0x0 ../lib/pegasus_crt.a(process.o)
 .data          0x000000000000c0e0        0x0 ../lib/pegasus_crt.a(protect.o)
 .data          0x000000000000c0e0        0x0 ../lib/pegasus_crt.a(console.o)
 .data          0x000000000000c0e0      0x600 ../lib/pegasus_crt.a(keyboard.o)
                0x000000000000c0e0                keymap
 .data          0x000000000000c6e0        0x0 ../lib/pegasus_crt.a(open.o)
 .data          0x000000000000c6e0        0x0 ../lib/pegasus_crt.a(read.o)
 .data          0x000000000000c6e0        0x0 ../lib/pegasus_crt.a(write.o)
 .data          0x000000000000c6e0        0x0 ../lib/pegasus_crt.a(close.o)
 .data          0x000000000000c6e0        0x0 ../lib/pegasus_crt.a(wait.o)
 .data          0x000000000000c6e0        0x0 ../lib/pegasus_crt.a(exit.o)
 .data          0x000000000000c6e0        0x0 ../lib/pegasus_crt.a(fork.o)
 .data          0x000000000000c6e0        0x0 ../lib/pegasus_crt.a(exec.o)
 .data          0x000000000000c6e0        0x0 ../lib/pegasus_crt.a(main.o)
 .data          0x000000000000c6e0        0x0 ../lib/pegasus_crt.a(exec.o)
 .data          0x000000000000c6e0        0x0 ../lib/pegasus_crt.a(forkexit.o)
 .data          0x000000000000c6e0        0xf ../lib/pegasus_crt.a(kernel.o)
 .data          0x000000000000c6ef        0x0 ../lib/pegasus_crt.a(hd.o)
 *fill*         0x000000000000c6ef        0x1 
 .data          0x000000000000c6f0        0x8 ../lib/pegasus_crt.a(fs_main.o)
                0x000000000000c6f0                fsbuf
                0x000000000000c6f4                super_block_buf

.data1
 *(.data1)
                0x000000000000c6f8                _edata = .
                [!provide]                        PROVIDE (edata = .)
                0x000000000000c6f8                . = .
                0x000000000000c6f8                __bss_start = .

.bss            0x000000000000c700    0x781a8
 *(.dynbss)
 *(.bss .bss.* .gnu.linkonce.b.*)
 .bss           0x000000000000c700        0x0 test.o
 .bss           0x000000000000c700        0x0 ../lib/pegasus_crt.a(kernel_main.o)
 .bss           0x000000000000c700        0x0 ../lib/pegasus_crt.a(global.o)
 .bss           0x000000000000c700        0x0 ../lib/pegasus_crt.a(process.o)
 .bss           0x000000000000c700        0x0 ../lib/pegasus_crt.a(protect.o)
 .bss           0x000000000000c700        0x0 ../lib/pegasus_crt.a(console.o)
 .bss           0x000000000000c700        0x0 ../lib/pegasus_crt.a(keyboard.o)
 .bss           0x000000000000c700        0x0 ../lib/pegasus_crt.a(open.o)
 .bss           0x000000000000c700        0x0 ../lib/pegasus_crt.a(read.o)
 .bss           0x000000000000c700        0x0 ../lib/pegasus_crt.a(write.o)
 .bss           0x000000000000c700        0x0 ../lib/pegasus_crt.a(close.o)
 .bss           0x000000000000c700        0x0 ../lib/pegasus_crt.a(wait.o)
 .bss           0x000000000000c700        0x0 ../lib/pegasus_crt.a(exit.o)
 .bss           0x000000000000c700        0x0 ../lib/pegasus_crt.a(fork.o)
 .bss           0x000000000000c700        0x0 ../lib/pegasus_crt.a(exec.o)
 .bss           0x000000000000c700        0x0 ../lib/pegasus_crt.a(main.o)
 .bss           0x000000000000c700        0x0 ../lib/pegasus_crt.a(exec.o)
 .bss           0x000000000000c700        0x0 ../lib/pegasus_crt.a(forkexit.o)
 .bss           0x000000000000c700      0x800 ../lib/pegasus_crt.a(kernel.o)
 .bss           0x000000000000cf00        0x0 ../lib/pegasus_crt.a(hd.o)
 .bss           0x000000000000cf00        0x4 ../lib/pegasus_crt.a(fs_main.o)
                0x000000000000cf00                c
 *(COMMON)
 *fill*         0x000000000000cf04       0x1c 
 COMMON         0x000000000000cf20     0x27b1 ../lib/pegasus_crt.a(kernel_main.o)
                0x000000000000cf20                current_tty
                0x000000000000cf24                is_e0
                0x000000000000cf28                idt_ptr
                0x000000000000cf30                dis_pos
                0x000000000000cf34                k_reenter
                0x000000000000cf40                gdt
                0x000000000000d340                proc_ready_table
                0x000000000000d344                pcaller
                0x000000000000d360                keyboard_buffer
                0x000000000000d580                tty_table
                0x000000000000ee00                tss
                0x000000000000ee6c                counter
                0x000000000000ee70                key_pressed
                0x000000000000ee74                is_shift
                0x000000000000ee78                gdt_ptr
                0x000000000000ee80                idt
                0x000000000000f680                ticks
                0x000000000000f6a0                console_table
                0x000000000000f6d0                is_disp
 *fill*         0x000000000000f6d1        0xf 
 COMMON         0x000000000000f6e0    0x73f60 ../lib/pegasus_crt.a(global.o)
                0x000000000000f6e0                proc_stack
                0x000000000007f6e0                proc_table
 COMMON         0x0000000000083640      0x440 ../lib/pegasus_crt.a(hd.o)
                0x0000000000083640                hd_info
                0x0000000000083880                hd_cache
 COMMON         0x0000000000083a80      0xe28 ../lib/pegasus_crt.a(fs_main.o)
                0x0000000000083a80                file_desc_table
                0x0000000000083e80                inode_table
                0x0000000000084880                root
                0x00000000000848a8                . = ALIGN ((. != 0x0)?0x4:0x1)
                0x00000000000848a8                . = ALIGN (0x4)
                0x00000000000848a8                . = SEGMENT_START ("ldata-segment", .)
                0x00000000000848a8                . = ALIGN (0x4)
                0x00000000000848a8                _end = .
                [!provide]                        PROVIDE (end = .)
                0x00000000000848a8                . = DATA_SEGMENT_END (.)

.stab
 *(.stab)

.stabstr
 *(.stabstr)

.stab.excl
 *(.stab.excl)

.stab.exclstr
 *(.stab.exclstr)

.stab.index
 *(.stab.index)

.stab.indexstr
 *(.stab.indexstr)

.comment        0x0000000000000000       0x2c
 *(.comment)
 .comment       0x0000000000000000       0x2c test.o
                                         0x2d (size before relaxing)
 .comment       0x000000000000002c       0x2d ../lib/pegasus_crt.a(kernel_main.o)
 .comment       0x000000000000002c       0x2d ../lib/pegasus_crt.a(global.o)
 .comment       0x000000000000002c       0x2d ../lib/pegasus_crt.a(process.o)
 .comment       0x000000000000002c       0x2d ../lib/pegasus_crt.a(protect.o)
 .comment       0x000000000000002c       0x2d ../lib/pegasus_crt.a(console.o)
 .comment       0x000000000000002c       0x2d ../lib/pegasus_crt.a(keyboard.o)
 .comment       0x000000000000002c       0x2d ../lib/pegasus_crt.a(open.o)
 .comment       0x000000000000002c       0x2d ../lib/pegasus_crt.a(read.o)
 .comment       0x000000000000002c       0x2d ../lib/pegasus_crt.a(write.o)
 .comment       0x000000000000002c       0x2d ../lib/pegasus_crt.a(close.o)
 .comment       0x000000000000002c       0x2d ../lib/pegasus_crt.a(wait.o)
 .comment       0x000000000000002c       0x2d ../lib/pegasus_crt.a(exit.o)
 .comment       0x000000000000002c       0x2d ../lib/pegasus_crt.a(fork.o)
 .comment       0x000000000000002c       0x2d ../lib/pegasus_crt.a(exec.o)
 .comment       0x000000000000002c       0x2d ../lib/pegasus_crt.a(main.o)
 .comment       0x000000000000002c       0x2d ../lib/pegasus_crt.a(exec.o)
 .comment       0x000000000000002c       0x2d ../lib/pegasus_crt.a(forkexit.o)
 .comment       0x000000000000002c       0x2d ../lib/pegasus_crt.a(hd.o)
 .comment       0x000000000000002c       0x2d ../lib/pegasus_crt.a(fs_main.o)

.gnu.build.attributes
 *(.gnu.build.attributes .gnu.build.attributes.*)

.debug
 *(.debug)

.line
 *(.line)

.debug_srcinfo
 *(.debug_srcinfo)

.debug_sfnames
 *(.debug_sfnames)

.debug_aranges  0x0000000000000000      0x278
 *(.debug_aranges)
 .debug_aranges
                0x0000000000000000       0x20 test.o
 .debug_aranges
                0x0000000000000020       0x20 ../lib/pegasus_crt.a(kernel_main.o)
 .debug_aranges
                0x0000000000000040       0x18 ../lib/pegasus_crt.a(global.o)
 .debug_aranges
                0x0000000000000058       0x20 ../lib/pegasus_crt.a(process.o)
 .debug_aranges
                0x0000000000000078       0x20 ../lib/pegasus_crt.a(protect.o)
 .debug_aranges
                0x0000000000000098       0x20 ../lib/pegasus_crt.a(console.o)
 .debug_aranges
                0x00000000000000b8       0x20 ../lib/pegasus_crt.a(keyboard.o)
 .debug_aranges
                0x00000000000000d8       0x20 ../lib/pegasus_crt.a(open.o)
 .debug_aranges
                0x00000000000000f8       0x20 ../lib/pegasus_crt.a(read.o)
 .debug_aranges
                0x0000000000000118       0x20 ../lib/pegasus_crt.a(write.o)
 .debug_aranges
                0x0000000000000138       0x20 ../lib/pegasus_crt.a(close.o)
 .debug_aranges
                0x0000000000000158       0x20 ../lib/pegasus_crt.a(wait.o)
 .debug_aranges
                0x0000000000000178       0x20 ../lib/pegasus_crt.a(exit.o)
 .debug_aranges
                0x0000000000000198       0x20 ../lib/pegasus_crt.a(fork.o)
 .debug_aranges
                0x00000000000001b8       0x20 ../lib/pegasus_crt.a(exec.o)
 .debug_aranges
                0x00000000000001d8       0x20 ../lib/pegasus_crt.a(main.o)
 .debug_aranges
                0x00000000000001f8       0x20 ../lib/pegasus_crt.a(exec.o)
 .debug_aranges
                0x0000000000000218       0x20 ../lib/pegasus_crt.a(forkexit.o)
 .debug_aranges
                0x0000000000000238       0x20 ../lib/pegasus_crt.a(hd.o)
 .debug_aranges
                0x0000000000000258       0x20 ../lib/pegasus_crt.a(fs_main.o)

.debug_pubnames
 *(.debug_pubnames)

.debug_info     0x0000000000000000    0x111a7
 *(.debug_info .gnu.linkonce.wi.*)
 .debug_info    0x0000000000000000       0x79 test.o
 .debug_info    0x0000000000000079     0x21de ../lib/pegasus_crt.a(kernel_main.o)
 .debug_info    0x0000000000002257      0xb0b ../lib/pegasus_crt.a(global.o)
 .debug_info    0x0000000000002d62      0xbbb ../lib/pegasus_crt.a(process.o)
 .debug_info    0x000000000000391d      0xe18 ../lib/pegasus_crt.a(protect.o)
 .debug_info    0x0000000000004735      0xe95 ../lib/pegasus_crt.a(console.o)
 .debug_info    0x00000000000055ca      0xc69 ../lib/pegasus_crt.a(keyboard.o)
 .debug_info    0x0000000000006233      0xb1c ../lib/pegasus_crt.a(open.o)
 .debug_info    0x0000000000006d4f      0xb22 ../lib/pegasus_crt.a(read.o)
 .debug_info    0x0000000000007871      0xb2b ../lib/pegasus_crt.a(write.o)
 .debug_info    0x000000000000839c      0xb02 ../lib/pegasus_crt.a(close.o)
 .debug_info    0x0000000000008e9e      0xb0d ../lib/pegasus_crt.a(wait.o)
 .debug_info    0x00000000000099ab      0xaff ../lib/pegasus_crt.a(exit.o)
 .debug_info    0x000000000000a4aa      0xaf4 ../lib/pegasus_crt.a(fork.o)
 .debug_info    0x000000000000af9e      0xc51 ../lib/pegasus_crt.a(exec.o)
 .debug_info    0x000000000000bbef      0xb0b ../lib/pegasus_crt.a(main.o)
 .debug_info    0x000000000000c6fa      0xdf5 ../lib/pegasus_crt.a(exec.o)
 .debug_info    0x000000000000d4ef      0xd5f ../lib/pegasus_crt.a(forkexit.o)
 .debug_info    0x000000000000e24e     0x13ca ../lib/pegasus_crt.a(hd.o)
 .debug_info    0x000000000000f618     0x1b8f ../lib/pegasus_crt.a(fs_main.o)

.debug_abbrev   0x0000000000000000     0x2360
 *(.debug_abbrev)
 .debug_abbrev  0x0000000000000000       0x62 test.o
 .debug_abbrev  0x0000000000000062      0x360 ../lib/pegasus_crt.a(kernel_main.o)
 .debug_abbrev  0x00000000000003c2      0x135 ../lib/pegasus_crt.a(global.o)
 .debug_abbrev  0x00000000000004f7      0x1df ../lib/pegasus_crt.a(process.o)
 .debug_abbrev  0x00000000000006d6      0x1f0 ../lib/pegasus_crt.a(protect.o)
 .debug_abbrev  0x00000000000008c6      0x257 ../lib/pegasus_crt.a(console.o)
 .debug_abbrev  0x0000000000000b1d      0x1d9 ../lib/pegasus_crt.a(keyboard.o)
 .debug_abbrev  0x0000000000000cf6      0x16a ../lib/pegasus_crt.a(open.o)
 .debug_abbrev  0x0000000000000e60      0x180 ../lib/pegasus_crt.a(read.o)
 .debug_abbrev  0x0000000000000fe0      0x180 ../lib/pegasus_crt.a(write.o)
 .debug_abbrev  0x0000000000001160      0x168 ../lib/pegasus_crt.a(close.o)
 .debug_abbrev  0x00000000000012c8      0x16a ../lib/pegasus_crt.a(wait.o)
 .debug_abbrev  0x0000000000001432      0x166 ../lib/pegasus_crt.a(exit.o)
 .debug_abbrev  0x0000000000001598      0x155 ../lib/pegasus_crt.a(fork.o)
 .debug_abbrev  0x00000000000016ed      0x19e ../lib/pegasus_crt.a(exec.o)
 .debug_abbrev  0x000000000000188b      0x1be ../lib/pegasus_crt.a(main.o)
 .debug_abbrev  0x0000000000001a49      0x1a9 ../lib/pegasus_crt.a(exec.o)
 .debug_abbrev  0x0000000000001bf2      0x1e4 ../lib/pegasus_crt.a(forkexit.o)
 .debug_abbrev  0x0000000000001dd6      0x2bf ../lib/pegasus_crt.a(hd.o)
 .debug_abbrev  0x0000000000002095      0x2cb ../lib/pegasus_crt.a(fs_main.o)

.debug_line     0x0000000000000000     0x35c4
 *(.debug_line .debug_line.* .debug_line_end)
 .debug_line    0x0000000000000000       0x41 test.o
 .debug_line    0x0000000000000041      0xda5 ../lib/pegasus_crt.a(kernel_main.o)
 .debug_line    0x0000000000000de6       0x80 ../lib/pegasus_crt.a(global.o)
 .debug_line    0x0000000000000e66      0x1b6 ../lib/pegasus_crt.a(process.o)
 .debug_line    0x000000000000101c      0x22e ../lib/pegasus_crt.a(protect.o)
 .debug_line    0x000000000000124a      0x51e ../lib/pegasus_crt.a(console.o)
 .debug_line    0x0000000000001768      0x275 ../lib/pegasus_crt.a(keyboard.o)
 .debug_line    0x00000000000019dd       0xb0 ../lib/pegasus_crt.a(open.o)
 .debug_line    0x0000000000001a8d       0xa7 ../lib/pegasus_crt.a(read.o)
 .debug_line    0x0000000000001b34       0xa8 ../lib/pegasus_crt.a(write.o)
 .debug_line    0x0000000000001bdc       0xad ../lib/pegasus_crt.a(close.o)
 .debug_line    0x0000000000001c89       0xb7 ../lib/pegasus_crt.a(wait.o)
 .debug_line    0x0000000000001d40       0xa0 ../lib/pegasus_crt.a(exit.o)
 .debug_line    0x0000000000001de0       0xae ../lib/pegasus_crt.a(fork.o)
 .debug_line    0x0000000000001e8e      0x15b ../lib/pegasus_crt.a(exec.o)
 .debug_line    0x0000000000001fe9       0xe4 ../lib/pegasus_crt.a(main.o)
 .debug_line    0x00000000000020cd      0x1df ../lib/pegasus_crt.a(exec.o)
 .debug_line    0x00000000000022ac      0x202 ../lib/pegasus_crt.a(forkexit.o)
 .debug_line    0x00000000000024ae      0x54c ../lib/pegasus_crt.a(hd.o)
 .debug_line    0x00000000000029fa      0xbca ../lib/pegasus_crt.a(fs_main.o)

.debug_frame
 *(.debug_frame)

.debug_str      0x0000000000000000     0x145d
 *(.debug_str)
 .debug_str     0x0000000000000000       0x91 test.o
                                         0x9b (size before relaxing)
 .debug_str     0x0000000000000091      0x763 ../lib/pegasus_crt.a(kernel_main.o)
                                        0x87b (size before relaxing)
 .debug_str     0x00000000000007f4        0x9 ../lib/pegasus_crt.a(global.o)
                                        0x3f0 (size before relaxing)
 .debug_str     0x00000000000007fd       0x50 ../lib/pegasus_crt.a(process.o)
                                        0x437 (size before relaxing)
 .debug_str     0x000000000000084d      0x102 ../lib/pegasus_crt.a(protect.o)
                                        0x520 (size before relaxing)
 .debug_str     0x000000000000094f      0x103 ../lib/pegasus_crt.a(console.o)
                                        0x4f6 (size before relaxing)
 .debug_str     0x0000000000000a52       0x84 ../lib/pegasus_crt.a(keyboard.o)
                                        0x47c (size before relaxing)
 .debug_str     0x0000000000000ad6       0x14 ../lib/pegasus_crt.a(open.o)
                                        0x406 (size before relaxing)
 .debug_str     0x0000000000000aea        0xb ../lib/pegasus_crt.a(read.o)
                                        0x3fd (size before relaxing)
 .debug_str     0x0000000000000af5        0xc ../lib/pegasus_crt.a(write.o)
                                        0x3ff (size before relaxing)
 .debug_str     0x0000000000000b01        0xc ../lib/pegasus_crt.a(close.o)
                                        0x3f9 (size before relaxing)
 .debug_str     0x0000000000000b0d        0xb ../lib/pegasus_crt.a(wait.o)
                                        0x3fe (size before relaxing)
 .debug_str     0x0000000000000b18        0xb ../lib/pegasus_crt.a(exit.o)
                                        0x3fe (size before relaxing)
 .debug_str     0x0000000000000b23        0xb ../lib/pegasus_crt.a(fork.o)
                                        0x3f7 (size before relaxing)
 .debug_str     0x0000000000000b2e       0x26 ../lib/pegasus_crt.a(exec.o)
                                        0x420 (size before relaxing)
 .debug_str     0x0000000000000b54       0x3a ../lib/pegasus_crt.a(main.o)
                                        0x3eb (size before relaxing)
 .debug_str     0x0000000000000b8e      0x185 ../lib/pegasus_crt.a(exec.o)
                                        0x56b (size before relaxing)
 .debug_str     0x0000000000000d13       0x9e ../lib/pegasus_crt.a(forkexit.o)
                                        0x4a9 (size before relaxing)
 .debug_str     0x0000000000000db1      0x288 ../lib/pegasus_crt.a(hd.o)
                                        0x6de (size before relaxing)
 .debug_str     0x0000000000001039      0x424 ../lib/pegasus_crt.a(fs_main.o)
                                        0x898 (size before relaxing)

.debug_loc
 *(.debug_loc)

.debug_macinfo
 *(.debug_macinfo)

.debug_weaknames
 *(.debug_weaknames)

.debug_funcnames
 *(.debug_funcnames)

.debug_typenames
 *(.debug_typenames)

.debug_varnames
 *(.debug_varnames)

.debug_pubtypes
 *(.debug_pubtypes)

.debug_ranges   0x0000000000000000       0x90
 *(.debug_ranges)
 .debug_ranges  0x0000000000000000       0x30 ../lib/pegasus_crt.a(kernel_main.o)
 .debug_ranges  0x0000000000000030       0x18 ../lib/pegasus_crt.a(exec.o)
 .debug_ranges  0x0000000000000048       0x48 ../lib/pegasus_crt.a(hd.o)

.debug_macro
 *(.debug_macro)

.debug_addr
 *(.debug_addr)

.gnu.attributes
 *(.gnu.attributes)

/DISCARD/
 *(.note.GNU-stack)
 *(.gnu_debuglink)
 *(.gnu.lto_*)
 *(.gnu_object_only)
OUTPUT(test elf32-i386)
