
Merging program properties

Removed property 0xc0010001 to merge double_link_list.o (0x1) and kernel/kernel_sub.o (not found)
Removed property 0xc0010002 to merge double_link_list.o (0x0) and kernel/kernel_sub.o (not found)
Removed property 0xc0010001 to merge double_link_list.o (not found) and global.o (0x1)
Removed property 0xc0010002 to merge double_link_list.o (not found) and global.o (0x0)
Removed property 0xc0010001 to merge double_link_list.o (not found) and kernel_main.o (0x1)
Removed property 0xc0010002 to merge double_link_list.o (not found) and kernel_main.o (0x0)
Removed property 0xc0010001 to merge double_link_list.o (not found) and protect.o (0x1)
Removed property 0xc0010002 to merge double_link_list.o (not found) and protect.o (0x0)
Removed property 0xc0010001 to merge double_link_list.o (not found) and console.o (0x1)
Removed property 0xc0010002 to merge double_link_list.o (not found) and console.o (0x1)
Removed property 0xc0010001 to merge double_link_list.o (not found) and process.o (0x1)
Removed property 0xc0010002 to merge double_link_list.o (not found) and process.o (0x0)
Removed property 0xc0010001 to merge double_link_list.o (not found) and kernel_main_old.o (0x1)
Removed property 0xc0010002 to merge double_link_list.o (not found) and kernel_main_old.o (0x1)
Removed property 0xc0010001 to merge double_link_list.o (not found) and keyboard.o (0x1)
Removed property 0xc0010002 to merge double_link_list.o (not found) and keyboard.o (0x0)
Removed property 0xc0010001 to merge double_link_list.o (not found) and thread.o (0x1)
Removed property 0xc0010002 to merge double_link_list.o (not found) and thread.o (0x0)
Removed property 0xc0010001 to merge double_link_list.o (not found) and my_process.o (0x1)
Removed property 0xc0010002 to merge double_link_list.o (not found) and my_process.o (0x1)
Removed property 0xc0010001 to merge double_link_list.o (not found) and network/skbuff.o (0x1)
Removed property 0xc0010002 to merge double_link_list.o (not found) and network/skbuff.o (0x0)
Removed property 0xc0010001 to merge double_link_list.o (not found) and network/socket.o (0x1)
Removed property 0xc0010002 to merge double_link_list.o (not found) and network/socket.o (0x0)
Removed property 0xc0010001 to merge double_link_list.o (not found) and network/ip_input.o (0x1)
Removed property 0xc0010002 to merge double_link_list.o (not found) and network/ip_input.o (0x0)
Removed property 0xc0010001 to merge double_link_list.o (not found) and network/udp_sock.o (0x1)
Removed property 0xc0010002 to merge double_link_list.o (not found) and network/udp_sock.o (0x0)
Removed property 0xc0010001 to merge double_link_list.o (not found) and network/inet.o (0x1)
Removed property 0xc0010002 to merge double_link_list.o (not found) and network/inet.o (0x0)
Removed property 0xc0010001 to merge double_link_list.o (not found) and network/ip_output.o (0x1)
Removed property 0xc0010002 to merge double_link_list.o (not found) and network/ip_output.o (0x0)
Removed property 0xc0010001 to merge double_link_list.o (not found) and network/tcp.o (0x1)
Removed property 0xc0010002 to merge double_link_list.o (not found) and network/tcp.o (0x0)
Removed property 0xc0010001 to merge double_link_list.o (not found) and network/sock.o (0x1)
Removed property 0xc0010002 to merge double_link_list.o (not found) and network/sock.o (0x0)
Removed property 0xc0010001 to merge double_link_list.o (not found) and network/tcp_output.o (0x1)
Removed property 0xc0010002 to merge double_link_list.o (not found) and network/tcp_output.o (0x1)
Removed property 0xc0010001 to merge double_link_list.o (not found) and network/arp.o (0x1)
Removed property 0xc0010002 to merge double_link_list.o (not found) and network/arp.o (0x0)
Removed property 0xc0010001 to merge double_link_list.o (not found) and network/tcp_sock.o (0x1)
Removed property 0xc0010002 to merge double_link_list.o (not found) and network/tcp_sock.o (0x0)
Removed property 0xc0010001 to merge double_link_list.o (not found) and network/ipc.o (0x1)
Removed property 0xc0010002 to merge double_link_list.o (not found) and network/ipc.o (0x1)
Removed property 0xc0010001 to merge double_link_list.o (not found) and network/icmpv4.o (0x1)
Removed property 0xc0010002 to merge double_link_list.o (not found) and network/icmpv4.o (0x0)
Removed property 0xc0010001 to merge double_link_list.o (not found) and network/netdev.o (0x1)
Removed property 0xc0010002 to merge double_link_list.o (not found) and network/netdev.o (0x0)
Removed property 0xc0010001 to merge double_link_list.o (not found) and network/dst.o (0x1)
Removed property 0xc0010002 to merge double_link_list.o (not found) and network/dst.o (0x0)
Removed property 0xc0010001 to merge double_link_list.o (not found) and network/tcp_input.o (0x1)
Removed property 0xc0010002 to merge double_link_list.o (not found) and network/tcp_input.o (0x0)
Removed property 0xc0010001 to merge double_link_list.o (not found) and network/task_network.o (0x1)
[...]
Memory Configuration

Name             Origin             Length             Attributes
*default*        0x00000000         0xffffffff

Linker script and memory map

Address of section .text set to 0xc0600000
LOAD kernel/kernel_sub.o
LOAD kernel/kernel.o
LOAD syscall.o
LOAD switch_to.o
LOAD string.o
LOAD hd/hd_rdwt.o
LOAD network/ne2000.o
LOAD double_link_list.o
LOAD global.o
LOAD kernel_main.o
LOAD protect.o
LOAD console.o
LOAD process.o
LOAD kernel_main_old.o
LOAD keyboard.o
LOAD thread.o
LOAD my_process.o
LOAD network/skbuff.o
LOAD network/socket.o
LOAD network/ip_input.o
LOAD network/udp_sock.o
LOAD network/inet.o
LOAD network/ip_output.o
LOAD network/tcp.o
LOAD network/sock.o
LOAD network/tcp_output.o
LOAD network/arp.o
LOAD network/tcp_sock.o
LOAD network/ipc.o
LOAD network/icmpv4.o
LOAD network/netdev.o
LOAD network/dst.o
LOAD network/tcp_input.o
LOAD network/task_network.o
LOAD network/route.o
LOAD network/udp.o
LOAD network/tcp_data.o
LOAD network/utils.o
LOAD hd/hd.o
LOAD fs/fs_main.o
LOAD mm/forkexit.o
LOAD mm/exec.o
LOAD mm/main.o
LOAD mem/mem.o
LOAD lib/exec.o
LOAD lib/fork.o
LOAD lib/exit.o
LOAD lib/unlink.o
LOAD lib/wait.o
LOAD lib/socket_close.o
LOAD lib/socket_read.o
LOAD lib/alloca.o
LOAD lib/calloc.o
LOAD lib/floor.o
LOAD lib/socket_write.o
LOAD lib/getpid.o
LOAD lib/stdlib/atoi.o
LOAD lib/stdlib/strtol.o
LOAD lib/string/strtok.o
LOAD lib/string/strcmp.o
LOAD lib/string/strncmp.o
LOAD lib/string/strpbrk.o
LOAD lib/stdio/read.o
LOAD lib/stdio/perror.o
LOAD lib/stdio/sscanf.o
LOAD lib/stdio/open.o
LOAD lib/stdio/write.o
LOAD lib/stdio/close.o
LOAD lib/sys/socket.o
LOAD lib/sys/connect.o
LOAD lib/arpa/ntohs.o
LOAD lib/arpa/htonl.o
LOAD lib/arpa/htons.o
LOAD lib/arpa/inet_pton.o
LOAD lib/arpa/ntohl.o
LOAD lib/arpa/inet_ntop.o
                [!provide]                        PROVIDE (__executable_start = SEGMENT_START ("text-segment", 0x8048000))
                0x080480d4                        . = (SEGMENT_START ("text-segment", 0x8048000) + SIZEOF_HEADERS)

.interp
 *(.interp)

.note.gnu.build-id
 *(.note.gnu.build-id)

.hash
 *(.hash)

.gnu.hash
 *(.gnu.hash)

.dynsym
 *(.dynsym)

.dynstr
 *(.dynstr)

.gnu.version
 *(.gnu.version)

.gnu.version_d
 *(.gnu.version_d)

.gnu.version_r
 *(.gnu.version_r)

.rel.dyn        0x080480d4        0x0
 *(.rel.init)
 *(.rel.text .rel.text.* .rel.gnu.linkonce.t.*)
 .rel.text      0x080480d4        0x0 kernel/kernel_sub.o
 *(.rel.fini)
 *(.rel.rodata .rel.rodata.* .rel.gnu.linkonce.r.*)
 *(.rel.data.rel.ro .rel.data.rel.ro.* .rel.gnu.linkonce.d.rel.ro.*)
 *(.rel.data .rel.data.* .rel.gnu.linkonce.d.*)
 *(.rel.tdata .rel.tdata.* .rel.gnu.linkonce.td.*)
 *(.rel.tbss .rel.tbss.* .rel.gnu.linkonce.tb.*)
 *(.rel.ctors)
 *(.rel.dtors)
 *(.rel.got)
 .rel.got       0x080480d4        0x0 kernel/kernel_sub.o
 *(.rel.bss .rel.bss.* .rel.gnu.linkonce.b.*)
 *(.rel.ifunc)

.rel.plt        0x080480d4        0x0
 *(.rel.plt)
                [!provide]                        PROVIDE (__rel_iplt_start = .)
 *(.rel.iplt)
 .rel.iplt      0x080480d4        0x0 kernel/kernel_sub.o
                [!provide]                        PROVIDE (__rel_iplt_end = .)

.relr.dyn
 *(.relr.dyn)
                0x08049000                        . = ALIGN (CONSTANT (MAXPAGESIZE))

.init
 *(SORT_NONE(.init))

.plt            0x08049000        0x0
 *(.plt)
 *(.iplt)
 .iplt          0x08049000        0x0 kernel/kernel_sub.o

.plt.got
 *(.plt.got)

.plt.sec
 *(.plt.sec)

.text           0xc0600000    0x13307
 *(.text.unlikely .text.*_unlikely .text.unlikely.*)
 *(.text.exit .text.exit.*)
 *(.text.startup .text.startup.*)
 *(.text.hot .text.hot.*)
 *(SORT_BY_NAME(.text.sorted.*))
 *(.text .stub .text.* .gnu.linkonce.t.*)
 .text          0xc0600000       0x71 kernel/kernel_sub.o
                0xc0600000                _start
 *fill*         0xc0600071        0xf 
 .text          0xc0600080      0x3d2 kernel/kernel.o
                0xc0600080                InterruptTest
                0xc060008c                disp_str_len
                0xc06000d9                disp_str
                0xc0600114                disp_str_colour
                0xc0600150                divide_zero_fault
                0xc0600156                single_step_fault
                0xc060015c                non_maskable_interrupt
                0xc0600162                breakpoint_trap
                0xc0600168                overflow_trap
                0xc060016e                bound_range_exceeded_fault
                0xc0600174                invalid_opcode_fault
                0xc060017a                coprocessor_not_available_fault
                0xc0600180                double_fault_exception_abort
                0xc0600184                coprocessor_segment_overrun
                0xc060018a                invalid_task_state_segment_fault
                0xc060018e                segment_not_present_fault
                0xc0600192                stack_exception_fault
                0xc0600196                general_protection_exception_fault
                0xc06001a1                page_fault
                0xc06001a5                coprocessor_error_fault
                0xc06001ab                align_check_fault
                0xc06001af                simd_float_exception_fault
                0xc06001be                hwint0
                0xc06001ee                hwint1
                0xc0600231                hwint14
                0xc0600277                hwint10
                0xc06002ba                sys_call
                0xc0600300                fork_restart
                0xc060030f                restart
                0xc0600332                in_byte
                0xc060033e                out_byte
                0xc0600360                disable_int
                0xc0600362                enable_int
                0xc06003f8                enable_8259A_casecade_irq
                0xc0600402                disable_8259A_casecade_irq
                0xc060040c                enable_8259A_slave_winchester_irq
                0xc0600416                disable_8259A_slave_winchester_irq
                0xc0600420                update_cr3
                0xc060042d                update_tss
                0xc060043c                get_running_thread_pcb
                0xc0600442                sys_call_test
                0xc0600445                enable_8259A_slave_net_irq
 *fill*         0xc0600452        0xe 
 .text          0xc0600460       0x6a syscall.o
                0xc0600460                write_debug
                0xc0600470                send_msg
                0xc0600486                receive_msg
                0xc060049c                sys_malloc
                0xc06004b1                sys_free
 *fill*         0xc06004ca        0x6 
 .text          0xc06004d0       0x15 switch_to.o
                0xc06004d0                switch_to
 *fill*         0xc06004e5        0xb 
 .text          0xc06004f0      0x286 network/ne2000.o
                0xc0600513                DriverInitialize
                0xc060059d                StartSendToPhysicalLink
                0xc06005b8                SetPageStart
                0xc06005e0                DriverSend
                0xc060065a                PCtoNIC
                0xc06006c5                get_interrupt_status
                0xc06006e2                set_interrupt_status
                0xc0600702                get_curr_page
                0xc060071f                NICtoPC
 .text          0xc0600776      0x2ee double_link_list.o
                0xc0600776                initDoubleLinkList
                0xc06007c6                isListEmpty
                0xc06007f4                findElementInList
                0xc060088b                appendToDoubleLinkList
                0xc0600951                insertToDoubleLinkList
                0xc06009d5                popFromDoubleLinkList
 .text          0xc0600a64        0x0 global.o
 .text          0xc0600a64      0x538 kernel_main.o
                0xc0600a64                kernel_main
                0xc0600c3e                init
                0xc0600cd5                kernel_thread_a
                0xc0600d22                kernel_thread_b
                0xc0600d6f                kernel_thread_c
                0xc0600d85                kernel_thread_d
                0xc0600d9b                user_proc_a
                0xc0600f84                user_proc_b
 .text          0xc0600f9c      0x3b3 protect.o
                0xc0600f9c                InitDescriptor
                0xc0601009                Seg2PhyAddr
                0xc060104a                Seg2PhyAddrLDT
                0xc060108e                VirAddr2PhyAddr
                0xc06010a4                v2l
                0xc06010e7                init_propt
                0xc0601268                InitInterruptDesc
                0xc06012c4                ReloadGDT
 .text          0xc060134f      0xad3 console.o
                0xc060134f                select_console
                0xc060138b                flush
                0xc06013c4                set_cursor
                0xc0601422                set_console_start_video_addr
                0xc0601480                put_key
                0xc06014ec                scroll_up
                0xc060152e                scroll_down
                0xc0601599                out_char
                0xc0601756                tty_dev_read
                0xc0601780                tty_dev_write
                0xc06019ad                tty_do_read
                0xc0601a75                tty_do_write
                0xc0601bde                init_screen
                0xc0601c67                init_tty
                0xc0601d1c                TaskTTY
 .text          0xc0601e22      0x2b7 process.o
                0xc0601e22                schedule_process
                0xc0601fe8                clock_handler
                0xc060205e                pid2proc
                0xc06020c2                proc2pid
 .text          0xc06020d9     0x2de4 kernel_main_old.o
                0xc06020d9                stop_here
                0xc060211d                catch_error
                0xc0602182                intr_enable
                0xc06021ab                intr_disable
                0xc06021d4                intr_set_status
                0xc06021f2                intr_get_status
                0xc060220f                Memcpy
                0xc0602242                untar
                0xc0602552                num_to_string
                0xc06025f8                disp_int
                0xc0602621                do_page_fault
                0xc060275e                exception_handler
                0xc0602949                init_internal_interrupt
                0xc0602abe                spurious_irq
                0xc0602b4c                init_keyboard
                0xc0602b8f                TestTTY
                0xc0602c2e                TestReadReturnValue
                0xc0602cab                TestWriteReturnValue
                0xc0602d7f                TestFS2
                0xc0602d8d                TestFS
                0xc060322f                wait_exit
                0xc060332d                INIT_fork
                0xc0603620                simple_shell
                0xc06037a7                test_shell
                0xc060380f                test_exec
                0xc0603902                INIT
                0xc060390f                TestA
                0xc0603944                delay
                0xc0603988                TestB
                0xc06039a0                TestC
                0xc06039d3                sys_get_ticks
                0xc06039e3                sys_write
                0xc0603a37                milli_delay
                0xc0603a73                TaskSys
                0xc0603a78                Printf
                0xc0603b4a                sprintf
                0xc0603b76                vsprintf
                0xc0603d22                printx
                0xc0603d65                sys_printx
                0xc0603e31                spin
                0xc0603e57                panic
                0xc0603e75                assertion_failure
                0xc0603ee7                assertion_failure2
                0xc0603f5c                dead_lock
                0xc0603f66                sys_send_msg
                0xc0604485                sys_receive_msg
                0xc0604ae5                send_rec
                0xc0604be0                block
                0xc0604c1c                unblock
                0xc0604c6c                get_ticks_ipc
                0xc0604cc6                itoa
                0xc0604d1c                i2a
                0xc0604d82                inform_int
                0xc0604e4e                deprecate_strcmp
 .text          0xc0604ebd      0x40f keyboard.o
                0xc0604ebd                keyboard_handler
                0xc0604f41                read_from_keyboard_buf
                0xc0604fa7                keyboard_read
                0xc0605126                init_keyboard_handler
                0xc060513a                in_process
 .text          0xc06052cc      0x1b2 thread.o
                0xc06052cc                kernel_thread
                0xc06052e4                thread_init
                0xc0605391                thread_create
                0xc06053c6                thread_start
 .text          0xc060547e      0x730 my_process.o
                0xc060547e                create_user_process_address_space
                0xc060550e                user_process
                0xc060563b                clone_pcb
                0xc06057ad                build_body_stack
                0xc06058e0                build_process_kernel_stack
                0xc06059a3                fork_process
                0xc0605a34                process_execute
 .text          0xc0605bae      0x15b network/skbuff.o
                0xc0605bc7                alloc_skb
                0xc0605c58                free_skb
                0xc0605c8b                skb_reserve
                0xc0605ca7                skb_push
                0xc0605cd6                skb_head
                0xc0605ce1                skb_reset_header
 .text          0xc0605d09      0x66c network/socket.o
                0xc0605db9                test
                0xc0605e15                socket_debug
                0xc0605e76                free_socket
                0xc0605f32                _socket
                0xc0605ff1                _bind
                0xc0606044                _connect
                0xc0606096                _write
                0xc06060ed                _read
                0xc0606144                _recvfrom
                0xc0606185                _sendto
                0xc06061dc                _close
                0xc060625b                _listen
                0xc06062c1                _accept
 .text          0xc0606375      0x2ed network/ip_input.o
                0xc06064ff                ip_rcv
 .text          0xc0606662      0x8cd network/udp_sock.o
                0xc06068a0                udp_lookup_sock
                0xc06068e7                udp_init
                0xc0606918                udp_close
                0xc060693e                udp_sock_init
                0xc0606948                udp_recvfrom
                0xc06069e1                udp_connect
                0xc0606aba                udp_write
                0xc0606ae6                udp_alloc_skb
                0xc0606b30                udp_sendto
                0xc0606c24                udp_send
                0xc0606d62                udp_alloc_sock
                0xc0606da3                udp_free_sock
                0xc0606dc7                udp_read
 .text          0xc0606f2f      0x429 network/inet.o
                0xc0606f2f                inet_create
                0xc0606fdf                inet_socket
                0xc0606fe9                inet_connect
                0xc060703d                inet_write
                0xc0607069                inet_read
                0xc0607095                inet_close
                0xc06070e4                inet_free
                0xc060711a                inet_bind
                0xc0607223                inet_listen
                0xc060726c                inet_accept
                0xc0607317                inet_sendto
                0xc0607342                inet_recvfrom
 .text          0xc0607358      0x1d3 network/ip_output.o
                0xc0607366                ip_output
 .text          0xc060752b      0x448 network/tcp.o
                0xc0607720                tcp_in
                0xc06077d4                tcp_checksum
                0xc0607800                __tcp_set_state
                0xc060780f                tcp_generate_port
                0xc0607858                tcp_generate_isn
                0xc0607862                tcp_done
                0xc060788b                tcp_clear_timers
                0xc060789a                tcp_stop_retransmission_timer
                0xc06078b3                tcp_release_retransmission_timer
                0xc06078cc                tcp_stop_delack_timer
                0xc06078df                tcp_release_delack_timer
                0xc06078f2                tcp_handle_fin_state
                0xc0607957                tcp_enter_time_wait
 .text          0xc0607973      0x203 network/sock.o
                0xc0607aa5                sk_alloc
                0xc0607acc                sk_init
                0xc0607b20                sk_init_with_socket
                0xc0607b49                sk_free
 .text          0xc0607b76      0xbbe network/tcp_output.o
                0xc060803c                tcp_send_synack
                0xc06080df                tcp_send_delack
                0xc060811a                tcp_send_ack
                0xc0608266                tcp_send_fin
                0xc06082db                tcp_select_initial_window
                0xc060848d                tcp_reset_retransmission_timer
                0xc06084aa                tcp_begin_connect
                0xc0608554                tcp_send
                0xc0608639                tcp_send_reset
                0xc06086b9                tcp_queue_fin
 .text          0xc0608734      0xa1f network/arp.o
                0xc060885d                call_update_arp_translation_table
                0xc0608a95                insert_arp_translation_table
                0xc0608b17                update_arp_translation_table
                0xc0608bd6                arp_init
                0xc0608bdc                arp_rcv
                0xc0608dbe                arp_request
                0xc0608f28                arp_reply
                0xc060908b                call_arp_get_hwaddr
                0xc0609095                arp_get_hwaddr
                0xc0609102                free_arp
 .text          0xc0609153      0xa27 network/tcp_sock.o
                0xc0609412                tcp_established_or_syn_recvd_socks_enqueue
                0xc0609429                tcp_established_or_syn_recvd_socks_remove
                0xc060943b                tcp_connecting_or_listening_socks_enqueue
                0xc0609452                tcp_connecting_or_listening_socks_remove
                0xc0609464                tcp_alloc_sock
                0xc060957a                tcp_free_sock
                0xc06095f3                tcp_init
                0xc06095fd                tcp_sock_init
                0xc06096a0                tcp_write
                0xc06096e1                tcp_read
                0xc0609794                tcp_close
                0xc0609852                tcp_recv_notify
                0xc060987d                tcp_v4_connect
                0xc0609acd                tcp_lookup_sock
 .text          0xc0609b7a      0xe04 network/ipc.o
                0xc060a734                ipc_close
                0xc060a785                ipc_call_from_netdev_rx
                0xc060a7bd                demux_ipc_socket_call
 .text          0xc060a97e      0x234 network/icmpv4.o
                0xc060a98c                icmpv4_incoming
                0xc060aa00                icmpv4_reply
                0xc060aad9                icmpv4_timestamp
 .text          0xc060abb2      0x88a network/netdev.o
                0xc060ad40                netdev_init
                0xc060ad87                netdev_transmit
                0xc060aee2                interrupt_wait2
                0xc060af3b                netdev_rx_loop
                0xc060b074                netdev_get
                0xc060b0af                free_netdev
                0xc060b0da                local_ipaddress
                0xc060b117                receive_msg_from_nic
                0xc060b2fa                receive_msg_from_nic2
                0xc060b426                net_handler
 .text          0xc060b43c      0x145 network/dst.o
                0xc060b44a                print_array
                0xc060b4a7                dst_neigh_output
 .text          0xc060b581      0xb80 network/tcp_input.o
                0xc060bc79                tcp_process
                0xc060c03f                tcp_receive
 .text          0xc060c101      0x339 network/task_network.o
                0xc060c101                init_dev
                0xc060c20b                task_network
                0xc060c35e                task_netdev_rx
 .text          0xc060c43a      0x2c8 network/route.o
                0xc060c567                route_add
                0xc060c5ae                route_init
                0xc060c660                route_lookup
                0xc060c6ae                free_routes
 .text          0xc060c702      0x3e0 network/udp.o
                0xc060c80d                udp_generate_port
                0xc060c856                udp_checksum
                0xc060c924                udp_in
                0xc060c9b5                udp_data_dequeue
                0xc060cabd                udp_data_enqueue
 .text          0xc060cae2      0x54a network/tcp_data.o
                0xc060cdcd                tcp_data_dequeue
                0xc060cefa                tcp_data_queue
 .text          0xc060d02c      0x1e7 network/utils.o
                0xc060d02c                run_cmd
                0xc060d039                print_err
                0xc060d050                parse_ipv4_string
                0xc060d0af                ip_pton
                0xc060d0f7                sum_every_16bits
                0xc060d14e                checksum
                0xc060d18f                tcp_udp_checksum
 .text          0xc060d213      0xe84 hd/hd.o
                0xc060d213                TaskHD
                0xc060d25e                init_hd
                0xc060d278                hd_handle
                0xc060d37d                hd_cmd_out
                0xc060d47f                hd_identify
                0xc060d536                print_hdinfo
                0xc060d6c4                print_dpt_entry
                0xc060d730                get_partition_table
                0xc060d80f                partition
                0xc060da29                hd_open
                0xc060dad9                get_hd_ioctl
                0xc060db93                wait_for
                0xc060dbc4                interrupt_wait
                0xc060dc1d                hd_rdwt
                0xc060debf                hd_handler
                0xc060def0                debug_ticks
                0xc060df2e                waitfor
                0xc060df72                print_hd_info
                0xc060e05f                is_empty
 .text          0xc060e097     0x2081 fs/fs_main.o
                0xc060e097                task_fs
                0xc060e2ab                rd_wt
                0xc060e38d                mkfs
                0xc060e96f                init_fs
                0xc060e9c9                do_open
                0xc060ebd2                search_file
                0xc060ed04                strip_path
                0xc060edd0                get_inode
                0xc060ef92                create_file
                0xc060f09d                alloc_imap_bit
                0xc060f19a                alloc_smap_bit
                0xc060f33b                new_inode
                0xc060f459                new_dir_entry
                0xc060f665                do_unlink
                0xc060fb41                do_rdwt
                0xc060fecc                sync_inode
                0xc0610020                put_inode
                0xc061005e                do_close
                0xc06100b0                get_super_block
 .text          0xc0610118      0x24f mm/forkexit.o
                0xc0610118                do_fork
                0xc0610186                do_exit
                0xc0610210                do_wait
                0xc061030d                cleanup
 .text          0xc0610367      0x419 mm/exec.o
                0xc0610367                do_exec
 .text          0xc0610780      0x14e mm/main.o
                0xc0610780                TaskMM
                0xc06108af                alloc_mem
 .text          0xc06108ce     0x1118 mem/mem.o
                0xc06108ce                init_bitmap
                0xc06108f1                test_bit_val
                0xc061095a                set_bit_val
                0xc06109d5                set_bits
                0xc0610a0f                get_first_free_bit
                0xc0610a53                get_bits
                0xc0610b1b                get_a_page
                0xc0610bcf                get_virtual_address_start_with_addr
                0xc0610c69                get_virtual_address
                0xc0610cf9                ptr_pde
                0xc0610d0c                ptr_pte
                0xc0610d33                add_map_entry
                0xc0610dc4                alloc_virtual_memory
                0xc0610e90                get_physical_address_proc
                0xc0610f0c                get_physical_address
                0xc0610f3e                alloc_physical_memory_of_proc
                0xc061102d                alloc_physical_memory
                0xc06110f5                alloc_memory
                0xc0611157                get_a_virtual_page
                0xc061118f                block2arena
                0xc06111a5                sys_malloc2
                0xc06114d2                remove_map_entry
                0xc06114f3                free_a_page
                0xc061159a                sys_free2
                0xc06115a0                init_memory_block_desc
                0xc0611671                init_memory2
                0xc06118a6                init_memory
 .text          0xc06119e6      0x285 lib/exec.o
                0xc06119e6                exec
                0xc0611a57                execv
                0xc0611c46                execl
 .text          0xc0611c6b       0x4b lib/fork.o
                0xc0611c6b                fork
 .text          0xc0611cb6       0x2f lib/exit.o
                0xc0611cb6                exit
 .text          0xc0611ce5       0x42 lib/unlink.o
                0xc0611ce5                unlink
 .text          0xc0611d27       0x44 lib/wait.o
                0xc0611d27                wait
 .text          0xc0611d6b       0xbe lib/socket_close.o
                0xc0611d6b                socket_close
 .text          0xc0611e29      0x12a lib/socket_read.o
                0xc0611e29                socket_read
 .text          0xc0611f53       0x29 lib/alloca.o
                0xc0611f53                alloca
 .text          0xc0611f7c       0x46 lib/calloc.o
                0xc0611f7c                calloc
 .text          0xc0611fc2       0x49 lib/floor.o
                0xc0611fc2                floor
 .text          0xc061200b      0x12a lib/socket_write.o
                0xc061200b                socket_write
 .text          0xc0612135       0x2b lib/getpid.o
                0xc0612135                getpid
 .text          0xc0612160       0x9c lib/stdlib/atoi.o
                0xc0612160                atoi
 .text          0xc06121fc       0xca lib/stdlib/strtol.o
                0xc06121fc                strtol
 .text          0xc06122c6       0x85 lib/string/strtok.o
                0xc06122c6                strtok
 .text          0xc061234b       0xa8 lib/string/strcmp.o
                0xc061234b                strcmp
 .text          0xc06123f3       0xd4 lib/string/strncmp.o
                0xc06123f3                strncmp
 .text          0xc06124c7       0x90 lib/string/strpbrk.o
                0xc06124c7                strpbrk
 .text          0xc0612557      0x181 lib/stdio/read.o
                0xc0612557                read
 .text          0xc06126d8       0x17 lib/stdio/perror.o
                0xc06126d8                perror
 .text          0xc06126ef      0x335 lib/stdio/sscanf.o
                0xc06126ef                sscanf
 .text          0xc0612a24       0x95 lib/stdio/open.o
                0xc0612a24                open
 .text          0xc0612ab9       0x85 lib/stdio/write.o
                0xc0612ab9                write
 .text          0xc0612b3e       0x52 lib/stdio/close.o
                0xc0612b3e                close
 .text          0xc0612b90      0x195 lib/sys/socket.o
                0xc0612b90                socket
 .text          0xc0612d25      0x102 lib/sys/connect.o
                0xc0612d25                connect
 .text          0xc0612e27       0x38 lib/arpa/ntohs.o
                0xc0612e27                ntohs
 .text          0xc0612e5f       0x7c lib/arpa/htonl.o
                0xc0612e5f                htonl
 .text          0xc0612edb       0x38 lib/arpa/htons.o
                0xc0612edb                htons
 .text          0xc0612f13      0x295 lib/arpa/inet_pton.o
                0xc0612f13                isValidIPv4
                0xc061309d                inet_pton
 .text          0xc06131a8       0x7c lib/arpa/ntohl.o
                0xc06131a8                ntohl
 .text          0xc0613224       0xe3 lib/arpa/inet_ntop.o
                0xc0613224                inet_ntop
 *(.gnu.warning)

.fini
 *(SORT_NONE(.fini))
                [!provide]                        PROVIDE (__etext = .)
                [!provide]                        PROVIDE (_etext = .)
                [!provide]                        PROVIDE (etext = .)
                0xc0614000                        . = ALIGN (CONSTANT (MAXPAGESIZE))
                0xc0614000                        . = SEGMENT_START ("rodata-segment", (ALIGN (CONSTANT (MAXPAGESIZE)) + (. & (CONSTANT (MAXPAGESIZE) - 0x1))))

.rodata         0xc0614000     0x1e0b
 *(.rodata .rodata.* .gnu.linkonce.r.*)
 .rodata        0xc0614000       0x3c double_link_list.o
 .rodata        0xc061403c      0x1c8 kernel_main.o
 .rodata        0xc0614204       0x22 console.o
 *fill*         0xc0614226        0x2 
 .rodata        0xc0614228       0x4c process.o
 *fill*         0xc0614274        0xc 
 .rodata        0xc0614280      0xb61 kernel_main_old.o
 .rodata        0xc0614de1        0x9 network/skbuff.o
 *fill*         0xc0614dea        0x2 
 .rodata        0xc0614dec      0x23d network/socket.o
 *fill*         0xc0615029        0x3 
 .rodata        0xc061502c       0xbd network/ip_input.o
 *fill*         0xc06150e9        0x3 
 .rodata        0xc06150ec       0x2d network/udp_sock.o
 *fill*         0xc0615119        0x3 
 .rodata        0xc061511c       0x48 network/inet.o
 .rodata        0xc0615164        0x9 network/ip_output.o
 *fill*         0xc061516d        0x3 
 .rodata        0xc0615170       0x31 network/tcp.o
 .rodata        0xc06151a1        0x9 network/sock.o
 *fill*         0xc06151aa        0x2 
 .rodata        0xc06151ac       0xc3 network/tcp_output.o
 *fill*         0xc061526f        0x1 
 .rodata        0xc0615270       0xd0 network/arp.o
 .rodata        0xc0615340       0xe8 network/tcp_sock.o
 .rodata        0xc0615428      0x184 network/ipc.o
 .rodata        0xc06155ac       0x32 network/icmpv4.o
 *fill*         0xc06155de        0x2 
 .rodata        0xc06155e0      0x1ae network/netdev.o
 .rodata        0xc061578e       0x14 network/dst.o
 *fill*         0xc06157a2        0x2 
 .rodata        0xc06157a4       0x60 network/tcp_input.o
 .rodata        0xc0615804       0x7c network/task_network.o
 .rodata        0xc0615880       0x36 network/route.o
 .rodata        0xc06158b6        0x9 network/udp.o
 .rodata        0xc06158bf       0x1e network/tcp_data.o
 *fill*         0xc06158dd        0x3 
 .rodata        0xc06158e0       0x41 network/utils.o
 *fill*         0xc0615921        0x3 
 .rodata        0xc0615924      0x19c hd/hd.o
 .rodata        0xc0615ac0      0x1fb fs/fs_main.o
                0xc0615ac0                FSBUF_SIZE
 .rodata        0xc0615cbb       0x21 mm/forkexit.o
 .rodata        0xc0615cdc       0x10 mm/exec.o
 .rodata        0xc0615cec       0x11 mm/main.o
 .rodata        0xc0615cfd       0x5a mem/mem.o
 .rodata        0xc0615d57       0x2d lib/exec.o
 .rodata        0xc0615d84        0x9 lib/socket_close.o
 .rodata        0xc0615d8d        0x9 lib/socket_read.o
 .rodata        0xc0615d96        0x9 lib/socket_write.o
 .rodata        0xc0615d9f       0x2a lib/stdio/close.o
 .rodata        0xc0615dc9       0x33 lib/sys/socket.o
 .rodata        0xc0615dfc        0x9 lib/sys/connect.o
 .rodata        0xc0615e05        0x3 lib/arpa/inet_pton.o
 .rodata        0xc0615e08        0x3 lib/arpa/inet_ntop.o

.txt            0xc0615e0b       0xaa
 .txt           0xc0615e0b       0x82 string.o
                0xc0615e0b                Memcpy2
                0xc0615e39                Memset
                0xc0615e58                Strcpy
                0xc0615e72                Strlen
 .txt           0xc0615e8d       0x28 hd/hd_rdwt.o
                0xc0615e8d                read_port
                0xc0615ea1                write_port

.rodata1
 *(.rodata1)

.eh_frame_hdr
 *(.eh_frame_hdr)
 *(.eh_frame_entry .eh_frame_entry.*)

.eh_frame       0xc0615eb8     0x4334
 *(.eh_frame)
 .eh_frame      0xc0615eb8       0xd8 double_link_list.o
 .eh_frame      0xc0615f90      0x108 kernel_main.o
                                0x120 (size before relaxing)
 .eh_frame      0xc0616098      0x100 protect.o
                                0x118 (size before relaxing)
 .eh_frame      0xc0616198      0x1e0 console.o
                                0x1f8 (size before relaxing)
 .eh_frame      0xc0616378       0x80 process.o
                                 0x98 (size before relaxing)
 .eh_frame      0xc06163f8      0x6cc kernel_main_old.o
                                0x6e4 (size before relaxing)
 .eh_frame      0xc0616ac4       0xa0 keyboard.o
                                 0xb8 (size before relaxing)
 .eh_frame      0xc0616b64       0x80 thread.o
                                 0x98 (size before relaxing)
 .eh_frame      0xc0616be4       0xe0 my_process.o
                                 0xf8 (size before relaxing)
 .eh_frame      0xc0616cc4       0xe0 network/skbuff.o
                                 0xf8 (size before relaxing)
 .eh_frame      0xc0616da4      0x2a0 network/socket.o
                                0x2b8 (size before relaxing)
 .eh_frame      0xc0617044      0x104 network/ip_input.o
                                0x11c (size before relaxing)
 .eh_frame      0xc0617148      0x404 network/udp_sock.o
                                0x41c (size before relaxing)
 .eh_frame      0xc061754c      0x180 network/inet.o
                                0x198 (size before relaxing)
 .eh_frame      0xc06176cc       0x40 network/ip_output.o
                                 0x58 (size before relaxing)
 .eh_frame      0xc061770c      0x268 network/tcp.o
                                0x280 (size before relaxing)
 .eh_frame      0xc0617974      0x1a0 network/sock.o
                                0x1b8 (size before relaxing)
 .eh_frame      0xc0617b14      0x3c4 network/tcp_output.o
                                0x3dc (size before relaxing)
 .eh_frame      0xc0617ed8      0x220 network/arp.o
                                0x238 (size before relaxing)
 .eh_frame      0xc06180f8      0x4c0 network/tcp_sock.o
                                0x4d8 (size before relaxing)
 .eh_frame      0xc06185b8      0x274 network/ipc.o
                                0x28c (size before relaxing)
 .eh_frame      0xc061882c       0x80 network/icmpv4.o
                                 0x98 (size before relaxing)
 .eh_frame      0xc06188ac      0x214 network/netdev.o
                                0x22c (size before relaxing)
 .eh_frame      0xc0618ac0       0x60 network/dst.o
                                 0x78 (size before relaxing)
 .eh_frame      0xc0618b20      0x300 network/tcp_input.o
                                0x318 (size before relaxing)
 .eh_frame      0xc0618e20       0x60 network/task_network.o
                                 0x78 (size before relaxing)
 .eh_frame      0xc0618e80      0x124 network/route.o
                                0x13c (size before relaxing)
 .eh_frame      0xc0618fa4      0x1e4 network/udp.o
                                0x1fc (size before relaxing)
 .eh_frame      0xc0619188      0x200 network/tcp_data.o
                                0x218 (size before relaxing)
 .eh_frame      0xc0619388       0xe4 network/utils.o
                                 0xfc (size before relaxing)
 .eh_frame      0xc061946c      0x264 hd/hd.o
                                0x27c (size before relaxing)
 .eh_frame      0xc06196d0      0x27c fs/fs_main.o
                                0x294 (size before relaxing)
 .eh_frame      0xc061994c       0x80 mm/forkexit.o
                                 0x98 (size before relaxing)
 .eh_frame      0xc06199cc       0x20 mm/exec.o
                                 0x38 (size before relaxing)
 .eh_frame      0xc06199ec       0x3c mm/main.o
                                 0x54 (size before relaxing)
 .eh_frame      0xc0619a28      0x364 mem/mem.o
                                0x37c (size before relaxing)
 .eh_frame      0xc0619d8c       0x60 lib/exec.o
                                 0x78 (size before relaxing)
 .eh_frame      0xc0619dec       0x20 lib/fork.o
                                 0x38 (size before relaxing)
 .eh_frame      0xc0619e0c       0x20 lib/exit.o
                                 0x38 (size before relaxing)
 .eh_frame      0xc0619e2c       0x20 lib/unlink.o
                                 0x38 (size before relaxing)
 .eh_frame      0xc0619e4c       0x20 lib/wait.o
                                 0x38 (size before relaxing)
 .eh_frame      0xc0619e6c       0x20 lib/socket_close.o
                                 0x38 (size before relaxing)
 .eh_frame      0xc0619e8c       0x20 lib/socket_read.o
                                 0x38 (size before relaxing)
 .eh_frame      0xc0619eac       0x20 lib/alloca.o
                                 0x38 (size before relaxing)
 .eh_frame      0xc0619ecc       0x20 lib/calloc.o
                                 0x38 (size before relaxing)
 .eh_frame      0xc0619eec       0x20 lib/floor.o
                                 0x38 (size before relaxing)
 .eh_frame      0xc0619f0c       0x20 lib/socket_write.o
                                 0x38 (size before relaxing)
 .eh_frame      0xc0619f2c       0x20 lib/getpid.o
                                 0x38 (size before relaxing)
 .eh_frame      0xc0619f4c       0x20 lib/stdlib/atoi.o
                                 0x38 (size before relaxing)
 .eh_frame      0xc0619f6c       0x20 lib/stdlib/strtol.o
                                 0x38 (size before relaxing)
 .eh_frame      0xc0619f8c       0x20 lib/string/strtok.o
                                 0x38 (size before relaxing)
 .eh_frame      0xc0619fac       0x20 lib/string/strcmp.o
                                 0x38 (size before relaxing)
 .eh_frame      0xc0619fcc       0x20 lib/string/strncmp.o
                                 0x38 (size before relaxing)
 .eh_frame      0xc0619fec       0x20 lib/string/strpbrk.o
                                 0x38 (size before relaxing)
 .eh_frame      0xc061a00c       0x20 lib/stdio/read.o
                                 0x38 (size before relaxing)
 .eh_frame      0xc061a02c       0x20 lib/stdio/perror.o
                                 0x38 (size before relaxing)
 .eh_frame      0xc061a04c       0x20 lib/stdio/sscanf.o
                                 0x38 (size before relaxing)
 .eh_frame      0xc061a06c       0x20 lib/stdio/open.o
                                 0x38 (size before relaxing)
 .eh_frame      0xc061a08c       0x20 lib/stdio/write.o
                                 0x38 (size before relaxing)
 .eh_frame      0xc061a0ac       0x20 lib/stdio/close.o
                                 0x38 (size before relaxing)
 .eh_frame      0xc061a0cc       0x20 lib/sys/socket.o
                                 0x38 (size before relaxing)
 .eh_frame      0xc061a0ec       0x20 lib/sys/connect.o
                                 0x38 (size before relaxing)
 .eh_frame      0xc061a10c       0x20 lib/arpa/ntohs.o
                                 0x38 (size before relaxing)
 .eh_frame      0xc061a12c       0x20 lib/arpa/htonl.o
                                 0x38 (size before relaxing)
 .eh_frame      0xc061a14c       0x20 lib/arpa/htons.o
                                 0x38 (size before relaxing)
 .eh_frame      0xc061a16c       0x40 lib/arpa/inet_pton.o
                                 0x58 (size before relaxing)
 .eh_frame      0xc061a1ac       0x20 lib/arpa/ntohl.o
                                 0x38 (size before relaxing)
 .eh_frame      0xc061a1cc       0x20 lib/arpa/inet_ntop.o
                                 0x38 (size before relaxing)
 *(.eh_frame.*)

.sframe
 *(.sframe)
 *(.sframe.*)

.gcc_except_table
 *(.gcc_except_table .gcc_except_table.*)

.gnu_extab
 *(.gnu_extab*)

.exception_ranges
 *(.exception_ranges*)
                0xc061b000                        . = DATA_SEGMENT_ALIGN (CONSTANT (MAXPAGESIZE), CONSTANT (COMMONPAGESIZE))

.eh_frame
 *(.eh_frame)
 *(.eh_frame.*)

.sframe
 *(.sframe)
 *(.sframe.*)

.gnu_extab
 *(.gnu_extab)

.gcc_except_table
 *(.gcc_except_table .gcc_except_table.*)

.exception_ranges
 *(.exception_ranges*)

.tdata          0xc061b000        0x0
                [!provide]                        PROVIDE (__tdata_start = .)
 *(.tdata .tdata.* .gnu.linkonce.td.*)

.tbss
 *(.tbss .tbss.* .gnu.linkonce.tb.*)
 *(.tcommon)

.preinit_array  0xc061b000        0x0
                [!provide]                        PROVIDE (__preinit_array_start = .)
 *(.preinit_array)
                [!provide]                        PROVIDE (__preinit_array_end = .)

.init_array     0xc061b000        0x0
                [!provide]                        PROVIDE (__init_array_start = .)
 *(SORT_BY_INIT_PRIORITY(.init_array.*) SORT_BY_INIT_PRIORITY(.ctors.*))
 *(.init_array EXCLUDE_FILE(*crtend?.o *crtend.o *crtbegin?.o *crtbegin.o) .ctors)
                [!provide]                        PROVIDE (__init_array_end = .)

.fini_array     0xc061b000        0x0
                [!provide]                        PROVIDE (__fini_array_start = .)
 *(SORT_BY_INIT_PRIORITY(.fini_array.*) SORT_BY_INIT_PRIORITY(.dtors.*))
 *(.fini_array EXCLUDE_FILE(*crtend?.o *crtend.o *crtbegin?.o *crtbegin.o) .dtors)
                [!provide]                        PROVIDE (__fini_array_end = .)

.ctors
 *crtbegin.o(.ctors)
 *crtbegin?.o(.ctors)
 *(EXCLUDE_FILE(*crtend?.o *crtend.o) .ctors)
 *(SORT_BY_NAME(.ctors.*))
 *(.ctors)

.dtors
 *crtbegin.o(.dtors)
 *crtbegin?.o(.dtors)
 *(EXCLUDE_FILE(*crtend?.o *crtend.o) .dtors)
 *(SORT_BY_NAME(.dtors.*))
 *(.dtors)

.jcr
 *(.jcr)

.data.rel.ro
 *(.data.rel.ro.local* .gnu.linkonce.d.rel.ro.local.*)
 *(.data.rel.ro .data.rel.ro.* .gnu.linkonce.d.rel.ro.*)

.dynamic
 *(.dynamic)

.got            0xc061b000        0x0
 *(.got)
 .got           0xc061b000        0x0 kernel/kernel_sub.o
 *(.igot)
                0xc061b000                        . = DATA_SEGMENT_RELRO_END (., (SIZEOF (.got.plt) >= 0xc)?0xc:0x0)

.got.plt        0xc061b000        0x0
 *(.got.plt)
 .got.plt       0xc061b000        0x0 kernel/kernel_sub.o
 *(.igot.plt)
 .igot.plt      0xc061b000        0x0 kernel/kernel_sub.o

.data           0xc061b000      0xbbc
 *(.data .data.* .gnu.linkonce.d.*)
 .data          0xc061b000        0xf kernel/kernel_sub.o
 *fill*         0xc061b00f        0x1 
 .data          0xc061b010        0xf kernel/kernel.o
 *fill*         0xc061b01f        0x1 
 .data          0xc061b020        0x0 syscall.o
 .data          0xc061b020        0x0 double_link_list.o
 .data          0xc061b020      0x17c global.o
                0xc061b020                user_task_table
                0xc061b0a0                sys_task_table
                0xc061b180                sys_call_table
 .data          0xc061b19c        0x0 kernel_main.o
 .data          0xc061b19c        0x0 protect.o
 .data          0xc061b19c        0x0 console.o
 .data          0xc061b19c        0x0 process.o
 .data          0xc061b19c        0x0 kernel_main_old.o
 *fill*         0xc061b19c        0x4 
 .data          0xc061b1a0      0x600 keyboard.o
                0xc061b1a0                keymap
 .data          0xc061b7a0        0x0 thread.o
 .data          0xc061b7a0        0x0 my_process.o
 .data          0xc061b7a0        0x4 network/skbuff.o
 *fill*         0xc061b7a4       0x1c 
 .data          0xc061b7c0      0x224 network/socket.o
 .data          0xc061b9e4        0x4 network/ip_input.o
 *fill*         0xc061b9e8       0x18 
 .data          0xc061ba00       0x54 network/udp_sock.o
                0xc061ba20                udp_ops
 *fill*         0xc061ba54        0xc 
 .data          0xc061ba60       0x80 network/inet.o
                0xc061ba68                inet
 .data          0xc061bae0        0x4 network/ip_output.o
 .data          0xc061bae4        0x8 network/tcp.o
 .data          0xc061baec        0x4 network/sock.o
 .data          0xc061baf0        0x4 network/tcp_output.o
 .data          0xc061baf4       0x14 network/arp.o
 *fill*         0xc061bb08       0x18 
 .data          0xc061bb20       0x54 network/tcp_sock.o
                0xc061bb40                tcp_ops
 .data          0xc061bb74        0xc network/ipc.o
 .data          0xc061bb80        0x4 network/icmpv4.o
 .data          0xc061bb84        0x4 network/netdev.o
 .data          0xc061bb88        0x4 network/dst.o
 .data          0xc061bb8c        0x4 network/tcp_input.o
 .data          0xc061bb90        0x4 network/task_network.o
 .data          0xc061bb94        0x4 network/route.o
 .data          0xc061bb98        0x8 network/udp.o
 .data          0xc061bba0        0x4 network/tcp_data.o
 .data          0xc061bba4        0x4 network/utils.o
 .data          0xc061bba8        0x0 hd/hd.o
 .data          0xc061bba8        0x0 fs/fs_main.o
 .data          0xc061bba8        0x0 mm/forkexit.o
 .data          0xc061bba8        0x0 mm/exec.o
 .data          0xc061bba8        0x0 mm/main.o
 .data          0xc061bba8        0x0 mem/mem.o
 .data          0xc061bba8        0x0 lib/exec.o
 .data          0xc061bba8        0x0 lib/fork.o
 .data          0xc061bba8        0x0 lib/exit.o
 .data          0xc061bba8        0x0 lib/unlink.o
 .data          0xc061bba8        0x0 lib/wait.o
 .data          0xc061bba8        0x4 lib/socket_close.o
 .data          0xc061bbac        0x4 lib/socket_read.o
 .data          0xc061bbb0        0x0 lib/alloca.o
 .data          0xc061bbb0        0x0 lib/calloc.o
 .data          0xc061bbb0        0x0 lib/floor.o
 .data          0xc061bbb0        0x4 lib/socket_write.o
 .data          0xc061bbb4        0x0 lib/getpid.o
 .data          0xc061bbb4        0x0 lib/stdlib/atoi.o
 .data          0xc061bbb4        0x0 lib/stdlib/strtol.o
 .data          0xc061bbb4        0x0 lib/string/strtok.o
 .data          0xc061bbb4        0x0 lib/string/strcmp.o
 .data          0xc061bbb4        0x0 lib/string/strncmp.o
 .data          0xc061bbb4        0x0 lib/string/strpbrk.o
 .data          0xc061bbb4        0x0 lib/stdio/read.o
 .data          0xc061bbb4        0x0 lib/stdio/perror.o
 .data          0xc061bbb4        0x0 lib/stdio/sscanf.o
 .data          0xc061bbb4        0x0 lib/stdio/open.o
 .data          0xc061bbb4        0x0 lib/stdio/write.o
 .data          0xc061bbb4        0x0 lib/stdio/close.o
 .data          0xc061bbb4        0x4 lib/sys/socket.o
 .data          0xc061bbb8        0x4 lib/sys/connect.o
 .data          0xc061bbbc        0x0 lib/arpa/ntohs.o
 .data          0xc061bbbc        0x0 lib/arpa/htonl.o
 .data          0xc061bbbc        0x0 lib/arpa/htons.o
 .data          0xc061bbbc        0x0 lib/arpa/inet_pton.o
 .data          0xc061bbbc        0x0 lib/arpa/ntohl.o
 .data          0xc061bbbc        0x0 lib/arpa/inet_ntop.o

.data1
 *(.data1)
                0xc061bbbc                        _edata = .
                [!provide]                        PROVIDE (edata = .)
                0xc061bbbc                        . = .
                0xc061bbbc                        __bss_start = .

.bss            0xc061bbc0    0xa5888
 *(.dynbss)
 *(.bss .bss.* .gnu.linkonce.b.*)
 .bss           0xc061bbc0      0x800 kernel/kernel_sub.o
 .bss           0xc061c3c0      0x800 kernel/kernel.o
 .bss           0xc061cbc0        0x0 double_link_list.o
 .bss           0xc061cbc0        0x0 global.o
 .bss           0xc061cbc0        0x0 kernel_main.o
 .bss           0xc061cbc0        0x0 protect.o
 .bss           0xc061cbc0        0x0 console.o
 .bss           0xc061cbc0        0x0 process.o
 .bss           0xc061cbc0        0x0 kernel_main_old.o
 .bss           0xc061cbc0        0x0 keyboard.o
 .bss           0xc061cbc0        0x0 thread.o
 .bss           0xc061cbc0        0x0 my_process.o
 .bss           0xc061cbc0        0x0 network/skbuff.o
 .bss           0xc061cbc0        0x4 network/socket.o
 .bss           0xc061cbc4        0x0 network/ip_input.o
 .bss           0xc061cbc4        0x4 network/udp_sock.o
 .bss           0xc061cbc8        0x0 network/inet.o
 .bss           0xc061cbc8        0x0 network/ip_output.o
 .bss           0xc061cbc8        0x0 network/tcp.o
 .bss           0xc061cbc8        0x0 network/sock.o
 .bss           0xc061cbc8        0x0 network/tcp_output.o
 .bss           0xc061cbc8        0x0 network/arp.o
 .bss           0xc061cbc8        0x0 network/tcp_sock.o
 .bss           0xc061cbc8        0x4 network/ipc.o
 .bss           0xc061cbcc        0x0 network/icmpv4.o
 .bss           0xc061cbcc        0x0 network/netdev.o
 .bss           0xc061cbcc        0x0 network/dst.o
 .bss           0xc061cbcc        0x0 network/tcp_input.o
 .bss           0xc061cbcc        0x0 network/task_network.o
 .bss           0xc061cbcc        0x0 network/route.o
 .bss           0xc061cbcc        0x0 network/udp.o
 .bss           0xc061cbcc        0x0 network/tcp_data.o
 .bss           0xc061cbcc        0x0 network/utils.o
 .bss           0xc061cbcc        0x0 hd/hd.o
 .bss           0xc061cbcc        0x4 fs/fs_main.o
                0xc061cbcc                c
 .bss           0xc061cbd0        0x0 mm/forkexit.o
 .bss           0xc061cbd0        0x0 mm/exec.o
 .bss           0xc061cbd0        0x0 mm/main.o
 .bss           0xc061cbd0        0x0 mem/mem.o
 .bss           0xc061cbd0        0x0 lib/exec.o
 .bss           0xc061cbd0        0x0 lib/fork.o
 .bss           0xc061cbd0        0x0 lib/exit.o
 .bss           0xc061cbd0        0x0 lib/unlink.o
 .bss           0xc061cbd0        0x0 lib/wait.o
 .bss           0xc061cbd0        0x0 lib/socket_close.o
 .bss           0xc061cbd0        0x0 lib/socket_read.o
 .bss           0xc061cbd0        0x0 lib/alloca.o
 .bss           0xc061cbd0        0x0 lib/calloc.o
 .bss           0xc061cbd0        0x0 lib/floor.o
 .bss           0xc061cbd0        0x0 lib/socket_write.o
 .bss           0xc061cbd0        0x0 lib/getpid.o
 .bss           0xc061cbd0        0x0 lib/stdlib/atoi.o
 .bss           0xc061cbd0        0x0 lib/stdlib/strtol.o
 .bss           0xc061cbd0        0x4 lib/string/strtok.o
 .bss           0xc061cbd4        0x0 lib/string/strcmp.o
 .bss           0xc061cbd4        0x0 lib/string/strncmp.o
 .bss           0xc061cbd4        0x0 lib/string/strpbrk.o
 .bss           0xc061cbd4        0x0 lib/stdio/read.o
 .bss           0xc061cbd4        0x0 lib/stdio/perror.o
 .bss           0xc061cbd4        0x0 lib/stdio/sscanf.o
 .bss           0xc061cbd4        0x0 lib/stdio/open.o
 .bss           0xc061cbd4        0x0 lib/stdio/write.o
 .bss           0xc061cbd4        0x0 lib/stdio/close.o
 .bss           0xc061cbd4        0x0 lib/sys/socket.o
 .bss           0xc061cbd4        0x0 lib/sys/connect.o
 .bss           0xc061cbd4        0x0 lib/arpa/ntohs.o
 .bss           0xc061cbd4        0x0 lib/arpa/htonl.o
 .bss           0xc061cbd4        0x0 lib/arpa/htons.o
 .bss           0xc061cbd4        0x0 lib/arpa/inet_pton.o
 .bss           0xc061cbd4        0x0 lib/arpa/ntohl.o
 .bss           0xc061cbd4        0x0 lib/arpa/inet_ntop.o
 *(COMMON)
 *fill*         0xc061cbd4        0xc 
 COMMON         0xc061cbe0     0x17b8 double_link_list.o
                0xc061cbe0                current_tty
                0xc061cbe4                is_e0
                0xc061cbe8                idt_ptr
                0xc061cbf0                pid
                0xc061cbf4                KernelVirtualMemory
                0xc061cc00                loop
                0xc061cc04                current_dis_pos
                0xc061cc08                dis_pos
                0xc061cc0c                netdev
                0xc061cc10                k_reenter
                0xc061cc20                gdt
                0xc061d020                proc_ready_table
                0xc061d024                test_ticks
                0xc061d028                pcaller
                0xc061d040                keyboard_buffer
                0xc061d24c                pcb_list
                0xc061d25c                gdt_index
                0xc061d260                tty_table
                0xc061daa0                tss
                0xc061db0c                KernelPool
                0xc061db1c                net_buf
                0xc061db20                nic_current_page
                0xc061db24                counter
                0xc061db28                key_pressed
                0xc061db2c                fork_pid
                0xc061db30                is_shift
                0xc061db31                net_data
                0xc061db34                routes
                0xc061db38                gdt_ptr
                0xc061db40                idt
                0xc061e340                main_thread
                0xc061e348                ticks
                0xc061e350                is_init
                0xc061e354                UserPool
                0xc061e364                all_pcb_list
                0xc061e374                console_table
                0xc061e384                is_disp
                0xc061e388                MAIN_THREAD_PAGE_DIRECTORY
                0xc061e38c                helloStr
 *fill*         0xc061e398        0x8 
 COMMON         0xc061e3a0    0xa1d40 global.o
                0xc061e3a0                proc_stack
                0xc06be3a0                proc_table
 COMMON         0xc06c00e0      0x440 hd/hd.o
                0xc06c00e0                hd_info
                0xc06c0320                hd_cache
 COMMON         0xc06c0520      0xe68 fs/fs_main.o
                0xc06c0520                file_desc_table
                0xc06c0920                phy_super_block_buf
                0xc06c0924                phy_fsbuf
                0xc06c0940                inode_table
                0xc06c1340                super_block_buf
                0xc06c1344                fsbuf
                0xc06c1360                root
 *fill*         0xc06c1388       0x18 
 COMMON         0xc06c13a0       0xa8 mem/mem.o
                0xc06c13a0                kernel_mem_block_decs_array
                0xc06c1448                        . = ALIGN ((. != 0x0)?0x4:0x1)
                0xc06c1448                        . = ALIGN (0x4)
                0xc06c1448                        . = SEGMENT_START ("ldata-segment", .)
                0xc06c1448                        . = ALIGN (0x4)
                0xc06c1448                        _end = .
                [!provide]                        PROVIDE (end = .)
                0xc06c1448                        . = DATA_SEGMENT_END (.)

.stab
 *(.stab)

.stabstr
 *(.stabstr)

.stab.excl
 *(.stab.excl)

.stab.exclstr
 *(.stab.exclstr)

.stab.index
 *(.stab.index)

.stab.indexstr
 *(.stab.indexstr)

.comment        0x00000000       0x2c
 *(.comment)
 .comment       0x00000000       0x2c double_link_list.o
                                 0x2d (size before relaxing)
 .comment       0x0000002c       0x2d global.o
 .comment       0x0000002c       0x2d kernel_main.o
 .comment       0x0000002c       0x2d protect.o
 .comment       0x0000002c       0x2d console.o
 .comment       0x0000002c       0x2d process.o
 .comment       0x0000002c       0x2d kernel_main_old.o
 .comment       0x0000002c       0x2d keyboard.o
 .comment       0x0000002c       0x2d thread.o
 .comment       0x0000002c       0x2d my_process.o
 .comment       0x0000002c       0x2d network/skbuff.o
 .comment       0x0000002c       0x2d network/socket.o
 .comment       0x0000002c       0x2d network/ip_input.o
 .comment       0x0000002c       0x2d network/udp_sock.o
 .comment       0x0000002c       0x2d network/inet.o
 .comment       0x0000002c       0x2d network/ip_output.o
 .comment       0x0000002c       0x2d network/tcp.o
 .comment       0x0000002c       0x2d network/sock.o
 .comment       0x0000002c       0x2d network/tcp_output.o
 .comment       0x0000002c       0x2d network/arp.o
 .comment       0x0000002c       0x2d network/tcp_sock.o
 .comment       0x0000002c       0x2d network/ipc.o
 .comment       0x0000002c       0x2d network/icmpv4.o
 .comment       0x0000002c       0x2d network/netdev.o
 .comment       0x0000002c       0x2d network/dst.o
 .comment       0x0000002c       0x2d network/tcp_input.o
 .comment       0x0000002c       0x2d network/task_network.o
 .comment       0x0000002c       0x2d network/route.o
 .comment       0x0000002c       0x2d network/udp.o
 .comment       0x0000002c       0x2d network/tcp_data.o
 .comment       0x0000002c       0x2d network/utils.o
 .comment       0x0000002c       0x2d hd/hd.o
 .comment       0x0000002c       0x2d fs/fs_main.o
 .comment       0x0000002c       0x2d mm/forkexit.o
 .comment       0x0000002c       0x2d mm/exec.o
 .comment       0x0000002c       0x2d mm/main.o
 .comment       0x0000002c       0x2d mem/mem.o
 .comment       0x0000002c       0x2d lib/exec.o
 .comment       0x0000002c       0x2d lib/fork.o
 .comment       0x0000002c       0x2d lib/exit.o
 .comment       0x0000002c       0x2d lib/unlink.o
 .comment       0x0000002c       0x2d lib/wait.o
 .comment       0x0000002c       0x2d lib/socket_close.o
 .comment       0x0000002c       0x2d lib/socket_read.o
 .comment       0x0000002c       0x2d lib/alloca.o
 .comment       0x0000002c       0x2d lib/calloc.o
 .comment       0x0000002c       0x2d lib/floor.o
 .comment       0x0000002c       0x2d lib/socket_write.o
 .comment       0x0000002c       0x2d lib/getpid.o
 .comment       0x0000002c       0x2d lib/stdlib/atoi.o
 .comment       0x0000002c       0x2d lib/stdlib/strtol.o
 .comment       0x0000002c       0x2d lib/string/strtok.o
 .comment       0x0000002c       0x2d lib/string/strcmp.o
 .comment       0x0000002c       0x2d lib/string/strncmp.o
 .comment       0x0000002c       0x2d lib/string/strpbrk.o
 .comment       0x0000002c       0x2d lib/stdio/read.o
 .comment       0x0000002c       0x2d lib/stdio/perror.o
 .comment       0x0000002c       0x2d lib/stdio/sscanf.o
 .comment       0x0000002c       0x2d lib/stdio/open.o
 .comment       0x0000002c       0x2d lib/stdio/write.o
 .comment       0x0000002c       0x2d lib/stdio/close.o
 .comment       0x0000002c       0x2d lib/sys/socket.o
 .comment       0x0000002c       0x2d lib/sys/connect.o
 .comment       0x0000002c       0x2d lib/arpa/ntohs.o
 .comment       0x0000002c       0x2d lib/arpa/htonl.o
 .comment       0x0000002c       0x2d lib/arpa/htons.o
 .comment       0x0000002c       0x2d lib/arpa/inet_pton.o
 .comment       0x0000002c       0x2d lib/arpa/ntohl.o
 .comment       0x0000002c       0x2d lib/arpa/inet_ntop.o

.gnu.build.attributes
 *(.gnu.build.attributes .gnu.build.attributes.*)

.debug
 *(.debug)

.line
 *(.line)

.debug_srcinfo
 *(.debug_srcinfo)

.debug_sfnames
 *(.debug_sfnames)

.debug_aranges  0x00000000      0x898
 *(.debug_aranges)
 .debug_aranges
                0x00000000       0x20 double_link_list.o
 .debug_aranges
                0x00000020       0x18 global.o
 .debug_aranges
                0x00000038       0x20 kernel_main.o
 .debug_aranges
                0x00000058       0x20 protect.o
 .debug_aranges
                0x00000078       0x20 console.o
 .debug_aranges
                0x00000098       0x20 process.o
 .debug_aranges
                0x000000b8       0x20 kernel_main_old.o
 .debug_aranges
                0x000000d8       0x20 keyboard.o
 .debug_aranges
                0x000000f8       0x20 thread.o
 .debug_aranges
                0x00000118       0x20 my_process.o
 .debug_aranges
                0x00000138       0x20 network/skbuff.o
 .debug_aranges
                0x00000158       0x20 network/socket.o
 .debug_aranges
                0x00000178       0x20 network/ip_input.o
 .debug_aranges
                0x00000198       0x20 network/udp_sock.o
 .debug_aranges
                0x000001b8       0x20 network/inet.o
 .debug_aranges
                0x000001d8       0x20 network/ip_output.o
 .debug_aranges
                0x000001f8       0x20 network/tcp.o
 .debug_aranges
                0x00000218       0x20 network/sock.o
 .debug_aranges
                0x00000238       0x20 network/tcp_output.o
 .debug_aranges
                0x00000258       0x20 network/arp.o
 .debug_aranges
                0x00000278       0x20 network/tcp_sock.o
 .debug_aranges
                0x00000298       0x20 network/ipc.o
 .debug_aranges
                0x000002b8       0x20 network/icmpv4.o
 .debug_aranges
                0x000002d8       0x20 network/netdev.o
 .debug_aranges
                0x000002f8       0x20 network/dst.o
 .debug_aranges
                0x00000318       0x20 network/tcp_input.o
 .debug_aranges
                0x00000338       0x20 network/task_network.o
 .debug_aranges
                0x00000358       0x20 network/route.o
 .debug_aranges
                0x00000378       0x20 network/udp.o
 .debug_aranges
                0x00000398       0x20 network/tcp_data.o
 .debug_aranges
                0x000003b8       0x20 network/utils.o
 .debug_aranges
                0x000003d8       0x20 hd/hd.o
 .debug_aranges
                0x000003f8       0x20 fs/fs_main.o
 .debug_aranges
                0x00000418       0x20 mm/forkexit.o
 .debug_aranges
                0x00000438       0x20 mm/exec.o
 .debug_aranges
                0x00000458       0x20 mm/main.o
 .debug_aranges
                0x00000478       0x20 mem/mem.o
 .debug_aranges
                0x00000498       0x20 lib/exec.o
 .debug_aranges
                0x000004b8       0x20 lib/fork.o
 .debug_aranges
                0x000004d8       0x20 lib/exit.o
 .debug_aranges
                0x000004f8       0x20 lib/unlink.o
 .debug_aranges
                0x00000518       0x20 lib/wait.o
 .debug_aranges
                0x00000538       0x20 lib/socket_close.o
 .debug_aranges
                0x00000558       0x20 lib/socket_read.o
 .debug_aranges
                0x00000578       0x20 lib/alloca.o
 .debug_aranges
                0x00000598       0x20 lib/calloc.o
 .debug_aranges
                0x000005b8       0x20 lib/floor.o
 .debug_aranges
                0x000005d8       0x20 lib/socket_write.o
 .debug_aranges
                0x000005f8       0x20 lib/getpid.o
 .debug_aranges
                0x00000618       0x20 lib/stdlib/atoi.o
 .debug_aranges
                0x00000638       0x20 lib/stdlib/strtol.o
 .debug_aranges
                0x00000658       0x20 lib/string/strtok.o
 .debug_aranges
                0x00000678       0x20 lib/string/strcmp.o
 .debug_aranges
                0x00000698       0x20 lib/string/strncmp.o
 .debug_aranges
                0x000006b8       0x20 lib/string/strpbrk.o
 .debug_aranges
                0x000006d8       0x20 lib/stdio/read.o
 .debug_aranges
                0x000006f8       0x20 lib/stdio/perror.o
 .debug_aranges
                0x00000718       0x20 lib/stdio/sscanf.o
 .debug_aranges
                0x00000738       0x20 lib/stdio/open.o
 .debug_aranges
                0x00000758       0x20 lib/stdio/write.o
 .debug_aranges
                0x00000778       0x20 lib/stdio/close.o
 .debug_aranges
                0x00000798       0x20 lib/sys/socket.o
 .debug_aranges
                0x000007b8       0x20 lib/sys/connect.o
 .debug_aranges
                0x000007d8       0x20 lib/arpa/ntohs.o
 .debug_aranges
                0x000007f8       0x20 lib/arpa/htonl.o
 .debug_aranges
                0x00000818       0x20 lib/arpa/htons.o
 .debug_aranges
                0x00000838       0x20 lib/arpa/inet_pton.o
 .debug_aranges
                0x00000858       0x20 lib/arpa/ntohl.o
 .debug_aranges
                0x00000878       0x20 lib/arpa/inet_ntop.o

.debug_pubnames
 *(.debug_pubnames)

.debug_info     0x00000000    0x460ad
 *(.debug_info .gnu.linkonce.wi.*)
 .debug_info    0x00000000     0x10b1 double_link_list.o
 .debug_info    0x000010b1      0xef9 global.o
 .debug_info    0x00001faa     0x11d5 kernel_main.o
 .debug_info    0x0000317f     0x1224 protect.o
 .debug_info    0x000043a3     0x12f9 console.o
 .debug_info    0x0000569c      0xfd1 process.o
 .debug_info    0x0000666d     0x28d0 kernel_main_old.o
 .debug_info    0x00008f3d     0x104d keyboard.o
 .debug_info    0x00009f8a     0x10d8 thread.o
 .debug_info    0x0000b062     0x150c my_process.o
 .debug_info    0x0000c56e     0x11cc network/skbuff.o
 .debug_info    0x0000d73a     0x1c35 network/socket.o
 .debug_info    0x0000f36f     0x1ae1 network/ip_input.o
 .debug_info    0x00010e50     0x1f13 network/udp_sock.o
 .debug_info    0x00012d63     0x1a9a network/inet.o
 .debug_info    0x000147fd     0x177b network/ip_output.o
 .debug_info    0x00015f78     0x1e44 network/tcp.o
 .debug_info    0x00017dbc     0x1896 network/sock.o
 .debug_info    0x00019652     0x235f network/tcp_output.o
 .debug_info    0x0001b9b1     0x192c network/arp.o
 .debug_info    0x0001d2dd     0x2235 network/tcp_sock.o
 .debug_info    0x0001f512     0x1d7f network/ipc.o
 .debug_info    0x00021291     0x193f network/icmpv4.o
 .debug_info    0x00022bd0     0x178c network/netdev.o
 .debug_info    0x0002435c     0x126c network/dst.o
 .debug_info    0x000255c8     0x2147 network/tcp_input.o
 .debug_info    0x0002770f     0x112c network/task_network.o
 .debug_info    0x0002883b     0x1282 network/route.o
 .debug_info    0x00029abd     0x1b44 network/udp.o
 .debug_info    0x0002b601     0x1dad network/tcp_data.o
 .debug_info    0x0002d3ae      0x367 network/utils.o
 .debug_info    0x0002d715     0x1868 hd/hd.o
 .debug_info    0x0002ef7d     0x1faa fs/fs_main.o
 .debug_info    0x00030f27     0x100d mm/forkexit.o
 .debug_info    0x00031f34     0x1249 mm/exec.o
 .debug_info    0x0003317d      0xe3b mm/main.o
 .debug_info    0x00033fb8     0x1dcd mem/mem.o
 .debug_info    0x00035d85      0xfaf lib/exec.o
 .debug_info    0x00036d34      0xe17 lib/fork.o
 .debug_info    0x00037b4b      0xe22 lib/exit.o
 .debug_info    0x0003896d      0xf00 lib/unlink.o
 .debug_info    0x0003986d      0xe30 lib/wait.o
 .debug_info    0x0003a69d     0x1043 lib/socket_close.o
 .debug_info    0x0003b6e0     0x114b lib/socket_read.o
 .debug_info    0x0003c82b       0xb6 lib/alloca.o
 .debug_info    0x0003c8e1      0xf28 lib/calloc.o
 .debug_info    0x0003d809       0x6b lib/floor.o
 .debug_info    0x0003d874     0x1150 lib/socket_write.o
 .debug_info    0x0003e9c4      0xe17 lib/getpid.o
 .debug_info    0x0003f7db       0xc9 lib/stdlib/atoi.o
 .debug_info    0x0003f8a4       0xd6 lib/stdlib/strtol.o
 .debug_info    0x0003f97a       0xae lib/string/strtok.o
 .debug_info    0x0003fa28       0xc1 lib/string/strcmp.o
 .debug_info    0x0003fae9      0x110 lib/string/strncmp.o
 .debug_info    0x0003fbf9       0xcf lib/string/strpbrk.o
 .debug_info    0x0003fcc8      0xea1 lib/stdio/read.o
 .debug_info    0x00040b69       0x5c lib/stdio/perror.o
 .debug_info    0x00040bc5      0x202 lib/stdio/sscanf.o
 .debug_info    0x00040dc7      0xe02 lib/stdio/open.o
 .debug_info    0x00041bc9      0xe9e lib/stdio/write.o
 .debug_info    0x00042a67      0xdb6 lib/stdio/close.o
 .debug_info    0x0004381d     0x10e3 lib/sys/socket.o
 .debug_info    0x00044900     0x10dd lib/sys/connect.o
 .debug_info    0x000459dd       0xa8 lib/arpa/ntohs.o
 .debug_info    0x00045a85       0xcb lib/arpa/htonl.o
 .debug_info    0x00045b50       0xa8 lib/arpa/htons.o
 .debug_info    0x00045bf8      0x260 lib/arpa/inet_pton.o
 .debug_info    0x00045e58       0xcb lib/arpa/ntohl.o
 .debug_info    0x00045f23      0x18a lib/arpa/inet_ntop.o

.debug_abbrev   0x00000000     0x8549
 *(.debug_abbrev)
 .debug_abbrev  0x00000000      0x216 double_link_list.o
 .debug_abbrev  0x00000216      0x157 global.o
 .debug_abbrev  0x0000036d      0x25e kernel_main.o
 .debug_abbrev  0x000005cb      0x227 protect.o
 .debug_abbrev  0x000007f2      0x2ac console.o
 .debug_abbrev  0x00000a9e      0x1e0 process.o
 .debug_abbrev  0x00000c7e      0x43a kernel_main_old.o
 .debug_abbrev  0x000010b8      0x1fb keyboard.o
 .debug_abbrev  0x000012b3      0x222 thread.o
 .debug_abbrev  0x000014d5      0x260 my_process.o
 .debug_abbrev  0x00001735      0x23f network/skbuff.o
 .debug_abbrev  0x00001974      0x327 network/socket.o
 .debug_abbrev  0x00001c9b      0x2d1 network/ip_input.o
 .debug_abbrev  0x00001f6c      0x3b1 network/udp_sock.o
 .debug_abbrev  0x0000231d      0x24b network/inet.o
 .debug_abbrev  0x00002568      0x213 network/ip_output.o
 .debug_abbrev  0x0000277b      0x332 network/tcp.o
 .debug_abbrev  0x00002aad      0x273 network/sock.o
 .debug_abbrev  0x00002d20      0x39b network/tcp_output.o
 .debug_abbrev  0x000030bb      0x34e network/arp.o
 .debug_abbrev  0x00003409      0x3e6 network/tcp_sock.o
 .debug_abbrev  0x000037ef      0x311 network/ipc.o
 .debug_abbrev  0x00003b00      0x236 network/icmpv4.o
 .debug_abbrev  0x00003d36      0x2f4 network/netdev.o
 .debug_abbrev  0x0000402a      0x23a network/dst.o
 .debug_abbrev  0x00004264      0x355 network/tcp_input.o
 .debug_abbrev  0x000045b9      0x1d1 network/task_network.o
 .debug_abbrev  0x0000478a      0x24e network/route.o
 .debug_abbrev  0x000049d8      0x2d3 network/udp.o
 .debug_abbrev  0x00004cab      0x2a6 network/tcp_data.o
 .debug_abbrev  0x00004f51      0x17a network/utils.o
 .debug_abbrev  0x000050cb      0x2e3 hd/hd.o
 .debug_abbrev  0x000053ae      0x2f8 fs/fs_main.o
 .debug_abbrev  0x000056a6      0x204 mm/forkexit.o
 .debug_abbrev  0x000058aa      0x1c4 mm/exec.o
 .debug_abbrev  0x00005a6e      0x208 mm/main.o
 .debug_abbrev  0x00005c76      0x330 mem/mem.o
 .debug_abbrev  0x00005fa6      0x1e8 lib/exec.o
 .debug_abbrev  0x0000618e      0x18a lib/fork.o
 .debug_abbrev  0x00006318      0x19b lib/exit.o
 .debug_abbrev  0x000064b3      0x193 lib/unlink.o
 .debug_abbrev  0x00006646      0x19f lib/wait.o
 .debug_abbrev  0x000067e5      0x1b0 lib/socket_close.o
 .debug_abbrev  0x00006995      0x1dd lib/socket_read.o
 .debug_abbrev  0x00006b72       0xcd lib/alloca.o
 .debug_abbrev  0x00006c3f      0x191 lib/calloc.o
 .debug_abbrev  0x00006dd0       0x6a lib/floor.o
 .debug_abbrev  0x00006e3a      0x1db lib/socket_write.o
 .debug_abbrev  0x00007015      0x18a lib/getpid.o
 .debug_abbrev  0x0000719f       0x94 lib/stdlib/atoi.o
 .debug_abbrev  0x00007233       0x8b lib/stdlib/strtol.o
 .debug_abbrev  0x000072be       0x91 lib/string/strtok.o
 .debug_abbrev  0x0000734f       0x94 lib/string/strcmp.o
 .debug_abbrev  0x000073e3       0xbe lib/string/strncmp.o
 .debug_abbrev  0x000074a1       0xa5 lib/string/strpbrk.o
 .debug_abbrev  0x00007546      0x1ef lib/stdio/read.o
 .debug_abbrev  0x00007735       0x5c lib/stdio/perror.o
 .debug_abbrev  0x00007791       0xca lib/stdio/sscanf.o
 .debug_abbrev  0x0000785b      0x1c5 lib/stdio/open.o
 .debug_abbrev  0x00007a20      0x1db lib/stdio/write.o
 .debug_abbrev  0x00007bfb      0x19d lib/stdio/close.o
 .debug_abbrev  0x00007d98      0x1cc lib/sys/socket.o
 .debug_abbrev  0x00007f64      0x1b7 lib/sys/connect.o
 .debug_abbrev  0x0000811b       0x6c lib/arpa/ntohs.o
 .debug_abbrev  0x00008187       0xa5 lib/arpa/htonl.o
 .debug_abbrev  0x0000822c       0x6c lib/arpa/htons.o
 .debug_abbrev  0x00008298      0x116 lib/arpa/inet_pton.o
 .debug_abbrev  0x000083ae       0xa5 lib/arpa/ntohl.o
 .debug_abbrev  0x00008453       0xf6 lib/arpa/inet_ntop.o

.debug_line     0x00000000     0xa8fd
 *(.debug_line .debug_line.* .debug_line_end)
 .debug_line    0x00000000      0x235 double_link_list.o
 .debug_line    0x00000235       0xb3 global.o
 .debug_line    0x000002e8      0x26d kernel_main.o
 .debug_line    0x00000555      0x21d protect.o
 .debug_line    0x00000772      0x56c console.o
 .debug_line    0x00000cde      0x1d8 process.o
 .debug_line    0x00000eb6      0xe4d kernel_main_old.o
 .debug_line    0x00001d03      0x2b4 keyboard.o
 .debug_line    0x00001fb7      0x163 thread.o
 .debug_line    0x0000211a      0x359 my_process.o
 .debug_line    0x00002473      0x1ab network/skbuff.o
 .debug_line    0x0000261e      0x3c8 network/socket.o
 .debug_line    0x000029e6      0x28e network/ip_input.o
 .debug_line    0x00002c74      0x4c8 network/udp_sock.o
 .debug_line    0x0000313c      0x326 network/inet.o
 .debug_line    0x00003462      0x20b network/ip_output.o
 .debug_line    0x0000366d      0x30d network/tcp.o
 .debug_line    0x0000397a      0x238 network/sock.o
 .debug_line    0x00003bb2      0x5a1 network/tcp_output.o
 .debug_line    0x00004153      0x4e6 network/arp.o
 .debug_line    0x00004639      0x594 network/tcp_sock.o
 .debug_line    0x00004bcd      0x616 network/ipc.o
 .debug_line    0x000051e3      0x232 network/icmpv4.o
 .debug_line    0x00005415      0x424 network/netdev.o
 .debug_line    0x00005839      0x199 network/dst.o
 .debug_line    0x000059d2      0x671 network/tcp_input.o
 .debug_line    0x00006043      0x205 network/task_network.o
 .debug_line    0x00006248      0x238 network/route.o
 .debug_line    0x00006480      0x302 network/udp.o
 .debug_line    0x00006782      0x3ff network/tcp_data.o
 .debug_line    0x00006b81      0x13c network/utils.o
 .debug_line    0x00006cbd      0x64d hd/hd.o
 .debug_line    0x0000730a      0xc43 fs/fs_main.o
 .debug_line    0x00007f4d      0x192 mm/forkexit.o
 .debug_line    0x000080df      0x22a mm/exec.o
 .debug_line    0x00008309      0x10a mm/main.o
 .debug_line    0x00008413      0x78e mem/mem.o
 .debug_line    0x00008ba1      0x1a9 lib/exec.o
 .debug_line    0x00008d4a       0xc3 lib/fork.o
 .debug_line    0x00008e0d       0xbe lib/exit.o
 .debug_line    0x00008ecb       0xde lib/unlink.o
 .debug_line    0x00008fa9       0xd5 lib/wait.o
 .debug_line    0x0000907e      0x151 lib/socket_close.o
 .debug_line    0x000091cf      0x192 lib/socket_read.o
 .debug_line    0x00009361       0x5f lib/alloca.o
 .debug_line    0x000093c0       0xf9 lib/calloc.o
 .debug_line    0x000094b9       0x5a lib/floor.o
 .debug_line    0x00009513      0x195 lib/socket_write.o
 .debug_line    0x000096a8       0xbe lib/getpid.o
 .debug_line    0x00009766       0xad lib/stdlib/atoi.o
 .debug_line    0x00009813       0xbb lib/stdlib/strtol.o
 .debug_line    0x000098ce       0x6e lib/string/strtok.o
 .debug_line    0x0000993c       0x9c lib/string/strcmp.o
 .debug_line    0x000099d8       0xcc lib/string/strncmp.o
 .debug_line    0x00009aa4       0xb0 lib/string/strpbrk.o
 .debug_line    0x00009b54      0x15b lib/stdio/read.o
 .debug_line    0x00009caf       0x48 lib/stdio/perror.o
 .debug_line    0x00009cf7      0x220 lib/stdio/sscanf.o
 .debug_line    0x00009f17       0xc3 lib/stdio/open.o
 .debug_line    0x00009fda       0xe0 lib/stdio/write.o
 .debug_line    0x0000a0ba       0xb3 lib/stdio/close.o
 .debug_line    0x0000a16d      0x188 lib/sys/socket.o
 .debug_line    0x0000a2f5      0x170 lib/sys/connect.o
 .debug_line    0x0000a465       0x6c lib/arpa/ntohs.o
 .debug_line    0x0000a4d1       0xc1 lib/arpa/htonl.o
 .debug_line    0x0000a592       0x6c lib/arpa/htons.o
 .debug_line    0x0000a5fe      0x167 lib/arpa/inet_pton.o
 .debug_line    0x0000a765       0xc1 lib/arpa/ntohl.o
 .debug_line    0x0000a826       0xd7 lib/arpa/inet_ntop.o

.debug_frame
 *(.debug_frame)

.debug_str      0x00000000     0x384a
 *(.debug_str)
 .debug_str     0x00000000     0x384a double_link_list.o
                                0x6fa (size before relaxing)
 .debug_str     0x0000384a      0x628 global.o
 .debug_str     0x0000384a      0x771 kernel_main.o
 .debug_str     0x0000384a      0x783 protect.o
 .debug_str     0x0000384a      0x777 console.o
 .debug_str     0x0000384a      0x662 process.o
 .debug_str     0x0000384a      0xba3 kernel_main_old.o
 .debug_str     0x0000384a      0x6b4 keyboard.o
 .debug_str     0x0000384a      0x72f thread.o
 .debug_str     0x0000384a      0x916 my_process.o
 .debug_str     0x0000384a      0x71a network/skbuff.o
 .debug_str     0x0000384a      0x946 network/socket.o
 .debug_str     0x0000384a      0x9a2 network/ip_input.o
 .debug_str     0x0000384a      0xa78 network/udp_sock.o
 .debug_str     0x0000384a      0x905 network/inet.o
 .debug_str     0x0000384a      0x85d network/ip_output.o
 .debug_str     0x0000384a      0xb34 network/tcp.o
 .debug_str     0x0000384a      0x8bd network/sock.o
 .debug_str     0x0000384a      0xc24 network/tcp_output.o
 .debug_str     0x0000384a      0x90e network/arp.o
 .debug_str     0x0000384a      0xcc7 network/tcp_sock.o
 .debug_str     0x0000384a      0x935 network/ipc.o
 .debug_str     0x0000384a      0x921 network/icmpv4.o
 .debug_str     0x0000384a      0x89c network/netdev.o
 .debug_str     0x0000384a      0x735 network/dst.o
 .debug_str     0x0000384a      0xb94 network/tcp_input.o
 .debug_str     0x0000384a      0x6db network/task_network.o
 .debug_str     0x0000384a      0x736 network/route.o
 .debug_str     0x0000384a      0x954 network/udp.o
 .debug_str     0x0000384a      0xa50 network/tcp_data.o
 .debug_str     0x0000384a      0x1b8 network/utils.o
 .debug_str     0x0000384a      0x931 hd/hd.o
 .debug_str     0x0000384a      0xb12 fs/fs_main.o
 .debug_str     0x0000384a      0x62f mm/forkexit.o
 .debug_str     0x0000384a      0x885 mm/exec.o
 .debug_str     0x0000384a      0x5b0 mm/main.o
 .debug_str     0x0000384a      0xad6 mem/mem.o
 .debug_str     0x0000384a      0x644 lib/exec.o
 .debug_str     0x0000384a      0x5b6 lib/fork.o
 .debug_str     0x0000384a      0x5bd lib/exit.o
 .debug_str     0x0000384a      0x63c lib/unlink.o
 .debug_str     0x0000384a      0x5bd lib/wait.o
 .debug_str     0x0000384a      0x6db lib/socket_close.o
 .debug_str     0x0000384a      0x752 lib/socket_read.o
 .debug_str     0x0000384a       0xce lib/alloca.o
 .debug_str     0x0000384a      0x649 lib/calloc.o
 .debug_str     0x0000384a       0xa2 lib/floor.o
 .debug_str     0x0000384a      0x755 lib/socket_write.o
 .debug_str     0x0000384a      0x5ba lib/getpid.o
 .debug_str     0x0000384a       0xad lib/stdlib/atoi.o
 .debug_str     0x0000384a       0xc6 lib/stdlib/strtol.o
 .debug_str     0x0000384a       0xb9 lib/string/strtok.o
 .debug_str     0x0000384a       0xb1 lib/string/strcmp.o
 .debug_str     0x0000384a       0xba lib/string/strncmp.o
 .debug_str     0x0000384a       0xc1 lib/string/strpbrk.o
 .debug_str     0x0000384a      0x617 lib/stdio/read.o
 .debug_str     0x0000384a       0x99 lib/stdio/perror.o
 .debug_str     0x0000384a      0x109 lib/stdio/sscanf.o
 .debug_str     0x0000384a      0x5de lib/stdio/open.o
 .debug_str     0x0000384a      0x5f3 lib/stdio/write.o
 .debug_str     0x0000384a      0x5a6 lib/stdio/close.o
 .debug_str     0x0000384a      0x716 lib/sys/socket.o
 .debug_str     0x0000384a      0x735 lib/sys/connect.o
 .debug_str     0x0000384a      0x101 lib/arpa/ntohs.o
 .debug_str     0x0000384a       0xf4 lib/arpa/htonl.o
 .debug_str     0x0000384a      0x102 lib/arpa/htons.o
 .debug_str     0x0000384a      0x14c lib/arpa/inet_pton.o
 .debug_str     0x0000384a       0xf3 lib/arpa/ntohl.o
 .debug_str     0x0000384a      0x10f lib/arpa/inet_ntop.o

.debug_loc
 *(.debug_loc)

.debug_macinfo
 *(.debug_macinfo)

.debug_weaknames
 *(.debug_weaknames)

.debug_funcnames
 *(.debug_funcnames)

.debug_typenames
 *(.debug_typenames)

.debug_varnames
 *(.debug_varnames)

.debug_pubtypes
 *(.debug_pubtypes)

.debug_ranges   0x00000000       0x90
 *(.debug_ranges)
 .debug_ranges  0x00000000       0x30 kernel_main_old.o
 .debug_ranges  0x00000030       0x48 hd/hd.o
 .debug_ranges  0x00000078       0x18 mm/exec.o

.debug_addr
 *(.debug_addr)

.debug_line_str
 *(.debug_line_str)

.debug_loclists
 *(.debug_loclists)

.debug_macro
 *(.debug_macro)

.debug_names
 *(.debug_names)

.debug_rnglists
 *(.debug_rnglists)

.debug_str_offsets
 *(.debug_str_offsets)

.debug_sup
 *(.debug_sup)

.gnu.attributes
 *(.gnu.attributes)

/DISCARD/
 *(.note.GNU-stack)
 *(.gnu_debuglink)
 *(.gnu.lto_*)
OUTPUT(kernel.bin elf32-i386)
