
Merging program properties

Removed property 0xc0010001 to merge double_link_list.o (0x1) and kernel/kernel_sub.o (not found)
Removed property 0xc0010002 to merge double_link_list.o (0x0) and kernel/kernel_sub.o (not found)
Removed property 0xc0010001 to merge double_link_list.o (not found) and kernel_main.o (0x1)
Removed property 0xc0010002 to merge double_link_list.o (not found) and kernel_main.o (0x0)
Removed property 0xc0010001 to merge double_link_list.o (not found) and protect.o (0x1)
Removed property 0xc0010002 to merge double_link_list.o (not found) and protect.o (0x0)
Removed property 0xc0010001 to merge double_link_list.o (not found) and console.o (0x1)
Removed property 0xc0010002 to merge double_link_list.o (not found) and console.o (0x1)
Removed property 0xc0010001 to merge double_link_list.o (not found) and process.o (0x1)
Removed property 0xc0010002 to merge double_link_list.o (not found) and process.o (0x0)
Removed property 0xc0010001 to merge double_link_list.o (not found) and kernel_main_old.o (0x1)
Removed property 0xc0010002 to merge double_link_list.o (not found) and kernel_main_old.o (0x1)
Removed property 0xc0010001 to merge double_link_list.o (not found) and global.o (0x1)
Removed property 0xc0010002 to merge double_link_list.o (not found) and global.o (0x0)
Removed property 0xc0010001 to merge double_link_list.o (not found) and keyboard.o (0x1)
Removed property 0xc0010002 to merge double_link_list.o (not found) and keyboard.o (0x0)
Removed property 0xc0010001 to merge double_link_list.o (not found) and thread.o (0x1)
Removed property 0xc0010002 to merge double_link_list.o (not found) and thread.o (0x0)
Removed property 0xc0010001 to merge double_link_list.o (not found) and my_process.o (0x1)
Removed property 0xc0010002 to merge double_link_list.o (not found) and my_process.o (0x1)
Removed property 0xc0010001 to merge double_link_list.o (not found) and network/skbuff.o (0x1)
Removed property 0xc0010002 to merge double_link_list.o (not found) and network/skbuff.o (0x0)
Removed property 0xc0010001 to merge double_link_list.o (not found) and network/socket.o (0x1)
Removed property 0xc0010002 to merge double_link_list.o (not found) and network/socket.o (0x0)
Removed property 0xc0010001 to merge double_link_list.o (not found) and network/ip_input.o (0x1)
Removed property 0xc0010002 to merge double_link_list.o (not found) and network/ip_input.o (0x0)
Removed property 0xc0010001 to merge double_link_list.o (not found) and network/udp_sock.o (0x1)
Removed property 0xc0010002 to merge double_link_list.o (not found) and network/udp_sock.o (0x0)
Removed property 0xc0010001 to merge double_link_list.o (not found) and network/tcp_sock.o (0x1)
Removed property 0xc0010002 to merge double_link_list.o (not found) and network/tcp_sock.o (0x0)
Removed property 0xc0010001 to merge double_link_list.o (not found) and network/inet.o (0x1)
Removed property 0xc0010002 to merge double_link_list.o (not found) and network/inet.o (0x0)
Removed property 0xc0010001 to merge double_link_list.o (not found) and network/tcp.o (0x1)
Removed property 0xc0010002 to merge double_link_list.o (not found) and network/tcp.o (0x0)
Removed property 0xc0010001 to merge double_link_list.o (not found) and network/sock.o (0x1)
Removed property 0xc0010002 to merge double_link_list.o (not found) and network/sock.o (0x0)
Removed property 0xc0010001 to merge double_link_list.o (not found) and network/tcp_output.o (0x1)
Removed property 0xc0010002 to merge double_link_list.o (not found) and network/tcp_output.o (0x1)
Removed property 0xc0010001 to merge double_link_list.o (not found) and network/arp.o (0x1)
Removed property 0xc0010002 to merge double_link_list.o (not found) and network/arp.o (0x0)
Removed property 0xc0010001 to merge double_link_list.o (not found) and network/dst.o (0x1)
Removed property 0xc0010002 to merge double_link_list.o (not found) and network/dst.o (0x0)
Removed property 0xc0010001 to merge double_link_list.o (not found) and network/ipc.o (0x1)
Removed property 0xc0010002 to merge double_link_list.o (not found) and network/ipc.o (0x1)
Removed property 0xc0010001 to merge double_link_list.o (not found) and network/icmpv4.o (0x1)
Removed property 0xc0010002 to merge double_link_list.o (not found) and network/icmpv4.o (0x0)
Removed property 0xc0010001 to merge double_link_list.o (not found) and network/ip_output.o (0x1)
Removed property 0xc0010002 to merge double_link_list.o (not found) and network/ip_output.o (0x0)
Removed property 0xc0010001 to merge double_link_list.o (not found) and network/netdev.o (0x1)
Removed property 0xc0010002 to merge double_link_list.o (not found) and network/netdev.o (0x0)
Removed property 0xc0010001 to merge double_link_list.o (not found) and network/tcp_input.o (0x1)
Removed property 0xc0010002 to merge double_link_list.o (not found) and network/tcp_input.o (0x0)
Removed property 0xc0010001 to merge double_link_list.o (not found) and network/task_network.o (0x1)
[...]
Memory Configuration

Name             Origin             Length             Attributes
*default*        0x00000000         0xffffffff

Linker script and memory map

Address of section .text set to 0xc0600000
LOAD kernel/kernel_sub.o
LOAD kernel/kernel.o
LOAD switch_to.o
LOAD string.o
LOAD syscall.o
LOAD hd/hd_rdwt.o
LOAD network/ne2000.o
LOAD double_link_list.o
LOAD kernel_main.o
LOAD protect.o
LOAD console.o
LOAD process.o
LOAD kernel_main_old.o
LOAD global.o
LOAD keyboard.o
LOAD thread.o
LOAD my_process.o
LOAD network/skbuff.o
LOAD network/socket.o
LOAD network/ip_input.o
LOAD network/udp_sock.o
LOAD network/tcp_sock.o
LOAD network/inet.o
LOAD network/tcp.o
LOAD network/sock.o
LOAD network/tcp_output.o
LOAD network/arp.o
LOAD network/dst.o
LOAD network/ipc.o
LOAD network/icmpv4.o
LOAD network/ip_output.o
LOAD network/netdev.o
LOAD network/tcp_input.o
LOAD network/task_network.o
LOAD network/route.o
LOAD network/udp.o
LOAD network/tcp_data.o
LOAD network/utils.o
LOAD hd/hd.o
LOAD fs/fs_main.o
LOAD mm/forkexit.o
LOAD mm/exec.o
LOAD mm/main.o
LOAD mem/mem.o
LOAD lib/exec.o
LOAD lib/fork.o
LOAD lib/exit.o
LOAD lib/unlink.o
LOAD lib/wait.o
LOAD lib/socket_close.o
LOAD lib/socket_read.o
LOAD lib/alloca.o
LOAD lib/calloc.o
LOAD lib/floor.o
LOAD lib/socket_write.o
LOAD lib/getpid.o
LOAD lib/stdlib/atoi.o
LOAD lib/stdlib/strtol.o
LOAD lib/string/strtok.o
LOAD lib/string/strcmp.o
LOAD lib/string/strncmp.o
LOAD lib/string/strpbrk.o
LOAD lib/stdio/read.o
LOAD lib/stdio/perror.o
LOAD lib/stdio/sscanf.o
LOAD lib/stdio/open.o
LOAD lib/stdio/write.o
LOAD lib/stdio/close.o
LOAD lib/sys/socket.o
LOAD lib/sys/connect.o
LOAD lib/arpa/ntohs.o
LOAD lib/arpa/htonl.o
LOAD lib/arpa/htons.o
LOAD lib/arpa/inet_pton.o
LOAD lib/arpa/ntohl.o
LOAD lib/arpa/inet_ntop.o
                [!provide]                        PROVIDE (__executable_start = SEGMENT_START ("text-segment", 0x8048000))
                0x080480d4                        . = (SEGMENT_START ("text-segment", 0x8048000) + SIZEOF_HEADERS)

.interp
 *(.interp)

.note.gnu.build-id
 *(.note.gnu.build-id)

.hash
 *(.hash)

.gnu.hash
 *(.gnu.hash)

.dynsym
 *(.dynsym)

.dynstr
 *(.dynstr)

.gnu.version
 *(.gnu.version)

.gnu.version_d
 *(.gnu.version_d)

.gnu.version_r
 *(.gnu.version_r)

.rel.dyn        0x080480d4        0x0
 *(.rel.init)
 *(.rel.text .rel.text.* .rel.gnu.linkonce.t.*)
 .rel.text      0x080480d4        0x0 kernel/kernel_sub.o
 *(.rel.fini)
 *(.rel.rodata .rel.rodata.* .rel.gnu.linkonce.r.*)
 *(.rel.data.rel.ro .rel.data.rel.ro.* .rel.gnu.linkonce.d.rel.ro.*)
 *(.rel.data .rel.data.* .rel.gnu.linkonce.d.*)
 *(.rel.tdata .rel.tdata.* .rel.gnu.linkonce.td.*)
 *(.rel.tbss .rel.tbss.* .rel.gnu.linkonce.tb.*)
 *(.rel.ctors)
 *(.rel.dtors)
 *(.rel.got)
 .rel.got       0x080480d4        0x0 kernel/kernel_sub.o
 *(.rel.bss .rel.bss.* .rel.gnu.linkonce.b.*)
 *(.rel.ifunc)

.rel.plt        0x080480d4        0x0
 *(.rel.plt)
                [!provide]                        PROVIDE (__rel_iplt_start = .)
 *(.rel.iplt)
 .rel.iplt      0x080480d4        0x0 kernel/kernel_sub.o
                [!provide]                        PROVIDE (__rel_iplt_end = .)

.relr.dyn
 *(.relr.dyn)
                0x08049000                        . = ALIGN (CONSTANT (MAXPAGESIZE))

.init
 *(SORT_NONE(.init))

.plt            0x08049000        0x0
 *(.plt)
 *(.iplt)
 .iplt          0x08049000        0x0 kernel/kernel_sub.o

.plt.got
 *(.plt.got)

.plt.sec
 *(.plt.sec)

.text           0xc0600000    0x12dc7
 *(.text.unlikely .text.*_unlikely .text.unlikely.*)
 *(.text.exit .text.exit.*)
 *(.text.startup .text.startup.*)
 *(.text.hot .text.hot.*)
 *(SORT_BY_NAME(.text.sorted.*))
 *(.text .stub .text.* .gnu.linkonce.t.*)
 .text          0xc0600000       0x71 kernel/kernel_sub.o
                0xc0600000                _start
 *fill*         0xc0600071        0xf 
 .text          0xc0600080      0x3d2 kernel/kernel.o
                0xc0600080                InterruptTest
                0xc060008c                disp_str_len
                0xc06000d9                disp_str
                0xc0600114                disp_str_colour
                0xc0600150                divide_zero_fault
                0xc0600156                single_step_fault
                0xc060015c                non_maskable_interrupt
                0xc0600162                breakpoint_trap
                0xc0600168                overflow_trap
                0xc060016e                bound_range_exceeded_fault
                0xc0600174                invalid_opcode_fault
                0xc060017a                coprocessor_not_available_fault
                0xc0600180                double_fault_exception_abort
                0xc0600184                coprocessor_segment_overrun
                0xc060018a                invalid_task_state_segment_fault
                0xc060018e                segment_not_present_fault
                0xc0600192                stack_exception_fault
                0xc0600196                general_protection_exception_fault
                0xc06001a1                page_fault
                0xc06001a5                coprocessor_error_fault
                0xc06001ab                align_check_fault
                0xc06001af                simd_float_exception_fault
                0xc06001be                hwint0
                0xc06001ee                hwint1
                0xc0600231                hwint14
                0xc0600277                hwint10
                0xc06002ba                sys_call
                0xc0600300                fork_restart
                0xc060030f                restart
                0xc0600332                in_byte
                0xc060033e                out_byte
                0xc0600360                disable_int
                0xc0600362                enable_int
                0xc06003f8                enable_8259A_casecade_irq
                0xc0600402                disable_8259A_casecade_irq
                0xc060040c                enable_8259A_slave_winchester_irq
                0xc0600416                disable_8259A_slave_winchester_irq
                0xc0600420                update_cr3
                0xc060042d                update_tss
                0xc060043c                get_running_thread_pcb
                0xc0600442                sys_call_test
                0xc0600445                enable_8259A_slave_net_irq
 *fill*         0xc0600452        0xe 
 .text          0xc0600460       0x15 switch_to.o
                0xc0600460                switch_to
 *fill*         0xc0600475        0xb 
 .text          0xc0600480       0x6a syscall.o
                0xc0600480                write_debug
                0xc0600490                send_msg
                0xc06004a6                receive_msg
                0xc06004bc                sys_malloc
                0xc06004d1                sys_free
 *fill*         0xc06004ea        0x6 
 .text          0xc06004f0      0x286 network/ne2000.o
                0xc0600513                DriverInitialize
                0xc060059d                StartSendToPhysicalLink
                0xc06005b8                SetPageStart
                0xc06005e0                DriverSend
                0xc060065a                PCtoNIC
                0xc06006c5                get_interrupt_status
                0xc06006e2                set_interrupt_status
                0xc0600702                get_curr_page
                0xc060071f                NICtoPC
 .text          0xc0600776      0x2ee double_link_list.o
                0xc0600776                initDoubleLinkList
                0xc06007c6                isListEmpty
                0xc06007f4                findElementInList
                0xc060088b                appendToDoubleLinkList
                0xc0600951                insertToDoubleLinkList
                0xc06009d5                popFromDoubleLinkList
 .text          0xc0600a64      0x51d kernel_main.o
                0xc0600a64                kernel_main
                0xc0600c1e                init
                0xc0600cb5                kernel_thread_a
                0xc0600d02                kernel_thread_b
                0xc0600d4f                kernel_thread_c
                0xc0600d65                kernel_thread_d
                0xc0600d7b                user_proc_a
                0xc0600f64                user_proc_b
 .text          0xc0600f81      0x3b3 protect.o
                0xc0600f81                InitDescriptor
                0xc0600fee                Seg2PhyAddr
                0xc060102f                Seg2PhyAddrLDT
                0xc0601073                VirAddr2PhyAddr
                0xc0601089                v2l
                0xc06010cc                init_propt
                0xc060124d                InitInterruptDesc
                0xc06012a9                ReloadGDT
 .text          0xc0601334      0xad3 console.o
                0xc0601334                select_console
                0xc0601370                flush
                0xc06013a9                set_cursor
                0xc0601407                set_console_start_video_addr
                0xc0601465                put_key
                0xc06014d1                scroll_up
                0xc0601513                scroll_down
                0xc060157e                out_char
                0xc060173b                tty_dev_read
                0xc0601765                tty_dev_write
                0xc0601992                tty_do_read
                0xc0601a5a                tty_do_write
                0xc0601bc3                init_screen
                0xc0601c4c                init_tty
                0xc0601d01                TaskTTY
 .text          0xc0601e07      0x2b7 process.o
                0xc0601e07                schedule_process
                0xc0601fcd                clock_handler
                0xc0602043                pid2proc
                0xc06020a7                proc2pid
 .text          0xc06020be     0x2de4 kernel_main_old.o
                0xc06020be                stop_here
                0xc0602102                catch_error
                0xc0602167                intr_enable
                0xc0602190                intr_disable
                0xc06021b9                intr_set_status
                0xc06021d7                intr_get_status
                0xc06021f4                Memcpy
                0xc0602227                untar
                0xc0602537                num_to_string
                0xc06025dd                disp_int
                0xc0602606                do_page_fault
                0xc0602743                exception_handler
                0xc060292e                init_internal_interrupt
                0xc0602aa3                spurious_irq
                0xc0602b31                init_keyboard
                0xc0602b74                TestTTY
                0xc0602c13                TestReadReturnValue
                0xc0602c90                TestWriteReturnValue
                0xc0602d64                TestFS2
                0xc0602d72                TestFS
                0xc0603214                wait_exit
                0xc0603312                INIT_fork
                0xc0603605                simple_shell
                0xc060378c                test_shell
                0xc06037f4                test_exec
                0xc06038e7                INIT
                0xc06038f4                TestA
                0xc0603929                delay
                0xc060396d                TestB
                0xc0603985                TestC
                0xc06039b8                sys_get_ticks
                0xc06039c8                sys_write
                0xc0603a1c                milli_delay
                0xc0603a58                TaskSys
                0xc0603a5d                Printf
                0xc0603b2f                sprintf
                0xc0603b5b                vsprintf
                0xc0603d07                printx
                0xc0603d4a                sys_printx
                0xc0603e16                spin
                0xc0603e3c                panic
                0xc0603e5a                assertion_failure
                0xc0603ecc                assertion_failure2
                0xc0603f41                dead_lock
                0xc0603f4b                sys_send_msg
                0xc060446a                sys_receive_msg
                0xc0604aca                send_rec
                0xc0604bc5                block
                0xc0604c01                unblock
                0xc0604c51                get_ticks_ipc
                0xc0604cab                itoa
                0xc0604d01                i2a
                0xc0604d67                inform_int
                0xc0604e33                deprecate_strcmp
 .text          0xc0604ea2        0x0 global.o
 .text          0xc0604ea2      0x40f keyboard.o
                0xc0604ea2                keyboard_handler
                0xc0604f26                read_from_keyboard_buf
                0xc0604f8c                keyboard_read
                0xc060510b                init_keyboard_handler
                0xc060511f                in_process
 .text          0xc06052b1      0x1b2 thread.o
                0xc06052b1                kernel_thread
                0xc06052c9                thread_init
                0xc0605376                thread_create
                0xc06053ab                thread_start
 .text          0xc0605463      0x730 my_process.o
                0xc0605463                create_user_process_address_space
                0xc06054f3                user_process
                0xc0605620                clone_pcb
                0xc0605792                build_body_stack
                0xc06058c5                build_process_kernel_stack
                0xc0605988                fork_process
                0xc0605a19                process_execute
 .text          0xc0605b93      0x15b network/skbuff.o
                0xc0605bac                alloc_skb
                0xc0605c3d                free_skb
                0xc0605c70                skb_reserve
                0xc0605c8c                skb_push
                0xc0605cbb                skb_head
                0xc0605cc6                skb_reset_header
 .text          0xc0605cee      0x66c network/socket.o
                0xc0605d9e                test
                0xc0605dfa                socket_debug
                0xc0605e5b                free_socket
                0xc0605f17                _socket
                0xc0605fd6                _bind
                0xc0606029                _connect
                0xc060607b                _write
                0xc06060d2                _read
                0xc0606129                _recvfrom
                0xc060616a                _sendto
                0xc06061c1                _close
                0xc0606240                _listen
                0xc06062a6                _accept
 .text          0xc060635a      0x2ed network/ip_input.o
                0xc06064e4                ip_rcv
 .text          0xc0606647      0x8cd network/udp_sock.o
                0xc0606885                udp_lookup_sock
                0xc06068cc                udp_init
                0xc06068fd                udp_close
                0xc0606923                udp_sock_init
                0xc060692d                udp_recvfrom
                0xc06069c6                udp_connect
                0xc0606a9f                udp_write
                0xc0606acb                udp_alloc_skb
                0xc0606b15                udp_sendto
                0xc0606c09                udp_send
                0xc0606d47                udp_alloc_sock
                0xc0606d88                udp_free_sock
                0xc0606dac                udp_read
 .text          0xc0606f14      0xa27 network/tcp_sock.o
                0xc06071d3                tcp_established_or_syn_recvd_socks_enqueue
                0xc06071ea                tcp_established_or_syn_recvd_socks_remove
                0xc06071fc                tcp_connecting_or_listening_socks_enqueue
                0xc0607213                tcp_connecting_or_listening_socks_remove
                0xc0607225                tcp_alloc_sock
                0xc060733b                tcp_free_sock
                0xc06073b4                tcp_init
                0xc06073be                tcp_sock_init
                0xc0607461                tcp_write
                0xc06074a2                tcp_read
                0xc0607555                tcp_close
                0xc0607613                tcp_recv_notify
                0xc060763e                tcp_v4_connect
                0xc060788e                tcp_lookup_sock
 .text          0xc060793b      0x429 network/inet.o
                0xc060793b                inet_create
                0xc06079eb                inet_socket
                0xc06079f5                inet_connect
                0xc0607a49                inet_write
                0xc0607a75                inet_read
                0xc0607aa1                inet_close
                0xc0607af0                inet_free
                0xc0607b26                inet_bind
                0xc0607c2f                inet_listen
                0xc0607c78                inet_accept
                0xc0607d23                inet_sendto
                0xc0607d4e                inet_recvfrom
 .text          0xc0607d64      0x448 network/tcp.o
                0xc0607f59                tcp_in
                0xc060800d                tcp_checksum
                0xc0608039                __tcp_set_state
                0xc0608048                tcp_generate_port
                0xc0608091                tcp_generate_isn
                0xc060809b                tcp_done
                0xc06080c4                tcp_clear_timers
                0xc06080d3                tcp_stop_retransmission_timer
                0xc06080ec                tcp_release_retransmission_timer
                0xc0608105                tcp_stop_delack_timer
                0xc0608118                tcp_release_delack_timer
                0xc060812b                tcp_handle_fin_state
                0xc0608190                tcp_enter_time_wait
 .text          0xc06081ac      0x203 network/sock.o
                0xc06082de                sk_alloc
                0xc0608305                sk_init
                0xc0608359                sk_init_with_socket
                0xc0608382                sk_free
 .text          0xc06083af      0xbbe network/tcp_output.o
                0xc0608875                tcp_send_synack
                0xc0608918                tcp_send_delack
                0xc0608953                tcp_send_ack
                0xc0608a9f                tcp_send_fin
                0xc0608b14                tcp_select_initial_window
                0xc0608cc6                tcp_reset_retransmission_timer
                0xc0608ce3                tcp_begin_connect
                0xc0608d8d                tcp_send
                0xc0608e72                tcp_send_reset
                0xc0608ef2                tcp_queue_fin
 .text          0xc0608f6d      0x6ef network/arp.o
                0xc060913a                arp_init
                0xc0609140                arp_rcv
                0xc06092f2                arp_request
                0xc060945c                arp_reply
                0xc06095bf                arp_get_hwaddr
                0xc060960b                free_arp
 .text          0xc060965c       0xee network/dst.o
                0xc060966a                dst_neigh_output
 .text          0xc060974a      0xd76 network/ipc.o
                0xc060a304                ipc_close
                0xc060a355                demux_ipc_socket_call
 .text          0xc060a4c0      0x234 network/icmpv4.o
                0xc060a4ce                icmpv4_incoming
                0xc060a542                icmpv4_reply
                0xc060a61b                icmpv4_timestamp
 .text          0xc060a6f4      0x1d3 network/ip_output.o
                0xc060a702                ip_output
 .text          0xc060a8c7      0x88a network/netdev.o
                0xc060aa55                netdev_init
                0xc060aa9c                netdev_transmit
                0xc060abf7                interrupt_wait2
                0xc060ac50                netdev_rx_loop
                0xc060ad89                netdev_get
                0xc060adc4                free_netdev
                0xc060adef                local_ipaddress
                0xc060ae2c                receive_msg_from_nic
                0xc060b00f                receive_msg_from_nic2
                0xc060b13b                net_handler
 .text          0xc060b151      0xb80 network/tcp_input.o
                0xc060b849                tcp_process
                0xc060bc0f                tcp_receive
 .text          0xc060bcd1      0x229 network/task_network.o
                0xc060bcd1                task_network
                0xc060be1e                task_netdev_rx
 .text          0xc060befa      0x2c8 network/route.o
                0xc060c027                route_add
                0xc060c06e                route_init
                0xc060c120                route_lookup
                0xc060c16e                free_routes
 .text          0xc060c1c2      0x3e0 network/udp.o
                0xc060c2cd                udp_generate_port
                0xc060c316                udp_checksum
                0xc060c3e4                udp_in
                0xc060c475                udp_data_dequeue
                0xc060c57d                udp_data_enqueue
 .text          0xc060c5a2      0x54a network/tcp_data.o
                0xc060c88d                tcp_data_dequeue
                0xc060c9ba                tcp_data_queue
 .text          0xc060caec      0x1e7 network/utils.o
                0xc060caec                run_cmd
                0xc060caf9                print_err
                0xc060cb10                parse_ipv4_string
                0xc060cb6f                ip_pton
                0xc060cbb7                sum_every_16bits
                0xc060cc0e                checksum
                0xc060cc4f                tcp_udp_checksum
 .text          0xc060ccd3      0xe84 hd/hd.o
                0xc060ccd3                TaskHD
                0xc060cd1e                init_hd
                0xc060cd38                hd_handle
                0xc060ce3d                hd_cmd_out
                0xc060cf3f                hd_identify
                0xc060cff6                print_hdinfo
                0xc060d184                print_dpt_entry
                0xc060d1f0                get_partition_table
                0xc060d2cf                partition
                0xc060d4e9                hd_open
                0xc060d599                get_hd_ioctl
                0xc060d653                wait_for
                0xc060d684                interrupt_wait
                0xc060d6dd                hd_rdwt
                0xc060d97f                hd_handler
                0xc060d9b0                debug_ticks
                0xc060d9ee                waitfor
                0xc060da32                print_hd_info
                0xc060db1f                is_empty
 .text          0xc060db57     0x2081 fs/fs_main.o
                0xc060db57                task_fs
                0xc060dd6b                rd_wt
                0xc060de4d                mkfs
                0xc060e42f                init_fs
                0xc060e489                do_open
                0xc060e692                search_file
                0xc060e7c4                strip_path
                0xc060e890                get_inode
                0xc060ea52                create_file
                0xc060eb5d                alloc_imap_bit
                0xc060ec5a                alloc_smap_bit
                0xc060edfb                new_inode
                0xc060ef19                new_dir_entry
                0xc060f125                do_unlink
                0xc060f601                do_rdwt
                0xc060f98c                sync_inode
                0xc060fae0                put_inode
                0xc060fb1e                do_close
                0xc060fb70                get_super_block
 .text          0xc060fbd8      0x24f mm/forkexit.o
                0xc060fbd8                do_fork
                0xc060fc46                do_exit
                0xc060fcd0                do_wait
                0xc060fdcd                cleanup
 .text          0xc060fe27      0x419 mm/exec.o
                0xc060fe27                do_exec
 .text          0xc0610240      0x14e mm/main.o
                0xc0610240                TaskMM
                0xc061036f                alloc_mem
 .text          0xc061038e     0x1118 mem/mem.o
                0xc061038e                init_bitmap
                0xc06103b1                test_bit_val
                0xc061041a                set_bit_val
                0xc0610495                set_bits
                0xc06104cf                get_first_free_bit
                0xc0610513                get_bits
                0xc06105db                get_a_page
                0xc061068f                get_virtual_address_start_with_addr
                0xc0610729                get_virtual_address
                0xc06107b9                ptr_pde
                0xc06107cc                ptr_pte
                0xc06107f3                add_map_entry
                0xc0610884                alloc_virtual_memory
                0xc0610950                get_physical_address_proc
                0xc06109cc                get_physical_address
                0xc06109fe                alloc_physical_memory_of_proc
                0xc0610aed                alloc_physical_memory
                0xc0610bb5                alloc_memory
                0xc0610c17                get_a_virtual_page
                0xc0610c4f                block2arena
                0xc0610c65                sys_malloc2
                0xc0610f92                remove_map_entry
                0xc0610fb3                free_a_page
                0xc061105a                sys_free2
                0xc0611060                init_memory_block_desc
                0xc0611131                init_memory2
                0xc0611366                init_memory
 .text          0xc06114a6      0x285 lib/exec.o
                0xc06114a6                exec
                0xc0611517                execv
                0xc0611706                execl
 .text          0xc061172b       0x4b lib/fork.o
                0xc061172b                fork
 .text          0xc0611776       0x2f lib/exit.o
                0xc0611776                exit
 .text          0xc06117a5       0x42 lib/unlink.o
                0xc06117a5                unlink
 .text          0xc06117e7       0x44 lib/wait.o
                0xc06117e7                wait
 .text          0xc061182b       0xbe lib/socket_close.o
                0xc061182b                socket_close
 .text          0xc06118e9      0x12a lib/socket_read.o
                0xc06118e9                socket_read
 .text          0xc0611a13       0x29 lib/alloca.o
                0xc0611a13                alloca
 .text          0xc0611a3c       0x46 lib/calloc.o
                0xc0611a3c                calloc
 .text          0xc0611a82       0x49 lib/floor.o
                0xc0611a82                floor
 .text          0xc0611acb      0x12a lib/socket_write.o
                0xc0611acb                socket_write
 .text          0xc0611bf5       0x2b lib/getpid.o
                0xc0611bf5                getpid
 .text          0xc0611c20       0x9c lib/stdlib/atoi.o
                0xc0611c20                atoi
 .text          0xc0611cbc       0xca lib/stdlib/strtol.o
                0xc0611cbc                strtol
 .text          0xc0611d86       0x85 lib/string/strtok.o
                0xc0611d86                strtok
 .text          0xc0611e0b       0xa8 lib/string/strcmp.o
                0xc0611e0b                strcmp
 .text          0xc0611eb3       0xd4 lib/string/strncmp.o
                0xc0611eb3                strncmp
 .text          0xc0611f87       0x90 lib/string/strpbrk.o
                0xc0611f87                strpbrk
 .text          0xc0612017      0x181 lib/stdio/read.o
                0xc0612017                read
 .text          0xc0612198       0x17 lib/stdio/perror.o
                0xc0612198                perror
 .text          0xc06121af      0x335 lib/stdio/sscanf.o
                0xc06121af                sscanf
 .text          0xc06124e4       0x95 lib/stdio/open.o
                0xc06124e4                open
 .text          0xc0612579       0x85 lib/stdio/write.o
                0xc0612579                write
 .text          0xc06125fe       0x52 lib/stdio/close.o
                0xc06125fe                close
 .text          0xc0612650      0x195 lib/sys/socket.o
                0xc0612650                socket
 .text          0xc06127e5      0x102 lib/sys/connect.o
                0xc06127e5                connect
 .text          0xc06128e7       0x38 lib/arpa/ntohs.o
                0xc06128e7                ntohs
 .text          0xc061291f       0x7c lib/arpa/htonl.o
                0xc061291f                htonl
 .text          0xc061299b       0x38 lib/arpa/htons.o
                0xc061299b                htons
 .text          0xc06129d3      0x295 lib/arpa/inet_pton.o
                0xc06129d3                isValidIPv4
                0xc0612b5d                inet_pton
 .text          0xc0612c68       0x7c lib/arpa/ntohl.o
                0xc0612c68                ntohl
 .text          0xc0612ce4       0xe3 lib/arpa/inet_ntop.o
                0xc0612ce4                inet_ntop
 *(.gnu.warning)

.fini
 *(SORT_NONE(.fini))
                [!provide]                        PROVIDE (__etext = .)
                [!provide]                        PROVIDE (_etext = .)
                [!provide]                        PROVIDE (etext = .)
                0xc0613000                        . = ALIGN (CONSTANT (MAXPAGESIZE))
                0xc0613000                        . = SEGMENT_START ("rodata-segment", (ALIGN (CONSTANT (MAXPAGESIZE)) + (. & (CONSTANT (MAXPAGESIZE) - 0x1))))

.rodata         0xc0613000     0x1da3
 *(.rodata .rodata.* .gnu.linkonce.r.*)
 .rodata        0xc0613000       0x3c double_link_list.o
 .rodata        0xc061303c      0x1b4 kernel_main.o
 .rodata        0xc06131f0       0x22 console.o
 *fill*         0xc0613212        0x2 
 .rodata        0xc0613214       0x4c process.o
 .rodata        0xc0613260      0xb61 kernel_main_old.o
 .rodata        0xc0613dc1        0x9 network/skbuff.o
 *fill*         0xc0613dca        0x2 
 .rodata        0xc0613dcc      0x23d network/socket.o
 *fill*         0xc0614009        0x3 
 .rodata        0xc061400c       0xbd network/ip_input.o
 *fill*         0xc06140c9        0x3 
 .rodata        0xc06140cc       0x2d network/udp_sock.o
 *fill*         0xc06140f9        0x3 
 .rodata        0xc06140fc       0xe8 network/tcp_sock.o
 .rodata        0xc06141e4       0x48 network/inet.o
 .rodata        0xc061422c       0x31 network/tcp.o
 .rodata        0xc061425d        0x9 network/sock.o
 *fill*         0xc0614266        0x2 
 .rodata        0xc0614268       0xc3 network/tcp_output.o
 *fill*         0xc061432b        0x1 
 .rodata        0xc061432c       0xa7 network/arp.o
 .rodata        0xc06143d3       0x21 network/dst.o
 .rodata        0xc06143f4      0x160 network/ipc.o
 .rodata        0xc0614554       0x32 network/icmpv4.o
 .rodata        0xc0614586        0x9 network/ip_output.o
 *fill*         0xc061458f        0x1 
 .rodata        0xc0614590      0x1ae network/netdev.o
 *fill*         0xc061473e        0x2 
 .rodata        0xc0614740       0x60 network/tcp_input.o
 .rodata        0xc06147a0       0x78 network/task_network.o
 .rodata        0xc0614818       0x36 network/route.o
 .rodata        0xc061484e        0x9 network/udp.o
 .rodata        0xc0614857       0x1e network/tcp_data.o
 *fill*         0xc0614875        0x3 
 .rodata        0xc0614878       0x41 network/utils.o
 *fill*         0xc06148b9        0x3 
 .rodata        0xc06148bc      0x19c hd/hd.o
 .rodata        0xc0614a58      0x1fb fs/fs_main.o
                0xc0614a58                FSBUF_SIZE
 .rodata        0xc0614c53       0x21 mm/forkexit.o
 .rodata        0xc0614c74       0x10 mm/exec.o
 .rodata        0xc0614c84       0x11 mm/main.o
 .rodata        0xc0614c95       0x5a mem/mem.o
 .rodata        0xc0614cef       0x2d lib/exec.o
 .rodata        0xc0614d1c        0x9 lib/socket_close.o
 .rodata        0xc0614d25        0x9 lib/socket_read.o
 .rodata        0xc0614d2e        0x9 lib/socket_write.o
 .rodata        0xc0614d37       0x2a lib/stdio/close.o
 .rodata        0xc0614d61       0x33 lib/sys/socket.o
 .rodata        0xc0614d94        0x9 lib/sys/connect.o
 .rodata        0xc0614d9d        0x3 lib/arpa/inet_pton.o
 .rodata        0xc0614da0        0x3 lib/arpa/inet_ntop.o

.txt            0xc0614da3       0xaa
 .txt           0xc0614da3       0x82 string.o
                0xc0614da3                Memcpy2
                0xc0614dd1                Memset
                0xc0614df0                Strcpy
                0xc0614e0a                Strlen
 .txt           0xc0614e25       0x28 hd/hd_rdwt.o
                0xc0614e25                read_port
                0xc0614e39                write_port

.rodata1
 *(.rodata1)

.eh_frame_hdr
 *(.eh_frame_hdr)
 *(.eh_frame_entry .eh_frame_entry.*)

.eh_frame       0xc0614e50     0x4274
 *(.eh_frame)
 .eh_frame      0xc0614e50       0xd8 double_link_list.o
 .eh_frame      0xc0614f28      0x108 kernel_main.o
                                0x120 (size before relaxing)
 .eh_frame      0xc0615030      0x100 protect.o
                                0x118 (size before relaxing)
 .eh_frame      0xc0615130      0x1e0 console.o
                                0x1f8 (size before relaxing)
 .eh_frame      0xc0615310       0x80 process.o
                                 0x98 (size before relaxing)
 .eh_frame      0xc0615390      0x6cc kernel_main_old.o
                                0x6e4 (size before relaxing)
 .eh_frame      0xc0615a5c       0xa0 keyboard.o
                                 0xb8 (size before relaxing)
 .eh_frame      0xc0615afc       0x80 thread.o
                                 0x98 (size before relaxing)
 .eh_frame      0xc0615b7c       0xe0 my_process.o
                                 0xf8 (size before relaxing)
 .eh_frame      0xc0615c5c       0xe0 network/skbuff.o
                                 0xf8 (size before relaxing)
 .eh_frame      0xc0615d3c      0x2a0 network/socket.o
                                0x2b8 (size before relaxing)
 .eh_frame      0xc0615fdc      0x104 network/ip_input.o
                                0x11c (size before relaxing)
 .eh_frame      0xc06160e0      0x404 network/udp_sock.o
                                0x41c (size before relaxing)
 .eh_frame      0xc06164e4      0x4c0 network/tcp_sock.o
                                0x4d8 (size before relaxing)
 .eh_frame      0xc06169a4      0x180 network/inet.o
                                0x198 (size before relaxing)
 .eh_frame      0xc0616b24      0x268 network/tcp.o
                                0x280 (size before relaxing)
 .eh_frame      0xc0616d8c      0x1a0 network/sock.o
                                0x1b8 (size before relaxing)
 .eh_frame      0xc0616f2c      0x3c4 network/tcp_output.o
                                0x3dc (size before relaxing)
 .eh_frame      0xc06172f0      0x1c0 network/arp.o
                                0x1d8 (size before relaxing)
 .eh_frame      0xc06174b0       0x40 network/dst.o
                                 0x58 (size before relaxing)
 .eh_frame      0xc06174f0      0x254 network/ipc.o
                                0x26c (size before relaxing)
 .eh_frame      0xc0617744       0x80 network/icmpv4.o
                                 0x98 (size before relaxing)
 .eh_frame      0xc06177c4       0x40 network/ip_output.o
                                 0x58 (size before relaxing)
 .eh_frame      0xc0617804      0x214 network/netdev.o
                                0x22c (size before relaxing)
 .eh_frame      0xc0617a18      0x300 network/tcp_input.o
                                0x318 (size before relaxing)
 .eh_frame      0xc0617d18       0x40 network/task_network.o
                                 0x58 (size before relaxing)
 .eh_frame      0xc0617d58      0x124 network/route.o
                                0x13c (size before relaxing)
 .eh_frame      0xc0617e7c      0x1e4 network/udp.o
                                0x1fc (size before relaxing)
 .eh_frame      0xc0618060      0x200 network/tcp_data.o
                                0x218 (size before relaxing)
 .eh_frame      0xc0618260       0xe4 network/utils.o
                                 0xfc (size before relaxing)
 .eh_frame      0xc0618344      0x264 hd/hd.o
                                0x27c (size before relaxing)
 .eh_frame      0xc06185a8      0x27c fs/fs_main.o
                                0x294 (size before relaxing)
 .eh_frame      0xc0618824       0x80 mm/forkexit.o
                                 0x98 (size before relaxing)
 .eh_frame      0xc06188a4       0x20 mm/exec.o
                                 0x38 (size before relaxing)
 .eh_frame      0xc06188c4       0x3c mm/main.o
                                 0x54 (size before relaxing)
 .eh_frame      0xc0618900      0x364 mem/mem.o
                                0x37c (size before relaxing)
 .eh_frame      0xc0618c64       0x60 lib/exec.o
                                 0x78 (size before relaxing)
 .eh_frame      0xc0618cc4       0x20 lib/fork.o
                                 0x38 (size before relaxing)
 .eh_frame      0xc0618ce4       0x20 lib/exit.o
                                 0x38 (size before relaxing)
 .eh_frame      0xc0618d04       0x20 lib/unlink.o
                                 0x38 (size before relaxing)
 .eh_frame      0xc0618d24       0x20 lib/wait.o
                                 0x38 (size before relaxing)
 .eh_frame      0xc0618d44       0x20 lib/socket_close.o
                                 0x38 (size before relaxing)
 .eh_frame      0xc0618d64       0x20 lib/socket_read.o
                                 0x38 (size before relaxing)
 .eh_frame      0xc0618d84       0x20 lib/alloca.o
                                 0x38 (size before relaxing)
 .eh_frame      0xc0618da4       0x20 lib/calloc.o
                                 0x38 (size before relaxing)
 .eh_frame      0xc0618dc4       0x20 lib/floor.o
                                 0x38 (size before relaxing)
 .eh_frame      0xc0618de4       0x20 lib/socket_write.o
                                 0x38 (size before relaxing)
 .eh_frame      0xc0618e04       0x20 lib/getpid.o
                                 0x38 (size before relaxing)
 .eh_frame      0xc0618e24       0x20 lib/stdlib/atoi.o
                                 0x38 (size before relaxing)
 .eh_frame      0xc0618e44       0x20 lib/stdlib/strtol.o
                                 0x38 (size before relaxing)
 .eh_frame      0xc0618e64       0x20 lib/string/strtok.o
                                 0x38 (size before relaxing)
 .eh_frame      0xc0618e84       0x20 lib/string/strcmp.o
                                 0x38 (size before relaxing)
 .eh_frame      0xc0618ea4       0x20 lib/string/strncmp.o
                                 0x38 (size before relaxing)
 .eh_frame      0xc0618ec4       0x20 lib/string/strpbrk.o
                                 0x38 (size before relaxing)
 .eh_frame      0xc0618ee4       0x20 lib/stdio/read.o
                                 0x38 (size before relaxing)
 .eh_frame      0xc0618f04       0x20 lib/stdio/perror.o
                                 0x38 (size before relaxing)
 .eh_frame      0xc0618f24       0x20 lib/stdio/sscanf.o
                                 0x38 (size before relaxing)
 .eh_frame      0xc0618f44       0x20 lib/stdio/open.o
                                 0x38 (size before relaxing)
 .eh_frame      0xc0618f64       0x20 lib/stdio/write.o
                                 0x38 (size before relaxing)
 .eh_frame      0xc0618f84       0x20 lib/stdio/close.o
                                 0x38 (size before relaxing)
 .eh_frame      0xc0618fa4       0x20 lib/sys/socket.o
                                 0x38 (size before relaxing)
 .eh_frame      0xc0618fc4       0x20 lib/sys/connect.o
                                 0x38 (size before relaxing)
 .eh_frame      0xc0618fe4       0x20 lib/arpa/ntohs.o
                                 0x38 (size before relaxing)
 .eh_frame      0xc0619004       0x20 lib/arpa/htonl.o
                                 0x38 (size before relaxing)
 .eh_frame      0xc0619024       0x20 lib/arpa/htons.o
                                 0x38 (size before relaxing)
 .eh_frame      0xc0619044       0x40 lib/arpa/inet_pton.o
                                 0x58 (size before relaxing)
 .eh_frame      0xc0619084       0x20 lib/arpa/ntohl.o
                                 0x38 (size before relaxing)
 .eh_frame      0xc06190a4       0x20 lib/arpa/inet_ntop.o
                                 0x38 (size before relaxing)
 *(.eh_frame.*)

.sframe
 *(.sframe)
 *(.sframe.*)

.gcc_except_table
 *(.gcc_except_table .gcc_except_table.*)

.gnu_extab
 *(.gnu_extab*)

.exception_ranges
 *(.exception_ranges*)
                0xc061a000                        . = DATA_SEGMENT_ALIGN (CONSTANT (MAXPAGESIZE), CONSTANT (COMMONPAGESIZE))

.eh_frame
 *(.eh_frame)
 *(.eh_frame.*)

.sframe
 *(.sframe)
 *(.sframe.*)

.gnu_extab
 *(.gnu_extab)

.gcc_except_table
 *(.gcc_except_table .gcc_except_table.*)

.exception_ranges
 *(.exception_ranges*)

.tdata          0xc061a000        0x0
                [!provide]                        PROVIDE (__tdata_start = .)
 *(.tdata .tdata.* .gnu.linkonce.td.*)

.tbss
 *(.tbss .tbss.* .gnu.linkonce.tb.*)
 *(.tcommon)

.preinit_array  0xc061a000        0x0
                [!provide]                        PROVIDE (__preinit_array_start = .)
 *(.preinit_array)
                [!provide]                        PROVIDE (__preinit_array_end = .)

.init_array     0xc061a000        0x0
                [!provide]                        PROVIDE (__init_array_start = .)
 *(SORT_BY_INIT_PRIORITY(.init_array.*) SORT_BY_INIT_PRIORITY(.ctors.*))
 *(.init_array EXCLUDE_FILE(*crtend?.o *crtend.o *crtbegin?.o *crtbegin.o) .ctors)
                [!provide]                        PROVIDE (__init_array_end = .)

.fini_array     0xc061a000        0x0
                [!provide]                        PROVIDE (__fini_array_start = .)
 *(SORT_BY_INIT_PRIORITY(.fini_array.*) SORT_BY_INIT_PRIORITY(.dtors.*))
 *(.fini_array EXCLUDE_FILE(*crtend?.o *crtend.o *crtbegin?.o *crtbegin.o) .dtors)
                [!provide]                        PROVIDE (__fini_array_end = .)

.ctors
 *crtbegin.o(.ctors)
 *crtbegin?.o(.ctors)
 *(EXCLUDE_FILE(*crtend?.o *crtend.o) .ctors)
 *(SORT_BY_NAME(.ctors.*))
 *(.ctors)

.dtors
 *crtbegin.o(.dtors)
 *crtbegin?.o(.dtors)
 *(EXCLUDE_FILE(*crtend?.o *crtend.o) .dtors)
 *(SORT_BY_NAME(.dtors.*))
 *(.dtors)

.jcr
 *(.jcr)

.data.rel.ro
 *(.data.rel.ro.local* .gnu.linkonce.d.rel.ro.local.*)
 *(.data.rel.ro .data.rel.ro.* .gnu.linkonce.d.rel.ro.*)

.dynamic
 *(.dynamic)

.got            0xc061a000        0x0
 *(.got)
 .got           0xc061a000        0x0 kernel/kernel_sub.o
 *(.igot)
                0xc061a000                        . = DATA_SEGMENT_RELRO_END (., (SIZEOF (.got.plt) >= 0xc)?0xc:0x0)

.got.plt        0xc061a000        0x0
 *(.got.plt)
 .got.plt       0xc061a000        0x0 kernel/kernel_sub.o
 *(.igot.plt)
 .igot.plt      0xc061a000        0x0 kernel/kernel_sub.o

.data           0xc061a000      0xb90
 *(.data .data.* .gnu.linkonce.d.*)
 .data          0xc061a000        0xf kernel/kernel_sub.o
 *fill*         0xc061a00f        0x1 
 .data          0xc061a010        0xf kernel/kernel.o
 *fill*         0xc061a01f        0x1 
 .data          0xc061a020        0x0 syscall.o
 .data          0xc061a020        0x0 double_link_list.o
 .data          0xc061a020        0x0 kernel_main.o
 .data          0xc061a020        0x0 protect.o
 .data          0xc061a020        0x0 console.o
 .data          0xc061a020        0x0 process.o
 .data          0xc061a020        0x0 kernel_main_old.o
 .data          0xc061a020      0x160 global.o
                0xc061a020                user_task_table
                0xc061a0a0                sys_task_table
                0xc061a164                sys_call_table
 .data          0xc061a180      0x600 keyboard.o
                0xc061a180                keymap
 .data          0xc061a780        0x0 thread.o
 .data          0xc061a780        0x0 my_process.o
 .data          0xc061a780        0x4 network/skbuff.o
 *fill*         0xc061a784       0x1c 
 .data          0xc061a7a0      0x224 network/socket.o
 .data          0xc061a9c4        0x4 network/ip_input.o
 *fill*         0xc061a9c8       0x18 
 .data          0xc061a9e0       0x54 network/udp_sock.o
                0xc061aa00                udp_ops
 *fill*         0xc061aa34        0xc 
 .data          0xc061aa40       0x54 network/tcp_sock.o
                0xc061aa60                tcp_ops
 *fill*         0xc061aa94        0xc 
 .data          0xc061aaa0       0x80 network/inet.o
                0xc061aaa8                inet
 .data          0xc061ab20        0x8 network/tcp.o
 .data          0xc061ab28        0x4 network/sock.o
 .data          0xc061ab2c        0x4 network/tcp_output.o
 .data          0xc061ab30       0x14 network/arp.o
 .data          0xc061ab44        0x4 network/dst.o
 .data          0xc061ab48        0xc network/ipc.o
 .data          0xc061ab54        0x4 network/icmpv4.o
 .data          0xc061ab58        0x4 network/ip_output.o
 .data          0xc061ab5c        0x4 network/netdev.o
 .data          0xc061ab60        0x4 network/tcp_input.o
 .data          0xc061ab64        0x4 network/task_network.o
 .data          0xc061ab68        0x4 network/route.o
 .data          0xc061ab6c        0x8 network/udp.o
 .data          0xc061ab74        0x4 network/tcp_data.o
 .data          0xc061ab78        0x4 network/utils.o
 .data          0xc061ab7c        0x0 hd/hd.o
 .data          0xc061ab7c        0x0 fs/fs_main.o
 .data          0xc061ab7c        0x0 mm/forkexit.o
 .data          0xc061ab7c        0x0 mm/exec.o
 .data          0xc061ab7c        0x0 mm/main.o
 .data          0xc061ab7c        0x0 mem/mem.o
 .data          0xc061ab7c        0x0 lib/exec.o
 .data          0xc061ab7c        0x0 lib/fork.o
 .data          0xc061ab7c        0x0 lib/exit.o
 .data          0xc061ab7c        0x0 lib/unlink.o
 .data          0xc061ab7c        0x0 lib/wait.o
 .data          0xc061ab7c        0x4 lib/socket_close.o
 .data          0xc061ab80        0x4 lib/socket_read.o
 .data          0xc061ab84        0x0 lib/alloca.o
 .data          0xc061ab84        0x0 lib/calloc.o
 .data          0xc061ab84        0x0 lib/floor.o
 .data          0xc061ab84        0x4 lib/socket_write.o
 .data          0xc061ab88        0x0 lib/getpid.o
 .data          0xc061ab88        0x0 lib/stdlib/atoi.o
 .data          0xc061ab88        0x0 lib/stdlib/strtol.o
 .data          0xc061ab88        0x0 lib/string/strtok.o
 .data          0xc061ab88        0x0 lib/string/strcmp.o
 .data          0xc061ab88        0x0 lib/string/strncmp.o
 .data          0xc061ab88        0x0 lib/string/strpbrk.o
 .data          0xc061ab88        0x0 lib/stdio/read.o
 .data          0xc061ab88        0x0 lib/stdio/perror.o
 .data          0xc061ab88        0x0 lib/stdio/sscanf.o
 .data          0xc061ab88        0x0 lib/stdio/open.o
 .data          0xc061ab88        0x0 lib/stdio/write.o
 .data          0xc061ab88        0x0 lib/stdio/close.o
 .data          0xc061ab88        0x4 lib/sys/socket.o
 .data          0xc061ab8c        0x4 lib/sys/connect.o
 .data          0xc061ab90        0x0 lib/arpa/ntohs.o
 .data          0xc061ab90        0x0 lib/arpa/htonl.o
 .data          0xc061ab90        0x0 lib/arpa/htons.o
 .data          0xc061ab90        0x0 lib/arpa/inet_pton.o
 .data          0xc061ab90        0x0 lib/arpa/ntohl.o
 .data          0xc061ab90        0x0 lib/arpa/inet_ntop.o

.data1
 *(.data1)
                0xc061ab90                        _edata = .
                [!provide]                        PROVIDE (edata = .)
                0xc061ab90                        . = .
                0xc061ab90                        __bss_start = .

.bss            0xc061aba0    0x95628
 *(.dynbss)
 *(.bss .bss.* .gnu.linkonce.b.*)
 .bss           0xc061aba0      0x800 kernel/kernel_sub.o
 .bss           0xc061b3a0      0x800 kernel/kernel.o
 .bss           0xc061bba0        0x0 double_link_list.o
 .bss           0xc061bba0        0x0 kernel_main.o
 .bss           0xc061bba0        0x0 protect.o
 .bss           0xc061bba0        0x0 console.o
 .bss           0xc061bba0        0x0 process.o
 .bss           0xc061bba0        0x0 kernel_main_old.o
 .bss           0xc061bba0        0x0 global.o
 .bss           0xc061bba0        0x0 keyboard.o
 .bss           0xc061bba0        0x0 thread.o
 .bss           0xc061bba0        0x0 my_process.o
 .bss           0xc061bba0        0x0 network/skbuff.o
 .bss           0xc061bba0        0x4 network/socket.o
 .bss           0xc061bba4        0x0 network/ip_input.o
 .bss           0xc061bba4        0x4 network/udp_sock.o
 .bss           0xc061bba8        0x0 network/tcp_sock.o
 .bss           0xc061bba8        0x0 network/inet.o
 .bss           0xc061bba8        0x0 network/tcp.o
 .bss           0xc061bba8        0x0 network/sock.o
 .bss           0xc061bba8        0x0 network/tcp_output.o
 .bss           0xc061bba8        0x0 network/arp.o
 .bss           0xc061bba8        0x0 network/dst.o
 .bss           0xc061bba8        0x4 network/ipc.o
 .bss           0xc061bbac        0x0 network/icmpv4.o
 .bss           0xc061bbac        0x0 network/ip_output.o
 .bss           0xc061bbac        0x0 network/netdev.o
 .bss           0xc061bbac        0x0 network/tcp_input.o
 .bss           0xc061bbac        0x0 network/task_network.o
 .bss           0xc061bbac        0x0 network/route.o
 .bss           0xc061bbac        0x0 network/udp.o
 .bss           0xc061bbac        0x0 network/tcp_data.o
 .bss           0xc061bbac        0x0 network/utils.o
 .bss           0xc061bbac        0x0 hd/hd.o
 .bss           0xc061bbac        0x4 fs/fs_main.o
                0xc061bbac                c
 .bss           0xc061bbb0        0x0 mm/forkexit.o
 .bss           0xc061bbb0        0x0 mm/exec.o
 .bss           0xc061bbb0        0x0 mm/main.o
 .bss           0xc061bbb0        0x0 mem/mem.o
 .bss           0xc061bbb0        0x0 lib/exec.o
 .bss           0xc061bbb0        0x0 lib/fork.o
 .bss           0xc061bbb0        0x0 lib/exit.o
 .bss           0xc061bbb0        0x0 lib/unlink.o
 .bss           0xc061bbb0        0x0 lib/wait.o
 .bss           0xc061bbb0        0x0 lib/socket_close.o
 .bss           0xc061bbb0        0x0 lib/socket_read.o
 .bss           0xc061bbb0        0x0 lib/alloca.o
 .bss           0xc061bbb0        0x0 lib/calloc.o
 .bss           0xc061bbb0        0x0 lib/floor.o
 .bss           0xc061bbb0        0x0 lib/socket_write.o
 .bss           0xc061bbb0        0x0 lib/getpid.o
 .bss           0xc061bbb0        0x0 lib/stdlib/atoi.o
 .bss           0xc061bbb0        0x0 lib/stdlib/strtol.o
 .bss           0xc061bbb0        0x4 lib/string/strtok.o
 .bss           0xc061bbb4        0x0 lib/string/strcmp.o
 .bss           0xc061bbb4        0x0 lib/string/strncmp.o
 .bss           0xc061bbb4        0x0 lib/string/strpbrk.o
 .bss           0xc061bbb4        0x0 lib/stdio/read.o
 .bss           0xc061bbb4        0x0 lib/stdio/perror.o
 .bss           0xc061bbb4        0x0 lib/stdio/sscanf.o
 .bss           0xc061bbb4        0x0 lib/stdio/open.o
 .bss           0xc061bbb4        0x0 lib/stdio/write.o
 .bss           0xc061bbb4        0x0 lib/stdio/close.o
 .bss           0xc061bbb4        0x0 lib/sys/socket.o
 .bss           0xc061bbb4        0x0 lib/sys/connect.o
 .bss           0xc061bbb4        0x0 lib/arpa/ntohs.o
 .bss           0xc061bbb4        0x0 lib/arpa/htonl.o
 .bss           0xc061bbb4        0x0 lib/arpa/htons.o
 .bss           0xc061bbb4        0x0 lib/arpa/inet_pton.o
 .bss           0xc061bbb4        0x0 lib/arpa/ntohl.o
 .bss           0xc061bbb4        0x0 lib/arpa/inet_ntop.o
 *(COMMON)
 *fill*         0xc061bbb4        0xc 
 COMMON         0xc061bbc0     0x17b8 double_link_list.o
                0xc061bbc0                current_tty
                0xc061bbc4                is_e0
                0xc061bbc8                idt_ptr
                0xc061bbd0                pid
                0xc061bbd4                KernelVirtualMemory
                0xc061bbe0                loop
                0xc061bbe4                current_dis_pos
                0xc061bbe8                dis_pos
                0xc061bbec                netdev
                0xc061bbf0                k_reenter
                0xc061bc00                gdt
                0xc061c000                proc_ready_table
                0xc061c004                test_ticks
                0xc061c008                pcaller
                0xc061c020                keyboard_buffer
                0xc061c22c                pcb_list
                0xc061c23c                gdt_index
                0xc061c240                tty_table
                0xc061ca80                tss
                0xc061caec                KernelPool
                0xc061cafc                net_buf
                0xc061cb00                nic_current_page
                0xc061cb04                counter
                0xc061cb08                key_pressed
                0xc061cb0c                fork_pid
                0xc061cb10                is_shift
                0xc061cb11                net_data
                0xc061cb14                routes
                0xc061cb18                gdt_ptr
                0xc061cb20                idt
                0xc061d320                main_thread
                0xc061d328                ticks
                0xc061d330                is_init
                0xc061d334                UserPool
                0xc061d344                all_pcb_list
                0xc061d354                console_table
                0xc061d364                is_disp
                0xc061d368                MAIN_THREAD_PAGE_DIRECTORY
                0xc061d36c                helloStr
 *fill*         0xc061d378        0x8 
 COMMON         0xc061d380    0x91ad0 global.o
                0xc061d380                proc_stack
                0xc06ad380                proc_table
 *fill*         0xc06aee50       0x10 
 COMMON         0xc06aee60      0x440 hd/hd.o
                0xc06aee60                hd_info
                0xc06af0a0                hd_cache
 COMMON         0xc06af2a0      0xe68 fs/fs_main.o
                0xc06af2a0                file_desc_table
                0xc06af6a0                phy_super_block_buf
                0xc06af6a4                phy_fsbuf
                0xc06af6c0                inode_table
                0xc06b00c0                super_block_buf
                0xc06b00c4                fsbuf
                0xc06b00e0                root
 *fill*         0xc06b0108       0x18 
 COMMON         0xc06b0120       0xa8 mem/mem.o
                0xc06b0120                kernel_mem_block_decs_array
                0xc06b01c8                        . = ALIGN ((. != 0x0)?0x4:0x1)
                0xc06b01c8                        . = ALIGN (0x4)
                0xc06b01c8                        . = SEGMENT_START ("ldata-segment", .)
                0xc06b01c8                        . = ALIGN (0x4)
                0xc06b01c8                        _end = .
                [!provide]                        PROVIDE (end = .)
                0xc06b01c8                        . = DATA_SEGMENT_END (.)

.stab
 *(.stab)

.stabstr
 *(.stabstr)

.stab.excl
 *(.stab.excl)

.stab.exclstr
 *(.stab.exclstr)

.stab.index
 *(.stab.index)

.stab.indexstr
 *(.stab.indexstr)

.comment        0x00000000       0x2c
 *(.comment)
 .comment       0x00000000       0x2c double_link_list.o
                                 0x2d (size before relaxing)
 .comment       0x0000002c       0x2d kernel_main.o
 .comment       0x0000002c       0x2d protect.o
 .comment       0x0000002c       0x2d console.o
 .comment       0x0000002c       0x2d process.o
 .comment       0x0000002c       0x2d kernel_main_old.o
 .comment       0x0000002c       0x2d global.o
 .comment       0x0000002c       0x2d keyboard.o
 .comment       0x0000002c       0x2d thread.o
 .comment       0x0000002c       0x2d my_process.o
 .comment       0x0000002c       0x2d network/skbuff.o
 .comment       0x0000002c       0x2d network/socket.o
 .comment       0x0000002c       0x2d network/ip_input.o
 .comment       0x0000002c       0x2d network/udp_sock.o
 .comment       0x0000002c       0x2d network/tcp_sock.o
 .comment       0x0000002c       0x2d network/inet.o
 .comment       0x0000002c       0x2d network/tcp.o
 .comment       0x0000002c       0x2d network/sock.o
 .comment       0x0000002c       0x2d network/tcp_output.o
 .comment       0x0000002c       0x2d network/arp.o
 .comment       0x0000002c       0x2d network/dst.o
 .comment       0x0000002c       0x2d network/ipc.o
 .comment       0x0000002c       0x2d network/icmpv4.o
 .comment       0x0000002c       0x2d network/ip_output.o
 .comment       0x0000002c       0x2d network/netdev.o
 .comment       0x0000002c       0x2d network/tcp_input.o
 .comment       0x0000002c       0x2d network/task_network.o
 .comment       0x0000002c       0x2d network/route.o
 .comment       0x0000002c       0x2d network/udp.o
 .comment       0x0000002c       0x2d network/tcp_data.o
 .comment       0x0000002c       0x2d network/utils.o
 .comment       0x0000002c       0x2d hd/hd.o
 .comment       0x0000002c       0x2d fs/fs_main.o
 .comment       0x0000002c       0x2d mm/forkexit.o
 .comment       0x0000002c       0x2d mm/exec.o
 .comment       0x0000002c       0x2d mm/main.o
 .comment       0x0000002c       0x2d mem/mem.o
 .comment       0x0000002c       0x2d lib/exec.o
 .comment       0x0000002c       0x2d lib/fork.o
 .comment       0x0000002c       0x2d lib/exit.o
 .comment       0x0000002c       0x2d lib/unlink.o
 .comment       0x0000002c       0x2d lib/wait.o
 .comment       0x0000002c       0x2d lib/socket_close.o
 .comment       0x0000002c       0x2d lib/socket_read.o
 .comment       0x0000002c       0x2d lib/alloca.o
 .comment       0x0000002c       0x2d lib/calloc.o
 .comment       0x0000002c       0x2d lib/floor.o
 .comment       0x0000002c       0x2d lib/socket_write.o
 .comment       0x0000002c       0x2d lib/getpid.o
 .comment       0x0000002c       0x2d lib/stdlib/atoi.o
 .comment       0x0000002c       0x2d lib/stdlib/strtol.o
 .comment       0x0000002c       0x2d lib/string/strtok.o
 .comment       0x0000002c       0x2d lib/string/strcmp.o
 .comment       0x0000002c       0x2d lib/string/strncmp.o
 .comment       0x0000002c       0x2d lib/string/strpbrk.o
 .comment       0x0000002c       0x2d lib/stdio/read.o
 .comment       0x0000002c       0x2d lib/stdio/perror.o
 .comment       0x0000002c       0x2d lib/stdio/sscanf.o
 .comment       0x0000002c       0x2d lib/stdio/open.o
 .comment       0x0000002c       0x2d lib/stdio/write.o
 .comment       0x0000002c       0x2d lib/stdio/close.o
 .comment       0x0000002c       0x2d lib/sys/socket.o
 .comment       0x0000002c       0x2d lib/sys/connect.o
 .comment       0x0000002c       0x2d lib/arpa/ntohs.o
 .comment       0x0000002c       0x2d lib/arpa/htonl.o
 .comment       0x0000002c       0x2d lib/arpa/htons.o
 .comment       0x0000002c       0x2d lib/arpa/inet_pton.o
 .comment       0x0000002c       0x2d lib/arpa/ntohl.o
 .comment       0x0000002c       0x2d lib/arpa/inet_ntop.o

.gnu.build.attributes
 *(.gnu.build.attributes .gnu.build.attributes.*)

.debug
 *(.debug)

.line
 *(.line)

.debug_srcinfo
 *(.debug_srcinfo)

.debug_sfnames
 *(.debug_sfnames)

.debug_aranges  0x00000000      0x898
 *(.debug_aranges)
 .debug_aranges
                0x00000000       0x20 double_link_list.o
 .debug_aranges
                0x00000020       0x20 kernel_main.o
 .debug_aranges
                0x00000040       0x20 protect.o
 .debug_aranges
                0x00000060       0x20 console.o
 .debug_aranges
                0x00000080       0x20 process.o
 .debug_aranges
                0x000000a0       0x20 kernel_main_old.o
 .debug_aranges
                0x000000c0       0x18 global.o
 .debug_aranges
                0x000000d8       0x20 keyboard.o
 .debug_aranges
                0x000000f8       0x20 thread.o
 .debug_aranges
                0x00000118       0x20 my_process.o
 .debug_aranges
                0x00000138       0x20 network/skbuff.o
 .debug_aranges
                0x00000158       0x20 network/socket.o
 .debug_aranges
                0x00000178       0x20 network/ip_input.o
 .debug_aranges
                0x00000198       0x20 network/udp_sock.o
 .debug_aranges
                0x000001b8       0x20 network/tcp_sock.o
 .debug_aranges
                0x000001d8       0x20 network/inet.o
 .debug_aranges
                0x000001f8       0x20 network/tcp.o
 .debug_aranges
                0x00000218       0x20 network/sock.o
 .debug_aranges
                0x00000238       0x20 network/tcp_output.o
 .debug_aranges
                0x00000258       0x20 network/arp.o
 .debug_aranges
                0x00000278       0x20 network/dst.o
 .debug_aranges
                0x00000298       0x20 network/ipc.o
 .debug_aranges
                0x000002b8       0x20 network/icmpv4.o
 .debug_aranges
                0x000002d8       0x20 network/ip_output.o
 .debug_aranges
                0x000002f8       0x20 network/netdev.o
 .debug_aranges
                0x00000318       0x20 network/tcp_input.o
 .debug_aranges
                0x00000338       0x20 network/task_network.o
 .debug_aranges
                0x00000358       0x20 network/route.o
 .debug_aranges
                0x00000378       0x20 network/udp.o
 .debug_aranges
                0x00000398       0x20 network/tcp_data.o
 .debug_aranges
                0x000003b8       0x20 network/utils.o
 .debug_aranges
                0x000003d8       0x20 hd/hd.o
 .debug_aranges
                0x000003f8       0x20 fs/fs_main.o
 .debug_aranges
                0x00000418       0x20 mm/forkexit.o
 .debug_aranges
                0x00000438       0x20 mm/exec.o
 .debug_aranges
                0x00000458       0x20 mm/main.o
 .debug_aranges
                0x00000478       0x20 mem/mem.o
 .debug_aranges
                0x00000498       0x20 lib/exec.o
 .debug_aranges
                0x000004b8       0x20 lib/fork.o
 .debug_aranges
                0x000004d8       0x20 lib/exit.o
 .debug_aranges
                0x000004f8       0x20 lib/unlink.o
 .debug_aranges
                0x00000518       0x20 lib/wait.o
 .debug_aranges
                0x00000538       0x20 lib/socket_close.o
 .debug_aranges
                0x00000558       0x20 lib/socket_read.o
 .debug_aranges
                0x00000578       0x20 lib/alloca.o
 .debug_aranges
                0x00000598       0x20 lib/calloc.o
 .debug_aranges
                0x000005b8       0x20 lib/floor.o
 .debug_aranges
                0x000005d8       0x20 lib/socket_write.o
 .debug_aranges
                0x000005f8       0x20 lib/getpid.o
 .debug_aranges
                0x00000618       0x20 lib/stdlib/atoi.o
 .debug_aranges
                0x00000638       0x20 lib/stdlib/strtol.o
 .debug_aranges
                0x00000658       0x20 lib/string/strtok.o
 .debug_aranges
                0x00000678       0x20 lib/string/strcmp.o
 .debug_aranges
                0x00000698       0x20 lib/string/strncmp.o
 .debug_aranges
                0x000006b8       0x20 lib/string/strpbrk.o
 .debug_aranges
                0x000006d8       0x20 lib/stdio/read.o
 .debug_aranges
                0x000006f8       0x20 lib/stdio/perror.o
 .debug_aranges
                0x00000718       0x20 lib/stdio/sscanf.o
 .debug_aranges
                0x00000738       0x20 lib/stdio/open.o
 .debug_aranges
                0x00000758       0x20 lib/stdio/write.o
 .debug_aranges
                0x00000778       0x20 lib/stdio/close.o
 .debug_aranges
                0x00000798       0x20 lib/sys/socket.o
 .debug_aranges
                0x000007b8       0x20 lib/sys/connect.o
 .debug_aranges
                0x000007d8       0x20 lib/arpa/ntohs.o
 .debug_aranges
                0x000007f8       0x20 lib/arpa/htonl.o
 .debug_aranges
                0x00000818       0x20 lib/arpa/htons.o
 .debug_aranges
                0x00000838       0x20 lib/arpa/inet_pton.o
 .debug_aranges
                0x00000858       0x20 lib/arpa/ntohl.o
 .debug_aranges
                0x00000878       0x20 lib/arpa/inet_ntop.o

.debug_pubnames
 *(.debug_pubnames)

.debug_info     0x00000000    0x45ac7
 *(.debug_info .gnu.linkonce.wi.*)
 .debug_info    0x00000000     0x10b1 double_link_list.o
 .debug_info    0x000010b1     0x11d5 kernel_main.o
 .debug_info    0x00002286     0x1224 protect.o
 .debug_info    0x000034aa     0x12f9 console.o
 .debug_info    0x000047a3      0xfd1 process.o
 .debug_info    0x00005774     0x28d0 kernel_main_old.o
 .debug_info    0x00008044      0xef9 global.o
 .debug_info    0x00008f3d     0x104d keyboard.o
 .debug_info    0x00009f8a     0x10d8 thread.o
 .debug_info    0x0000b062     0x150c my_process.o
 .debug_info    0x0000c56e     0x11cc network/skbuff.o
 .debug_info    0x0000d73a     0x1c35 network/socket.o
 .debug_info    0x0000f36f     0x1ae1 network/ip_input.o
 .debug_info    0x00010e50     0x1f13 network/udp_sock.o
 .debug_info    0x00012d63     0x2235 network/tcp_sock.o
 .debug_info    0x00014f98     0x1a9a network/inet.o
 .debug_info    0x00016a32     0x1e44 network/tcp.o
 .debug_info    0x00018876     0x1896 network/sock.o
 .debug_info    0x0001a10c     0x235f network/tcp_output.o
 .debug_info    0x0001c46b     0x1593 network/arp.o
 .debug_info    0x0001d9fe     0x1220 network/dst.o
 .debug_info    0x0001ec1e     0x1d2c network/ipc.o
 .debug_info    0x0002094a     0x193f network/icmpv4.o
 .debug_info    0x00022289     0x177b network/ip_output.o
 .debug_info    0x00023a04     0x178c network/netdev.o
 .debug_info    0x00025190     0x2147 network/tcp_input.o
 .debug_info    0x000272d7     0x1065 network/task_network.o
 .debug_info    0x0002833c     0x1282 network/route.o
 .debug_info    0x000295be     0x1b44 network/udp.o
 .debug_info    0x0002b102     0x1dad network/tcp_data.o
 .debug_info    0x0002ceaf      0x367 network/utils.o
 .debug_info    0x0002d216     0x1868 hd/hd.o
 .debug_info    0x0002ea7e     0x1faa fs/fs_main.o
 .debug_info    0x00030a28     0x100d mm/forkexit.o
 .debug_info    0x00031a35     0x1249 mm/exec.o
 .debug_info    0x00032c7e      0xe3b mm/main.o
 .debug_info    0x00033ab9     0x1dcd mem/mem.o
 .debug_info    0x00035886      0xfaf lib/exec.o
 .debug_info    0x00036835      0xe17 lib/fork.o
 .debug_info    0x0003764c      0xe22 lib/exit.o
 .debug_info    0x0003846e      0xf00 lib/unlink.o
 .debug_info    0x0003936e      0xe30 lib/wait.o
 .debug_info    0x0003a19e      0xff6 lib/socket_close.o
 .debug_info    0x0003b194     0x10fe lib/socket_read.o
 .debug_info    0x0003c292       0xb6 lib/alloca.o
 .debug_info    0x0003c348      0xf28 lib/calloc.o
 .debug_info    0x0003d270       0x6b lib/floor.o
 .debug_info    0x0003d2db     0x1103 lib/socket_write.o
 .debug_info    0x0003e3de      0xe17 lib/getpid.o
 .debug_info    0x0003f1f5       0xc9 lib/stdlib/atoi.o
 .debug_info    0x0003f2be       0xd6 lib/stdlib/strtol.o
 .debug_info    0x0003f394       0xae lib/string/strtok.o
 .debug_info    0x0003f442       0xc1 lib/string/strcmp.o
 .debug_info    0x0003f503      0x110 lib/string/strncmp.o
 .debug_info    0x0003f613       0xcf lib/string/strpbrk.o
 .debug_info    0x0003f6e2      0xea1 lib/stdio/read.o
 .debug_info    0x00040583       0x5c lib/stdio/perror.o
 .debug_info    0x000405df      0x202 lib/stdio/sscanf.o
 .debug_info    0x000407e1      0xe02 lib/stdio/open.o
 .debug_info    0x000415e3      0xe9e lib/stdio/write.o
 .debug_info    0x00042481      0xdb6 lib/stdio/close.o
 .debug_info    0x00043237     0x10e3 lib/sys/socket.o
 .debug_info    0x0004431a     0x10dd lib/sys/connect.o
 .debug_info    0x000453f7       0xa8 lib/arpa/ntohs.o
 .debug_info    0x0004549f       0xcb lib/arpa/htonl.o
 .debug_info    0x0004556a       0xa8 lib/arpa/htons.o
 .debug_info    0x00045612      0x260 lib/arpa/inet_pton.o
 .debug_info    0x00045872       0xcb lib/arpa/ntohl.o
 .debug_info    0x0004593d      0x18a lib/arpa/inet_ntop.o

.debug_abbrev   0x00000000     0x8472
 *(.debug_abbrev)
 .debug_abbrev  0x00000000      0x216 double_link_list.o
 .debug_abbrev  0x00000216      0x25e kernel_main.o
 .debug_abbrev  0x00000474      0x227 protect.o
 .debug_abbrev  0x0000069b      0x2ac console.o
 .debug_abbrev  0x00000947      0x1e0 process.o
 .debug_abbrev  0x00000b27      0x43a kernel_main_old.o
 .debug_abbrev  0x00000f61      0x157 global.o
 .debug_abbrev  0x000010b8      0x1fb keyboard.o
 .debug_abbrev  0x000012b3      0x222 thread.o
 .debug_abbrev  0x000014d5      0x260 my_process.o
 .debug_abbrev  0x00001735      0x23f network/skbuff.o
 .debug_abbrev  0x00001974      0x327 network/socket.o
 .debug_abbrev  0x00001c9b      0x2d1 network/ip_input.o
 .debug_abbrev  0x00001f6c      0x3b1 network/udp_sock.o
 .debug_abbrev  0x0000231d      0x3e6 network/tcp_sock.o
 .debug_abbrev  0x00002703      0x24b network/inet.o
 .debug_abbrev  0x0000294e      0x332 network/tcp.o
 .debug_abbrev  0x00002c80      0x273 network/sock.o
 .debug_abbrev  0x00002ef3      0x39b network/tcp_output.o
 .debug_abbrev  0x0000328e      0x2d0 network/arp.o
 .debug_abbrev  0x0000355e      0x204 network/dst.o
 .debug_abbrev  0x00003762      0x2ee network/ipc.o
 .debug_abbrev  0x00003a50      0x236 network/icmpv4.o
 .debug_abbrev  0x00003c86      0x213 network/ip_output.o
 .debug_abbrev  0x00003e99      0x2f4 network/netdev.o
 .debug_abbrev  0x0000418d      0x355 network/tcp_input.o
 .debug_abbrev  0x000044e2      0x1d1 network/task_network.o
 .debug_abbrev  0x000046b3      0x24e network/route.o
 .debug_abbrev  0x00004901      0x2d3 network/udp.o
 .debug_abbrev  0x00004bd4      0x2a6 network/tcp_data.o
 .debug_abbrev  0x00004e7a      0x17a network/utils.o
 .debug_abbrev  0x00004ff4      0x2e3 hd/hd.o
 .debug_abbrev  0x000052d7      0x2f8 fs/fs_main.o
 .debug_abbrev  0x000055cf      0x204 mm/forkexit.o
 .debug_abbrev  0x000057d3      0x1c4 mm/exec.o
 .debug_abbrev  0x00005997      0x208 mm/main.o
 .debug_abbrev  0x00005b9f      0x330 mem/mem.o
 .debug_abbrev  0x00005ecf      0x1e8 lib/exec.o
 .debug_abbrev  0x000060b7      0x18a lib/fork.o
 .debug_abbrev  0x00006241      0x19b lib/exit.o
 .debug_abbrev  0x000063dc      0x193 lib/unlink.o
 .debug_abbrev  0x0000656f      0x19f lib/wait.o
 .debug_abbrev  0x0000670e      0x1b0 lib/socket_close.o
 .debug_abbrev  0x000068be      0x1dd lib/socket_read.o
 .debug_abbrev  0x00006a9b       0xcd lib/alloca.o
 .debug_abbrev  0x00006b68      0x191 lib/calloc.o
 .debug_abbrev  0x00006cf9       0x6a lib/floor.o
 .debug_abbrev  0x00006d63      0x1db lib/socket_write.o
 .debug_abbrev  0x00006f3e      0x18a lib/getpid.o
 .debug_abbrev  0x000070c8       0x94 lib/stdlib/atoi.o
 .debug_abbrev  0x0000715c       0x8b lib/stdlib/strtol.o
 .debug_abbrev  0x000071e7       0x91 lib/string/strtok.o
 .debug_abbrev  0x00007278       0x94 lib/string/strcmp.o
 .debug_abbrev  0x0000730c       0xbe lib/string/strncmp.o
 .debug_abbrev  0x000073ca       0xa5 lib/string/strpbrk.o
 .debug_abbrev  0x0000746f      0x1ef lib/stdio/read.o
 .debug_abbrev  0x0000765e       0x5c lib/stdio/perror.o
 .debug_abbrev  0x000076ba       0xca lib/stdio/sscanf.o
 .debug_abbrev  0x00007784      0x1c5 lib/stdio/open.o
 .debug_abbrev  0x00007949      0x1db lib/stdio/write.o
 .debug_abbrev  0x00007b24      0x19d lib/stdio/close.o
 .debug_abbrev  0x00007cc1      0x1cc lib/sys/socket.o
 .debug_abbrev  0x00007e8d      0x1b7 lib/sys/connect.o
 .debug_abbrev  0x00008044       0x6c lib/arpa/ntohs.o
 .debug_abbrev  0x000080b0       0xa5 lib/arpa/htonl.o
 .debug_abbrev  0x00008155       0x6c lib/arpa/htons.o
 .debug_abbrev  0x000081c1      0x116 lib/arpa/inet_pton.o
 .debug_abbrev  0x000082d7       0xa5 lib/arpa/ntohl.o
 .debug_abbrev  0x0000837c       0xf6 lib/arpa/inet_ntop.o

.debug_line     0x00000000     0xa728
 *(.debug_line .debug_line.* .debug_line_end)
 .debug_line    0x00000000      0x235 double_link_list.o
 .debug_line    0x00000235      0x26b kernel_main.o
 .debug_line    0x000004a0      0x21d protect.o
 .debug_line    0x000006bd      0x56c console.o
 .debug_line    0x00000c29      0x1d8 process.o
 .debug_line    0x00000e01      0xe4d kernel_main_old.o
 .debug_line    0x00001c4e       0xb3 global.o
 .debug_line    0x00001d01      0x2b4 keyboard.o
 .debug_line    0x00001fb5      0x163 thread.o
 .debug_line    0x00002118      0x359 my_process.o
 .debug_line    0x00002471      0x1ab network/skbuff.o
 .debug_line    0x0000261c      0x3c8 network/socket.o
 .debug_line    0x000029e4      0x28e network/ip_input.o
 .debug_line    0x00002c72      0x4c8 network/udp_sock.o
 .debug_line    0x0000313a      0x594 network/tcp_sock.o
 .debug_line    0x000036ce      0x326 network/inet.o
 .debug_line    0x000039f4      0x30d network/tcp.o
 .debug_line    0x00003d01      0x238 network/sock.o
 .debug_line    0x00003f39      0x5a1 network/tcp_output.o
 .debug_line    0x000044da      0x3d2 network/arp.o
 .debug_line    0x000048ac      0x16d network/dst.o
 .debug_line    0x00004a19      0x5fb network/ipc.o
 .debug_line    0x00005014      0x232 network/icmpv4.o
 .debug_line    0x00005246      0x20b network/ip_output.o
 .debug_line    0x00005451      0x424 network/netdev.o
 .debug_line    0x00005875      0x671 network/tcp_input.o
 .debug_line    0x00005ee6      0x1b1 network/task_network.o
 .debug_line    0x00006097      0x238 network/route.o
 .debug_line    0x000062cf      0x302 network/udp.o
 .debug_line    0x000065d1      0x3ff network/tcp_data.o
 .debug_line    0x000069d0      0x13c network/utils.o
 .debug_line    0x00006b0c      0x64d hd/hd.o
 .debug_line    0x00007159      0xc43 fs/fs_main.o
 .debug_line    0x00007d9c      0x192 mm/forkexit.o
 .debug_line    0x00007f2e      0x22a mm/exec.o
 .debug_line    0x00008158      0x10a mm/main.o
 .debug_line    0x00008262      0x78e mem/mem.o
 .debug_line    0x000089f0      0x1a9 lib/exec.o
 .debug_line    0x00008b99       0xc3 lib/fork.o
 .debug_line    0x00008c5c       0xbe lib/exit.o
 .debug_line    0x00008d1a       0xde lib/unlink.o
 .debug_line    0x00008df8       0xd5 lib/wait.o
 .debug_line    0x00008ecd      0x145 lib/socket_close.o
 .debug_line    0x00009012      0x186 lib/socket_read.o
 .debug_line    0x00009198       0x5f lib/alloca.o
 .debug_line    0x000091f7       0xf9 lib/calloc.o
 .debug_line    0x000092f0       0x5a lib/floor.o
 .debug_line    0x0000934a      0x189 lib/socket_write.o
 .debug_line    0x000094d3       0xbe lib/getpid.o
 .debug_line    0x00009591       0xad lib/stdlib/atoi.o
 .debug_line    0x0000963e       0xbb lib/stdlib/strtol.o
 .debug_line    0x000096f9       0x6e lib/string/strtok.o
 .debug_line    0x00009767       0x9c lib/string/strcmp.o
 .debug_line    0x00009803       0xcc lib/string/strncmp.o
 .debug_line    0x000098cf       0xb0 lib/string/strpbrk.o
 .debug_line    0x0000997f      0x15b lib/stdio/read.o
 .debug_line    0x00009ada       0x48 lib/stdio/perror.o
 .debug_line    0x00009b22      0x220 lib/stdio/sscanf.o
 .debug_line    0x00009d42       0xc3 lib/stdio/open.o
 .debug_line    0x00009e05       0xe0 lib/stdio/write.o
 .debug_line    0x00009ee5       0xb3 lib/stdio/close.o
 .debug_line    0x00009f98      0x188 lib/sys/socket.o
 .debug_line    0x0000a120      0x170 lib/sys/connect.o
 .debug_line    0x0000a290       0x6c lib/arpa/ntohs.o
 .debug_line    0x0000a2fc       0xc1 lib/arpa/htonl.o
 .debug_line    0x0000a3bd       0x6c lib/arpa/htons.o
 .debug_line    0x0000a429      0x167 lib/arpa/inet_pton.o
 .debug_line    0x0000a590       0xc1 lib/arpa/ntohl.o
 .debug_line    0x0000a651       0xd7 lib/arpa/inet_ntop.o

.debug_frame
 *(.debug_frame)

.debug_str      0x00000000     0x37c2
 *(.debug_str)
 .debug_str     0x00000000     0x37c2 double_link_list.o
                                0x6fa (size before relaxing)
 .debug_str     0x000037c2      0x771 kernel_main.o
 .debug_str     0x000037c2      0x783 protect.o
 .debug_str     0x000037c2      0x777 console.o
 .debug_str     0x000037c2      0x662 process.o
 .debug_str     0x000037c2      0xba3 kernel_main_old.o
 .debug_str     0x000037c2      0x628 global.o
 .debug_str     0x000037c2      0x6b4 keyboard.o
 .debug_str     0x000037c2      0x72f thread.o
 .debug_str     0x000037c2      0x916 my_process.o
 .debug_str     0x000037c2      0x71a network/skbuff.o
 .debug_str     0x000037c2      0x946 network/socket.o
 .debug_str     0x000037c2      0x9a2 network/ip_input.o
 .debug_str     0x000037c2      0xa78 network/udp_sock.o
 .debug_str     0x000037c2      0xcc7 network/tcp_sock.o
 .debug_str     0x000037c2      0x905 network/inet.o
 .debug_str     0x000037c2      0xb34 network/tcp.o
 .debug_str     0x000037c2      0x8bd network/sock.o
 .debug_str     0x000037c2      0xc24 network/tcp_output.o
 .debug_str     0x000037c2      0x838 network/arp.o
 .debug_str     0x000037c2      0x729 network/dst.o
 .debug_str     0x000037c2      0x910 network/ipc.o
 .debug_str     0x000037c2      0x921 network/icmpv4.o
 .debug_str     0x000037c2      0x85d network/ip_output.o
 .debug_str     0x000037c2      0x89c network/netdev.o
 .debug_str     0x000037c2      0xb94 network/tcp_input.o
 .debug_str     0x000037c2      0x6d2 network/task_network.o
 .debug_str     0x000037c2      0x736 network/route.o
 .debug_str     0x000037c2      0x954 network/udp.o
 .debug_str     0x000037c2      0xa50 network/tcp_data.o
 .debug_str     0x000037c2      0x1b8 network/utils.o
 .debug_str     0x000037c2      0x931 hd/hd.o
 .debug_str     0x000037c2      0xb12 fs/fs_main.o
 .debug_str     0x000037c2      0x62f mm/forkexit.o
 .debug_str     0x000037c2      0x885 mm/exec.o
 .debug_str     0x000037c2      0x5b0 mm/main.o
 .debug_str     0x000037c2      0xad6 mem/mem.o
 .debug_str     0x000037c2      0x644 lib/exec.o
 .debug_str     0x000037c2      0x5b6 lib/fork.o
 .debug_str     0x000037c2      0x5bd lib/exit.o
 .debug_str     0x000037c2      0x63c lib/unlink.o
 .debug_str     0x000037c2      0x5bd lib/wait.o
 .debug_str     0x000037c2      0x6c6 lib/socket_close.o
 .debug_str     0x000037c2      0x742 lib/socket_read.o
 .debug_str     0x000037c2       0xce lib/alloca.o
 .debug_str     0x000037c2      0x649 lib/calloc.o
 .debug_str     0x000037c2       0xa2 lib/floor.o
 .debug_str     0x000037c2      0x745 lib/socket_write.o
 .debug_str     0x000037c2      0x5ba lib/getpid.o
 .debug_str     0x000037c2       0xad lib/stdlib/atoi.o
 .debug_str     0x000037c2       0xc6 lib/stdlib/strtol.o
 .debug_str     0x000037c2       0xb9 lib/string/strtok.o
 .debug_str     0x000037c2       0xb1 lib/string/strcmp.o
 .debug_str     0x000037c2       0xba lib/string/strncmp.o
 .debug_str     0x000037c2       0xc1 lib/string/strpbrk.o
 .debug_str     0x000037c2      0x617 lib/stdio/read.o
 .debug_str     0x000037c2       0x99 lib/stdio/perror.o
 .debug_str     0x000037c2      0x109 lib/stdio/sscanf.o
 .debug_str     0x000037c2      0x5de lib/stdio/open.o
 .debug_str     0x000037c2      0x5f3 lib/stdio/write.o
 .debug_str     0x000037c2      0x5a6 lib/stdio/close.o
 .debug_str     0x000037c2      0x716 lib/sys/socket.o
 .debug_str     0x000037c2      0x735 lib/sys/connect.o
 .debug_str     0x000037c2      0x101 lib/arpa/ntohs.o
 .debug_str     0x000037c2       0xf4 lib/arpa/htonl.o
 .debug_str     0x000037c2      0x102 lib/arpa/htons.o
 .debug_str     0x000037c2      0x14c lib/arpa/inet_pton.o
 .debug_str     0x000037c2       0xf3 lib/arpa/ntohl.o
 .debug_str     0x000037c2      0x10f lib/arpa/inet_ntop.o

.debug_loc
 *(.debug_loc)

.debug_macinfo
 *(.debug_macinfo)

.debug_weaknames
 *(.debug_weaknames)

.debug_funcnames
 *(.debug_funcnames)

.debug_typenames
 *(.debug_typenames)

.debug_varnames
 *(.debug_varnames)

.debug_pubtypes
 *(.debug_pubtypes)

.debug_ranges   0x00000000       0x90
 *(.debug_ranges)
 .debug_ranges  0x00000000       0x30 kernel_main_old.o
 .debug_ranges  0x00000030       0x48 hd/hd.o
 .debug_ranges  0x00000078       0x18 mm/exec.o

.debug_addr
 *(.debug_addr)

.debug_line_str
 *(.debug_line_str)

.debug_loclists
 *(.debug_loclists)

.debug_macro
 *(.debug_macro)

.debug_names
 *(.debug_names)

.debug_rnglists
 *(.debug_rnglists)

.debug_str_offsets
 *(.debug_str_offsets)

.debug_sup
 *(.debug_sup)

.gnu.attributes
 *(.gnu.attributes)

/DISCARD/
 *(.note.GNU-stack)
 *(.gnu_debuglink)
 *(.gnu.lto_*)
OUTPUT(kernel.bin elf32-i386)
