
Merging program properties

Removed property 0xc0010001 to merge double_link_list.o (0x1) and kernel/kernel_sub.o (not found)
Removed property 0xc0010002 to merge double_link_list.o (0x0) and kernel/kernel_sub.o (not found)
Removed property 0xc0010001 to merge double_link_list.o (not found) and global.o (0x1)
Removed property 0xc0010002 to merge double_link_list.o (not found) and global.o (0x0)
Removed property 0xc0010001 to merge double_link_list.o (not found) and kernel_main_old.o (0x1)
Removed property 0xc0010002 to merge double_link_list.o (not found) and kernel_main_old.o (0x1)
Removed property 0xc0010001 to merge double_link_list.o (not found) and kernel_main.o (0x1)
Removed property 0xc0010002 to merge double_link_list.o (not found) and kernel_main.o (0x0)
Removed property 0xc0010001 to merge double_link_list.o (not found) and protect.o (0x1)
Removed property 0xc0010002 to merge double_link_list.o (not found) and protect.o (0x0)
Removed property 0xc0010001 to merge double_link_list.o (not found) and console.o (0x1)
Removed property 0xc0010002 to merge double_link_list.o (not found) and console.o (0x1)
Removed property 0xc0010001 to merge double_link_list.o (not found) and process.o (0x1)
Removed property 0xc0010002 to merge double_link_list.o (not found) and process.o (0x0)
Removed property 0xc0010001 to merge double_link_list.o (not found) and keyboard.o (0x1)
Removed property 0xc0010002 to merge double_link_list.o (not found) and keyboard.o (0x0)
Removed property 0xc0010001 to merge double_link_list.o (not found) and thread.o (0x1)
Removed property 0xc0010002 to merge double_link_list.o (not found) and thread.o (0x0)
Removed property 0xc0010001 to merge double_link_list.o (not found) and my_process.o (0x1)
Removed property 0xc0010002 to merge double_link_list.o (not found) and my_process.o (0x1)
Removed property 0xc0010001 to merge double_link_list.o (not found) and network/socket.o (0x1)
Removed property 0xc0010002 to merge double_link_list.o (not found) and network/socket.o (0x0)
Removed property 0xc0010001 to merge double_link_list.o (not found) and network/ip_input.o (0x1)
Removed property 0xc0010002 to merge double_link_list.o (not found) and network/ip_input.o (0x0)
Removed property 0xc0010001 to merge double_link_list.o (not found) and network/udp_sock.o (0x1)
Removed property 0xc0010002 to merge double_link_list.o (not found) and network/udp_sock.o (0x0)
Removed property 0xc0010001 to merge double_link_list.o (not found) and network/netdev.o (0x1)
Removed property 0xc0010002 to merge double_link_list.o (not found) and network/netdev.o (0x0)
Removed property 0xc0010001 to merge double_link_list.o (not found) and network/ip_output.o (0x1)
Removed property 0xc0010002 to merge double_link_list.o (not found) and network/ip_output.o (0x0)
Removed property 0xc0010001 to merge double_link_list.o (not found) and network/tcp.o (0x1)
Removed property 0xc0010002 to merge double_link_list.o (not found) and network/tcp.o (0x0)
Removed property 0xc0010001 to merge double_link_list.o (not found) and network/sock.o (0x1)
Removed property 0xc0010002 to merge double_link_list.o (not found) and network/sock.o (0x0)
Removed property 0xc0010001 to merge double_link_list.o (not found) and network/tcp_output.o (0x1)
Removed property 0xc0010002 to merge double_link_list.o (not found) and network/tcp_output.o (0x1)
Removed property 0xc0010001 to merge double_link_list.o (not found) and network/arp.o (0x1)
Removed property 0xc0010002 to merge double_link_list.o (not found) and network/arp.o (0x0)
Removed property 0xc0010001 to merge double_link_list.o (not found) and network/tcp_sock.o (0x1)
Removed property 0xc0010002 to merge double_link_list.o (not found) and network/tcp_sock.o (0x0)
Removed property 0xc0010001 to merge double_link_list.o (not found) and network/ipc.o (0x1)
Removed property 0xc0010002 to merge double_link_list.o (not found) and network/ipc.o (0x1)
Removed property 0xc0010001 to merge double_link_list.o (not found) and network/icmpv4.o (0x1)
Removed property 0xc0010002 to merge double_link_list.o (not found) and network/icmpv4.o (0x0)
Removed property 0xc0010001 to merge double_link_list.o (not found) and network/inet.o (0x1)
Removed property 0xc0010002 to merge double_link_list.o (not found) and network/inet.o (0x0)
Removed property 0xc0010001 to merge double_link_list.o (not found) and network/dst.o (0x1)
Removed property 0xc0010002 to merge double_link_list.o (not found) and network/dst.o (0x0)
Removed property 0xc0010001 to merge double_link_list.o (not found) and network/skbuff.o (0x1)
Removed property 0xc0010002 to merge double_link_list.o (not found) and network/skbuff.o (0x0)
Removed property 0xc0010001 to merge double_link_list.o (not found) and network/tcp_input.o (0x1)
Removed property 0xc0010002 to merge double_link_list.o (not found) and network/tcp_input.o (0x0)
Removed property 0xc0010001 to merge double_link_list.o (not found) and network/task_network.o (0x1)
[...]
Memory Configuration

Name             Origin             Length             Attributes
*default*        0x00000000         0xffffffff

Linker script and memory map

Address of section .text set to 0xc0600000
LOAD kernel/kernel_sub.o
LOAD kernel/kernel.o
LOAD switch_to.o
LOAD string.o
LOAD syscall.o
LOAD hd/hd_rdwt.o
LOAD network/ne2000.o
LOAD double_link_list.o
LOAD global.o
LOAD kernel_main_old.o
LOAD kernel_main.o
LOAD protect.o
LOAD console.o
LOAD process.o
LOAD keyboard.o
LOAD thread.o
LOAD my_process.o
LOAD network/socket.o
LOAD network/ip_input.o
LOAD network/udp_sock.o
LOAD network/netdev.o
LOAD network/ip_output.o
LOAD network/tcp.o
LOAD network/sock.o
LOAD network/tcp_output.o
LOAD network/arp.o
LOAD network/tcp_sock.o
LOAD network/ipc.o
LOAD network/icmpv4.o
LOAD network/inet.o
LOAD network/dst.o
LOAD network/skbuff.o
LOAD network/tcp_input.o
LOAD network/task_network.o
LOAD network/route.o
LOAD network/udp.o
LOAD network/tcp_data.o
LOAD network/utils.o
LOAD hd/hd.o
LOAD fs/fs_main.o
LOAD mm/forkexit.o
LOAD mm/exec.o
LOAD mm/main.o
LOAD mem/mem.o
LOAD lib/exec.o
LOAD lib/fork.o
LOAD lib/exit.o
LOAD lib/unlink.o
LOAD lib/wait.o
LOAD lib/socket_close.o
LOAD lib/socket_read.o
LOAD lib/alloca.o
LOAD lib/calloc.o
LOAD lib/floor.o
LOAD lib/socket_write.o
LOAD lib/getpid.o
LOAD lib/stdlib/atoi.o
LOAD lib/stdlib/strtol.o
LOAD lib/string/strtok.o
LOAD lib/string/strcmp.o
LOAD lib/string/strncmp.o
LOAD lib/string/strpbrk.o
LOAD lib/stdio/read.o
LOAD lib/stdio/perror.o
LOAD lib/stdio/sscanf.o
LOAD lib/stdio/open.o
LOAD lib/stdio/write.o
LOAD lib/stdio/close.o
LOAD lib/sys/socket.o
LOAD lib/sys/connect.o
LOAD lib/arpa/ntohs.o
LOAD lib/arpa/htonl.o
LOAD lib/arpa/htons.o
LOAD lib/arpa/inet_pton.o
LOAD lib/arpa/ntohl.o
LOAD lib/arpa/inet_ntop.o
                [!provide]                        PROVIDE (__executable_start = SEGMENT_START ("text-segment", 0x8048000))
                0x080480d4                        . = (SEGMENT_START ("text-segment", 0x8048000) + SIZEOF_HEADERS)

.interp
 *(.interp)

.note.gnu.build-id
 *(.note.gnu.build-id)

.hash
 *(.hash)

.gnu.hash
 *(.gnu.hash)

.dynsym
 *(.dynsym)

.dynstr
 *(.dynstr)

.gnu.version
 *(.gnu.version)

.gnu.version_d
 *(.gnu.version_d)

.gnu.version_r
 *(.gnu.version_r)

.rel.dyn        0x080480d4        0x0
 *(.rel.init)
 *(.rel.text .rel.text.* .rel.gnu.linkonce.t.*)
 .rel.text      0x080480d4        0x0 kernel/kernel_sub.o
 *(.rel.fini)
 *(.rel.rodata .rel.rodata.* .rel.gnu.linkonce.r.*)
 *(.rel.data.rel.ro .rel.data.rel.ro.* .rel.gnu.linkonce.d.rel.ro.*)
 *(.rel.data .rel.data.* .rel.gnu.linkonce.d.*)
 *(.rel.tdata .rel.tdata.* .rel.gnu.linkonce.td.*)
 *(.rel.tbss .rel.tbss.* .rel.gnu.linkonce.tb.*)
 *(.rel.ctors)
 *(.rel.dtors)
 *(.rel.got)
 .rel.got       0x080480d4        0x0 kernel/kernel_sub.o
 *(.rel.bss .rel.bss.* .rel.gnu.linkonce.b.*)
 *(.rel.ifunc)

.rel.plt        0x080480d4        0x0
 *(.rel.plt)
                [!provide]                        PROVIDE (__rel_iplt_start = .)
 *(.rel.iplt)
 .rel.iplt      0x080480d4        0x0 kernel/kernel_sub.o
                [!provide]                        PROVIDE (__rel_iplt_end = .)

.relr.dyn
 *(.relr.dyn)
                0x08049000                        . = ALIGN (CONSTANT (MAXPAGESIZE))

.init
 *(SORT_NONE(.init))

.plt            0x08049000        0x0
 *(.plt)
 *(.iplt)
 .iplt          0x08049000        0x0 kernel/kernel_sub.o

.plt.got
 *(.plt.got)

.plt.sec
 *(.plt.sec)

.text           0xc0600000    0x12de9
 *(.text.unlikely .text.*_unlikely .text.unlikely.*)
 *(.text.exit .text.exit.*)
 *(.text.startup .text.startup.*)
 *(.text.hot .text.hot.*)
 *(SORT_BY_NAME(.text.sorted.*))
 *(.text .stub .text.* .gnu.linkonce.t.*)
 .text          0xc0600000       0x71 kernel/kernel_sub.o
                0xc0600000                _start
 *fill*         0xc0600071        0xf 
 .text          0xc0600080      0x3d2 kernel/kernel.o
                0xc0600080                InterruptTest
                0xc060008c                disp_str_len
                0xc06000d9                disp_str
                0xc0600114                disp_str_colour
                0xc0600150                divide_zero_fault
                0xc0600156                single_step_fault
                0xc060015c                non_maskable_interrupt
                0xc0600162                breakpoint_trap
                0xc0600168                overflow_trap
                0xc060016e                bound_range_exceeded_fault
                0xc0600174                invalid_opcode_fault
                0xc060017a                coprocessor_not_available_fault
                0xc0600180                double_fault_exception_abort
                0xc0600184                coprocessor_segment_overrun
                0xc060018a                invalid_task_state_segment_fault
                0xc060018e                segment_not_present_fault
                0xc0600192                stack_exception_fault
                0xc0600196                general_protection_exception_fault
                0xc06001a1                page_fault
                0xc06001a5                coprocessor_error_fault
                0xc06001ab                align_check_fault
                0xc06001af                simd_float_exception_fault
                0xc06001be                hwint0
                0xc06001ee                hwint1
                0xc0600231                hwint14
                0xc0600277                hwint10
                0xc06002ba                sys_call
                0xc0600300                fork_restart
                0xc060030f                restart
                0xc0600332                in_byte
                0xc060033e                out_byte
                0xc0600360                disable_int
                0xc0600362                enable_int
                0xc06003f8                enable_8259A_casecade_irq
                0xc0600402                disable_8259A_casecade_irq
                0xc060040c                enable_8259A_slave_winchester_irq
                0xc0600416                disable_8259A_slave_winchester_irq
                0xc0600420                update_cr3
                0xc060042d                update_tss
                0xc060043c                get_running_thread_pcb
                0xc0600442                sys_call_test
                0xc0600445                enable_8259A_slave_net_irq
 *fill*         0xc0600452        0xe 
 .text          0xc0600460       0x15 switch_to.o
                0xc0600460                switch_to
 *fill*         0xc0600475        0xb 
 .text          0xc0600480       0x6a syscall.o
                0xc0600480                write_debug
                0xc0600490                send_msg
                0xc06004a6                receive_msg
                0xc06004bc                sys_malloc
                0xc06004d1                sys_free
 *fill*         0xc06004ea        0x6 
 .text          0xc06004f0      0x286 network/ne2000.o
                0xc0600513                DriverInitialize
                0xc060059d                StartSendToPhysicalLink
                0xc06005b8                SetPageStart
                0xc06005e0                DriverSend
                0xc060065a                PCtoNIC
                0xc06006c5                get_interrupt_status
                0xc06006e2                set_interrupt_status
                0xc0600702                get_curr_page
                0xc060071f                NICtoPC
 .text          0xc0600776      0x2ee double_link_list.o
                0xc0600776                initDoubleLinkList
                0xc06007c6                isListEmpty
                0xc06007f4                findElementInList
                0xc060088b                appendToDoubleLinkList
                0xc0600951                insertToDoubleLinkList
                0xc06009d5                popFromDoubleLinkList
 .text          0xc0600a64        0x0 global.o
 .text          0xc0600a64     0x2de4 kernel_main_old.o
                0xc0600a64                stop_here
                0xc0600aa8                catch_error
                0xc0600b0d                intr_enable
                0xc0600b36                intr_disable
                0xc0600b5f                intr_set_status
                0xc0600b7d                intr_get_status
                0xc0600b9a                Memcpy
                0xc0600bcd                untar
                0xc0600edd                num_to_string
                0xc0600f83                disp_int
                0xc0600fac                do_page_fault
                0xc06010e9                exception_handler
                0xc06012d4                init_internal_interrupt
                0xc0601449                spurious_irq
                0xc06014d7                init_keyboard
                0xc060151a                TestTTY
                0xc06015b9                TestReadReturnValue
                0xc0601636                TestWriteReturnValue
                0xc060170a                TestFS2
                0xc0601718                TestFS
                0xc0601bba                wait_exit
                0xc0601cb8                INIT_fork
                0xc0601fab                simple_shell
                0xc0602132                test_shell
                0xc060219a                test_exec
                0xc060228d                INIT
                0xc060229a                TestA
                0xc06022cf                delay
                0xc0602313                TestB
                0xc060232b                TestC
                0xc060235e                sys_get_ticks
                0xc060236e                sys_write
                0xc06023c2                milli_delay
                0xc06023fe                TaskSys
                0xc0602403                Printf
                0xc06024d5                sprintf
                0xc0602501                vsprintf
                0xc06026ad                printx
                0xc06026f0                sys_printx
                0xc06027bc                spin
                0xc06027e2                panic
                0xc0602800                assertion_failure
                0xc0602872                assertion_failure2
                0xc06028e7                dead_lock
                0xc06028f1                sys_send_msg
                0xc0602e10                sys_receive_msg
                0xc0603470                send_rec
                0xc060356b                block
                0xc06035a7                unblock
                0xc06035f7                get_ticks_ipc
                0xc0603651                itoa
                0xc06036a7                i2a
                0xc060370d                inform_int
                0xc06037d9                deprecate_strcmp
 .text          0xc0603848      0x51d kernel_main.o
                0xc0603848                kernel_main
                0xc0603a02                init
                0xc0603a99                kernel_thread_a
                0xc0603ae6                kernel_thread_b
                0xc0603b33                kernel_thread_c
                0xc0603b49                kernel_thread_d
                0xc0603b5f                user_proc_a
                0xc0603d48                user_proc_b
 .text          0xc0603d65      0x3b3 protect.o
                0xc0603d65                InitDescriptor
                0xc0603dd2                Seg2PhyAddr
                0xc0603e13                Seg2PhyAddrLDT
                0xc0603e57                VirAddr2PhyAddr
                0xc0603e6d                v2l
                0xc0603eb0                init_propt
                0xc0604031                InitInterruptDesc
                0xc060408d                ReloadGDT
 .text          0xc0604118      0xad3 console.o
                0xc0604118                select_console
                0xc0604154                flush
                0xc060418d                set_cursor
                0xc06041eb                set_console_start_video_addr
                0xc0604249                put_key
                0xc06042b5                scroll_up
                0xc06042f7                scroll_down
                0xc0604362                out_char
                0xc060451f                tty_dev_read
                0xc0604549                tty_dev_write
                0xc0604776                tty_do_read
                0xc060483e                tty_do_write
                0xc06049a7                init_screen
                0xc0604a30                init_tty
                0xc0604ae5                TaskTTY
 .text          0xc0604beb      0x2b7 process.o
                0xc0604beb                schedule_process
                0xc0604db1                clock_handler
                0xc0604e27                pid2proc
                0xc0604e8b                proc2pid
 .text          0xc0604ea2      0x40f keyboard.o
                0xc0604ea2                keyboard_handler
                0xc0604f26                read_from_keyboard_buf
                0xc0604f8c                keyboard_read
                0xc060510b                init_keyboard_handler
                0xc060511f                in_process
 .text          0xc06052b1      0x1b2 thread.o
                0xc06052b1                kernel_thread
                0xc06052c9                thread_init
                0xc0605376                thread_create
                0xc06053ab                thread_start
 .text          0xc0605463      0x730 my_process.o
                0xc0605463                create_user_process_address_space
                0xc06054f3                user_process
                0xc0605620                clone_pcb
                0xc0605792                build_body_stack
                0xc06058c5                build_process_kernel_stack
                0xc0605988                fork_process
                0xc0605a19                process_execute
 .text          0xc0605b93      0x66c network/socket.o
                0xc0605c43                test
                0xc0605c9f                socket_debug
                0xc0605d00                free_socket
                0xc0605dbc                _socket
                0xc0605e7b                _bind
                0xc0605ece                _connect
                0xc0605f20                _write
                0xc0605f77                _read
                0xc0605fce                _recvfrom
                0xc060600f                _sendto
                0xc0606066                _close
                0xc06060e5                _listen
                0xc060614b                _accept
 .text          0xc06061ff      0x2ed network/ip_input.o
                0xc0606389                ip_rcv
 .text          0xc06064ec      0x8cd network/udp_sock.o
                0xc060672a                udp_lookup_sock
                0xc0606771                udp_init
                0xc06067a2                udp_close
                0xc06067c8                udp_sock_init
                0xc06067d2                udp_recvfrom
                0xc060686b                udp_connect
                0xc0606944                udp_write
                0xc0606970                udp_alloc_skb
                0xc06069ba                udp_sendto
                0xc0606aae                udp_send
                0xc0606bec                udp_alloc_sock
                0xc0606c2d                udp_free_sock
                0xc0606c51                udp_read
 .text          0xc0606db9      0x88a network/netdev.o
                0xc0606f47                netdev_init
                0xc0606f8e                netdev_transmit
                0xc06070e9                interrupt_wait2
                0xc0607142                netdev_rx_loop
                0xc060727b                netdev_get
                0xc06072b6                free_netdev
                0xc06072e1                local_ipaddress
                0xc060731e                receive_msg_from_nic
                0xc0607501                receive_msg_from_nic2
                0xc060762d                net_handler
 .text          0xc0607643      0x1d3 network/ip_output.o
                0xc0607651                ip_output
 .text          0xc0607816      0x448 network/tcp.o
                0xc0607a0b                tcp_in
                0xc0607abf                tcp_checksum
                0xc0607aeb                __tcp_set_state
                0xc0607afa                tcp_generate_port
                0xc0607b43                tcp_generate_isn
                0xc0607b4d                tcp_done
                0xc0607b76                tcp_clear_timers
                0xc0607b85                tcp_stop_retransmission_timer
                0xc0607b9e                tcp_release_retransmission_timer
                0xc0607bb7                tcp_stop_delack_timer
                0xc0607bca                tcp_release_delack_timer
                0xc0607bdd                tcp_handle_fin_state
                0xc0607c42                tcp_enter_time_wait
 .text          0xc0607c5e      0x203 network/sock.o
                0xc0607d90                sk_alloc
                0xc0607db7                sk_init
                0xc0607e0b                sk_init_with_socket
                0xc0607e34                sk_free
 .text          0xc0607e61      0xbbe network/tcp_output.o
                0xc0608327                tcp_send_synack
                0xc06083ca                tcp_send_delack
                0xc0608405                tcp_send_ack
                0xc0608551                tcp_send_fin
                0xc06085c6                tcp_select_initial_window
                0xc0608778                tcp_reset_retransmission_timer
                0xc0608795                tcp_begin_connect
                0xc060883f                tcp_send
                0xc0608924                tcp_send_reset
                0xc06089a4                tcp_queue_fin
 .text          0xc0608a1f      0x6ef network/arp.o
                0xc0608bec                arp_init
                0xc0608bf2                arp_rcv
                0xc0608da4                arp_request
                0xc0608f0e                arp_reply
                0xc0609071                arp_get_hwaddr
                0xc06090bd                free_arp
 .text          0xc060910e      0xa27 network/tcp_sock.o
                0xc06093cd                tcp_established_or_syn_recvd_socks_enqueue
                0xc06093e4                tcp_established_or_syn_recvd_socks_remove
                0xc06093f6                tcp_connecting_or_listening_socks_enqueue
                0xc060940d                tcp_connecting_or_listening_socks_remove
                0xc060941f                tcp_alloc_sock
                0xc0609535                tcp_free_sock
                0xc06095ae                tcp_init
                0xc06095b8                tcp_sock_init
                0xc060965b                tcp_write
                0xc060969c                tcp_read
                0xc060974f                tcp_close
                0xc060980d                tcp_recv_notify
                0xc0609838                tcp_v4_connect
                0xc0609a88                tcp_lookup_sock
 .text          0xc0609b35      0xd76 network/ipc.o
                0xc060a6ef                ipc_close
                0xc060a740                demux_ipc_socket_call
 .text          0xc060a8ab      0x234 network/icmpv4.o
                0xc060a8b9                icmpv4_incoming
                0xc060a92d                icmpv4_reply
                0xc060aa06                icmpv4_timestamp
 .text          0xc060aadf      0x429 network/inet.o
                0xc060aadf                inet_create
                0xc060ab8f                inet_socket
                0xc060ab99                inet_connect
                0xc060abed                inet_write
                0xc060ac19                inet_read
                0xc060ac45                inet_close
                0xc060ac94                inet_free
                0xc060acca                inet_bind
                0xc060add3                inet_listen
                0xc060ae1c                inet_accept
                0xc060aec7                inet_sendto
                0xc060aef2                inet_recvfrom
 .text          0xc060af08       0xee network/dst.o
                0xc060af16                dst_neigh_output
 .text          0xc060aff6      0x15b network/skbuff.o
                0xc060b00f                alloc_skb
                0xc060b0a0                free_skb
                0xc060b0d3                skb_reserve
                0xc060b0ef                skb_push
                0xc060b11e                skb_head
                0xc060b129                skb_reset_header
 .text          0xc060b151      0xb80 network/tcp_input.o
                0xc060b849                tcp_process
                0xc060bc0f                tcp_receive
 .text          0xc060bcd1      0x229 network/task_network.o
                0xc060bcd1                task_network
                0xc060be1e                task_netdev_rx
 .text          0xc060befa      0x2ee network/route.o
                0xc060c027                route_add
                0xc060c06e                route_init
                0xc060c146                route_lookup
                0xc060c194                free_routes
 .text          0xc060c1e8      0x3e0 network/udp.o
                0xc060c2f3                udp_generate_port
                0xc060c33c                udp_checksum
                0xc060c40a                udp_in
                0xc060c49b                udp_data_dequeue
                0xc060c5a3                udp_data_enqueue
 .text          0xc060c5c8      0x54a network/tcp_data.o
                0xc060c8b3                tcp_data_dequeue
                0xc060c9e0                tcp_data_queue
 .text          0xc060cb12      0x1e7 network/utils.o
                0xc060cb12                run_cmd
                0xc060cb1f                print_err
                0xc060cb36                parse_ipv4_string
                0xc060cb95                ip_pton
                0xc060cbdd                sum_every_16bits
                0xc060cc34                checksum
                0xc060cc75                tcp_udp_checksum
 .text          0xc060ccf9      0xe84 hd/hd.o
                0xc060ccf9                TaskHD
                0xc060cd44                init_hd
                0xc060cd5e                hd_handle
                0xc060ce63                hd_cmd_out
                0xc060cf65                hd_identify
                0xc060d01c                print_hdinfo
                0xc060d1aa                print_dpt_entry
                0xc060d216                get_partition_table
                0xc060d2f5                partition
                0xc060d50f                hd_open
                0xc060d5bf                get_hd_ioctl
                0xc060d679                wait_for
                0xc060d6aa                interrupt_wait
                0xc060d703                hd_rdwt
                0xc060d9a5                hd_handler
                0xc060d9d6                debug_ticks
                0xc060da14                waitfor
                0xc060da58                print_hd_info
                0xc060db45                is_empty
 .text          0xc060db7d     0x2081 fs/fs_main.o
                0xc060db7d                task_fs
                0xc060dd91                rd_wt
                0xc060de73                mkfs
                0xc060e455                init_fs
                0xc060e4af                do_open
                0xc060e6b8                search_file
                0xc060e7ea                strip_path
                0xc060e8b6                get_inode
                0xc060ea78                create_file
                0xc060eb83                alloc_imap_bit
                0xc060ec80                alloc_smap_bit
                0xc060ee21                new_inode
                0xc060ef3f                new_dir_entry
                0xc060f14b                do_unlink
                0xc060f627                do_rdwt
                0xc060f9b2                sync_inode
                0xc060fb06                put_inode
                0xc060fb44                do_close
                0xc060fb96                get_super_block
 .text          0xc060fbfe      0x24f mm/forkexit.o
                0xc060fbfe                do_fork
                0xc060fc6c                do_exit
                0xc060fcf6                do_wait
                0xc060fdf3                cleanup
 .text          0xc060fe4d      0x419 mm/exec.o
                0xc060fe4d                do_exec
 .text          0xc0610266      0x14e mm/main.o
                0xc0610266                TaskMM
                0xc0610395                alloc_mem
 .text          0xc06103b4     0x1118 mem/mem.o
                0xc06103b4                init_bitmap
                0xc06103d7                test_bit_val
                0xc0610440                set_bit_val
                0xc06104bb                set_bits
                0xc06104f5                get_first_free_bit
                0xc0610539                get_bits
                0xc0610601                get_a_page
                0xc06106b5                get_virtual_address_start_with_addr
                0xc061074f                get_virtual_address
                0xc06107df                ptr_pde
                0xc06107f2                ptr_pte
                0xc0610819                add_map_entry
                0xc06108aa                alloc_virtual_memory
                0xc0610976                get_physical_address_proc
                0xc06109f2                get_physical_address
                0xc0610a24                alloc_physical_memory_of_proc
                0xc0610b13                alloc_physical_memory
                0xc0610bdb                alloc_memory
                0xc0610c3d                get_a_virtual_page
                0xc0610c75                block2arena
                0xc0610c8b                sys_malloc2
                0xc0610fb8                remove_map_entry
                0xc0610fd9                free_a_page
                0xc0611080                sys_free2
                0xc0611086                init_memory_block_desc
                0xc0611157                init_memory2
                0xc061138c                init_memory
 .text          0xc06114cc      0x285 lib/exec.o
                0xc06114cc                exec
                0xc061153d                execv
                0xc061172c                execl
 .text          0xc0611751       0x4b lib/fork.o
                0xc0611751                fork
 .text          0xc061179c       0x2f lib/exit.o
                0xc061179c                exit
 .text          0xc06117cb       0x42 lib/unlink.o
                0xc06117cb                unlink
 .text          0xc061180d       0x44 lib/wait.o
                0xc061180d                wait
 .text          0xc0611851       0xbe lib/socket_close.o
                0xc0611851                socket_close
 .text          0xc061190f      0x12a lib/socket_read.o
                0xc061190f                socket_read
 .text          0xc0611a39       0x29 lib/alloca.o
                0xc0611a39                alloca
 .text          0xc0611a62       0x46 lib/calloc.o
                0xc0611a62                calloc
 .text          0xc0611aa8       0x49 lib/floor.o
                0xc0611aa8                floor
 .text          0xc0611af1      0x12a lib/socket_write.o
                0xc0611af1                socket_write
 .text          0xc0611c1b       0x2b lib/getpid.o
                0xc0611c1b                getpid
 .text          0xc0611c46       0x9c lib/stdlib/atoi.o
                0xc0611c46                atoi
 .text          0xc0611ce2       0xca lib/stdlib/strtol.o
                0xc0611ce2                strtol
 .text          0xc0611dac       0x85 lib/string/strtok.o
                0xc0611dac                strtok
 .text          0xc0611e31       0xa8 lib/string/strcmp.o
                0xc0611e31                strcmp
 .text          0xc0611ed9       0xd4 lib/string/strncmp.o
                0xc0611ed9                strncmp
 .text          0xc0611fad       0x90 lib/string/strpbrk.o
                0xc0611fad                strpbrk
 .text          0xc061203d      0x181 lib/stdio/read.o
                0xc061203d                read
 .text          0xc06121be       0x17 lib/stdio/perror.o
                0xc06121be                perror
 .text          0xc06121d5      0x335 lib/stdio/sscanf.o
                0xc06121d5                sscanf
 .text          0xc061250a       0x95 lib/stdio/open.o
                0xc061250a                open
 .text          0xc061259f       0x85 lib/stdio/write.o
                0xc061259f                write
 .text          0xc0612624       0x52 lib/stdio/close.o
                0xc0612624                close
 .text          0xc0612676      0x193 lib/sys/socket.o
                0xc0612676                socket
 .text          0xc0612809      0x100 lib/sys/connect.o
                0xc0612809                connect
 .text          0xc0612909       0x38 lib/arpa/ntohs.o
                0xc0612909                ntohs
 .text          0xc0612941       0x7c lib/arpa/htonl.o
                0xc0612941                htonl
 .text          0xc06129bd       0x38 lib/arpa/htons.o
                0xc06129bd                htons
 .text          0xc06129f5      0x295 lib/arpa/inet_pton.o
                0xc06129f5                isValidIPv4
                0xc0612b7f                inet_pton
 .text          0xc0612c8a       0x7c lib/arpa/ntohl.o
                0xc0612c8a                ntohl
 .text          0xc0612d06       0xe3 lib/arpa/inet_ntop.o
                0xc0612d06                inet_ntop
 *(.gnu.warning)

.fini
 *(SORT_NONE(.fini))
                [!provide]                        PROVIDE (__etext = .)
                [!provide]                        PROVIDE (_etext = .)
                [!provide]                        PROVIDE (etext = .)
                0xc0613000                        . = ALIGN (CONSTANT (MAXPAGESIZE))
                0xc0613000                        . = SEGMENT_START ("rodata-segment", (ALIGN (CONSTANT (MAXPAGESIZE)) + (. & (CONSTANT (MAXPAGESIZE) - 0x1))))

.rodata         0xc0613000     0x1dab
 *(.rodata .rodata.* .gnu.linkonce.r.*)
 .rodata        0xc0613000       0x3c double_link_list.o
 *fill*         0xc061303c        0x4 
 .rodata        0xc0613040      0xb61 kernel_main_old.o
 *fill*         0xc0613ba1        0x3 
 .rodata        0xc0613ba4      0x1b4 kernel_main.o
 .rodata        0xc0613d58       0x22 console.o
 *fill*         0xc0613d7a        0x2 
 .rodata        0xc0613d7c       0x4c process.o
 .rodata        0xc0613dc8      0x23d network/socket.o
 *fill*         0xc0614005        0x3 
 .rodata        0xc0614008       0xbd network/ip_input.o
 *fill*         0xc06140c5        0x3 
 .rodata        0xc06140c8       0x2d network/udp_sock.o
 *fill*         0xc06140f5        0x3 
 .rodata        0xc06140f8      0x1ae network/netdev.o
 .rodata        0xc06142a6        0x9 network/ip_output.o
 *fill*         0xc06142af        0x1 
 .rodata        0xc06142b0       0x31 network/tcp.o
 .rodata        0xc06142e1        0x9 network/sock.o
 *fill*         0xc06142ea        0x2 
 .rodata        0xc06142ec       0xc3 network/tcp_output.o
 *fill*         0xc06143af        0x1 
 .rodata        0xc06143b0       0xa7 network/arp.o
 *fill*         0xc0614457        0x1 
 .rodata        0xc0614458       0xe8 network/tcp_sock.o
 .rodata        0xc0614540      0x160 network/ipc.o
 .rodata        0xc06146a0       0x32 network/icmpv4.o
 *fill*         0xc06146d2        0x2 
 .rodata        0xc06146d4       0x48 network/inet.o
 .rodata        0xc061471c       0x21 network/dst.o
 .rodata        0xc061473d        0x9 network/skbuff.o
 *fill*         0xc0614746        0x2 
 .rodata        0xc0614748       0x60 network/tcp_input.o
 .rodata        0xc06147a8       0x78 network/task_network.o
 .rodata        0xc0614820       0x37 network/route.o
 .rodata        0xc0614857        0x9 network/udp.o
 .rodata        0xc0614860       0x1e network/tcp_data.o
 *fill*         0xc061487e        0x2 
 .rodata        0xc0614880       0x41 network/utils.o
 *fill*         0xc06148c1        0x3 
 .rodata        0xc06148c4      0x19c hd/hd.o
 .rodata        0xc0614a60      0x1fb fs/fs_main.o
                0xc0614a60                FSBUF_SIZE
 .rodata        0xc0614c5b       0x21 mm/forkexit.o
 .rodata        0xc0614c7c       0x10 mm/exec.o
 .rodata        0xc0614c8c       0x11 mm/main.o
 .rodata        0xc0614c9d       0x5a mem/mem.o
 .rodata        0xc0614cf7       0x2d lib/exec.o
 .rodata        0xc0614d24        0x9 lib/socket_close.o
 .rodata        0xc0614d2d        0x9 lib/socket_read.o
 .rodata        0xc0614d36        0x9 lib/socket_write.o
 .rodata        0xc0614d3f       0x2a lib/stdio/close.o
 .rodata        0xc0614d69       0x33 lib/sys/socket.o
 .rodata        0xc0614d9c        0x9 lib/sys/connect.o
 .rodata        0xc0614da5        0x3 lib/arpa/inet_pton.o
 .rodata        0xc0614da8        0x3 lib/arpa/inet_ntop.o

.txt            0xc0614dab       0xaa
 .txt           0xc0614dab       0x82 string.o
                0xc0614dab                Memcpy2
                0xc0614dd9                Memset
                0xc0614df8                Strcpy
                0xc0614e12                Strlen
 .txt           0xc0614e2d       0x28 hd/hd_rdwt.o
                0xc0614e2d                read_port
                0xc0614e41                write_port

.rodata1
 *(.rodata1)

.eh_frame_hdr
 *(.eh_frame_hdr)
 *(.eh_frame_entry .eh_frame_entry.*)

.eh_frame       0xc0614e58     0x4274
 *(.eh_frame)
 .eh_frame      0xc0614e58       0xd8 double_link_list.o
 .eh_frame      0xc0614f30      0x6cc kernel_main_old.o
                                0x6e4 (size before relaxing)
 .eh_frame      0xc06155fc      0x108 kernel_main.o
                                0x120 (size before relaxing)
 .eh_frame      0xc0615704      0x100 protect.o
                                0x118 (size before relaxing)
 .eh_frame      0xc0615804      0x1e0 console.o
                                0x1f8 (size before relaxing)
 .eh_frame      0xc06159e4       0x80 process.o
                                 0x98 (size before relaxing)
 .eh_frame      0xc0615a64       0xa0 keyboard.o
                                 0xb8 (size before relaxing)
 .eh_frame      0xc0615b04       0x80 thread.o
                                 0x98 (size before relaxing)
 .eh_frame      0xc0615b84       0xe0 my_process.o
                                 0xf8 (size before relaxing)
 .eh_frame      0xc0615c64      0x2a0 network/socket.o
                                0x2b8 (size before relaxing)
 .eh_frame      0xc0615f04      0x104 network/ip_input.o
                                0x11c (size before relaxing)
 .eh_frame      0xc0616008      0x404 network/udp_sock.o
                                0x41c (size before relaxing)
 .eh_frame      0xc061640c      0x214 network/netdev.o
                                0x22c (size before relaxing)
 .eh_frame      0xc0616620       0x40 network/ip_output.o
                                 0x58 (size before relaxing)
 .eh_frame      0xc0616660      0x268 network/tcp.o
                                0x280 (size before relaxing)
 .eh_frame      0xc06168c8      0x1a0 network/sock.o
                                0x1b8 (size before relaxing)
 .eh_frame      0xc0616a68      0x3c4 network/tcp_output.o
                                0x3dc (size before relaxing)
 .eh_frame      0xc0616e2c      0x1c0 network/arp.o
                                0x1d8 (size before relaxing)
 .eh_frame      0xc0616fec      0x4c0 network/tcp_sock.o
                                0x4d8 (size before relaxing)
 .eh_frame      0xc06174ac      0x254 network/ipc.o
                                0x26c (size before relaxing)
 .eh_frame      0xc0617700       0x80 network/icmpv4.o
                                 0x98 (size before relaxing)
 .eh_frame      0xc0617780      0x180 network/inet.o
                                0x198 (size before relaxing)
 .eh_frame      0xc0617900       0x40 network/dst.o
                                 0x58 (size before relaxing)
 .eh_frame      0xc0617940       0xe0 network/skbuff.o
                                 0xf8 (size before relaxing)
 .eh_frame      0xc0617a20      0x300 network/tcp_input.o
                                0x318 (size before relaxing)
 .eh_frame      0xc0617d20       0x40 network/task_network.o
                                 0x58 (size before relaxing)
 .eh_frame      0xc0617d60      0x124 network/route.o
                                0x13c (size before relaxing)
 .eh_frame      0xc0617e84      0x1e4 network/udp.o
                                0x1fc (size before relaxing)
 .eh_frame      0xc0618068      0x200 network/tcp_data.o
                                0x218 (size before relaxing)
 .eh_frame      0xc0618268       0xe4 network/utils.o
                                 0xfc (size before relaxing)
 .eh_frame      0xc061834c      0x264 hd/hd.o
                                0x27c (size before relaxing)
 .eh_frame      0xc06185b0      0x27c fs/fs_main.o
                                0x294 (size before relaxing)
 .eh_frame      0xc061882c       0x80 mm/forkexit.o
                                 0x98 (size before relaxing)
 .eh_frame      0xc06188ac       0x20 mm/exec.o
                                 0x38 (size before relaxing)
 .eh_frame      0xc06188cc       0x3c mm/main.o
                                 0x54 (size before relaxing)
 .eh_frame      0xc0618908      0x364 mem/mem.o
                                0x37c (size before relaxing)
 .eh_frame      0xc0618c6c       0x60 lib/exec.o
                                 0x78 (size before relaxing)
 .eh_frame      0xc0618ccc       0x20 lib/fork.o
                                 0x38 (size before relaxing)
 .eh_frame      0xc0618cec       0x20 lib/exit.o
                                 0x38 (size before relaxing)
 .eh_frame      0xc0618d0c       0x20 lib/unlink.o
                                 0x38 (size before relaxing)
 .eh_frame      0xc0618d2c       0x20 lib/wait.o
                                 0x38 (size before relaxing)
 .eh_frame      0xc0618d4c       0x20 lib/socket_close.o
                                 0x38 (size before relaxing)
 .eh_frame      0xc0618d6c       0x20 lib/socket_read.o
                                 0x38 (size before relaxing)
 .eh_frame      0xc0618d8c       0x20 lib/alloca.o
                                 0x38 (size before relaxing)
 .eh_frame      0xc0618dac       0x20 lib/calloc.o
                                 0x38 (size before relaxing)
 .eh_frame      0xc0618dcc       0x20 lib/floor.o
                                 0x38 (size before relaxing)
 .eh_frame      0xc0618dec       0x20 lib/socket_write.o
                                 0x38 (size before relaxing)
 .eh_frame      0xc0618e0c       0x20 lib/getpid.o
                                 0x38 (size before relaxing)
 .eh_frame      0xc0618e2c       0x20 lib/stdlib/atoi.o
                                 0x38 (size before relaxing)
 .eh_frame      0xc0618e4c       0x20 lib/stdlib/strtol.o
                                 0x38 (size before relaxing)
 .eh_frame      0xc0618e6c       0x20 lib/string/strtok.o
                                 0x38 (size before relaxing)
 .eh_frame      0xc0618e8c       0x20 lib/string/strcmp.o
                                 0x38 (size before relaxing)
 .eh_frame      0xc0618eac       0x20 lib/string/strncmp.o
                                 0x38 (size before relaxing)
 .eh_frame      0xc0618ecc       0x20 lib/string/strpbrk.o
                                 0x38 (size before relaxing)
 .eh_frame      0xc0618eec       0x20 lib/stdio/read.o
                                 0x38 (size before relaxing)
 .eh_frame      0xc0618f0c       0x20 lib/stdio/perror.o
                                 0x38 (size before relaxing)
 .eh_frame      0xc0618f2c       0x20 lib/stdio/sscanf.o
                                 0x38 (size before relaxing)
 .eh_frame      0xc0618f4c       0x20 lib/stdio/open.o
                                 0x38 (size before relaxing)
 .eh_frame      0xc0618f6c       0x20 lib/stdio/write.o
                                 0x38 (size before relaxing)
 .eh_frame      0xc0618f8c       0x20 lib/stdio/close.o
                                 0x38 (size before relaxing)
 .eh_frame      0xc0618fac       0x20 lib/sys/socket.o
                                 0x38 (size before relaxing)
 .eh_frame      0xc0618fcc       0x20 lib/sys/connect.o
                                 0x38 (size before relaxing)
 .eh_frame      0xc0618fec       0x20 lib/arpa/ntohs.o
                                 0x38 (size before relaxing)
 .eh_frame      0xc061900c       0x20 lib/arpa/htonl.o
                                 0x38 (size before relaxing)
 .eh_frame      0xc061902c       0x20 lib/arpa/htons.o
                                 0x38 (size before relaxing)
 .eh_frame      0xc061904c       0x40 lib/arpa/inet_pton.o
                                 0x58 (size before relaxing)
 .eh_frame      0xc061908c       0x20 lib/arpa/ntohl.o
                                 0x38 (size before relaxing)
 .eh_frame      0xc06190ac       0x20 lib/arpa/inet_ntop.o
                                 0x38 (size before relaxing)
 *(.eh_frame.*)

.sframe
 *(.sframe)
 *(.sframe.*)

.gcc_except_table
 *(.gcc_except_table .gcc_except_table.*)

.gnu_extab
 *(.gnu_extab*)

.exception_ranges
 *(.exception_ranges*)
                0xc061a000                        . = DATA_SEGMENT_ALIGN (CONSTANT (MAXPAGESIZE), CONSTANT (COMMONPAGESIZE))

.eh_frame
 *(.eh_frame)
 *(.eh_frame.*)

.sframe
 *(.sframe)
 *(.sframe.*)

.gnu_extab
 *(.gnu_extab)

.gcc_except_table
 *(.gcc_except_table .gcc_except_table.*)

.exception_ranges
 *(.exception_ranges*)

.tdata          0xc061a000        0x0
                [!provide]                        PROVIDE (__tdata_start = .)
 *(.tdata .tdata.* .gnu.linkonce.td.*)

.tbss
 *(.tbss .tbss.* .gnu.linkonce.tb.*)
 *(.tcommon)

.preinit_array  0xc061a000        0x0
                [!provide]                        PROVIDE (__preinit_array_start = .)
 *(.preinit_array)
                [!provide]                        PROVIDE (__preinit_array_end = .)

.init_array     0xc061a000        0x0
                [!provide]                        PROVIDE (__init_array_start = .)
 *(SORT_BY_INIT_PRIORITY(.init_array.*) SORT_BY_INIT_PRIORITY(.ctors.*))
 *(.init_array EXCLUDE_FILE(*crtend?.o *crtend.o *crtbegin?.o *crtbegin.o) .ctors)
                [!provide]                        PROVIDE (__init_array_end = .)

.fini_array     0xc061a000        0x0
                [!provide]                        PROVIDE (__fini_array_start = .)
 *(SORT_BY_INIT_PRIORITY(.fini_array.*) SORT_BY_INIT_PRIORITY(.dtors.*))
 *(.fini_array EXCLUDE_FILE(*crtend?.o *crtend.o *crtbegin?.o *crtbegin.o) .dtors)
                [!provide]                        PROVIDE (__fini_array_end = .)

.ctors
 *crtbegin.o(.ctors)
 *crtbegin?.o(.ctors)
 *(EXCLUDE_FILE(*crtend?.o *crtend.o) .ctors)
 *(SORT_BY_NAME(.ctors.*))
 *(.ctors)

.dtors
 *crtbegin.o(.dtors)
 *crtbegin?.o(.dtors)
 *(EXCLUDE_FILE(*crtend?.o *crtend.o) .dtors)
 *(SORT_BY_NAME(.dtors.*))
 *(.dtors)

.jcr
 *(.jcr)

.data.rel.ro
 *(.data.rel.ro.local* .gnu.linkonce.d.rel.ro.local.*)
 *(.data.rel.ro .data.rel.ro.* .gnu.linkonce.d.rel.ro.*)

.dynamic
 *(.dynamic)

.got            0xc061a000        0x0
 *(.got)
 .got           0xc061a000        0x0 kernel/kernel_sub.o
 *(.igot)
                0xc061a000                        . = DATA_SEGMENT_RELRO_END (., (SIZEOF (.got.plt) >= 0xc)?0xc:0x0)

.got.plt        0xc061a000        0x0
 *(.got.plt)
 .got.plt       0xc061a000        0x0 kernel/kernel_sub.o
 *(.igot.plt)
 .igot.plt      0xc061a000        0x0 kernel/kernel_sub.o

.data           0xc061a000      0xb78
 *(.data .data.* .gnu.linkonce.d.*)
 .data          0xc061a000        0xf kernel/kernel_sub.o
 *fill*         0xc061a00f        0x1 
 .data          0xc061a010        0xf kernel/kernel.o
 *fill*         0xc061a01f        0x1 
 .data          0xc061a020        0x0 syscall.o
 .data          0xc061a020        0x0 double_link_list.o
 .data          0xc061a020      0x160 global.o
                0xc061a020                user_task_table
                0xc061a0a0                sys_task_table
                0xc061a164                sys_call_table
 .data          0xc061a180        0x0 kernel_main_old.o
 .data          0xc061a180        0x0 kernel_main.o
 .data          0xc061a180        0x0 protect.o
 .data          0xc061a180        0x0 console.o
 .data          0xc061a180        0x0 process.o
 .data          0xc061a180      0x600 keyboard.o
                0xc061a180                keymap
 .data          0xc061a780        0x0 thread.o
 .data          0xc061a780        0x0 my_process.o
 .data          0xc061a780      0x224 network/socket.o
 .data          0xc061a9a4        0x4 network/ip_input.o
 *fill*         0xc061a9a8       0x18 
 .data          0xc061a9c0       0x54 network/udp_sock.o
                0xc061a9e0                udp_ops
 .data          0xc061aa14        0x4 network/netdev.o
 .data          0xc061aa18        0x4 network/ip_output.o
 .data          0xc061aa1c        0x8 network/tcp.o
 .data          0xc061aa24        0x4 network/sock.o
 .data          0xc061aa28        0x4 network/tcp_output.o
 .data          0xc061aa2c       0x14 network/arp.o
 .data          0xc061aa40       0x54 network/tcp_sock.o
                0xc061aa60                tcp_ops
 .data          0xc061aa94        0xc network/ipc.o
 .data          0xc061aaa0        0x4 network/icmpv4.o
 *fill*         0xc061aaa4       0x1c 
 .data          0xc061aac0       0x80 network/inet.o
                0xc061aac8                inet
 .data          0xc061ab40        0x4 network/dst.o
 .data          0xc061ab44        0x4 network/skbuff.o
 .data          0xc061ab48        0x4 network/tcp_input.o
 .data          0xc061ab4c        0x4 network/task_network.o
 .data          0xc061ab50        0x4 network/route.o
 .data          0xc061ab54        0x8 network/udp.o
 .data          0xc061ab5c        0x4 network/tcp_data.o
 .data          0xc061ab60        0x4 network/utils.o
 .data          0xc061ab64        0x0 hd/hd.o
 .data          0xc061ab64        0x0 fs/fs_main.o
 .data          0xc061ab64        0x0 mm/forkexit.o
 .data          0xc061ab64        0x0 mm/exec.o
 .data          0xc061ab64        0x0 mm/main.o
 .data          0xc061ab64        0x0 mem/mem.o
 .data          0xc061ab64        0x0 lib/exec.o
 .data          0xc061ab64        0x0 lib/fork.o
 .data          0xc061ab64        0x0 lib/exit.o
 .data          0xc061ab64        0x0 lib/unlink.o
 .data          0xc061ab64        0x0 lib/wait.o
 .data          0xc061ab64        0x4 lib/socket_close.o
 .data          0xc061ab68        0x4 lib/socket_read.o
 .data          0xc061ab6c        0x0 lib/alloca.o
 .data          0xc061ab6c        0x0 lib/calloc.o
 .data          0xc061ab6c        0x0 lib/floor.o
 .data          0xc061ab6c        0x4 lib/socket_write.o
 .data          0xc061ab70        0x0 lib/getpid.o
 .data          0xc061ab70        0x0 lib/stdlib/atoi.o
 .data          0xc061ab70        0x0 lib/stdlib/strtol.o
 .data          0xc061ab70        0x0 lib/string/strtok.o
 .data          0xc061ab70        0x0 lib/string/strcmp.o
 .data          0xc061ab70        0x0 lib/string/strncmp.o
 .data          0xc061ab70        0x0 lib/string/strpbrk.o
 .data          0xc061ab70        0x0 lib/stdio/read.o
 .data          0xc061ab70        0x0 lib/stdio/perror.o
 .data          0xc061ab70        0x0 lib/stdio/sscanf.o
 .data          0xc061ab70        0x0 lib/stdio/open.o
 .data          0xc061ab70        0x0 lib/stdio/write.o
 .data          0xc061ab70        0x0 lib/stdio/close.o
 .data          0xc061ab70        0x4 lib/sys/socket.o
 .data          0xc061ab74        0x4 lib/sys/connect.o
 .data          0xc061ab78        0x0 lib/arpa/ntohs.o
 .data          0xc061ab78        0x0 lib/arpa/htonl.o
 .data          0xc061ab78        0x0 lib/arpa/htons.o
 .data          0xc061ab78        0x0 lib/arpa/inet_pton.o
 .data          0xc061ab78        0x0 lib/arpa/ntohl.o
 .data          0xc061ab78        0x0 lib/arpa/inet_ntop.o

.data1
 *(.data1)
                0xc061ab78                        _edata = .
                [!provide]                        PROVIDE (edata = .)
                0xc061ab78                        . = .
                0xc061ab78                        __bss_start = .

.bss            0xc061ab80    0x95628
 *(.dynbss)
 *(.bss .bss.* .gnu.linkonce.b.*)
 .bss           0xc061ab80      0x800 kernel/kernel_sub.o
 .bss           0xc061b380      0x800 kernel/kernel.o
 .bss           0xc061bb80        0x0 double_link_list.o
 .bss           0xc061bb80        0x0 global.o
 .bss           0xc061bb80        0x0 kernel_main_old.o
 .bss           0xc061bb80        0x0 kernel_main.o
 .bss           0xc061bb80        0x0 protect.o
 .bss           0xc061bb80        0x0 console.o
 .bss           0xc061bb80        0x0 process.o
 .bss           0xc061bb80        0x0 keyboard.o
 .bss           0xc061bb80        0x0 thread.o
 .bss           0xc061bb80        0x0 my_process.o
 .bss           0xc061bb80        0x4 network/socket.o
 .bss           0xc061bb84        0x0 network/ip_input.o
 .bss           0xc061bb84        0x4 network/udp_sock.o
 .bss           0xc061bb88        0x0 network/netdev.o
 .bss           0xc061bb88        0x0 network/ip_output.o
 .bss           0xc061bb88        0x0 network/tcp.o
 .bss           0xc061bb88        0x0 network/sock.o
 .bss           0xc061bb88        0x0 network/tcp_output.o
 .bss           0xc061bb88        0x0 network/arp.o
 .bss           0xc061bb88        0x0 network/tcp_sock.o
 .bss           0xc061bb88        0x4 network/ipc.o
 .bss           0xc061bb8c        0x0 network/icmpv4.o
 .bss           0xc061bb8c        0x0 network/inet.o
 .bss           0xc061bb8c        0x0 network/dst.o
 .bss           0xc061bb8c        0x0 network/skbuff.o
 .bss           0xc061bb8c        0x0 network/tcp_input.o
 .bss           0xc061bb8c        0x0 network/task_network.o
 .bss           0xc061bb8c        0x0 network/route.o
 .bss           0xc061bb8c        0x0 network/udp.o
 .bss           0xc061bb8c        0x0 network/tcp_data.o
 .bss           0xc061bb8c        0x0 network/utils.o
 .bss           0xc061bb8c        0x0 hd/hd.o
 .bss           0xc061bb8c        0x4 fs/fs_main.o
                0xc061bb8c                c
 .bss           0xc061bb90        0x0 mm/forkexit.o
 .bss           0xc061bb90        0x0 mm/exec.o
 .bss           0xc061bb90        0x0 mm/main.o
 .bss           0xc061bb90        0x0 mem/mem.o
 .bss           0xc061bb90        0x0 lib/exec.o
 .bss           0xc061bb90        0x0 lib/fork.o
 .bss           0xc061bb90        0x0 lib/exit.o
 .bss           0xc061bb90        0x0 lib/unlink.o
 .bss           0xc061bb90        0x0 lib/wait.o
 .bss           0xc061bb90        0x0 lib/socket_close.o
 .bss           0xc061bb90        0x0 lib/socket_read.o
 .bss           0xc061bb90        0x0 lib/alloca.o
 .bss           0xc061bb90        0x0 lib/calloc.o
 .bss           0xc061bb90        0x0 lib/floor.o
 .bss           0xc061bb90        0x0 lib/socket_write.o
 .bss           0xc061bb90        0x0 lib/getpid.o
 .bss           0xc061bb90        0x0 lib/stdlib/atoi.o
 .bss           0xc061bb90        0x0 lib/stdlib/strtol.o
 .bss           0xc061bb90        0x4 lib/string/strtok.o
 .bss           0xc061bb94        0x0 lib/string/strcmp.o
 .bss           0xc061bb94        0x0 lib/string/strncmp.o
 .bss           0xc061bb94        0x0 lib/string/strpbrk.o
 .bss           0xc061bb94        0x0 lib/stdio/read.o
 .bss           0xc061bb94        0x0 lib/stdio/perror.o
 .bss           0xc061bb94        0x0 lib/stdio/sscanf.o
 .bss           0xc061bb94        0x0 lib/stdio/open.o
 .bss           0xc061bb94        0x0 lib/stdio/write.o
 .bss           0xc061bb94        0x0 lib/stdio/close.o
 .bss           0xc061bb94        0x0 lib/sys/socket.o
 .bss           0xc061bb94        0x0 lib/sys/connect.o
 .bss           0xc061bb94        0x0 lib/arpa/ntohs.o
 .bss           0xc061bb94        0x0 lib/arpa/htonl.o
 .bss           0xc061bb94        0x0 lib/arpa/htons.o
 .bss           0xc061bb94        0x0 lib/arpa/inet_pton.o
 .bss           0xc061bb94        0x0 lib/arpa/ntohl.o
 .bss           0xc061bb94        0x0 lib/arpa/inet_ntop.o
 *(COMMON)
 *fill*         0xc061bb94        0xc 
 COMMON         0xc061bba0     0x17b8 double_link_list.o
                0xc061bba0                current_tty
                0xc061bba4                is_e0
                0xc061bba8                idt_ptr
                0xc061bbb0                pid
                0xc061bbb4                KernelVirtualMemory
                0xc061bbc0                loop
                0xc061bbc4                current_dis_pos
                0xc061bbc8                dis_pos
                0xc061bbcc                netdev
                0xc061bbd0                k_reenter
                0xc061bbe0                gdt
                0xc061bfe0                proc_ready_table
                0xc061bfe4                test_ticks
                0xc061bfe8                pcaller
                0xc061c000                keyboard_buffer
                0xc061c20c                pcb_list
                0xc061c21c                gdt_index
                0xc061c220                tty_table
                0xc061ca60                tss
                0xc061cacc                KernelPool
                0xc061cadc                net_buf
                0xc061cae0                nic_current_page
                0xc061cae4                counter
                0xc061cae8                key_pressed
                0xc061caec                fork_pid
                0xc061caf0                is_shift
                0xc061caf1                net_data
                0xc061caf4                routes
                0xc061caf8                gdt_ptr
                0xc061cb00                idt
                0xc061d300                main_thread
                0xc061d308                ticks
                0xc061d310                is_init
                0xc061d314                UserPool
                0xc061d324                all_pcb_list
                0xc061d334                console_table
                0xc061d344                is_disp
                0xc061d348                MAIN_THREAD_PAGE_DIRECTORY
                0xc061d34c                helloStr
 *fill*         0xc061d358        0x8 
 COMMON         0xc061d360    0x91ad0 global.o
                0xc061d360                proc_stack
                0xc06ad360                proc_table
 *fill*         0xc06aee30       0x10 
 COMMON         0xc06aee40      0x440 hd/hd.o
                0xc06aee40                hd_info
                0xc06af080                hd_cache
 COMMON         0xc06af280      0xe68 fs/fs_main.o
                0xc06af280                file_desc_table
                0xc06af680                phy_super_block_buf
                0xc06af684                phy_fsbuf
                0xc06af6a0                inode_table
                0xc06b00a0                super_block_buf
                0xc06b00a4                fsbuf
                0xc06b00c0                root
 *fill*         0xc06b00e8       0x18 
 COMMON         0xc06b0100       0xa8 mem/mem.o
                0xc06b0100                kernel_mem_block_decs_array
                0xc06b01a8                        . = ALIGN ((. != 0x0)?0x4:0x1)
                0xc06b01a8                        . = ALIGN (0x4)
                0xc06b01a8                        . = SEGMENT_START ("ldata-segment", .)
                0xc06b01a8                        . = ALIGN (0x4)
                0xc06b01a8                        _end = .
                [!provide]                        PROVIDE (end = .)
                0xc06b01a8                        . = DATA_SEGMENT_END (.)

.stab
 *(.stab)

.stabstr
 *(.stabstr)

.stab.excl
 *(.stab.excl)

.stab.exclstr
 *(.stab.exclstr)

.stab.index
 *(.stab.index)

.stab.indexstr
 *(.stab.indexstr)

.comment        0x00000000       0x2c
 *(.comment)
 .comment       0x00000000       0x2c double_link_list.o
                                 0x2d (size before relaxing)
 .comment       0x0000002c       0x2d global.o
 .comment       0x0000002c       0x2d kernel_main_old.o
 .comment       0x0000002c       0x2d kernel_main.o
 .comment       0x0000002c       0x2d protect.o
 .comment       0x0000002c       0x2d console.o
 .comment       0x0000002c       0x2d process.o
 .comment       0x0000002c       0x2d keyboard.o
 .comment       0x0000002c       0x2d thread.o
 .comment       0x0000002c       0x2d my_process.o
 .comment       0x0000002c       0x2d network/socket.o
 .comment       0x0000002c       0x2d network/ip_input.o
 .comment       0x0000002c       0x2d network/udp_sock.o
 .comment       0x0000002c       0x2d network/netdev.o
 .comment       0x0000002c       0x2d network/ip_output.o
 .comment       0x0000002c       0x2d network/tcp.o
 .comment       0x0000002c       0x2d network/sock.o
 .comment       0x0000002c       0x2d network/tcp_output.o
 .comment       0x0000002c       0x2d network/arp.o
 .comment       0x0000002c       0x2d network/tcp_sock.o
 .comment       0x0000002c       0x2d network/ipc.o
 .comment       0x0000002c       0x2d network/icmpv4.o
 .comment       0x0000002c       0x2d network/inet.o
 .comment       0x0000002c       0x2d network/dst.o
 .comment       0x0000002c       0x2d network/skbuff.o
 .comment       0x0000002c       0x2d network/tcp_input.o
 .comment       0x0000002c       0x2d network/task_network.o
 .comment       0x0000002c       0x2d network/route.o
 .comment       0x0000002c       0x2d network/udp.o
 .comment       0x0000002c       0x2d network/tcp_data.o
 .comment       0x0000002c       0x2d network/utils.o
 .comment       0x0000002c       0x2d hd/hd.o
 .comment       0x0000002c       0x2d fs/fs_main.o
 .comment       0x0000002c       0x2d mm/forkexit.o
 .comment       0x0000002c       0x2d mm/exec.o
 .comment       0x0000002c       0x2d mm/main.o
 .comment       0x0000002c       0x2d mem/mem.o
 .comment       0x0000002c       0x2d lib/exec.o
 .comment       0x0000002c       0x2d lib/fork.o
 .comment       0x0000002c       0x2d lib/exit.o
 .comment       0x0000002c       0x2d lib/unlink.o
 .comment       0x0000002c       0x2d lib/wait.o
 .comment       0x0000002c       0x2d lib/socket_close.o
 .comment       0x0000002c       0x2d lib/socket_read.o
 .comment       0x0000002c       0x2d lib/alloca.o
 .comment       0x0000002c       0x2d lib/calloc.o
 .comment       0x0000002c       0x2d lib/floor.o
 .comment       0x0000002c       0x2d lib/socket_write.o
 .comment       0x0000002c       0x2d lib/getpid.o
 .comment       0x0000002c       0x2d lib/stdlib/atoi.o
 .comment       0x0000002c       0x2d lib/stdlib/strtol.o
 .comment       0x0000002c       0x2d lib/string/strtok.o
 .comment       0x0000002c       0x2d lib/string/strcmp.o
 .comment       0x0000002c       0x2d lib/string/strncmp.o
 .comment       0x0000002c       0x2d lib/string/strpbrk.o
 .comment       0x0000002c       0x2d lib/stdio/read.o
 .comment       0x0000002c       0x2d lib/stdio/perror.o
 .comment       0x0000002c       0x2d lib/stdio/sscanf.o
 .comment       0x0000002c       0x2d lib/stdio/open.o
 .comment       0x0000002c       0x2d lib/stdio/write.o
 .comment       0x0000002c       0x2d lib/stdio/close.o
 .comment       0x0000002c       0x2d lib/sys/socket.o
 .comment       0x0000002c       0x2d lib/sys/connect.o
 .comment       0x0000002c       0x2d lib/arpa/ntohs.o
 .comment       0x0000002c       0x2d lib/arpa/htonl.o
 .comment       0x0000002c       0x2d lib/arpa/htons.o
 .comment       0x0000002c       0x2d lib/arpa/inet_pton.o
 .comment       0x0000002c       0x2d lib/arpa/ntohl.o
 .comment       0x0000002c       0x2d lib/arpa/inet_ntop.o

.gnu.build.attributes
 *(.gnu.build.attributes .gnu.build.attributes.*)

.debug
 *(.debug)

.line
 *(.line)

.debug_srcinfo
 *(.debug_srcinfo)

.debug_sfnames
 *(.debug_sfnames)

.debug_aranges  0x00000000      0x898
 *(.debug_aranges)
 .debug_aranges
                0x00000000       0x20 double_link_list.o
 .debug_aranges
                0x00000020       0x18 global.o
 .debug_aranges
                0x00000038       0x20 kernel_main_old.o
 .debug_aranges
                0x00000058       0x20 kernel_main.o
 .debug_aranges
                0x00000078       0x20 protect.o
 .debug_aranges
                0x00000098       0x20 console.o
 .debug_aranges
                0x000000b8       0x20 process.o
 .debug_aranges
                0x000000d8       0x20 keyboard.o
 .debug_aranges
                0x000000f8       0x20 thread.o
 .debug_aranges
                0x00000118       0x20 my_process.o
 .debug_aranges
                0x00000138       0x20 network/socket.o
 .debug_aranges
                0x00000158       0x20 network/ip_input.o
 .debug_aranges
                0x00000178       0x20 network/udp_sock.o
 .debug_aranges
                0x00000198       0x20 network/netdev.o
 .debug_aranges
                0x000001b8       0x20 network/ip_output.o
 .debug_aranges
                0x000001d8       0x20 network/tcp.o
 .debug_aranges
                0x000001f8       0x20 network/sock.o
 .debug_aranges
                0x00000218       0x20 network/tcp_output.o
 .debug_aranges
                0x00000238       0x20 network/arp.o
 .debug_aranges
                0x00000258       0x20 network/tcp_sock.o
 .debug_aranges
                0x00000278       0x20 network/ipc.o
 .debug_aranges
                0x00000298       0x20 network/icmpv4.o
 .debug_aranges
                0x000002b8       0x20 network/inet.o
 .debug_aranges
                0x000002d8       0x20 network/dst.o
 .debug_aranges
                0x000002f8       0x20 network/skbuff.o
 .debug_aranges
                0x00000318       0x20 network/tcp_input.o
 .debug_aranges
                0x00000338       0x20 network/task_network.o
 .debug_aranges
                0x00000358       0x20 network/route.o
 .debug_aranges
                0x00000378       0x20 network/udp.o
 .debug_aranges
                0x00000398       0x20 network/tcp_data.o
 .debug_aranges
                0x000003b8       0x20 network/utils.o
 .debug_aranges
                0x000003d8       0x20 hd/hd.o
 .debug_aranges
                0x000003f8       0x20 fs/fs_main.o
 .debug_aranges
                0x00000418       0x20 mm/forkexit.o
 .debug_aranges
                0x00000438       0x20 mm/exec.o
 .debug_aranges
                0x00000458       0x20 mm/main.o
 .debug_aranges
                0x00000478       0x20 mem/mem.o
 .debug_aranges
                0x00000498       0x20 lib/exec.o
 .debug_aranges
                0x000004b8       0x20 lib/fork.o
 .debug_aranges
                0x000004d8       0x20 lib/exit.o
 .debug_aranges
                0x000004f8       0x20 lib/unlink.o
 .debug_aranges
                0x00000518       0x20 lib/wait.o
 .debug_aranges
                0x00000538       0x20 lib/socket_close.o
 .debug_aranges
                0x00000558       0x20 lib/socket_read.o
 .debug_aranges
                0x00000578       0x20 lib/alloca.o
 .debug_aranges
                0x00000598       0x20 lib/calloc.o
 .debug_aranges
                0x000005b8       0x20 lib/floor.o
 .debug_aranges
                0x000005d8       0x20 lib/socket_write.o
 .debug_aranges
                0x000005f8       0x20 lib/getpid.o
 .debug_aranges
                0x00000618       0x20 lib/stdlib/atoi.o
 .debug_aranges
                0x00000638       0x20 lib/stdlib/strtol.o
 .debug_aranges
                0x00000658       0x20 lib/string/strtok.o
 .debug_aranges
                0x00000678       0x20 lib/string/strcmp.o
 .debug_aranges
                0x00000698       0x20 lib/string/strncmp.o
 .debug_aranges
                0x000006b8       0x20 lib/string/strpbrk.o
 .debug_aranges
                0x000006d8       0x20 lib/stdio/read.o
 .debug_aranges
                0x000006f8       0x20 lib/stdio/perror.o
 .debug_aranges
                0x00000718       0x20 lib/stdio/sscanf.o
 .debug_aranges
                0x00000738       0x20 lib/stdio/open.o
 .debug_aranges
                0x00000758       0x20 lib/stdio/write.o
 .debug_aranges
                0x00000778       0x20 lib/stdio/close.o
 .debug_aranges
                0x00000798       0x20 lib/sys/socket.o
 .debug_aranges
                0x000007b8       0x20 lib/sys/connect.o
 .debug_aranges
                0x000007d8       0x20 lib/arpa/ntohs.o
 .debug_aranges
                0x000007f8       0x20 lib/arpa/htonl.o
 .debug_aranges
                0x00000818       0x20 lib/arpa/htons.o
 .debug_aranges
                0x00000838       0x20 lib/arpa/inet_pton.o
 .debug_aranges
                0x00000858       0x20 lib/arpa/ntohl.o
 .debug_aranges
                0x00000878       0x20 lib/arpa/inet_ntop.o

.debug_pubnames
 *(.debug_pubnames)

.debug_info     0x00000000    0x4584c
 *(.debug_info .gnu.linkonce.wi.*)
 .debug_info    0x00000000     0x10b1 double_link_list.o
 .debug_info    0x000010b1      0xef9 global.o
 .debug_info    0x00001faa     0x28d0 kernel_main_old.o
 .debug_info    0x0000487a     0x11d5 kernel_main.o
 .debug_info    0x00005a4f     0x1224 protect.o
 .debug_info    0x00006c73     0x12f9 console.o
 .debug_info    0x00007f6c      0xfd1 process.o
 .debug_info    0x00008f3d     0x104d keyboard.o
 .debug_info    0x00009f8a     0x10d8 thread.o
 .debug_info    0x0000b062     0x150c my_process.o
 .debug_info    0x0000c56e     0x1c35 network/socket.o
 .debug_info    0x0000e1a3     0x1ae1 network/ip_input.o
 .debug_info    0x0000fc84     0x1f13 network/udp_sock.o
 .debug_info    0x00011b97     0x178c network/netdev.o
 .debug_info    0x00013323     0x177b network/ip_output.o
 .debug_info    0x00014a9e     0x1e44 network/tcp.o
 .debug_info    0x000168e2     0x1896 network/sock.o
 .debug_info    0x00018178     0x235f network/tcp_output.o
 .debug_info    0x0001a4d7     0x1593 network/arp.o
 .debug_info    0x0001ba6a     0x2235 network/tcp_sock.o
 .debug_info    0x0001dc9f     0x1d2c network/ipc.o
 .debug_info    0x0001f9cb     0x193f network/icmpv4.o
 .debug_info    0x0002130a     0x1a9a network/inet.o
 .debug_info    0x00022da4     0x1220 network/dst.o
 .debug_info    0x00023fc4     0x11cc network/skbuff.o
 .debug_info    0x00025190     0x2147 network/tcp_input.o
 .debug_info    0x000272d7     0x1065 network/task_network.o
 .debug_info    0x0002833c     0x12a0 network/route.o
 .debug_info    0x000295dc     0x1b44 network/udp.o
 .debug_info    0x0002b120     0x1dad network/tcp_data.o
 .debug_info    0x0002cecd      0x367 network/utils.o
 .debug_info    0x0002d234     0x1868 hd/hd.o
 .debug_info    0x0002ea9c     0x1faa fs/fs_main.o
 .debug_info    0x00030a46     0x100d mm/forkexit.o
 .debug_info    0x00031a53     0x1249 mm/exec.o
 .debug_info    0x00032c9c      0xe3b mm/main.o
 .debug_info    0x00033ad7     0x1d5e mem/mem.o
 .debug_info    0x00035835      0xfaf lib/exec.o
 .debug_info    0x000367e4      0xe17 lib/fork.o
 .debug_info    0x000375fb      0xe22 lib/exit.o
 .debug_info    0x0003841d      0xf00 lib/unlink.o
 .debug_info    0x0003931d      0xe30 lib/wait.o
 .debug_info    0x0003a14d      0xff6 lib/socket_close.o
 .debug_info    0x0003b143     0x10fe lib/socket_read.o
 .debug_info    0x0003c241       0xb6 lib/alloca.o
 .debug_info    0x0003c2f7      0xf28 lib/calloc.o
 .debug_info    0x0003d21f       0x6b lib/floor.o
 .debug_info    0x0003d28a     0x1103 lib/socket_write.o
 .debug_info    0x0003e38d      0xe17 lib/getpid.o
 .debug_info    0x0003f1a4       0xc9 lib/stdlib/atoi.o
 .debug_info    0x0003f26d       0xd6 lib/stdlib/strtol.o
 .debug_info    0x0003f343       0xae lib/string/strtok.o
 .debug_info    0x0003f3f1       0xc1 lib/string/strcmp.o
 .debug_info    0x0003f4b2      0x110 lib/string/strncmp.o
 .debug_info    0x0003f5c2       0xcf lib/string/strpbrk.o
 .debug_info    0x0003f691      0xea1 lib/stdio/read.o
 .debug_info    0x00040532       0x5c lib/stdio/perror.o
 .debug_info    0x0004058e      0x202 lib/stdio/sscanf.o
 .debug_info    0x00040790      0xe02 lib/stdio/open.o
 .debug_info    0x00041592      0xe9e lib/stdio/write.o
 .debug_info    0x00042430      0xdb6 lib/stdio/close.o
 .debug_info    0x000431e6      0xfd7 lib/sys/socket.o
 .debug_info    0x000441bd      0xfbf lib/sys/connect.o
 .debug_info    0x0004517c       0xa8 lib/arpa/ntohs.o
 .debug_info    0x00045224       0xcb lib/arpa/htonl.o
 .debug_info    0x000452ef       0xa8 lib/arpa/htons.o
 .debug_info    0x00045397      0x260 lib/arpa/inet_pton.o
 .debug_info    0x000455f7       0xcb lib/arpa/ntohl.o
 .debug_info    0x000456c2      0x18a lib/arpa/inet_ntop.o

.debug_abbrev   0x00000000     0x8487
 *(.debug_abbrev)
 .debug_abbrev  0x00000000      0x216 double_link_list.o
 .debug_abbrev  0x00000216      0x157 global.o
 .debug_abbrev  0x0000036d      0x43a kernel_main_old.o
 .debug_abbrev  0x000007a7      0x25e kernel_main.o
 .debug_abbrev  0x00000a05      0x227 protect.o
 .debug_abbrev  0x00000c2c      0x2ac console.o
 .debug_abbrev  0x00000ed8      0x1e0 process.o
 .debug_abbrev  0x000010b8      0x1fb keyboard.o
 .debug_abbrev  0x000012b3      0x222 thread.o
 .debug_abbrev  0x000014d5      0x260 my_process.o
 .debug_abbrev  0x00001735      0x327 network/socket.o
 .debug_abbrev  0x00001a5c      0x2d1 network/ip_input.o
 .debug_abbrev  0x00001d2d      0x3b1 network/udp_sock.o
 .debug_abbrev  0x000020de      0x2f4 network/netdev.o
 .debug_abbrev  0x000023d2      0x213 network/ip_output.o
 .debug_abbrev  0x000025e5      0x332 network/tcp.o
 .debug_abbrev  0x00002917      0x273 network/sock.o
 .debug_abbrev  0x00002b8a      0x39b network/tcp_output.o
 .debug_abbrev  0x00002f25      0x2d0 network/arp.o
 .debug_abbrev  0x000031f5      0x3e6 network/tcp_sock.o
 .debug_abbrev  0x000035db      0x2ee network/ipc.o
 .debug_abbrev  0x000038c9      0x236 network/icmpv4.o
 .debug_abbrev  0x00003aff      0x24b network/inet.o
 .debug_abbrev  0x00003d4a      0x204 network/dst.o
 .debug_abbrev  0x00003f4e      0x23f network/skbuff.o
 .debug_abbrev  0x0000418d      0x355 network/tcp_input.o
 .debug_abbrev  0x000044e2      0x1d1 network/task_network.o
 .debug_abbrev  0x000046b3      0x24e network/route.o
 .debug_abbrev  0x00004901      0x2d3 network/udp.o
 .debug_abbrev  0x00004bd4      0x2a6 network/tcp_data.o
 .debug_abbrev  0x00004e7a      0x17a network/utils.o
 .debug_abbrev  0x00004ff4      0x2e3 hd/hd.o
 .debug_abbrev  0x000052d7      0x2f8 fs/fs_main.o
 .debug_abbrev  0x000055cf      0x204 mm/forkexit.o
 .debug_abbrev  0x000057d3      0x1c4 mm/exec.o
 .debug_abbrev  0x00005997      0x208 mm/main.o
 .debug_abbrev  0x00005b9f      0x330 mem/mem.o
 .debug_abbrev  0x00005ecf      0x1e8 lib/exec.o
 .debug_abbrev  0x000060b7      0x18a lib/fork.o
 .debug_abbrev  0x00006241      0x19b lib/exit.o
 .debug_abbrev  0x000063dc      0x193 lib/unlink.o
 .debug_abbrev  0x0000656f      0x19f lib/wait.o
 .debug_abbrev  0x0000670e      0x1b0 lib/socket_close.o
 .debug_abbrev  0x000068be      0x1dd lib/socket_read.o
 .debug_abbrev  0x00006a9b       0xcd lib/alloca.o
 .debug_abbrev  0x00006b68      0x191 lib/calloc.o
 .debug_abbrev  0x00006cf9       0x6a lib/floor.o
 .debug_abbrev  0x00006d63      0x1db lib/socket_write.o
 .debug_abbrev  0x00006f3e      0x18a lib/getpid.o
 .debug_abbrev  0x000070c8       0x94 lib/stdlib/atoi.o
 .debug_abbrev  0x0000715c       0x8b lib/stdlib/strtol.o
 .debug_abbrev  0x000071e7       0x91 lib/string/strtok.o
 .debug_abbrev  0x00007278       0x94 lib/string/strcmp.o
 .debug_abbrev  0x0000730c       0xbe lib/string/strncmp.o
 .debug_abbrev  0x000073ca       0xa5 lib/string/strpbrk.o
 .debug_abbrev  0x0000746f      0x1ef lib/stdio/read.o
 .debug_abbrev  0x0000765e       0x5c lib/stdio/perror.o
 .debug_abbrev  0x000076ba       0xca lib/stdio/sscanf.o
 .debug_abbrev  0x00007784      0x1c5 lib/stdio/open.o
 .debug_abbrev  0x00007949      0x1db lib/stdio/write.o
 .debug_abbrev  0x00007b24      0x19d lib/stdio/close.o
 .debug_abbrev  0x00007cc1      0x1cc lib/sys/socket.o
 .debug_abbrev  0x00007e8d      0x1cc lib/sys/connect.o
 .debug_abbrev  0x00008059       0x6c lib/arpa/ntohs.o
 .debug_abbrev  0x000080c5       0xa5 lib/arpa/htonl.o
 .debug_abbrev  0x0000816a       0x6c lib/arpa/htons.o
 .debug_abbrev  0x000081d6      0x116 lib/arpa/inet_pton.o
 .debug_abbrev  0x000082ec       0xa5 lib/arpa/ntohl.o
 .debug_abbrev  0x00008391       0xf6 lib/arpa/inet_ntop.o

.debug_line     0x00000000     0xa6ce
 *(.debug_line .debug_line.* .debug_line_end)
 .debug_line    0x00000000      0x235 double_link_list.o
 .debug_line    0x00000235       0xb3 global.o
 .debug_line    0x000002e8      0xe4d kernel_main_old.o
 .debug_line    0x00001135      0x26b kernel_main.o
 .debug_line    0x000013a0      0x21d protect.o
 .debug_line    0x000015bd      0x56c console.o
 .debug_line    0x00001b29      0x1d8 process.o
 .debug_line    0x00001d01      0x2b4 keyboard.o
 .debug_line    0x00001fb5      0x163 thread.o
 .debug_line    0x00002118      0x359 my_process.o
 .debug_line    0x00002471      0x3c8 network/socket.o
 .debug_line    0x00002839      0x28e network/ip_input.o
 .debug_line    0x00002ac7      0x4c8 network/udp_sock.o
 .debug_line    0x00002f8f      0x424 network/netdev.o
 .debug_line    0x000033b3      0x20b network/ip_output.o
 .debug_line    0x000035be      0x30d network/tcp.o
 .debug_line    0x000038cb      0x238 network/sock.o
 .debug_line    0x00003b03      0x5a1 network/tcp_output.o
 .debug_line    0x000040a4      0x3d2 network/arp.o
 .debug_line    0x00004476      0x594 network/tcp_sock.o
 .debug_line    0x00004a0a      0x5fb network/ipc.o
 .debug_line    0x00005005      0x232 network/icmpv4.o
 .debug_line    0x00005237      0x326 network/inet.o
 .debug_line    0x0000555d      0x16d network/dst.o
 .debug_line    0x000056ca      0x1ab network/skbuff.o
 .debug_line    0x00005875      0x671 network/tcp_input.o
 .debug_line    0x00005ee6      0x1b1 network/task_network.o
 .debug_line    0x00006097      0x240 network/route.o
 .debug_line    0x000062d7      0x302 network/udp.o
 .debug_line    0x000065d9      0x3ff network/tcp_data.o
 .debug_line    0x000069d8      0x13c network/utils.o
 .debug_line    0x00006b14      0x64d hd/hd.o
 .debug_line    0x00007161      0xc43 fs/fs_main.o
 .debug_line    0x00007da4      0x192 mm/forkexit.o
 .debug_line    0x00007f36      0x22a mm/exec.o
 .debug_line    0x00008160      0x10a mm/main.o
 .debug_line    0x0000826a      0x778 mem/mem.o
 .debug_line    0x000089e2      0x1a9 lib/exec.o
 .debug_line    0x00008b8b       0xc3 lib/fork.o
 .debug_line    0x00008c4e       0xbe lib/exit.o
 .debug_line    0x00008d0c       0xde lib/unlink.o
 .debug_line    0x00008dea       0xd5 lib/wait.o
 .debug_line    0x00008ebf      0x145 lib/socket_close.o
 .debug_line    0x00009004      0x186 lib/socket_read.o
 .debug_line    0x0000918a       0x5f lib/alloca.o
 .debug_line    0x000091e9       0xf9 lib/calloc.o
 .debug_line    0x000092e2       0x5a lib/floor.o
 .debug_line    0x0000933c      0x189 lib/socket_write.o
 .debug_line    0x000094c5       0xbe lib/getpid.o
 .debug_line    0x00009583       0xad lib/stdlib/atoi.o
 .debug_line    0x00009630       0xbb lib/stdlib/strtol.o
 .debug_line    0x000096eb       0x6e lib/string/strtok.o
 .debug_line    0x00009759       0x9c lib/string/strcmp.o
 .debug_line    0x000097f5       0xcc lib/string/strncmp.o
 .debug_line    0x000098c1       0xb0 lib/string/strpbrk.o
 .debug_line    0x00009971      0x15b lib/stdio/read.o
 .debug_line    0x00009acc       0x48 lib/stdio/perror.o
 .debug_line    0x00009b14      0x220 lib/stdio/sscanf.o
 .debug_line    0x00009d34       0xc3 lib/stdio/open.o
 .debug_line    0x00009df7       0xe0 lib/stdio/write.o
 .debug_line    0x00009ed7       0xb3 lib/stdio/close.o
 .debug_line    0x00009f8a      0x165 lib/sys/socket.o
 .debug_line    0x0000a0ef      0x147 lib/sys/connect.o
 .debug_line    0x0000a236       0x6c lib/arpa/ntohs.o
 .debug_line    0x0000a2a2       0xc1 lib/arpa/htonl.o
 .debug_line    0x0000a363       0x6c lib/arpa/htons.o
 .debug_line    0x0000a3cf      0x167 lib/arpa/inet_pton.o
 .debug_line    0x0000a536       0xc1 lib/arpa/ntohl.o
 .debug_line    0x0000a5f7       0xd7 lib/arpa/inet_ntop.o

.debug_frame
 *(.debug_frame)

.debug_str      0x00000000     0x37d8
 *(.debug_str)
 .debug_str     0x00000000     0x37d8 double_link_list.o
                                0x6fa (size before relaxing)
 .debug_str     0x000037d8      0x628 global.o
 .debug_str     0x000037d8      0xba3 kernel_main_old.o
 .debug_str     0x000037d8      0x771 kernel_main.o
 .debug_str     0x000037d8      0x783 protect.o
 .debug_str     0x000037d8      0x777 console.o
 .debug_str     0x000037d8      0x662 process.o
 .debug_str     0x000037d8      0x6b4 keyboard.o
 .debug_str     0x000037d8      0x72f thread.o
 .debug_str     0x000037d8      0x916 my_process.o
 .debug_str     0x000037d8      0x946 network/socket.o
 .debug_str     0x000037d8      0x9a2 network/ip_input.o
 .debug_str     0x000037d8      0xa78 network/udp_sock.o
 .debug_str     0x000037d8      0x89c network/netdev.o
 .debug_str     0x000037d8      0x85d network/ip_output.o
 .debug_str     0x000037d8      0xb34 network/tcp.o
 .debug_str     0x000037d8      0x8bd network/sock.o
 .debug_str     0x000037d8      0xc24 network/tcp_output.o
 .debug_str     0x000037d8      0x838 network/arp.o
 .debug_str     0x000037d8      0xcc7 network/tcp_sock.o
 .debug_str     0x000037d8      0x910 network/ipc.o
 .debug_str     0x000037d8      0x921 network/icmpv4.o
 .debug_str     0x000037d8      0x905 network/inet.o
 .debug_str     0x000037d8      0x729 network/dst.o
 .debug_str     0x000037d8      0x71a network/skbuff.o
 .debug_str     0x000037d8      0xb94 network/tcp_input.o
 .debug_str     0x000037d8      0x6d2 network/task_network.o
 .debug_str     0x000037d8      0x74c network/route.o
 .debug_str     0x000037d8      0x954 network/udp.o
 .debug_str     0x000037d8      0xa50 network/tcp_data.o
 .debug_str     0x000037d8      0x1b8 network/utils.o
 .debug_str     0x000037d8      0x931 hd/hd.o
 .debug_str     0x000037d8      0xb12 fs/fs_main.o
 .debug_str     0x000037d8      0x62f mm/forkexit.o
 .debug_str     0x000037d8      0x885 mm/exec.o
 .debug_str     0x000037d8      0x5b0 mm/main.o
 .debug_str     0x000037d8      0xab9 mem/mem.o
 .debug_str     0x000037d8      0x644 lib/exec.o
 .debug_str     0x000037d8      0x5b6 lib/fork.o
 .debug_str     0x000037d8      0x5bd lib/exit.o
 .debug_str     0x000037d8      0x63c lib/unlink.o
 .debug_str     0x000037d8      0x5bd lib/wait.o
 .debug_str     0x000037d8      0x6c6 lib/socket_close.o
 .debug_str     0x000037d8      0x742 lib/socket_read.o
 .debug_str     0x000037d8       0xce lib/alloca.o
 .debug_str     0x000037d8      0x649 lib/calloc.o
 .debug_str     0x000037d8       0xa2 lib/floor.o
 .debug_str     0x000037d8      0x745 lib/socket_write.o
 .debug_str     0x000037d8      0x5ba lib/getpid.o
 .debug_str     0x000037d8       0xad lib/stdlib/atoi.o
 .debug_str     0x000037d8       0xc6 lib/stdlib/strtol.o
 .debug_str     0x000037d8       0xb9 lib/string/strtok.o
 .debug_str     0x000037d8       0xb1 lib/string/strcmp.o
 .debug_str     0x000037d8       0xba lib/string/strncmp.o
 .debug_str     0x000037d8       0xc1 lib/string/strpbrk.o
 .debug_str     0x000037d8      0x617 lib/stdio/read.o
 .debug_str     0x000037d8       0x99 lib/stdio/perror.o
 .debug_str     0x000037d8      0x109 lib/stdio/sscanf.o
 .debug_str     0x000037d8      0x5de lib/stdio/open.o
 .debug_str     0x000037d8      0x5f3 lib/stdio/write.o
 .debug_str     0x000037d8      0x5a6 lib/stdio/close.o
 .debug_str     0x000037d8      0x6aa lib/sys/socket.o
 .debug_str     0x000037d8      0x6b4 lib/sys/connect.o
 .debug_str     0x000037d8      0x101 lib/arpa/ntohs.o
 .debug_str     0x000037d8       0xf4 lib/arpa/htonl.o
 .debug_str     0x000037d8      0x102 lib/arpa/htons.o
 .debug_str     0x000037d8      0x14c lib/arpa/inet_pton.o
 .debug_str     0x000037d8       0xf3 lib/arpa/ntohl.o
 .debug_str     0x000037d8      0x10f lib/arpa/inet_ntop.o

.debug_loc
 *(.debug_loc)

.debug_macinfo
 *(.debug_macinfo)

.debug_weaknames
 *(.debug_weaknames)

.debug_funcnames
 *(.debug_funcnames)

.debug_typenames
 *(.debug_typenames)

.debug_varnames
 *(.debug_varnames)

.debug_pubtypes
 *(.debug_pubtypes)

.debug_ranges   0x00000000       0x90
 *(.debug_ranges)
 .debug_ranges  0x00000000       0x30 kernel_main_old.o
 .debug_ranges  0x00000030       0x48 hd/hd.o
 .debug_ranges  0x00000078       0x18 mm/exec.o

.debug_addr
 *(.debug_addr)

.debug_line_str
 *(.debug_line_str)

.debug_loclists
 *(.debug_loclists)

.debug_macro
 *(.debug_macro)

.debug_names
 *(.debug_names)

.debug_rnglists
 *(.debug_rnglists)

.debug_str_offsets
 *(.debug_str_offsets)

.debug_sup
 *(.debug_sup)

.gnu.attributes
 *(.gnu.attributes)

/DISCARD/
 *(.note.GNU-stack)
 *(.gnu_debuglink)
 *(.gnu.lto_*)
OUTPUT(kernel.bin elf32-i386)
