
Merging program properties

Removed property 0xc0010001 to merge double_link_list.o (0x1) and kernel/kernel_sub.o (not found)
Removed property 0xc0010002 to merge double_link_list.o (0x0) and kernel/kernel_sub.o (not found)
Removed property 0xc0010001 to merge double_link_list.o (not found) and kernel_main.o (0x1)
Removed property 0xc0010002 to merge double_link_list.o (not found) and kernel_main.o (0x0)
Removed property 0xc0010001 to merge double_link_list.o (not found) and protect.o (0x1)
Removed property 0xc0010002 to merge double_link_list.o (not found) and protect.o (0x0)
Removed property 0xc0010001 to merge double_link_list.o (not found) and console.o (0x1)
Removed property 0xc0010002 to merge double_link_list.o (not found) and console.o (0x1)
Removed property 0xc0010001 to merge double_link_list.o (not found) and process.o (0x1)
Removed property 0xc0010002 to merge double_link_list.o (not found) and process.o (0x0)
Removed property 0xc0010001 to merge double_link_list.o (not found) and kernel_main_old.o (0x1)
Removed property 0xc0010002 to merge double_link_list.o (not found) and kernel_main_old.o (0x1)
Removed property 0xc0010001 to merge double_link_list.o (not found) and global.o (0x1)
Removed property 0xc0010002 to merge double_link_list.o (not found) and global.o (0x0)
Removed property 0xc0010001 to merge double_link_list.o (not found) and keyboard.o (0x1)
Removed property 0xc0010002 to merge double_link_list.o (not found) and keyboard.o (0x0)
Removed property 0xc0010001 to merge double_link_list.o (not found) and thread.o (0x1)
Removed property 0xc0010002 to merge double_link_list.o (not found) and thread.o (0x0)
Removed property 0xc0010001 to merge double_link_list.o (not found) and my_process.o (0x1)
Removed property 0xc0010002 to merge double_link_list.o (not found) and my_process.o (0x1)
Removed property 0xc0010001 to merge double_link_list.o (not found) and network/skbuff.o (0x1)
Removed property 0xc0010002 to merge double_link_list.o (not found) and network/skbuff.o (0x0)
Removed property 0xc0010001 to merge double_link_list.o (not found) and network/socket.o (0x1)
Removed property 0xc0010002 to merge double_link_list.o (not found) and network/socket.o (0x0)
Removed property 0xc0010001 to merge double_link_list.o (not found) and network/ip_input.o (0x1)
Removed property 0xc0010002 to merge double_link_list.o (not found) and network/ip_input.o (0x0)
Removed property 0xc0010001 to merge double_link_list.o (not found) and network/udp_sock.o (0x1)
Removed property 0xc0010002 to merge double_link_list.o (not found) and network/udp_sock.o (0x0)
Removed property 0xc0010001 to merge double_link_list.o (not found) and network/netdev.o (0x1)
Removed property 0xc0010002 to merge double_link_list.o (not found) and network/netdev.o (0x0)
Removed property 0xc0010001 to merge double_link_list.o (not found) and network/tcp.o (0x1)
Removed property 0xc0010002 to merge double_link_list.o (not found) and network/tcp.o (0x0)
Removed property 0xc0010001 to merge double_link_list.o (not found) and network/sock.o (0x1)
Removed property 0xc0010002 to merge double_link_list.o (not found) and network/sock.o (0x0)
Removed property 0xc0010001 to merge double_link_list.o (not found) and network/tcp_output.o (0x1)
Removed property 0xc0010002 to merge double_link_list.o (not found) and network/tcp_output.o (0x1)
Removed property 0xc0010001 to merge double_link_list.o (not found) and network/arp.o (0x1)
Removed property 0xc0010002 to merge double_link_list.o (not found) and network/arp.o (0x0)
Removed property 0xc0010001 to merge double_link_list.o (not found) and network/tcp_sock.o (0x1)
Removed property 0xc0010002 to merge double_link_list.o (not found) and network/tcp_sock.o (0x0)
Removed property 0xc0010001 to merge double_link_list.o (not found) and network/ipc.o (0x1)
Removed property 0xc0010002 to merge double_link_list.o (not found) and network/ipc.o (0x1)
Removed property 0xc0010001 to merge double_link_list.o (not found) and network/icmpv4.o (0x1)
Removed property 0xc0010002 to merge double_link_list.o (not found) and network/icmpv4.o (0x0)
Removed property 0xc0010001 to merge double_link_list.o (not found) and network/ip_output.o (0x1)
Removed property 0xc0010002 to merge double_link_list.o (not found) and network/ip_output.o (0x0)
Removed property 0xc0010001 to merge double_link_list.o (not found) and network/inet.o (0x1)
Removed property 0xc0010002 to merge double_link_list.o (not found) and network/inet.o (0x0)
Removed property 0xc0010001 to merge double_link_list.o (not found) and network/dst.o (0x1)
Removed property 0xc0010002 to merge double_link_list.o (not found) and network/dst.o (0x0)
Removed property 0xc0010001 to merge double_link_list.o (not found) and network/tcp_input.o (0x1)
Removed property 0xc0010002 to merge double_link_list.o (not found) and network/tcp_input.o (0x0)
Removed property 0xc0010001 to merge double_link_list.o (not found) and network/task_network.o (0x1)
[...]
Memory Configuration

Name             Origin             Length             Attributes
*default*        0x00000000         0xffffffff

Linker script and memory map

Address of section .text set to 0xc0600000
LOAD kernel/kernel_sub.o
LOAD kernel/kernel.o
LOAD syscall.o
LOAD switch_to.o
LOAD string.o
LOAD hd/hd_rdwt.o
LOAD network/ne2000.o
LOAD double_link_list.o
LOAD kernel_main.o
LOAD protect.o
LOAD console.o
LOAD process.o
LOAD kernel_main_old.o
LOAD global.o
LOAD keyboard.o
LOAD thread.o
LOAD my_process.o
LOAD network/skbuff.o
LOAD network/socket.o
LOAD network/ip_input.o
LOAD network/udp_sock.o
LOAD network/netdev.o
LOAD network/tcp.o
LOAD network/sock.o
LOAD network/tcp_output.o
LOAD network/arp.o
LOAD network/tcp_sock.o
LOAD network/ipc.o
LOAD network/icmpv4.o
LOAD network/ip_output.o
LOAD network/inet.o
LOAD network/dst.o
LOAD network/tcp_input.o
LOAD network/task_network.o
LOAD network/route.o
LOAD network/udp.o
LOAD network/tcp_data.o
LOAD network/utils.o
LOAD hd/hd.o
LOAD fs/fs_main.o
LOAD mm/forkexit.o
LOAD mm/exec.o
LOAD mm/main.o
LOAD mem/mem.o
LOAD lib/exec.o
LOAD lib/fork.o
LOAD lib/exit.o
LOAD lib/unlink.o
LOAD lib/wait.o
LOAD lib/socket_close.o
LOAD lib/socket_read.o
LOAD lib/alloca.o
LOAD lib/calloc.o
LOAD lib/floor.o
LOAD lib/socket_write.o
LOAD lib/getpid.o
LOAD lib/stdlib/atoi.o
LOAD lib/stdlib/strtol.o
LOAD lib/string/strtok.o
LOAD lib/string/strcmp.o
LOAD lib/string/strncmp.o
LOAD lib/string/strpbrk.o
LOAD lib/stdio/read.o
LOAD lib/stdio/perror.o
LOAD lib/stdio/sscanf.o
LOAD lib/stdio/open.o
LOAD lib/stdio/write.o
LOAD lib/stdio/close.o
LOAD lib/sys/socket.o
LOAD lib/sys/connect.o
LOAD lib/arpa/ntohs.o
LOAD lib/arpa/htonl.o
LOAD lib/arpa/htons.o
LOAD lib/arpa/inet_pton.o
LOAD lib/arpa/ntohl.o
LOAD lib/arpa/inet_ntop.o
                [!provide]                        PROVIDE (__executable_start = SEGMENT_START ("text-segment", 0x8048000))
                0x080480d4                        . = (SEGMENT_START ("text-segment", 0x8048000) + SIZEOF_HEADERS)

.interp
 *(.interp)

.note.gnu.build-id
 *(.note.gnu.build-id)

.hash
 *(.hash)

.gnu.hash
 *(.gnu.hash)

.dynsym
 *(.dynsym)

.dynstr
 *(.dynstr)

.gnu.version
 *(.gnu.version)

.gnu.version_d
 *(.gnu.version_d)

.gnu.version_r
 *(.gnu.version_r)

.rel.dyn        0x080480d4        0x0
 *(.rel.init)
 *(.rel.text .rel.text.* .rel.gnu.linkonce.t.*)
 .rel.text      0x080480d4        0x0 kernel/kernel_sub.o
 *(.rel.fini)
 *(.rel.rodata .rel.rodata.* .rel.gnu.linkonce.r.*)
 *(.rel.data.rel.ro .rel.data.rel.ro.* .rel.gnu.linkonce.d.rel.ro.*)
 *(.rel.data .rel.data.* .rel.gnu.linkonce.d.*)
 *(.rel.tdata .rel.tdata.* .rel.gnu.linkonce.td.*)
 *(.rel.tbss .rel.tbss.* .rel.gnu.linkonce.tb.*)
 *(.rel.ctors)
 *(.rel.dtors)
 *(.rel.got)
 .rel.got       0x080480d4        0x0 kernel/kernel_sub.o
 *(.rel.bss .rel.bss.* .rel.gnu.linkonce.b.*)
 *(.rel.ifunc)

.rel.plt        0x080480d4        0x0
 *(.rel.plt)
                [!provide]                        PROVIDE (__rel_iplt_start = .)
 *(.rel.iplt)
 .rel.iplt      0x080480d4        0x0 kernel/kernel_sub.o
                [!provide]                        PROVIDE (__rel_iplt_end = .)

.relr.dyn
 *(.relr.dyn)
                0x08049000                        . = ALIGN (CONSTANT (MAXPAGESIZE))

.init
 *(SORT_NONE(.init))

.plt            0x08049000        0x0
 *(.plt)
 *(.iplt)
 .iplt          0x08049000        0x0 kernel/kernel_sub.o

.plt.got
 *(.plt.got)

.plt.sec
 *(.plt.sec)

.text           0xc0600000    0x134e7
 *(.text.unlikely .text.*_unlikely .text.unlikely.*)
 *(.text.exit .text.exit.*)
 *(.text.startup .text.startup.*)
 *(.text.hot .text.hot.*)
 *(SORT_BY_NAME(.text.sorted.*))
 *(.text .stub .text.* .gnu.linkonce.t.*)
 .text          0xc0600000       0x71 kernel/kernel_sub.o
                0xc0600000                _start
 *fill*         0xc0600071        0xf 
 .text          0xc0600080      0x3d2 kernel/kernel.o
                0xc0600080                InterruptTest
                0xc060008c                disp_str_len
                0xc06000d9                disp_str
                0xc0600114                disp_str_colour
                0xc0600150                divide_zero_fault
                0xc0600156                single_step_fault
                0xc060015c                non_maskable_interrupt
                0xc0600162                breakpoint_trap
                0xc0600168                overflow_trap
                0xc060016e                bound_range_exceeded_fault
                0xc0600174                invalid_opcode_fault
                0xc060017a                coprocessor_not_available_fault
                0xc0600180                double_fault_exception_abort
                0xc0600184                coprocessor_segment_overrun
                0xc060018a                invalid_task_state_segment_fault
                0xc060018e                segment_not_present_fault
                0xc0600192                stack_exception_fault
                0xc0600196                general_protection_exception_fault
                0xc06001a1                page_fault
                0xc06001a5                coprocessor_error_fault
                0xc06001ab                align_check_fault
                0xc06001af                simd_float_exception_fault
                0xc06001be                hwint0
                0xc06001ee                hwint1
                0xc0600231                hwint14
                0xc0600277                hwint10
                0xc06002ba                sys_call
                0xc0600300                fork_restart
                0xc060030f                restart
                0xc0600332                in_byte
                0xc060033e                out_byte
                0xc0600360                disable_int
                0xc0600362                enable_int
                0xc06003f8                enable_8259A_casecade_irq
                0xc0600402                disable_8259A_casecade_irq
                0xc060040c                enable_8259A_slave_winchester_irq
                0xc0600416                disable_8259A_slave_winchester_irq
                0xc0600420                update_cr3
                0xc060042d                update_tss
                0xc060043c                get_running_thread_pcb
                0xc0600442                sys_call_test
                0xc0600445                enable_8259A_slave_net_irq
 *fill*         0xc0600452        0xe 
 .text          0xc0600460       0x6a syscall.o
                0xc0600460                write_debug
                0xc0600470                send_msg
                0xc0600486                receive_msg
                0xc060049c                sys_malloc
                0xc06004b1                sys_free
 *fill*         0xc06004ca        0x6 
 .text          0xc06004d0       0x15 switch_to.o
                0xc06004d0                switch_to
 *fill*         0xc06004e5        0xb 
 .text          0xc06004f0      0x286 network/ne2000.o
                0xc0600513                DriverInitialize
                0xc060059d                StartSendToPhysicalLink
                0xc06005b8                SetPageStart
                0xc06005e0                DriverSend
                0xc060065a                PCtoNIC
                0xc06006c5                get_interrupt_status
                0xc06006e2                set_interrupt_status
                0xc0600702                get_curr_page
                0xc060071f                NICtoPC
 .text          0xc0600776      0x2ee double_link_list.o
                0xc0600776                initDoubleLinkList
                0xc06007c6                isListEmpty
                0xc06007f4                findElementInList
                0xc060088b                appendToDoubleLinkList
                0xc0600951                insertToDoubleLinkList
                0xc06009d5                popFromDoubleLinkList
 .text          0xc0600a64      0x54c kernel_main.o
                0xc0600a64                kernel_main
                0xc0600c3e                init
                0xc0600cd5                kernel_thread_a
                0xc0600d22                kernel_thread_b
                0xc0600d6f                kernel_thread_c
                0xc0600d85                kernel_thread_d
                0xc0600d9b                user_proc_a
                0xc0600f84                user_proc_b
 .text          0xc0600fb0      0x3b3 protect.o
                0xc0600fb0                InitDescriptor
                0xc060101d                Seg2PhyAddr
                0xc060105e                Seg2PhyAddrLDT
                0xc06010a2                VirAddr2PhyAddr
                0xc06010b8                v2l
                0xc06010fb                init_propt
                0xc060127c                InitInterruptDesc
                0xc06012d8                ReloadGDT
 .text          0xc0601363      0xad3 console.o
                0xc0601363                select_console
                0xc060139f                flush
                0xc06013d8                set_cursor
                0xc0601436                set_console_start_video_addr
                0xc0601494                put_key
                0xc0601500                scroll_up
                0xc0601542                scroll_down
                0xc06015ad                out_char
                0xc060176a                tty_dev_read
                0xc0601794                tty_dev_write
                0xc06019c1                tty_do_read
                0xc0601a89                tty_do_write
                0xc0601bf2                init_screen
                0xc0601c7b                init_tty
                0xc0601d30                TaskTTY
 .text          0xc0601e36      0x2b7 process.o
                0xc0601e36                schedule_process
                0xc0601ffc                clock_handler
                0xc0602072                pid2proc
                0xc06020d6                proc2pid
 .text          0xc06020ed     0x2de4 kernel_main_old.o
                0xc06020ed                stop_here
                0xc0602131                catch_error
                0xc0602196                intr_enable
                0xc06021bf                intr_disable
                0xc06021e8                intr_set_status
                0xc0602206                intr_get_status
                0xc0602223                Memcpy
                0xc0602256                untar
                0xc0602566                num_to_string
                0xc060260c                disp_int
                0xc0602635                do_page_fault
                0xc0602772                exception_handler
                0xc060295d                init_internal_interrupt
                0xc0602ad2                spurious_irq
                0xc0602b60                init_keyboard
                0xc0602ba3                TestTTY
                0xc0602c42                TestReadReturnValue
                0xc0602cbf                TestWriteReturnValue
                0xc0602d93                TestFS2
                0xc0602da1                TestFS
                0xc0603243                wait_exit
                0xc0603341                INIT_fork
                0xc0603634                simple_shell
                0xc06037bb                test_shell
                0xc0603823                test_exec
                0xc0603916                INIT
                0xc0603923                TestA
                0xc0603958                delay
                0xc060399c                TestB
                0xc06039b4                TestC
                0xc06039e7                sys_get_ticks
                0xc06039f7                sys_write
                0xc0603a4b                milli_delay
                0xc0603a87                TaskSys
                0xc0603a8c                Printf
                0xc0603b5e                sprintf
                0xc0603b8a                vsprintf
                0xc0603d36                printx
                0xc0603d79                sys_printx
                0xc0603e45                spin
                0xc0603e6b                panic
                0xc0603e89                assertion_failure
                0xc0603efb                assertion_failure2
                0xc0603f70                dead_lock
                0xc0603f7a                sys_send_msg
                0xc0604499                sys_receive_msg
                0xc0604af9                send_rec
                0xc0604bf4                block
                0xc0604c30                unblock
                0xc0604c80                get_ticks_ipc
                0xc0604cda                itoa
                0xc0604d30                i2a
                0xc0604d96                inform_int
                0xc0604e62                deprecate_strcmp
 .text          0xc0604ed1        0x0 global.o
 .text          0xc0604ed1      0x40f keyboard.o
                0xc0604ed1                keyboard_handler
                0xc0604f55                read_from_keyboard_buf
                0xc0604fbb                keyboard_read
                0xc060513a                init_keyboard_handler
                0xc060514e                in_process
 .text          0xc06052e0      0x1b2 thread.o
                0xc06052e0                kernel_thread
                0xc06052f8                thread_init
                0xc06053a5                thread_create
                0xc06053da                thread_start
 .text          0xc0605492      0x730 my_process.o
                0xc0605492                create_user_process_address_space
                0xc0605522                user_process
                0xc060564f                clone_pcb
                0xc06057c1                build_body_stack
                0xc06058f4                build_process_kernel_stack
                0xc06059b7                fork_process
                0xc0605a48                process_execute
 .text          0xc0605bc2      0x15b network/skbuff.o
                0xc0605bdb                alloc_skb
                0xc0605c6c                free_skb
                0xc0605c9f                skb_reserve
                0xc0605cbb                skb_push
                0xc0605cea                skb_head
                0xc0605cf5                skb_reset_header
 .text          0xc0605d1d      0x66c network/socket.o
                0xc0605dcd                test
                0xc0605e29                socket_debug
                0xc0605e8a                free_socket
                0xc0605f46                _socket
                0xc0606005                _bind
                0xc0606058                _connect
                0xc06060aa                _write
                0xc0606101                _read
                0xc0606158                _recvfrom
                0xc0606199                _sendto
                0xc06061f0                _close
                0xc060626f                _listen
                0xc06062d5                _accept
 .text          0xc0606389      0x2ed network/ip_input.o
                0xc0606513                ip_rcv
 .text          0xc0606676      0x8cd network/udp_sock.o
                0xc06068b4                udp_lookup_sock
                0xc06068fb                udp_init
                0xc060692c                udp_close
                0xc0606952                udp_sock_init
                0xc060695c                udp_recvfrom
                0xc06069f5                udp_connect
                0xc0606ace                udp_write
                0xc0606afa                udp_alloc_skb
                0xc0606b44                udp_sendto
                0xc0606c38                udp_send
                0xc0606d76                udp_alloc_sock
                0xc0606db7                udp_free_sock
                0xc0606ddb                udp_read
 .text          0xc0606f43      0xa06 network/netdev.o
                0xc06070d1                netdev_init
                0xc0607118                netdev_transmit
                0xc0607273                interrupt_wait2
                0xc06072cc                netdev_rx_loop
                0xc06073bd                call_netdev_get
                0xc0607507                netdev_get
                0xc06075bc                free_netdev
                0xc06075e7                local_ipaddress
                0xc0607624                receive_msg_from_nic
                0xc0607807                receive_msg_from_nic2
                0xc0607933                net_handler
 .text          0xc0607949      0x448 network/tcp.o
                0xc0607b3e                tcp_in
                0xc0607bf2                tcp_checksum
                0xc0607c1e                __tcp_set_state
                0xc0607c2d                tcp_generate_port
                0xc0607c76                tcp_generate_isn
                0xc0607c80                tcp_done
                0xc0607ca9                tcp_clear_timers
                0xc0607cb8                tcp_stop_retransmission_timer
                0xc0607cd1                tcp_release_retransmission_timer
                0xc0607cea                tcp_stop_delack_timer
                0xc0607cfd                tcp_release_delack_timer
                0xc0607d10                tcp_handle_fin_state
                0xc0607d75                tcp_enter_time_wait
 .text          0xc0607d91      0x203 network/sock.o
                0xc0607ec3                sk_alloc
                0xc0607eea                sk_init
                0xc0607f3e                sk_init_with_socket
                0xc0607f67                sk_free
 .text          0xc0607f94      0xbbe network/tcp_output.o
                0xc060845a                tcp_send_synack
                0xc06084fd                tcp_send_delack
                0xc0608538                tcp_send_ack
                0xc0608684                tcp_send_fin
                0xc06086f9                tcp_select_initial_window
                0xc06088ab                tcp_reset_retransmission_timer
                0xc06088c8                tcp_begin_connect
                0xc0608972                tcp_send
                0xc0608a57                tcp_send_reset
                0xc0608ad7                tcp_queue_fin
 .text          0xc0608b52      0xb4e network/arp.o
                0xc0608c7b                call_update_arp_translation_table
                0xc0608eb3                insert_arp_translation_table
                0xc0608f35                update_arp_translation_table
                0xc0608ff4                arp_init
                0xc0608ffa                arp_rcv
                0xc06091dc                arp_request
                0xc0609346                arp_reply
                0xc06094a9                call_arp_get_hwaddr
                0xc06095a2                arp_get_hwaddr
                0xc060964f                free_arp
 .text          0xc06096a0      0xa27 network/tcp_sock.o
                0xc060995f                tcp_established_or_syn_recvd_socks_enqueue
                0xc0609976                tcp_established_or_syn_recvd_socks_remove
                0xc0609988                tcp_connecting_or_listening_socks_enqueue
                0xc060999f                tcp_connecting_or_listening_socks_remove
                0xc06099b1                tcp_alloc_sock
                0xc0609ac7                tcp_free_sock
                0xc0609b40                tcp_init
                0xc0609b4a                tcp_sock_init
                0xc0609bed                tcp_write
                0xc0609c2e                tcp_read
                0xc0609ce1                tcp_close
                0xc0609d9f                tcp_recv_notify
                0xc0609dca                tcp_v4_connect
                0xc060a01a                tcp_lookup_sock
 .text          0xc060a0c7      0xe11 network/ipc.o
                0xc060ac7b                ipc_close
                0xc060accc                ipc_call_from_netdev_rx
                0xc060ad04                demux_ipc_socket_call
 .text          0xc060aed8      0x234 network/icmpv4.o
                0xc060aee6                icmpv4_incoming
                0xc060af5a                icmpv4_reply
                0xc060b033                icmpv4_timestamp
 .text          0xc060b10c      0x1d3 network/ip_output.o
                0xc060b11a                ip_output
 .text          0xc060b2df      0x429 network/inet.o
                0xc060b2df                inet_create
                0xc060b38f                inet_socket
                0xc060b399                inet_connect
                0xc060b3ed                inet_write
                0xc060b419                inet_read
                0xc060b445                inet_close
                0xc060b494                inet_free
                0xc060b4ca                inet_bind
                0xc060b5d3                inet_listen
                0xc060b61c                inet_accept
                0xc060b6c7                inet_sendto
                0xc060b6f2                inet_recvfrom
 .text          0xc060b708      0x145 network/dst.o
                0xc060b716                print_array
                0xc060b773                dst_neigh_output
 .text          0xc060b84d      0xb80 network/tcp_input.o
                0xc060bf45                tcp_process
                0xc060c30b                tcp_receive
 .text          0xc060c3cd      0x24d network/task_network.o
                0xc060c3cd                init_dev
                0xc060c4d7                task_network
                0xc060c5fc                task_netdev_rx
 .text          0xc060c61a      0x2c8 network/route.o
                0xc060c747                route_add
                0xc060c78e                route_init
                0xc060c840                route_lookup
                0xc060c88e                free_routes
 .text          0xc060c8e2      0x3e0 network/udp.o
                0xc060c9ed                udp_generate_port
                0xc060ca36                udp_checksum
                0xc060cb04                udp_in
                0xc060cb95                udp_data_dequeue
                0xc060cc9d                udp_data_enqueue
 .text          0xc060ccc2      0x54a network/tcp_data.o
                0xc060cfad                tcp_data_dequeue
                0xc060d0da                tcp_data_queue
 .text          0xc060d20c      0x1e7 network/utils.o
                0xc060d20c                run_cmd
                0xc060d219                print_err
                0xc060d230                parse_ipv4_string
                0xc060d28f                ip_pton
                0xc060d2d7                sum_every_16bits
                0xc060d32e                checksum
                0xc060d36f                tcp_udp_checksum
 .text          0xc060d3f3      0xe84 hd/hd.o
                0xc060d3f3                TaskHD
                0xc060d43e                init_hd
                0xc060d458                hd_handle
                0xc060d55d                hd_cmd_out
                0xc060d65f                hd_identify
                0xc060d716                print_hdinfo
                0xc060d8a4                print_dpt_entry
                0xc060d910                get_partition_table
                0xc060d9ef                partition
                0xc060dc09                hd_open
                0xc060dcb9                get_hd_ioctl
                0xc060dd73                wait_for
                0xc060dda4                interrupt_wait
                0xc060ddfd                hd_rdwt
                0xc060e09f                hd_handler
                0xc060e0d0                debug_ticks
                0xc060e10e                waitfor
                0xc060e152                print_hd_info
                0xc060e23f                is_empty
 .text          0xc060e277     0x2081 fs/fs_main.o
                0xc060e277                task_fs
                0xc060e48b                rd_wt
                0xc060e56d                mkfs
                0xc060eb4f                init_fs
                0xc060eba9                do_open
                0xc060edb2                search_file
                0xc060eee4                strip_path
                0xc060efb0                get_inode
                0xc060f172                create_file
                0xc060f27d                alloc_imap_bit
                0xc060f37a                alloc_smap_bit
                0xc060f51b                new_inode
                0xc060f639                new_dir_entry
                0xc060f845                do_unlink
                0xc060fd21                do_rdwt
                0xc06100ac                sync_inode
                0xc0610200                put_inode
                0xc061023e                do_close
                0xc0610290                get_super_block
 .text          0xc06102f8      0x24f mm/forkexit.o
                0xc06102f8                do_fork
                0xc0610366                do_exit
                0xc06103f0                do_wait
                0xc06104ed                cleanup
 .text          0xc0610547      0x419 mm/exec.o
                0xc0610547                do_exec
 .text          0xc0610960      0x14e mm/main.o
                0xc0610960                TaskMM
                0xc0610a8f                alloc_mem
 .text          0xc0610aae     0x1118 mem/mem.o
                0xc0610aae                init_bitmap
                0xc0610ad1                test_bit_val
                0xc0610b3a                set_bit_val
                0xc0610bb5                set_bits
                0xc0610bef                get_first_free_bit
                0xc0610c33                get_bits
                0xc0610cfb                get_a_page
                0xc0610daf                get_virtual_address_start_with_addr
                0xc0610e49                get_virtual_address
                0xc0610ed9                ptr_pde
                0xc0610eec                ptr_pte
                0xc0610f13                add_map_entry
                0xc0610fa4                alloc_virtual_memory
                0xc0611070                get_physical_address_proc
                0xc06110ec                get_physical_address
                0xc061111e                alloc_physical_memory_of_proc
                0xc061120d                alloc_physical_memory
                0xc06112d5                alloc_memory
                0xc0611337                get_a_virtual_page
                0xc061136f                block2arena
                0xc0611385                sys_malloc2
                0xc06116b2                remove_map_entry
                0xc06116d3                free_a_page
                0xc061177a                sys_free2
                0xc0611780                init_memory_block_desc
                0xc0611851                init_memory2
                0xc0611a86                init_memory
 .text          0xc0611bc6      0x285 lib/exec.o
                0xc0611bc6                exec
                0xc0611c37                execv
                0xc0611e26                execl
 .text          0xc0611e4b       0x4b lib/fork.o
                0xc0611e4b                fork
 .text          0xc0611e96       0x2f lib/exit.o
                0xc0611e96                exit
 .text          0xc0611ec5       0x42 lib/unlink.o
                0xc0611ec5                unlink
 .text          0xc0611f07       0x44 lib/wait.o
                0xc0611f07                wait
 .text          0xc0611f4b       0xbe lib/socket_close.o
                0xc0611f4b                socket_close
 .text          0xc0612009      0x12a lib/socket_read.o
                0xc0612009                socket_read
 .text          0xc0612133       0x29 lib/alloca.o
                0xc0612133                alloca
 .text          0xc061215c       0x46 lib/calloc.o
                0xc061215c                calloc
 .text          0xc06121a2       0x49 lib/floor.o
                0xc06121a2                floor
 .text          0xc06121eb      0x12a lib/socket_write.o
                0xc06121eb                socket_write
 .text          0xc0612315       0x2b lib/getpid.o
                0xc0612315                getpid
 .text          0xc0612340       0x9c lib/stdlib/atoi.o
                0xc0612340                atoi
 .text          0xc06123dc       0xca lib/stdlib/strtol.o
                0xc06123dc                strtol
 .text          0xc06124a6       0x85 lib/string/strtok.o
                0xc06124a6                strtok
 .text          0xc061252b       0xa8 lib/string/strcmp.o
                0xc061252b                strcmp
 .text          0xc06125d3       0xd4 lib/string/strncmp.o
                0xc06125d3                strncmp
 .text          0xc06126a7       0x90 lib/string/strpbrk.o
                0xc06126a7                strpbrk
 .text          0xc0612737      0x181 lib/stdio/read.o
                0xc0612737                read
 .text          0xc06128b8       0x17 lib/stdio/perror.o
                0xc06128b8                perror
 .text          0xc06128cf      0x335 lib/stdio/sscanf.o
                0xc06128cf                sscanf
 .text          0xc0612c04       0x95 lib/stdio/open.o
                0xc0612c04                open
 .text          0xc0612c99       0x85 lib/stdio/write.o
                0xc0612c99                write
 .text          0xc0612d1e       0x52 lib/stdio/close.o
                0xc0612d1e                close
 .text          0xc0612d70      0x195 lib/sys/socket.o
                0xc0612d70                socket
 .text          0xc0612f05      0x102 lib/sys/connect.o
                0xc0612f05                connect
 .text          0xc0613007       0x38 lib/arpa/ntohs.o
                0xc0613007                ntohs
 .text          0xc061303f       0x7c lib/arpa/htonl.o
                0xc061303f                htonl
 .text          0xc06130bb       0x38 lib/arpa/htons.o
                0xc06130bb                htons
 .text          0xc06130f3      0x295 lib/arpa/inet_pton.o
                0xc06130f3                isValidIPv4
                0xc061327d                inet_pton
 .text          0xc0613388       0x7c lib/arpa/ntohl.o
                0xc0613388                ntohl
 .text          0xc0613404       0xe3 lib/arpa/inet_ntop.o
                0xc0613404                inet_ntop
 *(.gnu.warning)

.fini
 *(SORT_NONE(.fini))
                [!provide]                        PROVIDE (__etext = .)
                [!provide]                        PROVIDE (_etext = .)
                [!provide]                        PROVIDE (etext = .)
                0xc0614000                        . = ALIGN (CONSTANT (MAXPAGESIZE))
                0xc0614000                        . = SEGMENT_START ("rodata-segment", (ALIGN (CONSTANT (MAXPAGESIZE)) + (. & (CONSTANT (MAXPAGESIZE) - 0x1))))

.rodata         0xc0614000     0x1dc3
 *(.rodata .rodata.* .gnu.linkonce.r.*)
 .rodata        0xc0614000       0x3c double_link_list.o
 .rodata        0xc061403c      0x1c8 kernel_main.o
 .rodata        0xc0614204       0x22 console.o
 *fill*         0xc0614226        0x2 
 .rodata        0xc0614228       0x4c process.o
 *fill*         0xc0614274        0xc 
 .rodata        0xc0614280      0xb61 kernel_main_old.o
 .rodata        0xc0614de1        0x9 network/skbuff.o
 *fill*         0xc0614dea        0x2 
 .rodata        0xc0614dec      0x23d network/socket.o
 *fill*         0xc0615029        0x3 
 .rodata        0xc061502c       0xbd network/ip_input.o
 *fill*         0xc06150e9        0x3 
 .rodata        0xc06150ec       0x2d network/udp_sock.o
 *fill*         0xc0615119        0x3 
 .rodata        0xc061511c      0x172 network/netdev.o
 *fill*         0xc061528e        0x2 
 .rodata        0xc0615290       0x31 network/tcp.o
 .rodata        0xc06152c1        0x9 network/sock.o
 *fill*         0xc06152ca        0x2 
 .rodata        0xc06152cc       0xc3 network/tcp_output.o
 *fill*         0xc061538f        0x1 
 .rodata        0xc0615390       0xd0 network/arp.o
 .rodata        0xc0615460       0xe8 network/tcp_sock.o
 .rodata        0xc0615548      0x188 network/ipc.o
 .rodata        0xc06156d0       0x32 network/icmpv4.o
 .rodata        0xc0615702        0x9 network/ip_output.o
 *fill*         0xc061570b        0x1 
 .rodata        0xc061570c       0x48 network/inet.o
 .rodata        0xc0615754       0x14 network/dst.o
 .rodata        0xc0615768       0x60 network/tcp_input.o
 .rodata        0xc06157c8       0x6d network/task_network.o
 *fill*         0xc0615835        0x3 
 .rodata        0xc0615838       0x36 network/route.o
 .rodata        0xc061586e        0x9 network/udp.o
 .rodata        0xc0615877       0x1e network/tcp_data.o
 *fill*         0xc0615895        0x3 
 .rodata        0xc0615898       0x41 network/utils.o
 *fill*         0xc06158d9        0x3 
 .rodata        0xc06158dc      0x19c hd/hd.o
 .rodata        0xc0615a78      0x1fb fs/fs_main.o
                0xc0615a78                FSBUF_SIZE
 .rodata        0xc0615c73       0x21 mm/forkexit.o
 .rodata        0xc0615c94       0x10 mm/exec.o
 .rodata        0xc0615ca4       0x11 mm/main.o
 .rodata        0xc0615cb5       0x5a mem/mem.o
 .rodata        0xc0615d0f       0x2d lib/exec.o
 .rodata        0xc0615d3c        0x9 lib/socket_close.o
 .rodata        0xc0615d45        0x9 lib/socket_read.o
 .rodata        0xc0615d4e        0x9 lib/socket_write.o
 .rodata        0xc0615d57       0x2a lib/stdio/close.o
 .rodata        0xc0615d81       0x33 lib/sys/socket.o
 .rodata        0xc0615db4        0x9 lib/sys/connect.o
 .rodata        0xc0615dbd        0x3 lib/arpa/inet_pton.o
 .rodata        0xc0615dc0        0x3 lib/arpa/inet_ntop.o

.txt            0xc0615dc3       0xaa
 .txt           0xc0615dc3       0x82 string.o
                0xc0615dc3                Memcpy2
                0xc0615df1                Memset
                0xc0615e10                Strcpy
                0xc0615e2a                Strlen
 .txt           0xc0615e45       0x28 hd/hd_rdwt.o
                0xc0615e45                read_port
                0xc0615e59                write_port

.rodata1
 *(.rodata1)

.eh_frame_hdr
 *(.eh_frame_hdr)
 *(.eh_frame_entry .eh_frame_entry.*)

.eh_frame       0xc0615e70     0x4350
 *(.eh_frame)
 .eh_frame      0xc0615e70       0xd8 double_link_list.o
 .eh_frame      0xc0615f48      0x108 kernel_main.o
                                0x120 (size before relaxing)
 .eh_frame      0xc0616050      0x100 protect.o
                                0x118 (size before relaxing)
 .eh_frame      0xc0616150      0x1e0 console.o
                                0x1f8 (size before relaxing)
 .eh_frame      0xc0616330       0x80 process.o
                                 0x98 (size before relaxing)
 .eh_frame      0xc06163b0      0x6cc kernel_main_old.o
                                0x6e4 (size before relaxing)
 .eh_frame      0xc0616a7c       0xa0 keyboard.o
                                 0xb8 (size before relaxing)
 .eh_frame      0xc0616b1c       0x80 thread.o
                                 0x98 (size before relaxing)
 .eh_frame      0xc0616b9c       0xe0 my_process.o
                                 0xf8 (size before relaxing)
 .eh_frame      0xc0616c7c       0xe0 network/skbuff.o
                                 0xf8 (size before relaxing)
 .eh_frame      0xc0616d5c      0x2a0 network/socket.o
                                0x2b8 (size before relaxing)
 .eh_frame      0xc0616ffc      0x104 network/ip_input.o
                                0x11c (size before relaxing)
 .eh_frame      0xc0617100      0x404 network/udp_sock.o
                                0x41c (size before relaxing)
 .eh_frame      0xc0617504      0x230 network/netdev.o
                                0x248 (size before relaxing)
 .eh_frame      0xc0617734      0x268 network/tcp.o
                                0x280 (size before relaxing)
 .eh_frame      0xc061799c      0x1a0 network/sock.o
                                0x1b8 (size before relaxing)
 .eh_frame      0xc0617b3c      0x3c4 network/tcp_output.o
                                0x3dc (size before relaxing)
 .eh_frame      0xc0617f00      0x220 network/arp.o
                                0x238 (size before relaxing)
 .eh_frame      0xc0618120      0x4c0 network/tcp_sock.o
                                0x4d8 (size before relaxing)
 .eh_frame      0xc06185e0      0x274 network/ipc.o
                                0x28c (size before relaxing)
 .eh_frame      0xc0618854       0x80 network/icmpv4.o
                                 0x98 (size before relaxing)
 .eh_frame      0xc06188d4       0x40 network/ip_output.o
                                 0x58 (size before relaxing)
 .eh_frame      0xc0618914      0x180 network/inet.o
                                0x198 (size before relaxing)
 .eh_frame      0xc0618a94       0x60 network/dst.o
                                 0x78 (size before relaxing)
 .eh_frame      0xc0618af4      0x300 network/tcp_input.o
                                0x318 (size before relaxing)
 .eh_frame      0xc0618df4       0x60 network/task_network.o
                                 0x78 (size before relaxing)
 .eh_frame      0xc0618e54      0x124 network/route.o
                                0x13c (size before relaxing)
 .eh_frame      0xc0618f78      0x1e4 network/udp.o
                                0x1fc (size before relaxing)
 .eh_frame      0xc061915c      0x200 network/tcp_data.o
                                0x218 (size before relaxing)
 .eh_frame      0xc061935c       0xe4 network/utils.o
                                 0xfc (size before relaxing)
 .eh_frame      0xc0619440      0x264 hd/hd.o
                                0x27c (size before relaxing)
 .eh_frame      0xc06196a4      0x27c fs/fs_main.o
                                0x294 (size before relaxing)
 .eh_frame      0xc0619920       0x80 mm/forkexit.o
                                 0x98 (size before relaxing)
 .eh_frame      0xc06199a0       0x20 mm/exec.o
                                 0x38 (size before relaxing)
 .eh_frame      0xc06199c0       0x3c mm/main.o
                                 0x54 (size before relaxing)
 .eh_frame      0xc06199fc      0x364 mem/mem.o
                                0x37c (size before relaxing)
 .eh_frame      0xc0619d60       0x60 lib/exec.o
                                 0x78 (size before relaxing)
 .eh_frame      0xc0619dc0       0x20 lib/fork.o
                                 0x38 (size before relaxing)
 .eh_frame      0xc0619de0       0x20 lib/exit.o
                                 0x38 (size before relaxing)
 .eh_frame      0xc0619e00       0x20 lib/unlink.o
                                 0x38 (size before relaxing)
 .eh_frame      0xc0619e20       0x20 lib/wait.o
                                 0x38 (size before relaxing)
 .eh_frame      0xc0619e40       0x20 lib/socket_close.o
                                 0x38 (size before relaxing)
 .eh_frame      0xc0619e60       0x20 lib/socket_read.o
                                 0x38 (size before relaxing)
 .eh_frame      0xc0619e80       0x20 lib/alloca.o
                                 0x38 (size before relaxing)
 .eh_frame      0xc0619ea0       0x20 lib/calloc.o
                                 0x38 (size before relaxing)
 .eh_frame      0xc0619ec0       0x20 lib/floor.o
                                 0x38 (size before relaxing)
 .eh_frame      0xc0619ee0       0x20 lib/socket_write.o
                                 0x38 (size before relaxing)
 .eh_frame      0xc0619f00       0x20 lib/getpid.o
                                 0x38 (size before relaxing)
 .eh_frame      0xc0619f20       0x20 lib/stdlib/atoi.o
                                 0x38 (size before relaxing)
 .eh_frame      0xc0619f40       0x20 lib/stdlib/strtol.o
                                 0x38 (size before relaxing)
 .eh_frame      0xc0619f60       0x20 lib/string/strtok.o
                                 0x38 (size before relaxing)
 .eh_frame      0xc0619f80       0x20 lib/string/strcmp.o
                                 0x38 (size before relaxing)
 .eh_frame      0xc0619fa0       0x20 lib/string/strncmp.o
                                 0x38 (size before relaxing)
 .eh_frame      0xc0619fc0       0x20 lib/string/strpbrk.o
                                 0x38 (size before relaxing)
 .eh_frame      0xc0619fe0       0x20 lib/stdio/read.o
                                 0x38 (size before relaxing)
 .eh_frame      0xc061a000       0x20 lib/stdio/perror.o
                                 0x38 (size before relaxing)
 .eh_frame      0xc061a020       0x20 lib/stdio/sscanf.o
                                 0x38 (size before relaxing)
 .eh_frame      0xc061a040       0x20 lib/stdio/open.o
                                 0x38 (size before relaxing)
 .eh_frame      0xc061a060       0x20 lib/stdio/write.o
                                 0x38 (size before relaxing)
 .eh_frame      0xc061a080       0x20 lib/stdio/close.o
                                 0x38 (size before relaxing)
 .eh_frame      0xc061a0a0       0x20 lib/sys/socket.o
                                 0x38 (size before relaxing)
 .eh_frame      0xc061a0c0       0x20 lib/sys/connect.o
                                 0x38 (size before relaxing)
 .eh_frame      0xc061a0e0       0x20 lib/arpa/ntohs.o
                                 0x38 (size before relaxing)
 .eh_frame      0xc061a100       0x20 lib/arpa/htonl.o
                                 0x38 (size before relaxing)
 .eh_frame      0xc061a120       0x20 lib/arpa/htons.o
                                 0x38 (size before relaxing)
 .eh_frame      0xc061a140       0x40 lib/arpa/inet_pton.o
                                 0x58 (size before relaxing)
 .eh_frame      0xc061a180       0x20 lib/arpa/ntohl.o
                                 0x38 (size before relaxing)
 .eh_frame      0xc061a1a0       0x20 lib/arpa/inet_ntop.o
                                 0x38 (size before relaxing)
 *(.eh_frame.*)

.sframe
 *(.sframe)
 *(.sframe.*)

.gcc_except_table
 *(.gcc_except_table .gcc_except_table.*)

.gnu_extab
 *(.gnu_extab*)

.exception_ranges
 *(.exception_ranges*)
                0xc061b000                        . = DATA_SEGMENT_ALIGN (CONSTANT (MAXPAGESIZE), CONSTANT (COMMONPAGESIZE))

.eh_frame
 *(.eh_frame)
 *(.eh_frame.*)

.sframe
 *(.sframe)
 *(.sframe.*)

.gnu_extab
 *(.gnu_extab)

.gcc_except_table
 *(.gcc_except_table .gcc_except_table.*)

.exception_ranges
 *(.exception_ranges*)

.tdata          0xc061b000        0x0
                [!provide]                        PROVIDE (__tdata_start = .)
 *(.tdata .tdata.* .gnu.linkonce.td.*)

.tbss
 *(.tbss .tbss.* .gnu.linkonce.tb.*)
 *(.tcommon)

.preinit_array  0xc061b000        0x0
                [!provide]                        PROVIDE (__preinit_array_start = .)
 *(.preinit_array)
                [!provide]                        PROVIDE (__preinit_array_end = .)

.init_array     0xc061b000        0x0
                [!provide]                        PROVIDE (__init_array_start = .)
 *(SORT_BY_INIT_PRIORITY(.init_array.*) SORT_BY_INIT_PRIORITY(.ctors.*))
 *(.init_array EXCLUDE_FILE(*crtend?.o *crtend.o *crtbegin?.o *crtbegin.o) .ctors)
                [!provide]                        PROVIDE (__init_array_end = .)

.fini_array     0xc061b000        0x0
                [!provide]                        PROVIDE (__fini_array_start = .)
 *(SORT_BY_INIT_PRIORITY(.fini_array.*) SORT_BY_INIT_PRIORITY(.dtors.*))
 *(.fini_array EXCLUDE_FILE(*crtend?.o *crtend.o *crtbegin?.o *crtbegin.o) .dtors)
                [!provide]                        PROVIDE (__fini_array_end = .)

.ctors
 *crtbegin.o(.ctors)
 *crtbegin?.o(.ctors)
 *(EXCLUDE_FILE(*crtend?.o *crtend.o) .ctors)
 *(SORT_BY_NAME(.ctors.*))
 *(.ctors)

.dtors
 *crtbegin.o(.dtors)
 *crtbegin?.o(.dtors)
 *(EXCLUDE_FILE(*crtend?.o *crtend.o) .dtors)
 *(SORT_BY_NAME(.dtors.*))
 *(.dtors)

.jcr
 *(.jcr)

.data.rel.ro
 *(.data.rel.ro.local* .gnu.linkonce.d.rel.ro.local.*)
 *(.data.rel.ro .data.rel.ro.* .gnu.linkonce.d.rel.ro.*)

.dynamic
 *(.dynamic)

.got            0xc061b000        0x0
 *(.got)
 .got           0xc061b000        0x0 kernel/kernel_sub.o
 *(.igot)
                0xc061b000                        . = DATA_SEGMENT_RELRO_END (., (SIZEOF (.got.plt) >= 0xc)?0xc:0x0)

.got.plt        0xc061b000        0x0
 *(.got.plt)
 .got.plt       0xc061b000        0x0 kernel/kernel_sub.o
 *(.igot.plt)
 .igot.plt      0xc061b000        0x0 kernel/kernel_sub.o

.data           0xc061b000      0xbb4
 *(.data .data.* .gnu.linkonce.d.*)
 .data          0xc061b000        0xf kernel/kernel_sub.o
 *fill*         0xc061b00f        0x1 
 .data          0xc061b010        0xf kernel/kernel.o
 *fill*         0xc061b01f        0x1 
 .data          0xc061b020        0x0 syscall.o
 .data          0xc061b020        0x0 double_link_list.o
 .data          0xc061b020        0x0 kernel_main.o
 .data          0xc061b020        0x0 protect.o
 .data          0xc061b020        0x0 console.o
 .data          0xc061b020        0x0 process.o
 .data          0xc061b020        0x0 kernel_main_old.o
 .data          0xc061b020      0x17c global.o
                0xc061b020                user_task_table
                0xc061b0a0                sys_task_table
                0xc061b180                sys_call_table
 *fill*         0xc061b19c        0x4 
 .data          0xc061b1a0      0x600 keyboard.o
                0xc061b1a0                keymap
 .data          0xc061b7a0        0x0 thread.o
 .data          0xc061b7a0        0x0 my_process.o
 .data          0xc061b7a0        0x4 network/skbuff.o
 *fill*         0xc061b7a4       0x1c 
 .data          0xc061b7c0      0x224 network/socket.o
 .data          0xc061b9e4        0x4 network/ip_input.o
 *fill*         0xc061b9e8       0x18 
 .data          0xc061ba00       0x54 network/udp_sock.o
                0xc061ba20                udp_ops
 .data          0xc061ba54        0x4 network/netdev.o
 .data          0xc061ba58        0x8 network/tcp.o
 .data          0xc061ba60        0x4 network/sock.o
 .data          0xc061ba64        0x4 network/tcp_output.o
 .data          0xc061ba68       0x14 network/arp.o
 *fill*         0xc061ba7c        0x4 
 .data          0xc061ba80       0x54 network/tcp_sock.o
                0xc061baa0                tcp_ops
 .data          0xc061bad4        0xc network/ipc.o
 .data          0xc061bae0        0x4 network/icmpv4.o
 .data          0xc061bae4        0x4 network/ip_output.o
 *fill*         0xc061bae8       0x18 
 .data          0xc061bb00       0x80 network/inet.o
                0xc061bb08                inet
 .data          0xc061bb80        0x4 network/dst.o
 .data          0xc061bb84        0x4 network/tcp_input.o
 .data          0xc061bb88        0x4 network/task_network.o
 .data          0xc061bb8c        0x4 network/route.o
 .data          0xc061bb90        0x8 network/udp.o
 .data          0xc061bb98        0x4 network/tcp_data.o
 .data          0xc061bb9c        0x4 network/utils.o
 .data          0xc061bba0        0x0 hd/hd.o
 .data          0xc061bba0        0x0 fs/fs_main.o
 .data          0xc061bba0        0x0 mm/forkexit.o
 .data          0xc061bba0        0x0 mm/exec.o
 .data          0xc061bba0        0x0 mm/main.o
 .data          0xc061bba0        0x0 mem/mem.o
 .data          0xc061bba0        0x0 lib/exec.o
 .data          0xc061bba0        0x0 lib/fork.o
 .data          0xc061bba0        0x0 lib/exit.o
 .data          0xc061bba0        0x0 lib/unlink.o
 .data          0xc061bba0        0x0 lib/wait.o
 .data          0xc061bba0        0x4 lib/socket_close.o
 .data          0xc061bba4        0x4 lib/socket_read.o
 .data          0xc061bba8        0x0 lib/alloca.o
 .data          0xc061bba8        0x0 lib/calloc.o
 .data          0xc061bba8        0x0 lib/floor.o
 .data          0xc061bba8        0x4 lib/socket_write.o
 .data          0xc061bbac        0x0 lib/getpid.o
 .data          0xc061bbac        0x0 lib/stdlib/atoi.o
 .data          0xc061bbac        0x0 lib/stdlib/strtol.o
 .data          0xc061bbac        0x0 lib/string/strtok.o
 .data          0xc061bbac        0x0 lib/string/strcmp.o
 .data          0xc061bbac        0x0 lib/string/strncmp.o
 .data          0xc061bbac        0x0 lib/string/strpbrk.o
 .data          0xc061bbac        0x0 lib/stdio/read.o
 .data          0xc061bbac        0x0 lib/stdio/perror.o
 .data          0xc061bbac        0x0 lib/stdio/sscanf.o
 .data          0xc061bbac        0x0 lib/stdio/open.o
 .data          0xc061bbac        0x0 lib/stdio/write.o
 .data          0xc061bbac        0x0 lib/stdio/close.o
 .data          0xc061bbac        0x4 lib/sys/socket.o
 .data          0xc061bbb0        0x4 lib/sys/connect.o
 .data          0xc061bbb4        0x0 lib/arpa/ntohs.o
 .data          0xc061bbb4        0x0 lib/arpa/htonl.o
 .data          0xc061bbb4        0x0 lib/arpa/htons.o
 .data          0xc061bbb4        0x0 lib/arpa/inet_pton.o
 .data          0xc061bbb4        0x0 lib/arpa/ntohl.o
 .data          0xc061bbb4        0x0 lib/arpa/inet_ntop.o

.data1
 *(.data1)
                0xc061bbb4                        _edata = .
                [!provide]                        PROVIDE (edata = .)
                0xc061bbb4                        . = .
                0xc061bbb4                        __bss_start = .

.bss            0xc061bbc0    0xa5888
 *(.dynbss)
 *(.bss .bss.* .gnu.linkonce.b.*)
 .bss           0xc061bbc0      0x800 kernel/kernel_sub.o
 .bss           0xc061c3c0      0x800 kernel/kernel.o
 .bss           0xc061cbc0        0x0 double_link_list.o
 .bss           0xc061cbc0        0x0 kernel_main.o
 .bss           0xc061cbc0        0x0 protect.o
 .bss           0xc061cbc0        0x0 console.o
 .bss           0xc061cbc0        0x0 process.o
 .bss           0xc061cbc0        0x0 kernel_main_old.o
 .bss           0xc061cbc0        0x0 global.o
 .bss           0xc061cbc0        0x0 keyboard.o
 .bss           0xc061cbc0        0x0 thread.o
 .bss           0xc061cbc0        0x0 my_process.o
 .bss           0xc061cbc0        0x0 network/skbuff.o
 .bss           0xc061cbc0        0x4 network/socket.o
 .bss           0xc061cbc4        0x0 network/ip_input.o
 .bss           0xc061cbc4        0x4 network/udp_sock.o
 .bss           0xc061cbc8        0x0 network/netdev.o
 .bss           0xc061cbc8        0x0 network/tcp.o
 .bss           0xc061cbc8        0x0 network/sock.o
 .bss           0xc061cbc8        0x0 network/tcp_output.o
 .bss           0xc061cbc8        0x0 network/arp.o
 .bss           0xc061cbc8        0x0 network/tcp_sock.o
 .bss           0xc061cbc8        0x4 network/ipc.o
 .bss           0xc061cbcc        0x0 network/icmpv4.o
 .bss           0xc061cbcc        0x0 network/ip_output.o
 .bss           0xc061cbcc        0x0 network/inet.o
 .bss           0xc061cbcc        0x0 network/dst.o
 .bss           0xc061cbcc        0x0 network/tcp_input.o
 .bss           0xc061cbcc        0x0 network/task_network.o
 .bss           0xc061cbcc        0x0 network/route.o
 .bss           0xc061cbcc        0x0 network/udp.o
 .bss           0xc061cbcc        0x0 network/tcp_data.o
 .bss           0xc061cbcc        0x0 network/utils.o
 .bss           0xc061cbcc        0x0 hd/hd.o
 .bss           0xc061cbcc        0x4 fs/fs_main.o
                0xc061cbcc                c
 .bss           0xc061cbd0        0x0 mm/forkexit.o
 .bss           0xc061cbd0        0x0 mm/exec.o
 .bss           0xc061cbd0        0x0 mm/main.o
 .bss           0xc061cbd0        0x0 mem/mem.o
 .bss           0xc061cbd0        0x0 lib/exec.o
 .bss           0xc061cbd0        0x0 lib/fork.o
 .bss           0xc061cbd0        0x0 lib/exit.o
 .bss           0xc061cbd0        0x0 lib/unlink.o
 .bss           0xc061cbd0        0x0 lib/wait.o
 .bss           0xc061cbd0        0x0 lib/socket_close.o
 .bss           0xc061cbd0        0x0 lib/socket_read.o
 .bss           0xc061cbd0        0x0 lib/alloca.o
 .bss           0xc061cbd0        0x0 lib/calloc.o
 .bss           0xc061cbd0        0x0 lib/floor.o
 .bss           0xc061cbd0        0x0 lib/socket_write.o
 .bss           0xc061cbd0        0x0 lib/getpid.o
 .bss           0xc061cbd0        0x0 lib/stdlib/atoi.o
 .bss           0xc061cbd0        0x0 lib/stdlib/strtol.o
 .bss           0xc061cbd0        0x4 lib/string/strtok.o
 .bss           0xc061cbd4        0x0 lib/string/strcmp.o
 .bss           0xc061cbd4        0x0 lib/string/strncmp.o
 .bss           0xc061cbd4        0x0 lib/string/strpbrk.o
 .bss           0xc061cbd4        0x0 lib/stdio/read.o
 .bss           0xc061cbd4        0x0 lib/stdio/perror.o
 .bss           0xc061cbd4        0x0 lib/stdio/sscanf.o
 .bss           0xc061cbd4        0x0 lib/stdio/open.o
 .bss           0xc061cbd4        0x0 lib/stdio/write.o
 .bss           0xc061cbd4        0x0 lib/stdio/close.o
 .bss           0xc061cbd4        0x0 lib/sys/socket.o
 .bss           0xc061cbd4        0x0 lib/sys/connect.o
 .bss           0xc061cbd4        0x0 lib/arpa/ntohs.o
 .bss           0xc061cbd4        0x0 lib/arpa/htonl.o
 .bss           0xc061cbd4        0x0 lib/arpa/htons.o
 .bss           0xc061cbd4        0x0 lib/arpa/inet_pton.o
 .bss           0xc061cbd4        0x0 lib/arpa/ntohl.o
 .bss           0xc061cbd4        0x0 lib/arpa/inet_ntop.o
 *(COMMON)
 *fill*         0xc061cbd4        0xc 
 COMMON         0xc061cbe0     0x17b8 double_link_list.o
                0xc061cbe0                current_tty
                0xc061cbe4                is_e0
                0xc061cbe8                idt_ptr
                0xc061cbf0                pid
                0xc061cbf4                KernelVirtualMemory
                0xc061cc00                loop
                0xc061cc04                current_dis_pos
                0xc061cc08                dis_pos
                0xc061cc0c                netdev
                0xc061cc10                k_reenter
                0xc061cc20                gdt
                0xc061d020                proc_ready_table
                0xc061d024                test_ticks
                0xc061d028                pcaller
                0xc061d040                keyboard_buffer
                0xc061d24c                pcb_list
                0xc061d25c                gdt_index
                0xc061d260                tty_table
                0xc061daa0                tss
                0xc061db0c                KernelPool
                0xc061db1c                net_buf
                0xc061db20                nic_current_page
                0xc061db24                counter
                0xc061db28                key_pressed
                0xc061db2c                fork_pid
                0xc061db30                is_shift
                0xc061db31                net_data
                0xc061db34                routes
                0xc061db38                gdt_ptr
                0xc061db40                idt
                0xc061e340                main_thread
                0xc061e348                ticks
                0xc061e350                is_init
                0xc061e354                UserPool
                0xc061e364                all_pcb_list
                0xc061e374                console_table
                0xc061e384                is_disp
                0xc061e388                MAIN_THREAD_PAGE_DIRECTORY
                0xc061e38c                helloStr
 *fill*         0xc061e398        0x8 
 COMMON         0xc061e3a0    0xa1d40 global.o
                0xc061e3a0                proc_stack
                0xc06be3a0                proc_table
 COMMON         0xc06c00e0      0x440 hd/hd.o
                0xc06c00e0                hd_info
                0xc06c0320                hd_cache
 COMMON         0xc06c0520      0xe68 fs/fs_main.o
                0xc06c0520                file_desc_table
                0xc06c0920                phy_super_block_buf
                0xc06c0924                phy_fsbuf
                0xc06c0940                inode_table
                0xc06c1340                super_block_buf
                0xc06c1344                fsbuf
                0xc06c1360                root
 *fill*         0xc06c1388       0x18 
 COMMON         0xc06c13a0       0xa8 mem/mem.o
                0xc06c13a0                kernel_mem_block_decs_array
                0xc06c1448                        . = ALIGN ((. != 0x0)?0x4:0x1)
                0xc06c1448                        . = ALIGN (0x4)
                0xc06c1448                        . = SEGMENT_START ("ldata-segment", .)
                0xc06c1448                        . = ALIGN (0x4)
                0xc06c1448                        _end = .
                [!provide]                        PROVIDE (end = .)
                0xc06c1448                        . = DATA_SEGMENT_END (.)

.stab
 *(.stab)

.stabstr
 *(.stabstr)

.stab.excl
 *(.stab.excl)

.stab.exclstr
 *(.stab.exclstr)

.stab.index
 *(.stab.index)

.stab.indexstr
 *(.stab.indexstr)

.comment        0x00000000       0x2c
 *(.comment)
 .comment       0x00000000       0x2c double_link_list.o
                                 0x2d (size before relaxing)
 .comment       0x0000002c       0x2d kernel_main.o
 .comment       0x0000002c       0x2d protect.o
 .comment       0x0000002c       0x2d console.o
 .comment       0x0000002c       0x2d process.o
 .comment       0x0000002c       0x2d kernel_main_old.o
 .comment       0x0000002c       0x2d global.o
 .comment       0x0000002c       0x2d keyboard.o
 .comment       0x0000002c       0x2d thread.o
 .comment       0x0000002c       0x2d my_process.o
 .comment       0x0000002c       0x2d network/skbuff.o
 .comment       0x0000002c       0x2d network/socket.o
 .comment       0x0000002c       0x2d network/ip_input.o
 .comment       0x0000002c       0x2d network/udp_sock.o
 .comment       0x0000002c       0x2d network/netdev.o
 .comment       0x0000002c       0x2d network/tcp.o
 .comment       0x0000002c       0x2d network/sock.o
 .comment       0x0000002c       0x2d network/tcp_output.o
 .comment       0x0000002c       0x2d network/arp.o
 .comment       0x0000002c       0x2d network/tcp_sock.o
 .comment       0x0000002c       0x2d network/ipc.o
 .comment       0x0000002c       0x2d network/icmpv4.o
 .comment       0x0000002c       0x2d network/ip_output.o
 .comment       0x0000002c       0x2d network/inet.o
 .comment       0x0000002c       0x2d network/dst.o
 .comment       0x0000002c       0x2d network/tcp_input.o
 .comment       0x0000002c       0x2d network/task_network.o
 .comment       0x0000002c       0x2d network/route.o
 .comment       0x0000002c       0x2d network/udp.o
 .comment       0x0000002c       0x2d network/tcp_data.o
 .comment       0x0000002c       0x2d network/utils.o
 .comment       0x0000002c       0x2d hd/hd.o
 .comment       0x0000002c       0x2d fs/fs_main.o
 .comment       0x0000002c       0x2d mm/forkexit.o
 .comment       0x0000002c       0x2d mm/exec.o
 .comment       0x0000002c       0x2d mm/main.o
 .comment       0x0000002c       0x2d mem/mem.o
 .comment       0x0000002c       0x2d lib/exec.o
 .comment       0x0000002c       0x2d lib/fork.o
 .comment       0x0000002c       0x2d lib/exit.o
 .comment       0x0000002c       0x2d lib/unlink.o
 .comment       0x0000002c       0x2d lib/wait.o
 .comment       0x0000002c       0x2d lib/socket_close.o
 .comment       0x0000002c       0x2d lib/socket_read.o
 .comment       0x0000002c       0x2d lib/alloca.o
 .comment       0x0000002c       0x2d lib/calloc.o
 .comment       0x0000002c       0x2d lib/floor.o
 .comment       0x0000002c       0x2d lib/socket_write.o
 .comment       0x0000002c       0x2d lib/getpid.o
 .comment       0x0000002c       0x2d lib/stdlib/atoi.o
 .comment       0x0000002c       0x2d lib/stdlib/strtol.o
 .comment       0x0000002c       0x2d lib/string/strtok.o
 .comment       0x0000002c       0x2d lib/string/strcmp.o
 .comment       0x0000002c       0x2d lib/string/strncmp.o
 .comment       0x0000002c       0x2d lib/string/strpbrk.o
 .comment       0x0000002c       0x2d lib/stdio/read.o
 .comment       0x0000002c       0x2d lib/stdio/perror.o
 .comment       0x0000002c       0x2d lib/stdio/sscanf.o
 .comment       0x0000002c       0x2d lib/stdio/open.o
 .comment       0x0000002c       0x2d lib/stdio/write.o
 .comment       0x0000002c       0x2d lib/stdio/close.o
 .comment       0x0000002c       0x2d lib/sys/socket.o
 .comment       0x0000002c       0x2d lib/sys/connect.o
 .comment       0x0000002c       0x2d lib/arpa/ntohs.o
 .comment       0x0000002c       0x2d lib/arpa/htonl.o
 .comment       0x0000002c       0x2d lib/arpa/htons.o
 .comment       0x0000002c       0x2d lib/arpa/inet_pton.o
 .comment       0x0000002c       0x2d lib/arpa/ntohl.o
 .comment       0x0000002c       0x2d lib/arpa/inet_ntop.o

.gnu.build.attributes
 *(.gnu.build.attributes .gnu.build.attributes.*)

.debug
 *(.debug)

.line
 *(.line)

.debug_srcinfo
 *(.debug_srcinfo)

.debug_sfnames
 *(.debug_sfnames)

.debug_aranges  0x00000000      0x898
 *(.debug_aranges)
 .debug_aranges
                0x00000000       0x20 double_link_list.o
 .debug_aranges
                0x00000020       0x20 kernel_main.o
 .debug_aranges
                0x00000040       0x20 protect.o
 .debug_aranges
                0x00000060       0x20 console.o
 .debug_aranges
                0x00000080       0x20 process.o
 .debug_aranges
                0x000000a0       0x20 kernel_main_old.o
 .debug_aranges
                0x000000c0       0x18 global.o
 .debug_aranges
                0x000000d8       0x20 keyboard.o
 .debug_aranges
                0x000000f8       0x20 thread.o
 .debug_aranges
                0x00000118       0x20 my_process.o
 .debug_aranges
                0x00000138       0x20 network/skbuff.o
 .debug_aranges
                0x00000158       0x20 network/socket.o
 .debug_aranges
                0x00000178       0x20 network/ip_input.o
 .debug_aranges
                0x00000198       0x20 network/udp_sock.o
 .debug_aranges
                0x000001b8       0x20 network/netdev.o
 .debug_aranges
                0x000001d8       0x20 network/tcp.o
 .debug_aranges
                0x000001f8       0x20 network/sock.o
 .debug_aranges
                0x00000218       0x20 network/tcp_output.o
 .debug_aranges
                0x00000238       0x20 network/arp.o
 .debug_aranges
                0x00000258       0x20 network/tcp_sock.o
 .debug_aranges
                0x00000278       0x20 network/ipc.o
 .debug_aranges
                0x00000298       0x20 network/icmpv4.o
 .debug_aranges
                0x000002b8       0x20 network/ip_output.o
 .debug_aranges
                0x000002d8       0x20 network/inet.o
 .debug_aranges
                0x000002f8       0x20 network/dst.o
 .debug_aranges
                0x00000318       0x20 network/tcp_input.o
 .debug_aranges
                0x00000338       0x20 network/task_network.o
 .debug_aranges
                0x00000358       0x20 network/route.o
 .debug_aranges
                0x00000378       0x20 network/udp.o
 .debug_aranges
                0x00000398       0x20 network/tcp_data.o
 .debug_aranges
                0x000003b8       0x20 network/utils.o
 .debug_aranges
                0x000003d8       0x20 hd/hd.o
 .debug_aranges
                0x000003f8       0x20 fs/fs_main.o
 .debug_aranges
                0x00000418       0x20 mm/forkexit.o
 .debug_aranges
                0x00000438       0x20 mm/exec.o
 .debug_aranges
                0x00000458       0x20 mm/main.o
 .debug_aranges
                0x00000478       0x20 mem/mem.o
 .debug_aranges
                0x00000498       0x20 lib/exec.o
 .debug_aranges
                0x000004b8       0x20 lib/fork.o
 .debug_aranges
                0x000004d8       0x20 lib/exit.o
 .debug_aranges
                0x000004f8       0x20 lib/unlink.o
 .debug_aranges
                0x00000518       0x20 lib/wait.o
 .debug_aranges
                0x00000538       0x20 lib/socket_close.o
 .debug_aranges
                0x00000558       0x20 lib/socket_read.o
 .debug_aranges
                0x00000578       0x20 lib/alloca.o
 .debug_aranges
                0x00000598       0x20 lib/calloc.o
 .debug_aranges
                0x000005b8       0x20 lib/floor.o
 .debug_aranges
                0x000005d8       0x20 lib/socket_write.o
 .debug_aranges
                0x000005f8       0x20 lib/getpid.o
 .debug_aranges
                0x00000618       0x20 lib/stdlib/atoi.o
 .debug_aranges
                0x00000638       0x20 lib/stdlib/strtol.o
 .debug_aranges
                0x00000658       0x20 lib/string/strtok.o
 .debug_aranges
                0x00000678       0x20 lib/string/strcmp.o
 .debug_aranges
                0x00000698       0x20 lib/string/strncmp.o
 .debug_aranges
                0x000006b8       0x20 lib/string/strpbrk.o
 .debug_aranges
                0x000006d8       0x20 lib/stdio/read.o
 .debug_aranges
                0x000006f8       0x20 lib/stdio/perror.o
 .debug_aranges
                0x00000718       0x20 lib/stdio/sscanf.o
 .debug_aranges
                0x00000738       0x20 lib/stdio/open.o
 .debug_aranges
                0x00000758       0x20 lib/stdio/write.o
 .debug_aranges
                0x00000778       0x20 lib/stdio/close.o
 .debug_aranges
                0x00000798       0x20 lib/sys/socket.o
 .debug_aranges
                0x000007b8       0x20 lib/sys/connect.o
 .debug_aranges
                0x000007d8       0x20 lib/arpa/ntohs.o
 .debug_aranges
                0x000007f8       0x20 lib/arpa/htonl.o
 .debug_aranges
                0x00000818       0x20 lib/arpa/htons.o
 .debug_aranges
                0x00000838       0x20 lib/arpa/inet_pton.o
 .debug_aranges
                0x00000858       0x20 lib/arpa/ntohl.o
 .debug_aranges
                0x00000878       0x20 lib/arpa/inet_ntop.o

.debug_pubnames
 *(.debug_pubnames)

.debug_info     0x00000000    0x46238
 *(.debug_info .gnu.linkonce.wi.*)
 .debug_info    0x00000000     0x10b1 double_link_list.o
 .debug_info    0x000010b1     0x11d5 kernel_main.o
 .debug_info    0x00002286     0x1224 protect.o
 .debug_info    0x000034aa     0x12f9 console.o
 .debug_info    0x000047a3      0xfd1 process.o
 .debug_info    0x00005774     0x28d0 kernel_main_old.o
 .debug_info    0x00008044      0xef9 global.o
 .debug_info    0x00008f3d     0x104d keyboard.o
 .debug_info    0x00009f8a     0x10d8 thread.o
 .debug_info    0x0000b062     0x150c my_process.o
 .debug_info    0x0000c56e     0x11cc network/skbuff.o
 .debug_info    0x0000d73a     0x1c35 network/socket.o
 .debug_info    0x0000f36f     0x1ae1 network/ip_input.o
 .debug_info    0x00010e50     0x1f13 network/udp_sock.o
 .debug_info    0x00012d63     0x1957 network/netdev.o
 .debug_info    0x000146ba     0x1e44 network/tcp.o
 .debug_info    0x000164fe     0x1896 network/sock.o
 .debug_info    0x00017d94     0x235f network/tcp_output.o
 .debug_info    0x0001a0f3     0x195f network/arp.o
 .debug_info    0x0001ba52     0x2235 network/tcp_sock.o
 .debug_info    0x0001dc87     0x1d7c network/ipc.o
 .debug_info    0x0001fa03     0x193f network/icmpv4.o
 .debug_info    0x00021342     0x177b network/ip_output.o
 .debug_info    0x00022abd     0x1a9a network/inet.o
 .debug_info    0x00024557     0x126c network/dst.o
 .debug_info    0x000257c3     0x2147 network/tcp_input.o
 .debug_info    0x0002790a     0x10bc network/task_network.o
 .debug_info    0x000289c6     0x1282 network/route.o
 .debug_info    0x00029c48     0x1b44 network/udp.o
 .debug_info    0x0002b78c     0x1dad network/tcp_data.o
 .debug_info    0x0002d539      0x367 network/utils.o
 .debug_info    0x0002d8a0     0x1868 hd/hd.o
 .debug_info    0x0002f108     0x1faa fs/fs_main.o
 .debug_info    0x000310b2     0x100d mm/forkexit.o
 .debug_info    0x000320bf     0x1249 mm/exec.o
 .debug_info    0x00033308      0xe3b mm/main.o
 .debug_info    0x00034143     0x1dcd mem/mem.o
 .debug_info    0x00035f10      0xfaf lib/exec.o
 .debug_info    0x00036ebf      0xe17 lib/fork.o
 .debug_info    0x00037cd6      0xe22 lib/exit.o
 .debug_info    0x00038af8      0xf00 lib/unlink.o
 .debug_info    0x000399f8      0xe30 lib/wait.o
 .debug_info    0x0003a828     0x1043 lib/socket_close.o
 .debug_info    0x0003b86b     0x114b lib/socket_read.o
 .debug_info    0x0003c9b6       0xb6 lib/alloca.o
 .debug_info    0x0003ca6c      0xf28 lib/calloc.o
 .debug_info    0x0003d994       0x6b lib/floor.o
 .debug_info    0x0003d9ff     0x1150 lib/socket_write.o
 .debug_info    0x0003eb4f      0xe17 lib/getpid.o
 .debug_info    0x0003f966       0xc9 lib/stdlib/atoi.o
 .debug_info    0x0003fa2f       0xd6 lib/stdlib/strtol.o
 .debug_info    0x0003fb05       0xae lib/string/strtok.o
 .debug_info    0x0003fbb3       0xc1 lib/string/strcmp.o
 .debug_info    0x0003fc74      0x110 lib/string/strncmp.o
 .debug_info    0x0003fd84       0xcf lib/string/strpbrk.o
 .debug_info    0x0003fe53      0xea1 lib/stdio/read.o
 .debug_info    0x00040cf4       0x5c lib/stdio/perror.o
 .debug_info    0x00040d50      0x202 lib/stdio/sscanf.o
 .debug_info    0x00040f52      0xe02 lib/stdio/open.o
 .debug_info    0x00041d54      0xe9e lib/stdio/write.o
 .debug_info    0x00042bf2      0xdb6 lib/stdio/close.o
 .debug_info    0x000439a8     0x10e3 lib/sys/socket.o
 .debug_info    0x00044a8b     0x10dd lib/sys/connect.o
 .debug_info    0x00045b68       0xa8 lib/arpa/ntohs.o
 .debug_info    0x00045c10       0xcb lib/arpa/htonl.o
 .debug_info    0x00045cdb       0xa8 lib/arpa/htons.o
 .debug_info    0x00045d83      0x260 lib/arpa/inet_pton.o
 .debug_info    0x00045fe3       0xcb lib/arpa/ntohl.o
 .debug_info    0x000460ae      0x18a lib/arpa/inet_ntop.o

.debug_abbrev   0x00000000     0x8585
 *(.debug_abbrev)
 .debug_abbrev  0x00000000      0x216 double_link_list.o
 .debug_abbrev  0x00000216      0x25e kernel_main.o
 .debug_abbrev  0x00000474      0x227 protect.o
 .debug_abbrev  0x0000069b      0x2ac console.o
 .debug_abbrev  0x00000947      0x1e0 process.o
 .debug_abbrev  0x00000b27      0x43a kernel_main_old.o
 .debug_abbrev  0x00000f61      0x157 global.o
 .debug_abbrev  0x000010b8      0x1fb keyboard.o
 .debug_abbrev  0x000012b3      0x222 thread.o
 .debug_abbrev  0x000014d5      0x260 my_process.o
 .debug_abbrev  0x00001735      0x23f network/skbuff.o
 .debug_abbrev  0x00001974      0x327 network/socket.o
 .debug_abbrev  0x00001c9b      0x2d1 network/ip_input.o
 .debug_abbrev  0x00001f6c      0x3b1 network/udp_sock.o
 .debug_abbrev  0x0000231d      0x336 network/netdev.o
 .debug_abbrev  0x00002653      0x332 network/tcp.o
 .debug_abbrev  0x00002985      0x273 network/sock.o
 .debug_abbrev  0x00002bf8      0x39b network/tcp_output.o
 .debug_abbrev  0x00002f93      0x330 network/arp.o
 .debug_abbrev  0x000032c3      0x3e6 network/tcp_sock.o
 .debug_abbrev  0x000036a9      0x311 network/ipc.o
 .debug_abbrev  0x000039ba      0x236 network/icmpv4.o
 .debug_abbrev  0x00003bf0      0x213 network/ip_output.o
 .debug_abbrev  0x00003e03      0x24b network/inet.o
 .debug_abbrev  0x0000404e      0x23a network/dst.o
 .debug_abbrev  0x00004288      0x355 network/tcp_input.o
 .debug_abbrev  0x000045dd      0x1e9 network/task_network.o
 .debug_abbrev  0x000047c6      0x24e network/route.o
 .debug_abbrev  0x00004a14      0x2d3 network/udp.o
 .debug_abbrev  0x00004ce7      0x2a6 network/tcp_data.o
 .debug_abbrev  0x00004f8d      0x17a network/utils.o
 .debug_abbrev  0x00005107      0x2e3 hd/hd.o
 .debug_abbrev  0x000053ea      0x2f8 fs/fs_main.o
 .debug_abbrev  0x000056e2      0x204 mm/forkexit.o
 .debug_abbrev  0x000058e6      0x1c4 mm/exec.o
 .debug_abbrev  0x00005aaa      0x208 mm/main.o
 .debug_abbrev  0x00005cb2      0x330 mem/mem.o
 .debug_abbrev  0x00005fe2      0x1e8 lib/exec.o
 .debug_abbrev  0x000061ca      0x18a lib/fork.o
 .debug_abbrev  0x00006354      0x19b lib/exit.o
 .debug_abbrev  0x000064ef      0x193 lib/unlink.o
 .debug_abbrev  0x00006682      0x19f lib/wait.o
 .debug_abbrev  0x00006821      0x1b0 lib/socket_close.o
 .debug_abbrev  0x000069d1      0x1dd lib/socket_read.o
 .debug_abbrev  0x00006bae       0xcd lib/alloca.o
 .debug_abbrev  0x00006c7b      0x191 lib/calloc.o
 .debug_abbrev  0x00006e0c       0x6a lib/floor.o
 .debug_abbrev  0x00006e76      0x1db lib/socket_write.o
 .debug_abbrev  0x00007051      0x18a lib/getpid.o
 .debug_abbrev  0x000071db       0x94 lib/stdlib/atoi.o
 .debug_abbrev  0x0000726f       0x8b lib/stdlib/strtol.o
 .debug_abbrev  0x000072fa       0x91 lib/string/strtok.o
 .debug_abbrev  0x0000738b       0x94 lib/string/strcmp.o
 .debug_abbrev  0x0000741f       0xbe lib/string/strncmp.o
 .debug_abbrev  0x000074dd       0xa5 lib/string/strpbrk.o
 .debug_abbrev  0x00007582      0x1ef lib/stdio/read.o
 .debug_abbrev  0x00007771       0x5c lib/stdio/perror.o
 .debug_abbrev  0x000077cd       0xca lib/stdio/sscanf.o
 .debug_abbrev  0x00007897      0x1c5 lib/stdio/open.o
 .debug_abbrev  0x00007a5c      0x1db lib/stdio/write.o
 .debug_abbrev  0x00007c37      0x19d lib/stdio/close.o
 .debug_abbrev  0x00007dd4      0x1cc lib/sys/socket.o
 .debug_abbrev  0x00007fa0      0x1b7 lib/sys/connect.o
 .debug_abbrev  0x00008157       0x6c lib/arpa/ntohs.o
 .debug_abbrev  0x000081c3       0xa5 lib/arpa/htonl.o
 .debug_abbrev  0x00008268       0x6c lib/arpa/htons.o
 .debug_abbrev  0x000082d4      0x116 lib/arpa/inet_pton.o
 .debug_abbrev  0x000083ea       0xa5 lib/arpa/ntohl.o
 .debug_abbrev  0x0000848f       0xf6 lib/arpa/inet_ntop.o

.debug_line     0x00000000     0xa9a0
 *(.debug_line .debug_line.* .debug_line_end)
 .debug_line    0x00000000      0x235 double_link_list.o
 .debug_line    0x00000235      0x273 kernel_main.o
 .debug_line    0x000004a8      0x21d protect.o
 .debug_line    0x000006c5      0x56c console.o
 .debug_line    0x00000c31      0x1d8 process.o
 .debug_line    0x00000e09      0xe4d kernel_main_old.o
 .debug_line    0x00001c56       0xb3 global.o
 .debug_line    0x00001d09      0x2b4 keyboard.o
 .debug_line    0x00001fbd      0x163 thread.o
 .debug_line    0x00002120      0x359 my_process.o
 .debug_line    0x00002479      0x1ab network/skbuff.o
 .debug_line    0x00002624      0x3c8 network/socket.o
 .debug_line    0x000029ec      0x28e network/ip_input.o
 .debug_line    0x00002c7a      0x4c8 network/udp_sock.o
 .debug_line    0x00003142      0x4af network/netdev.o
 .debug_line    0x000035f1      0x30d network/tcp.o
 .debug_line    0x000038fe      0x238 network/sock.o
 .debug_line    0x00003b36      0x5a1 network/tcp_output.o
 .debug_line    0x000040d7      0x543 network/arp.o
 .debug_line    0x0000461a      0x594 network/tcp_sock.o
 .debug_line    0x00004bae      0x613 network/ipc.o
 .debug_line    0x000051c1      0x232 network/icmpv4.o
 .debug_line    0x000053f3      0x20b network/ip_output.o
 .debug_line    0x000055fe      0x326 network/inet.o
 .debug_line    0x00005924      0x199 network/dst.o
 .debug_line    0x00005abd      0x671 network/tcp_input.o
 .debug_line    0x0000612e      0x1bd network/task_network.o
 .debug_line    0x000062eb      0x238 network/route.o
 .debug_line    0x00006523      0x302 network/udp.o
 .debug_line    0x00006825      0x3ff network/tcp_data.o
 .debug_line    0x00006c24      0x13c network/utils.o
 .debug_line    0x00006d60      0x64d hd/hd.o
 .debug_line    0x000073ad      0xc43 fs/fs_main.o
 .debug_line    0x00007ff0      0x192 mm/forkexit.o
 .debug_line    0x00008182      0x22a mm/exec.o
 .debug_line    0x000083ac      0x10a mm/main.o
 .debug_line    0x000084b6      0x78e mem/mem.o
 .debug_line    0x00008c44      0x1a9 lib/exec.o
 .debug_line    0x00008ded       0xc3 lib/fork.o
 .debug_line    0x00008eb0       0xbe lib/exit.o
 .debug_line    0x00008f6e       0xde lib/unlink.o
 .debug_line    0x0000904c       0xd5 lib/wait.o
 .debug_line    0x00009121      0x151 lib/socket_close.o
 .debug_line    0x00009272      0x192 lib/socket_read.o
 .debug_line    0x00009404       0x5f lib/alloca.o
 .debug_line    0x00009463       0xf9 lib/calloc.o
 .debug_line    0x0000955c       0x5a lib/floor.o
 .debug_line    0x000095b6      0x195 lib/socket_write.o
 .debug_line    0x0000974b       0xbe lib/getpid.o
 .debug_line    0x00009809       0xad lib/stdlib/atoi.o
 .debug_line    0x000098b6       0xbb lib/stdlib/strtol.o
 .debug_line    0x00009971       0x6e lib/string/strtok.o
 .debug_line    0x000099df       0x9c lib/string/strcmp.o
 .debug_line    0x00009a7b       0xcc lib/string/strncmp.o
 .debug_line    0x00009b47       0xb0 lib/string/strpbrk.o
 .debug_line    0x00009bf7      0x15b lib/stdio/read.o
 .debug_line    0x00009d52       0x48 lib/stdio/perror.o
 .debug_line    0x00009d9a      0x220 lib/stdio/sscanf.o
 .debug_line    0x00009fba       0xc3 lib/stdio/open.o
 .debug_line    0x0000a07d       0xe0 lib/stdio/write.o
 .debug_line    0x0000a15d       0xb3 lib/stdio/close.o
 .debug_line    0x0000a210      0x188 lib/sys/socket.o
 .debug_line    0x0000a398      0x170 lib/sys/connect.o
 .debug_line    0x0000a508       0x6c lib/arpa/ntohs.o
 .debug_line    0x0000a574       0xc1 lib/arpa/htonl.o
 .debug_line    0x0000a635       0x6c lib/arpa/htons.o
 .debug_line    0x0000a6a1      0x167 lib/arpa/inet_pton.o
 .debug_line    0x0000a808       0xc1 lib/arpa/ntohl.o
 .debug_line    0x0000a8c9       0xd7 lib/arpa/inet_ntop.o

.debug_frame
 *(.debug_frame)

.debug_str      0x00000000     0x3887
 *(.debug_str)
 .debug_str     0x00000000     0x3887 double_link_list.o
                                0x6fa (size before relaxing)
 .debug_str     0x00003887      0x771 kernel_main.o
 .debug_str     0x00003887      0x783 protect.o
 .debug_str     0x00003887      0x777 console.o
 .debug_str     0x00003887      0x662 process.o
 .debug_str     0x00003887      0xba3 kernel_main_old.o
 .debug_str     0x00003887      0x628 global.o
 .debug_str     0x00003887      0x6b4 keyboard.o
 .debug_str     0x00003887      0x72f thread.o
 .debug_str     0x00003887      0x916 my_process.o
 .debug_str     0x00003887      0x71a network/skbuff.o
 .debug_str     0x00003887      0x946 network/socket.o
 .debug_str     0x00003887      0x9a2 network/ip_input.o
 .debug_str     0x00003887      0xa78 network/udp_sock.o
 .debug_str     0x00003887      0x92f network/netdev.o
 .debug_str     0x00003887      0xb34 network/tcp.o
 .debug_str     0x00003887      0x8bd network/sock.o
 .debug_str     0x00003887      0xc24 network/tcp_output.o
 .debug_str     0x00003887      0x90e network/arp.o
 .debug_str     0x00003887      0xcc7 network/tcp_sock.o
 .debug_str     0x00003887      0x935 network/ipc.o
 .debug_str     0x00003887      0x921 network/icmpv4.o
 .debug_str     0x00003887      0x85d network/ip_output.o
 .debug_str     0x00003887      0x905 network/inet.o
 .debug_str     0x00003887      0x735 network/dst.o
 .debug_str     0x00003887      0xb94 network/tcp_input.o
 .debug_str     0x00003887      0x6ca network/task_network.o
 .debug_str     0x00003887      0x736 network/route.o
 .debug_str     0x00003887      0x954 network/udp.o
 .debug_str     0x00003887      0xa50 network/tcp_data.o
 .debug_str     0x00003887      0x1b8 network/utils.o
 .debug_str     0x00003887      0x931 hd/hd.o
 .debug_str     0x00003887      0xb12 fs/fs_main.o
 .debug_str     0x00003887      0x62f mm/forkexit.o
 .debug_str     0x00003887      0x885 mm/exec.o
 .debug_str     0x00003887      0x5b0 mm/main.o
 .debug_str     0x00003887      0xad6 mem/mem.o
 .debug_str     0x00003887      0x644 lib/exec.o
 .debug_str     0x00003887      0x5b6 lib/fork.o
 .debug_str     0x00003887      0x5bd lib/exit.o
 .debug_str     0x00003887      0x63c lib/unlink.o
 .debug_str     0x00003887      0x5bd lib/wait.o
 .debug_str     0x00003887      0x6db lib/socket_close.o
 .debug_str     0x00003887      0x752 lib/socket_read.o
 .debug_str     0x00003887       0xce lib/alloca.o
 .debug_str     0x00003887      0x649 lib/calloc.o
 .debug_str     0x00003887       0xa2 lib/floor.o
 .debug_str     0x00003887      0x755 lib/socket_write.o
 .debug_str     0x00003887      0x5ba lib/getpid.o
 .debug_str     0x00003887       0xad lib/stdlib/atoi.o
 .debug_str     0x00003887       0xc6 lib/stdlib/strtol.o
 .debug_str     0x00003887       0xb9 lib/string/strtok.o
 .debug_str     0x00003887       0xb1 lib/string/strcmp.o
 .debug_str     0x00003887       0xba lib/string/strncmp.o
 .debug_str     0x00003887       0xc1 lib/string/strpbrk.o
 .debug_str     0x00003887      0x617 lib/stdio/read.o
 .debug_str     0x00003887       0x99 lib/stdio/perror.o
 .debug_str     0x00003887      0x109 lib/stdio/sscanf.o
 .debug_str     0x00003887      0x5de lib/stdio/open.o
 .debug_str     0x00003887      0x5f3 lib/stdio/write.o
 .debug_str     0x00003887      0x5a6 lib/stdio/close.o
 .debug_str     0x00003887      0x716 lib/sys/socket.o
 .debug_str     0x00003887      0x735 lib/sys/connect.o
 .debug_str     0x00003887      0x101 lib/arpa/ntohs.o
 .debug_str     0x00003887       0xf4 lib/arpa/htonl.o
 .debug_str     0x00003887      0x102 lib/arpa/htons.o
 .debug_str     0x00003887      0x14c lib/arpa/inet_pton.o
 .debug_str     0x00003887       0xf3 lib/arpa/ntohl.o
 .debug_str     0x00003887      0x10f lib/arpa/inet_ntop.o

.debug_loc
 *(.debug_loc)

.debug_macinfo
 *(.debug_macinfo)

.debug_weaknames
 *(.debug_weaknames)

.debug_funcnames
 *(.debug_funcnames)

.debug_typenames
 *(.debug_typenames)

.debug_varnames
 *(.debug_varnames)

.debug_pubtypes
 *(.debug_pubtypes)

.debug_ranges   0x00000000       0x90
 *(.debug_ranges)
 .debug_ranges  0x00000000       0x30 kernel_main_old.o
 .debug_ranges  0x00000030       0x48 hd/hd.o
 .debug_ranges  0x00000078       0x18 mm/exec.o

.debug_addr
 *(.debug_addr)

.debug_line_str
 *(.debug_line_str)

.debug_loclists
 *(.debug_loclists)

.debug_macro
 *(.debug_macro)

.debug_names
 *(.debug_names)

.debug_rnglists
 *(.debug_rnglists)

.debug_str_offsets
 *(.debug_str_offsets)

.debug_sup
 *(.debug_sup)

.gnu.attributes
 *(.gnu.attributes)

/DISCARD/
 *(.note.GNU-stack)
 *(.gnu_debuglink)
 *(.gnu.lto_*)
OUTPUT(kernel.bin elf32-i386)
