
Merging program properties

Removed property 0xc0010001 to merge double_link_list.o (0x1) and kernel/kernel_sub.o (not found)
Removed property 0xc0010002 to merge double_link_list.o (0x0) and kernel/kernel_sub.o (not found)
Removed property 0xc0010001 to merge double_link_list.o (not found) and kernel_main.o (0x1)
Removed property 0xc0010002 to merge double_link_list.o (not found) and kernel_main.o (0x0)
Removed property 0xc0010001 to merge double_link_list.o (not found) and protect.o (0x1)
Removed property 0xc0010002 to merge double_link_list.o (not found) and protect.o (0x0)
Removed property 0xc0010001 to merge double_link_list.o (not found) and console.o (0x1)
Removed property 0xc0010002 to merge double_link_list.o (not found) and console.o (0x1)
Removed property 0xc0010001 to merge double_link_list.o (not found) and kernel_main_old.o (0x1)
Removed property 0xc0010002 to merge double_link_list.o (not found) and kernel_main_old.o (0x1)
Removed property 0xc0010001 to merge double_link_list.o (not found) and global.o (0x1)
Removed property 0xc0010002 to merge double_link_list.o (not found) and global.o (0x0)
Removed property 0xc0010001 to merge double_link_list.o (not found) and keyboard.o (0x1)
Removed property 0xc0010002 to merge double_link_list.o (not found) and keyboard.o (0x0)
Removed property 0xc0010001 to merge double_link_list.o (not found) and process.o (0x1)
Removed property 0xc0010002 to merge double_link_list.o (not found) and process.o (0x0)
Removed property 0xc0010001 to merge double_link_list.o (not found) and thread.o (0x1)
Removed property 0xc0010002 to merge double_link_list.o (not found) and thread.o (0x0)
Removed property 0xc0010001 to merge double_link_list.o (not found) and my_process.o (0x1)
Removed property 0xc0010002 to merge double_link_list.o (not found) and my_process.o (0x1)
Removed property 0xc0010001 to merge double_link_list.o (not found) and network/skbuff.o (0x1)
Removed property 0xc0010002 to merge double_link_list.o (not found) and network/skbuff.o (0x0)
Removed property 0xc0010001 to merge double_link_list.o (not found) and network/socket.o (0x1)
Removed property 0xc0010002 to merge double_link_list.o (not found) and network/socket.o (0x0)
Removed property 0xc0010001 to merge double_link_list.o (not found) and network/ip_input.o (0x1)
Removed property 0xc0010002 to merge double_link_list.o (not found) and network/ip_input.o (0x0)
Removed property 0xc0010001 to merge double_link_list.o (not found) and network/udp_sock.o (0x1)
Removed property 0xc0010002 to merge double_link_list.o (not found) and network/udp_sock.o (0x0)
Removed property 0xc0010001 to merge double_link_list.o (not found) and network/icmpv4.o (0x1)
Removed property 0xc0010002 to merge double_link_list.o (not found) and network/icmpv4.o (0x0)
Removed property 0xc0010001 to merge double_link_list.o (not found) and network/netdev.o (0x1)
Removed property 0xc0010002 to merge double_link_list.o (not found) and network/netdev.o (0x0)
Removed property 0xc0010001 to merge double_link_list.o (not found) and network/tcp.o (0x1)
Removed property 0xc0010002 to merge double_link_list.o (not found) and network/tcp.o (0x0)
Removed property 0xc0010001 to merge double_link_list.o (not found) and network/route.o (0x1)
Removed property 0xc0010002 to merge double_link_list.o (not found) and network/route.o (0x0)
Removed property 0xc0010001 to merge double_link_list.o (not found) and network/sock.o (0x1)
Removed property 0xc0010002 to merge double_link_list.o (not found) and network/sock.o (0x0)
Removed property 0xc0010001 to merge double_link_list.o (not found) and network/tcp_output.o (0x1)
Removed property 0xc0010002 to merge double_link_list.o (not found) and network/tcp_output.o (0x1)
Removed property 0xc0010001 to merge double_link_list.o (not found) and network/arp.o (0x1)
Removed property 0xc0010002 to merge double_link_list.o (not found) and network/arp.o (0x0)
Removed property 0xc0010001 to merge double_link_list.o (not found) and network/dst.o (0x1)
Removed property 0xc0010002 to merge double_link_list.o (not found) and network/dst.o (0x0)
Removed property 0xc0010001 to merge double_link_list.o (not found) and network/tcp_sock.o (0x1)
Removed property 0xc0010002 to merge double_link_list.o (not found) and network/tcp_sock.o (0x0)
Removed property 0xc0010001 to merge double_link_list.o (not found) and network/ipc.o (0x1)
Removed property 0xc0010002 to merge double_link_list.o (not found) and network/ipc.o (0x1)
Removed property 0xc0010001 to merge double_link_list.o (not found) and network/ip_output.o (0x1)
Removed property 0xc0010002 to merge double_link_list.o (not found) and network/ip_output.o (0x0)
Removed property 0xc0010001 to merge double_link_list.o (not found) and network/inet.o (0x1)
Removed property 0xc0010002 to merge double_link_list.o (not found) and network/inet.o (0x0)
Removed property 0xc0010001 to merge double_link_list.o (not found) and network/tcp_input.o (0x1)
[...]
Memory Configuration

Name             Origin             Length             Attributes
*default*        0x00000000         0xffffffff

Linker script and memory map

Address of section .text set to 0xc0600000
LOAD kernel/kernel_sub.o
LOAD kernel/kernel.o
LOAD syscall.o
LOAD switch_to.o
LOAD string.o
LOAD hd/hd_rdwt.o
LOAD network/ne2000.o
LOAD double_link_list.o
LOAD kernel_main.o
LOAD protect.o
LOAD console.o
LOAD kernel_main_old.o
LOAD global.o
LOAD keyboard.o
LOAD process.o
LOAD thread.o
LOAD my_process.o
LOAD network/skbuff.o
LOAD network/socket.o
LOAD network/ip_input.o
LOAD network/udp_sock.o
LOAD network/icmpv4.o
LOAD network/netdev.o
LOAD network/tcp.o
LOAD network/route.o
LOAD network/sock.o
LOAD network/tcp_output.o
LOAD network/arp.o
LOAD network/dst.o
LOAD network/tcp_sock.o
LOAD network/ipc.o
LOAD network/ip_output.o
LOAD network/inet.o
LOAD network/tcp_input.o
LOAD network/task_network.o
LOAD network/udp.o
LOAD network/tcp_data.o
LOAD network/utils.o
LOAD hd/hd.o
LOAD fs/fs_main.o
LOAD mm/forkexit.o
LOAD mm/exec.o
LOAD mm/main.o
LOAD mem/mem.o
LOAD lib/exec.o
LOAD lib/fork.o
LOAD lib/exit.o
LOAD lib/unlink.o
LOAD lib/wait.o
LOAD lib/socket_close.o
LOAD lib/socket_read.o
LOAD lib/alloca.o
LOAD lib/calloc.o
LOAD lib/floor.o
LOAD lib/socket_write.o
LOAD lib/getpid.o
LOAD lib/stdlib/atoi.o
LOAD lib/stdlib/strtol.o
LOAD lib/string/strtok.o
LOAD lib/string/strcmp.o
LOAD lib/string/strncmp.o
LOAD lib/string/strpbrk.o
LOAD lib/stdio/read.o
LOAD lib/stdio/perror.o
LOAD lib/stdio/sscanf.o
LOAD lib/stdio/open.o
LOAD lib/stdio/write.o
LOAD lib/stdio/close.o
LOAD lib/sys/socket.o
LOAD lib/sys/connect.o
LOAD lib/arpa/ntohs.o
LOAD lib/arpa/htonl.o
LOAD lib/arpa/htons.o
LOAD lib/arpa/inet_pton.o
LOAD lib/arpa/ntohl.o
LOAD lib/arpa/inet_ntop.o
                [!provide]                        PROVIDE (__executable_start = SEGMENT_START ("text-segment", 0x8048000))
                0x080480d4                        . = (SEGMENT_START ("text-segment", 0x8048000) + SIZEOF_HEADERS)

.interp
 *(.interp)

.note.gnu.build-id
 *(.note.gnu.build-id)

.hash
 *(.hash)

.gnu.hash
 *(.gnu.hash)

.dynsym
 *(.dynsym)

.dynstr
 *(.dynstr)

.gnu.version
 *(.gnu.version)

.gnu.version_d
 *(.gnu.version_d)

.gnu.version_r
 *(.gnu.version_r)

.rel.dyn        0x080480d4        0x0
 *(.rel.init)
 *(.rel.text .rel.text.* .rel.gnu.linkonce.t.*)
 .rel.text      0x080480d4        0x0 kernel/kernel_sub.o
 *(.rel.fini)
 *(.rel.rodata .rel.rodata.* .rel.gnu.linkonce.r.*)
 *(.rel.data.rel.ro .rel.data.rel.ro.* .rel.gnu.linkonce.d.rel.ro.*)
 *(.rel.data .rel.data.* .rel.gnu.linkonce.d.*)
 *(.rel.tdata .rel.tdata.* .rel.gnu.linkonce.td.*)
 *(.rel.tbss .rel.tbss.* .rel.gnu.linkonce.tb.*)
 *(.rel.ctors)
 *(.rel.dtors)
 *(.rel.got)
 .rel.got       0x080480d4        0x0 kernel/kernel_sub.o
 *(.rel.bss .rel.bss.* .rel.gnu.linkonce.b.*)
 *(.rel.ifunc)

.rel.plt        0x080480d4        0x0
 *(.rel.plt)
                [!provide]                        PROVIDE (__rel_iplt_start = .)
 *(.rel.iplt)
 .rel.iplt      0x080480d4        0x0 kernel/kernel_sub.o
                [!provide]                        PROVIDE (__rel_iplt_end = .)

.relr.dyn
 *(.relr.dyn)
                0x08049000                        . = ALIGN (CONSTANT (MAXPAGESIZE))

.init
 *(SORT_NONE(.init))

.plt            0x08049000        0x0
 *(.plt)
 *(.iplt)
 .iplt          0x08049000        0x0 kernel/kernel_sub.o

.plt.got
 *(.plt.got)

.plt.sec
 *(.plt.sec)

.text           0xc0600000    0x13906
 *(.text.unlikely .text.*_unlikely .text.unlikely.*)
 *(.text.exit .text.exit.*)
 *(.text.startup .text.startup.*)
 *(.text.hot .text.hot.*)
 *(SORT_BY_NAME(.text.sorted.*))
 *(.text .stub .text.* .gnu.linkonce.t.*)
 .text          0xc0600000       0x71 kernel/kernel_sub.o
                0xc0600000                _start
 *fill*         0xc0600071        0xf 
 .text          0xc0600080      0x3d2 kernel/kernel.o
                0xc0600080                InterruptTest
                0xc060008c                disp_str_len
                0xc06000d9                disp_str
                0xc0600114                disp_str_colour
                0xc0600150                divide_zero_fault
                0xc0600156                single_step_fault
                0xc060015c                non_maskable_interrupt
                0xc0600162                breakpoint_trap
                0xc0600168                overflow_trap
                0xc060016e                bound_range_exceeded_fault
                0xc0600174                invalid_opcode_fault
                0xc060017a                coprocessor_not_available_fault
                0xc0600180                double_fault_exception_abort
                0xc0600184                coprocessor_segment_overrun
                0xc060018a                invalid_task_state_segment_fault
                0xc060018e                segment_not_present_fault
                0xc0600192                stack_exception_fault
                0xc0600196                general_protection_exception_fault
                0xc06001a1                page_fault
                0xc06001a5                coprocessor_error_fault
                0xc06001ab                align_check_fault
                0xc06001af                simd_float_exception_fault
                0xc06001be                hwint0
                0xc06001ee                hwint1
                0xc0600231                hwint14
                0xc0600277                hwint10
                0xc06002ba                sys_call
                0xc0600300                fork_restart
                0xc060030f                restart
                0xc0600332                in_byte
                0xc060033e                out_byte
                0xc0600360                disable_int
                0xc0600362                enable_int
                0xc06003f8                enable_8259A_casecade_irq
                0xc0600402                disable_8259A_casecade_irq
                0xc060040c                enable_8259A_slave_winchester_irq
                0xc0600416                disable_8259A_slave_winchester_irq
                0xc0600420                update_cr3
                0xc060042d                update_tss
                0xc060043c                get_running_thread_pcb
                0xc0600442                sys_call_test
                0xc0600445                enable_8259A_slave_net_irq
 *fill*         0xc0600452        0xe 
 .text          0xc0600460       0x6a syscall.o
                0xc0600460                write_debug
                0xc0600470                send_msg
                0xc0600486                receive_msg
                0xc060049c                sys_malloc
                0xc06004b1                sys_free
 *fill*         0xc06004ca        0x6 
 .text          0xc06004d0       0x15 switch_to.o
                0xc06004d0                switch_to
 *fill*         0xc06004e5        0xb 
 .text          0xc06004f0      0x28d network/ne2000.o
                0xc0600513                DriverInitialize
                0xc060059d                StartSendToPhysicalLink
                0xc06005b8                SetPageStart
                0xc06005e7                DriverSend
                0xc0600661                PCtoNIC
                0xc06006cc                get_interrupt_status
                0xc06006e9                set_interrupt_status
                0xc0600709                get_curr_page
                0xc0600726                NICtoPC
 .text          0xc060077d      0x2ee double_link_list.o
                0xc060077d                initDoubleLinkList
                0xc06007cd                isListEmpty
                0xc06007fb                findElementInList
                0xc0600892                appendToDoubleLinkList
                0xc0600958                insertToDoubleLinkList
                0xc06009dc                popFromDoubleLinkList
 .text          0xc0600a6b      0x515 kernel_main.o
                0xc0600a6b                kernel_main
                0xc0600c45                init
                0xc0600cdc                kernel_thread_a
                0xc0600d29                kernel_thread_b
                0xc0600d76                kernel_thread_c
                0xc0600d8c                kernel_thread_d
                0xc0600da2                user_proc_a
                0xc0600f63                user_proc_b
 .text          0xc0600f80      0x3b3 protect.o
                0xc0600f80                InitDescriptor
                0xc0600fed                Seg2PhyAddr
                0xc060102e                Seg2PhyAddrLDT
                0xc0601072                VirAddr2PhyAddr
                0xc0601088                v2l
                0xc06010cb                init_propt
                0xc060124c                InitInterruptDesc
                0xc06012a8                ReloadGDT
 .text          0xc0601333      0xad3 console.o
                0xc0601333                select_console
                0xc060136f                flush
                0xc06013a8                set_cursor
                0xc0601406                set_console_start_video_addr
                0xc0601464                put_key
                0xc06014d0                scroll_up
                0xc0601512                scroll_down
                0xc060157d                out_char
                0xc060173a                tty_dev_read
                0xc0601764                tty_dev_write
                0xc0601991                tty_do_read
                0xc0601a59                tty_do_write
                0xc0601bc2                init_screen
                0xc0601c4b                init_tty
                0xc0601d00                TaskTTY
 .text          0xc0601e06     0x2d8b kernel_main_old.o
                0xc0601e06                stop_here
                0xc0601e4a                catch_error
                0xc0601eaf                intr_enable
                0xc0601ed8                intr_disable
                0xc0601f01                intr_set_status
                0xc0601f1f                intr_get_status
                0xc0601f3c                Memcpy
                0xc0601f6f                untar
                0xc060227f                num_to_string
                0xc0602325                disp_int
                0xc060234e                do_page_fault
                0xc060248b                exception_handler
                0xc0602676                init_internal_interrupt
                0xc06027eb                spurious_irq
                0xc0602879                init_keyboard
                0xc06028bc                TestTTY
                0xc060295b                TestReadReturnValue
                0xc06029d8                TestWriteReturnValue
                0xc0602aac                TestFS2
                0xc0602aba                TestFS
                0xc0602f5c                wait_exit
                0xc060305a                INIT_fork
                0xc060334d                simple_shell
                0xc06034d4                test_shell
                0xc060353c                test_exec
                0xc060362f                INIT
                0xc060363c                TestA
                0xc0603671                delay
                0xc06036b5                TestB
                0xc06036cd                TestC
                0xc0603700                sys_get_ticks
                0xc0603710                sys_write
                0xc0603764                milli_delay
                0xc060378e                TaskSys
                0xc0603793                Printf
                0xc0603865                sprintf
                0xc0603891                vsprintf
                0xc0603a3d                printx
                0xc0603a80                sys_printx
                0xc0603b4c                spin
                0xc0603b72                panic
                0xc0603b90                assertion_failure
                0xc0603c02                assertion_failure2
                0xc0603c77                dead_lock
                0xc0603c81                sys_send_msg
                0xc06041a0                sys_receive_msg
                0xc0604800                send_rec
                0xc06048fb                block
                0xc0604937                unblock
                0xc0604987                get_ticks_ipc
                0xc060499a                itoa
                0xc06049f0                i2a
                0xc0604a56                inform_int
                0xc0604b22                deprecate_strcmp
 .text          0xc0604b91        0x0 global.o
 .text          0xc0604b91      0x40f keyboard.o
                0xc0604b91                keyboard_handler
                0xc0604c15                read_from_keyboard_buf
                0xc0604c7b                keyboard_read
                0xc0604dfa                init_keyboard_handler
                0xc0604e0e                in_process
 .text          0xc0604fa0      0x2d3 process.o
                0xc0604fa0                schedule_process
                0xc0605166                clock_handler
                0xc06051f8                pid2proc
                0xc060525c                proc2pid
 .text          0xc0605273      0x1b2 thread.o
                0xc0605273                kernel_thread
                0xc060528b                thread_init
                0xc0605338                thread_create
                0xc060536d                thread_start
 .text          0xc0605425      0x730 my_process.o
                0xc0605425                create_user_process_address_space
                0xc06054b5                user_process
                0xc06055e2                clone_pcb
                0xc0605754                build_body_stack
                0xc0605887                build_process_kernel_stack
                0xc060594a                fork_process
                0xc06059db                process_execute
 .text          0xc0605b55      0x15b network/skbuff.o
                0xc0605b6e                alloc_skb
                0xc0605bff                free_skb
                0xc0605c32                skb_reserve
                0xc0605c4e                skb_push
                0xc0605c7d                skb_head
                0xc0605c88                skb_reset_header
 .text          0xc0605cb0      0x66c network/socket.o
                0xc0605d60                test
                0xc0605dbc                socket_debug
                0xc0605e1d                free_socket
                0xc0605ed9                _socket
                0xc0605f98                _bind
                0xc0605feb                _connect
                0xc060603d                _write
                0xc0606094                _read
                0xc06060eb                _recvfrom
                0xc060612c                _sendto
                0xc0606183                _close
                0xc0606202                _listen
                0xc0606268                _accept
 .text          0xc060631c      0x2ed network/ip_input.o
                0xc06064a6                ip_rcv
 .text          0xc0606609      0x8cd network/udp_sock.o
                0xc0606847                udp_lookup_sock
                0xc060688e                udp_init
                0xc06068bf                udp_close
                0xc06068e5                udp_sock_init
                0xc06068ef                udp_recvfrom
                0xc0606988                udp_connect
                0xc0606a61                udp_write
                0xc0606a8d                udp_alloc_skb
                0xc0606ad7                udp_sendto
                0xc0606bcb                udp_send
                0xc0606d09                udp_alloc_sock
                0xc0606d4a                udp_free_sock
                0xc0606d6e                udp_read
 .text          0xc0606ed6      0x234 network/icmpv4.o
                0xc0606ee4                icmpv4_incoming
                0xc0606f58                icmpv4_reply
                0xc0607031                icmpv4_timestamp
 .text          0xc060710a      0xa0a network/netdev.o
                0xc0607298                netdev_init
                0xc06072df                netdev_transmit
                0xc060743a                interrupt_wait2
                0xc0607493                netdev_rx_loop
                0xc0607584                call_netdev_get
                0xc06076ce                netdev_get
                0xc0607783                free_netdev
                0xc06077ae                local_ipaddress
                0xc06077eb                receive_msg_from_nic
                0xc06079d2                receive_msg_from_nic2
                0xc0607afe                net_handler
 .text          0xc0607b14      0x448 network/tcp.o
                0xc0607d09                tcp_in
                0xc0607dbd                tcp_checksum
                0xc0607de9                __tcp_set_state
                0xc0607df8                tcp_generate_port
                0xc0607e41                tcp_generate_isn
                0xc0607e4b                tcp_done
                0xc0607e74                tcp_clear_timers
                0xc0607e83                tcp_stop_retransmission_timer
                0xc0607e9c                tcp_release_retransmission_timer
                0xc0607eb5                tcp_stop_delack_timer
                0xc0607ec8                tcp_release_delack_timer
                0xc0607edb                tcp_handle_fin_state
                0xc0607f40                tcp_enter_time_wait
 .text          0xc0607f5c      0x42e network/route.o
                0xc060806c                route_add
                0xc06080b3                route_init
                0xc0608165                call_route_lookup
                0xc06082af                route_lookup
 .text          0xc060838a      0x203 network/sock.o
                0xc06084bc                sk_alloc
                0xc06084e3                sk_init
                0xc0608537                sk_init_with_socket
                0xc0608560                sk_free
 .text          0xc060858d      0xbbe network/tcp_output.o
                0xc0608a53                tcp_send_synack
                0xc0608af6                tcp_send_delack
                0xc0608b31                tcp_send_ack
                0xc0608c7d                tcp_send_fin
                0xc0608cf2                tcp_select_initial_window
                0xc0608ea4                tcp_reset_retransmission_timer
                0xc0608ec1                tcp_begin_connect
                0xc0608f6b                tcp_send
                0xc0609050                tcp_send_reset
                0xc06090d0                tcp_queue_fin
 .text          0xc060914b      0xc51 network/arp.o
                0xc0609274                call_update_arp_translation_table
                0xc06094ac                insert_arp_translation_table
                0xc060952e                update_arp_translation_table
                0xc06095ed                arp_init
                0xc06095f3                arp_rcv
                0xc0609850                arp_request
                0xc06099bd                arp_reply
                0xc0609b20                call_arp_get_hwaddr
                0xc0609c6a                arp_get_hwaddr
                0xc0609d4b                free_arp
 .text          0xc0609d9c      0x1a7 network/dst.o
                0xc0609daa                print_array
                0xc0609e1e                dst_neigh_output
 .text          0xc0609f43      0xa2a network/tcp_sock.o
                0xc060a202                tcp_established_or_syn_recvd_socks_enqueue
                0xc060a219                tcp_established_or_syn_recvd_socks_remove
                0xc060a22b                tcp_connecting_or_listening_socks_enqueue
                0xc060a242                tcp_connecting_or_listening_socks_remove
                0xc060a254                tcp_alloc_sock
                0xc060a36a                tcp_free_sock
                0xc060a3e3                tcp_init
                0xc060a3ed                tcp_sock_init
                0xc060a490                tcp_write
                0xc060a4d1                tcp_read
                0xc060a584                tcp_close
                0xc060a642                tcp_recv_notify
                0xc060a66d                tcp_v4_connect
                0xc060a8c0                tcp_lookup_sock
 .text          0xc060a96d      0xe3f network/ipc.o
                0xc060b559                ipc_close
                0xc060b5aa                ipc_call_from_netdev_rx
                0xc060b5e2                demux_ipc_socket_call
 .text          0xc060b7ac      0x1d3 network/ip_output.o
                0xc060b7ba                ip_output
 .text          0xc060b97f      0x429 network/inet.o
                0xc060b97f                inet_create
                0xc060ba2f                inet_socket
                0xc060ba39                inet_connect
                0xc060ba8d                inet_write
                0xc060bab9                inet_read
                0xc060bae5                inet_close
                0xc060bb34                inet_free
                0xc060bb6a                inet_bind
                0xc060bc73                inet_listen
                0xc060bcbc                inet_accept
                0xc060bd67                inet_sendto
                0xc060bd92                inet_recvfrom
 .text          0xc060bda8      0xb80 network/tcp_input.o
                0xc060c4a0                tcp_process
                0xc060c866                tcp_receive
 .text          0xc060c928      0x2f9 network/task_network.o
                0xc060c97c                init_dev
                0xc060ca86                task_network
                0xc060cbd7                task_netdev_rx
 .text          0xc060cc21      0x3e0 network/udp.o
                0xc060cd2c                udp_generate_port
                0xc060cd75                udp_checksum
                0xc060ce43                udp_in
                0xc060ced4                udp_data_dequeue
                0xc060cfdc                udp_data_enqueue
 .text          0xc060d001      0x54a network/tcp_data.o
                0xc060d2ec                tcp_data_dequeue
                0xc060d419                tcp_data_queue
 .text          0xc060d54b      0x1e7 network/utils.o
                0xc060d54b                run_cmd
                0xc060d558                print_err
                0xc060d56f                parse_ipv4_string
                0xc060d5ce                ip_pton
                0xc060d616                sum_every_16bits
                0xc060d66d                checksum
                0xc060d6ae                tcp_udp_checksum
 .text          0xc060d732      0xe84 hd/hd.o
                0xc060d732                TaskHD
                0xc060d77d                init_hd
                0xc060d797                hd_handle
                0xc060d89c                hd_cmd_out
                0xc060d99e                hd_identify
                0xc060da55                print_hdinfo
                0xc060dbe3                print_dpt_entry
                0xc060dc4f                get_partition_table
                0xc060dd2e                partition
                0xc060df48                hd_open
                0xc060dff8                get_hd_ioctl
                0xc060e0b2                wait_for
                0xc060e0e3                interrupt_wait
                0xc060e13c                hd_rdwt
                0xc060e3de                hd_handler
                0xc060e40f                debug_ticks
                0xc060e44d                waitfor
                0xc060e491                print_hd_info
                0xc060e57e                is_empty
 .text          0xc060e5b6     0x2081 fs/fs_main.o
                0xc060e5b6                task_fs
                0xc060e7ca                rd_wt
                0xc060e8ac                mkfs
                0xc060ee8e                init_fs
                0xc060eee8                do_open
                0xc060f0f1                search_file
                0xc060f223                strip_path
                0xc060f2ef                get_inode
                0xc060f4b1                create_file
                0xc060f5bc                alloc_imap_bit
                0xc060f6b9                alloc_smap_bit
                0xc060f85a                new_inode
                0xc060f978                new_dir_entry
                0xc060fb84                do_unlink
                0xc0610060                do_rdwt
                0xc06103eb                sync_inode
                0xc061053f                put_inode
                0xc061057d                do_close
                0xc06105cf                get_super_block
 .text          0xc0610637      0x24f mm/forkexit.o
                0xc0610637                do_fork
                0xc06106a5                do_exit
                0xc061072f                do_wait
                0xc061082c                cleanup
 .text          0xc0610886      0x419 mm/exec.o
                0xc0610886                do_exec
 .text          0xc0610c9f      0x14e mm/main.o
                0xc0610c9f                TaskMM
                0xc0610dce                alloc_mem
 .text          0xc0610ded     0x1118 mem/mem.o
                0xc0610ded                init_bitmap
                0xc0610e10                test_bit_val
                0xc0610e79                set_bit_val
                0xc0610ef4                set_bits
                0xc0610f2e                get_first_free_bit
                0xc0610f72                get_bits
                0xc061103a                get_a_page
                0xc06110ee                get_virtual_address_start_with_addr
                0xc0611188                get_virtual_address
                0xc0611218                ptr_pde
                0xc061122b                ptr_pte
                0xc0611252                add_map_entry
                0xc06112e3                alloc_virtual_memory
                0xc06113af                get_physical_address_proc
                0xc061142b                get_physical_address
                0xc061145d                alloc_physical_memory_of_proc
                0xc061154c                alloc_physical_memory
                0xc0611614                alloc_memory
                0xc0611676                get_a_virtual_page
                0xc06116ae                block2arena
                0xc06116c4                sys_malloc2
                0xc06119f1                remove_map_entry
                0xc0611a12                free_a_page
                0xc0611ab9                sys_free2
                0xc0611abf                init_memory_block_desc
                0xc0611b90                init_memory2
                0xc0611dc5                init_memory
 .text          0xc0611f05      0x285 lib/exec.o
                0xc0611f05                exec
                0xc0611f76                execv
                0xc0612165                execl
 .text          0xc061218a       0x4b lib/fork.o
                0xc061218a                fork
 .text          0xc06121d5       0x2f lib/exit.o
                0xc06121d5                exit
 .text          0xc0612204       0x42 lib/unlink.o
                0xc0612204                unlink
 .text          0xc0612246       0x44 lib/wait.o
                0xc0612246                wait
 .text          0xc061228a       0xbe lib/socket_close.o
                0xc061228a                socket_close
 .text          0xc0612348      0x12a lib/socket_read.o
                0xc0612348                socket_read
 .text          0xc0612472       0x29 lib/alloca.o
                0xc0612472                alloca
 .text          0xc061249b       0x46 lib/calloc.o
                0xc061249b                calloc
 .text          0xc06124e1       0x49 lib/floor.o
                0xc06124e1                floor
 .text          0xc061252a      0x193 lib/socket_write.o
                0xc061252a                socket_write
 .text          0xc06126bd       0x2b lib/getpid.o
                0xc06126bd                getpid
 .text          0xc06126e8       0x9c lib/stdlib/atoi.o
                0xc06126e8                atoi
 .text          0xc0612784       0xca lib/stdlib/strtol.o
                0xc0612784                strtol
 .text          0xc061284e       0x85 lib/string/strtok.o
                0xc061284e                strtok
 .text          0xc06128d3       0xa8 lib/string/strcmp.o
                0xc06128d3                strcmp
 .text          0xc061297b       0xd4 lib/string/strncmp.o
                0xc061297b                strncmp
 .text          0xc0612a4f       0x90 lib/string/strpbrk.o
                0xc0612a4f                strpbrk
 .text          0xc0612adf      0x181 lib/stdio/read.o
                0xc0612adf                read
 .text          0xc0612c60       0x17 lib/stdio/perror.o
                0xc0612c60                perror
 .text          0xc0612c77      0x335 lib/stdio/sscanf.o
                0xc0612c77                sscanf
 .text          0xc0612fac       0x95 lib/stdio/open.o
                0xc0612fac                open
 .text          0xc0613041       0x85 lib/stdio/write.o
                0xc0613041                write
 .text          0xc06130c6       0x52 lib/stdio/close.o
                0xc06130c6                close
 .text          0xc0613118      0x195 lib/sys/socket.o
                0xc0613118                socket
 .text          0xc06132ad      0x179 lib/sys/connect.o
                0xc06132ad                connect
 .text          0xc0613426       0x38 lib/arpa/ntohs.o
                0xc0613426                ntohs
 .text          0xc061345e       0x7c lib/arpa/htonl.o
                0xc061345e                htonl
 .text          0xc06134da       0x38 lib/arpa/htons.o
                0xc06134da                htons
 .text          0xc0613512      0x295 lib/arpa/inet_pton.o
                0xc0613512                isValidIPv4
                0xc061369c                inet_pton
 .text          0xc06137a7       0x7c lib/arpa/ntohl.o
                0xc06137a7                ntohl
 .text          0xc0613823       0xe3 lib/arpa/inet_ntop.o
                0xc0613823                inet_ntop
 *(.gnu.warning)

.fini
 *(SORT_NONE(.fini))
                [!provide]                        PROVIDE (__etext = .)
                [!provide]                        PROVIDE (_etext = .)
                [!provide]                        PROVIDE (etext = .)
                0xc0614000                        . = ALIGN (CONSTANT (MAXPAGESIZE))
                0xc0614000                        . = SEGMENT_START ("rodata-segment", (ALIGN (CONSTANT (MAXPAGESIZE)) + (. & (CONSTANT (MAXPAGESIZE) - 0x1))))

.rodata         0xc0614000     0x1e5f
 *(.rodata .rodata.* .gnu.linkonce.r.*)
 .rodata        0xc0614000       0x3c double_link_list.o
 .rodata        0xc061403c      0x1e4 kernel_main.o
 .rodata        0xc0614220       0x22 console.o
 *fill*         0xc0614242       0x1e 
 .rodata        0xc0614260      0xb61 kernel_main_old.o
 *fill*         0xc0614dc1        0x3 
 .rodata        0xc0614dc4       0x4c process.o
 .rodata        0xc0614e10        0x9 network/skbuff.o
 *fill*         0xc0614e19        0x3 
 .rodata        0xc0614e1c      0x23d network/socket.o
 *fill*         0xc0615059        0x3 
 .rodata        0xc061505c       0xbd network/ip_input.o
 *fill*         0xc0615119        0x3 
 .rodata        0xc061511c       0x2d network/udp_sock.o
 *fill*         0xc0615149        0x3 
 .rodata        0xc061514c       0x32 network/icmpv4.o
 *fill*         0xc061517e        0x2 
 .rodata        0xc0615180      0x176 network/netdev.o
 *fill*         0xc06152f6        0x2 
 .rodata        0xc06152f8       0x31 network/tcp.o
 *fill*         0xc0615329        0x3 
 .rodata        0xc061532c       0x36 network/route.o
 .rodata        0xc0615362        0x9 network/sock.o
 *fill*         0xc061536b        0x1 
 .rodata        0xc061536c       0xc3 network/tcp_output.o
 *fill*         0xc061542f        0x1 
 .rodata        0xc0615430       0xff network/arp.o
 .rodata        0xc061552f       0x34 network/dst.o
 *fill*         0xc0615563        0x1 
 .rodata        0xc0615564       0xe8 network/tcp_sock.o
 .rodata        0xc061564c      0x174 network/ipc.o
 .rodata        0xc06157c0        0x9 network/ip_output.o
 *fill*         0xc06157c9        0x3 
 .rodata        0xc06157cc       0x48 network/inet.o
 .rodata        0xc0615814       0x60 network/tcp_input.o
 .rodata        0xc0615874       0x99 network/task_network.o
 .rodata        0xc061590d        0x9 network/udp.o
 .rodata        0xc0615916       0x1e network/tcp_data.o
 .rodata        0xc0615934       0x41 network/utils.o
 *fill*         0xc0615975        0x3 
 .rodata        0xc0615978      0x19c hd/hd.o
 .rodata        0xc0615b14      0x1fb fs/fs_main.o
                0xc0615b14                FSBUF_SIZE
 .rodata        0xc0615d0f       0x21 mm/forkexit.o
 .rodata        0xc0615d30       0x10 mm/exec.o
 .rodata        0xc0615d40       0x11 mm/main.o
 .rodata        0xc0615d51       0x5a mem/mem.o
 .rodata        0xc0615dab       0x2d lib/exec.o
 .rodata        0xc0615dd8        0x9 lib/socket_close.o
 .rodata        0xc0615de1        0x9 lib/socket_read.o
 .rodata        0xc0615dea        0x9 lib/socket_write.o
 .rodata        0xc0615df3       0x2a lib/stdio/close.o
 .rodata        0xc0615e1d       0x33 lib/sys/socket.o
 .rodata        0xc0615e50        0x9 lib/sys/connect.o
 .rodata        0xc0615e59        0x3 lib/arpa/inet_pton.o
 .rodata        0xc0615e5c        0x3 lib/arpa/inet_ntop.o

.txt            0xc0615e5f       0xaa
 .txt           0xc0615e5f       0x82 string.o
                0xc0615e5f                Memcpy2
                0xc0615e8d                Memset
                0xc0615eac                Strcpy
                0xc0615ec6                Strlen
 .txt           0xc0615ee1       0x28 hd/hd_rdwt.o
                0xc0615ee1                read_port
                0xc0615ef5                write_port

.rodata1
 *(.rodata1)

.eh_frame_hdr
 *(.eh_frame_hdr)
 *(.eh_frame_entry .eh_frame_entry.*)

.eh_frame       0xc0615f0c     0x434c
 *(.eh_frame)
 .eh_frame      0xc0615f0c       0xd8 double_link_list.o
 .eh_frame      0xc0615fe4      0x104 kernel_main.o
                                0x11c (size before relaxing)
 .eh_frame      0xc06160e8      0x100 protect.o
                                0x118 (size before relaxing)
 .eh_frame      0xc06161e8      0x1e0 console.o
                                0x1f8 (size before relaxing)
 .eh_frame      0xc06163c8      0x6cc kernel_main_old.o
                                0x6e4 (size before relaxing)
 .eh_frame      0xc0616a94       0xa0 keyboard.o
                                 0xb8 (size before relaxing)
 .eh_frame      0xc0616b34       0x80 process.o
                                 0x98 (size before relaxing)
 .eh_frame      0xc0616bb4       0x80 thread.o
                                 0x98 (size before relaxing)
 .eh_frame      0xc0616c34       0xe0 my_process.o
                                 0xf8 (size before relaxing)
 .eh_frame      0xc0616d14       0xe0 network/skbuff.o
                                 0xf8 (size before relaxing)
 .eh_frame      0xc0616df4      0x2a0 network/socket.o
                                0x2b8 (size before relaxing)
 .eh_frame      0xc0617094      0x104 network/ip_input.o
                                0x11c (size before relaxing)
 .eh_frame      0xc0617198      0x404 network/udp_sock.o
                                0x41c (size before relaxing)
 .eh_frame      0xc061759c       0x80 network/icmpv4.o
                                 0x98 (size before relaxing)
 .eh_frame      0xc061761c      0x230 network/netdev.o
                                0x248 (size before relaxing)
 .eh_frame      0xc061784c      0x268 network/tcp.o
                                0x280 (size before relaxing)
 .eh_frame      0xc0617ab4      0x104 network/route.o
                                0x11c (size before relaxing)
 .eh_frame      0xc0617bb8      0x1a0 network/sock.o
                                0x1b8 (size before relaxing)
 .eh_frame      0xc0617d58      0x3c4 network/tcp_output.o
                                0x3dc (size before relaxing)
 .eh_frame      0xc061811c      0x220 network/arp.o
                                0x238 (size before relaxing)
 .eh_frame      0xc061833c       0x60 network/dst.o
                                 0x78 (size before relaxing)
 .eh_frame      0xc061839c      0x4c0 network/tcp_sock.o
                                0x4d8 (size before relaxing)
 .eh_frame      0xc061885c      0x274 network/ipc.o
                                0x28c (size before relaxing)
 .eh_frame      0xc0618ad0       0x40 network/ip_output.o
                                 0x58 (size before relaxing)
 .eh_frame      0xc0618b10      0x180 network/inet.o
                                0x198 (size before relaxing)
 .eh_frame      0xc0618c90      0x300 network/tcp_input.o
                                0x318 (size before relaxing)
 .eh_frame      0xc0618f90       0x80 network/task_network.o
                                 0x98 (size before relaxing)
 .eh_frame      0xc0619010      0x1e4 network/udp.o
                                0x1fc (size before relaxing)
 .eh_frame      0xc06191f4      0x200 network/tcp_data.o
                                0x218 (size before relaxing)
 .eh_frame      0xc06193f4       0xe4 network/utils.o
                                 0xfc (size before relaxing)
 .eh_frame      0xc06194d8      0x264 hd/hd.o
                                0x27c (size before relaxing)
 .eh_frame      0xc061973c      0x27c fs/fs_main.o
                                0x294 (size before relaxing)
 .eh_frame      0xc06199b8       0x80 mm/forkexit.o
                                 0x98 (size before relaxing)
 .eh_frame      0xc0619a38       0x20 mm/exec.o
                                 0x38 (size before relaxing)
 .eh_frame      0xc0619a58       0x3c mm/main.o
                                 0x54 (size before relaxing)
 .eh_frame      0xc0619a94      0x364 mem/mem.o
                                0x37c (size before relaxing)
 .eh_frame      0xc0619df8       0x60 lib/exec.o
                                 0x78 (size before relaxing)
 .eh_frame      0xc0619e58       0x20 lib/fork.o
                                 0x38 (size before relaxing)
 .eh_frame      0xc0619e78       0x20 lib/exit.o
                                 0x38 (size before relaxing)
 .eh_frame      0xc0619e98       0x20 lib/unlink.o
                                 0x38 (size before relaxing)
 .eh_frame      0xc0619eb8       0x20 lib/wait.o
                                 0x38 (size before relaxing)
 .eh_frame      0xc0619ed8       0x20 lib/socket_close.o
                                 0x38 (size before relaxing)
 .eh_frame      0xc0619ef8       0x20 lib/socket_read.o
                                 0x38 (size before relaxing)
 .eh_frame      0xc0619f18       0x20 lib/alloca.o
                                 0x38 (size before relaxing)
 .eh_frame      0xc0619f38       0x20 lib/calloc.o
                                 0x38 (size before relaxing)
 .eh_frame      0xc0619f58       0x20 lib/floor.o
                                 0x38 (size before relaxing)
 .eh_frame      0xc0619f78       0x20 lib/socket_write.o
                                 0x38 (size before relaxing)
 .eh_frame      0xc0619f98       0x20 lib/getpid.o
                                 0x38 (size before relaxing)
 .eh_frame      0xc0619fb8       0x20 lib/stdlib/atoi.o
                                 0x38 (size before relaxing)
 .eh_frame      0xc0619fd8       0x20 lib/stdlib/strtol.o
                                 0x38 (size before relaxing)
 .eh_frame      0xc0619ff8       0x20 lib/string/strtok.o
                                 0x38 (size before relaxing)
 .eh_frame      0xc061a018       0x20 lib/string/strcmp.o
                                 0x38 (size before relaxing)
 .eh_frame      0xc061a038       0x20 lib/string/strncmp.o
                                 0x38 (size before relaxing)
 .eh_frame      0xc061a058       0x20 lib/string/strpbrk.o
                                 0x38 (size before relaxing)
 .eh_frame      0xc061a078       0x20 lib/stdio/read.o
                                 0x38 (size before relaxing)
 .eh_frame      0xc061a098       0x20 lib/stdio/perror.o
                                 0x38 (size before relaxing)
 .eh_frame      0xc061a0b8       0x20 lib/stdio/sscanf.o
                                 0x38 (size before relaxing)
 .eh_frame      0xc061a0d8       0x20 lib/stdio/open.o
                                 0x38 (size before relaxing)
 .eh_frame      0xc061a0f8       0x20 lib/stdio/write.o
                                 0x38 (size before relaxing)
 .eh_frame      0xc061a118       0x20 lib/stdio/close.o
                                 0x38 (size before relaxing)
 .eh_frame      0xc061a138       0x20 lib/sys/socket.o
                                 0x38 (size before relaxing)
 .eh_frame      0xc061a158       0x20 lib/sys/connect.o
                                 0x38 (size before relaxing)
 .eh_frame      0xc061a178       0x20 lib/arpa/ntohs.o
                                 0x38 (size before relaxing)
 .eh_frame      0xc061a198       0x20 lib/arpa/htonl.o
                                 0x38 (size before relaxing)
 .eh_frame      0xc061a1b8       0x20 lib/arpa/htons.o
                                 0x38 (size before relaxing)
 .eh_frame      0xc061a1d8       0x40 lib/arpa/inet_pton.o
                                 0x58 (size before relaxing)
 .eh_frame      0xc061a218       0x20 lib/arpa/ntohl.o
                                 0x38 (size before relaxing)
 .eh_frame      0xc061a238       0x20 lib/arpa/inet_ntop.o
                                 0x38 (size before relaxing)
 *(.eh_frame.*)

.sframe
 *(.sframe)
 *(.sframe.*)

.gcc_except_table
 *(.gcc_except_table .gcc_except_table.*)

.gnu_extab
 *(.gnu_extab*)

.exception_ranges
 *(.exception_ranges*)
                0xc061b000                        . = DATA_SEGMENT_ALIGN (CONSTANT (MAXPAGESIZE), CONSTANT (COMMONPAGESIZE))

.eh_frame
 *(.eh_frame)
 *(.eh_frame.*)

.sframe
 *(.sframe)
 *(.sframe.*)

.gnu_extab
 *(.gnu_extab)

.gcc_except_table
 *(.gcc_except_table .gcc_except_table.*)

.exception_ranges
 *(.exception_ranges*)

.tdata          0xc061b000        0x0
                [!provide]                        PROVIDE (__tdata_start = .)
 *(.tdata .tdata.* .gnu.linkonce.td.*)

.tbss
 *(.tbss .tbss.* .gnu.linkonce.tb.*)
 *(.tcommon)

.preinit_array  0xc061b000        0x0
                [!provide]                        PROVIDE (__preinit_array_start = .)
 *(.preinit_array)
                [!provide]                        PROVIDE (__preinit_array_end = .)

.init_array     0xc061b000        0x0
                [!provide]                        PROVIDE (__init_array_start = .)
 *(SORT_BY_INIT_PRIORITY(.init_array.*) SORT_BY_INIT_PRIORITY(.ctors.*))
 *(.init_array EXCLUDE_FILE(*crtend?.o *crtend.o *crtbegin?.o *crtbegin.o) .ctors)
                [!provide]                        PROVIDE (__init_array_end = .)

.fini_array     0xc061b000        0x0
                [!provide]                        PROVIDE (__fini_array_start = .)
 *(SORT_BY_INIT_PRIORITY(.fini_array.*) SORT_BY_INIT_PRIORITY(.dtors.*))
 *(.fini_array EXCLUDE_FILE(*crtend?.o *crtend.o *crtbegin?.o *crtbegin.o) .dtors)
                [!provide]                        PROVIDE (__fini_array_end = .)

.ctors
 *crtbegin.o(.ctors)
 *crtbegin?.o(.ctors)
 *(EXCLUDE_FILE(*crtend?.o *crtend.o) .ctors)
 *(SORT_BY_NAME(.ctors.*))
 *(.ctors)

.dtors
 *crtbegin.o(.dtors)
 *crtbegin?.o(.dtors)
 *(EXCLUDE_FILE(*crtend?.o *crtend.o) .dtors)
 *(SORT_BY_NAME(.dtors.*))
 *(.dtors)

.jcr
 *(.jcr)

.data.rel.ro
 *(.data.rel.ro.local* .gnu.linkonce.d.rel.ro.local.*)
 *(.data.rel.ro .data.rel.ro.* .gnu.linkonce.d.rel.ro.*)

.dynamic
 *(.dynamic)

.got            0xc061b000        0x0
 *(.got)
 .got           0xc061b000        0x0 kernel/kernel_sub.o
 *(.igot)
                0xc061b000                        . = DATA_SEGMENT_RELRO_END (., (SIZEOF (.got.plt) >= 0xc)?0xc:0x0)

.got.plt        0xc061b000        0x0
 *(.got.plt)
 .got.plt       0xc061b000        0x0 kernel/kernel_sub.o
 *(.igot.plt)
 .igot.plt      0xc061b000        0x0 kernel/kernel_sub.o

.data           0xc061b000      0xbcc
 *(.data .data.* .gnu.linkonce.d.*)
 .data          0xc061b000        0xf kernel/kernel_sub.o
 *fill*         0xc061b00f        0x1 
 .data          0xc061b010        0xf kernel/kernel.o
 *fill*         0xc061b01f        0x1 
 .data          0xc061b020        0x0 syscall.o
 .data          0xc061b020        0x0 double_link_list.o
 .data          0xc061b020        0x0 kernel_main.o
 .data          0xc061b020        0x0 protect.o
 .data          0xc061b020        0x0 console.o
 .data          0xc061b020        0x0 kernel_main_old.o
 .data          0xc061b020      0x17c global.o
                0xc061b020                user_task_table
                0xc061b0a0                sys_task_table
                0xc061b180                sys_call_table
 *fill*         0xc061b19c        0x4 
 .data          0xc061b1a0      0x600 keyboard.o
                0xc061b1a0                keymap
 .data          0xc061b7a0        0x0 process.o
 .data          0xc061b7a0        0x0 thread.o
 .data          0xc061b7a0        0x0 my_process.o
 .data          0xc061b7a0        0x4 network/skbuff.o
 *fill*         0xc061b7a4       0x1c 
 .data          0xc061b7c0      0x224 network/socket.o
 .data          0xc061b9e4        0x4 network/ip_input.o
 *fill*         0xc061b9e8       0x18 
 .data          0xc061ba00       0x54 network/udp_sock.o
                0xc061ba20                udp_ops
 .data          0xc061ba54        0x4 network/icmpv4.o
 .data          0xc061ba58        0x4 network/netdev.o
 .data          0xc061ba5c        0x8 network/tcp.o
 .data          0xc061ba64        0x4 network/route.o
 .data          0xc061ba68        0x4 network/sock.o
 .data          0xc061ba6c        0x4 network/tcp_output.o
 .data          0xc061ba70       0x14 network/arp.o
 .data          0xc061ba84        0x4 network/dst.o
 *fill*         0xc061ba88       0x18 
 .data          0xc061baa0       0x54 network/tcp_sock.o
                0xc061bac0                tcp_ops
 .data          0xc061baf4        0xc network/ipc.o
 .data          0xc061bb00        0x4 network/ip_output.o
 *fill*         0xc061bb04       0x1c 
 .data          0xc061bb20       0x80 network/inet.o
                0xc061bb28                inet
 .data          0xc061bba0        0x4 network/tcp_input.o
 .data          0xc061bba4        0x4 network/task_network.o
 .data          0xc061bba8        0x8 network/udp.o
 .data          0xc061bbb0        0x4 network/tcp_data.o
 .data          0xc061bbb4        0x4 network/utils.o
 .data          0xc061bbb8        0x0 hd/hd.o
 .data          0xc061bbb8        0x0 fs/fs_main.o
 .data          0xc061bbb8        0x0 mm/forkexit.o
 .data          0xc061bbb8        0x0 mm/exec.o
 .data          0xc061bbb8        0x0 mm/main.o
 .data          0xc061bbb8        0x0 mem/mem.o
 .data          0xc061bbb8        0x0 lib/exec.o
 .data          0xc061bbb8        0x0 lib/fork.o
 .data          0xc061bbb8        0x0 lib/exit.o
 .data          0xc061bbb8        0x0 lib/unlink.o
 .data          0xc061bbb8        0x0 lib/wait.o
 .data          0xc061bbb8        0x4 lib/socket_close.o
 .data          0xc061bbbc        0x4 lib/socket_read.o
 .data          0xc061bbc0        0x0 lib/alloca.o
 .data          0xc061bbc0        0x0 lib/calloc.o
 .data          0xc061bbc0        0x0 lib/floor.o
 .data          0xc061bbc0        0x4 lib/socket_write.o
 .data          0xc061bbc4        0x0 lib/getpid.o
 .data          0xc061bbc4        0x0 lib/stdlib/atoi.o
 .data          0xc061bbc4        0x0 lib/stdlib/strtol.o
 .data          0xc061bbc4        0x0 lib/string/strtok.o
 .data          0xc061bbc4        0x0 lib/string/strcmp.o
 .data          0xc061bbc4        0x0 lib/string/strncmp.o
 .data          0xc061bbc4        0x0 lib/string/strpbrk.o
 .data          0xc061bbc4        0x0 lib/stdio/read.o
 .data          0xc061bbc4        0x0 lib/stdio/perror.o
 .data          0xc061bbc4        0x0 lib/stdio/sscanf.o
 .data          0xc061bbc4        0x0 lib/stdio/open.o
 .data          0xc061bbc4        0x0 lib/stdio/write.o
 .data          0xc061bbc4        0x0 lib/stdio/close.o
 .data          0xc061bbc4        0x4 lib/sys/socket.o
 .data          0xc061bbc8        0x4 lib/sys/connect.o
 .data          0xc061bbcc        0x0 lib/arpa/ntohs.o
 .data          0xc061bbcc        0x0 lib/arpa/htonl.o
 .data          0xc061bbcc        0x0 lib/arpa/htons.o
 .data          0xc061bbcc        0x0 lib/arpa/inet_pton.o
 .data          0xc061bbcc        0x0 lib/arpa/ntohl.o
 .data          0xc061bbcc        0x0 lib/arpa/inet_ntop.o

.data1
 *(.data1)
                0xc061bbcc                        _edata = .
                [!provide]                        PROVIDE (edata = .)
                0xc061bbcc                        . = .
                0xc061bbcc                        __bss_start = .

.bss            0xc061bbe0    0xa5888
 *(.dynbss)
 *(.bss .bss.* .gnu.linkonce.b.*)
 .bss           0xc061bbe0      0x800 kernel/kernel_sub.o
 .bss           0xc061c3e0      0x800 kernel/kernel.o
 .bss           0xc061cbe0        0x0 double_link_list.o
 .bss           0xc061cbe0        0x0 kernel_main.o
 .bss           0xc061cbe0        0x0 protect.o
 .bss           0xc061cbe0        0x0 console.o
 .bss           0xc061cbe0        0x0 kernel_main_old.o
 .bss           0xc061cbe0        0x0 global.o
 .bss           0xc061cbe0        0x0 keyboard.o
 .bss           0xc061cbe0        0x0 process.o
 .bss           0xc061cbe0        0x0 thread.o
 .bss           0xc061cbe0        0x0 my_process.o
 .bss           0xc061cbe0        0x0 network/skbuff.o
 .bss           0xc061cbe0        0x4 network/socket.o
 .bss           0xc061cbe4        0x0 network/ip_input.o
 .bss           0xc061cbe4        0x4 network/udp_sock.o
 .bss           0xc061cbe8        0x0 network/icmpv4.o
 .bss           0xc061cbe8        0x0 network/netdev.o
 .bss           0xc061cbe8        0x0 network/tcp.o
 .bss           0xc061cbe8        0x0 network/route.o
 .bss           0xc061cbe8        0x0 network/sock.o
 .bss           0xc061cbe8        0x0 network/tcp_output.o
 .bss           0xc061cbe8        0x0 network/arp.o
 .bss           0xc061cbe8        0x0 network/dst.o
 .bss           0xc061cbe8        0x0 network/tcp_sock.o
 .bss           0xc061cbe8        0x4 network/ipc.o
 .bss           0xc061cbec        0x0 network/ip_output.o
 .bss           0xc061cbec        0x0 network/inet.o
 .bss           0xc061cbec        0x0 network/tcp_input.o
 .bss           0xc061cbec        0x0 network/task_network.o
 .bss           0xc061cbec        0x0 network/udp.o
 .bss           0xc061cbec        0x0 network/tcp_data.o
 .bss           0xc061cbec        0x0 network/utils.o
 .bss           0xc061cbec        0x0 hd/hd.o
 .bss           0xc061cbec        0x4 fs/fs_main.o
                0xc061cbec                c
 .bss           0xc061cbf0        0x0 mm/forkexit.o
 .bss           0xc061cbf0        0x0 mm/exec.o
 .bss           0xc061cbf0        0x0 mm/main.o
 .bss           0xc061cbf0        0x0 mem/mem.o
 .bss           0xc061cbf0        0x0 lib/exec.o
 .bss           0xc061cbf0        0x0 lib/fork.o
 .bss           0xc061cbf0        0x0 lib/exit.o
 .bss           0xc061cbf0        0x0 lib/unlink.o
 .bss           0xc061cbf0        0x0 lib/wait.o
 .bss           0xc061cbf0        0x0 lib/socket_close.o
 .bss           0xc061cbf0        0x0 lib/socket_read.o
 .bss           0xc061cbf0        0x0 lib/alloca.o
 .bss           0xc061cbf0        0x0 lib/calloc.o
 .bss           0xc061cbf0        0x0 lib/floor.o
 .bss           0xc061cbf0        0x0 lib/socket_write.o
 .bss           0xc061cbf0        0x0 lib/getpid.o
 .bss           0xc061cbf0        0x0 lib/stdlib/atoi.o
 .bss           0xc061cbf0        0x0 lib/stdlib/strtol.o
 .bss           0xc061cbf0        0x4 lib/string/strtok.o
 .bss           0xc061cbf4        0x0 lib/string/strcmp.o
 .bss           0xc061cbf4        0x0 lib/string/strncmp.o
 .bss           0xc061cbf4        0x0 lib/string/strpbrk.o
 .bss           0xc061cbf4        0x0 lib/stdio/read.o
 .bss           0xc061cbf4        0x0 lib/stdio/perror.o
 .bss           0xc061cbf4        0x0 lib/stdio/sscanf.o
 .bss           0xc061cbf4        0x0 lib/stdio/open.o
 .bss           0xc061cbf4        0x0 lib/stdio/write.o
 .bss           0xc061cbf4        0x0 lib/stdio/close.o
 .bss           0xc061cbf4        0x0 lib/sys/socket.o
 .bss           0xc061cbf4        0x0 lib/sys/connect.o
 .bss           0xc061cbf4        0x0 lib/arpa/ntohs.o
 .bss           0xc061cbf4        0x0 lib/arpa/htonl.o
 .bss           0xc061cbf4        0x0 lib/arpa/htons.o
 .bss           0xc061cbf4        0x0 lib/arpa/inet_pton.o
 .bss           0xc061cbf4        0x0 lib/arpa/ntohl.o
 .bss           0xc061cbf4        0x0 lib/arpa/inet_ntop.o
 *(COMMON)
 *fill*         0xc061cbf4        0xc 
 COMMON         0xc061cc00     0x17b8 double_link_list.o
                0xc061cc00                current_tty
                0xc061cc04                is_e0
                0xc061cc08                idt_ptr
                0xc061cc10                pid
                0xc061cc14                KernelVirtualMemory
                0xc061cc20                loop
                0xc061cc24                current_dis_pos
                0xc061cc28                dis_pos
                0xc061cc2c                netdev
                0xc061cc30                k_reenter
                0xc061cc40                gdt
                0xc061d040                proc_ready_table
                0xc061d044                test_ticks
                0xc061d048                pcaller
                0xc061d060                keyboard_buffer
                0xc061d26c                pcb_list
                0xc061d27c                gdt_index
                0xc061d280                tty_table
                0xc061dac0                tss
                0xc061db2c                KernelPool
                0xc061db3c                net_buf
                0xc061db40                nic_current_page
                0xc061db44                counter
                0xc061db48                key_pressed
                0xc061db4c                fork_pid
                0xc061db50                is_shift
                0xc061db51                net_data
                0xc061db54                routes
                0xc061db58                gdt_ptr
                0xc061db60                idt
                0xc061e360                main_thread
                0xc061e368                ticks
                0xc061e370                is_init
                0xc061e374                UserPool
                0xc061e384                all_pcb_list
                0xc061e394                console_table
                0xc061e3a4                is_disp
                0xc061e3a8                MAIN_THREAD_PAGE_DIRECTORY
                0xc061e3ac                helloStr
 *fill*         0xc061e3b8        0x8 
 COMMON         0xc061e3c0    0xa1d40 global.o
                0xc061e3c0                proc_stack
                0xc06be3c0                proc_table
 COMMON         0xc06c0100      0x440 hd/hd.o
                0xc06c0100                hd_info
                0xc06c0340                hd_cache
 COMMON         0xc06c0540      0xe68 fs/fs_main.o
                0xc06c0540                file_desc_table
                0xc06c0940                phy_super_block_buf
                0xc06c0944                phy_fsbuf
                0xc06c0960                inode_table
                0xc06c1360                super_block_buf
                0xc06c1364                fsbuf
                0xc06c1380                root
 *fill*         0xc06c13a8       0x18 
 COMMON         0xc06c13c0       0xa8 mem/mem.o
                0xc06c13c0                kernel_mem_block_decs_array
                0xc06c1468                        . = ALIGN ((. != 0x0)?0x4:0x1)
                0xc06c1468                        . = ALIGN (0x4)
                0xc06c1468                        . = SEGMENT_START ("ldata-segment", .)
                0xc06c1468                        . = ALIGN (0x4)
                0xc06c1468                        _end = .
                [!provide]                        PROVIDE (end = .)
                0xc06c1468                        . = DATA_SEGMENT_END (.)

.stab
 *(.stab)

.stabstr
 *(.stabstr)

.stab.excl
 *(.stab.excl)

.stab.exclstr
 *(.stab.exclstr)

.stab.index
 *(.stab.index)

.stab.indexstr
 *(.stab.indexstr)

.comment        0x00000000       0x2c
 *(.comment)
 .comment       0x00000000       0x2c double_link_list.o
                                 0x2d (size before relaxing)
 .comment       0x0000002c       0x2d kernel_main.o
 .comment       0x0000002c       0x2d protect.o
 .comment       0x0000002c       0x2d console.o
 .comment       0x0000002c       0x2d kernel_main_old.o
 .comment       0x0000002c       0x2d global.o
 .comment       0x0000002c       0x2d keyboard.o
 .comment       0x0000002c       0x2d process.o
 .comment       0x0000002c       0x2d thread.o
 .comment       0x0000002c       0x2d my_process.o
 .comment       0x0000002c       0x2d network/skbuff.o
 .comment       0x0000002c       0x2d network/socket.o
 .comment       0x0000002c       0x2d network/ip_input.o
 .comment       0x0000002c       0x2d network/udp_sock.o
 .comment       0x0000002c       0x2d network/icmpv4.o
 .comment       0x0000002c       0x2d network/netdev.o
 .comment       0x0000002c       0x2d network/tcp.o
 .comment       0x0000002c       0x2d network/route.o
 .comment       0x0000002c       0x2d network/sock.o
 .comment       0x0000002c       0x2d network/tcp_output.o
 .comment       0x0000002c       0x2d network/arp.o
 .comment       0x0000002c       0x2d network/dst.o
 .comment       0x0000002c       0x2d network/tcp_sock.o
 .comment       0x0000002c       0x2d network/ipc.o
 .comment       0x0000002c       0x2d network/ip_output.o
 .comment       0x0000002c       0x2d network/inet.o
 .comment       0x0000002c       0x2d network/tcp_input.o
 .comment       0x0000002c       0x2d network/task_network.o
 .comment       0x0000002c       0x2d network/udp.o
 .comment       0x0000002c       0x2d network/tcp_data.o
 .comment       0x0000002c       0x2d network/utils.o
 .comment       0x0000002c       0x2d hd/hd.o
 .comment       0x0000002c       0x2d fs/fs_main.o
 .comment       0x0000002c       0x2d mm/forkexit.o
 .comment       0x0000002c       0x2d mm/exec.o
 .comment       0x0000002c       0x2d mm/main.o
 .comment       0x0000002c       0x2d mem/mem.o
 .comment       0x0000002c       0x2d lib/exec.o
 .comment       0x0000002c       0x2d lib/fork.o
 .comment       0x0000002c       0x2d lib/exit.o
 .comment       0x0000002c       0x2d lib/unlink.o
 .comment       0x0000002c       0x2d lib/wait.o
 .comment       0x0000002c       0x2d lib/socket_close.o
 .comment       0x0000002c       0x2d lib/socket_read.o
 .comment       0x0000002c       0x2d lib/alloca.o
 .comment       0x0000002c       0x2d lib/calloc.o
 .comment       0x0000002c       0x2d lib/floor.o
 .comment       0x0000002c       0x2d lib/socket_write.o
 .comment       0x0000002c       0x2d lib/getpid.o
 .comment       0x0000002c       0x2d lib/stdlib/atoi.o
 .comment       0x0000002c       0x2d lib/stdlib/strtol.o
 .comment       0x0000002c       0x2d lib/string/strtok.o
 .comment       0x0000002c       0x2d lib/string/strcmp.o
 .comment       0x0000002c       0x2d lib/string/strncmp.o
 .comment       0x0000002c       0x2d lib/string/strpbrk.o
 .comment       0x0000002c       0x2d lib/stdio/read.o
 .comment       0x0000002c       0x2d lib/stdio/perror.o
 .comment       0x0000002c       0x2d lib/stdio/sscanf.o
 .comment       0x0000002c       0x2d lib/stdio/open.o
 .comment       0x0000002c       0x2d lib/stdio/write.o
 .comment       0x0000002c       0x2d lib/stdio/close.o
 .comment       0x0000002c       0x2d lib/sys/socket.o
 .comment       0x0000002c       0x2d lib/sys/connect.o
 .comment       0x0000002c       0x2d lib/arpa/ntohs.o
 .comment       0x0000002c       0x2d lib/arpa/htonl.o
 .comment       0x0000002c       0x2d lib/arpa/htons.o
 .comment       0x0000002c       0x2d lib/arpa/inet_pton.o
 .comment       0x0000002c       0x2d lib/arpa/ntohl.o
 .comment       0x0000002c       0x2d lib/arpa/inet_ntop.o

.gnu.build.attributes
 *(.gnu.build.attributes .gnu.build.attributes.*)

.debug
 *(.debug)

.line
 *(.line)

.debug_srcinfo
 *(.debug_srcinfo)

.debug_sfnames
 *(.debug_sfnames)

.debug_aranges  0x00000000      0x898
 *(.debug_aranges)
 .debug_aranges
                0x00000000       0x20 double_link_list.o
 .debug_aranges
                0x00000020       0x20 kernel_main.o
 .debug_aranges
                0x00000040       0x20 protect.o
 .debug_aranges
                0x00000060       0x20 console.o
 .debug_aranges
                0x00000080       0x20 kernel_main_old.o
 .debug_aranges
                0x000000a0       0x18 global.o
 .debug_aranges
                0x000000b8       0x20 keyboard.o
 .debug_aranges
                0x000000d8       0x20 process.o
 .debug_aranges
                0x000000f8       0x20 thread.o
 .debug_aranges
                0x00000118       0x20 my_process.o
 .debug_aranges
                0x00000138       0x20 network/skbuff.o
 .debug_aranges
                0x00000158       0x20 network/socket.o
 .debug_aranges
                0x00000178       0x20 network/ip_input.o
 .debug_aranges
                0x00000198       0x20 network/udp_sock.o
 .debug_aranges
                0x000001b8       0x20 network/icmpv4.o
 .debug_aranges
                0x000001d8       0x20 network/netdev.o
 .debug_aranges
                0x000001f8       0x20 network/tcp.o
 .debug_aranges
                0x00000218       0x20 network/route.o
 .debug_aranges
                0x00000238       0x20 network/sock.o
 .debug_aranges
                0x00000258       0x20 network/tcp_output.o
 .debug_aranges
                0x00000278       0x20 network/arp.o
 .debug_aranges
                0x00000298       0x20 network/dst.o
 .debug_aranges
                0x000002b8       0x20 network/tcp_sock.o
 .debug_aranges
                0x000002d8       0x20 network/ipc.o
 .debug_aranges
                0x000002f8       0x20 network/ip_output.o
 .debug_aranges
                0x00000318       0x20 network/inet.o
 .debug_aranges
                0x00000338       0x20 network/tcp_input.o
 .debug_aranges
                0x00000358       0x20 network/task_network.o
 .debug_aranges
                0x00000378       0x20 network/udp.o
 .debug_aranges
                0x00000398       0x20 network/tcp_data.o
 .debug_aranges
                0x000003b8       0x20 network/utils.o
 .debug_aranges
                0x000003d8       0x20 hd/hd.o
 .debug_aranges
                0x000003f8       0x20 fs/fs_main.o
 .debug_aranges
                0x00000418       0x20 mm/forkexit.o
 .debug_aranges
                0x00000438       0x20 mm/exec.o
 .debug_aranges
                0x00000458       0x20 mm/main.o
 .debug_aranges
                0x00000478       0x20 mem/mem.o
 .debug_aranges
                0x00000498       0x20 lib/exec.o
 .debug_aranges
                0x000004b8       0x20 lib/fork.o
 .debug_aranges
                0x000004d8       0x20 lib/exit.o
 .debug_aranges
                0x000004f8       0x20 lib/unlink.o
 .debug_aranges
                0x00000518       0x20 lib/wait.o
 .debug_aranges
                0x00000538       0x20 lib/socket_close.o
 .debug_aranges
                0x00000558       0x20 lib/socket_read.o
 .debug_aranges
                0x00000578       0x20 lib/alloca.o
 .debug_aranges
                0x00000598       0x20 lib/calloc.o
 .debug_aranges
                0x000005b8       0x20 lib/floor.o
 .debug_aranges
                0x000005d8       0x20 lib/socket_write.o
 .debug_aranges
                0x000005f8       0x20 lib/getpid.o
 .debug_aranges
                0x00000618       0x20 lib/stdlib/atoi.o
 .debug_aranges
                0x00000638       0x20 lib/stdlib/strtol.o
 .debug_aranges
                0x00000658       0x20 lib/string/strtok.o
 .debug_aranges
                0x00000678       0x20 lib/string/strcmp.o
 .debug_aranges
                0x00000698       0x20 lib/string/strncmp.o
 .debug_aranges
                0x000006b8       0x20 lib/string/strpbrk.o
 .debug_aranges
                0x000006d8       0x20 lib/stdio/read.o
 .debug_aranges
                0x000006f8       0x20 lib/stdio/perror.o
 .debug_aranges
                0x00000718       0x20 lib/stdio/sscanf.o
 .debug_aranges
                0x00000738       0x20 lib/stdio/open.o
 .debug_aranges
                0x00000758       0x20 lib/stdio/write.o
 .debug_aranges
                0x00000778       0x20 lib/stdio/close.o
 .debug_aranges
                0x00000798       0x20 lib/sys/socket.o
 .debug_aranges
                0x000007b8       0x20 lib/sys/connect.o
 .debug_aranges
                0x000007d8       0x20 lib/arpa/ntohs.o
 .debug_aranges
                0x000007f8       0x20 lib/arpa/htonl.o
 .debug_aranges
                0x00000818       0x20 lib/arpa/htons.o
 .debug_aranges
                0x00000838       0x20 lib/arpa/inet_pton.o
 .debug_aranges
                0x00000858       0x20 lib/arpa/ntohl.o
 .debug_aranges
                0x00000878       0x20 lib/arpa/inet_ntop.o

.debug_pubnames
 *(.debug_pubnames)

.debug_info     0x00000000    0x46621
 *(.debug_info .gnu.linkonce.wi.*)
 .debug_info    0x00000000     0x10b1 double_link_list.o
 .debug_info    0x000010b1     0x11c4 kernel_main.o
 .debug_info    0x00002275     0x1224 protect.o
 .debug_info    0x00003499     0x12f9 console.o
 .debug_info    0x00004792     0x28ca kernel_main_old.o
 .debug_info    0x0000705c      0xef9 global.o
 .debug_info    0x00007f55     0x104d keyboard.o
 .debug_info    0x00008fa2      0xfd1 process.o
 .debug_info    0x00009f73     0x10d8 thread.o
 .debug_info    0x0000b04b     0x150c my_process.o
 .debug_info    0x0000c557     0x11cc network/skbuff.o
 .debug_info    0x0000d723     0x1c35 network/socket.o
 .debug_info    0x0000f358     0x1ae1 network/ip_input.o
 .debug_info    0x00010e39     0x1f13 network/udp_sock.o
 .debug_info    0x00012d4c     0x193f network/icmpv4.o
 .debug_info    0x0001468b     0x1948 network/netdev.o
 .debug_info    0x00015fd3     0x1e44 network/tcp.o
 .debug_info    0x00017e17     0x1390 network/route.o
 .debug_info    0x000191a7     0x1896 network/sock.o
 .debug_info    0x0001aa3d     0x235f network/tcp_output.o
 .debug_info    0x0001cd9c     0x19b6 network/arp.o
 .debug_info    0x0001e752     0x1285 network/dst.o
 .debug_info    0x0001f9d7     0x2235 network/tcp_sock.o
 .debug_info    0x00021c0c     0x1dac network/ipc.o
 .debug_info    0x000239b8     0x177b network/ip_output.o
 .debug_info    0x00025133     0x1a9a network/inet.o
 .debug_info    0x00026bcd     0x2147 network/tcp_input.o
 .debug_info    0x00028d14     0x112b network/task_network.o
 .debug_info    0x00029e3f     0x1b44 network/udp.o
 .debug_info    0x0002b983     0x1dad network/tcp_data.o
 .debug_info    0x0002d730      0x367 network/utils.o
 .debug_info    0x0002da97     0x1868 hd/hd.o
 .debug_info    0x0002f2ff     0x1faa fs/fs_main.o
 .debug_info    0x000312a9     0x100d mm/forkexit.o
 .debug_info    0x000322b6     0x1249 mm/exec.o
 .debug_info    0x000334ff      0xe3b mm/main.o
 .debug_info    0x0003433a     0x1dcd mem/mem.o
 .debug_info    0x00036107      0xfaf lib/exec.o
 .debug_info    0x000370b6      0xe17 lib/fork.o
 .debug_info    0x00037ecd      0xe22 lib/exit.o
 .debug_info    0x00038cef      0xf00 lib/unlink.o
 .debug_info    0x00039bef      0xe30 lib/wait.o
 .debug_info    0x0003aa1f     0x1043 lib/socket_close.o
 .debug_info    0x0003ba62     0x114b lib/socket_read.o
 .debug_info    0x0003cbad       0xb6 lib/alloca.o
 .debug_info    0x0003cc63      0xf28 lib/calloc.o
 .debug_info    0x0003db8b       0x6b lib/floor.o
 .debug_info    0x0003dbf6     0x11f3 lib/socket_write.o
 .debug_info    0x0003ede9      0xe17 lib/getpid.o
 .debug_info    0x0003fc00       0xc9 lib/stdlib/atoi.o
 .debug_info    0x0003fcc9       0xd6 lib/stdlib/strtol.o
 .debug_info    0x0003fd9f       0xae lib/string/strtok.o
 .debug_info    0x0003fe4d       0xc1 lib/string/strcmp.o
 .debug_info    0x0003ff0e      0x110 lib/string/strncmp.o
 .debug_info    0x0004001e       0xcf lib/string/strpbrk.o
 .debug_info    0x000400ed      0xea1 lib/stdio/read.o
 .debug_info    0x00040f8e       0x5c lib/stdio/perror.o
 .debug_info    0x00040fea      0x202 lib/stdio/sscanf.o
 .debug_info    0x000411ec      0xe02 lib/stdio/open.o
 .debug_info    0x00041fee      0xe9e lib/stdio/write.o
 .debug_info    0x00042e8c      0xdb6 lib/stdio/close.o
 .debug_info    0x00043c42     0x1130 lib/sys/socket.o
 .debug_info    0x00044d72     0x11df lib/sys/connect.o
 .debug_info    0x00045f51       0xa8 lib/arpa/ntohs.o
 .debug_info    0x00045ff9       0xcb lib/arpa/htonl.o
 .debug_info    0x000460c4       0xa8 lib/arpa/htons.o
 .debug_info    0x0004616c      0x260 lib/arpa/inet_pton.o
 .debug_info    0x000463cc       0xcb lib/arpa/ntohl.o
 .debug_info    0x00046497      0x18a lib/arpa/inet_ntop.o

.debug_abbrev   0x00000000     0x85b8
 *(.debug_abbrev)
 .debug_abbrev  0x00000000      0x216 double_link_list.o
 .debug_abbrev  0x00000216      0x25e kernel_main.o
 .debug_abbrev  0x00000474      0x227 protect.o
 .debug_abbrev  0x0000069b      0x2ac console.o
 .debug_abbrev  0x00000947      0x43a kernel_main_old.o
 .debug_abbrev  0x00000d81      0x157 global.o
 .debug_abbrev  0x00000ed8      0x1fb keyboard.o
 .debug_abbrev  0x000010d3      0x1e0 process.o
 .debug_abbrev  0x000012b3      0x222 thread.o
 .debug_abbrev  0x000014d5      0x260 my_process.o
 .debug_abbrev  0x00001735      0x23f network/skbuff.o
 .debug_abbrev  0x00001974      0x327 network/socket.o
 .debug_abbrev  0x00001c9b      0x2d1 network/ip_input.o
 .debug_abbrev  0x00001f6c      0x3b1 network/udp_sock.o
 .debug_abbrev  0x0000231d      0x236 network/icmpv4.o
 .debug_abbrev  0x00002553      0x336 network/netdev.o
 .debug_abbrev  0x00002889      0x332 network/tcp.o
 .debug_abbrev  0x00002bbb      0x263 network/route.o
 .debug_abbrev  0x00002e1e      0x273 network/sock.o
 .debug_abbrev  0x00003091      0x39b network/tcp_output.o
 .debug_abbrev  0x0000342c      0x345 network/arp.o
 .debug_abbrev  0x00003771      0x23a network/dst.o
 .debug_abbrev  0x000039ab      0x3e6 network/tcp_sock.o
 .debug_abbrev  0x00003d91      0x311 network/ipc.o
 .debug_abbrev  0x000040a2      0x213 network/ip_output.o
 .debug_abbrev  0x000042b5      0x24b network/inet.o
 .debug_abbrev  0x00004500      0x355 network/tcp_input.o
 .debug_abbrev  0x00004855      0x1cf network/task_network.o
 .debug_abbrev  0x00004a24      0x2d3 network/udp.o
 .debug_abbrev  0x00004cf7      0x2a6 network/tcp_data.o
 .debug_abbrev  0x00004f9d      0x17a network/utils.o
 .debug_abbrev  0x00005117      0x2e3 hd/hd.o
 .debug_abbrev  0x000053fa      0x2f8 fs/fs_main.o
 .debug_abbrev  0x000056f2      0x204 mm/forkexit.o
 .debug_abbrev  0x000058f6      0x1c4 mm/exec.o
 .debug_abbrev  0x00005aba      0x208 mm/main.o
 .debug_abbrev  0x00005cc2      0x330 mem/mem.o
 .debug_abbrev  0x00005ff2      0x1e8 lib/exec.o
 .debug_abbrev  0x000061da      0x18a lib/fork.o
 .debug_abbrev  0x00006364      0x19b lib/exit.o
 .debug_abbrev  0x000064ff      0x193 lib/unlink.o
 .debug_abbrev  0x00006692      0x19f lib/wait.o
 .debug_abbrev  0x00006831      0x1b0 lib/socket_close.o
 .debug_abbrev  0x000069e1      0x1dd lib/socket_read.o
 .debug_abbrev  0x00006bbe       0xcd lib/alloca.o
 .debug_abbrev  0x00006c8b      0x191 lib/calloc.o
 .debug_abbrev  0x00006e1c       0x6a lib/floor.o
 .debug_abbrev  0x00006e86      0x1e2 lib/socket_write.o
 .debug_abbrev  0x00007068      0x18a lib/getpid.o
 .debug_abbrev  0x000071f2       0x94 lib/stdlib/atoi.o
 .debug_abbrev  0x00007286       0x8b lib/stdlib/strtol.o
 .debug_abbrev  0x00007311       0x91 lib/string/strtok.o
 .debug_abbrev  0x000073a2       0x94 lib/string/strcmp.o
 .debug_abbrev  0x00007436       0xbe lib/string/strncmp.o
 .debug_abbrev  0x000074f4       0xa5 lib/string/strpbrk.o
 .debug_abbrev  0x00007599      0x1ef lib/stdio/read.o
 .debug_abbrev  0x00007788       0x5c lib/stdio/perror.o
 .debug_abbrev  0x000077e4       0xca lib/stdio/sscanf.o
 .debug_abbrev  0x000078ae      0x1c5 lib/stdio/open.o
 .debug_abbrev  0x00007a73      0x1db lib/stdio/write.o
 .debug_abbrev  0x00007c4e      0x19d lib/stdio/close.o
 .debug_abbrev  0x00007deb      0x1cc lib/sys/socket.o
 .debug_abbrev  0x00007fb7      0x1d3 lib/sys/connect.o
 .debug_abbrev  0x0000818a       0x6c lib/arpa/ntohs.o
 .debug_abbrev  0x000081f6       0xa5 lib/arpa/htonl.o
 .debug_abbrev  0x0000829b       0x6c lib/arpa/htons.o
 .debug_abbrev  0x00008307      0x116 lib/arpa/inet_pton.o
 .debug_abbrev  0x0000841d       0xa5 lib/arpa/ntohl.o
 .debug_abbrev  0x000084c2       0xf6 lib/arpa/inet_ntop.o

.debug_line     0x00000000     0xab06
 *(.debug_line .debug_line.* .debug_line_end)
 .debug_line    0x00000000      0x235 double_link_list.o
 .debug_line    0x00000235      0x26e kernel_main.o
 .debug_line    0x000004a3      0x21d protect.o
 .debug_line    0x000006c0      0x56c console.o
 .debug_line    0x00000c2c      0xe38 kernel_main_old.o
 .debug_line    0x00001a64       0xb3 global.o
 .debug_line    0x00001b17      0x2b4 keyboard.o
 .debug_line    0x00001dcb      0x1dc process.o
 .debug_line    0x00001fa7      0x163 thread.o
 .debug_line    0x0000210a      0x359 my_process.o
 .debug_line    0x00002463      0x1ab network/skbuff.o
 .debug_line    0x0000260e      0x3c8 network/socket.o
 .debug_line    0x000029d6      0x28e network/ip_input.o
 .debug_line    0x00002c64      0x4c8 network/udp_sock.o
 .debug_line    0x0000312c      0x232 network/icmpv4.o
 .debug_line    0x0000335e      0x4b2 network/netdev.o
 .debug_line    0x00003810      0x30d network/tcp.o
 .debug_line    0x00003b1d      0x2a9 network/route.o
 .debug_line    0x00003dc6      0x238 network/sock.o
 .debug_line    0x00003ffe      0x5a1 network/tcp_output.o
 .debug_line    0x0000459f      0x587 network/arp.o
 .debug_line    0x00004b26      0x1af network/dst.o
 .debug_line    0x00004cd5      0x599 network/tcp_sock.o
 .debug_line    0x0000526e      0x61e network/ipc.o
 .debug_line    0x0000588c      0x20b network/ip_output.o
 .debug_line    0x00005a97      0x326 network/inet.o
 .debug_line    0x00005dbd      0x671 network/tcp_input.o
 .debug_line    0x0000642e      0x200 network/task_network.o
 .debug_line    0x0000662e      0x302 network/udp.o
 .debug_line    0x00006930      0x3ff network/tcp_data.o
 .debug_line    0x00006d2f      0x13c network/utils.o
 .debug_line    0x00006e6b      0x64d hd/hd.o
 .debug_line    0x000074b8      0xc43 fs/fs_main.o
 .debug_line    0x000080fb      0x192 mm/forkexit.o
 .debug_line    0x0000828d      0x22a mm/exec.o
 .debug_line    0x000084b7      0x10a mm/main.o
 .debug_line    0x000085c1      0x78e mem/mem.o
 .debug_line    0x00008d4f      0x1a9 lib/exec.o
 .debug_line    0x00008ef8       0xc3 lib/fork.o
 .debug_line    0x00008fbb       0xbe lib/exit.o
 .debug_line    0x00009079       0xde lib/unlink.o
 .debug_line    0x00009157       0xd5 lib/wait.o
 .debug_line    0x0000922c      0x151 lib/socket_close.o
 .debug_line    0x0000937d      0x192 lib/socket_read.o
 .debug_line    0x0000950f       0x5f lib/alloca.o
 .debug_line    0x0000956e       0xf9 lib/calloc.o
 .debug_line    0x00009667       0x5a lib/floor.o
 .debug_line    0x000096c1      0x1b4 lib/socket_write.o
 .debug_line    0x00009875       0xbe lib/getpid.o
 .debug_line    0x00009933       0xad lib/stdlib/atoi.o
 .debug_line    0x000099e0       0xbb lib/stdlib/strtol.o
 .debug_line    0x00009a9b       0x6e lib/string/strtok.o
 .debug_line    0x00009b09       0x9c lib/string/strcmp.o
 .debug_line    0x00009ba5       0xcc lib/string/strncmp.o
 .debug_line    0x00009c71       0xb0 lib/string/strpbrk.o
 .debug_line    0x00009d21      0x15b lib/stdio/read.o
 .debug_line    0x00009e7c       0x48 lib/stdio/perror.o
 .debug_line    0x00009ec4      0x220 lib/stdio/sscanf.o
 .debug_line    0x0000a0e4       0xc3 lib/stdio/open.o
 .debug_line    0x0000a1a7       0xe0 lib/stdio/write.o
 .debug_line    0x0000a287       0xb3 lib/stdio/close.o
 .debug_line    0x0000a33a      0x194 lib/sys/socket.o
 .debug_line    0x0000a4ce      0x1a0 lib/sys/connect.o
 .debug_line    0x0000a66e       0x6c lib/arpa/ntohs.o
 .debug_line    0x0000a6da       0xc1 lib/arpa/htonl.o
 .debug_line    0x0000a79b       0x6c lib/arpa/htons.o
 .debug_line    0x0000a807      0x167 lib/arpa/inet_pton.o
 .debug_line    0x0000a96e       0xc1 lib/arpa/ntohl.o
 .debug_line    0x0000aa2f       0xd7 lib/arpa/inet_ntop.o

.debug_frame
 *(.debug_frame)

.debug_str      0x00000000     0x38f6
 *(.debug_str)
 .debug_str     0x00000000     0x38f6 double_link_list.o
                                0x6fa (size before relaxing)
 .debug_str     0x000038f6      0x771 kernel_main.o
 .debug_str     0x000038f6      0x783 protect.o
 .debug_str     0x000038f6      0x777 console.o
 .debug_str     0x000038f6      0xba3 kernel_main_old.o
 .debug_str     0x000038f6      0x628 global.o
 .debug_str     0x000038f6      0x6b4 keyboard.o
 .debug_str     0x000038f6      0x662 process.o
 .debug_str     0x000038f6      0x72f thread.o
 .debug_str     0x000038f6      0x916 my_process.o
 .debug_str     0x000038f6      0x71a network/skbuff.o
 .debug_str     0x000038f6      0x946 network/socket.o
 .debug_str     0x000038f6      0x9a2 network/ip_input.o
 .debug_str     0x000038f6      0xa78 network/udp_sock.o
 .debug_str     0x000038f6      0x921 network/icmpv4.o
 .debug_str     0x000038f6      0x92f network/netdev.o
 .debug_str     0x000038f6      0xb34 network/tcp.o
 .debug_str     0x000038f6      0x7ce network/route.o
 .debug_str     0x000038f6      0x8bd network/sock.o
 .debug_str     0x000038f6      0xc24 network/tcp_output.o
 .debug_str     0x000038f6      0x92d network/arp.o
 .debug_str     0x000038f6      0x735 network/dst.o
 .debug_str     0x000038f6      0xcc7 network/tcp_sock.o
 .debug_str     0x000038f6      0x94c network/ipc.o
 .debug_str     0x000038f6      0x85d network/ip_output.o
 .debug_str     0x000038f6      0x905 network/inet.o
 .debug_str     0x000038f6      0xb94 network/tcp_input.o
 .debug_str     0x000038f6      0x6d7 network/task_network.o
 .debug_str     0x000038f6      0x954 network/udp.o
 .debug_str     0x000038f6      0xa50 network/tcp_data.o
 .debug_str     0x000038f6      0x1b8 network/utils.o
 .debug_str     0x000038f6      0x931 hd/hd.o
 .debug_str     0x000038f6      0xb12 fs/fs_main.o
 .debug_str     0x000038f6      0x62f mm/forkexit.o
 .debug_str     0x000038f6      0x885 mm/exec.o
 .debug_str     0x000038f6      0x5b0 mm/main.o
 .debug_str     0x000038f6      0xad6 mem/mem.o
 .debug_str     0x000038f6      0x644 lib/exec.o
 .debug_str     0x000038f6      0x5b6 lib/fork.o
 .debug_str     0x000038f6      0x5bd lib/exit.o
 .debug_str     0x000038f6      0x63c lib/unlink.o
 .debug_str     0x000038f6      0x5bd lib/wait.o
 .debug_str     0x000038f6      0x6db lib/socket_close.o
 .debug_str     0x000038f6      0x752 lib/socket_read.o
 .debug_str     0x000038f6       0xce lib/alloca.o
 .debug_str     0x000038f6      0x649 lib/calloc.o
 .debug_str     0x000038f6       0xa2 lib/floor.o
 .debug_str     0x000038f6      0x79b lib/socket_write.o
 .debug_str     0x000038f6      0x5ba lib/getpid.o
 .debug_str     0x000038f6       0xad lib/stdlib/atoi.o
 .debug_str     0x000038f6       0xc6 lib/stdlib/strtol.o
 .debug_str     0x000038f6       0xb9 lib/string/strtok.o
 .debug_str     0x000038f6       0xb1 lib/string/strcmp.o
 .debug_str     0x000038f6       0xba lib/string/strncmp.o
 .debug_str     0x000038f6       0xc1 lib/string/strpbrk.o
 .debug_str     0x000038f6      0x617 lib/stdio/read.o
 .debug_str     0x000038f6       0x99 lib/stdio/perror.o
 .debug_str     0x000038f6      0x109 lib/stdio/sscanf.o
 .debug_str     0x000038f6      0x5de lib/stdio/open.o
 .debug_str     0x000038f6      0x5f3 lib/stdio/write.o
 .debug_str     0x000038f6      0x5a6 lib/stdio/close.o
 .debug_str     0x000038f6      0x72b lib/sys/socket.o
 .debug_str     0x000038f6      0x792 lib/sys/connect.o
 .debug_str     0x000038f6      0x101 lib/arpa/ntohs.o
 .debug_str     0x000038f6       0xf4 lib/arpa/htonl.o
 .debug_str     0x000038f6      0x102 lib/arpa/htons.o
 .debug_str     0x000038f6      0x14c lib/arpa/inet_pton.o
 .debug_str     0x000038f6       0xf3 lib/arpa/ntohl.o
 .debug_str     0x000038f6      0x10f lib/arpa/inet_ntop.o

.debug_loc
 *(.debug_loc)

.debug_macinfo
 *(.debug_macinfo)

.debug_weaknames
 *(.debug_weaknames)

.debug_funcnames
 *(.debug_funcnames)

.debug_typenames
 *(.debug_typenames)

.debug_varnames
 *(.debug_varnames)

.debug_pubtypes
 *(.debug_pubtypes)

.debug_ranges   0x00000000       0x90
 *(.debug_ranges)
 .debug_ranges  0x00000000       0x30 kernel_main_old.o
 .debug_ranges  0x00000030       0x48 hd/hd.o
 .debug_ranges  0x00000078       0x18 mm/exec.o

.debug_addr
 *(.debug_addr)

.debug_line_str
 *(.debug_line_str)

.debug_loclists
 *(.debug_loclists)

.debug_macro
 *(.debug_macro)

.debug_names
 *(.debug_names)

.debug_rnglists
 *(.debug_rnglists)

.debug_str_offsets
 *(.debug_str_offsets)

.debug_sup
 *(.debug_sup)

.gnu.attributes
 *(.gnu.attributes)

/DISCARD/
 *(.note.GNU-stack)
 *(.gnu_debuglink)
 *(.gnu.lto_*)
OUTPUT(kernel.bin elf32-i386)
