
Merging program properties

Removed property 0xc0010001 to merge double_link_list.o (0x1) and kernel/kernel_sub.o (not found)
Removed property 0xc0010002 to merge double_link_list.o (0x0) and kernel/kernel_sub.o (not found)
Removed property 0xc0010001 to merge double_link_list.o (not found) and global.o (0x1)
Removed property 0xc0010002 to merge double_link_list.o (not found) and global.o (0x0)
Removed property 0xc0010001 to merge double_link_list.o (not found) and kernel_main_old.o (0x1)
Removed property 0xc0010002 to merge double_link_list.o (not found) and kernel_main_old.o (0x1)
Removed property 0xc0010001 to merge double_link_list.o (not found) and kernel_main.o (0x1)
Removed property 0xc0010002 to merge double_link_list.o (not found) and kernel_main.o (0x0)
Removed property 0xc0010001 to merge double_link_list.o (not found) and protect.o (0x1)
Removed property 0xc0010002 to merge double_link_list.o (not found) and protect.o (0x0)
Removed property 0xc0010001 to merge double_link_list.o (not found) and console.o (0x1)
Removed property 0xc0010002 to merge double_link_list.o (not found) and console.o (0x1)
Removed property 0xc0010001 to merge double_link_list.o (not found) and process.o (0x1)
Removed property 0xc0010002 to merge double_link_list.o (not found) and process.o (0x0)
Removed property 0xc0010001 to merge double_link_list.o (not found) and keyboard.o (0x1)
Removed property 0xc0010002 to merge double_link_list.o (not found) and keyboard.o (0x0)
Removed property 0xc0010001 to merge double_link_list.o (not found) and thread.o (0x1)
Removed property 0xc0010002 to merge double_link_list.o (not found) and thread.o (0x0)
Removed property 0xc0010001 to merge double_link_list.o (not found) and my_process.o (0x1)
Removed property 0xc0010002 to merge double_link_list.o (not found) and my_process.o (0x1)
Removed property 0xc0010001 to merge double_link_list.o (not found) and network/skbuff.o (0x1)
Removed property 0xc0010002 to merge double_link_list.o (not found) and network/skbuff.o (0x0)
Removed property 0xc0010001 to merge double_link_list.o (not found) and network/socket.o (0x1)
Removed property 0xc0010002 to merge double_link_list.o (not found) and network/socket.o (0x0)
Removed property 0xc0010001 to merge double_link_list.o (not found) and network/ip_input.o (0x1)
Removed property 0xc0010002 to merge double_link_list.o (not found) and network/ip_input.o (0x0)
Removed property 0xc0010001 to merge double_link_list.o (not found) and network/udp_sock.o (0x1)
Removed property 0xc0010002 to merge double_link_list.o (not found) and network/udp_sock.o (0x0)
Removed property 0xc0010001 to merge double_link_list.o (not found) and network/icmpv4.o (0x1)
Removed property 0xc0010002 to merge double_link_list.o (not found) and network/icmpv4.o (0x0)
Removed property 0xc0010001 to merge double_link_list.o (not found) and network/ip_output.o (0x1)
Removed property 0xc0010002 to merge double_link_list.o (not found) and network/ip_output.o (0x0)
Removed property 0xc0010001 to merge double_link_list.o (not found) and network/tcp.o (0x1)
Removed property 0xc0010002 to merge double_link_list.o (not found) and network/tcp.o (0x0)
Removed property 0xc0010001 to merge double_link_list.o (not found) and network/route.o (0x1)
Removed property 0xc0010002 to merge double_link_list.o (not found) and network/route.o (0x0)
Removed property 0xc0010001 to merge double_link_list.o (not found) and network/sock.o (0x1)
Removed property 0xc0010002 to merge double_link_list.o (not found) and network/sock.o (0x0)
Removed property 0xc0010001 to merge double_link_list.o (not found) and network/tcp_output.o (0x1)
Removed property 0xc0010002 to merge double_link_list.o (not found) and network/tcp_output.o (0x1)
Removed property 0xc0010001 to merge double_link_list.o (not found) and network/arp.o (0x1)
Removed property 0xc0010002 to merge double_link_list.o (not found) and network/arp.o (0x0)
Removed property 0xc0010001 to merge double_link_list.o (not found) and network/tcp_sock.o (0x1)
Removed property 0xc0010002 to merge double_link_list.o (not found) and network/tcp_sock.o (0x0)
Removed property 0xc0010001 to merge double_link_list.o (not found) and network/ipc.o (0x1)
Removed property 0xc0010002 to merge double_link_list.o (not found) and network/ipc.o (0x1)
Removed property 0xc0010001 to merge double_link_list.o (not found) and network/inet.o (0x1)
Removed property 0xc0010002 to merge double_link_list.o (not found) and network/inet.o (0x0)
Removed property 0xc0010001 to merge double_link_list.o (not found) and network/dst.o (0x1)
Removed property 0xc0010002 to merge double_link_list.o (not found) and network/dst.o (0x0)
Removed property 0xc0010001 to merge double_link_list.o (not found) and network/tcp_input.o (0x1)
Removed property 0xc0010002 to merge double_link_list.o (not found) and network/tcp_input.o (0x0)
Removed property 0xc0010001 to merge double_link_list.o (not found) and network/task_network.o (0x1)
[...]
Memory Configuration

Name             Origin             Length             Attributes
*default*        0x00000000         0xffffffff

Linker script and memory map

Address of section .text set to 0xc0600000
LOAD kernel/kernel_sub.o
LOAD kernel/kernel.o
LOAD switch_to.o
LOAD string.o
LOAD syscall.o
LOAD hd/hd_rdwt.o
LOAD network/ne2000.o
LOAD double_link_list.o
LOAD global.o
LOAD kernel_main_old.o
LOAD kernel_main.o
LOAD protect.o
LOAD console.o
LOAD process.o
LOAD keyboard.o
LOAD thread.o
LOAD my_process.o
LOAD network/skbuff.o
LOAD network/socket.o
LOAD network/ip_input.o
LOAD network/udp_sock.o
LOAD network/icmpv4.o
LOAD network/ip_output.o
LOAD network/tcp.o
LOAD network/route.o
LOAD network/sock.o
LOAD network/tcp_output.o
LOAD network/arp.o
LOAD network/tcp_sock.o
LOAD network/ipc.o
LOAD network/inet.o
LOAD network/dst.o
LOAD network/tcp_input.o
LOAD network/task_network.o
LOAD network/netdev.o
LOAD network/udp.o
LOAD network/tcp_data.o
LOAD network/utils.o
LOAD hd/hd.o
LOAD fs/fs_main.o
LOAD mm/forkexit.o
LOAD mm/exec.o
LOAD mm/main.o
LOAD mem/mem.o
LOAD lib/exec.o
LOAD lib/fork.o
LOAD lib/exit.o
LOAD lib/unlink.o
LOAD lib/wait.o
LOAD lib/socket_close.o
LOAD lib/socket_read.o
LOAD lib/alloca.o
LOAD lib/calloc.o
LOAD lib/floor.o
LOAD lib/socket_write.o
LOAD lib/getpid.o
LOAD lib/stdlib/atoi.o
LOAD lib/stdlib/strtol.o
LOAD lib/string/strtok.o
LOAD lib/string/strcmp.o
LOAD lib/string/strncmp.o
LOAD lib/string/strpbrk.o
LOAD lib/stdio/read.o
LOAD lib/stdio/perror.o
LOAD lib/stdio/sscanf.o
LOAD lib/stdio/open.o
LOAD lib/stdio/write.o
LOAD lib/stdio/close.o
LOAD lib/sys/socket.o
LOAD lib/sys/connect.o
LOAD lib/arpa/ntohs.o
LOAD lib/arpa/htonl.o
LOAD lib/arpa/htons.o
LOAD lib/arpa/inet_pton.o
LOAD lib/arpa/ntohl.o
LOAD lib/arpa/inet_ntop.o
                [!provide]                        PROVIDE (__executable_start = SEGMENT_START ("text-segment", 0x8048000))
                0x080480d4                        . = (SEGMENT_START ("text-segment", 0x8048000) + SIZEOF_HEADERS)

.interp
 *(.interp)

.note.gnu.build-id
 *(.note.gnu.build-id)

.hash
 *(.hash)

.gnu.hash
 *(.gnu.hash)

.dynsym
 *(.dynsym)

.dynstr
 *(.dynstr)

.gnu.version
 *(.gnu.version)

.gnu.version_d
 *(.gnu.version_d)

.gnu.version_r
 *(.gnu.version_r)

.rel.dyn        0x080480d4        0x0
 *(.rel.init)
 *(.rel.text .rel.text.* .rel.gnu.linkonce.t.*)
 .rel.text      0x080480d4        0x0 kernel/kernel_sub.o
 *(.rel.fini)
 *(.rel.rodata .rel.rodata.* .rel.gnu.linkonce.r.*)
 *(.rel.data.rel.ro .rel.data.rel.ro.* .rel.gnu.linkonce.d.rel.ro.*)
 *(.rel.data .rel.data.* .rel.gnu.linkonce.d.*)
 *(.rel.tdata .rel.tdata.* .rel.gnu.linkonce.td.*)
 *(.rel.tbss .rel.tbss.* .rel.gnu.linkonce.tb.*)
 *(.rel.ctors)
 *(.rel.dtors)
 *(.rel.got)
 .rel.got       0x080480d4        0x0 kernel/kernel_sub.o
 *(.rel.bss .rel.bss.* .rel.gnu.linkonce.b.*)
 *(.rel.ifunc)

.rel.plt        0x080480d4        0x0
 *(.rel.plt)
                [!provide]                        PROVIDE (__rel_iplt_start = .)
 *(.rel.iplt)
 .rel.iplt      0x080480d4        0x0 kernel/kernel_sub.o
                [!provide]                        PROVIDE (__rel_iplt_end = .)

.relr.dyn
 *(.relr.dyn)
                0x08049000                        . = ALIGN (CONSTANT (MAXPAGESIZE))

.init
 *(SORT_NONE(.init))

.plt            0x08049000        0x0
 *(.plt)
 *(.iplt)
 .iplt          0x08049000        0x0 kernel/kernel_sub.o

.plt.got
 *(.plt.got)

.plt.sec
 *(.plt.sec)

.text           0xc0600000    0x13673
 *(.text.unlikely .text.*_unlikely .text.unlikely.*)
 *(.text.exit .text.exit.*)
 *(.text.startup .text.startup.*)
 *(.text.hot .text.hot.*)
 *(SORT_BY_NAME(.text.sorted.*))
 *(.text .stub .text.* .gnu.linkonce.t.*)
 .text          0xc0600000       0x71 kernel/kernel_sub.o
                0xc0600000                _start
 *fill*         0xc0600071        0xf 
 .text          0xc0600080      0x3d2 kernel/kernel.o
                0xc0600080                InterruptTest
                0xc060008c                disp_str_len
                0xc06000d9                disp_str
                0xc0600114                disp_str_colour
                0xc0600150                divide_zero_fault
                0xc0600156                single_step_fault
                0xc060015c                non_maskable_interrupt
                0xc0600162                breakpoint_trap
                0xc0600168                overflow_trap
                0xc060016e                bound_range_exceeded_fault
                0xc0600174                invalid_opcode_fault
                0xc060017a                coprocessor_not_available_fault
                0xc0600180                double_fault_exception_abort
                0xc0600184                coprocessor_segment_overrun
                0xc060018a                invalid_task_state_segment_fault
                0xc060018e                segment_not_present_fault
                0xc0600192                stack_exception_fault
                0xc0600196                general_protection_exception_fault
                0xc06001a1                page_fault
                0xc06001a5                coprocessor_error_fault
                0xc06001ab                align_check_fault
                0xc06001af                simd_float_exception_fault
                0xc06001be                hwint0
                0xc06001ee                hwint1
                0xc0600231                hwint14
                0xc0600277                hwint10
                0xc06002ba                sys_call
                0xc0600300                fork_restart
                0xc060030f                restart
                0xc0600332                in_byte
                0xc060033e                out_byte
                0xc0600360                disable_int
                0xc0600362                enable_int
                0xc06003f8                enable_8259A_casecade_irq
                0xc0600402                disable_8259A_casecade_irq
                0xc060040c                enable_8259A_slave_winchester_irq
                0xc0600416                disable_8259A_slave_winchester_irq
                0xc0600420                update_cr3
                0xc060042d                update_tss
                0xc060043c                get_running_thread_pcb
                0xc0600442                sys_call_test
                0xc0600445                enable_8259A_slave_net_irq
 *fill*         0xc0600452        0xe 
 .text          0xc0600460       0x15 switch_to.o
                0xc0600460                switch_to
 *fill*         0xc0600475        0xb 
 .text          0xc0600480       0x6a syscall.o
                0xc0600480                write_debug
                0xc0600490                send_msg
                0xc06004a6                receive_msg
                0xc06004bc                sys_malloc
                0xc06004d1                sys_free
 *fill*         0xc06004ea        0x6 
 .text          0xc06004f0      0x286 network/ne2000.o
                0xc0600513                DriverInitialize
                0xc060059d                StartSendToPhysicalLink
                0xc06005b8                SetPageStart
                0xc06005e0                DriverSend
                0xc060065a                PCtoNIC
                0xc06006c5                get_interrupt_status
                0xc06006e2                set_interrupt_status
                0xc0600702                get_curr_page
                0xc060071f                NICtoPC
 .text          0xc0600776      0x2ee double_link_list.o
                0xc0600776                initDoubleLinkList
                0xc06007c6                isListEmpty
                0xc06007f4                findElementInList
                0xc060088b                appendToDoubleLinkList
                0xc0600951                insertToDoubleLinkList
                0xc06009d5                popFromDoubleLinkList
 .text          0xc0600a64        0x0 global.o
 .text          0xc0600a64     0x2df3 kernel_main_old.o
                0xc0600a64                stop_here
                0xc0600aa8                catch_error
                0xc0600b0d                intr_enable
                0xc0600b36                intr_disable
                0xc0600b5f                intr_set_status
                0xc0600b7d                intr_get_status
                0xc0600b9a                Memcpy
                0xc0600bcd                untar
                0xc0600edd                num_to_string
                0xc0600f83                disp_int
                0xc0600fac                do_page_fault
                0xc06010e9                exception_handler
                0xc06012d4                init_internal_interrupt
                0xc0601449                spurious_irq
                0xc06014d7                init_keyboard
                0xc060151a                TestTTY
                0xc06015b9                TestReadReturnValue
                0xc0601636                TestWriteReturnValue
                0xc060170a                TestFS2
                0xc0601718                TestFS
                0xc0601bba                wait_exit
                0xc0601cb8                INIT_fork
                0xc0601fab                simple_shell
                0xc0602132                test_shell
                0xc060219a                test_exec
                0xc060228d                INIT
                0xc060229a                TestA
                0xc06022cf                delay
                0xc0602313                TestB
                0xc060232b                TestC
                0xc060235e                sys_get_ticks
                0xc060236e                sys_write
                0xc06023c2                milli_delay
                0xc06023fe                TaskSys
                0xc0602403                Printf
                0xc06024d5                sprintf
                0xc0602501                vsprintf
                0xc06026ad                printx
                0xc06026f0                sys_printx
                0xc06027bc                spin
                0xc06027e2                panic
                0xc0602800                assertion_failure
                0xc0602872                assertion_failure2
                0xc06028e7                dead_lock
                0xc06028f1                sys_send_msg
                0xc0602e1f                sys_receive_msg
                0xc060347f                send_rec
                0xc060357a                block
                0xc06035b6                unblock
                0xc0603606                get_ticks_ipc
                0xc0603660                itoa
                0xc06036b6                i2a
                0xc060371c                inform_int
                0xc06037e8                deprecate_strcmp
 .text          0xc0603857      0x538 kernel_main.o
                0xc0603857                kernel_main
                0xc0603a31                init
                0xc0603ac8                kernel_thread_a
                0xc0603b15                kernel_thread_b
                0xc0603b62                kernel_thread_c
                0xc0603b78                kernel_thread_d
                0xc0603b8e                user_proc_a
                0xc0603d77                user_proc_b
 .text          0xc0603d8f      0x3b3 protect.o
                0xc0603d8f                InitDescriptor
                0xc0603dfc                Seg2PhyAddr
                0xc0603e3d                Seg2PhyAddrLDT
                0xc0603e81                VirAddr2PhyAddr
                0xc0603e97                v2l
                0xc0603eda                init_propt
                0xc060405b                InitInterruptDesc
                0xc06040b7                ReloadGDT
 .text          0xc0604142      0xad3 console.o
                0xc0604142                select_console
                0xc060417e                flush
                0xc06041b7                set_cursor
                0xc0604215                set_console_start_video_addr
                0xc0604273                put_key
                0xc06042df                scroll_up
                0xc0604321                scroll_down
                0xc060438c                out_char
                0xc0604549                tty_dev_read
                0xc0604573                tty_dev_write
                0xc06047a0                tty_do_read
                0xc0604868                tty_do_write
                0xc06049d1                init_screen
                0xc0604a5a                init_tty
                0xc0604b0f                TaskTTY
 .text          0xc0604c15      0x2b7 process.o
                0xc0604c15                schedule_process
                0xc0604ddb                clock_handler
                0xc0604e51                pid2proc
                0xc0604eb5                proc2pid
 .text          0xc0604ecc      0x40f keyboard.o
                0xc0604ecc                keyboard_handler
                0xc0604f50                read_from_keyboard_buf
                0xc0604fb6                keyboard_read
                0xc0605135                init_keyboard_handler
                0xc0605149                in_process
 .text          0xc06052db      0x1b2 thread.o
                0xc06052db                kernel_thread
                0xc06052f3                thread_init
                0xc06053a0                thread_create
                0xc06053d5                thread_start
 .text          0xc060548d      0x730 my_process.o
                0xc060548d                create_user_process_address_space
                0xc060551d                user_process
                0xc060564a                clone_pcb
                0xc06057bc                build_body_stack
                0xc06058ef                build_process_kernel_stack
                0xc06059b2                fork_process
                0xc0605a43                process_execute
 .text          0xc0605bbd      0x15b network/skbuff.o
                0xc0605bd6                alloc_skb
                0xc0605c67                free_skb
                0xc0605c9a                skb_reserve
                0xc0605cb6                skb_push
                0xc0605ce5                skb_head
                0xc0605cf0                skb_reset_header
 .text          0xc0605d18      0x66c network/socket.o
                0xc0605dc8                test
                0xc0605e24                socket_debug
                0xc0605e85                free_socket
                0xc0605f41                _socket
                0xc0606000                _bind
                0xc0606053                _connect
                0xc06060a5                _write
                0xc06060fc                _read
                0xc0606153                _recvfrom
                0xc0606194                _sendto
                0xc06061eb                _close
                0xc060626a                _listen
                0xc06062d0                _accept
 .text          0xc0606384      0x2ed network/ip_input.o
                0xc060650e                ip_rcv
 .text          0xc0606671      0x8cd network/udp_sock.o
                0xc06068af                udp_lookup_sock
                0xc06068f6                udp_init
                0xc0606927                udp_close
                0xc060694d                udp_sock_init
                0xc0606957                udp_recvfrom
                0xc06069f0                udp_connect
                0xc0606ac9                udp_write
                0xc0606af5                udp_alloc_skb
                0xc0606b3f                udp_sendto
                0xc0606c33                udp_send
                0xc0606d71                udp_alloc_sock
                0xc0606db2                udp_free_sock
                0xc0606dd6                udp_read
 .text          0xc0606f3e      0x234 network/icmpv4.o
                0xc0606f4c                icmpv4_incoming
                0xc0606fc0                icmpv4_reply
                0xc0607099                icmpv4_timestamp
 .text          0xc0607172      0x1d3 network/ip_output.o
                0xc0607180                ip_output
 .text          0xc0607345      0x448 network/tcp.o
                0xc060753a                tcp_in
                0xc06075ee                tcp_checksum
                0xc060761a                __tcp_set_state
                0xc0607629                tcp_generate_port
                0xc0607672                tcp_generate_isn
                0xc060767c                tcp_done
                0xc06076a5                tcp_clear_timers
                0xc06076b4                tcp_stop_retransmission_timer
                0xc06076cd                tcp_release_retransmission_timer
                0xc06076e6                tcp_stop_delack_timer
                0xc06076f9                tcp_release_delack_timer
                0xc060770c                tcp_handle_fin_state
                0xc0607771                tcp_enter_time_wait
 .text          0xc060778d      0x420 network/route.o
                0xc060788f                route_add
                0xc06078d6                route_init
                0xc0607988                call_route_lookup
                0xc0607ad2                route_lookup
 .text          0xc0607bad      0x203 network/sock.o
                0xc0607cdf                sk_alloc
                0xc0607d06                sk_init
                0xc0607d5a                sk_init_with_socket
                0xc0607d83                sk_free
 .text          0xc0607db0      0xbbe network/tcp_output.o
                0xc0608276                tcp_send_synack
                0xc0608319                tcp_send_delack
                0xc0608354                tcp_send_ack
                0xc06084a0                tcp_send_fin
                0xc0608515                tcp_select_initial_window
                0xc06086c7                tcp_reset_retransmission_timer
                0xc06086e4                tcp_begin_connect
                0xc060878e                tcp_send
                0xc0608873                tcp_send_reset
                0xc06088f3                tcp_queue_fin
 .text          0xc060896e      0xb74 network/arp.o
                0xc0608a97                call_update_arp_translation_table
                0xc0608ccf                insert_arp_translation_table
                0xc0608d51                update_arp_translation_table
                0xc0608e10                arp_init
                0xc0608e16                arp_rcv
                0xc060901e                arp_request
                0xc0609188                arp_reply
                0xc06092eb                call_arp_get_hwaddr
                0xc06093e4                arp_get_hwaddr
                0xc0609491                free_arp
 .text          0xc06094e2      0xa27 network/tcp_sock.o
                0xc06097a1                tcp_established_or_syn_recvd_socks_enqueue
                0xc06097b8                tcp_established_or_syn_recvd_socks_remove
                0xc06097ca                tcp_connecting_or_listening_socks_enqueue
                0xc06097e1                tcp_connecting_or_listening_socks_remove
                0xc06097f3                tcp_alloc_sock
                0xc0609909                tcp_free_sock
                0xc0609982                tcp_init
                0xc060998c                tcp_sock_init
                0xc0609a2f                tcp_write
                0xc0609a70                tcp_read
                0xc0609b23                tcp_close
                0xc0609be1                tcp_recv_notify
                0xc0609c0c                tcp_v4_connect
                0xc0609e5c                tcp_lookup_sock
 .text          0xc0609f09      0xe24 network/ipc.o
                0xc060aabd                ipc_close
                0xc060ab0e                ipc_call_from_netdev_rx
                0xc060ab46                demux_ipc_socket_call
 .text          0xc060ad2d      0x429 network/inet.o
                0xc060ad2d                inet_create
                0xc060addd                inet_socket
                0xc060ade7                inet_connect
                0xc060ae3b                inet_write
                0xc060ae67                inet_read
                0xc060ae93                inet_close
                0xc060aee2                inet_free
                0xc060af18                inet_bind
                0xc060b021                inet_listen
                0xc060b06a                inet_accept
                0xc060b115                inet_sendto
                0xc060b140                inet_recvfrom
 .text          0xc060b156      0x145 network/dst.o
                0xc060b164                print_array
                0xc060b1c1                dst_neigh_output
 .text          0xc060b29b      0xb80 network/tcp_input.o
                0xc060b993                tcp_process
                0xc060bd59                tcp_receive
 .text          0xc060be1b      0x24d network/task_network.o
                0xc060be1b                init_dev
                0xc060bf25                task_network
                0xc060c04a                task_netdev_rx
 .text          0xc060c068      0xa06 network/netdev.o
                0xc060c1f6                netdev_init
                0xc060c23d                netdev_transmit
                0xc060c398                interrupt_wait2
                0xc060c3f1                netdev_rx_loop
                0xc060c4e2                call_netdev_get
                0xc060c62c                netdev_get
                0xc060c6e1                free_netdev
                0xc060c70c                local_ipaddress
                0xc060c749                receive_msg_from_nic
                0xc060c92c                receive_msg_from_nic2
                0xc060ca58                net_handler
 .text          0xc060ca6e      0x3e0 network/udp.o
                0xc060cb79                udp_generate_port
                0xc060cbc2                udp_checksum
                0xc060cc90                udp_in
                0xc060cd21                udp_data_dequeue
                0xc060ce29                udp_data_enqueue
 .text          0xc060ce4e      0x54a network/tcp_data.o
                0xc060d139                tcp_data_dequeue
                0xc060d266                tcp_data_queue
 .text          0xc060d398      0x1e7 network/utils.o
                0xc060d398                run_cmd
                0xc060d3a5                print_err
                0xc060d3bc                parse_ipv4_string
                0xc060d41b                ip_pton
                0xc060d463                sum_every_16bits
                0xc060d4ba                checksum
                0xc060d4fb                tcp_udp_checksum
 .text          0xc060d57f      0xe84 hd/hd.o
                0xc060d57f                TaskHD
                0xc060d5ca                init_hd
                0xc060d5e4                hd_handle
                0xc060d6e9                hd_cmd_out
                0xc060d7eb                hd_identify
                0xc060d8a2                print_hdinfo
                0xc060da30                print_dpt_entry
                0xc060da9c                get_partition_table
                0xc060db7b                partition
                0xc060dd95                hd_open
                0xc060de45                get_hd_ioctl
                0xc060deff                wait_for
                0xc060df30                interrupt_wait
                0xc060df89                hd_rdwt
                0xc060e22b                hd_handler
                0xc060e25c                debug_ticks
                0xc060e29a                waitfor
                0xc060e2de                print_hd_info
                0xc060e3cb                is_empty
 .text          0xc060e403     0x2081 fs/fs_main.o
                0xc060e403                task_fs
                0xc060e617                rd_wt
                0xc060e6f9                mkfs
                0xc060ecdb                init_fs
                0xc060ed35                do_open
                0xc060ef3e                search_file
                0xc060f070                strip_path
                0xc060f13c                get_inode
                0xc060f2fe                create_file
                0xc060f409                alloc_imap_bit
                0xc060f506                alloc_smap_bit
                0xc060f6a7                new_inode
                0xc060f7c5                new_dir_entry
                0xc060f9d1                do_unlink
                0xc060fead                do_rdwt
                0xc0610238                sync_inode
                0xc061038c                put_inode
                0xc06103ca                do_close
                0xc061041c                get_super_block
 .text          0xc0610484      0x24f mm/forkexit.o
                0xc0610484                do_fork
                0xc06104f2                do_exit
                0xc061057c                do_wait
                0xc0610679                cleanup
 .text          0xc06106d3      0x419 mm/exec.o
                0xc06106d3                do_exec
 .text          0xc0610aec      0x14e mm/main.o
                0xc0610aec                TaskMM
                0xc0610c1b                alloc_mem
 .text          0xc0610c3a     0x1118 mem/mem.o
                0xc0610c3a                init_bitmap
                0xc0610c5d                test_bit_val
                0xc0610cc6                set_bit_val
                0xc0610d41                set_bits
                0xc0610d7b                get_first_free_bit
                0xc0610dbf                get_bits
                0xc0610e87                get_a_page
                0xc0610f3b                get_virtual_address_start_with_addr
                0xc0610fd5                get_virtual_address
                0xc0611065                ptr_pde
                0xc0611078                ptr_pte
                0xc061109f                add_map_entry
                0xc0611130                alloc_virtual_memory
                0xc06111fc                get_physical_address_proc
                0xc0611278                get_physical_address
                0xc06112aa                alloc_physical_memory_of_proc
                0xc0611399                alloc_physical_memory
                0xc0611461                alloc_memory
                0xc06114c3                get_a_virtual_page
                0xc06114fb                block2arena
                0xc0611511                sys_malloc2
                0xc061183e                remove_map_entry
                0xc061185f                free_a_page
                0xc0611906                sys_free2
                0xc061190c                init_memory_block_desc
                0xc06119dd                init_memory2
                0xc0611c12                init_memory
 .text          0xc0611d52      0x285 lib/exec.o
                0xc0611d52                exec
                0xc0611dc3                execv
                0xc0611fb2                execl
 .text          0xc0611fd7       0x4b lib/fork.o
                0xc0611fd7                fork
 .text          0xc0612022       0x2f lib/exit.o
                0xc0612022                exit
 .text          0xc0612051       0x42 lib/unlink.o
                0xc0612051                unlink
 .text          0xc0612093       0x44 lib/wait.o
                0xc0612093                wait
 .text          0xc06120d7       0xbe lib/socket_close.o
                0xc06120d7                socket_close
 .text          0xc0612195      0x12a lib/socket_read.o
                0xc0612195                socket_read
 .text          0xc06122bf       0x29 lib/alloca.o
                0xc06122bf                alloca
 .text          0xc06122e8       0x46 lib/calloc.o
                0xc06122e8                calloc
 .text          0xc061232e       0x49 lib/floor.o
                0xc061232e                floor
 .text          0xc0612377      0x12a lib/socket_write.o
                0xc0612377                socket_write
 .text          0xc06124a1       0x2b lib/getpid.o
                0xc06124a1                getpid
 .text          0xc06124cc       0x9c lib/stdlib/atoi.o
                0xc06124cc                atoi
 .text          0xc0612568       0xca lib/stdlib/strtol.o
                0xc0612568                strtol
 .text          0xc0612632       0x85 lib/string/strtok.o
                0xc0612632                strtok
 .text          0xc06126b7       0xa8 lib/string/strcmp.o
                0xc06126b7                strcmp
 .text          0xc061275f       0xd4 lib/string/strncmp.o
                0xc061275f                strncmp
 .text          0xc0612833       0x90 lib/string/strpbrk.o
                0xc0612833                strpbrk
 .text          0xc06128c3      0x181 lib/stdio/read.o
                0xc06128c3                read
 .text          0xc0612a44       0x17 lib/stdio/perror.o
                0xc0612a44                perror
 .text          0xc0612a5b      0x335 lib/stdio/sscanf.o
                0xc0612a5b                sscanf
 .text          0xc0612d90       0x95 lib/stdio/open.o
                0xc0612d90                open
 .text          0xc0612e25       0x85 lib/stdio/write.o
                0xc0612e25                write
 .text          0xc0612eaa       0x52 lib/stdio/close.o
                0xc0612eaa                close
 .text          0xc0612efc      0x195 lib/sys/socket.o
                0xc0612efc                socket
 .text          0xc0613091      0x102 lib/sys/connect.o
                0xc0613091                connect
 .text          0xc0613193       0x38 lib/arpa/ntohs.o
                0xc0613193                ntohs
 .text          0xc06131cb       0x7c lib/arpa/htonl.o
                0xc06131cb                htonl
 .text          0xc0613247       0x38 lib/arpa/htons.o
                0xc0613247                htons
 .text          0xc061327f      0x295 lib/arpa/inet_pton.o
                0xc061327f                isValidIPv4
                0xc0613409                inet_pton
 .text          0xc0613514       0x7c lib/arpa/ntohl.o
                0xc0613514                ntohl
 .text          0xc0613590       0xe3 lib/arpa/inet_ntop.o
                0xc0613590                inet_ntop
 *(.gnu.warning)

.fini
 *(SORT_NONE(.fini))
                [!provide]                        PROVIDE (__etext = .)
                [!provide]                        PROVIDE (_etext = .)
                [!provide]                        PROVIDE (etext = .)
                0xc0614000                        . = ALIGN (CONSTANT (MAXPAGESIZE))
                0xc0614000                        . = SEGMENT_START ("rodata-segment", (ALIGN (CONSTANT (MAXPAGESIZE)) + (. & (CONSTANT (MAXPAGESIZE) - 0x1))))

.rodata         0xc0614000     0x1ddb
 *(.rodata .rodata.* .gnu.linkonce.r.*)
 .rodata        0xc0614000       0x3c double_link_list.o
 *fill*         0xc061403c        0x4 
 .rodata        0xc0614040      0xb61 kernel_main_old.o
 *fill*         0xc0614ba1        0x3 
 .rodata        0xc0614ba4      0x1c8 kernel_main.o
 .rodata        0xc0614d6c       0x22 console.o
 *fill*         0xc0614d8e        0x2 
 .rodata        0xc0614d90       0x4c process.o
 .rodata        0xc0614ddc        0x9 network/skbuff.o
 *fill*         0xc0614de5        0x3 
 .rodata        0xc0614de8      0x23d network/socket.o
 *fill*         0xc0615025        0x3 
 .rodata        0xc0615028       0xbd network/ip_input.o
 *fill*         0xc06150e5        0x3 
 .rodata        0xc06150e8       0x2d network/udp_sock.o
 *fill*         0xc0615115        0x3 
 .rodata        0xc0615118       0x32 network/icmpv4.o
 .rodata        0xc061514a        0x9 network/ip_output.o
 *fill*         0xc0615153        0x1 
 .rodata        0xc0615154       0x31 network/tcp.o
 *fill*         0xc0615185        0x3 
 .rodata        0xc0615188       0x36 network/route.o
 .rodata        0xc06151be        0x9 network/sock.o
 *fill*         0xc06151c7        0x1 
 .rodata        0xc06151c8       0xc3 network/tcp_output.o
 *fill*         0xc061528b        0x1 
 .rodata        0xc061528c       0xe8 network/arp.o
 .rodata        0xc0615374       0xe8 network/tcp_sock.o
 .rodata        0xc061545c      0x18c network/ipc.o
 .rodata        0xc06155e8       0x48 network/inet.o
 .rodata        0xc0615630       0x14 network/dst.o
 .rodata        0xc0615644       0x60 network/tcp_input.o
 .rodata        0xc06156a4       0x6d network/task_network.o
 *fill*         0xc0615711        0x3 
 .rodata        0xc0615714      0x172 network/netdev.o
 .rodata        0xc0615886        0x9 network/udp.o
 .rodata        0xc061588f       0x1e network/tcp_data.o
 *fill*         0xc06158ad        0x3 
 .rodata        0xc06158b0       0x41 network/utils.o
 *fill*         0xc06158f1        0x3 
 .rodata        0xc06158f4      0x19c hd/hd.o
 .rodata        0xc0615a90      0x1fb fs/fs_main.o
                0xc0615a90                FSBUF_SIZE
 .rodata        0xc0615c8b       0x21 mm/forkexit.o
 .rodata        0xc0615cac       0x10 mm/exec.o
 .rodata        0xc0615cbc       0x11 mm/main.o
 .rodata        0xc0615ccd       0x5a mem/mem.o
 .rodata        0xc0615d27       0x2d lib/exec.o
 .rodata        0xc0615d54        0x9 lib/socket_close.o
 .rodata        0xc0615d5d        0x9 lib/socket_read.o
 .rodata        0xc0615d66        0x9 lib/socket_write.o
 .rodata        0xc0615d6f       0x2a lib/stdio/close.o
 .rodata        0xc0615d99       0x33 lib/sys/socket.o
 .rodata        0xc0615dcc        0x9 lib/sys/connect.o
 .rodata        0xc0615dd5        0x3 lib/arpa/inet_pton.o
 .rodata        0xc0615dd8        0x3 lib/arpa/inet_ntop.o

.txt            0xc0615ddb       0xaa
 .txt           0xc0615ddb       0x82 string.o
                0xc0615ddb                Memcpy2
                0xc0615e09                Memset
                0xc0615e28                Strcpy
                0xc0615e42                Strlen
 .txt           0xc0615e5d       0x28 hd/hd_rdwt.o
                0xc0615e5d                read_port
                0xc0615e71                write_port

.rodata1
 *(.rodata1)

.eh_frame_hdr
 *(.eh_frame_hdr)
 *(.eh_frame_entry .eh_frame_entry.*)

.eh_frame       0xc0615e88     0x4330
 *(.eh_frame)
 .eh_frame      0xc0615e88       0xd8 double_link_list.o
 .eh_frame      0xc0615f60      0x6cc kernel_main_old.o
                                0x6e4 (size before relaxing)
 .eh_frame      0xc061662c      0x108 kernel_main.o
                                0x120 (size before relaxing)
 .eh_frame      0xc0616734      0x100 protect.o
                                0x118 (size before relaxing)
 .eh_frame      0xc0616834      0x1e0 console.o
                                0x1f8 (size before relaxing)
 .eh_frame      0xc0616a14       0x80 process.o
                                 0x98 (size before relaxing)
 .eh_frame      0xc0616a94       0xa0 keyboard.o
                                 0xb8 (size before relaxing)
 .eh_frame      0xc0616b34       0x80 thread.o
                                 0x98 (size before relaxing)
 .eh_frame      0xc0616bb4       0xe0 my_process.o
                                 0xf8 (size before relaxing)
 .eh_frame      0xc0616c94       0xe0 network/skbuff.o
                                 0xf8 (size before relaxing)
 .eh_frame      0xc0616d74      0x2a0 network/socket.o
                                0x2b8 (size before relaxing)
 .eh_frame      0xc0617014      0x104 network/ip_input.o
                                0x11c (size before relaxing)
 .eh_frame      0xc0617118      0x404 network/udp_sock.o
                                0x41c (size before relaxing)
 .eh_frame      0xc061751c       0x80 network/icmpv4.o
                                 0x98 (size before relaxing)
 .eh_frame      0xc061759c       0x40 network/ip_output.o
                                 0x58 (size before relaxing)
 .eh_frame      0xc06175dc      0x268 network/tcp.o
                                0x280 (size before relaxing)
 .eh_frame      0xc0617844      0x104 network/route.o
                                0x11c (size before relaxing)
 .eh_frame      0xc0617948      0x1a0 network/sock.o
                                0x1b8 (size before relaxing)
 .eh_frame      0xc0617ae8      0x3c4 network/tcp_output.o
                                0x3dc (size before relaxing)
 .eh_frame      0xc0617eac      0x220 network/arp.o
                                0x238 (size before relaxing)
 .eh_frame      0xc06180cc      0x4c0 network/tcp_sock.o
                                0x4d8 (size before relaxing)
 .eh_frame      0xc061858c      0x274 network/ipc.o
                                0x28c (size before relaxing)
 .eh_frame      0xc0618800      0x180 network/inet.o
                                0x198 (size before relaxing)
 .eh_frame      0xc0618980       0x60 network/dst.o
                                 0x78 (size before relaxing)
 .eh_frame      0xc06189e0      0x300 network/tcp_input.o
                                0x318 (size before relaxing)
 .eh_frame      0xc0618ce0       0x60 network/task_network.o
                                 0x78 (size before relaxing)
 .eh_frame      0xc0618d40      0x230 network/netdev.o
                                0x248 (size before relaxing)
 .eh_frame      0xc0618f70      0x1e4 network/udp.o
                                0x1fc (size before relaxing)
 .eh_frame      0xc0619154      0x200 network/tcp_data.o
                                0x218 (size before relaxing)
 .eh_frame      0xc0619354       0xe4 network/utils.o
                                 0xfc (size before relaxing)
 .eh_frame      0xc0619438      0x264 hd/hd.o
                                0x27c (size before relaxing)
 .eh_frame      0xc061969c      0x27c fs/fs_main.o
                                0x294 (size before relaxing)
 .eh_frame      0xc0619918       0x80 mm/forkexit.o
                                 0x98 (size before relaxing)
 .eh_frame      0xc0619998       0x20 mm/exec.o
                                 0x38 (size before relaxing)
 .eh_frame      0xc06199b8       0x3c mm/main.o
                                 0x54 (size before relaxing)
 .eh_frame      0xc06199f4      0x364 mem/mem.o
                                0x37c (size before relaxing)
 .eh_frame      0xc0619d58       0x60 lib/exec.o
                                 0x78 (size before relaxing)
 .eh_frame      0xc0619db8       0x20 lib/fork.o
                                 0x38 (size before relaxing)
 .eh_frame      0xc0619dd8       0x20 lib/exit.o
                                 0x38 (size before relaxing)
 .eh_frame      0xc0619df8       0x20 lib/unlink.o
                                 0x38 (size before relaxing)
 .eh_frame      0xc0619e18       0x20 lib/wait.o
                                 0x38 (size before relaxing)
 .eh_frame      0xc0619e38       0x20 lib/socket_close.o
                                 0x38 (size before relaxing)
 .eh_frame      0xc0619e58       0x20 lib/socket_read.o
                                 0x38 (size before relaxing)
 .eh_frame      0xc0619e78       0x20 lib/alloca.o
                                 0x38 (size before relaxing)
 .eh_frame      0xc0619e98       0x20 lib/calloc.o
                                 0x38 (size before relaxing)
 .eh_frame      0xc0619eb8       0x20 lib/floor.o
                                 0x38 (size before relaxing)
 .eh_frame      0xc0619ed8       0x20 lib/socket_write.o
                                 0x38 (size before relaxing)
 .eh_frame      0xc0619ef8       0x20 lib/getpid.o
                                 0x38 (size before relaxing)
 .eh_frame      0xc0619f18       0x20 lib/stdlib/atoi.o
                                 0x38 (size before relaxing)
 .eh_frame      0xc0619f38       0x20 lib/stdlib/strtol.o
                                 0x38 (size before relaxing)
 .eh_frame      0xc0619f58       0x20 lib/string/strtok.o
                                 0x38 (size before relaxing)
 .eh_frame      0xc0619f78       0x20 lib/string/strcmp.o
                                 0x38 (size before relaxing)
 .eh_frame      0xc0619f98       0x20 lib/string/strncmp.o
                                 0x38 (size before relaxing)
 .eh_frame      0xc0619fb8       0x20 lib/string/strpbrk.o
                                 0x38 (size before relaxing)
 .eh_frame      0xc0619fd8       0x20 lib/stdio/read.o
                                 0x38 (size before relaxing)
 .eh_frame      0xc0619ff8       0x20 lib/stdio/perror.o
                                 0x38 (size before relaxing)
 .eh_frame      0xc061a018       0x20 lib/stdio/sscanf.o
                                 0x38 (size before relaxing)
 .eh_frame      0xc061a038       0x20 lib/stdio/open.o
                                 0x38 (size before relaxing)
 .eh_frame      0xc061a058       0x20 lib/stdio/write.o
                                 0x38 (size before relaxing)
 .eh_frame      0xc061a078       0x20 lib/stdio/close.o
                                 0x38 (size before relaxing)
 .eh_frame      0xc061a098       0x20 lib/sys/socket.o
                                 0x38 (size before relaxing)
 .eh_frame      0xc061a0b8       0x20 lib/sys/connect.o
                                 0x38 (size before relaxing)
 .eh_frame      0xc061a0d8       0x20 lib/arpa/ntohs.o
                                 0x38 (size before relaxing)
 .eh_frame      0xc061a0f8       0x20 lib/arpa/htonl.o
                                 0x38 (size before relaxing)
 .eh_frame      0xc061a118       0x20 lib/arpa/htons.o
                                 0x38 (size before relaxing)
 .eh_frame      0xc061a138       0x40 lib/arpa/inet_pton.o
                                 0x58 (size before relaxing)
 .eh_frame      0xc061a178       0x20 lib/arpa/ntohl.o
                                 0x38 (size before relaxing)
 .eh_frame      0xc061a198       0x20 lib/arpa/inet_ntop.o
                                 0x38 (size before relaxing)
 *(.eh_frame.*)

.sframe
 *(.sframe)
 *(.sframe.*)

.gcc_except_table
 *(.gcc_except_table .gcc_except_table.*)

.gnu_extab
 *(.gnu_extab*)

.exception_ranges
 *(.exception_ranges*)
                0xc061b000                        . = DATA_SEGMENT_ALIGN (CONSTANT (MAXPAGESIZE), CONSTANT (COMMONPAGESIZE))

.eh_frame
 *(.eh_frame)
 *(.eh_frame.*)

.sframe
 *(.sframe)
 *(.sframe.*)

.gnu_extab
 *(.gnu_extab)

.gcc_except_table
 *(.gcc_except_table .gcc_except_table.*)

.exception_ranges
 *(.exception_ranges*)

.tdata          0xc061b000        0x0
                [!provide]                        PROVIDE (__tdata_start = .)
 *(.tdata .tdata.* .gnu.linkonce.td.*)

.tbss
 *(.tbss .tbss.* .gnu.linkonce.tb.*)
 *(.tcommon)

.preinit_array  0xc061b000        0x0
                [!provide]                        PROVIDE (__preinit_array_start = .)
 *(.preinit_array)
                [!provide]                        PROVIDE (__preinit_array_end = .)

.init_array     0xc061b000        0x0
                [!provide]                        PROVIDE (__init_array_start = .)
 *(SORT_BY_INIT_PRIORITY(.init_array.*) SORT_BY_INIT_PRIORITY(.ctors.*))
 *(.init_array EXCLUDE_FILE(*crtend?.o *crtend.o *crtbegin?.o *crtbegin.o) .ctors)
                [!provide]                        PROVIDE (__init_array_end = .)

.fini_array     0xc061b000        0x0
                [!provide]                        PROVIDE (__fini_array_start = .)
 *(SORT_BY_INIT_PRIORITY(.fini_array.*) SORT_BY_INIT_PRIORITY(.dtors.*))
 *(.fini_array EXCLUDE_FILE(*crtend?.o *crtend.o *crtbegin?.o *crtbegin.o) .dtors)
                [!provide]                        PROVIDE (__fini_array_end = .)

.ctors
 *crtbegin.o(.ctors)
 *crtbegin?.o(.ctors)
 *(EXCLUDE_FILE(*crtend?.o *crtend.o) .ctors)
 *(SORT_BY_NAME(.ctors.*))
 *(.ctors)

.dtors
 *crtbegin.o(.dtors)
 *crtbegin?.o(.dtors)
 *(EXCLUDE_FILE(*crtend?.o *crtend.o) .dtors)
 *(SORT_BY_NAME(.dtors.*))
 *(.dtors)

.jcr
 *(.jcr)

.data.rel.ro
 *(.data.rel.ro.local* .gnu.linkonce.d.rel.ro.local.*)
 *(.data.rel.ro .data.rel.ro.* .gnu.linkonce.d.rel.ro.*)

.dynamic
 *(.dynamic)

.got            0xc061b000        0x0
 *(.got)
 .got           0xc061b000        0x0 kernel/kernel_sub.o
 *(.igot)
                0xc061b000                        . = DATA_SEGMENT_RELRO_END (., (SIZEOF (.got.plt) >= 0xc)?0xc:0x0)

.got.plt        0xc061b000        0x0
 *(.got.plt)
 .got.plt       0xc061b000        0x0 kernel/kernel_sub.o
 *(.igot.plt)
 .igot.plt      0xc061b000        0x0 kernel/kernel_sub.o

.data           0xc061b000      0xbb4
 *(.data .data.* .gnu.linkonce.d.*)
 .data          0xc061b000        0xf kernel/kernel_sub.o
 *fill*         0xc061b00f        0x1 
 .data          0xc061b010        0xf kernel/kernel.o
 *fill*         0xc061b01f        0x1 
 .data          0xc061b020        0x0 syscall.o
 .data          0xc061b020        0x0 double_link_list.o
 .data          0xc061b020      0x17c global.o
                0xc061b020                user_task_table
                0xc061b0a0                sys_task_table
                0xc061b180                sys_call_table
 .data          0xc061b19c        0x0 kernel_main_old.o
 .data          0xc061b19c        0x0 kernel_main.o
 .data          0xc061b19c        0x0 protect.o
 .data          0xc061b19c        0x0 console.o
 .data          0xc061b19c        0x0 process.o
 *fill*         0xc061b19c        0x4 
 .data          0xc061b1a0      0x600 keyboard.o
                0xc061b1a0                keymap
 .data          0xc061b7a0        0x0 thread.o
 .data          0xc061b7a0        0x0 my_process.o
 .data          0xc061b7a0        0x4 network/skbuff.o
 *fill*         0xc061b7a4       0x1c 
 .data          0xc061b7c0      0x224 network/socket.o
 .data          0xc061b9e4        0x4 network/ip_input.o
 *fill*         0xc061b9e8       0x18 
 .data          0xc061ba00       0x54 network/udp_sock.o
                0xc061ba20                udp_ops
 .data          0xc061ba54        0x4 network/icmpv4.o
 .data          0xc061ba58        0x4 network/ip_output.o
 .data          0xc061ba5c        0x8 network/tcp.o
 .data          0xc061ba64        0x4 network/route.o
 .data          0xc061ba68        0x4 network/sock.o
 .data          0xc061ba6c        0x4 network/tcp_output.o
 .data          0xc061ba70       0x14 network/arp.o
 *fill*         0xc061ba84       0x1c 
 .data          0xc061baa0       0x54 network/tcp_sock.o
                0xc061bac0                tcp_ops
 .data          0xc061baf4        0xc network/ipc.o
 .data          0xc061bb00       0x80 network/inet.o
                0xc061bb08                inet
 .data          0xc061bb80        0x4 network/dst.o
 .data          0xc061bb84        0x4 network/tcp_input.o
 .data          0xc061bb88        0x4 network/task_network.o
 .data          0xc061bb8c        0x4 network/netdev.o
 .data          0xc061bb90        0x8 network/udp.o
 .data          0xc061bb98        0x4 network/tcp_data.o
 .data          0xc061bb9c        0x4 network/utils.o
 .data          0xc061bba0        0x0 hd/hd.o
 .data          0xc061bba0        0x0 fs/fs_main.o
 .data          0xc061bba0        0x0 mm/forkexit.o
 .data          0xc061bba0        0x0 mm/exec.o
 .data          0xc061bba0        0x0 mm/main.o
 .data          0xc061bba0        0x0 mem/mem.o
 .data          0xc061bba0        0x0 lib/exec.o
 .data          0xc061bba0        0x0 lib/fork.o
 .data          0xc061bba0        0x0 lib/exit.o
 .data          0xc061bba0        0x0 lib/unlink.o
 .data          0xc061bba0        0x0 lib/wait.o
 .data          0xc061bba0        0x4 lib/socket_close.o
 .data          0xc061bba4        0x4 lib/socket_read.o
 .data          0xc061bba8        0x0 lib/alloca.o
 .data          0xc061bba8        0x0 lib/calloc.o
 .data          0xc061bba8        0x0 lib/floor.o
 .data          0xc061bba8        0x4 lib/socket_write.o
 .data          0xc061bbac        0x0 lib/getpid.o
 .data          0xc061bbac        0x0 lib/stdlib/atoi.o
 .data          0xc061bbac        0x0 lib/stdlib/strtol.o
 .data          0xc061bbac        0x0 lib/string/strtok.o
 .data          0xc061bbac        0x0 lib/string/strcmp.o
 .data          0xc061bbac        0x0 lib/string/strncmp.o
 .data          0xc061bbac        0x0 lib/string/strpbrk.o
 .data          0xc061bbac        0x0 lib/stdio/read.o
 .data          0xc061bbac        0x0 lib/stdio/perror.o
 .data          0xc061bbac        0x0 lib/stdio/sscanf.o
 .data          0xc061bbac        0x0 lib/stdio/open.o
 .data          0xc061bbac        0x0 lib/stdio/write.o
 .data          0xc061bbac        0x0 lib/stdio/close.o
 .data          0xc061bbac        0x4 lib/sys/socket.o
 .data          0xc061bbb0        0x4 lib/sys/connect.o
 .data          0xc061bbb4        0x0 lib/arpa/ntohs.o
 .data          0xc061bbb4        0x0 lib/arpa/htonl.o
 .data          0xc061bbb4        0x0 lib/arpa/htons.o
 .data          0xc061bbb4        0x0 lib/arpa/inet_pton.o
 .data          0xc061bbb4        0x0 lib/arpa/ntohl.o
 .data          0xc061bbb4        0x0 lib/arpa/inet_ntop.o

.data1
 *(.data1)
                0xc061bbb4                        _edata = .
                [!provide]                        PROVIDE (edata = .)
                0xc061bbb4                        . = .
                0xc061bbb4                        __bss_start = .

.bss            0xc061bbc0    0xa5888
 *(.dynbss)
 *(.bss .bss.* .gnu.linkonce.b.*)
 .bss           0xc061bbc0      0x800 kernel/kernel_sub.o
 .bss           0xc061c3c0      0x800 kernel/kernel.o
 .bss           0xc061cbc0        0x0 double_link_list.o
 .bss           0xc061cbc0        0x0 global.o
 .bss           0xc061cbc0        0x0 kernel_main_old.o
 .bss           0xc061cbc0        0x0 kernel_main.o
 .bss           0xc061cbc0        0x0 protect.o
 .bss           0xc061cbc0        0x0 console.o
 .bss           0xc061cbc0        0x0 process.o
 .bss           0xc061cbc0        0x0 keyboard.o
 .bss           0xc061cbc0        0x0 thread.o
 .bss           0xc061cbc0        0x0 my_process.o
 .bss           0xc061cbc0        0x0 network/skbuff.o
 .bss           0xc061cbc0        0x4 network/socket.o
 .bss           0xc061cbc4        0x0 network/ip_input.o
 .bss           0xc061cbc4        0x4 network/udp_sock.o
 .bss           0xc061cbc8        0x0 network/icmpv4.o
 .bss           0xc061cbc8        0x0 network/ip_output.o
 .bss           0xc061cbc8        0x0 network/tcp.o
 .bss           0xc061cbc8        0x0 network/route.o
 .bss           0xc061cbc8        0x0 network/sock.o
 .bss           0xc061cbc8        0x0 network/tcp_output.o
 .bss           0xc061cbc8        0x0 network/arp.o
 .bss           0xc061cbc8        0x0 network/tcp_sock.o
 .bss           0xc061cbc8        0x4 network/ipc.o
 .bss           0xc061cbcc        0x0 network/inet.o
 .bss           0xc061cbcc        0x0 network/dst.o
 .bss           0xc061cbcc        0x0 network/tcp_input.o
 .bss           0xc061cbcc        0x0 network/task_network.o
 .bss           0xc061cbcc        0x0 network/netdev.o
 .bss           0xc061cbcc        0x0 network/udp.o
 .bss           0xc061cbcc        0x0 network/tcp_data.o
 .bss           0xc061cbcc        0x0 network/utils.o
 .bss           0xc061cbcc        0x0 hd/hd.o
 .bss           0xc061cbcc        0x4 fs/fs_main.o
                0xc061cbcc                c
 .bss           0xc061cbd0        0x0 mm/forkexit.o
 .bss           0xc061cbd0        0x0 mm/exec.o
 .bss           0xc061cbd0        0x0 mm/main.o
 .bss           0xc061cbd0        0x0 mem/mem.o
 .bss           0xc061cbd0        0x0 lib/exec.o
 .bss           0xc061cbd0        0x0 lib/fork.o
 .bss           0xc061cbd0        0x0 lib/exit.o
 .bss           0xc061cbd0        0x0 lib/unlink.o
 .bss           0xc061cbd0        0x0 lib/wait.o
 .bss           0xc061cbd0        0x0 lib/socket_close.o
 .bss           0xc061cbd0        0x0 lib/socket_read.o
 .bss           0xc061cbd0        0x0 lib/alloca.o
 .bss           0xc061cbd0        0x0 lib/calloc.o
 .bss           0xc061cbd0        0x0 lib/floor.o
 .bss           0xc061cbd0        0x0 lib/socket_write.o
 .bss           0xc061cbd0        0x0 lib/getpid.o
 .bss           0xc061cbd0        0x0 lib/stdlib/atoi.o
 .bss           0xc061cbd0        0x0 lib/stdlib/strtol.o
 .bss           0xc061cbd0        0x4 lib/string/strtok.o
 .bss           0xc061cbd4        0x0 lib/string/strcmp.o
 .bss           0xc061cbd4        0x0 lib/string/strncmp.o
 .bss           0xc061cbd4        0x0 lib/string/strpbrk.o
 .bss           0xc061cbd4        0x0 lib/stdio/read.o
 .bss           0xc061cbd4        0x0 lib/stdio/perror.o
 .bss           0xc061cbd4        0x0 lib/stdio/sscanf.o
 .bss           0xc061cbd4        0x0 lib/stdio/open.o
 .bss           0xc061cbd4        0x0 lib/stdio/write.o
 .bss           0xc061cbd4        0x0 lib/stdio/close.o
 .bss           0xc061cbd4        0x0 lib/sys/socket.o
 .bss           0xc061cbd4        0x0 lib/sys/connect.o
 .bss           0xc061cbd4        0x0 lib/arpa/ntohs.o
 .bss           0xc061cbd4        0x0 lib/arpa/htonl.o
 .bss           0xc061cbd4        0x0 lib/arpa/htons.o
 .bss           0xc061cbd4        0x0 lib/arpa/inet_pton.o
 .bss           0xc061cbd4        0x0 lib/arpa/ntohl.o
 .bss           0xc061cbd4        0x0 lib/arpa/inet_ntop.o
 *(COMMON)
 *fill*         0xc061cbd4        0xc 
 COMMON         0xc061cbe0     0x17b8 double_link_list.o
                0xc061cbe0                current_tty
                0xc061cbe4                is_e0
                0xc061cbe8                idt_ptr
                0xc061cbf0                pid
                0xc061cbf4                KernelVirtualMemory
                0xc061cc00                loop
                0xc061cc04                current_dis_pos
                0xc061cc08                dis_pos
                0xc061cc0c                netdev
                0xc061cc10                k_reenter
                0xc061cc20                gdt
                0xc061d020                proc_ready_table
                0xc061d024                test_ticks
                0xc061d028                pcaller
                0xc061d040                keyboard_buffer
                0xc061d24c                pcb_list
                0xc061d25c                gdt_index
                0xc061d260                tty_table
                0xc061daa0                tss
                0xc061db0c                KernelPool
                0xc061db1c                net_buf
                0xc061db20                nic_current_page
                0xc061db24                counter
                0xc061db28                key_pressed
                0xc061db2c                fork_pid
                0xc061db30                is_shift
                0xc061db31                net_data
                0xc061db34                routes
                0xc061db38                gdt_ptr
                0xc061db40                idt
                0xc061e340                main_thread
                0xc061e348                ticks
                0xc061e350                is_init
                0xc061e354                UserPool
                0xc061e364                all_pcb_list
                0xc061e374                console_table
                0xc061e384                is_disp
                0xc061e388                MAIN_THREAD_PAGE_DIRECTORY
                0xc061e38c                helloStr
 *fill*         0xc061e398        0x8 
 COMMON         0xc061e3a0    0xa1d40 global.o
                0xc061e3a0                proc_stack
                0xc06be3a0                proc_table
 COMMON         0xc06c00e0      0x440 hd/hd.o
                0xc06c00e0                hd_info
                0xc06c0320                hd_cache
 COMMON         0xc06c0520      0xe68 fs/fs_main.o
                0xc06c0520                file_desc_table
                0xc06c0920                phy_super_block_buf
                0xc06c0924                phy_fsbuf
                0xc06c0940                inode_table
                0xc06c1340                super_block_buf
                0xc06c1344                fsbuf
                0xc06c1360                root
 *fill*         0xc06c1388       0x18 
 COMMON         0xc06c13a0       0xa8 mem/mem.o
                0xc06c13a0                kernel_mem_block_decs_array
                0xc06c1448                        . = ALIGN ((. != 0x0)?0x4:0x1)
                0xc06c1448                        . = ALIGN (0x4)
                0xc06c1448                        . = SEGMENT_START ("ldata-segment", .)
                0xc06c1448                        . = ALIGN (0x4)
                0xc06c1448                        _end = .
                [!provide]                        PROVIDE (end = .)
                0xc06c1448                        . = DATA_SEGMENT_END (.)

.stab
 *(.stab)

.stabstr
 *(.stabstr)

.stab.excl
 *(.stab.excl)

.stab.exclstr
 *(.stab.exclstr)

.stab.index
 *(.stab.index)

.stab.indexstr
 *(.stab.indexstr)

.comment        0x00000000       0x2c
 *(.comment)
 .comment       0x00000000       0x2c double_link_list.o
                                 0x2d (size before relaxing)
 .comment       0x0000002c       0x2d global.o
 .comment       0x0000002c       0x2d kernel_main_old.o
 .comment       0x0000002c       0x2d kernel_main.o
 .comment       0x0000002c       0x2d protect.o
 .comment       0x0000002c       0x2d console.o
 .comment       0x0000002c       0x2d process.o
 .comment       0x0000002c       0x2d keyboard.o
 .comment       0x0000002c       0x2d thread.o
 .comment       0x0000002c       0x2d my_process.o
 .comment       0x0000002c       0x2d network/skbuff.o
 .comment       0x0000002c       0x2d network/socket.o
 .comment       0x0000002c       0x2d network/ip_input.o
 .comment       0x0000002c       0x2d network/udp_sock.o
 .comment       0x0000002c       0x2d network/icmpv4.o
 .comment       0x0000002c       0x2d network/ip_output.o
 .comment       0x0000002c       0x2d network/tcp.o
 .comment       0x0000002c       0x2d network/route.o
 .comment       0x0000002c       0x2d network/sock.o
 .comment       0x0000002c       0x2d network/tcp_output.o
 .comment       0x0000002c       0x2d network/arp.o
 .comment       0x0000002c       0x2d network/tcp_sock.o
 .comment       0x0000002c       0x2d network/ipc.o
 .comment       0x0000002c       0x2d network/inet.o
 .comment       0x0000002c       0x2d network/dst.o
 .comment       0x0000002c       0x2d network/tcp_input.o
 .comment       0x0000002c       0x2d network/task_network.o
 .comment       0x0000002c       0x2d network/netdev.o
 .comment       0x0000002c       0x2d network/udp.o
 .comment       0x0000002c       0x2d network/tcp_data.o
 .comment       0x0000002c       0x2d network/utils.o
 .comment       0x0000002c       0x2d hd/hd.o
 .comment       0x0000002c       0x2d fs/fs_main.o
 .comment       0x0000002c       0x2d mm/forkexit.o
 .comment       0x0000002c       0x2d mm/exec.o
 .comment       0x0000002c       0x2d mm/main.o
 .comment       0x0000002c       0x2d mem/mem.o
 .comment       0x0000002c       0x2d lib/exec.o
 .comment       0x0000002c       0x2d lib/fork.o
 .comment       0x0000002c       0x2d lib/exit.o
 .comment       0x0000002c       0x2d lib/unlink.o
 .comment       0x0000002c       0x2d lib/wait.o
 .comment       0x0000002c       0x2d lib/socket_close.o
 .comment       0x0000002c       0x2d lib/socket_read.o
 .comment       0x0000002c       0x2d lib/alloca.o
 .comment       0x0000002c       0x2d lib/calloc.o
 .comment       0x0000002c       0x2d lib/floor.o
 .comment       0x0000002c       0x2d lib/socket_write.o
 .comment       0x0000002c       0x2d lib/getpid.o
 .comment       0x0000002c       0x2d lib/stdlib/atoi.o
 .comment       0x0000002c       0x2d lib/stdlib/strtol.o
 .comment       0x0000002c       0x2d lib/string/strtok.o
 .comment       0x0000002c       0x2d lib/string/strcmp.o
 .comment       0x0000002c       0x2d lib/string/strncmp.o
 .comment       0x0000002c       0x2d lib/string/strpbrk.o
 .comment       0x0000002c       0x2d lib/stdio/read.o
 .comment       0x0000002c       0x2d lib/stdio/perror.o
 .comment       0x0000002c       0x2d lib/stdio/sscanf.o
 .comment       0x0000002c       0x2d lib/stdio/open.o
 .comment       0x0000002c       0x2d lib/stdio/write.o
 .comment       0x0000002c       0x2d lib/stdio/close.o
 .comment       0x0000002c       0x2d lib/sys/socket.o
 .comment       0x0000002c       0x2d lib/sys/connect.o
 .comment       0x0000002c       0x2d lib/arpa/ntohs.o
 .comment       0x0000002c       0x2d lib/arpa/htonl.o
 .comment       0x0000002c       0x2d lib/arpa/htons.o
 .comment       0x0000002c       0x2d lib/arpa/inet_pton.o
 .comment       0x0000002c       0x2d lib/arpa/ntohl.o
 .comment       0x0000002c       0x2d lib/arpa/inet_ntop.o

.gnu.build.attributes
 *(.gnu.build.attributes .gnu.build.attributes.*)

.debug
 *(.debug)

.line
 *(.line)

.debug_srcinfo
 *(.debug_srcinfo)

.debug_sfnames
 *(.debug_sfnames)

.debug_aranges  0x00000000      0x898
 *(.debug_aranges)
 .debug_aranges
                0x00000000       0x20 double_link_list.o
 .debug_aranges
                0x00000020       0x18 global.o
 .debug_aranges
                0x00000038       0x20 kernel_main_old.o
 .debug_aranges
                0x00000058       0x20 kernel_main.o
 .debug_aranges
                0x00000078       0x20 protect.o
 .debug_aranges
                0x00000098       0x20 console.o
 .debug_aranges
                0x000000b8       0x20 process.o
 .debug_aranges
                0x000000d8       0x20 keyboard.o
 .debug_aranges
                0x000000f8       0x20 thread.o
 .debug_aranges
                0x00000118       0x20 my_process.o
 .debug_aranges
                0x00000138       0x20 network/skbuff.o
 .debug_aranges
                0x00000158       0x20 network/socket.o
 .debug_aranges
                0x00000178       0x20 network/ip_input.o
 .debug_aranges
                0x00000198       0x20 network/udp_sock.o
 .debug_aranges
                0x000001b8       0x20 network/icmpv4.o
 .debug_aranges
                0x000001d8       0x20 network/ip_output.o
 .debug_aranges
                0x000001f8       0x20 network/tcp.o
 .debug_aranges
                0x00000218       0x20 network/route.o
 .debug_aranges
                0x00000238       0x20 network/sock.o
 .debug_aranges
                0x00000258       0x20 network/tcp_output.o
 .debug_aranges
                0x00000278       0x20 network/arp.o
 .debug_aranges
                0x00000298       0x20 network/tcp_sock.o
 .debug_aranges
                0x000002b8       0x20 network/ipc.o
 .debug_aranges
                0x000002d8       0x20 network/inet.o
 .debug_aranges
                0x000002f8       0x20 network/dst.o
 .debug_aranges
                0x00000318       0x20 network/tcp_input.o
 .debug_aranges
                0x00000338       0x20 network/task_network.o
 .debug_aranges
                0x00000358       0x20 network/netdev.o
 .debug_aranges
                0x00000378       0x20 network/udp.o
 .debug_aranges
                0x00000398       0x20 network/tcp_data.o
 .debug_aranges
                0x000003b8       0x20 network/utils.o
 .debug_aranges
                0x000003d8       0x20 hd/hd.o
 .debug_aranges
                0x000003f8       0x20 fs/fs_main.o
 .debug_aranges
                0x00000418       0x20 mm/forkexit.o
 .debug_aranges
                0x00000438       0x20 mm/exec.o
 .debug_aranges
                0x00000458       0x20 mm/main.o
 .debug_aranges
                0x00000478       0x20 mem/mem.o
 .debug_aranges
                0x00000498       0x20 lib/exec.o
 .debug_aranges
                0x000004b8       0x20 lib/fork.o
 .debug_aranges
                0x000004d8       0x20 lib/exit.o
 .debug_aranges
                0x000004f8       0x20 lib/unlink.o
 .debug_aranges
                0x00000518       0x20 lib/wait.o
 .debug_aranges
                0x00000538       0x20 lib/socket_close.o
 .debug_aranges
                0x00000558       0x20 lib/socket_read.o
 .debug_aranges
                0x00000578       0x20 lib/alloca.o
 .debug_aranges
                0x00000598       0x20 lib/calloc.o
 .debug_aranges
                0x000005b8       0x20 lib/floor.o
 .debug_aranges
                0x000005d8       0x20 lib/socket_write.o
 .debug_aranges
                0x000005f8       0x20 lib/getpid.o
 .debug_aranges
                0x00000618       0x20 lib/stdlib/atoi.o
 .debug_aranges
                0x00000638       0x20 lib/stdlib/strtol.o
 .debug_aranges
                0x00000658       0x20 lib/string/strtok.o
 .debug_aranges
                0x00000678       0x20 lib/string/strcmp.o
 .debug_aranges
                0x00000698       0x20 lib/string/strncmp.o
 .debug_aranges
                0x000006b8       0x20 lib/string/strpbrk.o
 .debug_aranges
                0x000006d8       0x20 lib/stdio/read.o
 .debug_aranges
                0x000006f8       0x20 lib/stdio/perror.o
 .debug_aranges
                0x00000718       0x20 lib/stdio/sscanf.o
 .debug_aranges
                0x00000738       0x20 lib/stdio/open.o
 .debug_aranges
                0x00000758       0x20 lib/stdio/write.o
 .debug_aranges
                0x00000778       0x20 lib/stdio/close.o
 .debug_aranges
                0x00000798       0x20 lib/sys/socket.o
 .debug_aranges
                0x000007b8       0x20 lib/sys/connect.o
 .debug_aranges
                0x000007d8       0x20 lib/arpa/ntohs.o
 .debug_aranges
                0x000007f8       0x20 lib/arpa/htonl.o
 .debug_aranges
                0x00000818       0x20 lib/arpa/htons.o
 .debug_aranges
                0x00000838       0x20 lib/arpa/inet_pton.o
 .debug_aranges
                0x00000858       0x20 lib/arpa/ntohl.o
 .debug_aranges
                0x00000878       0x20 lib/arpa/inet_ntop.o

.debug_pubnames
 *(.debug_pubnames)

.debug_info     0x00000000    0x46384
 *(.debug_info .gnu.linkonce.wi.*)
 .debug_info    0x00000000     0x10b1 double_link_list.o
 .debug_info    0x000010b1      0xef9 global.o
 .debug_info    0x00001faa     0x28d0 kernel_main_old.o
 .debug_info    0x0000487a     0x11d5 kernel_main.o
 .debug_info    0x00005a4f     0x1224 protect.o
 .debug_info    0x00006c73     0x12f9 console.o
 .debug_info    0x00007f6c      0xfd1 process.o
 .debug_info    0x00008f3d     0x104d keyboard.o
 .debug_info    0x00009f8a     0x10d8 thread.o
 .debug_info    0x0000b062     0x150c my_process.o
 .debug_info    0x0000c56e     0x11cc network/skbuff.o
 .debug_info    0x0000d73a     0x1c35 network/socket.o
 .debug_info    0x0000f36f     0x1ae1 network/ip_input.o
 .debug_info    0x00010e50     0x1f13 network/udp_sock.o
 .debug_info    0x00012d63     0x193f network/icmpv4.o
 .debug_info    0x000146a2     0x177b network/ip_output.o
 .debug_info    0x00015e1d     0x1e44 network/tcp.o
 .debug_info    0x00017c61     0x1390 network/route.o
 .debug_info    0x00018ff1     0x1896 network/sock.o
 .debug_info    0x0001a887     0x235f network/tcp_output.o
 .debug_info    0x0001cbe6     0x195f network/arp.o
 .debug_info    0x0001e545     0x2235 network/tcp_sock.o
 .debug_info    0x0002077a     0x1d7c network/ipc.o
 .debug_info    0x000224f6     0x1a9a network/inet.o
 .debug_info    0x00023f90     0x126c network/dst.o
 .debug_info    0x000251fc     0x2147 network/tcp_input.o
 .debug_info    0x00027343     0x10bc network/task_network.o
 .debug_info    0x000283ff     0x1948 network/netdev.o
 .debug_info    0x00029d47     0x1b44 network/udp.o
 .debug_info    0x0002b88b     0x1dad network/tcp_data.o
 .debug_info    0x0002d638      0x367 network/utils.o
 .debug_info    0x0002d99f     0x1868 hd/hd.o
 .debug_info    0x0002f207     0x1faa fs/fs_main.o
 .debug_info    0x000311b1     0x100d mm/forkexit.o
 .debug_info    0x000321be     0x1249 mm/exec.o
 .debug_info    0x00033407      0xe3b mm/main.o
 .debug_info    0x00034242     0x1dcd mem/mem.o
 .debug_info    0x0003600f      0xfaf lib/exec.o
 .debug_info    0x00036fbe      0xe17 lib/fork.o
 .debug_info    0x00037dd5      0xe22 lib/exit.o
 .debug_info    0x00038bf7      0xf00 lib/unlink.o
 .debug_info    0x00039af7      0xe30 lib/wait.o
 .debug_info    0x0003a927     0x1043 lib/socket_close.o
 .debug_info    0x0003b96a     0x114b lib/socket_read.o
 .debug_info    0x0003cab5       0xb6 lib/alloca.o
 .debug_info    0x0003cb6b      0xf28 lib/calloc.o
 .debug_info    0x0003da93       0x6b lib/floor.o
 .debug_info    0x0003dafe     0x1150 lib/socket_write.o
 .debug_info    0x0003ec4e      0xe17 lib/getpid.o
 .debug_info    0x0003fa65       0xc9 lib/stdlib/atoi.o
 .debug_info    0x0003fb2e       0xd6 lib/stdlib/strtol.o
 .debug_info    0x0003fc04       0xae lib/string/strtok.o
 .debug_info    0x0003fcb2       0xc1 lib/string/strcmp.o
 .debug_info    0x0003fd73      0x110 lib/string/strncmp.o
 .debug_info    0x0003fe83       0xcf lib/string/strpbrk.o
 .debug_info    0x0003ff52      0xea1 lib/stdio/read.o
 .debug_info    0x00040df3       0x5c lib/stdio/perror.o
 .debug_info    0x00040e4f      0x202 lib/stdio/sscanf.o
 .debug_info    0x00041051      0xe02 lib/stdio/open.o
 .debug_info    0x00041e53      0xe9e lib/stdio/write.o
 .debug_info    0x00042cf1      0xdb6 lib/stdio/close.o
 .debug_info    0x00043aa7     0x1130 lib/sys/socket.o
 .debug_info    0x00044bd7     0x10dd lib/sys/connect.o
 .debug_info    0x00045cb4       0xa8 lib/arpa/ntohs.o
 .debug_info    0x00045d5c       0xcb lib/arpa/htonl.o
 .debug_info    0x00045e27       0xa8 lib/arpa/htons.o
 .debug_info    0x00045ecf      0x260 lib/arpa/inet_pton.o
 .debug_info    0x0004612f       0xcb lib/arpa/ntohl.o
 .debug_info    0x000461fa      0x18a lib/arpa/inet_ntop.o

.debug_abbrev   0x00000000     0x859a
 *(.debug_abbrev)
 .debug_abbrev  0x00000000      0x216 double_link_list.o
 .debug_abbrev  0x00000216      0x157 global.o
 .debug_abbrev  0x0000036d      0x43a kernel_main_old.o
 .debug_abbrev  0x000007a7      0x25e kernel_main.o
 .debug_abbrev  0x00000a05      0x227 protect.o
 .debug_abbrev  0x00000c2c      0x2ac console.o
 .debug_abbrev  0x00000ed8      0x1e0 process.o
 .debug_abbrev  0x000010b8      0x1fb keyboard.o
 .debug_abbrev  0x000012b3      0x222 thread.o
 .debug_abbrev  0x000014d5      0x260 my_process.o
 .debug_abbrev  0x00001735      0x23f network/skbuff.o
 .debug_abbrev  0x00001974      0x327 network/socket.o
 .debug_abbrev  0x00001c9b      0x2d1 network/ip_input.o
 .debug_abbrev  0x00001f6c      0x3b1 network/udp_sock.o
 .debug_abbrev  0x0000231d      0x236 network/icmpv4.o
 .debug_abbrev  0x00002553      0x213 network/ip_output.o
 .debug_abbrev  0x00002766      0x332 network/tcp.o
 .debug_abbrev  0x00002a98      0x263 network/route.o
 .debug_abbrev  0x00002cfb      0x273 network/sock.o
 .debug_abbrev  0x00002f6e      0x39b network/tcp_output.o
 .debug_abbrev  0x00003309      0x330 network/arp.o
 .debug_abbrev  0x00003639      0x3e6 network/tcp_sock.o
 .debug_abbrev  0x00003a1f      0x311 network/ipc.o
 .debug_abbrev  0x00003d30      0x24b network/inet.o
 .debug_abbrev  0x00003f7b      0x23a network/dst.o
 .debug_abbrev  0x000041b5      0x355 network/tcp_input.o
 .debug_abbrev  0x0000450a      0x1e9 network/task_network.o
 .debug_abbrev  0x000046f3      0x336 network/netdev.o
 .debug_abbrev  0x00004a29      0x2d3 network/udp.o
 .debug_abbrev  0x00004cfc      0x2a6 network/tcp_data.o
 .debug_abbrev  0x00004fa2      0x17a network/utils.o
 .debug_abbrev  0x0000511c      0x2e3 hd/hd.o
 .debug_abbrev  0x000053ff      0x2f8 fs/fs_main.o
 .debug_abbrev  0x000056f7      0x204 mm/forkexit.o
 .debug_abbrev  0x000058fb      0x1c4 mm/exec.o
 .debug_abbrev  0x00005abf      0x208 mm/main.o
 .debug_abbrev  0x00005cc7      0x330 mem/mem.o
 .debug_abbrev  0x00005ff7      0x1e8 lib/exec.o
 .debug_abbrev  0x000061df      0x18a lib/fork.o
 .debug_abbrev  0x00006369      0x19b lib/exit.o
 .debug_abbrev  0x00006504      0x193 lib/unlink.o
 .debug_abbrev  0x00006697      0x19f lib/wait.o
 .debug_abbrev  0x00006836      0x1b0 lib/socket_close.o
 .debug_abbrev  0x000069e6      0x1dd lib/socket_read.o
 .debug_abbrev  0x00006bc3       0xcd lib/alloca.o
 .debug_abbrev  0x00006c90      0x191 lib/calloc.o
 .debug_abbrev  0x00006e21       0x6a lib/floor.o
 .debug_abbrev  0x00006e8b      0x1db lib/socket_write.o
 .debug_abbrev  0x00007066      0x18a lib/getpid.o
 .debug_abbrev  0x000071f0       0x94 lib/stdlib/atoi.o
 .debug_abbrev  0x00007284       0x8b lib/stdlib/strtol.o
 .debug_abbrev  0x0000730f       0x91 lib/string/strtok.o
 .debug_abbrev  0x000073a0       0x94 lib/string/strcmp.o
 .debug_abbrev  0x00007434       0xbe lib/string/strncmp.o
 .debug_abbrev  0x000074f2       0xa5 lib/string/strpbrk.o
 .debug_abbrev  0x00007597      0x1ef lib/stdio/read.o
 .debug_abbrev  0x00007786       0x5c lib/stdio/perror.o
 .debug_abbrev  0x000077e2       0xca lib/stdio/sscanf.o
 .debug_abbrev  0x000078ac      0x1c5 lib/stdio/open.o
 .debug_abbrev  0x00007a71      0x1db lib/stdio/write.o
 .debug_abbrev  0x00007c4c      0x19d lib/stdio/close.o
 .debug_abbrev  0x00007de9      0x1cc lib/sys/socket.o
 .debug_abbrev  0x00007fb5      0x1b7 lib/sys/connect.o
 .debug_abbrev  0x0000816c       0x6c lib/arpa/ntohs.o
 .debug_abbrev  0x000081d8       0xa5 lib/arpa/htonl.o
 .debug_abbrev  0x0000827d       0x6c lib/arpa/htons.o
 .debug_abbrev  0x000082e9      0x116 lib/arpa/inet_pton.o
 .debug_abbrev  0x000083ff       0xa5 lib/arpa/ntohl.o
 .debug_abbrev  0x000084a4       0xf6 lib/arpa/inet_ntop.o

.debug_line     0x00000000     0xaa29
 *(.debug_line .debug_line.* .debug_line_end)
 .debug_line    0x00000000      0x235 double_link_list.o
 .debug_line    0x00000235       0xb3 global.o
 .debug_line    0x000002e8      0xe5a kernel_main_old.o
 .debug_line    0x00001142      0x26d kernel_main.o
 .debug_line    0x000013af      0x21d protect.o
 .debug_line    0x000015cc      0x56c console.o
 .debug_line    0x00001b38      0x1d8 process.o
 .debug_line    0x00001d10      0x2b4 keyboard.o
 .debug_line    0x00001fc4      0x163 thread.o
 .debug_line    0x00002127      0x359 my_process.o
 .debug_line    0x00002480      0x1ab network/skbuff.o
 .debug_line    0x0000262b      0x3c8 network/socket.o
 .debug_line    0x000029f3      0x28e network/ip_input.o
 .debug_line    0x00002c81      0x4c8 network/udp_sock.o
 .debug_line    0x00003149      0x232 network/icmpv4.o
 .debug_line    0x0000337b      0x20b network/ip_output.o
 .debug_line    0x00003586      0x30d network/tcp.o
 .debug_line    0x00003893      0x2a5 network/route.o
 .debug_line    0x00003b38      0x238 network/sock.o
 .debug_line    0x00003d70      0x5a1 network/tcp_output.o
 .debug_line    0x00004311      0x54b network/arp.o
 .debug_line    0x0000485c      0x594 network/tcp_sock.o
 .debug_line    0x00004df0      0x614 network/ipc.o
 .debug_line    0x00005404      0x326 network/inet.o
 .debug_line    0x0000572a      0x199 network/dst.o
 .debug_line    0x000058c3      0x671 network/tcp_input.o
 .debug_line    0x00005f34      0x1bd network/task_network.o
 .debug_line    0x000060f1      0x4af network/netdev.o
 .debug_line    0x000065a0      0x302 network/udp.o
 .debug_line    0x000068a2      0x3ff network/tcp_data.o
 .debug_line    0x00006ca1      0x13c network/utils.o
 .debug_line    0x00006ddd      0x64d hd/hd.o
 .debug_line    0x0000742a      0xc43 fs/fs_main.o
 .debug_line    0x0000806d      0x192 mm/forkexit.o
 .debug_line    0x000081ff      0x22a mm/exec.o
 .debug_line    0x00008429      0x10a mm/main.o
 .debug_line    0x00008533      0x78e mem/mem.o
 .debug_line    0x00008cc1      0x1a9 lib/exec.o
 .debug_line    0x00008e6a       0xc3 lib/fork.o
 .debug_line    0x00008f2d       0xbe lib/exit.o
 .debug_line    0x00008feb       0xde lib/unlink.o
 .debug_line    0x000090c9       0xd5 lib/wait.o
 .debug_line    0x0000919e      0x151 lib/socket_close.o
 .debug_line    0x000092ef      0x192 lib/socket_read.o
 .debug_line    0x00009481       0x5f lib/alloca.o
 .debug_line    0x000094e0       0xf9 lib/calloc.o
 .debug_line    0x000095d9       0x5a lib/floor.o
 .debug_line    0x00009633      0x195 lib/socket_write.o
 .debug_line    0x000097c8       0xbe lib/getpid.o
 .debug_line    0x00009886       0xad lib/stdlib/atoi.o
 .debug_line    0x00009933       0xbb lib/stdlib/strtol.o
 .debug_line    0x000099ee       0x6e lib/string/strtok.o
 .debug_line    0x00009a5c       0x9c lib/string/strcmp.o
 .debug_line    0x00009af8       0xcc lib/string/strncmp.o
 .debug_line    0x00009bc4       0xb0 lib/string/strpbrk.o
 .debug_line    0x00009c74      0x15b lib/stdio/read.o
 .debug_line    0x00009dcf       0x48 lib/stdio/perror.o
 .debug_line    0x00009e17      0x220 lib/stdio/sscanf.o
 .debug_line    0x0000a037       0xc3 lib/stdio/open.o
 .debug_line    0x0000a0fa       0xe0 lib/stdio/write.o
 .debug_line    0x0000a1da       0xb3 lib/stdio/close.o
 .debug_line    0x0000a28d      0x194 lib/sys/socket.o
 .debug_line    0x0000a421      0x170 lib/sys/connect.o
 .debug_line    0x0000a591       0x6c lib/arpa/ntohs.o
 .debug_line    0x0000a5fd       0xc1 lib/arpa/htonl.o
 .debug_line    0x0000a6be       0x6c lib/arpa/htons.o
 .debug_line    0x0000a72a      0x167 lib/arpa/inet_pton.o
 .debug_line    0x0000a891       0xc1 lib/arpa/ntohl.o
 .debug_line    0x0000a952       0xd7 lib/arpa/inet_ntop.o

.debug_frame
 *(.debug_frame)

.debug_str      0x00000000     0x38c0
 *(.debug_str)
 .debug_str     0x00000000     0x38c0 double_link_list.o
                                0x6fa (size before relaxing)
 .debug_str     0x000038c0      0x628 global.o
 .debug_str     0x000038c0      0xba3 kernel_main_old.o
 .debug_str     0x000038c0      0x771 kernel_main.o
 .debug_str     0x000038c0      0x783 protect.o
 .debug_str     0x000038c0      0x777 console.o
 .debug_str     0x000038c0      0x662 process.o
 .debug_str     0x000038c0      0x6b4 keyboard.o
 .debug_str     0x000038c0      0x72f thread.o
 .debug_str     0x000038c0      0x916 my_process.o
 .debug_str     0x000038c0      0x71a network/skbuff.o
 .debug_str     0x000038c0      0x946 network/socket.o
 .debug_str     0x000038c0      0x9a2 network/ip_input.o
 .debug_str     0x000038c0      0xa78 network/udp_sock.o
 .debug_str     0x000038c0      0x921 network/icmpv4.o
 .debug_str     0x000038c0      0x85d network/ip_output.o
 .debug_str     0x000038c0      0xb34 network/tcp.o
 .debug_str     0x000038c0      0x7ce network/route.o
 .debug_str     0x000038c0      0x8bd network/sock.o
 .debug_str     0x000038c0      0xc24 network/tcp_output.o
 .debug_str     0x000038c0      0x90e network/arp.o
 .debug_str     0x000038c0      0xcc7 network/tcp_sock.o
 .debug_str     0x000038c0      0x935 network/ipc.o
 .debug_str     0x000038c0      0x905 network/inet.o
 .debug_str     0x000038c0      0x735 network/dst.o
 .debug_str     0x000038c0      0xb94 network/tcp_input.o
 .debug_str     0x000038c0      0x6ca network/task_network.o
 .debug_str     0x000038c0      0x92f network/netdev.o
 .debug_str     0x000038c0      0x954 network/udp.o
 .debug_str     0x000038c0      0xa50 network/tcp_data.o
 .debug_str     0x000038c0      0x1b8 network/utils.o
 .debug_str     0x000038c0      0x931 hd/hd.o
 .debug_str     0x000038c0      0xb12 fs/fs_main.o
 .debug_str     0x000038c0      0x62f mm/forkexit.o
 .debug_str     0x000038c0      0x885 mm/exec.o
 .debug_str     0x000038c0      0x5b0 mm/main.o
 .debug_str     0x000038c0      0xad6 mem/mem.o
 .debug_str     0x000038c0      0x644 lib/exec.o
 .debug_str     0x000038c0      0x5b6 lib/fork.o
 .debug_str     0x000038c0      0x5bd lib/exit.o
 .debug_str     0x000038c0      0x63c lib/unlink.o
 .debug_str     0x000038c0      0x5bd lib/wait.o
 .debug_str     0x000038c0      0x6db lib/socket_close.o
 .debug_str     0x000038c0      0x752 lib/socket_read.o
 .debug_str     0x000038c0       0xce lib/alloca.o
 .debug_str     0x000038c0      0x649 lib/calloc.o
 .debug_str     0x000038c0       0xa2 lib/floor.o
 .debug_str     0x000038c0      0x755 lib/socket_write.o
 .debug_str     0x000038c0      0x5ba lib/getpid.o
 .debug_str     0x000038c0       0xad lib/stdlib/atoi.o
 .debug_str     0x000038c0       0xc6 lib/stdlib/strtol.o
 .debug_str     0x000038c0       0xb9 lib/string/strtok.o
 .debug_str     0x000038c0       0xb1 lib/string/strcmp.o
 .debug_str     0x000038c0       0xba lib/string/strncmp.o
 .debug_str     0x000038c0       0xc1 lib/string/strpbrk.o
 .debug_str     0x000038c0      0x617 lib/stdio/read.o
 .debug_str     0x000038c0       0x99 lib/stdio/perror.o
 .debug_str     0x000038c0      0x109 lib/stdio/sscanf.o
 .debug_str     0x000038c0      0x5de lib/stdio/open.o
 .debug_str     0x000038c0      0x5f3 lib/stdio/write.o
 .debug_str     0x000038c0      0x5a6 lib/stdio/close.o
 .debug_str     0x000038c0      0x72b lib/sys/socket.o
 .debug_str     0x000038c0      0x735 lib/sys/connect.o
 .debug_str     0x000038c0      0x101 lib/arpa/ntohs.o
 .debug_str     0x000038c0       0xf4 lib/arpa/htonl.o
 .debug_str     0x000038c0      0x102 lib/arpa/htons.o
 .debug_str     0x000038c0      0x14c lib/arpa/inet_pton.o
 .debug_str     0x000038c0       0xf3 lib/arpa/ntohl.o
 .debug_str     0x000038c0      0x10f lib/arpa/inet_ntop.o

.debug_loc
 *(.debug_loc)

.debug_macinfo
 *(.debug_macinfo)

.debug_weaknames
 *(.debug_weaknames)

.debug_funcnames
 *(.debug_funcnames)

.debug_typenames
 *(.debug_typenames)

.debug_varnames
 *(.debug_varnames)

.debug_pubtypes
 *(.debug_pubtypes)

.debug_ranges   0x00000000       0x90
 *(.debug_ranges)
 .debug_ranges  0x00000000       0x30 kernel_main_old.o
 .debug_ranges  0x00000030       0x48 hd/hd.o
 .debug_ranges  0x00000078       0x18 mm/exec.o

.debug_addr
 *(.debug_addr)

.debug_line_str
 *(.debug_line_str)

.debug_loclists
 *(.debug_loclists)

.debug_macro
 *(.debug_macro)

.debug_names
 *(.debug_names)

.debug_rnglists
 *(.debug_rnglists)

.debug_str_offsets
 *(.debug_str_offsets)

.debug_sup
 *(.debug_sup)

.gnu.attributes
 *(.gnu.attributes)

/DISCARD/
 *(.note.GNU-stack)
 *(.gnu_debuglink)
 *(.gnu.lto_*)
OUTPUT(kernel.bin elf32-i386)
