
Merging program properties

Removed property 0xc0010001 to merge kernel_main.o (0x1) and kernel_sub.o (not found)
Removed property 0xc0010002 to merge kernel_main.o (0x0) and kernel_sub.o (not found)
Removed property 0xc0010001 to merge kernel_main.o (not found) and hd.o (0x1)
Removed property 0xc0010002 to merge kernel_main.o (not found) and hd.o (0x1)
Removed property 0xc0010001 to merge kernel_main.o (not found) and fs_main.o (0x1)
Removed property 0xc0010002 to merge kernel_main.o (not found) and fs_main.o (0x1)
Removed property 0xc0010001 to merge kernel_main.o (not found) and global.o (0x1)
Removed property 0xc0010002 to merge kernel_main.o (not found) and global.o (0x0)
Removed property 0xc0010001 to merge kernel_main.o (not found) and process.o (0x1)
Removed property 0xc0010002 to merge kernel_main.o (not found) and process.o (0x0)
Removed property 0xc0010001 to merge kernel_main.o (not found) and protect.o (0x1)
Removed property 0xc0010002 to merge kernel_main.o (not found) and protect.o (0x0)
Removed property 0xc0010001 to merge kernel_main.o (not found) and console.o (0x1)
Removed property 0xc0010002 to merge kernel_main.o (not found) and console.o (0x1)
Removed property 0xc0010001 to merge kernel_main.o (not found) and keyboard.o (0x1)
Removed property 0xc0010002 to merge kernel_main.o (not found) and keyboard.o (0x0)
Removed property 0xc0010001 to merge kernel_main.o (not found) and open.o (0x1)
Removed property 0xc0010002 to merge kernel_main.o (not found) and open.o (0x0)
Removed property 0xc0010001 to merge kernel_main.o (not found) and read.o (0x1)
Removed property 0xc0010002 to merge kernel_main.o (not found) and read.o (0x0)
Removed property 0xc0010001 to merge kernel_main.o (not found) and write.o (0x1)
Removed property 0xc0010002 to merge kernel_main.o (not found) and write.o (0x0)
Removed property 0xc0010001 to merge kernel_main.o (not found) and close.o (0x1)
Removed property 0xc0010002 to merge kernel_main.o (not found) and close.o (0x0)
Removed property 0xc0010001 to merge kernel_main.o (not found) and wait.o (0x1)
Removed property 0xc0010002 to merge kernel_main.o (not found) and wait.o (0x0)
Removed property 0xc0010001 to merge kernel_main.o (not found) and exit.o (0x1)
Removed property 0xc0010002 to merge kernel_main.o (not found) and exit.o (0x0)
Removed property 0xc0010001 to merge kernel_main.o (not found) and fork.o (0x1)
Removed property 0xc0010002 to merge kernel_main.o (not found) and fork.o (0x0)
Removed property 0xc0010001 to merge kernel_main.o (not found) and getpid.o (0x1)
Removed property 0xc0010002 to merge kernel_main.o (not found) and getpid.o (0x0)
Removed property 0xc0010001 to merge kernel_main.o (not found) and exec.o (0x1)
Removed property 0xc0010002 to merge kernel_main.o (not found) and exec.o (0x0)
Removed property 0xc0010001 to merge kernel_main.o (not found) and mm/main.o (0x1)
Removed property 0xc0010002 to merge kernel_main.o (not found) and mm/main.o (0x0)
Removed property 0xc0010001 to merge kernel_main.o (not found) and mm/exec.o (0x1)
Removed property 0xc0010002 to merge kernel_main.o (not found) and mm/exec.o (0x0)
Removed property 0xc0010001 to merge kernel_main.o (not found) and mm/forkexit.o (0x1)
Removed property 0xc0010002 to merge kernel_main.o (not found) and mm/forkexit.o (0x0)
Removed property 0xc0010001 to merge kernel_main.o (not found) and kernel_main_old.o (0x1)
Removed property 0xc0010002 to merge kernel_main.o (not found) and kernel_main_old.o (0x1)
Removed property 0xc0010001 to merge kernel_main.o (not found) and my_process.o (0x1)
Removed property 0xc0010002 to merge kernel_main.o (not found) and my_process.o (0x1)
Removed property 0xc0010001 to merge kernel_main.o (not found) and double_link_list.o (0x1)
Removed property 0xc0010002 to merge kernel_main.o (not found) and double_link_list.o (0x0)
Removed property 0xc0010001 to merge kernel_main.o (not found) and thread.o (0x1)
Removed property 0xc0010002 to merge kernel_main.o (not found) and thread.o (0x0)

Allocating common symbols
Common symbol       size              file

current_tty         0x4               kernel_main.o
file_desc_table     0x400             fs_main.o
is_e0               0x1               kernel_main.o
phy_super_block_buf
                    0x4               fs_main.o
phy_fsbuf           0x4               fs_main.o
idt_ptr             0x6               kernel_main.o
pid                 0x4               kernel_main.o
KernelVirtualMemory
                    0xc               kernel_main.o
inode_table         0xa00             fs_main.o
current_dis_pos     0x4               kernel_main.o
dis_pos             0x4               kernel_main.o
k_reenter           0x4               kernel_main.o
super_block_buf     0x4               fs_main.o
gdt                 0x400             kernel_main.o
proc_ready_table    0x4               kernel_main.o
test_ticks          0x4               kernel_main.o
hd_info             0x224             hd.o
proc_stack          0x70000           global.o
pcaller             0x4               kernel_main.o
keyboard_buffer     0x20c             kernel_main.o
pcb_list            0x10              kernel_main.o
gdt_index           0x4               kernel_main.o
tty_table           0x828             kernel_main.o
tss                 0x6c              kernel_main.o
KernelPool          0x10              kernel_main.o
fsbuf               0x4               fs_main.o
root                0x28              fs_main.o
kernel_mem_block_decs_array
                    0xf0              mem/mem.o
counter             0x4               kernel_main.o
key_pressed         0x4               kernel_main.o
fork_pid            0x4               kernel_main.o
is_shift            0x1               kernel_main.o
gdt_ptr             0x6               kernel_main.o
idt                 0x800             kernel_main.o
main_thread         0x4               kernel_main.o
ticks               0x8               kernel_main.o
is_init             0x1               kernel_main.o
UserPool            0x10              kernel_main.o
all_pcb_list        0x10              kernel_main.o
console_table       0x10              kernel_main.o
is_disp             0x1               kernel_main.o
MAIN_THREAD_PAGE_DIRECTORY
                    0x4               kernel_main.o
proc_table          0x15e0            global.o
hd_cache            0x200             hd.o

Discarded input sections

 .note.GNU-stack
                0x00000000        0x0 kernel_main.o
 .note.gnu.property
                0x00000000       0x28 kernel_main.o
 .note.GNU-stack
                0x00000000        0x0 hd.o
 .note.gnu.property
                0x00000000       0x28 hd.o
 .note.GNU-stack
                0x00000000        0x0 fs_main.o
 .note.gnu.property
                0x00000000       0x28 fs_main.o
 .note.GNU-stack
                0x00000000        0x0 global.o
 .note.gnu.property
                0x00000000       0x28 global.o
 .note.GNU-stack
                0x00000000        0x0 process.o
 .note.gnu.property
                0x00000000       0x28 process.o
 .note.GNU-stack
                0x00000000        0x0 protect.o
 .note.gnu.property
                0x00000000       0x28 protect.o
 .note.GNU-stack
                0x00000000        0x0 console.o
 .note.gnu.property
                0x00000000       0x28 console.o
 .note.GNU-stack
                0x00000000        0x0 keyboard.o
 .note.gnu.property
                0x00000000       0x28 keyboard.o
 .note.GNU-stack
                0x00000000        0x0 open.o
 .note.gnu.property
                0x00000000       0x28 open.o
 .note.GNU-stack
                0x00000000        0x0 read.o
 .note.gnu.property
                0x00000000       0x28 read.o
 .note.GNU-stack
                0x00000000        0x0 write.o
 .note.gnu.property
                0x00000000       0x28 write.o
 .note.GNU-stack
                0x00000000        0x0 close.o
 .note.gnu.property
                0x00000000       0x28 close.o
 .note.GNU-stack
                0x00000000        0x0 wait.o
 .note.gnu.property
                0x00000000       0x28 wait.o
 .note.GNU-stack
                0x00000000        0x0 exit.o
 .note.gnu.property
                0x00000000       0x28 exit.o
 .note.GNU-stack
                0x00000000        0x0 fork.o
 .note.gnu.property
                0x00000000       0x28 fork.o
 .note.GNU-stack
                0x00000000        0x0 getpid.o
 .note.gnu.property
                0x00000000       0x28 getpid.o
 .note.GNU-stack
                0x00000000        0x0 exec.o
 .note.gnu.property
                0x00000000       0x28 exec.o
 .note.GNU-stack
                0x00000000        0x0 mm/main.o
 .note.gnu.property
                0x00000000       0x28 mm/main.o
 .note.GNU-stack
                0x00000000        0x0 mm/exec.o
 .note.gnu.property
                0x00000000       0x28 mm/exec.o
 .note.GNU-stack
                0x00000000        0x0 mm/forkexit.o
 .note.gnu.property
                0x00000000       0x28 mm/forkexit.o
 .note.GNU-stack
                0x00000000        0x0 mem/mem.o
 .note.GNU-stack
                0x00000000        0x0 kernel_main_old.o
 .note.gnu.property
                0x00000000       0x28 kernel_main_old.o
 .note.GNU-stack
                0x00000000        0x0 my_process.o
 .note.gnu.property
                0x00000000       0x28 my_process.o
 .note.GNU-stack
                0x00000000        0x0 double_link_list.o
 .note.gnu.property
                0x00000000       0x28 double_link_list.o
 .note.GNU-stack
                0x00000000        0x0 thread.o
 .note.gnu.property
                0x00000000       0x28 thread.o

Memory Configuration

Name             Origin             Length             Attributes
*default*        0x00000000         0xffffffff

Linker script and memory map

Address of section .text set to 0xc0100000
LOAD kernel_sub.o
LOAD kernel.o
LOAD string.o
LOAD kernel_main.o
LOAD hd.o
LOAD syscall.o
LOAD fs_main.o
LOAD global.o
LOAD hd_rdwt.o
LOAD process.o
LOAD protect.o
LOAD console.o
LOAD keyboard.o
LOAD open.o
LOAD read.o
LOAD write.o
LOAD close.o
LOAD wait.o
LOAD exit.o
LOAD fork.o
LOAD getpid.o
LOAD exec.o
LOAD mm/main.o
LOAD mm/exec.o
LOAD mm/forkexit.o
LOAD mem/mem.o
LOAD kernel_main_old.o
LOAD my_process.o
LOAD switch_to.o
LOAD double_link_list.o
LOAD thread.o
LOAD ne2000.o
                [!provide]                        PROVIDE (__executable_start = SEGMENT_START ("text-segment", 0x8048000))
                0x080480d4                        . = (SEGMENT_START ("text-segment", 0x8048000) + SIZEOF_HEADERS)

.interp
 *(.interp)

.note.gnu.build-id
 *(.note.gnu.build-id)

.hash
 *(.hash)

.gnu.hash
 *(.gnu.hash)

.dynsym
 *(.dynsym)

.dynstr
 *(.dynstr)

.gnu.version
 *(.gnu.version)

.gnu.version_d
 *(.gnu.version_d)

.gnu.version_r
 *(.gnu.version_r)

.rel.dyn        0x080480d4        0x0
 *(.rel.init)
 *(.rel.text .rel.text.* .rel.gnu.linkonce.t.*)
 .rel.text      0x080480d4        0x0 kernel_sub.o
 *(.rel.fini)
 *(.rel.rodata .rel.rodata.* .rel.gnu.linkonce.r.*)
 *(.rel.data.rel.ro .rel.data.rel.ro.* .rel.gnu.linkonce.d.rel.ro.*)
 *(.rel.data .rel.data.* .rel.gnu.linkonce.d.*)
 *(.rel.tdata .rel.tdata.* .rel.gnu.linkonce.td.*)
 *(.rel.tbss .rel.tbss.* .rel.gnu.linkonce.tb.*)
 *(.rel.ctors)
 *(.rel.dtors)
 *(.rel.got)
 .rel.got       0x080480d4        0x0 kernel_sub.o
 *(.rel.bss .rel.bss.* .rel.gnu.linkonce.b.*)
 *(.rel.ifunc)

.rel.plt        0x080480d4        0x0
 *(.rel.plt)
                [!provide]                        PROVIDE (__rel_iplt_start = .)
 *(.rel.iplt)
 .rel.iplt      0x080480d4        0x0 kernel_sub.o
                [!provide]                        PROVIDE (__rel_iplt_end = .)

.relr.dyn
 *(.relr.dyn)
                0x08049000                        . = ALIGN (CONSTANT (MAXPAGESIZE))

.init
 *(SORT_NONE(.init))

.plt            0x08049000        0x0
 *(.plt)
 *(.iplt)
 .iplt          0x08049000        0x0 kernel_sub.o

.plt.got
 *(.plt.got)

.plt.sec
 *(.plt.sec)

.text           0xc0100000     0xa5ea
 *(.text.unlikely .text.*_unlikely .text.unlikely.*)
 *(.text.exit .text.exit.*)
 *(.text.startup .text.startup.*)
 *(.text.hot .text.hot.*)
 *(SORT_BY_NAME(.text.sorted.*))
 *(.text .stub .text.* .gnu.linkonce.t.*)
 .text          0xc0100000       0x71 kernel_sub.o
                0xc0100000                _start
 *fill*         0xc0100071        0xf 
 .text          0xc0100080      0x37e kernel.o
                0xc0100080                InterruptTest
                0xc010008c                disp_str
                0xc01000c7                disp_str_colour
                0xc0100103                divide_zero_fault
                0xc0100109                single_step_fault
                0xc010010f                non_maskable_interrupt
                0xc0100115                breakpoint_trap
                0xc010011b                overflow_trap
                0xc0100121                bound_range_exceeded_fault
                0xc0100127                invalid_opcode_fault
                0xc010012d                coprocessor_not_available_fault
                0xc0100133                double_fault_exception_abort
                0xc0100137                coprocessor_segment_overrun
                0xc010013d                invalid_task_state_segment_fault
                0xc0100141                segment_not_present_fault
                0xc0100145                stack_exception_fault
                0xc0100149                general_protection_exception_fault
                0xc0100154                page_fault
                0xc0100158                coprocessor_error_fault
                0xc010015e                align_check_fault
                0xc0100162                simd_float_exception_fault
                0xc0100171                hwint0
                0xc010019f                hwint1
                0xc01001e2                hwint14
                0xc0100228                hwint10
                0xc0100267                sys_call
                0xc01002ad                fork_restart
                0xc01002bc                restart
                0xc01002df                in_byte
                0xc01002eb                out_byte
                0xc010030d                disable_int
                0xc010030f                enable_int
                0xc01003a5                enable_8259A_casecade_irq
                0xc01003af                disable_8259A_casecade_irq
                0xc01003b9                enable_8259A_slave_winchester_irq
                0xc01003c3                disable_8259A_slave_winchester_irq
                0xc01003cd                update_cr3
                0xc01003da                update_tss
                0xc01003e9                get_running_thread_pcb
                0xc01003f1                sys_call_test
                0xc01003f4                enable_8259A_slave_net_irq
 .text          0xc01003fe      0x32f kernel_main.o
                0xc01003fe                kernel_main
                0xc0100584                init
                0xc0100632                kernel_thread_a
                0xc010067f                kernel_thread_b
                0xc01006cc                kernel_thread_c
                0xc01006e2                kernel_thread_d
                0xc01006f8                user_proc_a
                0xc0100715                user_proc_b
 .text          0xc010072d      0xe39 hd.o
                0xc010072d                TaskHD
                0xc0100772                init_hd
                0xc010078c                hd_handle
                0xc0100891                hd_cmd_out
                0xc0100993                hd_identify
                0xc0100a4a                print_hdinfo
                0xc0100bd8                print_dpt_entry
                0xc0100c44                get_partition_table
                0xc0100d23                partition
                0xc0100f3d                hd_open
                0xc0100fe4                get_hd_ioctl
                0xc0101095                wait_for
                0xc01010c6                interrupt_wait
                0xc0101116                hd_rdwt
                0xc01013b5                hd_handler
                0xc01013e1                net_handler
                0xc01013fd                waitfor
                0xc0101441                print_hd_info
                0xc010152e                is_empty
 *fill*         0xc0101566        0xa 
 .text          0xc0101570       0x69 syscall.o
                0xc0101570                write_debug
                0xc0101580                send_msg
                0xc0101596                receive_msg
                0xc01015ac                sys_malloc
                0xc01015c1                sys_free
 .text          0xc01015d9     0x204f fs_main.o
                0xc01015d9                task_fs
                0xc01017e4                rd_wt
                0xc01018bd                mkfs
                0xc0101e9f                init_fs
                0xc0101ef3                do_open
                0xc01020e2                search_file
                0xc0102214                strip_path
                0xc01022e0                get_inode
                0xc01024a2                create_file
                0xc01025ad                alloc_imap_bit
                0xc01026aa                alloc_smap_bit
                0xc010284b                new_inode
                0xc0102969                new_dir_entry
                0xc0102b75                do_unlink
                0xc0103051                do_rdwt
                0xc01033dc                sync_inode
                0xc0103530                put_inode
                0xc010356e                do_close
                0xc01035c0                get_super_block
 .text          0xc0103628        0x0 global.o
 .text          0xc0103628      0x21b process.o
                0xc0103628                schedule_process
                0xc0103735                clock_handler
                0xc01037a6                pid2proc
                0xc010382c                proc2pid
 .text          0xc0103843      0x3b3 protect.o
                0xc0103843                InitDescriptor
                0xc01038b0                Seg2PhyAddr
                0xc01038f1                Seg2PhyAddrLDT
                0xc0103935                VirAddr2PhyAddr
                0xc010394b                v2l
                0xc010398e                init_propt
                0xc0103b0f                InitInterruptDesc
                0xc0103b6b                ReloadGDT
 .text          0xc0103bf6      0xaca console.o
                0xc0103bf6                select_console
                0xc0103c32                flush
                0xc0103c6b                set_cursor
                0xc0103cc9                set_console_start_video_addr
                0xc0103d27                put_key
                0xc0103d93                scroll_up
                0xc0103dd5                scroll_down
                0xc0103e40                out_char
                0xc0103ffd                tty_dev_read
                0xc0104027                tty_dev_write
                0xc0104254                tty_do_read
                0xc010431c                tty_do_write
                0xc010447f                init_screen
                0xc0104508                init_tty
                0xc01045bd                TaskTTY
 .text          0xc01046c0      0x40f keyboard.o
                0xc01046c0                keyboard_handler
                0xc0104744                read_from_keyboard_buf
                0xc01047aa                keyboard_read
                0xc0104929                init_keyboard_handler
                0xc010493d                in_process
 .text          0xc0104acf       0x95 open.o
                0xc0104acf                open
 .text          0xc0104b64      0x181 read.o
                0xc0104b64                read
 .text          0xc0104ce5       0x85 write.o
                0xc0104ce5                write
 .text          0xc0104d6a       0x52 close.o
                0xc0104d6a                close
 .text          0xc0104dbc       0x44 wait.o
                0xc0104dbc                wait
 .text          0xc0104e00       0x2f exit.o
                0xc0104e00                exit
 .text          0xc0104e2f       0x48 fork.o
                0xc0104e2f                fork
 .text          0xc0104e77       0x2b getpid.o
                0xc0104e77                getpid
 .text          0xc0104ea2      0x285 exec.o
                0xc0104ea2                exec
                0xc0104f13                execv
                0xc0105102                execl
 .text          0xc0105127      0x148 mm/main.o
                0xc0105127                TaskMM
                0xc0105250                alloc_mem
 .text          0xc010526f      0x419 mm/exec.o
                0xc010526f                do_exec
 .text          0xc0105688      0x271 mm/forkexit.o
                0xc0105688                do_fork
                0xc01056f6                do_exit
                0xc0105780                do_wait
                0xc010589f                cleanup
 .text          0xc01058f9     0x1275 mem/mem.o
                0xc01058f9                init_bitmap
                0xc010591c                test_bit_val
                0xc0105985                set_bit_val
                0xc0105a00                set_bits
                0xc0105a3a                get_first_free_bit
                0xc0105a7e                get_bits
                0xc0105b46                get_a_page
                0xc0105bfa                get_virtual_address_start_with_addr
                0xc0105c94                get_virtual_address
                0xc0105d24                ptr_pde
                0xc0105d37                ptr_pte
                0xc0105d5e                add_map_entry
                0xc0105def                alloc_virtual_memory
                0xc0105ec2                get_physical_address_proc
                0xc0105f3e                get_physical_address
                0xc0105f70                alloc_physical_memory_of_proc
                0xc010605f                alloc_physical_memory
                0xc0106127                alloc_memory
                0xc0106189                get_a_virtual_page
                0xc01061c1                block2arena
                0xc01061d7                sys_malloc2
                0xc010648d                remove_map_entry
                0xc01064ae                free_a_page
                0xc0106555                sys_free2
                0xc01066dd                init_memory_block_desc
                0xc01067ae                init_memory2
                0xc0106a25                init_memory
 .text          0xc0106b6e     0x2d20 kernel_main_old.o
                0xc0106b6e                stop_here
                0xc0106bb2                catch_error
                0xc0106bcf                intr_enable
                0xc0106bf8                intr_disable
                0xc0106c21                intr_set_status
                0xc0106c3f                intr_get_status
                0xc0106c5c                Memcpy
                0xc0106c8f                untar
                0xc0106fa4                atoi
                0xc010704a                disp_int
                0xc0107073                do_page_fault
                0xc01071b0                exception_handler
                0xc0107397                init_internal_interrupt
                0xc010750c                spurious_irq
                0xc010759a                init_keyboard
                0xc01075dd                TestTTY
                0xc010767c                TestReadReturnValue
                0xc01076f9                TestWriteReturnValue
                0xc01077cd                TestFS2
                0xc01077db                TestFS
                0xc0107c7d                wait_exit
                0xc0107d7b                INIT_fork
                0xc0108073                simple_shell
                0xc01081fa                test_shell
                0xc0108262                test_exec
                0xc0108375                INIT
                0xc0108382                TestA
                0xc01083b7                delay
                0xc01083fb                TestB
                0xc0108413                TestC
                0xc0108446                sys_get_ticks
                0xc0108456                sys_write
                0xc01084aa                milli_delay
                0xc01084e6                TaskSys
                0xc01084eb                Printf
                0xc0108549                vsprintf
                0xc01086f5                printx
                0xc0108738                sys_printx
                0xc0108804                spin
                0xc010882a                panic
                0xc0108848                assertion_failure
                0xc01088ba                assertion_failure2
                0xc010892f                dead_lock
                0xc0108939                sys_send_msg
                0xc0108e58                sys_receive_msg
                0xc01094b8                send_rec
                0xc01095b3                block
                0xc01095ef                unblock
                0xc010963f                get_ticks_ipc
                0xc0109696                itoa
                0xc01096ec                i2a
                0xc0109752                inform_int
                0xc010981f                strcmp
 .text          0xc010988e      0x730 my_process.o
                0xc010988e                create_user_process_address_space
                0xc010991e                user_process
                0xc0109a4b                clone_pcb
                0xc0109bbd                build_body_stack
                0xc0109cf0                build_process_kernel_stack
                0xc0109db3                fork_process
                0xc0109e44                process_execute
 *fill*         0xc0109fbe        0x2 
 .text          0xc0109fc0       0x15 switch_to.o
                0xc0109fc0                switch_to
 .text          0xc0109fd5      0x329 double_link_list.o
                0xc0109fd5                initDoubleLinkList
                0xc010a003                isListEmpty
                0xc010a024                findElementInList
                0xc010a100                appendToDoubleLinkList
                0xc010a1e7                insertToDoubleLinkList
                0xc010a26a                popFromDoubleLinkList
 .text          0xc010a2fe      0x1b2 thread.o
                0xc010a2fe                kernel_thread
                0xc010a316                thread_init
                0xc010a3c3                thread_create
                0xc010a3f8                thread_start
 .text          0xc010a4b0      0x13a ne2000.o
                0xc010a4b0                DriverInitialize
                0xc010a51d                DriverSend
                0xc010a555                PCtoNIC
                0xc010a5a5                NICtoPC
 *(.gnu.warning)

.fini
 *(SORT_NONE(.fini))
                [!provide]                        PROVIDE (__etext = .)
                [!provide]                        PROVIDE (_etext = .)
                [!provide]                        PROVIDE (etext = .)
                0xc010b000                        . = ALIGN (CONSTANT (MAXPAGESIZE))
                0xc010b000                        . = SEGMENT_START ("rodata-segment", (ALIGN (CONSTANT (MAXPAGESIZE)) + (. & (CONSTANT (MAXPAGESIZE) - 0x1))))

.rodata         0xc010b000     0x113d
 *(.rodata .rodata.* .gnu.linkonce.r.*)
 .rodata        0xc010b000       0xf4 kernel_main.o
 .rodata        0xc010b0f4      0x1be hd.o
 *fill*         0xc010b2b2        0x2 
 .rodata        0xc010b2b4      0x1eb fs_main.o
                0xc010b2b4                FSBUF_SIZE
 .rodata        0xc010b49f       0x26 process.o
 .rodata        0xc010b4c5       0x22 console.o
 .rodata        0xc010b4e7       0x24 close.o
 .rodata        0xc010b50b       0x2d exec.o
 .rodata        0xc010b538       0x11 mm/main.o
 .rodata        0xc010b549       0x10 mm/exec.o
 .rodata        0xc010b559       0x21 mm/forkexit.o
 .rodata        0xc010b57a       0x41 mem/mem.o
 *fill*         0xc010b5bb        0x5 
 .rodata        0xc010b5c0      0xb51 kernel_main_old.o
 .rodata        0xc010c111       0x2c double_link_list.o

.txt            0xc010c13d       0xaa
 .txt           0xc010c13d       0x82 string.o
                0xc010c13d                Memcpy2
                0xc010c16b                Memset
                0xc010c18a                Strcpy
                0xc010c1a4                Strlen
 .txt           0xc010c1bf       0x28 hd_rdwt.o
                0xc010c1bf                read_port
                0xc010c1d3                write_port

.rodata1
 *(.rodata1)

.eh_frame_hdr
 *(.eh_frame_hdr)
 *(.eh_frame_entry .eh_frame_entry.*)

.eh_frame       0xc010c1e8     0x1848
 *(.eh_frame)
 .eh_frame      0xc010c1e8       0xfc kernel_main.o
 .eh_frame      0xc010c2e4      0x264 hd.o
                                0x27c (size before relaxing)
 .eh_frame      0xc010c548      0x27c fs_main.o
                                0x294 (size before relaxing)
 .eh_frame      0xc010c7c4       0x80 process.o
                                 0x98 (size before relaxing)
 .eh_frame      0xc010c844      0x100 protect.o
                                0x118 (size before relaxing)
 .eh_frame      0xc010c944      0x1e0 console.o
                                0x1f8 (size before relaxing)
 .eh_frame      0xc010cb24       0xa0 keyboard.o
                                 0xb8 (size before relaxing)
 .eh_frame      0xc010cbc4       0x20 open.o
                                 0x38 (size before relaxing)
 .eh_frame      0xc010cbe4       0x20 read.o
                                 0x38 (size before relaxing)
 .eh_frame      0xc010cc04       0x20 write.o
                                 0x38 (size before relaxing)
 .eh_frame      0xc010cc24       0x20 close.o
                                 0x38 (size before relaxing)
 .eh_frame      0xc010cc44       0x20 wait.o
                                 0x38 (size before relaxing)
 .eh_frame      0xc010cc64       0x20 exit.o
                                 0x38 (size before relaxing)
 .eh_frame      0xc010cc84       0x20 fork.o
                                 0x38 (size before relaxing)
 .eh_frame      0xc010cca4       0x20 getpid.o
                                 0x38 (size before relaxing)
 .eh_frame      0xc010ccc4       0x60 exec.o
                                 0x78 (size before relaxing)
 .eh_frame      0xc010cd24       0x3c mm/main.o
                                 0x54 (size before relaxing)
 .eh_frame      0xc010cd60       0x20 mm/exec.o
                                 0x38 (size before relaxing)
 .eh_frame      0xc010cd80       0x80 mm/forkexit.o
                                 0x98 (size before relaxing)
 .eh_frame      0xc010ce00      0x364 mem/mem.o
                                0x37c (size before relaxing)
 .eh_frame      0xc010d164      0x6ac kernel_main_old.o
                                0x6c4 (size before relaxing)
 .eh_frame      0xc010d810       0xe0 my_process.o
                                 0xf8 (size before relaxing)
 .eh_frame      0xc010d8f0       0xc0 double_link_list.o
                                 0xd8 (size before relaxing)
 .eh_frame      0xc010d9b0       0x80 thread.o
                                 0x98 (size before relaxing)
 *(.eh_frame.*)

.sframe
 *(.sframe)
 *(.sframe.*)

.gcc_except_table
 *(.gcc_except_table .gcc_except_table.*)

.gnu_extab
 *(.gnu_extab*)

.exception_ranges
 *(.exception_ranges*)
                0xc010e000                        . = DATA_SEGMENT_ALIGN (CONSTANT (MAXPAGESIZE), CONSTANT (COMMONPAGESIZE))

.eh_frame
 *(.eh_frame)
 *(.eh_frame.*)

.sframe
 *(.sframe)
 *(.sframe.*)

.gnu_extab
 *(.gnu_extab)

.gcc_except_table
 *(.gcc_except_table .gcc_except_table.*)

.exception_ranges
 *(.exception_ranges*)

.tdata          0xc010e000        0x0
                [!provide]                        PROVIDE (__tdata_start = .)
 *(.tdata .tdata.* .gnu.linkonce.td.*)

.tbss
 *(.tbss .tbss.* .gnu.linkonce.tb.*)
 *(.tcommon)

.preinit_array  0xc010e000        0x0
                [!provide]                        PROVIDE (__preinit_array_start = .)
 *(.preinit_array)
                [!provide]                        PROVIDE (__preinit_array_end = .)

.init_array     0xc010e000        0x0
                [!provide]                        PROVIDE (__init_array_start = .)
 *(SORT_BY_INIT_PRIORITY(.init_array.*) SORT_BY_INIT_PRIORITY(.ctors.*))
 *(.init_array EXCLUDE_FILE(*crtend?.o *crtend.o *crtbegin?.o *crtbegin.o) .ctors)
                [!provide]                        PROVIDE (__init_array_end = .)

.fini_array     0xc010e000        0x0
                [!provide]                        PROVIDE (__fini_array_start = .)
 *(SORT_BY_INIT_PRIORITY(.fini_array.*) SORT_BY_INIT_PRIORITY(.dtors.*))
 *(.fini_array EXCLUDE_FILE(*crtend?.o *crtend.o *crtbegin?.o *crtbegin.o) .dtors)
                [!provide]                        PROVIDE (__fini_array_end = .)

.ctors
 *crtbegin.o(.ctors)
 *crtbegin?.o(.ctors)
 *(EXCLUDE_FILE(*crtend?.o *crtend.o) .ctors)
 *(SORT_BY_NAME(.ctors.*))
 *(.ctors)

.dtors
 *crtbegin.o(.dtors)
 *crtbegin?.o(.dtors)
 *(EXCLUDE_FILE(*crtend?.o *crtend.o) .dtors)
 *(SORT_BY_NAME(.dtors.*))
 *(.dtors)

.jcr
 *(.jcr)

.data.rel.ro
 *(.data.rel.ro.local* .gnu.linkonce.d.rel.ro.local.*)
 *(.data.rel.ro .data.rel.ro.* .gnu.linkonce.d.rel.ro.*)

.dynamic
 *(.dynamic)

.got            0xc010e000        0x0
 *(.got)
 .got           0xc010e000        0x0 kernel_sub.o
 *(.igot)
                0xc010e000                        . = DATA_SEGMENT_RELRO_END (., (SIZEOF (.got.plt) >= 0xc)?0xc:0x0)

.got.plt        0xc010e000        0x0
 *(.got.plt)
 .got.plt       0xc010e000        0x0 kernel_sub.o
 *(.igot.plt)
 .igot.plt      0xc010e000        0x0 kernel_sub.o

.data           0xc010e000      0x760
 *(.data .data.* .gnu.linkonce.d.*)
 .data          0xc010e000        0xf kernel_sub.o
 *fill*         0xc010e00f        0x1 
 .data          0xc010e010        0xf kernel.o
 .data          0xc010e01f        0x0 kernel_main.o
 .data          0xc010e01f        0x0 hd.o
 *fill*         0xc010e01f        0x1 
 .data          0xc010e020        0x0 syscall.o
 .data          0xc010e020        0x0 fs_main.o
 .data          0xc010e020      0x128 global.o
                0xc010e020                user_task_table
                0xc010e0a0                sys_task_table
                0xc010e12c                sys_call_table
 .data          0xc010e148        0x0 process.o
 .data          0xc010e148        0x0 protect.o
 .data          0xc010e148        0x0 console.o
 *fill*         0xc010e148       0x18 
 .data          0xc010e160      0x600 keyboard.o
                0xc010e160                keymap
 .data          0xc010e760        0x0 open.o
 .data          0xc010e760        0x0 read.o
 .data          0xc010e760        0x0 write.o
 .data          0xc010e760        0x0 close.o
 .data          0xc010e760        0x0 wait.o
 .data          0xc010e760        0x0 exit.o
 .data          0xc010e760        0x0 fork.o
 .data          0xc010e760        0x0 getpid.o
 .data          0xc010e760        0x0 exec.o
 .data          0xc010e760        0x0 mm/main.o
 .data          0xc010e760        0x0 mm/exec.o
 .data          0xc010e760        0x0 mm/forkexit.o
 .data          0xc010e760        0x0 mem/mem.o
 .data          0xc010e760        0x0 kernel_main_old.o
 .data          0xc010e760        0x0 my_process.o
 .data          0xc010e760        0x0 double_link_list.o
 .data          0xc010e760        0x0 thread.o

.data1
 *(.data1)
                0xc010e760                        _edata = .
                [!provide]                        PROVIDE (edata = .)
                0xc010e760                        . = .
                0xc010e760                        __bss_start = .

.bss            0xc010e760    0x75170
 *(.dynbss)
 *(.bss .bss.* .gnu.linkonce.b.*)
 .bss           0xc010e760      0x800 kernel_sub.o
 .bss           0xc010ef60      0x800 kernel.o
 .bss           0xc010f760        0x0 kernel_main.o
 .bss           0xc010f760        0x0 hd.o
 .bss           0xc010f760        0x4 fs_main.o
                0xc010f760                c
 .bss           0xc010f764        0x0 global.o
 .bss           0xc010f764        0x0 process.o
 .bss           0xc010f764        0x0 protect.o
 .bss           0xc010f764        0x0 console.o
 .bss           0xc010f764        0x0 keyboard.o
 .bss           0xc010f764        0x0 open.o
 .bss           0xc010f764        0x0 read.o
 .bss           0xc010f764        0x0 write.o
 .bss           0xc010f764        0x0 close.o
 .bss           0xc010f764        0x0 wait.o
 .bss           0xc010f764        0x0 exit.o
 .bss           0xc010f764        0x0 fork.o
 .bss           0xc010f764        0x0 getpid.o
 .bss           0xc010f764        0x0 exec.o
 .bss           0xc010f764        0x0 mm/main.o
 .bss           0xc010f764        0x0 mm/exec.o
 .bss           0xc010f764        0x0 mm/forkexit.o
 .bss           0xc010f764        0x0 mem/mem.o
 .bss           0xc010f764        0x0 kernel_main_old.o
 .bss           0xc010f764        0x0 my_process.o
 .bss           0xc010f764        0x0 double_link_list.o
 .bss           0xc010f764        0x0 thread.o
 *(COMMON)
 *fill*         0xc010f764       0x1c 
 COMMON         0xc010f780     0x17ac kernel_main.o
                0xc010f780                current_tty
                0xc010f784                is_e0
                0xc010f788                idt_ptr
                0xc010f790                pid
                0xc010f794                KernelVirtualMemory
                0xc010f7a0                current_dis_pos
                0xc010f7a4                dis_pos
                0xc010f7a8                k_reenter
                0xc010f7c0                gdt
                0xc010fbc0                proc_ready_table
                0xc010fbc4                test_ticks
                0xc010fbc8                pcaller
                0xc010fbe0                keyboard_buffer
                0xc010fdec                pcb_list
                0xc010fdfc                gdt_index
                0xc010fe00                tty_table
                0xc0110640                tss
                0xc01106ac                KernelPool
                0xc01106bc                counter
                0xc01106c0                key_pressed
                0xc01106c4                fork_pid
                0xc01106c8                is_shift
                0xc01106cc                gdt_ptr
                0xc01106e0                idt
                0xc0110ee0                main_thread
                0xc0110ee8                ticks
                0xc0110ef0                is_init
                0xc0110ef4                UserPool
                0xc0110f04                all_pcb_list
                0xc0110f14                console_table
                0xc0110f24                is_disp
                0xc0110f28                MAIN_THREAD_PAGE_DIRECTORY
 *fill*         0xc0110f2c       0x14 
 COMMON         0xc0110f40      0x440 hd.o
                0xc0110f40                hd_info
                0xc0111180                hd_cache
 COMMON         0xc0111380      0xe68 fs_main.o
                0xc0111380                file_desc_table
                0xc0111780                phy_super_block_buf
                0xc0111784                phy_fsbuf
                0xc01117a0                inode_table
                0xc01121a0                super_block_buf
                0xc01121a4                fsbuf
                0xc01121c0                root
 *fill*         0xc01121e8       0x18 
 COMMON         0xc0112200    0x715e0 global.o
                0xc0112200                proc_stack
                0xc0182200                proc_table
 COMMON         0xc01837e0       0xf0 mem/mem.o
                0xc01837e0                kernel_mem_block_decs_array
                0xc01838d0                        . = ALIGN ((. != 0x0)?0x4:0x1)
                0xc01838d0                        . = ALIGN (0x4)
                0xc01838d0                        . = SEGMENT_START ("ldata-segment", .)
                0xc01838d0                        . = ALIGN (0x4)
                0xc01838d0                        _end = .
                [!provide]                        PROVIDE (end = .)
                0xc01838d0                        . = DATA_SEGMENT_END (.)

.stab
 *(.stab)

.stabstr
 *(.stabstr)

.stab.excl
 *(.stab.excl)

.stab.exclstr
 *(.stab.exclstr)

.stab.index
 *(.stab.index)

.stab.indexstr
 *(.stab.indexstr)

.comment        0x00000000       0x2c
 *(.comment)
 .comment       0x00000000       0x2c kernel_main.o
                                 0x2d (size before relaxing)
 .comment       0x0000002c       0x2d hd.o
 .comment       0x0000002c       0x2d fs_main.o
 .comment       0x0000002c       0x2d global.o
 .comment       0x0000002c       0x2d process.o
 .comment       0x0000002c       0x2d protect.o
 .comment       0x0000002c       0x2d console.o
 .comment       0x0000002c       0x2d keyboard.o
 .comment       0x0000002c       0x2d open.o
 .comment       0x0000002c       0x2d read.o
 .comment       0x0000002c       0x2d write.o
 .comment       0x0000002c       0x2d close.o
 .comment       0x0000002c       0x2d wait.o
 .comment       0x0000002c       0x2d exit.o
 .comment       0x0000002c       0x2d fork.o
 .comment       0x0000002c       0x2d getpid.o
 .comment       0x0000002c       0x2d exec.o
 .comment       0x0000002c       0x2d mm/main.o
 .comment       0x0000002c       0x2d mm/exec.o
 .comment       0x0000002c       0x2d mm/forkexit.o
 .comment       0x0000002c       0x2d mem/mem.o
 .comment       0x0000002c       0x2d kernel_main_old.o
 .comment       0x0000002c       0x2d my_process.o
 .comment       0x0000002c       0x2d double_link_list.o
 .comment       0x0000002c       0x2d thread.o

.gnu.build.attributes
 *(.gnu.build.attributes .gnu.build.attributes.*)

.debug
 *(.debug)

.line
 *(.line)

.debug_srcinfo
 *(.debug_srcinfo)

.debug_sfnames
 *(.debug_sfnames)

.debug_aranges  0x00000000      0x318
 *(.debug_aranges)
 .debug_aranges
                0x00000000       0x20 kernel_main.o
 .debug_aranges
                0x00000020       0x20 hd.o
 .debug_aranges
                0x00000040       0x20 fs_main.o
 .debug_aranges
                0x00000060       0x18 global.o
 .debug_aranges
                0x00000078       0x20 process.o
 .debug_aranges
                0x00000098       0x20 protect.o
 .debug_aranges
                0x000000b8       0x20 console.o
 .debug_aranges
                0x000000d8       0x20 keyboard.o
 .debug_aranges
                0x000000f8       0x20 open.o
 .debug_aranges
                0x00000118       0x20 read.o
 .debug_aranges
                0x00000138       0x20 write.o
 .debug_aranges
                0x00000158       0x20 close.o
 .debug_aranges
                0x00000178       0x20 wait.o
 .debug_aranges
                0x00000198       0x20 exit.o
 .debug_aranges
                0x000001b8       0x20 fork.o
 .debug_aranges
                0x000001d8       0x20 getpid.o
 .debug_aranges
                0x000001f8       0x20 exec.o
 .debug_aranges
                0x00000218       0x20 mm/main.o
 .debug_aranges
                0x00000238       0x20 mm/exec.o
 .debug_aranges
                0x00000258       0x20 mm/forkexit.o
 .debug_aranges
                0x00000278       0x20 mem/mem.o
 .debug_aranges
                0x00000298       0x20 kernel_main_old.o
 .debug_aranges
                0x000002b8       0x20 my_process.o
 .debug_aranges
                0x000002d8       0x20 double_link_list.o
 .debug_aranges
                0x000002f8       0x20 thread.o

.debug_pubnames
 *(.debug_pubnames)

.debug_info     0x00000000    0x1b87c
 *(.debug_info .gnu.linkonce.wi.*)
 .debug_info    0x00000000      0xf45 kernel_main.o
 .debug_info    0x00000f45     0x179d hd.o
 .debug_info    0x000026e2     0x1edd fs_main.o
 .debug_info    0x000045bf      0xe32 global.o
 .debug_info    0x000053f1      0xf1b process.o
 .debug_info    0x0000630c     0x115d protect.o
 .debug_info    0x00007469     0x1232 console.o
 .debug_info    0x0000869b      0xf86 keyboard.o
 .debug_info    0x00009621      0xdaa open.o
 .debug_info    0x0000a3cb      0xe49 read.o
 .debug_info    0x0000b214      0xdd7 write.o
 .debug_info    0x0000bfeb      0xd5e close.o
 .debug_info    0x0000cd49      0xd69 wait.o
 .debug_info    0x0000dab2      0xd5b exit.o
 .debug_info    0x0000e80d      0xd50 fork.o
 .debug_info    0x0000f55d      0xd50 getpid.o
 .debug_info    0x000102ad      0xee8 exec.o
 .debug_info    0x00011195      0xd6e mm/main.o
 .debug_info    0x00011f03     0x116c mm/exec.o
 .debug_info    0x0001306f      0xf64 mm/forkexit.o
 .debug_info    0x00013fd3     0x1cfa mem/mem.o
 .debug_info    0x00015ccd     0x276d kernel_main_old.o
 .debug_info    0x0001843a     0x1445 my_process.o
 .debug_info    0x0001987f      0xfec double_link_list.o
 .debug_info    0x0001a86b     0x1011 thread.o

.debug_abbrev   0x00000000     0x34e5
 *(.debug_abbrev)
 .debug_abbrev  0x00000000      0x208 kernel_main.o
 .debug_abbrev  0x00000208      0x2e3 hd.o
 .debug_abbrev  0x000004eb      0x2ef fs_main.o
 .debug_abbrev  0x000007da      0x157 global.o
 .debug_abbrev  0x00000931      0x1e0 process.o
 .debug_abbrev  0x00000b11      0x227 protect.o
 .debug_abbrev  0x00000d38      0x2ac console.o
 .debug_abbrev  0x00000fe4      0x1fb keyboard.o
 .debug_abbrev  0x000011df      0x1c5 open.o
 .debug_abbrev  0x000013a4      0x1ef read.o
 .debug_abbrev  0x00001593      0x1db write.o
 .debug_abbrev  0x0000176e      0x19d close.o
 .debug_abbrev  0x0000190b      0x19f wait.o
 .debug_abbrev  0x00001aaa      0x19b exit.o
 .debug_abbrev  0x00001c45      0x18a fork.o
 .debug_abbrev  0x00001dcf      0x18a getpid.o
 .debug_abbrev  0x00001f59      0x1e8 exec.o
 .debug_abbrev  0x00002141      0x208 mm/main.o
 .debug_abbrev  0x00002349      0x1c4 mm/exec.o
 .debug_abbrev  0x0000250d      0x204 mm/forkexit.o
 .debug_abbrev  0x00002711      0x2ea mem/mem.o
 .debug_abbrev  0x000029fb      0x452 kernel_main_old.o
 .debug_abbrev  0x00002e4d      0x260 my_process.o
 .debug_abbrev  0x000030ad      0x216 double_link_list.o
 .debug_abbrev  0x000032c3      0x222 thread.o

.debug_line     0x00000000     0x48a4
 *(.debug_line .debug_line.* .debug_line_end)
 .debug_line    0x00000000      0x1ae kernel_main.o
 .debug_line    0x000001ae      0x61d hd.o
 .debug_line    0x000007cb      0xc1a fs_main.o
 .debug_line    0x000013e5       0x95 global.o
 .debug_line    0x0000147a      0x180 process.o
 .debug_line    0x000015fa      0x1ff protect.o
 .debug_line    0x000017f9      0x54e console.o
 .debug_line    0x00001d47      0x296 keyboard.o
 .debug_line    0x00001fdd       0xbd open.o
 .debug_line    0x0000209a      0x155 read.o
 .debug_line    0x000021ef       0xbc write.o
 .debug_line    0x000022ab       0xad close.o
 .debug_line    0x00002358       0xb7 wait.o
 .debug_line    0x0000240f       0xa0 exit.o
 .debug_line    0x000024af       0xa5 fork.o
 .debug_line    0x00002554       0xa0 getpid.o
 .debug_line    0x000025f4      0x18b exec.o
 .debug_line    0x0000277f       0xec mm/main.o
 .debug_line    0x0000286b      0x20c mm/exec.o
 .debug_line    0x00002a77      0x17a mm/forkexit.o
 .debug_line    0x00002bf1      0x7e6 mem/mem.o
 .debug_line    0x000033d7      0xdfa kernel_main_old.o
 .debug_line    0x000041d1      0x33b my_process.o
 .debug_line    0x0000450c      0x253 double_link_list.o
 .debug_line    0x0000475f      0x145 thread.o

.debug_frame
 *(.debug_frame)

.debug_str      0x00000000     0x1e7a
 *(.debug_str)
 .debug_str     0x00000000     0x1e7a kernel_main.o
                                0x660 (size before relaxing)
 .debug_str     0x00001e7a      0x8ee hd.o
 .debug_str     0x00001e7a      0xacf fs_main.o
 .debug_str     0x00001e7a      0x5e5 global.o
 .debug_str     0x00001e7a      0x61f process.o
 .debug_str     0x00001e7a      0x740 protect.o
 .debug_str     0x00001e7a      0x734 console.o
 .debug_str     0x00001e7a      0x671 keyboard.o
 .debug_str     0x00001e7a      0x5ad open.o
 .debug_str     0x00001e7a      0x5e6 read.o
 .debug_str     0x00001e7a      0x5aa write.o
 .debug_str     0x00001e7a      0x575 close.o
 .debug_str     0x00001e7a      0x57a wait.o
 .debug_str     0x00001e7a      0x57a exit.o
 .debug_str     0x00001e7a      0x573 fork.o
 .debug_str     0x00001e7a      0x577 getpid.o
 .debug_str     0x00001e7a      0x601 exec.o
 .debug_str     0x00001e7a      0x56d mm/main.o
 .debug_str     0x00001e7a      0x842 mm/exec.o
 .debug_str     0x00001e7a      0x5ec mm/forkexit.o
 .debug_str     0x00001e7a      0xa6d mem/mem.o
 .debug_str     0x00001e7a      0xb37 kernel_main_old.o
 .debug_str     0x00001e7a      0x8d3 my_process.o
 .debug_str     0x00001e7a      0x6a6 double_link_list.o
 .debug_str     0x00001e7a      0x6ec thread.o

.debug_loc
 *(.debug_loc)

.debug_macinfo
 *(.debug_macinfo)

.debug_weaknames
 *(.debug_weaknames)

.debug_funcnames
 *(.debug_funcnames)

.debug_typenames
 *(.debug_typenames)

.debug_varnames
 *(.debug_varnames)

.debug_pubtypes
 *(.debug_pubtypes)

.debug_ranges   0x00000000       0x90
 *(.debug_ranges)
 .debug_ranges  0x00000000       0x48 hd.o
 .debug_ranges  0x00000048       0x18 mm/exec.o
 .debug_ranges  0x00000060       0x30 kernel_main_old.o

.debug_addr
 *(.debug_addr)

.debug_line_str
 *(.debug_line_str)

.debug_loclists
 *(.debug_loclists)

.debug_macro
 *(.debug_macro)

.debug_names
 *(.debug_names)

.debug_rnglists
 *(.debug_rnglists)

.debug_str_offsets
 *(.debug_str_offsets)

.debug_sup
 *(.debug_sup)

.gnu.attributes
 *(.gnu.attributes)

/DISCARD/
 *(.note.GNU-stack)
 *(.gnu_debuglink)
 *(.gnu.lto_*)
OUTPUT(kernel.bin elf32-i386)
