
Merging program properties

Removed property 0xc0010001 to merge double_link_list.o (0x1) and kernel/kernel_sub.o (not found)
Removed property 0xc0010002 to merge double_link_list.o (0x0) and kernel/kernel_sub.o (not found)
Removed property 0xc0010001 to merge double_link_list.o (not found) and global.o (0x1)
Removed property 0xc0010002 to merge double_link_list.o (not found) and global.o (0x0)
Removed property 0xc0010001 to merge double_link_list.o (not found) and kernel_main.o (0x1)
Removed property 0xc0010002 to merge double_link_list.o (not found) and kernel_main.o (0x0)
Removed property 0xc0010001 to merge double_link_list.o (not found) and protect.o (0x1)
Removed property 0xc0010002 to merge double_link_list.o (not found) and protect.o (0x0)
Removed property 0xc0010001 to merge double_link_list.o (not found) and console.o (0x1)
Removed property 0xc0010002 to merge double_link_list.o (not found) and console.o (0x1)
Removed property 0xc0010001 to merge double_link_list.o (not found) and kernel_main_old.o (0x1)
Removed property 0xc0010002 to merge double_link_list.o (not found) and kernel_main_old.o (0x1)
Removed property 0xc0010001 to merge double_link_list.o (not found) and keyboard.o (0x1)
Removed property 0xc0010002 to merge double_link_list.o (not found) and keyboard.o (0x0)
Removed property 0xc0010001 to merge double_link_list.o (not found) and process.o (0x1)
Removed property 0xc0010002 to merge double_link_list.o (not found) and process.o (0x0)
Removed property 0xc0010001 to merge double_link_list.o (not found) and thread.o (0x1)
Removed property 0xc0010002 to merge double_link_list.o (not found) and thread.o (0x0)
Removed property 0xc0010001 to merge double_link_list.o (not found) and my_process.o (0x1)
Removed property 0xc0010002 to merge double_link_list.o (not found) and my_process.o (0x1)
Removed property 0xc0010001 to merge double_link_list.o (not found) and network/socket.o (0x1)
Removed property 0xc0010002 to merge double_link_list.o (not found) and network/socket.o (0x0)
Removed property 0xc0010001 to merge double_link_list.o (not found) and network/ip_input.o (0x1)
Removed property 0xc0010002 to merge double_link_list.o (not found) and network/ip_input.o (0x0)
Removed property 0xc0010001 to merge double_link_list.o (not found) and network/udp_sock.o (0x1)
Removed property 0xc0010002 to merge double_link_list.o (not found) and network/udp_sock.o (0x0)
Removed property 0xc0010001 to merge double_link_list.o (not found) and network/icmpv4.o (0x1)
Removed property 0xc0010002 to merge double_link_list.o (not found) and network/icmpv4.o (0x0)
Removed property 0xc0010001 to merge double_link_list.o (not found) and network/netdev.o (0x1)
Removed property 0xc0010002 to merge double_link_list.o (not found) and network/netdev.o (0x0)
Removed property 0xc0010001 to merge double_link_list.o (not found) and network/tcp.o (0x1)
Removed property 0xc0010002 to merge double_link_list.o (not found) and network/tcp.o (0x0)
Removed property 0xc0010001 to merge double_link_list.o (not found) and network/route.o (0x1)
Removed property 0xc0010002 to merge double_link_list.o (not found) and network/route.o (0x0)
Removed property 0xc0010001 to merge double_link_list.o (not found) and network/sock.o (0x1)
Removed property 0xc0010002 to merge double_link_list.o (not found) and network/sock.o (0x0)
Removed property 0xc0010001 to merge double_link_list.o (not found) and network/tcp_output.o (0x1)
Removed property 0xc0010002 to merge double_link_list.o (not found) and network/tcp_output.o (0x1)
Removed property 0xc0010001 to merge double_link_list.o (not found) and network/arp.o (0x1)
Removed property 0xc0010002 to merge double_link_list.o (not found) and network/arp.o (0x0)
Removed property 0xc0010001 to merge double_link_list.o (not found) and network/dst.o (0x1)
Removed property 0xc0010002 to merge double_link_list.o (not found) and network/dst.o (0x0)
Removed property 0xc0010001 to merge double_link_list.o (not found) and network/tcp_sock.o (0x1)
Removed property 0xc0010002 to merge double_link_list.o (not found) and network/tcp_sock.o (0x0)
Removed property 0xc0010001 to merge double_link_list.o (not found) and network/ipc.o (0x1)
Removed property 0xc0010002 to merge double_link_list.o (not found) and network/ipc.o (0x1)
Removed property 0xc0010001 to merge double_link_list.o (not found) and network/ip_output.o (0x1)
Removed property 0xc0010002 to merge double_link_list.o (not found) and network/ip_output.o (0x0)
Removed property 0xc0010001 to merge double_link_list.o (not found) and network/inet.o (0x1)
Removed property 0xc0010002 to merge double_link_list.o (not found) and network/inet.o (0x0)
Removed property 0xc0010001 to merge double_link_list.o (not found) and network/skbuff.o (0x1)
Removed property 0xc0010002 to merge double_link_list.o (not found) and network/skbuff.o (0x0)
Removed property 0xc0010001 to merge double_link_list.o (not found) and network/tcp_input.o (0x1)
[...]
Memory Configuration

Name             Origin             Length             Attributes
*default*        0x00000000         0xffffffff

Linker script and memory map

Address of section .text set to 0xc0600000
LOAD kernel/kernel_sub.o
LOAD kernel/kernel.o
LOAD switch_to.o
LOAD string.o
LOAD syscall.o
LOAD hd/hd_rdwt.o
LOAD network/ne2000.o
LOAD double_link_list.o
LOAD global.o
LOAD kernel_main.o
LOAD protect.o
LOAD console.o
LOAD kernel_main_old.o
LOAD keyboard.o
LOAD process.o
LOAD thread.o
LOAD my_process.o
LOAD network/socket.o
LOAD network/ip_input.o
LOAD network/udp_sock.o
LOAD network/icmpv4.o
LOAD network/netdev.o
LOAD network/tcp.o
LOAD network/route.o
LOAD network/sock.o
LOAD network/tcp_output.o
LOAD network/arp.o
LOAD network/dst.o
LOAD network/tcp_sock.o
LOAD network/ipc.o
LOAD network/ip_output.o
LOAD network/inet.o
LOAD network/skbuff.o
LOAD network/tcp_input.o
LOAD network/task_network.o
LOAD network/udp.o
LOAD network/tcp_data.o
LOAD network/utils.o
LOAD hd/hd.o
LOAD fs/fs_main.o
LOAD mm/forkexit.o
LOAD mm/exec.o
LOAD mm/main.o
LOAD mem/mem.o
LOAD lib/exec.o
LOAD lib/fork.o
LOAD lib/exit.o
LOAD lib/unlink.o
LOAD lib/wait.o
LOAD lib/socket_close.o
LOAD lib/socket_read.o
LOAD lib/alloca.o
LOAD lib/calloc.o
LOAD lib/floor.o
LOAD lib/socket_write.o
LOAD lib/getpid.o
LOAD lib/stdlib/atoi.o
LOAD lib/stdlib/strtol.o
LOAD lib/string/strtok.o
LOAD lib/string/strcmp.o
LOAD lib/string/strncmp.o
LOAD lib/string/strpbrk.o
LOAD lib/stdio/read.o
LOAD lib/stdio/perror.o
LOAD lib/stdio/sscanf.o
LOAD lib/stdio/open.o
LOAD lib/stdio/write.o
LOAD lib/stdio/close.o
LOAD lib/sys/socket.o
LOAD lib/sys/connect.o
LOAD lib/arpa/ntohs.o
LOAD lib/arpa/htonl.o
LOAD lib/arpa/htons.o
LOAD lib/arpa/inet_pton.o
LOAD lib/arpa/ntohl.o
LOAD lib/arpa/inet_ntop.o
                [!provide]                        PROVIDE (__executable_start = SEGMENT_START ("text-segment", 0x8048000))
                0x080480d4                        . = (SEGMENT_START ("text-segment", 0x8048000) + SIZEOF_HEADERS)

.interp
 *(.interp)

.note.gnu.build-id
 *(.note.gnu.build-id)

.hash
 *(.hash)

.gnu.hash
 *(.gnu.hash)

.dynsym
 *(.dynsym)

.dynstr
 *(.dynstr)

.gnu.version
 *(.gnu.version)

.gnu.version_d
 *(.gnu.version_d)

.gnu.version_r
 *(.gnu.version_r)

.rel.dyn        0x080480d4        0x0
 *(.rel.init)
 *(.rel.text .rel.text.* .rel.gnu.linkonce.t.*)
 .rel.text      0x080480d4        0x0 kernel/kernel_sub.o
 *(.rel.fini)
 *(.rel.rodata .rel.rodata.* .rel.gnu.linkonce.r.*)
 *(.rel.data.rel.ro .rel.data.rel.ro.* .rel.gnu.linkonce.d.rel.ro.*)
 *(.rel.data .rel.data.* .rel.gnu.linkonce.d.*)
 *(.rel.tdata .rel.tdata.* .rel.gnu.linkonce.td.*)
 *(.rel.tbss .rel.tbss.* .rel.gnu.linkonce.tb.*)
 *(.rel.ctors)
 *(.rel.dtors)
 *(.rel.got)
 .rel.got       0x080480d4        0x0 kernel/kernel_sub.o
 *(.rel.bss .rel.bss.* .rel.gnu.linkonce.b.*)
 *(.rel.ifunc)

.rel.plt        0x080480d4        0x0
 *(.rel.plt)
                [!provide]                        PROVIDE (__rel_iplt_start = .)
 *(.rel.iplt)
 .rel.iplt      0x080480d4        0x0 kernel/kernel_sub.o
                [!provide]                        PROVIDE (__rel_iplt_end = .)

.relr.dyn
 *(.relr.dyn)
                0x08049000                        . = ALIGN (CONSTANT (MAXPAGESIZE))

.init
 *(SORT_NONE(.init))

.plt            0x08049000        0x0
 *(.plt)
 *(.iplt)
 .iplt          0x08049000        0x0 kernel/kernel_sub.o

.plt.got
 *(.plt.got)

.plt.sec
 *(.plt.sec)

.text           0xc0600000    0x1389a
 *(.text.unlikely .text.*_unlikely .text.unlikely.*)
 *(.text.exit .text.exit.*)
 *(.text.startup .text.startup.*)
 *(.text.hot .text.hot.*)
 *(SORT_BY_NAME(.text.sorted.*))
 *(.text .stub .text.* .gnu.linkonce.t.*)
 .text          0xc0600000       0x71 kernel/kernel_sub.o
                0xc0600000                _start
 *fill*         0xc0600071        0xf 
 .text          0xc0600080      0x3d2 kernel/kernel.o
                0xc0600080                InterruptTest
                0xc060008c                disp_str_len
                0xc06000d9                disp_str
                0xc0600114                disp_str_colour
                0xc0600150                divide_zero_fault
                0xc0600156                single_step_fault
                0xc060015c                non_maskable_interrupt
                0xc0600162                breakpoint_trap
                0xc0600168                overflow_trap
                0xc060016e                bound_range_exceeded_fault
                0xc0600174                invalid_opcode_fault
                0xc060017a                coprocessor_not_available_fault
                0xc0600180                double_fault_exception_abort
                0xc0600184                coprocessor_segment_overrun
                0xc060018a                invalid_task_state_segment_fault
                0xc060018e                segment_not_present_fault
                0xc0600192                stack_exception_fault
                0xc0600196                general_protection_exception_fault
                0xc06001a1                page_fault
                0xc06001a5                coprocessor_error_fault
                0xc06001ab                align_check_fault
                0xc06001af                simd_float_exception_fault
                0xc06001be                hwint0
                0xc06001ee                hwint1
                0xc0600231                hwint14
                0xc0600277                hwint10
                0xc06002ba                sys_call
                0xc0600300                fork_restart
                0xc060030f                restart
                0xc0600332                in_byte
                0xc060033e                out_byte
                0xc0600360                disable_int
                0xc0600362                enable_int
                0xc06003f8                enable_8259A_casecade_irq
                0xc0600402                disable_8259A_casecade_irq
                0xc060040c                enable_8259A_slave_winchester_irq
                0xc0600416                disable_8259A_slave_winchester_irq
                0xc0600420                update_cr3
                0xc060042d                update_tss
                0xc060043c                get_running_thread_pcb
                0xc0600442                sys_call_test
                0xc0600445                enable_8259A_slave_net_irq
 *fill*         0xc0600452        0xe 
 .text          0xc0600460       0x15 switch_to.o
                0xc0600460                switch_to
 *fill*         0xc0600475        0xb 
 .text          0xc0600480       0x6a syscall.o
                0xc0600480                write_debug
                0xc0600490                send_msg
                0xc06004a6                receive_msg
                0xc06004bc                sys_malloc
                0xc06004d1                sys_free
 *fill*         0xc06004ea        0x6 
 .text          0xc06004f0      0x28d network/ne2000.o
                0xc0600513                DriverInitialize
                0xc060059d                StartSendToPhysicalLink
                0xc06005b8                SetPageStart
                0xc06005e7                DriverSend
                0xc0600661                PCtoNIC
                0xc06006cc                get_interrupt_status
                0xc06006e9                set_interrupt_status
                0xc0600709                get_curr_page
                0xc0600726                NICtoPC
 .text          0xc060077d      0x2ee double_link_list.o
                0xc060077d                initDoubleLinkList
                0xc06007cd                isListEmpty
                0xc06007fb                findElementInList
                0xc0600892                appendToDoubleLinkList
                0xc0600958                insertToDoubleLinkList
                0xc06009dc                popFromDoubleLinkList
 .text          0xc0600a6b        0x0 global.o
 .text          0xc0600a6b      0x515 kernel_main.o
                0xc0600a6b                kernel_main
                0xc0600c45                init
                0xc0600cdc                kernel_thread_a
                0xc0600d29                kernel_thread_b
                0xc0600d76                kernel_thread_c
                0xc0600d8c                kernel_thread_d
                0xc0600da2                user_proc_a
                0xc0600f63                user_proc_b
 .text          0xc0600f80      0x3b3 protect.o
                0xc0600f80                InitDescriptor
                0xc0600fed                Seg2PhyAddr
                0xc060102e                Seg2PhyAddrLDT
                0xc0601072                VirAddr2PhyAddr
                0xc0601088                v2l
                0xc06010cb                init_propt
                0xc060124c                InitInterruptDesc
                0xc06012a8                ReloadGDT
 .text          0xc0601333      0xad3 console.o
                0xc0601333                select_console
                0xc060136f                flush
                0xc06013a8                set_cursor
                0xc0601406                set_console_start_video_addr
                0xc0601464                put_key
                0xc06014d0                scroll_up
                0xc0601512                scroll_down
                0xc060157d                out_char
                0xc060173a                tty_dev_read
                0xc0601764                tty_dev_write
                0xc0601991                tty_do_read
                0xc0601a59                tty_do_write
                0xc0601bc2                init_screen
                0xc0601c4b                init_tty
                0xc0601d00                TaskTTY
 .text          0xc0601e06     0x2d8b kernel_main_old.o
                0xc0601e06                stop_here
                0xc0601e4a                catch_error
                0xc0601eaf                intr_enable
                0xc0601ed8                intr_disable
                0xc0601f01                intr_set_status
                0xc0601f1f                intr_get_status
                0xc0601f3c                Memcpy
                0xc0601f6f                untar
                0xc060227f                num_to_string
                0xc0602325                disp_int
                0xc060234e                do_page_fault
                0xc060248b                exception_handler
                0xc0602676                init_internal_interrupt
                0xc06027eb                spurious_irq
                0xc0602879                init_keyboard
                0xc06028bc                TestTTY
                0xc060295b                TestReadReturnValue
                0xc06029d8                TestWriteReturnValue
                0xc0602aac                TestFS2
                0xc0602aba                TestFS
                0xc0602f5c                wait_exit
                0xc060305a                INIT_fork
                0xc060334d                simple_shell
                0xc06034d4                test_shell
                0xc060353c                test_exec
                0xc060362f                INIT
                0xc060363c                TestA
                0xc0603671                delay
                0xc06036b5                TestB
                0xc06036cd                TestC
                0xc0603700                sys_get_ticks
                0xc0603710                sys_write
                0xc0603764                milli_delay
                0xc060378e                TaskSys
                0xc0603793                Printf
                0xc0603865                sprintf
                0xc0603891                vsprintf
                0xc0603a3d                printx
                0xc0603a80                sys_printx
                0xc0603b4c                spin
                0xc0603b72                panic
                0xc0603b90                assertion_failure
                0xc0603c02                assertion_failure2
                0xc0603c77                dead_lock
                0xc0603c81                sys_send_msg
                0xc06041a0                sys_receive_msg
                0xc0604800                send_rec
                0xc06048fb                block
                0xc0604937                unblock
                0xc0604987                get_ticks_ipc
                0xc060499a                itoa
                0xc06049f0                i2a
                0xc0604a56                inform_int
                0xc0604b22                deprecate_strcmp
 .text          0xc0604b91      0x40f keyboard.o
                0xc0604b91                keyboard_handler
                0xc0604c15                read_from_keyboard_buf
                0xc0604c7b                keyboard_read
                0xc0604dfa                init_keyboard_handler
                0xc0604e0e                in_process
 .text          0xc0604fa0      0x2d3 process.o
                0xc0604fa0                schedule_process
                0xc0605166                clock_handler
                0xc06051f8                pid2proc
                0xc060525c                proc2pid
 .text          0xc0605273      0x1b2 thread.o
                0xc0605273                kernel_thread
                0xc060528b                thread_init
                0xc0605338                thread_create
                0xc060536d                thread_start
 .text          0xc0605425      0x730 my_process.o
                0xc0605425                create_user_process_address_space
                0xc06054b5                user_process
                0xc06055e2                clone_pcb
                0xc0605754                build_body_stack
                0xc0605887                build_process_kernel_stack
                0xc060594a                fork_process
                0xc06059db                process_execute
 .text          0xc0605b55      0x66c network/socket.o
                0xc0605c05                test
                0xc0605c61                socket_debug
                0xc0605cc2                free_socket
                0xc0605d7e                _socket
                0xc0605e3d                _bind
                0xc0605e90                _connect
                0xc0605ee2                _write
                0xc0605f39                _read
                0xc0605f90                _recvfrom
                0xc0605fd1                _sendto
                0xc0606028                _close
                0xc06060a7                _listen
                0xc060610d                _accept
 .text          0xc06061c1      0x2ed network/ip_input.o
                0xc060634b                ip_rcv
 .text          0xc06064ae      0x8cd network/udp_sock.o
                0xc06066ec                udp_lookup_sock
                0xc0606733                udp_init
                0xc0606764                udp_close
                0xc060678a                udp_sock_init
                0xc0606794                udp_recvfrom
                0xc060682d                udp_connect
                0xc0606906                udp_write
                0xc0606932                udp_alloc_skb
                0xc060697c                udp_sendto
                0xc0606a70                udp_send
                0xc0606bae                udp_alloc_sock
                0xc0606bef                udp_free_sock
                0xc0606c13                udp_read
 .text          0xc0606d7b      0x234 network/icmpv4.o
                0xc0606d89                icmpv4_incoming
                0xc0606dfd                icmpv4_reply
                0xc0606ed6                icmpv4_timestamp
 .text          0xc0606faf      0xa0a network/netdev.o
                0xc060713d                netdev_init
                0xc0607184                netdev_transmit
                0xc06072df                interrupt_wait2
                0xc0607338                netdev_rx_loop
                0xc0607429                call_netdev_get
                0xc0607573                netdev_get
                0xc0607628                free_netdev
                0xc0607653                local_ipaddress
                0xc0607690                receive_msg_from_nic
                0xc0607877                receive_msg_from_nic2
                0xc06079a3                net_handler
 .text          0xc06079b9      0x450 network/tcp.o
                0xc0607bae                tcp_in
                0xc0607c62                tcp_checksum
                0xc0607c8e                __tcp_set_state
                0xc0607c9d                tcp_generate_port
                0xc0607ce6                tcp_generate_isn
                0xc0607cf8                tcp_done
                0xc0607d21                tcp_clear_timers
                0xc0607d30                tcp_stop_retransmission_timer
                0xc0607d49                tcp_release_retransmission_timer
                0xc0607d62                tcp_stop_delack_timer
                0xc0607d75                tcp_release_delack_timer
                0xc0607d88                tcp_handle_fin_state
                0xc0607ded                tcp_enter_time_wait
 .text          0xc0607e09      0x42e network/route.o
                0xc0607f19                route_add
                0xc0607f60                route_init
                0xc0608012                call_route_lookup
                0xc060815c                route_lookup
 .text          0xc0608237      0x203 network/sock.o
                0xc0608369                sk_alloc
                0xc0608390                sk_init
                0xc06083e4                sk_init_with_socket
                0xc060840d                sk_free
 .text          0xc060843a      0xbbe network/tcp_output.o
                0xc0608900                tcp_send_synack
                0xc06089a3                tcp_send_delack
                0xc06089de                tcp_send_ack
                0xc0608b2a                tcp_send_fin
                0xc0608b9f                tcp_select_initial_window
                0xc0608d51                tcp_reset_retransmission_timer
                0xc0608d6e                tcp_begin_connect
                0xc0608e18                tcp_send
                0xc0608efd                tcp_send_reset
                0xc0608f7d                tcp_queue_fin
 .text          0xc0608ff8      0xbdd network/arp.o
                0xc0609121                call_update_arp_translation_table
                0xc0609359                insert_arp_translation_table
                0xc06093db                update_arp_translation_table
                0xc060949a                arp_init
                0xc06094a0                arp_rcv
                0xc0609689                arp_request
                0xc06097f6                arp_reply
                0xc0609959                call_arp_get_hwaddr
                0xc0609aa3                arp_get_hwaddr
                0xc0609b84                free_arp
 .text          0xc0609bd5      0x1a7 network/dst.o
                0xc0609be3                print_array
                0xc0609c57                dst_neigh_output
 .text          0xc0609d7c      0xa2a network/tcp_sock.o
                0xc060a03b                tcp_established_or_syn_recvd_socks_enqueue
                0xc060a052                tcp_established_or_syn_recvd_socks_remove
                0xc060a064                tcp_connecting_or_listening_socks_enqueue
                0xc060a07b                tcp_connecting_or_listening_socks_remove
                0xc060a08d                tcp_alloc_sock
                0xc060a1a3                tcp_free_sock
                0xc060a21c                tcp_init
                0xc060a226                tcp_sock_init
                0xc060a2c9                tcp_write
                0xc060a30a                tcp_read
                0xc060a3bd                tcp_close
                0xc060a47b                tcp_recv_notify
                0xc060a4a6                tcp_v4_connect
                0xc060a6f9                tcp_lookup_sock
 .text          0xc060a7a6      0xe3f network/ipc.o
                0xc060b392                ipc_close
                0xc060b3e3                ipc_call_from_netdev_rx
                0xc060b41b                demux_ipc_socket_call
 .text          0xc060b5e5      0x1d3 network/ip_output.o
                0xc060b5f3                ip_output
 .text          0xc060b7b8      0x429 network/inet.o
                0xc060b7b8                inet_create
                0xc060b868                inet_socket
                0xc060b872                inet_connect
                0xc060b8c6                inet_write
                0xc060b8f2                inet_read
                0xc060b91e                inet_close
                0xc060b96d                inet_free
                0xc060b9a3                inet_bind
                0xc060baac                inet_listen
                0xc060baf5                inet_accept
                0xc060bba0                inet_sendto
                0xc060bbcb                inet_recvfrom
 .text          0xc060bbe1      0x15b network/skbuff.o
                0xc060bbfa                alloc_skb
                0xc060bc8b                free_skb
                0xc060bcbe                skb_reserve
                0xc060bcda                skb_push
                0xc060bd09                skb_head
                0xc060bd14                skb_reset_header
 .text          0xc060bd3c      0xb80 network/tcp_input.o
                0xc060c434                tcp_process
                0xc060c7fa                tcp_receive
 .text          0xc060c8bc      0x2f9 network/task_network.o
                0xc060c910                init_dev
                0xc060ca1a                task_network
                0xc060cb6b                task_netdev_rx
 .text          0xc060cbb5      0x3e0 network/udp.o
                0xc060ccc0                udp_generate_port
                0xc060cd09                udp_checksum
                0xc060cdd7                udp_in
                0xc060ce68                udp_data_dequeue
                0xc060cf70                udp_data_enqueue
 .text          0xc060cf95      0x54a network/tcp_data.o
                0xc060d280                tcp_data_dequeue
                0xc060d3ad                tcp_data_queue
 .text          0xc060d4df      0x1e7 network/utils.o
                0xc060d4df                run_cmd
                0xc060d4ec                print_err
                0xc060d503                parse_ipv4_string
                0xc060d562                ip_pton
                0xc060d5aa                sum_every_16bits
                0xc060d601                checksum
                0xc060d642                tcp_udp_checksum
 .text          0xc060d6c6      0xe84 hd/hd.o
                0xc060d6c6                TaskHD
                0xc060d711                init_hd
                0xc060d72b                hd_handle
                0xc060d830                hd_cmd_out
                0xc060d932                hd_identify
                0xc060d9e9                print_hdinfo
                0xc060db77                print_dpt_entry
                0xc060dbe3                get_partition_table
                0xc060dcc2                partition
                0xc060dedc                hd_open
                0xc060df8c                get_hd_ioctl
                0xc060e046                wait_for
                0xc060e077                interrupt_wait
                0xc060e0d0                hd_rdwt
                0xc060e372                hd_handler
                0xc060e3a3                debug_ticks
                0xc060e3e1                waitfor
                0xc060e425                print_hd_info
                0xc060e512                is_empty
 .text          0xc060e54a     0x2081 fs/fs_main.o
                0xc060e54a                task_fs
                0xc060e75e                rd_wt
                0xc060e840                mkfs
                0xc060ee22                init_fs
                0xc060ee7c                do_open
                0xc060f085                search_file
                0xc060f1b7                strip_path
                0xc060f283                get_inode
                0xc060f445                create_file
                0xc060f550                alloc_imap_bit
                0xc060f64d                alloc_smap_bit
                0xc060f7ee                new_inode
                0xc060f90c                new_dir_entry
                0xc060fb18                do_unlink
                0xc060fff4                do_rdwt
                0xc061037f                sync_inode
                0xc06104d3                put_inode
                0xc0610511                do_close
                0xc0610563                get_super_block
 .text          0xc06105cb      0x24f mm/forkexit.o
                0xc06105cb                do_fork
                0xc0610639                do_exit
                0xc06106c3                do_wait
                0xc06107c0                cleanup
 .text          0xc061081a      0x419 mm/exec.o
                0xc061081a                do_exec
 .text          0xc0610c33      0x14e mm/main.o
                0xc0610c33                TaskMM
                0xc0610d62                alloc_mem
 .text          0xc0610d81     0x1118 mem/mem.o
                0xc0610d81                init_bitmap
                0xc0610da4                test_bit_val
                0xc0610e0d                set_bit_val
                0xc0610e88                set_bits
                0xc0610ec2                get_first_free_bit
                0xc0610f06                get_bits
                0xc0610fce                get_a_page
                0xc0611082                get_virtual_address_start_with_addr
                0xc061111c                get_virtual_address
                0xc06111ac                ptr_pde
                0xc06111bf                ptr_pte
                0xc06111e6                add_map_entry
                0xc0611277                alloc_virtual_memory
                0xc0611343                get_physical_address_proc
                0xc06113bf                get_physical_address
                0xc06113f1                alloc_physical_memory_of_proc
                0xc06114e0                alloc_physical_memory
                0xc06115a8                alloc_memory
                0xc061160a                get_a_virtual_page
                0xc0611642                block2arena
                0xc0611658                sys_malloc2
                0xc0611985                remove_map_entry
                0xc06119a6                free_a_page
                0xc0611a4d                sys_free2
                0xc0611a53                init_memory_block_desc
                0xc0611b24                init_memory2
                0xc0611d59                init_memory
 .text          0xc0611e99      0x285 lib/exec.o
                0xc0611e99                exec
                0xc0611f0a                execv
                0xc06120f9                execl
 .text          0xc061211e       0x4b lib/fork.o
                0xc061211e                fork
 .text          0xc0612169       0x2f lib/exit.o
                0xc0612169                exit
 .text          0xc0612198       0x42 lib/unlink.o
                0xc0612198                unlink
 .text          0xc06121da       0x44 lib/wait.o
                0xc06121da                wait
 .text          0xc061221e       0xbe lib/socket_close.o
                0xc061221e                socket_close
 .text          0xc06122dc      0x12a lib/socket_read.o
                0xc06122dc                socket_read
 .text          0xc0612406       0x29 lib/alloca.o
                0xc0612406                alloca
 .text          0xc061242f       0x46 lib/calloc.o
                0xc061242f                calloc
 .text          0xc0612475       0x49 lib/floor.o
                0xc0612475                floor
 .text          0xc06124be      0x193 lib/socket_write.o
                0xc06124be                socket_write
 .text          0xc0612651       0x2b lib/getpid.o
                0xc0612651                getpid
 .text          0xc061267c       0x9c lib/stdlib/atoi.o
                0xc061267c                atoi
 .text          0xc0612718       0xca lib/stdlib/strtol.o
                0xc0612718                strtol
 .text          0xc06127e2       0x85 lib/string/strtok.o
                0xc06127e2                strtok
 .text          0xc0612867       0xa8 lib/string/strcmp.o
                0xc0612867                strcmp
 .text          0xc061290f       0xd4 lib/string/strncmp.o
                0xc061290f                strncmp
 .text          0xc06129e3       0x90 lib/string/strpbrk.o
                0xc06129e3                strpbrk
 .text          0xc0612a73      0x181 lib/stdio/read.o
                0xc0612a73                read
 .text          0xc0612bf4       0x17 lib/stdio/perror.o
                0xc0612bf4                perror
 .text          0xc0612c0b      0x335 lib/stdio/sscanf.o
                0xc0612c0b                sscanf
 .text          0xc0612f40       0x95 lib/stdio/open.o
                0xc0612f40                open
 .text          0xc0612fd5       0x85 lib/stdio/write.o
                0xc0612fd5                write
 .text          0xc061305a       0x52 lib/stdio/close.o
                0xc061305a                close
 .text          0xc06130ac      0x195 lib/sys/socket.o
                0xc06130ac                socket
 .text          0xc0613241      0x179 lib/sys/connect.o
                0xc0613241                connect
 .text          0xc06133ba       0x38 lib/arpa/ntohs.o
                0xc06133ba                ntohs
 .text          0xc06133f2       0x7c lib/arpa/htonl.o
                0xc06133f2                htonl
 .text          0xc061346e       0x38 lib/arpa/htons.o
                0xc061346e                htons
 .text          0xc06134a6      0x295 lib/arpa/inet_pton.o
                0xc06134a6                isValidIPv4
                0xc0613630                inet_pton
 .text          0xc061373b       0x7c lib/arpa/ntohl.o
                0xc061373b                ntohl
 .text          0xc06137b7       0xe3 lib/arpa/inet_ntop.o
                0xc06137b7                inet_ntop
 *(.gnu.warning)

.fini
 *(SORT_NONE(.fini))
                [!provide]                        PROVIDE (__etext = .)
                [!provide]                        PROVIDE (_etext = .)
                [!provide]                        PROVIDE (etext = .)
                0xc0614000                        . = ALIGN (CONSTANT (MAXPAGESIZE))
                0xc0614000                        . = SEGMENT_START ("rodata-segment", (ALIGN (CONSTANT (MAXPAGESIZE)) + (. & (CONSTANT (MAXPAGESIZE) - 0x1))))

.rodata         0xc0614000     0x1e1f
 *(.rodata .rodata.* .gnu.linkonce.r.*)
 .rodata        0xc0614000       0x3c double_link_list.o
 .rodata        0xc061403c      0x1e4 kernel_main.o
 .rodata        0xc0614220       0x22 console.o
 *fill*         0xc0614242       0x1e 
 .rodata        0xc0614260      0xb61 kernel_main_old.o
 *fill*         0xc0614dc1        0x3 
 .rodata        0xc0614dc4       0x4c process.o
 .rodata        0xc0614e10      0x23d network/socket.o
 *fill*         0xc061504d        0x3 
 .rodata        0xc0615050       0xbd network/ip_input.o
 *fill*         0xc061510d        0x3 
 .rodata        0xc0615110       0x2d network/udp_sock.o
 *fill*         0xc061513d        0x3 
 .rodata        0xc0615140       0x32 network/icmpv4.o
 *fill*         0xc0615172        0x2 
 .rodata        0xc0615174      0x176 network/netdev.o
 *fill*         0xc06152ea        0x2 
 .rodata        0xc06152ec       0x31 network/tcp.o
 *fill*         0xc061531d        0x3 
 .rodata        0xc0615320       0x36 network/route.o
 .rodata        0xc0615356        0x9 network/sock.o
 *fill*         0xc061535f        0x1 
 .rodata        0xc0615360       0xc3 network/tcp_output.o
 *fill*         0xc0615423        0x1 
 .rodata        0xc0615424       0xbd network/arp.o
 .rodata        0xc06154e1       0x34 network/dst.o
 *fill*         0xc0615515        0x3 
 .rodata        0xc0615518       0xe8 network/tcp_sock.o
 .rodata        0xc0615600      0x174 network/ipc.o
 .rodata        0xc0615774        0x9 network/ip_output.o
 *fill*         0xc061577d        0x3 
 .rodata        0xc0615780       0x48 network/inet.o
 .rodata        0xc06157c8        0x9 network/skbuff.o
 *fill*         0xc06157d1        0x3 
 .rodata        0xc06157d4       0x60 network/tcp_input.o
 .rodata        0xc0615834       0x99 network/task_network.o
 .rodata        0xc06158cd        0x9 network/udp.o
 .rodata        0xc06158d6       0x1e network/tcp_data.o
 .rodata        0xc06158f4       0x41 network/utils.o
 *fill*         0xc0615935        0x3 
 .rodata        0xc0615938      0x19c hd/hd.o
 .rodata        0xc0615ad4      0x1fb fs/fs_main.o
                0xc0615ad4                FSBUF_SIZE
 .rodata        0xc0615ccf       0x21 mm/forkexit.o
 .rodata        0xc0615cf0       0x10 mm/exec.o
 .rodata        0xc0615d00       0x11 mm/main.o
 .rodata        0xc0615d11       0x5a mem/mem.o
 .rodata        0xc0615d6b       0x2d lib/exec.o
 .rodata        0xc0615d98        0x9 lib/socket_close.o
 .rodata        0xc0615da1        0x9 lib/socket_read.o
 .rodata        0xc0615daa        0x9 lib/socket_write.o
 .rodata        0xc0615db3       0x2a lib/stdio/close.o
 .rodata        0xc0615ddd       0x33 lib/sys/socket.o
 .rodata        0xc0615e10        0x9 lib/sys/connect.o
 .rodata        0xc0615e19        0x3 lib/arpa/inet_pton.o
 .rodata        0xc0615e1c        0x3 lib/arpa/inet_ntop.o

.txt            0xc0615e1f       0xaa
 .txt           0xc0615e1f       0x82 string.o
                0xc0615e1f                Memcpy2
                0xc0615e4d                Memset
                0xc0615e6c                Strcpy
                0xc0615e86                Strlen
 .txt           0xc0615ea1       0x28 hd/hd_rdwt.o
                0xc0615ea1                read_port
                0xc0615eb5                write_port

.rodata1
 *(.rodata1)

.eh_frame_hdr
 *(.eh_frame_hdr)
 *(.eh_frame_entry .eh_frame_entry.*)

.eh_frame       0xc0615ecc     0x434c
 *(.eh_frame)
 .eh_frame      0xc0615ecc       0xd8 double_link_list.o
 .eh_frame      0xc0615fa4      0x104 kernel_main.o
                                0x11c (size before relaxing)
 .eh_frame      0xc06160a8      0x100 protect.o
                                0x118 (size before relaxing)
 .eh_frame      0xc06161a8      0x1e0 console.o
                                0x1f8 (size before relaxing)
 .eh_frame      0xc0616388      0x6cc kernel_main_old.o
                                0x6e4 (size before relaxing)
 .eh_frame      0xc0616a54       0xa0 keyboard.o
                                 0xb8 (size before relaxing)
 .eh_frame      0xc0616af4       0x80 process.o
                                 0x98 (size before relaxing)
 .eh_frame      0xc0616b74       0x80 thread.o
                                 0x98 (size before relaxing)
 .eh_frame      0xc0616bf4       0xe0 my_process.o
                                 0xf8 (size before relaxing)
 .eh_frame      0xc0616cd4      0x2a0 network/socket.o
                                0x2b8 (size before relaxing)
 .eh_frame      0xc0616f74      0x104 network/ip_input.o
                                0x11c (size before relaxing)
 .eh_frame      0xc0617078      0x404 network/udp_sock.o
                                0x41c (size before relaxing)
 .eh_frame      0xc061747c       0x80 network/icmpv4.o
                                 0x98 (size before relaxing)
 .eh_frame      0xc06174fc      0x230 network/netdev.o
                                0x248 (size before relaxing)
 .eh_frame      0xc061772c      0x268 network/tcp.o
                                0x280 (size before relaxing)
 .eh_frame      0xc0617994      0x104 network/route.o
                                0x11c (size before relaxing)
 .eh_frame      0xc0617a98      0x1a0 network/sock.o
                                0x1b8 (size before relaxing)
 .eh_frame      0xc0617c38      0x3c4 network/tcp_output.o
                                0x3dc (size before relaxing)
 .eh_frame      0xc0617ffc      0x220 network/arp.o
                                0x238 (size before relaxing)
 .eh_frame      0xc061821c       0x60 network/dst.o
                                 0x78 (size before relaxing)
 .eh_frame      0xc061827c      0x4c0 network/tcp_sock.o
                                0x4d8 (size before relaxing)
 .eh_frame      0xc061873c      0x274 network/ipc.o
                                0x28c (size before relaxing)
 .eh_frame      0xc06189b0       0x40 network/ip_output.o
                                 0x58 (size before relaxing)
 .eh_frame      0xc06189f0      0x180 network/inet.o
                                0x198 (size before relaxing)
 .eh_frame      0xc0618b70       0xe0 network/skbuff.o
                                 0xf8 (size before relaxing)
 .eh_frame      0xc0618c50      0x300 network/tcp_input.o
                                0x318 (size before relaxing)
 .eh_frame      0xc0618f50       0x80 network/task_network.o
                                 0x98 (size before relaxing)
 .eh_frame      0xc0618fd0      0x1e4 network/udp.o
                                0x1fc (size before relaxing)
 .eh_frame      0xc06191b4      0x200 network/tcp_data.o
                                0x218 (size before relaxing)
 .eh_frame      0xc06193b4       0xe4 network/utils.o
                                 0xfc (size before relaxing)
 .eh_frame      0xc0619498      0x264 hd/hd.o
                                0x27c (size before relaxing)
 .eh_frame      0xc06196fc      0x27c fs/fs_main.o
                                0x294 (size before relaxing)
 .eh_frame      0xc0619978       0x80 mm/forkexit.o
                                 0x98 (size before relaxing)
 .eh_frame      0xc06199f8       0x20 mm/exec.o
                                 0x38 (size before relaxing)
 .eh_frame      0xc0619a18       0x3c mm/main.o
                                 0x54 (size before relaxing)
 .eh_frame      0xc0619a54      0x364 mem/mem.o
                                0x37c (size before relaxing)
 .eh_frame      0xc0619db8       0x60 lib/exec.o
                                 0x78 (size before relaxing)
 .eh_frame      0xc0619e18       0x20 lib/fork.o
                                 0x38 (size before relaxing)
 .eh_frame      0xc0619e38       0x20 lib/exit.o
                                 0x38 (size before relaxing)
 .eh_frame      0xc0619e58       0x20 lib/unlink.o
                                 0x38 (size before relaxing)
 .eh_frame      0xc0619e78       0x20 lib/wait.o
                                 0x38 (size before relaxing)
 .eh_frame      0xc0619e98       0x20 lib/socket_close.o
                                 0x38 (size before relaxing)
 .eh_frame      0xc0619eb8       0x20 lib/socket_read.o
                                 0x38 (size before relaxing)
 .eh_frame      0xc0619ed8       0x20 lib/alloca.o
                                 0x38 (size before relaxing)
 .eh_frame      0xc0619ef8       0x20 lib/calloc.o
                                 0x38 (size before relaxing)
 .eh_frame      0xc0619f18       0x20 lib/floor.o
                                 0x38 (size before relaxing)
 .eh_frame      0xc0619f38       0x20 lib/socket_write.o
                                 0x38 (size before relaxing)
 .eh_frame      0xc0619f58       0x20 lib/getpid.o
                                 0x38 (size before relaxing)
 .eh_frame      0xc0619f78       0x20 lib/stdlib/atoi.o
                                 0x38 (size before relaxing)
 .eh_frame      0xc0619f98       0x20 lib/stdlib/strtol.o
                                 0x38 (size before relaxing)
 .eh_frame      0xc0619fb8       0x20 lib/string/strtok.o
                                 0x38 (size before relaxing)
 .eh_frame      0xc0619fd8       0x20 lib/string/strcmp.o
                                 0x38 (size before relaxing)
 .eh_frame      0xc0619ff8       0x20 lib/string/strncmp.o
                                 0x38 (size before relaxing)
 .eh_frame      0xc061a018       0x20 lib/string/strpbrk.o
                                 0x38 (size before relaxing)
 .eh_frame      0xc061a038       0x20 lib/stdio/read.o
                                 0x38 (size before relaxing)
 .eh_frame      0xc061a058       0x20 lib/stdio/perror.o
                                 0x38 (size before relaxing)
 .eh_frame      0xc061a078       0x20 lib/stdio/sscanf.o
                                 0x38 (size before relaxing)
 .eh_frame      0xc061a098       0x20 lib/stdio/open.o
                                 0x38 (size before relaxing)
 .eh_frame      0xc061a0b8       0x20 lib/stdio/write.o
                                 0x38 (size before relaxing)
 .eh_frame      0xc061a0d8       0x20 lib/stdio/close.o
                                 0x38 (size before relaxing)
 .eh_frame      0xc061a0f8       0x20 lib/sys/socket.o
                                 0x38 (size before relaxing)
 .eh_frame      0xc061a118       0x20 lib/sys/connect.o
                                 0x38 (size before relaxing)
 .eh_frame      0xc061a138       0x20 lib/arpa/ntohs.o
                                 0x38 (size before relaxing)
 .eh_frame      0xc061a158       0x20 lib/arpa/htonl.o
                                 0x38 (size before relaxing)
 .eh_frame      0xc061a178       0x20 lib/arpa/htons.o
                                 0x38 (size before relaxing)
 .eh_frame      0xc061a198       0x40 lib/arpa/inet_pton.o
                                 0x58 (size before relaxing)
 .eh_frame      0xc061a1d8       0x20 lib/arpa/ntohl.o
                                 0x38 (size before relaxing)
 .eh_frame      0xc061a1f8       0x20 lib/arpa/inet_ntop.o
                                 0x38 (size before relaxing)
 *(.eh_frame.*)

.sframe
 *(.sframe)
 *(.sframe.*)

.gcc_except_table
 *(.gcc_except_table .gcc_except_table.*)

.gnu_extab
 *(.gnu_extab*)

.exception_ranges
 *(.exception_ranges*)
                0xc061b000                        . = DATA_SEGMENT_ALIGN (CONSTANT (MAXPAGESIZE), CONSTANT (COMMONPAGESIZE))

.eh_frame
 *(.eh_frame)
 *(.eh_frame.*)

.sframe
 *(.sframe)
 *(.sframe.*)

.gnu_extab
 *(.gnu_extab)

.gcc_except_table
 *(.gcc_except_table .gcc_except_table.*)

.exception_ranges
 *(.exception_ranges*)

.tdata          0xc061b000        0x0
                [!provide]                        PROVIDE (__tdata_start = .)
 *(.tdata .tdata.* .gnu.linkonce.td.*)

.tbss
 *(.tbss .tbss.* .gnu.linkonce.tb.*)
 *(.tcommon)

.preinit_array  0xc061b000        0x0
                [!provide]                        PROVIDE (__preinit_array_start = .)
 *(.preinit_array)
                [!provide]                        PROVIDE (__preinit_array_end = .)

.init_array     0xc061b000        0x0
                [!provide]                        PROVIDE (__init_array_start = .)
 *(SORT_BY_INIT_PRIORITY(.init_array.*) SORT_BY_INIT_PRIORITY(.ctors.*))
 *(.init_array EXCLUDE_FILE(*crtend?.o *crtend.o *crtbegin?.o *crtbegin.o) .ctors)
                [!provide]                        PROVIDE (__init_array_end = .)

.fini_array     0xc061b000        0x0
                [!provide]                        PROVIDE (__fini_array_start = .)
 *(SORT_BY_INIT_PRIORITY(.fini_array.*) SORT_BY_INIT_PRIORITY(.dtors.*))
 *(.fini_array EXCLUDE_FILE(*crtend?.o *crtend.o *crtbegin?.o *crtbegin.o) .dtors)
                [!provide]                        PROVIDE (__fini_array_end = .)

.ctors
 *crtbegin.o(.ctors)
 *crtbegin?.o(.ctors)
 *(EXCLUDE_FILE(*crtend?.o *crtend.o) .ctors)
 *(SORT_BY_NAME(.ctors.*))
 *(.ctors)

.dtors
 *crtbegin.o(.dtors)
 *crtbegin?.o(.dtors)
 *(EXCLUDE_FILE(*crtend?.o *crtend.o) .dtors)
 *(SORT_BY_NAME(.dtors.*))
 *(.dtors)

.jcr
 *(.jcr)

.data.rel.ro
 *(.data.rel.ro.local* .gnu.linkonce.d.rel.ro.local.*)
 *(.data.rel.ro .data.rel.ro.* .gnu.linkonce.d.rel.ro.*)

.dynamic
 *(.dynamic)

.got            0xc061b000        0x0
 *(.got)
 .got           0xc061b000        0x0 kernel/kernel_sub.o
 *(.igot)
                0xc061b000                        . = DATA_SEGMENT_RELRO_END (., (SIZEOF (.got.plt) >= 0xc)?0xc:0x0)

.got.plt        0xc061b000        0x0
 *(.got.plt)
 .got.plt       0xc061b000        0x0 kernel/kernel_sub.o
 *(.igot.plt)
 .igot.plt      0xc061b000        0x0 kernel/kernel_sub.o

.data           0xc061b000      0xbb0
 *(.data .data.* .gnu.linkonce.d.*)
 .data          0xc061b000        0xf kernel/kernel_sub.o
 *fill*         0xc061b00f        0x1 
 .data          0xc061b010        0xf kernel/kernel.o
 *fill*         0xc061b01f        0x1 
 .data          0xc061b020        0x0 syscall.o
 .data          0xc061b020        0x0 double_link_list.o
 .data          0xc061b020      0x17c global.o
                0xc061b020                user_task_table
                0xc061b0a0                sys_task_table
                0xc061b180                sys_call_table
 .data          0xc061b19c        0x0 kernel_main.o
 .data          0xc061b19c        0x0 protect.o
 .data          0xc061b19c        0x0 console.o
 .data          0xc061b19c        0x0 kernel_main_old.o
 *fill*         0xc061b19c        0x4 
 .data          0xc061b1a0      0x600 keyboard.o
                0xc061b1a0                keymap
 .data          0xc061b7a0        0x0 process.o
 .data          0xc061b7a0        0x0 thread.o
 .data          0xc061b7a0        0x0 my_process.o
 .data          0xc061b7a0      0x224 network/socket.o
 .data          0xc061b9c4        0x4 network/ip_input.o
 *fill*         0xc061b9c8       0x18 
 .data          0xc061b9e0       0x54 network/udp_sock.o
                0xc061ba00                udp_ops
 .data          0xc061ba34        0x4 network/icmpv4.o
 .data          0xc061ba38        0x4 network/netdev.o
 .data          0xc061ba3c        0x8 network/tcp.o
 .data          0xc061ba44        0x4 network/route.o
 .data          0xc061ba48        0x4 network/sock.o
 .data          0xc061ba4c        0x4 network/tcp_output.o
 .data          0xc061ba50       0x14 network/arp.o
 .data          0xc061ba64        0x4 network/dst.o
 *fill*         0xc061ba68       0x18 
 .data          0xc061ba80       0x54 network/tcp_sock.o
                0xc061baa0                tcp_ops
 .data          0xc061bad4        0xc network/ipc.o
 .data          0xc061bae0        0x4 network/ip_output.o
 *fill*         0xc061bae4       0x1c 
 .data          0xc061bb00       0x80 network/inet.o
                0xc061bb08                inet
 .data          0xc061bb80        0x4 network/skbuff.o
 .data          0xc061bb84        0x4 network/tcp_input.o
 .data          0xc061bb88        0x4 network/task_network.o
 .data          0xc061bb8c        0x8 network/udp.o
 .data          0xc061bb94        0x4 network/tcp_data.o
 .data          0xc061bb98        0x4 network/utils.o
 .data          0xc061bb9c        0x0 hd/hd.o
 .data          0xc061bb9c        0x0 fs/fs_main.o
 .data          0xc061bb9c        0x0 mm/forkexit.o
 .data          0xc061bb9c        0x0 mm/exec.o
 .data          0xc061bb9c        0x0 mm/main.o
 .data          0xc061bb9c        0x0 mem/mem.o
 .data          0xc061bb9c        0x0 lib/exec.o
 .data          0xc061bb9c        0x0 lib/fork.o
 .data          0xc061bb9c        0x0 lib/exit.o
 .data          0xc061bb9c        0x0 lib/unlink.o
 .data          0xc061bb9c        0x0 lib/wait.o
 .data          0xc061bb9c        0x4 lib/socket_close.o
 .data          0xc061bba0        0x4 lib/socket_read.o
 .data          0xc061bba4        0x0 lib/alloca.o
 .data          0xc061bba4        0x0 lib/calloc.o
 .data          0xc061bba4        0x0 lib/floor.o
 .data          0xc061bba4        0x4 lib/socket_write.o
 .data          0xc061bba8        0x0 lib/getpid.o
 .data          0xc061bba8        0x0 lib/stdlib/atoi.o
 .data          0xc061bba8        0x0 lib/stdlib/strtol.o
 .data          0xc061bba8        0x0 lib/string/strtok.o
 .data          0xc061bba8        0x0 lib/string/strcmp.o
 .data          0xc061bba8        0x0 lib/string/strncmp.o
 .data          0xc061bba8        0x0 lib/string/strpbrk.o
 .data          0xc061bba8        0x0 lib/stdio/read.o
 .data          0xc061bba8        0x0 lib/stdio/perror.o
 .data          0xc061bba8        0x0 lib/stdio/sscanf.o
 .data          0xc061bba8        0x0 lib/stdio/open.o
 .data          0xc061bba8        0x0 lib/stdio/write.o
 .data          0xc061bba8        0x0 lib/stdio/close.o
 .data          0xc061bba8        0x4 lib/sys/socket.o
 .data          0xc061bbac        0x4 lib/sys/connect.o
 .data          0xc061bbb0        0x0 lib/arpa/ntohs.o
 .data          0xc061bbb0        0x0 lib/arpa/htonl.o
 .data          0xc061bbb0        0x0 lib/arpa/htons.o
 .data          0xc061bbb0        0x0 lib/arpa/inet_pton.o
 .data          0xc061bbb0        0x0 lib/arpa/ntohl.o
 .data          0xc061bbb0        0x0 lib/arpa/inet_ntop.o

.data1
 *(.data1)
                0xc061bbb0                        _edata = .
                [!provide]                        PROVIDE (edata = .)
                0xc061bbb0                        . = .
                0xc061bbb0                        __bss_start = .

.bss            0xc061bbc0    0xa5888
 *(.dynbss)
 *(.bss .bss.* .gnu.linkonce.b.*)
 .bss           0xc061bbc0      0x800 kernel/kernel_sub.o
 .bss           0xc061c3c0      0x800 kernel/kernel.o
 .bss           0xc061cbc0        0x0 double_link_list.o
 .bss           0xc061cbc0        0x0 global.o
 .bss           0xc061cbc0        0x0 kernel_main.o
 .bss           0xc061cbc0        0x0 protect.o
 .bss           0xc061cbc0        0x0 console.o
 .bss           0xc061cbc0        0x0 kernel_main_old.o
 .bss           0xc061cbc0        0x0 keyboard.o
 .bss           0xc061cbc0        0x0 process.o
 .bss           0xc061cbc0        0x0 thread.o
 .bss           0xc061cbc0        0x0 my_process.o
 .bss           0xc061cbc0        0x4 network/socket.o
 .bss           0xc061cbc4        0x0 network/ip_input.o
 .bss           0xc061cbc4        0x4 network/udp_sock.o
 .bss           0xc061cbc8        0x0 network/icmpv4.o
 .bss           0xc061cbc8        0x0 network/netdev.o
 .bss           0xc061cbc8        0x0 network/tcp.o
 .bss           0xc061cbc8        0x0 network/route.o
 .bss           0xc061cbc8        0x0 network/sock.o
 .bss           0xc061cbc8        0x0 network/tcp_output.o
 .bss           0xc061cbc8        0x0 network/arp.o
 .bss           0xc061cbc8        0x0 network/dst.o
 .bss           0xc061cbc8        0x0 network/tcp_sock.o
 .bss           0xc061cbc8        0x4 network/ipc.o
 .bss           0xc061cbcc        0x0 network/ip_output.o
 .bss           0xc061cbcc        0x0 network/inet.o
 .bss           0xc061cbcc        0x0 network/skbuff.o
 .bss           0xc061cbcc        0x0 network/tcp_input.o
 .bss           0xc061cbcc        0x0 network/task_network.o
 .bss           0xc061cbcc        0x0 network/udp.o
 .bss           0xc061cbcc        0x0 network/tcp_data.o
 .bss           0xc061cbcc        0x0 network/utils.o
 .bss           0xc061cbcc        0x0 hd/hd.o
 .bss           0xc061cbcc        0x4 fs/fs_main.o
                0xc061cbcc                c
 .bss           0xc061cbd0        0x0 mm/forkexit.o
 .bss           0xc061cbd0        0x0 mm/exec.o
 .bss           0xc061cbd0        0x0 mm/main.o
 .bss           0xc061cbd0        0x0 mem/mem.o
 .bss           0xc061cbd0        0x0 lib/exec.o
 .bss           0xc061cbd0        0x0 lib/fork.o
 .bss           0xc061cbd0        0x0 lib/exit.o
 .bss           0xc061cbd0        0x0 lib/unlink.o
 .bss           0xc061cbd0        0x0 lib/wait.o
 .bss           0xc061cbd0        0x0 lib/socket_close.o
 .bss           0xc061cbd0        0x0 lib/socket_read.o
 .bss           0xc061cbd0        0x0 lib/alloca.o
 .bss           0xc061cbd0        0x0 lib/calloc.o
 .bss           0xc061cbd0        0x0 lib/floor.o
 .bss           0xc061cbd0        0x0 lib/socket_write.o
 .bss           0xc061cbd0        0x0 lib/getpid.o
 .bss           0xc061cbd0        0x0 lib/stdlib/atoi.o
 .bss           0xc061cbd0        0x0 lib/stdlib/strtol.o
 .bss           0xc061cbd0        0x4 lib/string/strtok.o
 .bss           0xc061cbd4        0x0 lib/string/strcmp.o
 .bss           0xc061cbd4        0x0 lib/string/strncmp.o
 .bss           0xc061cbd4        0x0 lib/string/strpbrk.o
 .bss           0xc061cbd4        0x0 lib/stdio/read.o
 .bss           0xc061cbd4        0x0 lib/stdio/perror.o
 .bss           0xc061cbd4        0x0 lib/stdio/sscanf.o
 .bss           0xc061cbd4        0x0 lib/stdio/open.o
 .bss           0xc061cbd4        0x0 lib/stdio/write.o
 .bss           0xc061cbd4        0x0 lib/stdio/close.o
 .bss           0xc061cbd4        0x0 lib/sys/socket.o
 .bss           0xc061cbd4        0x0 lib/sys/connect.o
 .bss           0xc061cbd4        0x0 lib/arpa/ntohs.o
 .bss           0xc061cbd4        0x0 lib/arpa/htonl.o
 .bss           0xc061cbd4        0x0 lib/arpa/htons.o
 .bss           0xc061cbd4        0x0 lib/arpa/inet_pton.o
 .bss           0xc061cbd4        0x0 lib/arpa/ntohl.o
 .bss           0xc061cbd4        0x0 lib/arpa/inet_ntop.o
 *(COMMON)
 *fill*         0xc061cbd4        0xc 
 COMMON         0xc061cbe0     0x17b8 double_link_list.o
                0xc061cbe0                current_tty
                0xc061cbe4                is_e0
                0xc061cbe8                idt_ptr
                0xc061cbf0                pid
                0xc061cbf4                KernelVirtualMemory
                0xc061cc00                loop
                0xc061cc04                current_dis_pos
                0xc061cc08                dis_pos
                0xc061cc0c                netdev
                0xc061cc10                k_reenter
                0xc061cc20                gdt
                0xc061d020                proc_ready_table
                0xc061d024                test_ticks
                0xc061d028                pcaller
                0xc061d040                keyboard_buffer
                0xc061d24c                pcb_list
                0xc061d25c                gdt_index
                0xc061d260                tty_table
                0xc061daa0                tss
                0xc061db0c                KernelPool
                0xc061db1c                net_buf
                0xc061db20                nic_current_page
                0xc061db24                counter
                0xc061db28                key_pressed
                0xc061db2c                fork_pid
                0xc061db30                is_shift
                0xc061db31                net_data
                0xc061db34                routes
                0xc061db38                gdt_ptr
                0xc061db40                idt
                0xc061e340                main_thread
                0xc061e348                ticks
                0xc061e350                is_init
                0xc061e354                UserPool
                0xc061e364                all_pcb_list
                0xc061e374                console_table
                0xc061e384                is_disp
                0xc061e388                MAIN_THREAD_PAGE_DIRECTORY
                0xc061e38c                helloStr
 *fill*         0xc061e398        0x8 
 COMMON         0xc061e3a0    0xa1d40 global.o
                0xc061e3a0                proc_stack
                0xc06be3a0                proc_table
 COMMON         0xc06c00e0      0x440 hd/hd.o
                0xc06c00e0                hd_info
                0xc06c0320                hd_cache
 COMMON         0xc06c0520      0xe68 fs/fs_main.o
                0xc06c0520                file_desc_table
                0xc06c0920                phy_super_block_buf
                0xc06c0924                phy_fsbuf
                0xc06c0940                inode_table
                0xc06c1340                super_block_buf
                0xc06c1344                fsbuf
                0xc06c1360                root
 *fill*         0xc06c1388       0x18 
 COMMON         0xc06c13a0       0xa8 mem/mem.o
                0xc06c13a0                kernel_mem_block_decs_array
                0xc06c1448                        . = ALIGN ((. != 0x0)?0x4:0x1)
                0xc06c1448                        . = ALIGN (0x4)
                0xc06c1448                        . = SEGMENT_START ("ldata-segment", .)
                0xc06c1448                        . = ALIGN (0x4)
                0xc06c1448                        _end = .
                [!provide]                        PROVIDE (end = .)
                0xc06c1448                        . = DATA_SEGMENT_END (.)

.stab
 *(.stab)

.stabstr
 *(.stabstr)

.stab.excl
 *(.stab.excl)

.stab.exclstr
 *(.stab.exclstr)

.stab.index
 *(.stab.index)

.stab.indexstr
 *(.stab.indexstr)

.comment        0x00000000       0x2c
 *(.comment)
 .comment       0x00000000       0x2c double_link_list.o
                                 0x2d (size before relaxing)
 .comment       0x0000002c       0x2d global.o
 .comment       0x0000002c       0x2d kernel_main.o
 .comment       0x0000002c       0x2d protect.o
 .comment       0x0000002c       0x2d console.o
 .comment       0x0000002c       0x2d kernel_main_old.o
 .comment       0x0000002c       0x2d keyboard.o
 .comment       0x0000002c       0x2d process.o
 .comment       0x0000002c       0x2d thread.o
 .comment       0x0000002c       0x2d my_process.o
 .comment       0x0000002c       0x2d network/socket.o
 .comment       0x0000002c       0x2d network/ip_input.o
 .comment       0x0000002c       0x2d network/udp_sock.o
 .comment       0x0000002c       0x2d network/icmpv4.o
 .comment       0x0000002c       0x2d network/netdev.o
 .comment       0x0000002c       0x2d network/tcp.o
 .comment       0x0000002c       0x2d network/route.o
 .comment       0x0000002c       0x2d network/sock.o
 .comment       0x0000002c       0x2d network/tcp_output.o
 .comment       0x0000002c       0x2d network/arp.o
 .comment       0x0000002c       0x2d network/dst.o
 .comment       0x0000002c       0x2d network/tcp_sock.o
 .comment       0x0000002c       0x2d network/ipc.o
 .comment       0x0000002c       0x2d network/ip_output.o
 .comment       0x0000002c       0x2d network/inet.o
 .comment       0x0000002c       0x2d network/skbuff.o
 .comment       0x0000002c       0x2d network/tcp_input.o
 .comment       0x0000002c       0x2d network/task_network.o
 .comment       0x0000002c       0x2d network/udp.o
 .comment       0x0000002c       0x2d network/tcp_data.o
 .comment       0x0000002c       0x2d network/utils.o
 .comment       0x0000002c       0x2d hd/hd.o
 .comment       0x0000002c       0x2d fs/fs_main.o
 .comment       0x0000002c       0x2d mm/forkexit.o
 .comment       0x0000002c       0x2d mm/exec.o
 .comment       0x0000002c       0x2d mm/main.o
 .comment       0x0000002c       0x2d mem/mem.o
 .comment       0x0000002c       0x2d lib/exec.o
 .comment       0x0000002c       0x2d lib/fork.o
 .comment       0x0000002c       0x2d lib/exit.o
 .comment       0x0000002c       0x2d lib/unlink.o
 .comment       0x0000002c       0x2d lib/wait.o
 .comment       0x0000002c       0x2d lib/socket_close.o
 .comment       0x0000002c       0x2d lib/socket_read.o
 .comment       0x0000002c       0x2d lib/alloca.o
 .comment       0x0000002c       0x2d lib/calloc.o
 .comment       0x0000002c       0x2d lib/floor.o
 .comment       0x0000002c       0x2d lib/socket_write.o
 .comment       0x0000002c       0x2d lib/getpid.o
 .comment       0x0000002c       0x2d lib/stdlib/atoi.o
 .comment       0x0000002c       0x2d lib/stdlib/strtol.o
 .comment       0x0000002c       0x2d lib/string/strtok.o
 .comment       0x0000002c       0x2d lib/string/strcmp.o
 .comment       0x0000002c       0x2d lib/string/strncmp.o
 .comment       0x0000002c       0x2d lib/string/strpbrk.o
 .comment       0x0000002c       0x2d lib/stdio/read.o
 .comment       0x0000002c       0x2d lib/stdio/perror.o
 .comment       0x0000002c       0x2d lib/stdio/sscanf.o
 .comment       0x0000002c       0x2d lib/stdio/open.o
 .comment       0x0000002c       0x2d lib/stdio/write.o
 .comment       0x0000002c       0x2d lib/stdio/close.o
 .comment       0x0000002c       0x2d lib/sys/socket.o
 .comment       0x0000002c       0x2d lib/sys/connect.o
 .comment       0x0000002c       0x2d lib/arpa/ntohs.o
 .comment       0x0000002c       0x2d lib/arpa/htonl.o
 .comment       0x0000002c       0x2d lib/arpa/htons.o
 .comment       0x0000002c       0x2d lib/arpa/inet_pton.o
 .comment       0x0000002c       0x2d lib/arpa/ntohl.o
 .comment       0x0000002c       0x2d lib/arpa/inet_ntop.o

.gnu.build.attributes
 *(.gnu.build.attributes .gnu.build.attributes.*)

.debug
 *(.debug)

.line
 *(.line)

.debug_srcinfo
 *(.debug_srcinfo)

.debug_sfnames
 *(.debug_sfnames)

.debug_aranges  0x00000000      0x898
 *(.debug_aranges)
 .debug_aranges
                0x00000000       0x20 double_link_list.o
 .debug_aranges
                0x00000020       0x18 global.o
 .debug_aranges
                0x00000038       0x20 kernel_main.o
 .debug_aranges
                0x00000058       0x20 protect.o
 .debug_aranges
                0x00000078       0x20 console.o
 .debug_aranges
                0x00000098       0x20 kernel_main_old.o
 .debug_aranges
                0x000000b8       0x20 keyboard.o
 .debug_aranges
                0x000000d8       0x20 process.o
 .debug_aranges
                0x000000f8       0x20 thread.o
 .debug_aranges
                0x00000118       0x20 my_process.o
 .debug_aranges
                0x00000138       0x20 network/socket.o
 .debug_aranges
                0x00000158       0x20 network/ip_input.o
 .debug_aranges
                0x00000178       0x20 network/udp_sock.o
 .debug_aranges
                0x00000198       0x20 network/icmpv4.o
 .debug_aranges
                0x000001b8       0x20 network/netdev.o
 .debug_aranges
                0x000001d8       0x20 network/tcp.o
 .debug_aranges
                0x000001f8       0x20 network/route.o
 .debug_aranges
                0x00000218       0x20 network/sock.o
 .debug_aranges
                0x00000238       0x20 network/tcp_output.o
 .debug_aranges
                0x00000258       0x20 network/arp.o
 .debug_aranges
                0x00000278       0x20 network/dst.o
 .debug_aranges
                0x00000298       0x20 network/tcp_sock.o
 .debug_aranges
                0x000002b8       0x20 network/ipc.o
 .debug_aranges
                0x000002d8       0x20 network/ip_output.o
 .debug_aranges
                0x000002f8       0x20 network/inet.o
 .debug_aranges
                0x00000318       0x20 network/skbuff.o
 .debug_aranges
                0x00000338       0x20 network/tcp_input.o
 .debug_aranges
                0x00000358       0x20 network/task_network.o
 .debug_aranges
                0x00000378       0x20 network/udp.o
 .debug_aranges
                0x00000398       0x20 network/tcp_data.o
 .debug_aranges
                0x000003b8       0x20 network/utils.o
 .debug_aranges
                0x000003d8       0x20 hd/hd.o
 .debug_aranges
                0x000003f8       0x20 fs/fs_main.o
 .debug_aranges
                0x00000418       0x20 mm/forkexit.o
 .debug_aranges
                0x00000438       0x20 mm/exec.o
 .debug_aranges
                0x00000458       0x20 mm/main.o
 .debug_aranges
                0x00000478       0x20 mem/mem.o
 .debug_aranges
                0x00000498       0x20 lib/exec.o
 .debug_aranges
                0x000004b8       0x20 lib/fork.o
 .debug_aranges
                0x000004d8       0x20 lib/exit.o
 .debug_aranges
                0x000004f8       0x20 lib/unlink.o
 .debug_aranges
                0x00000518       0x20 lib/wait.o
 .debug_aranges
                0x00000538       0x20 lib/socket_close.o
 .debug_aranges
                0x00000558       0x20 lib/socket_read.o
 .debug_aranges
                0x00000578       0x20 lib/alloca.o
 .debug_aranges
                0x00000598       0x20 lib/calloc.o
 .debug_aranges
                0x000005b8       0x20 lib/floor.o
 .debug_aranges
                0x000005d8       0x20 lib/socket_write.o
 .debug_aranges
                0x000005f8       0x20 lib/getpid.o
 .debug_aranges
                0x00000618       0x20 lib/stdlib/atoi.o
 .debug_aranges
                0x00000638       0x20 lib/stdlib/strtol.o
 .debug_aranges
                0x00000658       0x20 lib/string/strtok.o
 .debug_aranges
                0x00000678       0x20 lib/string/strcmp.o
 .debug_aranges
                0x00000698       0x20 lib/string/strncmp.o
 .debug_aranges
                0x000006b8       0x20 lib/string/strpbrk.o
 .debug_aranges
                0x000006d8       0x20 lib/stdio/read.o
 .debug_aranges
                0x000006f8       0x20 lib/stdio/perror.o
 .debug_aranges
                0x00000718       0x20 lib/stdio/sscanf.o
 .debug_aranges
                0x00000738       0x20 lib/stdio/open.o
 .debug_aranges
                0x00000758       0x20 lib/stdio/write.o
 .debug_aranges
                0x00000778       0x20 lib/stdio/close.o
 .debug_aranges
                0x00000798       0x20 lib/sys/socket.o
 .debug_aranges
                0x000007b8       0x20 lib/sys/connect.o
 .debug_aranges
                0x000007d8       0x20 lib/arpa/ntohs.o
 .debug_aranges
                0x000007f8       0x20 lib/arpa/htonl.o
 .debug_aranges
                0x00000818       0x20 lib/arpa/htons.o
 .debug_aranges
                0x00000838       0x20 lib/arpa/inet_pton.o
 .debug_aranges
                0x00000858       0x20 lib/arpa/ntohl.o
 .debug_aranges
                0x00000878       0x20 lib/arpa/inet_ntop.o

.debug_pubnames
 *(.debug_pubnames)

.debug_info     0x00000000    0x4661e
 *(.debug_info .gnu.linkonce.wi.*)
 .debug_info    0x00000000     0x10b1 double_link_list.o
 .debug_info    0x000010b1      0xef9 global.o
 .debug_info    0x00001faa     0x11c4 kernel_main.o
 .debug_info    0x0000316e     0x1224 protect.o
 .debug_info    0x00004392     0x12f9 console.o
 .debug_info    0x0000568b     0x28ca kernel_main_old.o
 .debug_info    0x00007f55     0x104d keyboard.o
 .debug_info    0x00008fa2      0xfd1 process.o
 .debug_info    0x00009f73     0x10d8 thread.o
 .debug_info    0x0000b04b     0x150c my_process.o
 .debug_info    0x0000c557     0x1c35 network/socket.o
 .debug_info    0x0000e18c     0x1ae1 network/ip_input.o
 .debug_info    0x0000fc6d     0x1f13 network/udp_sock.o
 .debug_info    0x00011b80     0x193f network/icmpv4.o
 .debug_info    0x000134bf     0x1945 network/netdev.o
 .debug_info    0x00014e04     0x1e44 network/tcp.o
 .debug_info    0x00016c48     0x1390 network/route.o
 .debug_info    0x00017fd8     0x1896 network/sock.o
 .debug_info    0x0001986e     0x235f network/tcp_output.o
 .debug_info    0x0001bbcd     0x19b6 network/arp.o
 .debug_info    0x0001d583     0x1285 network/dst.o
 .debug_info    0x0001e808     0x2235 network/tcp_sock.o
 .debug_info    0x00020a3d     0x1dac network/ipc.o
 .debug_info    0x000227e9     0x177b network/ip_output.o
 .debug_info    0x00023f64     0x1a9a network/inet.o
 .debug_info    0x000259fe     0x11cc network/skbuff.o
 .debug_info    0x00026bca     0x2147 network/tcp_input.o
 .debug_info    0x00028d11     0x112b network/task_network.o
 .debug_info    0x00029e3c     0x1b44 network/udp.o
 .debug_info    0x0002b980     0x1dad network/tcp_data.o
 .debug_info    0x0002d72d      0x367 network/utils.o
 .debug_info    0x0002da94     0x1868 hd/hd.o
 .debug_info    0x0002f2fc     0x1faa fs/fs_main.o
 .debug_info    0x000312a6     0x100d mm/forkexit.o
 .debug_info    0x000322b3     0x1249 mm/exec.o
 .debug_info    0x000334fc      0xe3b mm/main.o
 .debug_info    0x00034337     0x1dcd mem/mem.o
 .debug_info    0x00036104      0xfaf lib/exec.o
 .debug_info    0x000370b3      0xe17 lib/fork.o
 .debug_info    0x00037eca      0xe22 lib/exit.o
 .debug_info    0x00038cec      0xf00 lib/unlink.o
 .debug_info    0x00039bec      0xe30 lib/wait.o
 .debug_info    0x0003aa1c     0x1043 lib/socket_close.o
 .debug_info    0x0003ba5f     0x114b lib/socket_read.o
 .debug_info    0x0003cbaa       0xb6 lib/alloca.o
 .debug_info    0x0003cc60      0xf28 lib/calloc.o
 .debug_info    0x0003db88       0x6b lib/floor.o
 .debug_info    0x0003dbf3     0x11f3 lib/socket_write.o
 .debug_info    0x0003ede6      0xe17 lib/getpid.o
 .debug_info    0x0003fbfd       0xc9 lib/stdlib/atoi.o
 .debug_info    0x0003fcc6       0xd6 lib/stdlib/strtol.o
 .debug_info    0x0003fd9c       0xae lib/string/strtok.o
 .debug_info    0x0003fe4a       0xc1 lib/string/strcmp.o
 .debug_info    0x0003ff0b      0x110 lib/string/strncmp.o
 .debug_info    0x0004001b       0xcf lib/string/strpbrk.o
 .debug_info    0x000400ea      0xea1 lib/stdio/read.o
 .debug_info    0x00040f8b       0x5c lib/stdio/perror.o
 .debug_info    0x00040fe7      0x202 lib/stdio/sscanf.o
 .debug_info    0x000411e9      0xe02 lib/stdio/open.o
 .debug_info    0x00041feb      0xe9e lib/stdio/write.o
 .debug_info    0x00042e89      0xdb6 lib/stdio/close.o
 .debug_info    0x00043c3f     0x1130 lib/sys/socket.o
 .debug_info    0x00044d6f     0x11df lib/sys/connect.o
 .debug_info    0x00045f4e       0xa8 lib/arpa/ntohs.o
 .debug_info    0x00045ff6       0xcb lib/arpa/htonl.o
 .debug_info    0x000460c1       0xa8 lib/arpa/htons.o
 .debug_info    0x00046169      0x260 lib/arpa/inet_pton.o
 .debug_info    0x000463c9       0xcb lib/arpa/ntohl.o
 .debug_info    0x00046494      0x18a lib/arpa/inet_ntop.o

.debug_abbrev   0x00000000     0x85a7
 *(.debug_abbrev)
 .debug_abbrev  0x00000000      0x216 double_link_list.o
 .debug_abbrev  0x00000216      0x157 global.o
 .debug_abbrev  0x0000036d      0x25e kernel_main.o
 .debug_abbrev  0x000005cb      0x227 protect.o
 .debug_abbrev  0x000007f2      0x2ac console.o
 .debug_abbrev  0x00000a9e      0x43a kernel_main_old.o
 .debug_abbrev  0x00000ed8      0x1fb keyboard.o
 .debug_abbrev  0x000010d3      0x1e0 process.o
 .debug_abbrev  0x000012b3      0x222 thread.o
 .debug_abbrev  0x000014d5      0x260 my_process.o
 .debug_abbrev  0x00001735      0x327 network/socket.o
 .debug_abbrev  0x00001a5c      0x2d1 network/ip_input.o
 .debug_abbrev  0x00001d2d      0x3b1 network/udp_sock.o
 .debug_abbrev  0x000020de      0x236 network/icmpv4.o
 .debug_abbrev  0x00002314      0x325 network/netdev.o
 .debug_abbrev  0x00002639      0x332 network/tcp.o
 .debug_abbrev  0x0000296b      0x263 network/route.o
 .debug_abbrev  0x00002bce      0x273 network/sock.o
 .debug_abbrev  0x00002e41      0x39b network/tcp_output.o
 .debug_abbrev  0x000031dc      0x345 network/arp.o
 .debug_abbrev  0x00003521      0x23a network/dst.o
 .debug_abbrev  0x0000375b      0x3e6 network/tcp_sock.o
 .debug_abbrev  0x00003b41      0x311 network/ipc.o
 .debug_abbrev  0x00003e52      0x213 network/ip_output.o
 .debug_abbrev  0x00004065      0x24b network/inet.o
 .debug_abbrev  0x000042b0      0x23f network/skbuff.o
 .debug_abbrev  0x000044ef      0x355 network/tcp_input.o
 .debug_abbrev  0x00004844      0x1cf network/task_network.o
 .debug_abbrev  0x00004a13      0x2d3 network/udp.o
 .debug_abbrev  0x00004ce6      0x2a6 network/tcp_data.o
 .debug_abbrev  0x00004f8c      0x17a network/utils.o
 .debug_abbrev  0x00005106      0x2e3 hd/hd.o
 .debug_abbrev  0x000053e9      0x2f8 fs/fs_main.o
 .debug_abbrev  0x000056e1      0x204 mm/forkexit.o
 .debug_abbrev  0x000058e5      0x1c4 mm/exec.o
 .debug_abbrev  0x00005aa9      0x208 mm/main.o
 .debug_abbrev  0x00005cb1      0x330 mem/mem.o
 .debug_abbrev  0x00005fe1      0x1e8 lib/exec.o
 .debug_abbrev  0x000061c9      0x18a lib/fork.o
 .debug_abbrev  0x00006353      0x19b lib/exit.o
 .debug_abbrev  0x000064ee      0x193 lib/unlink.o
 .debug_abbrev  0x00006681      0x19f lib/wait.o
 .debug_abbrev  0x00006820      0x1b0 lib/socket_close.o
 .debug_abbrev  0x000069d0      0x1dd lib/socket_read.o
 .debug_abbrev  0x00006bad       0xcd lib/alloca.o
 .debug_abbrev  0x00006c7a      0x191 lib/calloc.o
 .debug_abbrev  0x00006e0b       0x6a lib/floor.o
 .debug_abbrev  0x00006e75      0x1e2 lib/socket_write.o
 .debug_abbrev  0x00007057      0x18a lib/getpid.o
 .debug_abbrev  0x000071e1       0x94 lib/stdlib/atoi.o
 .debug_abbrev  0x00007275       0x8b lib/stdlib/strtol.o
 .debug_abbrev  0x00007300       0x91 lib/string/strtok.o
 .debug_abbrev  0x00007391       0x94 lib/string/strcmp.o
 .debug_abbrev  0x00007425       0xbe lib/string/strncmp.o
 .debug_abbrev  0x000074e3       0xa5 lib/string/strpbrk.o
 .debug_abbrev  0x00007588      0x1ef lib/stdio/read.o
 .debug_abbrev  0x00007777       0x5c lib/stdio/perror.o
 .debug_abbrev  0x000077d3       0xca lib/stdio/sscanf.o
 .debug_abbrev  0x0000789d      0x1c5 lib/stdio/open.o
 .debug_abbrev  0x00007a62      0x1db lib/stdio/write.o
 .debug_abbrev  0x00007c3d      0x19d lib/stdio/close.o
 .debug_abbrev  0x00007dda      0x1cc lib/sys/socket.o
 .debug_abbrev  0x00007fa6      0x1d3 lib/sys/connect.o
 .debug_abbrev  0x00008179       0x6c lib/arpa/ntohs.o
 .debug_abbrev  0x000081e5       0xa5 lib/arpa/htonl.o
 .debug_abbrev  0x0000828a       0x6c lib/arpa/htons.o
 .debug_abbrev  0x000082f6      0x116 lib/arpa/inet_pton.o
 .debug_abbrev  0x0000840c       0xa5 lib/arpa/ntohl.o
 .debug_abbrev  0x000084b1       0xf6 lib/arpa/inet_ntop.o

.debug_line     0x00000000     0xaaf2
 *(.debug_line .debug_line.* .debug_line_end)
 .debug_line    0x00000000      0x235 double_link_list.o
 .debug_line    0x00000235       0xb3 global.o
 .debug_line    0x000002e8      0x26e kernel_main.o
 .debug_line    0x00000556      0x21d protect.o
 .debug_line    0x00000773      0x56c console.o
 .debug_line    0x00000cdf      0xe38 kernel_main_old.o
 .debug_line    0x00001b17      0x2b4 keyboard.o
 .debug_line    0x00001dcb      0x1dc process.o
 .debug_line    0x00001fa7      0x163 thread.o
 .debug_line    0x0000210a      0x359 my_process.o
 .debug_line    0x00002463      0x3c8 network/socket.o
 .debug_line    0x0000282b      0x28e network/ip_input.o
 .debug_line    0x00002ab9      0x4c8 network/udp_sock.o
 .debug_line    0x00002f81      0x232 network/icmpv4.o
 .debug_line    0x000031b3      0x4b0 network/netdev.o
 .debug_line    0x00003663      0x310 network/tcp.o
 .debug_line    0x00003973      0x2a9 network/route.o
 .debug_line    0x00003c1c      0x238 network/sock.o
 .debug_line    0x00003e54      0x5a1 network/tcp_output.o
 .debug_line    0x000043f5      0x572 network/arp.o
 .debug_line    0x00004967      0x1af network/dst.o
 .debug_line    0x00004b16      0x599 network/tcp_sock.o
 .debug_line    0x000050af      0x61e network/ipc.o
 .debug_line    0x000056cd      0x20b network/ip_output.o
 .debug_line    0x000058d8      0x326 network/inet.o
 .debug_line    0x00005bfe      0x1ab network/skbuff.o
 .debug_line    0x00005da9      0x671 network/tcp_input.o
 .debug_line    0x0000641a      0x200 network/task_network.o
 .debug_line    0x0000661a      0x302 network/udp.o
 .debug_line    0x0000691c      0x3ff network/tcp_data.o
 .debug_line    0x00006d1b      0x13c network/utils.o
 .debug_line    0x00006e57      0x64d hd/hd.o
 .debug_line    0x000074a4      0xc43 fs/fs_main.o
 .debug_line    0x000080e7      0x192 mm/forkexit.o
 .debug_line    0x00008279      0x22a mm/exec.o
 .debug_line    0x000084a3      0x10a mm/main.o
 .debug_line    0x000085ad      0x78e mem/mem.o
 .debug_line    0x00008d3b      0x1a9 lib/exec.o
 .debug_line    0x00008ee4       0xc3 lib/fork.o
 .debug_line    0x00008fa7       0xbe lib/exit.o
 .debug_line    0x00009065       0xde lib/unlink.o
 .debug_line    0x00009143       0xd5 lib/wait.o
 .debug_line    0x00009218      0x151 lib/socket_close.o
 .debug_line    0x00009369      0x192 lib/socket_read.o
 .debug_line    0x000094fb       0x5f lib/alloca.o
 .debug_line    0x0000955a       0xf9 lib/calloc.o
 .debug_line    0x00009653       0x5a lib/floor.o
 .debug_line    0x000096ad      0x1b4 lib/socket_write.o
 .debug_line    0x00009861       0xbe lib/getpid.o
 .debug_line    0x0000991f       0xad lib/stdlib/atoi.o
 .debug_line    0x000099cc       0xbb lib/stdlib/strtol.o
 .debug_line    0x00009a87       0x6e lib/string/strtok.o
 .debug_line    0x00009af5       0x9c lib/string/strcmp.o
 .debug_line    0x00009b91       0xcc lib/string/strncmp.o
 .debug_line    0x00009c5d       0xb0 lib/string/strpbrk.o
 .debug_line    0x00009d0d      0x15b lib/stdio/read.o
 .debug_line    0x00009e68       0x48 lib/stdio/perror.o
 .debug_line    0x00009eb0      0x220 lib/stdio/sscanf.o
 .debug_line    0x0000a0d0       0xc3 lib/stdio/open.o
 .debug_line    0x0000a193       0xe0 lib/stdio/write.o
 .debug_line    0x0000a273       0xb3 lib/stdio/close.o
 .debug_line    0x0000a326      0x194 lib/sys/socket.o
 .debug_line    0x0000a4ba      0x1a0 lib/sys/connect.o
 .debug_line    0x0000a65a       0x6c lib/arpa/ntohs.o
 .debug_line    0x0000a6c6       0xc1 lib/arpa/htonl.o
 .debug_line    0x0000a787       0x6c lib/arpa/htons.o
 .debug_line    0x0000a7f3      0x167 lib/arpa/inet_pton.o
 .debug_line    0x0000a95a       0xc1 lib/arpa/ntohl.o
 .debug_line    0x0000aa1b       0xd7 lib/arpa/inet_ntop.o

.debug_frame
 *(.debug_frame)

.debug_str      0x00000000     0x38f6
 *(.debug_str)
 .debug_str     0x00000000     0x38f6 double_link_list.o
                                0x6fa (size before relaxing)
 .debug_str     0x000038f6      0x628 global.o
 .debug_str     0x000038f6      0x771 kernel_main.o
 .debug_str     0x000038f6      0x783 protect.o
 .debug_str     0x000038f6      0x777 console.o
 .debug_str     0x000038f6      0xba3 kernel_main_old.o
 .debug_str     0x000038f6      0x6b4 keyboard.o
 .debug_str     0x000038f6      0x662 process.o
 .debug_str     0x000038f6      0x72f thread.o
 .debug_str     0x000038f6      0x916 my_process.o
 .debug_str     0x000038f6      0x946 network/socket.o
 .debug_str     0x000038f6      0x9a2 network/ip_input.o
 .debug_str     0x000038f6      0xa78 network/udp_sock.o
 .debug_str     0x000038f6      0x921 network/icmpv4.o
 .debug_str     0x000038f6      0x92f network/netdev.o
 .debug_str     0x000038f6      0xb34 network/tcp.o
 .debug_str     0x000038f6      0x7ce network/route.o
 .debug_str     0x000038f6      0x8bd network/sock.o
 .debug_str     0x000038f6      0xc24 network/tcp_output.o
 .debug_str     0x000038f6      0x92d network/arp.o
 .debug_str     0x000038f6      0x735 network/dst.o
 .debug_str     0x000038f6      0xcc7 network/tcp_sock.o
 .debug_str     0x000038f6      0x94c network/ipc.o
 .debug_str     0x000038f6      0x85d network/ip_output.o
 .debug_str     0x000038f6      0x905 network/inet.o
 .debug_str     0x000038f6      0x71a network/skbuff.o
 .debug_str     0x000038f6      0xb94 network/tcp_input.o
 .debug_str     0x000038f6      0x6d7 network/task_network.o
 .debug_str     0x000038f6      0x954 network/udp.o
 .debug_str     0x000038f6      0xa50 network/tcp_data.o
 .debug_str     0x000038f6      0x1b8 network/utils.o
 .debug_str     0x000038f6      0x931 hd/hd.o
 .debug_str     0x000038f6      0xb12 fs/fs_main.o
 .debug_str     0x000038f6      0x62f mm/forkexit.o
 .debug_str     0x000038f6      0x885 mm/exec.o
 .debug_str     0x000038f6      0x5b0 mm/main.o
 .debug_str     0x000038f6      0xad6 mem/mem.o
 .debug_str     0x000038f6      0x644 lib/exec.o
 .debug_str     0x000038f6      0x5b6 lib/fork.o
 .debug_str     0x000038f6      0x5bd lib/exit.o
 .debug_str     0x000038f6      0x63c lib/unlink.o
 .debug_str     0x000038f6      0x5bd lib/wait.o
 .debug_str     0x000038f6      0x6db lib/socket_close.o
 .debug_str     0x000038f6      0x752 lib/socket_read.o
 .debug_str     0x000038f6       0xce lib/alloca.o
 .debug_str     0x000038f6      0x649 lib/calloc.o
 .debug_str     0x000038f6       0xa2 lib/floor.o
 .debug_str     0x000038f6      0x79b lib/socket_write.o
 .debug_str     0x000038f6      0x5ba lib/getpid.o
 .debug_str     0x000038f6       0xad lib/stdlib/atoi.o
 .debug_str     0x000038f6       0xc6 lib/stdlib/strtol.o
 .debug_str     0x000038f6       0xb9 lib/string/strtok.o
 .debug_str     0x000038f6       0xb1 lib/string/strcmp.o
 .debug_str     0x000038f6       0xba lib/string/strncmp.o
 .debug_str     0x000038f6       0xc1 lib/string/strpbrk.o
 .debug_str     0x000038f6      0x617 lib/stdio/read.o
 .debug_str     0x000038f6       0x99 lib/stdio/perror.o
 .debug_str     0x000038f6      0x109 lib/stdio/sscanf.o
 .debug_str     0x000038f6      0x5de lib/stdio/open.o
 .debug_str     0x000038f6      0x5f3 lib/stdio/write.o
 .debug_str     0x000038f6      0x5a6 lib/stdio/close.o
 .debug_str     0x000038f6      0x72b lib/sys/socket.o
 .debug_str     0x000038f6      0x792 lib/sys/connect.o
 .debug_str     0x000038f6      0x101 lib/arpa/ntohs.o
 .debug_str     0x000038f6       0xf4 lib/arpa/htonl.o
 .debug_str     0x000038f6      0x102 lib/arpa/htons.o
 .debug_str     0x000038f6      0x14c lib/arpa/inet_pton.o
 .debug_str     0x000038f6       0xf3 lib/arpa/ntohl.o
 .debug_str     0x000038f6      0x10f lib/arpa/inet_ntop.o

.debug_loc
 *(.debug_loc)

.debug_macinfo
 *(.debug_macinfo)

.debug_weaknames
 *(.debug_weaknames)

.debug_funcnames
 *(.debug_funcnames)

.debug_typenames
 *(.debug_typenames)

.debug_varnames
 *(.debug_varnames)

.debug_pubtypes
 *(.debug_pubtypes)

.debug_ranges   0x00000000       0x90
 *(.debug_ranges)
 .debug_ranges  0x00000000       0x30 kernel_main_old.o
 .debug_ranges  0x00000030       0x48 hd/hd.o
 .debug_ranges  0x00000078       0x18 mm/exec.o

.debug_addr
 *(.debug_addr)

.debug_line_str
 *(.debug_line_str)

.debug_loclists
 *(.debug_loclists)

.debug_macro
 *(.debug_macro)

.debug_names
 *(.debug_names)

.debug_rnglists
 *(.debug_rnglists)

.debug_str_offsets
 *(.debug_str_offsets)

.debug_sup
 *(.debug_sup)

.gnu.attributes
 *(.gnu.attributes)

/DISCARD/
 *(.note.GNU-stack)
 *(.gnu_debuglink)
 *(.gnu.lto_*)
OUTPUT(kernel.bin elf32-i386)
