
Merging program properties

Removed property 0xc0010001 to merge double_link_list.o (0x1) and kernel/kernel_sub.o (not found)
Removed property 0xc0010002 to merge double_link_list.o (0x0) and kernel/kernel_sub.o (not found)
Removed property 0xc0010001 to merge double_link_list.o (not found) and global.o (0x1)
Removed property 0xc0010002 to merge double_link_list.o (not found) and global.o (0x0)
Removed property 0xc0010001 to merge double_link_list.o (not found) and kernel_main_old.o (0x1)
Removed property 0xc0010002 to merge double_link_list.o (not found) and kernel_main_old.o (0x1)
Removed property 0xc0010001 to merge double_link_list.o (not found) and kernel_main.o (0x1)
Removed property 0xc0010002 to merge double_link_list.o (not found) and kernel_main.o (0x0)
Removed property 0xc0010001 to merge double_link_list.o (not found) and protect.o (0x1)
Removed property 0xc0010002 to merge double_link_list.o (not found) and protect.o (0x0)
Removed property 0xc0010001 to merge double_link_list.o (not found) and console.o (0x1)
Removed property 0xc0010002 to merge double_link_list.o (not found) and console.o (0x1)
Removed property 0xc0010001 to merge double_link_list.o (not found) and process.o (0x1)
Removed property 0xc0010002 to merge double_link_list.o (not found) and process.o (0x0)
Removed property 0xc0010001 to merge double_link_list.o (not found) and keyboard.o (0x1)
Removed property 0xc0010002 to merge double_link_list.o (not found) and keyboard.o (0x0)
Removed property 0xc0010001 to merge double_link_list.o (not found) and thread.o (0x1)
Removed property 0xc0010002 to merge double_link_list.o (not found) and thread.o (0x0)
Removed property 0xc0010001 to merge double_link_list.o (not found) and my_process.o (0x1)
Removed property 0xc0010002 to merge double_link_list.o (not found) and my_process.o (0x1)
Removed property 0xc0010001 to merge double_link_list.o (not found) and network/socket.o (0x1)
Removed property 0xc0010002 to merge double_link_list.o (not found) and network/socket.o (0x0)
Removed property 0xc0010001 to merge double_link_list.o (not found) and network/ip_input.o (0x1)
Removed property 0xc0010002 to merge double_link_list.o (not found) and network/ip_input.o (0x0)
Removed property 0xc0010001 to merge double_link_list.o (not found) and network/udp_sock.o (0x1)
Removed property 0xc0010002 to merge double_link_list.o (not found) and network/udp_sock.o (0x0)
Removed property 0xc0010001 to merge double_link_list.o (not found) and network/dst.o (0x1)
Removed property 0xc0010002 to merge double_link_list.o (not found) and network/dst.o (0x0)
Removed property 0xc0010001 to merge double_link_list.o (not found) and network/netdev.o (0x1)
Removed property 0xc0010002 to merge double_link_list.o (not found) and network/netdev.o (0x0)
Removed property 0xc0010001 to merge double_link_list.o (not found) and network/ip_output.o (0x1)
Removed property 0xc0010002 to merge double_link_list.o (not found) and network/ip_output.o (0x0)
Removed property 0xc0010001 to merge double_link_list.o (not found) and network/tcp.o (0x1)
Removed property 0xc0010002 to merge double_link_list.o (not found) and network/tcp.o (0x0)
Removed property 0xc0010001 to merge double_link_list.o (not found) and network/sock.o (0x1)
Removed property 0xc0010002 to merge double_link_list.o (not found) and network/sock.o (0x0)
Removed property 0xc0010001 to merge double_link_list.o (not found) and network/tcp_output.o (0x1)
Removed property 0xc0010002 to merge double_link_list.o (not found) and network/tcp_output.o (0x1)
Removed property 0xc0010001 to merge double_link_list.o (not found) and network/arp.o (0x1)
Removed property 0xc0010002 to merge double_link_list.o (not found) and network/arp.o (0x0)
Removed property 0xc0010001 to merge double_link_list.o (not found) and network/tcp_sock.o (0x1)
Removed property 0xc0010002 to merge double_link_list.o (not found) and network/tcp_sock.o (0x0)
Removed property 0xc0010001 to merge double_link_list.o (not found) and network/ipc.o (0x1)
Removed property 0xc0010002 to merge double_link_list.o (not found) and network/ipc.o (0x1)
Removed property 0xc0010001 to merge double_link_list.o (not found) and network/icmpv4.o (0x1)
Removed property 0xc0010002 to merge double_link_list.o (not found) and network/icmpv4.o (0x0)
Removed property 0xc0010001 to merge double_link_list.o (not found) and network/inet.o (0x1)
Removed property 0xc0010002 to merge double_link_list.o (not found) and network/inet.o (0x0)
Removed property 0xc0010001 to merge double_link_list.o (not found) and network/skbuff.o (0x1)
Removed property 0xc0010002 to merge double_link_list.o (not found) and network/skbuff.o (0x0)
Removed property 0xc0010001 to merge double_link_list.o (not found) and network/tcp_input.o (0x1)
Removed property 0xc0010002 to merge double_link_list.o (not found) and network/tcp_input.o (0x0)
Removed property 0xc0010001 to merge double_link_list.o (not found) and network/task_network.o (0x1)
[...]
Memory Configuration

Name             Origin             Length             Attributes
*default*        0x00000000         0xffffffff

Linker script and memory map

Address of section .text set to 0xc0600000
LOAD kernel/kernel_sub.o
LOAD kernel/kernel.o
LOAD switch_to.o
LOAD string.o
LOAD syscall.o
LOAD hd/hd_rdwt.o
LOAD network/ne2000.o
LOAD double_link_list.o
LOAD global.o
LOAD kernel_main_old.o
LOAD kernel_main.o
LOAD protect.o
LOAD console.o
LOAD process.o
LOAD keyboard.o
LOAD thread.o
LOAD my_process.o
LOAD network/socket.o
LOAD network/ip_input.o
LOAD network/udp_sock.o
LOAD network/dst.o
LOAD network/netdev.o
LOAD network/ip_output.o
LOAD network/tcp.o
LOAD network/sock.o
LOAD network/tcp_output.o
LOAD network/arp.o
LOAD network/tcp_sock.o
LOAD network/ipc.o
LOAD network/icmpv4.o
LOAD network/inet.o
LOAD network/skbuff.o
LOAD network/tcp_input.o
LOAD network/task_network.o
LOAD network/route.o
LOAD network/udp.o
LOAD network/tcp_data.o
LOAD network/utils.o
LOAD hd/hd.o
LOAD fs/fs_main.o
LOAD mm/forkexit.o
LOAD mm/exec.o
LOAD mm/main.o
LOAD mem/mem.o
LOAD lib/floor.o
LOAD lib/exec.o
LOAD lib/exit.o
LOAD lib/unlink.o
LOAD lib/wait.o
LOAD lib/socket_close.o
LOAD lib/socket_read.o
LOAD lib/calloc.o
LOAD lib/alloca.o
LOAD lib/fork.o
LOAD lib/socket_write.o
LOAD lib/getpid.o
LOAD lib/stdlib/atoi.o
LOAD lib/string/strtok.o
LOAD lib/string/strcmp.o
LOAD lib/string/strncmp.o
LOAD lib/string/strpbrk.o
LOAD lib/stdio/read.o
LOAD lib/stdio/perror.o
LOAD lib/stdio/sscanf.o
LOAD lib/stdio/open.o
LOAD lib/stdio/write.o
LOAD lib/stdio/close.o
LOAD lib/sys/socket.o
LOAD lib/sys/connect.o
LOAD lib/arpa/ntohs.o
LOAD lib/arpa/htonl.o
LOAD lib/arpa/htons.o
LOAD lib/arpa/inet_pton.o
LOAD lib/arpa/ntohl.o
LOAD lib/arpa/inet_ntop.o
                [!provide]                        PROVIDE (__executable_start = SEGMENT_START ("text-segment", 0x8048000))
                0x080480d4                        . = (SEGMENT_START ("text-segment", 0x8048000) + SIZEOF_HEADERS)

.interp
 *(.interp)

.note.gnu.build-id
 *(.note.gnu.build-id)

.hash
 *(.hash)

.gnu.hash
 *(.gnu.hash)

.dynsym
 *(.dynsym)

.dynstr
 *(.dynstr)

.gnu.version
 *(.gnu.version)

.gnu.version_d
 *(.gnu.version_d)

.gnu.version_r
 *(.gnu.version_r)

.rel.dyn        0x080480d4        0x0
 *(.rel.init)
 *(.rel.text .rel.text.* .rel.gnu.linkonce.t.*)
 .rel.text      0x080480d4        0x0 kernel/kernel_sub.o
 *(.rel.fini)
 *(.rel.rodata .rel.rodata.* .rel.gnu.linkonce.r.*)
 *(.rel.data.rel.ro .rel.data.rel.ro.* .rel.gnu.linkonce.d.rel.ro.*)
 *(.rel.data .rel.data.* .rel.gnu.linkonce.d.*)
 *(.rel.tdata .rel.tdata.* .rel.gnu.linkonce.td.*)
 *(.rel.tbss .rel.tbss.* .rel.gnu.linkonce.tb.*)
 *(.rel.ctors)
 *(.rel.dtors)
 *(.rel.got)
 .rel.got       0x080480d4        0x0 kernel/kernel_sub.o
 *(.rel.bss .rel.bss.* .rel.gnu.linkonce.b.*)
 *(.rel.ifunc)

.rel.plt        0x080480d4        0x0
 *(.rel.plt)
                [!provide]                        PROVIDE (__rel_iplt_start = .)
 *(.rel.iplt)
 .rel.iplt      0x080480d4        0x0 kernel/kernel_sub.o
                [!provide]                        PROVIDE (__rel_iplt_end = .)

.relr.dyn
 *(.relr.dyn)
                0x08049000                        . = ALIGN (CONSTANT (MAXPAGESIZE))

.init
 *(SORT_NONE(.init))

.plt            0x08049000        0x0
 *(.plt)
 *(.iplt)
 .iplt          0x08049000        0x0 kernel/kernel_sub.o

.plt.got
 *(.plt.got)

.plt.sec
 *(.plt.sec)

.text           0xc0600000    0x12524
 *(.text.unlikely .text.*_unlikely .text.unlikely.*)
 *(.text.exit .text.exit.*)
 *(.text.startup .text.startup.*)
 *(.text.hot .text.hot.*)
 *(SORT_BY_NAME(.text.sorted.*))
 *(.text .stub .text.* .gnu.linkonce.t.*)
 .text          0xc0600000       0x74 kernel/kernel_sub.o
                0xc0600000                _start
 *fill*         0xc0600074        0xc 
 .text          0xc0600080      0x3d5 kernel/kernel.o
                0xc0600080                InterruptTest
                0xc060008c                disp_str_len
                0xc06000d9                disp_str
                0xc0600114                disp_str_colour
                0xc0600150                divide_zero_fault
                0xc0600156                single_step_fault
                0xc060015c                non_maskable_interrupt
                0xc0600162                breakpoint_trap
                0xc0600168                overflow_trap
                0xc060016e                bound_range_exceeded_fault
                0xc0600174                invalid_opcode_fault
                0xc060017a                coprocessor_not_available_fault
                0xc0600180                double_fault_exception_abort
                0xc0600184                coprocessor_segment_overrun
                0xc060018a                invalid_task_state_segment_fault
                0xc060018e                segment_not_present_fault
                0xc0600192                stack_exception_fault
                0xc0600196                general_protection_exception_fault
                0xc06001a1                page_fault
                0xc06001a5                coprocessor_error_fault
                0xc06001ab                align_check_fault
                0xc06001af                simd_float_exception_fault
                0xc06001be                hwint0
                0xc06001ee                hwint1
                0xc0600231                hwint14
                0xc0600277                hwint10
                0xc06002ba                sys_call
                0xc0600300                fork_restart
                0xc060030f                restart
                0xc0600332                in_byte
                0xc060033e                out_byte
                0xc0600360                disable_int
                0xc0600362                enable_int
                0xc06003f8                enable_8259A_casecade_irq
                0xc0600402                disable_8259A_casecade_irq
                0xc060040c                enable_8259A_slave_winchester_irq
                0xc0600416                disable_8259A_slave_winchester_irq
                0xc0600420                update_cr3
                0xc060042d                update_tss
                0xc060043c                get_running_thread_pcb
                0xc0600442                sys_call_test
                0xc0600445                enable_8259A_slave_net_irq
 *fill*         0xc0600455        0xb 
 .text          0xc0600460       0x15 switch_to.o
                0xc0600460                switch_to
 *fill*         0xc0600475        0xb 
 .text          0xc0600480       0x6a syscall.o
                0xc0600480                write_debug
                0xc0600490                send_msg
                0xc06004a6                receive_msg
                0xc06004bc                sys_malloc
                0xc06004d1                sys_free
 *fill*         0xc06004ea        0x6 
 .text          0xc06004f0      0x25e network/ne2000.o
                0xc0600513                DriverInitialize
                0xc060059d                SetPageStart
                0xc06005c5                DriverSend
                0xc060063d                PCtoNIC
                0xc06006ab                get_interrupt_status
                0xc06006c1                set_interrupt_status
                0xc06006da                get_curr_page
                0xc06006f7                NICtoPC
 .text          0xc060074e      0x2ee double_link_list.o
                0xc060074e                initDoubleLinkList
                0xc060079e                isListEmpty
                0xc06007cc                findElementInList
                0xc0600863                appendToDoubleLinkList
                0xc0600929                insertToDoubleLinkList
                0xc06009ad                popFromDoubleLinkList
 .text          0xc0600a3c        0x0 global.o
 .text          0xc0600a3c     0x2de1 kernel_main_old.o
                0xc0600a3c                stop_here
                0xc0600a80                catch_error
                0xc0600ae5                intr_enable
                0xc0600b0e                intr_disable
                0xc0600b37                intr_set_status
                0xc0600b55                intr_get_status
                0xc0600b72                Memcpy
                0xc0600ba5                untar
                0xc0600eb5                num_to_string
                0xc0600f5b                disp_int
                0xc0600f84                do_page_fault
                0xc06010c1                exception_handler
                0xc06012ac                init_internal_interrupt
                0xc0601421                spurious_irq
                0xc06014af                init_keyboard
                0xc06014f2                TestTTY
                0xc0601591                TestReadReturnValue
                0xc060160e                TestWriteReturnValue
                0xc06016e2                TestFS2
                0xc06016f0                TestFS
                0xc0601b92                wait_exit
                0xc0601c90                INIT_fork
                0xc0601f83                simple_shell
                0xc060210a                test_shell
                0xc0602172                test_exec
                0xc0602265                INIT
                0xc0602272                TestA
                0xc06022a7                delay
                0xc06022eb                TestB
                0xc0602303                TestC
                0xc0602336                sys_get_ticks
                0xc0602346                sys_write
                0xc060239a                milli_delay
                0xc06023d6                TaskSys
                0xc06023db                Printf
                0xc06024ad                sprintf
                0xc06024d9                vsprintf
                0xc0602685                printx
                0xc06026c8                sys_printx
                0xc0602794                spin
                0xc06027ba                panic
                0xc06027d8                assertion_failure
                0xc060284a                assertion_failure2
                0xc06028bf                dead_lock
                0xc06028c9                sys_send_msg
                0xc0602de8                sys_receive_msg
                0xc0603448                send_rec
                0xc0603543                block
                0xc060357f                unblock
                0xc06035cf                get_ticks_ipc
                0xc0603626                itoa
                0xc060367c                i2a
                0xc06036e2                inform_int
                0xc06037ae                deprecate_strcmp
 .text          0xc060381d      0x352 kernel_main.o
                0xc060381d                kernel_main
                0xc06039d7                init
                0xc0603a6e                kernel_thread_a
                0xc0603abb                kernel_thread_b
                0xc0603b08                kernel_thread_c
                0xc0603b1e                kernel_thread_d
                0xc0603b34                user_proc_a
                0xc0603b52                user_proc_b
 .text          0xc0603b6f      0x3b3 protect.o
                0xc0603b6f                InitDescriptor
                0xc0603bdc                Seg2PhyAddr
                0xc0603c1d                Seg2PhyAddrLDT
                0xc0603c61                VirAddr2PhyAddr
                0xc0603c77                v2l
                0xc0603cba                init_propt
                0xc0603e3b                InitInterruptDesc
                0xc0603e97                ReloadGDT
 .text          0xc0603f22      0xaca console.o
                0xc0603f22                select_console
                0xc0603f5e                flush
                0xc0603f97                set_cursor
                0xc0603ff5                set_console_start_video_addr
                0xc0604053                put_key
                0xc06040bf                scroll_up
                0xc0604101                scroll_down
                0xc060416c                out_char
                0xc0604329                tty_dev_read
                0xc0604353                tty_dev_write
                0xc0604580                tty_do_read
                0xc0604648                tty_do_write
                0xc06047ab                init_screen
                0xc0604834                init_tty
                0xc06048e9                TaskTTY
 .text          0xc06049ec      0x2b7 process.o
                0xc06049ec                schedule_process
                0xc0604bb2                clock_handler
                0xc0604c28                pid2proc
                0xc0604c8c                proc2pid
 .text          0xc0604ca3      0x40f keyboard.o
                0xc0604ca3                keyboard_handler
                0xc0604d27                read_from_keyboard_buf
                0xc0604d8d                keyboard_read
                0xc0604f0c                init_keyboard_handler
                0xc0604f20                in_process
 .text          0xc06050b2      0x1b2 thread.o
                0xc06050b2                kernel_thread
                0xc06050ca                thread_init
                0xc0605177                thread_create
                0xc06051ac                thread_start
 .text          0xc0605264      0x730 my_process.o
                0xc0605264                create_user_process_address_space
                0xc06052f4                user_process
                0xc0605421                clone_pcb
                0xc0605593                build_body_stack
                0xc06056c6                build_process_kernel_stack
                0xc0605789                fork_process
                0xc060581a                process_execute
 .text          0xc0605994      0x66c network/socket.o
                0xc0605a44                test
                0xc0605aa0                socket_debug
                0xc0605b01                free_socket
                0xc0605bbd                _socket
                0xc0605c7c                _bind
                0xc0605ccf                _connect
                0xc0605d21                _write
                0xc0605d78                _read
                0xc0605dcf                _recvfrom
                0xc0605e10                _sendto
                0xc0605e67                _close
                0xc0605ee6                _listen
                0xc0605f4c                _accept
 .text          0xc0606000      0x2ed network/ip_input.o
                0xc060618a                ip_rcv
 .text          0xc06062ed      0x8c4 network/udp_sock.o
                0xc0606522                udp_lookup_sock
                0xc0606569                udp_init
                0xc060659a                udp_close
                0xc06065c0                udp_sock_init
                0xc06065ca                udp_recvfrom
                0xc0606663                udp_connect
                0xc060673c                udp_write
                0xc0606768                udp_alloc_skb
                0xc06067b2                udp_sendto
                0xc06068a6                udp_send
                0xc06069e4                udp_alloc_sock
                0xc0606a25                udp_free_sock
                0xc0606a49                udp_read
 .text          0xc0606bb1       0xd8 network/dst.o
                0xc0606bbf                dst_neigh_output
 .text          0xc0606c89      0x804 network/netdev.o
                0xc0606e0e                netdev_init
                0xc0606e55                netdev_transmit
                0xc0606f3e                interrupt_wait2
                0xc0606f8e                netdev_rx_loop
                0xc06070c5                netdev_get
                0xc0607100                free_netdev
                0xc060712b                local_ipaddress
                0xc0607168                receive_msg_from_nic
                0xc060734b                receive_msg_from_nic2
                0xc0607477                net_handler
 .text          0xc060748d      0x1d3 network/ip_output.o
                0xc060749b                ip_output
 .text          0xc0607660      0x448 network/tcp.o
                0xc0607855                tcp_in
                0xc0607909                tcp_checksum
                0xc0607935                __tcp_set_state
                0xc0607944                tcp_generate_port
                0xc060798d                tcp_generate_isn
                0xc0607997                tcp_done
                0xc06079c0                tcp_clear_timers
                0xc06079cf                tcp_stop_retransmission_timer
                0xc06079e8                tcp_release_retransmission_timer
                0xc0607a01                tcp_stop_delack_timer
                0xc0607a14                tcp_release_delack_timer
                0xc0607a27                tcp_handle_fin_state
                0xc0607a8c                tcp_enter_time_wait
 .text          0xc0607aa8      0x203 network/sock.o
                0xc0607bda                sk_alloc
                0xc0607c01                sk_init
                0xc0607c55                sk_init_with_socket
                0xc0607c7e                sk_free
 .text          0xc0607cab      0xbbe network/tcp_output.o
                0xc0608171                tcp_send_synack
                0xc0608214                tcp_send_delack
                0xc060824f                tcp_send_ack
                0xc060839b                tcp_send_fin
                0xc0608410                tcp_select_initial_window
                0xc06085c2                tcp_reset_retransmission_timer
                0xc06085df                tcp_begin_connect
                0xc0608689                tcp_send
                0xc060876e                tcp_send_reset
                0xc06087ee                tcp_queue_fin
 .text          0xc0608869      0x70c network/arp.o
                0xc0608a36                arp_init
                0xc0608a3c                arp_rcv
                0xc0608c0b                arp_request
                0xc0608d75                arp_reply
                0xc0608ed8                arp_get_hwaddr
                0xc0608f24                free_arp
 .text          0xc0608f75      0xa1e network/tcp_sock.o
                0xc060922b                tcp_established_or_syn_recvd_socks_enqueue
                0xc0609242                tcp_established_or_syn_recvd_socks_remove
                0xc0609254                tcp_connecting_or_listening_socks_enqueue
                0xc060926b                tcp_connecting_or_listening_socks_remove
                0xc060927d                tcp_alloc_sock
                0xc0609393                tcp_free_sock
                0xc060940c                tcp_init
                0xc0609416                tcp_sock_init
                0xc06094b9                tcp_write
                0xc06094fa                tcp_read
                0xc06095ad                tcp_close
                0xc060966b                tcp_recv_notify
                0xc0609696                tcp_v4_connect
                0xc06098e6                tcp_lookup_sock
 .text          0xc0609993      0xcf0 network/ipc.o
                0xc060a51f                ipc_close
                0xc060a570                demux_ipc_socket_call
 .text          0xc060a683      0x234 network/icmpv4.o
                0xc060a691                icmpv4_incoming
                0xc060a705                icmpv4_reply
                0xc060a7de                icmpv4_timestamp
 .text          0xc060a8b7      0x429 network/inet.o
                0xc060a8b7                inet_create
                0xc060a967                inet_socket
                0xc060a971                inet_connect
                0xc060a9c5                inet_write
                0xc060a9f1                inet_read
                0xc060aa1d                inet_close
                0xc060aa6c                inet_free
                0xc060aaa2                inet_bind
                0xc060abab                inet_listen
                0xc060abf4                inet_accept
                0xc060ac9f                inet_sendto
                0xc060acca                inet_recvfrom
 .text          0xc060ace0      0x15b network/skbuff.o
                0xc060acf9                alloc_skb
                0xc060ad8a                free_skb
                0xc060adbd                skb_reserve
                0xc060add9                skb_push
                0xc060ae08                skb_head
                0xc060ae13                skb_reset_header
 .text          0xc060ae3b      0xb77 network/tcp_input.o
                0xc060b52a                tcp_process
                0xc060b8f0                tcp_receive
 .text          0xc060b9b2       0x9e network/task_network.o
                0xc060b9b2                task_network
                0xc060ba32                task_netdev_rx
 .text          0xc060ba50      0x295 network/route.o
                0xc060bb7d                route_add
                0xc060bbc2                route_init
                0xc060bc49                route_lookup
                0xc060bc94                free_routes
 .text          0xc060bce5      0x3e0 network/udp.o
                0xc060bdf0                udp_generate_port
                0xc060be39                udp_checksum
                0xc060bf07                udp_in
                0xc060bf98                udp_data_dequeue
                0xc060c0a0                udp_data_enqueue
 .text          0xc060c0c5      0x54a network/tcp_data.o
                0xc060c3b0                tcp_data_dequeue
                0xc060c4dd                tcp_data_queue
 .text          0xc060c60f      0x1e7 network/utils.o
                0xc060c60f                run_cmd
                0xc060c61c                print_err
                0xc060c633                parse_ipv4_string
                0xc060c692                ip_pton
                0xc060c6da                sum_every_16bits
                0xc060c731                checksum
                0xc060c772                tcp_udp_checksum
 .text          0xc060c7f6      0xe60 hd/hd.o
                0xc060c7f6                TaskHD
                0xc060c83b                init_hd
                0xc060c855                hd_handle
                0xc060c95a                hd_cmd_out
                0xc060ca5c                hd_identify
                0xc060cb13                print_hdinfo
                0xc060cca1                print_dpt_entry
                0xc060cd0d                get_partition_table
                0xc060cdec                partition
                0xc060d006                hd_open
                0xc060d0ad                get_hd_ioctl
                0xc060d15e                wait_for
                0xc060d18f                interrupt_wait
                0xc060d1df                hd_rdwt
                0xc060d47e                hd_handler
                0xc060d4af                debug_ticks
                0xc060d4ed                waitfor
                0xc060d531                print_hd_info
                0xc060d61e                is_empty
 .text          0xc060d656     0x2069 fs/fs_main.o
                0xc060d656                task_fs
                0xc060d861                rd_wt
                0xc060d93a                mkfs
                0xc060df1c                init_fs
                0xc060df70                do_open
                0xc060e179                search_file
                0xc060e2ab                strip_path
                0xc060e377                get_inode
                0xc060e539                create_file
                0xc060e644                alloc_imap_bit
                0xc060e741                alloc_smap_bit
                0xc060e8e2                new_inode
                0xc060ea00                new_dir_entry
                0xc060ec0c                do_unlink
                0xc060f0e8                do_rdwt
                0xc060f473                sync_inode
                0xc060f5c7                put_inode
                0xc060f605                do_close
                0xc060f657                get_super_block
 .text          0xc060f6bf      0x24f mm/forkexit.o
                0xc060f6bf                do_fork
                0xc060f72d                do_exit
                0xc060f7b7                do_wait
                0xc060f8b4                cleanup
 .text          0xc060f90e      0x419 mm/exec.o
                0xc060f90e                do_exec
 .text          0xc060fd27      0x148 mm/main.o
                0xc060fd27                TaskMM
                0xc060fe50                alloc_mem
 .text          0xc060fe6f     0x111f mem/mem.o
                0xc060fe6f                init_bitmap
                0xc060fe92                test_bit_val
                0xc060fefb                set_bit_val
                0xc060ff76                set_bits
                0xc060ffb0                get_first_free_bit
                0xc060fff4                get_bits
                0xc06100bc                get_a_page
                0xc0610170                get_virtual_address_start_with_addr
                0xc061020a                get_virtual_address
                0xc061029a                ptr_pde
                0xc06102ad                ptr_pte
                0xc06102d4                add_map_entry
                0xc0610365                alloc_virtual_memory
                0xc0610438                get_physical_address_proc
                0xc06104b4                get_physical_address
                0xc06104e6                alloc_physical_memory_of_proc
                0xc06105d5                alloc_physical_memory
                0xc061069d                alloc_memory
                0xc06106ff                get_a_virtual_page
                0xc0610737                block2arena
                0xc061074d                sys_malloc2
                0xc0610a7a                remove_map_entry
                0xc0610a9b                free_a_page
                0xc0610b42                sys_free2
                0xc0610b48                init_memory_block_desc
                0xc0610c19                init_memory2
                0xc0610e4e                init_memory
 .text          0xc0610f8e       0x49 lib/floor.o
                0xc0610f8e                floor
 .text          0xc0610fd7      0x285 lib/exec.o
                0xc0610fd7                exec
                0xc0611048                execv
                0xc0611237                execl
 .text          0xc061125c       0x2f lib/exit.o
                0xc061125c                exit
 .text          0xc061128b       0x42 lib/unlink.o
                0xc061128b                unlink
 .text          0xc06112cd       0x44 lib/wait.o
                0xc06112cd                wait
 .text          0xc0611311       0xae lib/socket_close.o
                0xc0611311                socket_close
 .text          0xc06113bf        0x6 lib/socket_read.o
                0xc06113bf                socket_read
 .text          0xc06113c5       0x46 lib/calloc.o
                0xc06113c5                calloc
 .text          0xc061140b       0x4f lib/alloca.o
                0xc061140b                alloca
 .text          0xc061145a       0x48 lib/fork.o
                0xc061145a                fork
 .text          0xc06114a2      0x101 lib/socket_write.o
                0xc06114a2                socket_write
 .text          0xc06115a3       0x2b lib/getpid.o
                0xc06115a3                getpid
 .text          0xc06115ce       0x9c lib/stdlib/atoi.o
                0xc06115ce                atoi
 .text          0xc061166a       0x85 lib/string/strtok.o
                0xc061166a                strtok
 .text          0xc06116ef       0xa8 lib/string/strcmp.o
                0xc06116ef                strcmp
 .text          0xc0611797       0xd4 lib/string/strncmp.o
                0xc0611797                strncmp
 .text          0xc061186b       0x90 lib/string/strpbrk.o
                0xc061186b                strpbrk
 .text          0xc06118fb      0x181 lib/stdio/read.o
                0xc06118fb                read
 .text          0xc0611a7c       0x17 lib/stdio/perror.o
                0xc0611a7c                perror
 .text          0xc0611a93      0x2c1 lib/stdio/sscanf.o
                0xc0611a93                sscanf
 .text          0xc0611d54       0x95 lib/stdio/open.o
                0xc0611d54                open
 .text          0xc0611de9       0x85 lib/stdio/write.o
                0xc0611de9                write
 .text          0xc0611e6e       0x52 lib/stdio/close.o
                0xc0611e6e                close
 .text          0xc0611ec0       0x9f lib/sys/socket.o
                0xc0611ec0                socket
 .text          0xc0611f5f       0xe5 lib/sys/connect.o
                0xc0611f5f                connect
 .text          0xc0612044       0x38 lib/arpa/ntohs.o
                0xc0612044                ntohs
 .text          0xc061207c       0x7c lib/arpa/htonl.o
                0xc061207c                htonl
 .text          0xc06120f8       0x38 lib/arpa/htons.o
                0xc06120f8                htons
 .text          0xc0612130      0x295 lib/arpa/inet_pton.o
                0xc0612130                isValidIPv4
                0xc06122ba                inet_pton
 .text          0xc06123c5       0x7c lib/arpa/ntohl.o
                0xc06123c5                ntohl
 .text          0xc0612441       0xe3 lib/arpa/inet_ntop.o
                0xc0612441                inet_ntop
 *(.gnu.warning)

.fini
 *(SORT_NONE(.fini))
                [!provide]                        PROVIDE (__etext = .)
                [!provide]                        PROVIDE (_etext = .)
                [!provide]                        PROVIDE (etext = .)
                0xc0613000                        . = ALIGN (CONSTANT (MAXPAGESIZE))
                0xc0613000                        . = SEGMENT_START ("rodata-segment", (ALIGN (CONSTANT (MAXPAGESIZE)) + (. & (CONSTANT (MAXPAGESIZE) - 0x1))))

.rodata         0xc0613000     0x1c71
 *(.rodata .rodata.* .gnu.linkonce.r.*)
 .rodata        0xc0613000       0x3c double_link_list.o
 *fill*         0xc061303c        0x4 
 .rodata        0xc0613040      0xb61 kernel_main_old.o
 *fill*         0xc0613ba1        0x3 
 .rodata        0xc0613ba4      0x108 kernel_main.o
 .rodata        0xc0613cac       0x22 console.o
 *fill*         0xc0613cce        0x2 
 .rodata        0xc0613cd0       0x4c process.o
 .rodata        0xc0613d1c      0x23d network/socket.o
 *fill*         0xc0613f59        0x3 
 .rodata        0xc0613f5c       0xbd network/ip_input.o
 *fill*         0xc0614019        0x3 
 .rodata        0xc061401c       0x2d network/udp_sock.o
 .rodata        0xc0614049        0x9 network/dst.o
 *fill*         0xc0614052        0x2 
 .rodata        0xc0614054      0x17a network/netdev.o
 .rodata        0xc06141ce        0x9 network/ip_output.o
 *fill*         0xc06141d7        0x1 
 .rodata        0xc06141d8       0x31 network/tcp.o
 .rodata        0xc0614209        0x9 network/sock.o
 *fill*         0xc0614212        0x2 
 .rodata        0xc0614214       0xc3 network/tcp_output.o
 *fill*         0xc06142d7        0x1 
 .rodata        0xc06142d8       0xc7 network/arp.o
 *fill*         0xc061439f        0x1 
 .rodata        0xc06143a0       0xe8 network/tcp_sock.o
 .rodata        0xc0614488      0x160 network/ipc.o
 .rodata        0xc06145e8       0x32 network/icmpv4.o
 *fill*         0xc061461a        0x2 
 .rodata        0xc061461c       0x48 network/inet.o
 .rodata        0xc0614664        0x9 network/skbuff.o
 *fill*         0xc061466d        0x3 
 .rodata        0xc0614670       0x60 network/tcp_input.o
 .rodata        0xc06146d0       0x3d network/task_network.o
 *fill*         0xc061470d        0x3 
 .rodata        0xc0614710       0x37 network/route.o
 .rodata        0xc0614747        0x9 network/udp.o
 .rodata        0xc0614750       0x1e network/tcp_data.o
 *fill*         0xc061476e        0x2 
 .rodata        0xc0614770       0x41 network/utils.o
 *fill*         0xc06147b1        0x3 
 .rodata        0xc06147b4      0x19c hd/hd.o
 .rodata        0xc0614950      0x1fb fs/fs_main.o
                0xc0614950                FSBUF_SIZE
 .rodata        0xc0614b4b       0x21 mm/forkexit.o
 .rodata        0xc0614b6c       0x10 mm/exec.o
 .rodata        0xc0614b7c       0x11 mm/main.o
 .rodata        0xc0614b8d       0x5a mem/mem.o
 .rodata        0xc0614be7       0x2d lib/exec.o
 .rodata        0xc0614c14        0x9 lib/socket_close.o
 .rodata        0xc0614c1d        0x9 lib/socket_read.o
 .rodata        0xc0614c26        0x9 lib/socket_write.o
 .rodata        0xc0614c2f       0x2a lib/stdio/close.o
 .rodata        0xc0614c59        0x9 lib/sys/socket.o
 .rodata        0xc0614c62        0x9 lib/sys/connect.o
 .rodata        0xc0614c6b        0x3 lib/arpa/inet_pton.o
 .rodata        0xc0614c6e        0x3 lib/arpa/inet_ntop.o

.txt            0xc0614c71       0xaa
 .txt           0xc0614c71       0x82 string.o
                0xc0614c71                Memcpy2
                0xc0614c9f                Memset
                0xc0614cbe                Strcpy
                0xc0614cd8                Strlen
 .txt           0xc0614cf3       0x28 hd/hd_rdwt.o
                0xc0614cf3                read_port
                0xc0614d07                write_port

.rodata1
 *(.rodata1)

.eh_frame_hdr
 *(.eh_frame_hdr)
 *(.eh_frame_entry .eh_frame_entry.*)

.eh_frame       0xc0614d1c     0x4248
 *(.eh_frame)
 .eh_frame      0xc0614d1c       0xd8 double_link_list.o
 .eh_frame      0xc0614df4      0x6cc kernel_main_old.o
                                0x6e4 (size before relaxing)
 .eh_frame      0xc06154c0      0x104 kernel_main.o
                                0x11c (size before relaxing)
 .eh_frame      0xc06155c4      0x100 protect.o
                                0x118 (size before relaxing)
 .eh_frame      0xc06156c4      0x1e0 console.o
                                0x1f8 (size before relaxing)
 .eh_frame      0xc06158a4       0x80 process.o
                                 0x98 (size before relaxing)
 .eh_frame      0xc0615924       0xa0 keyboard.o
                                 0xb8 (size before relaxing)
 .eh_frame      0xc06159c4       0x80 thread.o
                                 0x98 (size before relaxing)
 .eh_frame      0xc0615a44       0xe0 my_process.o
                                 0xf8 (size before relaxing)
 .eh_frame      0xc0615b24      0x2a0 network/socket.o
                                0x2b8 (size before relaxing)
 .eh_frame      0xc0615dc4      0x104 network/ip_input.o
                                0x11c (size before relaxing)
 .eh_frame      0xc0615ec8      0x404 network/udp_sock.o
                                0x41c (size before relaxing)
 .eh_frame      0xc06162cc       0x40 network/dst.o
                                 0x58 (size before relaxing)
 .eh_frame      0xc061630c      0x214 network/netdev.o
                                0x22c (size before relaxing)
 .eh_frame      0xc0616520       0x40 network/ip_output.o
                                 0x58 (size before relaxing)
 .eh_frame      0xc0616560      0x268 network/tcp.o
                                0x280 (size before relaxing)
 .eh_frame      0xc06167c8      0x1a0 network/sock.o
                                0x1b8 (size before relaxing)
 .eh_frame      0xc0616968      0x3c4 network/tcp_output.o
                                0x3dc (size before relaxing)
 .eh_frame      0xc0616d2c      0x1c0 network/arp.o
                                0x1d8 (size before relaxing)
 .eh_frame      0xc0616eec      0x4c0 network/tcp_sock.o
                                0x4d8 (size before relaxing)
 .eh_frame      0xc06173ac      0x250 network/ipc.o
                                0x268 (size before relaxing)
 .eh_frame      0xc06175fc       0x80 network/icmpv4.o
                                 0x98 (size before relaxing)
 .eh_frame      0xc061767c      0x180 network/inet.o
                                0x198 (size before relaxing)
 .eh_frame      0xc06177fc       0xe0 network/skbuff.o
                                 0xf8 (size before relaxing)
 .eh_frame      0xc06178dc      0x300 network/tcp_input.o
                                0x318 (size before relaxing)
 .eh_frame      0xc0617bdc       0x3c network/task_network.o
                                 0x54 (size before relaxing)
 .eh_frame      0xc0617c18      0x124 network/route.o
                                0x13c (size before relaxing)
 .eh_frame      0xc0617d3c      0x1e4 network/udp.o
                                0x1fc (size before relaxing)
 .eh_frame      0xc0617f20      0x200 network/tcp_data.o
                                0x218 (size before relaxing)
 .eh_frame      0xc0618120       0xe4 network/utils.o
                                 0xfc (size before relaxing)
 .eh_frame      0xc0618204      0x264 hd/hd.o
                                0x27c (size before relaxing)
 .eh_frame      0xc0618468      0x27c fs/fs_main.o
                                0x294 (size before relaxing)
 .eh_frame      0xc06186e4       0x80 mm/forkexit.o
                                 0x98 (size before relaxing)
 .eh_frame      0xc0618764       0x20 mm/exec.o
                                 0x38 (size before relaxing)
 .eh_frame      0xc0618784       0x3c mm/main.o
                                 0x54 (size before relaxing)
 .eh_frame      0xc06187c0      0x364 mem/mem.o
                                0x37c (size before relaxing)
 .eh_frame      0xc0618b24       0x20 lib/floor.o
                                 0x38 (size before relaxing)
 .eh_frame      0xc0618b44       0x60 lib/exec.o
                                 0x78 (size before relaxing)
 .eh_frame      0xc0618ba4       0x20 lib/exit.o
                                 0x38 (size before relaxing)
 .eh_frame      0xc0618bc4       0x20 lib/unlink.o
                                 0x38 (size before relaxing)
 .eh_frame      0xc0618be4       0x20 lib/wait.o
                                 0x38 (size before relaxing)
 .eh_frame      0xc0618c04       0x20 lib/socket_close.o
                                 0x38 (size before relaxing)
 .eh_frame      0xc0618c24       0x20 lib/socket_read.o
                                 0x38 (size before relaxing)
 .eh_frame      0xc0618c44       0x20 lib/calloc.o
                                 0x38 (size before relaxing)
 .eh_frame      0xc0618c64       0x20 lib/alloca.o
                                 0x38 (size before relaxing)
 .eh_frame      0xc0618c84       0x20 lib/fork.o
                                 0x38 (size before relaxing)
 .eh_frame      0xc0618ca4       0x20 lib/socket_write.o
                                 0x38 (size before relaxing)
 .eh_frame      0xc0618cc4       0x20 lib/getpid.o
                                 0x38 (size before relaxing)
 .eh_frame      0xc0618ce4       0x20 lib/stdlib/atoi.o
                                 0x38 (size before relaxing)
 .eh_frame      0xc0618d04       0x20 lib/string/strtok.o
                                 0x38 (size before relaxing)
 .eh_frame      0xc0618d24       0x20 lib/string/strcmp.o
                                 0x38 (size before relaxing)
 .eh_frame      0xc0618d44       0x20 lib/string/strncmp.o
                                 0x38 (size before relaxing)
 .eh_frame      0xc0618d64       0x20 lib/string/strpbrk.o
                                 0x38 (size before relaxing)
 .eh_frame      0xc0618d84       0x20 lib/stdio/read.o
                                 0x38 (size before relaxing)
 .eh_frame      0xc0618da4       0x20 lib/stdio/perror.o
                                 0x38 (size before relaxing)
 .eh_frame      0xc0618dc4       0x20 lib/stdio/sscanf.o
                                 0x38 (size before relaxing)
 .eh_frame      0xc0618de4       0x20 lib/stdio/open.o
                                 0x38 (size before relaxing)
 .eh_frame      0xc0618e04       0x20 lib/stdio/write.o
                                 0x38 (size before relaxing)
 .eh_frame      0xc0618e24       0x20 lib/stdio/close.o
                                 0x38 (size before relaxing)
 .eh_frame      0xc0618e44       0x20 lib/sys/socket.o
                                 0x38 (size before relaxing)
 .eh_frame      0xc0618e64       0x20 lib/sys/connect.o
                                 0x38 (size before relaxing)
 .eh_frame      0xc0618e84       0x20 lib/arpa/ntohs.o
                                 0x38 (size before relaxing)
 .eh_frame      0xc0618ea4       0x20 lib/arpa/htonl.o
                                 0x38 (size before relaxing)
 .eh_frame      0xc0618ec4       0x20 lib/arpa/htons.o
                                 0x38 (size before relaxing)
 .eh_frame      0xc0618ee4       0x40 lib/arpa/inet_pton.o
                                 0x58 (size before relaxing)
 .eh_frame      0xc0618f24       0x20 lib/arpa/ntohl.o
                                 0x38 (size before relaxing)
 .eh_frame      0xc0618f44       0x20 lib/arpa/inet_ntop.o
                                 0x38 (size before relaxing)
 *(.eh_frame.*)

.sframe
 *(.sframe)
 *(.sframe.*)

.gcc_except_table
 *(.gcc_except_table .gcc_except_table.*)

.gnu_extab
 *(.gnu_extab*)

.exception_ranges
 *(.exception_ranges*)
                0xc0619000                        . = DATA_SEGMENT_ALIGN (CONSTANT (MAXPAGESIZE), CONSTANT (COMMONPAGESIZE))

.eh_frame
 *(.eh_frame)
 *(.eh_frame.*)

.sframe
 *(.sframe)
 *(.sframe.*)

.gnu_extab
 *(.gnu_extab)

.gcc_except_table
 *(.gcc_except_table .gcc_except_table.*)

.exception_ranges
 *(.exception_ranges*)

.tdata          0xc0619000        0x0
                [!provide]                        PROVIDE (__tdata_start = .)
 *(.tdata .tdata.* .gnu.linkonce.td.*)

.tbss
 *(.tbss .tbss.* .gnu.linkonce.tb.*)
 *(.tcommon)

.preinit_array  0xc0619000        0x0
                [!provide]                        PROVIDE (__preinit_array_start = .)
 *(.preinit_array)
                [!provide]                        PROVIDE (__preinit_array_end = .)

.init_array     0xc0619000        0x0
                [!provide]                        PROVIDE (__init_array_start = .)
 *(SORT_BY_INIT_PRIORITY(.init_array.*) SORT_BY_INIT_PRIORITY(.ctors.*))
 *(.init_array EXCLUDE_FILE(*crtend?.o *crtend.o *crtbegin?.o *crtbegin.o) .ctors)
                [!provide]                        PROVIDE (__init_array_end = .)

.fini_array     0xc0619000        0x0
                [!provide]                        PROVIDE (__fini_array_start = .)
 *(SORT_BY_INIT_PRIORITY(.fini_array.*) SORT_BY_INIT_PRIORITY(.dtors.*))
 *(.fini_array EXCLUDE_FILE(*crtend?.o *crtend.o *crtbegin?.o *crtbegin.o) .dtors)
                [!provide]                        PROVIDE (__fini_array_end = .)

.ctors
 *crtbegin.o(.ctors)
 *crtbegin?.o(.ctors)
 *(EXCLUDE_FILE(*crtend?.o *crtend.o) .ctors)
 *(SORT_BY_NAME(.ctors.*))
 *(.ctors)

.dtors
 *crtbegin.o(.dtors)
 *crtbegin?.o(.dtors)
 *(EXCLUDE_FILE(*crtend?.o *crtend.o) .dtors)
 *(SORT_BY_NAME(.dtors.*))
 *(.dtors)

.jcr
 *(.jcr)

.data.rel.ro
 *(.data.rel.ro.local* .gnu.linkonce.d.rel.ro.local.*)
 *(.data.rel.ro .data.rel.ro.* .gnu.linkonce.d.rel.ro.*)

.dynamic
 *(.dynamic)

.got            0xc0619000        0x0
 *(.got)
 .got           0xc0619000        0x0 kernel/kernel_sub.o
 *(.igot)
                0xc0619000                        . = DATA_SEGMENT_RELRO_END (., (SIZEOF (.got.plt) >= 0xc)?0xc:0x0)

.got.plt        0xc0619000        0x0
 *(.got.plt)
 .got.plt       0xc0619000        0x0 kernel/kernel_sub.o
 *(.igot.plt)
 .igot.plt      0xc0619000        0x0 kernel/kernel_sub.o

.data           0xc0619000      0xb98
 *(.data .data.* .gnu.linkonce.d.*)
 .data          0xc0619000        0xf kernel/kernel_sub.o
 *fill*         0xc061900f        0x1 
 .data          0xc0619010        0xf kernel/kernel.o
 *fill*         0xc061901f        0x1 
 .data          0xc0619020        0x0 syscall.o
 .data          0xc0619020        0x0 double_link_list.o
 .data          0xc0619020      0x160 global.o
                0xc0619020                user_task_table
                0xc06190a0                sys_task_table
                0xc0619164                sys_call_table
 .data          0xc0619180        0x0 kernel_main_old.o
 .data          0xc0619180        0x0 kernel_main.o
 .data          0xc0619180        0x0 protect.o
 .data          0xc0619180        0x0 console.o
 .data          0xc0619180        0x0 process.o
 .data          0xc0619180      0x600 keyboard.o
                0xc0619180                keymap
 .data          0xc0619780        0x0 thread.o
 .data          0xc0619780        0x0 my_process.o
 .data          0xc0619780      0x224 network/socket.o
 .data          0xc06199a4        0x4 network/ip_input.o
 *fill*         0xc06199a8       0x18 
 .data          0xc06199c0       0x54 network/udp_sock.o
                0xc06199e0                udp_ops
 .data          0xc0619a14        0x4 network/dst.o
 .data          0xc0619a18        0x4 network/netdev.o
 .data          0xc0619a1c        0x4 network/ip_output.o
 .data          0xc0619a20        0x8 network/tcp.o
 .data          0xc0619a28        0x4 network/sock.o
 .data          0xc0619a2c        0x4 network/tcp_output.o
 .data          0xc0619a30       0x14 network/arp.o
 *fill*         0xc0619a44       0x1c 
 .data          0xc0619a60       0x54 network/tcp_sock.o
                0xc0619a80                tcp_ops
 .data          0xc0619ab4        0xc network/ipc.o
 .data          0xc0619ac0        0x4 network/icmpv4.o
 *fill*         0xc0619ac4       0x1c 
 .data          0xc0619ae0       0x80 network/inet.o
                0xc0619ae8                inet
 .data          0xc0619b60        0x4 network/skbuff.o
 .data          0xc0619b64        0x4 network/tcp_input.o
 .data          0xc0619b68        0x0 network/task_network.o
 .data          0xc0619b68        0xc network/route.o
 .data          0xc0619b74        0x8 network/udp.o
 .data          0xc0619b7c        0x4 network/tcp_data.o
 .data          0xc0619b80        0x4 network/utils.o
 .data          0xc0619b84        0x0 hd/hd.o
 .data          0xc0619b84        0x0 fs/fs_main.o
 .data          0xc0619b84        0x0 mm/forkexit.o
 .data          0xc0619b84        0x0 mm/exec.o
 .data          0xc0619b84        0x0 mm/main.o
 .data          0xc0619b84        0x0 mem/mem.o
 .data          0xc0619b84        0x0 lib/floor.o
 .data          0xc0619b84        0x0 lib/exec.o
 .data          0xc0619b84        0x0 lib/exit.o
 .data          0xc0619b84        0x0 lib/unlink.o
 .data          0xc0619b84        0x0 lib/wait.o
 .data          0xc0619b84        0x4 lib/socket_close.o
 .data          0xc0619b88        0x4 lib/socket_read.o
 .data          0xc0619b8c        0x0 lib/calloc.o
 .data          0xc0619b8c        0x0 lib/alloca.o
 .data          0xc0619b8c        0x0 lib/fork.o
 .data          0xc0619b8c        0x4 lib/socket_write.o
 .data          0xc0619b90        0x0 lib/getpid.o
 .data          0xc0619b90        0x0 lib/stdlib/atoi.o
 .data          0xc0619b90        0x0 lib/string/strtok.o
 .data          0xc0619b90        0x0 lib/string/strcmp.o
 .data          0xc0619b90        0x0 lib/string/strncmp.o
 .data          0xc0619b90        0x0 lib/string/strpbrk.o
 .data          0xc0619b90        0x0 lib/stdio/read.o
 .data          0xc0619b90        0x0 lib/stdio/perror.o
 .data          0xc0619b90        0x0 lib/stdio/sscanf.o
 .data          0xc0619b90        0x0 lib/stdio/open.o
 .data          0xc0619b90        0x0 lib/stdio/write.o
 .data          0xc0619b90        0x0 lib/stdio/close.o
 .data          0xc0619b90        0x4 lib/sys/socket.o
 .data          0xc0619b94        0x4 lib/sys/connect.o
 .data          0xc0619b98        0x0 lib/arpa/ntohs.o
 .data          0xc0619b98        0x0 lib/arpa/htonl.o
 .data          0xc0619b98        0x0 lib/arpa/htons.o
 .data          0xc0619b98        0x0 lib/arpa/inet_pton.o
 .data          0xc0619b98        0x0 lib/arpa/ntohl.o
 .data          0xc0619b98        0x0 lib/arpa/inet_ntop.o

.data1
 *(.data1)
                0xc0619b98                        _edata = .
                [!provide]                        PROVIDE (edata = .)
                0xc0619b98                        . = .
                0xc0619b98                        __bss_start = .

.bss            0xc0619ba0    0x95628
 *(.dynbss)
 *(.bss .bss.* .gnu.linkonce.b.*)
 .bss           0xc0619ba0      0x800 kernel/kernel_sub.o
 .bss           0xc061a3a0      0x800 kernel/kernel.o
 .bss           0xc061aba0        0x0 double_link_list.o
 .bss           0xc061aba0        0x0 global.o
 .bss           0xc061aba0        0x0 kernel_main_old.o
 .bss           0xc061aba0        0x0 kernel_main.o
 .bss           0xc061aba0        0x0 protect.o
 .bss           0xc061aba0        0x0 console.o
 .bss           0xc061aba0        0x0 process.o
 .bss           0xc061aba0        0x0 keyboard.o
 .bss           0xc061aba0        0x0 thread.o
 .bss           0xc061aba0        0x0 my_process.o
 .bss           0xc061aba0        0x4 network/socket.o
 .bss           0xc061aba4        0x0 network/ip_input.o
 .bss           0xc061aba4        0x4 network/udp_sock.o
 .bss           0xc061aba8        0x0 network/dst.o
 .bss           0xc061aba8        0x0 network/netdev.o
 .bss           0xc061aba8        0x0 network/ip_output.o
 .bss           0xc061aba8        0x0 network/tcp.o
 .bss           0xc061aba8        0x0 network/sock.o
 .bss           0xc061aba8        0x0 network/tcp_output.o
 .bss           0xc061aba8        0x0 network/arp.o
 .bss           0xc061aba8        0x0 network/tcp_sock.o
 .bss           0xc061aba8        0x4 network/ipc.o
 .bss           0xc061abac        0x0 network/icmpv4.o
 .bss           0xc061abac        0x0 network/inet.o
 .bss           0xc061abac        0x0 network/skbuff.o
 .bss           0xc061abac        0x0 network/tcp_input.o
 .bss           0xc061abac        0x0 network/task_network.o
 .bss           0xc061abac        0x0 network/route.o
 .bss           0xc061abac        0x0 network/udp.o
 .bss           0xc061abac        0x0 network/tcp_data.o
 .bss           0xc061abac        0x0 network/utils.o
 .bss           0xc061abac        0x0 hd/hd.o
 .bss           0xc061abac        0x4 fs/fs_main.o
                0xc061abac                c
 .bss           0xc061abb0        0x0 mm/forkexit.o
 .bss           0xc061abb0        0x0 mm/exec.o
 .bss           0xc061abb0        0x0 mm/main.o
 .bss           0xc061abb0        0x0 mem/mem.o
 .bss           0xc061abb0        0x0 lib/floor.o
 .bss           0xc061abb0        0x0 lib/exec.o
 .bss           0xc061abb0        0x0 lib/exit.o
 .bss           0xc061abb0        0x0 lib/unlink.o
 .bss           0xc061abb0        0x0 lib/wait.o
 .bss           0xc061abb0        0x0 lib/socket_close.o
 .bss           0xc061abb0        0x0 lib/socket_read.o
 .bss           0xc061abb0        0x0 lib/calloc.o
 .bss           0xc061abb0        0x0 lib/alloca.o
 .bss           0xc061abb0        0x0 lib/fork.o
 .bss           0xc061abb0        0x0 lib/socket_write.o
 .bss           0xc061abb0        0x0 lib/getpid.o
 .bss           0xc061abb0        0x0 lib/stdlib/atoi.o
 .bss           0xc061abb0        0x4 lib/string/strtok.o
 .bss           0xc061abb4        0x0 lib/string/strcmp.o
 .bss           0xc061abb4        0x0 lib/string/strncmp.o
 .bss           0xc061abb4        0x0 lib/string/strpbrk.o
 .bss           0xc061abb4        0x0 lib/stdio/read.o
 .bss           0xc061abb4        0x0 lib/stdio/perror.o
 .bss           0xc061abb4        0x0 lib/stdio/sscanf.o
 .bss           0xc061abb4        0x0 lib/stdio/open.o
 .bss           0xc061abb4        0x0 lib/stdio/write.o
 .bss           0xc061abb4        0x0 lib/stdio/close.o
 .bss           0xc061abb4        0x0 lib/sys/socket.o
 .bss           0xc061abb4        0x0 lib/sys/connect.o
 .bss           0xc061abb4        0x0 lib/arpa/ntohs.o
 .bss           0xc061abb4        0x0 lib/arpa/htonl.o
 .bss           0xc061abb4        0x0 lib/arpa/htons.o
 .bss           0xc061abb4        0x0 lib/arpa/inet_pton.o
 .bss           0xc061abb4        0x0 lib/arpa/ntohl.o
 .bss           0xc061abb4        0x0 lib/arpa/inet_ntop.o
 *(COMMON)
 *fill*         0xc061abb4        0xc 
 COMMON         0xc061abc0     0x17b8 double_link_list.o
                0xc061abc0                current_tty
                0xc061abc4                is_e0
                0xc061abc8                idt_ptr
                0xc061abd0                pid
                0xc061abd4                KernelVirtualMemory
                0xc061abe0                current_dis_pos
                0xc061abe4                dis_pos
                0xc061abe8                k_reenter
                0xc061ac00                gdt
                0xc061b000                proc_ready_table
                0xc061b004                test_ticks
                0xc061b008                pcaller
                0xc061b020                keyboard_buffer
                0xc061b22c                pcb_list
                0xc061b23c                gdt_index
                0xc061b240                tty_table
                0xc061ba80                tss
                0xc061baec                KernelPool
                0xc061bafc                net_buf
                0xc061bb00                nic_current_page
                0xc061bb04                counter
                0xc061bb08                key_pressed
                0xc061bb0c                fork_pid
                0xc061bb10                is_shift
                0xc061bb11                net_data
                0xc061bb14                gdt_ptr
                0xc061bb20                idt
                0xc061c320                main_thread
                0xc061c328                ticks
                0xc061c330                is_init
                0xc061c334                UserPool
                0xc061c344                all_pcb_list
                0xc061c354                console_table
                0xc061c364                is_disp
                0xc061c368                MAIN_THREAD_PAGE_DIRECTORY
                0xc061c36c                helloStr
 *fill*         0xc061c378        0x8 
 COMMON         0xc061c380    0x91ad0 global.o
                0xc061c380                proc_stack
                0xc06ac380                proc_table
 COMMON         0xc06ade50        0x8 network/netdev.o
                0xc06ade50                loop
                0xc06ade54                netdev
 *fill*         0xc06ade58        0x8 
 COMMON         0xc06ade60      0x440 hd/hd.o
                0xc06ade60                hd_info
                0xc06ae0a0                hd_cache
 COMMON         0xc06ae2a0      0xe68 fs/fs_main.o
                0xc06ae2a0                file_desc_table
                0xc06ae6a0                phy_super_block_buf
                0xc06ae6a4                phy_fsbuf
                0xc06ae6c0                inode_table
                0xc06af0c0                super_block_buf
                0xc06af0c4                fsbuf
                0xc06af0e0                root
 *fill*         0xc06af108       0x18 
 COMMON         0xc06af120       0xa8 mem/mem.o
                0xc06af120                kernel_mem_block_decs_array
                0xc06af1c8                        . = ALIGN ((. != 0x0)?0x4:0x1)
                0xc06af1c8                        . = ALIGN (0x4)
                0xc06af1c8                        . = SEGMENT_START ("ldata-segment", .)
                0xc06af1c8                        . = ALIGN (0x4)
                0xc06af1c8                        _end = .
                [!provide]                        PROVIDE (end = .)
                0xc06af1c8                        . = DATA_SEGMENT_END (.)

.stab
 *(.stab)

.stabstr
 *(.stabstr)

.stab.excl
 *(.stab.excl)

.stab.exclstr
 *(.stab.exclstr)

.stab.index
 *(.stab.index)

.stab.indexstr
 *(.stab.indexstr)

.comment        0x00000000       0x2c
 *(.comment)
 .comment       0x00000000       0x2c double_link_list.o
                                 0x2d (size before relaxing)
 .comment       0x0000002c       0x2d global.o
 .comment       0x0000002c       0x2d kernel_main_old.o
 .comment       0x0000002c       0x2d kernel_main.o
 .comment       0x0000002c       0x2d protect.o
 .comment       0x0000002c       0x2d console.o
 .comment       0x0000002c       0x2d process.o
 .comment       0x0000002c       0x2d keyboard.o
 .comment       0x0000002c       0x2d thread.o
 .comment       0x0000002c       0x2d my_process.o
 .comment       0x0000002c       0x2d network/socket.o
 .comment       0x0000002c       0x2d network/ip_input.o
 .comment       0x0000002c       0x2d network/udp_sock.o
 .comment       0x0000002c       0x2d network/dst.o
 .comment       0x0000002c       0x2d network/netdev.o
 .comment       0x0000002c       0x2d network/ip_output.o
 .comment       0x0000002c       0x2d network/tcp.o
 .comment       0x0000002c       0x2d network/sock.o
 .comment       0x0000002c       0x2d network/tcp_output.o
 .comment       0x0000002c       0x2d network/arp.o
 .comment       0x0000002c       0x2d network/tcp_sock.o
 .comment       0x0000002c       0x2d network/ipc.o
 .comment       0x0000002c       0x2d network/icmpv4.o
 .comment       0x0000002c       0x2d network/inet.o
 .comment       0x0000002c       0x2d network/skbuff.o
 .comment       0x0000002c       0x2d network/tcp_input.o
 .comment       0x0000002c       0x2d network/task_network.o
 .comment       0x0000002c       0x2d network/route.o
 .comment       0x0000002c       0x2d network/udp.o
 .comment       0x0000002c       0x2d network/tcp_data.o
 .comment       0x0000002c       0x2d network/utils.o
 .comment       0x0000002c       0x2d hd/hd.o
 .comment       0x0000002c       0x2d fs/fs_main.o
 .comment       0x0000002c       0x2d mm/forkexit.o
 .comment       0x0000002c       0x2d mm/exec.o
 .comment       0x0000002c       0x2d mm/main.o
 .comment       0x0000002c       0x2d mem/mem.o
 .comment       0x0000002c       0x2d lib/floor.o
 .comment       0x0000002c       0x2d lib/exec.o
 .comment       0x0000002c       0x2d lib/exit.o
 .comment       0x0000002c       0x2d lib/unlink.o
 .comment       0x0000002c       0x2d lib/wait.o
 .comment       0x0000002c       0x2d lib/socket_close.o
 .comment       0x0000002c       0x2d lib/socket_read.o
 .comment       0x0000002c       0x2d lib/calloc.o
 .comment       0x0000002c       0x2d lib/alloca.o
 .comment       0x0000002c       0x2d lib/fork.o
 .comment       0x0000002c       0x2d lib/socket_write.o
 .comment       0x0000002c       0x2d lib/getpid.o
 .comment       0x0000002c       0x2d lib/stdlib/atoi.o
 .comment       0x0000002c       0x2d lib/string/strtok.o
 .comment       0x0000002c       0x2d lib/string/strcmp.o
 .comment       0x0000002c       0x2d lib/string/strncmp.o
 .comment       0x0000002c       0x2d lib/string/strpbrk.o
 .comment       0x0000002c       0x2d lib/stdio/read.o
 .comment       0x0000002c       0x2d lib/stdio/perror.o
 .comment       0x0000002c       0x2d lib/stdio/sscanf.o
 .comment       0x0000002c       0x2d lib/stdio/open.o
 .comment       0x0000002c       0x2d lib/stdio/write.o
 .comment       0x0000002c       0x2d lib/stdio/close.o
 .comment       0x0000002c       0x2d lib/sys/socket.o
 .comment       0x0000002c       0x2d lib/sys/connect.o
 .comment       0x0000002c       0x2d lib/arpa/ntohs.o
 .comment       0x0000002c       0x2d lib/arpa/htonl.o
 .comment       0x0000002c       0x2d lib/arpa/htons.o
 .comment       0x0000002c       0x2d lib/arpa/inet_pton.o
 .comment       0x0000002c       0x2d lib/arpa/ntohl.o
 .comment       0x0000002c       0x2d lib/arpa/inet_ntop.o

.gnu.build.attributes
 *(.gnu.build.attributes .gnu.build.attributes.*)

.debug
 *(.debug)

.line
 *(.line)

.debug_srcinfo
 *(.debug_srcinfo)

.debug_sfnames
 *(.debug_sfnames)

.debug_aranges  0x00000000      0x878
 *(.debug_aranges)
 .debug_aranges
                0x00000000       0x20 double_link_list.o
 .debug_aranges
                0x00000020       0x18 global.o
 .debug_aranges
                0x00000038       0x20 kernel_main_old.o
 .debug_aranges
                0x00000058       0x20 kernel_main.o
 .debug_aranges
                0x00000078       0x20 protect.o
 .debug_aranges
                0x00000098       0x20 console.o
 .debug_aranges
                0x000000b8       0x20 process.o
 .debug_aranges
                0x000000d8       0x20 keyboard.o
 .debug_aranges
                0x000000f8       0x20 thread.o
 .debug_aranges
                0x00000118       0x20 my_process.o
 .debug_aranges
                0x00000138       0x20 network/socket.o
 .debug_aranges
                0x00000158       0x20 network/ip_input.o
 .debug_aranges
                0x00000178       0x20 network/udp_sock.o
 .debug_aranges
                0x00000198       0x20 network/dst.o
 .debug_aranges
                0x000001b8       0x20 network/netdev.o
 .debug_aranges
                0x000001d8       0x20 network/ip_output.o
 .debug_aranges
                0x000001f8       0x20 network/tcp.o
 .debug_aranges
                0x00000218       0x20 network/sock.o
 .debug_aranges
                0x00000238       0x20 network/tcp_output.o
 .debug_aranges
                0x00000258       0x20 network/arp.o
 .debug_aranges
                0x00000278       0x20 network/tcp_sock.o
 .debug_aranges
                0x00000298       0x20 network/ipc.o
 .debug_aranges
                0x000002b8       0x20 network/icmpv4.o
 .debug_aranges
                0x000002d8       0x20 network/inet.o
 .debug_aranges
                0x000002f8       0x20 network/skbuff.o
 .debug_aranges
                0x00000318       0x20 network/tcp_input.o
 .debug_aranges
                0x00000338       0x20 network/task_network.o
 .debug_aranges
                0x00000358       0x20 network/route.o
 .debug_aranges
                0x00000378       0x20 network/udp.o
 .debug_aranges
                0x00000398       0x20 network/tcp_data.o
 .debug_aranges
                0x000003b8       0x20 network/utils.o
 .debug_aranges
                0x000003d8       0x20 hd/hd.o
 .debug_aranges
                0x000003f8       0x20 fs/fs_main.o
 .debug_aranges
                0x00000418       0x20 mm/forkexit.o
 .debug_aranges
                0x00000438       0x20 mm/exec.o
 .debug_aranges
                0x00000458       0x20 mm/main.o
 .debug_aranges
                0x00000478       0x20 mem/mem.o
 .debug_aranges
                0x00000498       0x20 lib/floor.o
 .debug_aranges
                0x000004b8       0x20 lib/exec.o
 .debug_aranges
                0x000004d8       0x20 lib/exit.o
 .debug_aranges
                0x000004f8       0x20 lib/unlink.o
 .debug_aranges
                0x00000518       0x20 lib/wait.o
 .debug_aranges
                0x00000538       0x20 lib/socket_close.o
 .debug_aranges
                0x00000558       0x20 lib/socket_read.o
 .debug_aranges
                0x00000578       0x20 lib/calloc.o
 .debug_aranges
                0x00000598       0x20 lib/alloca.o
 .debug_aranges
                0x000005b8       0x20 lib/fork.o
 .debug_aranges
                0x000005d8       0x20 lib/socket_write.o
 .debug_aranges
                0x000005f8       0x20 lib/getpid.o
 .debug_aranges
                0x00000618       0x20 lib/stdlib/atoi.o
 .debug_aranges
                0x00000638       0x20 lib/string/strtok.o
 .debug_aranges
                0x00000658       0x20 lib/string/strcmp.o
 .debug_aranges
                0x00000678       0x20 lib/string/strncmp.o
 .debug_aranges
                0x00000698       0x20 lib/string/strpbrk.o
 .debug_aranges
                0x000006b8       0x20 lib/stdio/read.o
 .debug_aranges
                0x000006d8       0x20 lib/stdio/perror.o
 .debug_aranges
                0x000006f8       0x20 lib/stdio/sscanf.o
 .debug_aranges
                0x00000718       0x20 lib/stdio/open.o
 .debug_aranges
                0x00000738       0x20 lib/stdio/write.o
 .debug_aranges
                0x00000758       0x20 lib/stdio/close.o
 .debug_aranges
                0x00000778       0x20 lib/sys/socket.o
 .debug_aranges
                0x00000798       0x20 lib/sys/connect.o
 .debug_aranges
                0x000007b8       0x20 lib/arpa/ntohs.o
 .debug_aranges
                0x000007d8       0x20 lib/arpa/htonl.o
 .debug_aranges
                0x000007f8       0x20 lib/arpa/htons.o
 .debug_aranges
                0x00000818       0x20 lib/arpa/inet_pton.o
 .debug_aranges
                0x00000838       0x20 lib/arpa/ntohl.o
 .debug_aranges
                0x00000858       0x20 lib/arpa/inet_ntop.o

.debug_pubnames
 *(.debug_pubnames)

.debug_info     0x00000000    0x417fe
 *(.debug_info .gnu.linkonce.wi.*)
 .debug_info    0x00000000     0x1035 double_link_list.o
 .debug_info    0x00001035      0xe7d global.o
 .debug_info    0x00001eb2     0x2854 kernel_main_old.o
 .debug_info    0x00004706      0xfce kernel_main.o
 .debug_info    0x000056d4     0x11a8 protect.o
 .debug_info    0x0000687c     0x127d console.o
 .debug_info    0x00007af9      0xf55 process.o
 .debug_info    0x00008a4e      0xfd1 keyboard.o
 .debug_info    0x00009a1f     0x105c thread.o
 .debug_info    0x0000aa7b     0x1490 my_process.o
 .debug_info    0x0000bf0b     0x1b9a network/socket.o
 .debug_info    0x0000daa5     0x1a9e network/ip_input.o
 .debug_info    0x0000f543     0x1ed0 network/udp_sock.o
 .debug_info    0x00011413     0x11dd network/dst.o
 .debug_info    0x000125f0     0x1769 network/netdev.o
 .debug_info    0x00013d59     0x1738 network/ip_output.o
 .debug_info    0x00015491     0x1e01 network/tcp.o
 .debug_info    0x00017292     0x1853 network/sock.o
 .debug_info    0x00018ae5     0x231c network/tcp_output.o
 .debug_info    0x0001ae01      0x76e network/arp.o
 .debug_info    0x0001b56f     0x21f2 network/tcp_sock.o
 .debug_info    0x0001d761     0x1c31 network/ipc.o
 .debug_info    0x0001f392     0x18fc network/icmpv4.o
 .debug_info    0x00020c8e     0x19ff network/inet.o
 .debug_info    0x0002268d      0x3a7 network/skbuff.o
 .debug_info    0x00022a34     0x2104 network/tcp_input.o
 .debug_info    0x00024b38      0x65b network/task_network.o
 .debug_info    0x00025193     0x1275 network/route.o
 .debug_info    0x00026408     0x1b01 network/udp.o
 .debug_info    0x00027f09     0x1d6a network/tcp_data.o
 .debug_info    0x00029c73      0x367 network/utils.o
 .debug_info    0x00029fda     0x17ec hd/hd.o
 .debug_info    0x0002b7c6     0x1f2e fs/fs_main.o
 .debug_info    0x0002d6f4      0xf91 mm/forkexit.o
 .debug_info    0x0002e685     0x11cd mm/exec.o
 .debug_info    0x0002f852      0xdbf mm/main.o
 .debug_info    0x00030611     0x1d51 mem/mem.o
 .debug_info    0x00032362       0x6b lib/floor.o
 .debug_info    0x000323cd      0xf33 lib/exec.o
 .debug_info    0x00033300      0xda6 lib/exit.o
 .debug_info    0x000340a6      0xe84 lib/unlink.o
 .debug_info    0x00034f2a      0xdb4 lib/wait.o
 .debug_info    0x00035cde      0xeb2 lib/socket_close.o
 .debug_info    0x00036b90      0xe1c lib/socket_read.o
 .debug_info    0x000379ac      0xeac lib/calloc.o
 .debug_info    0x00038858       0x9f lib/alloca.o
 .debug_info    0x000388f7      0xd9b lib/fork.o
 .debug_info    0x00039692      0xfbf lib/socket_write.o
 .debug_info    0x0003a651      0xd9b lib/getpid.o
 .debug_info    0x0003b3ec       0xc9 lib/stdlib/atoi.o
 .debug_info    0x0003b4b5       0xae lib/string/strtok.o
 .debug_info    0x0003b563       0xc1 lib/string/strcmp.o
 .debug_info    0x0003b624      0x110 lib/string/strncmp.o
 .debug_info    0x0003b734       0xcf lib/string/strpbrk.o
 .debug_info    0x0003b803      0xea1 lib/stdio/read.o
 .debug_info    0x0003c6a4       0x5c lib/stdio/perror.o
 .debug_info    0x0003c700      0x20e lib/stdio/sscanf.o
 .debug_info    0x0003c90e      0xe02 lib/stdio/open.o
 .debug_info    0x0003d710      0xe2f lib/stdio/write.o
 .debug_info    0x0003e53f      0xdb6 lib/stdio/close.o
 .debug_info    0x0003f2f5      0xea0 lib/sys/socket.o
 .debug_info    0x00040195      0xf99 lib/sys/connect.o
 .debug_info    0x0004112e       0xa8 lib/arpa/ntohs.o
 .debug_info    0x000411d6       0xcb lib/arpa/htonl.o
 .debug_info    0x000412a1       0xa8 lib/arpa/htons.o
 .debug_info    0x00041349      0x260 lib/arpa/inet_pton.o
 .debug_info    0x000415a9       0xcb lib/arpa/ntohl.o
 .debug_info    0x00041674      0x18a lib/arpa/inet_ntop.o

.debug_abbrev   0x00000000     0x8195
 *(.debug_abbrev)
 .debug_abbrev  0x00000000      0x216 double_link_list.o
 .debug_abbrev  0x00000216      0x157 global.o
 .debug_abbrev  0x0000036d      0x43a kernel_main_old.o
 .debug_abbrev  0x000007a7      0x23c kernel_main.o
 .debug_abbrev  0x000009e3      0x227 protect.o
 .debug_abbrev  0x00000c0a      0x2ac console.o
 .debug_abbrev  0x00000eb6      0x1e0 process.o
 .debug_abbrev  0x00001096      0x1fb keyboard.o
 .debug_abbrev  0x00001291      0x222 thread.o
 .debug_abbrev  0x000014b3      0x260 my_process.o
 .debug_abbrev  0x00001713      0x327 network/socket.o
 .debug_abbrev  0x00001a3a      0x2d1 network/ip_input.o
 .debug_abbrev  0x00001d0b      0x3b1 network/udp_sock.o
 .debug_abbrev  0x000020bc      0x204 network/dst.o
 .debug_abbrev  0x000022c0      0x2f4 network/netdev.o
 .debug_abbrev  0x000025b4      0x213 network/ip_output.o
 .debug_abbrev  0x000027c7      0x332 network/tcp.o
 .debug_abbrev  0x00002af9      0x273 network/sock.o
 .debug_abbrev  0x00002d6c      0x39b network/tcp_output.o
 .debug_abbrev  0x00003107      0x210 network/arp.o
 .debug_abbrev  0x00003317      0x3e6 network/tcp_sock.o
 .debug_abbrev  0x000036fd      0x2ee network/ipc.o
 .debug_abbrev  0x000039eb      0x236 network/icmpv4.o
 .debug_abbrev  0x00003c21      0x24b network/inet.o
 .debug_abbrev  0x00003e6c      0x17f network/skbuff.o
 .debug_abbrev  0x00003feb      0x355 network/tcp_input.o
 .debug_abbrev  0x00004340      0x17a network/task_network.o
 .debug_abbrev  0x000044ba      0x24e network/route.o
 .debug_abbrev  0x00004708      0x2d3 network/udp.o
 .debug_abbrev  0x000049db      0x2a6 network/tcp_data.o
 .debug_abbrev  0x00004c81      0x17a network/utils.o
 .debug_abbrev  0x00004dfb      0x2e3 hd/hd.o
 .debug_abbrev  0x000050de      0x2ef fs/fs_main.o
 .debug_abbrev  0x000053cd      0x204 mm/forkexit.o
 .debug_abbrev  0x000055d1      0x1c4 mm/exec.o
 .debug_abbrev  0x00005795      0x208 mm/main.o
 .debug_abbrev  0x0000599d      0x330 mem/mem.o
 .debug_abbrev  0x00005ccd       0x6a lib/floor.o
 .debug_abbrev  0x00005d37      0x1e8 lib/exec.o
 .debug_abbrev  0x00005f1f      0x19b lib/exit.o
 .debug_abbrev  0x000060ba      0x193 lib/unlink.o
 .debug_abbrev  0x0000624d      0x19f lib/wait.o
 .debug_abbrev  0x000063ec      0x1c5 lib/socket_close.o
 .debug_abbrev  0x000065b1      0x193 lib/socket_read.o
 .debug_abbrev  0x00006744      0x191 lib/calloc.o
 .debug_abbrev  0x000068d5       0x91 lib/alloca.o
 .debug_abbrev  0x00006966      0x18a lib/fork.o
 .debug_abbrev  0x00006af0      0x1db lib/socket_write.o
 .debug_abbrev  0x00006ccb      0x18a lib/getpid.o
 .debug_abbrev  0x00006e55       0x94 lib/stdlib/atoi.o
 .debug_abbrev  0x00006ee9       0x91 lib/string/strtok.o
 .debug_abbrev  0x00006f7a       0x94 lib/string/strcmp.o
 .debug_abbrev  0x0000700e       0xbe lib/string/strncmp.o
 .debug_abbrev  0x000070cc       0xa5 lib/string/strpbrk.o
 .debug_abbrev  0x00007171      0x1ef lib/stdio/read.o
 .debug_abbrev  0x00007360       0x5c lib/stdio/perror.o
 .debug_abbrev  0x000073bc       0xdd lib/stdio/sscanf.o
 .debug_abbrev  0x00007499      0x1c5 lib/stdio/open.o
 .debug_abbrev  0x0000765e      0x1db lib/stdio/write.o
 .debug_abbrev  0x00007839      0x19d lib/stdio/close.o
 .debug_abbrev  0x000079d6      0x1c5 lib/sys/socket.o
 .debug_abbrev  0x00007b9b      0x1cc lib/sys/connect.o
 .debug_abbrev  0x00007d67       0x6c lib/arpa/ntohs.o
 .debug_abbrev  0x00007dd3       0xa5 lib/arpa/htonl.o
 .debug_abbrev  0x00007e78       0x6c lib/arpa/htons.o
 .debug_abbrev  0x00007ee4      0x116 lib/arpa/inet_pton.o
 .debug_abbrev  0x00007ffa       0xa5 lib/arpa/ntohl.o
 .debug_abbrev  0x0000809f       0xf6 lib/arpa/inet_ntop.o

.debug_line     0x00000000     0x9d4d
 *(.debug_line .debug_line.* .debug_line_end)
 .debug_line    0x00000000      0x217 double_link_list.o
 .debug_line    0x00000217       0x95 global.o
 .debug_line    0x000002ac      0xe2f kernel_main_old.o
 .debug_line    0x000010db      0x1b7 kernel_main.o
 .debug_line    0x00001292      0x1ff protect.o
 .debug_line    0x00001491      0x54e console.o
 .debug_line    0x000019df      0x1ba process.o
 .debug_line    0x00001b99      0x296 keyboard.o
 .debug_line    0x00001e2f      0x145 thread.o
 .debug_line    0x00001f74      0x33b my_process.o
 .debug_line    0x000022af      0x3a6 network/socket.o
 .debug_line    0x00002655      0x276 network/ip_input.o
 .debug_line    0x000028cb      0x4b1 network/udp_sock.o
 .debug_line    0x00002d7c      0x15f network/dst.o
 .debug_line    0x00002edb      0x3fc network/netdev.o
 .debug_line    0x000032d7      0x1ff network/ip_output.o
 .debug_line    0x000034d6      0x2f5 network/tcp.o
 .debug_line    0x000037cb      0x222 network/sock.o
 .debug_line    0x000039ed      0x58b network/tcp_output.o
 .debug_line    0x00003f78      0x354 network/arp.o
 .debug_line    0x000042cc      0x57c network/tcp_sock.o
 .debug_line    0x00004848      0x5ab network/ipc.o
 .debug_line    0x00004df3      0x226 network/icmpv4.o
 .debug_line    0x00005019      0x30e network/inet.o
 .debug_line    0x00005327      0x129 network/skbuff.o
 .debug_line    0x00005450      0x659 network/tcp_input.o
 .debug_line    0x00005aa9       0xca network/task_network.o
 .debug_line    0x00005b73      0x209 network/route.o
 .debug_line    0x00005d7c      0x2ec network/udp.o
 .debug_line    0x00006068      0x3e9 network/tcp_data.o
 .debug_line    0x00006451      0x13c network/utils.o
 .debug_line    0x0000658d      0x62c hd/hd.o
 .debug_line    0x00006bb9      0xc23 fs/fs_main.o
 .debug_line    0x000077dc      0x174 mm/forkexit.o
 .debug_line    0x00007950      0x20c mm/exec.o
 .debug_line    0x00007b5c       0xec mm/main.o
 .debug_line    0x00007c48      0x77b mem/mem.o
 .debug_line    0x000083c3       0x5a lib/floor.o
 .debug_line    0x0000841d      0x18b lib/exec.o
 .debug_line    0x000085a8       0xa0 lib/exit.o
 .debug_line    0x00008648       0xc0 lib/unlink.o
 .debug_line    0x00008708       0xb7 lib/wait.o
 .debug_line    0x000087bf      0x118 lib/socket_close.o
 .debug_line    0x000088d7       0xd2 lib/socket_read.o
 .debug_line    0x000089a9       0xe3 lib/calloc.o
 .debug_line    0x00008a8c       0x6b lib/alloca.o
 .debug_line    0x00008af7       0xa5 lib/fork.o
 .debug_line    0x00008b9c      0x150 lib/socket_write.o
 .debug_line    0x00008cec       0xa0 lib/getpid.o
 .debug_line    0x00008d8c       0xad lib/stdlib/atoi.o
 .debug_line    0x00008e39       0x6e lib/string/strtok.o
 .debug_line    0x00008ea7       0x9c lib/string/strcmp.o
 .debug_line    0x00008f43       0xcc lib/string/strncmp.o
 .debug_line    0x0000900f       0xb0 lib/string/strpbrk.o
 .debug_line    0x000090bf      0x15b lib/stdio/read.o
 .debug_line    0x0000921a       0x48 lib/stdio/perror.o
 .debug_line    0x00009262      0x1d2 lib/stdio/sscanf.o
 .debug_line    0x00009434       0xc3 lib/stdio/open.o
 .debug_line    0x000094f7       0xc2 lib/stdio/write.o
 .debug_line    0x000095b9       0xb3 lib/stdio/close.o
 .debug_line    0x0000966c      0x10e lib/sys/socket.o
 .debug_line    0x0000977a      0x13b lib/sys/connect.o
 .debug_line    0x000098b5       0x6c lib/arpa/ntohs.o
 .debug_line    0x00009921       0xc1 lib/arpa/htonl.o
 .debug_line    0x000099e2       0x6c lib/arpa/htons.o
 .debug_line    0x00009a4e      0x167 lib/arpa/inet_pton.o
 .debug_line    0x00009bb5       0xc1 lib/arpa/ntohl.o
 .debug_line    0x00009c76       0xd7 lib/arpa/inet_ntop.o

.debug_frame
 *(.debug_frame)

.debug_str      0x00000000     0x371e
 *(.debug_str)
 .debug_str     0x00000000     0x371e double_link_list.o
                                0x6dd (size before relaxing)
 .debug_str     0x0000371e      0x60b global.o
 .debug_str     0x0000371e      0xb86 kernel_main_old.o
 .debug_str     0x0000371e      0x6a2 kernel_main.o
 .debug_str     0x0000371e      0x766 protect.o
 .debug_str     0x0000371e      0x75a console.o
 .debug_str     0x0000371e      0x645 process.o
 .debug_str     0x0000371e      0x697 keyboard.o
 .debug_str     0x0000371e      0x712 thread.o
 .debug_str     0x0000371e      0x8f9 my_process.o
 .debug_str     0x0000371e      0x923 network/socket.o
 .debug_str     0x0000371e      0x996 network/ip_input.o
 .debug_str     0x0000371e      0xa6c network/udp_sock.o
 .debug_str     0x0000371e      0x71d network/dst.o
 .debug_str     0x0000371e      0x895 network/netdev.o
 .debug_str     0x0000371e      0x851 network/ip_output.o
 .debug_str     0x0000371e      0xb28 network/tcp.o
 .debug_str     0x0000371e      0x8b1 network/sock.o
 .debug_str     0x0000371e      0xc18 network/tcp_output.o
 .debug_str     0x0000371e      0x2f6 network/arp.o
 .debug_str     0x0000371e      0xcbb network/tcp_sock.o
 .debug_str     0x0000371e      0x8cd network/ipc.o
 .debug_str     0x0000371e      0x915 network/icmpv4.o
 .debug_str     0x0000371e      0x8e2 network/inet.o
 .debug_str     0x0000371e      0x1d8 network/skbuff.o
 .debug_str     0x0000371e      0xb88 network/tcp_input.o
 .debug_str     0x0000371e      0x28f network/task_network.o
 .debug_str     0x0000371e      0x73e network/route.o
 .debug_str     0x0000371e      0x948 network/udp.o
 .debug_str     0x0000371e      0xa44 network/tcp_data.o
 .debug_str     0x0000371e      0x1b8 network/utils.o
 .debug_str     0x0000371e      0x914 hd/hd.o
 .debug_str     0x0000371e      0xaf5 fs/fs_main.o
 .debug_str     0x0000371e      0x612 mm/forkexit.o
 .debug_str     0x0000371e      0x868 mm/exec.o
 .debug_str     0x0000371e      0x593 mm/main.o
 .debug_str     0x0000371e      0xab9 mem/mem.o
 .debug_str     0x0000371e       0xa2 lib/floor.o
 .debug_str     0x0000371e      0x627 lib/exec.o
 .debug_str     0x0000371e      0x5a0 lib/exit.o
 .debug_str     0x0000371e      0x61f lib/unlink.o
 .debug_str     0x0000371e      0x5a0 lib/wait.o
 .debug_str     0x0000371e      0x632 lib/socket_close.o
 .debug_str     0x0000371e      0x5eb lib/socket_read.o
 .debug_str     0x0000371e      0x62c lib/calloc.o
 .debug_str     0x0000371e       0xb6 lib/alloca.o
 .debug_str     0x0000371e      0x599 lib/fork.o
 .debug_str     0x0000371e      0x6b1 lib/socket_write.o
 .debug_str     0x0000371e      0x59d lib/getpid.o
 .debug_str     0x0000371e       0xad lib/stdlib/atoi.o
 .debug_str     0x0000371e       0xb9 lib/string/strtok.o
 .debug_str     0x0000371e       0xb1 lib/string/strcmp.o
 .debug_str     0x0000371e       0xba lib/string/strncmp.o
 .debug_str     0x0000371e       0xc1 lib/string/strpbrk.o
 .debug_str     0x0000371e      0x617 lib/stdio/read.o
 .debug_str     0x0000371e       0x99 lib/stdio/perror.o
 .debug_str     0x0000371e      0x102 lib/stdio/sscanf.o
 .debug_str     0x0000371e      0x5de lib/stdio/open.o
 .debug_str     0x0000371e      0x5db lib/stdio/write.o
 .debug_str     0x0000371e      0x5a6 lib/stdio/close.o
 .debug_str     0x0000371e      0x620 lib/sys/socket.o
 .debug_str     0x0000371e      0x6a1 lib/sys/connect.o
 .debug_str     0x0000371e      0x101 lib/arpa/ntohs.o
 .debug_str     0x0000371e       0xf4 lib/arpa/htonl.o
 .debug_str     0x0000371e      0x102 lib/arpa/htons.o
 .debug_str     0x0000371e      0x14c lib/arpa/inet_pton.o
 .debug_str     0x0000371e       0xf3 lib/arpa/ntohl.o
 .debug_str     0x0000371e      0x10f lib/arpa/inet_ntop.o

.debug_loc
 *(.debug_loc)

.debug_macinfo
 *(.debug_macinfo)

.debug_weaknames
 *(.debug_weaknames)

.debug_funcnames
 *(.debug_funcnames)

.debug_typenames
 *(.debug_typenames)

.debug_varnames
 *(.debug_varnames)

.debug_pubtypes
 *(.debug_pubtypes)

.debug_ranges   0x00000000       0x90
 *(.debug_ranges)
 .debug_ranges  0x00000000       0x30 kernel_main_old.o
 .debug_ranges  0x00000030       0x48 hd/hd.o
 .debug_ranges  0x00000078       0x18 mm/exec.o

.debug_addr
 *(.debug_addr)

.debug_line_str
 *(.debug_line_str)

.debug_loclists
 *(.debug_loclists)

.debug_macro
 *(.debug_macro)

.debug_names
 *(.debug_names)

.debug_rnglists
 *(.debug_rnglists)

.debug_str_offsets
 *(.debug_str_offsets)

.debug_sup
 *(.debug_sup)

.gnu.attributes
 *(.gnu.attributes)

/DISCARD/
 *(.note.GNU-stack)
 *(.gnu_debuglink)
 *(.gnu.lto_*)
OUTPUT(kernel.bin elf32-i386)
