
Merging program properties

Removed property 0xc0010001 to merge double_link_list.o (0x1) and kernel/kernel_sub.o (not found)
Removed property 0xc0010002 to merge double_link_list.o (0x0) and kernel/kernel_sub.o (not found)
Removed property 0xc0010001 to merge double_link_list.o (not found) and global.o (0x1)
Removed property 0xc0010002 to merge double_link_list.o (not found) and global.o (0x0)
Removed property 0xc0010001 to merge double_link_list.o (not found) and kernel_main_old.o (0x1)
Removed property 0xc0010002 to merge double_link_list.o (not found) and kernel_main_old.o (0x1)
Removed property 0xc0010001 to merge double_link_list.o (not found) and kernel_main.o (0x1)
Removed property 0xc0010002 to merge double_link_list.o (not found) and kernel_main.o (0x0)
Removed property 0xc0010001 to merge double_link_list.o (not found) and protect.o (0x1)
Removed property 0xc0010002 to merge double_link_list.o (not found) and protect.o (0x0)
Removed property 0xc0010001 to merge double_link_list.o (not found) and console.o (0x1)
Removed property 0xc0010002 to merge double_link_list.o (not found) and console.o (0x1)
Removed property 0xc0010001 to merge double_link_list.o (not found) and process.o (0x1)
Removed property 0xc0010002 to merge double_link_list.o (not found) and process.o (0x0)
Removed property 0xc0010001 to merge double_link_list.o (not found) and keyboard.o (0x1)
Removed property 0xc0010002 to merge double_link_list.o (not found) and keyboard.o (0x0)
Removed property 0xc0010001 to merge double_link_list.o (not found) and thread.o (0x1)
Removed property 0xc0010002 to merge double_link_list.o (not found) and thread.o (0x0)
Removed property 0xc0010001 to merge double_link_list.o (not found) and my_process.o (0x1)
Removed property 0xc0010002 to merge double_link_list.o (not found) and my_process.o (0x1)
Removed property 0xc0010001 to merge double_link_list.o (not found) and network/socket.o (0x1)
Removed property 0xc0010002 to merge double_link_list.o (not found) and network/socket.o (0x0)
Removed property 0xc0010001 to merge double_link_list.o (not found) and network/ip_input.o (0x1)
Removed property 0xc0010002 to merge double_link_list.o (not found) and network/ip_input.o (0x0)
Removed property 0xc0010001 to merge double_link_list.o (not found) and network/udp_sock.o (0x1)
Removed property 0xc0010002 to merge double_link_list.o (not found) and network/udp_sock.o (0x0)
Removed property 0xc0010001 to merge double_link_list.o (not found) and network/dst.o (0x1)
Removed property 0xc0010002 to merge double_link_list.o (not found) and network/dst.o (0x0)
Removed property 0xc0010001 to merge double_link_list.o (not found) and network/netdev.o (0x1)
Removed property 0xc0010002 to merge double_link_list.o (not found) and network/netdev.o (0x0)
Removed property 0xc0010001 to merge double_link_list.o (not found) and network/ip_output.o (0x1)
Removed property 0xc0010002 to merge double_link_list.o (not found) and network/ip_output.o (0x0)
Removed property 0xc0010001 to merge double_link_list.o (not found) and network/tcp.o (0x1)
Removed property 0xc0010002 to merge double_link_list.o (not found) and network/tcp.o (0x0)
Removed property 0xc0010001 to merge double_link_list.o (not found) and network/sock.o (0x1)
Removed property 0xc0010002 to merge double_link_list.o (not found) and network/sock.o (0x0)
Removed property 0xc0010001 to merge double_link_list.o (not found) and network/tcp_output.o (0x1)
Removed property 0xc0010002 to merge double_link_list.o (not found) and network/tcp_output.o (0x1)
Removed property 0xc0010001 to merge double_link_list.o (not found) and network/arp.o (0x1)
Removed property 0xc0010002 to merge double_link_list.o (not found) and network/arp.o (0x0)
Removed property 0xc0010001 to merge double_link_list.o (not found) and network/tcp_sock.o (0x1)
Removed property 0xc0010002 to merge double_link_list.o (not found) and network/tcp_sock.o (0x0)
Removed property 0xc0010001 to merge double_link_list.o (not found) and network/ipc.o (0x1)
Removed property 0xc0010002 to merge double_link_list.o (not found) and network/ipc.o (0x1)
Removed property 0xc0010001 to merge double_link_list.o (not found) and network/icmpv4.o (0x1)
Removed property 0xc0010002 to merge double_link_list.o (not found) and network/icmpv4.o (0x0)
Removed property 0xc0010001 to merge double_link_list.o (not found) and network/inet.o (0x1)
Removed property 0xc0010002 to merge double_link_list.o (not found) and network/inet.o (0x0)
Removed property 0xc0010001 to merge double_link_list.o (not found) and network/skbuff.o (0x1)
Removed property 0xc0010002 to merge double_link_list.o (not found) and network/skbuff.o (0x0)
Removed property 0xc0010001 to merge double_link_list.o (not found) and network/tcp_input.o (0x1)
Removed property 0xc0010002 to merge double_link_list.o (not found) and network/tcp_input.o (0x0)
Removed property 0xc0010001 to merge double_link_list.o (not found) and network/task_network.o (0x1)
[...]
Memory Configuration

Name             Origin             Length             Attributes
*default*        0x00000000         0xffffffff

Linker script and memory map

Address of section .text set to 0xc0600000
LOAD kernel/kernel_sub.o
LOAD kernel/kernel.o
LOAD switch_to.o
LOAD string.o
LOAD syscall.o
LOAD hd/hd_rdwt.o
LOAD network/ne2000.o
LOAD double_link_list.o
LOAD global.o
LOAD kernel_main_old.o
LOAD kernel_main.o
LOAD protect.o
LOAD console.o
LOAD process.o
LOAD keyboard.o
LOAD thread.o
LOAD my_process.o
LOAD network/socket.o
LOAD network/ip_input.o
LOAD network/udp_sock.o
LOAD network/dst.o
LOAD network/netdev.o
LOAD network/ip_output.o
LOAD network/tcp.o
LOAD network/sock.o
LOAD network/tcp_output.o
LOAD network/arp.o
LOAD network/tcp_sock.o
LOAD network/ipc.o
LOAD network/icmpv4.o
LOAD network/inet.o
LOAD network/skbuff.o
LOAD network/tcp_input.o
LOAD network/task_network.o
LOAD network/route.o
LOAD network/udp.o
LOAD network/tcp_data.o
LOAD network/utils.o
LOAD hd/hd.o
LOAD fs/fs_main.o
LOAD mm/forkexit.o
LOAD mm/exec.o
LOAD mm/main.o
LOAD mem/mem.o
LOAD lib/floor.o
LOAD lib/exec.o
LOAD lib/exit.o
LOAD lib/unlink.o
LOAD lib/wait.o
LOAD lib/socket_close.o
LOAD lib/socket_read.o
LOAD lib/alloca.o
LOAD lib/calloc.o
LOAD lib/fork.o
LOAD lib/socket_write.o
LOAD lib/getpid.o
LOAD lib/stdlib/atoi.o
LOAD lib/string/strtok.o
LOAD lib/string/strcmp.o
LOAD lib/string/strncmp.o
LOAD lib/string/strpbrk.o
LOAD lib/stdio/read.o
LOAD lib/stdio/perror.o
LOAD lib/stdio/sscanf.o
LOAD lib/stdio/open.o
LOAD lib/stdio/write.o
LOAD lib/stdio/close.o
LOAD lib/sys/socket.o
LOAD lib/sys/connect.o
LOAD lib/arpa/ntohs.o
LOAD lib/arpa/htonl.o
LOAD lib/arpa/htons.o
LOAD lib/arpa/inet_pton.o
LOAD lib/arpa/ntohl.o
LOAD lib/arpa/inet_ntop.o
                [!provide]                        PROVIDE (__executable_start = SEGMENT_START ("text-segment", 0x8048000))
                0x080480d4                        . = (SEGMENT_START ("text-segment", 0x8048000) + SIZEOF_HEADERS)

.interp
 *(.interp)

.note.gnu.build-id
 *(.note.gnu.build-id)

.hash
 *(.hash)

.gnu.hash
 *(.gnu.hash)

.dynsym
 *(.dynsym)

.dynstr
 *(.dynstr)

.gnu.version
 *(.gnu.version)

.gnu.version_d
 *(.gnu.version_d)

.gnu.version_r
 *(.gnu.version_r)

.rel.dyn        0x080480d4        0x0
 *(.rel.init)
 *(.rel.text .rel.text.* .rel.gnu.linkonce.t.*)
 .rel.text      0x080480d4        0x0 kernel/kernel_sub.o
 *(.rel.fini)
 *(.rel.rodata .rel.rodata.* .rel.gnu.linkonce.r.*)
 *(.rel.data.rel.ro .rel.data.rel.ro.* .rel.gnu.linkonce.d.rel.ro.*)
 *(.rel.data .rel.data.* .rel.gnu.linkonce.d.*)
 *(.rel.tdata .rel.tdata.* .rel.gnu.linkonce.td.*)
 *(.rel.tbss .rel.tbss.* .rel.gnu.linkonce.tb.*)
 *(.rel.ctors)
 *(.rel.dtors)
 *(.rel.got)
 .rel.got       0x080480d4        0x0 kernel/kernel_sub.o
 *(.rel.bss .rel.bss.* .rel.gnu.linkonce.b.*)
 *(.rel.ifunc)

.rel.plt        0x080480d4        0x0
 *(.rel.plt)
                [!provide]                        PROVIDE (__rel_iplt_start = .)
 *(.rel.iplt)
 .rel.iplt      0x080480d4        0x0 kernel/kernel_sub.o
                [!provide]                        PROVIDE (__rel_iplt_end = .)

.relr.dyn
 *(.relr.dyn)
                0x08049000                        . = ALIGN (CONSTANT (MAXPAGESIZE))

.init
 *(SORT_NONE(.init))

.plt            0x08049000        0x0
 *(.plt)
 *(.iplt)
 .iplt          0x08049000        0x0 kernel/kernel_sub.o

.plt.got
 *(.plt.got)

.plt.sec
 *(.plt.sec)

.text           0xc0600000    0x12975
 *(.text.unlikely .text.*_unlikely .text.unlikely.*)
 *(.text.exit .text.exit.*)
 *(.text.startup .text.startup.*)
 *(.text.hot .text.hot.*)
 *(SORT_BY_NAME(.text.sorted.*))
 *(.text .stub .text.* .gnu.linkonce.t.*)
 .text          0xc0600000       0x74 kernel/kernel_sub.o
                0xc0600000                _start
 *fill*         0xc0600074        0xc 
 .text          0xc0600080      0x3d5 kernel/kernel.o
                0xc0600080                InterruptTest
                0xc060008c                disp_str_len
                0xc06000d9                disp_str
                0xc0600114                disp_str_colour
                0xc0600150                divide_zero_fault
                0xc0600156                single_step_fault
                0xc060015c                non_maskable_interrupt
                0xc0600162                breakpoint_trap
                0xc0600168                overflow_trap
                0xc060016e                bound_range_exceeded_fault
                0xc0600174                invalid_opcode_fault
                0xc060017a                coprocessor_not_available_fault
                0xc0600180                double_fault_exception_abort
                0xc0600184                coprocessor_segment_overrun
                0xc060018a                invalid_task_state_segment_fault
                0xc060018e                segment_not_present_fault
                0xc0600192                stack_exception_fault
                0xc0600196                general_protection_exception_fault
                0xc06001a1                page_fault
                0xc06001a5                coprocessor_error_fault
                0xc06001ab                align_check_fault
                0xc06001af                simd_float_exception_fault
                0xc06001be                hwint0
                0xc06001ee                hwint1
                0xc0600231                hwint14
                0xc0600277                hwint10
                0xc06002ba                sys_call
                0xc0600300                fork_restart
                0xc060030f                restart
                0xc0600332                in_byte
                0xc060033e                out_byte
                0xc0600360                disable_int
                0xc0600362                enable_int
                0xc06003f8                enable_8259A_casecade_irq
                0xc0600402                disable_8259A_casecade_irq
                0xc060040c                enable_8259A_slave_winchester_irq
                0xc0600416                disable_8259A_slave_winchester_irq
                0xc0600420                update_cr3
                0xc060042d                update_tss
                0xc060043c                get_running_thread_pcb
                0xc0600442                sys_call_test
                0xc0600445                enable_8259A_slave_net_irq
 *fill*         0xc0600455        0xb 
 .text          0xc0600460       0x15 switch_to.o
                0xc0600460                switch_to
 *fill*         0xc0600475        0xb 
 .text          0xc0600480       0x6a syscall.o
                0xc0600480                write_debug
                0xc0600490                send_msg
                0xc06004a6                receive_msg
                0xc06004bc                sys_malloc
                0xc06004d1                sys_free
 *fill*         0xc06004ea        0x6 
 .text          0xc06004f0      0x25e network/ne2000.o
                0xc0600513                DriverInitialize
                0xc060059d                SetPageStart
                0xc06005c5                DriverSend
                0xc060063d                PCtoNIC
                0xc06006ab                get_interrupt_status
                0xc06006c1                set_interrupt_status
                0xc06006da                get_curr_page
                0xc06006f7                NICtoPC
 .text          0xc060074e      0x2ee double_link_list.o
                0xc060074e                initDoubleLinkList
                0xc060079e                isListEmpty
                0xc06007cc                findElementInList
                0xc0600863                appendToDoubleLinkList
                0xc0600929                insertToDoubleLinkList
                0xc06009ad                popFromDoubleLinkList
 .text          0xc0600a3c        0x0 global.o
 .text          0xc0600a3c     0x2de4 kernel_main_old.o
                0xc0600a3c                stop_here
                0xc0600a80                catch_error
                0xc0600ae5                intr_enable
                0xc0600b0e                intr_disable
                0xc0600b37                intr_set_status
                0xc0600b55                intr_get_status
                0xc0600b72                Memcpy
                0xc0600ba5                untar
                0xc0600eb5                num_to_string
                0xc0600f5b                disp_int
                0xc0600f84                do_page_fault
                0xc06010c1                exception_handler
                0xc06012ac                init_internal_interrupt
                0xc0601421                spurious_irq
                0xc06014af                init_keyboard
                0xc06014f2                TestTTY
                0xc0601591                TestReadReturnValue
                0xc060160e                TestWriteReturnValue
                0xc06016e2                TestFS2
                0xc06016f0                TestFS
                0xc0601b92                wait_exit
                0xc0601c90                INIT_fork
                0xc0601f83                simple_shell
                0xc060210a                test_shell
                0xc0602172                test_exec
                0xc0602265                INIT
                0xc0602272                TestA
                0xc06022a7                delay
                0xc06022eb                TestB
                0xc0602303                TestC
                0xc0602336                sys_get_ticks
                0xc0602346                sys_write
                0xc060239a                milli_delay
                0xc06023d6                TaskSys
                0xc06023db                Printf
                0xc06024ad                sprintf
                0xc06024d9                vsprintf
                0xc0602685                printx
                0xc06026c8                sys_printx
                0xc0602794                spin
                0xc06027ba                panic
                0xc06027d8                assertion_failure
                0xc060284a                assertion_failure2
                0xc06028bf                dead_lock
                0xc06028c9                sys_send_msg
                0xc0602de8                sys_receive_msg
                0xc0603448                send_rec
                0xc0603543                block
                0xc060357f                unblock
                0xc06035cf                get_ticks_ipc
                0xc0603629                itoa
                0xc060367f                i2a
                0xc06036e5                inform_int
                0xc06037b1                deprecate_strcmp
 .text          0xc0603820      0x4b0 kernel_main.o
                0xc0603820                kernel_main
                0xc06039da                init
                0xc0603a71                kernel_thread_a
                0xc0603abe                kernel_thread_b
                0xc0603b0b                kernel_thread_c
                0xc0603b21                kernel_thread_d
                0xc0603b37                user_proc_a
                0xc0603cb3                user_proc_b
 .text          0xc0603cd0      0x3b3 protect.o
                0xc0603cd0                InitDescriptor
                0xc0603d3d                Seg2PhyAddr
                0xc0603d7e                Seg2PhyAddrLDT
                0xc0603dc2                VirAddr2PhyAddr
                0xc0603dd8                v2l
                0xc0603e1b                init_propt
                0xc0603f9c                InitInterruptDesc
                0xc0603ff8                ReloadGDT
 .text          0xc0604083      0xad3 console.o
                0xc0604083                select_console
                0xc06040bf                flush
                0xc06040f8                set_cursor
                0xc0604156                set_console_start_video_addr
                0xc06041b4                put_key
                0xc0604220                scroll_up
                0xc0604262                scroll_down
                0xc06042cd                out_char
                0xc060448a                tty_dev_read
                0xc06044b4                tty_dev_write
                0xc06046e1                tty_do_read
                0xc06047a9                tty_do_write
                0xc0604912                init_screen
                0xc060499b                init_tty
                0xc0604a50                TaskTTY
 .text          0xc0604b56      0x2b7 process.o
                0xc0604b56                schedule_process
                0xc0604d1c                clock_handler
                0xc0604d92                pid2proc
                0xc0604df6                proc2pid
 .text          0xc0604e0d      0x40f keyboard.o
                0xc0604e0d                keyboard_handler
                0xc0604e91                read_from_keyboard_buf
                0xc0604ef7                keyboard_read
                0xc0605076                init_keyboard_handler
                0xc060508a                in_process
 .text          0xc060521c      0x1b2 thread.o
                0xc060521c                kernel_thread
                0xc0605234                thread_init
                0xc06052e1                thread_create
                0xc0605316                thread_start
 .text          0xc06053ce      0x730 my_process.o
                0xc06053ce                create_user_process_address_space
                0xc060545e                user_process
                0xc060558b                clone_pcb
                0xc06056fd                build_body_stack
                0xc0605830                build_process_kernel_stack
                0xc06058f3                fork_process
                0xc0605984                process_execute
 .text          0xc0605afe      0x66c network/socket.o
                0xc0605bae                test
                0xc0605c0a                socket_debug
                0xc0605c6b                free_socket
                0xc0605d27                _socket
                0xc0605de6                _bind
                0xc0605e39                _connect
                0xc0605e8b                _write
                0xc0605ee2                _read
                0xc0605f39                _recvfrom
                0xc0605f7a                _sendto
                0xc0605fd1                _close
                0xc0606050                _listen
                0xc06060b6                _accept
 .text          0xc060616a      0x2ed network/ip_input.o
                0xc06062f4                ip_rcv
 .text          0xc0606457      0x8cd network/udp_sock.o
                0xc0606695                udp_lookup_sock
                0xc06066dc                udp_init
                0xc060670d                udp_close
                0xc0606733                udp_sock_init
                0xc060673d                udp_recvfrom
                0xc06067d6                udp_connect
                0xc06068af                udp_write
                0xc06068db                udp_alloc_skb
                0xc0606925                udp_sendto
                0xc0606a19                udp_send
                0xc0606b57                udp_alloc_sock
                0xc0606b98                udp_free_sock
                0xc0606bbc                udp_read
 .text          0xc0606d24       0xd8 network/dst.o
                0xc0606d32                dst_neigh_output
 .text          0xc0606dfc      0x816 network/netdev.o
                0xc0606f8a                netdev_init
                0xc0606fd1                netdev_transmit
                0xc06070ba                interrupt_wait2
                0xc0607113                netdev_rx_loop
                0xc060724a                netdev_get
                0xc0607285                free_netdev
                0xc06072b0                local_ipaddress
                0xc06072ed                receive_msg_from_nic
                0xc06074d0                receive_msg_from_nic2
                0xc06075fc                net_handler
 .text          0xc0607612      0x1d3 network/ip_output.o
                0xc0607620                ip_output
 .text          0xc06077e5      0x448 network/tcp.o
                0xc06079da                tcp_in
                0xc0607a8e                tcp_checksum
                0xc0607aba                __tcp_set_state
                0xc0607ac9                tcp_generate_port
                0xc0607b12                tcp_generate_isn
                0xc0607b1c                tcp_done
                0xc0607b45                tcp_clear_timers
                0xc0607b54                tcp_stop_retransmission_timer
                0xc0607b6d                tcp_release_retransmission_timer
                0xc0607b86                tcp_stop_delack_timer
                0xc0607b99                tcp_release_delack_timer
                0xc0607bac                tcp_handle_fin_state
                0xc0607c11                tcp_enter_time_wait
 .text          0xc0607c2d      0x203 network/sock.o
                0xc0607d5f                sk_alloc
                0xc0607d86                sk_init
                0xc0607dda                sk_init_with_socket
                0xc0607e03                sk_free
 .text          0xc0607e30      0xbbe network/tcp_output.o
                0xc06082f6                tcp_send_synack
                0xc0608399                tcp_send_delack
                0xc06083d4                tcp_send_ack
                0xc0608520                tcp_send_fin
                0xc0608595                tcp_select_initial_window
                0xc0608747                tcp_reset_retransmission_timer
                0xc0608764                tcp_begin_connect
                0xc060880e                tcp_send
                0xc06088f3                tcp_send_reset
                0xc0608973                tcp_queue_fin
 .text          0xc06089ee      0x70c network/arp.o
                0xc0608bbb                arp_init
                0xc0608bc1                arp_rcv
                0xc0608d90                arp_request
                0xc0608efa                arp_reply
                0xc060905d                arp_get_hwaddr
                0xc06090a9                free_arp
 .text          0xc06090fa      0xa27 network/tcp_sock.o
                0xc06093b9                tcp_established_or_syn_recvd_socks_enqueue
                0xc06093d0                tcp_established_or_syn_recvd_socks_remove
                0xc06093e2                tcp_connecting_or_listening_socks_enqueue
                0xc06093f9                tcp_connecting_or_listening_socks_remove
                0xc060940b                tcp_alloc_sock
                0xc0609521                tcp_free_sock
                0xc060959a                tcp_init
                0xc06095a4                tcp_sock_init
                0xc0609647                tcp_write
                0xc0609688                tcp_read
                0xc060973b                tcp_close
                0xc06097f9                tcp_recv_notify
                0xc0609824                tcp_v4_connect
                0xc0609a74                tcp_lookup_sock
 .text          0xc0609b21      0xd19 network/ipc.o
                0xc060a6cd                ipc_close
                0xc060a71e                demux_ipc_socket_call
 .text          0xc060a83a      0x234 network/icmpv4.o
                0xc060a848                icmpv4_incoming
                0xc060a8bc                icmpv4_reply
                0xc060a995                icmpv4_timestamp
 .text          0xc060aa6e      0x429 network/inet.o
                0xc060aa6e                inet_create
                0xc060ab1e                inet_socket
                0xc060ab28                inet_connect
                0xc060ab7c                inet_write
                0xc060aba8                inet_read
                0xc060abd4                inet_close
                0xc060ac23                inet_free
                0xc060ac59                inet_bind
                0xc060ad62                inet_listen
                0xc060adab                inet_accept
                0xc060ae56                inet_sendto
                0xc060ae81                inet_recvfrom
 .text          0xc060ae97      0x15b network/skbuff.o
                0xc060aeb0                alloc_skb
                0xc060af41                free_skb
                0xc060af74                skb_reserve
                0xc060af90                skb_push
                0xc060afbf                skb_head
                0xc060afca                skb_reset_header
 .text          0xc060aff2      0xb80 network/tcp_input.o
                0xc060b6ea                tcp_process
                0xc060bab0                tcp_receive
 .text          0xc060bb72      0x128 network/task_network.o
                0xc060bb72                task_network
                0xc060bc7c                task_netdev_rx
 .text          0xc060bc9a      0x295 network/route.o
                0xc060bdc7                route_add
                0xc060be0c                route_init
                0xc060be93                route_lookup
                0xc060bede                free_routes
 .text          0xc060bf2f      0x3e0 network/udp.o
                0xc060c03a                udp_generate_port
                0xc060c083                udp_checksum
                0xc060c151                udp_in
                0xc060c1e2                udp_data_dequeue
                0xc060c2ea                udp_data_enqueue
 .text          0xc060c30f      0x54a network/tcp_data.o
                0xc060c5fa                tcp_data_dequeue
                0xc060c727                tcp_data_queue
 .text          0xc060c859      0x1e7 network/utils.o
                0xc060c859                run_cmd
                0xc060c866                print_err
                0xc060c87d                parse_ipv4_string
                0xc060c8dc                ip_pton
                0xc060c924                sum_every_16bits
                0xc060c97b                checksum
                0xc060c9bc                tcp_udp_checksum
 .text          0xc060ca40      0xe84 hd/hd.o
                0xc060ca40                TaskHD
                0xc060ca8b                init_hd
                0xc060caa5                hd_handle
                0xc060cbaa                hd_cmd_out
                0xc060ccac                hd_identify
                0xc060cd63                print_hdinfo
                0xc060cef1                print_dpt_entry
                0xc060cf5d                get_partition_table
                0xc060d03c                partition
                0xc060d256                hd_open
                0xc060d306                get_hd_ioctl
                0xc060d3c0                wait_for
                0xc060d3f1                interrupt_wait
                0xc060d44a                hd_rdwt
                0xc060d6ec                hd_handler
                0xc060d71d                debug_ticks
                0xc060d75b                waitfor
                0xc060d79f                print_hd_info
                0xc060d88c                is_empty
 .text          0xc060d8c4     0x2081 fs/fs_main.o
                0xc060d8c4                task_fs
                0xc060dad8                rd_wt
                0xc060dbba                mkfs
                0xc060e19c                init_fs
                0xc060e1f6                do_open
                0xc060e3ff                search_file
                0xc060e531                strip_path
                0xc060e5fd                get_inode
                0xc060e7bf                create_file
                0xc060e8ca                alloc_imap_bit
                0xc060e9c7                alloc_smap_bit
                0xc060eb68                new_inode
                0xc060ec86                new_dir_entry
                0xc060ee92                do_unlink
                0xc060f36e                do_rdwt
                0xc060f6f9                sync_inode
                0xc060f84d                put_inode
                0xc060f88b                do_close
                0xc060f8dd                get_super_block
 .text          0xc060f945      0x24f mm/forkexit.o
                0xc060f945                do_fork
                0xc060f9b3                do_exit
                0xc060fa3d                do_wait
                0xc060fb3a                cleanup
 .text          0xc060fb94      0x419 mm/exec.o
                0xc060fb94                do_exec
 .text          0xc060ffad      0x14e mm/main.o
                0xc060ffad                TaskMM
                0xc06100dc                alloc_mem
 .text          0xc06100fb     0x1118 mem/mem.o
                0xc06100fb                init_bitmap
                0xc061011e                test_bit_val
                0xc0610187                set_bit_val
                0xc0610202                set_bits
                0xc061023c                get_first_free_bit
                0xc0610280                get_bits
                0xc0610348                get_a_page
                0xc06103fc                get_virtual_address_start_with_addr
                0xc0610496                get_virtual_address
                0xc0610526                ptr_pde
                0xc0610539                ptr_pte
                0xc0610560                add_map_entry
                0xc06105f1                alloc_virtual_memory
                0xc06106bd                get_physical_address_proc
                0xc0610739                get_physical_address
                0xc061076b                alloc_physical_memory_of_proc
                0xc061085a                alloc_physical_memory
                0xc0610922                alloc_memory
                0xc0610984                get_a_virtual_page
                0xc06109bc                block2arena
                0xc06109d2                sys_malloc2
                0xc0610cff                remove_map_entry
                0xc0610d20                free_a_page
                0xc0610dc7                sys_free2
                0xc0610dcd                init_memory_block_desc
                0xc0610e9e                init_memory2
                0xc06110d3                init_memory
 .text          0xc0611213       0x49 lib/floor.o
                0xc0611213                floor
 .text          0xc061125c      0x285 lib/exec.o
                0xc061125c                exec
                0xc06112cd                execv
                0xc06114bc                execl
 .text          0xc06114e1       0x2f lib/exit.o
                0xc06114e1                exit
 .text          0xc0611510       0x42 lib/unlink.o
                0xc0611510                unlink
 .text          0xc0611552       0x44 lib/wait.o
                0xc0611552                wait
 .text          0xc0611596       0xbd lib/socket_close.o
                0xc0611596                socket_close
 .text          0xc0611653      0x110 lib/socket_read.o
                0xc0611653                socket_read
 .text          0xc0611763       0x29 lib/alloca.o
                0xc0611763                alloca
 .text          0xc061178c       0x46 lib/calloc.o
                0xc061178c                calloc
 .text          0xc06117d2       0x4b lib/fork.o
                0xc06117d2                fork
 .text          0xc061181d      0x110 lib/socket_write.o
                0xc061181d                socket_write
 .text          0xc061192d       0x2b lib/getpid.o
                0xc061192d                getpid
 .text          0xc0611958       0x9c lib/stdlib/atoi.o
                0xc0611958                atoi
 .text          0xc06119f4       0x85 lib/string/strtok.o
                0xc06119f4                strtok
 .text          0xc0611a79       0xa8 lib/string/strcmp.o
                0xc0611a79                strcmp
 .text          0xc0611b21       0xd4 lib/string/strncmp.o
                0xc0611b21                strncmp
 .text          0xc0611bf5       0x90 lib/string/strpbrk.o
                0xc0611bf5                strpbrk
 .text          0xc0611c85      0x181 lib/stdio/read.o
                0xc0611c85                read
 .text          0xc0611e06       0x17 lib/stdio/perror.o
                0xc0611e06                perror
 .text          0xc0611e1d      0x2c1 lib/stdio/sscanf.o
                0xc0611e1d                sscanf
 .text          0xc06120de       0x95 lib/stdio/open.o
                0xc06120de                open
 .text          0xc0612173       0x85 lib/stdio/write.o
                0xc0612173                write
 .text          0xc06121f8       0x52 lib/stdio/close.o
                0xc06121f8                close
 .text          0xc061224a      0x162 lib/sys/socket.o
                0xc061224a                socket
 .text          0xc06123ac       0xe9 lib/sys/connect.o
                0xc06123ac                connect
 .text          0xc0612495       0x38 lib/arpa/ntohs.o
                0xc0612495                ntohs
 .text          0xc06124cd       0x7c lib/arpa/htonl.o
                0xc06124cd                htonl
 .text          0xc0612549       0x38 lib/arpa/htons.o
                0xc0612549                htons
 .text          0xc0612581      0x295 lib/arpa/inet_pton.o
                0xc0612581                isValidIPv4
                0xc061270b                inet_pton
 .text          0xc0612816       0x7c lib/arpa/ntohl.o
                0xc0612816                ntohl
 .text          0xc0612892       0xe3 lib/arpa/inet_ntop.o
                0xc0612892                inet_ntop
 *(.gnu.warning)

.fini
 *(SORT_NONE(.fini))
                [!provide]                        PROVIDE (__etext = .)
                [!provide]                        PROVIDE (_etext = .)
                [!provide]                        PROVIDE (etext = .)
                0xc0613000                        . = ALIGN (CONSTANT (MAXPAGESIZE))
                0xc0613000                        . = SEGMENT_START ("rodata-segment", (ALIGN (CONSTANT (MAXPAGESIZE)) + (. & (CONSTANT (MAXPAGESIZE) - 0x1))))

.rodata         0xc0613000     0x1d57
 *(.rodata .rodata.* .gnu.linkonce.r.*)
 .rodata        0xc0613000       0x3c double_link_list.o
 *fill*         0xc061303c        0x4 
 .rodata        0xc0613040      0xb61 kernel_main_old.o
 *fill*         0xc0613ba1        0x3 
 .rodata        0xc0613ba4      0x1a0 kernel_main.o
 .rodata        0xc0613d44       0x22 console.o
 *fill*         0xc0613d66        0x2 
 .rodata        0xc0613d68       0x4c process.o
 .rodata        0xc0613db4      0x23d network/socket.o
 *fill*         0xc0613ff1        0x3 
 .rodata        0xc0613ff4       0xbd network/ip_input.o
 *fill*         0xc06140b1        0x3 
 .rodata        0xc06140b4       0x2d network/udp_sock.o
 .rodata        0xc06140e1        0x9 network/dst.o
 *fill*         0xc06140ea        0x2 
 .rodata        0xc06140ec      0x17a network/netdev.o
 .rodata        0xc0614266        0x9 network/ip_output.o
 *fill*         0xc061426f        0x1 
 .rodata        0xc0614270       0x31 network/tcp.o
 .rodata        0xc06142a1        0x9 network/sock.o
 *fill*         0xc06142aa        0x2 
 .rodata        0xc06142ac       0xc3 network/tcp_output.o
 *fill*         0xc061436f        0x1 
 .rodata        0xc0614370       0xc7 network/arp.o
 *fill*         0xc0614437        0x1 
 .rodata        0xc0614438       0xe8 network/tcp_sock.o
 .rodata        0xc0614520      0x160 network/ipc.o
 .rodata        0xc0614680       0x32 network/icmpv4.o
 *fill*         0xc06146b2        0x2 
 .rodata        0xc06146b4       0x48 network/inet.o
 .rodata        0xc06146fc        0x9 network/skbuff.o
 *fill*         0xc0614705        0x3 
 .rodata        0xc0614708       0x60 network/tcp_input.o
 .rodata        0xc0614768       0x61 network/task_network.o
 *fill*         0xc06147c9        0x3 
 .rodata        0xc06147cc       0x37 network/route.o
 .rodata        0xc0614803        0x9 network/udp.o
 .rodata        0xc061480c       0x1e network/tcp_data.o
 *fill*         0xc061482a        0x2 
 .rodata        0xc061482c       0x41 network/utils.o
 *fill*         0xc061486d        0x3 
 .rodata        0xc0614870      0x19c hd/hd.o
 .rodata        0xc0614a0c      0x1fb fs/fs_main.o
                0xc0614a0c                FSBUF_SIZE
 .rodata        0xc0614c07       0x21 mm/forkexit.o
 .rodata        0xc0614c28       0x10 mm/exec.o
 .rodata        0xc0614c38       0x11 mm/main.o
 .rodata        0xc0614c49       0x5a mem/mem.o
 .rodata        0xc0614ca3       0x2d lib/exec.o
 .rodata        0xc0614cd0        0x9 lib/socket_close.o
 .rodata        0xc0614cd9        0x9 lib/socket_read.o
 .rodata        0xc0614ce2        0x9 lib/socket_write.o
 .rodata        0xc0614ceb       0x2a lib/stdio/close.o
 .rodata        0xc0614d15       0x33 lib/sys/socket.o
 .rodata        0xc0614d48        0x9 lib/sys/connect.o
 .rodata        0xc0614d51        0x3 lib/arpa/inet_pton.o
 .rodata        0xc0614d54        0x3 lib/arpa/inet_ntop.o

.txt            0xc0614d57       0xaa
 .txt           0xc0614d57       0x82 string.o
                0xc0614d57                Memcpy2
                0xc0614d85                Memset
                0xc0614da4                Strcpy
                0xc0614dbe                Strlen
 .txt           0xc0614dd9       0x28 hd/hd_rdwt.o
                0xc0614dd9                read_port
                0xc0614ded                write_port

.rodata1
 *(.rodata1)

.eh_frame_hdr
 *(.eh_frame_hdr)
 *(.eh_frame_entry .eh_frame_entry.*)

.eh_frame       0xc0614e04     0x4250
 *(.eh_frame)
 .eh_frame      0xc0614e04       0xd8 double_link_list.o
 .eh_frame      0xc0614edc      0x6cc kernel_main_old.o
                                0x6e4 (size before relaxing)
 .eh_frame      0xc06155a8      0x108 kernel_main.o
                                0x120 (size before relaxing)
 .eh_frame      0xc06156b0      0x100 protect.o
                                0x118 (size before relaxing)
 .eh_frame      0xc06157b0      0x1e0 console.o
                                0x1f8 (size before relaxing)
 .eh_frame      0xc0615990       0x80 process.o
                                 0x98 (size before relaxing)
 .eh_frame      0xc0615a10       0xa0 keyboard.o
                                 0xb8 (size before relaxing)
 .eh_frame      0xc0615ab0       0x80 thread.o
                                 0x98 (size before relaxing)
 .eh_frame      0xc0615b30       0xe0 my_process.o
                                 0xf8 (size before relaxing)
 .eh_frame      0xc0615c10      0x2a0 network/socket.o
                                0x2b8 (size before relaxing)
 .eh_frame      0xc0615eb0      0x104 network/ip_input.o
                                0x11c (size before relaxing)
 .eh_frame      0xc0615fb4      0x404 network/udp_sock.o
                                0x41c (size before relaxing)
 .eh_frame      0xc06163b8       0x40 network/dst.o
                                 0x58 (size before relaxing)
 .eh_frame      0xc06163f8      0x214 network/netdev.o
                                0x22c (size before relaxing)
 .eh_frame      0xc061660c       0x40 network/ip_output.o
                                 0x58 (size before relaxing)
 .eh_frame      0xc061664c      0x268 network/tcp.o
                                0x280 (size before relaxing)
 .eh_frame      0xc06168b4      0x1a0 network/sock.o
                                0x1b8 (size before relaxing)
 .eh_frame      0xc0616a54      0x3c4 network/tcp_output.o
                                0x3dc (size before relaxing)
 .eh_frame      0xc0616e18      0x1c0 network/arp.o
                                0x1d8 (size before relaxing)
 .eh_frame      0xc0616fd8      0x4c0 network/tcp_sock.o
                                0x4d8 (size before relaxing)
 .eh_frame      0xc0617498      0x250 network/ipc.o
                                0x268 (size before relaxing)
 .eh_frame      0xc06176e8       0x80 network/icmpv4.o
                                 0x98 (size before relaxing)
 .eh_frame      0xc0617768      0x180 network/inet.o
                                0x198 (size before relaxing)
 .eh_frame      0xc06178e8       0xe0 network/skbuff.o
                                 0xf8 (size before relaxing)
 .eh_frame      0xc06179c8      0x300 network/tcp_input.o
                                0x318 (size before relaxing)
 .eh_frame      0xc0617cc8       0x40 network/task_network.o
                                 0x58 (size before relaxing)
 .eh_frame      0xc0617d08      0x124 network/route.o
                                0x13c (size before relaxing)
 .eh_frame      0xc0617e2c      0x1e4 network/udp.o
                                0x1fc (size before relaxing)
 .eh_frame      0xc0618010      0x200 network/tcp_data.o
                                0x218 (size before relaxing)
 .eh_frame      0xc0618210       0xe4 network/utils.o
                                 0xfc (size before relaxing)
 .eh_frame      0xc06182f4      0x264 hd/hd.o
                                0x27c (size before relaxing)
 .eh_frame      0xc0618558      0x27c fs/fs_main.o
                                0x294 (size before relaxing)
 .eh_frame      0xc06187d4       0x80 mm/forkexit.o
                                 0x98 (size before relaxing)
 .eh_frame      0xc0618854       0x20 mm/exec.o
                                 0x38 (size before relaxing)
 .eh_frame      0xc0618874       0x3c mm/main.o
                                 0x54 (size before relaxing)
 .eh_frame      0xc06188b0      0x364 mem/mem.o
                                0x37c (size before relaxing)
 .eh_frame      0xc0618c14       0x20 lib/floor.o
                                 0x38 (size before relaxing)
 .eh_frame      0xc0618c34       0x60 lib/exec.o
                                 0x78 (size before relaxing)
 .eh_frame      0xc0618c94       0x20 lib/exit.o
                                 0x38 (size before relaxing)
 .eh_frame      0xc0618cb4       0x20 lib/unlink.o
                                 0x38 (size before relaxing)
 .eh_frame      0xc0618cd4       0x20 lib/wait.o
                                 0x38 (size before relaxing)
 .eh_frame      0xc0618cf4       0x20 lib/socket_close.o
                                 0x38 (size before relaxing)
 .eh_frame      0xc0618d14       0x20 lib/socket_read.o
                                 0x38 (size before relaxing)
 .eh_frame      0xc0618d34       0x20 lib/alloca.o
                                 0x38 (size before relaxing)
 .eh_frame      0xc0618d54       0x20 lib/calloc.o
                                 0x38 (size before relaxing)
 .eh_frame      0xc0618d74       0x20 lib/fork.o
                                 0x38 (size before relaxing)
 .eh_frame      0xc0618d94       0x20 lib/socket_write.o
                                 0x38 (size before relaxing)
 .eh_frame      0xc0618db4       0x20 lib/getpid.o
                                 0x38 (size before relaxing)
 .eh_frame      0xc0618dd4       0x20 lib/stdlib/atoi.o
                                 0x38 (size before relaxing)
 .eh_frame      0xc0618df4       0x20 lib/string/strtok.o
                                 0x38 (size before relaxing)
 .eh_frame      0xc0618e14       0x20 lib/string/strcmp.o
                                 0x38 (size before relaxing)
 .eh_frame      0xc0618e34       0x20 lib/string/strncmp.o
                                 0x38 (size before relaxing)
 .eh_frame      0xc0618e54       0x20 lib/string/strpbrk.o
                                 0x38 (size before relaxing)
 .eh_frame      0xc0618e74       0x20 lib/stdio/read.o
                                 0x38 (size before relaxing)
 .eh_frame      0xc0618e94       0x20 lib/stdio/perror.o
                                 0x38 (size before relaxing)
 .eh_frame      0xc0618eb4       0x20 lib/stdio/sscanf.o
                                 0x38 (size before relaxing)
 .eh_frame      0xc0618ed4       0x20 lib/stdio/open.o
                                 0x38 (size before relaxing)
 .eh_frame      0xc0618ef4       0x20 lib/stdio/write.o
                                 0x38 (size before relaxing)
 .eh_frame      0xc0618f14       0x20 lib/stdio/close.o
                                 0x38 (size before relaxing)
 .eh_frame      0xc0618f34       0x20 lib/sys/socket.o
                                 0x38 (size before relaxing)
 .eh_frame      0xc0618f54       0x20 lib/sys/connect.o
                                 0x38 (size before relaxing)
 .eh_frame      0xc0618f74       0x20 lib/arpa/ntohs.o
                                 0x38 (size before relaxing)
 .eh_frame      0xc0618f94       0x20 lib/arpa/htonl.o
                                 0x38 (size before relaxing)
 .eh_frame      0xc0618fb4       0x20 lib/arpa/htons.o
                                 0x38 (size before relaxing)
 .eh_frame      0xc0618fd4       0x40 lib/arpa/inet_pton.o
                                 0x58 (size before relaxing)
 .eh_frame      0xc0619014       0x20 lib/arpa/ntohl.o
                                 0x38 (size before relaxing)
 .eh_frame      0xc0619034       0x20 lib/arpa/inet_ntop.o
                                 0x38 (size before relaxing)
 *(.eh_frame.*)

.sframe
 *(.sframe)
 *(.sframe.*)

.gcc_except_table
 *(.gcc_except_table .gcc_except_table.*)

.gnu_extab
 *(.gnu_extab*)

.exception_ranges
 *(.exception_ranges*)
                0xc061a000                        . = DATA_SEGMENT_ALIGN (CONSTANT (MAXPAGESIZE), CONSTANT (COMMONPAGESIZE))

.eh_frame
 *(.eh_frame)
 *(.eh_frame.*)

.sframe
 *(.sframe)
 *(.sframe.*)

.gnu_extab
 *(.gnu_extab)

.gcc_except_table
 *(.gcc_except_table .gcc_except_table.*)

.exception_ranges
 *(.exception_ranges*)

.tdata          0xc061a000        0x0
                [!provide]                        PROVIDE (__tdata_start = .)
 *(.tdata .tdata.* .gnu.linkonce.td.*)

.tbss
 *(.tbss .tbss.* .gnu.linkonce.tb.*)
 *(.tcommon)

.preinit_array  0xc061a000        0x0
                [!provide]                        PROVIDE (__preinit_array_start = .)
 *(.preinit_array)
                [!provide]                        PROVIDE (__preinit_array_end = .)

.init_array     0xc061a000        0x0
                [!provide]                        PROVIDE (__init_array_start = .)
 *(SORT_BY_INIT_PRIORITY(.init_array.*) SORT_BY_INIT_PRIORITY(.ctors.*))
 *(.init_array EXCLUDE_FILE(*crtend?.o *crtend.o *crtbegin?.o *crtbegin.o) .ctors)
                [!provide]                        PROVIDE (__init_array_end = .)

.fini_array     0xc061a000        0x0
                [!provide]                        PROVIDE (__fini_array_start = .)
 *(SORT_BY_INIT_PRIORITY(.fini_array.*) SORT_BY_INIT_PRIORITY(.dtors.*))
 *(.fini_array EXCLUDE_FILE(*crtend?.o *crtend.o *crtbegin?.o *crtbegin.o) .dtors)
                [!provide]                        PROVIDE (__fini_array_end = .)

.ctors
 *crtbegin.o(.ctors)
 *crtbegin?.o(.ctors)
 *(EXCLUDE_FILE(*crtend?.o *crtend.o) .ctors)
 *(SORT_BY_NAME(.ctors.*))
 *(.ctors)

.dtors
 *crtbegin.o(.dtors)
 *crtbegin?.o(.dtors)
 *(EXCLUDE_FILE(*crtend?.o *crtend.o) .dtors)
 *(SORT_BY_NAME(.dtors.*))
 *(.dtors)

.jcr
 *(.jcr)

.data.rel.ro
 *(.data.rel.ro.local* .gnu.linkonce.d.rel.ro.local.*)
 *(.data.rel.ro .data.rel.ro.* .gnu.linkonce.d.rel.ro.*)

.dynamic
 *(.dynamic)

.got            0xc061a000        0x0
 *(.got)
 .got           0xc061a000        0x0 kernel/kernel_sub.o
 *(.igot)
                0xc061a000                        . = DATA_SEGMENT_RELRO_END (., (SIZEOF (.got.plt) >= 0xc)?0xc:0x0)

.got.plt        0xc061a000        0x0
 *(.got.plt)
 .got.plt       0xc061a000        0x0 kernel/kernel_sub.o
 *(.igot.plt)
 .igot.plt      0xc061a000        0x0 kernel/kernel_sub.o

.data           0xc061a000      0xb98
 *(.data .data.* .gnu.linkonce.d.*)
 .data          0xc061a000        0xf kernel/kernel_sub.o
 *fill*         0xc061a00f        0x1 
 .data          0xc061a010        0xf kernel/kernel.o
 *fill*         0xc061a01f        0x1 
 .data          0xc061a020        0x0 syscall.o
 .data          0xc061a020        0x0 double_link_list.o
 .data          0xc061a020      0x160 global.o
                0xc061a020                user_task_table
                0xc061a0a0                sys_task_table
                0xc061a164                sys_call_table
 .data          0xc061a180        0x0 kernel_main_old.o
 .data          0xc061a180        0x0 kernel_main.o
 .data          0xc061a180        0x0 protect.o
 .data          0xc061a180        0x0 console.o
 .data          0xc061a180        0x0 process.o
 .data          0xc061a180      0x600 keyboard.o
                0xc061a180                keymap
 .data          0xc061a780        0x0 thread.o
 .data          0xc061a780        0x0 my_process.o
 .data          0xc061a780      0x224 network/socket.o
 .data          0xc061a9a4        0x4 network/ip_input.o
 *fill*         0xc061a9a8       0x18 
 .data          0xc061a9c0       0x54 network/udp_sock.o
                0xc061a9e0                udp_ops
 .data          0xc061aa14        0x4 network/dst.o
 .data          0xc061aa18        0x4 network/netdev.o
 .data          0xc061aa1c        0x4 network/ip_output.o
 .data          0xc061aa20        0x8 network/tcp.o
 .data          0xc061aa28        0x4 network/sock.o
 .data          0xc061aa2c        0x4 network/tcp_output.o
 .data          0xc061aa30       0x14 network/arp.o
 *fill*         0xc061aa44       0x1c 
 .data          0xc061aa60       0x54 network/tcp_sock.o
                0xc061aa80                tcp_ops
 .data          0xc061aab4        0xc network/ipc.o
 .data          0xc061aac0        0x4 network/icmpv4.o
 *fill*         0xc061aac4       0x1c 
 .data          0xc061aae0       0x80 network/inet.o
                0xc061aae8                inet
 .data          0xc061ab60        0x4 network/skbuff.o
 .data          0xc061ab64        0x4 network/tcp_input.o
 .data          0xc061ab68        0x0 network/task_network.o
 .data          0xc061ab68        0xc network/route.o
 .data          0xc061ab74        0x8 network/udp.o
 .data          0xc061ab7c        0x4 network/tcp_data.o
 .data          0xc061ab80        0x4 network/utils.o
 .data          0xc061ab84        0x0 hd/hd.o
 .data          0xc061ab84        0x0 fs/fs_main.o
 .data          0xc061ab84        0x0 mm/forkexit.o
 .data          0xc061ab84        0x0 mm/exec.o
 .data          0xc061ab84        0x0 mm/main.o
 .data          0xc061ab84        0x0 mem/mem.o
 .data          0xc061ab84        0x0 lib/floor.o
 .data          0xc061ab84        0x0 lib/exec.o
 .data          0xc061ab84        0x0 lib/exit.o
 .data          0xc061ab84        0x0 lib/unlink.o
 .data          0xc061ab84        0x0 lib/wait.o
 .data          0xc061ab84        0x4 lib/socket_close.o
 .data          0xc061ab88        0x4 lib/socket_read.o
 .data          0xc061ab8c        0x0 lib/alloca.o
 .data          0xc061ab8c        0x0 lib/calloc.o
 .data          0xc061ab8c        0x0 lib/fork.o
 .data          0xc061ab8c        0x4 lib/socket_write.o
 .data          0xc061ab90        0x0 lib/getpid.o
 .data          0xc061ab90        0x0 lib/stdlib/atoi.o
 .data          0xc061ab90        0x0 lib/string/strtok.o
 .data          0xc061ab90        0x0 lib/string/strcmp.o
 .data          0xc061ab90        0x0 lib/string/strncmp.o
 .data          0xc061ab90        0x0 lib/string/strpbrk.o
 .data          0xc061ab90        0x0 lib/stdio/read.o
 .data          0xc061ab90        0x0 lib/stdio/perror.o
 .data          0xc061ab90        0x0 lib/stdio/sscanf.o
 .data          0xc061ab90        0x0 lib/stdio/open.o
 .data          0xc061ab90        0x0 lib/stdio/write.o
 .data          0xc061ab90        0x0 lib/stdio/close.o
 .data          0xc061ab90        0x4 lib/sys/socket.o
 .data          0xc061ab94        0x4 lib/sys/connect.o
 .data          0xc061ab98        0x0 lib/arpa/ntohs.o
 .data          0xc061ab98        0x0 lib/arpa/htonl.o
 .data          0xc061ab98        0x0 lib/arpa/htons.o
 .data          0xc061ab98        0x0 lib/arpa/inet_pton.o
 .data          0xc061ab98        0x0 lib/arpa/ntohl.o
 .data          0xc061ab98        0x0 lib/arpa/inet_ntop.o

.data1
 *(.data1)
                0xc061ab98                        _edata = .
                [!provide]                        PROVIDE (edata = .)
                0xc061ab98                        . = .
                0xc061ab98                        __bss_start = .

.bss            0xc061aba0    0x95628
 *(.dynbss)
 *(.bss .bss.* .gnu.linkonce.b.*)
 .bss           0xc061aba0      0x800 kernel/kernel_sub.o
 .bss           0xc061b3a0      0x800 kernel/kernel.o
 .bss           0xc061bba0        0x0 double_link_list.o
 .bss           0xc061bba0        0x0 global.o
 .bss           0xc061bba0        0x0 kernel_main_old.o
 .bss           0xc061bba0        0x0 kernel_main.o
 .bss           0xc061bba0        0x0 protect.o
 .bss           0xc061bba0        0x0 console.o
 .bss           0xc061bba0        0x0 process.o
 .bss           0xc061bba0        0x0 keyboard.o
 .bss           0xc061bba0        0x0 thread.o
 .bss           0xc061bba0        0x0 my_process.o
 .bss           0xc061bba0        0x4 network/socket.o
 .bss           0xc061bba4        0x0 network/ip_input.o
 .bss           0xc061bba4        0x4 network/udp_sock.o
 .bss           0xc061bba8        0x0 network/dst.o
 .bss           0xc061bba8        0x0 network/netdev.o
 .bss           0xc061bba8        0x0 network/ip_output.o
 .bss           0xc061bba8        0x0 network/tcp.o
 .bss           0xc061bba8        0x0 network/sock.o
 .bss           0xc061bba8        0x0 network/tcp_output.o
 .bss           0xc061bba8        0x0 network/arp.o
 .bss           0xc061bba8        0x0 network/tcp_sock.o
 .bss           0xc061bba8        0x4 network/ipc.o
 .bss           0xc061bbac        0x0 network/icmpv4.o
 .bss           0xc061bbac        0x0 network/inet.o
 .bss           0xc061bbac        0x0 network/skbuff.o
 .bss           0xc061bbac        0x0 network/tcp_input.o
 .bss           0xc061bbac        0x0 network/task_network.o
 .bss           0xc061bbac        0x0 network/route.o
 .bss           0xc061bbac        0x0 network/udp.o
 .bss           0xc061bbac        0x0 network/tcp_data.o
 .bss           0xc061bbac        0x0 network/utils.o
 .bss           0xc061bbac        0x0 hd/hd.o
 .bss           0xc061bbac        0x4 fs/fs_main.o
                0xc061bbac                c
 .bss           0xc061bbb0        0x0 mm/forkexit.o
 .bss           0xc061bbb0        0x0 mm/exec.o
 .bss           0xc061bbb0        0x0 mm/main.o
 .bss           0xc061bbb0        0x0 mem/mem.o
 .bss           0xc061bbb0        0x0 lib/floor.o
 .bss           0xc061bbb0        0x0 lib/exec.o
 .bss           0xc061bbb0        0x0 lib/exit.o
 .bss           0xc061bbb0        0x0 lib/unlink.o
 .bss           0xc061bbb0        0x0 lib/wait.o
 .bss           0xc061bbb0        0x0 lib/socket_close.o
 .bss           0xc061bbb0        0x0 lib/socket_read.o
 .bss           0xc061bbb0        0x0 lib/alloca.o
 .bss           0xc061bbb0        0x0 lib/calloc.o
 .bss           0xc061bbb0        0x0 lib/fork.o
 .bss           0xc061bbb0        0x0 lib/socket_write.o
 .bss           0xc061bbb0        0x0 lib/getpid.o
 .bss           0xc061bbb0        0x0 lib/stdlib/atoi.o
 .bss           0xc061bbb0        0x4 lib/string/strtok.o
 .bss           0xc061bbb4        0x0 lib/string/strcmp.o
 .bss           0xc061bbb4        0x0 lib/string/strncmp.o
 .bss           0xc061bbb4        0x0 lib/string/strpbrk.o
 .bss           0xc061bbb4        0x0 lib/stdio/read.o
 .bss           0xc061bbb4        0x0 lib/stdio/perror.o
 .bss           0xc061bbb4        0x0 lib/stdio/sscanf.o
 .bss           0xc061bbb4        0x0 lib/stdio/open.o
 .bss           0xc061bbb4        0x0 lib/stdio/write.o
 .bss           0xc061bbb4        0x0 lib/stdio/close.o
 .bss           0xc061bbb4        0x0 lib/sys/socket.o
 .bss           0xc061bbb4        0x0 lib/sys/connect.o
 .bss           0xc061bbb4        0x0 lib/arpa/ntohs.o
 .bss           0xc061bbb4        0x0 lib/arpa/htonl.o
 .bss           0xc061bbb4        0x0 lib/arpa/htons.o
 .bss           0xc061bbb4        0x0 lib/arpa/inet_pton.o
 .bss           0xc061bbb4        0x0 lib/arpa/ntohl.o
 .bss           0xc061bbb4        0x0 lib/arpa/inet_ntop.o
 *(COMMON)
 *fill*         0xc061bbb4        0xc 
 COMMON         0xc061bbc0     0x17b8 double_link_list.o
                0xc061bbc0                current_tty
                0xc061bbc4                is_e0
                0xc061bbc8                idt_ptr
                0xc061bbd0                pid
                0xc061bbd4                KernelVirtualMemory
                0xc061bbe0                current_dis_pos
                0xc061bbe4                dis_pos
                0xc061bbe8                k_reenter
                0xc061bc00                gdt
                0xc061c000                proc_ready_table
                0xc061c004                test_ticks
                0xc061c008                pcaller
                0xc061c020                keyboard_buffer
                0xc061c22c                pcb_list
                0xc061c23c                gdt_index
                0xc061c240                tty_table
                0xc061ca80                tss
                0xc061caec                KernelPool
                0xc061cafc                net_buf
                0xc061cb00                nic_current_page
                0xc061cb04                counter
                0xc061cb08                key_pressed
                0xc061cb0c                fork_pid
                0xc061cb10                is_shift
                0xc061cb11                net_data
                0xc061cb14                gdt_ptr
                0xc061cb20                idt
                0xc061d320                main_thread
                0xc061d328                ticks
                0xc061d330                is_init
                0xc061d334                UserPool
                0xc061d344                all_pcb_list
                0xc061d354                console_table
                0xc061d364                is_disp
                0xc061d368                MAIN_THREAD_PAGE_DIRECTORY
                0xc061d36c                helloStr
 *fill*         0xc061d378        0x8 
 COMMON         0xc061d380    0x91ad0 global.o
                0xc061d380                proc_stack
                0xc06ad380                proc_table
 COMMON         0xc06aee50        0x8 network/netdev.o
                0xc06aee50                loop
                0xc06aee54                netdev
 *fill*         0xc06aee58        0x8 
 COMMON         0xc06aee60      0x440 hd/hd.o
                0xc06aee60                hd_info
                0xc06af0a0                hd_cache
 COMMON         0xc06af2a0      0xe68 fs/fs_main.o
                0xc06af2a0                file_desc_table
                0xc06af6a0                phy_super_block_buf
                0xc06af6a4                phy_fsbuf
                0xc06af6c0                inode_table
                0xc06b00c0                super_block_buf
                0xc06b00c4                fsbuf
                0xc06b00e0                root
 *fill*         0xc06b0108       0x18 
 COMMON         0xc06b0120       0xa8 mem/mem.o
                0xc06b0120                kernel_mem_block_decs_array
                0xc06b01c8                        . = ALIGN ((. != 0x0)?0x4:0x1)
                0xc06b01c8                        . = ALIGN (0x4)
                0xc06b01c8                        . = SEGMENT_START ("ldata-segment", .)
                0xc06b01c8                        . = ALIGN (0x4)
                0xc06b01c8                        _end = .
                [!provide]                        PROVIDE (end = .)
                0xc06b01c8                        . = DATA_SEGMENT_END (.)

.stab
 *(.stab)

.stabstr
 *(.stabstr)

.stab.excl
 *(.stab.excl)

.stab.exclstr
 *(.stab.exclstr)

.stab.index
 *(.stab.index)

.stab.indexstr
 *(.stab.indexstr)

.comment        0x00000000       0x2c
 *(.comment)
 .comment       0x00000000       0x2c double_link_list.o
                                 0x2d (size before relaxing)
 .comment       0x0000002c       0x2d global.o
 .comment       0x0000002c       0x2d kernel_main_old.o
 .comment       0x0000002c       0x2d kernel_main.o
 .comment       0x0000002c       0x2d protect.o
 .comment       0x0000002c       0x2d console.o
 .comment       0x0000002c       0x2d process.o
 .comment       0x0000002c       0x2d keyboard.o
 .comment       0x0000002c       0x2d thread.o
 .comment       0x0000002c       0x2d my_process.o
 .comment       0x0000002c       0x2d network/socket.o
 .comment       0x0000002c       0x2d network/ip_input.o
 .comment       0x0000002c       0x2d network/udp_sock.o
 .comment       0x0000002c       0x2d network/dst.o
 .comment       0x0000002c       0x2d network/netdev.o
 .comment       0x0000002c       0x2d network/ip_output.o
 .comment       0x0000002c       0x2d network/tcp.o
 .comment       0x0000002c       0x2d network/sock.o
 .comment       0x0000002c       0x2d network/tcp_output.o
 .comment       0x0000002c       0x2d network/arp.o
 .comment       0x0000002c       0x2d network/tcp_sock.o
 .comment       0x0000002c       0x2d network/ipc.o
 .comment       0x0000002c       0x2d network/icmpv4.o
 .comment       0x0000002c       0x2d network/inet.o
 .comment       0x0000002c       0x2d network/skbuff.o
 .comment       0x0000002c       0x2d network/tcp_input.o
 .comment       0x0000002c       0x2d network/task_network.o
 .comment       0x0000002c       0x2d network/route.o
 .comment       0x0000002c       0x2d network/udp.o
 .comment       0x0000002c       0x2d network/tcp_data.o
 .comment       0x0000002c       0x2d network/utils.o
 .comment       0x0000002c       0x2d hd/hd.o
 .comment       0x0000002c       0x2d fs/fs_main.o
 .comment       0x0000002c       0x2d mm/forkexit.o
 .comment       0x0000002c       0x2d mm/exec.o
 .comment       0x0000002c       0x2d mm/main.o
 .comment       0x0000002c       0x2d mem/mem.o
 .comment       0x0000002c       0x2d lib/floor.o
 .comment       0x0000002c       0x2d lib/exec.o
 .comment       0x0000002c       0x2d lib/exit.o
 .comment       0x0000002c       0x2d lib/unlink.o
 .comment       0x0000002c       0x2d lib/wait.o
 .comment       0x0000002c       0x2d lib/socket_close.o
 .comment       0x0000002c       0x2d lib/socket_read.o
 .comment       0x0000002c       0x2d lib/alloca.o
 .comment       0x0000002c       0x2d lib/calloc.o
 .comment       0x0000002c       0x2d lib/fork.o
 .comment       0x0000002c       0x2d lib/socket_write.o
 .comment       0x0000002c       0x2d lib/getpid.o
 .comment       0x0000002c       0x2d lib/stdlib/atoi.o
 .comment       0x0000002c       0x2d lib/string/strtok.o
 .comment       0x0000002c       0x2d lib/string/strcmp.o
 .comment       0x0000002c       0x2d lib/string/strncmp.o
 .comment       0x0000002c       0x2d lib/string/strpbrk.o
 .comment       0x0000002c       0x2d lib/stdio/read.o
 .comment       0x0000002c       0x2d lib/stdio/perror.o
 .comment       0x0000002c       0x2d lib/stdio/sscanf.o
 .comment       0x0000002c       0x2d lib/stdio/open.o
 .comment       0x0000002c       0x2d lib/stdio/write.o
 .comment       0x0000002c       0x2d lib/stdio/close.o
 .comment       0x0000002c       0x2d lib/sys/socket.o
 .comment       0x0000002c       0x2d lib/sys/connect.o
 .comment       0x0000002c       0x2d lib/arpa/ntohs.o
 .comment       0x0000002c       0x2d lib/arpa/htonl.o
 .comment       0x0000002c       0x2d lib/arpa/htons.o
 .comment       0x0000002c       0x2d lib/arpa/inet_pton.o
 .comment       0x0000002c       0x2d lib/arpa/ntohl.o
 .comment       0x0000002c       0x2d lib/arpa/inet_ntop.o

.gnu.build.attributes
 *(.gnu.build.attributes .gnu.build.attributes.*)

.debug
 *(.debug)

.line
 *(.line)

.debug_srcinfo
 *(.debug_srcinfo)

.debug_sfnames
 *(.debug_sfnames)

.debug_aranges  0x00000000      0x878
 *(.debug_aranges)
 .debug_aranges
                0x00000000       0x20 double_link_list.o
 .debug_aranges
                0x00000020       0x18 global.o
 .debug_aranges
                0x00000038       0x20 kernel_main_old.o
 .debug_aranges
                0x00000058       0x20 kernel_main.o
 .debug_aranges
                0x00000078       0x20 protect.o
 .debug_aranges
                0x00000098       0x20 console.o
 .debug_aranges
                0x000000b8       0x20 process.o
 .debug_aranges
                0x000000d8       0x20 keyboard.o
 .debug_aranges
                0x000000f8       0x20 thread.o
 .debug_aranges
                0x00000118       0x20 my_process.o
 .debug_aranges
                0x00000138       0x20 network/socket.o
 .debug_aranges
                0x00000158       0x20 network/ip_input.o
 .debug_aranges
                0x00000178       0x20 network/udp_sock.o
 .debug_aranges
                0x00000198       0x20 network/dst.o
 .debug_aranges
                0x000001b8       0x20 network/netdev.o
 .debug_aranges
                0x000001d8       0x20 network/ip_output.o
 .debug_aranges
                0x000001f8       0x20 network/tcp.o
 .debug_aranges
                0x00000218       0x20 network/sock.o
 .debug_aranges
                0x00000238       0x20 network/tcp_output.o
 .debug_aranges
                0x00000258       0x20 network/arp.o
 .debug_aranges
                0x00000278       0x20 network/tcp_sock.o
 .debug_aranges
                0x00000298       0x20 network/ipc.o
 .debug_aranges
                0x000002b8       0x20 network/icmpv4.o
 .debug_aranges
                0x000002d8       0x20 network/inet.o
 .debug_aranges
                0x000002f8       0x20 network/skbuff.o
 .debug_aranges
                0x00000318       0x20 network/tcp_input.o
 .debug_aranges
                0x00000338       0x20 network/task_network.o
 .debug_aranges
                0x00000358       0x20 network/route.o
 .debug_aranges
                0x00000378       0x20 network/udp.o
 .debug_aranges
                0x00000398       0x20 network/tcp_data.o
 .debug_aranges
                0x000003b8       0x20 network/utils.o
 .debug_aranges
                0x000003d8       0x20 hd/hd.o
 .debug_aranges
                0x000003f8       0x20 fs/fs_main.o
 .debug_aranges
                0x00000418       0x20 mm/forkexit.o
 .debug_aranges
                0x00000438       0x20 mm/exec.o
 .debug_aranges
                0x00000458       0x20 mm/main.o
 .debug_aranges
                0x00000478       0x20 mem/mem.o
 .debug_aranges
                0x00000498       0x20 lib/floor.o
 .debug_aranges
                0x000004b8       0x20 lib/exec.o
 .debug_aranges
                0x000004d8       0x20 lib/exit.o
 .debug_aranges
                0x000004f8       0x20 lib/unlink.o
 .debug_aranges
                0x00000518       0x20 lib/wait.o
 .debug_aranges
                0x00000538       0x20 lib/socket_close.o
 .debug_aranges
                0x00000558       0x20 lib/socket_read.o
 .debug_aranges
                0x00000578       0x20 lib/alloca.o
 .debug_aranges
                0x00000598       0x20 lib/calloc.o
 .debug_aranges
                0x000005b8       0x20 lib/fork.o
 .debug_aranges
                0x000005d8       0x20 lib/socket_write.o
 .debug_aranges
                0x000005f8       0x20 lib/getpid.o
 .debug_aranges
                0x00000618       0x20 lib/stdlib/atoi.o
 .debug_aranges
                0x00000638       0x20 lib/string/strtok.o
 .debug_aranges
                0x00000658       0x20 lib/string/strcmp.o
 .debug_aranges
                0x00000678       0x20 lib/string/strncmp.o
 .debug_aranges
                0x00000698       0x20 lib/string/strpbrk.o
 .debug_aranges
                0x000006b8       0x20 lib/stdio/read.o
 .debug_aranges
                0x000006d8       0x20 lib/stdio/perror.o
 .debug_aranges
                0x000006f8       0x20 lib/stdio/sscanf.o
 .debug_aranges
                0x00000718       0x20 lib/stdio/open.o
 .debug_aranges
                0x00000738       0x20 lib/stdio/write.o
 .debug_aranges
                0x00000758       0x20 lib/stdio/close.o
 .debug_aranges
                0x00000778       0x20 lib/sys/socket.o
 .debug_aranges
                0x00000798       0x20 lib/sys/connect.o
 .debug_aranges
                0x000007b8       0x20 lib/arpa/ntohs.o
 .debug_aranges
                0x000007d8       0x20 lib/arpa/htonl.o
 .debug_aranges
                0x000007f8       0x20 lib/arpa/htons.o
 .debug_aranges
                0x00000818       0x20 lib/arpa/inet_pton.o
 .debug_aranges
                0x00000838       0x20 lib/arpa/ntohl.o
 .debug_aranges
                0x00000858       0x20 lib/arpa/inet_ntop.o

.debug_pubnames
 *(.debug_pubnames)

.debug_info     0x00000000    0x41ee1
 *(.debug_info .gnu.linkonce.wi.*)
 .debug_info    0x00000000     0x1042 double_link_list.o
 .debug_info    0x00001042      0xe8a global.o
 .debug_info    0x00001ecc     0x2861 kernel_main_old.o
 .debug_info    0x0000472d     0x117b kernel_main.o
 .debug_info    0x000058a8     0x11b5 protect.o
 .debug_info    0x00006a5d     0x128a console.o
 .debug_info    0x00007ce7      0xf62 process.o
 .debug_info    0x00008c49      0xfde keyboard.o
 .debug_info    0x00009c27     0x1069 thread.o
 .debug_info    0x0000ac90     0x149d my_process.o
 .debug_info    0x0000c12d     0x1ba7 network/socket.o
 .debug_info    0x0000dcd4     0x1aab network/ip_input.o
 .debug_info    0x0000f77f     0x1edd network/udp_sock.o
 .debug_info    0x0001165c     0x11ea network/dst.o
 .debug_info    0x00012846     0x1776 network/netdev.o
 .debug_info    0x00013fbc     0x1745 network/ip_output.o
 .debug_info    0x00015701     0x1e0e network/tcp.o
 .debug_info    0x0001750f     0x1860 network/sock.o
 .debug_info    0x00018d6f     0x2329 network/tcp_output.o
 .debug_info    0x0001b098      0x76e network/arp.o
 .debug_info    0x0001b806     0x21ff network/tcp_sock.o
 .debug_info    0x0001da05     0x1c53 network/ipc.o
 .debug_info    0x0001f658     0x1909 network/icmpv4.o
 .debug_info    0x00020f61     0x1a0c network/inet.o
 .debug_info    0x0002296d      0x3a7 network/skbuff.o
 .debug_info    0x00022d14     0x2111 network/tcp_input.o
 .debug_info    0x00024e25      0x689 network/task_network.o
 .debug_info    0x000254ae     0x1282 network/route.o
 .debug_info    0x00026730     0x1b0e network/udp.o
 .debug_info    0x0002823e     0x1d77 network/tcp_data.o
 .debug_info    0x00029fb5      0x367 network/utils.o
 .debug_info    0x0002a31c     0x17f9 hd/hd.o
 .debug_info    0x0002bb15     0x1f3b fs/fs_main.o
 .debug_info    0x0002da50      0xf9e mm/forkexit.o
 .debug_info    0x0002e9ee     0x11da mm/exec.o
 .debug_info    0x0002fbc8      0xdcc mm/main.o
 .debug_info    0x00030994     0x1d5e mem/mem.o
 .debug_info    0x000326f2       0x6b lib/floor.o
 .debug_info    0x0003275d      0xf40 lib/exec.o
 .debug_info    0x0003369d      0xdb3 lib/exit.o
 .debug_info    0x00034450      0xe91 lib/unlink.o
 .debug_info    0x000352e1      0xdc1 lib/wait.o
 .debug_info    0x000360a2      0xebf lib/socket_close.o
 .debug_info    0x00036f61      0xfc7 lib/socket_read.o
 .debug_info    0x00037f28       0xb6 lib/alloca.o
 .debug_info    0x00037fde      0xeb9 lib/calloc.o
 .debug_info    0x00038e97      0xda8 lib/fork.o
 .debug_info    0x00039c3f      0xfcc lib/socket_write.o
 .debug_info    0x0003ac0b      0xda8 lib/getpid.o
 .debug_info    0x0003b9b3       0xc9 lib/stdlib/atoi.o
 .debug_info    0x0003ba7c       0xae lib/string/strtok.o
 .debug_info    0x0003bb2a       0xc1 lib/string/strcmp.o
 .debug_info    0x0003bbeb      0x110 lib/string/strncmp.o
 .debug_info    0x0003bcfb       0xcf lib/string/strpbrk.o
 .debug_info    0x0003bdca      0xea1 lib/stdio/read.o
 .debug_info    0x0003cc6b       0x5c lib/stdio/perror.o
 .debug_info    0x0003ccc7      0x20e lib/stdio/sscanf.o
 .debug_info    0x0003ced5      0xe02 lib/stdio/open.o
 .debug_info    0x0003dcd7      0xe2f lib/stdio/write.o
 .debug_info    0x0003eb06      0xdb6 lib/stdio/close.o
 .debug_info    0x0003f8bc      0xfaf lib/sys/socket.o
 .debug_info    0x0004086b      0xfa6 lib/sys/connect.o
 .debug_info    0x00041811       0xa8 lib/arpa/ntohs.o
 .debug_info    0x000418b9       0xcb lib/arpa/htonl.o
 .debug_info    0x00041984       0xa8 lib/arpa/htons.o
 .debug_info    0x00041a2c      0x260 lib/arpa/inet_pton.o
 .debug_info    0x00041c8c       0xcb lib/arpa/ntohl.o
 .debug_info    0x00041d57      0x18a lib/arpa/inet_ntop.o

.debug_abbrev   0x00000000     0x8235
 *(.debug_abbrev)
 .debug_abbrev  0x00000000      0x216 double_link_list.o
 .debug_abbrev  0x00000216      0x157 global.o
 .debug_abbrev  0x0000036d      0x43a kernel_main_old.o
 .debug_abbrev  0x000007a7      0x25e kernel_main.o
 .debug_abbrev  0x00000a05      0x227 protect.o
 .debug_abbrev  0x00000c2c      0x2ac console.o
 .debug_abbrev  0x00000ed8      0x1e0 process.o
 .debug_abbrev  0x000010b8      0x1fb keyboard.o
 .debug_abbrev  0x000012b3      0x222 thread.o
 .debug_abbrev  0x000014d5      0x260 my_process.o
 .debug_abbrev  0x00001735      0x327 network/socket.o
 .debug_abbrev  0x00001a5c      0x2d1 network/ip_input.o
 .debug_abbrev  0x00001d2d      0x3b1 network/udp_sock.o
 .debug_abbrev  0x000020de      0x204 network/dst.o
 .debug_abbrev  0x000022e2      0x2f4 network/netdev.o
 .debug_abbrev  0x000025d6      0x213 network/ip_output.o
 .debug_abbrev  0x000027e9      0x332 network/tcp.o
 .debug_abbrev  0x00002b1b      0x273 network/sock.o
 .debug_abbrev  0x00002d8e      0x39b network/tcp_output.o
 .debug_abbrev  0x00003129      0x210 network/arp.o
 .debug_abbrev  0x00003339      0x3e6 network/tcp_sock.o
 .debug_abbrev  0x0000371f      0x2ee network/ipc.o
 .debug_abbrev  0x00003a0d      0x236 network/icmpv4.o
 .debug_abbrev  0x00003c43      0x24b network/inet.o
 .debug_abbrev  0x00003e8e      0x17f network/skbuff.o
 .debug_abbrev  0x0000400d      0x355 network/tcp_input.o
 .debug_abbrev  0x00004362      0x16b network/task_network.o
 .debug_abbrev  0x000044cd      0x24e network/route.o
 .debug_abbrev  0x0000471b      0x2d3 network/udp.o
 .debug_abbrev  0x000049ee      0x2a6 network/tcp_data.o
 .debug_abbrev  0x00004c94      0x17a network/utils.o
 .debug_abbrev  0x00004e0e      0x2e3 hd/hd.o
 .debug_abbrev  0x000050f1      0x2ef fs/fs_main.o
 .debug_abbrev  0x000053e0      0x204 mm/forkexit.o
 .debug_abbrev  0x000055e4      0x1c4 mm/exec.o
 .debug_abbrev  0x000057a8      0x208 mm/main.o
 .debug_abbrev  0x000059b0      0x330 mem/mem.o
 .debug_abbrev  0x00005ce0       0x6a lib/floor.o
 .debug_abbrev  0x00005d4a      0x1e8 lib/exec.o
 .debug_abbrev  0x00005f32      0x19b lib/exit.o
 .debug_abbrev  0x000060cd      0x193 lib/unlink.o
 .debug_abbrev  0x00006260      0x19f lib/wait.o
 .debug_abbrev  0x000063ff      0x1c5 lib/socket_close.o
 .debug_abbrev  0x000065c4      0x1dd lib/socket_read.o
 .debug_abbrev  0x000067a1       0xcd lib/alloca.o
 .debug_abbrev  0x0000686e      0x191 lib/calloc.o
 .debug_abbrev  0x000069ff      0x18a lib/fork.o
 .debug_abbrev  0x00006b89      0x1db lib/socket_write.o
 .debug_abbrev  0x00006d64      0x18a lib/getpid.o
 .debug_abbrev  0x00006eee       0x94 lib/stdlib/atoi.o
 .debug_abbrev  0x00006f82       0x91 lib/string/strtok.o
 .debug_abbrev  0x00007013       0x94 lib/string/strcmp.o
 .debug_abbrev  0x000070a7       0xbe lib/string/strncmp.o
 .debug_abbrev  0x00007165       0xa5 lib/string/strpbrk.o
 .debug_abbrev  0x0000720a      0x1ef lib/stdio/read.o
 .debug_abbrev  0x000073f9       0x5c lib/stdio/perror.o
 .debug_abbrev  0x00007455       0xdd lib/stdio/sscanf.o
 .debug_abbrev  0x00007532      0x1c5 lib/stdio/open.o
 .debug_abbrev  0x000076f7      0x1db lib/stdio/write.o
 .debug_abbrev  0x000078d2      0x19d lib/stdio/close.o
 .debug_abbrev  0x00007a6f      0x1cc lib/sys/socket.o
 .debug_abbrev  0x00007c3b      0x1cc lib/sys/connect.o
 .debug_abbrev  0x00007e07       0x6c lib/arpa/ntohs.o
 .debug_abbrev  0x00007e73       0xa5 lib/arpa/htonl.o
 .debug_abbrev  0x00007f18       0x6c lib/arpa/htons.o
 .debug_abbrev  0x00007f84      0x116 lib/arpa/inet_pton.o
 .debug_abbrev  0x0000809a       0xa5 lib/arpa/ntohl.o
 .debug_abbrev  0x0000813f       0xf6 lib/arpa/inet_ntop.o

.debug_line     0x00000000     0x9eb8
 *(.debug_line .debug_line.* .debug_line_end)
 .debug_line    0x00000000      0x217 double_link_list.o
 .debug_line    0x00000217       0x95 global.o
 .debug_line    0x000002ac      0xe2f kernel_main_old.o
 .debug_line    0x000010db      0x22a kernel_main.o
 .debug_line    0x00001305      0x1ff protect.o
 .debug_line    0x00001504      0x54e console.o
 .debug_line    0x00001a52      0x1ba process.o
 .debug_line    0x00001c0c      0x296 keyboard.o
 .debug_line    0x00001ea2      0x145 thread.o
 .debug_line    0x00001fe7      0x33b my_process.o
 .debug_line    0x00002322      0x3a6 network/socket.o
 .debug_line    0x000026c8      0x276 network/ip_input.o
 .debug_line    0x0000293e      0x4b2 network/udp_sock.o
 .debug_line    0x00002df0      0x15f network/dst.o
 .debug_line    0x00002f4f      0x3fe network/netdev.o
 .debug_line    0x0000334d      0x1ff network/ip_output.o
 .debug_line    0x0000354c      0x2f5 network/tcp.o
 .debug_line    0x00003841      0x222 network/sock.o
 .debug_line    0x00003a63      0x58b network/tcp_output.o
 .debug_line    0x00003fee      0x354 network/arp.o
 .debug_line    0x00004342      0x57d network/tcp_sock.o
 .debug_line    0x000048bf      0x5bb network/ipc.o
 .debug_line    0x00004e7a      0x226 network/icmpv4.o
 .debug_line    0x000050a0      0x30e network/inet.o
 .debug_line    0x000053ae      0x129 network/skbuff.o
 .debug_line    0x000054d7      0x65a network/tcp_input.o
 .debug_line    0x00005b31       0xe6 network/task_network.o
 .debug_line    0x00005c17      0x209 network/route.o
 .debug_line    0x00005e20      0x2ec network/udp.o
 .debug_line    0x0000610c      0x3e9 network/tcp_data.o
 .debug_line    0x000064f5      0x13c network/utils.o
 .debug_line    0x00006631      0x62f hd/hd.o
 .debug_line    0x00006c60      0xc25 fs/fs_main.o
 .debug_line    0x00007885      0x174 mm/forkexit.o
 .debug_line    0x000079f9      0x20c mm/exec.o
 .debug_line    0x00007c05       0xec mm/main.o
 .debug_line    0x00007cf1      0x778 mem/mem.o
 .debug_line    0x00008469       0x5a lib/floor.o
 .debug_line    0x000084c3      0x18b lib/exec.o
 .debug_line    0x0000864e       0xa0 lib/exit.o
 .debug_line    0x000086ee       0xc0 lib/unlink.o
 .debug_line    0x000087ae       0xb7 lib/wait.o
 .debug_line    0x00008865      0x11c lib/socket_close.o
 .debug_line    0x00008981      0x151 lib/socket_read.o
 .debug_line    0x00008ad2       0x5f lib/alloca.o
 .debug_line    0x00008b31       0xe3 lib/calloc.o
 .debug_line    0x00008c14       0xa5 lib/fork.o
 .debug_line    0x00008cb9      0x154 lib/socket_write.o
 .debug_line    0x00008e0d       0xa0 lib/getpid.o
 .debug_line    0x00008ead       0xad lib/stdlib/atoi.o
 .debug_line    0x00008f5a       0x6e lib/string/strtok.o
 .debug_line    0x00008fc8       0x9c lib/string/strcmp.o
 .debug_line    0x00009064       0xcc lib/string/strncmp.o
 .debug_line    0x00009130       0xb0 lib/string/strpbrk.o
 .debug_line    0x000091e0      0x15b lib/stdio/read.o
 .debug_line    0x0000933b       0x48 lib/stdio/perror.o
 .debug_line    0x00009383      0x1d2 lib/stdio/sscanf.o
 .debug_line    0x00009555       0xc3 lib/stdio/open.o
 .debug_line    0x00009618       0xc2 lib/stdio/write.o
 .debug_line    0x000096da       0xb3 lib/stdio/close.o
 .debug_line    0x0000978d      0x155 lib/sys/socket.o
 .debug_line    0x000098e2      0x13e lib/sys/connect.o
 .debug_line    0x00009a20       0x6c lib/arpa/ntohs.o
 .debug_line    0x00009a8c       0xc1 lib/arpa/htonl.o
 .debug_line    0x00009b4d       0x6c lib/arpa/htons.o
 .debug_line    0x00009bb9      0x167 lib/arpa/inet_pton.o
 .debug_line    0x00009d20       0xc1 lib/arpa/ntohl.o
 .debug_line    0x00009de1       0xd7 lib/arpa/inet_ntop.o

.debug_frame
 *(.debug_frame)

.debug_str      0x00000000     0x376c
 *(.debug_str)
 .debug_str     0x00000000     0x376c double_link_list.o
                                0x6dd (size before relaxing)
 .debug_str     0x0000376c      0x60b global.o
 .debug_str     0x0000376c      0xb86 kernel_main_old.o
 .debug_str     0x0000376c      0x757 kernel_main.o
 .debug_str     0x0000376c      0x766 protect.o
 .debug_str     0x0000376c      0x75a console.o
 .debug_str     0x0000376c      0x645 process.o
 .debug_str     0x0000376c      0x697 keyboard.o
 .debug_str     0x0000376c      0x712 thread.o
 .debug_str     0x0000376c      0x8f9 my_process.o
 .debug_str     0x0000376c      0x923 network/socket.o
 .debug_str     0x0000376c      0x996 network/ip_input.o
 .debug_str     0x0000376c      0xa6c network/udp_sock.o
 .debug_str     0x0000376c      0x71d network/dst.o
 .debug_str     0x0000376c      0x895 network/netdev.o
 .debug_str     0x0000376c      0x851 network/ip_output.o
 .debug_str     0x0000376c      0xb28 network/tcp.o
 .debug_str     0x0000376c      0x8b1 network/sock.o
 .debug_str     0x0000376c      0xc18 network/tcp_output.o
 .debug_str     0x0000376c      0x2f6 network/arp.o
 .debug_str     0x0000376c      0xcbb network/tcp_sock.o
 .debug_str     0x0000376c      0x8da network/ipc.o
 .debug_str     0x0000376c      0x915 network/icmpv4.o
 .debug_str     0x0000376c      0x8e2 network/inet.o
 .debug_str     0x0000376c      0x1d8 network/skbuff.o
 .debug_str     0x0000376c      0xb88 network/tcp_input.o
 .debug_str     0x0000376c      0x2a1 network/task_network.o
 .debug_str     0x0000376c      0x73e network/route.o
 .debug_str     0x0000376c      0x948 network/udp.o
 .debug_str     0x0000376c      0xa44 network/tcp_data.o
 .debug_str     0x0000376c      0x1b8 network/utils.o
 .debug_str     0x0000376c      0x914 hd/hd.o
 .debug_str     0x0000376c      0xaf5 fs/fs_main.o
 .debug_str     0x0000376c      0x612 mm/forkexit.o
 .debug_str     0x0000376c      0x868 mm/exec.o
 .debug_str     0x0000376c      0x593 mm/main.o
 .debug_str     0x0000376c      0xab9 mem/mem.o
 .debug_str     0x0000376c       0xa2 lib/floor.o
 .debug_str     0x0000376c      0x627 lib/exec.o
 .debug_str     0x0000376c      0x5a0 lib/exit.o
 .debug_str     0x0000376c      0x61f lib/unlink.o
 .debug_str     0x0000376c      0x5a0 lib/wait.o
 .debug_str     0x0000376c      0x632 lib/socket_close.o
 .debug_str     0x0000376c      0x6ae lib/socket_read.o
 .debug_str     0x0000376c       0xce lib/alloca.o
 .debug_str     0x0000376c      0x62c lib/calloc.o
 .debug_str     0x0000376c      0x599 lib/fork.o
 .debug_str     0x0000376c      0x6b1 lib/socket_write.o
 .debug_str     0x0000376c      0x59d lib/getpid.o
 .debug_str     0x0000376c       0xad lib/stdlib/atoi.o
 .debug_str     0x0000376c       0xb9 lib/string/strtok.o
 .debug_str     0x0000376c       0xb1 lib/string/strcmp.o
 .debug_str     0x0000376c       0xba lib/string/strncmp.o
 .debug_str     0x0000376c       0xc1 lib/string/strpbrk.o
 .debug_str     0x0000376c      0x617 lib/stdio/read.o
 .debug_str     0x0000376c       0x99 lib/stdio/perror.o
 .debug_str     0x0000376c      0x102 lib/stdio/sscanf.o
 .debug_str     0x0000376c      0x5de lib/stdio/open.o
 .debug_str     0x0000376c      0x5db lib/stdio/write.o
 .debug_str     0x0000376c      0x5a6 lib/stdio/close.o
 .debug_str     0x0000376c      0x689 lib/sys/socket.o
 .debug_str     0x0000376c      0x6a1 lib/sys/connect.o
 .debug_str     0x0000376c      0x101 lib/arpa/ntohs.o
 .debug_str     0x0000376c       0xf4 lib/arpa/htonl.o
 .debug_str     0x0000376c      0x102 lib/arpa/htons.o
 .debug_str     0x0000376c      0x14c lib/arpa/inet_pton.o
 .debug_str     0x0000376c       0xf3 lib/arpa/ntohl.o
 .debug_str     0x0000376c      0x10f lib/arpa/inet_ntop.o

.debug_loc
 *(.debug_loc)

.debug_macinfo
 *(.debug_macinfo)

.debug_weaknames
 *(.debug_weaknames)

.debug_funcnames
 *(.debug_funcnames)

.debug_typenames
 *(.debug_typenames)

.debug_varnames
 *(.debug_varnames)

.debug_pubtypes
 *(.debug_pubtypes)

.debug_ranges   0x00000000       0x90
 *(.debug_ranges)
 .debug_ranges  0x00000000       0x30 kernel_main_old.o
 .debug_ranges  0x00000030       0x48 hd/hd.o
 .debug_ranges  0x00000078       0x18 mm/exec.o

.debug_addr
 *(.debug_addr)

.debug_line_str
 *(.debug_line_str)

.debug_loclists
 *(.debug_loclists)

.debug_macro
 *(.debug_macro)

.debug_names
 *(.debug_names)

.debug_rnglists
 *(.debug_rnglists)

.debug_str_offsets
 *(.debug_str_offsets)

.debug_sup
 *(.debug_sup)

.gnu.attributes
 *(.gnu.attributes)

/DISCARD/
 *(.note.GNU-stack)
 *(.gnu_debuglink)
 *(.gnu.lto_*)
OUTPUT(kernel.bin elf32-i386)
