
Allocating common symbols
Common symbol       size              file

current_tty         0x4               kernel_main.o
file_desc_table     0x400             fs_main.o
is_e0               0x1               kernel_main.o
phy_super_block_buf
                    0x4               fs_main.o
phy_fsbuf           0x4               fs_main.o
idt_ptr             0x6               kernel_main.o
pid                 0x4               kernel_main.o
KernelVirtualMemory
                    0xc               kernel_main.o
inode_table         0xa00             fs_main.o
current_dis_pos     0x4               kernel_main.o
dis_pos             0x4               kernel_main.o
k_reenter           0x4               kernel_main.o
super_block_buf     0x4               fs_main.o
gdt                 0x400             kernel_main.o
proc_ready_table    0x4               kernel_main.o
test_ticks          0x4               kernel_main.o
hd_info             0x224             hd.o
proc_stack          0x70000           global.o
pcaller             0x4               kernel_main.o
keyboard_buffer     0x20c             kernel_main.o
pcb_list            0x10              kernel_main.o
gdt_index           0x4               kernel_main.o
tty_table           0x828             kernel_main.o
tss                 0x6c              kernel_main.o
KernelPool          0x10              kernel_main.o
fsbuf               0x4               fs_main.o
root                0x28              fs_main.o
kernel_mem_block_decs_array
                    0xf0              mem/mem.o
counter             0x4               kernel_main.o
key_pressed         0x4               kernel_main.o
fork_pid            0x4               kernel_main.o
is_shift            0x1               kernel_main.o
gdt_ptr             0x6               kernel_main.o
idt                 0x800             kernel_main.o
main_thread         0x4               kernel_main.o
ticks               0x8               kernel_main.o
is_init             0x1               kernel_main.o
UserPool            0x10              kernel_main.o
all_pcb_list        0x10              kernel_main.o
console_table       0x10              kernel_main.o
is_disp             0x1               kernel_main.o
MAIN_THREAD_PAGE_DIRECTORY
                    0x4               kernel_main.o
proc_table          0x15e0            global.o
hd_cache            0x200             hd.o

Discarded input sections

 .note.GNU-stack
                0x0000000000000000        0x0 kernel_main.o
 .note.GNU-stack
                0x0000000000000000        0x0 hd.o
 .note.GNU-stack
                0x0000000000000000        0x0 fs_main.o
 .note.GNU-stack
                0x0000000000000000        0x0 global.o
 .note.GNU-stack
                0x0000000000000000        0x0 process.o
 .note.GNU-stack
                0x0000000000000000        0x0 protect.o
 .note.GNU-stack
                0x0000000000000000        0x0 console.o
 .note.GNU-stack
                0x0000000000000000        0x0 keyboard.o
 .note.GNU-stack
                0x0000000000000000        0x0 open.o
 .note.GNU-stack
                0x0000000000000000        0x0 read.o
 .note.GNU-stack
                0x0000000000000000        0x0 write.o
 .note.GNU-stack
                0x0000000000000000        0x0 close.o
 .note.GNU-stack
                0x0000000000000000        0x0 wait.o
 .note.GNU-stack
                0x0000000000000000        0x0 exit.o
 .note.GNU-stack
                0x0000000000000000        0x0 fork.o
 .note.GNU-stack
                0x0000000000000000        0x0 getpid.o
 .note.GNU-stack
                0x0000000000000000        0x0 exec.o
 .note.GNU-stack
                0x0000000000000000        0x0 mm/main.o
 .note.GNU-stack
                0x0000000000000000        0x0 mm/exec.o
 .note.GNU-stack
                0x0000000000000000        0x0 mm/forkexit.o
 .note.GNU-stack
                0x0000000000000000        0x0 mem/mem.o
 .note.GNU-stack
                0x0000000000000000        0x0 kernel_main_old.o
 .note.GNU-stack
                0x0000000000000000        0x0 my_process.o
 .note.GNU-stack
                0x0000000000000000        0x0 double_link_list.o
 .note.GNU-stack
                0x0000000000000000        0x0 thread.o

Memory Configuration

Name             Origin             Length             Attributes
*default*        0x0000000000000000 0xffffffffffffffff

Linker script and memory map

Address of section .text set to 0xc0100000
LOAD kernel_sub.o
LOAD kernel.o
LOAD string.o
LOAD kernel_main.o
LOAD hd.o
LOAD syscall.o
LOAD fs_main.o
LOAD global.o
LOAD hd_rdwt.o
LOAD process.o
LOAD protect.o
LOAD console.o
LOAD keyboard.o
LOAD open.o
LOAD read.o
LOAD write.o
LOAD close.o
LOAD wait.o
LOAD exit.o
LOAD fork.o
LOAD getpid.o
LOAD exec.o
LOAD mm/main.o
LOAD mm/exec.o
LOAD mm/forkexit.o
LOAD mem/mem.o
LOAD kernel_main_old.o
LOAD my_process.o
LOAD switch_to.o
LOAD double_link_list.o
LOAD thread.o
                [!provide]                        PROVIDE (__executable_start = SEGMENT_START ("text-segment", 0x8048000))
                0x0000000008048094                . = (SEGMENT_START ("text-segment", 0x8048000) + SIZEOF_HEADERS)

.interp
 *(.interp)

.note.gnu.build-id
 *(.note.gnu.build-id)

.hash
 *(.hash)

.gnu.hash
 *(.gnu.hash)

.dynsym
 *(.dynsym)

.dynstr
 *(.dynstr)

.gnu.version
 *(.gnu.version)

.gnu.version_d
 *(.gnu.version_d)

.gnu.version_r
 *(.gnu.version_r)

.rel.dyn        0x0000000008048094        0x0
 *(.rel.init)
 *(.rel.text .rel.text.* .rel.gnu.linkonce.t.*)
 .rel.text      0x0000000008048094        0x0 kernel_sub.o
 *(.rel.fini)
 *(.rel.rodata .rel.rodata.* .rel.gnu.linkonce.r.*)
 *(.rel.data.rel.ro .rel.data.rel.ro.* .rel.gnu.linkonce.d.rel.ro.*)
 *(.rel.data .rel.data.* .rel.gnu.linkonce.d.*)
 *(.rel.tdata .rel.tdata.* .rel.gnu.linkonce.td.*)
 *(.rel.tbss .rel.tbss.* .rel.gnu.linkonce.tb.*)
 *(.rel.ctors)
 *(.rel.dtors)
 *(.rel.got)
 .rel.got       0x0000000008048094        0x0 kernel_sub.o
 *(.rel.bss .rel.bss.* .rel.gnu.linkonce.b.*)
 *(.rel.ifunc)

.rel.plt        0x0000000008048094        0x0
 *(.rel.plt)
                [!provide]                        PROVIDE (__rel_iplt_start = .)
 *(.rel.iplt)
 .rel.iplt      0x0000000008048094        0x0 kernel_sub.o
                [!provide]                        PROVIDE (__rel_iplt_end = .)

.init
 *(SORT_NONE(.init))

.plt            0x0000000008048098        0x0
 *(.plt)
 *(.iplt)
 .iplt          0x0000000008048098        0x0 kernel_sub.o

.plt.got
 *(.plt.got)

.plt.sec
 *(.plt.sec)

.text           0x00000000c0100000     0xa290
 *(.text.unlikely .text.*_unlikely .text.unlikely.*)
 *(.text.exit .text.exit.*)
 *(.text.startup .text.startup.*)
 *(.text.hot .text.hot.*)
 *(.text .stub .text.* .gnu.linkonce.t.*)
 .text          0x00000000c0100000       0x71 kernel_sub.o
                0x00000000c0100000                _start
 *fill*         0x00000000c0100071        0xf 
 .text          0x00000000c0100080      0x331 kernel.o
                0x00000000c0100080                InterruptTest
                0x00000000c010008c                disp_str
                0x00000000c01000c7                disp_str_colour
                0x00000000c0100103                divide_zero_fault
                0x00000000c0100109                single_step_fault
                0x00000000c010010f                non_maskable_interrupt
                0x00000000c0100115                breakpoint_trap
                0x00000000c010011b                overflow_trap
                0x00000000c0100121                bound_range_exceeded_fault
                0x00000000c0100127                invalid_opcode_fault
                0x00000000c010012d                coprocessor_not_available_fault
                0x00000000c0100133                double_fault_exception_abort
                0x00000000c0100137                coprocessor_segment_overrun
                0x00000000c010013d                invalid_task_state_segment_fault
                0x00000000c0100141                segment_not_present_fault
                0x00000000c0100145                stack_exception_fault
                0x00000000c0100149                general_protection_exception_fault
                0x00000000c0100154                page_fault
                0x00000000c0100158                coprocessor_error_fault
                0x00000000c010015e                align_check_fault
                0x00000000c0100162                simd_float_exception_fault
                0x00000000c0100171                hwint0
                0x00000000c010019f                hwint1
                0x00000000c01001e2                hwint14
                0x00000000c0100221                sys_call
                0x00000000c0100267                fork_restart
                0x00000000c0100276                restart
                0x00000000c0100299                in_byte
                0x00000000c01002a5                out_byte
                0x00000000c01002c7                disable_int
                0x00000000c01002c9                enable_int
                0x00000000c010035f                enable_8259A_casecade_irq
                0x00000000c0100369                disable_8259A_casecade_irq
                0x00000000c0100373                enable_8259A_slave_winchester_irq
                0x00000000c010037d                disable_8259A_slave_winchester_irq
                0x00000000c0100387                update_cr3
                0x00000000c0100394                update_tss
                0x00000000c01003a3                get_running_thread_pcb
                0x00000000c01003ab                sys_call_test
 .text          0x00000000c01003b1      0x367 kernel_main.o
                0x00000000c01003b1                kernel_main
                0x00000000c0100514                init
                0x00000000c01005e2                kernel_thread_a
                0x00000000c010062f                kernel_thread_b
                0x00000000c010067c                kernel_thread_c
                0x00000000c0100692                kernel_thread_d
                0x00000000c01006a8                user_proc_a
                0x00000000c0100700                user_proc_b
 .text          0x00000000c0100718      0xe1d hd.o
                0x00000000c0100718                TaskHD
                0x00000000c010075d                init_hd
                0x00000000c0100777                hd_handle
                0x00000000c010087c                hd_cmd_out
                0x00000000c010097e                hd_identify
                0x00000000c0100a35                print_hdinfo
                0x00000000c0100bc3                print_dpt_entry
                0x00000000c0100c2f                get_partition_table
                0x00000000c0100d0e                partition
                0x00000000c0100f28                hd_open
                0x00000000c0100fcf                get_hd_ioctl
                0x00000000c0101080                wait_for
                0x00000000c01010b1                interrupt_wait
                0x00000000c0101101                hd_rdwt
                0x00000000c01013a0                hd_handler
                0x00000000c01013cc                waitfor
                0x00000000c0101410                print_hd_info
                0x00000000c01014fd                is_empty
 *fill*         0x00000000c0101535        0xb 
 .text          0x00000000c0101540       0x69 syscall.o
                0x00000000c0101540                write_debug
                0x00000000c0101550                send_msg
                0x00000000c0101566                receive_msg
                0x00000000c010157c                sys_malloc
                0x00000000c0101591                sys_free
 .text          0x00000000c01015a9     0x202f fs_main.o
                0x00000000c01015a9                task_fs
                0x00000000c01017b4                rd_wt
                0x00000000c010188d                mkfs
                0x00000000c0101e6f                init_fs
                0x00000000c0101ec3                do_open
                0x00000000c0102092                search_file
                0x00000000c01021c4                strip_path
                0x00000000c0102290                get_inode
                0x00000000c0102452                create_file
                0x00000000c010255d                alloc_imap_bit
                0x00000000c010265a                alloc_smap_bit
                0x00000000c01027fb                new_inode
                0x00000000c0102919                new_dir_entry
                0x00000000c0102b25                do_unlink
                0x00000000c0103001                do_rdwt
                0x00000000c010338c                sync_inode
                0x00000000c01034e0                put_inode
                0x00000000c010351e                do_close
                0x00000000c0103570                get_super_block
 .text          0x00000000c01035d8        0x0 global.o
 .text          0x00000000c01035d8      0x21b process.o
                0x00000000c01035d8                schedule_process
                0x00000000c01036e5                clock_handler
                0x00000000c0103756                pid2proc
                0x00000000c01037dc                proc2pid
 .text          0x00000000c01037f3      0x3a0 protect.o
                0x00000000c01037f3                InitDescriptor
                0x00000000c0103860                Seg2PhyAddr
                0x00000000c01038a1                Seg2PhyAddrLDT
                0x00000000c01038e5                VirAddr2PhyAddr
                0x00000000c01038fb                v2l
                0x00000000c010393e                init_propt
                0x00000000c0103aac                InitInterruptDesc
                0x00000000c0103b08                ReloadGDT
 .text          0x00000000c0103b93      0xaca console.o
                0x00000000c0103b93                select_console
                0x00000000c0103bcf                flush
                0x00000000c0103c08                set_cursor
                0x00000000c0103c66                set_console_start_video_addr
                0x00000000c0103cc4                put_key
                0x00000000c0103d30                scroll_up
                0x00000000c0103d72                scroll_down
                0x00000000c0103ddd                out_char
                0x00000000c0103f9a                tty_dev_read
                0x00000000c0103fc4                tty_dev_write
                0x00000000c01041f1                tty_do_read
                0x00000000c01042b9                tty_do_write
                0x00000000c010441c                init_screen
                0x00000000c01044a5                init_tty
                0x00000000c010455a                TaskTTY
 .text          0x00000000c010465d      0x40f keyboard.o
                0x00000000c010465d                keyboard_handler
                0x00000000c01046e1                read_from_keyboard_buf
                0x00000000c0104747                keyboard_read
                0x00000000c01048c6                init_keyboard_handler
                0x00000000c01048da                in_process
 .text          0x00000000c0104a6c       0x95 open.o
                0x00000000c0104a6c                open
 .text          0x00000000c0104b01      0x181 read.o
                0x00000000c0104b01                read
 .text          0x00000000c0104c82       0x85 write.o
                0x00000000c0104c82                write
 .text          0x00000000c0104d07       0x52 close.o
                0x00000000c0104d07                close
 .text          0x00000000c0104d59       0x44 wait.o
                0x00000000c0104d59                wait
 .text          0x00000000c0104d9d       0x2f exit.o
                0x00000000c0104d9d                exit
 .text          0x00000000c0104dcc       0x48 fork.o
                0x00000000c0104dcc                fork
 .text          0x00000000c0104e14       0x2b getpid.o
                0x00000000c0104e14                getpid
 .text          0x00000000c0104e3f      0x285 exec.o
                0x00000000c0104e3f                exec
                0x00000000c0104eb0                execv
                0x00000000c010509f                execl
 .text          0x00000000c01050c4      0x148 mm/main.o
                0x00000000c01050c4                TaskMM
                0x00000000c01051ed                alloc_mem
 .text          0x00000000c010520c      0x419 mm/exec.o
                0x00000000c010520c                do_exec
 .text          0x00000000c0105625      0x271 mm/forkexit.o
                0x00000000c0105625                do_fork
                0x00000000c0105693                do_exit
                0x00000000c010571d                do_wait
                0x00000000c010583c                cleanup
 .text          0x00000000c0105896     0x1275 mem/mem.o
                0x00000000c0105896                init_bitmap
                0x00000000c01058b9                test_bit_val
                0x00000000c0105922                set_bit_val
                0x00000000c010599d                set_bits
                0x00000000c01059d7                get_first_free_bit
                0x00000000c0105a1b                get_bits
                0x00000000c0105ae3                get_a_page
                0x00000000c0105b97                get_virtual_address_start_with_addr
                0x00000000c0105c31                get_virtual_address
                0x00000000c0105cc1                ptr_pde
                0x00000000c0105cd4                ptr_pte
                0x00000000c0105cfb                add_map_entry
                0x00000000c0105d8c                alloc_virtual_memory
                0x00000000c0105e5f                get_physical_address_proc
                0x00000000c0105edb                get_physical_address
                0x00000000c0105f0d                alloc_physical_memory_of_proc
                0x00000000c0105ffc                alloc_physical_memory
                0x00000000c01060c4                alloc_memory
                0x00000000c0106126                get_a_virtual_page
                0x00000000c010615e                block2arena
                0x00000000c0106174                sys_malloc2
                0x00000000c010642a                remove_map_entry
                0x00000000c010644b                free_a_page
                0x00000000c01064f2                sys_free2
                0x00000000c010667a                init_memory_block_desc
                0x00000000c010674b                init_memory2
                0x00000000c01069c2                init_memory
 .text          0x00000000c0106b0b     0x2b63 kernel_main_old.o
                0x00000000c0106b0b                stop_here
                0x00000000c0106b4f                catch_error
                0x00000000c0106b6c                intr_enable
                0x00000000c0106b95                intr_disable
                0x00000000c0106bbe                intr_set_status
                0x00000000c0106bdc                intr_get_status
                0x00000000c0106bf9                Memcpy
                0x00000000c0106c2c                untar
                0x00000000c0106f41                atoi
                0x00000000c0106fe7                disp_int
                0x00000000c0107010                do_page_fault
                0x00000000c010714d                exception_handler
                0x00000000c0107334                init_internal_interrupt
                0x00000000c01074a9                spurious_irq
                0x00000000c0107537                init_keyboard
                0x00000000c01075a4                TestTTY
                0x00000000c0107643                TestFS
                0x00000000c0107a4b                wait_exit
                0x00000000c0107b49                INIT_fork
                0x00000000c0107e41                simple_shell
                0x00000000c0107fda                test_shell
                0x00000000c0108042                test_exec
                0x00000000c0108155                INIT
                0x00000000c0108162                TestA
                0x00000000c0108197                delay
                0x00000000c01081db                TestB
                0x00000000c01081f3                TestC
                0x00000000c0108226                sys_get_ticks
                0x00000000c0108236                sys_write
                0x00000000c010828a                milli_delay
                0x00000000c01082c6                TaskSys
                0x00000000c01082cb                Printf
                0x00000000c0108329                vsprintf
                0x00000000c01084d5                printx
                0x00000000c0108518                sys_printx
                0x00000000c01085e4                spin
                0x00000000c010860a                panic
                0x00000000c0108628                assertion_failure
                0x00000000c010869a                assertion_failure2
                0x00000000c010870f                dead_lock
                0x00000000c0108719                sys_send_msg
                0x00000000c0108c38                sys_receive_msg
                0x00000000c0109298                send_rec
                0x00000000c0109393                block
                0x00000000c01093cf                unblock
                0x00000000c010941f                get_ticks_ipc
                0x00000000c0109476                itoa
                0x00000000c01094cc                i2a
                0x00000000c0109532                inform_int
                0x00000000c01095ff                strcmp
 .text          0x00000000c010966e      0x730 my_process.o
                0x00000000c010966e                create_user_process_address_space
                0x00000000c01096fe                user_process
                0x00000000c010982b                clone_pcb
                0x00000000c010999d                build_body_stack
                0x00000000c0109ad0                build_process_kernel_stack
                0x00000000c0109b93                fork_process
                0x00000000c0109c24                process_execute
 *fill*         0x00000000c0109d9e        0x2 
 .text          0x00000000c0109da0       0x15 switch_to.o
                0x00000000c0109da0                switch_to
 .text          0x00000000c0109db5      0x329 double_link_list.o
                0x00000000c0109db5                initDoubleLinkList
                0x00000000c0109de3                isListEmpty
                0x00000000c0109e04                findElementInList
                0x00000000c0109ee0                appendToDoubleLinkList
                0x00000000c0109fc7                insertToDoubleLinkList
                0x00000000c010a04a                popFromDoubleLinkList
 .text          0x00000000c010a0de      0x1b2 thread.o
                0x00000000c010a0de                kernel_thread
                0x00000000c010a0f6                thread_init
                0x00000000c010a1a3                thread_create
                0x00000000c010a1d8                thread_start
 *(.gnu.warning)

.fini
 *(SORT_NONE(.fini))
                [!provide]                        PROVIDE (__etext = .)
                [!provide]                        PROVIDE (_etext = .)
                [!provide]                        PROVIDE (etext = .)

.rodata         0x00000000c010a2a0      0xf9d
 *(.rodata .rodata.* .gnu.linkonce.r.*)
 .rodata        0x00000000c010a2a0       0xb3 kernel_main.o
 *fill*         0x00000000c010a353        0x1 
 .rodata        0x00000000c010a354      0x19c hd.o
 .rodata        0x00000000c010a4f0      0x1eb fs_main.o
                0x00000000c010a4f0                FSBUF_SIZE
 .rodata        0x00000000c010a6db       0x26 process.o
 .rodata        0x00000000c010a701       0x22 console.o
 .rodata        0x00000000c010a723       0x24 close.o
 .rodata        0x00000000c010a747       0x2d exec.o
 .rodata        0x00000000c010a774       0x11 mm/main.o
 .rodata        0x00000000c010a785       0x10 mm/exec.o
 .rodata        0x00000000c010a795       0x21 mm/forkexit.o
 .rodata        0x00000000c010a7b6       0x41 mem/mem.o
 *fill*         0x00000000c010a7f7        0x9 
 .rodata        0x00000000c010a800      0xa11 kernel_main_old.o
 .rodata        0x00000000c010b211       0x2c double_link_list.o

.txt            0x00000000c010b23d       0xaa
 .txt           0x00000000c010b23d       0x82 string.o
                0x00000000c010b23d                Memcpy2
                0x00000000c010b26b                Memset
                0x00000000c010b28a                Strcpy
                0x00000000c010b2a4                Strlen
 .txt           0x00000000c010b2bf       0x28 hd_rdwt.o
                0x00000000c010b2bf                read_port
                0x00000000c010b2d3                write_port

.rodata1
 *(.rodata1)

.eh_frame_hdr
 *(.eh_frame_hdr)
 *(.eh_frame_entry .eh_frame_entry.*)

.eh_frame       0x00000000c010b2e8     0x17b8
 *(.eh_frame)
 .eh_frame      0x00000000c010b2e8       0xfc kernel_main.o
 .eh_frame      0x00000000c010b3e4      0x244 hd.o
                                        0x25c (size before relaxing)
 .eh_frame      0x00000000c010b628      0x27c fs_main.o
                                        0x294 (size before relaxing)
 .eh_frame      0x00000000c010b8a4       0x80 process.o
                                         0x98 (size before relaxing)
 .eh_frame      0x00000000c010b924      0x100 protect.o
                                        0x118 (size before relaxing)
 .eh_frame      0x00000000c010ba24      0x1e0 console.o
                                        0x1f8 (size before relaxing)
 .eh_frame      0x00000000c010bc04       0xa0 keyboard.o
                                         0xb8 (size before relaxing)
 .eh_frame      0x00000000c010bca4       0x20 open.o
                                         0x38 (size before relaxing)
 .eh_frame      0x00000000c010bcc4       0x20 read.o
                                         0x38 (size before relaxing)
 .eh_frame      0x00000000c010bce4       0x20 write.o
                                         0x38 (size before relaxing)
 .eh_frame      0x00000000c010bd04       0x20 close.o
                                         0x38 (size before relaxing)
 .eh_frame      0x00000000c010bd24       0x20 wait.o
                                         0x38 (size before relaxing)
 .eh_frame      0x00000000c010bd44       0x20 exit.o
                                         0x38 (size before relaxing)
 .eh_frame      0x00000000c010bd64       0x20 fork.o
                                         0x38 (size before relaxing)
 .eh_frame      0x00000000c010bd84       0x20 getpid.o
                                         0x38 (size before relaxing)
 .eh_frame      0x00000000c010bda4       0x60 exec.o
                                         0x78 (size before relaxing)
 .eh_frame      0x00000000c010be04       0x3c mm/main.o
                                         0x54 (size before relaxing)
 .eh_frame      0x00000000c010be40       0x20 mm/exec.o
                                         0x38 (size before relaxing)
 .eh_frame      0x00000000c010be60       0x80 mm/forkexit.o
                                         0x98 (size before relaxing)
 .eh_frame      0x00000000c010bee0      0x364 mem/mem.o
                                        0x37c (size before relaxing)
 .eh_frame      0x00000000c010c244      0x63c kernel_main_old.o
                                        0x654 (size before relaxing)
 .eh_frame      0x00000000c010c880       0xe0 my_process.o
                                         0xf8 (size before relaxing)
 .eh_frame      0x00000000c010c960       0xc0 double_link_list.o
                                         0xd8 (size before relaxing)
 .eh_frame      0x00000000c010ca20       0x80 thread.o
                                         0x98 (size before relaxing)
 *(.eh_frame.*)

.gcc_except_table
 *(.gcc_except_table .gcc_except_table.*)

.gnu_extab
 *(.gnu_extab*)

.exception_ranges
 *(.exception_ranges .exception_ranges*)
                0x00000000c010e000                . = DATA_SEGMENT_ALIGN (CONSTANT (MAXPAGESIZE), CONSTANT (COMMONPAGESIZE))

.eh_frame
 *(.eh_frame)
 *(.eh_frame.*)

.gnu_extab
 *(.gnu_extab)

.gcc_except_table
 *(.gcc_except_table .gcc_except_table.*)

.exception_ranges
 *(.exception_ranges .exception_ranges*)

.tdata
 *(.tdata .tdata.* .gnu.linkonce.td.*)

.tbss
 *(.tbss .tbss.* .gnu.linkonce.tb.*)
 *(.tcommon)

.preinit_array  0x00000000c010e000        0x0
                [!provide]                        PROVIDE (__preinit_array_start = .)
 *(.preinit_array)
                [!provide]                        PROVIDE (__preinit_array_end = .)

.init_array     0x00000000c010e000        0x0
                [!provide]                        PROVIDE (__init_array_start = .)
 *(SORT_BY_INIT_PRIORITY(.init_array.*) SORT_BY_INIT_PRIORITY(.ctors.*))
 *(.init_array EXCLUDE_FILE(*crtend?.o *crtend.o *crtbegin?.o *crtbegin.o) .ctors)
                [!provide]                        PROVIDE (__init_array_end = .)

.fini_array     0x00000000c010e000        0x0
                [!provide]                        PROVIDE (__fini_array_start = .)
 *(SORT_BY_INIT_PRIORITY(.fini_array.*) SORT_BY_INIT_PRIORITY(.dtors.*))
 *(.fini_array EXCLUDE_FILE(*crtend?.o *crtend.o *crtbegin?.o *crtbegin.o) .dtors)
                [!provide]                        PROVIDE (__fini_array_end = .)

.ctors
 *crtbegin.o(.ctors)
 *crtbegin?.o(.ctors)
 *(EXCLUDE_FILE(*crtend?.o *crtend.o) .ctors)
 *(SORT_BY_NAME(.ctors.*))
 *(.ctors)

.dtors
 *crtbegin.o(.dtors)
 *crtbegin?.o(.dtors)
 *(EXCLUDE_FILE(*crtend?.o *crtend.o) .dtors)
 *(SORT_BY_NAME(.dtors.*))
 *(.dtors)

.jcr
 *(.jcr)

.data.rel.ro
 *(.data.rel.ro.local* .gnu.linkonce.d.rel.ro.local.*)
 *(.data.rel.ro .data.rel.ro.* .gnu.linkonce.d.rel.ro.*)

.dynamic
 *(.dynamic)

.got            0x00000000c010e000        0x0
 *(.got)
 .got           0x00000000c010e000        0x0 kernel_sub.o
 *(.igot)
                0x00000000c010e000                . = DATA_SEGMENT_RELRO_END (., (SIZEOF (.got.plt) >= 0xc)?0xc:0x0)

.got.plt        0x00000000c010e000        0x0
 *(.got.plt)
 .got.plt       0x00000000c010e000        0x0 kernel_sub.o
 *(.igot.plt)
 .igot.plt      0x00000000c010e000        0x0 kernel_sub.o

.data           0x00000000c010e000      0x760
 *(.data .data.* .gnu.linkonce.d.*)
 .data          0x00000000c010e000        0xf kernel_sub.o
 *fill*         0x00000000c010e00f        0x1 
 .data          0x00000000c010e010        0xf kernel.o
 .data          0x00000000c010e01f        0x0 kernel_main.o
 .data          0x00000000c010e01f        0x0 hd.o
 *fill*         0x00000000c010e01f        0x1 
 .data          0x00000000c010e020        0x0 syscall.o
 .data          0x00000000c010e020        0x0 fs_main.o
 .data          0x00000000c010e020      0x128 global.o
                0x00000000c010e020                user_task_table
                0x00000000c010e0a0                sys_task_table
                0x00000000c010e12c                sys_call_table
 .data          0x00000000c010e148        0x0 process.o
 .data          0x00000000c010e148        0x0 protect.o
 .data          0x00000000c010e148        0x0 console.o
 *fill*         0x00000000c010e148       0x18 
 .data          0x00000000c010e160      0x600 keyboard.o
                0x00000000c010e160                keymap
 .data          0x00000000c010e760        0x0 open.o
 .data          0x00000000c010e760        0x0 read.o
 .data          0x00000000c010e760        0x0 write.o
 .data          0x00000000c010e760        0x0 close.o
 .data          0x00000000c010e760        0x0 wait.o
 .data          0x00000000c010e760        0x0 exit.o
 .data          0x00000000c010e760        0x0 fork.o
 .data          0x00000000c010e760        0x0 getpid.o
 .data          0x00000000c010e760        0x0 exec.o
 .data          0x00000000c010e760        0x0 mm/main.o
 .data          0x00000000c010e760        0x0 mm/exec.o
 .data          0x00000000c010e760        0x0 mm/forkexit.o
 .data          0x00000000c010e760        0x0 mem/mem.o
 .data          0x00000000c010e760        0x0 kernel_main_old.o
 .data          0x00000000c010e760        0x0 my_process.o
 .data          0x00000000c010e760        0x0 double_link_list.o
 .data          0x00000000c010e760        0x0 thread.o

.data1
 *(.data1)
                0x00000000c010e760                _edata = .
                [!provide]                        PROVIDE (edata = .)
                0x00000000c010e760                . = .
                0x00000000c010e760                __bss_start = .

.bss            0x00000000c010e760    0x75170
 *(.dynbss)
 *(.bss .bss.* .gnu.linkonce.b.*)
 .bss           0x00000000c010e760      0x800 kernel_sub.o
 .bss           0x00000000c010ef60      0x800 kernel.o
 .bss           0x00000000c010f760        0x0 kernel_main.o
 .bss           0x00000000c010f760        0x0 hd.o
 .bss           0x00000000c010f760        0x4 fs_main.o
                0x00000000c010f760                c
 .bss           0x00000000c010f764        0x0 global.o
 .bss           0x00000000c010f764        0x0 process.o
 .bss           0x00000000c010f764        0x0 protect.o
 .bss           0x00000000c010f764        0x0 console.o
 .bss           0x00000000c010f764        0x0 keyboard.o
 .bss           0x00000000c010f764        0x0 open.o
 .bss           0x00000000c010f764        0x0 read.o
 .bss           0x00000000c010f764        0x0 write.o
 .bss           0x00000000c010f764        0x0 close.o
 .bss           0x00000000c010f764        0x0 wait.o
 .bss           0x00000000c010f764        0x0 exit.o
 .bss           0x00000000c010f764        0x0 fork.o
 .bss           0x00000000c010f764        0x0 getpid.o
 .bss           0x00000000c010f764        0x0 exec.o
 .bss           0x00000000c010f764        0x0 mm/main.o
 .bss           0x00000000c010f764        0x0 mm/exec.o
 .bss           0x00000000c010f764        0x0 mm/forkexit.o
 .bss           0x00000000c010f764        0x0 mem/mem.o
 .bss           0x00000000c010f764        0x0 kernel_main_old.o
 .bss           0x00000000c010f764        0x0 my_process.o
 .bss           0x00000000c010f764        0x0 double_link_list.o
 .bss           0x00000000c010f764        0x0 thread.o
 *(COMMON)
 *fill*         0x00000000c010f764       0x1c 
 COMMON         0x00000000c010f780     0x17ac kernel_main.o
                0x00000000c010f780                current_tty
                0x00000000c010f784                is_e0
                0x00000000c010f788                idt_ptr
                0x00000000c010f790                pid
                0x00000000c010f794                KernelVirtualMemory
                0x00000000c010f7a0                current_dis_pos
                0x00000000c010f7a4                dis_pos
                0x00000000c010f7a8                k_reenter
                0x00000000c010f7c0                gdt
                0x00000000c010fbc0                proc_ready_table
                0x00000000c010fbc4                test_ticks
                0x00000000c010fbc8                pcaller
                0x00000000c010fbe0                keyboard_buffer
                0x00000000c010fdec                pcb_list
                0x00000000c010fdfc                gdt_index
                0x00000000c010fe00                tty_table
                0x00000000c0110640                tss
                0x00000000c01106ac                KernelPool
                0x00000000c01106bc                counter
                0x00000000c01106c0                key_pressed
                0x00000000c01106c4                fork_pid
                0x00000000c01106c8                is_shift
                0x00000000c01106cc                gdt_ptr
                0x00000000c01106e0                idt
                0x00000000c0110ee0                main_thread
                0x00000000c0110ee8                ticks
                0x00000000c0110ef0                is_init
                0x00000000c0110ef4                UserPool
                0x00000000c0110f04                all_pcb_list
                0x00000000c0110f14                console_table
                0x00000000c0110f24                is_disp
                0x00000000c0110f28                MAIN_THREAD_PAGE_DIRECTORY
 *fill*         0x00000000c0110f2c       0x14 
 COMMON         0x00000000c0110f40      0x440 hd.o
                0x00000000c0110f40                hd_info
                0x00000000c0111180                hd_cache
 COMMON         0x00000000c0111380      0xe68 fs_main.o
                0x00000000c0111380                file_desc_table
                0x00000000c0111780                phy_super_block_buf
                0x00000000c0111784                phy_fsbuf
                0x00000000c01117a0                inode_table
                0x00000000c01121a0                super_block_buf
                0x00000000c01121a4                fsbuf
                0x00000000c01121c0                root
 *fill*         0x00000000c01121e8       0x18 
 COMMON         0x00000000c0112200    0x715e0 global.o
                0x00000000c0112200                proc_stack
                0x00000000c0182200                proc_table
 COMMON         0x00000000c01837e0       0xf0 mem/mem.o
                0x00000000c01837e0                kernel_mem_block_decs_array
                0x00000000c01838d0                . = ALIGN ((. != 0x0)?0x4:0x1)
                0x00000000c01838d0                . = ALIGN (0x4)
                0x00000000c01838d0                . = SEGMENT_START ("ldata-segment", .)
                0x00000000c01838d0                . = ALIGN (0x4)
                0x00000000c01838d0                _end = .
                [!provide]                        PROVIDE (end = .)
                0x00000000c01838d0                . = DATA_SEGMENT_END (.)

.stab
 *(.stab)

.stabstr
 *(.stabstr)

.stab.excl
 *(.stab.excl)

.stab.exclstr
 *(.stab.exclstr)

.stab.index
 *(.stab.index)

.stab.indexstr
 *(.stab.indexstr)

.comment        0x0000000000000000       0x2c
 *(.comment)
 .comment       0x0000000000000000       0x2c kernel_main.o
                                         0x2d (size before relaxing)
 .comment       0x000000000000002c       0x2d hd.o
 .comment       0x000000000000002c       0x2d fs_main.o
 .comment       0x000000000000002c       0x2d global.o
 .comment       0x000000000000002c       0x2d process.o
 .comment       0x000000000000002c       0x2d protect.o
 .comment       0x000000000000002c       0x2d console.o
 .comment       0x000000000000002c       0x2d keyboard.o
 .comment       0x000000000000002c       0x2d open.o
 .comment       0x000000000000002c       0x2d read.o
 .comment       0x000000000000002c       0x2d write.o
 .comment       0x000000000000002c       0x2d close.o
 .comment       0x000000000000002c       0x2d wait.o
 .comment       0x000000000000002c       0x2d exit.o
 .comment       0x000000000000002c       0x2d fork.o
 .comment       0x000000000000002c       0x2d getpid.o
 .comment       0x000000000000002c       0x2d exec.o
 .comment       0x000000000000002c       0x2d mm/main.o
 .comment       0x000000000000002c       0x2d mm/exec.o
 .comment       0x000000000000002c       0x2d mm/forkexit.o
 .comment       0x000000000000002c       0x2d mem/mem.o
 .comment       0x000000000000002c       0x2d kernel_main_old.o
 .comment       0x000000000000002c       0x2d my_process.o
 .comment       0x000000000000002c       0x2d double_link_list.o
 .comment       0x000000000000002c       0x2d thread.o

.gnu.build.attributes
 *(.gnu.build.attributes .gnu.build.attributes.*)

.debug
 *(.debug)

.line
 *(.line)

.debug_srcinfo
 *(.debug_srcinfo)

.debug_sfnames
 *(.debug_sfnames)

.debug_aranges  0x0000000000000000      0x318
 *(.debug_aranges)
 .debug_aranges
                0x0000000000000000       0x20 kernel_main.o
 .debug_aranges
                0x0000000000000020       0x20 hd.o
 .debug_aranges
                0x0000000000000040       0x20 fs_main.o
 .debug_aranges
                0x0000000000000060       0x18 global.o
 .debug_aranges
                0x0000000000000078       0x20 process.o
 .debug_aranges
                0x0000000000000098       0x20 protect.o
 .debug_aranges
                0x00000000000000b8       0x20 console.o
 .debug_aranges
                0x00000000000000d8       0x20 keyboard.o
 .debug_aranges
                0x00000000000000f8       0x20 open.o
 .debug_aranges
                0x0000000000000118       0x20 read.o
 .debug_aranges
                0x0000000000000138       0x20 write.o
 .debug_aranges
                0x0000000000000158       0x20 close.o
 .debug_aranges
                0x0000000000000178       0x20 wait.o
 .debug_aranges
                0x0000000000000198       0x20 exit.o
 .debug_aranges
                0x00000000000001b8       0x20 fork.o
 .debug_aranges
                0x00000000000001d8       0x20 getpid.o
 .debug_aranges
                0x00000000000001f8       0x20 exec.o
 .debug_aranges
                0x0000000000000218       0x20 mm/main.o
 .debug_aranges
                0x0000000000000238       0x20 mm/exec.o
 .debug_aranges
                0x0000000000000258       0x20 mm/forkexit.o
 .debug_aranges
                0x0000000000000278       0x20 mem/mem.o
 .debug_aranges
                0x0000000000000298       0x20 kernel_main_old.o
 .debug_aranges
                0x00000000000002b8       0x20 my_process.o
 .debug_aranges
                0x00000000000002d8       0x20 double_link_list.o
 .debug_aranges
                0x00000000000002f8       0x20 thread.o

.debug_pubnames
 *(.debug_pubnames)

.debug_info     0x0000000000000000    0x1b717
 *(.debug_info .gnu.linkonce.wi.*)
 .debug_info    0x0000000000000000      0xf61 kernel_main.o
 .debug_info    0x0000000000000f61     0x178a hd.o
 .debug_info    0x00000000000026eb     0x1edd fs_main.o
 .debug_info    0x00000000000045c8      0xe32 global.o
 .debug_info    0x00000000000053fa      0xf1b process.o
 .debug_info    0x0000000000006315     0x115d protect.o
 .debug_info    0x0000000000007472     0x1232 console.o
 .debug_info    0x00000000000086a4      0xf86 keyboard.o
 .debug_info    0x000000000000962a      0xdaa open.o
 .debug_info    0x000000000000a3d4      0xe49 read.o
 .debug_info    0x000000000000b21d      0xdd7 write.o
 .debug_info    0x000000000000bff4      0xd5e close.o
 .debug_info    0x000000000000cd52      0xd69 wait.o
 .debug_info    0x000000000000dabb      0xd5b exit.o
 .debug_info    0x000000000000e816      0xd50 fork.o
 .debug_info    0x000000000000f566      0xd50 getpid.o
 .debug_info    0x00000000000102b6      0xee8 exec.o
 .debug_info    0x000000000001119e      0xd6e mm/main.o
 .debug_info    0x0000000000011f0c     0x116c mm/exec.o
 .debug_info    0x0000000000013078      0xf64 mm/forkexit.o
 .debug_info    0x0000000000013fdc     0x1c76 mem/mem.o
 .debug_info    0x0000000000015c52     0x2683 kernel_main_old.o
 .debug_info    0x00000000000182d5     0x1445 my_process.o
 .debug_info    0x000000000001971a      0xfec double_link_list.o
 .debug_info    0x000000000001a706     0x1011 thread.o

.debug_abbrev   0x0000000000000000     0x34e5
 *(.debug_abbrev)
 .debug_abbrev  0x0000000000000000      0x208 kernel_main.o
 .debug_abbrev  0x0000000000000208      0x2e3 hd.o
 .debug_abbrev  0x00000000000004eb      0x2ef fs_main.o
 .debug_abbrev  0x00000000000007da      0x157 global.o
 .debug_abbrev  0x0000000000000931      0x1e0 process.o
 .debug_abbrev  0x0000000000000b11      0x227 protect.o
 .debug_abbrev  0x0000000000000d38      0x2ac console.o
 .debug_abbrev  0x0000000000000fe4      0x1fb keyboard.o
 .debug_abbrev  0x00000000000011df      0x1c5 open.o
 .debug_abbrev  0x00000000000013a4      0x1ef read.o
 .debug_abbrev  0x0000000000001593      0x1db write.o
 .debug_abbrev  0x000000000000176e      0x19d close.o
 .debug_abbrev  0x000000000000190b      0x19f wait.o
 .debug_abbrev  0x0000000000001aaa      0x19b exit.o
 .debug_abbrev  0x0000000000001c45      0x18a fork.o
 .debug_abbrev  0x0000000000001dcf      0x18a getpid.o
 .debug_abbrev  0x0000000000001f59      0x1e8 exec.o
 .debug_abbrev  0x0000000000002141      0x208 mm/main.o
 .debug_abbrev  0x0000000000002349      0x1c4 mm/exec.o
 .debug_abbrev  0x000000000000250d      0x204 mm/forkexit.o
 .debug_abbrev  0x0000000000002711      0x2ea mem/mem.o
 .debug_abbrev  0x00000000000029fb      0x452 kernel_main_old.o
 .debug_abbrev  0x0000000000002e4d      0x260 my_process.o
 .debug_abbrev  0x00000000000030ad      0x216 double_link_list.o
 .debug_abbrev  0x00000000000032c3      0x222 thread.o

.debug_line     0x0000000000000000     0x4882
 *(.debug_line .debug_line.* .debug_line_end)
 .debug_line    0x0000000000000000      0x1dc kernel_main.o
 .debug_line    0x00000000000001dc      0x613 hd.o
 .debug_line    0x00000000000007ef      0xc11 fs_main.o
 .debug_line    0x0000000000001400       0x95 global.o
 .debug_line    0x0000000000001495      0x180 process.o
 .debug_line    0x0000000000001615      0x1fb protect.o
 .debug_line    0x0000000000001810      0x54e console.o
 .debug_line    0x0000000000001d5e      0x296 keyboard.o
 .debug_line    0x0000000000001ff4       0xbd open.o
 .debug_line    0x00000000000020b1      0x155 read.o
 .debug_line    0x0000000000002206       0xbc write.o
 .debug_line    0x00000000000022c2       0xad close.o
 .debug_line    0x000000000000236f       0xb7 wait.o
 .debug_line    0x0000000000002426       0xa0 exit.o
 .debug_line    0x00000000000024c6       0xa5 fork.o
 .debug_line    0x000000000000256b       0xa0 getpid.o
 .debug_line    0x000000000000260b      0x18b exec.o
 .debug_line    0x0000000000002796       0xec mm/main.o
 .debug_line    0x0000000000002882      0x20c mm/exec.o
 .debug_line    0x0000000000002a8e      0x17a mm/forkexit.o
 .debug_line    0x0000000000002c08      0x7e6 mem/mem.o
 .debug_line    0x00000000000033ee      0xdc1 kernel_main_old.o
 .debug_line    0x00000000000041af      0x33b my_process.o
 .debug_line    0x00000000000044ea      0x253 double_link_list.o
 .debug_line    0x000000000000473d      0x145 thread.o

.debug_frame
 *(.debug_frame)

.debug_str      0x0000000000000000     0x1e3d
 *(.debug_str)
 .debug_str     0x0000000000000000      0x572 kernel_main.o
                                        0x661 (size before relaxing)
 .debug_str     0x0000000000000572      0x2c2 hd.o
                                        0x8e2 (size before relaxing)
 .debug_str     0x0000000000000834      0x47c fs_main.o
                                        0xacf (size before relaxing)
 .debug_str     0x0000000000000cb0        0x9 global.o
                                        0x5e5 (size before relaxing)
 .debug_str     0x0000000000000cb9       0x39 process.o
                                        0x61f (size before relaxing)
 .debug_str     0x0000000000000cf2      0x134 protect.o
                                        0x740 (size before relaxing)
 .debug_str     0x0000000000000e26      0x13e console.o
                                        0x734 (size before relaxing)
 .debug_str     0x0000000000000f64       0x84 keyboard.o
                                        0x671 (size before relaxing)
 .debug_str     0x0000000000000fe8       0x29 open.o
                                        0x5ad (size before relaxing)
 .debug_str     0x0000000000001011       0x51 read.o
                                        0x5e6 (size before relaxing)
 .debug_str     0x0000000000001062        0xc write.o
                                        0x5aa (size before relaxing)
 .debug_str     0x000000000000106e        0xc close.o
                                        0x575 (size before relaxing)
 .debug_str     0x000000000000107a        0xb wait.o
                                        0x57a (size before relaxing)
 .debug_str     0x0000000000001085        0xb exit.o
                                        0x57a (size before relaxing)
 .debug_str     0x0000000000001090        0xb fork.o
                                        0x573 (size before relaxing)
 .debug_str     0x000000000000109b       0x14 getpid.o
                                        0x577 (size before relaxing)
 .debug_str     0x00000000000010af       0x4e exec.o
                                        0x601 (size before relaxing)
 .debug_str     0x00000000000010fd       0x32 mm/main.o
                                        0x56d (size before relaxing)
 .debug_str     0x000000000000112f      0x29b mm/exec.o
                                        0x842 (size before relaxing)
 .debug_str     0x00000000000013ca       0x80 mm/forkexit.o
                                        0x5ec (size before relaxing)
 .debug_str     0x000000000000144a      0x316 mem/mem.o
                                        0xa6d (size before relaxing)
 .debug_str     0x0000000000001760      0x3f2 kernel_main_old.o
                                        0xb06 (size before relaxing)
 .debug_str     0x0000000000001b52      0x200 my_process.o
                                        0x8d3 (size before relaxing)
 .debug_str     0x0000000000001d52       0x8f double_link_list.o
                                        0x6a6 (size before relaxing)
 .debug_str     0x0000000000001de1       0x5c thread.o
                                        0x6ec (size before relaxing)

.debug_loc
 *(.debug_loc)

.debug_macinfo
 *(.debug_macinfo)

.debug_weaknames
 *(.debug_weaknames)

.debug_funcnames
 *(.debug_funcnames)

.debug_typenames
 *(.debug_typenames)

.debug_varnames
 *(.debug_varnames)

.debug_pubtypes
 *(.debug_pubtypes)

.debug_ranges   0x0000000000000000       0x90
 *(.debug_ranges)
 .debug_ranges  0x0000000000000000       0x48 hd.o
 .debug_ranges  0x0000000000000048       0x18 mm/exec.o
 .debug_ranges  0x0000000000000060       0x30 kernel_main_old.o

.debug_macro
 *(.debug_macro)

.debug_addr
 *(.debug_addr)

.gnu.attributes
 *(.gnu.attributes)

/DISCARD/
 *(.note.GNU-stack)
 *(.gnu_debuglink)
 *(.gnu.lto_*)
 *(.gnu_object_only)
OUTPUT(kernel.bin elf32-i386)
