
Merging program properties

Removed property 0xc0010001 to merge double_link_list.o (0x1) and kernel/kernel_sub.o (not found)
Removed property 0xc0010002 to merge double_link_list.o (0x0) and kernel/kernel_sub.o (not found)
Removed property 0xc0010001 to merge double_link_list.o (not found) and global.o (0x1)
Removed property 0xc0010002 to merge double_link_list.o (not found) and global.o (0x0)
Removed property 0xc0010001 to merge double_link_list.o (not found) and kernel_main_old.o (0x1)
Removed property 0xc0010002 to merge double_link_list.o (not found) and kernel_main_old.o (0x1)
Removed property 0xc0010001 to merge double_link_list.o (not found) and kernel_main.o (0x1)
Removed property 0xc0010002 to merge double_link_list.o (not found) and kernel_main.o (0x0)
Removed property 0xc0010001 to merge double_link_list.o (not found) and protect.o (0x1)
Removed property 0xc0010002 to merge double_link_list.o (not found) and protect.o (0x0)
Removed property 0xc0010001 to merge double_link_list.o (not found) and console.o (0x1)
Removed property 0xc0010002 to merge double_link_list.o (not found) and console.o (0x1)
Removed property 0xc0010001 to merge double_link_list.o (not found) and process.o (0x1)
Removed property 0xc0010002 to merge double_link_list.o (not found) and process.o (0x0)
Removed property 0xc0010001 to merge double_link_list.o (not found) and keyboard.o (0x1)
Removed property 0xc0010002 to merge double_link_list.o (not found) and keyboard.o (0x0)
Removed property 0xc0010001 to merge double_link_list.o (not found) and thread.o (0x1)
Removed property 0xc0010002 to merge double_link_list.o (not found) and thread.o (0x0)
Removed property 0xc0010001 to merge double_link_list.o (not found) and my_process.o (0x1)
Removed property 0xc0010002 to merge double_link_list.o (not found) and my_process.o (0x1)
Removed property 0xc0010001 to merge double_link_list.o (not found) and network/socket.o (0x1)
Removed property 0xc0010002 to merge double_link_list.o (not found) and network/socket.o (0x0)
Removed property 0xc0010001 to merge double_link_list.o (not found) and network/ip_input.o (0x1)
Removed property 0xc0010002 to merge double_link_list.o (not found) and network/ip_input.o (0x0)
Removed property 0xc0010001 to merge double_link_list.o (not found) and network/udp_sock.o (0x1)
Removed property 0xc0010002 to merge double_link_list.o (not found) and network/udp_sock.o (0x0)
Removed property 0xc0010001 to merge double_link_list.o (not found) and network/dst.o (0x1)
Removed property 0xc0010002 to merge double_link_list.o (not found) and network/dst.o (0x0)
Removed property 0xc0010001 to merge double_link_list.o (not found) and network/netdev.o (0x1)
Removed property 0xc0010002 to merge double_link_list.o (not found) and network/netdev.o (0x0)
Removed property 0xc0010001 to merge double_link_list.o (not found) and network/ip_output.o (0x1)
Removed property 0xc0010002 to merge double_link_list.o (not found) and network/ip_output.o (0x0)
Removed property 0xc0010001 to merge double_link_list.o (not found) and network/tcp.o (0x1)
Removed property 0xc0010002 to merge double_link_list.o (not found) and network/tcp.o (0x0)
Removed property 0xc0010001 to merge double_link_list.o (not found) and network/sock.o (0x1)
Removed property 0xc0010002 to merge double_link_list.o (not found) and network/sock.o (0x0)
Removed property 0xc0010001 to merge double_link_list.o (not found) and network/tcp_output.o (0x1)
Removed property 0xc0010002 to merge double_link_list.o (not found) and network/tcp_output.o (0x1)
Removed property 0xc0010001 to merge double_link_list.o (not found) and network/arp.o (0x1)
Removed property 0xc0010002 to merge double_link_list.o (not found) and network/arp.o (0x0)
Removed property 0xc0010001 to merge double_link_list.o (not found) and network/tcp_sock.o (0x1)
Removed property 0xc0010002 to merge double_link_list.o (not found) and network/tcp_sock.o (0x0)
Removed property 0xc0010001 to merge double_link_list.o (not found) and network/ipc.o (0x1)
Removed property 0xc0010002 to merge double_link_list.o (not found) and network/ipc.o (0x1)
Removed property 0xc0010001 to merge double_link_list.o (not found) and network/icmpv4.o (0x1)
Removed property 0xc0010002 to merge double_link_list.o (not found) and network/icmpv4.o (0x0)
Removed property 0xc0010001 to merge double_link_list.o (not found) and network/skbuff.o (0x1)
Removed property 0xc0010002 to merge double_link_list.o (not found) and network/skbuff.o (0x0)
Removed property 0xc0010001 to merge double_link_list.o (not found) and network/inet.o (0x1)
Removed property 0xc0010002 to merge double_link_list.o (not found) and network/inet.o (0x0)
Removed property 0xc0010001 to merge double_link_list.o (not found) and network/tcp_input.o (0x1)
Removed property 0xc0010002 to merge double_link_list.o (not found) and network/tcp_input.o (0x0)
Removed property 0xc0010001 to merge double_link_list.o (not found) and network/task_network.o (0x1)
[...]
Memory Configuration

Name             Origin             Length             Attributes
*default*        0x00000000         0xffffffff

Linker script and memory map

Address of section .text set to 0xc0600000
LOAD kernel/kernel_sub.o
LOAD kernel/kernel.o
LOAD switch_to.o
LOAD string.o
LOAD syscall.o
LOAD hd/hd_rdwt.o
LOAD network/ne2000.o
LOAD double_link_list.o
LOAD global.o
LOAD kernel_main_old.o
LOAD kernel_main.o
LOAD protect.o
LOAD console.o
LOAD process.o
LOAD keyboard.o
LOAD thread.o
LOAD my_process.o
LOAD network/socket.o
LOAD network/ip_input.o
LOAD network/udp_sock.o
LOAD network/dst.o
LOAD network/netdev.o
LOAD network/ip_output.o
LOAD network/tcp.o
LOAD network/sock.o
LOAD network/tcp_output.o
LOAD network/arp.o
LOAD network/tcp_sock.o
LOAD network/ipc.o
LOAD network/icmpv4.o
LOAD network/skbuff.o
LOAD network/inet.o
LOAD network/tcp_input.o
LOAD network/task_network.o
LOAD network/route.o
LOAD network/udp.o
LOAD network/tcp_data.o
LOAD network/utils.o
LOAD hd/hd.o
LOAD fs/fs_main.o
LOAD mm/forkexit.o
LOAD mm/exec.o
LOAD mm/main.o
LOAD mem/mem.o
LOAD lib/floor.o
LOAD lib/exec.o
LOAD lib/exit.o
LOAD lib/unlink.o
LOAD lib/wait.o
LOAD lib/socket_close.o
LOAD lib/socket_read.o
LOAD lib/calloc.o
LOAD lib/alloca.o
LOAD lib/fork.o
LOAD lib/socket_write.o
LOAD lib/getpid.o
LOAD lib/stdlib/atoi.o
LOAD lib/string/strtok.o
LOAD lib/string/strcmp.o
LOAD lib/string/strncmp.o
LOAD lib/string/strpbrk.o
LOAD lib/stdio/read.o
LOAD lib/stdio/perror.o
LOAD lib/stdio/sscanf.o
LOAD lib/stdio/open.o
LOAD lib/stdio/write.o
LOAD lib/stdio/close.o
LOAD lib/sys/socket.o
LOAD lib/sys/connect.o
LOAD lib/arpa/ntohs.o
LOAD lib/arpa/htonl.o
LOAD lib/arpa/htons.o
LOAD lib/arpa/inet_pton.o
LOAD lib/arpa/ntohl.o
LOAD lib/arpa/inet_ntop.o
                [!provide]                        PROVIDE (__executable_start = SEGMENT_START ("text-segment", 0x8048000))
                0x080480d4                        . = (SEGMENT_START ("text-segment", 0x8048000) + SIZEOF_HEADERS)

.interp
 *(.interp)

.note.gnu.build-id
 *(.note.gnu.build-id)

.hash
 *(.hash)

.gnu.hash
 *(.gnu.hash)

.dynsym
 *(.dynsym)

.dynstr
 *(.dynstr)

.gnu.version
 *(.gnu.version)

.gnu.version_d
 *(.gnu.version_d)

.gnu.version_r
 *(.gnu.version_r)

.rel.dyn        0x080480d4        0x0
 *(.rel.init)
 *(.rel.text .rel.text.* .rel.gnu.linkonce.t.*)
 .rel.text      0x080480d4        0x0 kernel/kernel_sub.o
 *(.rel.fini)
 *(.rel.rodata .rel.rodata.* .rel.gnu.linkonce.r.*)
 *(.rel.data.rel.ro .rel.data.rel.ro.* .rel.gnu.linkonce.d.rel.ro.*)
 *(.rel.data .rel.data.* .rel.gnu.linkonce.d.*)
 *(.rel.tdata .rel.tdata.* .rel.gnu.linkonce.td.*)
 *(.rel.tbss .rel.tbss.* .rel.gnu.linkonce.tb.*)
 *(.rel.ctors)
 *(.rel.dtors)
 *(.rel.got)
 .rel.got       0x080480d4        0x0 kernel/kernel_sub.o
 *(.rel.bss .rel.bss.* .rel.gnu.linkonce.b.*)
 *(.rel.ifunc)

.rel.plt        0x080480d4        0x0
 *(.rel.plt)
                [!provide]                        PROVIDE (__rel_iplt_start = .)
 *(.rel.iplt)
 .rel.iplt      0x080480d4        0x0 kernel/kernel_sub.o
                [!provide]                        PROVIDE (__rel_iplt_end = .)

.relr.dyn
 *(.relr.dyn)
                0x08049000                        . = ALIGN (CONSTANT (MAXPAGESIZE))

.init
 *(SORT_NONE(.init))

.plt            0x08049000        0x0
 *(.plt)
 *(.iplt)
 .iplt          0x08049000        0x0 kernel/kernel_sub.o

.plt.got
 *(.plt.got)

.plt.sec
 *(.plt.sec)

.text           0xc0600000    0x1289e
 *(.text.unlikely .text.*_unlikely .text.unlikely.*)
 *(.text.exit .text.exit.*)
 *(.text.startup .text.startup.*)
 *(.text.hot .text.hot.*)
 *(SORT_BY_NAME(.text.sorted.*))
 *(.text .stub .text.* .gnu.linkonce.t.*)
 .text          0xc0600000       0x74 kernel/kernel_sub.o
                0xc0600000                _start
 *fill*         0xc0600074        0xc 
 .text          0xc0600080      0x3d5 kernel/kernel.o
                0xc0600080                InterruptTest
                0xc060008c                disp_str_len
                0xc06000d9                disp_str
                0xc0600114                disp_str_colour
                0xc0600150                divide_zero_fault
                0xc0600156                single_step_fault
                0xc060015c                non_maskable_interrupt
                0xc0600162                breakpoint_trap
                0xc0600168                overflow_trap
                0xc060016e                bound_range_exceeded_fault
                0xc0600174                invalid_opcode_fault
                0xc060017a                coprocessor_not_available_fault
                0xc0600180                double_fault_exception_abort
                0xc0600184                coprocessor_segment_overrun
                0xc060018a                invalid_task_state_segment_fault
                0xc060018e                segment_not_present_fault
                0xc0600192                stack_exception_fault
                0xc0600196                general_protection_exception_fault
                0xc06001a1                page_fault
                0xc06001a5                coprocessor_error_fault
                0xc06001ab                align_check_fault
                0xc06001af                simd_float_exception_fault
                0xc06001be                hwint0
                0xc06001ee                hwint1
                0xc0600231                hwint14
                0xc0600277                hwint10
                0xc06002ba                sys_call
                0xc0600300                fork_restart
                0xc060030f                restart
                0xc0600332                in_byte
                0xc060033e                out_byte
                0xc0600360                disable_int
                0xc0600362                enable_int
                0xc06003f8                enable_8259A_casecade_irq
                0xc0600402                disable_8259A_casecade_irq
                0xc060040c                enable_8259A_slave_winchester_irq
                0xc0600416                disable_8259A_slave_winchester_irq
                0xc0600420                update_cr3
                0xc060042d                update_tss
                0xc060043c                get_running_thread_pcb
                0xc0600442                sys_call_test
                0xc0600445                enable_8259A_slave_net_irq
 *fill*         0xc0600455        0xb 
 .text          0xc0600460       0x15 switch_to.o
                0xc0600460                switch_to
 *fill*         0xc0600475        0xb 
 .text          0xc0600480       0x6a syscall.o
                0xc0600480                write_debug
                0xc0600490                send_msg
                0xc06004a6                receive_msg
                0xc06004bc                sys_malloc
                0xc06004d1                sys_free
 *fill*         0xc06004ea        0x6 
 .text          0xc06004f0      0x25e network/ne2000.o
                0xc0600513                DriverInitialize
                0xc060059d                SetPageStart
                0xc06005c5                DriverSend
                0xc060063d                PCtoNIC
                0xc06006ab                get_interrupt_status
                0xc06006c1                set_interrupt_status
                0xc06006da                get_curr_page
                0xc06006f7                NICtoPC
 .text          0xc060074e      0x2ee double_link_list.o
                0xc060074e                initDoubleLinkList
                0xc060079e                isListEmpty
                0xc06007cc                findElementInList
                0xc0600863                appendToDoubleLinkList
                0xc0600929                insertToDoubleLinkList
                0xc06009ad                popFromDoubleLinkList
 .text          0xc0600a3c        0x0 global.o
 .text          0xc0600a3c     0x2de4 kernel_main_old.o
                0xc0600a3c                stop_here
                0xc0600a80                catch_error
                0xc0600ae5                intr_enable
                0xc0600b0e                intr_disable
                0xc0600b37                intr_set_status
                0xc0600b55                intr_get_status
                0xc0600b72                Memcpy
                0xc0600ba5                untar
                0xc0600eb5                num_to_string
                0xc0600f5b                disp_int
                0xc0600f84                do_page_fault
                0xc06010c1                exception_handler
                0xc06012ac                init_internal_interrupt
                0xc0601421                spurious_irq
                0xc06014af                init_keyboard
                0xc06014f2                TestTTY
                0xc0601591                TestReadReturnValue
                0xc060160e                TestWriteReturnValue
                0xc06016e2                TestFS2
                0xc06016f0                TestFS
                0xc0601b92                wait_exit
                0xc0601c90                INIT_fork
                0xc0601f83                simple_shell
                0xc060210a                test_shell
                0xc0602172                test_exec
                0xc0602265                INIT
                0xc0602272                TestA
                0xc06022a7                delay
                0xc06022eb                TestB
                0xc0602303                TestC
                0xc0602336                sys_get_ticks
                0xc0602346                sys_write
                0xc060239a                milli_delay
                0xc06023d6                TaskSys
                0xc06023db                Printf
                0xc06024ad                sprintf
                0xc06024d9                vsprintf
                0xc0602685                printx
                0xc06026c8                sys_printx
                0xc0602794                spin
                0xc06027ba                panic
                0xc06027d8                assertion_failure
                0xc060284a                assertion_failure2
                0xc06028bf                dead_lock
                0xc06028c9                sys_send_msg
                0xc0602de8                sys_receive_msg
                0xc0603448                send_rec
                0xc0603543                block
                0xc060357f                unblock
                0xc06035cf                get_ticks_ipc
                0xc0603629                itoa
                0xc060367f                i2a
                0xc06036e5                inform_int
                0xc06037b1                deprecate_strcmp
 .text          0xc0603820      0x49d kernel_main.o
                0xc0603820                kernel_main
                0xc06039da                init
                0xc0603a71                kernel_thread_a
                0xc0603abe                kernel_thread_b
                0xc0603b0b                kernel_thread_c
                0xc0603b21                kernel_thread_d
                0xc0603b37                user_proc_a
                0xc0603ca0                user_proc_b
 .text          0xc0603cbd      0x3b3 protect.o
                0xc0603cbd                InitDescriptor
                0xc0603d2a                Seg2PhyAddr
                0xc0603d6b                Seg2PhyAddrLDT
                0xc0603daf                VirAddr2PhyAddr
                0xc0603dc5                v2l
                0xc0603e08                init_propt
                0xc0603f89                InitInterruptDesc
                0xc0603fe5                ReloadGDT
 .text          0xc0604070      0xad3 console.o
                0xc0604070                select_console
                0xc06040ac                flush
                0xc06040e5                set_cursor
                0xc0604143                set_console_start_video_addr
                0xc06041a1                put_key
                0xc060420d                scroll_up
                0xc060424f                scroll_down
                0xc06042ba                out_char
                0xc0604477                tty_dev_read
                0xc06044a1                tty_dev_write
                0xc06046ce                tty_do_read
                0xc0604796                tty_do_write
                0xc06048ff                init_screen
                0xc0604988                init_tty
                0xc0604a3d                TaskTTY
 .text          0xc0604b43      0x2b7 process.o
                0xc0604b43                schedule_process
                0xc0604d09                clock_handler
                0xc0604d7f                pid2proc
                0xc0604de3                proc2pid
 .text          0xc0604dfa      0x40f keyboard.o
                0xc0604dfa                keyboard_handler
                0xc0604e7e                read_from_keyboard_buf
                0xc0604ee4                keyboard_read
                0xc0605063                init_keyboard_handler
                0xc0605077                in_process
 .text          0xc0605209      0x1b2 thread.o
                0xc0605209                kernel_thread
                0xc0605221                thread_init
                0xc06052ce                thread_create
                0xc0605303                thread_start
 .text          0xc06053bb      0x730 my_process.o
                0xc06053bb                create_user_process_address_space
                0xc060544b                user_process
                0xc0605578                clone_pcb
                0xc06056ea                build_body_stack
                0xc060581d                build_process_kernel_stack
                0xc06058e0                fork_process
                0xc0605971                process_execute
 .text          0xc0605aeb      0x66c network/socket.o
                0xc0605b9b                test
                0xc0605bf7                socket_debug
                0xc0605c58                free_socket
                0xc0605d14                _socket
                0xc0605dd3                _bind
                0xc0605e26                _connect
                0xc0605e78                _write
                0xc0605ecf                _read
                0xc0605f26                _recvfrom
                0xc0605f67                _sendto
                0xc0605fbe                _close
                0xc060603d                _listen
                0xc06060a3                _accept
 .text          0xc0606157      0x2ed network/ip_input.o
                0xc06062e1                ip_rcv
 .text          0xc0606444      0x8cd network/udp_sock.o
                0xc0606682                udp_lookup_sock
                0xc06066c9                udp_init
                0xc06066fa                udp_close
                0xc0606720                udp_sock_init
                0xc060672a                udp_recvfrom
                0xc06067c3                udp_connect
                0xc060689c                udp_write
                0xc06068c8                udp_alloc_skb
                0xc0606912                udp_sendto
                0xc0606a06                udp_send
                0xc0606b44                udp_alloc_sock
                0xc0606b85                udp_free_sock
                0xc0606ba9                udp_read
 .text          0xc0606d11       0xd8 network/dst.o
                0xc0606d1f                dst_neigh_output
 .text          0xc0606de9      0x816 network/netdev.o
                0xc0606f77                netdev_init
                0xc0606fbe                netdev_transmit
                0xc06070a7                interrupt_wait2
                0xc0607100                netdev_rx_loop
                0xc0607237                netdev_get
                0xc0607272                free_netdev
                0xc060729d                local_ipaddress
                0xc06072da                receive_msg_from_nic
                0xc06074bd                receive_msg_from_nic2
                0xc06075e9                net_handler
 .text          0xc06075ff      0x1d3 network/ip_output.o
                0xc060760d                ip_output
 .text          0xc06077d2      0x448 network/tcp.o
                0xc06079c7                tcp_in
                0xc0607a7b                tcp_checksum
                0xc0607aa7                __tcp_set_state
                0xc0607ab6                tcp_generate_port
                0xc0607aff                tcp_generate_isn
                0xc0607b09                tcp_done
                0xc0607b32                tcp_clear_timers
                0xc0607b41                tcp_stop_retransmission_timer
                0xc0607b5a                tcp_release_retransmission_timer
                0xc0607b73                tcp_stop_delack_timer
                0xc0607b86                tcp_release_delack_timer
                0xc0607b99                tcp_handle_fin_state
                0xc0607bfe                tcp_enter_time_wait
 .text          0xc0607c1a      0x203 network/sock.o
                0xc0607d4c                sk_alloc
                0xc0607d73                sk_init
                0xc0607dc7                sk_init_with_socket
                0xc0607df0                sk_free
 .text          0xc0607e1d      0xbbe network/tcp_output.o
                0xc06082e3                tcp_send_synack
                0xc0608386                tcp_send_delack
                0xc06083c1                tcp_send_ack
                0xc060850d                tcp_send_fin
                0xc0608582                tcp_select_initial_window
                0xc0608734                tcp_reset_retransmission_timer
                0xc0608751                tcp_begin_connect
                0xc06087fb                tcp_send
                0xc06088e0                tcp_send_reset
                0xc0608960                tcp_queue_fin
 .text          0xc06089db      0x70c network/arp.o
                0xc0608ba8                arp_init
                0xc0608bae                arp_rcv
                0xc0608d7d                arp_request
                0xc0608ee7                arp_reply
                0xc060904a                arp_get_hwaddr
                0xc0609096                free_arp
 .text          0xc06090e7      0xa27 network/tcp_sock.o
                0xc06093a6                tcp_established_or_syn_recvd_socks_enqueue
                0xc06093bd                tcp_established_or_syn_recvd_socks_remove
                0xc06093cf                tcp_connecting_or_listening_socks_enqueue
                0xc06093e6                tcp_connecting_or_listening_socks_remove
                0xc06093f8                tcp_alloc_sock
                0xc060950e                tcp_free_sock
                0xc0609587                tcp_init
                0xc0609591                tcp_sock_init
                0xc0609634                tcp_write
                0xc0609675                tcp_read
                0xc0609728                tcp_close
                0xc06097e6                tcp_recv_notify
                0xc0609811                tcp_v4_connect
                0xc0609a61                tcp_lookup_sock
 .text          0xc0609b0e      0xcf2 network/ipc.o
                0xc060a69c                ipc_close
                0xc060a6ed                demux_ipc_socket_call
 .text          0xc060a800      0x234 network/icmpv4.o
                0xc060a80e                icmpv4_incoming
                0xc060a882                icmpv4_reply
                0xc060a95b                icmpv4_timestamp
 .text          0xc060aa34      0x15b network/skbuff.o
                0xc060aa4d                alloc_skb
                0xc060aade                free_skb
                0xc060ab11                skb_reserve
                0xc060ab2d                skb_push
                0xc060ab5c                skb_head
                0xc060ab67                skb_reset_header
 .text          0xc060ab8f      0x429 network/inet.o
                0xc060ab8f                inet_create
                0xc060ac3f                inet_socket
                0xc060ac49                inet_connect
                0xc060ac9d                inet_write
                0xc060acc9                inet_read
                0xc060acf5                inet_close
                0xc060ad44                inet_free
                0xc060ad7a                inet_bind
                0xc060ae83                inet_listen
                0xc060aecc                inet_accept
                0xc060af77                inet_sendto
                0xc060afa2                inet_recvfrom
 .text          0xc060afb8      0xb80 network/tcp_input.o
                0xc060b6b0                tcp_process
                0xc060ba76                tcp_receive
 .text          0xc060bb38      0x128 network/task_network.o
                0xc060bb38                task_network
                0xc060bc42                task_netdev_rx
 .text          0xc060bc60      0x295 network/route.o
                0xc060bd8d                route_add
                0xc060bdd2                route_init
                0xc060be59                route_lookup
                0xc060bea4                free_routes
 .text          0xc060bef5      0x3e0 network/udp.o
                0xc060c000                udp_generate_port
                0xc060c049                udp_checksum
                0xc060c117                udp_in
                0xc060c1a8                udp_data_dequeue
                0xc060c2b0                udp_data_enqueue
 .text          0xc060c2d5      0x54a network/tcp_data.o
                0xc060c5c0                tcp_data_dequeue
                0xc060c6ed                tcp_data_queue
 .text          0xc060c81f      0x1e7 network/utils.o
                0xc060c81f                run_cmd
                0xc060c82c                print_err
                0xc060c843                parse_ipv4_string
                0xc060c8a2                ip_pton
                0xc060c8ea                sum_every_16bits
                0xc060c941                checksum
                0xc060c982                tcp_udp_checksum
 .text          0xc060ca06      0xe84 hd/hd.o
                0xc060ca06                TaskHD
                0xc060ca51                init_hd
                0xc060ca6b                hd_handle
                0xc060cb70                hd_cmd_out
                0xc060cc72                hd_identify
                0xc060cd29                print_hdinfo
                0xc060ceb7                print_dpt_entry
                0xc060cf23                get_partition_table
                0xc060d002                partition
                0xc060d21c                hd_open
                0xc060d2cc                get_hd_ioctl
                0xc060d386                wait_for
                0xc060d3b7                interrupt_wait
                0xc060d410                hd_rdwt
                0xc060d6b2                hd_handler
                0xc060d6e3                debug_ticks
                0xc060d721                waitfor
                0xc060d765                print_hd_info
                0xc060d852                is_empty
 .text          0xc060d88a     0x2081 fs/fs_main.o
                0xc060d88a                task_fs
                0xc060da9e                rd_wt
                0xc060db80                mkfs
                0xc060e162                init_fs
                0xc060e1bc                do_open
                0xc060e3c5                search_file
                0xc060e4f7                strip_path
                0xc060e5c3                get_inode
                0xc060e785                create_file
                0xc060e890                alloc_imap_bit
                0xc060e98d                alloc_smap_bit
                0xc060eb2e                new_inode
                0xc060ec4c                new_dir_entry
                0xc060ee58                do_unlink
                0xc060f334                do_rdwt
                0xc060f6bf                sync_inode
                0xc060f813                put_inode
                0xc060f851                do_close
                0xc060f8a3                get_super_block
 .text          0xc060f90b      0x24f mm/forkexit.o
                0xc060f90b                do_fork
                0xc060f979                do_exit
                0xc060fa03                do_wait
                0xc060fb00                cleanup
 .text          0xc060fb5a      0x419 mm/exec.o
                0xc060fb5a                do_exec
 .text          0xc060ff73      0x14e mm/main.o
                0xc060ff73                TaskMM
                0xc06100a2                alloc_mem
 .text          0xc06100c1     0x1118 mem/mem.o
                0xc06100c1                init_bitmap
                0xc06100e4                test_bit_val
                0xc061014d                set_bit_val
                0xc06101c8                set_bits
                0xc0610202                get_first_free_bit
                0xc0610246                get_bits
                0xc061030e                get_a_page
                0xc06103c2                get_virtual_address_start_with_addr
                0xc061045c                get_virtual_address
                0xc06104ec                ptr_pde
                0xc06104ff                ptr_pte
                0xc0610526                add_map_entry
                0xc06105b7                alloc_virtual_memory
                0xc0610683                get_physical_address_proc
                0xc06106ff                get_physical_address
                0xc0610731                alloc_physical_memory_of_proc
                0xc0610820                alloc_physical_memory
                0xc06108e8                alloc_memory
                0xc061094a                get_a_virtual_page
                0xc0610982                block2arena
                0xc0610998                sys_malloc2
                0xc0610cc5                remove_map_entry
                0xc0610ce6                free_a_page
                0xc0610d8d                sys_free2
                0xc0610d93                init_memory_block_desc
                0xc0610e64                init_memory2
                0xc0611099                init_memory
 .text          0xc06111d9       0x49 lib/floor.o
                0xc06111d9                floor
 .text          0xc0611222      0x285 lib/exec.o
                0xc0611222                exec
                0xc0611293                execv
                0xc0611482                execl
 .text          0xc06114a7       0x2f lib/exit.o
                0xc06114a7                exit
 .text          0xc06114d6       0x42 lib/unlink.o
                0xc06114d6                unlink
 .text          0xc0611518       0x44 lib/wait.o
                0xc0611518                wait
 .text          0xc061155c       0xbd lib/socket_close.o
                0xc061155c                socket_close
 .text          0xc0611619      0x110 lib/socket_read.o
                0xc0611619                socket_read
 .text          0xc0611729       0x46 lib/calloc.o
                0xc0611729                calloc
 .text          0xc061176f       0x4f lib/alloca.o
                0xc061176f                alloca
 .text          0xc06117be       0x4b lib/fork.o
                0xc06117be                fork
 .text          0xc0611809      0x110 lib/socket_write.o
                0xc0611809                socket_write
 .text          0xc0611919       0x2b lib/getpid.o
                0xc0611919                getpid
 .text          0xc0611944       0x9c lib/stdlib/atoi.o
                0xc0611944                atoi
 .text          0xc06119e0       0x85 lib/string/strtok.o
                0xc06119e0                strtok
 .text          0xc0611a65       0xa8 lib/string/strcmp.o
                0xc0611a65                strcmp
 .text          0xc0611b0d       0xd4 lib/string/strncmp.o
                0xc0611b0d                strncmp
 .text          0xc0611be1       0x90 lib/string/strpbrk.o
                0xc0611be1                strpbrk
 .text          0xc0611c71      0x181 lib/stdio/read.o
                0xc0611c71                read
 .text          0xc0611df2       0x17 lib/stdio/perror.o
                0xc0611df2                perror
 .text          0xc0611e09      0x2c1 lib/stdio/sscanf.o
                0xc0611e09                sscanf
 .text          0xc06120ca       0x95 lib/stdio/open.o
                0xc06120ca                open
 .text          0xc061215f       0x85 lib/stdio/write.o
                0xc061215f                write
 .text          0xc06121e4       0x52 lib/stdio/close.o
                0xc06121e4                close
 .text          0xc0612236       0x9f lib/sys/socket.o
                0xc0612236                socket
 .text          0xc06122d5       0xe9 lib/sys/connect.o
                0xc06122d5                connect
 .text          0xc06123be       0x38 lib/arpa/ntohs.o
                0xc06123be                ntohs
 .text          0xc06123f6       0x7c lib/arpa/htonl.o
                0xc06123f6                htonl
 .text          0xc0612472       0x38 lib/arpa/htons.o
                0xc0612472                htons
 .text          0xc06124aa      0x295 lib/arpa/inet_pton.o
                0xc06124aa                isValidIPv4
                0xc0612634                inet_pton
 .text          0xc061273f       0x7c lib/arpa/ntohl.o
                0xc061273f                ntohl
 .text          0xc06127bb       0xe3 lib/arpa/inet_ntop.o
                0xc06127bb                inet_ntop
 *(.gnu.warning)

.fini
 *(SORT_NONE(.fini))
                [!provide]                        PROVIDE (__etext = .)
                [!provide]                        PROVIDE (_etext = .)
                [!provide]                        PROVIDE (etext = .)
                0xc0613000                        . = ALIGN (CONSTANT (MAXPAGESIZE))
                0xc0613000                        . = SEGMENT_START ("rodata-segment", (ALIGN (CONSTANT (MAXPAGESIZE)) + (. & (CONSTANT (MAXPAGESIZE) - 0x1))))

.rodata         0xc0613000     0x1d1d
 *(.rodata .rodata.* .gnu.linkonce.r.*)
 .rodata        0xc0613000       0x3c double_link_list.o
 *fill*         0xc061303c        0x4 
 .rodata        0xc0613040      0xb61 kernel_main_old.o
 *fill*         0xc0613ba1        0x3 
 .rodata        0xc0613ba4      0x194 kernel_main.o
 .rodata        0xc0613d38       0x22 console.o
 *fill*         0xc0613d5a        0x2 
 .rodata        0xc0613d5c       0x4c process.o
 .rodata        0xc0613da8      0x23d network/socket.o
 *fill*         0xc0613fe5        0x3 
 .rodata        0xc0613fe8       0xbd network/ip_input.o
 *fill*         0xc06140a5        0x3 
 .rodata        0xc06140a8       0x2d network/udp_sock.o
 .rodata        0xc06140d5        0x9 network/dst.o
 *fill*         0xc06140de        0x2 
 .rodata        0xc06140e0      0x17a network/netdev.o
 .rodata        0xc061425a        0x9 network/ip_output.o
 *fill*         0xc0614263        0x1 
 .rodata        0xc0614264       0x31 network/tcp.o
 .rodata        0xc0614295        0x9 network/sock.o
 *fill*         0xc061429e        0x2 
 .rodata        0xc06142a0       0xc3 network/tcp_output.o
 *fill*         0xc0614363        0x1 
 .rodata        0xc0614364       0xc7 network/arp.o
 *fill*         0xc061442b        0x1 
 .rodata        0xc061442c       0xe8 network/tcp_sock.o
 .rodata        0xc0614514      0x160 network/ipc.o
 .rodata        0xc0614674       0x32 network/icmpv4.o
 .rodata        0xc06146a6        0x9 network/skbuff.o
 *fill*         0xc06146af        0x1 
 .rodata        0xc06146b0       0x48 network/inet.o
 .rodata        0xc06146f8       0x60 network/tcp_input.o
 .rodata        0xc0614758       0x61 network/task_network.o
 *fill*         0xc06147b9        0x3 
 .rodata        0xc06147bc       0x37 network/route.o
 .rodata        0xc06147f3        0x9 network/udp.o
 .rodata        0xc06147fc       0x1e network/tcp_data.o
 *fill*         0xc061481a        0x2 
 .rodata        0xc061481c       0x41 network/utils.o
 *fill*         0xc061485d        0x3 
 .rodata        0xc0614860      0x19c hd/hd.o
 .rodata        0xc06149fc      0x1fb fs/fs_main.o
                0xc06149fc                FSBUF_SIZE
 .rodata        0xc0614bf7       0x21 mm/forkexit.o
 .rodata        0xc0614c18       0x10 mm/exec.o
 .rodata        0xc0614c28       0x11 mm/main.o
 .rodata        0xc0614c39       0x5a mem/mem.o
 .rodata        0xc0614c93       0x2d lib/exec.o
 .rodata        0xc0614cc0        0x9 lib/socket_close.o
 .rodata        0xc0614cc9        0x9 lib/socket_read.o
 .rodata        0xc0614cd2        0x9 lib/socket_write.o
 .rodata        0xc0614cdb       0x2a lib/stdio/close.o
 .rodata        0xc0614d05        0x9 lib/sys/socket.o
 .rodata        0xc0614d0e        0x9 lib/sys/connect.o
 .rodata        0xc0614d17        0x3 lib/arpa/inet_pton.o
 .rodata        0xc0614d1a        0x3 lib/arpa/inet_ntop.o

.txt            0xc0614d1d       0xaa
 .txt           0xc0614d1d       0x82 string.o
                0xc0614d1d                Memcpy2
                0xc0614d4b                Memset
                0xc0614d6a                Strcpy
                0xc0614d84                Strlen
 .txt           0xc0614d9f       0x28 hd/hd_rdwt.o
                0xc0614d9f                read_port
                0xc0614db3                write_port

.rodata1
 *(.rodata1)

.eh_frame_hdr
 *(.eh_frame_hdr)
 *(.eh_frame_entry .eh_frame_entry.*)

.eh_frame       0xc0614dc8     0x4250
 *(.eh_frame)
 .eh_frame      0xc0614dc8       0xd8 double_link_list.o
 .eh_frame      0xc0614ea0      0x6cc kernel_main_old.o
                                0x6e4 (size before relaxing)
 .eh_frame      0xc061556c      0x108 kernel_main.o
                                0x120 (size before relaxing)
 .eh_frame      0xc0615674      0x100 protect.o
                                0x118 (size before relaxing)
 .eh_frame      0xc0615774      0x1e0 console.o
                                0x1f8 (size before relaxing)
 .eh_frame      0xc0615954       0x80 process.o
                                 0x98 (size before relaxing)
 .eh_frame      0xc06159d4       0xa0 keyboard.o
                                 0xb8 (size before relaxing)
 .eh_frame      0xc0615a74       0x80 thread.o
                                 0x98 (size before relaxing)
 .eh_frame      0xc0615af4       0xe0 my_process.o
                                 0xf8 (size before relaxing)
 .eh_frame      0xc0615bd4      0x2a0 network/socket.o
                                0x2b8 (size before relaxing)
 .eh_frame      0xc0615e74      0x104 network/ip_input.o
                                0x11c (size before relaxing)
 .eh_frame      0xc0615f78      0x404 network/udp_sock.o
                                0x41c (size before relaxing)
 .eh_frame      0xc061637c       0x40 network/dst.o
                                 0x58 (size before relaxing)
 .eh_frame      0xc06163bc      0x214 network/netdev.o
                                0x22c (size before relaxing)
 .eh_frame      0xc06165d0       0x40 network/ip_output.o
                                 0x58 (size before relaxing)
 .eh_frame      0xc0616610      0x268 network/tcp.o
                                0x280 (size before relaxing)
 .eh_frame      0xc0616878      0x1a0 network/sock.o
                                0x1b8 (size before relaxing)
 .eh_frame      0xc0616a18      0x3c4 network/tcp_output.o
                                0x3dc (size before relaxing)
 .eh_frame      0xc0616ddc      0x1c0 network/arp.o
                                0x1d8 (size before relaxing)
 .eh_frame      0xc0616f9c      0x4c0 network/tcp_sock.o
                                0x4d8 (size before relaxing)
 .eh_frame      0xc061745c      0x250 network/ipc.o
                                0x268 (size before relaxing)
 .eh_frame      0xc06176ac       0x80 network/icmpv4.o
                                 0x98 (size before relaxing)
 .eh_frame      0xc061772c       0xe0 network/skbuff.o
                                 0xf8 (size before relaxing)
 .eh_frame      0xc061780c      0x180 network/inet.o
                                0x198 (size before relaxing)
 .eh_frame      0xc061798c      0x300 network/tcp_input.o
                                0x318 (size before relaxing)
 .eh_frame      0xc0617c8c       0x40 network/task_network.o
                                 0x58 (size before relaxing)
 .eh_frame      0xc0617ccc      0x124 network/route.o
                                0x13c (size before relaxing)
 .eh_frame      0xc0617df0      0x1e4 network/udp.o
                                0x1fc (size before relaxing)
 .eh_frame      0xc0617fd4      0x200 network/tcp_data.o
                                0x218 (size before relaxing)
 .eh_frame      0xc06181d4       0xe4 network/utils.o
                                 0xfc (size before relaxing)
 .eh_frame      0xc06182b8      0x264 hd/hd.o
                                0x27c (size before relaxing)
 .eh_frame      0xc061851c      0x27c fs/fs_main.o
                                0x294 (size before relaxing)
 .eh_frame      0xc0618798       0x80 mm/forkexit.o
                                 0x98 (size before relaxing)
 .eh_frame      0xc0618818       0x20 mm/exec.o
                                 0x38 (size before relaxing)
 .eh_frame      0xc0618838       0x3c mm/main.o
                                 0x54 (size before relaxing)
 .eh_frame      0xc0618874      0x364 mem/mem.o
                                0x37c (size before relaxing)
 .eh_frame      0xc0618bd8       0x20 lib/floor.o
                                 0x38 (size before relaxing)
 .eh_frame      0xc0618bf8       0x60 lib/exec.o
                                 0x78 (size before relaxing)
 .eh_frame      0xc0618c58       0x20 lib/exit.o
                                 0x38 (size before relaxing)
 .eh_frame      0xc0618c78       0x20 lib/unlink.o
                                 0x38 (size before relaxing)
 .eh_frame      0xc0618c98       0x20 lib/wait.o
                                 0x38 (size before relaxing)
 .eh_frame      0xc0618cb8       0x20 lib/socket_close.o
                                 0x38 (size before relaxing)
 .eh_frame      0xc0618cd8       0x20 lib/socket_read.o
                                 0x38 (size before relaxing)
 .eh_frame      0xc0618cf8       0x20 lib/calloc.o
                                 0x38 (size before relaxing)
 .eh_frame      0xc0618d18       0x20 lib/alloca.o
                                 0x38 (size before relaxing)
 .eh_frame      0xc0618d38       0x20 lib/fork.o
                                 0x38 (size before relaxing)
 .eh_frame      0xc0618d58       0x20 lib/socket_write.o
                                 0x38 (size before relaxing)
 .eh_frame      0xc0618d78       0x20 lib/getpid.o
                                 0x38 (size before relaxing)
 .eh_frame      0xc0618d98       0x20 lib/stdlib/atoi.o
                                 0x38 (size before relaxing)
 .eh_frame      0xc0618db8       0x20 lib/string/strtok.o
                                 0x38 (size before relaxing)
 .eh_frame      0xc0618dd8       0x20 lib/string/strcmp.o
                                 0x38 (size before relaxing)
 .eh_frame      0xc0618df8       0x20 lib/string/strncmp.o
                                 0x38 (size before relaxing)
 .eh_frame      0xc0618e18       0x20 lib/string/strpbrk.o
                                 0x38 (size before relaxing)
 .eh_frame      0xc0618e38       0x20 lib/stdio/read.o
                                 0x38 (size before relaxing)
 .eh_frame      0xc0618e58       0x20 lib/stdio/perror.o
                                 0x38 (size before relaxing)
 .eh_frame      0xc0618e78       0x20 lib/stdio/sscanf.o
                                 0x38 (size before relaxing)
 .eh_frame      0xc0618e98       0x20 lib/stdio/open.o
                                 0x38 (size before relaxing)
 .eh_frame      0xc0618eb8       0x20 lib/stdio/write.o
                                 0x38 (size before relaxing)
 .eh_frame      0xc0618ed8       0x20 lib/stdio/close.o
                                 0x38 (size before relaxing)
 .eh_frame      0xc0618ef8       0x20 lib/sys/socket.o
                                 0x38 (size before relaxing)
 .eh_frame      0xc0618f18       0x20 lib/sys/connect.o
                                 0x38 (size before relaxing)
 .eh_frame      0xc0618f38       0x20 lib/arpa/ntohs.o
                                 0x38 (size before relaxing)
 .eh_frame      0xc0618f58       0x20 lib/arpa/htonl.o
                                 0x38 (size before relaxing)
 .eh_frame      0xc0618f78       0x20 lib/arpa/htons.o
                                 0x38 (size before relaxing)
 .eh_frame      0xc0618f98       0x40 lib/arpa/inet_pton.o
                                 0x58 (size before relaxing)
 .eh_frame      0xc0618fd8       0x20 lib/arpa/ntohl.o
                                 0x38 (size before relaxing)
 .eh_frame      0xc0618ff8       0x20 lib/arpa/inet_ntop.o
                                 0x38 (size before relaxing)
 *(.eh_frame.*)

.sframe
 *(.sframe)
 *(.sframe.*)

.gcc_except_table
 *(.gcc_except_table .gcc_except_table.*)

.gnu_extab
 *(.gnu_extab*)

.exception_ranges
 *(.exception_ranges*)
                0xc061a000                        . = DATA_SEGMENT_ALIGN (CONSTANT (MAXPAGESIZE), CONSTANT (COMMONPAGESIZE))

.eh_frame
 *(.eh_frame)
 *(.eh_frame.*)

.sframe
 *(.sframe)
 *(.sframe.*)

.gnu_extab
 *(.gnu_extab)

.gcc_except_table
 *(.gcc_except_table .gcc_except_table.*)

.exception_ranges
 *(.exception_ranges*)

.tdata          0xc061a000        0x0
                [!provide]                        PROVIDE (__tdata_start = .)
 *(.tdata .tdata.* .gnu.linkonce.td.*)

.tbss
 *(.tbss .tbss.* .gnu.linkonce.tb.*)
 *(.tcommon)

.preinit_array  0xc061a000        0x0
                [!provide]                        PROVIDE (__preinit_array_start = .)
 *(.preinit_array)
                [!provide]                        PROVIDE (__preinit_array_end = .)

.init_array     0xc061a000        0x0
                [!provide]                        PROVIDE (__init_array_start = .)
 *(SORT_BY_INIT_PRIORITY(.init_array.*) SORT_BY_INIT_PRIORITY(.ctors.*))
 *(.init_array EXCLUDE_FILE(*crtend?.o *crtend.o *crtbegin?.o *crtbegin.o) .ctors)
                [!provide]                        PROVIDE (__init_array_end = .)

.fini_array     0xc061a000        0x0
                [!provide]                        PROVIDE (__fini_array_start = .)
 *(SORT_BY_INIT_PRIORITY(.fini_array.*) SORT_BY_INIT_PRIORITY(.dtors.*))
 *(.fini_array EXCLUDE_FILE(*crtend?.o *crtend.o *crtbegin?.o *crtbegin.o) .dtors)
                [!provide]                        PROVIDE (__fini_array_end = .)

.ctors
 *crtbegin.o(.ctors)
 *crtbegin?.o(.ctors)
 *(EXCLUDE_FILE(*crtend?.o *crtend.o) .ctors)
 *(SORT_BY_NAME(.ctors.*))
 *(.ctors)

.dtors
 *crtbegin.o(.dtors)
 *crtbegin?.o(.dtors)
 *(EXCLUDE_FILE(*crtend?.o *crtend.o) .dtors)
 *(SORT_BY_NAME(.dtors.*))
 *(.dtors)

.jcr
 *(.jcr)

.data.rel.ro
 *(.data.rel.ro.local* .gnu.linkonce.d.rel.ro.local.*)
 *(.data.rel.ro .data.rel.ro.* .gnu.linkonce.d.rel.ro.*)

.dynamic
 *(.dynamic)

.got            0xc061a000        0x0
 *(.got)
 .got           0xc061a000        0x0 kernel/kernel_sub.o
 *(.igot)
                0xc061a000                        . = DATA_SEGMENT_RELRO_END (., (SIZEOF (.got.plt) >= 0xc)?0xc:0x0)

.got.plt        0xc061a000        0x0
 *(.got.plt)
 .got.plt       0xc061a000        0x0 kernel/kernel_sub.o
 *(.igot.plt)
 .igot.plt      0xc061a000        0x0 kernel/kernel_sub.o

.data           0xc061a000      0xb94
 *(.data .data.* .gnu.linkonce.d.*)
 .data          0xc061a000        0xf kernel/kernel_sub.o
 *fill*         0xc061a00f        0x1 
 .data          0xc061a010        0xf kernel/kernel.o
 *fill*         0xc061a01f        0x1 
 .data          0xc061a020        0x0 syscall.o
 .data          0xc061a020        0x0 double_link_list.o
 .data          0xc061a020      0x160 global.o
                0xc061a020                user_task_table
                0xc061a0a0                sys_task_table
                0xc061a164                sys_call_table
 .data          0xc061a180        0x0 kernel_main_old.o
 .data          0xc061a180        0x0 kernel_main.o
 .data          0xc061a180        0x0 protect.o
 .data          0xc061a180        0x0 console.o
 .data          0xc061a180        0x0 process.o
 .data          0xc061a180      0x600 keyboard.o
                0xc061a180                keymap
 .data          0xc061a780        0x0 thread.o
 .data          0xc061a780        0x0 my_process.o
 .data          0xc061a780      0x224 network/socket.o
 .data          0xc061a9a4        0x4 network/ip_input.o
 *fill*         0xc061a9a8       0x18 
 .data          0xc061a9c0       0x54 network/udp_sock.o
                0xc061a9e0                udp_ops
 .data          0xc061aa14        0x4 network/dst.o
 .data          0xc061aa18        0x4 network/netdev.o
 .data          0xc061aa1c        0x4 network/ip_output.o
 .data          0xc061aa20        0x8 network/tcp.o
 .data          0xc061aa28        0x4 network/sock.o
 .data          0xc061aa2c        0x4 network/tcp_output.o
 .data          0xc061aa30       0x14 network/arp.o
 *fill*         0xc061aa44       0x1c 
 .data          0xc061aa60       0x54 network/tcp_sock.o
                0xc061aa80                tcp_ops
 .data          0xc061aab4        0xc network/ipc.o
 .data          0xc061aac0        0x4 network/icmpv4.o
 .data          0xc061aac4        0x4 network/skbuff.o
 *fill*         0xc061aac8       0x18 
 .data          0xc061aae0       0x80 network/inet.o
                0xc061aae8                inet
 .data          0xc061ab60        0x4 network/tcp_input.o
 .data          0xc061ab64        0x0 network/task_network.o
 .data          0xc061ab64        0xc network/route.o
 .data          0xc061ab70        0x8 network/udp.o
 .data          0xc061ab78        0x4 network/tcp_data.o
 .data          0xc061ab7c        0x4 network/utils.o
 .data          0xc061ab80        0x0 hd/hd.o
 .data          0xc061ab80        0x0 fs/fs_main.o
 .data          0xc061ab80        0x0 mm/forkexit.o
 .data          0xc061ab80        0x0 mm/exec.o
 .data          0xc061ab80        0x0 mm/main.o
 .data          0xc061ab80        0x0 mem/mem.o
 .data          0xc061ab80        0x0 lib/floor.o
 .data          0xc061ab80        0x0 lib/exec.o
 .data          0xc061ab80        0x0 lib/exit.o
 .data          0xc061ab80        0x0 lib/unlink.o
 .data          0xc061ab80        0x0 lib/wait.o
 .data          0xc061ab80        0x4 lib/socket_close.o
 .data          0xc061ab84        0x4 lib/socket_read.o
 .data          0xc061ab88        0x0 lib/calloc.o
 .data          0xc061ab88        0x0 lib/alloca.o
 .data          0xc061ab88        0x0 lib/fork.o
 .data          0xc061ab88        0x4 lib/socket_write.o
 .data          0xc061ab8c        0x0 lib/getpid.o
 .data          0xc061ab8c        0x0 lib/stdlib/atoi.o
 .data          0xc061ab8c        0x0 lib/string/strtok.o
 .data          0xc061ab8c        0x0 lib/string/strcmp.o
 .data          0xc061ab8c        0x0 lib/string/strncmp.o
 .data          0xc061ab8c        0x0 lib/string/strpbrk.o
 .data          0xc061ab8c        0x0 lib/stdio/read.o
 .data          0xc061ab8c        0x0 lib/stdio/perror.o
 .data          0xc061ab8c        0x0 lib/stdio/sscanf.o
 .data          0xc061ab8c        0x0 lib/stdio/open.o
 .data          0xc061ab8c        0x0 lib/stdio/write.o
 .data          0xc061ab8c        0x0 lib/stdio/close.o
 .data          0xc061ab8c        0x4 lib/sys/socket.o
 .data          0xc061ab90        0x4 lib/sys/connect.o
 .data          0xc061ab94        0x0 lib/arpa/ntohs.o
 .data          0xc061ab94        0x0 lib/arpa/htonl.o
 .data          0xc061ab94        0x0 lib/arpa/htons.o
 .data          0xc061ab94        0x0 lib/arpa/inet_pton.o
 .data          0xc061ab94        0x0 lib/arpa/ntohl.o
 .data          0xc061ab94        0x0 lib/arpa/inet_ntop.o

.data1
 *(.data1)
                0xc061ab94                        _edata = .
                [!provide]                        PROVIDE (edata = .)
                0xc061ab94                        . = .
                0xc061ab94                        __bss_start = .

.bss            0xc061aba0    0x95628
 *(.dynbss)
 *(.bss .bss.* .gnu.linkonce.b.*)
 .bss           0xc061aba0      0x800 kernel/kernel_sub.o
 .bss           0xc061b3a0      0x800 kernel/kernel.o
 .bss           0xc061bba0        0x0 double_link_list.o
 .bss           0xc061bba0        0x0 global.o
 .bss           0xc061bba0        0x0 kernel_main_old.o
 .bss           0xc061bba0        0x0 kernel_main.o
 .bss           0xc061bba0        0x0 protect.o
 .bss           0xc061bba0        0x0 console.o
 .bss           0xc061bba0        0x0 process.o
 .bss           0xc061bba0        0x0 keyboard.o
 .bss           0xc061bba0        0x0 thread.o
 .bss           0xc061bba0        0x0 my_process.o
 .bss           0xc061bba0        0x4 network/socket.o
 .bss           0xc061bba4        0x0 network/ip_input.o
 .bss           0xc061bba4        0x4 network/udp_sock.o
 .bss           0xc061bba8        0x0 network/dst.o
 .bss           0xc061bba8        0x0 network/netdev.o
 .bss           0xc061bba8        0x0 network/ip_output.o
 .bss           0xc061bba8        0x0 network/tcp.o
 .bss           0xc061bba8        0x0 network/sock.o
 .bss           0xc061bba8        0x0 network/tcp_output.o
 .bss           0xc061bba8        0x0 network/arp.o
 .bss           0xc061bba8        0x0 network/tcp_sock.o
 .bss           0xc061bba8        0x4 network/ipc.o
 .bss           0xc061bbac        0x0 network/icmpv4.o
 .bss           0xc061bbac        0x0 network/skbuff.o
 .bss           0xc061bbac        0x0 network/inet.o
 .bss           0xc061bbac        0x0 network/tcp_input.o
 .bss           0xc061bbac        0x0 network/task_network.o
 .bss           0xc061bbac        0x0 network/route.o
 .bss           0xc061bbac        0x0 network/udp.o
 .bss           0xc061bbac        0x0 network/tcp_data.o
 .bss           0xc061bbac        0x0 network/utils.o
 .bss           0xc061bbac        0x0 hd/hd.o
 .bss           0xc061bbac        0x4 fs/fs_main.o
                0xc061bbac                c
 .bss           0xc061bbb0        0x0 mm/forkexit.o
 .bss           0xc061bbb0        0x0 mm/exec.o
 .bss           0xc061bbb0        0x0 mm/main.o
 .bss           0xc061bbb0        0x0 mem/mem.o
 .bss           0xc061bbb0        0x0 lib/floor.o
 .bss           0xc061bbb0        0x0 lib/exec.o
 .bss           0xc061bbb0        0x0 lib/exit.o
 .bss           0xc061bbb0        0x0 lib/unlink.o
 .bss           0xc061bbb0        0x0 lib/wait.o
 .bss           0xc061bbb0        0x0 lib/socket_close.o
 .bss           0xc061bbb0        0x0 lib/socket_read.o
 .bss           0xc061bbb0        0x0 lib/calloc.o
 .bss           0xc061bbb0        0x0 lib/alloca.o
 .bss           0xc061bbb0        0x0 lib/fork.o
 .bss           0xc061bbb0        0x0 lib/socket_write.o
 .bss           0xc061bbb0        0x0 lib/getpid.o
 .bss           0xc061bbb0        0x0 lib/stdlib/atoi.o
 .bss           0xc061bbb0        0x4 lib/string/strtok.o
 .bss           0xc061bbb4        0x0 lib/string/strcmp.o
 .bss           0xc061bbb4        0x0 lib/string/strncmp.o
 .bss           0xc061bbb4        0x0 lib/string/strpbrk.o
 .bss           0xc061bbb4        0x0 lib/stdio/read.o
 .bss           0xc061bbb4        0x0 lib/stdio/perror.o
 .bss           0xc061bbb4        0x0 lib/stdio/sscanf.o
 .bss           0xc061bbb4        0x0 lib/stdio/open.o
 .bss           0xc061bbb4        0x0 lib/stdio/write.o
 .bss           0xc061bbb4        0x0 lib/stdio/close.o
 .bss           0xc061bbb4        0x0 lib/sys/socket.o
 .bss           0xc061bbb4        0x0 lib/sys/connect.o
 .bss           0xc061bbb4        0x0 lib/arpa/ntohs.o
 .bss           0xc061bbb4        0x0 lib/arpa/htonl.o
 .bss           0xc061bbb4        0x0 lib/arpa/htons.o
 .bss           0xc061bbb4        0x0 lib/arpa/inet_pton.o
 .bss           0xc061bbb4        0x0 lib/arpa/ntohl.o
 .bss           0xc061bbb4        0x0 lib/arpa/inet_ntop.o
 *(COMMON)
 *fill*         0xc061bbb4        0xc 
 COMMON         0xc061bbc0     0x17b8 double_link_list.o
                0xc061bbc0                current_tty
                0xc061bbc4                is_e0
                0xc061bbc8                idt_ptr
                0xc061bbd0                pid
                0xc061bbd4                KernelVirtualMemory
                0xc061bbe0                current_dis_pos
                0xc061bbe4                dis_pos
                0xc061bbe8                k_reenter
                0xc061bc00                gdt
                0xc061c000                proc_ready_table
                0xc061c004                test_ticks
                0xc061c008                pcaller
                0xc061c020                keyboard_buffer
                0xc061c22c                pcb_list
                0xc061c23c                gdt_index
                0xc061c240                tty_table
                0xc061ca80                tss
                0xc061caec                KernelPool
                0xc061cafc                net_buf
                0xc061cb00                nic_current_page
                0xc061cb04                counter
                0xc061cb08                key_pressed
                0xc061cb0c                fork_pid
                0xc061cb10                is_shift
                0xc061cb11                net_data
                0xc061cb14                gdt_ptr
                0xc061cb20                idt
                0xc061d320                main_thread
                0xc061d328                ticks
                0xc061d330                is_init
                0xc061d334                UserPool
                0xc061d344                all_pcb_list
                0xc061d354                console_table
                0xc061d364                is_disp
                0xc061d368                MAIN_THREAD_PAGE_DIRECTORY
                0xc061d36c                helloStr
 *fill*         0xc061d378        0x8 
 COMMON         0xc061d380    0x91ad0 global.o
                0xc061d380                proc_stack
                0xc06ad380                proc_table
 COMMON         0xc06aee50        0x8 network/netdev.o
                0xc06aee50                loop
                0xc06aee54                netdev
 *fill*         0xc06aee58        0x8 
 COMMON         0xc06aee60      0x440 hd/hd.o
                0xc06aee60                hd_info
                0xc06af0a0                hd_cache
 COMMON         0xc06af2a0      0xe68 fs/fs_main.o
                0xc06af2a0                file_desc_table
                0xc06af6a0                phy_super_block_buf
                0xc06af6a4                phy_fsbuf
                0xc06af6c0                inode_table
                0xc06b00c0                super_block_buf
                0xc06b00c4                fsbuf
                0xc06b00e0                root
 *fill*         0xc06b0108       0x18 
 COMMON         0xc06b0120       0xa8 mem/mem.o
                0xc06b0120                kernel_mem_block_decs_array
                0xc06b01c8                        . = ALIGN ((. != 0x0)?0x4:0x1)
                0xc06b01c8                        . = ALIGN (0x4)
                0xc06b01c8                        . = SEGMENT_START ("ldata-segment", .)
                0xc06b01c8                        . = ALIGN (0x4)
                0xc06b01c8                        _end = .
                [!provide]                        PROVIDE (end = .)
                0xc06b01c8                        . = DATA_SEGMENT_END (.)

.stab
 *(.stab)

.stabstr
 *(.stabstr)

.stab.excl
 *(.stab.excl)

.stab.exclstr
 *(.stab.exclstr)

.stab.index
 *(.stab.index)

.stab.indexstr
 *(.stab.indexstr)

.comment        0x00000000       0x2c
 *(.comment)
 .comment       0x00000000       0x2c double_link_list.o
                                 0x2d (size before relaxing)
 .comment       0x0000002c       0x2d global.o
 .comment       0x0000002c       0x2d kernel_main_old.o
 .comment       0x0000002c       0x2d kernel_main.o
 .comment       0x0000002c       0x2d protect.o
 .comment       0x0000002c       0x2d console.o
 .comment       0x0000002c       0x2d process.o
 .comment       0x0000002c       0x2d keyboard.o
 .comment       0x0000002c       0x2d thread.o
 .comment       0x0000002c       0x2d my_process.o
 .comment       0x0000002c       0x2d network/socket.o
 .comment       0x0000002c       0x2d network/ip_input.o
 .comment       0x0000002c       0x2d network/udp_sock.o
 .comment       0x0000002c       0x2d network/dst.o
 .comment       0x0000002c       0x2d network/netdev.o
 .comment       0x0000002c       0x2d network/ip_output.o
 .comment       0x0000002c       0x2d network/tcp.o
 .comment       0x0000002c       0x2d network/sock.o
 .comment       0x0000002c       0x2d network/tcp_output.o
 .comment       0x0000002c       0x2d network/arp.o
 .comment       0x0000002c       0x2d network/tcp_sock.o
 .comment       0x0000002c       0x2d network/ipc.o
 .comment       0x0000002c       0x2d network/icmpv4.o
 .comment       0x0000002c       0x2d network/skbuff.o
 .comment       0x0000002c       0x2d network/inet.o
 .comment       0x0000002c       0x2d network/tcp_input.o
 .comment       0x0000002c       0x2d network/task_network.o
 .comment       0x0000002c       0x2d network/route.o
 .comment       0x0000002c       0x2d network/udp.o
 .comment       0x0000002c       0x2d network/tcp_data.o
 .comment       0x0000002c       0x2d network/utils.o
 .comment       0x0000002c       0x2d hd/hd.o
 .comment       0x0000002c       0x2d fs/fs_main.o
 .comment       0x0000002c       0x2d mm/forkexit.o
 .comment       0x0000002c       0x2d mm/exec.o
 .comment       0x0000002c       0x2d mm/main.o
 .comment       0x0000002c       0x2d mem/mem.o
 .comment       0x0000002c       0x2d lib/floor.o
 .comment       0x0000002c       0x2d lib/exec.o
 .comment       0x0000002c       0x2d lib/exit.o
 .comment       0x0000002c       0x2d lib/unlink.o
 .comment       0x0000002c       0x2d lib/wait.o
 .comment       0x0000002c       0x2d lib/socket_close.o
 .comment       0x0000002c       0x2d lib/socket_read.o
 .comment       0x0000002c       0x2d lib/calloc.o
 .comment       0x0000002c       0x2d lib/alloca.o
 .comment       0x0000002c       0x2d lib/fork.o
 .comment       0x0000002c       0x2d lib/socket_write.o
 .comment       0x0000002c       0x2d lib/getpid.o
 .comment       0x0000002c       0x2d lib/stdlib/atoi.o
 .comment       0x0000002c       0x2d lib/string/strtok.o
 .comment       0x0000002c       0x2d lib/string/strcmp.o
 .comment       0x0000002c       0x2d lib/string/strncmp.o
 .comment       0x0000002c       0x2d lib/string/strpbrk.o
 .comment       0x0000002c       0x2d lib/stdio/read.o
 .comment       0x0000002c       0x2d lib/stdio/perror.o
 .comment       0x0000002c       0x2d lib/stdio/sscanf.o
 .comment       0x0000002c       0x2d lib/stdio/open.o
 .comment       0x0000002c       0x2d lib/stdio/write.o
 .comment       0x0000002c       0x2d lib/stdio/close.o
 .comment       0x0000002c       0x2d lib/sys/socket.o
 .comment       0x0000002c       0x2d lib/sys/connect.o
 .comment       0x0000002c       0x2d lib/arpa/ntohs.o
 .comment       0x0000002c       0x2d lib/arpa/htonl.o
 .comment       0x0000002c       0x2d lib/arpa/htons.o
 .comment       0x0000002c       0x2d lib/arpa/inet_pton.o
 .comment       0x0000002c       0x2d lib/arpa/ntohl.o
 .comment       0x0000002c       0x2d lib/arpa/inet_ntop.o

.gnu.build.attributes
 *(.gnu.build.attributes .gnu.build.attributes.*)

.debug
 *(.debug)

.line
 *(.line)

.debug_srcinfo
 *(.debug_srcinfo)

.debug_sfnames
 *(.debug_sfnames)

.debug_aranges  0x00000000      0x878
 *(.debug_aranges)
 .debug_aranges
                0x00000000       0x20 double_link_list.o
 .debug_aranges
                0x00000020       0x18 global.o
 .debug_aranges
                0x00000038       0x20 kernel_main_old.o
 .debug_aranges
                0x00000058       0x20 kernel_main.o
 .debug_aranges
                0x00000078       0x20 protect.o
 .debug_aranges
                0x00000098       0x20 console.o
 .debug_aranges
                0x000000b8       0x20 process.o
 .debug_aranges
                0x000000d8       0x20 keyboard.o
 .debug_aranges
                0x000000f8       0x20 thread.o
 .debug_aranges
                0x00000118       0x20 my_process.o
 .debug_aranges
                0x00000138       0x20 network/socket.o
 .debug_aranges
                0x00000158       0x20 network/ip_input.o
 .debug_aranges
                0x00000178       0x20 network/udp_sock.o
 .debug_aranges
                0x00000198       0x20 network/dst.o
 .debug_aranges
                0x000001b8       0x20 network/netdev.o
 .debug_aranges
                0x000001d8       0x20 network/ip_output.o
 .debug_aranges
                0x000001f8       0x20 network/tcp.o
 .debug_aranges
                0x00000218       0x20 network/sock.o
 .debug_aranges
                0x00000238       0x20 network/tcp_output.o
 .debug_aranges
                0x00000258       0x20 network/arp.o
 .debug_aranges
                0x00000278       0x20 network/tcp_sock.o
 .debug_aranges
                0x00000298       0x20 network/ipc.o
 .debug_aranges
                0x000002b8       0x20 network/icmpv4.o
 .debug_aranges
                0x000002d8       0x20 network/skbuff.o
 .debug_aranges
                0x000002f8       0x20 network/inet.o
 .debug_aranges
                0x00000318       0x20 network/tcp_input.o
 .debug_aranges
                0x00000338       0x20 network/task_network.o
 .debug_aranges
                0x00000358       0x20 network/route.o
 .debug_aranges
                0x00000378       0x20 network/udp.o
 .debug_aranges
                0x00000398       0x20 network/tcp_data.o
 .debug_aranges
                0x000003b8       0x20 network/utils.o
 .debug_aranges
                0x000003d8       0x20 hd/hd.o
 .debug_aranges
                0x000003f8       0x20 fs/fs_main.o
 .debug_aranges
                0x00000418       0x20 mm/forkexit.o
 .debug_aranges
                0x00000438       0x20 mm/exec.o
 .debug_aranges
                0x00000458       0x20 mm/main.o
 .debug_aranges
                0x00000478       0x20 mem/mem.o
 .debug_aranges
                0x00000498       0x20 lib/floor.o
 .debug_aranges
                0x000004b8       0x20 lib/exec.o
 .debug_aranges
                0x000004d8       0x20 lib/exit.o
 .debug_aranges
                0x000004f8       0x20 lib/unlink.o
 .debug_aranges
                0x00000518       0x20 lib/wait.o
 .debug_aranges
                0x00000538       0x20 lib/socket_close.o
 .debug_aranges
                0x00000558       0x20 lib/socket_read.o
 .debug_aranges
                0x00000578       0x20 lib/calloc.o
 .debug_aranges
                0x00000598       0x20 lib/alloca.o
 .debug_aranges
                0x000005b8       0x20 lib/fork.o
 .debug_aranges
                0x000005d8       0x20 lib/socket_write.o
 .debug_aranges
                0x000005f8       0x20 lib/getpid.o
 .debug_aranges
                0x00000618       0x20 lib/stdlib/atoi.o
 .debug_aranges
                0x00000638       0x20 lib/string/strtok.o
 .debug_aranges
                0x00000658       0x20 lib/string/strcmp.o
 .debug_aranges
                0x00000678       0x20 lib/string/strncmp.o
 .debug_aranges
                0x00000698       0x20 lib/string/strpbrk.o
 .debug_aranges
                0x000006b8       0x20 lib/stdio/read.o
 .debug_aranges
                0x000006d8       0x20 lib/stdio/perror.o
 .debug_aranges
                0x000006f8       0x20 lib/stdio/sscanf.o
 .debug_aranges
                0x00000718       0x20 lib/stdio/open.o
 .debug_aranges
                0x00000738       0x20 lib/stdio/write.o
 .debug_aranges
                0x00000758       0x20 lib/stdio/close.o
 .debug_aranges
                0x00000778       0x20 lib/sys/socket.o
 .debug_aranges
                0x00000798       0x20 lib/sys/connect.o
 .debug_aranges
                0x000007b8       0x20 lib/arpa/ntohs.o
 .debug_aranges
                0x000007d8       0x20 lib/arpa/htonl.o
 .debug_aranges
                0x000007f8       0x20 lib/arpa/htons.o
 .debug_aranges
                0x00000818       0x20 lib/arpa/inet_pton.o
 .debug_aranges
                0x00000838       0x20 lib/arpa/ntohl.o
 .debug_aranges
                0x00000858       0x20 lib/arpa/inet_ntop.o

.debug_pubnames
 *(.debug_pubnames)

.debug_info     0x00000000    0x41da6
 *(.debug_info .gnu.linkonce.wi.*)
 .debug_info    0x00000000     0x1042 double_link_list.o
 .debug_info    0x00001042      0xe8a global.o
 .debug_info    0x00001ecc     0x2861 kernel_main_old.o
 .debug_info    0x0000472d     0x117b kernel_main.o
 .debug_info    0x000058a8     0x11b5 protect.o
 .debug_info    0x00006a5d     0x128a console.o
 .debug_info    0x00007ce7      0xf62 process.o
 .debug_info    0x00008c49      0xfde keyboard.o
 .debug_info    0x00009c27     0x1069 thread.o
 .debug_info    0x0000ac90     0x149d my_process.o
 .debug_info    0x0000c12d     0x1ba7 network/socket.o
 .debug_info    0x0000dcd4     0x1aab network/ip_input.o
 .debug_info    0x0000f77f     0x1edd network/udp_sock.o
 .debug_info    0x0001165c     0x11ea network/dst.o
 .debug_info    0x00012846     0x1776 network/netdev.o
 .debug_info    0x00013fbc     0x1745 network/ip_output.o
 .debug_info    0x00015701     0x1e0e network/tcp.o
 .debug_info    0x0001750f     0x1860 network/sock.o
 .debug_info    0x00018d6f     0x2329 network/tcp_output.o
 .debug_info    0x0001b098      0x76e network/arp.o
 .debug_info    0x0001b806     0x21ff network/tcp_sock.o
 .debug_info    0x0001da05     0x1c3e network/ipc.o
 .debug_info    0x0001f643     0x1909 network/icmpv4.o
 .debug_info    0x00020f4c      0x3a7 network/skbuff.o
 .debug_info    0x000212f3     0x1a0c network/inet.o
 .debug_info    0x00022cff     0x2111 network/tcp_input.o
 .debug_info    0x00024e10      0x689 network/task_network.o
 .debug_info    0x00025499     0x1282 network/route.o
 .debug_info    0x0002671b     0x1b0e network/udp.o
 .debug_info    0x00028229     0x1d77 network/tcp_data.o
 .debug_info    0x00029fa0      0x367 network/utils.o
 .debug_info    0x0002a307     0x17f9 hd/hd.o
 .debug_info    0x0002bb00     0x1f3b fs/fs_main.o
 .debug_info    0x0002da3b      0xf9e mm/forkexit.o
 .debug_info    0x0002e9d9     0x11da mm/exec.o
 .debug_info    0x0002fbb3      0xdcc mm/main.o
 .debug_info    0x0003097f     0x1d5e mem/mem.o
 .debug_info    0x000326dd       0x6b lib/floor.o
 .debug_info    0x00032748      0xf40 lib/exec.o
 .debug_info    0x00033688      0xdb3 lib/exit.o
 .debug_info    0x0003443b      0xe91 lib/unlink.o
 .debug_info    0x000352cc      0xdc1 lib/wait.o
 .debug_info    0x0003608d      0xebf lib/socket_close.o
 .debug_info    0x00036f4c      0xfc7 lib/socket_read.o
 .debug_info    0x00037f13      0xeb9 lib/calloc.o
 .debug_info    0x00038dcc       0x9f lib/alloca.o
 .debug_info    0x00038e6b      0xda8 lib/fork.o
 .debug_info    0x00039c13      0xfcc lib/socket_write.o
 .debug_info    0x0003abdf      0xda8 lib/getpid.o
 .debug_info    0x0003b987       0xc9 lib/stdlib/atoi.o
 .debug_info    0x0003ba50       0xae lib/string/strtok.o
 .debug_info    0x0003bafe       0xc1 lib/string/strcmp.o
 .debug_info    0x0003bbbf      0x110 lib/string/strncmp.o
 .debug_info    0x0003bccf       0xcf lib/string/strpbrk.o
 .debug_info    0x0003bd9e      0xea1 lib/stdio/read.o
 .debug_info    0x0003cc3f       0x5c lib/stdio/perror.o
 .debug_info    0x0003cc9b      0x20e lib/stdio/sscanf.o
 .debug_info    0x0003cea9      0xe02 lib/stdio/open.o
 .debug_info    0x0003dcab      0xe2f lib/stdio/write.o
 .debug_info    0x0003eada      0xdb6 lib/stdio/close.o
 .debug_info    0x0003f890      0xea0 lib/sys/socket.o
 .debug_info    0x00040730      0xfa6 lib/sys/connect.o
 .debug_info    0x000416d6       0xa8 lib/arpa/ntohs.o
 .debug_info    0x0004177e       0xcb lib/arpa/htonl.o
 .debug_info    0x00041849       0xa8 lib/arpa/htons.o
 .debug_info    0x000418f1      0x260 lib/arpa/inet_pton.o
 .debug_info    0x00041b51       0xcb lib/arpa/ntohl.o
 .debug_info    0x00041c1c      0x18a lib/arpa/inet_ntop.o

.debug_abbrev   0x00000000     0x81f2
 *(.debug_abbrev)
 .debug_abbrev  0x00000000      0x216 double_link_list.o
 .debug_abbrev  0x00000216      0x157 global.o
 .debug_abbrev  0x0000036d      0x43a kernel_main_old.o
 .debug_abbrev  0x000007a7      0x25e kernel_main.o
 .debug_abbrev  0x00000a05      0x227 protect.o
 .debug_abbrev  0x00000c2c      0x2ac console.o
 .debug_abbrev  0x00000ed8      0x1e0 process.o
 .debug_abbrev  0x000010b8      0x1fb keyboard.o
 .debug_abbrev  0x000012b3      0x222 thread.o
 .debug_abbrev  0x000014d5      0x260 my_process.o
 .debug_abbrev  0x00001735      0x327 network/socket.o
 .debug_abbrev  0x00001a5c      0x2d1 network/ip_input.o
 .debug_abbrev  0x00001d2d      0x3b1 network/udp_sock.o
 .debug_abbrev  0x000020de      0x204 network/dst.o
 .debug_abbrev  0x000022e2      0x2f4 network/netdev.o
 .debug_abbrev  0x000025d6      0x213 network/ip_output.o
 .debug_abbrev  0x000027e9      0x332 network/tcp.o
 .debug_abbrev  0x00002b1b      0x273 network/sock.o
 .debug_abbrev  0x00002d8e      0x39b network/tcp_output.o
 .debug_abbrev  0x00003129      0x210 network/arp.o
 .debug_abbrev  0x00003339      0x3e6 network/tcp_sock.o
 .debug_abbrev  0x0000371f      0x2ee network/ipc.o
 .debug_abbrev  0x00003a0d      0x236 network/icmpv4.o
 .debug_abbrev  0x00003c43      0x17f network/skbuff.o
 .debug_abbrev  0x00003dc2      0x24b network/inet.o
 .debug_abbrev  0x0000400d      0x355 network/tcp_input.o
 .debug_abbrev  0x00004362      0x16b network/task_network.o
 .debug_abbrev  0x000044cd      0x24e network/route.o
 .debug_abbrev  0x0000471b      0x2d3 network/udp.o
 .debug_abbrev  0x000049ee      0x2a6 network/tcp_data.o
 .debug_abbrev  0x00004c94      0x17a network/utils.o
 .debug_abbrev  0x00004e0e      0x2e3 hd/hd.o
 .debug_abbrev  0x000050f1      0x2ef fs/fs_main.o
 .debug_abbrev  0x000053e0      0x204 mm/forkexit.o
 .debug_abbrev  0x000055e4      0x1c4 mm/exec.o
 .debug_abbrev  0x000057a8      0x208 mm/main.o
 .debug_abbrev  0x000059b0      0x330 mem/mem.o
 .debug_abbrev  0x00005ce0       0x6a lib/floor.o
 .debug_abbrev  0x00005d4a      0x1e8 lib/exec.o
 .debug_abbrev  0x00005f32      0x19b lib/exit.o
 .debug_abbrev  0x000060cd      0x193 lib/unlink.o
 .debug_abbrev  0x00006260      0x19f lib/wait.o
 .debug_abbrev  0x000063ff      0x1c5 lib/socket_close.o
 .debug_abbrev  0x000065c4      0x1dd lib/socket_read.o
 .debug_abbrev  0x000067a1      0x191 lib/calloc.o
 .debug_abbrev  0x00006932       0x91 lib/alloca.o
 .debug_abbrev  0x000069c3      0x18a lib/fork.o
 .debug_abbrev  0x00006b4d      0x1db lib/socket_write.o
 .debug_abbrev  0x00006d28      0x18a lib/getpid.o
 .debug_abbrev  0x00006eb2       0x94 lib/stdlib/atoi.o
 .debug_abbrev  0x00006f46       0x91 lib/string/strtok.o
 .debug_abbrev  0x00006fd7       0x94 lib/string/strcmp.o
 .debug_abbrev  0x0000706b       0xbe lib/string/strncmp.o
 .debug_abbrev  0x00007129       0xa5 lib/string/strpbrk.o
 .debug_abbrev  0x000071ce      0x1ef lib/stdio/read.o
 .debug_abbrev  0x000073bd       0x5c lib/stdio/perror.o
 .debug_abbrev  0x00007419       0xdd lib/stdio/sscanf.o
 .debug_abbrev  0x000074f6      0x1c5 lib/stdio/open.o
 .debug_abbrev  0x000076bb      0x1db lib/stdio/write.o
 .debug_abbrev  0x00007896      0x19d lib/stdio/close.o
 .debug_abbrev  0x00007a33      0x1c5 lib/sys/socket.o
 .debug_abbrev  0x00007bf8      0x1cc lib/sys/connect.o
 .debug_abbrev  0x00007dc4       0x6c lib/arpa/ntohs.o
 .debug_abbrev  0x00007e30       0xa5 lib/arpa/htonl.o
 .debug_abbrev  0x00007ed5       0x6c lib/arpa/htons.o
 .debug_abbrev  0x00007f41      0x116 lib/arpa/inet_pton.o
 .debug_abbrev  0x00008057       0xa5 lib/arpa/ntohl.o
 .debug_abbrev  0x000080fc       0xf6 lib/arpa/inet_ntop.o

.debug_line     0x00000000     0x9e69
 *(.debug_line .debug_line.* .debug_line_end)
 .debug_line    0x00000000      0x217 double_link_list.o
 .debug_line    0x00000217       0x95 global.o
 .debug_line    0x000002ac      0xe2f kernel_main_old.o
 .debug_line    0x000010db      0x226 kernel_main.o
 .debug_line    0x00001301      0x1ff protect.o
 .debug_line    0x00001500      0x54e console.o
 .debug_line    0x00001a4e      0x1ba process.o
 .debug_line    0x00001c08      0x296 keyboard.o
 .debug_line    0x00001e9e      0x145 thread.o
 .debug_line    0x00001fe3      0x33b my_process.o
 .debug_line    0x0000231e      0x3a6 network/socket.o
 .debug_line    0x000026c4      0x276 network/ip_input.o
 .debug_line    0x0000293a      0x4b2 network/udp_sock.o
 .debug_line    0x00002dec      0x15f network/dst.o
 .debug_line    0x00002f4b      0x3fe network/netdev.o
 .debug_line    0x00003349      0x1ff network/ip_output.o
 .debug_line    0x00003548      0x2f5 network/tcp.o
 .debug_line    0x0000383d      0x222 network/sock.o
 .debug_line    0x00003a5f      0x58b network/tcp_output.o
 .debug_line    0x00003fea      0x354 network/arp.o
 .debug_line    0x0000433e      0x57d network/tcp_sock.o
 .debug_line    0x000048bb      0x5ab network/ipc.o
 .debug_line    0x00004e66      0x226 network/icmpv4.o
 .debug_line    0x0000508c      0x129 network/skbuff.o
 .debug_line    0x000051b5      0x30e network/inet.o
 .debug_line    0x000054c3      0x65a network/tcp_input.o
 .debug_line    0x00005b1d       0xe6 network/task_network.o
 .debug_line    0x00005c03      0x209 network/route.o
 .debug_line    0x00005e0c      0x2ec network/udp.o
 .debug_line    0x000060f8      0x3e9 network/tcp_data.o
 .debug_line    0x000064e1      0x13c network/utils.o
 .debug_line    0x0000661d      0x62f hd/hd.o
 .debug_line    0x00006c4c      0xc25 fs/fs_main.o
 .debug_line    0x00007871      0x174 mm/forkexit.o
 .debug_line    0x000079e5      0x20c mm/exec.o
 .debug_line    0x00007bf1       0xec mm/main.o
 .debug_line    0x00007cdd      0x778 mem/mem.o
 .debug_line    0x00008455       0x5a lib/floor.o
 .debug_line    0x000084af      0x18b lib/exec.o
 .debug_line    0x0000863a       0xa0 lib/exit.o
 .debug_line    0x000086da       0xc0 lib/unlink.o
 .debug_line    0x0000879a       0xb7 lib/wait.o
 .debug_line    0x00008851      0x11c lib/socket_close.o
 .debug_line    0x0000896d      0x151 lib/socket_read.o
 .debug_line    0x00008abe       0xe3 lib/calloc.o
 .debug_line    0x00008ba1       0x6b lib/alloca.o
 .debug_line    0x00008c0c       0xa5 lib/fork.o
 .debug_line    0x00008cb1      0x154 lib/socket_write.o
 .debug_line    0x00008e05       0xa0 lib/getpid.o
 .debug_line    0x00008ea5       0xad lib/stdlib/atoi.o
 .debug_line    0x00008f52       0x6e lib/string/strtok.o
 .debug_line    0x00008fc0       0x9c lib/string/strcmp.o
 .debug_line    0x0000905c       0xcc lib/string/strncmp.o
 .debug_line    0x00009128       0xb0 lib/string/strpbrk.o
 .debug_line    0x000091d8      0x15b lib/stdio/read.o
 .debug_line    0x00009333       0x48 lib/stdio/perror.o
 .debug_line    0x0000937b      0x1d2 lib/stdio/sscanf.o
 .debug_line    0x0000954d       0xc3 lib/stdio/open.o
 .debug_line    0x00009610       0xc2 lib/stdio/write.o
 .debug_line    0x000096d2       0xb3 lib/stdio/close.o
 .debug_line    0x00009785      0x10e lib/sys/socket.o
 .debug_line    0x00009893      0x13e lib/sys/connect.o
 .debug_line    0x000099d1       0x6c lib/arpa/ntohs.o
 .debug_line    0x00009a3d       0xc1 lib/arpa/htonl.o
 .debug_line    0x00009afe       0x6c lib/arpa/htons.o
 .debug_line    0x00009b6a      0x167 lib/arpa/inet_pton.o
 .debug_line    0x00009cd1       0xc1 lib/arpa/ntohl.o
 .debug_line    0x00009d92       0xd7 lib/arpa/inet_ntop.o

.debug_frame
 *(.debug_frame)

.debug_str      0x00000000     0x3730
 *(.debug_str)
 .debug_str     0x00000000     0x3730 double_link_list.o
                                0x6dd (size before relaxing)
 .debug_str     0x00003730      0x60b global.o
 .debug_str     0x00003730      0xb86 kernel_main_old.o
 .debug_str     0x00003730      0x757 kernel_main.o
 .debug_str     0x00003730      0x766 protect.o
 .debug_str     0x00003730      0x75a console.o
 .debug_str     0x00003730      0x645 process.o
 .debug_str     0x00003730      0x697 keyboard.o
 .debug_str     0x00003730      0x712 thread.o
 .debug_str     0x00003730      0x8f9 my_process.o
 .debug_str     0x00003730      0x923 network/socket.o
 .debug_str     0x00003730      0x996 network/ip_input.o
 .debug_str     0x00003730      0xa6c network/udp_sock.o
 .debug_str     0x00003730      0x71d network/dst.o
 .debug_str     0x00003730      0x895 network/netdev.o
 .debug_str     0x00003730      0x851 network/ip_output.o
 .debug_str     0x00003730      0xb28 network/tcp.o
 .debug_str     0x00003730      0x8b1 network/sock.o
 .debug_str     0x00003730      0xc18 network/tcp_output.o
 .debug_str     0x00003730      0x2f6 network/arp.o
 .debug_str     0x00003730      0xcbb network/tcp_sock.o
 .debug_str     0x00003730      0x8cd network/ipc.o
 .debug_str     0x00003730      0x915 network/icmpv4.o
 .debug_str     0x00003730      0x1d8 network/skbuff.o
 .debug_str     0x00003730      0x8e2 network/inet.o
 .debug_str     0x00003730      0xb88 network/tcp_input.o
 .debug_str     0x00003730      0x2a1 network/task_network.o
 .debug_str     0x00003730      0x73e network/route.o
 .debug_str     0x00003730      0x948 network/udp.o
 .debug_str     0x00003730      0xa44 network/tcp_data.o
 .debug_str     0x00003730      0x1b8 network/utils.o
 .debug_str     0x00003730      0x914 hd/hd.o
 .debug_str     0x00003730      0xaf5 fs/fs_main.o
 .debug_str     0x00003730      0x612 mm/forkexit.o
 .debug_str     0x00003730      0x868 mm/exec.o
 .debug_str     0x00003730      0x593 mm/main.o
 .debug_str     0x00003730      0xab9 mem/mem.o
 .debug_str     0x00003730       0xa2 lib/floor.o
 .debug_str     0x00003730      0x627 lib/exec.o
 .debug_str     0x00003730      0x5a0 lib/exit.o
 .debug_str     0x00003730      0x61f lib/unlink.o
 .debug_str     0x00003730      0x5a0 lib/wait.o
 .debug_str     0x00003730      0x632 lib/socket_close.o
 .debug_str     0x00003730      0x6ae lib/socket_read.o
 .debug_str     0x00003730      0x62c lib/calloc.o
 .debug_str     0x00003730       0xb6 lib/alloca.o
 .debug_str     0x00003730      0x599 lib/fork.o
 .debug_str     0x00003730      0x6b1 lib/socket_write.o
 .debug_str     0x00003730      0x59d lib/getpid.o
 .debug_str     0x00003730       0xad lib/stdlib/atoi.o
 .debug_str     0x00003730       0xb9 lib/string/strtok.o
 .debug_str     0x00003730       0xb1 lib/string/strcmp.o
 .debug_str     0x00003730       0xba lib/string/strncmp.o
 .debug_str     0x00003730       0xc1 lib/string/strpbrk.o
 .debug_str     0x00003730      0x617 lib/stdio/read.o
 .debug_str     0x00003730       0x99 lib/stdio/perror.o
 .debug_str     0x00003730      0x102 lib/stdio/sscanf.o
 .debug_str     0x00003730      0x5de lib/stdio/open.o
 .debug_str     0x00003730      0x5db lib/stdio/write.o
 .debug_str     0x00003730      0x5a6 lib/stdio/close.o
 .debug_str     0x00003730      0x620 lib/sys/socket.o
 .debug_str     0x00003730      0x6a1 lib/sys/connect.o
 .debug_str     0x00003730      0x101 lib/arpa/ntohs.o
 .debug_str     0x00003730       0xf4 lib/arpa/htonl.o
 .debug_str     0x00003730      0x102 lib/arpa/htons.o
 .debug_str     0x00003730      0x14c lib/arpa/inet_pton.o
 .debug_str     0x00003730       0xf3 lib/arpa/ntohl.o
 .debug_str     0x00003730      0x10f lib/arpa/inet_ntop.o

.debug_loc
 *(.debug_loc)

.debug_macinfo
 *(.debug_macinfo)

.debug_weaknames
 *(.debug_weaknames)

.debug_funcnames
 *(.debug_funcnames)

.debug_typenames
 *(.debug_typenames)

.debug_varnames
 *(.debug_varnames)

.debug_pubtypes
 *(.debug_pubtypes)

.debug_ranges   0x00000000       0x90
 *(.debug_ranges)
 .debug_ranges  0x00000000       0x30 kernel_main_old.o
 .debug_ranges  0x00000030       0x48 hd/hd.o
 .debug_ranges  0x00000078       0x18 mm/exec.o

.debug_addr
 *(.debug_addr)

.debug_line_str
 *(.debug_line_str)

.debug_loclists
 *(.debug_loclists)

.debug_macro
 *(.debug_macro)

.debug_names
 *(.debug_names)

.debug_rnglists
 *(.debug_rnglists)

.debug_str_offsets
 *(.debug_str_offsets)

.debug_sup
 *(.debug_sup)

.gnu.attributes
 *(.gnu.attributes)

/DISCARD/
 *(.note.GNU-stack)
 *(.gnu_debuglink)
 *(.gnu.lto_*)
OUTPUT(kernel.bin elf32-i386)
