
Merging program properties

Removed property 0xc0010001 to merge double_link_list.o (0x1) and kernel/kernel_sub.o (not found)
Removed property 0xc0010002 to merge double_link_list.o (0x0) and kernel/kernel_sub.o (not found)
Removed property 0xc0010001 to merge double_link_list.o (not found) and global.o (0x1)
Removed property 0xc0010002 to merge double_link_list.o (not found) and global.o (0x0)
Removed property 0xc0010001 to merge double_link_list.o (not found) and kernel_main_old.o (0x1)
Removed property 0xc0010002 to merge double_link_list.o (not found) and kernel_main_old.o (0x1)
Removed property 0xc0010001 to merge double_link_list.o (not found) and kernel_main.o (0x1)
Removed property 0xc0010002 to merge double_link_list.o (not found) and kernel_main.o (0x0)
Removed property 0xc0010001 to merge double_link_list.o (not found) and protect.o (0x1)
Removed property 0xc0010002 to merge double_link_list.o (not found) and protect.o (0x0)
Removed property 0xc0010001 to merge double_link_list.o (not found) and console.o (0x1)
Removed property 0xc0010002 to merge double_link_list.o (not found) and console.o (0x1)
Removed property 0xc0010001 to merge double_link_list.o (not found) and process.o (0x1)
Removed property 0xc0010002 to merge double_link_list.o (not found) and process.o (0x0)
Removed property 0xc0010001 to merge double_link_list.o (not found) and keyboard.o (0x1)
Removed property 0xc0010002 to merge double_link_list.o (not found) and keyboard.o (0x0)
Removed property 0xc0010001 to merge double_link_list.o (not found) and thread.o (0x1)
Removed property 0xc0010002 to merge double_link_list.o (not found) and thread.o (0x0)
Removed property 0xc0010001 to merge double_link_list.o (not found) and my_process.o (0x1)
Removed property 0xc0010002 to merge double_link_list.o (not found) and my_process.o (0x1)
Removed property 0xc0010001 to merge double_link_list.o (not found) and network/skbuff.o (0x1)
Removed property 0xc0010002 to merge double_link_list.o (not found) and network/skbuff.o (0x0)
Removed property 0xc0010001 to merge double_link_list.o (not found) and network/socket.o (0x1)
Removed property 0xc0010002 to merge double_link_list.o (not found) and network/socket.o (0x0)
Removed property 0xc0010001 to merge double_link_list.o (not found) and network/ip_input.o (0x1)
Removed property 0xc0010002 to merge double_link_list.o (not found) and network/ip_input.o (0x0)
Removed property 0xc0010001 to merge double_link_list.o (not found) and network/udp_sock.o (0x1)
Removed property 0xc0010002 to merge double_link_list.o (not found) and network/udp_sock.o (0x0)
Removed property 0xc0010001 to merge double_link_list.o (not found) and network/inet.o (0x1)
Removed property 0xc0010002 to merge double_link_list.o (not found) and network/inet.o (0x0)
Removed property 0xc0010001 to merge double_link_list.o (not found) and network/ip_output.o (0x1)
Removed property 0xc0010002 to merge double_link_list.o (not found) and network/ip_output.o (0x0)
Removed property 0xc0010001 to merge double_link_list.o (not found) and network/tcp.o (0x1)
Removed property 0xc0010002 to merge double_link_list.o (not found) and network/tcp.o (0x0)
Removed property 0xc0010001 to merge double_link_list.o (not found) and network/sock.o (0x1)
Removed property 0xc0010002 to merge double_link_list.o (not found) and network/sock.o (0x0)
Removed property 0xc0010001 to merge double_link_list.o (not found) and network/tcp_output.o (0x1)
Removed property 0xc0010002 to merge double_link_list.o (not found) and network/tcp_output.o (0x1)
Removed property 0xc0010001 to merge double_link_list.o (not found) and network/arp.o (0x1)
Removed property 0xc0010002 to merge double_link_list.o (not found) and network/arp.o (0x0)
Removed property 0xc0010001 to merge double_link_list.o (not found) and network/tcp_sock.o (0x1)
Removed property 0xc0010002 to merge double_link_list.o (not found) and network/tcp_sock.o (0x0)
Removed property 0xc0010001 to merge double_link_list.o (not found) and network/ipc.o (0x1)
Removed property 0xc0010002 to merge double_link_list.o (not found) and network/ipc.o (0x1)
Removed property 0xc0010001 to merge double_link_list.o (not found) and network/icmpv4.o (0x1)
Removed property 0xc0010002 to merge double_link_list.o (not found) and network/icmpv4.o (0x0)
Removed property 0xc0010001 to merge double_link_list.o (not found) and network/netdev.o (0x1)
Removed property 0xc0010002 to merge double_link_list.o (not found) and network/netdev.o (0x0)
Removed property 0xc0010001 to merge double_link_list.o (not found) and network/dst.o (0x1)
Removed property 0xc0010002 to merge double_link_list.o (not found) and network/dst.o (0x0)
Removed property 0xc0010001 to merge double_link_list.o (not found) and network/tcp_input.o (0x1)
Removed property 0xc0010002 to merge double_link_list.o (not found) and network/tcp_input.o (0x0)
Removed property 0xc0010001 to merge double_link_list.o (not found) and network/task_network.o (0x1)
[...]
Memory Configuration

Name             Origin             Length             Attributes
*default*        0x00000000         0xffffffff

Linker script and memory map

Address of section .text set to 0xc0600000
LOAD kernel/kernel_sub.o
LOAD kernel/kernel.o
LOAD switch_to.o
LOAD string.o
LOAD syscall.o
LOAD hd/hd_rdwt.o
LOAD network/ne2000.o
LOAD double_link_list.o
LOAD global.o
LOAD kernel_main_old.o
LOAD kernel_main.o
LOAD protect.o
LOAD console.o
LOAD process.o
LOAD keyboard.o
LOAD thread.o
LOAD my_process.o
LOAD network/skbuff.o
LOAD network/socket.o
LOAD network/ip_input.o
LOAD network/udp_sock.o
LOAD network/inet.o
LOAD network/ip_output.o
LOAD network/tcp.o
LOAD network/sock.o
LOAD network/tcp_output.o
LOAD network/arp.o
LOAD network/tcp_sock.o
LOAD network/ipc.o
LOAD network/icmpv4.o
LOAD network/netdev.o
LOAD network/dst.o
LOAD network/tcp_input.o
LOAD network/task_network.o
LOAD network/route.o
LOAD network/udp.o
LOAD network/tcp_data.o
LOAD network/utils.o
LOAD hd/hd.o
LOAD fs/fs_main.o
LOAD mm/forkexit.o
LOAD mm/exec.o
LOAD mm/main.o
LOAD mem/mem.o
LOAD lib/floor.o
LOAD lib/exec.o
LOAD lib/exit.o
LOAD lib/unlink.o
LOAD lib/wait.o
LOAD lib/socket_close.o
LOAD lib/socket_read.o
LOAD lib/alloca.o
LOAD lib/calloc.o
LOAD lib/fork.o
LOAD lib/socket_write.o
LOAD lib/getpid.o
LOAD lib/stdlib/atoi.o
LOAD lib/string/strtok.o
LOAD lib/string/strcmp.o
LOAD lib/string/strncmp.o
LOAD lib/string/strpbrk.o
LOAD lib/stdio/read.o
LOAD lib/stdio/perror.o
LOAD lib/stdio/sscanf.o
LOAD lib/stdio/open.o
LOAD lib/stdio/write.o
LOAD lib/stdio/close.o
LOAD lib/sys/socket.o
LOAD lib/sys/connect.o
LOAD lib/arpa/ntohs.o
LOAD lib/arpa/htonl.o
LOAD lib/arpa/htons.o
LOAD lib/arpa/inet_pton.o
LOAD lib/arpa/ntohl.o
LOAD lib/arpa/inet_ntop.o
                [!provide]                        PROVIDE (__executable_start = SEGMENT_START ("text-segment", 0x8048000))
                0x080480d4                        . = (SEGMENT_START ("text-segment", 0x8048000) + SIZEOF_HEADERS)

.interp
 *(.interp)

.note.gnu.build-id
 *(.note.gnu.build-id)

.hash
 *(.hash)

.gnu.hash
 *(.gnu.hash)

.dynsym
 *(.dynsym)

.dynstr
 *(.dynstr)

.gnu.version
 *(.gnu.version)

.gnu.version_d
 *(.gnu.version_d)

.gnu.version_r
 *(.gnu.version_r)

.rel.dyn        0x080480d4        0x0
 *(.rel.init)
 *(.rel.text .rel.text.* .rel.gnu.linkonce.t.*)
 .rel.text      0x080480d4        0x0 kernel/kernel_sub.o
 *(.rel.fini)
 *(.rel.rodata .rel.rodata.* .rel.gnu.linkonce.r.*)
 *(.rel.data.rel.ro .rel.data.rel.ro.* .rel.gnu.linkonce.d.rel.ro.*)
 *(.rel.data .rel.data.* .rel.gnu.linkonce.d.*)
 *(.rel.tdata .rel.tdata.* .rel.gnu.linkonce.td.*)
 *(.rel.tbss .rel.tbss.* .rel.gnu.linkonce.tb.*)
 *(.rel.ctors)
 *(.rel.dtors)
 *(.rel.got)
 .rel.got       0x080480d4        0x0 kernel/kernel_sub.o
 *(.rel.bss .rel.bss.* .rel.gnu.linkonce.b.*)
 *(.rel.ifunc)

.rel.plt        0x080480d4        0x0
 *(.rel.plt)
                [!provide]                        PROVIDE (__rel_iplt_start = .)
 *(.rel.iplt)
 .rel.iplt      0x080480d4        0x0 kernel/kernel_sub.o
                [!provide]                        PROVIDE (__rel_iplt_end = .)

.relr.dyn
 *(.relr.dyn)
                0x08049000                        . = ALIGN (CONSTANT (MAXPAGESIZE))

.init
 *(SORT_NONE(.init))

.plt            0x08049000        0x0
 *(.plt)
 *(.iplt)
 .iplt          0x08049000        0x0 kernel/kernel_sub.o

.plt.got
 *(.plt.got)

.plt.sec
 *(.plt.sec)

.text           0xc0600000    0x12b0c
 *(.text.unlikely .text.*_unlikely .text.unlikely.*)
 *(.text.exit .text.exit.*)
 *(.text.startup .text.startup.*)
 *(.text.hot .text.hot.*)
 *(SORT_BY_NAME(.text.sorted.*))
 *(.text .stub .text.* .gnu.linkonce.t.*)
 .text          0xc0600000       0x74 kernel/kernel_sub.o
                0xc0600000                _start
 *fill*         0xc0600074        0xc 
 .text          0xc0600080      0x3d5 kernel/kernel.o
                0xc0600080                InterruptTest
                0xc060008c                disp_str_len
                0xc06000d9                disp_str
                0xc0600114                disp_str_colour
                0xc0600150                divide_zero_fault
                0xc0600156                single_step_fault
                0xc060015c                non_maskable_interrupt
                0xc0600162                breakpoint_trap
                0xc0600168                overflow_trap
                0xc060016e                bound_range_exceeded_fault
                0xc0600174                invalid_opcode_fault
                0xc060017a                coprocessor_not_available_fault
                0xc0600180                double_fault_exception_abort
                0xc0600184                coprocessor_segment_overrun
                0xc060018a                invalid_task_state_segment_fault
                0xc060018e                segment_not_present_fault
                0xc0600192                stack_exception_fault
                0xc0600196                general_protection_exception_fault
                0xc06001a1                page_fault
                0xc06001a5                coprocessor_error_fault
                0xc06001ab                align_check_fault
                0xc06001af                simd_float_exception_fault
                0xc06001be                hwint0
                0xc06001ee                hwint1
                0xc0600231                hwint14
                0xc0600277                hwint10
                0xc06002ba                sys_call
                0xc0600300                fork_restart
                0xc060030f                restart
                0xc0600332                in_byte
                0xc060033e                out_byte
                0xc0600360                disable_int
                0xc0600362                enable_int
                0xc06003f8                enable_8259A_casecade_irq
                0xc0600402                disable_8259A_casecade_irq
                0xc060040c                enable_8259A_slave_winchester_irq
                0xc0600416                disable_8259A_slave_winchester_irq
                0xc0600420                update_cr3
                0xc060042d                update_tss
                0xc060043c                get_running_thread_pcb
                0xc0600442                sys_call_test
                0xc0600445                enable_8259A_slave_net_irq
 *fill*         0xc0600455        0xb 
 .text          0xc0600460       0x15 switch_to.o
                0xc0600460                switch_to
 *fill*         0xc0600475        0xb 
 .text          0xc0600480       0x6a syscall.o
                0xc0600480                write_debug
                0xc0600490                send_msg
                0xc06004a6                receive_msg
                0xc06004bc                sys_malloc
                0xc06004d1                sys_free
 *fill*         0xc06004ea        0x6 
 .text          0xc06004f0      0x25b network/ne2000.o
                0xc0600513                DriverInitialize
                0xc060059d                SetPageStart
                0xc06005c5                DriverSend
                0xc060063d                PCtoNIC
                0xc06006a8                get_interrupt_status
                0xc06006be                set_interrupt_status
                0xc06006d7                get_curr_page
                0xc06006f4                NICtoPC
 .text          0xc060074b      0x2ee double_link_list.o
                0xc060074b                initDoubleLinkList
                0xc060079b                isListEmpty
                0xc06007c9                findElementInList
                0xc0600860                appendToDoubleLinkList
                0xc0600926                insertToDoubleLinkList
                0xc06009aa                popFromDoubleLinkList
 .text          0xc0600a39        0x0 global.o
 .text          0xc0600a39     0x2de4 kernel_main_old.o
                0xc0600a39                stop_here
                0xc0600a7d                catch_error
                0xc0600ae2                intr_enable
                0xc0600b0b                intr_disable
                0xc0600b34                intr_set_status
                0xc0600b52                intr_get_status
                0xc0600b6f                Memcpy
                0xc0600ba2                untar
                0xc0600eb2                num_to_string
                0xc0600f58                disp_int
                0xc0600f81                do_page_fault
                0xc06010be                exception_handler
                0xc06012a9                init_internal_interrupt
                0xc060141e                spurious_irq
                0xc06014ac                init_keyboard
                0xc06014ef                TestTTY
                0xc060158e                TestReadReturnValue
                0xc060160b                TestWriteReturnValue
                0xc06016df                TestFS2
                0xc06016ed                TestFS
                0xc0601b8f                wait_exit
                0xc0601c8d                INIT_fork
                0xc0601f80                simple_shell
                0xc0602107                test_shell
                0xc060216f                test_exec
                0xc0602262                INIT
                0xc060226f                TestA
                0xc06022a4                delay
                0xc06022e8                TestB
                0xc0602300                TestC
                0xc0602333                sys_get_ticks
                0xc0602343                sys_write
                0xc0602397                milli_delay
                0xc06023d3                TaskSys
                0xc06023d8                Printf
                0xc06024aa                sprintf
                0xc06024d6                vsprintf
                0xc0602682                printx
                0xc06026c5                sys_printx
                0xc0602791                spin
                0xc06027b7                panic
                0xc06027d5                assertion_failure
                0xc0602847                assertion_failure2
                0xc06028bc                dead_lock
                0xc06028c6                sys_send_msg
                0xc0602de5                sys_receive_msg
                0xc0603445                send_rec
                0xc0603540                block
                0xc060357c                unblock
                0xc06035cc                get_ticks_ipc
                0xc0603626                itoa
                0xc060367c                i2a
                0xc06036e2                inform_int
                0xc06037ae                deprecate_strcmp
 .text          0xc060381d      0x51d kernel_main.o
                0xc060381d                kernel_main
                0xc06039d7                init
                0xc0603a6e                kernel_thread_a
                0xc0603abb                kernel_thread_b
                0xc0603b08                kernel_thread_c
                0xc0603b1e                kernel_thread_d
                0xc0603b34                user_proc_a
                0xc0603d1d                user_proc_b
 .text          0xc0603d3a      0x3b3 protect.o
                0xc0603d3a                InitDescriptor
                0xc0603da7                Seg2PhyAddr
                0xc0603de8                Seg2PhyAddrLDT
                0xc0603e2c                VirAddr2PhyAddr
                0xc0603e42                v2l
                0xc0603e85                init_propt
                0xc0604006                InitInterruptDesc
                0xc0604062                ReloadGDT
 .text          0xc06040ed      0xad3 console.o
                0xc06040ed                select_console
                0xc0604129                flush
                0xc0604162                set_cursor
                0xc06041c0                set_console_start_video_addr
                0xc060421e                put_key
                0xc060428a                scroll_up
                0xc06042cc                scroll_down
                0xc0604337                out_char
                0xc06044f4                tty_dev_read
                0xc060451e                tty_dev_write
                0xc060474b                tty_do_read
                0xc0604813                tty_do_write
                0xc060497c                init_screen
                0xc0604a05                init_tty
                0xc0604aba                TaskTTY
 .text          0xc0604bc0      0x2b7 process.o
                0xc0604bc0                schedule_process
                0xc0604d86                clock_handler
                0xc0604dfc                pid2proc
                0xc0604e60                proc2pid
 .text          0xc0604e77      0x40f keyboard.o
                0xc0604e77                keyboard_handler
                0xc0604efb                read_from_keyboard_buf
                0xc0604f61                keyboard_read
                0xc06050e0                init_keyboard_handler
                0xc06050f4                in_process
 .text          0xc0605286      0x1b2 thread.o
                0xc0605286                kernel_thread
                0xc060529e                thread_init
                0xc060534b                thread_create
                0xc0605380                thread_start
 .text          0xc0605438      0x730 my_process.o
                0xc0605438                create_user_process_address_space
                0xc06054c8                user_process
                0xc06055f5                clone_pcb
                0xc0605767                build_body_stack
                0xc060589a                build_process_kernel_stack
                0xc060595d                fork_process
                0xc06059ee                process_execute
 .text          0xc0605b68      0x15b network/skbuff.o
                0xc0605b81                alloc_skb
                0xc0605c12                free_skb
                0xc0605c45                skb_reserve
                0xc0605c61                skb_push
                0xc0605c90                skb_head
                0xc0605c9b                skb_reset_header
 .text          0xc0605cc3      0x66c network/socket.o
                0xc0605d73                test
                0xc0605dcf                socket_debug
                0xc0605e30                free_socket
                0xc0605eec                _socket
                0xc0605fab                _bind
                0xc0605ffe                _connect
                0xc0606050                _write
                0xc06060a7                _read
                0xc06060fe                _recvfrom
                0xc060613f                _sendto
                0xc0606196                _close
                0xc0606215                _listen
                0xc060627b                _accept
 .text          0xc060632f      0x2ed network/ip_input.o
                0xc06064b9                ip_rcv
 .text          0xc060661c      0x8cd network/udp_sock.o
                0xc060685a                udp_lookup_sock
                0xc06068a1                udp_init
                0xc06068d2                udp_close
                0xc06068f8                udp_sock_init
                0xc0606902                udp_recvfrom
                0xc060699b                udp_connect
                0xc0606a74                udp_write
                0xc0606aa0                udp_alloc_skb
                0xc0606aea                udp_sendto
                0xc0606bde                udp_send
                0xc0606d1c                udp_alloc_sock
                0xc0606d5d                udp_free_sock
                0xc0606d81                udp_read
 .text          0xc0606ee9      0x429 network/inet.o
                0xc0606ee9                inet_create
                0xc0606f99                inet_socket
                0xc0606fa3                inet_connect
                0xc0606ff7                inet_write
                0xc0607023                inet_read
                0xc060704f                inet_close
                0xc060709e                inet_free
                0xc06070d4                inet_bind
                0xc06071dd                inet_listen
                0xc0607226                inet_accept
                0xc06072d1                inet_sendto
                0xc06072fc                inet_recvfrom
 .text          0xc0607312      0x1d3 network/ip_output.o
                0xc0607320                ip_output
 .text          0xc06074e5      0x448 network/tcp.o
                0xc06076da                tcp_in
                0xc060778e                tcp_checksum
                0xc06077ba                __tcp_set_state
                0xc06077c9                tcp_generate_port
                0xc0607812                tcp_generate_isn
                0xc060781c                tcp_done
                0xc0607845                tcp_clear_timers
                0xc0607854                tcp_stop_retransmission_timer
                0xc060786d                tcp_release_retransmission_timer
                0xc0607886                tcp_stop_delack_timer
                0xc0607899                tcp_release_delack_timer
                0xc06078ac                tcp_handle_fin_state
                0xc0607911                tcp_enter_time_wait
 .text          0xc060792d      0x203 network/sock.o
                0xc0607a5f                sk_alloc
                0xc0607a86                sk_init
                0xc0607ada                sk_init_with_socket
                0xc0607b03                sk_free
 .text          0xc0607b30      0xbbe network/tcp_output.o
                0xc0607ff6                tcp_send_synack
                0xc0608099                tcp_send_delack
                0xc06080d4                tcp_send_ack
                0xc0608220                tcp_send_fin
                0xc0608295                tcp_select_initial_window
                0xc0608447                tcp_reset_retransmission_timer
                0xc0608464                tcp_begin_connect
                0xc060850e                tcp_send
                0xc06085f3                tcp_send_reset
                0xc0608673                tcp_queue_fin
 .text          0xc06086ee      0x70c network/arp.o
                0xc06088bb                arp_init
                0xc06088c1                arp_rcv
                0xc0608a90                arp_request
                0xc0608bfa                arp_reply
                0xc0608d5d                arp_get_hwaddr
                0xc0608da9                free_arp
 .text          0xc0608dfa      0xa27 network/tcp_sock.o
                0xc06090b9                tcp_established_or_syn_recvd_socks_enqueue
                0xc06090d0                tcp_established_or_syn_recvd_socks_remove
                0xc06090e2                tcp_connecting_or_listening_socks_enqueue
                0xc06090f9                tcp_connecting_or_listening_socks_remove
                0xc060910b                tcp_alloc_sock
                0xc0609221                tcp_free_sock
                0xc060929a                tcp_init
                0xc06092a4                tcp_sock_init
                0xc0609347                tcp_write
                0xc0609388                tcp_read
                0xc060943b                tcp_close
                0xc06094f9                tcp_recv_notify
                0xc0609524                tcp_v4_connect
                0xc0609774                tcp_lookup_sock
 .text          0xc0609821      0xd76 network/ipc.o
                0xc060a3db                ipc_close
                0xc060a42c                demux_ipc_socket_call
 .text          0xc060a597      0x234 network/icmpv4.o
                0xc060a5a5                icmpv4_incoming
                0xc060a619                icmpv4_reply
                0xc060a6f2                icmpv4_timestamp
 .text          0xc060a7cb      0x806 network/netdev.o
                0xc060a959                netdev_init
                0xc060a9a0                netdev_transmit
                0xc060aa89                interrupt_wait2
                0xc060aae2                netdev_rx_loop
                0xc060ac09                netdev_get
                0xc060ac44                free_netdev
                0xc060ac6f                local_ipaddress
                0xc060acac                receive_msg_from_nic
                0xc060ae8f                receive_msg_from_nic2
                0xc060afbb                net_handler
 .text          0xc060afd1       0xd8 network/dst.o
                0xc060afdf                dst_neigh_output
 .text          0xc060b0a9      0xb80 network/tcp_input.o
                0xc060b7a1                tcp_process
                0xc060bb67                tcp_receive
 .text          0xc060bc29      0x132 network/task_network.o
                0xc060bc29                task_network
                0xc060bd3d                task_netdev_rx
 .text          0xc060bd5b      0x2ee network/route.o
                0xc060be88                route_add
                0xc060becf                route_init
                0xc060bfa7                route_lookup
                0xc060bff5                free_routes
 .text          0xc060c049      0x3e0 network/udp.o
                0xc060c154                udp_generate_port
                0xc060c19d                udp_checksum
                0xc060c26b                udp_in
                0xc060c2fc                udp_data_dequeue
                0xc060c404                udp_data_enqueue
 .text          0xc060c429      0x54a network/tcp_data.o
                0xc060c714                tcp_data_dequeue
                0xc060c841                tcp_data_queue
 .text          0xc060c973      0x1e7 network/utils.o
                0xc060c973                run_cmd
                0xc060c980                print_err
                0xc060c997                parse_ipv4_string
                0xc060c9f6                ip_pton
                0xc060ca3e                sum_every_16bits
                0xc060ca95                checksum
                0xc060cad6                tcp_udp_checksum
 .text          0xc060cb5a      0xe84 hd/hd.o
                0xc060cb5a                TaskHD
                0xc060cba5                init_hd
                0xc060cbbf                hd_handle
                0xc060ccc4                hd_cmd_out
                0xc060cdc6                hd_identify
                0xc060ce7d                print_hdinfo
                0xc060d00b                print_dpt_entry
                0xc060d077                get_partition_table
                0xc060d156                partition
                0xc060d370                hd_open
                0xc060d420                get_hd_ioctl
                0xc060d4da                wait_for
                0xc060d50b                interrupt_wait
                0xc060d564                hd_rdwt
                0xc060d806                hd_handler
                0xc060d837                debug_ticks
                0xc060d875                waitfor
                0xc060d8b9                print_hd_info
                0xc060d9a6                is_empty
 .text          0xc060d9de     0x2081 fs/fs_main.o
                0xc060d9de                task_fs
                0xc060dbf2                rd_wt
                0xc060dcd4                mkfs
                0xc060e2b6                init_fs
                0xc060e310                do_open
                0xc060e519                search_file
                0xc060e64b                strip_path
                0xc060e717                get_inode
                0xc060e8d9                create_file
                0xc060e9e4                alloc_imap_bit
                0xc060eae1                alloc_smap_bit
                0xc060ec82                new_inode
                0xc060eda0                new_dir_entry
                0xc060efac                do_unlink
                0xc060f488                do_rdwt
                0xc060f813                sync_inode
                0xc060f967                put_inode
                0xc060f9a5                do_close
                0xc060f9f7                get_super_block
 .text          0xc060fa5f      0x24f mm/forkexit.o
                0xc060fa5f                do_fork
                0xc060facd                do_exit
                0xc060fb57                do_wait
                0xc060fc54                cleanup
 .text          0xc060fcae      0x419 mm/exec.o
                0xc060fcae                do_exec
 .text          0xc06100c7      0x14e mm/main.o
                0xc06100c7                TaskMM
                0xc06101f6                alloc_mem
 .text          0xc0610215     0x1118 mem/mem.o
                0xc0610215                init_bitmap
                0xc0610238                test_bit_val
                0xc06102a1                set_bit_val
                0xc061031c                set_bits
                0xc0610356                get_first_free_bit
                0xc061039a                get_bits
                0xc0610462                get_a_page
                0xc0610516                get_virtual_address_start_with_addr
                0xc06105b0                get_virtual_address
                0xc0610640                ptr_pde
                0xc0610653                ptr_pte
                0xc061067a                add_map_entry
                0xc061070b                alloc_virtual_memory
                0xc06107d7                get_physical_address_proc
                0xc0610853                get_physical_address
                0xc0610885                alloc_physical_memory_of_proc
                0xc0610974                alloc_physical_memory
                0xc0610a3c                alloc_memory
                0xc0610a9e                get_a_virtual_page
                0xc0610ad6                block2arena
                0xc0610aec                sys_malloc2
                0xc0610e19                remove_map_entry
                0xc0610e3a                free_a_page
                0xc0610ee1                sys_free2
                0xc0610ee7                init_memory_block_desc
                0xc0610fb8                init_memory2
                0xc06111ed                init_memory
 .text          0xc061132d       0x49 lib/floor.o
                0xc061132d                floor
 .text          0xc0611376      0x285 lib/exec.o
                0xc0611376                exec
                0xc06113e7                execv
                0xc06115d6                execl
 .text          0xc06115fb       0x2f lib/exit.o
                0xc06115fb                exit
 .text          0xc061162a       0x42 lib/unlink.o
                0xc061162a                unlink
 .text          0xc061166c       0x44 lib/wait.o
                0xc061166c                wait
 .text          0xc06116b0       0xbe lib/socket_close.o
                0xc06116b0                socket_close
 .text          0xc061176e      0x12a lib/socket_read.o
                0xc061176e                socket_read
 .text          0xc0611898       0x29 lib/alloca.o
                0xc0611898                alloca
 .text          0xc06118c1       0x46 lib/calloc.o
                0xc06118c1                calloc
 .text          0xc0611907       0x4b lib/fork.o
                0xc0611907                fork
 .text          0xc0611952      0x12a lib/socket_write.o
                0xc0611952                socket_write
 .text          0xc0611a7c       0x2b lib/getpid.o
                0xc0611a7c                getpid
 .text          0xc0611aa7       0x9c lib/stdlib/atoi.o
                0xc0611aa7                atoi
 .text          0xc0611b43       0x85 lib/string/strtok.o
                0xc0611b43                strtok
 .text          0xc0611bc8       0xa8 lib/string/strcmp.o
                0xc0611bc8                strcmp
 .text          0xc0611c70       0xd4 lib/string/strncmp.o
                0xc0611c70                strncmp
 .text          0xc0611d44       0x90 lib/string/strpbrk.o
                0xc0611d44                strpbrk
 .text          0xc0611dd4      0x181 lib/stdio/read.o
                0xc0611dd4                read
 .text          0xc0611f55       0x17 lib/stdio/perror.o
                0xc0611f55                perror
 .text          0xc0611f6c      0x2c1 lib/stdio/sscanf.o
                0xc0611f6c                sscanf
 .text          0xc061222d       0x95 lib/stdio/open.o
                0xc061222d                open
 .text          0xc06122c2       0x85 lib/stdio/write.o
                0xc06122c2                write
 .text          0xc0612347       0x52 lib/stdio/close.o
                0xc0612347                close
 .text          0xc0612399      0x193 lib/sys/socket.o
                0xc0612399                socket
 .text          0xc061252c      0x100 lib/sys/connect.o
                0xc061252c                connect
 .text          0xc061262c       0x38 lib/arpa/ntohs.o
                0xc061262c                ntohs
 .text          0xc0612664       0x7c lib/arpa/htonl.o
                0xc0612664                htonl
 .text          0xc06126e0       0x38 lib/arpa/htons.o
                0xc06126e0                htons
 .text          0xc0612718      0x295 lib/arpa/inet_pton.o
                0xc0612718                isValidIPv4
                0xc06128a2                inet_pton
 .text          0xc06129ad       0x7c lib/arpa/ntohl.o
                0xc06129ad                ntohl
 .text          0xc0612a29       0xe3 lib/arpa/inet_ntop.o
                0xc0612a29                inet_ntop
 *(.gnu.warning)

.fini
 *(SORT_NONE(.fini))
                [!provide]                        PROVIDE (__etext = .)
                [!provide]                        PROVIDE (_etext = .)
                [!provide]                        PROVIDE (etext = .)
                0xc0613000                        . = ALIGN (CONSTANT (MAXPAGESIZE))
                0xc0613000                        . = SEGMENT_START ("rodata-segment", (ALIGN (CONSTANT (MAXPAGESIZE)) + (. & (CONSTANT (MAXPAGESIZE) - 0x1))))

.rodata         0xc0613000     0x1d67
 *(.rodata .rodata.* .gnu.linkonce.r.*)
 .rodata        0xc0613000       0x3c double_link_list.o
 *fill*         0xc061303c        0x4 
 .rodata        0xc0613040      0xb61 kernel_main_old.o
 *fill*         0xc0613ba1        0x3 
 .rodata        0xc0613ba4      0x1b4 kernel_main.o
 .rodata        0xc0613d58       0x22 console.o
 *fill*         0xc0613d7a        0x2 
 .rodata        0xc0613d7c       0x4c process.o
 .rodata        0xc0613dc8        0x9 network/skbuff.o
 *fill*         0xc0613dd1        0x3 
 .rodata        0xc0613dd4      0x23d network/socket.o
 *fill*         0xc0614011        0x3 
 .rodata        0xc0614014       0xbd network/ip_input.o
 *fill*         0xc06140d1        0x3 
 .rodata        0xc06140d4       0x2d network/udp_sock.o
 *fill*         0xc0614101        0x3 
 .rodata        0xc0614104       0x48 network/inet.o
 .rodata        0xc061414c        0x9 network/ip_output.o
 *fill*         0xc0614155        0x3 
 .rodata        0xc0614158       0x31 network/tcp.o
 .rodata        0xc0614189        0x9 network/sock.o
 *fill*         0xc0614192        0x2 
 .rodata        0xc0614194       0xc3 network/tcp_output.o
 *fill*         0xc0614257        0x1 
 .rodata        0xc0614258       0xc7 network/arp.o
 *fill*         0xc061431f        0x1 
 .rodata        0xc0614320       0xe8 network/tcp_sock.o
 .rodata        0xc0614408      0x160 network/ipc.o
 .rodata        0xc0614568       0x32 network/icmpv4.o
 *fill*         0xc061459a        0x2 
 .rodata        0xc061459c      0x172 network/netdev.o
 .rodata        0xc061470e        0x9 network/dst.o
 *fill*         0xc0614717        0x1 
 .rodata        0xc0614718       0x60 network/tcp_input.o
 .rodata        0xc0614778       0x61 network/task_network.o
 *fill*         0xc06147d9        0x3 
 .rodata        0xc06147dc       0x37 network/route.o
 .rodata        0xc0614813        0x9 network/udp.o
 .rodata        0xc061481c       0x1e network/tcp_data.o
 *fill*         0xc061483a        0x2 
 .rodata        0xc061483c       0x41 network/utils.o
 *fill*         0xc061487d        0x3 
 .rodata        0xc0614880      0x19c hd/hd.o
 .rodata        0xc0614a1c      0x1fb fs/fs_main.o
                0xc0614a1c                FSBUF_SIZE
 .rodata        0xc0614c17       0x21 mm/forkexit.o
 .rodata        0xc0614c38       0x10 mm/exec.o
 .rodata        0xc0614c48       0x11 mm/main.o
 .rodata        0xc0614c59       0x5a mem/mem.o
 .rodata        0xc0614cb3       0x2d lib/exec.o
 .rodata        0xc0614ce0        0x9 lib/socket_close.o
 .rodata        0xc0614ce9        0x9 lib/socket_read.o
 .rodata        0xc0614cf2        0x9 lib/socket_write.o
 .rodata        0xc0614cfb       0x2a lib/stdio/close.o
 .rodata        0xc0614d25       0x33 lib/sys/socket.o
 .rodata        0xc0614d58        0x9 lib/sys/connect.o
 .rodata        0xc0614d61        0x3 lib/arpa/inet_pton.o
 .rodata        0xc0614d64        0x3 lib/arpa/inet_ntop.o

.txt            0xc0614d67       0xaa
 .txt           0xc0614d67       0x82 string.o
                0xc0614d67                Memcpy2
                0xc0614d95                Memset
                0xc0614db4                Strcpy
                0xc0614dce                Strlen
 .txt           0xc0614de9       0x28 hd/hd_rdwt.o
                0xc0614de9                read_port
                0xc0614dfd                write_port

.rodata1
 *(.rodata1)

.eh_frame_hdr
 *(.eh_frame_hdr)
 *(.eh_frame_entry .eh_frame_entry.*)

.eh_frame       0xc0614e14     0x4254
 *(.eh_frame)
 .eh_frame      0xc0614e14       0xd8 double_link_list.o
 .eh_frame      0xc0614eec      0x6cc kernel_main_old.o
                                0x6e4 (size before relaxing)
 .eh_frame      0xc06155b8      0x108 kernel_main.o
                                0x120 (size before relaxing)
 .eh_frame      0xc06156c0      0x100 protect.o
                                0x118 (size before relaxing)
 .eh_frame      0xc06157c0      0x1e0 console.o
                                0x1f8 (size before relaxing)
 .eh_frame      0xc06159a0       0x80 process.o
                                 0x98 (size before relaxing)
 .eh_frame      0xc0615a20       0xa0 keyboard.o
                                 0xb8 (size before relaxing)
 .eh_frame      0xc0615ac0       0x80 thread.o
                                 0x98 (size before relaxing)
 .eh_frame      0xc0615b40       0xe0 my_process.o
                                 0xf8 (size before relaxing)
 .eh_frame      0xc0615c20       0xe0 network/skbuff.o
                                 0xf8 (size before relaxing)
 .eh_frame      0xc0615d00      0x2a0 network/socket.o
                                0x2b8 (size before relaxing)
 .eh_frame      0xc0615fa0      0x104 network/ip_input.o
                                0x11c (size before relaxing)
 .eh_frame      0xc06160a4      0x404 network/udp_sock.o
                                0x41c (size before relaxing)
 .eh_frame      0xc06164a8      0x180 network/inet.o
                                0x198 (size before relaxing)
 .eh_frame      0xc0616628       0x40 network/ip_output.o
                                 0x58 (size before relaxing)
 .eh_frame      0xc0616668      0x268 network/tcp.o
                                0x280 (size before relaxing)
 .eh_frame      0xc06168d0      0x1a0 network/sock.o
                                0x1b8 (size before relaxing)
 .eh_frame      0xc0616a70      0x3c4 network/tcp_output.o
                                0x3dc (size before relaxing)
 .eh_frame      0xc0616e34      0x1c0 network/arp.o
                                0x1d8 (size before relaxing)
 .eh_frame      0xc0616ff4      0x4c0 network/tcp_sock.o
                                0x4d8 (size before relaxing)
 .eh_frame      0xc06174b4      0x254 network/ipc.o
                                0x26c (size before relaxing)
 .eh_frame      0xc0617708       0x80 network/icmpv4.o
                                 0x98 (size before relaxing)
 .eh_frame      0xc0617788      0x214 network/netdev.o
                                0x22c (size before relaxing)
 .eh_frame      0xc061799c       0x40 network/dst.o
                                 0x58 (size before relaxing)
 .eh_frame      0xc06179dc      0x300 network/tcp_input.o
                                0x318 (size before relaxing)
 .eh_frame      0xc0617cdc       0x40 network/task_network.o
                                 0x58 (size before relaxing)
 .eh_frame      0xc0617d1c      0x124 network/route.o
                                0x13c (size before relaxing)
 .eh_frame      0xc0617e40      0x1e4 network/udp.o
                                0x1fc (size before relaxing)
 .eh_frame      0xc0618024      0x200 network/tcp_data.o
                                0x218 (size before relaxing)
 .eh_frame      0xc0618224       0xe4 network/utils.o
                                 0xfc (size before relaxing)
 .eh_frame      0xc0618308      0x264 hd/hd.o
                                0x27c (size before relaxing)
 .eh_frame      0xc061856c      0x27c fs/fs_main.o
                                0x294 (size before relaxing)
 .eh_frame      0xc06187e8       0x80 mm/forkexit.o
                                 0x98 (size before relaxing)
 .eh_frame      0xc0618868       0x20 mm/exec.o
                                 0x38 (size before relaxing)
 .eh_frame      0xc0618888       0x3c mm/main.o
                                 0x54 (size before relaxing)
 .eh_frame      0xc06188c4      0x364 mem/mem.o
                                0x37c (size before relaxing)
 .eh_frame      0xc0618c28       0x20 lib/floor.o
                                 0x38 (size before relaxing)
 .eh_frame      0xc0618c48       0x60 lib/exec.o
                                 0x78 (size before relaxing)
 .eh_frame      0xc0618ca8       0x20 lib/exit.o
                                 0x38 (size before relaxing)
 .eh_frame      0xc0618cc8       0x20 lib/unlink.o
                                 0x38 (size before relaxing)
 .eh_frame      0xc0618ce8       0x20 lib/wait.o
                                 0x38 (size before relaxing)
 .eh_frame      0xc0618d08       0x20 lib/socket_close.o
                                 0x38 (size before relaxing)
 .eh_frame      0xc0618d28       0x20 lib/socket_read.o
                                 0x38 (size before relaxing)
 .eh_frame      0xc0618d48       0x20 lib/alloca.o
                                 0x38 (size before relaxing)
 .eh_frame      0xc0618d68       0x20 lib/calloc.o
                                 0x38 (size before relaxing)
 .eh_frame      0xc0618d88       0x20 lib/fork.o
                                 0x38 (size before relaxing)
 .eh_frame      0xc0618da8       0x20 lib/socket_write.o
                                 0x38 (size before relaxing)
 .eh_frame      0xc0618dc8       0x20 lib/getpid.o
                                 0x38 (size before relaxing)
 .eh_frame      0xc0618de8       0x20 lib/stdlib/atoi.o
                                 0x38 (size before relaxing)
 .eh_frame      0xc0618e08       0x20 lib/string/strtok.o
                                 0x38 (size before relaxing)
 .eh_frame      0xc0618e28       0x20 lib/string/strcmp.o
                                 0x38 (size before relaxing)
 .eh_frame      0xc0618e48       0x20 lib/string/strncmp.o
                                 0x38 (size before relaxing)
 .eh_frame      0xc0618e68       0x20 lib/string/strpbrk.o
                                 0x38 (size before relaxing)
 .eh_frame      0xc0618e88       0x20 lib/stdio/read.o
                                 0x38 (size before relaxing)
 .eh_frame      0xc0618ea8       0x20 lib/stdio/perror.o
                                 0x38 (size before relaxing)
 .eh_frame      0xc0618ec8       0x20 lib/stdio/sscanf.o
                                 0x38 (size before relaxing)
 .eh_frame      0xc0618ee8       0x20 lib/stdio/open.o
                                 0x38 (size before relaxing)
 .eh_frame      0xc0618f08       0x20 lib/stdio/write.o
                                 0x38 (size before relaxing)
 .eh_frame      0xc0618f28       0x20 lib/stdio/close.o
                                 0x38 (size before relaxing)
 .eh_frame      0xc0618f48       0x20 lib/sys/socket.o
                                 0x38 (size before relaxing)
 .eh_frame      0xc0618f68       0x20 lib/sys/connect.o
                                 0x38 (size before relaxing)
 .eh_frame      0xc0618f88       0x20 lib/arpa/ntohs.o
                                 0x38 (size before relaxing)
 .eh_frame      0xc0618fa8       0x20 lib/arpa/htonl.o
                                 0x38 (size before relaxing)
 .eh_frame      0xc0618fc8       0x20 lib/arpa/htons.o
                                 0x38 (size before relaxing)
 .eh_frame      0xc0618fe8       0x40 lib/arpa/inet_pton.o
                                 0x58 (size before relaxing)
 .eh_frame      0xc0619028       0x20 lib/arpa/ntohl.o
                                 0x38 (size before relaxing)
 .eh_frame      0xc0619048       0x20 lib/arpa/inet_ntop.o
                                 0x38 (size before relaxing)
 *(.eh_frame.*)

.sframe
 *(.sframe)
 *(.sframe.*)

.gcc_except_table
 *(.gcc_except_table .gcc_except_table.*)

.gnu_extab
 *(.gnu_extab*)

.exception_ranges
 *(.exception_ranges*)
                0xc061a000                        . = DATA_SEGMENT_ALIGN (CONSTANT (MAXPAGESIZE), CONSTANT (COMMONPAGESIZE))

.eh_frame
 *(.eh_frame)
 *(.eh_frame.*)

.sframe
 *(.sframe)
 *(.sframe.*)

.gnu_extab
 *(.gnu_extab)

.gcc_except_table
 *(.gcc_except_table .gcc_except_table.*)

.exception_ranges
 *(.exception_ranges*)

.tdata          0xc061a000        0x0
                [!provide]                        PROVIDE (__tdata_start = .)
 *(.tdata .tdata.* .gnu.linkonce.td.*)

.tbss
 *(.tbss .tbss.* .gnu.linkonce.tb.*)
 *(.tcommon)

.preinit_array  0xc061a000        0x0
                [!provide]                        PROVIDE (__preinit_array_start = .)
 *(.preinit_array)
                [!provide]                        PROVIDE (__preinit_array_end = .)

.init_array     0xc061a000        0x0
                [!provide]                        PROVIDE (__init_array_start = .)
 *(SORT_BY_INIT_PRIORITY(.init_array.*) SORT_BY_INIT_PRIORITY(.ctors.*))
 *(.init_array EXCLUDE_FILE(*crtend?.o *crtend.o *crtbegin?.o *crtbegin.o) .ctors)
                [!provide]                        PROVIDE (__init_array_end = .)

.fini_array     0xc061a000        0x0
                [!provide]                        PROVIDE (__fini_array_start = .)
 *(SORT_BY_INIT_PRIORITY(.fini_array.*) SORT_BY_INIT_PRIORITY(.dtors.*))
 *(.fini_array EXCLUDE_FILE(*crtend?.o *crtend.o *crtbegin?.o *crtbegin.o) .dtors)
                [!provide]                        PROVIDE (__fini_array_end = .)

.ctors
 *crtbegin.o(.ctors)
 *crtbegin?.o(.ctors)
 *(EXCLUDE_FILE(*crtend?.o *crtend.o) .ctors)
 *(SORT_BY_NAME(.ctors.*))
 *(.ctors)

.dtors
 *crtbegin.o(.dtors)
 *crtbegin?.o(.dtors)
 *(EXCLUDE_FILE(*crtend?.o *crtend.o) .dtors)
 *(SORT_BY_NAME(.dtors.*))
 *(.dtors)

.jcr
 *(.jcr)

.data.rel.ro
 *(.data.rel.ro.local* .gnu.linkonce.d.rel.ro.local.*)
 *(.data.rel.ro .data.rel.ro.* .gnu.linkonce.d.rel.ro.*)

.dynamic
 *(.dynamic)

.got            0xc061a000        0x0
 *(.got)
 .got           0xc061a000        0x0 kernel/kernel_sub.o
 *(.igot)
                0xc061a000                        . = DATA_SEGMENT_RELRO_END (., (SIZEOF (.got.plt) >= 0xc)?0xc:0x0)

.got.plt        0xc061a000        0x0
 *(.got.plt)
 .got.plt       0xc061a000        0x0 kernel/kernel_sub.o
 *(.igot.plt)
 .igot.plt      0xc061a000        0x0 kernel/kernel_sub.o

.data           0xc061a000      0xb98
 *(.data .data.* .gnu.linkonce.d.*)
 .data          0xc061a000        0xf kernel/kernel_sub.o
 *fill*         0xc061a00f        0x1 
 .data          0xc061a010        0xf kernel/kernel.o
 *fill*         0xc061a01f        0x1 
 .data          0xc061a020        0x0 syscall.o
 .data          0xc061a020        0x0 double_link_list.o
 .data          0xc061a020      0x160 global.o
                0xc061a020                user_task_table
                0xc061a0a0                sys_task_table
                0xc061a164                sys_call_table
 .data          0xc061a180        0x0 kernel_main_old.o
 .data          0xc061a180        0x0 kernel_main.o
 .data          0xc061a180        0x0 protect.o
 .data          0xc061a180        0x0 console.o
 .data          0xc061a180        0x0 process.o
 .data          0xc061a180      0x600 keyboard.o
                0xc061a180                keymap
 .data          0xc061a780        0x0 thread.o
 .data          0xc061a780        0x0 my_process.o
 .data          0xc061a780        0x4 network/skbuff.o
 *fill*         0xc061a784       0x1c 
 .data          0xc061a7a0      0x224 network/socket.o
 .data          0xc061a9c4        0x4 network/ip_input.o
 *fill*         0xc061a9c8       0x18 
 .data          0xc061a9e0       0x54 network/udp_sock.o
                0xc061aa00                udp_ops
 *fill*         0xc061aa34        0xc 
 .data          0xc061aa40       0x80 network/inet.o
                0xc061aa48                inet
 .data          0xc061aac0        0x4 network/ip_output.o
 .data          0xc061aac4        0x8 network/tcp.o
 .data          0xc061aacc        0x4 network/sock.o
 .data          0xc061aad0        0x4 network/tcp_output.o
 .data          0xc061aad4       0x14 network/arp.o
 *fill*         0xc061aae8       0x18 
 .data          0xc061ab00       0x54 network/tcp_sock.o
                0xc061ab20                tcp_ops
 .data          0xc061ab54        0xc network/ipc.o
 .data          0xc061ab60        0x4 network/icmpv4.o
 .data          0xc061ab64        0x4 network/netdev.o
 .data          0xc061ab68        0x4 network/dst.o
 .data          0xc061ab6c        0x4 network/tcp_input.o
 .data          0xc061ab70        0x0 network/task_network.o
 .data          0xc061ab70        0x4 network/route.o
 .data          0xc061ab74        0x8 network/udp.o
 .data          0xc061ab7c        0x4 network/tcp_data.o
 .data          0xc061ab80        0x4 network/utils.o
 .data          0xc061ab84        0x0 hd/hd.o
 .data          0xc061ab84        0x0 fs/fs_main.o
 .data          0xc061ab84        0x0 mm/forkexit.o
 .data          0xc061ab84        0x0 mm/exec.o
 .data          0xc061ab84        0x0 mm/main.o
 .data          0xc061ab84        0x0 mem/mem.o
 .data          0xc061ab84        0x0 lib/floor.o
 .data          0xc061ab84        0x0 lib/exec.o
 .data          0xc061ab84        0x0 lib/exit.o
 .data          0xc061ab84        0x0 lib/unlink.o
 .data          0xc061ab84        0x0 lib/wait.o
 .data          0xc061ab84        0x4 lib/socket_close.o
 .data          0xc061ab88        0x4 lib/socket_read.o
 .data          0xc061ab8c        0x0 lib/alloca.o
 .data          0xc061ab8c        0x0 lib/calloc.o
 .data          0xc061ab8c        0x0 lib/fork.o
 .data          0xc061ab8c        0x4 lib/socket_write.o
 .data          0xc061ab90        0x0 lib/getpid.o
 .data          0xc061ab90        0x0 lib/stdlib/atoi.o
 .data          0xc061ab90        0x0 lib/string/strtok.o
 .data          0xc061ab90        0x0 lib/string/strcmp.o
 .data          0xc061ab90        0x0 lib/string/strncmp.o
 .data          0xc061ab90        0x0 lib/string/strpbrk.o
 .data          0xc061ab90        0x0 lib/stdio/read.o
 .data          0xc061ab90        0x0 lib/stdio/perror.o
 .data          0xc061ab90        0x0 lib/stdio/sscanf.o
 .data          0xc061ab90        0x0 lib/stdio/open.o
 .data          0xc061ab90        0x0 lib/stdio/write.o
 .data          0xc061ab90        0x0 lib/stdio/close.o
 .data          0xc061ab90        0x4 lib/sys/socket.o
 .data          0xc061ab94        0x4 lib/sys/connect.o
 .data          0xc061ab98        0x0 lib/arpa/ntohs.o
 .data          0xc061ab98        0x0 lib/arpa/htonl.o
 .data          0xc061ab98        0x0 lib/arpa/htons.o
 .data          0xc061ab98        0x0 lib/arpa/inet_pton.o
 .data          0xc061ab98        0x0 lib/arpa/ntohl.o
 .data          0xc061ab98        0x0 lib/arpa/inet_ntop.o

.data1
 *(.data1)
                0xc061ab98                        _edata = .
                [!provide]                        PROVIDE (edata = .)
                0xc061ab98                        . = .
                0xc061ab98                        __bss_start = .

.bss            0xc061aba0    0x95628
 *(.dynbss)
 *(.bss .bss.* .gnu.linkonce.b.*)
 .bss           0xc061aba0      0x800 kernel/kernel_sub.o
 .bss           0xc061b3a0      0x800 kernel/kernel.o
 .bss           0xc061bba0        0x0 double_link_list.o
 .bss           0xc061bba0        0x0 global.o
 .bss           0xc061bba0        0x0 kernel_main_old.o
 .bss           0xc061bba0        0x0 kernel_main.o
 .bss           0xc061bba0        0x0 protect.o
 .bss           0xc061bba0        0x0 console.o
 .bss           0xc061bba0        0x0 process.o
 .bss           0xc061bba0        0x0 keyboard.o
 .bss           0xc061bba0        0x0 thread.o
 .bss           0xc061bba0        0x0 my_process.o
 .bss           0xc061bba0        0x0 network/skbuff.o
 .bss           0xc061bba0        0x4 network/socket.o
 .bss           0xc061bba4        0x0 network/ip_input.o
 .bss           0xc061bba4        0x4 network/udp_sock.o
 .bss           0xc061bba8        0x0 network/inet.o
 .bss           0xc061bba8        0x0 network/ip_output.o
 .bss           0xc061bba8        0x0 network/tcp.o
 .bss           0xc061bba8        0x0 network/sock.o
 .bss           0xc061bba8        0x0 network/tcp_output.o
 .bss           0xc061bba8        0x0 network/arp.o
 .bss           0xc061bba8        0x0 network/tcp_sock.o
 .bss           0xc061bba8        0x4 network/ipc.o
 .bss           0xc061bbac        0x0 network/icmpv4.o
 .bss           0xc061bbac        0x0 network/netdev.o
 .bss           0xc061bbac        0x0 network/dst.o
 .bss           0xc061bbac        0x0 network/tcp_input.o
 .bss           0xc061bbac        0x0 network/task_network.o
 .bss           0xc061bbac        0x0 network/route.o
 .bss           0xc061bbac        0x0 network/udp.o
 .bss           0xc061bbac        0x0 network/tcp_data.o
 .bss           0xc061bbac        0x0 network/utils.o
 .bss           0xc061bbac        0x0 hd/hd.o
 .bss           0xc061bbac        0x4 fs/fs_main.o
                0xc061bbac                c
 .bss           0xc061bbb0        0x0 mm/forkexit.o
 .bss           0xc061bbb0        0x0 mm/exec.o
 .bss           0xc061bbb0        0x0 mm/main.o
 .bss           0xc061bbb0        0x0 mem/mem.o
 .bss           0xc061bbb0        0x0 lib/floor.o
 .bss           0xc061bbb0        0x0 lib/exec.o
 .bss           0xc061bbb0        0x0 lib/exit.o
 .bss           0xc061bbb0        0x0 lib/unlink.o
 .bss           0xc061bbb0        0x0 lib/wait.o
 .bss           0xc061bbb0        0x0 lib/socket_close.o
 .bss           0xc061bbb0        0x0 lib/socket_read.o
 .bss           0xc061bbb0        0x0 lib/alloca.o
 .bss           0xc061bbb0        0x0 lib/calloc.o
 .bss           0xc061bbb0        0x0 lib/fork.o
 .bss           0xc061bbb0        0x0 lib/socket_write.o
 .bss           0xc061bbb0        0x0 lib/getpid.o
 .bss           0xc061bbb0        0x0 lib/stdlib/atoi.o
 .bss           0xc061bbb0        0x4 lib/string/strtok.o
 .bss           0xc061bbb4        0x0 lib/string/strcmp.o
 .bss           0xc061bbb4        0x0 lib/string/strncmp.o
 .bss           0xc061bbb4        0x0 lib/string/strpbrk.o
 .bss           0xc061bbb4        0x0 lib/stdio/read.o
 .bss           0xc061bbb4        0x0 lib/stdio/perror.o
 .bss           0xc061bbb4        0x0 lib/stdio/sscanf.o
 .bss           0xc061bbb4        0x0 lib/stdio/open.o
 .bss           0xc061bbb4        0x0 lib/stdio/write.o
 .bss           0xc061bbb4        0x0 lib/stdio/close.o
 .bss           0xc061bbb4        0x0 lib/sys/socket.o
 .bss           0xc061bbb4        0x0 lib/sys/connect.o
 .bss           0xc061bbb4        0x0 lib/arpa/ntohs.o
 .bss           0xc061bbb4        0x0 lib/arpa/htonl.o
 .bss           0xc061bbb4        0x0 lib/arpa/htons.o
 .bss           0xc061bbb4        0x0 lib/arpa/inet_pton.o
 .bss           0xc061bbb4        0x0 lib/arpa/ntohl.o
 .bss           0xc061bbb4        0x0 lib/arpa/inet_ntop.o
 *(COMMON)
 *fill*         0xc061bbb4        0xc 
 COMMON         0xc061bbc0     0x17b8 double_link_list.o
                0xc061bbc0                current_tty
                0xc061bbc4                is_e0
                0xc061bbc8                idt_ptr
                0xc061bbd0                pid
                0xc061bbd4                KernelVirtualMemory
                0xc061bbe0                loop
                0xc061bbe4                current_dis_pos
                0xc061bbe8                dis_pos
                0xc061bbec                netdev
                0xc061bbf0                k_reenter
                0xc061bc00                gdt
                0xc061c000                proc_ready_table
                0xc061c004                test_ticks
                0xc061c008                pcaller
                0xc061c020                keyboard_buffer
                0xc061c22c                pcb_list
                0xc061c23c                gdt_index
                0xc061c240                tty_table
                0xc061ca80                tss
                0xc061caec                KernelPool
                0xc061cafc                net_buf
                0xc061cb00                nic_current_page
                0xc061cb04                counter
                0xc061cb08                key_pressed
                0xc061cb0c                fork_pid
                0xc061cb10                is_shift
                0xc061cb11                net_data
                0xc061cb14                routes
                0xc061cb18                gdt_ptr
                0xc061cb20                idt
                0xc061d320                main_thread
                0xc061d328                ticks
                0xc061d330                is_init
                0xc061d334                UserPool
                0xc061d344                all_pcb_list
                0xc061d354                console_table
                0xc061d364                is_disp
                0xc061d368                MAIN_THREAD_PAGE_DIRECTORY
                0xc061d36c                helloStr
 *fill*         0xc061d378        0x8 
 COMMON         0xc061d380    0x91ad0 global.o
                0xc061d380                proc_stack
                0xc06ad380                proc_table
 *fill*         0xc06aee50       0x10 
 COMMON         0xc06aee60      0x440 hd/hd.o
                0xc06aee60                hd_info
                0xc06af0a0                hd_cache
 COMMON         0xc06af2a0      0xe68 fs/fs_main.o
                0xc06af2a0                file_desc_table
                0xc06af6a0                phy_super_block_buf
                0xc06af6a4                phy_fsbuf
                0xc06af6c0                inode_table
                0xc06b00c0                super_block_buf
                0xc06b00c4                fsbuf
                0xc06b00e0                root
 *fill*         0xc06b0108       0x18 
 COMMON         0xc06b0120       0xa8 mem/mem.o
                0xc06b0120                kernel_mem_block_decs_array
                0xc06b01c8                        . = ALIGN ((. != 0x0)?0x4:0x1)
                0xc06b01c8                        . = ALIGN (0x4)
                0xc06b01c8                        . = SEGMENT_START ("ldata-segment", .)
                0xc06b01c8                        . = ALIGN (0x4)
                0xc06b01c8                        _end = .
                [!provide]                        PROVIDE (end = .)
                0xc06b01c8                        . = DATA_SEGMENT_END (.)

.stab
 *(.stab)

.stabstr
 *(.stabstr)

.stab.excl
 *(.stab.excl)

.stab.exclstr
 *(.stab.exclstr)

.stab.index
 *(.stab.index)

.stab.indexstr
 *(.stab.indexstr)

.comment        0x00000000       0x2c
 *(.comment)
 .comment       0x00000000       0x2c double_link_list.o
                                 0x2d (size before relaxing)
 .comment       0x0000002c       0x2d global.o
 .comment       0x0000002c       0x2d kernel_main_old.o
 .comment       0x0000002c       0x2d kernel_main.o
 .comment       0x0000002c       0x2d protect.o
 .comment       0x0000002c       0x2d console.o
 .comment       0x0000002c       0x2d process.o
 .comment       0x0000002c       0x2d keyboard.o
 .comment       0x0000002c       0x2d thread.o
 .comment       0x0000002c       0x2d my_process.o
 .comment       0x0000002c       0x2d network/skbuff.o
 .comment       0x0000002c       0x2d network/socket.o
 .comment       0x0000002c       0x2d network/ip_input.o
 .comment       0x0000002c       0x2d network/udp_sock.o
 .comment       0x0000002c       0x2d network/inet.o
 .comment       0x0000002c       0x2d network/ip_output.o
 .comment       0x0000002c       0x2d network/tcp.o
 .comment       0x0000002c       0x2d network/sock.o
 .comment       0x0000002c       0x2d network/tcp_output.o
 .comment       0x0000002c       0x2d network/arp.o
 .comment       0x0000002c       0x2d network/tcp_sock.o
 .comment       0x0000002c       0x2d network/ipc.o
 .comment       0x0000002c       0x2d network/icmpv4.o
 .comment       0x0000002c       0x2d network/netdev.o
 .comment       0x0000002c       0x2d network/dst.o
 .comment       0x0000002c       0x2d network/tcp_input.o
 .comment       0x0000002c       0x2d network/task_network.o
 .comment       0x0000002c       0x2d network/route.o
 .comment       0x0000002c       0x2d network/udp.o
 .comment       0x0000002c       0x2d network/tcp_data.o
 .comment       0x0000002c       0x2d network/utils.o
 .comment       0x0000002c       0x2d hd/hd.o
 .comment       0x0000002c       0x2d fs/fs_main.o
 .comment       0x0000002c       0x2d mm/forkexit.o
 .comment       0x0000002c       0x2d mm/exec.o
 .comment       0x0000002c       0x2d mm/main.o
 .comment       0x0000002c       0x2d mem/mem.o
 .comment       0x0000002c       0x2d lib/floor.o
 .comment       0x0000002c       0x2d lib/exec.o
 .comment       0x0000002c       0x2d lib/exit.o
 .comment       0x0000002c       0x2d lib/unlink.o
 .comment       0x0000002c       0x2d lib/wait.o
 .comment       0x0000002c       0x2d lib/socket_close.o
 .comment       0x0000002c       0x2d lib/socket_read.o
 .comment       0x0000002c       0x2d lib/alloca.o
 .comment       0x0000002c       0x2d lib/calloc.o
 .comment       0x0000002c       0x2d lib/fork.o
 .comment       0x0000002c       0x2d lib/socket_write.o
 .comment       0x0000002c       0x2d lib/getpid.o
 .comment       0x0000002c       0x2d lib/stdlib/atoi.o
 .comment       0x0000002c       0x2d lib/string/strtok.o
 .comment       0x0000002c       0x2d lib/string/strcmp.o
 .comment       0x0000002c       0x2d lib/string/strncmp.o
 .comment       0x0000002c       0x2d lib/string/strpbrk.o
 .comment       0x0000002c       0x2d lib/stdio/read.o
 .comment       0x0000002c       0x2d lib/stdio/perror.o
 .comment       0x0000002c       0x2d lib/stdio/sscanf.o
 .comment       0x0000002c       0x2d lib/stdio/open.o
 .comment       0x0000002c       0x2d lib/stdio/write.o
 .comment       0x0000002c       0x2d lib/stdio/close.o
 .comment       0x0000002c       0x2d lib/sys/socket.o
 .comment       0x0000002c       0x2d lib/sys/connect.o
 .comment       0x0000002c       0x2d lib/arpa/ntohs.o
 .comment       0x0000002c       0x2d lib/arpa/htonl.o
 .comment       0x0000002c       0x2d lib/arpa/htons.o
 .comment       0x0000002c       0x2d lib/arpa/inet_pton.o
 .comment       0x0000002c       0x2d lib/arpa/ntohl.o
 .comment       0x0000002c       0x2d lib/arpa/inet_ntop.o

.gnu.build.attributes
 *(.gnu.build.attributes .gnu.build.attributes.*)

.debug
 *(.debug)

.line
 *(.line)

.debug_srcinfo
 *(.debug_srcinfo)

.debug_sfnames
 *(.debug_sfnames)

.debug_aranges  0x00000000      0x878
 *(.debug_aranges)
 .debug_aranges
                0x00000000       0x20 double_link_list.o
 .debug_aranges
                0x00000020       0x18 global.o
 .debug_aranges
                0x00000038       0x20 kernel_main_old.o
 .debug_aranges
                0x00000058       0x20 kernel_main.o
 .debug_aranges
                0x00000078       0x20 protect.o
 .debug_aranges
                0x00000098       0x20 console.o
 .debug_aranges
                0x000000b8       0x20 process.o
 .debug_aranges
                0x000000d8       0x20 keyboard.o
 .debug_aranges
                0x000000f8       0x20 thread.o
 .debug_aranges
                0x00000118       0x20 my_process.o
 .debug_aranges
                0x00000138       0x20 network/skbuff.o
 .debug_aranges
                0x00000158       0x20 network/socket.o
 .debug_aranges
                0x00000178       0x20 network/ip_input.o
 .debug_aranges
                0x00000198       0x20 network/udp_sock.o
 .debug_aranges
                0x000001b8       0x20 network/inet.o
 .debug_aranges
                0x000001d8       0x20 network/ip_output.o
 .debug_aranges
                0x000001f8       0x20 network/tcp.o
 .debug_aranges
                0x00000218       0x20 network/sock.o
 .debug_aranges
                0x00000238       0x20 network/tcp_output.o
 .debug_aranges
                0x00000258       0x20 network/arp.o
 .debug_aranges
                0x00000278       0x20 network/tcp_sock.o
 .debug_aranges
                0x00000298       0x20 network/ipc.o
 .debug_aranges
                0x000002b8       0x20 network/icmpv4.o
 .debug_aranges
                0x000002d8       0x20 network/netdev.o
 .debug_aranges
                0x000002f8       0x20 network/dst.o
 .debug_aranges
                0x00000318       0x20 network/tcp_input.o
 .debug_aranges
                0x00000338       0x20 network/task_network.o
 .debug_aranges
                0x00000358       0x20 network/route.o
 .debug_aranges
                0x00000378       0x20 network/udp.o
 .debug_aranges
                0x00000398       0x20 network/tcp_data.o
 .debug_aranges
                0x000003b8       0x20 network/utils.o
 .debug_aranges
                0x000003d8       0x20 hd/hd.o
 .debug_aranges
                0x000003f8       0x20 fs/fs_main.o
 .debug_aranges
                0x00000418       0x20 mm/forkexit.o
 .debug_aranges
                0x00000438       0x20 mm/exec.o
 .debug_aranges
                0x00000458       0x20 mm/main.o
 .debug_aranges
                0x00000478       0x20 mem/mem.o
 .debug_aranges
                0x00000498       0x20 lib/floor.o
 .debug_aranges
                0x000004b8       0x20 lib/exec.o
 .debug_aranges
                0x000004d8       0x20 lib/exit.o
 .debug_aranges
                0x000004f8       0x20 lib/unlink.o
 .debug_aranges
                0x00000518       0x20 lib/wait.o
 .debug_aranges
                0x00000538       0x20 lib/socket_close.o
 .debug_aranges
                0x00000558       0x20 lib/socket_read.o
 .debug_aranges
                0x00000578       0x20 lib/alloca.o
 .debug_aranges
                0x00000598       0x20 lib/calloc.o
 .debug_aranges
                0x000005b8       0x20 lib/fork.o
 .debug_aranges
                0x000005d8       0x20 lib/socket_write.o
 .debug_aranges
                0x000005f8       0x20 lib/getpid.o
 .debug_aranges
                0x00000618       0x20 lib/stdlib/atoi.o
 .debug_aranges
                0x00000638       0x20 lib/string/strtok.o
 .debug_aranges
                0x00000658       0x20 lib/string/strcmp.o
 .debug_aranges
                0x00000678       0x20 lib/string/strncmp.o
 .debug_aranges
                0x00000698       0x20 lib/string/strpbrk.o
 .debug_aranges
                0x000006b8       0x20 lib/stdio/read.o
 .debug_aranges
                0x000006d8       0x20 lib/stdio/perror.o
 .debug_aranges
                0x000006f8       0x20 lib/stdio/sscanf.o
 .debug_aranges
                0x00000718       0x20 lib/stdio/open.o
 .debug_aranges
                0x00000738       0x20 lib/stdio/write.o
 .debug_aranges
                0x00000758       0x20 lib/stdio/close.o
 .debug_aranges
                0x00000778       0x20 lib/sys/socket.o
 .debug_aranges
                0x00000798       0x20 lib/sys/connect.o
 .debug_aranges
                0x000007b8       0x20 lib/arpa/ntohs.o
 .debug_aranges
                0x000007d8       0x20 lib/arpa/htonl.o
 .debug_aranges
                0x000007f8       0x20 lib/arpa/htons.o
 .debug_aranges
                0x00000818       0x20 lib/arpa/inet_pton.o
 .debug_aranges
                0x00000838       0x20 lib/arpa/ntohl.o
 .debug_aranges
                0x00000858       0x20 lib/arpa/inet_ntop.o

.debug_pubnames
 *(.debug_pubnames)

.debug_info     0x00000000    0x44dc6
 *(.debug_info .gnu.linkonce.wi.*)
 .debug_info    0x00000000     0x10b1 double_link_list.o
 .debug_info    0x000010b1      0xef9 global.o
 .debug_info    0x00001faa     0x28d0 kernel_main_old.o
 .debug_info    0x0000487a     0x11d5 kernel_main.o
 .debug_info    0x00005a4f     0x1224 protect.o
 .debug_info    0x00006c73     0x12f9 console.o
 .debug_info    0x00007f6c      0xfd1 process.o
 .debug_info    0x00008f3d     0x104d keyboard.o
 .debug_info    0x00009f8a     0x10d8 thread.o
 .debug_info    0x0000b062     0x150c my_process.o
 .debug_info    0x0000c56e     0x11cc network/skbuff.o
 .debug_info    0x0000d73a     0x1c35 network/socket.o
 .debug_info    0x0000f36f     0x1ae1 network/ip_input.o
 .debug_info    0x00010e50     0x1f13 network/udp_sock.o
 .debug_info    0x00012d63     0x1a9a network/inet.o
 .debug_info    0x000147fd     0x177b network/ip_output.o
 .debug_info    0x00015f78     0x1e44 network/tcp.o
 .debug_info    0x00017dbc     0x1896 network/sock.o
 .debug_info    0x00019652     0x235f network/tcp_output.o
 .debug_info    0x0001b9b1     0x1593 network/arp.o
 .debug_info    0x0001cf44     0x2235 network/tcp_sock.o
 .debug_info    0x0001f179     0x1d2c network/ipc.o
 .debug_info    0x00020ea5     0x193f network/icmpv4.o
 .debug_info    0x000227e4     0x1788 network/netdev.o
 .debug_info    0x00023f6c     0x1220 network/dst.o
 .debug_info    0x0002518c     0x2147 network/tcp_input.o
 .debug_info    0x000272d3      0x6ad network/task_network.o
 .debug_info    0x00027980     0x12a0 network/route.o
 .debug_info    0x00028c20     0x1b44 network/udp.o
 .debug_info    0x0002a764     0x1dad network/tcp_data.o
 .debug_info    0x0002c511      0x367 network/utils.o
 .debug_info    0x0002c878     0x1868 hd/hd.o
 .debug_info    0x0002e0e0     0x1faa fs/fs_main.o
 .debug_info    0x0003008a     0x100d mm/forkexit.o
 .debug_info    0x00031097     0x1249 mm/exec.o
 .debug_info    0x000322e0      0xe3b mm/main.o
 .debug_info    0x0003311b     0x1d5e mem/mem.o
 .debug_info    0x00034e79       0x6b lib/floor.o
 .debug_info    0x00034ee4      0xfaf lib/exec.o
 .debug_info    0x00035e93      0xe22 lib/exit.o
 .debug_info    0x00036cb5      0xf00 lib/unlink.o
 .debug_info    0x00037bb5      0xe30 lib/wait.o
 .debug_info    0x000389e5      0xff6 lib/socket_close.o
 .debug_info    0x000399db     0x10fe lib/socket_read.o
 .debug_info    0x0003aad9       0xb6 lib/alloca.o
 .debug_info    0x0003ab8f      0xf28 lib/calloc.o
 .debug_info    0x0003bab7      0xe17 lib/fork.o
 .debug_info    0x0003c8ce     0x1103 lib/socket_write.o
 .debug_info    0x0003d9d1      0xe17 lib/getpid.o
 .debug_info    0x0003e7e8       0xc9 lib/stdlib/atoi.o
 .debug_info    0x0003e8b1       0xae lib/string/strtok.o
 .debug_info    0x0003e95f       0xc1 lib/string/strcmp.o
 .debug_info    0x0003ea20      0x110 lib/string/strncmp.o
 .debug_info    0x0003eb30       0xcf lib/string/strpbrk.o
 .debug_info    0x0003ebff      0xea1 lib/stdio/read.o
 .debug_info    0x0003faa0       0x5c lib/stdio/perror.o
 .debug_info    0x0003fafc      0x20e lib/stdio/sscanf.o
 .debug_info    0x0003fd0a      0xe02 lib/stdio/open.o
 .debug_info    0x00040b0c      0xe9e lib/stdio/write.o
 .debug_info    0x000419aa      0xdb6 lib/stdio/close.o
 .debug_info    0x00042760      0xfd7 lib/sys/socket.o
 .debug_info    0x00043737      0xfbf lib/sys/connect.o
 .debug_info    0x000446f6       0xa8 lib/arpa/ntohs.o
 .debug_info    0x0004479e       0xcb lib/arpa/htonl.o
 .debug_info    0x00044869       0xa8 lib/arpa/htons.o
 .debug_info    0x00044911      0x260 lib/arpa/inet_pton.o
 .debug_info    0x00044b71       0xcb lib/arpa/ntohl.o
 .debug_info    0x00044c3c      0x18a lib/arpa/inet_ntop.o

.debug_abbrev   0x00000000     0x83a9
 *(.debug_abbrev)
 .debug_abbrev  0x00000000      0x216 double_link_list.o
 .debug_abbrev  0x00000216      0x157 global.o
 .debug_abbrev  0x0000036d      0x43a kernel_main_old.o
 .debug_abbrev  0x000007a7      0x25e kernel_main.o
 .debug_abbrev  0x00000a05      0x227 protect.o
 .debug_abbrev  0x00000c2c      0x2ac console.o
 .debug_abbrev  0x00000ed8      0x1e0 process.o
 .debug_abbrev  0x000010b8      0x1fb keyboard.o
 .debug_abbrev  0x000012b3      0x222 thread.o
 .debug_abbrev  0x000014d5      0x260 my_process.o
 .debug_abbrev  0x00001735      0x23f network/skbuff.o
 .debug_abbrev  0x00001974      0x327 network/socket.o
 .debug_abbrev  0x00001c9b      0x2d1 network/ip_input.o
 .debug_abbrev  0x00001f6c      0x3b1 network/udp_sock.o
 .debug_abbrev  0x0000231d      0x24b network/inet.o
 .debug_abbrev  0x00002568      0x213 network/ip_output.o
 .debug_abbrev  0x0000277b      0x332 network/tcp.o
 .debug_abbrev  0x00002aad      0x273 network/sock.o
 .debug_abbrev  0x00002d20      0x39b network/tcp_output.o
 .debug_abbrev  0x000030bb      0x2d0 network/arp.o
 .debug_abbrev  0x0000338b      0x3e6 network/tcp_sock.o
 .debug_abbrev  0x00003771      0x2ee network/ipc.o
 .debug_abbrev  0x00003a5f      0x236 network/icmpv4.o
 .debug_abbrev  0x00003c95      0x2f4 network/netdev.o
 .debug_abbrev  0x00003f89      0x204 network/dst.o
 .debug_abbrev  0x0000418d      0x355 network/tcp_input.o
 .debug_abbrev  0x000044e2      0x16b network/task_network.o
 .debug_abbrev  0x0000464d      0x24e network/route.o
 .debug_abbrev  0x0000489b      0x2d3 network/udp.o
 .debug_abbrev  0x00004b6e      0x2a6 network/tcp_data.o
 .debug_abbrev  0x00004e14      0x17a network/utils.o
 .debug_abbrev  0x00004f8e      0x2e3 hd/hd.o
 .debug_abbrev  0x00005271      0x2f8 fs/fs_main.o
 .debug_abbrev  0x00005569      0x204 mm/forkexit.o
 .debug_abbrev  0x0000576d      0x1c4 mm/exec.o
 .debug_abbrev  0x00005931      0x208 mm/main.o
 .debug_abbrev  0x00005b39      0x330 mem/mem.o
 .debug_abbrev  0x00005e69       0x6a lib/floor.o
 .debug_abbrev  0x00005ed3      0x1e8 lib/exec.o
 .debug_abbrev  0x000060bb      0x19b lib/exit.o
 .debug_abbrev  0x00006256      0x193 lib/unlink.o
 .debug_abbrev  0x000063e9      0x19f lib/wait.o
 .debug_abbrev  0x00006588      0x1b0 lib/socket_close.o
 .debug_abbrev  0x00006738      0x1dd lib/socket_read.o
 .debug_abbrev  0x00006915       0xcd lib/alloca.o
 .debug_abbrev  0x000069e2      0x191 lib/calloc.o
 .debug_abbrev  0x00006b73      0x18a lib/fork.o
 .debug_abbrev  0x00006cfd      0x1db lib/socket_write.o
 .debug_abbrev  0x00006ed8      0x18a lib/getpid.o
 .debug_abbrev  0x00007062       0x94 lib/stdlib/atoi.o
 .debug_abbrev  0x000070f6       0x91 lib/string/strtok.o
 .debug_abbrev  0x00007187       0x94 lib/string/strcmp.o
 .debug_abbrev  0x0000721b       0xbe lib/string/strncmp.o
 .debug_abbrev  0x000072d9       0xa5 lib/string/strpbrk.o
 .debug_abbrev  0x0000737e      0x1ef lib/stdio/read.o
 .debug_abbrev  0x0000756d       0x5c lib/stdio/perror.o
 .debug_abbrev  0x000075c9       0xdd lib/stdio/sscanf.o
 .debug_abbrev  0x000076a6      0x1c5 lib/stdio/open.o
 .debug_abbrev  0x0000786b      0x1db lib/stdio/write.o
 .debug_abbrev  0x00007a46      0x19d lib/stdio/close.o
 .debug_abbrev  0x00007be3      0x1cc lib/sys/socket.o
 .debug_abbrev  0x00007daf      0x1cc lib/sys/connect.o
 .debug_abbrev  0x00007f7b       0x6c lib/arpa/ntohs.o
 .debug_abbrev  0x00007fe7       0xa5 lib/arpa/htonl.o
 .debug_abbrev  0x0000808c       0x6c lib/arpa/htons.o
 .debug_abbrev  0x000080f8      0x116 lib/arpa/inet_pton.o
 .debug_abbrev  0x0000820e       0xa5 lib/arpa/ntohl.o
 .debug_abbrev  0x000082b3       0xf6 lib/arpa/inet_ntop.o

.debug_line     0x00000000     0xa4df
 *(.debug_line .debug_line.* .debug_line_end)
 .debug_line    0x00000000      0x235 double_link_list.o
 .debug_line    0x00000235       0xb3 global.o
 .debug_line    0x000002e8      0xe4d kernel_main_old.o
 .debug_line    0x00001135      0x26b kernel_main.o
 .debug_line    0x000013a0      0x21d protect.o
 .debug_line    0x000015bd      0x56c console.o
 .debug_line    0x00001b29      0x1d8 process.o
 .debug_line    0x00001d01      0x2b4 keyboard.o
 .debug_line    0x00001fb5      0x163 thread.o
 .debug_line    0x00002118      0x359 my_process.o
 .debug_line    0x00002471      0x1ab network/skbuff.o
 .debug_line    0x0000261c      0x3c8 network/socket.o
 .debug_line    0x000029e4      0x28e network/ip_input.o
 .debug_line    0x00002c72      0x4c8 network/udp_sock.o
 .debug_line    0x0000313a      0x326 network/inet.o
 .debug_line    0x00003460      0x20b network/ip_output.o
 .debug_line    0x0000366b      0x30d network/tcp.o
 .debug_line    0x00003978      0x238 network/sock.o
 .debug_line    0x00003bb0      0x5a1 network/tcp_output.o
 .debug_line    0x00004151      0x3d6 network/arp.o
 .debug_line    0x00004527      0x594 network/tcp_sock.o
 .debug_line    0x00004abb      0x5fb network/ipc.o
 .debug_line    0x000050b6      0x232 network/icmpv4.o
 .debug_line    0x000052e8      0x405 network/netdev.o
 .debug_line    0x000056ed      0x16b network/dst.o
 .debug_line    0x00005858      0x671 network/tcp_input.o
 .debug_line    0x00005ec9       0xe8 network/task_network.o
 .debug_line    0x00005fb1      0x240 network/route.o
 .debug_line    0x000061f1      0x302 network/udp.o
 .debug_line    0x000064f3      0x3ff network/tcp_data.o
 .debug_line    0x000068f2      0x13c network/utils.o
 .debug_line    0x00006a2e      0x64d hd/hd.o
 .debug_line    0x0000707b      0xc43 fs/fs_main.o
 .debug_line    0x00007cbe      0x192 mm/forkexit.o
 .debug_line    0x00007e50      0x22a mm/exec.o
 .debug_line    0x0000807a      0x10a mm/main.o
 .debug_line    0x00008184      0x778 mem/mem.o
 .debug_line    0x000088fc       0x5a lib/floor.o
 .debug_line    0x00008956      0x1a9 lib/exec.o
 .debug_line    0x00008aff       0xbe lib/exit.o
 .debug_line    0x00008bbd       0xde lib/unlink.o
 .debug_line    0x00008c9b       0xd5 lib/wait.o
 .debug_line    0x00008d70      0x145 lib/socket_close.o
 .debug_line    0x00008eb5      0x186 lib/socket_read.o
 .debug_line    0x0000903b       0x5f lib/alloca.o
 .debug_line    0x0000909a       0xf9 lib/calloc.o
 .debug_line    0x00009193       0xc3 lib/fork.o
 .debug_line    0x00009256      0x189 lib/socket_write.o
 .debug_line    0x000093df       0xbe lib/getpid.o
 .debug_line    0x0000949d       0xad lib/stdlib/atoi.o
 .debug_line    0x0000954a       0x6e lib/string/strtok.o
 .debug_line    0x000095b8       0x9c lib/string/strcmp.o
 .debug_line    0x00009654       0xcc lib/string/strncmp.o
 .debug_line    0x00009720       0xb0 lib/string/strpbrk.o
 .debug_line    0x000097d0      0x15b lib/stdio/read.o
 .debug_line    0x0000992b       0x48 lib/stdio/perror.o
 .debug_line    0x00009973      0x1d2 lib/stdio/sscanf.o
 .debug_line    0x00009b45       0xc3 lib/stdio/open.o
 .debug_line    0x00009c08       0xe0 lib/stdio/write.o
 .debug_line    0x00009ce8       0xb3 lib/stdio/close.o
 .debug_line    0x00009d9b      0x165 lib/sys/socket.o
 .debug_line    0x00009f00      0x147 lib/sys/connect.o
 .debug_line    0x0000a047       0x6c lib/arpa/ntohs.o
 .debug_line    0x0000a0b3       0xc1 lib/arpa/htonl.o
 .debug_line    0x0000a174       0x6c lib/arpa/htons.o
 .debug_line    0x0000a1e0      0x167 lib/arpa/inet_pton.o
 .debug_line    0x0000a347       0xc1 lib/arpa/ntohl.o
 .debug_line    0x0000a408       0xd7 lib/arpa/inet_ntop.o

.debug_frame
 *(.debug_frame)

.debug_str      0x00000000     0x379f
 *(.debug_str)
 .debug_str     0x00000000     0x379f double_link_list.o
                                0x6fa (size before relaxing)
 .debug_str     0x0000379f      0x628 global.o
 .debug_str     0x0000379f      0xba3 kernel_main_old.o
 .debug_str     0x0000379f      0x771 kernel_main.o
 .debug_str     0x0000379f      0x783 protect.o
 .debug_str     0x0000379f      0x777 console.o
 .debug_str     0x0000379f      0x662 process.o
 .debug_str     0x0000379f      0x6b4 keyboard.o
 .debug_str     0x0000379f      0x72f thread.o
 .debug_str     0x0000379f      0x916 my_process.o
 .debug_str     0x0000379f      0x71a network/skbuff.o
 .debug_str     0x0000379f      0x946 network/socket.o
 .debug_str     0x0000379f      0x9a2 network/ip_input.o
 .debug_str     0x0000379f      0xa78 network/udp_sock.o
 .debug_str     0x0000379f      0x905 network/inet.o
 .debug_str     0x0000379f      0x85d network/ip_output.o
 .debug_str     0x0000379f      0xb34 network/tcp.o
 .debug_str     0x0000379f      0x8bd network/sock.o
 .debug_str     0x0000379f      0xc24 network/tcp_output.o
 .debug_str     0x0000379f      0x838 network/arp.o
 .debug_str     0x0000379f      0xcc7 network/tcp_sock.o
 .debug_str     0x0000379f      0x910 network/ipc.o
 .debug_str     0x0000379f      0x921 network/icmpv4.o
 .debug_str     0x0000379f      0x89c network/netdev.o
 .debug_str     0x0000379f      0x729 network/dst.o
 .debug_str     0x0000379f      0xb94 network/tcp_input.o
 .debug_str     0x0000379f      0x2b8 network/task_network.o
 .debug_str     0x0000379f      0x74c network/route.o
 .debug_str     0x0000379f      0x954 network/udp.o
 .debug_str     0x0000379f      0xa50 network/tcp_data.o
 .debug_str     0x0000379f      0x1b8 network/utils.o
 .debug_str     0x0000379f      0x931 hd/hd.o
 .debug_str     0x0000379f      0xb12 fs/fs_main.o
 .debug_str     0x0000379f      0x62f mm/forkexit.o
 .debug_str     0x0000379f      0x885 mm/exec.o
 .debug_str     0x0000379f      0x5b0 mm/main.o
 .debug_str     0x0000379f      0xab9 mem/mem.o
 .debug_str     0x0000379f       0xa2 lib/floor.o
 .debug_str     0x0000379f      0x644 lib/exec.o
 .debug_str     0x0000379f      0x5bd lib/exit.o
 .debug_str     0x0000379f      0x63c lib/unlink.o
 .debug_str     0x0000379f      0x5bd lib/wait.o
 .debug_str     0x0000379f      0x6c6 lib/socket_close.o
 .debug_str     0x0000379f      0x742 lib/socket_read.o
 .debug_str     0x0000379f       0xce lib/alloca.o
 .debug_str     0x0000379f      0x649 lib/calloc.o
 .debug_str     0x0000379f      0x5b6 lib/fork.o
 .debug_str     0x0000379f      0x745 lib/socket_write.o
 .debug_str     0x0000379f      0x5ba lib/getpid.o
 .debug_str     0x0000379f       0xad lib/stdlib/atoi.o
 .debug_str     0x0000379f       0xb9 lib/string/strtok.o
 .debug_str     0x0000379f       0xb1 lib/string/strcmp.o
 .debug_str     0x0000379f       0xba lib/string/strncmp.o
 .debug_str     0x0000379f       0xc1 lib/string/strpbrk.o
 .debug_str     0x0000379f      0x617 lib/stdio/read.o
 .debug_str     0x0000379f       0x99 lib/stdio/perror.o
 .debug_str     0x0000379f      0x102 lib/stdio/sscanf.o
 .debug_str     0x0000379f      0x5de lib/stdio/open.o
 .debug_str     0x0000379f      0x5f3 lib/stdio/write.o
 .debug_str     0x0000379f      0x5a6 lib/stdio/close.o
 .debug_str     0x0000379f      0x6aa lib/sys/socket.o
 .debug_str     0x0000379f      0x6b4 lib/sys/connect.o
 .debug_str     0x0000379f      0x101 lib/arpa/ntohs.o
 .debug_str     0x0000379f       0xf4 lib/arpa/htonl.o
 .debug_str     0x0000379f      0x102 lib/arpa/htons.o
 .debug_str     0x0000379f      0x14c lib/arpa/inet_pton.o
 .debug_str     0x0000379f       0xf3 lib/arpa/ntohl.o
 .debug_str     0x0000379f      0x10f lib/arpa/inet_ntop.o

.debug_loc
 *(.debug_loc)

.debug_macinfo
 *(.debug_macinfo)

.debug_weaknames
 *(.debug_weaknames)

.debug_funcnames
 *(.debug_funcnames)

.debug_typenames
 *(.debug_typenames)

.debug_varnames
 *(.debug_varnames)

.debug_pubtypes
 *(.debug_pubtypes)

.debug_ranges   0x00000000       0x90
 *(.debug_ranges)
 .debug_ranges  0x00000000       0x30 kernel_main_old.o
 .debug_ranges  0x00000030       0x48 hd/hd.o
 .debug_ranges  0x00000078       0x18 mm/exec.o

.debug_addr
 *(.debug_addr)

.debug_line_str
 *(.debug_line_str)

.debug_loclists
 *(.debug_loclists)

.debug_macro
 *(.debug_macro)

.debug_names
 *(.debug_names)

.debug_rnglists
 *(.debug_rnglists)

.debug_str_offsets
 *(.debug_str_offsets)

.debug_sup
 *(.debug_sup)

.gnu.attributes
 *(.gnu.attributes)

/DISCARD/
 *(.note.GNU-stack)
 *(.gnu_debuglink)
 *(.gnu.lto_*)
OUTPUT(kernel.bin elf32-i386)
