
Merging program properties

Removed property 0xc0010001 to merge double_link_list.o (0x1) and kernel/kernel_sub.o (not found)
Removed property 0xc0010002 to merge double_link_list.o (0x0) and kernel/kernel_sub.o (not found)
Removed property 0xc0010001 to merge double_link_list.o (not found) and kernel_main_old.o (0x1)
Removed property 0xc0010002 to merge double_link_list.o (not found) and kernel_main_old.o (0x1)
Removed property 0xc0010001 to merge double_link_list.o (not found) and kernel_main.o (0x1)
Removed property 0xc0010002 to merge double_link_list.o (not found) and kernel_main.o (0x0)
Removed property 0xc0010001 to merge double_link_list.o (not found) and protect.o (0x1)
Removed property 0xc0010002 to merge double_link_list.o (not found) and protect.o (0x0)
Removed property 0xc0010001 to merge double_link_list.o (not found) and console.o (0x1)
Removed property 0xc0010002 to merge double_link_list.o (not found) and console.o (0x1)
Removed property 0xc0010001 to merge double_link_list.o (not found) and global.o (0x1)
Removed property 0xc0010002 to merge double_link_list.o (not found) and global.o (0x0)
Removed property 0xc0010001 to merge double_link_list.o (not found) and keyboard.o (0x1)
Removed property 0xc0010002 to merge double_link_list.o (not found) and keyboard.o (0x0)
Removed property 0xc0010001 to merge double_link_list.o (not found) and process.o (0x1)
Removed property 0xc0010002 to merge double_link_list.o (not found) and process.o (0x0)
Removed property 0xc0010001 to merge double_link_list.o (not found) and thread.o (0x1)
Removed property 0xc0010002 to merge double_link_list.o (not found) and thread.o (0x0)
Removed property 0xc0010001 to merge double_link_list.o (not found) and my_process.o (0x1)
Removed property 0xc0010002 to merge double_link_list.o (not found) and my_process.o (0x1)
Removed property 0xc0010001 to merge double_link_list.o (not found) and network/socket.o (0x1)
Removed property 0xc0010002 to merge double_link_list.o (not found) and network/socket.o (0x0)
Removed property 0xc0010001 to merge double_link_list.o (not found) and network/ip_input.o (0x1)
Removed property 0xc0010002 to merge double_link_list.o (not found) and network/ip_input.o (0x0)
Removed property 0xc0010001 to merge double_link_list.o (not found) and network/udp_sock.o (0x1)
Removed property 0xc0010002 to merge double_link_list.o (not found) and network/udp_sock.o (0x0)
Removed property 0xc0010001 to merge double_link_list.o (not found) and network/icmpv4.o (0x1)
Removed property 0xc0010002 to merge double_link_list.o (not found) and network/icmpv4.o (0x0)
Removed property 0xc0010001 to merge double_link_list.o (not found) and network/inet.o (0x1)
Removed property 0xc0010002 to merge double_link_list.o (not found) and network/inet.o (0x0)
Removed property 0xc0010001 to merge double_link_list.o (not found) and network/tcp.o (0x1)
Removed property 0xc0010002 to merge double_link_list.o (not found) and network/tcp.o (0x0)
Removed property 0xc0010001 to merge double_link_list.o (not found) and network/route.o (0x1)
Removed property 0xc0010002 to merge double_link_list.o (not found) and network/route.o (0x0)
Removed property 0xc0010001 to merge double_link_list.o (not found) and network/sock.o (0x1)
Removed property 0xc0010002 to merge double_link_list.o (not found) and network/sock.o (0x0)
Removed property 0xc0010001 to merge double_link_list.o (not found) and network/tcp_output.o (0x1)
Removed property 0xc0010002 to merge double_link_list.o (not found) and network/tcp_output.o (0x1)
Removed property 0xc0010001 to merge double_link_list.o (not found) and network/arp.o (0x1)
Removed property 0xc0010002 to merge double_link_list.o (not found) and network/arp.o (0x0)
Removed property 0xc0010001 to merge double_link_list.o (not found) and network/tcp_sock.o (0x1)
Removed property 0xc0010002 to merge double_link_list.o (not found) and network/tcp_sock.o (0x1)
Removed property 0xc0010001 to merge double_link_list.o (not found) and network/ipc.o (0x1)
Removed property 0xc0010002 to merge double_link_list.o (not found) and network/ipc.o (0x1)
Removed property 0xc0010001 to merge double_link_list.o (not found) and network/ip_output.o (0x1)
Removed property 0xc0010002 to merge double_link_list.o (not found) and network/ip_output.o (0x0)
Removed property 0xc0010001 to merge double_link_list.o (not found) and network/skbuff.o (0x1)
Removed property 0xc0010002 to merge double_link_list.o (not found) and network/skbuff.o (0x0)
Removed property 0xc0010001 to merge double_link_list.o (not found) and network/netdev.o (0x1)
Removed property 0xc0010002 to merge double_link_list.o (not found) and network/netdev.o (0x0)
Removed property 0xc0010001 to merge double_link_list.o (not found) and network/dst.o (0x1)
Removed property 0xc0010002 to merge double_link_list.o (not found) and network/dst.o (0x0)
Removed property 0xc0010001 to merge double_link_list.o (not found) and network/tcp_input.o (0x1)
[...]
Memory Configuration

Name             Origin             Length             Attributes
*default*        0x00000000         0xffffffff

Linker script and memory map

Address of section .text set to 0xc0600000
LOAD kernel/kernel_sub.o
LOAD kernel/kernel.o
LOAD syscall.o
LOAD switch_to.o
LOAD string.o
LOAD hd/hd_rdwt.o
LOAD network/ne2000.o
LOAD double_link_list.o
LOAD kernel_main_old.o
LOAD kernel_main.o
LOAD protect.o
LOAD console.o
LOAD global.o
LOAD keyboard.o
LOAD process.o
LOAD thread.o
LOAD my_process.o
LOAD network/socket.o
LOAD network/ip_input.o
LOAD network/udp_sock.o
LOAD network/icmpv4.o
LOAD network/inet.o
LOAD network/tcp.o
LOAD network/route.o
LOAD network/sock.o
LOAD network/tcp_output.o
LOAD network/arp.o
LOAD network/tcp_sock.o
LOAD network/ipc.o
LOAD network/ip_output.o
LOAD network/skbuff.o
LOAD network/netdev.o
LOAD network/dst.o
LOAD network/tcp_input.o
LOAD network/task_network.o
LOAD network/udp.o
LOAD network/tcp_data.o
LOAD network/utils.o
LOAD hd/hd.o
LOAD fs/fs_main.o
LOAD mm/forkexit.o
LOAD mm/exec.o
LOAD mm/main.o
LOAD mem/mem.o
LOAD lib/exec.o
LOAD lib/fork.o
LOAD lib/exit.o
LOAD lib/unlink.o
LOAD lib/wait.o
LOAD lib/socket_close.o
LOAD lib/socket_read.o
LOAD lib/alloca.o
LOAD lib/calloc.o
LOAD lib/floor.o
LOAD lib/socket_write.o
LOAD lib/getpid.o
LOAD lib/stdlib/atoi.o
LOAD lib/stdlib/strtol.o
LOAD lib/string/strtok.o
LOAD lib/string/strcmp.o
LOAD lib/string/strncmp.o
LOAD lib/string/strpbrk.o
LOAD lib/stdio/read.o
LOAD lib/stdio/perror.o
LOAD lib/stdio/sscanf.o
LOAD lib/stdio/open.o
LOAD lib/stdio/write.o
LOAD lib/stdio/close.o
LOAD lib/sys/socket.o
LOAD lib/sys/connect.o
LOAD lib/arpa/ntohs.o
LOAD lib/arpa/htonl.o
LOAD lib/arpa/htons.o
LOAD lib/arpa/inet_pton.o
LOAD lib/arpa/ntohl.o
LOAD lib/arpa/inet_ntop.o
                [!provide]                        PROVIDE (__executable_start = SEGMENT_START ("text-segment", 0x8048000))
                0x080480d4                        . = (SEGMENT_START ("text-segment", 0x8048000) + SIZEOF_HEADERS)

.interp
 *(.interp)

.note.gnu.build-id
 *(.note.gnu.build-id)

.hash
 *(.hash)

.gnu.hash
 *(.gnu.hash)

.dynsym
 *(.dynsym)

.dynstr
 *(.dynstr)

.gnu.version
 *(.gnu.version)

.gnu.version_d
 *(.gnu.version_d)

.gnu.version_r
 *(.gnu.version_r)

.rel.dyn        0x080480d4        0x0
 *(.rel.init)
 *(.rel.text .rel.text.* .rel.gnu.linkonce.t.*)
 .rel.text      0x080480d4        0x0 kernel/kernel_sub.o
 *(.rel.fini)
 *(.rel.rodata .rel.rodata.* .rel.gnu.linkonce.r.*)
 *(.rel.data.rel.ro .rel.data.rel.ro.* .rel.gnu.linkonce.d.rel.ro.*)
 *(.rel.data .rel.data.* .rel.gnu.linkonce.d.*)
 *(.rel.tdata .rel.tdata.* .rel.gnu.linkonce.td.*)
 *(.rel.tbss .rel.tbss.* .rel.gnu.linkonce.tb.*)
 *(.rel.ctors)
 *(.rel.dtors)
 *(.rel.got)
 .rel.got       0x080480d4        0x0 kernel/kernel_sub.o
 *(.rel.bss .rel.bss.* .rel.gnu.linkonce.b.*)
 *(.rel.ifunc)

.rel.plt        0x080480d4        0x0
 *(.rel.plt)
                [!provide]                        PROVIDE (__rel_iplt_start = .)
 *(.rel.iplt)
 .rel.iplt      0x080480d4        0x0 kernel/kernel_sub.o
                [!provide]                        PROVIDE (__rel_iplt_end = .)

.relr.dyn
 *(.relr.dyn)
                0x08049000                        . = ALIGN (CONSTANT (MAXPAGESIZE))

.init
 *(SORT_NONE(.init))

.plt            0x08049000        0x0
 *(.plt)
 *(.iplt)
 .iplt          0x08049000        0x0 kernel/kernel_sub.o

.plt.got
 *(.plt.got)

.plt.sec
 *(.plt.sec)

.text           0xc0600000    0x14ad4
 *(.text.unlikely .text.*_unlikely .text.unlikely.*)
 *(.text.exit .text.exit.*)
 *(.text.startup .text.startup.*)
 *(.text.hot .text.hot.*)
 *(SORT_BY_NAME(.text.sorted.*))
 *(.text .stub .text.* .gnu.linkonce.t.*)
 .text          0xc0600000       0x71 kernel/kernel_sub.o
                0xc0600000                _start
 *fill*         0xc0600071        0xf 
 .text          0xc0600080      0x3d2 kernel/kernel.o
                0xc0600080                InterruptTest
                0xc060008c                disp_str_len
                0xc06000d9                disp_str
                0xc0600114                disp_str_colour
                0xc0600150                divide_zero_fault
                0xc0600156                single_step_fault
                0xc060015c                non_maskable_interrupt
                0xc0600162                breakpoint_trap
                0xc0600168                overflow_trap
                0xc060016e                bound_range_exceeded_fault
                0xc0600174                invalid_opcode_fault
                0xc060017a                coprocessor_not_available_fault
                0xc0600180                double_fault_exception_abort
                0xc0600184                coprocessor_segment_overrun
                0xc060018a                invalid_task_state_segment_fault
                0xc060018e                segment_not_present_fault
                0xc0600192                stack_exception_fault
                0xc0600196                general_protection_exception_fault
                0xc06001a1                page_fault
                0xc06001a5                coprocessor_error_fault
                0xc06001ab                align_check_fault
                0xc06001af                simd_float_exception_fault
                0xc06001be                hwint0
                0xc06001ee                hwint1
                0xc0600231                hwint14
                0xc0600277                hwint10
                0xc06002ba                sys_call
                0xc0600300                fork_restart
                0xc060030f                restart
                0xc0600332                in_byte
                0xc060033e                out_byte
                0xc0600360                disable_int
                0xc0600362                enable_int
                0xc06003f8                enable_8259A_casecade_irq
                0xc0600402                disable_8259A_casecade_irq
                0xc060040c                enable_8259A_slave_winchester_irq
                0xc0600416                disable_8259A_slave_winchester_irq
                0xc0600420                update_cr3
                0xc060042d                update_tss
                0xc060043c                get_running_thread_pcb
                0xc0600442                sys_call_test
                0xc0600445                enable_8259A_slave_net_irq
 *fill*         0xc0600452        0xe 
 .text          0xc0600460       0x6a syscall.o
                0xc0600460                write_debug
                0xc0600470                send_msg
                0xc0600486                receive_msg
                0xc060049c                sys_malloc
                0xc06004b1                sys_free
 *fill*         0xc06004ca        0x6 
 .text          0xc06004d0       0x15 switch_to.o
                0xc06004d0                switch_to
 *fill*         0xc06004e5        0xb 
 .text          0xc06004f0      0x28d network/ne2000.o
                0xc0600513                DriverInitialize
                0xc060059d                StartSendToPhysicalLink
                0xc06005b8                SetPageStart
                0xc06005e7                DriverSend
                0xc0600661                PCtoNIC
                0xc06006cc                get_interrupt_status
                0xc06006e9                set_interrupt_status
                0xc0600709                get_curr_page
                0xc0600726                NICtoPC
 .text          0xc060077d      0x2ee double_link_list.o
                0xc060077d                initDoubleLinkList
                0xc06007cd                isListEmpty
                0xc06007fb                findElementInList
                0xc0600892                appendToDoubleLinkList
                0xc0600958                insertToDoubleLinkList
                0xc06009dc                popFromDoubleLinkList
 .text          0xc0600a6b     0x2d8b kernel_main_old.o
                0xc0600a6b                stop_here
                0xc0600aaf                catch_error
                0xc0600b14                intr_enable
                0xc0600b3d                intr_disable
                0xc0600b66                intr_set_status
                0xc0600b84                intr_get_status
                0xc0600ba1                Memcpy
                0xc0600bd4                untar
                0xc0600ee4                num_to_string
                0xc0600f8a                disp_int
                0xc0600fb3                do_page_fault
                0xc06010f0                exception_handler
                0xc06012db                init_internal_interrupt
                0xc0601450                spurious_irq
                0xc06014de                init_keyboard
                0xc0601521                TestTTY
                0xc06015c0                TestReadReturnValue
                0xc060163d                TestWriteReturnValue
                0xc0601711                TestFS2
                0xc060171f                TestFS
                0xc0601bc1                wait_exit
                0xc0601cbf                INIT_fork
                0xc0601fb2                simple_shell
                0xc0602139                test_shell
                0xc06021a1                test_exec
                0xc0602294                INIT
                0xc06022a1                TestA
                0xc06022d6                delay
                0xc060231a                TestB
                0xc0602332                TestC
                0xc0602365                sys_get_ticks
                0xc0602375                sys_write
                0xc06023c9                milli_delay
                0xc06023f3                TaskSys
                0xc06023f8                Printf
                0xc06024ca                sprintf
                0xc06024f6                vsprintf
                0xc06026a2                printx
                0xc06026e5                sys_printx
                0xc06027b1                spin
                0xc06027d7                panic
                0xc06027f5                assertion_failure
                0xc0602867                assertion_failure2
                0xc06028dc                dead_lock
                0xc06028e6                sys_send_msg
                0xc0602e05                sys_receive_msg
                0xc0603465                send_rec
                0xc0603560                block
                0xc060359c                unblock
                0xc06035ec                get_ticks_ipc
                0xc06035ff                itoa
                0xc0603655                i2a
                0xc06036bb                inform_int
                0xc0603787                deprecate_strcmp
 .text          0xc06037f6      0x515 kernel_main.o
                0xc06037f6                kernel_main
                0xc06039d0                init
                0xc0603a67                kernel_thread_a
                0xc0603ab4                kernel_thread_b
                0xc0603b01                kernel_thread_c
                0xc0603b17                kernel_thread_d
                0xc0603b2d                user_proc_a
                0xc0603cee                user_proc_b
 .text          0xc0603d0b      0x3b3 protect.o
                0xc0603d0b                InitDescriptor
                0xc0603d78                Seg2PhyAddr
                0xc0603db9                Seg2PhyAddrLDT
                0xc0603dfd                VirAddr2PhyAddr
                0xc0603e13                v2l
                0xc0603e56                init_propt
                0xc0603fd7                InitInterruptDesc
                0xc0604033                ReloadGDT
 .text          0xc06040be      0xad3 console.o
                0xc06040be                select_console
                0xc06040fa                flush
                0xc0604133                set_cursor
                0xc0604191                set_console_start_video_addr
                0xc06041ef                put_key
                0xc060425b                scroll_up
                0xc060429d                scroll_down
                0xc0604308                out_char
                0xc06044c5                tty_dev_read
                0xc06044ef                tty_dev_write
                0xc060471c                tty_do_read
                0xc06047e4                tty_do_write
                0xc060494d                init_screen
                0xc06049d6                init_tty
                0xc0604a8b                TaskTTY
 .text          0xc0604b91        0x0 global.o
 .text          0xc0604b91      0x40f keyboard.o
                0xc0604b91                keyboard_handler
                0xc0604c15                read_from_keyboard_buf
                0xc0604c7b                keyboard_read
                0xc0604dfa                init_keyboard_handler
                0xc0604e0e                in_process
 .text          0xc0604fa0      0x2d3 process.o
                0xc0604fa0                schedule_process
                0xc0605166                clock_handler
                0xc06051f8                pid2proc
                0xc060525c                proc2pid
 .text          0xc0605273      0x1b2 thread.o
                0xc0605273                kernel_thread
                0xc060528b                thread_init
                0xc0605338                thread_create
                0xc060536d                thread_start
 .text          0xc0605425      0x730 my_process.o
                0xc0605425                create_user_process_address_space
                0xc06054b5                user_process
                0xc06055e2                clone_pcb
                0xc0605754                build_body_stack
                0xc0605887                build_process_kernel_stack
                0xc060594a                fork_process
                0xc06059db                process_execute
 .text          0xc0605b55      0x66c network/socket.o
                0xc0605c05                test
                0xc0605c61                socket_debug
                0xc0605cc2                free_socket
                0xc0605d7e                _socket
                0xc0605e3d                _bind
                0xc0605e90                _connect
                0xc0605ee2                _write
                0xc0605f39                _read
                0xc0605f90                _recvfrom
                0xc0605fd1                _sendto
                0xc0606028                _close
                0xc06060a7                _listen
                0xc060610d                _accept
 .text          0xc06061c1      0x538 network/ip_input.o
                0xc06063a3                call_ip_rcv
                0xc06064bd                ip_rcv
 .text          0xc06066f9      0x8cd network/udp_sock.o
                0xc0606937                udp_lookup_sock
                0xc060697e                udp_init
                0xc06069af                udp_close
                0xc06069d5                udp_sock_init
                0xc06069df                udp_recvfrom
                0xc0606a78                udp_connect
                0xc0606b51                udp_write
                0xc0606b7d                udp_alloc_skb
                0xc0606bc7                udp_sendto
                0xc0606cbb                udp_send
                0xc0606df9                udp_alloc_sock
                0xc0606e3a                udp_free_sock
                0xc0606e5e                udp_read
 .text          0xc0606fc6      0x234 network/icmpv4.o
                0xc0606fd4                icmpv4_incoming
                0xc0607048                icmpv4_reply
                0xc0607121                icmpv4_timestamp
 .text          0xc06071fa      0x429 network/inet.o
                0xc06071fa                inet_create
                0xc06072aa                inet_socket
                0xc06072b4                inet_connect
                0xc0607308                inet_write
                0xc0607334                inet_read
                0xc0607360                inet_close
                0xc06073af                inet_free
                0xc06073e5                inet_bind
                0xc06074ee                inet_listen
                0xc0607537                inet_accept
                0xc06075e2                inet_sendto
                0xc060760d                inet_recvfrom
 .text          0xc0607623      0x4a8 network/tcp.o
                0xc0607870                tcp_in
                0xc0607924                tcp_checksum
                0xc0607950                __tcp_set_state
                0xc060795f                tcp_generate_port
                0xc06079a8                tcp_generate_isn
                0xc06079ba                tcp_done
                0xc06079e3                tcp_clear_timers
                0xc06079f2                tcp_stop_retransmission_timer
                0xc0607a0b                tcp_release_retransmission_timer
                0xc0607a24                tcp_stop_delack_timer
                0xc0607a37                tcp_release_delack_timer
                0xc0607a4a                tcp_handle_fin_state
                0xc0607aaf                tcp_enter_time_wait
 .text          0xc0607acb      0x42e network/route.o
                0xc0607bdb                route_add
                0xc0607c22                route_init
                0xc0607cd4                call_route_lookup
                0xc0607e1e                route_lookup
 .text          0xc0607ef9      0x203 network/sock.o
                0xc060802b                sk_alloc
                0xc0608052                sk_init
                0xc06080a6                sk_init_with_socket
                0xc06080cf                sk_free
 .text          0xc06080fc     0x14a5 network/tcp_output.o
                0xc0608528                tcp_send_synack
                0xc06085cb                tcp_send_delack
                0xc0608606                tcp_send_ack
                0xc0608785                tcp_send_fin
                0xc06087fa                tcp_select_initial_window
                0xc06089ac                tcp_reset_retransmission_timer
                0xc06089c9                call_tcp_begin_connect
                0xc0608cbe                tcp_begin_connect
                0xc0608fee                call_tcp_write
                0xc0609273                ipc_tcp_write
                0xc06094a6                tcp_send_reset
                0xc0609526                tcp_queue_fin
 .text          0xc06095a1      0xbf8 network/arp.o
                0xc06096ca                call_update_arp_translation_table
                0xc0609902                insert_arp_translation_table
                0xc0609984                update_arp_translation_table
                0xc0609a43                arp_init
                0xc0609a49                arp_rcv
                0xc0609c32                arp_request
                0xc0609dba                arp_reply
                0xc0609f1d                call_arp_get_hwaddr
                0xc060a067                arp_get_hwaddr
                0xc060a148                free_arp
 .text          0xc060a199      0xf62 network/tcp_sock.o
                0xc060a4be                tcp_established_or_syn_recvd_socks_enqueue
                0xc060a4d7                tcp_established_or_syn_recvd_socks_remove
                0xc060a4e9                call_tcp_connecting_or_listening_socks_enqueue
                0xc060a5e5                tcp_connecting_or_listening_socks_enqueue
                0xc060a661                tcp_connecting_or_listening_socks_remove
                0xc060a673                tcp_alloc_sock
                0xc060a789                tcp_free_sock
                0xc060a802                tcp_init
                0xc060a80c                tcp_sock_init
                0xc060a8b2                tcp_write
                0xc060a9b3                ipc_tcp_write2
                0xc060a9dc                tcp_read
                0xc060aa8f                tcp_close
                0xc060ab4d                tcp_recv_notify
                0xc060aba5                tcp_v4_connect
                0xc060ae4e                call_tcp_lookup_sock
                0xc060afb9                tcp_lookup_sock
                0xc060b032                tcp_lookup_sock2
 .text          0xc060b0fb      0xe9e network/ipc.o
                0xc060bce7                ipc_close
                0xc060bd38                ipc_call_from_netdev_rx
                0xc060bd70                demux_ipc_socket_call
 .text          0xc060bf99      0x1d3 network/ip_output.o
                0xc060bfa7                ip_output
 .text          0xc060c16c      0x164 network/skbuff.o
                0xc060c185                alloc_skb
                0xc060c21f                free_skb
                0xc060c252                skb_reserve
                0xc060c26e                skb_push
                0xc060c29d                skb_head
                0xc060c2a8                skb_reset_header
 .text          0xc060c2d0      0x9a8 network/netdev.o
                0xc060c45e                netdev_init
                0xc060c4a5                netdev_transmit
                0xc060c5f8                interrupt_wait2
                0xc060c651                netdev_rx_loop
                0xc060c742                call_netdev_get
                0xc060c88c                netdev_get
                0xc060c941                free_netdev
                0xc060c96c                local_ipaddress
                0xc060c9a9                receive_msg_from_nic
                0xc060cb36                receive_msg_from_nic2
                0xc060cc62                net_handler
 .text          0xc060cc78      0x191 network/dst.o
                0xc060cc86                print_array
                0xc060ccfa                dst_neigh_output
 .text          0xc060ce09      0xc38 network/tcp_input.o
                0xc060d5a2                tcp_process
                0xc060d97f                tcp_receive
 .text          0xc060da41      0x356 network/task_network.o
                0xc060da95                init_dev
                0xc060dbfc                task_network
                0xc060dd4d                task_netdev_rx
 .text          0xc060dd97      0x3e0 network/udp.o
                0xc060dea2                udp_generate_port
                0xc060deeb                udp_checksum
                0xc060dfb9                udp_in
                0xc060e04a                udp_data_dequeue
                0xc060e152                udp_data_enqueue
 .text          0xc060e177      0x5a2 network/tcp_data.o
                0xc060e4ba                tcp_data_dequeue
                0xc060e5e7                tcp_data_queue
 .text          0xc060e719      0x1e7 network/utils.o
                0xc060e719                run_cmd
                0xc060e726                print_err
                0xc060e73d                parse_ipv4_string
                0xc060e79c                ip_pton
                0xc060e7e4                sum_every_16bits
                0xc060e83b                checksum
                0xc060e87c                tcp_udp_checksum
 .text          0xc060e900      0xe84 hd/hd.o
                0xc060e900                TaskHD
                0xc060e94b                init_hd
                0xc060e965                hd_handle
                0xc060ea6a                hd_cmd_out
                0xc060eb6c                hd_identify
                0xc060ec23                print_hdinfo
                0xc060edb1                print_dpt_entry
                0xc060ee1d                get_partition_table
                0xc060eefc                partition
                0xc060f116                hd_open
                0xc060f1c6                get_hd_ioctl
                0xc060f280                wait_for
                0xc060f2b1                interrupt_wait
                0xc060f30a                hd_rdwt
                0xc060f5ac                hd_handler
                0xc060f5dd                debug_ticks
                0xc060f61b                waitfor
                0xc060f65f                print_hd_info
                0xc060f74c                is_empty
 .text          0xc060f784     0x2081 fs/fs_main.o
                0xc060f784                task_fs
                0xc060f998                rd_wt
                0xc060fa7a                mkfs
                0xc061005c                init_fs
                0xc06100b6                do_open
                0xc06102bf                search_file
                0xc06103f1                strip_path
                0xc06104bd                get_inode
                0xc061067f                create_file
                0xc061078a                alloc_imap_bit
                0xc0610887                alloc_smap_bit
                0xc0610a28                new_inode
                0xc0610b46                new_dir_entry
                0xc0610d52                do_unlink
                0xc061122e                do_rdwt
                0xc06115b9                sync_inode
                0xc061170d                put_inode
                0xc061174b                do_close
                0xc061179d                get_super_block
 .text          0xc0611805      0x24f mm/forkexit.o
                0xc0611805                do_fork
                0xc0611873                do_exit
                0xc06118fd                do_wait
                0xc06119fa                cleanup
 .text          0xc0611a54      0x419 mm/exec.o
                0xc0611a54                do_exec
 .text          0xc0611e6d      0x14e mm/main.o
                0xc0611e6d                TaskMM
                0xc0611f9c                alloc_mem
 .text          0xc0611fbb     0x1118 mem/mem.o
                0xc0611fbb                init_bitmap
                0xc0611fde                test_bit_val
                0xc0612047                set_bit_val
                0xc06120c2                set_bits
                0xc06120fc                get_first_free_bit
                0xc0612140                get_bits
                0xc0612208                get_a_page
                0xc06122bc                get_virtual_address_start_with_addr
                0xc0612356                get_virtual_address
                0xc06123e6                ptr_pde
                0xc06123f9                ptr_pte
                0xc0612420                add_map_entry
                0xc06124b1                alloc_virtual_memory
                0xc061257d                get_physical_address_proc
                0xc06125f9                get_physical_address
                0xc061262b                alloc_physical_memory_of_proc
                0xc061271a                alloc_physical_memory
                0xc06127e2                alloc_memory
                0xc0612844                get_a_virtual_page
                0xc061287c                block2arena
                0xc0612892                sys_malloc2
                0xc0612bbf                remove_map_entry
                0xc0612be0                free_a_page
                0xc0612c87                sys_free2
                0xc0612c8d                init_memory_block_desc
                0xc0612d5e                init_memory2
                0xc0612f93                init_memory
 .text          0xc06130d3      0x285 lib/exec.o
                0xc06130d3                exec
                0xc0613144                execv
                0xc0613333                execl
 .text          0xc0613358       0x4b lib/fork.o
                0xc0613358                fork
 .text          0xc06133a3       0x2f lib/exit.o
                0xc06133a3                exit
 .text          0xc06133d2       0x42 lib/unlink.o
                0xc06133d2                unlink
 .text          0xc0613414       0x44 lib/wait.o
                0xc0613414                wait
 .text          0xc0613458       0xbe lib/socket_close.o
                0xc0613458                socket_close
 .text          0xc0613516      0x12a lib/socket_read.o
                0xc0613516                socket_read
 .text          0xc0613640       0x29 lib/alloca.o
                0xc0613640                alloca
 .text          0xc0613669       0x46 lib/calloc.o
                0xc0613669                calloc
 .text          0xc06136af       0x49 lib/floor.o
                0xc06136af                floor
 .text          0xc06136f8      0x193 lib/socket_write.o
                0xc06136f8                socket_write
 .text          0xc061388b       0x2b lib/getpid.o
                0xc061388b                getpid
 .text          0xc06138b6       0x9c lib/stdlib/atoi.o
                0xc06138b6                atoi
 .text          0xc0613952       0xca lib/stdlib/strtol.o
                0xc0613952                strtol
 .text          0xc0613a1c       0x85 lib/string/strtok.o
                0xc0613a1c                strtok
 .text          0xc0613aa1       0xa8 lib/string/strcmp.o
                0xc0613aa1                strcmp
 .text          0xc0613b49       0xd4 lib/string/strncmp.o
                0xc0613b49                strncmp
 .text          0xc0613c1d       0x90 lib/string/strpbrk.o
                0xc0613c1d                strpbrk
 .text          0xc0613cad      0x181 lib/stdio/read.o
                0xc0613cad                read
 .text          0xc0613e2e       0x17 lib/stdio/perror.o
                0xc0613e2e                perror
 .text          0xc0613e45      0x335 lib/stdio/sscanf.o
                0xc0613e45                sscanf
 .text          0xc061417a       0x95 lib/stdio/open.o
                0xc061417a                open
 .text          0xc061420f       0x85 lib/stdio/write.o
                0xc061420f                write
 .text          0xc0614294       0x52 lib/stdio/close.o
                0xc0614294                close
 .text          0xc06142e6      0x195 lib/sys/socket.o
                0xc06142e6                socket
 .text          0xc061447b      0x179 lib/sys/connect.o
                0xc061447b                connect
 .text          0xc06145f4       0x38 lib/arpa/ntohs.o
                0xc06145f4                ntohs
 .text          0xc061462c       0x7c lib/arpa/htonl.o
                0xc061462c                htonl
 .text          0xc06146a8       0x38 lib/arpa/htons.o
                0xc06146a8                htons
 .text          0xc06146e0      0x295 lib/arpa/inet_pton.o
                0xc06146e0                isValidIPv4
                0xc061486a                inet_pton
 .text          0xc0614975       0x7c lib/arpa/ntohl.o
                0xc0614975                ntohl
 .text          0xc06149f1       0xe3 lib/arpa/inet_ntop.o
                0xc06149f1                inet_ntop
 *(.gnu.warning)

.fini
 *(SORT_NONE(.fini))
                [!provide]                        PROVIDE (__etext = .)
                [!provide]                        PROVIDE (_etext = .)
                [!provide]                        PROVIDE (etext = .)
                0xc0615000                        . = ALIGN (CONSTANT (MAXPAGESIZE))
                0xc0615000                        . = SEGMENT_START ("rodata-segment", (ALIGN (CONSTANT (MAXPAGESIZE)) + (. & (CONSTANT (MAXPAGESIZE) - 0x1))))

.rodata         0xc0615000     0x1e93
 *(.rodata .rodata.* .gnu.linkonce.r.*)
 .rodata        0xc0615000       0x3c double_link_list.o
 *fill*         0xc061503c        0x4 
 .rodata        0xc0615040      0xb61 kernel_main_old.o
 *fill*         0xc0615ba1        0x3 
 .rodata        0xc0615ba4      0x1e4 kernel_main.o
 .rodata        0xc0615d88       0x22 console.o
 *fill*         0xc0615daa        0x2 
 .rodata        0xc0615dac       0x4c process.o
 .rodata        0xc0615df8      0x23d network/socket.o
 *fill*         0xc0616035        0x3 
 .rodata        0xc0616038       0xd6 network/ip_input.o
 *fill*         0xc061610e        0x2 
 .rodata        0xc0616110       0x2d network/udp_sock.o
 *fill*         0xc061613d        0x3 
 .rodata        0xc0616140       0x32 network/icmpv4.o
 *fill*         0xc0616172        0x2 
 .rodata        0xc0616174       0x48 network/inet.o
 .rodata        0xc06161bc       0x31 network/tcp.o
 *fill*         0xc06161ed        0x3 
 .rodata        0xc06161f0       0x36 network/route.o
 .rodata        0xc0616226        0x9 network/sock.o
 *fill*         0xc061622f        0x1 
 .rodata        0xc0616230      0x106 network/tcp_output.o
 *fill*         0xc0616336        0x2 
 .rodata        0xc0616338       0xda network/arp.o
 *fill*         0xc0616412        0x2 
 .rodata        0xc0616414       0xfc network/tcp_sock.o
 .rodata        0xc0616510      0x188 network/ipc.o
 .rodata        0xc0616698        0x9 network/ip_output.o
 .rodata        0xc06166a1        0x9 network/skbuff.o
 *fill*         0xc06166aa        0x2 
 .rodata        0xc06166ac      0x117 network/netdev.o
 .rodata        0xc06167c3       0x1c network/dst.o
 *fill*         0xc06167df        0x1 
 .rodata        0xc06167e0       0xd0 network/tcp_input.o
 .rodata        0xc06168b0       0x91 network/task_network.o
 .rodata        0xc0616941        0x9 network/udp.o
 .rodata        0xc061694a       0x1e network/tcp_data.o
 .rodata        0xc0616968       0x41 network/utils.o
 *fill*         0xc06169a9        0x3 
 .rodata        0xc06169ac      0x19c hd/hd.o
 .rodata        0xc0616b48      0x1fb fs/fs_main.o
                0xc0616b48                FSBUF_SIZE
 .rodata        0xc0616d43       0x21 mm/forkexit.o
 .rodata        0xc0616d64       0x10 mm/exec.o
 .rodata        0xc0616d74       0x11 mm/main.o
 .rodata        0xc0616d85       0x5a mem/mem.o
 .rodata        0xc0616ddf       0x2d lib/exec.o
 .rodata        0xc0616e0c        0x9 lib/socket_close.o
 .rodata        0xc0616e15        0x9 lib/socket_read.o
 .rodata        0xc0616e1e        0x9 lib/socket_write.o
 .rodata        0xc0616e27       0x2a lib/stdio/close.o
 .rodata        0xc0616e51       0x33 lib/sys/socket.o
 .rodata        0xc0616e84        0x9 lib/sys/connect.o
 .rodata        0xc0616e8d        0x3 lib/arpa/inet_pton.o
 .rodata        0xc0616e90        0x3 lib/arpa/inet_ntop.o

.txt            0xc0616e93       0xaa
 .txt           0xc0616e93       0x82 string.o
                0xc0616e93                Memcpy2
                0xc0616ec1                Memset
                0xc0616ee0                Strcpy
                0xc0616efa                Strlen
 .txt           0xc0616f15       0x28 hd/hd_rdwt.o
                0xc0616f15                read_port
                0xc0616f29                write_port

.rodata1
 *(.rodata1)

.eh_frame_hdr
 *(.eh_frame_hdr)
 *(.eh_frame_entry .eh_frame_entry.*)

.eh_frame       0xc0616f40     0x44f8
 *(.eh_frame)
 .eh_frame      0xc0616f40       0xd8 double_link_list.o
 .eh_frame      0xc0617018      0x6cc kernel_main_old.o
                                0x6e4 (size before relaxing)
 .eh_frame      0xc06176e4      0x104 kernel_main.o
                                0x11c (size before relaxing)
 .eh_frame      0xc06177e8      0x100 protect.o
                                0x118 (size before relaxing)
 .eh_frame      0xc06178e8      0x1e0 console.o
                                0x1f8 (size before relaxing)
 .eh_frame      0xc0617ac8       0xa0 keyboard.o
                                 0xb8 (size before relaxing)
 .eh_frame      0xc0617b68       0x80 process.o
                                 0x98 (size before relaxing)
 .eh_frame      0xc0617be8       0x80 thread.o
                                 0x98 (size before relaxing)
 .eh_frame      0xc0617c68       0xe0 my_process.o
                                 0xf8 (size before relaxing)
 .eh_frame      0xc0617d48      0x2a0 network/socket.o
                                0x2b8 (size before relaxing)
 .eh_frame      0xc0617fe8      0x144 network/ip_input.o
                                0x15c (size before relaxing)
 .eh_frame      0xc061812c      0x404 network/udp_sock.o
                                0x41c (size before relaxing)
 .eh_frame      0xc0618530       0x80 network/icmpv4.o
                                 0x98 (size before relaxing)
 .eh_frame      0xc06185b0      0x180 network/inet.o
                                0x198 (size before relaxing)
 .eh_frame      0xc0618730      0x288 network/tcp.o
                                0x2a0 (size before relaxing)
 .eh_frame      0xc06189b8      0x104 network/route.o
                                0x11c (size before relaxing)
 .eh_frame      0xc0618abc      0x1a0 network/sock.o
                                0x1b8 (size before relaxing)
 .eh_frame      0xc0618c5c      0x3ec network/tcp_output.o
                                0x404 (size before relaxing)
 .eh_frame      0xc0619048      0x220 network/arp.o
                                0x238 (size before relaxing)
 .eh_frame      0xc0619268      0x5a0 network/tcp_sock.o
                                0x5b8 (size before relaxing)
 .eh_frame      0xc0619808      0x274 network/ipc.o
                                0x28c (size before relaxing)
 .eh_frame      0xc0619a7c       0x40 network/ip_output.o
                                 0x58 (size before relaxing)
 .eh_frame      0xc0619abc       0xe0 network/skbuff.o
                                 0xf8 (size before relaxing)
 .eh_frame      0xc0619b9c      0x230 network/netdev.o
                                0x248 (size before relaxing)
 .eh_frame      0xc0619dcc       0x60 network/dst.o
                                 0x78 (size before relaxing)
 .eh_frame      0xc0619e2c      0x324 network/tcp_input.o
                                0x33c (size before relaxing)
 .eh_frame      0xc061a150       0x80 network/task_network.o
                                 0x98 (size before relaxing)
 .eh_frame      0xc061a1d0      0x1e4 network/udp.o
                                0x1fc (size before relaxing)
 .eh_frame      0xc061a3b4      0x220 network/tcp_data.o
                                0x238 (size before relaxing)
 .eh_frame      0xc061a5d4       0xe4 network/utils.o
                                 0xfc (size before relaxing)
 .eh_frame      0xc061a6b8      0x264 hd/hd.o
                                0x27c (size before relaxing)
 .eh_frame      0xc061a91c      0x27c fs/fs_main.o
                                0x294 (size before relaxing)
 .eh_frame      0xc061ab98       0x80 mm/forkexit.o
                                 0x98 (size before relaxing)
 .eh_frame      0xc061ac18       0x20 mm/exec.o
                                 0x38 (size before relaxing)
 .eh_frame      0xc061ac38       0x3c mm/main.o
                                 0x54 (size before relaxing)
 .eh_frame      0xc061ac74      0x364 mem/mem.o
                                0x37c (size before relaxing)
 .eh_frame      0xc061afd8       0x60 lib/exec.o
                                 0x78 (size before relaxing)
 .eh_frame      0xc061b038       0x20 lib/fork.o
                                 0x38 (size before relaxing)
 .eh_frame      0xc061b058       0x20 lib/exit.o
                                 0x38 (size before relaxing)
 .eh_frame      0xc061b078       0x20 lib/unlink.o
                                 0x38 (size before relaxing)
 .eh_frame      0xc061b098       0x20 lib/wait.o
                                 0x38 (size before relaxing)
 .eh_frame      0xc061b0b8       0x20 lib/socket_close.o
                                 0x38 (size before relaxing)
 .eh_frame      0xc061b0d8       0x20 lib/socket_read.o
                                 0x38 (size before relaxing)
 .eh_frame      0xc061b0f8       0x20 lib/alloca.o
                                 0x38 (size before relaxing)
 .eh_frame      0xc061b118       0x20 lib/calloc.o
                                 0x38 (size before relaxing)
 .eh_frame      0xc061b138       0x20 lib/floor.o
                                 0x38 (size before relaxing)
 .eh_frame      0xc061b158       0x20 lib/socket_write.o
                                 0x38 (size before relaxing)
 .eh_frame      0xc061b178       0x20 lib/getpid.o
                                 0x38 (size before relaxing)
 .eh_frame      0xc061b198       0x20 lib/stdlib/atoi.o
                                 0x38 (size before relaxing)
 .eh_frame      0xc061b1b8       0x20 lib/stdlib/strtol.o
                                 0x38 (size before relaxing)
 .eh_frame      0xc061b1d8       0x20 lib/string/strtok.o
                                 0x38 (size before relaxing)
 .eh_frame      0xc061b1f8       0x20 lib/string/strcmp.o
                                 0x38 (size before relaxing)
 .eh_frame      0xc061b218       0x20 lib/string/strncmp.o
                                 0x38 (size before relaxing)
 .eh_frame      0xc061b238       0x20 lib/string/strpbrk.o
                                 0x38 (size before relaxing)
 .eh_frame      0xc061b258       0x20 lib/stdio/read.o
                                 0x38 (size before relaxing)
 .eh_frame      0xc061b278       0x20 lib/stdio/perror.o
                                 0x38 (size before relaxing)
 .eh_frame      0xc061b298       0x20 lib/stdio/sscanf.o
                                 0x38 (size before relaxing)
 .eh_frame      0xc061b2b8       0x20 lib/stdio/open.o
                                 0x38 (size before relaxing)
 .eh_frame      0xc061b2d8       0x20 lib/stdio/write.o
                                 0x38 (size before relaxing)
 .eh_frame      0xc061b2f8       0x20 lib/stdio/close.o
                                 0x38 (size before relaxing)
 .eh_frame      0xc061b318       0x20 lib/sys/socket.o
                                 0x38 (size before relaxing)
 .eh_frame      0xc061b338       0x20 lib/sys/connect.o
                                 0x38 (size before relaxing)
 .eh_frame      0xc061b358       0x20 lib/arpa/ntohs.o
                                 0x38 (size before relaxing)
 .eh_frame      0xc061b378       0x20 lib/arpa/htonl.o
                                 0x38 (size before relaxing)
 .eh_frame      0xc061b398       0x20 lib/arpa/htons.o
                                 0x38 (size before relaxing)
 .eh_frame      0xc061b3b8       0x40 lib/arpa/inet_pton.o
                                 0x58 (size before relaxing)
 .eh_frame      0xc061b3f8       0x20 lib/arpa/ntohl.o
                                 0x38 (size before relaxing)
 .eh_frame      0xc061b418       0x20 lib/arpa/inet_ntop.o
                                 0x38 (size before relaxing)
 *(.eh_frame.*)

.sframe
 *(.sframe)
 *(.sframe.*)

.gcc_except_table
 *(.gcc_except_table .gcc_except_table.*)

.gnu_extab
 *(.gnu_extab*)

.exception_ranges
 *(.exception_ranges*)
                0xc061c000                        . = DATA_SEGMENT_ALIGN (CONSTANT (MAXPAGESIZE), CONSTANT (COMMONPAGESIZE))

.eh_frame
 *(.eh_frame)
 *(.eh_frame.*)

.sframe
 *(.sframe)
 *(.sframe.*)

.gnu_extab
 *(.gnu_extab)

.gcc_except_table
 *(.gcc_except_table .gcc_except_table.*)

.exception_ranges
 *(.exception_ranges*)

.tdata          0xc061c000        0x0
                [!provide]                        PROVIDE (__tdata_start = .)
 *(.tdata .tdata.* .gnu.linkonce.td.*)

.tbss
 *(.tbss .tbss.* .gnu.linkonce.tb.*)
 *(.tcommon)

.preinit_array  0xc061c000        0x0
                [!provide]                        PROVIDE (__preinit_array_start = .)
 *(.preinit_array)
                [!provide]                        PROVIDE (__preinit_array_end = .)

.init_array     0xc061c000        0x0
                [!provide]                        PROVIDE (__init_array_start = .)
 *(SORT_BY_INIT_PRIORITY(.init_array.*) SORT_BY_INIT_PRIORITY(.ctors.*))
 *(.init_array EXCLUDE_FILE(*crtend?.o *crtend.o *crtbegin?.o *crtbegin.o) .ctors)
                [!provide]                        PROVIDE (__init_array_end = .)

.fini_array     0xc061c000        0x0
                [!provide]                        PROVIDE (__fini_array_start = .)
 *(SORT_BY_INIT_PRIORITY(.fini_array.*) SORT_BY_INIT_PRIORITY(.dtors.*))
 *(.fini_array EXCLUDE_FILE(*crtend?.o *crtend.o *crtbegin?.o *crtbegin.o) .dtors)
                [!provide]                        PROVIDE (__fini_array_end = .)

.ctors
 *crtbegin.o(.ctors)
 *crtbegin?.o(.ctors)
 *(EXCLUDE_FILE(*crtend?.o *crtend.o) .ctors)
 *(SORT_BY_NAME(.ctors.*))
 *(.ctors)

.dtors
 *crtbegin.o(.dtors)
 *crtbegin?.o(.dtors)
 *(EXCLUDE_FILE(*crtend?.o *crtend.o) .dtors)
 *(SORT_BY_NAME(.dtors.*))
 *(.dtors)

.jcr
 *(.jcr)

.data.rel.ro
 *(.data.rel.ro.local* .gnu.linkonce.d.rel.ro.local.*)
 *(.data.rel.ro .data.rel.ro.* .gnu.linkonce.d.rel.ro.*)

.dynamic
 *(.dynamic)

.got            0xc061c000        0x0
 *(.got)
 .got           0xc061c000        0x0 kernel/kernel_sub.o
 *(.igot)
                0xc061c000                        . = DATA_SEGMENT_RELRO_END (., (SIZEOF (.got.plt) >= 0xc)?0xc:0x0)

.got.plt        0xc061c000        0x0
 *(.got.plt)
 .got.plt       0xc061c000        0x0 kernel/kernel_sub.o
 *(.igot.plt)
 .igot.plt      0xc061c000        0x0 kernel/kernel_sub.o

.data           0xc061c000      0xb9c
 *(.data .data.* .gnu.linkonce.d.*)
 .data          0xc061c000        0xf kernel/kernel_sub.o
 *fill*         0xc061c00f        0x1 
 .data          0xc061c010        0xf kernel/kernel.o
 *fill*         0xc061c01f        0x1 
 .data          0xc061c020        0x0 syscall.o
 .data          0xc061c020        0x0 double_link_list.o
 .data          0xc061c020        0x0 kernel_main_old.o
 .data          0xc061c020        0x0 kernel_main.o
 .data          0xc061c020        0x0 protect.o
 .data          0xc061c020        0x0 console.o
 .data          0xc061c020      0x17c global.o
                0xc061c020                user_task_table
                0xc061c0a0                sys_task_table
                0xc061c180                sys_call_table
 *fill*         0xc061c19c        0x4 
 .data          0xc061c1a0      0x600 keyboard.o
                0xc061c1a0                keymap
 .data          0xc061c7a0        0x0 process.o
 .data          0xc061c7a0        0x0 thread.o
 .data          0xc061c7a0        0x0 my_process.o
 .data          0xc061c7a0      0x224 network/socket.o
 .data          0xc061c9c4        0x4 network/ip_input.o
 *fill*         0xc061c9c8       0x18 
 .data          0xc061c9e0       0x54 network/udp_sock.o
                0xc061ca00                udp_ops
 .data          0xc061ca34        0x4 network/icmpv4.o
 *fill*         0xc061ca38        0x8 
 .data          0xc061ca40       0x80 network/inet.o
                0xc061ca48                inet
 .data          0xc061cac0        0x8 network/tcp.o
 .data          0xc061cac8        0x4 network/route.o
 .data          0xc061cacc        0x4 network/sock.o
 .data          0xc061cad0        0x4 network/tcp_output.o
 .data          0xc061cad4       0x14 network/arp.o
 *fill*         0xc061cae8       0x18 
 .data          0xc061cb00       0x54 network/tcp_sock.o
                0xc061cb20                tcp_ops
 .data          0xc061cb54        0xc network/ipc.o
 .data          0xc061cb60        0x4 network/ip_output.o
 .data          0xc061cb64        0x4 network/skbuff.o
 .data          0xc061cb68        0x4 network/netdev.o
 .data          0xc061cb6c        0x4 network/dst.o
 .data          0xc061cb70        0x4 network/tcp_input.o
 .data          0xc061cb74        0x4 network/task_network.o
 .data          0xc061cb78        0x8 network/udp.o
 .data          0xc061cb80        0x4 network/tcp_data.o
 .data          0xc061cb84        0x4 network/utils.o
 .data          0xc061cb88        0x0 hd/hd.o
 .data          0xc061cb88        0x0 fs/fs_main.o
 .data          0xc061cb88        0x0 mm/forkexit.o
 .data          0xc061cb88        0x0 mm/exec.o
 .data          0xc061cb88        0x0 mm/main.o
 .data          0xc061cb88        0x0 mem/mem.o
 .data          0xc061cb88        0x0 lib/exec.o
 .data          0xc061cb88        0x0 lib/fork.o
 .data          0xc061cb88        0x0 lib/exit.o
 .data          0xc061cb88        0x0 lib/unlink.o
 .data          0xc061cb88        0x0 lib/wait.o
 .data          0xc061cb88        0x4 lib/socket_close.o
 .data          0xc061cb8c        0x4 lib/socket_read.o
 .data          0xc061cb90        0x0 lib/alloca.o
 .data          0xc061cb90        0x0 lib/calloc.o
 .data          0xc061cb90        0x0 lib/floor.o
 .data          0xc061cb90        0x4 lib/socket_write.o
 .data          0xc061cb94        0x0 lib/getpid.o
 .data          0xc061cb94        0x0 lib/stdlib/atoi.o
 .data          0xc061cb94        0x0 lib/stdlib/strtol.o
 .data          0xc061cb94        0x0 lib/string/strtok.o
 .data          0xc061cb94        0x0 lib/string/strcmp.o
 .data          0xc061cb94        0x0 lib/string/strncmp.o
 .data          0xc061cb94        0x0 lib/string/strpbrk.o
 .data          0xc061cb94        0x0 lib/stdio/read.o
 .data          0xc061cb94        0x0 lib/stdio/perror.o
 .data          0xc061cb94        0x0 lib/stdio/sscanf.o
 .data          0xc061cb94        0x0 lib/stdio/open.o
 .data          0xc061cb94        0x0 lib/stdio/write.o
 .data          0xc061cb94        0x0 lib/stdio/close.o
 .data          0xc061cb94        0x4 lib/sys/socket.o
 .data          0xc061cb98        0x4 lib/sys/connect.o
 .data          0xc061cb9c        0x0 lib/arpa/ntohs.o
 .data          0xc061cb9c        0x0 lib/arpa/htonl.o
 .data          0xc061cb9c        0x0 lib/arpa/htons.o
 .data          0xc061cb9c        0x0 lib/arpa/inet_pton.o
 .data          0xc061cb9c        0x0 lib/arpa/ntohl.o
 .data          0xc061cb9c        0x0 lib/arpa/inet_ntop.o

.data1
 *(.data1)
                0xc061cb9c                        _edata = .
                [!provide]                        PROVIDE (edata = .)
                0xc061cb9c                        . = .
                0xc061cb9c                        __bss_start = .

.bss            0xc061cba0    0xa58a8
 *(.dynbss)
 *(.bss .bss.* .gnu.linkonce.b.*)
 .bss           0xc061cba0      0x800 kernel/kernel_sub.o
 .bss           0xc061d3a0      0x800 kernel/kernel.o
 .bss           0xc061dba0        0x0 double_link_list.o
 .bss           0xc061dba0        0x0 kernel_main_old.o
 .bss           0xc061dba0        0x0 kernel_main.o
 .bss           0xc061dba0        0x0 protect.o
 .bss           0xc061dba0        0x0 console.o
 .bss           0xc061dba0        0x0 global.o
 .bss           0xc061dba0        0x0 keyboard.o
 .bss           0xc061dba0        0x0 process.o
 .bss           0xc061dba0        0x0 thread.o
 .bss           0xc061dba0        0x0 my_process.o
 .bss           0xc061dba0        0x4 network/socket.o
 .bss           0xc061dba4        0x0 network/ip_input.o
 .bss           0xc061dba4        0x4 network/udp_sock.o
 .bss           0xc061dba8        0x0 network/icmpv4.o
 .bss           0xc061dba8        0x0 network/inet.o
 .bss           0xc061dba8        0x0 network/tcp.o
 .bss           0xc061dba8        0x0 network/route.o
 .bss           0xc061dba8        0x0 network/sock.o
 .bss           0xc061dba8        0x0 network/tcp_output.o
 .bss           0xc061dba8        0x0 network/arp.o
 .bss           0xc061dba8        0x0 network/tcp_sock.o
 .bss           0xc061dba8        0x4 network/ipc.o
 .bss           0xc061dbac        0x0 network/ip_output.o
 .bss           0xc061dbac        0x0 network/skbuff.o
 .bss           0xc061dbac        0x0 network/netdev.o
 .bss           0xc061dbac        0x0 network/dst.o
 .bss           0xc061dbac        0x0 network/tcp_input.o
 .bss           0xc061dbac        0x0 network/task_network.o
 .bss           0xc061dbac        0x0 network/udp.o
 .bss           0xc061dbac        0x0 network/tcp_data.o
 .bss           0xc061dbac        0x0 network/utils.o
 .bss           0xc061dbac        0x0 hd/hd.o
 .bss           0xc061dbac        0x4 fs/fs_main.o
                0xc061dbac                c
 .bss           0xc061dbb0        0x0 mm/forkexit.o
 .bss           0xc061dbb0        0x0 mm/exec.o
 .bss           0xc061dbb0        0x0 mm/main.o
 .bss           0xc061dbb0        0x0 mem/mem.o
 .bss           0xc061dbb0        0x0 lib/exec.o
 .bss           0xc061dbb0        0x0 lib/fork.o
 .bss           0xc061dbb0        0x0 lib/exit.o
 .bss           0xc061dbb0        0x0 lib/unlink.o
 .bss           0xc061dbb0        0x0 lib/wait.o
 .bss           0xc061dbb0        0x0 lib/socket_close.o
 .bss           0xc061dbb0        0x0 lib/socket_read.o
 .bss           0xc061dbb0        0x0 lib/alloca.o
 .bss           0xc061dbb0        0x0 lib/calloc.o
 .bss           0xc061dbb0        0x0 lib/floor.o
 .bss           0xc061dbb0        0x0 lib/socket_write.o
 .bss           0xc061dbb0        0x0 lib/getpid.o
 .bss           0xc061dbb0        0x0 lib/stdlib/atoi.o
 .bss           0xc061dbb0        0x0 lib/stdlib/strtol.o
 .bss           0xc061dbb0        0x4 lib/string/strtok.o
 .bss           0xc061dbb4        0x0 lib/string/strcmp.o
 .bss           0xc061dbb4        0x0 lib/string/strncmp.o
 .bss           0xc061dbb4        0x0 lib/string/strpbrk.o
 .bss           0xc061dbb4        0x0 lib/stdio/read.o
 .bss           0xc061dbb4        0x0 lib/stdio/perror.o
 .bss           0xc061dbb4        0x0 lib/stdio/sscanf.o
 .bss           0xc061dbb4        0x0 lib/stdio/open.o
 .bss           0xc061dbb4        0x0 lib/stdio/write.o
 .bss           0xc061dbb4        0x0 lib/stdio/close.o
 .bss           0xc061dbb4        0x0 lib/sys/socket.o
 .bss           0xc061dbb4        0x0 lib/sys/connect.o
 .bss           0xc061dbb4        0x0 lib/arpa/ntohs.o
 .bss           0xc061dbb4        0x0 lib/arpa/htonl.o
 .bss           0xc061dbb4        0x0 lib/arpa/htons.o
 .bss           0xc061dbb4        0x0 lib/arpa/inet_pton.o
 .bss           0xc061dbb4        0x0 lib/arpa/ntohl.o
 .bss           0xc061dbb4        0x0 lib/arpa/inet_ntop.o
 *(COMMON)
 *fill*         0xc061dbb4        0xc 
 COMMON         0xc061dbc0     0x17dc double_link_list.o
                0xc061dbc0                current_tty
                0xc061dbc4                is_e0
                0xc061dbc8                idt_ptr
                0xc061dbd0                pid
                0xc061dbd4                KernelVirtualMemory
                0xc061dbe0                loop
                0xc061dbe4                current_dis_pos
                0xc061dbe8                dis_pos
                0xc061dbec                netdev
                0xc061dbf0                k_reenter
                0xc061dc00                gdt
                0xc061e000                proc_ready_table
                0xc061e004                test_ticks
                0xc061e008                pcaller
                0xc061e020                keyboard_buffer
                0xc061e22c                pcb_list
                0xc061e23c                gdt_index
                0xc061e240                tty_table
                0xc061ea80                tss
                0xc061eaec                KernelPool
                0xc061eafc                net_buf
                0xc061eb00                nic_current_page
                0xc061eb04                counter
                0xc061eb08                key_pressed
                0xc061eb0c                fork_pid
                0xc061eb10                is_shift
                0xc061eb11                net_data
                0xc061eb14                tcp_connecting_or_listening_socks
                0xc061eb18                routes
                0xc061eb1c                gdt_ptr
                0xc061eb40                idt
                0xc061f340                main_thread
                0xc061f348                ticks
                0xc061f350                is_init
                0xc061f354                UserPool
                0xc061f364                tcp_establised_or_syn_recvd_socks
                0xc061f368                all_pcb_list
                0xc061f378                console_table
                0xc061f388                is_disp
                0xc061f38c                MAIN_THREAD_PAGE_DIRECTORY
                0xc061f390                helloStr
 *fill*         0xc061f39c        0x4 
 COMMON         0xc061f3a0    0xa1d40 global.o
                0xc061f3a0                proc_stack
                0xc06bf3a0                proc_table
 COMMON         0xc06c10e0      0x440 hd/hd.o
                0xc06c10e0                hd_info
                0xc06c1320                hd_cache
 COMMON         0xc06c1520      0xe68 fs/fs_main.o
                0xc06c1520                file_desc_table
                0xc06c1920                phy_super_block_buf
                0xc06c1924                phy_fsbuf
                0xc06c1940                inode_table
                0xc06c2340                super_block_buf
                0xc06c2344                fsbuf
                0xc06c2360                root
 *fill*         0xc06c2388       0x18 
 COMMON         0xc06c23a0       0xa8 mem/mem.o
                0xc06c23a0                kernel_mem_block_decs_array
                0xc06c2448                        . = ALIGN ((. != 0x0)?0x4:0x1)
                0xc06c2448                        . = ALIGN (0x4)
                0xc06c2448                        . = SEGMENT_START ("ldata-segment", .)
                0xc06c2448                        . = ALIGN (0x4)
                0xc06c2448                        _end = .
                [!provide]                        PROVIDE (end = .)
                0xc06c2448                        . = DATA_SEGMENT_END (.)

.stab
 *(.stab)

.stabstr
 *(.stabstr)

.stab.excl
 *(.stab.excl)

.stab.exclstr
 *(.stab.exclstr)

.stab.index
 *(.stab.index)

.stab.indexstr
 *(.stab.indexstr)

.comment        0x00000000       0x2c
 *(.comment)
 .comment       0x00000000       0x2c double_link_list.o
                                 0x2d (size before relaxing)
 .comment       0x0000002c       0x2d kernel_main_old.o
 .comment       0x0000002c       0x2d kernel_main.o
 .comment       0x0000002c       0x2d protect.o
 .comment       0x0000002c       0x2d console.o
 .comment       0x0000002c       0x2d global.o
 .comment       0x0000002c       0x2d keyboard.o
 .comment       0x0000002c       0x2d process.o
 .comment       0x0000002c       0x2d thread.o
 .comment       0x0000002c       0x2d my_process.o
 .comment       0x0000002c       0x2d network/socket.o
 .comment       0x0000002c       0x2d network/ip_input.o
 .comment       0x0000002c       0x2d network/udp_sock.o
 .comment       0x0000002c       0x2d network/icmpv4.o
 .comment       0x0000002c       0x2d network/inet.o
 .comment       0x0000002c       0x2d network/tcp.o
 .comment       0x0000002c       0x2d network/route.o
 .comment       0x0000002c       0x2d network/sock.o
 .comment       0x0000002c       0x2d network/tcp_output.o
 .comment       0x0000002c       0x2d network/arp.o
 .comment       0x0000002c       0x2d network/tcp_sock.o
 .comment       0x0000002c       0x2d network/ipc.o
 .comment       0x0000002c       0x2d network/ip_output.o
 .comment       0x0000002c       0x2d network/skbuff.o
 .comment       0x0000002c       0x2d network/netdev.o
 .comment       0x0000002c       0x2d network/dst.o
 .comment       0x0000002c       0x2d network/tcp_input.o
 .comment       0x0000002c       0x2d network/task_network.o
 .comment       0x0000002c       0x2d network/udp.o
 .comment       0x0000002c       0x2d network/tcp_data.o
 .comment       0x0000002c       0x2d network/utils.o
 .comment       0x0000002c       0x2d hd/hd.o
 .comment       0x0000002c       0x2d fs/fs_main.o
 .comment       0x0000002c       0x2d mm/forkexit.o
 .comment       0x0000002c       0x2d mm/exec.o
 .comment       0x0000002c       0x2d mm/main.o
 .comment       0x0000002c       0x2d mem/mem.o
 .comment       0x0000002c       0x2d lib/exec.o
 .comment       0x0000002c       0x2d lib/fork.o
 .comment       0x0000002c       0x2d lib/exit.o
 .comment       0x0000002c       0x2d lib/unlink.o
 .comment       0x0000002c       0x2d lib/wait.o
 .comment       0x0000002c       0x2d lib/socket_close.o
 .comment       0x0000002c       0x2d lib/socket_read.o
 .comment       0x0000002c       0x2d lib/alloca.o
 .comment       0x0000002c       0x2d lib/calloc.o
 .comment       0x0000002c       0x2d lib/floor.o
 .comment       0x0000002c       0x2d lib/socket_write.o
 .comment       0x0000002c       0x2d lib/getpid.o
 .comment       0x0000002c       0x2d lib/stdlib/atoi.o
 .comment       0x0000002c       0x2d lib/stdlib/strtol.o
 .comment       0x0000002c       0x2d lib/string/strtok.o
 .comment       0x0000002c       0x2d lib/string/strcmp.o
 .comment       0x0000002c       0x2d lib/string/strncmp.o
 .comment       0x0000002c       0x2d lib/string/strpbrk.o
 .comment       0x0000002c       0x2d lib/stdio/read.o
 .comment       0x0000002c       0x2d lib/stdio/perror.o
 .comment       0x0000002c       0x2d lib/stdio/sscanf.o
 .comment       0x0000002c       0x2d lib/stdio/open.o
 .comment       0x0000002c       0x2d lib/stdio/write.o
 .comment       0x0000002c       0x2d lib/stdio/close.o
 .comment       0x0000002c       0x2d lib/sys/socket.o
 .comment       0x0000002c       0x2d lib/sys/connect.o
 .comment       0x0000002c       0x2d lib/arpa/ntohs.o
 .comment       0x0000002c       0x2d lib/arpa/htonl.o
 .comment       0x0000002c       0x2d lib/arpa/htons.o
 .comment       0x0000002c       0x2d lib/arpa/inet_pton.o
 .comment       0x0000002c       0x2d lib/arpa/ntohl.o
 .comment       0x0000002c       0x2d lib/arpa/inet_ntop.o

.gnu.build.attributes
 *(.gnu.build.attributes .gnu.build.attributes.*)

.debug
 *(.debug)

.line
 *(.line)

.debug_srcinfo
 *(.debug_srcinfo)

.debug_sfnames
 *(.debug_sfnames)

.debug_aranges  0x00000000      0x898
 *(.debug_aranges)
 .debug_aranges
                0x00000000       0x20 double_link_list.o
 .debug_aranges
                0x00000020       0x20 kernel_main_old.o
 .debug_aranges
                0x00000040       0x20 kernel_main.o
 .debug_aranges
                0x00000060       0x20 protect.o
 .debug_aranges
                0x00000080       0x20 console.o
 .debug_aranges
                0x000000a0       0x18 global.o
 .debug_aranges
                0x000000b8       0x20 keyboard.o
 .debug_aranges
                0x000000d8       0x20 process.o
 .debug_aranges
                0x000000f8       0x20 thread.o
 .debug_aranges
                0x00000118       0x20 my_process.o
 .debug_aranges
                0x00000138       0x20 network/socket.o
 .debug_aranges
                0x00000158       0x20 network/ip_input.o
 .debug_aranges
                0x00000178       0x20 network/udp_sock.o
 .debug_aranges
                0x00000198       0x20 network/icmpv4.o
 .debug_aranges
                0x000001b8       0x20 network/inet.o
 .debug_aranges
                0x000001d8       0x20 network/tcp.o
 .debug_aranges
                0x000001f8       0x20 network/route.o
 .debug_aranges
                0x00000218       0x20 network/sock.o
 .debug_aranges
                0x00000238       0x20 network/tcp_output.o
 .debug_aranges
                0x00000258       0x20 network/arp.o
 .debug_aranges
                0x00000278       0x20 network/tcp_sock.o
 .debug_aranges
                0x00000298       0x20 network/ipc.o
 .debug_aranges
                0x000002b8       0x20 network/ip_output.o
 .debug_aranges
                0x000002d8       0x20 network/skbuff.o
 .debug_aranges
                0x000002f8       0x20 network/netdev.o
 .debug_aranges
                0x00000318       0x20 network/dst.o
 .debug_aranges
                0x00000338       0x20 network/tcp_input.o
 .debug_aranges
                0x00000358       0x20 network/task_network.o
 .debug_aranges
                0x00000378       0x20 network/udp.o
 .debug_aranges
                0x00000398       0x20 network/tcp_data.o
 .debug_aranges
                0x000003b8       0x20 network/utils.o
 .debug_aranges
                0x000003d8       0x20 hd/hd.o
 .debug_aranges
                0x000003f8       0x20 fs/fs_main.o
 .debug_aranges
                0x00000418       0x20 mm/forkexit.o
 .debug_aranges
                0x00000438       0x20 mm/exec.o
 .debug_aranges
                0x00000458       0x20 mm/main.o
 .debug_aranges
                0x00000478       0x20 mem/mem.o
 .debug_aranges
                0x00000498       0x20 lib/exec.o
 .debug_aranges
                0x000004b8       0x20 lib/fork.o
 .debug_aranges
                0x000004d8       0x20 lib/exit.o
 .debug_aranges
                0x000004f8       0x20 lib/unlink.o
 .debug_aranges
                0x00000518       0x20 lib/wait.o
 .debug_aranges
                0x00000538       0x20 lib/socket_close.o
 .debug_aranges
                0x00000558       0x20 lib/socket_read.o
 .debug_aranges
                0x00000578       0x20 lib/alloca.o
 .debug_aranges
                0x00000598       0x20 lib/calloc.o
 .debug_aranges
                0x000005b8       0x20 lib/floor.o
 .debug_aranges
                0x000005d8       0x20 lib/socket_write.o
 .debug_aranges
                0x000005f8       0x20 lib/getpid.o
 .debug_aranges
                0x00000618       0x20 lib/stdlib/atoi.o
 .debug_aranges
                0x00000638       0x20 lib/stdlib/strtol.o
 .debug_aranges
                0x00000658       0x20 lib/string/strtok.o
 .debug_aranges
                0x00000678       0x20 lib/string/strcmp.o
 .debug_aranges
                0x00000698       0x20 lib/string/strncmp.o
 .debug_aranges
                0x000006b8       0x20 lib/string/strpbrk.o
 .debug_aranges
                0x000006d8       0x20 lib/stdio/read.o
 .debug_aranges
                0x000006f8       0x20 lib/stdio/perror.o
 .debug_aranges
                0x00000718       0x20 lib/stdio/sscanf.o
 .debug_aranges
                0x00000738       0x20 lib/stdio/open.o
 .debug_aranges
                0x00000758       0x20 lib/stdio/write.o
 .debug_aranges
                0x00000778       0x20 lib/stdio/close.o
 .debug_aranges
                0x00000798       0x20 lib/sys/socket.o
 .debug_aranges
                0x000007b8       0x20 lib/sys/connect.o
 .debug_aranges
                0x000007d8       0x20 lib/arpa/ntohs.o
 .debug_aranges
                0x000007f8       0x20 lib/arpa/htonl.o
 .debug_aranges
                0x00000818       0x20 lib/arpa/htons.o
 .debug_aranges
                0x00000838       0x20 lib/arpa/inet_pton.o
 .debug_aranges
                0x00000858       0x20 lib/arpa/ntohl.o
 .debug_aranges
                0x00000878       0x20 lib/arpa/inet_ntop.o

.debug_pubnames
 *(.debug_pubnames)

.debug_info     0x00000000    0x47dd9
 *(.debug_info .gnu.linkonce.wi.*)
 .debug_info    0x00000000     0x10d5 double_link_list.o
 .debug_info    0x000010d5     0x28ee kernel_main_old.o
 .debug_info    0x000039c3     0x11e8 kernel_main.o
 .debug_info    0x00004bab     0x1248 protect.o
 .debug_info    0x00005df3     0x131d console.o
 .debug_info    0x00007110      0xf1d global.o
 .debug_info    0x0000802d     0x1071 keyboard.o
 .debug_info    0x0000909e      0xff5 process.o
 .debug_info    0x0000a093     0x10fc thread.o
 .debug_info    0x0000b18f     0x1530 my_process.o
 .debug_info    0x0000c6bf     0x1c59 network/socket.o
 .debug_info    0x0000e318     0x1ceb network/ip_input.o
 .debug_info    0x00010003     0x1f44 network/udp_sock.o
 .debug_info    0x00011f47     0x1970 network/icmpv4.o
 .debug_info    0x000138b7     0x1abe network/inet.o
 .debug_info    0x00015375     0x1ecc network/tcp.o
 .debug_info    0x00017241     0x13b4 network/route.o
 .debug_info    0x000185f5     0x18c7 network/sock.o
 .debug_info    0x00019ebc     0x2a21 network/tcp_output.o
 .debug_info    0x0001c8dd     0x19e7 network/arp.o
 .debug_info    0x0001e2c4     0x28ad network/tcp_sock.o
 .debug_info    0x00020b71     0x1e6e network/ipc.o
 .debug_info    0x000229df     0x17ac network/ip_output.o
 .debug_info    0x0002418b     0x11fd network/skbuff.o
 .debug_info    0x00025388     0x1a5d network/netdev.o
 .debug_info    0x00026de5     0x12d3 network/dst.o
 .debug_info    0x000280b8     0x21cf network/tcp_input.o
 .debug_info    0x0002a287     0x115e network/task_network.o
 .debug_info    0x0002b3e5     0x1b75 network/udp.o
 .debug_info    0x0002cf5a     0x1e35 network/tcp_data.o
 .debug_info    0x0002ed8f      0x367 network/utils.o
 .debug_info    0x0002f0f6     0x188c hd/hd.o
 .debug_info    0x00030982     0x1fce fs/fs_main.o
 .debug_info    0x00032950     0x1031 mm/forkexit.o
 .debug_info    0x00033981     0x126d mm/exec.o
 .debug_info    0x00034bee      0xe5f mm/main.o
 .debug_info    0x00035a4d     0x1df1 mem/mem.o
 .debug_info    0x0003783e      0xfd3 lib/exec.o
 .debug_info    0x00038811      0xe3b lib/fork.o
 .debug_info    0x0003964c      0xe46 lib/exit.o
 .debug_info    0x0003a492      0xf24 lib/unlink.o
 .debug_info    0x0003b3b6      0xe54 lib/wait.o
 .debug_info    0x0003c20a     0x101a lib/socket_close.o
 .debug_info    0x0003d224     0x1122 lib/socket_read.o
 .debug_info    0x0003e346       0xb6 lib/alloca.o
 .debug_info    0x0003e3fc      0xf4c lib/calloc.o
 .debug_info    0x0003f348       0x6b lib/floor.o
 .debug_info    0x0003f3b3     0x11ca lib/socket_write.o
 .debug_info    0x0004057d      0xe3b lib/getpid.o
 .debug_info    0x000413b8       0xc9 lib/stdlib/atoi.o
 .debug_info    0x00041481       0xd6 lib/stdlib/strtol.o
 .debug_info    0x00041557       0xae lib/string/strtok.o
 .debug_info    0x00041605       0xc1 lib/string/strcmp.o
 .debug_info    0x000416c6      0x110 lib/string/strncmp.o
 .debug_info    0x000417d6       0xcf lib/string/strpbrk.o
 .debug_info    0x000418a5      0xea1 lib/stdio/read.o
 .debug_info    0x00042746       0x5c lib/stdio/perror.o
 .debug_info    0x000427a2      0x202 lib/stdio/sscanf.o
 .debug_info    0x000429a4      0xe02 lib/stdio/open.o
 .debug_info    0x000437a6      0xe9e lib/stdio/write.o
 .debug_info    0x00044644      0xdb6 lib/stdio/close.o
 .debug_info    0x000453fa     0x1130 lib/sys/socket.o
 .debug_info    0x0004652a     0x11df lib/sys/connect.o
 .debug_info    0x00047709       0xa8 lib/arpa/ntohs.o
 .debug_info    0x000477b1       0xcb lib/arpa/htonl.o
 .debug_info    0x0004787c       0xa8 lib/arpa/htons.o
 .debug_info    0x00047924      0x260 lib/arpa/inet_pton.o
 .debug_info    0x00047b84       0xcb lib/arpa/ntohl.o
 .debug_info    0x00047c4f      0x18a lib/arpa/inet_ntop.o

.debug_abbrev   0x00000000     0x8666
 *(.debug_abbrev)
 .debug_abbrev  0x00000000      0x216 double_link_list.o
 .debug_abbrev  0x00000216      0x43a kernel_main_old.o
 .debug_abbrev  0x00000650      0x25e kernel_main.o
 .debug_abbrev  0x000008ae      0x227 protect.o
 .debug_abbrev  0x00000ad5      0x2ac console.o
 .debug_abbrev  0x00000d81      0x157 global.o
 .debug_abbrev  0x00000ed8      0x1fb keyboard.o
 .debug_abbrev  0x000010d3      0x1e0 process.o
 .debug_abbrev  0x000012b3      0x222 thread.o
 .debug_abbrev  0x000014d5      0x260 my_process.o
 .debug_abbrev  0x00001735      0x327 network/socket.o
 .debug_abbrev  0x00001a5c      0x2d1 network/ip_input.o
 .debug_abbrev  0x00001d2d      0x3b1 network/udp_sock.o
 .debug_abbrev  0x000020de      0x236 network/icmpv4.o
 .debug_abbrev  0x00002314      0x24b network/inet.o
 .debug_abbrev  0x0000255f      0x332 network/tcp.o
 .debug_abbrev  0x00002891      0x263 network/route.o
 .debug_abbrev  0x00002af4      0x273 network/sock.o
 .debug_abbrev  0x00002d67      0x3bf network/tcp_output.o
 .debug_abbrev  0x00003126      0x345 network/arp.o
 .debug_abbrev  0x0000346b      0x44e network/tcp_sock.o
 .debug_abbrev  0x000038b9      0x311 network/ipc.o
 .debug_abbrev  0x00003bca      0x213 network/ip_output.o
 .debug_abbrev  0x00003ddd      0x23f network/skbuff.o
 .debug_abbrev  0x0000401c      0x34d network/netdev.o
 .debug_abbrev  0x00004369      0x245 network/dst.o
 .debug_abbrev  0x000045ae      0x355 network/tcp_input.o
 .debug_abbrev  0x00004903      0x1cf network/task_network.o
 .debug_abbrev  0x00004ad2      0x2d3 network/udp.o
 .debug_abbrev  0x00004da5      0x2a6 network/tcp_data.o
 .debug_abbrev  0x0000504b      0x17a network/utils.o
 .debug_abbrev  0x000051c5      0x2e3 hd/hd.o
 .debug_abbrev  0x000054a8      0x2f8 fs/fs_main.o
 .debug_abbrev  0x000057a0      0x204 mm/forkexit.o
 .debug_abbrev  0x000059a4      0x1c4 mm/exec.o
 .debug_abbrev  0x00005b68      0x208 mm/main.o
 .debug_abbrev  0x00005d70      0x330 mem/mem.o
 .debug_abbrev  0x000060a0      0x1e8 lib/exec.o
 .debug_abbrev  0x00006288      0x18a lib/fork.o
 .debug_abbrev  0x00006412      0x19b lib/exit.o
 .debug_abbrev  0x000065ad      0x193 lib/unlink.o
 .debug_abbrev  0x00006740      0x19f lib/wait.o
 .debug_abbrev  0x000068df      0x1b0 lib/socket_close.o
 .debug_abbrev  0x00006a8f      0x1dd lib/socket_read.o
 .debug_abbrev  0x00006c6c       0xcd lib/alloca.o
 .debug_abbrev  0x00006d39      0x191 lib/calloc.o
 .debug_abbrev  0x00006eca       0x6a lib/floor.o
 .debug_abbrev  0x00006f34      0x1e2 lib/socket_write.o
 .debug_abbrev  0x00007116      0x18a lib/getpid.o
 .debug_abbrev  0x000072a0       0x94 lib/stdlib/atoi.o
 .debug_abbrev  0x00007334       0x8b lib/stdlib/strtol.o
 .debug_abbrev  0x000073bf       0x91 lib/string/strtok.o
 .debug_abbrev  0x00007450       0x94 lib/string/strcmp.o
 .debug_abbrev  0x000074e4       0xbe lib/string/strncmp.o
 .debug_abbrev  0x000075a2       0xa5 lib/string/strpbrk.o
 .debug_abbrev  0x00007647      0x1ef lib/stdio/read.o
 .debug_abbrev  0x00007836       0x5c lib/stdio/perror.o
 .debug_abbrev  0x00007892       0xca lib/stdio/sscanf.o
 .debug_abbrev  0x0000795c      0x1c5 lib/stdio/open.o
 .debug_abbrev  0x00007b21      0x1db lib/stdio/write.o
 .debug_abbrev  0x00007cfc      0x19d lib/stdio/close.o
 .debug_abbrev  0x00007e99      0x1cc lib/sys/socket.o
 .debug_abbrev  0x00008065      0x1d3 lib/sys/connect.o
 .debug_abbrev  0x00008238       0x6c lib/arpa/ntohs.o
 .debug_abbrev  0x000082a4       0xa5 lib/arpa/htonl.o
 .debug_abbrev  0x00008349       0x6c lib/arpa/htons.o
 .debug_abbrev  0x000083b5      0x116 lib/arpa/inet_pton.o
 .debug_abbrev  0x000084cb       0xa5 lib/arpa/ntohl.o
 .debug_abbrev  0x00008570       0xf6 lib/arpa/inet_ntop.o

.debug_line     0x00000000     0xb09d
 *(.debug_line .debug_line.* .debug_line_end)
 .debug_line    0x00000000      0x235 double_link_list.o
 .debug_line    0x00000235      0xe38 kernel_main_old.o
 .debug_line    0x0000106d      0x26e kernel_main.o
 .debug_line    0x000012db      0x21d protect.o
 .debug_line    0x000014f8      0x56c console.o
 .debug_line    0x00001a64       0xb3 global.o
 .debug_line    0x00001b17      0x2b4 keyboard.o
 .debug_line    0x00001dcb      0x1dc process.o
 .debug_line    0x00001fa7      0x163 thread.o
 .debug_line    0x0000210a      0x359 my_process.o
 .debug_line    0x00002463      0x3c8 network/socket.o
 .debug_line    0x0000282b      0x34c network/ip_input.o
 .debug_line    0x00002b77      0x4c8 network/udp_sock.o
 .debug_line    0x0000303f      0x232 network/icmpv4.o
 .debug_line    0x00003271      0x326 network/inet.o
 .debug_line    0x00003597      0x330 network/tcp.o
 .debug_line    0x000038c7      0x2aa network/route.o
 .debug_line    0x00003b71      0x238 network/sock.o
 .debug_line    0x00003da9      0x878 network/tcp_output.o
 .debug_line    0x00004621      0x573 network/arp.o
 .debug_line    0x00004b94      0x73a network/tcp_sock.o
 .debug_line    0x000052ce      0x627 network/ipc.o
 .debug_line    0x000058f5      0x20b network/ip_output.o
 .debug_line    0x00005b00      0x1ae network/skbuff.o
 .debug_line    0x00005cae      0x4a1 network/netdev.o
 .debug_line    0x0000614f      0x1af network/dst.o
 .debug_line    0x000062fe      0x69e network/tcp_input.o
 .debug_line    0x0000699c      0x22d network/task_network.o
 .debug_line    0x00006bc9      0x302 network/udp.o
 .debug_line    0x00006ecb      0x41f network/tcp_data.o
 .debug_line    0x000072ea      0x13c network/utils.o
 .debug_line    0x00007426      0x64d hd/hd.o
 .debug_line    0x00007a73      0xc43 fs/fs_main.o
 .debug_line    0x000086b6      0x192 mm/forkexit.o
 .debug_line    0x00008848      0x22a mm/exec.o
 .debug_line    0x00008a72      0x10a mm/main.o
 .debug_line    0x00008b7c      0x78e mem/mem.o
 .debug_line    0x0000930a      0x1a9 lib/exec.o
 .debug_line    0x000094b3       0xc3 lib/fork.o
 .debug_line    0x00009576       0xbe lib/exit.o
 .debug_line    0x00009634       0xde lib/unlink.o
 .debug_line    0x00009712       0xd5 lib/wait.o
 .debug_line    0x000097e7      0x145 lib/socket_close.o
 .debug_line    0x0000992c      0x186 lib/socket_read.o
 .debug_line    0x00009ab2       0x5f lib/alloca.o
 .debug_line    0x00009b11       0xf9 lib/calloc.o
 .debug_line    0x00009c0a       0x5a lib/floor.o
 .debug_line    0x00009c64      0x1a8 lib/socket_write.o
 .debug_line    0x00009e0c       0xbe lib/getpid.o
 .debug_line    0x00009eca       0xad lib/stdlib/atoi.o
 .debug_line    0x00009f77       0xbb lib/stdlib/strtol.o
 .debug_line    0x0000a032       0x6e lib/string/strtok.o
 .debug_line    0x0000a0a0       0x9c lib/string/strcmp.o
 .debug_line    0x0000a13c       0xcc lib/string/strncmp.o
 .debug_line    0x0000a208       0xb0 lib/string/strpbrk.o
 .debug_line    0x0000a2b8      0x15b lib/stdio/read.o
 .debug_line    0x0000a413       0x48 lib/stdio/perror.o
 .debug_line    0x0000a45b      0x220 lib/stdio/sscanf.o
 .debug_line    0x0000a67b       0xc3 lib/stdio/open.o
 .debug_line    0x0000a73e       0xe0 lib/stdio/write.o
 .debug_line    0x0000a81e       0xb3 lib/stdio/close.o
 .debug_line    0x0000a8d1      0x194 lib/sys/socket.o
 .debug_line    0x0000aa65      0x1a0 lib/sys/connect.o
 .debug_line    0x0000ac05       0x6c lib/arpa/ntohs.o
 .debug_line    0x0000ac71       0xc1 lib/arpa/htonl.o
 .debug_line    0x0000ad32       0x6c lib/arpa/htons.o
 .debug_line    0x0000ad9e      0x167 lib/arpa/inet_pton.o
 .debug_line    0x0000af05       0xc1 lib/arpa/ntohl.o
 .debug_line    0x0000afc6       0xd7 lib/arpa/inet_ntop.o

.debug_frame
 *(.debug_frame)

.debug_str      0x00000000     0x3a81
 *(.debug_str)
 .debug_str     0x00000000     0x3a81 double_link_list.o
                                0x73e (size before relaxing)
 .debug_str     0x00003a81      0xbe7 kernel_main_old.o
 .debug_str     0x00003a81      0x7b5 kernel_main.o
 .debug_str     0x00003a81      0x7c7 protect.o
 .debug_str     0x00003a81      0x7bb console.o
 .debug_str     0x00003a81      0x66c global.o
 .debug_str     0x00003a81      0x6f8 keyboard.o
 .debug_str     0x00003a81      0x6a6 process.o
 .debug_str     0x00003a81      0x773 thread.o
 .debug_str     0x00003a81      0x95a my_process.o
 .debug_str     0x00003a81      0x98a network/socket.o
 .debug_str     0x00003a81      0xabf network/ip_input.o
 .debug_str     0x00003a81      0xac9 network/udp_sock.o
 .debug_str     0x00003a81      0x972 network/icmpv4.o
 .debug_str     0x00003a81      0x949 network/inet.o
 .debug_str     0x00003a81      0xba3 network/tcp.o
 .debug_str     0x00003a81      0x812 network/route.o
 .debug_str     0x00003a81      0x90e network/sock.o
 .debug_str     0x00003a81      0xe66 network/tcp_output.o
 .debug_str     0x00003a81      0x97e network/arp.o
 .debug_str     0x00003a81      0xe25 network/tcp_sock.o
 .debug_str     0x00003a81      0xa3e network/ipc.o
 .debug_str     0x00003a81      0x8ae network/ip_output.o
 .debug_str     0x00003a81      0x76b network/skbuff.o
 .debug_str     0x00003a81      0x9b1 network/netdev.o
 .debug_str     0x00003a81      0x786 network/dst.o
 .debug_str     0x00003a81      0xc03 network/tcp_input.o
 .debug_str     0x00003a81      0x71b network/task_network.o
 .debug_str     0x00003a81      0x9a5 network/udp.o
 .debug_str     0x00003a81      0xabf network/tcp_data.o
 .debug_str     0x00003a81      0x1b8 network/utils.o
 .debug_str     0x00003a81      0x975 hd/hd.o
 .debug_str     0x00003a81      0xb56 fs/fs_main.o
 .debug_str     0x00003a81      0x673 mm/forkexit.o
 .debug_str     0x00003a81      0x8c9 mm/exec.o
 .debug_str     0x00003a81      0x5f4 mm/main.o
 .debug_str     0x00003a81      0xb1a mem/mem.o
 .debug_str     0x00003a81      0x688 lib/exec.o
 .debug_str     0x00003a81      0x5fa lib/fork.o
 .debug_str     0x00003a81      0x601 lib/exit.o
 .debug_str     0x00003a81      0x680 lib/unlink.o
 .debug_str     0x00003a81      0x601 lib/wait.o
 .debug_str     0x00003a81      0x70a lib/socket_close.o
 .debug_str     0x00003a81      0x786 lib/socket_read.o
 .debug_str     0x00003a81       0xce lib/alloca.o
 .debug_str     0x00003a81      0x68d lib/calloc.o
 .debug_str     0x00003a81       0xa2 lib/floor.o
 .debug_str     0x00003a81      0x7cf lib/socket_write.o
 .debug_str     0x00003a81      0x5fe lib/getpid.o
 .debug_str     0x00003a81       0xad lib/stdlib/atoi.o
 .debug_str     0x00003a81       0xc6 lib/stdlib/strtol.o
 .debug_str     0x00003a81       0xb9 lib/string/strtok.o
 .debug_str     0x00003a81       0xb1 lib/string/strcmp.o
 .debug_str     0x00003a81       0xba lib/string/strncmp.o
 .debug_str     0x00003a81       0xc1 lib/string/strpbrk.o
 .debug_str     0x00003a81      0x617 lib/stdio/read.o
 .debug_str     0x00003a81       0x99 lib/stdio/perror.o
 .debug_str     0x00003a81      0x109 lib/stdio/sscanf.o
 .debug_str     0x00003a81      0x5de lib/stdio/open.o
 .debug_str     0x00003a81      0x5f3 lib/stdio/write.o
 .debug_str     0x00003a81      0x5a6 lib/stdio/close.o
 .debug_str     0x00003a81      0x72b lib/sys/socket.o
 .debug_str     0x00003a81      0x792 lib/sys/connect.o
 .debug_str     0x00003a81      0x101 lib/arpa/ntohs.o
 .debug_str     0x00003a81       0xf4 lib/arpa/htonl.o
 .debug_str     0x00003a81      0x102 lib/arpa/htons.o
 .debug_str     0x00003a81      0x14c lib/arpa/inet_pton.o
 .debug_str     0x00003a81       0xf3 lib/arpa/ntohl.o
 .debug_str     0x00003a81      0x10f lib/arpa/inet_ntop.o

.debug_loc
 *(.debug_loc)

.debug_macinfo
 *(.debug_macinfo)

.debug_weaknames
 *(.debug_weaknames)

.debug_funcnames
 *(.debug_funcnames)

.debug_typenames
 *(.debug_typenames)

.debug_varnames
 *(.debug_varnames)

.debug_pubtypes
 *(.debug_pubtypes)

.debug_ranges   0x00000000       0x90
 *(.debug_ranges)
 .debug_ranges  0x00000000       0x30 kernel_main_old.o
 .debug_ranges  0x00000030       0x48 hd/hd.o
 .debug_ranges  0x00000078       0x18 mm/exec.o

.debug_addr
 *(.debug_addr)

.debug_line_str
 *(.debug_line_str)

.debug_loclists
 *(.debug_loclists)

.debug_macro
 *(.debug_macro)

.debug_names
 *(.debug_names)

.debug_rnglists
 *(.debug_rnglists)

.debug_str_offsets
 *(.debug_str_offsets)

.debug_sup
 *(.debug_sup)

.gnu.attributes
 *(.gnu.attributes)

/DISCARD/
 *(.note.GNU-stack)
 *(.gnu_debuglink)
 *(.gnu.lto_*)
OUTPUT(kernel.bin elf32-i386)
