
Merging program properties

Removed property 0xc0010001 to merge double_link_list.o (0x1) and kernel/kernel_sub.o (not found)
Removed property 0xc0010002 to merge double_link_list.o (0x0) and kernel/kernel_sub.o (not found)
Removed property 0xc0010001 to merge double_link_list.o (not found) and kernel_main.o (0x1)
Removed property 0xc0010002 to merge double_link_list.o (not found) and kernel_main.o (0x0)
Removed property 0xc0010001 to merge double_link_list.o (not found) and protect.o (0x1)
Removed property 0xc0010002 to merge double_link_list.o (not found) and protect.o (0x0)
Removed property 0xc0010001 to merge double_link_list.o (not found) and global.o (0x1)
Removed property 0xc0010002 to merge double_link_list.o (not found) and global.o (0x0)
Removed property 0xc0010001 to merge double_link_list.o (not found) and console.o (0x1)
Removed property 0xc0010002 to merge double_link_list.o (not found) and console.o (0x1)
Removed property 0xc0010001 to merge double_link_list.o (not found) and kernel_main_old.o (0x1)
Removed property 0xc0010002 to merge double_link_list.o (not found) and kernel_main_old.o (0x1)
Removed property 0xc0010001 to merge double_link_list.o (not found) and keyboard.o (0x1)
Removed property 0xc0010002 to merge double_link_list.o (not found) and keyboard.o (0x0)
Removed property 0xc0010001 to merge double_link_list.o (not found) and process.o (0x1)
Removed property 0xc0010002 to merge double_link_list.o (not found) and process.o (0x0)
Removed property 0xc0010001 to merge double_link_list.o (not found) and thread.o (0x1)
Removed property 0xc0010002 to merge double_link_list.o (not found) and thread.o (0x0)
Removed property 0xc0010001 to merge double_link_list.o (not found) and my_process.o (0x1)
Removed property 0xc0010002 to merge double_link_list.o (not found) and my_process.o (0x1)
Removed property 0xc0010001 to merge double_link_list.o (not found) and network/socket.o (0x1)
Removed property 0xc0010002 to merge double_link_list.o (not found) and network/socket.o (0x0)
Removed property 0xc0010001 to merge double_link_list.o (not found) and network/ip_input.o (0x1)
Removed property 0xc0010002 to merge double_link_list.o (not found) and network/ip_input.o (0x0)
Removed property 0xc0010001 to merge double_link_list.o (not found) and network/udp_sock.o (0x1)
Removed property 0xc0010002 to merge double_link_list.o (not found) and network/udp_sock.o (0x0)
Removed property 0xc0010001 to merge double_link_list.o (not found) and network/tcp_sock.o (0x1)
Removed property 0xc0010002 to merge double_link_list.o (not found) and network/tcp_sock.o (0x0)
Removed property 0xc0010001 to merge double_link_list.o (not found) and network/netdev.o (0x1)
Removed property 0xc0010002 to merge double_link_list.o (not found) and network/netdev.o (0x0)
Removed property 0xc0010001 to merge double_link_list.o (not found) and network/ip_output.o (0x1)
Removed property 0xc0010002 to merge double_link_list.o (not found) and network/ip_output.o (0x0)
Removed property 0xc0010001 to merge double_link_list.o (not found) and network/tcp.o (0x1)
Removed property 0xc0010002 to merge double_link_list.o (not found) and network/tcp.o (0x0)
Removed property 0xc0010001 to merge double_link_list.o (not found) and network/sock.o (0x1)
Removed property 0xc0010002 to merge double_link_list.o (not found) and network/sock.o (0x0)
Removed property 0xc0010001 to merge double_link_list.o (not found) and network/tcp_output.o (0x1)
Removed property 0xc0010002 to merge double_link_list.o (not found) and network/tcp_output.o (0x1)
Removed property 0xc0010001 to merge double_link_list.o (not found) and network/arp.o (0x1)
Removed property 0xc0010002 to merge double_link_list.o (not found) and network/arp.o (0x0)
Removed property 0xc0010001 to merge double_link_list.o (not found) and network/route.o (0x1)
Removed property 0xc0010002 to merge double_link_list.o (not found) and network/route.o (0x0)
Removed property 0xc0010001 to merge double_link_list.o (not found) and network/ipc.o (0x1)
Removed property 0xc0010002 to merge double_link_list.o (not found) and network/ipc.o (0x1)
Removed property 0xc0010001 to merge double_link_list.o (not found) and network/icmpv4.o (0x1)
Removed property 0xc0010002 to merge double_link_list.o (not found) and network/icmpv4.o (0x0)
Removed property 0xc0010001 to merge double_link_list.o (not found) and network/skbuff.o (0x1)
Removed property 0xc0010002 to merge double_link_list.o (not found) and network/skbuff.o (0x0)
Removed property 0xc0010001 to merge double_link_list.o (not found) and network/inet.o (0x1)
Removed property 0xc0010002 to merge double_link_list.o (not found) and network/inet.o (0x0)
Removed property 0xc0010001 to merge double_link_list.o (not found) and network/dst.o (0x1)
Removed property 0xc0010002 to merge double_link_list.o (not found) and network/dst.o (0x0)
Removed property 0xc0010001 to merge double_link_list.o (not found) and network/tcp_input.o (0x1)
Removed property 0xc0010002 to merge double_link_list.o (not found) and network/tcp_input.o (0x0)
Removed property 0xc0010001 to merge double_link_list.o (not found) and network/task_network.o (0x1)
Removed property 0xc0010002 to merge double_link_list.o (not found) and network/task_network.o (0x0)
Removed property 0xc0010001 to merge double_link_list.o (not found) and network/udp.o (0x1)
Removed property 0xc0010002 to merge double_link_list.o (not found) and network/udp.o (0x1)
Removed property 0xc0010001 to merge double_link_list.o (not found) and network/tcp_data.o (0x1)
Removed property 0xc0010002 to merge double_link_list.o (not found) and network/tcp_data.o (0x0)
Removed property 0xc0010001 to merge double_link_list.o (not found) and network/utils.o (0x1)
Removed property 0xc0010002 to merge double_link_list.o (not found) and network/utils.o (0x0)
Removed property 0xc0010001 to merge double_link_list.o (not found) and hd/hd.o (0x1)
Removed property 0xc0010002 to merge double_link_list.o (not found) and hd/hd.o (0x1)
Removed property 0xc0010001 to merge double_link_list.o (not found) and fs/fs_main.o (0x1)
Removed property 0xc0010002 to merge double_link_list.o (not found) and fs/fs_main.o (0x1)
Removed property 0xc0010001 to merge double_link_list.o (not found) and mm/forkexit.o (0x1)
Removed property 0xc0010002 to merge double_link_list.o (not found) and mm/forkexit.o (0x0)
Removed property 0xc0010001 to merge double_link_list.o (not found) and mm/exec.o (0x1)
Removed property 0xc0010002 to merge double_link_list.o (not found) and mm/exec.o (0x0)
Removed property 0xc0010001 to merge double_link_list.o (not found) and mm/main.o (0x1)
Removed property 0xc0010002 to merge double_link_list.o (not found) and mm/main.o (0x0)
Removed property 0xc0010001 to merge double_link_list.o (not found) and lib/floor.o (0xb)
Removed property 0xc0010002 to merge double_link_list.o (not found) and lib/floor.o (0x1)
Removed property 0xc0010001 to merge double_link_list.o (not found) and lib/exec.o (0x1)
Removed property 0xc0010002 to merge double_link_list.o (not found) and lib/exec.o (0x0)
Removed property 0xc0010001 to merge double_link_list.o (not found) and lib/exit.o (0x1)
Removed property 0xc0010002 to merge double_link_list.o (not found) and lib/exit.o (0x0)
Removed property 0xc0010001 to merge double_link_list.o (not found) and lib/unlink.o (0x1)
Removed property 0xc0010002 to merge double_link_list.o (not found) and lib/unlink.o (0x0)
Removed property 0xc0010001 to merge double_link_list.o (not found) and lib/wait.o (0x1)
Removed property 0xc0010002 to merge double_link_list.o (not found) and lib/wait.o (0x0)
Removed property 0xc0010001 to merge double_link_list.o (not found) and lib/calloc.o (0x1)
Removed property 0xc0010002 to merge double_link_list.o (not found) and lib/calloc.o (0x0)
Removed property 0xc0010001 to merge double_link_list.o (not found) and lib/alloca.o (0xb)
Removed property 0xc0010002 to merge double_link_list.o (not found) and lib/alloca.o (0x1)
Removed property 0xc0010001 to merge double_link_list.o (not found) and lib/fork.o (0x1)
Removed property 0xc0010002 to merge double_link_list.o (not found) and lib/fork.o (0x0)
Removed property 0xc0010001 to merge double_link_list.o (not found) and lib/getpid.o (0x1)
Removed property 0xc0010002 to merge double_link_list.o (not found) and lib/getpid.o (0x0)
Removed property 0xc0010001 to merge double_link_list.o (not found) and lib/string/strtok.o (0x1)
Removed property 0xc0010002 to merge double_link_list.o (not found) and lib/string/strtok.o (0x0)
Removed property 0xc0010001 to merge double_link_list.o (not found) and lib/string/strcmp.o (0x1)
Removed property 0xc0010002 to merge double_link_list.o (not found) and lib/string/strcmp.o (0x1)
Removed property 0xc0010001 to merge double_link_list.o (not found) and lib/string/strncmp.o (0x1)
Removed property 0xc0010002 to merge double_link_list.o (not found) and lib/string/strncmp.o (0x0)
Removed property 0xc0010001 to merge double_link_list.o (not found) and lib/string/strpbrk.o (0x1)
Removed property 0xc0010002 to merge double_link_list.o (not found) and lib/string/strpbrk.o (0x0)
Removed property 0xc0010001 to merge double_link_list.o (not found) and lib/stdio/read.o (0x1)
Removed property 0xc0010002 to merge double_link_list.o (not found) and lib/stdio/read.o (0x0)
Removed property 0xc0010001 to merge double_link_list.o (not found) and lib/stdio/perror.o (0x1)
Removed property 0xc0010002 to merge double_link_list.o (not found) and lib/stdio/perror.o (0x0)
Removed property 0xc0010001 to merge double_link_list.o (not found) and lib/stdio/sscanf.o (0x1)
Removed property 0xc0010002 to merge double_link_list.o (not found) and lib/stdio/sscanf.o (0x0)
Removed property 0xc0010001 to merge double_link_list.o (not found) and lib/stdio/open.o (0x1)
Removed property 0xc0010002 to merge double_link_list.o (not found) and lib/stdio/open.o (0x0)
Removed property 0xc0010001 to merge double_link_list.o (not found) and lib/stdio/write.o (0x1)
Removed property 0xc0010002 to merge double_link_list.o (not found) and lib/stdio/write.o (0x0)
Removed property 0xc0010001 to merge double_link_list.o (not found) and lib/stdio/close.o (0x1)
Removed property 0xc0010002 to merge double_link_list.o (not found) and lib/stdio/close.o (0x0)
Removed property 0xc0010001 to merge double_link_list.o (not found) and lib/arpa/ntohs.o (0x1)
Removed property 0xc0010002 to merge double_link_list.o (not found) and lib/arpa/ntohs.o (0x0)
Removed property 0xc0010001 to merge double_link_list.o (not found) and lib/arpa/htonl.o (0x1)
Removed property 0xc0010002 to merge double_link_list.o (not found) and lib/arpa/htonl.o (0x0)
Removed property 0xc0010001 to merge double_link_list.o (not found) and lib/arpa/htons.o (0x1)
Removed property 0xc0010002 to merge double_link_list.o (not found) and lib/arpa/htons.o (0x0)
Removed property 0xc0010001 to merge double_link_list.o (not found) and lib/arpa/inet_pton.o (0x1)
Removed property 0xc0010002 to merge double_link_list.o (not found) and lib/arpa/inet_pton.o (0x0)
Removed property 0xc0010001 to merge double_link_list.o (not found) and lib/arpa/ntohl.o (0x1)
Removed property 0xc0010002 to merge double_link_list.o (not found) and lib/arpa/ntohl.o (0x0)
Removed property 0xc0010001 to merge double_link_list.o (not found) and lib/arpa/inet_ntop.o (0x1)
Removed property 0xc0010002 to merge double_link_list.o (not found) and lib/arpa/inet_ntop.o (0x0)

Allocating common symbols
Common symbol       size              file

current_tty         0x4               double_link_list.o
file_desc_table     0x400             fs/fs_main.o
is_e0               0x1               double_link_list.o
phy_super_block_buf
                    0x4               fs/fs_main.o
phy_fsbuf           0x4               fs/fs_main.o
idt_ptr             0x6               double_link_list.o
pid                 0x4               double_link_list.o
KernelVirtualMemory
                    0xc               double_link_list.o
inode_table         0xa00             fs/fs_main.o
loop                0x4               network/netdev.o
current_dis_pos     0x4               double_link_list.o
dis_pos             0x4               double_link_list.o
netdev              0x4               network/netdev.o
k_reenter           0x4               double_link_list.o
super_block_buf     0x4               fs/fs_main.o
gdt                 0x400             double_link_list.o
proc_ready_table    0x4               double_link_list.o
test_ticks          0x4               double_link_list.o
hd_info             0x224             hd/hd.o
proc_stack          0x90000           global.o
pcaller             0x4               double_link_list.o
keyboard_buffer     0x20c             double_link_list.o
pcb_list            0x10              double_link_list.o
gdt_index           0x4               double_link_list.o
tty_table           0x828             double_link_list.o
tss                 0x6c              double_link_list.o
KernelPool          0x10              double_link_list.o
net_buf             0x4               double_link_list.o
fsbuf               0x4               fs/fs_main.o
nic_current_page    0x1               double_link_list.o
root                0x28              fs/fs_main.o
kernel_mem_block_decs_array
                    0xf0              mem/mem.o
counter             0x4               double_link_list.o
key_pressed         0x4               double_link_list.o
fork_pid            0x4               double_link_list.o
is_shift            0x1               double_link_list.o
net_data            0x1               double_link_list.o
gdt_ptr             0x6               double_link_list.o
idt                 0x800             double_link_list.o
main_thread         0x4               double_link_list.o
ticks               0x8               double_link_list.o
is_init             0x1               double_link_list.o
UserPool            0x10              double_link_list.o
all_pcb_list        0x10              double_link_list.o
console_table       0x10              double_link_list.o
is_disp             0x1               double_link_list.o
MAIN_THREAD_PAGE_DIRECTORY
                    0x4               double_link_list.o
helloStr            0xc               double_link_list.o
proc_table          0x1e14            global.o
hd_cache            0x200             hd/hd.o

Discarded input sections

 .note.GNU-stack
                0x00000000        0x0 double_link_list.o
 .note.gnu.property
                0x00000000       0x28 double_link_list.o
 .note.GNU-stack
                0x00000000        0x0 kernel_main.o
 .note.gnu.property
                0x00000000       0x28 kernel_main.o
 .note.GNU-stack
                0x00000000        0x0 protect.o
 .note.gnu.property
                0x00000000       0x28 protect.o
 .note.GNU-stack
                0x00000000        0x0 global.o
 .note.gnu.property
                0x00000000       0x28 global.o
 .note.GNU-stack
                0x00000000        0x0 console.o
 .note.gnu.property
                0x00000000       0x28 console.o
 .note.GNU-stack
                0x00000000        0x0 kernel_main_old.o
 .note.gnu.property
                0x00000000       0x28 kernel_main_old.o
 .note.GNU-stack
                0x00000000        0x0 keyboard.o
 .note.gnu.property
                0x00000000       0x28 keyboard.o
 .note.GNU-stack
                0x00000000        0x0 process.o
 .note.gnu.property
                0x00000000       0x28 process.o
 .note.GNU-stack
                0x00000000        0x0 thread.o
 .note.gnu.property
                0x00000000       0x28 thread.o
 .note.GNU-stack
                0x00000000        0x0 my_process.o
 .note.gnu.property
                0x00000000       0x28 my_process.o
 .note.GNU-stack
                0x00000000        0x0 network/socket.o
 .note.gnu.property
                0x00000000       0x28 network/socket.o
 .note.GNU-stack
                0x00000000        0x0 network/ip_input.o
 .note.gnu.property
                0x00000000       0x28 network/ip_input.o
 .note.GNU-stack
                0x00000000        0x0 network/udp_sock.o
 .note.gnu.property
                0x00000000       0x28 network/udp_sock.o
 .note.GNU-stack
                0x00000000        0x0 network/tcp_sock.o
 .note.gnu.property
                0x00000000       0x28 network/tcp_sock.o
 .note.GNU-stack
                0x00000000        0x0 network/netdev.o
 .note.gnu.property
                0x00000000       0x28 network/netdev.o
 .note.GNU-stack
                0x00000000        0x0 network/ip_output.o
 .note.gnu.property
                0x00000000       0x28 network/ip_output.o
 .note.GNU-stack
                0x00000000        0x0 network/tcp.o
 .note.gnu.property
                0x00000000       0x28 network/tcp.o
 .note.GNU-stack
                0x00000000        0x0 network/sock.o
 .note.gnu.property
                0x00000000       0x28 network/sock.o
 .note.GNU-stack
                0x00000000        0x0 network/tcp_output.o
 .note.gnu.property
                0x00000000       0x28 network/tcp_output.o
 .note.GNU-stack
                0x00000000        0x0 network/arp.o
 .note.gnu.property
                0x00000000       0x28 network/arp.o
 .note.GNU-stack
                0x00000000        0x0 network/route.o
 .note.gnu.property
                0x00000000       0x28 network/route.o
 .note.GNU-stack
                0x00000000        0x0 network/ipc.o
 .note.gnu.property
                0x00000000       0x28 network/ipc.o
 .note.GNU-stack
                0x00000000        0x0 network/icmpv4.o
 .note.gnu.property
                0x00000000       0x28 network/icmpv4.o
 .note.GNU-stack
                0x00000000        0x0 network/skbuff.o
 .note.gnu.property
                0x00000000       0x28 network/skbuff.o
 .note.GNU-stack
                0x00000000        0x0 network/inet.o
 .note.gnu.property
                0x00000000       0x28 network/inet.o
 .note.GNU-stack
                0x00000000        0x0 network/dst.o
 .note.gnu.property
                0x00000000       0x28 network/dst.o
 .note.GNU-stack
                0x00000000        0x0 network/tcp_input.o
 .note.gnu.property
                0x00000000       0x28 network/tcp_input.o
 .note.GNU-stack
                0x00000000        0x0 network/task_network.o
 .note.gnu.property
                0x00000000       0x28 network/task_network.o
 .note.GNU-stack
                0x00000000        0x0 network/udp.o
 .note.gnu.property
                0x00000000       0x28 network/udp.o
 .note.GNU-stack
                0x00000000        0x0 network/tcp_data.o
 .note.gnu.property
                0x00000000       0x28 network/tcp_data.o
 .note.GNU-stack
                0x00000000        0x0 network/utils.o
 .note.gnu.property
                0x00000000       0x28 network/utils.o
 .note.GNU-stack
                0x00000000        0x0 hd/hd.o
 .note.gnu.property
                0x00000000       0x28 hd/hd.o
 .note.GNU-stack
                0x00000000        0x0 fs/fs_main.o
 .note.gnu.property
                0x00000000       0x28 fs/fs_main.o
 .note.GNU-stack
                0x00000000        0x0 mm/forkexit.o
 .note.gnu.property
                0x00000000       0x28 mm/forkexit.o
 .note.GNU-stack
                0x00000000        0x0 mm/exec.o
 .note.gnu.property
                0x00000000       0x28 mm/exec.o
 .note.GNU-stack
                0x00000000        0x0 mm/main.o
 .note.gnu.property
                0x00000000       0x28 mm/main.o
 .note.GNU-stack
                0x00000000        0x0 mem/mem.o
 .note.GNU-stack
                0x00000000        0x0 lib/floor.o
 .note.gnu.property
                0x00000000       0x28 lib/floor.o
 .note.GNU-stack
                0x00000000        0x0 lib/exec.o
 .note.gnu.property
                0x00000000       0x28 lib/exec.o
 .note.GNU-stack
                0x00000000        0x0 lib/exit.o
 .note.gnu.property
                0x00000000       0x28 lib/exit.o
 .note.GNU-stack
                0x00000000        0x0 lib/unlink.o
 .note.gnu.property
                0x00000000       0x28 lib/unlink.o
 .note.GNU-stack
                0x00000000        0x0 lib/wait.o
 .note.gnu.property
                0x00000000       0x28 lib/wait.o
 .note.GNU-stack
                0x00000000        0x0 lib/calloc.o
 .note.gnu.property
                0x00000000       0x28 lib/calloc.o
 .note.GNU-stack
                0x00000000        0x0 lib/alloca.o
 .note.gnu.property
                0x00000000       0x28 lib/alloca.o
 .note.GNU-stack
                0x00000000        0x0 lib/fork.o
 .note.gnu.property
                0x00000000       0x28 lib/fork.o
 .note.GNU-stack
                0x00000000        0x0 lib/getpid.o
 .note.gnu.property
                0x00000000       0x28 lib/getpid.o
 .note.GNU-stack
                0x00000000        0x0 lib/string/strtok.o
 .note.gnu.property
                0x00000000       0x28 lib/string/strtok.o
 .note.GNU-stack
                0x00000000        0x0 lib/string/strcmp.o
 .note.gnu.property
                0x00000000       0x28 lib/string/strcmp.o
 .note.GNU-stack
                0x00000000        0x0 lib/string/strncmp.o
 .note.gnu.property
                0x00000000       0x28 lib/string/strncmp.o
 .note.GNU-stack
                0x00000000        0x0 lib/string/strpbrk.o
 .note.gnu.property
                0x00000000       0x28 lib/string/strpbrk.o
 .note.GNU-stack
                0x00000000        0x0 lib/stdio/read.o
 .note.gnu.property
                0x00000000       0x28 lib/stdio/read.o
 .note.GNU-stack
                0x00000000        0x0 lib/stdio/perror.o
 .note.gnu.property
                0x00000000       0x28 lib/stdio/perror.o
 .note.GNU-stack
                0x00000000        0x0 lib/stdio/sscanf.o
 .note.gnu.property
                0x00000000       0x28 lib/stdio/sscanf.o
 .note.GNU-stack
                0x00000000        0x0 lib/stdio/open.o
 .note.gnu.property
                0x00000000       0x28 lib/stdio/open.o
 .note.GNU-stack
                0x00000000        0x0 lib/stdio/write.o
 .note.gnu.property
                0x00000000       0x28 lib/stdio/write.o
 .note.GNU-stack
                0x00000000        0x0 lib/stdio/close.o
 .note.gnu.property
                0x00000000       0x28 lib/stdio/close.o
 .note.GNU-stack
                0x00000000        0x0 lib/arpa/ntohs.o
 .note.gnu.property
                0x00000000       0x28 lib/arpa/ntohs.o
 .note.GNU-stack
                0x00000000        0x0 lib/arpa/htonl.o
 .note.gnu.property
                0x00000000       0x28 lib/arpa/htonl.o
 .note.GNU-stack
                0x00000000        0x0 lib/arpa/htons.o
 .note.gnu.property
                0x00000000       0x28 lib/arpa/htons.o
 .note.GNU-stack
                0x00000000        0x0 lib/arpa/inet_pton.o
 .note.gnu.property
                0x00000000       0x28 lib/arpa/inet_pton.o
 .note.GNU-stack
                0x00000000        0x0 lib/arpa/ntohl.o
 .note.gnu.property
                0x00000000       0x28 lib/arpa/ntohl.o
 .note.GNU-stack
                0x00000000        0x0 lib/arpa/inet_ntop.o
 .note.gnu.property
                0x00000000       0x28 lib/arpa/inet_ntop.o

Memory Configuration

Name             Origin             Length             Attributes
*default*        0x00000000         0xffffffff

Linker script and memory map

Address of section .text set to 0xc0500000
LOAD kernel/kernel_sub.o
LOAD kernel/kernel.o
LOAD switch_to.o
LOAD string.o
LOAD syscall.o
LOAD hd/hd_rdwt.o
LOAD network/ne2000.o
LOAD double_link_list.o
LOAD kernel_main.o
LOAD protect.o
LOAD global.o
LOAD console.o
LOAD kernel_main_old.o
LOAD keyboard.o
LOAD process.o
LOAD thread.o
LOAD my_process.o
LOAD network/socket.o
LOAD network/ip_input.o
LOAD network/udp_sock.o
LOAD network/tcp_sock.o
LOAD network/netdev.o
LOAD network/ip_output.o
LOAD network/tcp.o
LOAD network/sock.o
LOAD network/tcp_output.o
LOAD network/arp.o
LOAD network/route.o
LOAD network/ipc.o
LOAD network/icmpv4.o
LOAD network/skbuff.o
LOAD network/inet.o
LOAD network/dst.o
LOAD network/tcp_input.o
LOAD network/task_network.o
LOAD network/udp.o
LOAD network/tcp_data.o
LOAD network/utils.o
LOAD hd/hd.o
LOAD fs/fs_main.o
LOAD mm/forkexit.o
LOAD mm/exec.o
LOAD mm/main.o
LOAD mem/mem.o
LOAD lib/floor.o
LOAD lib/exec.o
LOAD lib/exit.o
LOAD lib/unlink.o
LOAD lib/wait.o
LOAD lib/calloc.o
LOAD lib/alloca.o
LOAD lib/fork.o
LOAD lib/getpid.o
LOAD lib/string/strtok.o
LOAD lib/string/strcmp.o
LOAD lib/string/strncmp.o
LOAD lib/string/strpbrk.o
LOAD lib/stdio/read.o
LOAD lib/stdio/perror.o
LOAD lib/stdio/sscanf.o
LOAD lib/stdio/open.o
LOAD lib/stdio/write.o
LOAD lib/stdio/close.o
LOAD lib/arpa/ntohs.o
LOAD lib/arpa/htonl.o
LOAD lib/arpa/htons.o
LOAD lib/arpa/inet_pton.o
LOAD lib/arpa/ntohl.o
LOAD lib/arpa/inet_ntop.o
                [!provide]                        PROVIDE (__executable_start = SEGMENT_START ("text-segment", 0x8048000))
                0x080480d4                        . = (SEGMENT_START ("text-segment", 0x8048000) + SIZEOF_HEADERS)

.interp
 *(.interp)

.note.gnu.build-id
 *(.note.gnu.build-id)

.hash
 *(.hash)

.gnu.hash
 *(.gnu.hash)

.dynsym
 *(.dynsym)

.dynstr
 *(.dynstr)

.gnu.version
 *(.gnu.version)

.gnu.version_d
 *(.gnu.version_d)

.gnu.version_r
 *(.gnu.version_r)

.rel.dyn        0x080480d4        0x0
 *(.rel.init)
 *(.rel.text .rel.text.* .rel.gnu.linkonce.t.*)
 .rel.text      0x080480d4        0x0 kernel/kernel_sub.o
 *(.rel.fini)
 *(.rel.rodata .rel.rodata.* .rel.gnu.linkonce.r.*)
 *(.rel.data.rel.ro .rel.data.rel.ro.* .rel.gnu.linkonce.d.rel.ro.*)
 *(.rel.data .rel.data.* .rel.gnu.linkonce.d.*)
 *(.rel.tdata .rel.tdata.* .rel.gnu.linkonce.td.*)
 *(.rel.tbss .rel.tbss.* .rel.gnu.linkonce.tb.*)
 *(.rel.ctors)
 *(.rel.dtors)
 *(.rel.got)
 .rel.got       0x080480d4        0x0 kernel/kernel_sub.o
 *(.rel.bss .rel.bss.* .rel.gnu.linkonce.b.*)
 *(.rel.ifunc)

.rel.plt        0x080480d4        0x0
 *(.rel.plt)
                [!provide]                        PROVIDE (__rel_iplt_start = .)
 *(.rel.iplt)
 .rel.iplt      0x080480d4        0x0 kernel/kernel_sub.o
                [!provide]                        PROVIDE (__rel_iplt_end = .)

.relr.dyn
 *(.relr.dyn)
                0x08049000                        . = ALIGN (CONSTANT (MAXPAGESIZE))

.init
 *(SORT_NONE(.init))

.plt            0x08049000        0x0
 *(.plt)
 *(.iplt)
 .iplt          0x08049000        0x0 kernel/kernel_sub.o

.plt.got
 *(.plt.got)

.plt.sec
 *(.plt.sec)

.text           0xc0500000    0x11dd1
 *(.text.unlikely .text.*_unlikely .text.unlikely.*)
 *(.text.exit .text.exit.*)
 *(.text.startup .text.startup.*)
 *(.text.hot .text.hot.*)
 *(SORT_BY_NAME(.text.sorted.*))
 *(.text .stub .text.* .gnu.linkonce.t.*)
 .text          0xc0500000       0x74 kernel/kernel_sub.o
                0xc0500000                _start
 *fill*         0xc0500074        0xc 
 .text          0xc0500080      0x3d7 kernel/kernel.o
                0xc0500080                InterruptTest
                0xc050008c                disp_str_len
                0xc05000d9                disp_str
                0xc0500114                disp_str_colour
                0xc0500150                divide_zero_fault
                0xc0500156                single_step_fault
                0xc050015c                non_maskable_interrupt
                0xc0500162                breakpoint_trap
                0xc0500168                overflow_trap
                0xc050016e                bound_range_exceeded_fault
                0xc0500174                invalid_opcode_fault
                0xc050017a                coprocessor_not_available_fault
                0xc0500180                double_fault_exception_abort
                0xc0500184                coprocessor_segment_overrun
                0xc050018a                invalid_task_state_segment_fault
                0xc050018e                segment_not_present_fault
                0xc0500192                stack_exception_fault
                0xc0500196                general_protection_exception_fault
                0xc05001a1                page_fault
                0xc05001a5                coprocessor_error_fault
                0xc05001ab                align_check_fault
                0xc05001af                simd_float_exception_fault
                0xc05001be                hwint0
                0xc05001ee                hwint1
                0xc0500231                hwint14
                0xc0500277                hwint10
                0xc05002ba                sys_call
                0xc0500300                fork_restart
                0xc050030f                restart
                0xc0500332                in_byte
                0xc050033e                out_byte
                0xc0500360                disable_int
                0xc0500362                enable_int
                0xc05003f8                enable_8259A_casecade_irq
                0xc0500402                disable_8259A_casecade_irq
                0xc050040c                enable_8259A_slave_winchester_irq
                0xc0500416                disable_8259A_slave_winchester_irq
                0xc0500420                update_cr3
                0xc050042d                update_tss
                0xc050043c                get_running_thread_pcb
                0xc0500444                sys_call_test
                0xc0500447                enable_8259A_slave_net_irq
 *fill*         0xc0500457        0x9 
 .text          0xc0500460       0x15 switch_to.o
                0xc0500460                switch_to
 *fill*         0xc0500475        0xb 
 .text          0xc0500480       0x69 syscall.o
                0xc0500480                write_debug
                0xc0500490                send_msg
                0xc05004a6                receive_msg
                0xc05004bc                sys_malloc
                0xc05004d1                sys_free
 *fill*         0xc05004e9        0x7 
 .text          0xc05004f0      0x25b network/ne2000.o
                0xc0500513                DriverInitialize
                0xc050059d                SetPageStart
                0xc05005c5                DriverSend
                0xc050063a                PCtoNIC
                0xc05006a8                get_interrupt_status
                0xc05006be                set_interrupt_status
                0xc05006d7                get_curr_page
                0xc05006f4                NICtoPC
 .text          0xc050074b      0x329 double_link_list.o
                0xc050074b                initDoubleLinkList
                0xc0500779                isListEmpty
                0xc050079a                findElementInList
                0xc0500876                appendToDoubleLinkList
                0xc050095d                insertToDoubleLinkList
                0xc05009e0                popFromDoubleLinkList
 .text          0xc0500a74      0x414 kernel_main.o
                0xc0500a74                kernel_main
                0xc0500c3a                init
                0xc0500cdc                kernel_thread_a
                0xc0500d29                kernel_thread_b
                0xc0500d76                kernel_thread_c
                0xc0500d8c                kernel_thread_d
                0xc0500da2                user_proc_a
                0xc0500e70                user_proc_b
 .text          0xc0500e88      0x3b3 protect.o
                0xc0500e88                InitDescriptor
                0xc0500ef5                Seg2PhyAddr
                0xc0500f36                Seg2PhyAddrLDT
                0xc0500f7a                VirAddr2PhyAddr
                0xc0500f90                v2l
                0xc0500fd3                init_propt
                0xc0501154                InitInterruptDesc
                0xc05011b0                ReloadGDT
 .text          0xc050123b        0x0 global.o
 .text          0xc050123b      0xaca console.o
                0xc050123b                select_console
                0xc0501277                flush
                0xc05012b0                set_cursor
                0xc050130e                set_console_start_video_addr
                0xc050136c                put_key
                0xc05013d8                scroll_up
                0xc050141a                scroll_down
                0xc0501485                out_char
                0xc0501642                tty_dev_read
                0xc050166c                tty_dev_write
                0xc0501899                tty_do_read
                0xc0501961                tty_do_write
                0xc0501ac4                init_screen
                0xc0501b4d                init_tty
                0xc0501c02                TaskTTY
 .text          0xc0501d05     0x2d79 kernel_main_old.o
                0xc0501d05                stop_here
                0xc0501d49                catch_error
                0xc0501d66                intr_enable
                0xc0501d8f                intr_disable
                0xc0501db8                intr_set_status
                0xc0501dd6                intr_get_status
                0xc0501df3                Memcpy
                0xc0501e26                untar
                0xc050213b                atoi
                0xc05021e1                disp_int
                0xc050220a                do_page_fault
                0xc0502347                exception_handler
                0xc050252e                init_internal_interrupt
                0xc05026a3                spurious_irq
                0xc0502731                init_keyboard
                0xc0502774                TestTTY
                0xc0502813                TestReadReturnValue
                0xc0502890                TestWriteReturnValue
                0xc0502964                TestFS2
                0xc0502972                TestFS
                0xc0502e14                wait_exit
                0xc0502f12                INIT_fork
                0xc050320a                simple_shell
                0xc0503391                test_shell
                0xc05033f9                test_exec
                0xc0503539                INIT
                0xc0503546                TestA
                0xc050357b                delay
                0xc05035bf                TestB
                0xc05035d7                TestC
                0xc050360a                sys_get_ticks
                0xc050361a                sys_write
                0xc050366e                milli_delay
                0xc05036aa                TaskSys
                0xc05036af                Printf
                0xc050370d                sprintf
                0xc0503739                vsprintf
                0xc05038e5                printx
                0xc0503928                sys_printx
                0xc05039f4                spin
                0xc0503a1a                panic
                0xc0503a38                assertion_failure
                0xc0503aaa                assertion_failure2
                0xc0503b1f                dead_lock
                0xc0503b29                sys_send_msg
                0xc0504048                sys_receive_msg
                0xc05046a8                send_rec
                0xc05047a3                block
                0xc05047df                unblock
                0xc050482f                get_ticks_ipc
                0xc0504886                itoa
                0xc05048dc                i2a
                0xc0504942                inform_int
                0xc0504a0f                deprecate_strcmp
 .text          0xc0504a7e      0x40f keyboard.o
                0xc0504a7e                keyboard_handler
                0xc0504b02                read_from_keyboard_buf
                0xc0504b68                keyboard_read
                0xc0504ce7                init_keyboard_handler
                0xc0504cfb                in_process
 .text          0xc0504e8d      0x21b process.o
                0xc0504e8d                schedule_process
                0xc0504f9a                clock_handler
                0xc050500b                pid2proc
                0xc0505091                proc2pid
 .text          0xc05050a8      0x1b2 thread.o
                0xc05050a8                kernel_thread
                0xc05050c0                thread_init
                0xc050516d                thread_create
                0xc05051a2                thread_start
 .text          0xc050525a      0x730 my_process.o
                0xc050525a                create_user_process_address_space
                0xc05052ea                user_process
                0xc0505417                clone_pcb
                0xc0505589                build_body_stack
                0xc05056bc                build_process_kernel_stack
                0xc050577f                fork_process
                0xc0505810                process_execute
 .text          0xc050598a      0x66c network/socket.o
                0xc0505a3a                test
                0xc0505a96                socket_debug
                0xc0505af7                free_socket
                0xc0505bb3                _socket
                0xc0505c72                _bind
                0xc0505cc5                _connect
                0xc0505d17                _write
                0xc0505d6e                _read
                0xc0505dc5                _recvfrom
                0xc0505e06                _sendto
                0xc0505e5d                _close
                0xc0505edc                _listen
                0xc0505f42                _accept
 .text          0xc0505ff6      0x2da network/ip_input.o
                0xc0506180                ip_rcv
 .text          0xc05062d0      0x8bc network/udp_sock.o
                0xc05064fd                udp_lookup_sock
                0xc0506544                udp_init
                0xc0506575                udp_close
                0xc050659b                udp_sock_init
                0xc05065a5                udp_recvfrom
                0xc050663e                udp_connect
                0xc0506717                udp_write
                0xc0506743                udp_alloc_skb
                0xc050678d                udp_sendto
                0xc0506881                udp_send
                0xc05069bf                udp_alloc_sock
                0xc0506a00                udp_free_sock
                0xc0506a24                udp_read
 .text          0xc0506b8c      0xa16 network/tcp_sock.o
                0xc0506e3a                tcp_established_or_syn_recvd_socks_enqueue
                0xc0506e51                tcp_established_or_syn_recvd_socks_remove
                0xc0506e63                tcp_connecting_or_listening_socks_enqueue
                0xc0506e7a                tcp_connecting_or_listening_socks_remove
                0xc0506e8c                tcp_alloc_sock
                0xc0506fa2                tcp_free_sock
                0xc050701b                tcp_init
                0xc0507025                tcp_sock_init
                0xc05070c8                tcp_write
                0xc0507109                tcp_read
                0xc05071bc                tcp_close
                0xc050727a                tcp_recv_notify
                0xc05072a5                tcp_v4_connect
                0xc05074f5                tcp_lookup_sock
 .text          0xc05075a2      0x37e network/netdev.o
                0xc05076b4                netdev_init
                0xc05076fb                netdev_transmit
                0xc050782b                netdev_rx_loop
                0xc050789b                netdev_get
                0xc05078b8                free_netdev
                0xc05078e3                local_ipaddress
 .text          0xc0507920      0x1d3 network/ip_output.o
                0xc050792e                ip_output
 .text          0xc0507af3      0x448 network/tcp.o
                0xc0507ce8                tcp_in
                0xc0507d9c                tcp_checksum
                0xc0507dc8                __tcp_set_state
                0xc0507dd7                tcp_generate_port
                0xc0507e20                tcp_generate_isn
                0xc0507e2a                tcp_done
                0xc0507e53                tcp_clear_timers
                0xc0507e62                tcp_stop_retransmission_timer
                0xc0507e7b                tcp_release_retransmission_timer
                0xc0507e94                tcp_stop_delack_timer
                0xc0507ea7                tcp_release_delack_timer
                0xc0507eba                tcp_handle_fin_state
                0xc0507f1f                tcp_enter_time_wait
 .text          0xc0507f3b      0x203 network/sock.o
                0xc050806d                sk_alloc
                0xc0508094                sk_init
                0xc05080e8                sk_init_with_socket
                0xc0508111                sk_free
 .text          0xc050813e      0xbb9 network/tcp_output.o
                0xc05085ff                tcp_send_synack
                0xc05086a2                tcp_send_delack
                0xc05086dd                tcp_send_ack
                0xc0508829                tcp_send_fin
                0xc050889e                tcp_select_initial_window
                0xc0508a50                tcp_reset_retransmission_timer
                0xc0508a6d                tcp_begin_connect
                0xc0508b17                tcp_send
                0xc0508bfc                tcp_send_reset
                0xc0508c7c                tcp_queue_fin
 .text          0xc0508cf7      0x6dc network/arp.o
                0xc0508ec4                arp_init
                0xc0508eca                arp_rcv
                0xc050907c                arp_request
                0xc05091e6                arp_reply
                0xc0509336                arp_get_hwaddr
                0xc0509382                free_arp
 .text          0xc05093d3      0x295 network/route.o
                0xc0509500                route_add
                0xc0509545                route_init
                0xc05095cc                route_lookup
                0xc0509617                free_routes
 .text          0xc0509668      0xcf0 network/ipc.o
                0xc050a1f4                ipc_close
                0xc050a245                demux_ipc_socket_call
 .text          0xc050a358      0x234 network/icmpv4.o
                0xc050a366                icmpv4_incoming
                0xc050a3da                icmpv4_reply
                0xc050a4b3                icmpv4_timestamp
 .text          0xc050a58c      0x12e network/skbuff.o
                0xc050a5a5                alloc_skb
                0xc050a636                free_skb
                0xc050a63c                skb_reserve
                0xc050a658                skb_push
                0xc050a687                skb_head
                0xc050a692                skb_reset_header
 .text          0xc050a6ba      0x429 network/inet.o
                0xc050a6ba                inet_create
                0xc050a76a                inet_socket
                0xc050a774                inet_connect
                0xc050a7c8                inet_write
                0xc050a7f4                inet_read
                0xc050a820                inet_close
                0xc050a86f                inet_free
                0xc050a8a5                inet_bind
                0xc050a9ae                inet_listen
                0xc050a9f7                inet_accept
                0xc050aaa2                inet_sendto
                0xc050aacd                inet_recvfrom
 .text          0xc050aae3       0xd8 network/dst.o
                0xc050aaf1                dst_neigh_output
 .text          0xc050abbb      0xb6f network/tcp_input.o
                0xc050b2a2                tcp_process
                0xc050b668                tcp_receive
 .text          0xc050b72a       0xf6 network/task_network.o
                0xc050b72a                task_network
                0xc050b812                task_netdev_rx
 .text          0xc050b820      0x3e0 network/udp.o
                0xc050b92b                udp_generate_port
                0xc050b974                udp_checksum
                0xc050ba42                udp_in
                0xc050bad3                udp_data_dequeue
                0xc050bbdb                udp_data_enqueue
 .text          0xc050bc00      0x54a network/tcp_data.o
                0xc050beeb                tcp_data_dequeue
                0xc050c018                tcp_data_queue
 .text          0xc050c14a      0x1e7 network/utils.o
                0xc050c14a                run_cmd
                0xc050c157                print_err
                0xc050c16e                parse_ipv4_string
                0xc050c1cd                ip_pton
                0xc050c215                sum_every_16bits
                0xc050c26c                checksum
                0xc050c2ad                tcp_udp_checksum
 .text          0xc050c331      0xe63 hd/hd.o
                0xc050c331                TaskHD
                0xc050c376                init_hd
                0xc050c390                hd_handle
                0xc050c495                hd_cmd_out
                0xc050c597                hd_identify
                0xc050c64e                print_hdinfo
                0xc050c7dc                print_dpt_entry
                0xc050c848                get_partition_table
                0xc050c927                partition
                0xc050cb41                hd_open
                0xc050cbe8                get_hd_ioctl
                0xc050cc99                wait_for
                0xc050ccca                interrupt_wait
                0xc050cd1a                hd_rdwt
                0xc050cfb9                hd_handler
                0xc050cfe5                debug_ticks
                0xc050d023                net_handler
                0xc050d02b                waitfor
                0xc050d06f                print_hd_info
                0xc050d15c                is_empty
 .text          0xc050d194     0x204f fs/fs_main.o
                0xc050d194                task_fs
                0xc050d39f                rd_wt
                0xc050d478                mkfs
                0xc050da5a                init_fs
                0xc050daae                do_open
                0xc050dc9d                search_file
                0xc050ddcf                strip_path
                0xc050de9b                get_inode
                0xc050e05d                create_file
                0xc050e168                alloc_imap_bit
                0xc050e265                alloc_smap_bit
                0xc050e406                new_inode
                0xc050e524                new_dir_entry
                0xc050e730                do_unlink
                0xc050ec0c                do_rdwt
                0xc050ef97                sync_inode
                0xc050f0eb                put_inode
                0xc050f129                do_close
                0xc050f17b                get_super_block
 .text          0xc050f1e3      0x271 mm/forkexit.o
                0xc050f1e3                do_fork
                0xc050f251                do_exit
                0xc050f2db                do_wait
                0xc050f3fa                cleanup
 .text          0xc050f454      0x419 mm/exec.o
                0xc050f454                do_exec
 .text          0xc050f86d      0x148 mm/main.o
                0xc050f86d                TaskMM
                0xc050f996                alloc_mem
 .text          0xc050f9b5     0x1275 mem/mem.o
                0xc050f9b5                init_bitmap
                0xc050f9d8                test_bit_val
                0xc050fa41                set_bit_val
                0xc050fabc                set_bits
                0xc050faf6                get_first_free_bit
                0xc050fb3a                get_bits
                0xc050fc02                get_a_page
                0xc050fcb6                get_virtual_address_start_with_addr
                0xc050fd50                get_virtual_address
                0xc050fde0                ptr_pde
                0xc050fdf3                ptr_pte
                0xc050fe1a                add_map_entry
                0xc050feab                alloc_virtual_memory
                0xc050ff7e                get_physical_address_proc
                0xc050fffa                get_physical_address
                0xc051002c                alloc_physical_memory_of_proc
                0xc051011b                alloc_physical_memory
                0xc05101e3                alloc_memory
                0xc0510245                get_a_virtual_page
                0xc051027d                block2arena
                0xc0510293                sys_malloc2
                0xc0510549                remove_map_entry
                0xc051056a                free_a_page
                0xc0510611                sys_free2
                0xc0510799                init_memory_block_desc
                0xc051086a                init_memory2
                0xc0510ae1                init_memory
 .text          0xc0510c2a       0x49 lib/floor.o
                0xc0510c2a                floor
 .text          0xc0510c73      0x285 lib/exec.o
                0xc0510c73                exec
                0xc0510ce4                execv
                0xc0510ed3                execl
 .text          0xc0510ef8       0x2f lib/exit.o
                0xc0510ef8                exit
 .text          0xc0510f27       0x42 lib/unlink.o
                0xc0510f27                unlink
 .text          0xc0510f69       0x44 lib/wait.o
                0xc0510f69                wait
 .text          0xc0510fad       0x46 lib/calloc.o
                0xc0510fad                calloc
 .text          0xc0510ff3       0x4f lib/alloca.o
                0xc0510ff3                alloca
 .text          0xc0511042       0x48 lib/fork.o
                0xc0511042                fork
 .text          0xc051108a       0x2b lib/getpid.o
                0xc051108a                getpid
 .text          0xc05110b5       0x85 lib/string/strtok.o
                0xc05110b5                strtok
 .text          0xc051113a       0x8e lib/string/strcmp.o
                0xc051113a                strcmp
 .text          0xc05111c8       0xd4 lib/string/strncmp.o
                0xc05111c8                strncmp
 .text          0xc051129c       0x90 lib/string/strpbrk.o
                0xc051129c                strpbrk
 .text          0xc051132c      0x181 lib/stdio/read.o
                0xc051132c                read
 .text          0xc05114ad       0x17 lib/stdio/perror.o
                0xc05114ad                perror
 .text          0xc05114c4      0x2c1 lib/stdio/sscanf.o
                0xc05114c4                sscanf
 .text          0xc0511785       0x95 lib/stdio/open.o
                0xc0511785                open
 .text          0xc051181a       0x85 lib/stdio/write.o
                0xc051181a                write
 .text          0xc051189f       0x52 lib/stdio/close.o
                0xc051189f                close
 .text          0xc05118f1       0x38 lib/arpa/ntohs.o
                0xc05118f1                ntohs
 .text          0xc0511929       0x7c lib/arpa/htonl.o
                0xc0511929                htonl
 .text          0xc05119a5       0x38 lib/arpa/htons.o
                0xc05119a5                htons
 .text          0xc05119dd      0x295 lib/arpa/inet_pton.o
                0xc05119dd                isValidIPv4
                0xc0511b67                inet_pton
 .text          0xc0511c72       0x7c lib/arpa/ntohl.o
                0xc0511c72                ntohl
 .text          0xc0511cee       0xe3 lib/arpa/inet_ntop.o
                0xc0511cee                inet_ntop
 *(.gnu.warning)

.fini
 *(SORT_NONE(.fini))
                [!provide]                        PROVIDE (__etext = .)
                [!provide]                        PROVIDE (_etext = .)
                [!provide]                        PROVIDE (etext = .)
                0xc0512000                        . = ALIGN (CONSTANT (MAXPAGESIZE))
                0xc0512000                        . = SEGMENT_START ("rodata-segment", (ALIGN (CONSTANT (MAXPAGESIZE)) + (. & (CONSTANT (MAXPAGESIZE) - 0x1))))

.rodata         0xc0512000     0x1b77
 *(.rodata .rodata.* .gnu.linkonce.r.*)
 .rodata        0xc0512000       0x2c double_link_list.o
 .rodata        0xc051202c      0x174 kernel_main.o
 .rodata        0xc05121a0       0x22 console.o
 *fill*         0xc05121c2       0x1e 
 .rodata        0xc05121e0      0xb75 kernel_main_old.o
 .rodata        0xc0512d55       0x26 process.o
 *fill*         0xc0512d7b        0x1 
 .rodata        0xc0512d7c      0x23d network/socket.o
 *fill*         0xc0512fb9        0x3 
 .rodata        0xc0512fbc       0xb5 network/ip_input.o
 *fill*         0xc0513071        0x3 
 .rodata        0xc0513074       0x2d network/udp_sock.o
 *fill*         0xc05130a1        0x3 
 .rodata        0xc05130a4       0xe8 network/tcp_sock.o
 .rodata        0xc051318c       0xa9 network/netdev.o
 .rodata        0xc0513235        0x9 network/ip_output.o
 *fill*         0xc051323e        0x2 
 .rodata        0xc0513240       0x31 network/tcp.o
 .rodata        0xc0513271        0x9 network/sock.o
 *fill*         0xc051327a        0x2 
 .rodata        0xc051327c       0xc3 network/tcp_output.o
 *fill*         0xc051333f        0x1 
 .rodata        0xc0513340       0x9c network/arp.o
 .rodata        0xc05133dc       0x37 network/route.o
 *fill*         0xc0513413        0x1 
 .rodata        0xc0513414      0x160 network/ipc.o
 .rodata        0xc0513574       0x32 network/icmpv4.o
 .rodata        0xc05135a6        0x9 network/skbuff.o
 *fill*         0xc05135af        0x1 
 .rodata        0xc05135b0       0x48 network/inet.o
 .rodata        0xc05135f8        0x9 network/dst.o
 *fill*         0xc0513601        0x3 
 .rodata        0xc0513604       0x60 network/tcp_input.o
 .rodata        0xc0513664       0x3f network/task_network.o
 .rodata        0xc05136a3        0x9 network/udp.o
 .rodata        0xc05136ac       0x1e network/tcp_data.o
 *fill*         0xc05136ca        0x2 
 .rodata        0xc05136cc       0x41 network/utils.o
 *fill*         0xc051370d        0x3 
 .rodata        0xc0513710      0x19c hd/hd.o
 .rodata        0xc05138ac      0x1eb fs/fs_main.o
                0xc05138ac                FSBUF_SIZE
 .rodata        0xc0513a97       0x21 mm/forkexit.o
 .rodata        0xc0513ab8       0x10 mm/exec.o
 .rodata        0xc0513ac8       0x11 mm/main.o
 .rodata        0xc0513ad9       0x41 mem/mem.o
 .rodata        0xc0513b1a       0x2d lib/exec.o
 .rodata        0xc0513b47       0x2a lib/stdio/close.o
 .rodata        0xc0513b71        0x3 lib/arpa/inet_pton.o
 .rodata        0xc0513b74        0x3 lib/arpa/inet_ntop.o

.txt            0xc0513b77       0xaa
 .txt           0xc0513b77       0x82 string.o
                0xc0513b77                Memcpy2
                0xc0513ba5                Memset
                0xc0513bc4                Strcpy
                0xc0513bde                Strlen
 .txt           0xc0513bf9       0x28 hd/hd_rdwt.o
                0xc0513bf9                read_port
                0xc0513c0d                write_port

.rodata1
 *(.rodata1)

.eh_frame_hdr
 *(.eh_frame_hdr)
 *(.eh_frame_entry .eh_frame_entry.*)

.eh_frame       0xc0513c24     0x40c4
 *(.eh_frame)
 .eh_frame      0xc0513c24       0xd8 double_link_list.o
 .eh_frame      0xc0513cfc       0xe4 kernel_main.o
                                 0xfc (size before relaxing)
 .eh_frame      0xc0513de0      0x100 protect.o
                                0x118 (size before relaxing)
 .eh_frame      0xc0513ee0      0x1e0 console.o
                                0x1f8 (size before relaxing)
 .eh_frame      0xc05140c0      0x6cc kernel_main_old.o
                                0x6e4 (size before relaxing)
 .eh_frame      0xc051478c       0xa0 keyboard.o
                                 0xb8 (size before relaxing)
 .eh_frame      0xc051482c       0x80 process.o
                                 0x98 (size before relaxing)
 .eh_frame      0xc05148ac       0x80 thread.o
                                 0x98 (size before relaxing)
 .eh_frame      0xc051492c       0xe0 my_process.o
                                 0xf8 (size before relaxing)
 .eh_frame      0xc0514a0c      0x2a0 network/socket.o
                                0x2b8 (size before relaxing)
 .eh_frame      0xc0514cac      0x104 network/ip_input.o
                                0x11c (size before relaxing)
 .eh_frame      0xc0514db0      0x404 network/udp_sock.o
                                0x41c (size before relaxing)
 .eh_frame      0xc05151b4      0x4c0 network/tcp_sock.o
                                0x4d8 (size before relaxing)
 .eh_frame      0xc0515674      0x14c network/netdev.o
                                0x164 (size before relaxing)
 .eh_frame      0xc05157c0       0x40 network/ip_output.o
                                 0x58 (size before relaxing)
 .eh_frame      0xc0515800      0x268 network/tcp.o
                                0x280 (size before relaxing)
 .eh_frame      0xc0515a68      0x1a0 network/sock.o
                                0x1b8 (size before relaxing)
 .eh_frame      0xc0515c08      0x3c4 network/tcp_output.o
                                0x3dc (size before relaxing)
 .eh_frame      0xc0515fcc      0x1c0 network/arp.o
                                0x1d8 (size before relaxing)
 .eh_frame      0xc051618c      0x124 network/route.o
                                0x13c (size before relaxing)
 .eh_frame      0xc05162b0      0x250 network/ipc.o
                                0x268 (size before relaxing)
 .eh_frame      0xc0516500       0x80 network/icmpv4.o
                                 0x98 (size before relaxing)
 .eh_frame      0xc0516580       0xe0 network/skbuff.o
                                 0xf8 (size before relaxing)
 .eh_frame      0xc0516660      0x180 network/inet.o
                                0x198 (size before relaxing)
 .eh_frame      0xc05167e0       0x40 network/dst.o
                                 0x58 (size before relaxing)
 .eh_frame      0xc0516820      0x300 network/tcp_input.o
                                0x318 (size before relaxing)
 .eh_frame      0xc0516b20       0x40 network/task_network.o
                                 0x58 (size before relaxing)
 .eh_frame      0xc0516b60      0x1e4 network/udp.o
                                0x1fc (size before relaxing)
 .eh_frame      0xc0516d44      0x200 network/tcp_data.o
                                0x218 (size before relaxing)
 .eh_frame      0xc0516f44       0xe4 network/utils.o
                                 0xfc (size before relaxing)
 .eh_frame      0xc0517028      0x284 hd/hd.o
                                0x29c (size before relaxing)
 .eh_frame      0xc05172ac      0x27c fs/fs_main.o
                                0x294 (size before relaxing)
 .eh_frame      0xc0517528       0x80 mm/forkexit.o
                                 0x98 (size before relaxing)
 .eh_frame      0xc05175a8       0x20 mm/exec.o
                                 0x38 (size before relaxing)
 .eh_frame      0xc05175c8       0x3c mm/main.o
                                 0x54 (size before relaxing)
 .eh_frame      0xc0517604      0x364 mem/mem.o
                                0x37c (size before relaxing)
 .eh_frame      0xc0517968       0x20 lib/floor.o
                                 0x38 (size before relaxing)
 .eh_frame      0xc0517988       0x60 lib/exec.o
                                 0x78 (size before relaxing)
 .eh_frame      0xc05179e8       0x20 lib/exit.o
                                 0x38 (size before relaxing)
 .eh_frame      0xc0517a08       0x20 lib/unlink.o
                                 0x38 (size before relaxing)
 .eh_frame      0xc0517a28       0x20 lib/wait.o
                                 0x38 (size before relaxing)
 .eh_frame      0xc0517a48       0x20 lib/calloc.o
                                 0x38 (size before relaxing)
 .eh_frame      0xc0517a68       0x20 lib/alloca.o
                                 0x38 (size before relaxing)
 .eh_frame      0xc0517a88       0x20 lib/fork.o
                                 0x38 (size before relaxing)
 .eh_frame      0xc0517aa8       0x20 lib/getpid.o
                                 0x38 (size before relaxing)
 .eh_frame      0xc0517ac8       0x20 lib/string/strtok.o
                                 0x38 (size before relaxing)
 .eh_frame      0xc0517ae8       0x20 lib/string/strcmp.o
                                 0x38 (size before relaxing)
 .eh_frame      0xc0517b08       0x20 lib/string/strncmp.o
                                 0x38 (size before relaxing)
 .eh_frame      0xc0517b28       0x20 lib/string/strpbrk.o
                                 0x38 (size before relaxing)
 .eh_frame      0xc0517b48       0x20 lib/stdio/read.o
                                 0x38 (size before relaxing)
 .eh_frame      0xc0517b68       0x20 lib/stdio/perror.o
                                 0x38 (size before relaxing)
 .eh_frame      0xc0517b88       0x20 lib/stdio/sscanf.o
                                 0x38 (size before relaxing)
 .eh_frame      0xc0517ba8       0x20 lib/stdio/open.o
                                 0x38 (size before relaxing)
 .eh_frame      0xc0517bc8       0x20 lib/stdio/write.o
                                 0x38 (size before relaxing)
 .eh_frame      0xc0517be8       0x20 lib/stdio/close.o
                                 0x38 (size before relaxing)
 .eh_frame      0xc0517c08       0x20 lib/arpa/ntohs.o
                                 0x38 (size before relaxing)
 .eh_frame      0xc0517c28       0x20 lib/arpa/htonl.o
                                 0x38 (size before relaxing)
 .eh_frame      0xc0517c48       0x20 lib/arpa/htons.o
                                 0x38 (size before relaxing)
 .eh_frame      0xc0517c68       0x40 lib/arpa/inet_pton.o
                                 0x58 (size before relaxing)
 .eh_frame      0xc0517ca8       0x20 lib/arpa/ntohl.o
                                 0x38 (size before relaxing)
 .eh_frame      0xc0517cc8       0x20 lib/arpa/inet_ntop.o
                                 0x38 (size before relaxing)
 *(.eh_frame.*)

.sframe
 *(.sframe)
 *(.sframe.*)

.gcc_except_table
 *(.gcc_except_table .gcc_except_table.*)

.gnu_extab
 *(.gnu_extab*)

.exception_ranges
 *(.exception_ranges*)
                0xc0518000                        . = DATA_SEGMENT_ALIGN (CONSTANT (MAXPAGESIZE), CONSTANT (COMMONPAGESIZE))

.eh_frame
 *(.eh_frame)
 *(.eh_frame.*)

.sframe
 *(.sframe)
 *(.sframe.*)

.gnu_extab
 *(.gnu_extab)

.gcc_except_table
 *(.gcc_except_table .gcc_except_table.*)

.exception_ranges
 *(.exception_ranges*)

.tdata          0xc0518000        0x0
                [!provide]                        PROVIDE (__tdata_start = .)
 *(.tdata .tdata.* .gnu.linkonce.td.*)

.tbss
 *(.tbss .tbss.* .gnu.linkonce.tb.*)
 *(.tcommon)

.preinit_array  0xc0518000        0x0
                [!provide]                        PROVIDE (__preinit_array_start = .)
 *(.preinit_array)
                [!provide]                        PROVIDE (__preinit_array_end = .)

.init_array     0xc0518000        0x0
                [!provide]                        PROVIDE (__init_array_start = .)
 *(SORT_BY_INIT_PRIORITY(.init_array.*) SORT_BY_INIT_PRIORITY(.ctors.*))
 *(.init_array EXCLUDE_FILE(*crtend?.o *crtend.o *crtbegin?.o *crtbegin.o) .ctors)
                [!provide]                        PROVIDE (__init_array_end = .)

.fini_array     0xc0518000        0x0
                [!provide]                        PROVIDE (__fini_array_start = .)
 *(SORT_BY_INIT_PRIORITY(.fini_array.*) SORT_BY_INIT_PRIORITY(.dtors.*))
 *(.fini_array EXCLUDE_FILE(*crtend?.o *crtend.o *crtbegin?.o *crtbegin.o) .dtors)
                [!provide]                        PROVIDE (__fini_array_end = .)

.ctors
 *crtbegin.o(.ctors)
 *crtbegin?.o(.ctors)
 *(EXCLUDE_FILE(*crtend?.o *crtend.o) .ctors)
 *(SORT_BY_NAME(.ctors.*))
 *(.ctors)

.dtors
 *crtbegin.o(.dtors)
 *crtbegin?.o(.dtors)
 *(EXCLUDE_FILE(*crtend?.o *crtend.o) .dtors)
 *(SORT_BY_NAME(.dtors.*))
 *(.dtors)

.jcr
 *(.jcr)

.data.rel.ro
 *(.data.rel.ro.local* .gnu.linkonce.d.rel.ro.local.*)
 *(.data.rel.ro .data.rel.ro.* .gnu.linkonce.d.rel.ro.*)

.dynamic
 *(.dynamic)

.got            0xc0518000        0x0
 *(.got)
 .got           0xc0518000        0x0 kernel/kernel_sub.o
 *(.igot)
                0xc0518000                        . = DATA_SEGMENT_RELRO_END (., (SIZEOF (.got.plt) >= 0xc)?0xc:0x0)

.got.plt        0xc0518000        0x0
 *(.got.plt)
 .got.plt       0xc0518000        0x0 kernel/kernel_sub.o
 *(.igot.plt)
 .igot.plt      0xc0518000        0x0 kernel/kernel_sub.o

.data           0xc0518000      0xb58
 *(.data .data.* .gnu.linkonce.d.*)
 .data          0xc0518000        0xf kernel/kernel_sub.o
 *fill*         0xc051800f        0x1 
 .data          0xc0518010        0xf kernel/kernel.o
 *fill*         0xc051801f        0x1 
 .data          0xc0518020        0x0 syscall.o
 .data          0xc0518020        0x0 double_link_list.o
 .data          0xc0518020        0x0 kernel_main.o
 .data          0xc0518020        0x0 protect.o
 .data          0xc0518020      0x160 global.o
                0xc0518020                user_task_table
                0xc05180a0                sys_task_table
                0xc0518164                sys_call_table
 .data          0xc0518180        0x0 console.o
 .data          0xc0518180        0x0 kernel_main_old.o
 .data          0xc0518180      0x600 keyboard.o
                0xc0518180                keymap
 .data          0xc0518780        0x0 process.o
 .data          0xc0518780        0x0 thread.o
 .data          0xc0518780        0x0 my_process.o
 .data          0xc0518780      0x224 network/socket.o
 .data          0xc05189a4        0x4 network/ip_input.o
 *fill*         0xc05189a8       0x18 
 .data          0xc05189c0       0x54 network/udp_sock.o
                0xc05189e0                udp_ops
 *fill*         0xc0518a14        0xc 
 .data          0xc0518a20       0x54 network/tcp_sock.o
                0xc0518a40                tcp_ops
 .data          0xc0518a74        0x4 network/netdev.o
 .data          0xc0518a78        0x4 network/ip_output.o
 .data          0xc0518a7c        0x8 network/tcp.o
 .data          0xc0518a84        0x4 network/sock.o
 .data          0xc0518a88        0x4 network/tcp_output.o
 .data          0xc0518a8c       0x14 network/arp.o
 .data          0xc0518aa0        0xc network/route.o
 .data          0xc0518aac        0xc network/ipc.o
 .data          0xc0518ab8        0x4 network/icmpv4.o
 .data          0xc0518abc        0x4 network/skbuff.o
 .data          0xc0518ac0       0x80 network/inet.o
                0xc0518ac8                inet
 .data          0xc0518b40        0x4 network/dst.o
 .data          0xc0518b44        0x4 network/tcp_input.o
 .data          0xc0518b48        0x0 network/task_network.o
 .data          0xc0518b48        0x8 network/udp.o
 .data          0xc0518b50        0x4 network/tcp_data.o
 .data          0xc0518b54        0x4 network/utils.o
 .data          0xc0518b58        0x0 hd/hd.o
 .data          0xc0518b58        0x0 fs/fs_main.o
 .data          0xc0518b58        0x0 mm/forkexit.o
 .data          0xc0518b58        0x0 mm/exec.o
 .data          0xc0518b58        0x0 mm/main.o
 .data          0xc0518b58        0x0 mem/mem.o
 .data          0xc0518b58        0x0 lib/floor.o
 .data          0xc0518b58        0x0 lib/exec.o
 .data          0xc0518b58        0x0 lib/exit.o
 .data          0xc0518b58        0x0 lib/unlink.o
 .data          0xc0518b58        0x0 lib/wait.o
 .data          0xc0518b58        0x0 lib/calloc.o
 .data          0xc0518b58        0x0 lib/alloca.o
 .data          0xc0518b58        0x0 lib/fork.o
 .data          0xc0518b58        0x0 lib/getpid.o
 .data          0xc0518b58        0x0 lib/string/strtok.o
 .data          0xc0518b58        0x0 lib/string/strcmp.o
 .data          0xc0518b58        0x0 lib/string/strncmp.o
 .data          0xc0518b58        0x0 lib/string/strpbrk.o
 .data          0xc0518b58        0x0 lib/stdio/read.o
 .data          0xc0518b58        0x0 lib/stdio/perror.o
 .data          0xc0518b58        0x0 lib/stdio/sscanf.o
 .data          0xc0518b58        0x0 lib/stdio/open.o
 .data          0xc0518b58        0x0 lib/stdio/write.o
 .data          0xc0518b58        0x0 lib/stdio/close.o
 .data          0xc0518b58        0x0 lib/arpa/ntohs.o
 .data          0xc0518b58        0x0 lib/arpa/htonl.o
 .data          0xc0518b58        0x0 lib/arpa/htons.o
 .data          0xc0518b58        0x0 lib/arpa/inet_pton.o
 .data          0xc0518b58        0x0 lib/arpa/ntohl.o
 .data          0xc0518b58        0x0 lib/arpa/inet_ntop.o

.data1
 *(.data1)
                0xc0518b58                        _edata = .
                [!provide]                        PROVIDE (edata = .)
                0xc0518b58                        . = .
                0xc0518b58                        __bss_start = .

.bss            0xc0518b60    0x959b0
 *(.dynbss)
 *(.bss .bss.* .gnu.linkonce.b.*)
 .bss           0xc0518b60      0x800 kernel/kernel_sub.o
 .bss           0xc0519360      0x800 kernel/kernel.o
 .bss           0xc0519b60        0x0 double_link_list.o
 .bss           0xc0519b60        0x0 kernel_main.o
 .bss           0xc0519b60        0x0 protect.o
 .bss           0xc0519b60        0x0 global.o
 .bss           0xc0519b60        0x0 console.o
 .bss           0xc0519b60        0x0 kernel_main_old.o
 .bss           0xc0519b60        0x0 keyboard.o
 .bss           0xc0519b60        0x0 process.o
 .bss           0xc0519b60        0x0 thread.o
 .bss           0xc0519b60        0x0 my_process.o
 .bss           0xc0519b60        0x4 network/socket.o
 .bss           0xc0519b64        0x0 network/ip_input.o
 .bss           0xc0519b64        0x4 network/udp_sock.o
 .bss           0xc0519b68        0x0 network/tcp_sock.o
 .bss           0xc0519b68        0x0 network/netdev.o
 .bss           0xc0519b68        0x0 network/ip_output.o
 .bss           0xc0519b68        0x0 network/tcp.o
 .bss           0xc0519b68        0x0 network/sock.o
 .bss           0xc0519b68        0x0 network/tcp_output.o
 .bss           0xc0519b68        0x0 network/arp.o
 .bss           0xc0519b68        0x0 network/route.o
 .bss           0xc0519b68        0x4 network/ipc.o
 .bss           0xc0519b6c        0x0 network/icmpv4.o
 .bss           0xc0519b6c        0x0 network/skbuff.o
 .bss           0xc0519b6c        0x0 network/inet.o
 .bss           0xc0519b6c        0x0 network/dst.o
 .bss           0xc0519b6c        0x0 network/tcp_input.o
 .bss           0xc0519b6c        0x0 network/task_network.o
 .bss           0xc0519b6c        0x0 network/udp.o
 .bss           0xc0519b6c        0x0 network/tcp_data.o
 .bss           0xc0519b6c        0x0 network/utils.o
 .bss           0xc0519b6c        0x0 hd/hd.o
 .bss           0xc0519b6c        0x4 fs/fs_main.o
                0xc0519b6c                c
 .bss           0xc0519b70        0x0 mm/forkexit.o
 .bss           0xc0519b70        0x0 mm/exec.o
 .bss           0xc0519b70        0x0 mm/main.o
 .bss           0xc0519b70        0x0 mem/mem.o
 .bss           0xc0519b70        0x0 lib/floor.o
 .bss           0xc0519b70        0x0 lib/exec.o
 .bss           0xc0519b70        0x0 lib/exit.o
 .bss           0xc0519b70        0x0 lib/unlink.o
 .bss           0xc0519b70        0x0 lib/wait.o
 .bss           0xc0519b70        0x0 lib/calloc.o
 .bss           0xc0519b70        0x0 lib/alloca.o
 .bss           0xc0519b70        0x0 lib/fork.o
 .bss           0xc0519b70        0x0 lib/getpid.o
 .bss           0xc0519b70        0x4 lib/string/strtok.o
 .bss           0xc0519b74        0x0 lib/string/strcmp.o
 .bss           0xc0519b74        0x0 lib/string/strncmp.o
 .bss           0xc0519b74        0x0 lib/string/strpbrk.o
 .bss           0xc0519b74        0x0 lib/stdio/read.o
 .bss           0xc0519b74        0x0 lib/stdio/perror.o
 .bss           0xc0519b74        0x0 lib/stdio/sscanf.o
 .bss           0xc0519b74        0x0 lib/stdio/open.o
 .bss           0xc0519b74        0x0 lib/stdio/write.o
 .bss           0xc0519b74        0x0 lib/stdio/close.o
 .bss           0xc0519b74        0x0 lib/arpa/ntohs.o
 .bss           0xc0519b74        0x0 lib/arpa/htonl.o
 .bss           0xc0519b74        0x0 lib/arpa/htons.o
 .bss           0xc0519b74        0x0 lib/arpa/inet_pton.o
 .bss           0xc0519b74        0x0 lib/arpa/ntohl.o
 .bss           0xc0519b74        0x0 lib/arpa/inet_ntop.o
 *(COMMON)
 *fill*         0xc0519b74        0xc 
 COMMON         0xc0519b80     0x17b8 double_link_list.o
                0xc0519b80                current_tty
                0xc0519b84                is_e0
                0xc0519b88                idt_ptr
                0xc0519b90                pid
                0xc0519b94                KernelVirtualMemory
                0xc0519ba0                current_dis_pos
                0xc0519ba4                dis_pos
                0xc0519ba8                k_reenter
                0xc0519bc0                gdt
                0xc0519fc0                proc_ready_table
                0xc0519fc4                test_ticks
                0xc0519fc8                pcaller
                0xc0519fe0                keyboard_buffer
                0xc051a1ec                pcb_list
                0xc051a1fc                gdt_index
                0xc051a200                tty_table
                0xc051aa40                tss
                0xc051aaac                KernelPool
                0xc051aabc                net_buf
                0xc051aac0                nic_current_page
                0xc051aac4                counter
                0xc051aac8                key_pressed
                0xc051aacc                fork_pid
                0xc051aad0                is_shift
                0xc051aad1                net_data
                0xc051aad4                gdt_ptr
                0xc051aae0                idt
                0xc051b2e0                main_thread
                0xc051b2e8                ticks
                0xc051b2f0                is_init
                0xc051b2f4                UserPool
                0xc051b304                all_pcb_list
                0xc051b314                console_table
                0xc051b324                is_disp
                0xc051b328                MAIN_THREAD_PAGE_DIRECTORY
                0xc051b32c                helloStr
 *fill*         0xc051b338        0x8 
 COMMON         0xc051b340    0x91e14 global.o
                0xc051b340                proc_stack
                0xc05ab340                proc_table
 COMMON         0xc05ad154        0x8 network/netdev.o
                0xc05ad154                loop
                0xc05ad158                netdev
 *fill*         0xc05ad15c        0x4 
 COMMON         0xc05ad160      0x440 hd/hd.o
                0xc05ad160                hd_info
                0xc05ad3a0                hd_cache
 COMMON         0xc05ad5a0      0xe68 fs/fs_main.o
                0xc05ad5a0                file_desc_table
                0xc05ad9a0                phy_super_block_buf
                0xc05ad9a4                phy_fsbuf
                0xc05ad9c0                inode_table
                0xc05ae3c0                super_block_buf
                0xc05ae3c4                fsbuf
                0xc05ae3e0                root
 *fill*         0xc05ae408       0x18 
 COMMON         0xc05ae420       0xf0 mem/mem.o
                0xc05ae420                kernel_mem_block_decs_array
                0xc05ae510                        . = ALIGN ((. != 0x0)?0x4:0x1)
                0xc05ae510                        . = ALIGN (0x4)
                0xc05ae510                        . = SEGMENT_START ("ldata-segment", .)
                0xc05ae510                        . = ALIGN (0x4)
                0xc05ae510                        _end = .
                [!provide]                        PROVIDE (end = .)
                0xc05ae510                        . = DATA_SEGMENT_END (.)

.stab
 *(.stab)

.stabstr
 *(.stabstr)

.stab.excl
 *(.stab.excl)

.stab.exclstr
 *(.stab.exclstr)

.stab.index
 *(.stab.index)

.stab.indexstr
 *(.stab.indexstr)

.comment        0x00000000       0x2c
 *(.comment)
 .comment       0x00000000       0x2c double_link_list.o
                                 0x2d (size before relaxing)
 .comment       0x0000002c       0x2d kernel_main.o
 .comment       0x0000002c       0x2d protect.o
 .comment       0x0000002c       0x2d global.o
 .comment       0x0000002c       0x2d console.o
 .comment       0x0000002c       0x2d kernel_main_old.o
 .comment       0x0000002c       0x2d keyboard.o
 .comment       0x0000002c       0x2d process.o
 .comment       0x0000002c       0x2d thread.o
 .comment       0x0000002c       0x2d my_process.o
 .comment       0x0000002c       0x2d network/socket.o
 .comment       0x0000002c       0x2d network/ip_input.o
 .comment       0x0000002c       0x2d network/udp_sock.o
 .comment       0x0000002c       0x2d network/tcp_sock.o
 .comment       0x0000002c       0x2d network/netdev.o
 .comment       0x0000002c       0x2d network/ip_output.o
 .comment       0x0000002c       0x2d network/tcp.o
 .comment       0x0000002c       0x2d network/sock.o
 .comment       0x0000002c       0x2d network/tcp_output.o
 .comment       0x0000002c       0x2d network/arp.o
 .comment       0x0000002c       0x2d network/route.o
 .comment       0x0000002c       0x2d network/ipc.o
 .comment       0x0000002c       0x2d network/icmpv4.o
 .comment       0x0000002c       0x2d network/skbuff.o
 .comment       0x0000002c       0x2d network/inet.o
 .comment       0x0000002c       0x2d network/dst.o
 .comment       0x0000002c       0x2d network/tcp_input.o
 .comment       0x0000002c       0x2d network/task_network.o
 .comment       0x0000002c       0x2d network/udp.o
 .comment       0x0000002c       0x2d network/tcp_data.o
 .comment       0x0000002c       0x2d network/utils.o
 .comment       0x0000002c       0x2d hd/hd.o
 .comment       0x0000002c       0x2d fs/fs_main.o
 .comment       0x0000002c       0x2d mm/forkexit.o
 .comment       0x0000002c       0x2d mm/exec.o
 .comment       0x0000002c       0x2d mm/main.o
 .comment       0x0000002c       0x2d mem/mem.o
 .comment       0x0000002c       0x2d lib/floor.o
 .comment       0x0000002c       0x2d lib/exec.o
 .comment       0x0000002c       0x2d lib/exit.o
 .comment       0x0000002c       0x2d lib/unlink.o
 .comment       0x0000002c       0x2d lib/wait.o
 .comment       0x0000002c       0x2d lib/calloc.o
 .comment       0x0000002c       0x2d lib/alloca.o
 .comment       0x0000002c       0x2d lib/fork.o
 .comment       0x0000002c       0x2d lib/getpid.o
 .comment       0x0000002c       0x2d lib/string/strtok.o
 .comment       0x0000002c       0x2d lib/string/strcmp.o
 .comment       0x0000002c       0x2d lib/string/strncmp.o
 .comment       0x0000002c       0x2d lib/string/strpbrk.o
 .comment       0x0000002c       0x2d lib/stdio/read.o
 .comment       0x0000002c       0x2d lib/stdio/perror.o
 .comment       0x0000002c       0x2d lib/stdio/sscanf.o
 .comment       0x0000002c       0x2d lib/stdio/open.o
 .comment       0x0000002c       0x2d lib/stdio/write.o
 .comment       0x0000002c       0x2d lib/stdio/close.o
 .comment       0x0000002c       0x2d lib/arpa/ntohs.o
 .comment       0x0000002c       0x2d lib/arpa/htonl.o
 .comment       0x0000002c       0x2d lib/arpa/htons.o
 .comment       0x0000002c       0x2d lib/arpa/inet_pton.o
 .comment       0x0000002c       0x2d lib/arpa/ntohl.o
 .comment       0x0000002c       0x2d lib/arpa/inet_ntop.o

.gnu.build.attributes
 *(.gnu.build.attributes .gnu.build.attributes.*)

.debug
 *(.debug)

.line
 *(.line)

.debug_srcinfo
 *(.debug_srcinfo)

.debug_sfnames
 *(.debug_sfnames)

.debug_aranges  0x00000000      0x7b8
 *(.debug_aranges)
 .debug_aranges
                0x00000000       0x20 double_link_list.o
 .debug_aranges
                0x00000020       0x20 kernel_main.o
 .debug_aranges
                0x00000040       0x20 protect.o
 .debug_aranges
                0x00000060       0x18 global.o
 .debug_aranges
                0x00000078       0x20 console.o
 .debug_aranges
                0x00000098       0x20 kernel_main_old.o
 .debug_aranges
                0x000000b8       0x20 keyboard.o
 .debug_aranges
                0x000000d8       0x20 process.o
 .debug_aranges
                0x000000f8       0x20 thread.o
 .debug_aranges
                0x00000118       0x20 my_process.o
 .debug_aranges
                0x00000138       0x20 network/socket.o
 .debug_aranges
                0x00000158       0x20 network/ip_input.o
 .debug_aranges
                0x00000178       0x20 network/udp_sock.o
 .debug_aranges
                0x00000198       0x20 network/tcp_sock.o
 .debug_aranges
                0x000001b8       0x20 network/netdev.o
 .debug_aranges
                0x000001d8       0x20 network/ip_output.o
 .debug_aranges
                0x000001f8       0x20 network/tcp.o
 .debug_aranges
                0x00000218       0x20 network/sock.o
 .debug_aranges
                0x00000238       0x20 network/tcp_output.o
 .debug_aranges
                0x00000258       0x20 network/arp.o
 .debug_aranges
                0x00000278       0x20 network/route.o
 .debug_aranges
                0x00000298       0x20 network/ipc.o
 .debug_aranges
                0x000002b8       0x20 network/icmpv4.o
 .debug_aranges
                0x000002d8       0x20 network/skbuff.o
 .debug_aranges
                0x000002f8       0x20 network/inet.o
 .debug_aranges
                0x00000318       0x20 network/dst.o
 .debug_aranges
                0x00000338       0x20 network/tcp_input.o
 .debug_aranges
                0x00000358       0x20 network/task_network.o
 .debug_aranges
                0x00000378       0x20 network/udp.o
 .debug_aranges
                0x00000398       0x20 network/tcp_data.o
 .debug_aranges
                0x000003b8       0x20 network/utils.o
 .debug_aranges
                0x000003d8       0x20 hd/hd.o
 .debug_aranges
                0x000003f8       0x20 fs/fs_main.o
 .debug_aranges
                0x00000418       0x20 mm/forkexit.o
 .debug_aranges
                0x00000438       0x20 mm/exec.o
 .debug_aranges
                0x00000458       0x20 mm/main.o
 .debug_aranges
                0x00000478       0x20 mem/mem.o
 .debug_aranges
                0x00000498       0x20 lib/floor.o
 .debug_aranges
                0x000004b8       0x20 lib/exec.o
 .debug_aranges
                0x000004d8       0x20 lib/exit.o
 .debug_aranges
                0x000004f8       0x20 lib/unlink.o
 .debug_aranges
                0x00000518       0x20 lib/wait.o
 .debug_aranges
                0x00000538       0x20 lib/calloc.o
 .debug_aranges
                0x00000558       0x20 lib/alloca.o
 .debug_aranges
                0x00000578       0x20 lib/fork.o
 .debug_aranges
                0x00000598       0x20 lib/getpid.o
 .debug_aranges
                0x000005b8       0x20 lib/string/strtok.o
 .debug_aranges
                0x000005d8       0x20 lib/string/strcmp.o
 .debug_aranges
                0x000005f8       0x20 lib/string/strncmp.o
 .debug_aranges
                0x00000618       0x20 lib/string/strpbrk.o
 .debug_aranges
                0x00000638       0x20 lib/stdio/read.o
 .debug_aranges
                0x00000658       0x20 lib/stdio/perror.o
 .debug_aranges
                0x00000678       0x20 lib/stdio/sscanf.o
 .debug_aranges
                0x00000698       0x20 lib/stdio/open.o
 .debug_aranges
                0x000006b8       0x20 lib/stdio/write.o
 .debug_aranges
                0x000006d8       0x20 lib/stdio/close.o
 .debug_aranges
                0x000006f8       0x20 lib/arpa/ntohs.o
 .debug_aranges
                0x00000718       0x20 lib/arpa/htonl.o
 .debug_aranges
                0x00000738       0x20 lib/arpa/htons.o
 .debug_aranges
                0x00000758       0x20 lib/arpa/inet_pton.o
 .debug_aranges
                0x00000778       0x20 lib/arpa/ntohl.o
 .debug_aranges
                0x00000798       0x20 lib/arpa/inet_ntop.o

.debug_pubnames
 *(.debug_pubnames)

.debug_info     0x00000000    0x3d466
 *(.debug_info .gnu.linkonce.wi.*)
 .debug_info    0x00000000     0x1044 double_link_list.o
 .debug_info    0x00001044      0xfea kernel_main.o
 .debug_info    0x0000202e     0x11b5 protect.o
 .debug_info    0x000031e3      0xe8a global.o
 .debug_info    0x0000406d     0x128a console.o
 .debug_info    0x000052f7     0x2820 kernel_main_old.o
 .debug_info    0x00007b17      0xfde keyboard.o
 .debug_info    0x00008af5      0xf73 process.o
 .debug_info    0x00009a68     0x1069 thread.o
 .debug_info    0x0000aad1     0x149d my_process.o
 .debug_info    0x0000bf6e     0x1ba7 network/socket.o
 .debug_info    0x0000db15     0x1aab network/ip_input.o
 .debug_info    0x0000f5c0     0x1edd network/udp_sock.o
 .debug_info    0x0001149d     0x21ff network/tcp_sock.o
 .debug_info    0x0001369c     0x132e network/netdev.o
 .debug_info    0x000149ca     0x1745 network/ip_output.o
 .debug_info    0x0001610f     0x1e0e network/tcp.o
 .debug_info    0x00017f1d     0x1860 network/sock.o
 .debug_info    0x0001977d     0x2329 network/tcp_output.o
 .debug_info    0x0001baa6      0x76e network/arp.o
 .debug_info    0x0001c214     0x1282 network/route.o
 .debug_info    0x0001d496     0x1c38 network/ipc.o
 .debug_info    0x0001f0ce     0x1909 network/icmpv4.o
 .debug_info    0x000209d7      0x39f network/skbuff.o
 .debug_info    0x00020d76     0x1a0c network/inet.o
 .debug_info    0x00022782     0x11ea network/dst.o
 .debug_info    0x0002396c     0x2111 network/tcp_input.o
 .debug_info    0x00025a7d      0xf22 network/task_network.o
 .debug_info    0x0002699f     0x1b0e network/udp.o
 .debug_info    0x000284ad     0x1d77 network/tcp_data.o
 .debug_info    0x0002a224      0x367 network/utils.o
 .debug_info    0x0002a58b     0x19f3 hd/hd.o
 .debug_info    0x0002bf7e     0x1f3b fs/fs_main.o
 .debug_info    0x0002deb9      0xfbc mm/forkexit.o
 .debug_info    0x0002ee75     0x11ca mm/exec.o
 .debug_info    0x0003003f      0xdcc mm/main.o
 .debug_info    0x00030e0b     0x1cfa mem/mem.o
 .debug_info    0x00032b05       0x6b lib/floor.o
 .debug_info    0x00032b70      0xf40 lib/exec.o
 .debug_info    0x00033ab0      0xdb3 lib/exit.o
 .debug_info    0x00034863      0xe91 lib/unlink.o
 .debug_info    0x000356f4      0xdc1 lib/wait.o
 .debug_info    0x000364b5      0xeb9 lib/calloc.o
 .debug_info    0x0003736e       0x98 lib/alloca.o
 .debug_info    0x00037406      0xda8 lib/fork.o
 .debug_info    0x000381ae      0xda8 lib/getpid.o
 .debug_info    0x00038f56       0xae lib/string/strtok.o
 .debug_info    0x00039004       0xc1 lib/string/strcmp.o
 .debug_info    0x000390c5      0x110 lib/string/strncmp.o
 .debug_info    0x000391d5       0xcf lib/string/strpbrk.o
 .debug_info    0x000392a4      0xea1 lib/stdio/read.o
 .debug_info    0x0003a145       0x5c lib/stdio/perror.o
 .debug_info    0x0003a1a1      0x20e lib/stdio/sscanf.o
 .debug_info    0x0003a3af      0xe02 lib/stdio/open.o
 .debug_info    0x0003b1b1      0xe2f lib/stdio/write.o
 .debug_info    0x0003bfe0      0xdb6 lib/stdio/close.o
 .debug_info    0x0003cd96       0xa8 lib/arpa/ntohs.o
 .debug_info    0x0003ce3e       0xcb lib/arpa/htonl.o
 .debug_info    0x0003cf09       0xa8 lib/arpa/htons.o
 .debug_info    0x0003cfb1      0x260 lib/arpa/inet_pton.o
 .debug_info    0x0003d211       0xcb lib/arpa/ntohl.o
 .debug_info    0x0003d2dc      0x18a lib/arpa/inet_ntop.o

.debug_abbrev   0x00000000     0x77f7
 *(.debug_abbrev)
 .debug_abbrev  0x00000000      0x216 double_link_list.o
 .debug_abbrev  0x00000216      0x21d kernel_main.o
 .debug_abbrev  0x00000433      0x227 protect.o
 .debug_abbrev  0x0000065a      0x157 global.o
 .debug_abbrev  0x000007b1      0x2ac console.o
 .debug_abbrev  0x00000a5d      0x452 kernel_main_old.o
 .debug_abbrev  0x00000eaf      0x1fb keyboard.o
 .debug_abbrev  0x000010aa      0x1e0 process.o
 .debug_abbrev  0x0000128a      0x222 thread.o
 .debug_abbrev  0x000014ac      0x260 my_process.o
 .debug_abbrev  0x0000170c      0x327 network/socket.o
 .debug_abbrev  0x00001a33      0x2d1 network/ip_input.o
 .debug_abbrev  0x00001d04      0x3b1 network/udp_sock.o
 .debug_abbrev  0x000020b5      0x3e6 network/tcp_sock.o
 .debug_abbrev  0x0000249b      0x289 network/netdev.o
 .debug_abbrev  0x00002724      0x213 network/ip_output.o
 .debug_abbrev  0x00002937      0x332 network/tcp.o
 .debug_abbrev  0x00002c69      0x273 network/sock.o
 .debug_abbrev  0x00002edc      0x39b network/tcp_output.o
 .debug_abbrev  0x00003277      0x210 network/arp.o
 .debug_abbrev  0x00003487      0x24e network/route.o
 .debug_abbrev  0x000036d5      0x2ee network/ipc.o
 .debug_abbrev  0x000039c3      0x236 network/icmpv4.o
 .debug_abbrev  0x00003bf9      0x15f network/skbuff.o
 .debug_abbrev  0x00003d58      0x24b network/inet.o
 .debug_abbrev  0x00003fa3      0x204 network/dst.o
 .debug_abbrev  0x000041a7      0x355 network/tcp_input.o
 .debug_abbrev  0x000044fc      0x1bc network/task_network.o
 .debug_abbrev  0x000046b8      0x2d3 network/udp.o
 .debug_abbrev  0x0000498b      0x2a6 network/tcp_data.o
 .debug_abbrev  0x00004c31      0x17a network/utils.o
 .debug_abbrev  0x00004dab      0x33e hd/hd.o
 .debug_abbrev  0x000050e9      0x2ef fs/fs_main.o
 .debug_abbrev  0x000053d8      0x204 mm/forkexit.o
 .debug_abbrev  0x000055dc      0x1c4 mm/exec.o
 .debug_abbrev  0x000057a0      0x208 mm/main.o
 .debug_abbrev  0x000059a8      0x2ea mem/mem.o
 .debug_abbrev  0x00005c92       0x6a lib/floor.o
 .debug_abbrev  0x00005cfc      0x1e8 lib/exec.o
 .debug_abbrev  0x00005ee4      0x19b lib/exit.o
 .debug_abbrev  0x0000607f      0x193 lib/unlink.o
 .debug_abbrev  0x00006212      0x19f lib/wait.o
 .debug_abbrev  0x000063b1      0x191 lib/calloc.o
 .debug_abbrev  0x00006542       0x86 lib/alloca.o
 .debug_abbrev  0x000065c8      0x18a lib/fork.o
 .debug_abbrev  0x00006752      0x18a lib/getpid.o
 .debug_abbrev  0x000068dc       0x91 lib/string/strtok.o
 .debug_abbrev  0x0000696d       0x94 lib/string/strcmp.o
 .debug_abbrev  0x00006a01       0xbe lib/string/strncmp.o
 .debug_abbrev  0x00006abf       0xa5 lib/string/strpbrk.o
 .debug_abbrev  0x00006b64      0x1ef lib/stdio/read.o
 .debug_abbrev  0x00006d53       0x5c lib/stdio/perror.o
 .debug_abbrev  0x00006daf       0xdd lib/stdio/sscanf.o
 .debug_abbrev  0x00006e8c      0x1c5 lib/stdio/open.o
 .debug_abbrev  0x00007051      0x1db lib/stdio/write.o
 .debug_abbrev  0x0000722c      0x19d lib/stdio/close.o
 .debug_abbrev  0x000073c9       0x6c lib/arpa/ntohs.o
 .debug_abbrev  0x00007435       0xa5 lib/arpa/htonl.o
 .debug_abbrev  0x000074da       0x6c lib/arpa/htons.o
 .debug_abbrev  0x00007546      0x116 lib/arpa/inet_pton.o
 .debug_abbrev  0x0000765c       0xa5 lib/arpa/ntohl.o
 .debug_abbrev  0x00007701       0xf6 lib/arpa/inet_ntop.o

.debug_line     0x00000000     0x9614
 *(.debug_line .debug_line.* .debug_line_end)
 .debug_line    0x00000000      0x253 double_link_list.o
 .debug_line    0x00000253      0x1f7 kernel_main.o
 .debug_line    0x0000044a      0x1ff protect.o
 .debug_line    0x00000649       0x95 global.o
 .debug_line    0x000006de      0x54e console.o
 .debug_line    0x00000c2c      0xe0f kernel_main_old.o
 .debug_line    0x00001a3b      0x296 keyboard.o
 .debug_line    0x00001cd1      0x180 process.o
 .debug_line    0x00001e51      0x145 thread.o
 .debug_line    0x00001f96      0x33b my_process.o
 .debug_line    0x000022d1      0x3a6 network/socket.o
 .debug_line    0x00002677      0x272 network/ip_input.o
 .debug_line    0x000028e9      0x4b0 network/udp_sock.o
 .debug_line    0x00002d99      0x57b network/tcp_sock.o
 .debug_line    0x00003314      0x24e network/netdev.o
 .debug_line    0x00003562      0x1fe network/ip_output.o
 .debug_line    0x00003760      0x2f5 network/tcp.o
 .debug_line    0x00003a55      0x222 network/sock.o
 .debug_line    0x00003c77      0x58a network/tcp_output.o
 .debug_line    0x00004201      0x34c network/arp.o
 .debug_line    0x0000454d      0x209 network/route.o
 .debug_line    0x00004756      0x5ab network/ipc.o
 .debug_line    0x00004d01      0x225 network/icmpv4.o
 .debug_line    0x00004f26      0x121 network/skbuff.o
 .debug_line    0x00005047      0x30e network/inet.o
 .debug_line    0x00005355      0x15e network/dst.o
 .debug_line    0x000054b3      0x658 network/tcp_input.o
 .debug_line    0x00005b0b      0x105 network/task_network.o
 .debug_line    0x00005c10      0x2ec network/udp.o
 .debug_line    0x00005efc      0x3e9 network/tcp_data.o
 .debug_line    0x000062e5      0x13c network/utils.o
 .debug_line    0x00006421      0x639 hd/hd.o
 .debug_line    0x00006a5a      0xc1a fs/fs_main.o
 .debug_line    0x00007674      0x17a mm/forkexit.o
 .debug_line    0x000077ee      0x20c mm/exec.o
 .debug_line    0x000079fa       0xec mm/main.o
 .debug_line    0x00007ae6      0x7e6 mem/mem.o
 .debug_line    0x000082cc       0x5a lib/floor.o
 .debug_line    0x00008326      0x18b lib/exec.o
 .debug_line    0x000084b1       0xa0 lib/exit.o
 .debug_line    0x00008551       0xc0 lib/unlink.o
 .debug_line    0x00008611       0xb7 lib/wait.o
 .debug_line    0x000086c8       0xe3 lib/calloc.o
 .debug_line    0x000087ab       0x6b lib/alloca.o
 .debug_line    0x00008816       0xa5 lib/fork.o
 .debug_line    0x000088bb       0xa0 lib/getpid.o
 .debug_line    0x0000895b       0x6e lib/string/strtok.o
 .debug_line    0x000089c9       0x8a lib/string/strcmp.o
 .debug_line    0x00008a53       0xcc lib/string/strncmp.o
 .debug_line    0x00008b1f       0xb0 lib/string/strpbrk.o
 .debug_line    0x00008bcf      0x15b lib/stdio/read.o
 .debug_line    0x00008d2a       0x48 lib/stdio/perror.o
 .debug_line    0x00008d72      0x1d2 lib/stdio/sscanf.o
 .debug_line    0x00008f44       0xc3 lib/stdio/open.o
 .debug_line    0x00009007       0xc2 lib/stdio/write.o
 .debug_line    0x000090c9       0xb3 lib/stdio/close.o
 .debug_line    0x0000917c       0x6c lib/arpa/ntohs.o
 .debug_line    0x000091e8       0xc1 lib/arpa/htonl.o
 .debug_line    0x000092a9       0x6c lib/arpa/htons.o
 .debug_line    0x00009315      0x167 lib/arpa/inet_pton.o
 .debug_line    0x0000947c       0xc1 lib/arpa/ntohl.o
 .debug_line    0x0000953d       0xd7 lib/arpa/inet_ntop.o

.debug_frame
 *(.debug_frame)

.debug_str      0x00000000     0x35b4
 *(.debug_str)
 .debug_str     0x00000000     0x35b4 double_link_list.o
                                0x6d1 (size before relaxing)
 .debug_str     0x000035b4      0x69c kernel_main.o
 .debug_str     0x000035b4      0x76b protect.o
 .debug_str     0x000035b4      0x610 global.o
 .debug_str     0x000035b4      0x75f console.o
 .debug_str     0x000035b4      0xb73 kernel_main_old.o
 .debug_str     0x000035b4      0x69c keyboard.o
 .debug_str     0x000035b4      0x64a process.o
 .debug_str     0x000035b4      0x717 thread.o
 .debug_str     0x000035b4      0x8fe my_process.o
 .debug_str     0x000035b4      0x928 network/socket.o
 .debug_str     0x000035b4      0x99b network/ip_input.o
 .debug_str     0x000035b4      0xa71 network/udp_sock.o
 .debug_str     0x000035b4      0xcc0 network/tcp_sock.o
 .debug_str     0x000035b4      0x77d network/netdev.o
 .debug_str     0x000035b4      0x856 network/ip_output.o
 .debug_str     0x000035b4      0xb2d network/tcp.o
 .debug_str     0x000035b4      0x8b6 network/sock.o
 .debug_str     0x000035b4      0xc1d network/tcp_output.o
 .debug_str     0x000035b4      0x2f6 network/arp.o
 .debug_str     0x000035b4      0x743 network/route.o
 .debug_str     0x000035b4      0x8d2 network/ipc.o
 .debug_str     0x000035b4      0x91a network/icmpv4.o
 .debug_str     0x000035b4      0x1d8 network/skbuff.o
 .debug_str     0x000035b4      0x8e7 network/inet.o
 .debug_str     0x000035b4      0x722 network/dst.o
 .debug_str     0x000035b4      0xb8d network/tcp_input.o
 .debug_str     0x000035b4      0x67a network/task_network.o
 .debug_str     0x000035b4      0x94d network/udp.o
 .debug_str     0x000035b4      0xa49 network/tcp_data.o
 .debug_str     0x000035b4      0x1b8 network/utils.o
 .debug_str     0x000035b4      0x9c5 hd/hd.o
 .debug_str     0x000035b4      0xafa fs/fs_main.o
 .debug_str     0x000035b4      0x617 mm/forkexit.o
 .debug_str     0x000035b4      0x86d mm/exec.o
 .debug_str     0x000035b4      0x598 mm/main.o
 .debug_str     0x000035b4      0xa6d mem/mem.o
 .debug_str     0x000035b4       0xa2 lib/floor.o
 .debug_str     0x000035b4      0x62c lib/exec.o
 .debug_str     0x000035b4      0x5a5 lib/exit.o
 .debug_str     0x000035b4      0x624 lib/unlink.o
 .debug_str     0x000035b4      0x5a5 lib/wait.o
 .debug_str     0x000035b4      0x631 lib/calloc.o
 .debug_str     0x000035b4       0xb6 lib/alloca.o
 .debug_str     0x000035b4      0x59e lib/fork.o
 .debug_str     0x000035b4      0x5a2 lib/getpid.o
 .debug_str     0x000035b4       0xb9 lib/string/strtok.o
 .debug_str     0x000035b4       0xb1 lib/string/strcmp.o
 .debug_str     0x000035b4       0xba lib/string/strncmp.o
 .debug_str     0x000035b4       0xc1 lib/string/strpbrk.o
 .debug_str     0x000035b4      0x617 lib/stdio/read.o
 .debug_str     0x000035b4       0x99 lib/stdio/perror.o
 .debug_str     0x000035b4      0x102 lib/stdio/sscanf.o
 .debug_str     0x000035b4      0x5de lib/stdio/open.o
 .debug_str     0x000035b4      0x5db lib/stdio/write.o
 .debug_str     0x000035b4      0x5a6 lib/stdio/close.o
 .debug_str     0x000035b4      0x101 lib/arpa/ntohs.o
 .debug_str     0x000035b4       0xf4 lib/arpa/htonl.o
 .debug_str     0x000035b4      0x102 lib/arpa/htons.o
 .debug_str     0x000035b4      0x14c lib/arpa/inet_pton.o
 .debug_str     0x000035b4       0xf3 lib/arpa/ntohl.o
 .debug_str     0x000035b4      0x10f lib/arpa/inet_ntop.o

.debug_loc
 *(.debug_loc)

.debug_macinfo
 *(.debug_macinfo)

.debug_weaknames
 *(.debug_weaknames)

.debug_funcnames
 *(.debug_funcnames)

.debug_typenames
 *(.debug_typenames)

.debug_varnames
 *(.debug_varnames)

.debug_pubtypes
 *(.debug_pubtypes)

.debug_ranges   0x00000000       0x90
 *(.debug_ranges)
 .debug_ranges  0x00000000       0x30 kernel_main_old.o
 .debug_ranges  0x00000030       0x48 hd/hd.o
 .debug_ranges  0x00000078       0x18 mm/exec.o

.debug_addr
 *(.debug_addr)

.debug_line_str
 *(.debug_line_str)

.debug_loclists
 *(.debug_loclists)

.debug_macro
 *(.debug_macro)

.debug_names
 *(.debug_names)

.debug_rnglists
 *(.debug_rnglists)

.debug_str_offsets
 *(.debug_str_offsets)

.debug_sup
 *(.debug_sup)

.gnu.attributes
 *(.gnu.attributes)

/DISCARD/
 *(.note.GNU-stack)
 *(.gnu_debuglink)
 *(.gnu.lto_*)
OUTPUT(kernel.bin elf32-i386)
