
Merging program properties

Removed property 0xc0010001 to merge kernel_main.o (0x1) and kernel_sub.o (not found)
Removed property 0xc0010002 to merge kernel_main.o (0x0) and kernel_sub.o (not found)
Removed property 0xc0010001 to merge kernel_main.o (not found) and hd.o (0x1)
Removed property 0xc0010002 to merge kernel_main.o (not found) and hd.o (0x1)
Removed property 0xc0010001 to merge kernel_main.o (not found) and fs_main.o (0x1)
Removed property 0xc0010002 to merge kernel_main.o (not found) and fs_main.o (0x1)
Removed property 0xc0010001 to merge kernel_main.o (not found) and global.o (0x1)
Removed property 0xc0010002 to merge kernel_main.o (not found) and global.o (0x0)
Removed property 0xc0010001 to merge kernel_main.o (not found) and process.o (0x1)
Removed property 0xc0010002 to merge kernel_main.o (not found) and process.o (0x0)
Removed property 0xc0010001 to merge kernel_main.o (not found) and protect.o (0x1)
Removed property 0xc0010002 to merge kernel_main.o (not found) and protect.o (0x0)
Removed property 0xc0010001 to merge kernel_main.o (not found) and console.o (0x1)
Removed property 0xc0010002 to merge kernel_main.o (not found) and console.o (0x1)
Removed property 0xc0010001 to merge kernel_main.o (not found) and keyboard.o (0x1)
Removed property 0xc0010002 to merge kernel_main.o (not found) and keyboard.o (0x0)
Removed property 0xc0010001 to merge kernel_main.o (not found) and open.o (0x1)
Removed property 0xc0010002 to merge kernel_main.o (not found) and open.o (0x0)
Removed property 0xc0010001 to merge kernel_main.o (not found) and read.o (0x1)
Removed property 0xc0010002 to merge kernel_main.o (not found) and read.o (0x0)
Removed property 0xc0010001 to merge kernel_main.o (not found) and write.o (0x1)
Removed property 0xc0010002 to merge kernel_main.o (not found) and write.o (0x0)
Removed property 0xc0010001 to merge kernel_main.o (not found) and close.o (0x1)
Removed property 0xc0010002 to merge kernel_main.o (not found) and close.o (0x0)
Removed property 0xc0010001 to merge kernel_main.o (not found) and wait.o (0x1)
Removed property 0xc0010002 to merge kernel_main.o (not found) and wait.o (0x0)
Removed property 0xc0010001 to merge kernel_main.o (not found) and exit.o (0x1)
Removed property 0xc0010002 to merge kernel_main.o (not found) and exit.o (0x0)
Removed property 0xc0010001 to merge kernel_main.o (not found) and fork.o (0x1)
Removed property 0xc0010002 to merge kernel_main.o (not found) and fork.o (0x0)
Removed property 0xc0010001 to merge kernel_main.o (not found) and getpid.o (0x1)
Removed property 0xc0010002 to merge kernel_main.o (not found) and getpid.o (0x0)
Removed property 0xc0010001 to merge kernel_main.o (not found) and exec.o (0x1)
Removed property 0xc0010002 to merge kernel_main.o (not found) and exec.o (0x0)
Removed property 0xc0010001 to merge kernel_main.o (not found) and mm/main.o (0x1)
Removed property 0xc0010002 to merge kernel_main.o (not found) and mm/main.o (0x0)
Removed property 0xc0010001 to merge kernel_main.o (not found) and mm/exec.o (0x1)
Removed property 0xc0010002 to merge kernel_main.o (not found) and mm/exec.o (0x0)
Removed property 0xc0010001 to merge kernel_main.o (not found) and mm/forkexit.o (0x1)
Removed property 0xc0010002 to merge kernel_main.o (not found) and mm/forkexit.o (0x0)
Removed property 0xc0010001 to merge kernel_main.o (not found) and kernel_main_old.o (0x1)
Removed property 0xc0010002 to merge kernel_main.o (not found) and kernel_main_old.o (0x1)
Removed property 0xc0010001 to merge kernel_main.o (not found) and my_process.o (0x1)
Removed property 0xc0010002 to merge kernel_main.o (not found) and my_process.o (0x1)
Removed property 0xc0010001 to merge kernel_main.o (not found) and double_link_list.o (0x1)
Removed property 0xc0010002 to merge kernel_main.o (not found) and double_link_list.o (0x0)
Removed property 0xc0010001 to merge kernel_main.o (not found) and thread.o (0x1)
Removed property 0xc0010002 to merge kernel_main.o (not found) and thread.o (0x0)

Allocating common symbols
Common symbol       size              file

current_tty         0x4               kernel_main.o
file_desc_table     0x400             fs_main.o
is_e0               0x1               kernel_main.o
phy_super_block_buf
                    0x4               fs_main.o
phy_fsbuf           0x4               fs_main.o
idt_ptr             0x6               kernel_main.o
pid                 0x4               kernel_main.o
KernelVirtualMemory
                    0xc               kernel_main.o
inode_table         0xa00             fs_main.o
current_dis_pos     0x4               kernel_main.o
dis_pos             0x4               kernel_main.o
k_reenter           0x4               kernel_main.o
super_block_buf     0x4               fs_main.o
gdt                 0x400             kernel_main.o
proc_ready_table    0x4               kernel_main.o
test_ticks          0x4               kernel_main.o
hd_info             0x224             hd.o
proc_stack          0x70000           global.o
pcaller             0x4               kernel_main.o
keyboard_buffer     0x20c             kernel_main.o
pcb_list            0x10              kernel_main.o
gdt_index           0x4               kernel_main.o
tty_table           0x828             kernel_main.o
tss                 0x6c              kernel_main.o
KernelPool          0x10              kernel_main.o
net_buf             0x4               kernel_main.o
fsbuf               0x4               fs_main.o
nic_current_page    0x1               kernel_main.o
root                0x28              fs_main.o
kernel_mem_block_decs_array
                    0xf0              mem/mem.o
counter             0x4               kernel_main.o
key_pressed         0x4               kernel_main.o
fork_pid            0x4               kernel_main.o
is_shift            0x1               kernel_main.o
net_data            0x1               kernel_main.o
gdt_ptr             0x6               kernel_main.o
idt                 0x800             kernel_main.o
main_thread         0x4               kernel_main.o
ticks               0x8               kernel_main.o
is_init             0x1               kernel_main.o
UserPool            0x10              kernel_main.o
all_pcb_list        0x10              kernel_main.o
console_table       0x10              kernel_main.o
is_disp             0x1               kernel_main.o
MAIN_THREAD_PAGE_DIRECTORY
                    0x4               kernel_main.o
helloStr            0xc               kernel_main.o
proc_table          0x15e0            global.o
hd_cache            0x200             hd.o

Discarded input sections

 .note.GNU-stack
                0x00000000        0x0 kernel_main.o
 .note.gnu.property
                0x00000000       0x28 kernel_main.o
 .note.GNU-stack
                0x00000000        0x0 hd.o
 .note.gnu.property
                0x00000000       0x28 hd.o
 .note.GNU-stack
                0x00000000        0x0 fs_main.o
 .note.gnu.property
                0x00000000       0x28 fs_main.o
 .note.GNU-stack
                0x00000000        0x0 global.o
 .note.gnu.property
                0x00000000       0x28 global.o
 .note.GNU-stack
                0x00000000        0x0 process.o
 .note.gnu.property
                0x00000000       0x28 process.o
 .note.GNU-stack
                0x00000000        0x0 protect.o
 .note.gnu.property
                0x00000000       0x28 protect.o
 .note.GNU-stack
                0x00000000        0x0 console.o
 .note.gnu.property
                0x00000000       0x28 console.o
 .note.GNU-stack
                0x00000000        0x0 keyboard.o
 .note.gnu.property
                0x00000000       0x28 keyboard.o
 .note.GNU-stack
                0x00000000        0x0 open.o
 .note.gnu.property
                0x00000000       0x28 open.o
 .note.GNU-stack
                0x00000000        0x0 read.o
 .note.gnu.property
                0x00000000       0x28 read.o
 .note.GNU-stack
                0x00000000        0x0 write.o
 .note.gnu.property
                0x00000000       0x28 write.o
 .note.GNU-stack
                0x00000000        0x0 close.o
 .note.gnu.property
                0x00000000       0x28 close.o
 .note.GNU-stack
                0x00000000        0x0 wait.o
 .note.gnu.property
                0x00000000       0x28 wait.o
 .note.GNU-stack
                0x00000000        0x0 exit.o
 .note.gnu.property
                0x00000000       0x28 exit.o
 .note.GNU-stack
                0x00000000        0x0 fork.o
 .note.gnu.property
                0x00000000       0x28 fork.o
 .note.GNU-stack
                0x00000000        0x0 getpid.o
 .note.gnu.property
                0x00000000       0x28 getpid.o
 .note.GNU-stack
                0x00000000        0x0 exec.o
 .note.gnu.property
                0x00000000       0x28 exec.o
 .note.GNU-stack
                0x00000000        0x0 mm/main.o
 .note.gnu.property
                0x00000000       0x28 mm/main.o
 .note.GNU-stack
                0x00000000        0x0 mm/exec.o
 .note.gnu.property
                0x00000000       0x28 mm/exec.o
 .note.GNU-stack
                0x00000000        0x0 mm/forkexit.o
 .note.gnu.property
                0x00000000       0x28 mm/forkexit.o
 .note.GNU-stack
                0x00000000        0x0 mem/mem.o
 .note.GNU-stack
                0x00000000        0x0 kernel_main_old.o
 .note.gnu.property
                0x00000000       0x28 kernel_main_old.o
 .note.GNU-stack
                0x00000000        0x0 my_process.o
 .note.gnu.property
                0x00000000       0x28 my_process.o
 .note.GNU-stack
                0x00000000        0x0 double_link_list.o
 .note.gnu.property
                0x00000000       0x28 double_link_list.o
 .note.GNU-stack
                0x00000000        0x0 thread.o
 .note.gnu.property
                0x00000000       0x28 thread.o

Memory Configuration

Name             Origin             Length             Attributes
*default*        0x00000000         0xffffffff

Linker script and memory map

Address of section .text set to 0xc0100000
LOAD kernel_sub.o
LOAD kernel.o
LOAD string.o
LOAD kernel_main.o
LOAD hd.o
LOAD syscall.o
LOAD fs_main.o
LOAD global.o
LOAD hd_rdwt.o
LOAD process.o
LOAD protect.o
LOAD console.o
LOAD keyboard.o
LOAD open.o
LOAD read.o
LOAD write.o
LOAD close.o
LOAD wait.o
LOAD exit.o
LOAD fork.o
LOAD getpid.o
LOAD exec.o
LOAD mm/main.o
LOAD mm/exec.o
LOAD mm/forkexit.o
LOAD mem/mem.o
LOAD kernel_main_old.o
LOAD my_process.o
LOAD switch_to.o
LOAD double_link_list.o
LOAD thread.o
LOAD ne2000.o
                [!provide]                        PROVIDE (__executable_start = SEGMENT_START ("text-segment", 0x8048000))
                0x080480d4                        . = (SEGMENT_START ("text-segment", 0x8048000) + SIZEOF_HEADERS)

.interp
 *(.interp)

.note.gnu.build-id
 *(.note.gnu.build-id)

.hash
 *(.hash)

.gnu.hash
 *(.gnu.hash)

.dynsym
 *(.dynsym)

.dynstr
 *(.dynstr)

.gnu.version
 *(.gnu.version)

.gnu.version_d
 *(.gnu.version_d)

.gnu.version_r
 *(.gnu.version_r)

.rel.dyn        0x080480d4        0x0
 *(.rel.init)
 *(.rel.text .rel.text.* .rel.gnu.linkonce.t.*)
 .rel.text      0x080480d4        0x0 kernel_sub.o
 *(.rel.fini)
 *(.rel.rodata .rel.rodata.* .rel.gnu.linkonce.r.*)
 *(.rel.data.rel.ro .rel.data.rel.ro.* .rel.gnu.linkonce.d.rel.ro.*)
 *(.rel.data .rel.data.* .rel.gnu.linkonce.d.*)
 *(.rel.tdata .rel.tdata.* .rel.gnu.linkonce.td.*)
 *(.rel.tbss .rel.tbss.* .rel.gnu.linkonce.tb.*)
 *(.rel.ctors)
 *(.rel.dtors)
 *(.rel.got)
 .rel.got       0x080480d4        0x0 kernel_sub.o
 *(.rel.bss .rel.bss.* .rel.gnu.linkonce.b.*)
 *(.rel.ifunc)

.rel.plt        0x080480d4        0x0
 *(.rel.plt)
                [!provide]                        PROVIDE (__rel_iplt_start = .)
 *(.rel.iplt)
 .rel.iplt      0x080480d4        0x0 kernel_sub.o
                [!provide]                        PROVIDE (__rel_iplt_end = .)

.relr.dyn
 *(.relr.dyn)
                0x08049000                        . = ALIGN (CONSTANT (MAXPAGESIZE))

.init
 *(SORT_NONE(.init))

.plt            0x08049000        0x0
 *(.plt)
 *(.iplt)
 .iplt          0x08049000        0x0 kernel_sub.o

.plt.got
 *(.plt.got)

.plt.sec
 *(.plt.sec)

.text           0xc0100000     0xaa40
 *(.text.unlikely .text.*_unlikely .text.unlikely.*)
 *(.text.exit .text.exit.*)
 *(.text.startup .text.startup.*)
 *(.text.hot .text.hot.*)
 *(SORT_BY_NAME(.text.sorted.*))
 *(.text .stub .text.* .gnu.linkonce.t.*)
 .text          0xc0100000       0x71 kernel_sub.o
                0xc0100000                _start
 *fill*         0xc0100071        0xf 
 .text          0xc0100080      0x3d7 kernel.o
                0xc0100080                InterruptTest
                0xc010008c                disp_str_len
                0xc01000d9                disp_str
                0xc0100114                disp_str_colour
                0xc0100150                divide_zero_fault
                0xc0100156                single_step_fault
                0xc010015c                non_maskable_interrupt
                0xc0100162                breakpoint_trap
                0xc0100168                overflow_trap
                0xc010016e                bound_range_exceeded_fault
                0xc0100174                invalid_opcode_fault
                0xc010017a                coprocessor_not_available_fault
                0xc0100180                double_fault_exception_abort
                0xc0100184                coprocessor_segment_overrun
                0xc010018a                invalid_task_state_segment_fault
                0xc010018e                segment_not_present_fault
                0xc0100192                stack_exception_fault
                0xc0100196                general_protection_exception_fault
                0xc01001a1                page_fault
                0xc01001a5                coprocessor_error_fault
                0xc01001ab                align_check_fault
                0xc01001af                simd_float_exception_fault
                0xc01001be                hwint0
                0xc01001ee                hwint1
                0xc0100231                hwint14
                0xc0100277                hwint10
                0xc01002ba                sys_call
                0xc0100300                fork_restart
                0xc010030f                restart
                0xc0100332                in_byte
                0xc010033e                out_byte
                0xc0100360                disable_int
                0xc0100362                enable_int
                0xc01003f8                enable_8259A_casecade_irq
                0xc0100402                disable_8259A_casecade_irq
                0xc010040c                enable_8259A_slave_winchester_irq
                0xc0100416                disable_8259A_slave_winchester_irq
                0xc0100420                update_cr3
                0xc010042d                update_tss
                0xc010043c                get_running_thread_pcb
                0xc0100444                sys_call_test
                0xc0100447                enable_8259A_slave_net_irq
 .text          0xc0100457      0x3ca kernel_main.o
                0xc0100457                kernel_main
                0xc01005dd                init
                0xc0100678                kernel_thread_a
                0xc01006c5                kernel_thread_b
                0xc0100712                kernel_thread_c
                0xc0100728                kernel_thread_d
                0xc010073e                user_proc_a
                0xc0100809                user_proc_b
 .text          0xc0100821     0x104d hd.o
                0xc0100821                TaskHD
                0xc0100866                init_hd
                0xc0100880                hd_handle
                0xc0100985                hd_cmd_out
                0xc0100a87                hd_identify
                0xc0100b3e                print_hdinfo
                0xc0100ccc                print_dpt_entry
                0xc0100d38                get_partition_table
                0xc0100e17                partition
                0xc0101031                hd_open
                0xc01010d8                get_hd_ioctl
                0xc0101189                wait_for
                0xc01011ba                interrupt_wait
                0xc010120a                hd_rdwt
                0xc01014a9                hd_handler
                0xc01014d5                debug_ticks
                0xc0101513                net_handler
                0xc0101705                waitfor
                0xc0101749                print_hd_info
                0xc0101836                is_empty
 *fill*         0xc010186e        0x2 
 .text          0xc0101870       0x69 syscall.o
                0xc0101870                write_debug
                0xc0101880                send_msg
                0xc0101896                receive_msg
                0xc01018ac                sys_malloc
                0xc01018c1                sys_free
 .text          0xc01018d9     0x204f fs_main.o
                0xc01018d9                task_fs
                0xc0101ae4                rd_wt
                0xc0101bbd                mkfs
                0xc010219f                init_fs
                0xc01021f3                do_open
                0xc01023e2                search_file
                0xc0102514                strip_path
                0xc01025e0                get_inode
                0xc01027a2                create_file
                0xc01028ad                alloc_imap_bit
                0xc01029aa                alloc_smap_bit
                0xc0102b4b                new_inode
                0xc0102c69                new_dir_entry
                0xc0102e75                do_unlink
                0xc0103351                do_rdwt
                0xc01036dc                sync_inode
                0xc0103830                put_inode
                0xc010386e                do_close
                0xc01038c0                get_super_block
 .text          0xc0103928        0x0 global.o
 .text          0xc0103928      0x21b process.o
                0xc0103928                schedule_process
                0xc0103a35                clock_handler
                0xc0103aa6                pid2proc
                0xc0103b2c                proc2pid
 .text          0xc0103b43      0x3b3 protect.o
                0xc0103b43                InitDescriptor
                0xc0103bb0                Seg2PhyAddr
                0xc0103bf1                Seg2PhyAddrLDT
                0xc0103c35                VirAddr2PhyAddr
                0xc0103c4b                v2l
                0xc0103c8e                init_propt
                0xc0103e0f                InitInterruptDesc
                0xc0103e6b                ReloadGDT
 .text          0xc0103ef6      0xaca console.o
                0xc0103ef6                select_console
                0xc0103f32                flush
                0xc0103f6b                set_cursor
                0xc0103fc9                set_console_start_video_addr
                0xc0104027                put_key
                0xc0104093                scroll_up
                0xc01040d5                scroll_down
                0xc0104140                out_char
                0xc01042fd                tty_dev_read
                0xc0104327                tty_dev_write
                0xc0104554                tty_do_read
                0xc010461c                tty_do_write
                0xc010477f                init_screen
                0xc0104808                init_tty
                0xc01048bd                TaskTTY
 .text          0xc01049c0      0x40f keyboard.o
                0xc01049c0                keyboard_handler
                0xc0104a44                read_from_keyboard_buf
                0xc0104aaa                keyboard_read
                0xc0104c29                init_keyboard_handler
                0xc0104c3d                in_process
 .text          0xc0104dcf       0x95 open.o
                0xc0104dcf                open
 .text          0xc0104e64      0x181 read.o
                0xc0104e64                read
 .text          0xc0104fe5       0x85 write.o
                0xc0104fe5                write
 .text          0xc010506a       0x52 close.o
                0xc010506a                close
 .text          0xc01050bc       0x44 wait.o
                0xc01050bc                wait
 .text          0xc0105100       0x2f exit.o
                0xc0105100                exit
 .text          0xc010512f       0x48 fork.o
                0xc010512f                fork
 .text          0xc0105177       0x2b getpid.o
                0xc0105177                getpid
 .text          0xc01051a2      0x285 exec.o
                0xc01051a2                exec
                0xc0105213                execv
                0xc0105402                execl
 .text          0xc0105427      0x148 mm/main.o
                0xc0105427                TaskMM
                0xc0105550                alloc_mem
 .text          0xc010556f      0x419 mm/exec.o
                0xc010556f                do_exec
 .text          0xc0105988      0x271 mm/forkexit.o
                0xc0105988                do_fork
                0xc01059f6                do_exit
                0xc0105a80                do_wait
                0xc0105b9f                cleanup
 .text          0xc0105bf9     0x1275 mem/mem.o
                0xc0105bf9                init_bitmap
                0xc0105c1c                test_bit_val
                0xc0105c85                set_bit_val
                0xc0105d00                set_bits
                0xc0105d3a                get_first_free_bit
                0xc0105d7e                get_bits
                0xc0105e46                get_a_page
                0xc0105efa                get_virtual_address_start_with_addr
                0xc0105f94                get_virtual_address
                0xc0106024                ptr_pde
                0xc0106037                ptr_pte
                0xc010605e                add_map_entry
                0xc01060ef                alloc_virtual_memory
                0xc01061c2                get_physical_address_proc
                0xc010623e                get_physical_address
                0xc0106270                alloc_physical_memory_of_proc
                0xc010635f                alloc_physical_memory
                0xc0106427                alloc_memory
                0xc0106489                get_a_virtual_page
                0xc01064c1                block2arena
                0xc01064d7                sys_malloc2
                0xc010678d                remove_map_entry
                0xc01067ae                free_a_page
                0xc0106855                sys_free2
                0xc01069dd                init_memory_block_desc
                0xc0106aae                init_memory2
                0xc0106d25                init_memory
 .text          0xc0106e6e     0x2d4d kernel_main_old.o
                0xc0106e6e                stop_here
                0xc0106eb2                catch_error
                0xc0106ecf                intr_enable
                0xc0106ef8                intr_disable
                0xc0106f21                intr_set_status
                0xc0106f3f                intr_get_status
                0xc0106f5c                Memcpy
                0xc0106f8f                untar
                0xc01072a4                atoi
                0xc010734a                disp_int
                0xc0107373                do_page_fault
                0xc01074b0                exception_handler
                0xc0107697                init_internal_interrupt
                0xc010780c                spurious_irq
                0xc010789a                init_keyboard
                0xc01078dd                TestTTY
                0xc010797c                TestReadReturnValue
                0xc01079f9                TestWriteReturnValue
                0xc0107acd                TestFS2
                0xc0107adb                TestFS
                0xc0107f7d                wait_exit
                0xc010807b                INIT_fork
                0xc0108373                simple_shell
                0xc01084fa                test_shell
                0xc0108562                test_exec
                0xc01086a2                INIT
                0xc01086af                TestA
                0xc01086e4                delay
                0xc0108728                TestB
                0xc0108740                TestC
                0xc0108773                sys_get_ticks
                0xc0108783                sys_write
                0xc01087d7                milli_delay
                0xc0108813                TaskSys
                0xc0108818                Printf
                0xc0108876                vsprintf
                0xc0108a22                printx
                0xc0108a65                sys_printx
                0xc0108b31                spin
                0xc0108b57                panic
                0xc0108b75                assertion_failure
                0xc0108be7                assertion_failure2
                0xc0108c5c                dead_lock
                0xc0108c66                sys_send_msg
                0xc0109185                sys_receive_msg
                0xc01097e5                send_rec
                0xc01098e0                block
                0xc010991c                unblock
                0xc010996c                get_ticks_ipc
                0xc01099c3                itoa
                0xc0109a19                i2a
                0xc0109a7f                inform_int
                0xc0109b4c                strcmp
 .text          0xc0109bbb      0x730 my_process.o
                0xc0109bbb                create_user_process_address_space
                0xc0109c4b                user_process
                0xc0109d78                clone_pcb
                0xc0109eea                build_body_stack
                0xc010a01d                build_process_kernel_stack
                0xc010a0e0                fork_process
                0xc010a171                process_execute
 *fill*         0xc010a2eb        0x5 
 .text          0xc010a2f0       0x15 switch_to.o
                0xc010a2f0                switch_to
 .text          0xc010a305      0x329 double_link_list.o
                0xc010a305                initDoubleLinkList
                0xc010a333                isListEmpty
                0xc010a354                findElementInList
                0xc010a430                appendToDoubleLinkList
                0xc010a517                insertToDoubleLinkList
                0xc010a59a                popFromDoubleLinkList
 .text          0xc010a62e      0x1b2 thread.o
                0xc010a62e                kernel_thread
                0xc010a646                thread_init
                0xc010a6f3                thread_create
                0xc010a728                thread_start
 .text          0xc010a7e0      0x260 ne2000.o
                0xc010a803                DriverInitialize
                0xc010a88d                SetPageStart
                0xc010a8b5                DriverSend
                0xc010a92a                PCtoNIC
                0xc010a998                get_interrupt_status
                0xc010a9ae                set_interrupt_status
                0xc010a9c7                get_curr_page
                0xc010a9e4                NICtoPC
 *(.gnu.warning)

.fini
 *(SORT_NONE(.fini))
                [!provide]                        PROVIDE (__etext = .)
                [!provide]                        PROVIDE (_etext = .)
                [!provide]                        PROVIDE (etext = .)
                0xc010b000                        . = ALIGN (CONSTANT (MAXPAGESIZE))
                0xc010b000                        . = SEGMENT_START ("rodata-segment", (ALIGN (CONSTANT (MAXPAGESIZE)) + (. & (CONSTANT (MAXPAGESIZE) - 0x1))))

.rodata         0xc010b000     0x1241
 *(.rodata .rodata.* .gnu.linkonce.r.*)
 .rodata        0xc010b000      0x134 kernel_main.o
 .rodata        0xc010b134      0x259 hd.o
 *fill*         0xc010b38d        0x3 
 .rodata        0xc010b390      0x1eb fs_main.o
                0xc010b390                FSBUF_SIZE
 .rodata        0xc010b57b       0x26 process.o
 .rodata        0xc010b5a1       0x22 console.o
 .rodata        0xc010b5c3       0x24 close.o
 .rodata        0xc010b5e7       0x2d exec.o
 .rodata        0xc010b614       0x11 mm/main.o
 .rodata        0xc010b625       0x10 mm/exec.o
 .rodata        0xc010b635       0x21 mm/forkexit.o
 .rodata        0xc010b656       0x41 mem/mem.o
 *fill*         0xc010b697        0x9 
 .rodata        0xc010b6a0      0xb75 kernel_main_old.o
 .rodata        0xc010c215       0x2c double_link_list.o

.txt            0xc010c241       0xaa
 .txt           0xc010c241       0x82 string.o
                0xc010c241                Memcpy2
                0xc010c26f                Memset
                0xc010c28e                Strcpy
                0xc010c2a8                Strlen
 .txt           0xc010c2c3       0x28 hd_rdwt.o
                0xc010c2c3                read_port
                0xc010c2d7                write_port

.rodata1
 *(.rodata1)

.eh_frame_hdr
 *(.eh_frame_hdr)
 *(.eh_frame_entry .eh_frame_entry.*)

.eh_frame       0xc010c2ec     0x1868
 *(.eh_frame)
 .eh_frame      0xc010c2ec       0xfc kernel_main.o
 .eh_frame      0xc010c3e8      0x284 hd.o
                                0x29c (size before relaxing)
 .eh_frame      0xc010c66c      0x27c fs_main.o
                                0x294 (size before relaxing)
 .eh_frame      0xc010c8e8       0x80 process.o
                                 0x98 (size before relaxing)
 .eh_frame      0xc010c968      0x100 protect.o
                                0x118 (size before relaxing)
 .eh_frame      0xc010ca68      0x1e0 console.o
                                0x1f8 (size before relaxing)
 .eh_frame      0xc010cc48       0xa0 keyboard.o
                                 0xb8 (size before relaxing)
 .eh_frame      0xc010cce8       0x20 open.o
                                 0x38 (size before relaxing)
 .eh_frame      0xc010cd08       0x20 read.o
                                 0x38 (size before relaxing)
 .eh_frame      0xc010cd28       0x20 write.o
                                 0x38 (size before relaxing)
 .eh_frame      0xc010cd48       0x20 close.o
                                 0x38 (size before relaxing)
 .eh_frame      0xc010cd68       0x20 wait.o
                                 0x38 (size before relaxing)
 .eh_frame      0xc010cd88       0x20 exit.o
                                 0x38 (size before relaxing)
 .eh_frame      0xc010cda8       0x20 fork.o
                                 0x38 (size before relaxing)
 .eh_frame      0xc010cdc8       0x20 getpid.o
                                 0x38 (size before relaxing)
 .eh_frame      0xc010cde8       0x60 exec.o
                                 0x78 (size before relaxing)
 .eh_frame      0xc010ce48       0x3c mm/main.o
                                 0x54 (size before relaxing)
 .eh_frame      0xc010ce84       0x20 mm/exec.o
                                 0x38 (size before relaxing)
 .eh_frame      0xc010cea4       0x80 mm/forkexit.o
                                 0x98 (size before relaxing)
 .eh_frame      0xc010cf24      0x364 mem/mem.o
                                0x37c (size before relaxing)
 .eh_frame      0xc010d288      0x6ac kernel_main_old.o
                                0x6c4 (size before relaxing)
 .eh_frame      0xc010d934       0xe0 my_process.o
                                 0xf8 (size before relaxing)
 .eh_frame      0xc010da14       0xc0 double_link_list.o
                                 0xd8 (size before relaxing)
 .eh_frame      0xc010dad4       0x80 thread.o
                                 0x98 (size before relaxing)
 *(.eh_frame.*)

.sframe
 *(.sframe)
 *(.sframe.*)

.gcc_except_table
 *(.gcc_except_table .gcc_except_table.*)

.gnu_extab
 *(.gnu_extab*)

.exception_ranges
 *(.exception_ranges*)
                0xc010e000                        . = DATA_SEGMENT_ALIGN (CONSTANT (MAXPAGESIZE), CONSTANT (COMMONPAGESIZE))

.eh_frame
 *(.eh_frame)
 *(.eh_frame.*)

.sframe
 *(.sframe)
 *(.sframe.*)

.gnu_extab
 *(.gnu_extab)

.gcc_except_table
 *(.gcc_except_table .gcc_except_table.*)

.exception_ranges
 *(.exception_ranges*)

.tdata          0xc010e000        0x0
                [!provide]                        PROVIDE (__tdata_start = .)
 *(.tdata .tdata.* .gnu.linkonce.td.*)

.tbss
 *(.tbss .tbss.* .gnu.linkonce.tb.*)
 *(.tcommon)

.preinit_array  0xc010e000        0x0
                [!provide]                        PROVIDE (__preinit_array_start = .)
 *(.preinit_array)
                [!provide]                        PROVIDE (__preinit_array_end = .)

.init_array     0xc010e000        0x0
                [!provide]                        PROVIDE (__init_array_start = .)
 *(SORT_BY_INIT_PRIORITY(.init_array.*) SORT_BY_INIT_PRIORITY(.ctors.*))
 *(.init_array EXCLUDE_FILE(*crtend?.o *crtend.o *crtbegin?.o *crtbegin.o) .ctors)
                [!provide]                        PROVIDE (__init_array_end = .)

.fini_array     0xc010e000        0x0
                [!provide]                        PROVIDE (__fini_array_start = .)
 *(SORT_BY_INIT_PRIORITY(.fini_array.*) SORT_BY_INIT_PRIORITY(.dtors.*))
 *(.fini_array EXCLUDE_FILE(*crtend?.o *crtend.o *crtbegin?.o *crtbegin.o) .dtors)
                [!provide]                        PROVIDE (__fini_array_end = .)

.ctors
 *crtbegin.o(.ctors)
 *crtbegin?.o(.ctors)
 *(EXCLUDE_FILE(*crtend?.o *crtend.o) .ctors)
 *(SORT_BY_NAME(.ctors.*))
 *(.ctors)

.dtors
 *crtbegin.o(.dtors)
 *crtbegin?.o(.dtors)
 *(EXCLUDE_FILE(*crtend?.o *crtend.o) .dtors)
 *(SORT_BY_NAME(.dtors.*))
 *(.dtors)

.jcr
 *(.jcr)

.data.rel.ro
 *(.data.rel.ro.local* .gnu.linkonce.d.rel.ro.local.*)
 *(.data.rel.ro .data.rel.ro.* .gnu.linkonce.d.rel.ro.*)

.dynamic
 *(.dynamic)

.got            0xc010e000        0x0
 *(.got)
 .got           0xc010e000        0x0 kernel_sub.o
 *(.igot)
                0xc010e000                        . = DATA_SEGMENT_RELRO_END (., (SIZEOF (.got.plt) >= 0xc)?0xc:0x0)

.got.plt        0xc010e000        0x0
 *(.got.plt)
 .got.plt       0xc010e000        0x0 kernel_sub.o
 *(.igot.plt)
 .igot.plt      0xc010e000        0x0 kernel_sub.o

.data           0xc010e000      0x760
 *(.data .data.* .gnu.linkonce.d.*)
 .data          0xc010e000        0xf kernel_sub.o
 *fill*         0xc010e00f        0x1 
 .data          0xc010e010        0xf kernel.o
 .data          0xc010e01f        0x0 kernel_main.o
 .data          0xc010e01f        0x0 hd.o
 *fill*         0xc010e01f        0x1 
 .data          0xc010e020        0x0 syscall.o
 .data          0xc010e020        0x0 fs_main.o
 .data          0xc010e020      0x128 global.o
                0xc010e020                user_task_table
                0xc010e0a0                sys_task_table
                0xc010e12c                sys_call_table
 .data          0xc010e148        0x0 process.o
 .data          0xc010e148        0x0 protect.o
 .data          0xc010e148        0x0 console.o
 *fill*         0xc010e148       0x18 
 .data          0xc010e160      0x600 keyboard.o
                0xc010e160                keymap
 .data          0xc010e760        0x0 open.o
 .data          0xc010e760        0x0 read.o
 .data          0xc010e760        0x0 write.o
 .data          0xc010e760        0x0 close.o
 .data          0xc010e760        0x0 wait.o
 .data          0xc010e760        0x0 exit.o
 .data          0xc010e760        0x0 fork.o
 .data          0xc010e760        0x0 getpid.o
 .data          0xc010e760        0x0 exec.o
 .data          0xc010e760        0x0 mm/main.o
 .data          0xc010e760        0x0 mm/exec.o
 .data          0xc010e760        0x0 mm/forkexit.o
 .data          0xc010e760        0x0 mem/mem.o
 .data          0xc010e760        0x0 kernel_main_old.o
 .data          0xc010e760        0x0 my_process.o
 .data          0xc010e760        0x0 double_link_list.o
 .data          0xc010e760        0x0 thread.o

.data1
 *(.data1)
                0xc010e760                        _edata = .
                [!provide]                        PROVIDE (edata = .)
                0xc010e760                        . = .
                0xc010e760                        __bss_start = .

.bss            0xc010e760    0x75170
 *(.dynbss)
 *(.bss .bss.* .gnu.linkonce.b.*)
 .bss           0xc010e760      0x800 kernel_sub.o
 .bss           0xc010ef60      0x800 kernel.o
 .bss           0xc010f760        0x0 kernel_main.o
 .bss           0xc010f760        0x0 hd.o
 .bss           0xc010f760        0x4 fs_main.o
                0xc010f760                c
 .bss           0xc010f764        0x0 global.o
 .bss           0xc010f764        0x0 process.o
 .bss           0xc010f764        0x0 protect.o
 .bss           0xc010f764        0x0 console.o
 .bss           0xc010f764        0x0 keyboard.o
 .bss           0xc010f764        0x0 open.o
 .bss           0xc010f764        0x0 read.o
 .bss           0xc010f764        0x0 write.o
 .bss           0xc010f764        0x0 close.o
 .bss           0xc010f764        0x0 wait.o
 .bss           0xc010f764        0x0 exit.o
 .bss           0xc010f764        0x0 fork.o
 .bss           0xc010f764        0x0 getpid.o
 .bss           0xc010f764        0x0 exec.o
 .bss           0xc010f764        0x0 mm/main.o
 .bss           0xc010f764        0x0 mm/exec.o
 .bss           0xc010f764        0x0 mm/forkexit.o
 .bss           0xc010f764        0x0 mem/mem.o
 .bss           0xc010f764        0x0 kernel_main_old.o
 .bss           0xc010f764        0x0 my_process.o
 .bss           0xc010f764        0x0 double_link_list.o
 .bss           0xc010f764        0x0 thread.o
 *(COMMON)
 *fill*         0xc010f764       0x1c 
 COMMON         0xc010f780     0x17b8 kernel_main.o
                0xc010f780                current_tty
                0xc010f784                is_e0
                0xc010f788                idt_ptr
                0xc010f790                pid
                0xc010f794                KernelVirtualMemory
                0xc010f7a0                current_dis_pos
                0xc010f7a4                dis_pos
                0xc010f7a8                k_reenter
                0xc010f7c0                gdt
                0xc010fbc0                proc_ready_table
                0xc010fbc4                test_ticks
                0xc010fbc8                pcaller
                0xc010fbe0                keyboard_buffer
                0xc010fdec                pcb_list
                0xc010fdfc                gdt_index
                0xc010fe00                tty_table
                0xc0110640                tss
                0xc01106ac                KernelPool
                0xc01106bc                net_buf
                0xc01106c0                nic_current_page
                0xc01106c4                counter
                0xc01106c8                key_pressed
                0xc01106cc                fork_pid
                0xc01106d0                is_shift
                0xc01106d1                net_data
                0xc01106d4                gdt_ptr
                0xc01106e0                idt
                0xc0110ee0                main_thread
                0xc0110ee8                ticks
                0xc0110ef0                is_init
                0xc0110ef4                UserPool
                0xc0110f04                all_pcb_list
                0xc0110f14                console_table
                0xc0110f24                is_disp
                0xc0110f28                MAIN_THREAD_PAGE_DIRECTORY
                0xc0110f2c                helloStr
 *fill*         0xc0110f38        0x8 
 COMMON         0xc0110f40      0x440 hd.o
                0xc0110f40                hd_info
                0xc0111180                hd_cache
 COMMON         0xc0111380      0xe68 fs_main.o
                0xc0111380                file_desc_table
                0xc0111780                phy_super_block_buf
                0xc0111784                phy_fsbuf
                0xc01117a0                inode_table
                0xc01121a0                super_block_buf
                0xc01121a4                fsbuf
                0xc01121c0                root
 *fill*         0xc01121e8       0x18 
 COMMON         0xc0112200    0x715e0 global.o
                0xc0112200                proc_stack
                0xc0182200                proc_table
 COMMON         0xc01837e0       0xf0 mem/mem.o
                0xc01837e0                kernel_mem_block_decs_array
                0xc01838d0                        . = ALIGN ((. != 0x0)?0x4:0x1)
                0xc01838d0                        . = ALIGN (0x4)
                0xc01838d0                        . = SEGMENT_START ("ldata-segment", .)
                0xc01838d0                        . = ALIGN (0x4)
                0xc01838d0                        _end = .
                [!provide]                        PROVIDE (end = .)
                0xc01838d0                        . = DATA_SEGMENT_END (.)

.stab
 *(.stab)

.stabstr
 *(.stabstr)

.stab.excl
 *(.stab.excl)

.stab.exclstr
 *(.stab.exclstr)

.stab.index
 *(.stab.index)

.stab.indexstr
 *(.stab.indexstr)

.comment        0x00000000       0x2c
 *(.comment)
 .comment       0x00000000       0x2c kernel_main.o
                                 0x2d (size before relaxing)
 .comment       0x0000002c       0x2d hd.o
 .comment       0x0000002c       0x2d fs_main.o
 .comment       0x0000002c       0x2d global.o
 .comment       0x0000002c       0x2d process.o
 .comment       0x0000002c       0x2d protect.o
 .comment       0x0000002c       0x2d console.o
 .comment       0x0000002c       0x2d keyboard.o
 .comment       0x0000002c       0x2d open.o
 .comment       0x0000002c       0x2d read.o
 .comment       0x0000002c       0x2d write.o
 .comment       0x0000002c       0x2d close.o
 .comment       0x0000002c       0x2d wait.o
 .comment       0x0000002c       0x2d exit.o
 .comment       0x0000002c       0x2d fork.o
 .comment       0x0000002c       0x2d getpid.o
 .comment       0x0000002c       0x2d exec.o
 .comment       0x0000002c       0x2d mm/main.o
 .comment       0x0000002c       0x2d mm/exec.o
 .comment       0x0000002c       0x2d mm/forkexit.o
 .comment       0x0000002c       0x2d mem/mem.o
 .comment       0x0000002c       0x2d kernel_main_old.o
 .comment       0x0000002c       0x2d my_process.o
 .comment       0x0000002c       0x2d double_link_list.o
 .comment       0x0000002c       0x2d thread.o

.gnu.build.attributes
 *(.gnu.build.attributes .gnu.build.attributes.*)

.debug
 *(.debug)

.line
 *(.line)

.debug_srcinfo
 *(.debug_srcinfo)

.debug_sfnames
 *(.debug_sfnames)

.debug_aranges  0x00000000      0x318
 *(.debug_aranges)
 .debug_aranges
                0x00000000       0x20 kernel_main.o
 .debug_aranges
                0x00000020       0x20 hd.o
 .debug_aranges
                0x00000040       0x20 fs_main.o
 .debug_aranges
                0x00000060       0x18 global.o
 .debug_aranges
                0x00000078       0x20 process.o
 .debug_aranges
                0x00000098       0x20 protect.o
 .debug_aranges
                0x000000b8       0x20 console.o
 .debug_aranges
                0x000000d8       0x20 keyboard.o
 .debug_aranges
                0x000000f8       0x20 open.o
 .debug_aranges
                0x00000118       0x20 read.o
 .debug_aranges
                0x00000138       0x20 write.o
 .debug_aranges
                0x00000158       0x20 close.o
 .debug_aranges
                0x00000178       0x20 wait.o
 .debug_aranges
                0x00000198       0x20 exit.o
 .debug_aranges
                0x000001b8       0x20 fork.o
 .debug_aranges
                0x000001d8       0x20 getpid.o
 .debug_aranges
                0x000001f8       0x20 exec.o
 .debug_aranges
                0x00000218       0x20 mm/main.o
 .debug_aranges
                0x00000238       0x20 mm/exec.o
 .debug_aranges
                0x00000258       0x20 mm/forkexit.o
 .debug_aranges
                0x00000278       0x20 mem/mem.o
 .debug_aranges
                0x00000298       0x20 kernel_main_old.o
 .debug_aranges
                0x000002b8       0x20 my_process.o
 .debug_aranges
                0x000002d8       0x20 double_link_list.o
 .debug_aranges
                0x000002f8       0x20 thread.o

.debug_pubnames
 *(.debug_pubnames)

.debug_info     0x00000000    0x1c28d
 *(.debug_info .gnu.linkonce.wi.*)
 .debug_info    0x00000000      0xfd6 kernel_main.o
 .debug_info    0x00000fd6     0x197b hd.o
 .debug_info    0x00002951     0x1f3b fs_main.o
 .debug_info    0x0000488c      0xe8a global.o
 .debug_info    0x00005716      0xf73 process.o
 .debug_info    0x00006689     0x11b5 protect.o
 .debug_info    0x0000783e     0x128a console.o
 .debug_info    0x00008ac8      0xfde keyboard.o
 .debug_info    0x00009aa6      0xe02 open.o
 .debug_info    0x0000a8a8      0xea1 read.o
 .debug_info    0x0000b749      0xe2f write.o
 .debug_info    0x0000c578      0xdb6 close.o
 .debug_info    0x0000d32e      0xdc1 wait.o
 .debug_info    0x0000e0ef      0xdb3 exit.o
 .debug_info    0x0000eea2      0xda8 fork.o
 .debug_info    0x0000fc4a      0xda8 getpid.o
 .debug_info    0x000109f2      0xf40 exec.o
 .debug_info    0x00011932      0xdcc mm/main.o
 .debug_info    0x000126fe     0x11ca mm/exec.o
 .debug_info    0x000138c8      0xfbc mm/forkexit.o
 .debug_info    0x00014884     0x1cfa mem/mem.o
 .debug_info    0x0001657e     0x27c5 kernel_main_old.o
 .debug_info    0x00018d43     0x149d my_process.o
 .debug_info    0x0001a1e0     0x1044 double_link_list.o
 .debug_info    0x0001b224     0x1069 thread.o

.debug_abbrev   0x00000000     0x3511
 *(.debug_abbrev)
 .debug_abbrev  0x00000000      0x21d kernel_main.o
 .debug_abbrev  0x0000021d      0x2fa hd.o
 .debug_abbrev  0x00000517      0x2ef fs_main.o
 .debug_abbrev  0x00000806      0x157 global.o
 .debug_abbrev  0x0000095d      0x1e0 process.o
 .debug_abbrev  0x00000b3d      0x227 protect.o
 .debug_abbrev  0x00000d64      0x2ac console.o
 .debug_abbrev  0x00001010      0x1fb keyboard.o
 .debug_abbrev  0x0000120b      0x1c5 open.o
 .debug_abbrev  0x000013d0      0x1ef read.o
 .debug_abbrev  0x000015bf      0x1db write.o
 .debug_abbrev  0x0000179a      0x19d close.o
 .debug_abbrev  0x00001937      0x19f wait.o
 .debug_abbrev  0x00001ad6      0x19b exit.o
 .debug_abbrev  0x00001c71      0x18a fork.o
 .debug_abbrev  0x00001dfb      0x18a getpid.o
 .debug_abbrev  0x00001f85      0x1e8 exec.o
 .debug_abbrev  0x0000216d      0x208 mm/main.o
 .debug_abbrev  0x00002375      0x1c4 mm/exec.o
 .debug_abbrev  0x00002539      0x204 mm/forkexit.o
 .debug_abbrev  0x0000273d      0x2ea mem/mem.o
 .debug_abbrev  0x00002a27      0x452 kernel_main_old.o
 .debug_abbrev  0x00002e79      0x260 my_process.o
 .debug_abbrev  0x000030d9      0x216 double_link_list.o
 .debug_abbrev  0x000032ef      0x222 thread.o

.debug_line     0x00000000     0x49b0
 *(.debug_line .debug_line.* .debug_line_end)
 .debug_line    0x00000000      0x1e8 kernel_main.o
 .debug_line    0x000001e8      0x6ea hd.o
 .debug_line    0x000008d2      0xc1a fs_main.o
 .debug_line    0x000014ec       0x95 global.o
 .debug_line    0x00001581      0x180 process.o
 .debug_line    0x00001701      0x1ff protect.o
 .debug_line    0x00001900      0x54e console.o
 .debug_line    0x00001e4e      0x296 keyboard.o
 .debug_line    0x000020e4       0xbd open.o
 .debug_line    0x000021a1      0x155 read.o
 .debug_line    0x000022f6       0xbc write.o
 .debug_line    0x000023b2       0xad close.o
 .debug_line    0x0000245f       0xb7 wait.o
 .debug_line    0x00002516       0xa0 exit.o
 .debug_line    0x000025b6       0xa5 fork.o
 .debug_line    0x0000265b       0xa0 getpid.o
 .debug_line    0x000026fb      0x18b exec.o
 .debug_line    0x00002886       0xec mm/main.o
 .debug_line    0x00002972      0x20c mm/exec.o
 .debug_line    0x00002b7e      0x17a mm/forkexit.o
 .debug_line    0x00002cf8      0x7e6 mem/mem.o
 .debug_line    0x000034de      0xdff kernel_main_old.o
 .debug_line    0x000042dd      0x33b my_process.o
 .debug_line    0x00004618      0x253 double_link_list.o
 .debug_line    0x0000486b      0x145 thread.o

.debug_frame
 *(.debug_frame)

.debug_str      0x00000000     0x1ee3
 *(.debug_str)
 .debug_str     0x00000000     0x1ee3 kernel_main.o
                                0x68b (size before relaxing)
 .debug_str     0x00001ee3      0x95c hd.o
 .debug_str     0x00001ee3      0xafa fs_main.o
 .debug_str     0x00001ee3      0x610 global.o
 .debug_str     0x00001ee3      0x64a process.o
 .debug_str     0x00001ee3      0x76b protect.o
 .debug_str     0x00001ee3      0x75f console.o
 .debug_str     0x00001ee3      0x69c keyboard.o
 .debug_str     0x00001ee3      0x5d8 open.o
 .debug_str     0x00001ee3      0x611 read.o
 .debug_str     0x00001ee3      0x5d5 write.o
 .debug_str     0x00001ee3      0x5a0 close.o
 .debug_str     0x00001ee3      0x5a5 wait.o
 .debug_str     0x00001ee3      0x5a5 exit.o
 .debug_str     0x00001ee3      0x59e fork.o
 .debug_str     0x00001ee3      0x5a2 getpid.o
 .debug_str     0x00001ee3      0x62c exec.o
 .debug_str     0x00001ee3      0x598 mm/main.o
 .debug_str     0x00001ee3      0x86d mm/exec.o
 .debug_str     0x00001ee3      0x617 mm/forkexit.o
 .debug_str     0x00001ee3      0xa6d mem/mem.o
 .debug_str     0x00001ee3      0xb62 kernel_main_old.o
 .debug_str     0x00001ee3      0x8fe my_process.o
 .debug_str     0x00001ee3      0x6d1 double_link_list.o
 .debug_str     0x00001ee3      0x717 thread.o

.debug_loc
 *(.debug_loc)

.debug_macinfo
 *(.debug_macinfo)

.debug_weaknames
 *(.debug_weaknames)

.debug_funcnames
 *(.debug_funcnames)

.debug_typenames
 *(.debug_typenames)

.debug_varnames
 *(.debug_varnames)

.debug_pubtypes
 *(.debug_pubtypes)

.debug_ranges   0x00000000       0x90
 *(.debug_ranges)
 .debug_ranges  0x00000000       0x48 hd.o
 .debug_ranges  0x00000048       0x18 mm/exec.o
 .debug_ranges  0x00000060       0x30 kernel_main_old.o

.debug_addr
 *(.debug_addr)

.debug_line_str
 *(.debug_line_str)

.debug_loclists
 *(.debug_loclists)

.debug_macro
 *(.debug_macro)

.debug_names
 *(.debug_names)

.debug_rnglists
 *(.debug_rnglists)

.debug_str_offsets
 *(.debug_str_offsets)

.debug_sup
 *(.debug_sup)

.gnu.attributes
 *(.gnu.attributes)

/DISCARD/
 *(.note.GNU-stack)
 *(.gnu_debuglink)
 *(.gnu.lto_*)
OUTPUT(kernel.bin elf32-i386)
