
Merging program properties

Removed property 0xc0010001 to merge double_link_list.o (0x1) and kernel/kernel_sub.o (not found)
Removed property 0xc0010002 to merge double_link_list.o (0x0) and kernel/kernel_sub.o (not found)
Removed property 0xc0010001 to merge double_link_list.o (not found) and global.o (0x1)
Removed property 0xc0010002 to merge double_link_list.o (not found) and global.o (0x0)
Removed property 0xc0010001 to merge double_link_list.o (not found) and kernel_main_old.o (0x1)
Removed property 0xc0010002 to merge double_link_list.o (not found) and kernel_main_old.o (0x1)
Removed property 0xc0010001 to merge double_link_list.o (not found) and kernel_main.o (0x1)
Removed property 0xc0010002 to merge double_link_list.o (not found) and kernel_main.o (0x0)
Removed property 0xc0010001 to merge double_link_list.o (not found) and protect.o (0x1)
Removed property 0xc0010002 to merge double_link_list.o (not found) and protect.o (0x0)
Removed property 0xc0010001 to merge double_link_list.o (not found) and console.o (0x1)
Removed property 0xc0010002 to merge double_link_list.o (not found) and console.o (0x1)
Removed property 0xc0010001 to merge double_link_list.o (not found) and keyboard.o (0x1)
Removed property 0xc0010002 to merge double_link_list.o (not found) and keyboard.o (0x0)
Removed property 0xc0010001 to merge double_link_list.o (not found) and process.o (0x1)
Removed property 0xc0010002 to merge double_link_list.o (not found) and process.o (0x0)
Removed property 0xc0010001 to merge double_link_list.o (not found) and thread.o (0x1)
Removed property 0xc0010002 to merge double_link_list.o (not found) and thread.o (0x0)
Removed property 0xc0010001 to merge double_link_list.o (not found) and my_process.o (0x1)
Removed property 0xc0010002 to merge double_link_list.o (not found) and my_process.o (0x1)
Removed property 0xc0010001 to merge double_link_list.o (not found) and network/skbuff.o (0x1)
Removed property 0xc0010002 to merge double_link_list.o (not found) and network/skbuff.o (0x0)
Removed property 0xc0010001 to merge double_link_list.o (not found) and network/socket.o (0x1)
Removed property 0xc0010002 to merge double_link_list.o (not found) and network/socket.o (0x0)
Removed property 0xc0010001 to merge double_link_list.o (not found) and network/ip_input.o (0x1)
Removed property 0xc0010002 to merge double_link_list.o (not found) and network/ip_input.o (0x0)
Removed property 0xc0010001 to merge double_link_list.o (not found) and network/udp_sock.o (0x1)
Removed property 0xc0010002 to merge double_link_list.o (not found) and network/udp_sock.o (0x0)
Removed property 0xc0010001 to merge double_link_list.o (not found) and network/icmpv4.o (0x1)
Removed property 0xc0010002 to merge double_link_list.o (not found) and network/icmpv4.o (0x0)
Removed property 0xc0010001 to merge double_link_list.o (not found) and network/inet.o (0x1)
Removed property 0xc0010002 to merge double_link_list.o (not found) and network/inet.o (0x0)
Removed property 0xc0010001 to merge double_link_list.o (not found) and network/tcp.o (0x1)
Removed property 0xc0010002 to merge double_link_list.o (not found) and network/tcp.o (0x0)
Removed property 0xc0010001 to merge double_link_list.o (not found) and network/route.o (0x1)
Removed property 0xc0010002 to merge double_link_list.o (not found) and network/route.o (0x0)
Removed property 0xc0010001 to merge double_link_list.o (not found) and network/sock.o (0x1)
Removed property 0xc0010002 to merge double_link_list.o (not found) and network/sock.o (0x0)
Removed property 0xc0010001 to merge double_link_list.o (not found) and network/tcp_output.o (0x1)
Removed property 0xc0010002 to merge double_link_list.o (not found) and network/tcp_output.o (0x1)
Removed property 0xc0010001 to merge double_link_list.o (not found) and network/arp.o (0x1)
Removed property 0xc0010002 to merge double_link_list.o (not found) and network/arp.o (0x0)
Removed property 0xc0010001 to merge double_link_list.o (not found) and network/tcp_sock.o (0x1)
Removed property 0xc0010002 to merge double_link_list.o (not found) and network/tcp_sock.o (0x0)
Removed property 0xc0010001 to merge double_link_list.o (not found) and network/ipc.o (0x1)
Removed property 0xc0010002 to merge double_link_list.o (not found) and network/ipc.o (0x1)
Removed property 0xc0010001 to merge double_link_list.o (not found) and network/ip_output.o (0x1)
Removed property 0xc0010002 to merge double_link_list.o (not found) and network/ip_output.o (0x0)
Removed property 0xc0010001 to merge double_link_list.o (not found) and network/netdev.o (0x1)
Removed property 0xc0010002 to merge double_link_list.o (not found) and network/netdev.o (0x0)
Removed property 0xc0010001 to merge double_link_list.o (not found) and network/dst.o (0x1)
Removed property 0xc0010002 to merge double_link_list.o (not found) and network/dst.o (0x0)
Removed property 0xc0010001 to merge double_link_list.o (not found) and network/tcp_input.o (0x1)
[...]
Memory Configuration

Name             Origin             Length             Attributes
*default*        0x00000000         0xffffffff

Linker script and memory map

Address of section .text set to 0xc0600000
LOAD kernel/kernel_sub.o
LOAD kernel/kernel.o
LOAD syscall.o
LOAD switch_to.o
LOAD string.o
LOAD hd/hd_rdwt.o
LOAD network/ne2000.o
LOAD double_link_list.o
LOAD global.o
LOAD kernel_main_old.o
LOAD kernel_main.o
LOAD protect.o
LOAD console.o
LOAD keyboard.o
LOAD process.o
LOAD thread.o
LOAD my_process.o
LOAD network/skbuff.o
LOAD network/socket.o
LOAD network/ip_input.o
LOAD network/udp_sock.o
LOAD network/icmpv4.o
LOAD network/inet.o
LOAD network/tcp.o
LOAD network/route.o
LOAD network/sock.o
LOAD network/tcp_output.o
LOAD network/arp.o
LOAD network/tcp_sock.o
LOAD network/ipc.o
LOAD network/ip_output.o
LOAD network/netdev.o
LOAD network/dst.o
LOAD network/tcp_input.o
LOAD network/task_network.o
LOAD network/udp.o
LOAD network/tcp_data.o
LOAD network/utils.o
LOAD hd/hd.o
LOAD fs/fs_main.o
LOAD mm/forkexit.o
LOAD mm/exec.o
LOAD mm/main.o
LOAD mem/mem.o
LOAD lib/exec.o
LOAD lib/fork.o
LOAD lib/exit.o
LOAD lib/unlink.o
LOAD lib/wait.o
LOAD lib/socket_close.o
LOAD lib/socket_read.o
LOAD lib/alloca.o
LOAD lib/calloc.o
LOAD lib/floor.o
LOAD lib/socket_write.o
LOAD lib/getpid.o
LOAD lib/stdlib/atoi.o
LOAD lib/stdlib/strtol.o
LOAD lib/string/strtok.o
LOAD lib/string/strcmp.o
LOAD lib/string/strncmp.o
LOAD lib/string/strpbrk.o
LOAD lib/stdio/read.o
LOAD lib/stdio/perror.o
LOAD lib/stdio/sscanf.o
LOAD lib/stdio/open.o
LOAD lib/stdio/write.o
LOAD lib/stdio/close.o
LOAD lib/sys/socket.o
LOAD lib/sys/connect.o
LOAD lib/arpa/ntohs.o
LOAD lib/arpa/htonl.o
LOAD lib/arpa/htons.o
LOAD lib/arpa/inet_pton.o
LOAD lib/arpa/ntohl.o
LOAD lib/arpa/inet_ntop.o
                [!provide]                        PROVIDE (__executable_start = SEGMENT_START ("text-segment", 0x8048000))
                0x080480d4                        . = (SEGMENT_START ("text-segment", 0x8048000) + SIZEOF_HEADERS)

.interp
 *(.interp)

.note.gnu.build-id
 *(.note.gnu.build-id)

.hash
 *(.hash)

.gnu.hash
 *(.gnu.hash)

.dynsym
 *(.dynsym)

.dynstr
 *(.dynstr)

.gnu.version
 *(.gnu.version)

.gnu.version_d
 *(.gnu.version_d)

.gnu.version_r
 *(.gnu.version_r)

.rel.dyn        0x080480d4        0x0
 *(.rel.init)
 *(.rel.text .rel.text.* .rel.gnu.linkonce.t.*)
 .rel.text      0x080480d4        0x0 kernel/kernel_sub.o
 *(.rel.fini)
 *(.rel.rodata .rel.rodata.* .rel.gnu.linkonce.r.*)
 *(.rel.data.rel.ro .rel.data.rel.ro.* .rel.gnu.linkonce.d.rel.ro.*)
 *(.rel.data .rel.data.* .rel.gnu.linkonce.d.*)
 *(.rel.tdata .rel.tdata.* .rel.gnu.linkonce.td.*)
 *(.rel.tbss .rel.tbss.* .rel.gnu.linkonce.tb.*)
 *(.rel.ctors)
 *(.rel.dtors)
 *(.rel.got)
 .rel.got       0x080480d4        0x0 kernel/kernel_sub.o
 *(.rel.bss .rel.bss.* .rel.gnu.linkonce.b.*)
 *(.rel.ifunc)

.rel.plt        0x080480d4        0x0
 *(.rel.plt)
                [!provide]                        PROVIDE (__rel_iplt_start = .)
 *(.rel.iplt)
 .rel.iplt      0x080480d4        0x0 kernel/kernel_sub.o
                [!provide]                        PROVIDE (__rel_iplt_end = .)

.relr.dyn
 *(.relr.dyn)
                0x08049000                        . = ALIGN (CONSTANT (MAXPAGESIZE))

.init
 *(SORT_NONE(.init))

.plt            0x08049000        0x0
 *(.plt)
 *(.iplt)
 .iplt          0x08049000        0x0 kernel/kernel_sub.o

.plt.got
 *(.plt.got)

.plt.sec
 *(.plt.sec)

.text           0xc0600000    0x13c48
 *(.text.unlikely .text.*_unlikely .text.unlikely.*)
 *(.text.exit .text.exit.*)
 *(.text.startup .text.startup.*)
 *(.text.hot .text.hot.*)
 *(SORT_BY_NAME(.text.sorted.*))
 *(.text .stub .text.* .gnu.linkonce.t.*)
 .text          0xc0600000       0x71 kernel/kernel_sub.o
                0xc0600000                _start
 *fill*         0xc0600071        0xf 
 .text          0xc0600080      0x3d2 kernel/kernel.o
                0xc0600080                InterruptTest
                0xc060008c                disp_str_len
                0xc06000d9                disp_str
                0xc0600114                disp_str_colour
                0xc0600150                divide_zero_fault
                0xc0600156                single_step_fault
                0xc060015c                non_maskable_interrupt
                0xc0600162                breakpoint_trap
                0xc0600168                overflow_trap
                0xc060016e                bound_range_exceeded_fault
                0xc0600174                invalid_opcode_fault
                0xc060017a                coprocessor_not_available_fault
                0xc0600180                double_fault_exception_abort
                0xc0600184                coprocessor_segment_overrun
                0xc060018a                invalid_task_state_segment_fault
                0xc060018e                segment_not_present_fault
                0xc0600192                stack_exception_fault
                0xc0600196                general_protection_exception_fault
                0xc06001a1                page_fault
                0xc06001a5                coprocessor_error_fault
                0xc06001ab                align_check_fault
                0xc06001af                simd_float_exception_fault
                0xc06001be                hwint0
                0xc06001ee                hwint1
                0xc0600231                hwint14
                0xc0600277                hwint10
                0xc06002ba                sys_call
                0xc0600300                fork_restart
                0xc060030f                restart
                0xc0600332                in_byte
                0xc060033e                out_byte
                0xc0600360                disable_int
                0xc0600362                enable_int
                0xc06003f8                enable_8259A_casecade_irq
                0xc0600402                disable_8259A_casecade_irq
                0xc060040c                enable_8259A_slave_winchester_irq
                0xc0600416                disable_8259A_slave_winchester_irq
                0xc0600420                update_cr3
                0xc060042d                update_tss
                0xc060043c                get_running_thread_pcb
                0xc0600442                sys_call_test
                0xc0600445                enable_8259A_slave_net_irq
 *fill*         0xc0600452        0xe 
 .text          0xc0600460       0x6a syscall.o
                0xc0600460                write_debug
                0xc0600470                send_msg
                0xc0600486                receive_msg
                0xc060049c                sys_malloc
                0xc06004b1                sys_free
 *fill*         0xc06004ca        0x6 
 .text          0xc06004d0       0x15 switch_to.o
                0xc06004d0                switch_to
 *fill*         0xc06004e5        0xb 
 .text          0xc06004f0      0x28d network/ne2000.o
                0xc0600513                DriverInitialize
                0xc060059d                StartSendToPhysicalLink
                0xc06005b8                SetPageStart
                0xc06005e7                DriverSend
                0xc0600661                PCtoNIC
                0xc06006cc                get_interrupt_status
                0xc06006e9                set_interrupt_status
                0xc0600709                get_curr_page
                0xc0600726                NICtoPC
 .text          0xc060077d      0x2ee double_link_list.o
                0xc060077d                initDoubleLinkList
                0xc06007cd                isListEmpty
                0xc06007fb                findElementInList
                0xc0600892                appendToDoubleLinkList
                0xc0600958                insertToDoubleLinkList
                0xc06009dc                popFromDoubleLinkList
 .text          0xc0600a6b        0x0 global.o
 .text          0xc0600a6b     0x2d8b kernel_main_old.o
                0xc0600a6b                stop_here
                0xc0600aaf                catch_error
                0xc0600b14                intr_enable
                0xc0600b3d                intr_disable
                0xc0600b66                intr_set_status
                0xc0600b84                intr_get_status
                0xc0600ba1                Memcpy
                0xc0600bd4                untar
                0xc0600ee4                num_to_string
                0xc0600f8a                disp_int
                0xc0600fb3                do_page_fault
                0xc06010f0                exception_handler
                0xc06012db                init_internal_interrupt
                0xc0601450                spurious_irq
                0xc06014de                init_keyboard
                0xc0601521                TestTTY
                0xc06015c0                TestReadReturnValue
                0xc060163d                TestWriteReturnValue
                0xc0601711                TestFS2
                0xc060171f                TestFS
                0xc0601bc1                wait_exit
                0xc0601cbf                INIT_fork
                0xc0601fb2                simple_shell
                0xc0602139                test_shell
                0xc06021a1                test_exec
                0xc0602294                INIT
                0xc06022a1                TestA
                0xc06022d6                delay
                0xc060231a                TestB
                0xc0602332                TestC
                0xc0602365                sys_get_ticks
                0xc0602375                sys_write
                0xc06023c9                milli_delay
                0xc06023f3                TaskSys
                0xc06023f8                Printf
                0xc06024ca                sprintf
                0xc06024f6                vsprintf
                0xc06026a2                printx
                0xc06026e5                sys_printx
                0xc06027b1                spin
                0xc06027d7                panic
                0xc06027f5                assertion_failure
                0xc0602867                assertion_failure2
                0xc06028dc                dead_lock
                0xc06028e6                sys_send_msg
                0xc0602e05                sys_receive_msg
                0xc0603465                send_rec
                0xc0603560                block
                0xc060359c                unblock
                0xc06035ec                get_ticks_ipc
                0xc06035ff                itoa
                0xc0603655                i2a
                0xc06036bb                inform_int
                0xc0603787                deprecate_strcmp
 .text          0xc06037f6      0x515 kernel_main.o
                0xc06037f6                kernel_main
                0xc06039d0                init
                0xc0603a67                kernel_thread_a
                0xc0603ab4                kernel_thread_b
                0xc0603b01                kernel_thread_c
                0xc0603b17                kernel_thread_d
                0xc0603b2d                user_proc_a
                0xc0603cee                user_proc_b
 .text          0xc0603d0b      0x3b3 protect.o
                0xc0603d0b                InitDescriptor
                0xc0603d78                Seg2PhyAddr
                0xc0603db9                Seg2PhyAddrLDT
                0xc0603dfd                VirAddr2PhyAddr
                0xc0603e13                v2l
                0xc0603e56                init_propt
                0xc0603fd7                InitInterruptDesc
                0xc0604033                ReloadGDT
 .text          0xc06040be      0xad3 console.o
                0xc06040be                select_console
                0xc06040fa                flush
                0xc0604133                set_cursor
                0xc0604191                set_console_start_video_addr
                0xc06041ef                put_key
                0xc060425b                scroll_up
                0xc060429d                scroll_down
                0xc0604308                out_char
                0xc06044c5                tty_dev_read
                0xc06044ef                tty_dev_write
                0xc060471c                tty_do_read
                0xc06047e4                tty_do_write
                0xc060494d                init_screen
                0xc06049d6                init_tty
                0xc0604a8b                TaskTTY
 .text          0xc0604b91      0x40f keyboard.o
                0xc0604b91                keyboard_handler
                0xc0604c15                read_from_keyboard_buf
                0xc0604c7b                keyboard_read
                0xc0604dfa                init_keyboard_handler
                0xc0604e0e                in_process
 .text          0xc0604fa0      0x2d3 process.o
                0xc0604fa0                schedule_process
                0xc0605166                clock_handler
                0xc06051f8                pid2proc
                0xc060525c                proc2pid
 .text          0xc0605273      0x1b2 thread.o
                0xc0605273                kernel_thread
                0xc060528b                thread_init
                0xc0605338                thread_create
                0xc060536d                thread_start
 .text          0xc0605425      0x730 my_process.o
                0xc0605425                create_user_process_address_space
                0xc06054b5                user_process
                0xc06055e2                clone_pcb
                0xc0605754                build_body_stack
                0xc0605887                build_process_kernel_stack
                0xc060594a                fork_process
                0xc06059db                process_execute
 .text          0xc0605b55      0x15b network/skbuff.o
                0xc0605b6e                alloc_skb
                0xc0605bff                free_skb
                0xc0605c32                skb_reserve
                0xc0605c4e                skb_push
                0xc0605c7d                skb_head
                0xc0605c88                skb_reset_header
 .text          0xc0605cb0      0x66c network/socket.o
                0xc0605d60                test
                0xc0605dbc                socket_debug
                0xc0605e1d                free_socket
                0xc0605ed9                _socket
                0xc0605f98                _bind
                0xc0605feb                _connect
                0xc060603d                _write
                0xc0606094                _read
                0xc06060eb                _recvfrom
                0xc060612c                _sendto
                0xc0606183                _close
                0xc0606202                _listen
                0xc0606268                _accept
 .text          0xc060631c      0x31b network/ip_input.o
                0xc06064a6                ip_rcv
 .text          0xc0606637      0x8cd network/udp_sock.o
                0xc0606875                udp_lookup_sock
                0xc06068bc                udp_init
                0xc06068ed                udp_close
                0xc0606913                udp_sock_init
                0xc060691d                udp_recvfrom
                0xc06069b6                udp_connect
                0xc0606a8f                udp_write
                0xc0606abb                udp_alloc_skb
                0xc0606b05                udp_sendto
                0xc0606bf9                udp_send
                0xc0606d37                udp_alloc_sock
                0xc0606d78                udp_free_sock
                0xc0606d9c                udp_read
 .text          0xc0606f04      0x234 network/icmpv4.o
                0xc0606f12                icmpv4_incoming
                0xc0606f86                icmpv4_reply
                0xc060705f                icmpv4_timestamp
 .text          0xc0607138      0x429 network/inet.o
                0xc0607138                inet_create
                0xc06071e8                inet_socket
                0xc06071f2                inet_connect
                0xc0607246                inet_write
                0xc0607272                inet_read
                0xc060729e                inet_close
                0xc06072ed                inet_free
                0xc0607323                inet_bind
                0xc060742c                inet_listen
                0xc0607475                inet_accept
                0xc0607520                inet_sendto
                0xc060754b                inet_recvfrom
 .text          0xc0607561      0x450 network/tcp.o
                0xc0607756                tcp_in
                0xc060780a                tcp_checksum
                0xc0607836                __tcp_set_state
                0xc0607845                tcp_generate_port
                0xc060788e                tcp_generate_isn
                0xc06078a0                tcp_done
                0xc06078c9                tcp_clear_timers
                0xc06078d8                tcp_stop_retransmission_timer
                0xc06078f1                tcp_release_retransmission_timer
                0xc060790a                tcp_stop_delack_timer
                0xc060791d                tcp_release_delack_timer
                0xc0607930                tcp_handle_fin_state
                0xc0607995                tcp_enter_time_wait
 .text          0xc06079b1      0x42e network/route.o
                0xc0607ac1                route_add
                0xc0607b08                route_init
                0xc0607bba                call_route_lookup
                0xc0607d04                route_lookup
 .text          0xc0607ddf      0x203 network/sock.o
                0xc0607f11                sk_alloc
                0xc0607f38                sk_init
                0xc0607f8c                sk_init_with_socket
                0xc0607fb5                sk_free
 .text          0xc0607fe2      0xbbe network/tcp_output.o
                0xc06084a8                tcp_send_synack
                0xc060854b                tcp_send_delack
                0xc0608586                tcp_send_ack
                0xc06086d2                tcp_send_fin
                0xc0608747                tcp_select_initial_window
                0xc06088f9                tcp_reset_retransmission_timer
                0xc0608916                tcp_begin_connect
                0xc06089c0                tcp_send
                0xc0608aa5                tcp_send_reset
                0xc0608b25                tcp_queue_fin
 .text          0xc0608ba0      0xbdd network/arp.o
                0xc0608cc9                call_update_arp_translation_table
                0xc0608f01                insert_arp_translation_table
                0xc0608f83                update_arp_translation_table
                0xc0609042                arp_init
                0xc0609048                arp_rcv
                0xc0609231                arp_request
                0xc060939e                arp_reply
                0xc0609501                call_arp_get_hwaddr
                0xc060964b                arp_get_hwaddr
                0xc060972c                free_arp
 .text          0xc060977d      0xd36 network/tcp_sock.o
                0xc0609a3c                tcp_established_or_syn_recvd_socks_enqueue
                0xc0609a55                tcp_established_or_syn_recvd_socks_remove
                0xc0609a67                call_tcp_connecting_or_listening_socks_enqueue
                0xc0609b63                tcp_connecting_or_listening_socks_enqueue
                0xc0609be2                tcp_connecting_or_listening_socks_remove
                0xc0609bf4                tcp_alloc_sock
                0xc0609d0a                tcp_free_sock
                0xc0609d83                tcp_init
                0xc0609d8d                tcp_sock_init
                0xc0609e33                tcp_write
                0xc0609e74                tcp_read
                0xc0609f27                tcp_close
                0xc0609fe5                tcp_recv_notify
                0xc060a010                tcp_v4_connect
                0xc060a26c                call_tcp_lookup_sock
                0xc060a3d7                tcp_lookup_sock
 .text          0xc060a4b3      0xe65 network/ipc.o
                0xc060b09f                ipc_close
                0xc060b0f0                ipc_call_from_netdev_rx
                0xc060b128                demux_ipc_socket_call
 .text          0xc060b318      0x1d3 network/ip_output.o
                0xc060b326                ip_output
 .text          0xc060b4eb      0xa11 network/netdev.o
                0xc060b679                netdev_init
                0xc060b6c0                netdev_transmit
                0xc060b822                interrupt_wait2
                0xc060b87b                netdev_rx_loop
                0xc060b96c                call_netdev_get
                0xc060bab6                netdev_get
                0xc060bb6b                free_netdev
                0xc060bb96                local_ipaddress
                0xc060bbd3                receive_msg_from_nic
                0xc060bdba                receive_msg_from_nic2
                0xc060bee6                net_handler
 .text          0xc060befc      0x181 network/dst.o
                0xc060bf0a                print_array
                0xc060bf7e                dst_neigh_output
 .text          0xc060c07d      0xb90 network/tcp_input.o
                0xc060c775                tcp_process
                0xc060cb4b                tcp_receive
 .text          0xc060cc0d      0x356 network/task_network.o
                0xc060cc61                init_dev
                0xc060cdc8                task_network
                0xc060cf19                task_netdev_rx
 .text          0xc060cf63      0x3e0 network/udp.o
                0xc060d06e                udp_generate_port
                0xc060d0b7                udp_checksum
                0xc060d185                udp_in
                0xc060d216                udp_data_dequeue
                0xc060d31e                udp_data_enqueue
 .text          0xc060d343      0x54a network/tcp_data.o
                0xc060d62e                tcp_data_dequeue
                0xc060d75b                tcp_data_queue
 .text          0xc060d88d      0x1e7 network/utils.o
                0xc060d88d                run_cmd
                0xc060d89a                print_err
                0xc060d8b1                parse_ipv4_string
                0xc060d910                ip_pton
                0xc060d958                sum_every_16bits
                0xc060d9af                checksum
                0xc060d9f0                tcp_udp_checksum
 .text          0xc060da74      0xe84 hd/hd.o
                0xc060da74                TaskHD
                0xc060dabf                init_hd
                0xc060dad9                hd_handle
                0xc060dbde                hd_cmd_out
                0xc060dce0                hd_identify
                0xc060dd97                print_hdinfo
                0xc060df25                print_dpt_entry
                0xc060df91                get_partition_table
                0xc060e070                partition
                0xc060e28a                hd_open
                0xc060e33a                get_hd_ioctl
                0xc060e3f4                wait_for
                0xc060e425                interrupt_wait
                0xc060e47e                hd_rdwt
                0xc060e720                hd_handler
                0xc060e751                debug_ticks
                0xc060e78f                waitfor
                0xc060e7d3                print_hd_info
                0xc060e8c0                is_empty
 .text          0xc060e8f8     0x2081 fs/fs_main.o
                0xc060e8f8                task_fs
                0xc060eb0c                rd_wt
                0xc060ebee                mkfs
                0xc060f1d0                init_fs
                0xc060f22a                do_open
                0xc060f433                search_file
                0xc060f565                strip_path
                0xc060f631                get_inode
                0xc060f7f3                create_file
                0xc060f8fe                alloc_imap_bit
                0xc060f9fb                alloc_smap_bit
                0xc060fb9c                new_inode
                0xc060fcba                new_dir_entry
                0xc060fec6                do_unlink
                0xc06103a2                do_rdwt
                0xc061072d                sync_inode
                0xc0610881                put_inode
                0xc06108bf                do_close
                0xc0610911                get_super_block
 .text          0xc0610979      0x24f mm/forkexit.o
                0xc0610979                do_fork
                0xc06109e7                do_exit
                0xc0610a71                do_wait
                0xc0610b6e                cleanup
 .text          0xc0610bc8      0x419 mm/exec.o
                0xc0610bc8                do_exec
 .text          0xc0610fe1      0x14e mm/main.o
                0xc0610fe1                TaskMM
                0xc0611110                alloc_mem
 .text          0xc061112f     0x1118 mem/mem.o
                0xc061112f                init_bitmap
                0xc0611152                test_bit_val
                0xc06111bb                set_bit_val
                0xc0611236                set_bits
                0xc0611270                get_first_free_bit
                0xc06112b4                get_bits
                0xc061137c                get_a_page
                0xc0611430                get_virtual_address_start_with_addr
                0xc06114ca                get_virtual_address
                0xc061155a                ptr_pde
                0xc061156d                ptr_pte
                0xc0611594                add_map_entry
                0xc0611625                alloc_virtual_memory
                0xc06116f1                get_physical_address_proc
                0xc061176d                get_physical_address
                0xc061179f                alloc_physical_memory_of_proc
                0xc061188e                alloc_physical_memory
                0xc0611956                alloc_memory
                0xc06119b8                get_a_virtual_page
                0xc06119f0                block2arena
                0xc0611a06                sys_malloc2
                0xc0611d33                remove_map_entry
                0xc0611d54                free_a_page
                0xc0611dfb                sys_free2
                0xc0611e01                init_memory_block_desc
                0xc0611ed2                init_memory2
                0xc0612107                init_memory
 .text          0xc0612247      0x285 lib/exec.o
                0xc0612247                exec
                0xc06122b8                execv
                0xc06124a7                execl
 .text          0xc06124cc       0x4b lib/fork.o
                0xc06124cc                fork
 .text          0xc0612517       0x2f lib/exit.o
                0xc0612517                exit
 .text          0xc0612546       0x42 lib/unlink.o
                0xc0612546                unlink
 .text          0xc0612588       0x44 lib/wait.o
                0xc0612588                wait
 .text          0xc06125cc       0xbe lib/socket_close.o
                0xc06125cc                socket_close
 .text          0xc061268a      0x12a lib/socket_read.o
                0xc061268a                socket_read
 .text          0xc06127b4       0x29 lib/alloca.o
                0xc06127b4                alloca
 .text          0xc06127dd       0x46 lib/calloc.o
                0xc06127dd                calloc
 .text          0xc0612823       0x49 lib/floor.o
                0xc0612823                floor
 .text          0xc061286c      0x193 lib/socket_write.o
                0xc061286c                socket_write
 .text          0xc06129ff       0x2b lib/getpid.o
                0xc06129ff                getpid
 .text          0xc0612a2a       0x9c lib/stdlib/atoi.o
                0xc0612a2a                atoi
 .text          0xc0612ac6       0xca lib/stdlib/strtol.o
                0xc0612ac6                strtol
 .text          0xc0612b90       0x85 lib/string/strtok.o
                0xc0612b90                strtok
 .text          0xc0612c15       0xa8 lib/string/strcmp.o
                0xc0612c15                strcmp
 .text          0xc0612cbd       0xd4 lib/string/strncmp.o
                0xc0612cbd                strncmp
 .text          0xc0612d91       0x90 lib/string/strpbrk.o
                0xc0612d91                strpbrk
 .text          0xc0612e21      0x181 lib/stdio/read.o
                0xc0612e21                read
 .text          0xc0612fa2       0x17 lib/stdio/perror.o
                0xc0612fa2                perror
 .text          0xc0612fb9      0x335 lib/stdio/sscanf.o
                0xc0612fb9                sscanf
 .text          0xc06132ee       0x95 lib/stdio/open.o
                0xc06132ee                open
 .text          0xc0613383       0x85 lib/stdio/write.o
                0xc0613383                write
 .text          0xc0613408       0x52 lib/stdio/close.o
                0xc0613408                close
 .text          0xc061345a      0x195 lib/sys/socket.o
                0xc061345a                socket
 .text          0xc06135ef      0x179 lib/sys/connect.o
                0xc06135ef                connect
 .text          0xc0613768       0x38 lib/arpa/ntohs.o
                0xc0613768                ntohs
 .text          0xc06137a0       0x7c lib/arpa/htonl.o
                0xc06137a0                htonl
 .text          0xc061381c       0x38 lib/arpa/htons.o
                0xc061381c                htons
 .text          0xc0613854      0x295 lib/arpa/inet_pton.o
                0xc0613854                isValidIPv4
                0xc06139de                inet_pton
 .text          0xc0613ae9       0x7c lib/arpa/ntohl.o
                0xc0613ae9                ntohl
 .text          0xc0613b65       0xe3 lib/arpa/inet_ntop.o
                0xc0613b65                inet_ntop
 *(.gnu.warning)

.fini
 *(SORT_NONE(.fini))
                [!provide]                        PROVIDE (__etext = .)
                [!provide]                        PROVIDE (_etext = .)
                [!provide]                        PROVIDE (etext = .)
                0xc0614000                        . = ALIGN (CONSTANT (MAXPAGESIZE))
                0xc0614000                        . = SEGMENT_START ("rodata-segment", (ALIGN (CONSTANT (MAXPAGESIZE)) + (. & (CONSTANT (MAXPAGESIZE) - 0x1))))

.rodata         0xc0614000     0x1e1b
 *(.rodata .rodata.* .gnu.linkonce.r.*)
 .rodata        0xc0614000       0x3c double_link_list.o
 *fill*         0xc061403c        0x4 
 .rodata        0xc0614040      0xb61 kernel_main_old.o
 *fill*         0xc0614ba1        0x3 
 .rodata        0xc0614ba4      0x1e4 kernel_main.o
 .rodata        0xc0614d88       0x22 console.o
 *fill*         0xc0614daa        0x2 
 .rodata        0xc0614dac       0x4c process.o
 .rodata        0xc0614df8        0x9 network/skbuff.o
 *fill*         0xc0614e01        0x3 
 .rodata        0xc0614e04      0x23d network/socket.o
 *fill*         0xc0615041        0x3 
 .rodata        0xc0615044       0xe6 network/ip_input.o
 *fill*         0xc061512a        0x2 
 .rodata        0xc061512c       0x2d network/udp_sock.o
 *fill*         0xc0615159        0x3 
 .rodata        0xc061515c       0x32 network/icmpv4.o
 *fill*         0xc061518e        0x2 
 .rodata        0xc0615190       0x48 network/inet.o
 .rodata        0xc06151d8       0x31 network/tcp.o
 *fill*         0xc0615209        0x3 
 .rodata        0xc061520c       0x36 network/route.o
 .rodata        0xc0615242        0x9 network/sock.o
 *fill*         0xc061524b        0x1 
 .rodata        0xc061524c       0xc3 network/tcp_output.o
 *fill*         0xc061530f        0x1 
 .rodata        0xc0615310       0xbd network/arp.o
 *fill*         0xc06153cd        0x3 
 .rodata        0xc06153d0       0xe8 network/tcp_sock.o
 .rodata        0xc06154b8      0x17c network/ipc.o
 .rodata        0xc0615634        0x9 network/ip_output.o
 *fill*         0xc061563d        0x3 
 .rodata        0xc0615640      0x16e network/netdev.o
 .rodata        0xc06157ae       0x1c network/dst.o
 *fill*         0xc06157ca        0x2 
 .rodata        0xc06157cc       0x6c network/tcp_input.o
 .rodata        0xc0615838       0x91 network/task_network.o
 .rodata        0xc06158c9        0x9 network/udp.o
 .rodata        0xc06158d2       0x1e network/tcp_data.o
 .rodata        0xc06158f0       0x41 network/utils.o
 *fill*         0xc0615931        0x3 
 .rodata        0xc0615934      0x19c hd/hd.o
 .rodata        0xc0615ad0      0x1fb fs/fs_main.o
                0xc0615ad0                FSBUF_SIZE
 .rodata        0xc0615ccb       0x21 mm/forkexit.o
 .rodata        0xc0615cec       0x10 mm/exec.o
 .rodata        0xc0615cfc       0x11 mm/main.o
 .rodata        0xc0615d0d       0x5a mem/mem.o
 .rodata        0xc0615d67       0x2d lib/exec.o
 .rodata        0xc0615d94        0x9 lib/socket_close.o
 .rodata        0xc0615d9d        0x9 lib/socket_read.o
 .rodata        0xc0615da6        0x9 lib/socket_write.o
 .rodata        0xc0615daf       0x2a lib/stdio/close.o
 .rodata        0xc0615dd9       0x33 lib/sys/socket.o
 .rodata        0xc0615e0c        0x9 lib/sys/connect.o
 .rodata        0xc0615e15        0x3 lib/arpa/inet_pton.o
 .rodata        0xc0615e18        0x3 lib/arpa/inet_ntop.o

.txt            0xc0615e1b       0xaa
 .txt           0xc0615e1b       0x82 string.o
                0xc0615e1b                Memcpy2
                0xc0615e49                Memset
                0xc0615e68                Strcpy
                0xc0615e82                Strlen
 .txt           0xc0615e9d       0x28 hd/hd_rdwt.o
                0xc0615e9d                read_port
                0xc0615eb1                write_port

.rodata1
 *(.rodata1)

.eh_frame_hdr
 *(.eh_frame_hdr)
 *(.eh_frame_entry .eh_frame_entry.*)

.eh_frame       0xc0615ec8     0x438c
 *(.eh_frame)
 .eh_frame      0xc0615ec8       0xd8 double_link_list.o
 .eh_frame      0xc0615fa0      0x6cc kernel_main_old.o
                                0x6e4 (size before relaxing)
 .eh_frame      0xc061666c      0x104 kernel_main.o
                                0x11c (size before relaxing)
 .eh_frame      0xc0616770      0x100 protect.o
                                0x118 (size before relaxing)
 .eh_frame      0xc0616870      0x1e0 console.o
                                0x1f8 (size before relaxing)
 .eh_frame      0xc0616a50       0xa0 keyboard.o
                                 0xb8 (size before relaxing)
 .eh_frame      0xc0616af0       0x80 process.o
                                 0x98 (size before relaxing)
 .eh_frame      0xc0616b70       0x80 thread.o
                                 0x98 (size before relaxing)
 .eh_frame      0xc0616bf0       0xe0 my_process.o
                                 0xf8 (size before relaxing)
 .eh_frame      0xc0616cd0       0xe0 network/skbuff.o
                                 0xf8 (size before relaxing)
 .eh_frame      0xc0616db0      0x2a0 network/socket.o
                                0x2b8 (size before relaxing)
 .eh_frame      0xc0617050      0x104 network/ip_input.o
                                0x11c (size before relaxing)
 .eh_frame      0xc0617154      0x404 network/udp_sock.o
                                0x41c (size before relaxing)
 .eh_frame      0xc0617558       0x80 network/icmpv4.o
                                 0x98 (size before relaxing)
 .eh_frame      0xc06175d8      0x180 network/inet.o
                                0x198 (size before relaxing)
 .eh_frame      0xc0617758      0x268 network/tcp.o
                                0x280 (size before relaxing)
 .eh_frame      0xc06179c0      0x104 network/route.o
                                0x11c (size before relaxing)
 .eh_frame      0xc0617ac4      0x1a0 network/sock.o
                                0x1b8 (size before relaxing)
 .eh_frame      0xc0617c64      0x3c4 network/tcp_output.o
                                0x3dc (size before relaxing)
 .eh_frame      0xc0618028      0x220 network/arp.o
                                0x238 (size before relaxing)
 .eh_frame      0xc0618248      0x500 network/tcp_sock.o
                                0x518 (size before relaxing)
 .eh_frame      0xc0618748      0x274 network/ipc.o
                                0x28c (size before relaxing)
 .eh_frame      0xc06189bc       0x40 network/ip_output.o
                                 0x58 (size before relaxing)
 .eh_frame      0xc06189fc      0x230 network/netdev.o
                                0x248 (size before relaxing)
 .eh_frame      0xc0618c2c       0x60 network/dst.o
                                 0x78 (size before relaxing)
 .eh_frame      0xc0618c8c      0x300 network/tcp_input.o
                                0x318 (size before relaxing)
 .eh_frame      0xc0618f8c       0x80 network/task_network.o
                                 0x98 (size before relaxing)
 .eh_frame      0xc061900c      0x1e4 network/udp.o
                                0x1fc (size before relaxing)
 .eh_frame      0xc06191f0      0x200 network/tcp_data.o
                                0x218 (size before relaxing)
 .eh_frame      0xc06193f0       0xe4 network/utils.o
                                 0xfc (size before relaxing)
 .eh_frame      0xc06194d4      0x264 hd/hd.o
                                0x27c (size before relaxing)
 .eh_frame      0xc0619738      0x27c fs/fs_main.o
                                0x294 (size before relaxing)
 .eh_frame      0xc06199b4       0x80 mm/forkexit.o
                                 0x98 (size before relaxing)
 .eh_frame      0xc0619a34       0x20 mm/exec.o
                                 0x38 (size before relaxing)
 .eh_frame      0xc0619a54       0x3c mm/main.o
                                 0x54 (size before relaxing)
 .eh_frame      0xc0619a90      0x364 mem/mem.o
                                0x37c (size before relaxing)
 .eh_frame      0xc0619df4       0x60 lib/exec.o
                                 0x78 (size before relaxing)
 .eh_frame      0xc0619e54       0x20 lib/fork.o
                                 0x38 (size before relaxing)
 .eh_frame      0xc0619e74       0x20 lib/exit.o
                                 0x38 (size before relaxing)
 .eh_frame      0xc0619e94       0x20 lib/unlink.o
                                 0x38 (size before relaxing)
 .eh_frame      0xc0619eb4       0x20 lib/wait.o
                                 0x38 (size before relaxing)
 .eh_frame      0xc0619ed4       0x20 lib/socket_close.o
                                 0x38 (size before relaxing)
 .eh_frame      0xc0619ef4       0x20 lib/socket_read.o
                                 0x38 (size before relaxing)
 .eh_frame      0xc0619f14       0x20 lib/alloca.o
                                 0x38 (size before relaxing)
 .eh_frame      0xc0619f34       0x20 lib/calloc.o
                                 0x38 (size before relaxing)
 .eh_frame      0xc0619f54       0x20 lib/floor.o
                                 0x38 (size before relaxing)
 .eh_frame      0xc0619f74       0x20 lib/socket_write.o
                                 0x38 (size before relaxing)
 .eh_frame      0xc0619f94       0x20 lib/getpid.o
                                 0x38 (size before relaxing)
 .eh_frame      0xc0619fb4       0x20 lib/stdlib/atoi.o
                                 0x38 (size before relaxing)
 .eh_frame      0xc0619fd4       0x20 lib/stdlib/strtol.o
                                 0x38 (size before relaxing)
 .eh_frame      0xc0619ff4       0x20 lib/string/strtok.o
                                 0x38 (size before relaxing)
 .eh_frame      0xc061a014       0x20 lib/string/strcmp.o
                                 0x38 (size before relaxing)
 .eh_frame      0xc061a034       0x20 lib/string/strncmp.o
                                 0x38 (size before relaxing)
 .eh_frame      0xc061a054       0x20 lib/string/strpbrk.o
                                 0x38 (size before relaxing)
 .eh_frame      0xc061a074       0x20 lib/stdio/read.o
                                 0x38 (size before relaxing)
 .eh_frame      0xc061a094       0x20 lib/stdio/perror.o
                                 0x38 (size before relaxing)
 .eh_frame      0xc061a0b4       0x20 lib/stdio/sscanf.o
                                 0x38 (size before relaxing)
 .eh_frame      0xc061a0d4       0x20 lib/stdio/open.o
                                 0x38 (size before relaxing)
 .eh_frame      0xc061a0f4       0x20 lib/stdio/write.o
                                 0x38 (size before relaxing)
 .eh_frame      0xc061a114       0x20 lib/stdio/close.o
                                 0x38 (size before relaxing)
 .eh_frame      0xc061a134       0x20 lib/sys/socket.o
                                 0x38 (size before relaxing)
 .eh_frame      0xc061a154       0x20 lib/sys/connect.o
                                 0x38 (size before relaxing)
 .eh_frame      0xc061a174       0x20 lib/arpa/ntohs.o
                                 0x38 (size before relaxing)
 .eh_frame      0xc061a194       0x20 lib/arpa/htonl.o
                                 0x38 (size before relaxing)
 .eh_frame      0xc061a1b4       0x20 lib/arpa/htons.o
                                 0x38 (size before relaxing)
 .eh_frame      0xc061a1d4       0x40 lib/arpa/inet_pton.o
                                 0x58 (size before relaxing)
 .eh_frame      0xc061a214       0x20 lib/arpa/ntohl.o
                                 0x38 (size before relaxing)
 .eh_frame      0xc061a234       0x20 lib/arpa/inet_ntop.o
                                 0x38 (size before relaxing)
 *(.eh_frame.*)

.sframe
 *(.sframe)
 *(.sframe.*)

.gcc_except_table
 *(.gcc_except_table .gcc_except_table.*)

.gnu_extab
 *(.gnu_extab*)

.exception_ranges
 *(.exception_ranges*)
                0xc061b000                        . = DATA_SEGMENT_ALIGN (CONSTANT (MAXPAGESIZE), CONSTANT (COMMONPAGESIZE))

.eh_frame
 *(.eh_frame)
 *(.eh_frame.*)

.sframe
 *(.sframe)
 *(.sframe.*)

.gnu_extab
 *(.gnu_extab)

.gcc_except_table
 *(.gcc_except_table .gcc_except_table.*)

.exception_ranges
 *(.exception_ranges*)

.tdata          0xc061b000        0x0
                [!provide]                        PROVIDE (__tdata_start = .)
 *(.tdata .tdata.* .gnu.linkonce.td.*)

.tbss
 *(.tbss .tbss.* .gnu.linkonce.tb.*)
 *(.tcommon)

.preinit_array  0xc061b000        0x0
                [!provide]                        PROVIDE (__preinit_array_start = .)
 *(.preinit_array)
                [!provide]                        PROVIDE (__preinit_array_end = .)

.init_array     0xc061b000        0x0
                [!provide]                        PROVIDE (__init_array_start = .)
 *(SORT_BY_INIT_PRIORITY(.init_array.*) SORT_BY_INIT_PRIORITY(.ctors.*))
 *(.init_array EXCLUDE_FILE(*crtend?.o *crtend.o *crtbegin?.o *crtbegin.o) .ctors)
                [!provide]                        PROVIDE (__init_array_end = .)

.fini_array     0xc061b000        0x0
                [!provide]                        PROVIDE (__fini_array_start = .)
 *(SORT_BY_INIT_PRIORITY(.fini_array.*) SORT_BY_INIT_PRIORITY(.dtors.*))
 *(.fini_array EXCLUDE_FILE(*crtend?.o *crtend.o *crtbegin?.o *crtbegin.o) .dtors)
                [!provide]                        PROVIDE (__fini_array_end = .)

.ctors
 *crtbegin.o(.ctors)
 *crtbegin?.o(.ctors)
 *(EXCLUDE_FILE(*crtend?.o *crtend.o) .ctors)
 *(SORT_BY_NAME(.ctors.*))
 *(.ctors)

.dtors
 *crtbegin.o(.dtors)
 *crtbegin?.o(.dtors)
 *(EXCLUDE_FILE(*crtend?.o *crtend.o) .dtors)
 *(SORT_BY_NAME(.dtors.*))
 *(.dtors)

.jcr
 *(.jcr)

.data.rel.ro
 *(.data.rel.ro.local* .gnu.linkonce.d.rel.ro.local.*)
 *(.data.rel.ro .data.rel.ro.* .gnu.linkonce.d.rel.ro.*)

.dynamic
 *(.dynamic)

.got            0xc061b000        0x0
 *(.got)
 .got           0xc061b000        0x0 kernel/kernel_sub.o
 *(.igot)
                0xc061b000                        . = DATA_SEGMENT_RELRO_END (., (SIZEOF (.got.plt) >= 0xc)?0xc:0x0)

.got.plt        0xc061b000        0x0
 *(.got.plt)
 .got.plt       0xc061b000        0x0 kernel/kernel_sub.o
 *(.igot.plt)
 .igot.plt      0xc061b000        0x0 kernel/kernel_sub.o

.data           0xc061b000      0xbb8
 *(.data .data.* .gnu.linkonce.d.*)
 .data          0xc061b000        0xf kernel/kernel_sub.o
 *fill*         0xc061b00f        0x1 
 .data          0xc061b010        0xf kernel/kernel.o
 *fill*         0xc061b01f        0x1 
 .data          0xc061b020        0x0 syscall.o
 .data          0xc061b020        0x0 double_link_list.o
 .data          0xc061b020      0x17c global.o
                0xc061b020                user_task_table
                0xc061b0a0                sys_task_table
                0xc061b180                sys_call_table
 .data          0xc061b19c        0x0 kernel_main_old.o
 .data          0xc061b19c        0x0 kernel_main.o
 .data          0xc061b19c        0x0 protect.o
 .data          0xc061b19c        0x0 console.o
 *fill*         0xc061b19c        0x4 
 .data          0xc061b1a0      0x600 keyboard.o
                0xc061b1a0                keymap
 .data          0xc061b7a0        0x0 process.o
 .data          0xc061b7a0        0x0 thread.o
 .data          0xc061b7a0        0x0 my_process.o
 .data          0xc061b7a0        0x4 network/skbuff.o
 *fill*         0xc061b7a4       0x1c 
 .data          0xc061b7c0      0x224 network/socket.o
 .data          0xc061b9e4        0x4 network/ip_input.o
 *fill*         0xc061b9e8       0x18 
 .data          0xc061ba00       0x54 network/udp_sock.o
                0xc061ba20                udp_ops
 .data          0xc061ba54        0x4 network/icmpv4.o
 *fill*         0xc061ba58        0x8 
 .data          0xc061ba60       0x80 network/inet.o
                0xc061ba68                inet
 .data          0xc061bae0        0x8 network/tcp.o
 .data          0xc061bae8        0x4 network/route.o
 .data          0xc061baec        0x4 network/sock.o
 .data          0xc061baf0        0x4 network/tcp_output.o
 .data          0xc061baf4       0x14 network/arp.o
 *fill*         0xc061bb08       0x18 
 .data          0xc061bb20       0x54 network/tcp_sock.o
                0xc061bb40                tcp_ops
 .data          0xc061bb74        0xc network/ipc.o
 .data          0xc061bb80        0x4 network/ip_output.o
 .data          0xc061bb84        0x4 network/netdev.o
 .data          0xc061bb88        0x4 network/dst.o
 .data          0xc061bb8c        0x4 network/tcp_input.o
 .data          0xc061bb90        0x4 network/task_network.o
 .data          0xc061bb94        0x8 network/udp.o
 .data          0xc061bb9c        0x4 network/tcp_data.o
 .data          0xc061bba0        0x4 network/utils.o
 .data          0xc061bba4        0x0 hd/hd.o
 .data          0xc061bba4        0x0 fs/fs_main.o
 .data          0xc061bba4        0x0 mm/forkexit.o
 .data          0xc061bba4        0x0 mm/exec.o
 .data          0xc061bba4        0x0 mm/main.o
 .data          0xc061bba4        0x0 mem/mem.o
 .data          0xc061bba4        0x0 lib/exec.o
 .data          0xc061bba4        0x0 lib/fork.o
 .data          0xc061bba4        0x0 lib/exit.o
 .data          0xc061bba4        0x0 lib/unlink.o
 .data          0xc061bba4        0x0 lib/wait.o
 .data          0xc061bba4        0x4 lib/socket_close.o
 .data          0xc061bba8        0x4 lib/socket_read.o
 .data          0xc061bbac        0x0 lib/alloca.o
 .data          0xc061bbac        0x0 lib/calloc.o
 .data          0xc061bbac        0x0 lib/floor.o
 .data          0xc061bbac        0x4 lib/socket_write.o
 .data          0xc061bbb0        0x0 lib/getpid.o
 .data          0xc061bbb0        0x0 lib/stdlib/atoi.o
 .data          0xc061bbb0        0x0 lib/stdlib/strtol.o
 .data          0xc061bbb0        0x0 lib/string/strtok.o
 .data          0xc061bbb0        0x0 lib/string/strcmp.o
 .data          0xc061bbb0        0x0 lib/string/strncmp.o
 .data          0xc061bbb0        0x0 lib/string/strpbrk.o
 .data          0xc061bbb0        0x0 lib/stdio/read.o
 .data          0xc061bbb0        0x0 lib/stdio/perror.o
 .data          0xc061bbb0        0x0 lib/stdio/sscanf.o
 .data          0xc061bbb0        0x0 lib/stdio/open.o
 .data          0xc061bbb0        0x0 lib/stdio/write.o
 .data          0xc061bbb0        0x0 lib/stdio/close.o
 .data          0xc061bbb0        0x4 lib/sys/socket.o
 .data          0xc061bbb4        0x4 lib/sys/connect.o
 .data          0xc061bbb8        0x0 lib/arpa/ntohs.o
 .data          0xc061bbb8        0x0 lib/arpa/htonl.o
 .data          0xc061bbb8        0x0 lib/arpa/htons.o
 .data          0xc061bbb8        0x0 lib/arpa/inet_pton.o
 .data          0xc061bbb8        0x0 lib/arpa/ntohl.o
 .data          0xc061bbb8        0x0 lib/arpa/inet_ntop.o

.data1
 *(.data1)
                0xc061bbb8                        _edata = .
                [!provide]                        PROVIDE (edata = .)
                0xc061bbb8                        . = .
                0xc061bbb8                        __bss_start = .

.bss            0xc061bbc0    0xa58a8
 *(.dynbss)
 *(.bss .bss.* .gnu.linkonce.b.*)
 .bss           0xc061bbc0      0x800 kernel/kernel_sub.o
 .bss           0xc061c3c0      0x800 kernel/kernel.o
 .bss           0xc061cbc0        0x0 double_link_list.o
 .bss           0xc061cbc0        0x0 global.o
 .bss           0xc061cbc0        0x0 kernel_main_old.o
 .bss           0xc061cbc0        0x0 kernel_main.o
 .bss           0xc061cbc0        0x0 protect.o
 .bss           0xc061cbc0        0x0 console.o
 .bss           0xc061cbc0        0x0 keyboard.o
 .bss           0xc061cbc0        0x0 process.o
 .bss           0xc061cbc0        0x0 thread.o
 .bss           0xc061cbc0        0x0 my_process.o
 .bss           0xc061cbc0        0x0 network/skbuff.o
 .bss           0xc061cbc0        0x4 network/socket.o
 .bss           0xc061cbc4        0x0 network/ip_input.o
 .bss           0xc061cbc4        0x4 network/udp_sock.o
 .bss           0xc061cbc8        0x0 network/icmpv4.o
 .bss           0xc061cbc8        0x0 network/inet.o
 .bss           0xc061cbc8        0x0 network/tcp.o
 .bss           0xc061cbc8        0x0 network/route.o
 .bss           0xc061cbc8        0x0 network/sock.o
 .bss           0xc061cbc8        0x0 network/tcp_output.o
 .bss           0xc061cbc8        0x0 network/arp.o
 .bss           0xc061cbc8        0x0 network/tcp_sock.o
 .bss           0xc061cbc8        0x4 network/ipc.o
 .bss           0xc061cbcc        0x0 network/ip_output.o
 .bss           0xc061cbcc        0x0 network/netdev.o
 .bss           0xc061cbcc        0x0 network/dst.o
 .bss           0xc061cbcc        0x0 network/tcp_input.o
 .bss           0xc061cbcc        0x0 network/task_network.o
 .bss           0xc061cbcc        0x0 network/udp.o
 .bss           0xc061cbcc        0x0 network/tcp_data.o
 .bss           0xc061cbcc        0x0 network/utils.o
 .bss           0xc061cbcc        0x0 hd/hd.o
 .bss           0xc061cbcc        0x4 fs/fs_main.o
                0xc061cbcc                c
 .bss           0xc061cbd0        0x0 mm/forkexit.o
 .bss           0xc061cbd0        0x0 mm/exec.o
 .bss           0xc061cbd0        0x0 mm/main.o
 .bss           0xc061cbd0        0x0 mem/mem.o
 .bss           0xc061cbd0        0x0 lib/exec.o
 .bss           0xc061cbd0        0x0 lib/fork.o
 .bss           0xc061cbd0        0x0 lib/exit.o
 .bss           0xc061cbd0        0x0 lib/unlink.o
 .bss           0xc061cbd0        0x0 lib/wait.o
 .bss           0xc061cbd0        0x0 lib/socket_close.o
 .bss           0xc061cbd0        0x0 lib/socket_read.o
 .bss           0xc061cbd0        0x0 lib/alloca.o
 .bss           0xc061cbd0        0x0 lib/calloc.o
 .bss           0xc061cbd0        0x0 lib/floor.o
 .bss           0xc061cbd0        0x0 lib/socket_write.o
 .bss           0xc061cbd0        0x0 lib/getpid.o
 .bss           0xc061cbd0        0x0 lib/stdlib/atoi.o
 .bss           0xc061cbd0        0x0 lib/stdlib/strtol.o
 .bss           0xc061cbd0        0x4 lib/string/strtok.o
 .bss           0xc061cbd4        0x0 lib/string/strcmp.o
 .bss           0xc061cbd4        0x0 lib/string/strncmp.o
 .bss           0xc061cbd4        0x0 lib/string/strpbrk.o
 .bss           0xc061cbd4        0x0 lib/stdio/read.o
 .bss           0xc061cbd4        0x0 lib/stdio/perror.o
 .bss           0xc061cbd4        0x0 lib/stdio/sscanf.o
 .bss           0xc061cbd4        0x0 lib/stdio/open.o
 .bss           0xc061cbd4        0x0 lib/stdio/write.o
 .bss           0xc061cbd4        0x0 lib/stdio/close.o
 .bss           0xc061cbd4        0x0 lib/sys/socket.o
 .bss           0xc061cbd4        0x0 lib/sys/connect.o
 .bss           0xc061cbd4        0x0 lib/arpa/ntohs.o
 .bss           0xc061cbd4        0x0 lib/arpa/htonl.o
 .bss           0xc061cbd4        0x0 lib/arpa/htons.o
 .bss           0xc061cbd4        0x0 lib/arpa/inet_pton.o
 .bss           0xc061cbd4        0x0 lib/arpa/ntohl.o
 .bss           0xc061cbd4        0x0 lib/arpa/inet_ntop.o
 *(COMMON)
 *fill*         0xc061cbd4        0xc 
 COMMON         0xc061cbe0     0x17dc double_link_list.o
                0xc061cbe0                current_tty
                0xc061cbe4                is_e0
                0xc061cbe8                idt_ptr
                0xc061cbf0                pid
                0xc061cbf4                KernelVirtualMemory
                0xc061cc00                loop
                0xc061cc04                current_dis_pos
                0xc061cc08                dis_pos
                0xc061cc0c                netdev
                0xc061cc10                k_reenter
                0xc061cc20                gdt
                0xc061d020                proc_ready_table
                0xc061d024                test_ticks
                0xc061d028                pcaller
                0xc061d040                keyboard_buffer
                0xc061d24c                pcb_list
                0xc061d25c                gdt_index
                0xc061d260                tty_table
                0xc061daa0                tss
                0xc061db0c                KernelPool
                0xc061db1c                net_buf
                0xc061db20                nic_current_page
                0xc061db24                counter
                0xc061db28                key_pressed
                0xc061db2c                fork_pid
                0xc061db30                is_shift
                0xc061db31                net_data
                0xc061db34                tcp_connecting_or_listening_socks
                0xc061db38                routes
                0xc061db3c                gdt_ptr
                0xc061db60                idt
                0xc061e360                main_thread
                0xc061e368                ticks
                0xc061e370                is_init
                0xc061e374                UserPool
                0xc061e384                tcp_establised_or_syn_recvd_socks
                0xc061e388                all_pcb_list
                0xc061e398                console_table
                0xc061e3a8                is_disp
                0xc061e3ac                MAIN_THREAD_PAGE_DIRECTORY
                0xc061e3b0                helloStr
 *fill*         0xc061e3bc        0x4 
 COMMON         0xc061e3c0    0xa1d40 global.o
                0xc061e3c0                proc_stack
                0xc06be3c0                proc_table
 COMMON         0xc06c0100      0x440 hd/hd.o
                0xc06c0100                hd_info
                0xc06c0340                hd_cache
 COMMON         0xc06c0540      0xe68 fs/fs_main.o
                0xc06c0540                file_desc_table
                0xc06c0940                phy_super_block_buf
                0xc06c0944                phy_fsbuf
                0xc06c0960                inode_table
                0xc06c1360                super_block_buf
                0xc06c1364                fsbuf
                0xc06c1380                root
 *fill*         0xc06c13a8       0x18 
 COMMON         0xc06c13c0       0xa8 mem/mem.o
                0xc06c13c0                kernel_mem_block_decs_array
                0xc06c1468                        . = ALIGN ((. != 0x0)?0x4:0x1)
                0xc06c1468                        . = ALIGN (0x4)
                0xc06c1468                        . = SEGMENT_START ("ldata-segment", .)
                0xc06c1468                        . = ALIGN (0x4)
                0xc06c1468                        _end = .
                [!provide]                        PROVIDE (end = .)
                0xc06c1468                        . = DATA_SEGMENT_END (.)

.stab
 *(.stab)

.stabstr
 *(.stabstr)

.stab.excl
 *(.stab.excl)

.stab.exclstr
 *(.stab.exclstr)

.stab.index
 *(.stab.index)

.stab.indexstr
 *(.stab.indexstr)

.comment        0x00000000       0x2c
 *(.comment)
 .comment       0x00000000       0x2c double_link_list.o
                                 0x2d (size before relaxing)
 .comment       0x0000002c       0x2d global.o
 .comment       0x0000002c       0x2d kernel_main_old.o
 .comment       0x0000002c       0x2d kernel_main.o
 .comment       0x0000002c       0x2d protect.o
 .comment       0x0000002c       0x2d console.o
 .comment       0x0000002c       0x2d keyboard.o
 .comment       0x0000002c       0x2d process.o
 .comment       0x0000002c       0x2d thread.o
 .comment       0x0000002c       0x2d my_process.o
 .comment       0x0000002c       0x2d network/skbuff.o
 .comment       0x0000002c       0x2d network/socket.o
 .comment       0x0000002c       0x2d network/ip_input.o
 .comment       0x0000002c       0x2d network/udp_sock.o
 .comment       0x0000002c       0x2d network/icmpv4.o
 .comment       0x0000002c       0x2d network/inet.o
 .comment       0x0000002c       0x2d network/tcp.o
 .comment       0x0000002c       0x2d network/route.o
 .comment       0x0000002c       0x2d network/sock.o
 .comment       0x0000002c       0x2d network/tcp_output.o
 .comment       0x0000002c       0x2d network/arp.o
 .comment       0x0000002c       0x2d network/tcp_sock.o
 .comment       0x0000002c       0x2d network/ipc.o
 .comment       0x0000002c       0x2d network/ip_output.o
 .comment       0x0000002c       0x2d network/netdev.o
 .comment       0x0000002c       0x2d network/dst.o
 .comment       0x0000002c       0x2d network/tcp_input.o
 .comment       0x0000002c       0x2d network/task_network.o
 .comment       0x0000002c       0x2d network/udp.o
 .comment       0x0000002c       0x2d network/tcp_data.o
 .comment       0x0000002c       0x2d network/utils.o
 .comment       0x0000002c       0x2d hd/hd.o
 .comment       0x0000002c       0x2d fs/fs_main.o
 .comment       0x0000002c       0x2d mm/forkexit.o
 .comment       0x0000002c       0x2d mm/exec.o
 .comment       0x0000002c       0x2d mm/main.o
 .comment       0x0000002c       0x2d mem/mem.o
 .comment       0x0000002c       0x2d lib/exec.o
 .comment       0x0000002c       0x2d lib/fork.o
 .comment       0x0000002c       0x2d lib/exit.o
 .comment       0x0000002c       0x2d lib/unlink.o
 .comment       0x0000002c       0x2d lib/wait.o
 .comment       0x0000002c       0x2d lib/socket_close.o
 .comment       0x0000002c       0x2d lib/socket_read.o
 .comment       0x0000002c       0x2d lib/alloca.o
 .comment       0x0000002c       0x2d lib/calloc.o
 .comment       0x0000002c       0x2d lib/floor.o
 .comment       0x0000002c       0x2d lib/socket_write.o
 .comment       0x0000002c       0x2d lib/getpid.o
 .comment       0x0000002c       0x2d lib/stdlib/atoi.o
 .comment       0x0000002c       0x2d lib/stdlib/strtol.o
 .comment       0x0000002c       0x2d lib/string/strtok.o
 .comment       0x0000002c       0x2d lib/string/strcmp.o
 .comment       0x0000002c       0x2d lib/string/strncmp.o
 .comment       0x0000002c       0x2d lib/string/strpbrk.o
 .comment       0x0000002c       0x2d lib/stdio/read.o
 .comment       0x0000002c       0x2d lib/stdio/perror.o
 .comment       0x0000002c       0x2d lib/stdio/sscanf.o
 .comment       0x0000002c       0x2d lib/stdio/open.o
 .comment       0x0000002c       0x2d lib/stdio/write.o
 .comment       0x0000002c       0x2d lib/stdio/close.o
 .comment       0x0000002c       0x2d lib/sys/socket.o
 .comment       0x0000002c       0x2d lib/sys/connect.o
 .comment       0x0000002c       0x2d lib/arpa/ntohs.o
 .comment       0x0000002c       0x2d lib/arpa/htonl.o
 .comment       0x0000002c       0x2d lib/arpa/htons.o
 .comment       0x0000002c       0x2d lib/arpa/inet_pton.o
 .comment       0x0000002c       0x2d lib/arpa/ntohl.o
 .comment       0x0000002c       0x2d lib/arpa/inet_ntop.o

.gnu.build.attributes
 *(.gnu.build.attributes .gnu.build.attributes.*)

.debug
 *(.debug)

.line
 *(.line)

.debug_srcinfo
 *(.debug_srcinfo)

.debug_sfnames
 *(.debug_sfnames)

.debug_aranges  0x00000000      0x898
 *(.debug_aranges)
 .debug_aranges
                0x00000000       0x20 double_link_list.o
 .debug_aranges
                0x00000020       0x18 global.o
 .debug_aranges
                0x00000038       0x20 kernel_main_old.o
 .debug_aranges
                0x00000058       0x20 kernel_main.o
 .debug_aranges
                0x00000078       0x20 protect.o
 .debug_aranges
                0x00000098       0x20 console.o
 .debug_aranges
                0x000000b8       0x20 keyboard.o
 .debug_aranges
                0x000000d8       0x20 process.o
 .debug_aranges
                0x000000f8       0x20 thread.o
 .debug_aranges
                0x00000118       0x20 my_process.o
 .debug_aranges
                0x00000138       0x20 network/skbuff.o
 .debug_aranges
                0x00000158       0x20 network/socket.o
 .debug_aranges
                0x00000178       0x20 network/ip_input.o
 .debug_aranges
                0x00000198       0x20 network/udp_sock.o
 .debug_aranges
                0x000001b8       0x20 network/icmpv4.o
 .debug_aranges
                0x000001d8       0x20 network/inet.o
 .debug_aranges
                0x000001f8       0x20 network/tcp.o
 .debug_aranges
                0x00000218       0x20 network/route.o
 .debug_aranges
                0x00000238       0x20 network/sock.o
 .debug_aranges
                0x00000258       0x20 network/tcp_output.o
 .debug_aranges
                0x00000278       0x20 network/arp.o
 .debug_aranges
                0x00000298       0x20 network/tcp_sock.o
 .debug_aranges
                0x000002b8       0x20 network/ipc.o
 .debug_aranges
                0x000002d8       0x20 network/ip_output.o
 .debug_aranges
                0x000002f8       0x20 network/netdev.o
 .debug_aranges
                0x00000318       0x20 network/dst.o
 .debug_aranges
                0x00000338       0x20 network/tcp_input.o
 .debug_aranges
                0x00000358       0x20 network/task_network.o
 .debug_aranges
                0x00000378       0x20 network/udp.o
 .debug_aranges
                0x00000398       0x20 network/tcp_data.o
 .debug_aranges
                0x000003b8       0x20 network/utils.o
 .debug_aranges
                0x000003d8       0x20 hd/hd.o
 .debug_aranges
                0x000003f8       0x20 fs/fs_main.o
 .debug_aranges
                0x00000418       0x20 mm/forkexit.o
 .debug_aranges
                0x00000438       0x20 mm/exec.o
 .debug_aranges
                0x00000458       0x20 mm/main.o
 .debug_aranges
                0x00000478       0x20 mem/mem.o
 .debug_aranges
                0x00000498       0x20 lib/exec.o
 .debug_aranges
                0x000004b8       0x20 lib/fork.o
 .debug_aranges
                0x000004d8       0x20 lib/exit.o
 .debug_aranges
                0x000004f8       0x20 lib/unlink.o
 .debug_aranges
                0x00000518       0x20 lib/wait.o
 .debug_aranges
                0x00000538       0x20 lib/socket_close.o
 .debug_aranges
                0x00000558       0x20 lib/socket_read.o
 .debug_aranges
                0x00000578       0x20 lib/alloca.o
 .debug_aranges
                0x00000598       0x20 lib/calloc.o
 .debug_aranges
                0x000005b8       0x20 lib/floor.o
 .debug_aranges
                0x000005d8       0x20 lib/socket_write.o
 .debug_aranges
                0x000005f8       0x20 lib/getpid.o
 .debug_aranges
                0x00000618       0x20 lib/stdlib/atoi.o
 .debug_aranges
                0x00000638       0x20 lib/stdlib/strtol.o
 .debug_aranges
                0x00000658       0x20 lib/string/strtok.o
 .debug_aranges
                0x00000678       0x20 lib/string/strcmp.o
 .debug_aranges
                0x00000698       0x20 lib/string/strncmp.o
 .debug_aranges
                0x000006b8       0x20 lib/string/strpbrk.o
 .debug_aranges
                0x000006d8       0x20 lib/stdio/read.o
 .debug_aranges
                0x000006f8       0x20 lib/stdio/perror.o
 .debug_aranges
                0x00000718       0x20 lib/stdio/sscanf.o
 .debug_aranges
                0x00000738       0x20 lib/stdio/open.o
 .debug_aranges
                0x00000758       0x20 lib/stdio/write.o
 .debug_aranges
                0x00000778       0x20 lib/stdio/close.o
 .debug_aranges
                0x00000798       0x20 lib/sys/socket.o
 .debug_aranges
                0x000007b8       0x20 lib/sys/connect.o
 .debug_aranges
                0x000007d8       0x20 lib/arpa/ntohs.o
 .debug_aranges
                0x000007f8       0x20 lib/arpa/htonl.o
 .debug_aranges
                0x00000818       0x20 lib/arpa/htons.o
 .debug_aranges
                0x00000838       0x20 lib/arpa/inet_pton.o
 .debug_aranges
                0x00000858       0x20 lib/arpa/ntohl.o
 .debug_aranges
                0x00000878       0x20 lib/arpa/inet_ntop.o

.debug_pubnames
 *(.debug_pubnames)

.debug_info     0x00000000    0x46fa1
 *(.debug_info .gnu.linkonce.wi.*)
 .debug_info    0x00000000     0x10d5 double_link_list.o
 .debug_info    0x000010d5      0xf1d global.o
 .debug_info    0x00001ff2     0x28ee kernel_main_old.o
 .debug_info    0x000048e0     0x11e8 kernel_main.o
 .debug_info    0x00005ac8     0x1248 protect.o
 .debug_info    0x00006d10     0x131d console.o
 .debug_info    0x0000802d     0x1071 keyboard.o
 .debug_info    0x0000909e      0xff5 process.o
 .debug_info    0x0000a093     0x10fc thread.o
 .debug_info    0x0000b18f     0x1530 my_process.o
 .debug_info    0x0000c6bf     0x11f0 network/skbuff.o
 .debug_info    0x0000d8af     0x1c59 network/socket.o
 .debug_info    0x0000f508     0x1b05 network/ip_input.o
 .debug_info    0x0001100d     0x1f37 network/udp_sock.o
 .debug_info    0x00012f44     0x1963 network/icmpv4.o
 .debug_info    0x000148a7     0x1abe network/inet.o
 .debug_info    0x00016365     0x1e68 network/tcp.o
 .debug_info    0x000181cd     0x13b4 network/route.o
 .debug_info    0x00019581     0x18ba network/sock.o
 .debug_info    0x0001ae3b     0x2383 network/tcp_output.o
 .debug_info    0x0001d1be     0x19da network/arp.o
 .debug_info    0x0001eb98     0x24ff network/tcp_sock.o
 .debug_info    0x00021097     0x1dfc network/ipc.o
 .debug_info    0x00022e93     0x179f network/ip_output.o
 .debug_info    0x00024632     0x1976 network/netdev.o
 .debug_info    0x00025fa8     0x12c6 network/dst.o
 .debug_info    0x0002726e     0x216b network/tcp_input.o
 .debug_info    0x000293d9     0x115e network/task_network.o
 .debug_info    0x0002a537     0x1b68 network/udp.o
 .debug_info    0x0002c09f     0x1dd1 network/tcp_data.o
 .debug_info    0x0002de70      0x367 network/utils.o
 .debug_info    0x0002e1d7     0x188c hd/hd.o
 .debug_info    0x0002fa63     0x1fce fs/fs_main.o
 .debug_info    0x00031a31     0x1031 mm/forkexit.o
 .debug_info    0x00032a62     0x126d mm/exec.o
 .debug_info    0x00033ccf      0xe5f mm/main.o
 .debug_info    0x00034b2e     0x1df1 mem/mem.o
 .debug_info    0x0003691f      0xfd3 lib/exec.o
 .debug_info    0x000378f2      0xe3b lib/fork.o
 .debug_info    0x0003872d      0xe46 lib/exit.o
 .debug_info    0x00039573      0xf24 lib/unlink.o
 .debug_info    0x0003a497      0xe54 lib/wait.o
 .debug_info    0x0003b2eb     0x1067 lib/socket_close.o
 .debug_info    0x0003c352     0x116f lib/socket_read.o
 .debug_info    0x0003d4c1       0xb6 lib/alloca.o
 .debug_info    0x0003d577      0xf4c lib/calloc.o
 .debug_info    0x0003e4c3       0x6b lib/floor.o
 .debug_info    0x0003e52e     0x1217 lib/socket_write.o
 .debug_info    0x0003f745      0xe3b lib/getpid.o
 .debug_info    0x00040580       0xc9 lib/stdlib/atoi.o
 .debug_info    0x00040649       0xd6 lib/stdlib/strtol.o
 .debug_info    0x0004071f       0xae lib/string/strtok.o
 .debug_info    0x000407cd       0xc1 lib/string/strcmp.o
 .debug_info    0x0004088e      0x110 lib/string/strncmp.o
 .debug_info    0x0004099e       0xcf lib/string/strpbrk.o
 .debug_info    0x00040a6d      0xea1 lib/stdio/read.o
 .debug_info    0x0004190e       0x5c lib/stdio/perror.o
 .debug_info    0x0004196a      0x202 lib/stdio/sscanf.o
 .debug_info    0x00041b6c      0xe02 lib/stdio/open.o
 .debug_info    0x0004296e      0xe9e lib/stdio/write.o
 .debug_info    0x0004380c      0xdb6 lib/stdio/close.o
 .debug_info    0x000445c2     0x1130 lib/sys/socket.o
 .debug_info    0x000456f2     0x11df lib/sys/connect.o
 .debug_info    0x000468d1       0xa8 lib/arpa/ntohs.o
 .debug_info    0x00046979       0xcb lib/arpa/htonl.o
 .debug_info    0x00046a44       0xa8 lib/arpa/htons.o
 .debug_info    0x00046aec      0x260 lib/arpa/inet_pton.o
 .debug_info    0x00046d4c       0xcb lib/arpa/ntohl.o
 .debug_info    0x00046e17      0x18a lib/arpa/inet_ntop.o

.debug_abbrev   0x00000000     0x85c7
 *(.debug_abbrev)
 .debug_abbrev  0x00000000      0x216 double_link_list.o
 .debug_abbrev  0x00000216      0x157 global.o
 .debug_abbrev  0x0000036d      0x43a kernel_main_old.o
 .debug_abbrev  0x000007a7      0x25e kernel_main.o
 .debug_abbrev  0x00000a05      0x227 protect.o
 .debug_abbrev  0x00000c2c      0x2ac console.o
 .debug_abbrev  0x00000ed8      0x1fb keyboard.o
 .debug_abbrev  0x000010d3      0x1e0 process.o
 .debug_abbrev  0x000012b3      0x222 thread.o
 .debug_abbrev  0x000014d5      0x260 my_process.o
 .debug_abbrev  0x00001735      0x23f network/skbuff.o
 .debug_abbrev  0x00001974      0x327 network/socket.o
 .debug_abbrev  0x00001c9b      0x2d1 network/ip_input.o
 .debug_abbrev  0x00001f6c      0x3b1 network/udp_sock.o
 .debug_abbrev  0x0000231d      0x236 network/icmpv4.o
 .debug_abbrev  0x00002553      0x24b network/inet.o
 .debug_abbrev  0x0000279e      0x332 network/tcp.o
 .debug_abbrev  0x00002ad0      0x263 network/route.o
 .debug_abbrev  0x00002d33      0x273 network/sock.o
 .debug_abbrev  0x00002fa6      0x39b network/tcp_output.o
 .debug_abbrev  0x00003341      0x345 network/arp.o
 .debug_abbrev  0x00003686      0x3fb network/tcp_sock.o
 .debug_abbrev  0x00003a81      0x311 network/ipc.o
 .debug_abbrev  0x00003d92      0x213 network/ip_output.o
 .debug_abbrev  0x00003fa5      0x325 network/netdev.o
 .debug_abbrev  0x000042ca      0x245 network/dst.o
 .debug_abbrev  0x0000450f      0x355 network/tcp_input.o
 .debug_abbrev  0x00004864      0x1cf network/task_network.o
 .debug_abbrev  0x00004a33      0x2d3 network/udp.o
 .debug_abbrev  0x00004d06      0x2a6 network/tcp_data.o
 .debug_abbrev  0x00004fac      0x17a network/utils.o
 .debug_abbrev  0x00005126      0x2e3 hd/hd.o
 .debug_abbrev  0x00005409      0x2f8 fs/fs_main.o
 .debug_abbrev  0x00005701      0x204 mm/forkexit.o
 .debug_abbrev  0x00005905      0x1c4 mm/exec.o
 .debug_abbrev  0x00005ac9      0x208 mm/main.o
 .debug_abbrev  0x00005cd1      0x330 mem/mem.o
 .debug_abbrev  0x00006001      0x1e8 lib/exec.o
 .debug_abbrev  0x000061e9      0x18a lib/fork.o
 .debug_abbrev  0x00006373      0x19b lib/exit.o
 .debug_abbrev  0x0000650e      0x193 lib/unlink.o
 .debug_abbrev  0x000066a1      0x19f lib/wait.o
 .debug_abbrev  0x00006840      0x1b0 lib/socket_close.o
 .debug_abbrev  0x000069f0      0x1dd lib/socket_read.o
 .debug_abbrev  0x00006bcd       0xcd lib/alloca.o
 .debug_abbrev  0x00006c9a      0x191 lib/calloc.o
 .debug_abbrev  0x00006e2b       0x6a lib/floor.o
 .debug_abbrev  0x00006e95      0x1e2 lib/socket_write.o
 .debug_abbrev  0x00007077      0x18a lib/getpid.o
 .debug_abbrev  0x00007201       0x94 lib/stdlib/atoi.o
 .debug_abbrev  0x00007295       0x8b lib/stdlib/strtol.o
 .debug_abbrev  0x00007320       0x91 lib/string/strtok.o
 .debug_abbrev  0x000073b1       0x94 lib/string/strcmp.o
 .debug_abbrev  0x00007445       0xbe lib/string/strncmp.o
 .debug_abbrev  0x00007503       0xa5 lib/string/strpbrk.o
 .debug_abbrev  0x000075a8      0x1ef lib/stdio/read.o
 .debug_abbrev  0x00007797       0x5c lib/stdio/perror.o
 .debug_abbrev  0x000077f3       0xca lib/stdio/sscanf.o
 .debug_abbrev  0x000078bd      0x1c5 lib/stdio/open.o
 .debug_abbrev  0x00007a82      0x1db lib/stdio/write.o
 .debug_abbrev  0x00007c5d      0x19d lib/stdio/close.o
 .debug_abbrev  0x00007dfa      0x1cc lib/sys/socket.o
 .debug_abbrev  0x00007fc6      0x1d3 lib/sys/connect.o
 .debug_abbrev  0x00008199       0x6c lib/arpa/ntohs.o
 .debug_abbrev  0x00008205       0xa5 lib/arpa/htonl.o
 .debug_abbrev  0x000082aa       0x6c lib/arpa/htons.o
 .debug_abbrev  0x00008316      0x116 lib/arpa/inet_pton.o
 .debug_abbrev  0x0000842c       0xa5 lib/arpa/ntohl.o
 .debug_abbrev  0x000084d1       0xf6 lib/arpa/inet_ntop.o

.debug_line     0x00000000     0xac09
 *(.debug_line .debug_line.* .debug_line_end)
 .debug_line    0x00000000      0x235 double_link_list.o
 .debug_line    0x00000235       0xb3 global.o
 .debug_line    0x000002e8      0xe38 kernel_main_old.o
 .debug_line    0x00001120      0x26e kernel_main.o
 .debug_line    0x0000138e      0x21d protect.o
 .debug_line    0x000015ab      0x56c console.o
 .debug_line    0x00001b17      0x2b4 keyboard.o
 .debug_line    0x00001dcb      0x1dc process.o
 .debug_line    0x00001fa7      0x163 thread.o
 .debug_line    0x0000210a      0x359 my_process.o
 .debug_line    0x00002463      0x1ab network/skbuff.o
 .debug_line    0x0000260e      0x3c8 network/socket.o
 .debug_line    0x000029d6      0x28d network/ip_input.o
 .debug_line    0x00002c63      0x4c8 network/udp_sock.o
 .debug_line    0x0000312b      0x232 network/icmpv4.o
 .debug_line    0x0000335d      0x326 network/inet.o
 .debug_line    0x00003683      0x310 network/tcp.o
 .debug_line    0x00003993      0x2a9 network/route.o
 .debug_line    0x00003c3c      0x238 network/sock.o
 .debug_line    0x00003e74      0x5a1 network/tcp_output.o
 .debug_line    0x00004415      0x572 network/arp.o
 .debug_line    0x00004987      0x67f network/tcp_sock.o
 .debug_line    0x00005006      0x621 network/ipc.o
 .debug_line    0x00005627      0x20b network/ip_output.o
 .debug_line    0x00005832      0x4b3 network/netdev.o
 .debug_line    0x00005ce5      0x1ab network/dst.o
 .debug_line    0x00005e90      0x674 network/tcp_input.o
 .debug_line    0x00006504      0x22d network/task_network.o
 .debug_line    0x00006731      0x302 network/udp.o
 .debug_line    0x00006a33      0x3ff network/tcp_data.o
 .debug_line    0x00006e32      0x13c network/utils.o
 .debug_line    0x00006f6e      0x64d hd/hd.o
 .debug_line    0x000075bb      0xc43 fs/fs_main.o
 .debug_line    0x000081fe      0x192 mm/forkexit.o
 .debug_line    0x00008390      0x22a mm/exec.o
 .debug_line    0x000085ba      0x10a mm/main.o
 .debug_line    0x000086c4      0x78e mem/mem.o
 .debug_line    0x00008e52      0x1a9 lib/exec.o
 .debug_line    0x00008ffb       0xc3 lib/fork.o
 .debug_line    0x000090be       0xbe lib/exit.o
 .debug_line    0x0000917c       0xde lib/unlink.o
 .debug_line    0x0000925a       0xd5 lib/wait.o
 .debug_line    0x0000932f      0x151 lib/socket_close.o
 .debug_line    0x00009480      0x192 lib/socket_read.o
 .debug_line    0x00009612       0x5f lib/alloca.o
 .debug_line    0x00009671       0xf9 lib/calloc.o
 .debug_line    0x0000976a       0x5a lib/floor.o
 .debug_line    0x000097c4      0x1b4 lib/socket_write.o
 .debug_line    0x00009978       0xbe lib/getpid.o
 .debug_line    0x00009a36       0xad lib/stdlib/atoi.o
 .debug_line    0x00009ae3       0xbb lib/stdlib/strtol.o
 .debug_line    0x00009b9e       0x6e lib/string/strtok.o
 .debug_line    0x00009c0c       0x9c lib/string/strcmp.o
 .debug_line    0x00009ca8       0xcc lib/string/strncmp.o
 .debug_line    0x00009d74       0xb0 lib/string/strpbrk.o
 .debug_line    0x00009e24      0x15b lib/stdio/read.o
 .debug_line    0x00009f7f       0x48 lib/stdio/perror.o
 .debug_line    0x00009fc7      0x220 lib/stdio/sscanf.o
 .debug_line    0x0000a1e7       0xc3 lib/stdio/open.o
 .debug_line    0x0000a2aa       0xe0 lib/stdio/write.o
 .debug_line    0x0000a38a       0xb3 lib/stdio/close.o
 .debug_line    0x0000a43d      0x194 lib/sys/socket.o
 .debug_line    0x0000a5d1      0x1a0 lib/sys/connect.o
 .debug_line    0x0000a771       0x6c lib/arpa/ntohs.o
 .debug_line    0x0000a7dd       0xc1 lib/arpa/htonl.o
 .debug_line    0x0000a89e       0x6c lib/arpa/htons.o
 .debug_line    0x0000a90a      0x167 lib/arpa/inet_pton.o
 .debug_line    0x0000aa71       0xc1 lib/arpa/ntohl.o
 .debug_line    0x0000ab32       0xd7 lib/arpa/inet_ntop.o

.debug_frame
 *(.debug_frame)

.debug_str      0x00000000     0x3938
 *(.debug_str)
 .debug_str     0x00000000     0x3938 double_link_list.o
                                0x73e (size before relaxing)
 .debug_str     0x00003938      0x66c global.o
 .debug_str     0x00003938      0xbe7 kernel_main_old.o
 .debug_str     0x00003938      0x7b5 kernel_main.o
 .debug_str     0x00003938      0x7c7 protect.o
 .debug_str     0x00003938      0x7bb console.o
 .debug_str     0x00003938      0x6f8 keyboard.o
 .debug_str     0x00003938      0x6a6 process.o
 .debug_str     0x00003938      0x773 thread.o
 .debug_str     0x00003938      0x95a my_process.o
 .debug_str     0x00003938      0x75e network/skbuff.o
 .debug_str     0x00003938      0x98a network/socket.o
 .debug_str     0x00003938      0x9e6 network/ip_input.o
 .debug_str     0x00003938      0xabc network/udp_sock.o
 .debug_str     0x00003938      0x965 network/icmpv4.o
 .debug_str     0x00003938      0x949 network/inet.o
 .debug_str     0x00003938      0xb78 network/tcp.o
 .debug_str     0x00003938      0x812 network/route.o
 .debug_str     0x00003938      0x901 network/sock.o
 .debug_str     0x00003938      0xc68 network/tcp_output.o
 .debug_str     0x00003938      0x971 network/arp.o
 .debug_str     0x00003938      0xd7b network/tcp_sock.o
 .debug_str     0x00003938      0x9ca network/ipc.o
 .debug_str     0x00003938      0x8a1 network/ip_output.o
 .debug_str     0x00003938      0x973 network/netdev.o
 .debug_str     0x00003938      0x779 network/dst.o
 .debug_str     0x00003938      0xbd8 network/tcp_input.o
 .debug_str     0x00003938      0x71b network/task_network.o
 .debug_str     0x00003938      0x998 network/udp.o
 .debug_str     0x00003938      0xa94 network/tcp_data.o
 .debug_str     0x00003938      0x1b8 network/utils.o
 .debug_str     0x00003938      0x975 hd/hd.o
 .debug_str     0x00003938      0xb56 fs/fs_main.o
 .debug_str     0x00003938      0x673 mm/forkexit.o
 .debug_str     0x00003938      0x8c9 mm/exec.o
 .debug_str     0x00003938      0x5f4 mm/main.o
 .debug_str     0x00003938      0xb1a mem/mem.o
 .debug_str     0x00003938      0x688 lib/exec.o
 .debug_str     0x00003938      0x5fa lib/fork.o
 .debug_str     0x00003938      0x601 lib/exit.o
 .debug_str     0x00003938      0x680 lib/unlink.o
 .debug_str     0x00003938      0x601 lib/wait.o
 .debug_str     0x00003938      0x71f lib/socket_close.o
 .debug_str     0x00003938      0x796 lib/socket_read.o
 .debug_str     0x00003938       0xce lib/alloca.o
 .debug_str     0x00003938      0x68d lib/calloc.o
 .debug_str     0x00003938       0xa2 lib/floor.o
 .debug_str     0x00003938      0x7df lib/socket_write.o
 .debug_str     0x00003938      0x5fe lib/getpid.o
 .debug_str     0x00003938       0xad lib/stdlib/atoi.o
 .debug_str     0x00003938       0xc6 lib/stdlib/strtol.o
 .debug_str     0x00003938       0xb9 lib/string/strtok.o
 .debug_str     0x00003938       0xb1 lib/string/strcmp.o
 .debug_str     0x00003938       0xba lib/string/strncmp.o
 .debug_str     0x00003938       0xc1 lib/string/strpbrk.o
 .debug_str     0x00003938      0x617 lib/stdio/read.o
 .debug_str     0x00003938       0x99 lib/stdio/perror.o
 .debug_str     0x00003938      0x109 lib/stdio/sscanf.o
 .debug_str     0x00003938      0x5de lib/stdio/open.o
 .debug_str     0x00003938      0x5f3 lib/stdio/write.o
 .debug_str     0x00003938      0x5a6 lib/stdio/close.o
 .debug_str     0x00003938      0x72b lib/sys/socket.o
 .debug_str     0x00003938      0x792 lib/sys/connect.o
 .debug_str     0x00003938      0x101 lib/arpa/ntohs.o
 .debug_str     0x00003938       0xf4 lib/arpa/htonl.o
 .debug_str     0x00003938      0x102 lib/arpa/htons.o
 .debug_str     0x00003938      0x14c lib/arpa/inet_pton.o
 .debug_str     0x00003938       0xf3 lib/arpa/ntohl.o
 .debug_str     0x00003938      0x10f lib/arpa/inet_ntop.o

.debug_loc
 *(.debug_loc)

.debug_macinfo
 *(.debug_macinfo)

.debug_weaknames
 *(.debug_weaknames)

.debug_funcnames
 *(.debug_funcnames)

.debug_typenames
 *(.debug_typenames)

.debug_varnames
 *(.debug_varnames)

.debug_pubtypes
 *(.debug_pubtypes)

.debug_ranges   0x00000000       0x90
 *(.debug_ranges)
 .debug_ranges  0x00000000       0x30 kernel_main_old.o
 .debug_ranges  0x00000030       0x48 hd/hd.o
 .debug_ranges  0x00000078       0x18 mm/exec.o

.debug_addr
 *(.debug_addr)

.debug_line_str
 *(.debug_line_str)

.debug_loclists
 *(.debug_loclists)

.debug_macro
 *(.debug_macro)

.debug_names
 *(.debug_names)

.debug_rnglists
 *(.debug_rnglists)

.debug_str_offsets
 *(.debug_str_offsets)

.debug_sup
 *(.debug_sup)

.gnu.attributes
 *(.gnu.attributes)

/DISCARD/
 *(.note.GNU-stack)
 *(.gnu_debuglink)
 *(.gnu.lto_*)
OUTPUT(kernel.bin elf32-i386)
