
Merging program properties

Removed property 0xc0010001 to merge double_link_list.o (0x1) and kernel/kernel_sub.o (not found)
Removed property 0xc0010002 to merge double_link_list.o (0x0) and kernel/kernel_sub.o (not found)
Removed property 0xc0010001 to merge double_link_list.o (not found) and global.o (0x1)
Removed property 0xc0010002 to merge double_link_list.o (not found) and global.o (0x0)
Removed property 0xc0010001 to merge double_link_list.o (not found) and kernel_main_old.o (0x1)
Removed property 0xc0010002 to merge double_link_list.o (not found) and kernel_main_old.o (0x1)
Removed property 0xc0010001 to merge double_link_list.o (not found) and kernel_main.o (0x1)
Removed property 0xc0010002 to merge double_link_list.o (not found) and kernel_main.o (0x0)
Removed property 0xc0010001 to merge double_link_list.o (not found) and protect.o (0x1)
Removed property 0xc0010002 to merge double_link_list.o (not found) and protect.o (0x0)
Removed property 0xc0010001 to merge double_link_list.o (not found) and console.o (0x1)
Removed property 0xc0010002 to merge double_link_list.o (not found) and console.o (0x1)
Removed property 0xc0010001 to merge double_link_list.o (not found) and process.o (0x1)
Removed property 0xc0010002 to merge double_link_list.o (not found) and process.o (0x0)
Removed property 0xc0010001 to merge double_link_list.o (not found) and keyboard.o (0x1)
Removed property 0xc0010002 to merge double_link_list.o (not found) and keyboard.o (0x0)
Removed property 0xc0010001 to merge double_link_list.o (not found) and thread.o (0x1)
Removed property 0xc0010002 to merge double_link_list.o (not found) and thread.o (0x0)
Removed property 0xc0010001 to merge double_link_list.o (not found) and my_process.o (0x1)
Removed property 0xc0010002 to merge double_link_list.o (not found) and my_process.o (0x1)
Removed property 0xc0010001 to merge double_link_list.o (not found) and network/skbuff.o (0x1)
Removed property 0xc0010002 to merge double_link_list.o (not found) and network/skbuff.o (0x0)
Removed property 0xc0010001 to merge double_link_list.o (not found) and network/socket.o (0x1)
Removed property 0xc0010002 to merge double_link_list.o (not found) and network/socket.o (0x0)
Removed property 0xc0010001 to merge double_link_list.o (not found) and network/ip_input.o (0x1)
Removed property 0xc0010002 to merge double_link_list.o (not found) and network/ip_input.o (0x0)
Removed property 0xc0010001 to merge double_link_list.o (not found) and network/udp_sock.o (0x1)
Removed property 0xc0010002 to merge double_link_list.o (not found) and network/udp_sock.o (0x0)
Removed property 0xc0010001 to merge double_link_list.o (not found) and network/tcp_sock.o (0x1)
Removed property 0xc0010002 to merge double_link_list.o (not found) and network/tcp_sock.o (0x0)
Removed property 0xc0010001 to merge double_link_list.o (not found) and network/inet.o (0x1)
Removed property 0xc0010002 to merge double_link_list.o (not found) and network/inet.o (0x0)
Removed property 0xc0010001 to merge double_link_list.o (not found) and network/tcp.o (0x1)
Removed property 0xc0010002 to merge double_link_list.o (not found) and network/tcp.o (0x0)
Removed property 0xc0010001 to merge double_link_list.o (not found) and network/sock.o (0x1)
Removed property 0xc0010002 to merge double_link_list.o (not found) and network/sock.o (0x0)
Removed property 0xc0010001 to merge double_link_list.o (not found) and network/tcp_output.o (0x1)
Removed property 0xc0010002 to merge double_link_list.o (not found) and network/tcp_output.o (0x1)
Removed property 0xc0010001 to merge double_link_list.o (not found) and network/arp.o (0x1)
Removed property 0xc0010002 to merge double_link_list.o (not found) and network/arp.o (0x0)
Removed property 0xc0010001 to merge double_link_list.o (not found) and network/route.o (0x1)
Removed property 0xc0010002 to merge double_link_list.o (not found) and network/route.o (0x0)
Removed property 0xc0010001 to merge double_link_list.o (not found) and network/ipc.o (0x1)
Removed property 0xc0010002 to merge double_link_list.o (not found) and network/ipc.o (0x1)
Removed property 0xc0010001 to merge double_link_list.o (not found) and network/icmpv4.o (0x1)
Removed property 0xc0010002 to merge double_link_list.o (not found) and network/icmpv4.o (0x0)
Removed property 0xc0010001 to merge double_link_list.o (not found) and network/ip_output.o (0x1)
Removed property 0xc0010002 to merge double_link_list.o (not found) and network/ip_output.o (0x0)
Removed property 0xc0010001 to merge double_link_list.o (not found) and network/netdev.o (0x1)
Removed property 0xc0010002 to merge double_link_list.o (not found) and network/netdev.o (0x0)
Removed property 0xc0010001 to merge double_link_list.o (not found) and network/dst.o (0x1)
Removed property 0xc0010002 to merge double_link_list.o (not found) and network/dst.o (0x0)
Removed property 0xc0010001 to merge double_link_list.o (not found) and network/tcp_input.o (0x1)
[...]
Memory Configuration

Name             Origin             Length             Attributes
*default*        0x00000000         0xffffffff

Linker script and memory map

Address of section .text set to 0xc0600000
LOAD kernel/kernel_sub.o
LOAD kernel/kernel.o
LOAD switch_to.o
LOAD string.o
LOAD syscall.o
LOAD hd/hd_rdwt.o
LOAD network/ne2000.o
LOAD double_link_list.o
LOAD global.o
LOAD kernel_main_old.o
LOAD kernel_main.o
LOAD protect.o
LOAD console.o
LOAD process.o
LOAD keyboard.o
LOAD thread.o
LOAD my_process.o
LOAD network/skbuff.o
LOAD network/socket.o
LOAD network/ip_input.o
LOAD network/udp_sock.o
LOAD network/tcp_sock.o
LOAD network/inet.o
LOAD network/tcp.o
LOAD network/sock.o
LOAD network/tcp_output.o
LOAD network/arp.o
LOAD network/route.o
LOAD network/ipc.o
LOAD network/icmpv4.o
LOAD network/ip_output.o
LOAD network/netdev.o
LOAD network/dst.o
LOAD network/tcp_input.o
LOAD network/task_network.o
LOAD network/udp.o
LOAD network/tcp_data.o
LOAD network/utils.o
LOAD hd/hd.o
LOAD fs/fs_main.o
LOAD mm/forkexit.o
LOAD mm/exec.o
LOAD mm/main.o
LOAD mem/mem.o
LOAD lib/exec.o
LOAD lib/fork.o
LOAD lib/exit.o
LOAD lib/unlink.o
LOAD lib/wait.o
LOAD lib/socket_close.o
LOAD lib/socket_read.o
LOAD lib/alloca.o
LOAD lib/calloc.o
LOAD lib/floor.o
LOAD lib/socket_write.o
LOAD lib/getpid.o
LOAD lib/stdlib/atoi.o
LOAD lib/stdlib/strtol.o
LOAD lib/string/strtok.o
LOAD lib/string/strcmp.o
LOAD lib/string/strncmp.o
LOAD lib/string/strpbrk.o
LOAD lib/stdio/read.o
LOAD lib/stdio/perror.o
LOAD lib/stdio/sscanf.o
LOAD lib/stdio/open.o
LOAD lib/stdio/write.o
LOAD lib/stdio/close.o
LOAD lib/sys/socket.o
LOAD lib/sys/connect.o
LOAD lib/arpa/ntohs.o
LOAD lib/arpa/htonl.o
LOAD lib/arpa/htons.o
LOAD lib/arpa/inet_pton.o
LOAD lib/arpa/ntohl.o
LOAD lib/arpa/inet_ntop.o
                [!provide]                        PROVIDE (__executable_start = SEGMENT_START ("text-segment", 0x8048000))
                0x080480d4                        . = (SEGMENT_START ("text-segment", 0x8048000) + SIZEOF_HEADERS)

.interp
 *(.interp)

.note.gnu.build-id
 *(.note.gnu.build-id)

.hash
 *(.hash)

.gnu.hash
 *(.gnu.hash)

.dynsym
 *(.dynsym)

.dynstr
 *(.dynstr)

.gnu.version
 *(.gnu.version)

.gnu.version_d
 *(.gnu.version_d)

.gnu.version_r
 *(.gnu.version_r)

.rel.dyn        0x080480d4        0x0
 *(.rel.init)
 *(.rel.text .rel.text.* .rel.gnu.linkonce.t.*)
 .rel.text      0x080480d4        0x0 kernel/kernel_sub.o
 *(.rel.fini)
 *(.rel.rodata .rel.rodata.* .rel.gnu.linkonce.r.*)
 *(.rel.data.rel.ro .rel.data.rel.ro.* .rel.gnu.linkonce.d.rel.ro.*)
 *(.rel.data .rel.data.* .rel.gnu.linkonce.d.*)
 *(.rel.tdata .rel.tdata.* .rel.gnu.linkonce.td.*)
 *(.rel.tbss .rel.tbss.* .rel.gnu.linkonce.tb.*)
 *(.rel.ctors)
 *(.rel.dtors)
 *(.rel.got)
 .rel.got       0x080480d4        0x0 kernel/kernel_sub.o
 *(.rel.bss .rel.bss.* .rel.gnu.linkonce.b.*)
 *(.rel.ifunc)

.rel.plt        0x080480d4        0x0
 *(.rel.plt)
                [!provide]                        PROVIDE (__rel_iplt_start = .)
 *(.rel.iplt)
 .rel.iplt      0x080480d4        0x0 kernel/kernel_sub.o
                [!provide]                        PROVIDE (__rel_iplt_end = .)

.relr.dyn
 *(.relr.dyn)
                0x08049000                        . = ALIGN (CONSTANT (MAXPAGESIZE))

.init
 *(SORT_NONE(.init))

.plt            0x08049000        0x0
 *(.plt)
 *(.iplt)
 .iplt          0x08049000        0x0 kernel/kernel_sub.o

.plt.got
 *(.plt.got)

.plt.sec
 *(.plt.sec)

.text           0xc0600000    0x13652
 *(.text.unlikely .text.*_unlikely .text.unlikely.*)
 *(.text.exit .text.exit.*)
 *(.text.startup .text.startup.*)
 *(.text.hot .text.hot.*)
 *(SORT_BY_NAME(.text.sorted.*))
 *(.text .stub .text.* .gnu.linkonce.t.*)
 .text          0xc0600000       0x71 kernel/kernel_sub.o
                0xc0600000                _start
 *fill*         0xc0600071        0xf 
 .text          0xc0600080      0x3d2 kernel/kernel.o
                0xc0600080                InterruptTest
                0xc060008c                disp_str_len
                0xc06000d9                disp_str
                0xc0600114                disp_str_colour
                0xc0600150                divide_zero_fault
                0xc0600156                single_step_fault
                0xc060015c                non_maskable_interrupt
                0xc0600162                breakpoint_trap
                0xc0600168                overflow_trap
                0xc060016e                bound_range_exceeded_fault
                0xc0600174                invalid_opcode_fault
                0xc060017a                coprocessor_not_available_fault
                0xc0600180                double_fault_exception_abort
                0xc0600184                coprocessor_segment_overrun
                0xc060018a                invalid_task_state_segment_fault
                0xc060018e                segment_not_present_fault
                0xc0600192                stack_exception_fault
                0xc0600196                general_protection_exception_fault
                0xc06001a1                page_fault
                0xc06001a5                coprocessor_error_fault
                0xc06001ab                align_check_fault
                0xc06001af                simd_float_exception_fault
                0xc06001be                hwint0
                0xc06001ee                hwint1
                0xc0600231                hwint14
                0xc0600277                hwint10
                0xc06002ba                sys_call
                0xc0600300                fork_restart
                0xc060030f                restart
                0xc0600332                in_byte
                0xc060033e                out_byte
                0xc0600360                disable_int
                0xc0600362                enable_int
                0xc06003f8                enable_8259A_casecade_irq
                0xc0600402                disable_8259A_casecade_irq
                0xc060040c                enable_8259A_slave_winchester_irq
                0xc0600416                disable_8259A_slave_winchester_irq
                0xc0600420                update_cr3
                0xc060042d                update_tss
                0xc060043c                get_running_thread_pcb
                0xc0600442                sys_call_test
                0xc0600445                enable_8259A_slave_net_irq
 *fill*         0xc0600452        0xe 
 .text          0xc0600460       0x15 switch_to.o
                0xc0600460                switch_to
 *fill*         0xc0600475        0xb 
 .text          0xc0600480       0x6a syscall.o
                0xc0600480                write_debug
                0xc0600490                send_msg
                0xc06004a6                receive_msg
                0xc06004bc                sys_malloc
                0xc06004d1                sys_free
 *fill*         0xc06004ea        0x6 
 .text          0xc06004f0      0x286 network/ne2000.o
                0xc0600513                DriverInitialize
                0xc060059d                StartSendToPhysicalLink
                0xc06005b8                SetPageStart
                0xc06005e0                DriverSend
                0xc060065a                PCtoNIC
                0xc06006c5                get_interrupt_status
                0xc06006e2                set_interrupt_status
                0xc0600702                get_curr_page
                0xc060071f                NICtoPC
 .text          0xc0600776      0x2ee double_link_list.o
                0xc0600776                initDoubleLinkList
                0xc06007c6                isListEmpty
                0xc06007f4                findElementInList
                0xc060088b                appendToDoubleLinkList
                0xc0600951                insertToDoubleLinkList
                0xc06009d5                popFromDoubleLinkList
 .text          0xc0600a64        0x0 global.o
 .text          0xc0600a64     0x2de4 kernel_main_old.o
                0xc0600a64                stop_here
                0xc0600aa8                catch_error
                0xc0600b0d                intr_enable
                0xc0600b36                intr_disable
                0xc0600b5f                intr_set_status
                0xc0600b7d                intr_get_status
                0xc0600b9a                Memcpy
                0xc0600bcd                untar
                0xc0600edd                num_to_string
                0xc0600f83                disp_int
                0xc0600fac                do_page_fault
                0xc06010e9                exception_handler
                0xc06012d4                init_internal_interrupt
                0xc0601449                spurious_irq
                0xc06014d7                init_keyboard
                0xc060151a                TestTTY
                0xc06015b9                TestReadReturnValue
                0xc0601636                TestWriteReturnValue
                0xc060170a                TestFS2
                0xc0601718                TestFS
                0xc0601bba                wait_exit
                0xc0601cb8                INIT_fork
                0xc0601fab                simple_shell
                0xc0602132                test_shell
                0xc060219a                test_exec
                0xc060228d                INIT
                0xc060229a                TestA
                0xc06022cf                delay
                0xc0602313                TestB
                0xc060232b                TestC
                0xc060235e                sys_get_ticks
                0xc060236e                sys_write
                0xc06023c2                milli_delay
                0xc06023fe                TaskSys
                0xc0602403                Printf
                0xc06024d5                sprintf
                0xc0602501                vsprintf
                0xc06026ad                printx
                0xc06026f0                sys_printx
                0xc06027bc                spin
                0xc06027e2                panic
                0xc0602800                assertion_failure
                0xc0602872                assertion_failure2
                0xc06028e7                dead_lock
                0xc06028f1                sys_send_msg
                0xc0602e10                sys_receive_msg
                0xc0603470                send_rec
                0xc060356b                block
                0xc06035a7                unblock
                0xc06035f7                get_ticks_ipc
                0xc0603651                itoa
                0xc06036a7                i2a
                0xc060370d                inform_int
                0xc06037d9                deprecate_strcmp
 .text          0xc0603848      0x54c kernel_main.o
                0xc0603848                kernel_main
                0xc0603a22                init
                0xc0603ab9                kernel_thread_a
                0xc0603b06                kernel_thread_b
                0xc0603b53                kernel_thread_c
                0xc0603b69                kernel_thread_d
                0xc0603b7f                user_proc_a
                0xc0603d68                user_proc_b
 .text          0xc0603d94      0x3b3 protect.o
                0xc0603d94                InitDescriptor
                0xc0603e01                Seg2PhyAddr
                0xc0603e42                Seg2PhyAddrLDT
                0xc0603e86                VirAddr2PhyAddr
                0xc0603e9c                v2l
                0xc0603edf                init_propt
                0xc0604060                InitInterruptDesc
                0xc06040bc                ReloadGDT
 .text          0xc0604147      0xad3 console.o
                0xc0604147                select_console
                0xc0604183                flush
                0xc06041bc                set_cursor
                0xc060421a                set_console_start_video_addr
                0xc0604278                put_key
                0xc06042e4                scroll_up
                0xc0604326                scroll_down
                0xc0604391                out_char
                0xc060454e                tty_dev_read
                0xc0604578                tty_dev_write
                0xc06047a5                tty_do_read
                0xc060486d                tty_do_write
                0xc06049d6                init_screen
                0xc0604a5f                init_tty
                0xc0604b14                TaskTTY
 .text          0xc0604c1a      0x2b7 process.o
                0xc0604c1a                schedule_process
                0xc0604de0                clock_handler
                0xc0604e56                pid2proc
                0xc0604eba                proc2pid
 .text          0xc0604ed1      0x40f keyboard.o
                0xc0604ed1                keyboard_handler
                0xc0604f55                read_from_keyboard_buf
                0xc0604fbb                keyboard_read
                0xc060513a                init_keyboard_handler
                0xc060514e                in_process
 .text          0xc06052e0      0x1b2 thread.o
                0xc06052e0                kernel_thread
                0xc06052f8                thread_init
                0xc06053a5                thread_create
                0xc06053da                thread_start
 .text          0xc0605492      0x730 my_process.o
                0xc0605492                create_user_process_address_space
                0xc0605522                user_process
                0xc060564f                clone_pcb
                0xc06057c1                build_body_stack
                0xc06058f4                build_process_kernel_stack
                0xc06059b7                fork_process
                0xc0605a48                process_execute
 .text          0xc0605bc2      0x15b network/skbuff.o
                0xc0605bdb                alloc_skb
                0xc0605c6c                free_skb
                0xc0605c9f                skb_reserve
                0xc0605cbb                skb_push
                0xc0605cea                skb_head
                0xc0605cf5                skb_reset_header
 .text          0xc0605d1d      0x66c network/socket.o
                0xc0605dcd                test
                0xc0605e29                socket_debug
                0xc0605e8a                free_socket
                0xc0605f46                _socket
                0xc0606005                _bind
                0xc0606058                _connect
                0xc06060aa                _write
                0xc0606101                _read
                0xc0606158                _recvfrom
                0xc0606199                _sendto
                0xc06061f0                _close
                0xc060626f                _listen
                0xc06062d5                _accept
 .text          0xc0606389      0x2ed network/ip_input.o
                0xc0606513                ip_rcv
 .text          0xc0606676      0x8cd network/udp_sock.o
                0xc06068b4                udp_lookup_sock
                0xc06068fb                udp_init
                0xc060692c                udp_close
                0xc0606952                udp_sock_init
                0xc060695c                udp_recvfrom
                0xc06069f5                udp_connect
                0xc0606ace                udp_write
                0xc0606afa                udp_alloc_skb
                0xc0606b44                udp_sendto
                0xc0606c38                udp_send
                0xc0606d76                udp_alloc_sock
                0xc0606db7                udp_free_sock
                0xc0606ddb                udp_read
 .text          0xc0606f43      0xa27 network/tcp_sock.o
                0xc0607202                tcp_established_or_syn_recvd_socks_enqueue
                0xc0607219                tcp_established_or_syn_recvd_socks_remove
                0xc060722b                tcp_connecting_or_listening_socks_enqueue
                0xc0607242                tcp_connecting_or_listening_socks_remove
                0xc0607254                tcp_alloc_sock
                0xc060736a                tcp_free_sock
                0xc06073e3                tcp_init
                0xc06073ed                tcp_sock_init
                0xc0607490                tcp_write
                0xc06074d1                tcp_read
                0xc0607584                tcp_close
                0xc0607642                tcp_recv_notify
                0xc060766d                tcp_v4_connect
                0xc06078bd                tcp_lookup_sock
 .text          0xc060796a      0x429 network/inet.o
                0xc060796a                inet_create
                0xc0607a1a                inet_socket
                0xc0607a24                inet_connect
                0xc0607a78                inet_write
                0xc0607aa4                inet_read
                0xc0607ad0                inet_close
                0xc0607b1f                inet_free
                0xc0607b55                inet_bind
                0xc0607c5e                inet_listen
                0xc0607ca7                inet_accept
                0xc0607d52                inet_sendto
                0xc0607d7d                inet_recvfrom
 .text          0xc0607d93      0x448 network/tcp.o
                0xc0607f88                tcp_in
                0xc060803c                tcp_checksum
                0xc0608068                __tcp_set_state
                0xc0608077                tcp_generate_port
                0xc06080c0                tcp_generate_isn
                0xc06080ca                tcp_done
                0xc06080f3                tcp_clear_timers
                0xc0608102                tcp_stop_retransmission_timer
                0xc060811b                tcp_release_retransmission_timer
                0xc0608134                tcp_stop_delack_timer
                0xc0608147                tcp_release_delack_timer
                0xc060815a                tcp_handle_fin_state
                0xc06081bf                tcp_enter_time_wait
 .text          0xc06081db      0x203 network/sock.o
                0xc060830d                sk_alloc
                0xc0608334                sk_init
                0xc0608388                sk_init_with_socket
                0xc06083b1                sk_free
 .text          0xc06083de      0xbbe network/tcp_output.o
                0xc06088a4                tcp_send_synack
                0xc0608947                tcp_send_delack
                0xc0608982                tcp_send_ack
                0xc0608ace                tcp_send_fin
                0xc0608b43                tcp_select_initial_window
                0xc0608cf5                tcp_reset_retransmission_timer
                0xc0608d12                tcp_begin_connect
                0xc0608dbc                tcp_send
                0xc0608ea1                tcp_send_reset
                0xc0608f21                tcp_queue_fin
 .text          0xc0608f9c      0xb4e network/arp.o
                0xc06090c5                call_update_arp_translation_table
                0xc06092fd                insert_arp_translation_table
                0xc060937f                update_arp_translation_table
                0xc060943e                arp_init
                0xc0609444                arp_rcv
                0xc0609626                arp_request
                0xc0609790                arp_reply
                0xc06098f3                call_arp_get_hwaddr
                0xc06099ec                arp_get_hwaddr
                0xc0609a99                free_arp
 .text          0xc0609aea      0x420 network/route.o
                0xc0609bec                route_add
                0xc0609c33                route_init
                0xc0609ce5                call_route_lookup
                0xc0609e2f                route_lookup
 .text          0xc0609f0a      0xe24 network/ipc.o
                0xc060aabe                ipc_close
                0xc060ab0f                ipc_call_from_netdev_rx
                0xc060ab47                demux_ipc_socket_call
 .text          0xc060ad2e      0x234 network/icmpv4.o
                0xc060ad3c                icmpv4_incoming
                0xc060adb0                icmpv4_reply
                0xc060ae89                icmpv4_timestamp
 .text          0xc060af62      0x1d3 network/ip_output.o
                0xc060af70                ip_output
 .text          0xc060b135      0xa06 network/netdev.o
                0xc060b2c3                netdev_init
                0xc060b30a                netdev_transmit
                0xc060b465                interrupt_wait2
                0xc060b4be                netdev_rx_loop
                0xc060b5af                call_netdev_get
                0xc060b6f9                netdev_get
                0xc060b7ae                free_netdev
                0xc060b7d9                local_ipaddress
                0xc060b816                receive_msg_from_nic
                0xc060b9f9                receive_msg_from_nic2
                0xc060bb25                net_handler
 .text          0xc060bb3b      0x145 network/dst.o
                0xc060bb49                print_array
                0xc060bba6                dst_neigh_output
 .text          0xc060bc80      0xb80 network/tcp_input.o
                0xc060c378                tcp_process
                0xc060c73e                tcp_receive
 .text          0xc060c800      0x24d network/task_network.o
                0xc060c800                init_dev
                0xc060c90a                task_network
                0xc060ca2f                task_netdev_rx
 .text          0xc060ca4d      0x3e0 network/udp.o
                0xc060cb58                udp_generate_port
                0xc060cba1                udp_checksum
                0xc060cc6f                udp_in
                0xc060cd00                udp_data_dequeue
                0xc060ce08                udp_data_enqueue
 .text          0xc060ce2d      0x54a network/tcp_data.o
                0xc060d118                tcp_data_dequeue
                0xc060d245                tcp_data_queue
 .text          0xc060d377      0x1e7 network/utils.o
                0xc060d377                run_cmd
                0xc060d384                print_err
                0xc060d39b                parse_ipv4_string
                0xc060d3fa                ip_pton
                0xc060d442                sum_every_16bits
                0xc060d499                checksum
                0xc060d4da                tcp_udp_checksum
 .text          0xc060d55e      0xe84 hd/hd.o
                0xc060d55e                TaskHD
                0xc060d5a9                init_hd
                0xc060d5c3                hd_handle
                0xc060d6c8                hd_cmd_out
                0xc060d7ca                hd_identify
                0xc060d881                print_hdinfo
                0xc060da0f                print_dpt_entry
                0xc060da7b                get_partition_table
                0xc060db5a                partition
                0xc060dd74                hd_open
                0xc060de24                get_hd_ioctl
                0xc060dede                wait_for
                0xc060df0f                interrupt_wait
                0xc060df68                hd_rdwt
                0xc060e20a                hd_handler
                0xc060e23b                debug_ticks
                0xc060e279                waitfor
                0xc060e2bd                print_hd_info
                0xc060e3aa                is_empty
 .text          0xc060e3e2     0x2081 fs/fs_main.o
                0xc060e3e2                task_fs
                0xc060e5f6                rd_wt
                0xc060e6d8                mkfs
                0xc060ecba                init_fs
                0xc060ed14                do_open
                0xc060ef1d                search_file
                0xc060f04f                strip_path
                0xc060f11b                get_inode
                0xc060f2dd                create_file
                0xc060f3e8                alloc_imap_bit
                0xc060f4e5                alloc_smap_bit
                0xc060f686                new_inode
                0xc060f7a4                new_dir_entry
                0xc060f9b0                do_unlink
                0xc060fe8c                do_rdwt
                0xc0610217                sync_inode
                0xc061036b                put_inode
                0xc06103a9                do_close
                0xc06103fb                get_super_block
 .text          0xc0610463      0x24f mm/forkexit.o
                0xc0610463                do_fork
                0xc06104d1                do_exit
                0xc061055b                do_wait
                0xc0610658                cleanup
 .text          0xc06106b2      0x419 mm/exec.o
                0xc06106b2                do_exec
 .text          0xc0610acb      0x14e mm/main.o
                0xc0610acb                TaskMM
                0xc0610bfa                alloc_mem
 .text          0xc0610c19     0x1118 mem/mem.o
                0xc0610c19                init_bitmap
                0xc0610c3c                test_bit_val
                0xc0610ca5                set_bit_val
                0xc0610d20                set_bits
                0xc0610d5a                get_first_free_bit
                0xc0610d9e                get_bits
                0xc0610e66                get_a_page
                0xc0610f1a                get_virtual_address_start_with_addr
                0xc0610fb4                get_virtual_address
                0xc0611044                ptr_pde
                0xc0611057                ptr_pte
                0xc061107e                add_map_entry
                0xc061110f                alloc_virtual_memory
                0xc06111db                get_physical_address_proc
                0xc0611257                get_physical_address
                0xc0611289                alloc_physical_memory_of_proc
                0xc0611378                alloc_physical_memory
                0xc0611440                alloc_memory
                0xc06114a2                get_a_virtual_page
                0xc06114da                block2arena
                0xc06114f0                sys_malloc2
                0xc061181d                remove_map_entry
                0xc061183e                free_a_page
                0xc06118e5                sys_free2
                0xc06118eb                init_memory_block_desc
                0xc06119bc                init_memory2
                0xc0611bf1                init_memory
 .text          0xc0611d31      0x285 lib/exec.o
                0xc0611d31                exec
                0xc0611da2                execv
                0xc0611f91                execl
 .text          0xc0611fb6       0x4b lib/fork.o
                0xc0611fb6                fork
 .text          0xc0612001       0x2f lib/exit.o
                0xc0612001                exit
 .text          0xc0612030       0x42 lib/unlink.o
                0xc0612030                unlink
 .text          0xc0612072       0x44 lib/wait.o
                0xc0612072                wait
 .text          0xc06120b6       0xbe lib/socket_close.o
                0xc06120b6                socket_close
 .text          0xc0612174      0x12a lib/socket_read.o
                0xc0612174                socket_read
 .text          0xc061229e       0x29 lib/alloca.o
                0xc061229e                alloca
 .text          0xc06122c7       0x46 lib/calloc.o
                0xc06122c7                calloc
 .text          0xc061230d       0x49 lib/floor.o
                0xc061230d                floor
 .text          0xc0612356      0x12a lib/socket_write.o
                0xc0612356                socket_write
 .text          0xc0612480       0x2b lib/getpid.o
                0xc0612480                getpid
 .text          0xc06124ab       0x9c lib/stdlib/atoi.o
                0xc06124ab                atoi
 .text          0xc0612547       0xca lib/stdlib/strtol.o
                0xc0612547                strtol
 .text          0xc0612611       0x85 lib/string/strtok.o
                0xc0612611                strtok
 .text          0xc0612696       0xa8 lib/string/strcmp.o
                0xc0612696                strcmp
 .text          0xc061273e       0xd4 lib/string/strncmp.o
                0xc061273e                strncmp
 .text          0xc0612812       0x90 lib/string/strpbrk.o
                0xc0612812                strpbrk
 .text          0xc06128a2      0x181 lib/stdio/read.o
                0xc06128a2                read
 .text          0xc0612a23       0x17 lib/stdio/perror.o
                0xc0612a23                perror
 .text          0xc0612a3a      0x335 lib/stdio/sscanf.o
                0xc0612a3a                sscanf
 .text          0xc0612d6f       0x95 lib/stdio/open.o
                0xc0612d6f                open
 .text          0xc0612e04       0x85 lib/stdio/write.o
                0xc0612e04                write
 .text          0xc0612e89       0x52 lib/stdio/close.o
                0xc0612e89                close
 .text          0xc0612edb      0x195 lib/sys/socket.o
                0xc0612edb                socket
 .text          0xc0613070      0x102 lib/sys/connect.o
                0xc0613070                connect
 .text          0xc0613172       0x38 lib/arpa/ntohs.o
                0xc0613172                ntohs
 .text          0xc06131aa       0x7c lib/arpa/htonl.o
                0xc06131aa                htonl
 .text          0xc0613226       0x38 lib/arpa/htons.o
                0xc0613226                htons
 .text          0xc061325e      0x295 lib/arpa/inet_pton.o
                0xc061325e                isValidIPv4
                0xc06133e8                inet_pton
 .text          0xc06134f3       0x7c lib/arpa/ntohl.o
                0xc06134f3                ntohl
 .text          0xc061356f       0xe3 lib/arpa/inet_ntop.o
                0xc061356f                inet_ntop
 *(.gnu.warning)

.fini
 *(SORT_NONE(.fini))
                [!provide]                        PROVIDE (__etext = .)
                [!provide]                        PROVIDE (_etext = .)
                [!provide]                        PROVIDE (etext = .)
                0xc0614000                        . = ALIGN (CONSTANT (MAXPAGESIZE))
                0xc0614000                        . = SEGMENT_START ("rodata-segment", (ALIGN (CONSTANT (MAXPAGESIZE)) + (. & (CONSTANT (MAXPAGESIZE) - 0x1))))

.rodata         0xc0614000     0x1dbf
 *(.rodata .rodata.* .gnu.linkonce.r.*)
 .rodata        0xc0614000       0x3c double_link_list.o
 *fill*         0xc061403c        0x4 
 .rodata        0xc0614040      0xb61 kernel_main_old.o
 *fill*         0xc0614ba1        0x3 
 .rodata        0xc0614ba4      0x1c8 kernel_main.o
 .rodata        0xc0614d6c       0x22 console.o
 *fill*         0xc0614d8e        0x2 
 .rodata        0xc0614d90       0x4c process.o
 .rodata        0xc0614ddc        0x9 network/skbuff.o
 *fill*         0xc0614de5        0x3 
 .rodata        0xc0614de8      0x23d network/socket.o
 *fill*         0xc0615025        0x3 
 .rodata        0xc0615028       0xbd network/ip_input.o
 *fill*         0xc06150e5        0x3 
 .rodata        0xc06150e8       0x2d network/udp_sock.o
 *fill*         0xc0615115        0x3 
 .rodata        0xc0615118       0xe8 network/tcp_sock.o
 .rodata        0xc0615200       0x48 network/inet.o
 .rodata        0xc0615248       0x31 network/tcp.o
 .rodata        0xc0615279        0x9 network/sock.o
 *fill*         0xc0615282        0x2 
 .rodata        0xc0615284       0xc3 network/tcp_output.o
 *fill*         0xc0615347        0x1 
 .rodata        0xc0615348       0xd0 network/arp.o
 .rodata        0xc0615418       0x36 network/route.o
 *fill*         0xc061544e        0x2 
 .rodata        0xc0615450      0x18c network/ipc.o
 .rodata        0xc06155dc       0x32 network/icmpv4.o
 .rodata        0xc061560e        0x9 network/ip_output.o
 *fill*         0xc0615617        0x1 
 .rodata        0xc0615618      0x172 network/netdev.o
 .rodata        0xc061578a       0x14 network/dst.o
 *fill*         0xc061579e        0x2 
 .rodata        0xc06157a0       0x60 network/tcp_input.o
 .rodata        0xc0615800       0x6d network/task_network.o
 .rodata        0xc061586d        0x9 network/udp.o
 .rodata        0xc0615876       0x1e network/tcp_data.o
 .rodata        0xc0615894       0x41 network/utils.o
 *fill*         0xc06158d5        0x3 
 .rodata        0xc06158d8      0x19c hd/hd.o
 .rodata        0xc0615a74      0x1fb fs/fs_main.o
                0xc0615a74                FSBUF_SIZE
 .rodata        0xc0615c6f       0x21 mm/forkexit.o
 .rodata        0xc0615c90       0x10 mm/exec.o
 .rodata        0xc0615ca0       0x11 mm/main.o
 .rodata        0xc0615cb1       0x5a mem/mem.o
 .rodata        0xc0615d0b       0x2d lib/exec.o
 .rodata        0xc0615d38        0x9 lib/socket_close.o
 .rodata        0xc0615d41        0x9 lib/socket_read.o
 .rodata        0xc0615d4a        0x9 lib/socket_write.o
 .rodata        0xc0615d53       0x2a lib/stdio/close.o
 .rodata        0xc0615d7d       0x33 lib/sys/socket.o
 .rodata        0xc0615db0        0x9 lib/sys/connect.o
 .rodata        0xc0615db9        0x3 lib/arpa/inet_pton.o
 .rodata        0xc0615dbc        0x3 lib/arpa/inet_ntop.o

.txt            0xc0615dbf       0xaa
 .txt           0xc0615dbf       0x82 string.o
                0xc0615dbf                Memcpy2
                0xc0615ded                Memset
                0xc0615e0c                Strcpy
                0xc0615e26                Strlen
 .txt           0xc0615e41       0x28 hd/hd_rdwt.o
                0xc0615e41                read_port
                0xc0615e55                write_port

.rodata1
 *(.rodata1)

.eh_frame_hdr
 *(.eh_frame_hdr)
 *(.eh_frame_entry .eh_frame_entry.*)

.eh_frame       0xc0615e6c     0x4330
 *(.eh_frame)
 .eh_frame      0xc0615e6c       0xd8 double_link_list.o
 .eh_frame      0xc0615f44      0x6cc kernel_main_old.o
                                0x6e4 (size before relaxing)
 .eh_frame      0xc0616610      0x108 kernel_main.o
                                0x120 (size before relaxing)
 .eh_frame      0xc0616718      0x100 protect.o
                                0x118 (size before relaxing)
 .eh_frame      0xc0616818      0x1e0 console.o
                                0x1f8 (size before relaxing)
 .eh_frame      0xc06169f8       0x80 process.o
                                 0x98 (size before relaxing)
 .eh_frame      0xc0616a78       0xa0 keyboard.o
                                 0xb8 (size before relaxing)
 .eh_frame      0xc0616b18       0x80 thread.o
                                 0x98 (size before relaxing)
 .eh_frame      0xc0616b98       0xe0 my_process.o
                                 0xf8 (size before relaxing)
 .eh_frame      0xc0616c78       0xe0 network/skbuff.o
                                 0xf8 (size before relaxing)
 .eh_frame      0xc0616d58      0x2a0 network/socket.o
                                0x2b8 (size before relaxing)
 .eh_frame      0xc0616ff8      0x104 network/ip_input.o
                                0x11c (size before relaxing)
 .eh_frame      0xc06170fc      0x404 network/udp_sock.o
                                0x41c (size before relaxing)
 .eh_frame      0xc0617500      0x4c0 network/tcp_sock.o
                                0x4d8 (size before relaxing)
 .eh_frame      0xc06179c0      0x180 network/inet.o
                                0x198 (size before relaxing)
 .eh_frame      0xc0617b40      0x268 network/tcp.o
                                0x280 (size before relaxing)
 .eh_frame      0xc0617da8      0x1a0 network/sock.o
                                0x1b8 (size before relaxing)
 .eh_frame      0xc0617f48      0x3c4 network/tcp_output.o
                                0x3dc (size before relaxing)
 .eh_frame      0xc061830c      0x220 network/arp.o
                                0x238 (size before relaxing)
 .eh_frame      0xc061852c      0x104 network/route.o
                                0x11c (size before relaxing)
 .eh_frame      0xc0618630      0x274 network/ipc.o
                                0x28c (size before relaxing)
 .eh_frame      0xc06188a4       0x80 network/icmpv4.o
                                 0x98 (size before relaxing)
 .eh_frame      0xc0618924       0x40 network/ip_output.o
                                 0x58 (size before relaxing)
 .eh_frame      0xc0618964      0x230 network/netdev.o
                                0x248 (size before relaxing)
 .eh_frame      0xc0618b94       0x60 network/dst.o
                                 0x78 (size before relaxing)
 .eh_frame      0xc0618bf4      0x300 network/tcp_input.o
                                0x318 (size before relaxing)
 .eh_frame      0xc0618ef4       0x60 network/task_network.o
                                 0x78 (size before relaxing)
 .eh_frame      0xc0618f54      0x1e4 network/udp.o
                                0x1fc (size before relaxing)
 .eh_frame      0xc0619138      0x200 network/tcp_data.o
                                0x218 (size before relaxing)
 .eh_frame      0xc0619338       0xe4 network/utils.o
                                 0xfc (size before relaxing)
 .eh_frame      0xc061941c      0x264 hd/hd.o
                                0x27c (size before relaxing)
 .eh_frame      0xc0619680      0x27c fs/fs_main.o
                                0x294 (size before relaxing)
 .eh_frame      0xc06198fc       0x80 mm/forkexit.o
                                 0x98 (size before relaxing)
 .eh_frame      0xc061997c       0x20 mm/exec.o
                                 0x38 (size before relaxing)
 .eh_frame      0xc061999c       0x3c mm/main.o
                                 0x54 (size before relaxing)
 .eh_frame      0xc06199d8      0x364 mem/mem.o
                                0x37c (size before relaxing)
 .eh_frame      0xc0619d3c       0x60 lib/exec.o
                                 0x78 (size before relaxing)
 .eh_frame      0xc0619d9c       0x20 lib/fork.o
                                 0x38 (size before relaxing)
 .eh_frame      0xc0619dbc       0x20 lib/exit.o
                                 0x38 (size before relaxing)
 .eh_frame      0xc0619ddc       0x20 lib/unlink.o
                                 0x38 (size before relaxing)
 .eh_frame      0xc0619dfc       0x20 lib/wait.o
                                 0x38 (size before relaxing)
 .eh_frame      0xc0619e1c       0x20 lib/socket_close.o
                                 0x38 (size before relaxing)
 .eh_frame      0xc0619e3c       0x20 lib/socket_read.o
                                 0x38 (size before relaxing)
 .eh_frame      0xc0619e5c       0x20 lib/alloca.o
                                 0x38 (size before relaxing)
 .eh_frame      0xc0619e7c       0x20 lib/calloc.o
                                 0x38 (size before relaxing)
 .eh_frame      0xc0619e9c       0x20 lib/floor.o
                                 0x38 (size before relaxing)
 .eh_frame      0xc0619ebc       0x20 lib/socket_write.o
                                 0x38 (size before relaxing)
 .eh_frame      0xc0619edc       0x20 lib/getpid.o
                                 0x38 (size before relaxing)
 .eh_frame      0xc0619efc       0x20 lib/stdlib/atoi.o
                                 0x38 (size before relaxing)
 .eh_frame      0xc0619f1c       0x20 lib/stdlib/strtol.o
                                 0x38 (size before relaxing)
 .eh_frame      0xc0619f3c       0x20 lib/string/strtok.o
                                 0x38 (size before relaxing)
 .eh_frame      0xc0619f5c       0x20 lib/string/strcmp.o
                                 0x38 (size before relaxing)
 .eh_frame      0xc0619f7c       0x20 lib/string/strncmp.o
                                 0x38 (size before relaxing)
 .eh_frame      0xc0619f9c       0x20 lib/string/strpbrk.o
                                 0x38 (size before relaxing)
 .eh_frame      0xc0619fbc       0x20 lib/stdio/read.o
                                 0x38 (size before relaxing)
 .eh_frame      0xc0619fdc       0x20 lib/stdio/perror.o
                                 0x38 (size before relaxing)
 .eh_frame      0xc0619ffc       0x20 lib/stdio/sscanf.o
                                 0x38 (size before relaxing)
 .eh_frame      0xc061a01c       0x20 lib/stdio/open.o
                                 0x38 (size before relaxing)
 .eh_frame      0xc061a03c       0x20 lib/stdio/write.o
                                 0x38 (size before relaxing)
 .eh_frame      0xc061a05c       0x20 lib/stdio/close.o
                                 0x38 (size before relaxing)
 .eh_frame      0xc061a07c       0x20 lib/sys/socket.o
                                 0x38 (size before relaxing)
 .eh_frame      0xc061a09c       0x20 lib/sys/connect.o
                                 0x38 (size before relaxing)
 .eh_frame      0xc061a0bc       0x20 lib/arpa/ntohs.o
                                 0x38 (size before relaxing)
 .eh_frame      0xc061a0dc       0x20 lib/arpa/htonl.o
                                 0x38 (size before relaxing)
 .eh_frame      0xc061a0fc       0x20 lib/arpa/htons.o
                                 0x38 (size before relaxing)
 .eh_frame      0xc061a11c       0x40 lib/arpa/inet_pton.o
                                 0x58 (size before relaxing)
 .eh_frame      0xc061a15c       0x20 lib/arpa/ntohl.o
                                 0x38 (size before relaxing)
 .eh_frame      0xc061a17c       0x20 lib/arpa/inet_ntop.o
                                 0x38 (size before relaxing)
 *(.eh_frame.*)

.sframe
 *(.sframe)
 *(.sframe.*)

.gcc_except_table
 *(.gcc_except_table .gcc_except_table.*)

.gnu_extab
 *(.gnu_extab*)

.exception_ranges
 *(.exception_ranges*)
                0xc061b000                        . = DATA_SEGMENT_ALIGN (CONSTANT (MAXPAGESIZE), CONSTANT (COMMONPAGESIZE))

.eh_frame
 *(.eh_frame)
 *(.eh_frame.*)

.sframe
 *(.sframe)
 *(.sframe.*)

.gnu_extab
 *(.gnu_extab)

.gcc_except_table
 *(.gcc_except_table .gcc_except_table.*)

.exception_ranges
 *(.exception_ranges*)

.tdata          0xc061b000        0x0
                [!provide]                        PROVIDE (__tdata_start = .)
 *(.tdata .tdata.* .gnu.linkonce.td.*)

.tbss
 *(.tbss .tbss.* .gnu.linkonce.tb.*)
 *(.tcommon)

.preinit_array  0xc061b000        0x0
                [!provide]                        PROVIDE (__preinit_array_start = .)
 *(.preinit_array)
                [!provide]                        PROVIDE (__preinit_array_end = .)

.init_array     0xc061b000        0x0
                [!provide]                        PROVIDE (__init_array_start = .)
 *(SORT_BY_INIT_PRIORITY(.init_array.*) SORT_BY_INIT_PRIORITY(.ctors.*))
 *(.init_array EXCLUDE_FILE(*crtend?.o *crtend.o *crtbegin?.o *crtbegin.o) .ctors)
                [!provide]                        PROVIDE (__init_array_end = .)

.fini_array     0xc061b000        0x0
                [!provide]                        PROVIDE (__fini_array_start = .)
 *(SORT_BY_INIT_PRIORITY(.fini_array.*) SORT_BY_INIT_PRIORITY(.dtors.*))
 *(.fini_array EXCLUDE_FILE(*crtend?.o *crtend.o *crtbegin?.o *crtbegin.o) .dtors)
                [!provide]                        PROVIDE (__fini_array_end = .)

.ctors
 *crtbegin.o(.ctors)
 *crtbegin?.o(.ctors)
 *(EXCLUDE_FILE(*crtend?.o *crtend.o) .ctors)
 *(SORT_BY_NAME(.ctors.*))
 *(.ctors)

.dtors
 *crtbegin.o(.dtors)
 *crtbegin?.o(.dtors)
 *(EXCLUDE_FILE(*crtend?.o *crtend.o) .dtors)
 *(SORT_BY_NAME(.dtors.*))
 *(.dtors)

.jcr
 *(.jcr)

.data.rel.ro
 *(.data.rel.ro.local* .gnu.linkonce.d.rel.ro.local.*)
 *(.data.rel.ro .data.rel.ro.* .gnu.linkonce.d.rel.ro.*)

.dynamic
 *(.dynamic)

.got            0xc061b000        0x0
 *(.got)
 .got           0xc061b000        0x0 kernel/kernel_sub.o
 *(.igot)
                0xc061b000                        . = DATA_SEGMENT_RELRO_END (., (SIZEOF (.got.plt) >= 0xc)?0xc:0x0)

.got.plt        0xc061b000        0x0
 *(.got.plt)
 .got.plt       0xc061b000        0x0 kernel/kernel_sub.o
 *(.igot.plt)
 .igot.plt      0xc061b000        0x0 kernel/kernel_sub.o

.data           0xc061b000      0xbb0
 *(.data .data.* .gnu.linkonce.d.*)
 .data          0xc061b000        0xf kernel/kernel_sub.o
 *fill*         0xc061b00f        0x1 
 .data          0xc061b010        0xf kernel/kernel.o
 *fill*         0xc061b01f        0x1 
 .data          0xc061b020        0x0 syscall.o
 .data          0xc061b020        0x0 double_link_list.o
 .data          0xc061b020      0x17c global.o
                0xc061b020                user_task_table
                0xc061b0a0                sys_task_table
                0xc061b180                sys_call_table
 .data          0xc061b19c        0x0 kernel_main_old.o
 .data          0xc061b19c        0x0 kernel_main.o
 .data          0xc061b19c        0x0 protect.o
 .data          0xc061b19c        0x0 console.o
 .data          0xc061b19c        0x0 process.o
 *fill*         0xc061b19c        0x4 
 .data          0xc061b1a0      0x600 keyboard.o
                0xc061b1a0                keymap
 .data          0xc061b7a0        0x0 thread.o
 .data          0xc061b7a0        0x0 my_process.o
 .data          0xc061b7a0        0x4 network/skbuff.o
 *fill*         0xc061b7a4       0x1c 
 .data          0xc061b7c0      0x224 network/socket.o
 .data          0xc061b9e4        0x4 network/ip_input.o
 *fill*         0xc061b9e8       0x18 
 .data          0xc061ba00       0x54 network/udp_sock.o
                0xc061ba20                udp_ops
 *fill*         0xc061ba54        0xc 
 .data          0xc061ba60       0x54 network/tcp_sock.o
                0xc061ba80                tcp_ops
 *fill*         0xc061bab4        0xc 
 .data          0xc061bac0       0x80 network/inet.o
                0xc061bac8                inet
 .data          0xc061bb40        0x8 network/tcp.o
 .data          0xc061bb48        0x4 network/sock.o
 .data          0xc061bb4c        0x4 network/tcp_output.o
 .data          0xc061bb50       0x14 network/arp.o
 .data          0xc061bb64        0x4 network/route.o
 .data          0xc061bb68        0xc network/ipc.o
 .data          0xc061bb74        0x4 network/icmpv4.o
 .data          0xc061bb78        0x4 network/ip_output.o
 .data          0xc061bb7c        0x4 network/netdev.o
 .data          0xc061bb80        0x4 network/dst.o
 .data          0xc061bb84        0x4 network/tcp_input.o
 .data          0xc061bb88        0x4 network/task_network.o
 .data          0xc061bb8c        0x8 network/udp.o
 .data          0xc061bb94        0x4 network/tcp_data.o
 .data          0xc061bb98        0x4 network/utils.o
 .data          0xc061bb9c        0x0 hd/hd.o
 .data          0xc061bb9c        0x0 fs/fs_main.o
 .data          0xc061bb9c        0x0 mm/forkexit.o
 .data          0xc061bb9c        0x0 mm/exec.o
 .data          0xc061bb9c        0x0 mm/main.o
 .data          0xc061bb9c        0x0 mem/mem.o
 .data          0xc061bb9c        0x0 lib/exec.o
 .data          0xc061bb9c        0x0 lib/fork.o
 .data          0xc061bb9c        0x0 lib/exit.o
 .data          0xc061bb9c        0x0 lib/unlink.o
 .data          0xc061bb9c        0x0 lib/wait.o
 .data          0xc061bb9c        0x4 lib/socket_close.o
 .data          0xc061bba0        0x4 lib/socket_read.o
 .data          0xc061bba4        0x0 lib/alloca.o
 .data          0xc061bba4        0x0 lib/calloc.o
 .data          0xc061bba4        0x0 lib/floor.o
 .data          0xc061bba4        0x4 lib/socket_write.o
 .data          0xc061bba8        0x0 lib/getpid.o
 .data          0xc061bba8        0x0 lib/stdlib/atoi.o
 .data          0xc061bba8        0x0 lib/stdlib/strtol.o
 .data          0xc061bba8        0x0 lib/string/strtok.o
 .data          0xc061bba8        0x0 lib/string/strcmp.o
 .data          0xc061bba8        0x0 lib/string/strncmp.o
 .data          0xc061bba8        0x0 lib/string/strpbrk.o
 .data          0xc061bba8        0x0 lib/stdio/read.o
 .data          0xc061bba8        0x0 lib/stdio/perror.o
 .data          0xc061bba8        0x0 lib/stdio/sscanf.o
 .data          0xc061bba8        0x0 lib/stdio/open.o
 .data          0xc061bba8        0x0 lib/stdio/write.o
 .data          0xc061bba8        0x0 lib/stdio/close.o
 .data          0xc061bba8        0x4 lib/sys/socket.o
 .data          0xc061bbac        0x4 lib/sys/connect.o
 .data          0xc061bbb0        0x0 lib/arpa/ntohs.o
 .data          0xc061bbb0        0x0 lib/arpa/htonl.o
 .data          0xc061bbb0        0x0 lib/arpa/htons.o
 .data          0xc061bbb0        0x0 lib/arpa/inet_pton.o
 .data          0xc061bbb0        0x0 lib/arpa/ntohl.o
 .data          0xc061bbb0        0x0 lib/arpa/inet_ntop.o

.data1
 *(.data1)
                0xc061bbb0                        _edata = .
                [!provide]                        PROVIDE (edata = .)
                0xc061bbb0                        . = .
                0xc061bbb0                        __bss_start = .

.bss            0xc061bbc0    0xa5888
 *(.dynbss)
 *(.bss .bss.* .gnu.linkonce.b.*)
 .bss           0xc061bbc0      0x800 kernel/kernel_sub.o
 .bss           0xc061c3c0      0x800 kernel/kernel.o
 .bss           0xc061cbc0        0x0 double_link_list.o
 .bss           0xc061cbc0        0x0 global.o
 .bss           0xc061cbc0        0x0 kernel_main_old.o
 .bss           0xc061cbc0        0x0 kernel_main.o
 .bss           0xc061cbc0        0x0 protect.o
 .bss           0xc061cbc0        0x0 console.o
 .bss           0xc061cbc0        0x0 process.o
 .bss           0xc061cbc0        0x0 keyboard.o
 .bss           0xc061cbc0        0x0 thread.o
 .bss           0xc061cbc0        0x0 my_process.o
 .bss           0xc061cbc0        0x0 network/skbuff.o
 .bss           0xc061cbc0        0x4 network/socket.o
 .bss           0xc061cbc4        0x0 network/ip_input.o
 .bss           0xc061cbc4        0x4 network/udp_sock.o
 .bss           0xc061cbc8        0x0 network/tcp_sock.o
 .bss           0xc061cbc8        0x0 network/inet.o
 .bss           0xc061cbc8        0x0 network/tcp.o
 .bss           0xc061cbc8        0x0 network/sock.o
 .bss           0xc061cbc8        0x0 network/tcp_output.o
 .bss           0xc061cbc8        0x0 network/arp.o
 .bss           0xc061cbc8        0x0 network/route.o
 .bss           0xc061cbc8        0x4 network/ipc.o
 .bss           0xc061cbcc        0x0 network/icmpv4.o
 .bss           0xc061cbcc        0x0 network/ip_output.o
 .bss           0xc061cbcc        0x0 network/netdev.o
 .bss           0xc061cbcc        0x0 network/dst.o
 .bss           0xc061cbcc        0x0 network/tcp_input.o
 .bss           0xc061cbcc        0x0 network/task_network.o
 .bss           0xc061cbcc        0x0 network/udp.o
 .bss           0xc061cbcc        0x0 network/tcp_data.o
 .bss           0xc061cbcc        0x0 network/utils.o
 .bss           0xc061cbcc        0x0 hd/hd.o
 .bss           0xc061cbcc        0x4 fs/fs_main.o
                0xc061cbcc                c
 .bss           0xc061cbd0        0x0 mm/forkexit.o
 .bss           0xc061cbd0        0x0 mm/exec.o
 .bss           0xc061cbd0        0x0 mm/main.o
 .bss           0xc061cbd0        0x0 mem/mem.o
 .bss           0xc061cbd0        0x0 lib/exec.o
 .bss           0xc061cbd0        0x0 lib/fork.o
 .bss           0xc061cbd0        0x0 lib/exit.o
 .bss           0xc061cbd0        0x0 lib/unlink.o
 .bss           0xc061cbd0        0x0 lib/wait.o
 .bss           0xc061cbd0        0x0 lib/socket_close.o
 .bss           0xc061cbd0        0x0 lib/socket_read.o
 .bss           0xc061cbd0        0x0 lib/alloca.o
 .bss           0xc061cbd0        0x0 lib/calloc.o
 .bss           0xc061cbd0        0x0 lib/floor.o
 .bss           0xc061cbd0        0x0 lib/socket_write.o
 .bss           0xc061cbd0        0x0 lib/getpid.o
 .bss           0xc061cbd0        0x0 lib/stdlib/atoi.o
 .bss           0xc061cbd0        0x0 lib/stdlib/strtol.o
 .bss           0xc061cbd0        0x4 lib/string/strtok.o
 .bss           0xc061cbd4        0x0 lib/string/strcmp.o
 .bss           0xc061cbd4        0x0 lib/string/strncmp.o
 .bss           0xc061cbd4        0x0 lib/string/strpbrk.o
 .bss           0xc061cbd4        0x0 lib/stdio/read.o
 .bss           0xc061cbd4        0x0 lib/stdio/perror.o
 .bss           0xc061cbd4        0x0 lib/stdio/sscanf.o
 .bss           0xc061cbd4        0x0 lib/stdio/open.o
 .bss           0xc061cbd4        0x0 lib/stdio/write.o
 .bss           0xc061cbd4        0x0 lib/stdio/close.o
 .bss           0xc061cbd4        0x0 lib/sys/socket.o
 .bss           0xc061cbd4        0x0 lib/sys/connect.o
 .bss           0xc061cbd4        0x0 lib/arpa/ntohs.o
 .bss           0xc061cbd4        0x0 lib/arpa/htonl.o
 .bss           0xc061cbd4        0x0 lib/arpa/htons.o
 .bss           0xc061cbd4        0x0 lib/arpa/inet_pton.o
 .bss           0xc061cbd4        0x0 lib/arpa/ntohl.o
 .bss           0xc061cbd4        0x0 lib/arpa/inet_ntop.o
 *(COMMON)
 *fill*         0xc061cbd4        0xc 
 COMMON         0xc061cbe0     0x17b8 double_link_list.o
                0xc061cbe0                current_tty
                0xc061cbe4                is_e0
                0xc061cbe8                idt_ptr
                0xc061cbf0                pid
                0xc061cbf4                KernelVirtualMemory
                0xc061cc00                loop
                0xc061cc04                current_dis_pos
                0xc061cc08                dis_pos
                0xc061cc0c                netdev
                0xc061cc10                k_reenter
                0xc061cc20                gdt
                0xc061d020                proc_ready_table
                0xc061d024                test_ticks
                0xc061d028                pcaller
                0xc061d040                keyboard_buffer
                0xc061d24c                pcb_list
                0xc061d25c                gdt_index
                0xc061d260                tty_table
                0xc061daa0                tss
                0xc061db0c                KernelPool
                0xc061db1c                net_buf
                0xc061db20                nic_current_page
                0xc061db24                counter
                0xc061db28                key_pressed
                0xc061db2c                fork_pid
                0xc061db30                is_shift
                0xc061db31                net_data
                0xc061db34                routes
                0xc061db38                gdt_ptr
                0xc061db40                idt
                0xc061e340                main_thread
                0xc061e348                ticks
                0xc061e350                is_init
                0xc061e354                UserPool
                0xc061e364                all_pcb_list
                0xc061e374                console_table
                0xc061e384                is_disp
                0xc061e388                MAIN_THREAD_PAGE_DIRECTORY
                0xc061e38c                helloStr
 *fill*         0xc061e398        0x8 
 COMMON         0xc061e3a0    0xa1d40 global.o
                0xc061e3a0                proc_stack
                0xc06be3a0                proc_table
 COMMON         0xc06c00e0      0x440 hd/hd.o
                0xc06c00e0                hd_info
                0xc06c0320                hd_cache
 COMMON         0xc06c0520      0xe68 fs/fs_main.o
                0xc06c0520                file_desc_table
                0xc06c0920                phy_super_block_buf
                0xc06c0924                phy_fsbuf
                0xc06c0940                inode_table
                0xc06c1340                super_block_buf
                0xc06c1344                fsbuf
                0xc06c1360                root
 *fill*         0xc06c1388       0x18 
 COMMON         0xc06c13a0       0xa8 mem/mem.o
                0xc06c13a0                kernel_mem_block_decs_array
                0xc06c1448                        . = ALIGN ((. != 0x0)?0x4:0x1)
                0xc06c1448                        . = ALIGN (0x4)
                0xc06c1448                        . = SEGMENT_START ("ldata-segment", .)
                0xc06c1448                        . = ALIGN (0x4)
                0xc06c1448                        _end = .
                [!provide]                        PROVIDE (end = .)
                0xc06c1448                        . = DATA_SEGMENT_END (.)

.stab
 *(.stab)

.stabstr
 *(.stabstr)

.stab.excl
 *(.stab.excl)

.stab.exclstr
 *(.stab.exclstr)

.stab.index
 *(.stab.index)

.stab.indexstr
 *(.stab.indexstr)

.comment        0x00000000       0x2c
 *(.comment)
 .comment       0x00000000       0x2c double_link_list.o
                                 0x2d (size before relaxing)
 .comment       0x0000002c       0x2d global.o
 .comment       0x0000002c       0x2d kernel_main_old.o
 .comment       0x0000002c       0x2d kernel_main.o
 .comment       0x0000002c       0x2d protect.o
 .comment       0x0000002c       0x2d console.o
 .comment       0x0000002c       0x2d process.o
 .comment       0x0000002c       0x2d keyboard.o
 .comment       0x0000002c       0x2d thread.o
 .comment       0x0000002c       0x2d my_process.o
 .comment       0x0000002c       0x2d network/skbuff.o
 .comment       0x0000002c       0x2d network/socket.o
 .comment       0x0000002c       0x2d network/ip_input.o
 .comment       0x0000002c       0x2d network/udp_sock.o
 .comment       0x0000002c       0x2d network/tcp_sock.o
 .comment       0x0000002c       0x2d network/inet.o
 .comment       0x0000002c       0x2d network/tcp.o
 .comment       0x0000002c       0x2d network/sock.o
 .comment       0x0000002c       0x2d network/tcp_output.o
 .comment       0x0000002c       0x2d network/arp.o
 .comment       0x0000002c       0x2d network/route.o
 .comment       0x0000002c       0x2d network/ipc.o
 .comment       0x0000002c       0x2d network/icmpv4.o
 .comment       0x0000002c       0x2d network/ip_output.o
 .comment       0x0000002c       0x2d network/netdev.o
 .comment       0x0000002c       0x2d network/dst.o
 .comment       0x0000002c       0x2d network/tcp_input.o
 .comment       0x0000002c       0x2d network/task_network.o
 .comment       0x0000002c       0x2d network/udp.o
 .comment       0x0000002c       0x2d network/tcp_data.o
 .comment       0x0000002c       0x2d network/utils.o
 .comment       0x0000002c       0x2d hd/hd.o
 .comment       0x0000002c       0x2d fs/fs_main.o
 .comment       0x0000002c       0x2d mm/forkexit.o
 .comment       0x0000002c       0x2d mm/exec.o
 .comment       0x0000002c       0x2d mm/main.o
 .comment       0x0000002c       0x2d mem/mem.o
 .comment       0x0000002c       0x2d lib/exec.o
 .comment       0x0000002c       0x2d lib/fork.o
 .comment       0x0000002c       0x2d lib/exit.o
 .comment       0x0000002c       0x2d lib/unlink.o
 .comment       0x0000002c       0x2d lib/wait.o
 .comment       0x0000002c       0x2d lib/socket_close.o
 .comment       0x0000002c       0x2d lib/socket_read.o
 .comment       0x0000002c       0x2d lib/alloca.o
 .comment       0x0000002c       0x2d lib/calloc.o
 .comment       0x0000002c       0x2d lib/floor.o
 .comment       0x0000002c       0x2d lib/socket_write.o
 .comment       0x0000002c       0x2d lib/getpid.o
 .comment       0x0000002c       0x2d lib/stdlib/atoi.o
 .comment       0x0000002c       0x2d lib/stdlib/strtol.o
 .comment       0x0000002c       0x2d lib/string/strtok.o
 .comment       0x0000002c       0x2d lib/string/strcmp.o
 .comment       0x0000002c       0x2d lib/string/strncmp.o
 .comment       0x0000002c       0x2d lib/string/strpbrk.o
 .comment       0x0000002c       0x2d lib/stdio/read.o
 .comment       0x0000002c       0x2d lib/stdio/perror.o
 .comment       0x0000002c       0x2d lib/stdio/sscanf.o
 .comment       0x0000002c       0x2d lib/stdio/open.o
 .comment       0x0000002c       0x2d lib/stdio/write.o
 .comment       0x0000002c       0x2d lib/stdio/close.o
 .comment       0x0000002c       0x2d lib/sys/socket.o
 .comment       0x0000002c       0x2d lib/sys/connect.o
 .comment       0x0000002c       0x2d lib/arpa/ntohs.o
 .comment       0x0000002c       0x2d lib/arpa/htonl.o
 .comment       0x0000002c       0x2d lib/arpa/htons.o
 .comment       0x0000002c       0x2d lib/arpa/inet_pton.o
 .comment       0x0000002c       0x2d lib/arpa/ntohl.o
 .comment       0x0000002c       0x2d lib/arpa/inet_ntop.o

.gnu.build.attributes
 *(.gnu.build.attributes .gnu.build.attributes.*)

.debug
 *(.debug)

.line
 *(.line)

.debug_srcinfo
 *(.debug_srcinfo)

.debug_sfnames
 *(.debug_sfnames)

.debug_aranges  0x00000000      0x898
 *(.debug_aranges)
 .debug_aranges
                0x00000000       0x20 double_link_list.o
 .debug_aranges
                0x00000020       0x18 global.o
 .debug_aranges
                0x00000038       0x20 kernel_main_old.o
 .debug_aranges
                0x00000058       0x20 kernel_main.o
 .debug_aranges
                0x00000078       0x20 protect.o
 .debug_aranges
                0x00000098       0x20 console.o
 .debug_aranges
                0x000000b8       0x20 process.o
 .debug_aranges
                0x000000d8       0x20 keyboard.o
 .debug_aranges
                0x000000f8       0x20 thread.o
 .debug_aranges
                0x00000118       0x20 my_process.o
 .debug_aranges
                0x00000138       0x20 network/skbuff.o
 .debug_aranges
                0x00000158       0x20 network/socket.o
 .debug_aranges
                0x00000178       0x20 network/ip_input.o
 .debug_aranges
                0x00000198       0x20 network/udp_sock.o
 .debug_aranges
                0x000001b8       0x20 network/tcp_sock.o
 .debug_aranges
                0x000001d8       0x20 network/inet.o
 .debug_aranges
                0x000001f8       0x20 network/tcp.o
 .debug_aranges
                0x00000218       0x20 network/sock.o
 .debug_aranges
                0x00000238       0x20 network/tcp_output.o
 .debug_aranges
                0x00000258       0x20 network/arp.o
 .debug_aranges
                0x00000278       0x20 network/route.o
 .debug_aranges
                0x00000298       0x20 network/ipc.o
 .debug_aranges
                0x000002b8       0x20 network/icmpv4.o
 .debug_aranges
                0x000002d8       0x20 network/ip_output.o
 .debug_aranges
                0x000002f8       0x20 network/netdev.o
 .debug_aranges
                0x00000318       0x20 network/dst.o
 .debug_aranges
                0x00000338       0x20 network/tcp_input.o
 .debug_aranges
                0x00000358       0x20 network/task_network.o
 .debug_aranges
                0x00000378       0x20 network/udp.o
 .debug_aranges
                0x00000398       0x20 network/tcp_data.o
 .debug_aranges
                0x000003b8       0x20 network/utils.o
 .debug_aranges
                0x000003d8       0x20 hd/hd.o
 .debug_aranges
                0x000003f8       0x20 fs/fs_main.o
 .debug_aranges
                0x00000418       0x20 mm/forkexit.o
 .debug_aranges
                0x00000438       0x20 mm/exec.o
 .debug_aranges
                0x00000458       0x20 mm/main.o
 .debug_aranges
                0x00000478       0x20 mem/mem.o
 .debug_aranges
                0x00000498       0x20 lib/exec.o
 .debug_aranges
                0x000004b8       0x20 lib/fork.o
 .debug_aranges
                0x000004d8       0x20 lib/exit.o
 .debug_aranges
                0x000004f8       0x20 lib/unlink.o
 .debug_aranges
                0x00000518       0x20 lib/wait.o
 .debug_aranges
                0x00000538       0x20 lib/socket_close.o
 .debug_aranges
                0x00000558       0x20 lib/socket_read.o
 .debug_aranges
                0x00000578       0x20 lib/alloca.o
 .debug_aranges
                0x00000598       0x20 lib/calloc.o
 .debug_aranges
                0x000005b8       0x20 lib/floor.o
 .debug_aranges
                0x000005d8       0x20 lib/socket_write.o
 .debug_aranges
                0x000005f8       0x20 lib/getpid.o
 .debug_aranges
                0x00000618       0x20 lib/stdlib/atoi.o
 .debug_aranges
                0x00000638       0x20 lib/stdlib/strtol.o
 .debug_aranges
                0x00000658       0x20 lib/string/strtok.o
 .debug_aranges
                0x00000678       0x20 lib/string/strcmp.o
 .debug_aranges
                0x00000698       0x20 lib/string/strncmp.o
 .debug_aranges
                0x000006b8       0x20 lib/string/strpbrk.o
 .debug_aranges
                0x000006d8       0x20 lib/stdio/read.o
 .debug_aranges
                0x000006f8       0x20 lib/stdio/perror.o
 .debug_aranges
                0x00000718       0x20 lib/stdio/sscanf.o
 .debug_aranges
                0x00000738       0x20 lib/stdio/open.o
 .debug_aranges
                0x00000758       0x20 lib/stdio/write.o
 .debug_aranges
                0x00000778       0x20 lib/stdio/close.o
 .debug_aranges
                0x00000798       0x20 lib/sys/socket.o
 .debug_aranges
                0x000007b8       0x20 lib/sys/connect.o
 .debug_aranges
                0x000007d8       0x20 lib/arpa/ntohs.o
 .debug_aranges
                0x000007f8       0x20 lib/arpa/htonl.o
 .debug_aranges
                0x00000818       0x20 lib/arpa/htons.o
 .debug_aranges
                0x00000838       0x20 lib/arpa/inet_pton.o
 .debug_aranges
                0x00000858       0x20 lib/arpa/ntohl.o
 .debug_aranges
                0x00000878       0x20 lib/arpa/inet_ntop.o

.debug_pubnames
 *(.debug_pubnames)

.debug_info     0x00000000    0x46346
 *(.debug_info .gnu.linkonce.wi.*)
 .debug_info    0x00000000     0x10b1 double_link_list.o
 .debug_info    0x000010b1      0xef9 global.o
 .debug_info    0x00001faa     0x28d0 kernel_main_old.o
 .debug_info    0x0000487a     0x11d5 kernel_main.o
 .debug_info    0x00005a4f     0x1224 protect.o
 .debug_info    0x00006c73     0x12f9 console.o
 .debug_info    0x00007f6c      0xfd1 process.o
 .debug_info    0x00008f3d     0x104d keyboard.o
 .debug_info    0x00009f8a     0x10d8 thread.o
 .debug_info    0x0000b062     0x150c my_process.o
 .debug_info    0x0000c56e     0x11cc network/skbuff.o
 .debug_info    0x0000d73a     0x1c35 network/socket.o
 .debug_info    0x0000f36f     0x1ae1 network/ip_input.o
 .debug_info    0x00010e50     0x1f13 network/udp_sock.o
 .debug_info    0x00012d63     0x2235 network/tcp_sock.o
 .debug_info    0x00014f98     0x1a9a network/inet.o
 .debug_info    0x00016a32     0x1e44 network/tcp.o
 .debug_info    0x00018876     0x1896 network/sock.o
 .debug_info    0x0001a10c     0x235f network/tcp_output.o
 .debug_info    0x0001c46b     0x195f network/arp.o
 .debug_info    0x0001ddca     0x1390 network/route.o
 .debug_info    0x0001f15a     0x1d7c network/ipc.o
 .debug_info    0x00020ed6     0x193f network/icmpv4.o
 .debug_info    0x00022815     0x177b network/ip_output.o
 .debug_info    0x00023f90     0x1957 network/netdev.o
 .debug_info    0x000258e7     0x126c network/dst.o
 .debug_info    0x00026b53     0x2147 network/tcp_input.o
 .debug_info    0x00028c9a     0x10bc network/task_network.o
 .debug_info    0x00029d56     0x1b44 network/udp.o
 .debug_info    0x0002b89a     0x1dad network/tcp_data.o
 .debug_info    0x0002d647      0x367 network/utils.o
 .debug_info    0x0002d9ae     0x1868 hd/hd.o
 .debug_info    0x0002f216     0x1faa fs/fs_main.o
 .debug_info    0x000311c0     0x100d mm/forkexit.o
 .debug_info    0x000321cd     0x1249 mm/exec.o
 .debug_info    0x00033416      0xe3b mm/main.o
 .debug_info    0x00034251     0x1dcd mem/mem.o
 .debug_info    0x0003601e      0xfaf lib/exec.o
 .debug_info    0x00036fcd      0xe17 lib/fork.o
 .debug_info    0x00037de4      0xe22 lib/exit.o
 .debug_info    0x00038c06      0xf00 lib/unlink.o
 .debug_info    0x00039b06      0xe30 lib/wait.o
 .debug_info    0x0003a936     0x1043 lib/socket_close.o
 .debug_info    0x0003b979     0x114b lib/socket_read.o
 .debug_info    0x0003cac4       0xb6 lib/alloca.o
 .debug_info    0x0003cb7a      0xf28 lib/calloc.o
 .debug_info    0x0003daa2       0x6b lib/floor.o
 .debug_info    0x0003db0d     0x1150 lib/socket_write.o
 .debug_info    0x0003ec5d      0xe17 lib/getpid.o
 .debug_info    0x0003fa74       0xc9 lib/stdlib/atoi.o
 .debug_info    0x0003fb3d       0xd6 lib/stdlib/strtol.o
 .debug_info    0x0003fc13       0xae lib/string/strtok.o
 .debug_info    0x0003fcc1       0xc1 lib/string/strcmp.o
 .debug_info    0x0003fd82      0x110 lib/string/strncmp.o
 .debug_info    0x0003fe92       0xcf lib/string/strpbrk.o
 .debug_info    0x0003ff61      0xea1 lib/stdio/read.o
 .debug_info    0x00040e02       0x5c lib/stdio/perror.o
 .debug_info    0x00040e5e      0x202 lib/stdio/sscanf.o
 .debug_info    0x00041060      0xe02 lib/stdio/open.o
 .debug_info    0x00041e62      0xe9e lib/stdio/write.o
 .debug_info    0x00042d00      0xdb6 lib/stdio/close.o
 .debug_info    0x00043ab6     0x10e3 lib/sys/socket.o
 .debug_info    0x00044b99     0x10dd lib/sys/connect.o
 .debug_info    0x00045c76       0xa8 lib/arpa/ntohs.o
 .debug_info    0x00045d1e       0xcb lib/arpa/htonl.o
 .debug_info    0x00045de9       0xa8 lib/arpa/htons.o
 .debug_info    0x00045e91      0x260 lib/arpa/inet_pton.o
 .debug_info    0x000460f1       0xcb lib/arpa/ntohl.o
 .debug_info    0x000461bc      0x18a lib/arpa/inet_ntop.o

.debug_abbrev   0x00000000     0x859a
 *(.debug_abbrev)
 .debug_abbrev  0x00000000      0x216 double_link_list.o
 .debug_abbrev  0x00000216      0x157 global.o
 .debug_abbrev  0x0000036d      0x43a kernel_main_old.o
 .debug_abbrev  0x000007a7      0x25e kernel_main.o
 .debug_abbrev  0x00000a05      0x227 protect.o
 .debug_abbrev  0x00000c2c      0x2ac console.o
 .debug_abbrev  0x00000ed8      0x1e0 process.o
 .debug_abbrev  0x000010b8      0x1fb keyboard.o
 .debug_abbrev  0x000012b3      0x222 thread.o
 .debug_abbrev  0x000014d5      0x260 my_process.o
 .debug_abbrev  0x00001735      0x23f network/skbuff.o
 .debug_abbrev  0x00001974      0x327 network/socket.o
 .debug_abbrev  0x00001c9b      0x2d1 network/ip_input.o
 .debug_abbrev  0x00001f6c      0x3b1 network/udp_sock.o
 .debug_abbrev  0x0000231d      0x3e6 network/tcp_sock.o
 .debug_abbrev  0x00002703      0x24b network/inet.o
 .debug_abbrev  0x0000294e      0x332 network/tcp.o
 .debug_abbrev  0x00002c80      0x273 network/sock.o
 .debug_abbrev  0x00002ef3      0x39b network/tcp_output.o
 .debug_abbrev  0x0000328e      0x330 network/arp.o
 .debug_abbrev  0x000035be      0x263 network/route.o
 .debug_abbrev  0x00003821      0x311 network/ipc.o
 .debug_abbrev  0x00003b32      0x236 network/icmpv4.o
 .debug_abbrev  0x00003d68      0x213 network/ip_output.o
 .debug_abbrev  0x00003f7b      0x336 network/netdev.o
 .debug_abbrev  0x000042b1      0x23a network/dst.o
 .debug_abbrev  0x000044eb      0x355 network/tcp_input.o
 .debug_abbrev  0x00004840      0x1e9 network/task_network.o
 .debug_abbrev  0x00004a29      0x2d3 network/udp.o
 .debug_abbrev  0x00004cfc      0x2a6 network/tcp_data.o
 .debug_abbrev  0x00004fa2      0x17a network/utils.o
 .debug_abbrev  0x0000511c      0x2e3 hd/hd.o
 .debug_abbrev  0x000053ff      0x2f8 fs/fs_main.o
 .debug_abbrev  0x000056f7      0x204 mm/forkexit.o
 .debug_abbrev  0x000058fb      0x1c4 mm/exec.o
 .debug_abbrev  0x00005abf      0x208 mm/main.o
 .debug_abbrev  0x00005cc7      0x330 mem/mem.o
 .debug_abbrev  0x00005ff7      0x1e8 lib/exec.o
 .debug_abbrev  0x000061df      0x18a lib/fork.o
 .debug_abbrev  0x00006369      0x19b lib/exit.o
 .debug_abbrev  0x00006504      0x193 lib/unlink.o
 .debug_abbrev  0x00006697      0x19f lib/wait.o
 .debug_abbrev  0x00006836      0x1b0 lib/socket_close.o
 .debug_abbrev  0x000069e6      0x1dd lib/socket_read.o
 .debug_abbrev  0x00006bc3       0xcd lib/alloca.o
 .debug_abbrev  0x00006c90      0x191 lib/calloc.o
 .debug_abbrev  0x00006e21       0x6a lib/floor.o
 .debug_abbrev  0x00006e8b      0x1db lib/socket_write.o
 .debug_abbrev  0x00007066      0x18a lib/getpid.o
 .debug_abbrev  0x000071f0       0x94 lib/stdlib/atoi.o
 .debug_abbrev  0x00007284       0x8b lib/stdlib/strtol.o
 .debug_abbrev  0x0000730f       0x91 lib/string/strtok.o
 .debug_abbrev  0x000073a0       0x94 lib/string/strcmp.o
 .debug_abbrev  0x00007434       0xbe lib/string/strncmp.o
 .debug_abbrev  0x000074f2       0xa5 lib/string/strpbrk.o
 .debug_abbrev  0x00007597      0x1ef lib/stdio/read.o
 .debug_abbrev  0x00007786       0x5c lib/stdio/perror.o
 .debug_abbrev  0x000077e2       0xca lib/stdio/sscanf.o
 .debug_abbrev  0x000078ac      0x1c5 lib/stdio/open.o
 .debug_abbrev  0x00007a71      0x1db lib/stdio/write.o
 .debug_abbrev  0x00007c4c      0x19d lib/stdio/close.o
 .debug_abbrev  0x00007de9      0x1cc lib/sys/socket.o
 .debug_abbrev  0x00007fb5      0x1b7 lib/sys/connect.o
 .debug_abbrev  0x0000816c       0x6c lib/arpa/ntohs.o
 .debug_abbrev  0x000081d8       0xa5 lib/arpa/htonl.o
 .debug_abbrev  0x0000827d       0x6c lib/arpa/htons.o
 .debug_abbrev  0x000082e9      0x116 lib/arpa/inet_pton.o
 .debug_abbrev  0x000083ff       0xa5 lib/arpa/ntohl.o
 .debug_abbrev  0x000084a4       0xf6 lib/arpa/inet_ntop.o

.debug_line     0x00000000     0xaa0e
 *(.debug_line .debug_line.* .debug_line_end)
 .debug_line    0x00000000      0x235 double_link_list.o
 .debug_line    0x00000235       0xb3 global.o
 .debug_line    0x000002e8      0xe4d kernel_main_old.o
 .debug_line    0x00001135      0x273 kernel_main.o
 .debug_line    0x000013a8      0x21d protect.o
 .debug_line    0x000015c5      0x56c console.o
 .debug_line    0x00001b31      0x1d8 process.o
 .debug_line    0x00001d09      0x2b4 keyboard.o
 .debug_line    0x00001fbd      0x163 thread.o
 .debug_line    0x00002120      0x359 my_process.o
 .debug_line    0x00002479      0x1ab network/skbuff.o
 .debug_line    0x00002624      0x3c8 network/socket.o
 .debug_line    0x000029ec      0x28e network/ip_input.o
 .debug_line    0x00002c7a      0x4c8 network/udp_sock.o
 .debug_line    0x00003142      0x594 network/tcp_sock.o
 .debug_line    0x000036d6      0x326 network/inet.o
 .debug_line    0x000039fc      0x30d network/tcp.o
 .debug_line    0x00003d09      0x238 network/sock.o
 .debug_line    0x00003f41      0x5a1 network/tcp_output.o
 .debug_line    0x000044e2      0x543 network/arp.o
 .debug_line    0x00004a25      0x2a5 network/route.o
 .debug_line    0x00004cca      0x614 network/ipc.o
 .debug_line    0x000052de      0x232 network/icmpv4.o
 .debug_line    0x00005510      0x20b network/ip_output.o
 .debug_line    0x0000571b      0x4af network/netdev.o
 .debug_line    0x00005bca      0x199 network/dst.o
 .debug_line    0x00005d63      0x671 network/tcp_input.o
 .debug_line    0x000063d4      0x1bd network/task_network.o
 .debug_line    0x00006591      0x302 network/udp.o
 .debug_line    0x00006893      0x3ff network/tcp_data.o
 .debug_line    0x00006c92      0x13c network/utils.o
 .debug_line    0x00006dce      0x64d hd/hd.o
 .debug_line    0x0000741b      0xc43 fs/fs_main.o
 .debug_line    0x0000805e      0x192 mm/forkexit.o
 .debug_line    0x000081f0      0x22a mm/exec.o
 .debug_line    0x0000841a      0x10a mm/main.o
 .debug_line    0x00008524      0x78e mem/mem.o
 .debug_line    0x00008cb2      0x1a9 lib/exec.o
 .debug_line    0x00008e5b       0xc3 lib/fork.o
 .debug_line    0x00008f1e       0xbe lib/exit.o
 .debug_line    0x00008fdc       0xde lib/unlink.o
 .debug_line    0x000090ba       0xd5 lib/wait.o
 .debug_line    0x0000918f      0x151 lib/socket_close.o
 .debug_line    0x000092e0      0x192 lib/socket_read.o
 .debug_line    0x00009472       0x5f lib/alloca.o
 .debug_line    0x000094d1       0xf9 lib/calloc.o
 .debug_line    0x000095ca       0x5a lib/floor.o
 .debug_line    0x00009624      0x195 lib/socket_write.o
 .debug_line    0x000097b9       0xbe lib/getpid.o
 .debug_line    0x00009877       0xad lib/stdlib/atoi.o
 .debug_line    0x00009924       0xbb lib/stdlib/strtol.o
 .debug_line    0x000099df       0x6e lib/string/strtok.o
 .debug_line    0x00009a4d       0x9c lib/string/strcmp.o
 .debug_line    0x00009ae9       0xcc lib/string/strncmp.o
 .debug_line    0x00009bb5       0xb0 lib/string/strpbrk.o
 .debug_line    0x00009c65      0x15b lib/stdio/read.o
 .debug_line    0x00009dc0       0x48 lib/stdio/perror.o
 .debug_line    0x00009e08      0x220 lib/stdio/sscanf.o
 .debug_line    0x0000a028       0xc3 lib/stdio/open.o
 .debug_line    0x0000a0eb       0xe0 lib/stdio/write.o
 .debug_line    0x0000a1cb       0xb3 lib/stdio/close.o
 .debug_line    0x0000a27e      0x188 lib/sys/socket.o
 .debug_line    0x0000a406      0x170 lib/sys/connect.o
 .debug_line    0x0000a576       0x6c lib/arpa/ntohs.o
 .debug_line    0x0000a5e2       0xc1 lib/arpa/htonl.o
 .debug_line    0x0000a6a3       0x6c lib/arpa/htons.o
 .debug_line    0x0000a70f      0x167 lib/arpa/inet_pton.o
 .debug_line    0x0000a876       0xc1 lib/arpa/ntohl.o
 .debug_line    0x0000a937       0xd7 lib/arpa/inet_ntop.o

.debug_frame
 *(.debug_frame)

.debug_str      0x00000000     0x38c0
 *(.debug_str)
 .debug_str     0x00000000     0x38c0 double_link_list.o
                                0x6fa (size before relaxing)
 .debug_str     0x000038c0      0x628 global.o
 .debug_str     0x000038c0      0xba3 kernel_main_old.o
 .debug_str     0x000038c0      0x771 kernel_main.o
 .debug_str     0x000038c0      0x783 protect.o
 .debug_str     0x000038c0      0x777 console.o
 .debug_str     0x000038c0      0x662 process.o
 .debug_str     0x000038c0      0x6b4 keyboard.o
 .debug_str     0x000038c0      0x72f thread.o
 .debug_str     0x000038c0      0x916 my_process.o
 .debug_str     0x000038c0      0x71a network/skbuff.o
 .debug_str     0x000038c0      0x946 network/socket.o
 .debug_str     0x000038c0      0x9a2 network/ip_input.o
 .debug_str     0x000038c0      0xa78 network/udp_sock.o
 .debug_str     0x000038c0      0xcc7 network/tcp_sock.o
 .debug_str     0x000038c0      0x905 network/inet.o
 .debug_str     0x000038c0      0xb34 network/tcp.o
 .debug_str     0x000038c0      0x8bd network/sock.o
 .debug_str     0x000038c0      0xc24 network/tcp_output.o
 .debug_str     0x000038c0      0x90e network/arp.o
 .debug_str     0x000038c0      0x7ce network/route.o
 .debug_str     0x000038c0      0x935 network/ipc.o
 .debug_str     0x000038c0      0x921 network/icmpv4.o
 .debug_str     0x000038c0      0x85d network/ip_output.o
 .debug_str     0x000038c0      0x92f network/netdev.o
 .debug_str     0x000038c0      0x735 network/dst.o
 .debug_str     0x000038c0      0xb94 network/tcp_input.o
 .debug_str     0x000038c0      0x6ca network/task_network.o
 .debug_str     0x000038c0      0x954 network/udp.o
 .debug_str     0x000038c0      0xa50 network/tcp_data.o
 .debug_str     0x000038c0      0x1b8 network/utils.o
 .debug_str     0x000038c0      0x931 hd/hd.o
 .debug_str     0x000038c0      0xb12 fs/fs_main.o
 .debug_str     0x000038c0      0x62f mm/forkexit.o
 .debug_str     0x000038c0      0x885 mm/exec.o
 .debug_str     0x000038c0      0x5b0 mm/main.o
 .debug_str     0x000038c0      0xad6 mem/mem.o
 .debug_str     0x000038c0      0x644 lib/exec.o
 .debug_str     0x000038c0      0x5b6 lib/fork.o
 .debug_str     0x000038c0      0x5bd lib/exit.o
 .debug_str     0x000038c0      0x63c lib/unlink.o
 .debug_str     0x000038c0      0x5bd lib/wait.o
 .debug_str     0x000038c0      0x6db lib/socket_close.o
 .debug_str     0x000038c0      0x752 lib/socket_read.o
 .debug_str     0x000038c0       0xce lib/alloca.o
 .debug_str     0x000038c0      0x649 lib/calloc.o
 .debug_str     0x000038c0       0xa2 lib/floor.o
 .debug_str     0x000038c0      0x755 lib/socket_write.o
 .debug_str     0x000038c0      0x5ba lib/getpid.o
 .debug_str     0x000038c0       0xad lib/stdlib/atoi.o
 .debug_str     0x000038c0       0xc6 lib/stdlib/strtol.o
 .debug_str     0x000038c0       0xb9 lib/string/strtok.o
 .debug_str     0x000038c0       0xb1 lib/string/strcmp.o
 .debug_str     0x000038c0       0xba lib/string/strncmp.o
 .debug_str     0x000038c0       0xc1 lib/string/strpbrk.o
 .debug_str     0x000038c0      0x617 lib/stdio/read.o
 .debug_str     0x000038c0       0x99 lib/stdio/perror.o
 .debug_str     0x000038c0      0x109 lib/stdio/sscanf.o
 .debug_str     0x000038c0      0x5de lib/stdio/open.o
 .debug_str     0x000038c0      0x5f3 lib/stdio/write.o
 .debug_str     0x000038c0      0x5a6 lib/stdio/close.o
 .debug_str     0x000038c0      0x716 lib/sys/socket.o
 .debug_str     0x000038c0      0x735 lib/sys/connect.o
 .debug_str     0x000038c0      0x101 lib/arpa/ntohs.o
 .debug_str     0x000038c0       0xf4 lib/arpa/htonl.o
 .debug_str     0x000038c0      0x102 lib/arpa/htons.o
 .debug_str     0x000038c0      0x14c lib/arpa/inet_pton.o
 .debug_str     0x000038c0       0xf3 lib/arpa/ntohl.o
 .debug_str     0x000038c0      0x10f lib/arpa/inet_ntop.o

.debug_loc
 *(.debug_loc)

.debug_macinfo
 *(.debug_macinfo)

.debug_weaknames
 *(.debug_weaknames)

.debug_funcnames
 *(.debug_funcnames)

.debug_typenames
 *(.debug_typenames)

.debug_varnames
 *(.debug_varnames)

.debug_pubtypes
 *(.debug_pubtypes)

.debug_ranges   0x00000000       0x90
 *(.debug_ranges)
 .debug_ranges  0x00000000       0x30 kernel_main_old.o
 .debug_ranges  0x00000030       0x48 hd/hd.o
 .debug_ranges  0x00000078       0x18 mm/exec.o

.debug_addr
 *(.debug_addr)

.debug_line_str
 *(.debug_line_str)

.debug_loclists
 *(.debug_loclists)

.debug_macro
 *(.debug_macro)

.debug_names
 *(.debug_names)

.debug_rnglists
 *(.debug_rnglists)

.debug_str_offsets
 *(.debug_str_offsets)

.debug_sup
 *(.debug_sup)

.gnu.attributes
 *(.gnu.attributes)

/DISCARD/
 *(.note.GNU-stack)
 *(.gnu_debuglink)
 *(.gnu.lto_*)
OUTPUT(kernel.bin elf32-i386)
