
Merging program properties

Removed property 0xc0010001 to merge double_link_list.o (0x1) and kernel/kernel_sub.o (not found)
Removed property 0xc0010002 to merge double_link_list.o (0x0) and kernel/kernel_sub.o (not found)
Removed property 0xc0010001 to merge double_link_list.o (not found) and kernel_main_old.o (0x1)
Removed property 0xc0010002 to merge double_link_list.o (not found) and kernel_main_old.o (0x1)
Removed property 0xc0010001 to merge double_link_list.o (not found) and kernel_main.o (0x1)
Removed property 0xc0010002 to merge double_link_list.o (not found) and kernel_main.o (0x0)
Removed property 0xc0010001 to merge double_link_list.o (not found) and protect.o (0x1)
Removed property 0xc0010002 to merge double_link_list.o (not found) and protect.o (0x0)
Removed property 0xc0010001 to merge double_link_list.o (not found) and console.o (0x1)
Removed property 0xc0010002 to merge double_link_list.o (not found) and console.o (0x1)
Removed property 0xc0010001 to merge double_link_list.o (not found) and global.o (0x1)
Removed property 0xc0010002 to merge double_link_list.o (not found) and global.o (0x0)
Removed property 0xc0010001 to merge double_link_list.o (not found) and keyboard.o (0x1)
Removed property 0xc0010002 to merge double_link_list.o (not found) and keyboard.o (0x0)
Removed property 0xc0010001 to merge double_link_list.o (not found) and process.o (0x1)
Removed property 0xc0010002 to merge double_link_list.o (not found) and process.o (0x0)
Removed property 0xc0010001 to merge double_link_list.o (not found) and thread.o (0x1)
Removed property 0xc0010002 to merge double_link_list.o (not found) and thread.o (0x0)
Removed property 0xc0010001 to merge double_link_list.o (not found) and my_process.o (0x1)
Removed property 0xc0010002 to merge double_link_list.o (not found) and my_process.o (0x1)
Removed property 0xc0010001 to merge double_link_list.o (not found) and network/skbuff.o (0x1)
Removed property 0xc0010002 to merge double_link_list.o (not found) and network/skbuff.o (0x0)
Removed property 0xc0010001 to merge double_link_list.o (not found) and network/socket.o (0x1)
Removed property 0xc0010002 to merge double_link_list.o (not found) and network/socket.o (0x0)
Removed property 0xc0010001 to merge double_link_list.o (not found) and network/ip_input.o (0x1)
Removed property 0xc0010002 to merge double_link_list.o (not found) and network/ip_input.o (0x0)
Removed property 0xc0010001 to merge double_link_list.o (not found) and network/udp_sock.o (0x1)
Removed property 0xc0010002 to merge double_link_list.o (not found) and network/udp_sock.o (0x0)
Removed property 0xc0010001 to merge double_link_list.o (not found) and network/icmpv4.o (0x1)
Removed property 0xc0010002 to merge double_link_list.o (not found) and network/icmpv4.o (0x0)
Removed property 0xc0010001 to merge double_link_list.o (not found) and network/inet.o (0x1)
Removed property 0xc0010002 to merge double_link_list.o (not found) and network/inet.o (0x0)
Removed property 0xc0010001 to merge double_link_list.o (not found) and network/tcp.o (0x1)
Removed property 0xc0010002 to merge double_link_list.o (not found) and network/tcp.o (0x0)
Removed property 0xc0010001 to merge double_link_list.o (not found) and network/route.o (0x1)
Removed property 0xc0010002 to merge double_link_list.o (not found) and network/route.o (0x0)
Removed property 0xc0010001 to merge double_link_list.o (not found) and network/sock.o (0x1)
Removed property 0xc0010002 to merge double_link_list.o (not found) and network/sock.o (0x0)
Removed property 0xc0010001 to merge double_link_list.o (not found) and network/tcp_output.o (0x1)
Removed property 0xc0010002 to merge double_link_list.o (not found) and network/tcp_output.o (0x1)
Removed property 0xc0010001 to merge double_link_list.o (not found) and network/arp.o (0x1)
Removed property 0xc0010002 to merge double_link_list.o (not found) and network/arp.o (0x0)
Removed property 0xc0010001 to merge double_link_list.o (not found) and network/tcp_sock.o (0x1)
Removed property 0xc0010002 to merge double_link_list.o (not found) and network/tcp_sock.o (0x1)
Removed property 0xc0010001 to merge double_link_list.o (not found) and network/ipc.o (0x1)
Removed property 0xc0010002 to merge double_link_list.o (not found) and network/ipc.o (0x1)
Removed property 0xc0010001 to merge double_link_list.o (not found) and network/ip_output.o (0x1)
Removed property 0xc0010002 to merge double_link_list.o (not found) and network/ip_output.o (0x0)
Removed property 0xc0010001 to merge double_link_list.o (not found) and network/netdev.o (0x1)
Removed property 0xc0010002 to merge double_link_list.o (not found) and network/netdev.o (0x0)
Removed property 0xc0010001 to merge double_link_list.o (not found) and network/dst.o (0x1)
Removed property 0xc0010002 to merge double_link_list.o (not found) and network/dst.o (0x0)
Removed property 0xc0010001 to merge double_link_list.o (not found) and network/tcp_input.o (0x1)
[...]
Memory Configuration

Name             Origin             Length             Attributes
*default*        0x00000000         0xffffffff

Linker script and memory map

Address of section .text set to 0xc0600000
LOAD kernel/kernel_sub.o
LOAD kernel/kernel.o
LOAD syscall.o
LOAD switch_to.o
LOAD string.o
LOAD hd/hd_rdwt.o
LOAD network/ne2000.o
LOAD double_link_list.o
LOAD kernel_main_old.o
LOAD kernel_main.o
LOAD protect.o
LOAD console.o
LOAD global.o
LOAD keyboard.o
LOAD process.o
LOAD thread.o
LOAD my_process.o
LOAD network/skbuff.o
LOAD network/socket.o
LOAD network/ip_input.o
LOAD network/udp_sock.o
LOAD network/icmpv4.o
LOAD network/inet.o
LOAD network/tcp.o
LOAD network/route.o
LOAD network/sock.o
LOAD network/tcp_output.o
LOAD network/arp.o
LOAD network/tcp_sock.o
LOAD network/ipc.o
LOAD network/ip_output.o
LOAD network/netdev.o
LOAD network/dst.o
LOAD network/tcp_input.o
LOAD network/task_network.o
LOAD network/udp.o
LOAD network/tcp_data.o
LOAD network/utils.o
LOAD hd/hd.o
LOAD fs/fs_main.o
LOAD mm/forkexit.o
LOAD mm/exec.o
LOAD mm/main.o
LOAD mem/mem.o
LOAD lib/exec.o
LOAD lib/fork.o
LOAD lib/exit.o
LOAD lib/unlink.o
LOAD lib/wait.o
LOAD lib/socket_close.o
LOAD lib/socket_read.o
LOAD lib/alloca.o
LOAD lib/calloc.o
LOAD lib/floor.o
LOAD lib/socket_write.o
LOAD lib/getpid.o
LOAD lib/stdlib/atoi.o
LOAD lib/stdlib/strtol.o
LOAD lib/string/strtok.o
LOAD lib/string/strcmp.o
LOAD lib/string/strncmp.o
LOAD lib/string/strpbrk.o
LOAD lib/stdio/read.o
LOAD lib/stdio/perror.o
LOAD lib/stdio/sscanf.o
LOAD lib/stdio/open.o
LOAD lib/stdio/write.o
LOAD lib/stdio/close.o
LOAD lib/sys/socket.o
LOAD lib/sys/connect.o
LOAD lib/arpa/ntohs.o
LOAD lib/arpa/htonl.o
LOAD lib/arpa/htons.o
LOAD lib/arpa/inet_pton.o
LOAD lib/arpa/ntohl.o
LOAD lib/arpa/inet_ntop.o
                [!provide]                        PROVIDE (__executable_start = SEGMENT_START ("text-segment", 0x8048000))
                0x080480d4                        . = (SEGMENT_START ("text-segment", 0x8048000) + SIZEOF_HEADERS)

.interp
 *(.interp)

.note.gnu.build-id
 *(.note.gnu.build-id)

.hash
 *(.hash)

.gnu.hash
 *(.gnu.hash)

.dynsym
 *(.dynsym)

.dynstr
 *(.dynstr)

.gnu.version
 *(.gnu.version)

.gnu.version_d
 *(.gnu.version_d)

.gnu.version_r
 *(.gnu.version_r)

.rel.dyn        0x080480d4        0x0
 *(.rel.init)
 *(.rel.text .rel.text.* .rel.gnu.linkonce.t.*)
 .rel.text      0x080480d4        0x0 kernel/kernel_sub.o
 *(.rel.fini)
 *(.rel.rodata .rel.rodata.* .rel.gnu.linkonce.r.*)
 *(.rel.data.rel.ro .rel.data.rel.ro.* .rel.gnu.linkonce.d.rel.ro.*)
 *(.rel.data .rel.data.* .rel.gnu.linkonce.d.*)
 *(.rel.tdata .rel.tdata.* .rel.gnu.linkonce.td.*)
 *(.rel.tbss .rel.tbss.* .rel.gnu.linkonce.tb.*)
 *(.rel.ctors)
 *(.rel.dtors)
 *(.rel.got)
 .rel.got       0x080480d4        0x0 kernel/kernel_sub.o
 *(.rel.bss .rel.bss.* .rel.gnu.linkonce.b.*)
 *(.rel.ifunc)

.rel.plt        0x080480d4        0x0
 *(.rel.plt)
                [!provide]                        PROVIDE (__rel_iplt_start = .)
 *(.rel.iplt)
 .rel.iplt      0x080480d4        0x0 kernel/kernel_sub.o
                [!provide]                        PROVIDE (__rel_iplt_end = .)

.relr.dyn
 *(.relr.dyn)
                0x08049000                        . = ALIGN (CONSTANT (MAXPAGESIZE))

.init
 *(SORT_NONE(.init))

.plt            0x08049000        0x0
 *(.plt)
 *(.iplt)
 .iplt          0x08049000        0x0 kernel/kernel_sub.o

.plt.got
 *(.plt.got)

.plt.sec
 *(.plt.sec)

.text           0xc0600000    0x145d3
 *(.text.unlikely .text.*_unlikely .text.unlikely.*)
 *(.text.exit .text.exit.*)
 *(.text.startup .text.startup.*)
 *(.text.hot .text.hot.*)
 *(SORT_BY_NAME(.text.sorted.*))
 *(.text .stub .text.* .gnu.linkonce.t.*)
 .text          0xc0600000       0x71 kernel/kernel_sub.o
                0xc0600000                _start
 *fill*         0xc0600071        0xf 
 .text          0xc0600080      0x3d2 kernel/kernel.o
                0xc0600080                InterruptTest
                0xc060008c                disp_str_len
                0xc06000d9                disp_str
                0xc0600114                disp_str_colour
                0xc0600150                divide_zero_fault
                0xc0600156                single_step_fault
                0xc060015c                non_maskable_interrupt
                0xc0600162                breakpoint_trap
                0xc0600168                overflow_trap
                0xc060016e                bound_range_exceeded_fault
                0xc0600174                invalid_opcode_fault
                0xc060017a                coprocessor_not_available_fault
                0xc0600180                double_fault_exception_abort
                0xc0600184                coprocessor_segment_overrun
                0xc060018a                invalid_task_state_segment_fault
                0xc060018e                segment_not_present_fault
                0xc0600192                stack_exception_fault
                0xc0600196                general_protection_exception_fault
                0xc06001a1                page_fault
                0xc06001a5                coprocessor_error_fault
                0xc06001ab                align_check_fault
                0xc06001af                simd_float_exception_fault
                0xc06001be                hwint0
                0xc06001ee                hwint1
                0xc0600231                hwint14
                0xc0600277                hwint10
                0xc06002ba                sys_call
                0xc0600300                fork_restart
                0xc060030f                restart
                0xc0600332                in_byte
                0xc060033e                out_byte
                0xc0600360                disable_int
                0xc0600362                enable_int
                0xc06003f8                enable_8259A_casecade_irq
                0xc0600402                disable_8259A_casecade_irq
                0xc060040c                enable_8259A_slave_winchester_irq
                0xc0600416                disable_8259A_slave_winchester_irq
                0xc0600420                update_cr3
                0xc060042d                update_tss
                0xc060043c                get_running_thread_pcb
                0xc0600442                sys_call_test
                0xc0600445                enable_8259A_slave_net_irq
 *fill*         0xc0600452        0xe 
 .text          0xc0600460       0x6a syscall.o
                0xc0600460                write_debug
                0xc0600470                send_msg
                0xc0600486                receive_msg
                0xc060049c                sys_malloc
                0xc06004b1                sys_free
 *fill*         0xc06004ca        0x6 
 .text          0xc06004d0       0x15 switch_to.o
                0xc06004d0                switch_to
 *fill*         0xc06004e5        0xb 
 .text          0xc06004f0      0x28d network/ne2000.o
                0xc0600513                DriverInitialize
                0xc060059d                StartSendToPhysicalLink
                0xc06005b8                SetPageStart
                0xc06005e7                DriverSend
                0xc0600661                PCtoNIC
                0xc06006cc                get_interrupt_status
                0xc06006e9                set_interrupt_status
                0xc0600709                get_curr_page
                0xc0600726                NICtoPC
 .text          0xc060077d      0x2ee double_link_list.o
                0xc060077d                initDoubleLinkList
                0xc06007cd                isListEmpty
                0xc06007fb                findElementInList
                0xc0600892                appendToDoubleLinkList
                0xc0600958                insertToDoubleLinkList
                0xc06009dc                popFromDoubleLinkList
 .text          0xc0600a6b     0x2d8b kernel_main_old.o
                0xc0600a6b                stop_here
                0xc0600aaf                catch_error
                0xc0600b14                intr_enable
                0xc0600b3d                intr_disable
                0xc0600b66                intr_set_status
                0xc0600b84                intr_get_status
                0xc0600ba1                Memcpy
                0xc0600bd4                untar
                0xc0600ee4                num_to_string
                0xc0600f8a                disp_int
                0xc0600fb3                do_page_fault
                0xc06010f0                exception_handler
                0xc06012db                init_internal_interrupt
                0xc0601450                spurious_irq
                0xc06014de                init_keyboard
                0xc0601521                TestTTY
                0xc06015c0                TestReadReturnValue
                0xc060163d                TestWriteReturnValue
                0xc0601711                TestFS2
                0xc060171f                TestFS
                0xc0601bc1                wait_exit
                0xc0601cbf                INIT_fork
                0xc0601fb2                simple_shell
                0xc0602139                test_shell
                0xc06021a1                test_exec
                0xc0602294                INIT
                0xc06022a1                TestA
                0xc06022d6                delay
                0xc060231a                TestB
                0xc0602332                TestC
                0xc0602365                sys_get_ticks
                0xc0602375                sys_write
                0xc06023c9                milli_delay
                0xc06023f3                TaskSys
                0xc06023f8                Printf
                0xc06024ca                sprintf
                0xc06024f6                vsprintf
                0xc06026a2                printx
                0xc06026e5                sys_printx
                0xc06027b1                spin
                0xc06027d7                panic
                0xc06027f5                assertion_failure
                0xc0602867                assertion_failure2
                0xc06028dc                dead_lock
                0xc06028e6                sys_send_msg
                0xc0602e05                sys_receive_msg
                0xc0603465                send_rec
                0xc0603560                block
                0xc060359c                unblock
                0xc06035ec                get_ticks_ipc
                0xc06035ff                itoa
                0xc0603655                i2a
                0xc06036bb                inform_int
                0xc0603787                deprecate_strcmp
 .text          0xc06037f6      0x515 kernel_main.o
                0xc06037f6                kernel_main
                0xc06039d0                init
                0xc0603a67                kernel_thread_a
                0xc0603ab4                kernel_thread_b
                0xc0603b01                kernel_thread_c
                0xc0603b17                kernel_thread_d
                0xc0603b2d                user_proc_a
                0xc0603cee                user_proc_b
 .text          0xc0603d0b      0x3b3 protect.o
                0xc0603d0b                InitDescriptor
                0xc0603d78                Seg2PhyAddr
                0xc0603db9                Seg2PhyAddrLDT
                0xc0603dfd                VirAddr2PhyAddr
                0xc0603e13                v2l
                0xc0603e56                init_propt
                0xc0603fd7                InitInterruptDesc
                0xc0604033                ReloadGDT
 .text          0xc06040be      0xad3 console.o
                0xc06040be                select_console
                0xc06040fa                flush
                0xc0604133                set_cursor
                0xc0604191                set_console_start_video_addr
                0xc06041ef                put_key
                0xc060425b                scroll_up
                0xc060429d                scroll_down
                0xc0604308                out_char
                0xc06044c5                tty_dev_read
                0xc06044ef                tty_dev_write
                0xc060471c                tty_do_read
                0xc06047e4                tty_do_write
                0xc060494d                init_screen
                0xc06049d6                init_tty
                0xc0604a8b                TaskTTY
 .text          0xc0604b91        0x0 global.o
 .text          0xc0604b91      0x40f keyboard.o
                0xc0604b91                keyboard_handler
                0xc0604c15                read_from_keyboard_buf
                0xc0604c7b                keyboard_read
                0xc0604dfa                init_keyboard_handler
                0xc0604e0e                in_process
 .text          0xc0604fa0      0x2d3 process.o
                0xc0604fa0                schedule_process
                0xc0605166                clock_handler
                0xc06051f8                pid2proc
                0xc060525c                proc2pid
 .text          0xc0605273      0x1b2 thread.o
                0xc0605273                kernel_thread
                0xc060528b                thread_init
                0xc0605338                thread_create
                0xc060536d                thread_start
 .text          0xc0605425      0x730 my_process.o
                0xc0605425                create_user_process_address_space
                0xc06054b5                user_process
                0xc06055e2                clone_pcb
                0xc0605754                build_body_stack
                0xc0605887                build_process_kernel_stack
                0xc060594a                fork_process
                0xc06059db                process_execute
 .text          0xc0605b55      0x15b network/skbuff.o
                0xc0605b6e                alloc_skb
                0xc0605bff                free_skb
                0xc0605c32                skb_reserve
                0xc0605c4e                skb_push
                0xc0605c7d                skb_head
                0xc0605c88                skb_reset_header
 .text          0xc0605cb0      0x66c network/socket.o
                0xc0605d60                test
                0xc0605dbc                socket_debug
                0xc0605e1d                free_socket
                0xc0605ed9                _socket
                0xc0605f98                _bind
                0xc0605feb                _connect
                0xc060603d                _write
                0xc0606094                _read
                0xc06060eb                _recvfrom
                0xc060612c                _sendto
                0xc0606183                _close
                0xc0606202                _listen
                0xc0606268                _accept
 .text          0xc060631c      0x53f network/ip_input.o
                0xc06064f5                call_ip_rcv
                0xc060660f                ip_rcv
 .text          0xc060685b      0x8cd network/udp_sock.o
                0xc0606a99                udp_lookup_sock
                0xc0606ae0                udp_init
                0xc0606b11                udp_close
                0xc0606b37                udp_sock_init
                0xc0606b41                udp_recvfrom
                0xc0606bda                udp_connect
                0xc0606cb3                udp_write
                0xc0606cdf                udp_alloc_skb
                0xc0606d29                udp_sendto
                0xc0606e1d                udp_send
                0xc0606f5b                udp_alloc_sock
                0xc0606f9c                udp_free_sock
                0xc0606fc0                udp_read
 .text          0xc0607128      0x234 network/icmpv4.o
                0xc0607136                icmpv4_incoming
                0xc06071aa                icmpv4_reply
                0xc0607283                icmpv4_timestamp
 .text          0xc060735c      0x429 network/inet.o
                0xc060735c                inet_create
                0xc060740c                inet_socket
                0xc0607416                inet_connect
                0xc060746a                inet_write
                0xc0607496                inet_read
                0xc06074c2                inet_close
                0xc0607511                inet_free
                0xc0607547                inet_bind
                0xc0607650                inet_listen
                0xc0607699                inet_accept
                0xc0607744                inet_sendto
                0xc060776f                inet_recvfrom
 .text          0xc0607785      0x49f network/tcp.o
                0xc06079c9                tcp_in
                0xc0607a7d                tcp_checksum
                0xc0607aa9                __tcp_set_state
                0xc0607ab8                tcp_generate_port
                0xc0607b01                tcp_generate_isn
                0xc0607b13                tcp_done
                0xc0607b3c                tcp_clear_timers
                0xc0607b4b                tcp_stop_retransmission_timer
                0xc0607b64                tcp_release_retransmission_timer
                0xc0607b7d                tcp_stop_delack_timer
                0xc0607b90                tcp_release_delack_timer
                0xc0607ba3                tcp_handle_fin_state
                0xc0607c08                tcp_enter_time_wait
 .text          0xc0607c24      0x42e network/route.o
                0xc0607d34                route_add
                0xc0607d7b                route_init
                0xc0607e2d                call_route_lookup
                0xc0607f77                route_lookup
 .text          0xc0608052      0x203 network/sock.o
                0xc0608184                sk_alloc
                0xc06081ab                sk_init
                0xc06081ff                sk_init_with_socket
                0xc0608228                sk_free
 .text          0xc0608255      0xfb0 network/tcp_output.o
                0xc0608678                tcp_send_synack
                0xc060871b                tcp_send_delack
                0xc0608756                tcp_send_ack
                0xc06088d5                tcp_send_fin
                0xc060894a                tcp_select_initial_window
                0xc0608afc                tcp_reset_retransmission_timer
                0xc0608b19                call_tcp_begin_connect
                0xc0608c58                tcp_begin_connect
                0xc0608e72                call_tcp_write
                0xc0608fb3                ipc_tcp_write
                0xc060910a                tcp_send_reset
                0xc060918a                tcp_queue_fin
 .text          0xc0609205      0xbdd network/arp.o
                0xc060932e                call_update_arp_translation_table
                0xc0609566                insert_arp_translation_table
                0xc06095e8                update_arp_translation_table
                0xc06096a7                arp_init
                0xc06096ad                arp_rcv
                0xc0609896                arp_request
                0xc0609a03                arp_reply
                0xc0609b66                call_arp_get_hwaddr
                0xc0609cb0                arp_get_hwaddr
                0xc0609d91                free_arp
 .text          0xc0609de2      0xf35 network/tcp_sock.o
                0xc060a0fe                tcp_established_or_syn_recvd_socks_enqueue
                0xc060a117                tcp_established_or_syn_recvd_socks_remove
                0xc060a129                call_tcp_connecting_or_listening_socks_enqueue
                0xc060a225                tcp_connecting_or_listening_socks_enqueue
                0xc060a2a4                tcp_connecting_or_listening_socks_remove
                0xc060a2b6                tcp_alloc_sock
                0xc060a3cc                tcp_free_sock
                0xc060a445                tcp_init
                0xc060a44f                tcp_sock_init
                0xc060a4f5                tcp_write
                0xc060a5f6                ipc_tcp_write2
                0xc060a61f                tcp_read
                0xc060a6d2                tcp_close
                0xc060a790                tcp_recv_notify
                0xc060a7e8                tcp_v4_connect
                0xc060aa83                call_tcp_lookup_sock
                0xc060abee                tcp_lookup_sock
                0xc060ac67                tcp_lookup_sock2
 .text          0xc060ad17      0xe9e network/ipc.o
                0xc060b903                ipc_close
                0xc060b954                ipc_call_from_netdev_rx
                0xc060b98c                demux_ipc_socket_call
 .text          0xc060bbb5      0x1d3 network/ip_output.o
                0xc060bbc3                ip_output
 .text          0xc060bd88      0xa11 network/netdev.o
                0xc060bf16                netdev_init
                0xc060bf5d                netdev_transmit
                0xc060c0bf                interrupt_wait2
                0xc060c118                netdev_rx_loop
                0xc060c209                call_netdev_get
                0xc060c353                netdev_get
                0xc060c408                free_netdev
                0xc060c433                local_ipaddress
                0xc060c470                receive_msg_from_nic
                0xc060c657                receive_msg_from_nic2
                0xc060c783                net_handler
 .text          0xc060c799      0x181 network/dst.o
                0xc060c7a7                print_array
                0xc060c81b                dst_neigh_output
 .text          0xc060c91a      0xc2f network/tcp_input.o
                0xc060d0aa                tcp_process
                0xc060d487                tcp_receive
 .text          0xc060d549      0x356 network/task_network.o
                0xc060d59d                init_dev
                0xc060d704                task_network
                0xc060d855                task_netdev_rx
 .text          0xc060d89f      0x3e0 network/udp.o
                0xc060d9aa                udp_generate_port
                0xc060d9f3                udp_checksum
                0xc060dac1                udp_in
                0xc060db52                udp_data_dequeue
                0xc060dc5a                udp_data_enqueue
 .text          0xc060dc7f      0x599 network/tcp_data.o
                0xc060dfb9                tcp_data_dequeue
                0xc060e0e6                tcp_data_queue
 .text          0xc060e218      0x1e7 network/utils.o
                0xc060e218                run_cmd
                0xc060e225                print_err
                0xc060e23c                parse_ipv4_string
                0xc060e29b                ip_pton
                0xc060e2e3                sum_every_16bits
                0xc060e33a                checksum
                0xc060e37b                tcp_udp_checksum
 .text          0xc060e3ff      0xe84 hd/hd.o
                0xc060e3ff                TaskHD
                0xc060e44a                init_hd
                0xc060e464                hd_handle
                0xc060e569                hd_cmd_out
                0xc060e66b                hd_identify
                0xc060e722                print_hdinfo
                0xc060e8b0                print_dpt_entry
                0xc060e91c                get_partition_table
                0xc060e9fb                partition
                0xc060ec15                hd_open
                0xc060ecc5                get_hd_ioctl
                0xc060ed7f                wait_for
                0xc060edb0                interrupt_wait
                0xc060ee09                hd_rdwt
                0xc060f0ab                hd_handler
                0xc060f0dc                debug_ticks
                0xc060f11a                waitfor
                0xc060f15e                print_hd_info
                0xc060f24b                is_empty
 .text          0xc060f283     0x2081 fs/fs_main.o
                0xc060f283                task_fs
                0xc060f497                rd_wt
                0xc060f579                mkfs
                0xc060fb5b                init_fs
                0xc060fbb5                do_open
                0xc060fdbe                search_file
                0xc060fef0                strip_path
                0xc060ffbc                get_inode
                0xc061017e                create_file
                0xc0610289                alloc_imap_bit
                0xc0610386                alloc_smap_bit
                0xc0610527                new_inode
                0xc0610645                new_dir_entry
                0xc0610851                do_unlink
                0xc0610d2d                do_rdwt
                0xc06110b8                sync_inode
                0xc061120c                put_inode
                0xc061124a                do_close
                0xc061129c                get_super_block
 .text          0xc0611304      0x24f mm/forkexit.o
                0xc0611304                do_fork
                0xc0611372                do_exit
                0xc06113fc                do_wait
                0xc06114f9                cleanup
 .text          0xc0611553      0x419 mm/exec.o
                0xc0611553                do_exec
 .text          0xc061196c      0x14e mm/main.o
                0xc061196c                TaskMM
                0xc0611a9b                alloc_mem
 .text          0xc0611aba     0x1118 mem/mem.o
                0xc0611aba                init_bitmap
                0xc0611add                test_bit_val
                0xc0611b46                set_bit_val
                0xc0611bc1                set_bits
                0xc0611bfb                get_first_free_bit
                0xc0611c3f                get_bits
                0xc0611d07                get_a_page
                0xc0611dbb                get_virtual_address_start_with_addr
                0xc0611e55                get_virtual_address
                0xc0611ee5                ptr_pde
                0xc0611ef8                ptr_pte
                0xc0611f1f                add_map_entry
                0xc0611fb0                alloc_virtual_memory
                0xc061207c                get_physical_address_proc
                0xc06120f8                get_physical_address
                0xc061212a                alloc_physical_memory_of_proc
                0xc0612219                alloc_physical_memory
                0xc06122e1                alloc_memory
                0xc0612343                get_a_virtual_page
                0xc061237b                block2arena
                0xc0612391                sys_malloc2
                0xc06126be                remove_map_entry
                0xc06126df                free_a_page
                0xc0612786                sys_free2
                0xc061278c                init_memory_block_desc
                0xc061285d                init_memory2
                0xc0612a92                init_memory
 .text          0xc0612bd2      0x285 lib/exec.o
                0xc0612bd2                exec
                0xc0612c43                execv
                0xc0612e32                execl
 .text          0xc0612e57       0x4b lib/fork.o
                0xc0612e57                fork
 .text          0xc0612ea2       0x2f lib/exit.o
                0xc0612ea2                exit
 .text          0xc0612ed1       0x42 lib/unlink.o
                0xc0612ed1                unlink
 .text          0xc0612f13       0x44 lib/wait.o
                0xc0612f13                wait
 .text          0xc0612f57       0xbe lib/socket_close.o
                0xc0612f57                socket_close
 .text          0xc0613015      0x12a lib/socket_read.o
                0xc0613015                socket_read
 .text          0xc061313f       0x29 lib/alloca.o
                0xc061313f                alloca
 .text          0xc0613168       0x46 lib/calloc.o
                0xc0613168                calloc
 .text          0xc06131ae       0x49 lib/floor.o
                0xc06131ae                floor
 .text          0xc06131f7      0x193 lib/socket_write.o
                0xc06131f7                socket_write
 .text          0xc061338a       0x2b lib/getpid.o
                0xc061338a                getpid
 .text          0xc06133b5       0x9c lib/stdlib/atoi.o
                0xc06133b5                atoi
 .text          0xc0613451       0xca lib/stdlib/strtol.o
                0xc0613451                strtol
 .text          0xc061351b       0x85 lib/string/strtok.o
                0xc061351b                strtok
 .text          0xc06135a0       0xa8 lib/string/strcmp.o
                0xc06135a0                strcmp
 .text          0xc0613648       0xd4 lib/string/strncmp.o
                0xc0613648                strncmp
 .text          0xc061371c       0x90 lib/string/strpbrk.o
                0xc061371c                strpbrk
 .text          0xc06137ac      0x181 lib/stdio/read.o
                0xc06137ac                read
 .text          0xc061392d       0x17 lib/stdio/perror.o
                0xc061392d                perror
 .text          0xc0613944      0x335 lib/stdio/sscanf.o
                0xc0613944                sscanf
 .text          0xc0613c79       0x95 lib/stdio/open.o
                0xc0613c79                open
 .text          0xc0613d0e       0x85 lib/stdio/write.o
                0xc0613d0e                write
 .text          0xc0613d93       0x52 lib/stdio/close.o
                0xc0613d93                close
 .text          0xc0613de5      0x195 lib/sys/socket.o
                0xc0613de5                socket
 .text          0xc0613f7a      0x179 lib/sys/connect.o
                0xc0613f7a                connect
 .text          0xc06140f3       0x38 lib/arpa/ntohs.o
                0xc06140f3                ntohs
 .text          0xc061412b       0x7c lib/arpa/htonl.o
                0xc061412b                htonl
 .text          0xc06141a7       0x38 lib/arpa/htons.o
                0xc06141a7                htons
 .text          0xc06141df      0x295 lib/arpa/inet_pton.o
                0xc06141df                isValidIPv4
                0xc0614369                inet_pton
 .text          0xc0614474       0x7c lib/arpa/ntohl.o
                0xc0614474                ntohl
 .text          0xc06144f0       0xe3 lib/arpa/inet_ntop.o
                0xc06144f0                inet_ntop
 *(.gnu.warning)

.fini
 *(SORT_NONE(.fini))
                [!provide]                        PROVIDE (__etext = .)
                [!provide]                        PROVIDE (_etext = .)
                [!provide]                        PROVIDE (etext = .)
                0xc0615000                        . = ALIGN (CONSTANT (MAXPAGESIZE))
                0xc0615000                        . = SEGMENT_START ("rodata-segment", (ALIGN (CONSTANT (MAXPAGESIZE)) + (. & (CONSTANT (MAXPAGESIZE) - 0x1))))

.rodata         0xc0615000     0x1e6b
 *(.rodata .rodata.* .gnu.linkonce.r.*)
 .rodata        0xc0615000       0x3c double_link_list.o
 *fill*         0xc061503c        0x4 
 .rodata        0xc0615040      0xb61 kernel_main_old.o
 *fill*         0xc0615ba1        0x3 
 .rodata        0xc0615ba4      0x1e4 kernel_main.o
 .rodata        0xc0615d88       0x22 console.o
 *fill*         0xc0615daa        0x2 
 .rodata        0xc0615dac       0x4c process.o
 .rodata        0xc0615df8        0x9 network/skbuff.o
 *fill*         0xc0615e01        0x3 
 .rodata        0xc0615e04      0x23d network/socket.o
 *fill*         0xc0616041        0x3 
 .rodata        0xc0616044       0xde network/ip_input.o
 *fill*         0xc0616122        0x2 
 .rodata        0xc0616124       0x2d network/udp_sock.o
 *fill*         0xc0616151        0x3 
 .rodata        0xc0616154       0x32 network/icmpv4.o
 *fill*         0xc0616186        0x2 
 .rodata        0xc0616188       0x48 network/inet.o
 .rodata        0xc06161d0       0x31 network/tcp.o
 *fill*         0xc0616201        0x3 
 .rodata        0xc0616204       0x36 network/route.o
 .rodata        0xc061623a        0x9 network/sock.o
 *fill*         0xc0616243        0x1 
 .rodata        0xc0616244       0xa9 network/tcp_output.o
 *fill*         0xc06162ed        0x3 
 .rodata        0xc06162f0       0xbd network/arp.o
 *fill*         0xc06163ad        0x3 
 .rodata        0xc06163b0       0xe8 network/tcp_sock.o
 .rodata        0xc0616498      0x188 network/ipc.o
 .rodata        0xc0616620        0x9 network/ip_output.o
 *fill*         0xc0616629        0x3 
 .rodata        0xc061662c      0x16e network/netdev.o
 .rodata        0xc061679a       0x1c network/dst.o
 *fill*         0xc06167b6        0x2 
 .rodata        0xc06167b8       0xd0 network/tcp_input.o
 .rodata        0xc0616888       0x91 network/task_network.o
 .rodata        0xc0616919        0x9 network/udp.o
 .rodata        0xc0616922       0x1e network/tcp_data.o
 .rodata        0xc0616940       0x41 network/utils.o
 *fill*         0xc0616981        0x3 
 .rodata        0xc0616984      0x19c hd/hd.o
 .rodata        0xc0616b20      0x1fb fs/fs_main.o
                0xc0616b20                FSBUF_SIZE
 .rodata        0xc0616d1b       0x21 mm/forkexit.o
 .rodata        0xc0616d3c       0x10 mm/exec.o
 .rodata        0xc0616d4c       0x11 mm/main.o
 .rodata        0xc0616d5d       0x5a mem/mem.o
 .rodata        0xc0616db7       0x2d lib/exec.o
 .rodata        0xc0616de4        0x9 lib/socket_close.o
 .rodata        0xc0616ded        0x9 lib/socket_read.o
 .rodata        0xc0616df6        0x9 lib/socket_write.o
 .rodata        0xc0616dff       0x2a lib/stdio/close.o
 .rodata        0xc0616e29       0x33 lib/sys/socket.o
 .rodata        0xc0616e5c        0x9 lib/sys/connect.o
 .rodata        0xc0616e65        0x3 lib/arpa/inet_pton.o
 .rodata        0xc0616e68        0x3 lib/arpa/inet_ntop.o

.txt            0xc0616e6b       0xaa
 .txt           0xc0616e6b       0x82 string.o
                0xc0616e6b                Memcpy2
                0xc0616e99                Memset
                0xc0616eb8                Strcpy
                0xc0616ed2                Strlen
 .txt           0xc0616eed       0x28 hd/hd_rdwt.o
                0xc0616eed                read_port
                0xc0616f01                write_port

.rodata1
 *(.rodata1)

.eh_frame_hdr
 *(.eh_frame_hdr)
 *(.eh_frame_entry .eh_frame_entry.*)

.eh_frame       0xc0616f18     0x44f0
 *(.eh_frame)
 .eh_frame      0xc0616f18       0xd8 double_link_list.o
 .eh_frame      0xc0616ff0      0x6cc kernel_main_old.o
                                0x6e4 (size before relaxing)
 .eh_frame      0xc06176bc      0x104 kernel_main.o
                                0x11c (size before relaxing)
 .eh_frame      0xc06177c0      0x100 protect.o
                                0x118 (size before relaxing)
 .eh_frame      0xc06178c0      0x1e0 console.o
                                0x1f8 (size before relaxing)
 .eh_frame      0xc0617aa0       0xa0 keyboard.o
                                 0xb8 (size before relaxing)
 .eh_frame      0xc0617b40       0x80 process.o
                                 0x98 (size before relaxing)
 .eh_frame      0xc0617bc0       0x80 thread.o
                                 0x98 (size before relaxing)
 .eh_frame      0xc0617c40       0xe0 my_process.o
                                 0xf8 (size before relaxing)
 .eh_frame      0xc0617d20       0xe0 network/skbuff.o
                                 0xf8 (size before relaxing)
 .eh_frame      0xc0617e00      0x2a0 network/socket.o
                                0x2b8 (size before relaxing)
 .eh_frame      0xc06180a0      0x144 network/ip_input.o
                                0x15c (size before relaxing)
 .eh_frame      0xc06181e4      0x404 network/udp_sock.o
                                0x41c (size before relaxing)
 .eh_frame      0xc06185e8       0x80 network/icmpv4.o
                                 0x98 (size before relaxing)
 .eh_frame      0xc0618668      0x180 network/inet.o
                                0x198 (size before relaxing)
 .eh_frame      0xc06187e8      0x288 network/tcp.o
                                0x2a0 (size before relaxing)
 .eh_frame      0xc0618a70      0x104 network/route.o
                                0x11c (size before relaxing)
 .eh_frame      0xc0618b74      0x1a0 network/sock.o
                                0x1b8 (size before relaxing)
 .eh_frame      0xc0618d14      0x3e4 network/tcp_output.o
                                0x3fc (size before relaxing)
 .eh_frame      0xc06190f8      0x220 network/arp.o
                                0x238 (size before relaxing)
 .eh_frame      0xc0619318      0x5a0 network/tcp_sock.o
                                0x5b8 (size before relaxing)
 .eh_frame      0xc06198b8      0x274 network/ipc.o
                                0x28c (size before relaxing)
 .eh_frame      0xc0619b2c       0x40 network/ip_output.o
                                 0x58 (size before relaxing)
 .eh_frame      0xc0619b6c      0x230 network/netdev.o
                                0x248 (size before relaxing)
 .eh_frame      0xc0619d9c       0x60 network/dst.o
                                 0x78 (size before relaxing)
 .eh_frame      0xc0619dfc      0x324 network/tcp_input.o
                                0x33c (size before relaxing)
 .eh_frame      0xc061a120       0x80 network/task_network.o
                                 0x98 (size before relaxing)
 .eh_frame      0xc061a1a0      0x1e4 network/udp.o
                                0x1fc (size before relaxing)
 .eh_frame      0xc061a384      0x220 network/tcp_data.o
                                0x238 (size before relaxing)
 .eh_frame      0xc061a5a4       0xe4 network/utils.o
                                 0xfc (size before relaxing)
 .eh_frame      0xc061a688      0x264 hd/hd.o
                                0x27c (size before relaxing)
 .eh_frame      0xc061a8ec      0x27c fs/fs_main.o
                                0x294 (size before relaxing)
 .eh_frame      0xc061ab68       0x80 mm/forkexit.o
                                 0x98 (size before relaxing)
 .eh_frame      0xc061abe8       0x20 mm/exec.o
                                 0x38 (size before relaxing)
 .eh_frame      0xc061ac08       0x3c mm/main.o
                                 0x54 (size before relaxing)
 .eh_frame      0xc061ac44      0x364 mem/mem.o
                                0x37c (size before relaxing)
 .eh_frame      0xc061afa8       0x60 lib/exec.o
                                 0x78 (size before relaxing)
 .eh_frame      0xc061b008       0x20 lib/fork.o
                                 0x38 (size before relaxing)
 .eh_frame      0xc061b028       0x20 lib/exit.o
                                 0x38 (size before relaxing)
 .eh_frame      0xc061b048       0x20 lib/unlink.o
                                 0x38 (size before relaxing)
 .eh_frame      0xc061b068       0x20 lib/wait.o
                                 0x38 (size before relaxing)
 .eh_frame      0xc061b088       0x20 lib/socket_close.o
                                 0x38 (size before relaxing)
 .eh_frame      0xc061b0a8       0x20 lib/socket_read.o
                                 0x38 (size before relaxing)
 .eh_frame      0xc061b0c8       0x20 lib/alloca.o
                                 0x38 (size before relaxing)
 .eh_frame      0xc061b0e8       0x20 lib/calloc.o
                                 0x38 (size before relaxing)
 .eh_frame      0xc061b108       0x20 lib/floor.o
                                 0x38 (size before relaxing)
 .eh_frame      0xc061b128       0x20 lib/socket_write.o
                                 0x38 (size before relaxing)
 .eh_frame      0xc061b148       0x20 lib/getpid.o
                                 0x38 (size before relaxing)
 .eh_frame      0xc061b168       0x20 lib/stdlib/atoi.o
                                 0x38 (size before relaxing)
 .eh_frame      0xc061b188       0x20 lib/stdlib/strtol.o
                                 0x38 (size before relaxing)
 .eh_frame      0xc061b1a8       0x20 lib/string/strtok.o
                                 0x38 (size before relaxing)
 .eh_frame      0xc061b1c8       0x20 lib/string/strcmp.o
                                 0x38 (size before relaxing)
 .eh_frame      0xc061b1e8       0x20 lib/string/strncmp.o
                                 0x38 (size before relaxing)
 .eh_frame      0xc061b208       0x20 lib/string/strpbrk.o
                                 0x38 (size before relaxing)
 .eh_frame      0xc061b228       0x20 lib/stdio/read.o
                                 0x38 (size before relaxing)
 .eh_frame      0xc061b248       0x20 lib/stdio/perror.o
                                 0x38 (size before relaxing)
 .eh_frame      0xc061b268       0x20 lib/stdio/sscanf.o
                                 0x38 (size before relaxing)
 .eh_frame      0xc061b288       0x20 lib/stdio/open.o
                                 0x38 (size before relaxing)
 .eh_frame      0xc061b2a8       0x20 lib/stdio/write.o
                                 0x38 (size before relaxing)
 .eh_frame      0xc061b2c8       0x20 lib/stdio/close.o
                                 0x38 (size before relaxing)
 .eh_frame      0xc061b2e8       0x20 lib/sys/socket.o
                                 0x38 (size before relaxing)
 .eh_frame      0xc061b308       0x20 lib/sys/connect.o
                                 0x38 (size before relaxing)
 .eh_frame      0xc061b328       0x20 lib/arpa/ntohs.o
                                 0x38 (size before relaxing)
 .eh_frame      0xc061b348       0x20 lib/arpa/htonl.o
                                 0x38 (size before relaxing)
 .eh_frame      0xc061b368       0x20 lib/arpa/htons.o
                                 0x38 (size before relaxing)
 .eh_frame      0xc061b388       0x40 lib/arpa/inet_pton.o
                                 0x58 (size before relaxing)
 .eh_frame      0xc061b3c8       0x20 lib/arpa/ntohl.o
                                 0x38 (size before relaxing)
 .eh_frame      0xc061b3e8       0x20 lib/arpa/inet_ntop.o
                                 0x38 (size before relaxing)
 *(.eh_frame.*)

.sframe
 *(.sframe)
 *(.sframe.*)

.gcc_except_table
 *(.gcc_except_table .gcc_except_table.*)

.gnu_extab
 *(.gnu_extab*)

.exception_ranges
 *(.exception_ranges*)
                0xc061c000                        . = DATA_SEGMENT_ALIGN (CONSTANT (MAXPAGESIZE), CONSTANT (COMMONPAGESIZE))

.eh_frame
 *(.eh_frame)
 *(.eh_frame.*)

.sframe
 *(.sframe)
 *(.sframe.*)

.gnu_extab
 *(.gnu_extab)

.gcc_except_table
 *(.gcc_except_table .gcc_except_table.*)

.exception_ranges
 *(.exception_ranges*)

.tdata          0xc061c000        0x0
                [!provide]                        PROVIDE (__tdata_start = .)
 *(.tdata .tdata.* .gnu.linkonce.td.*)

.tbss
 *(.tbss .tbss.* .gnu.linkonce.tb.*)
 *(.tcommon)

.preinit_array  0xc061c000        0x0
                [!provide]                        PROVIDE (__preinit_array_start = .)
 *(.preinit_array)
                [!provide]                        PROVIDE (__preinit_array_end = .)

.init_array     0xc061c000        0x0
                [!provide]                        PROVIDE (__init_array_start = .)
 *(SORT_BY_INIT_PRIORITY(.init_array.*) SORT_BY_INIT_PRIORITY(.ctors.*))
 *(.init_array EXCLUDE_FILE(*crtend?.o *crtend.o *crtbegin?.o *crtbegin.o) .ctors)
                [!provide]                        PROVIDE (__init_array_end = .)

.fini_array     0xc061c000        0x0
                [!provide]                        PROVIDE (__fini_array_start = .)
 *(SORT_BY_INIT_PRIORITY(.fini_array.*) SORT_BY_INIT_PRIORITY(.dtors.*))
 *(.fini_array EXCLUDE_FILE(*crtend?.o *crtend.o *crtbegin?.o *crtbegin.o) .dtors)
                [!provide]                        PROVIDE (__fini_array_end = .)

.ctors
 *crtbegin.o(.ctors)
 *crtbegin?.o(.ctors)
 *(EXCLUDE_FILE(*crtend?.o *crtend.o) .ctors)
 *(SORT_BY_NAME(.ctors.*))
 *(.ctors)

.dtors
 *crtbegin.o(.dtors)
 *crtbegin?.o(.dtors)
 *(EXCLUDE_FILE(*crtend?.o *crtend.o) .dtors)
 *(SORT_BY_NAME(.dtors.*))
 *(.dtors)

.jcr
 *(.jcr)

.data.rel.ro
 *(.data.rel.ro.local* .gnu.linkonce.d.rel.ro.local.*)
 *(.data.rel.ro .data.rel.ro.* .gnu.linkonce.d.rel.ro.*)

.dynamic
 *(.dynamic)

.got            0xc061c000        0x0
 *(.got)
 .got           0xc061c000        0x0 kernel/kernel_sub.o
 *(.igot)
                0xc061c000                        . = DATA_SEGMENT_RELRO_END (., (SIZEOF (.got.plt) >= 0xc)?0xc:0x0)

.got.plt        0xc061c000        0x0
 *(.got.plt)
 .got.plt       0xc061c000        0x0 kernel/kernel_sub.o
 *(.igot.plt)
 .igot.plt      0xc061c000        0x0 kernel/kernel_sub.o

.data           0xc061c000      0xbb8
 *(.data .data.* .gnu.linkonce.d.*)
 .data          0xc061c000        0xf kernel/kernel_sub.o
 *fill*         0xc061c00f        0x1 
 .data          0xc061c010        0xf kernel/kernel.o
 *fill*         0xc061c01f        0x1 
 .data          0xc061c020        0x0 syscall.o
 .data          0xc061c020        0x0 double_link_list.o
 .data          0xc061c020        0x0 kernel_main_old.o
 .data          0xc061c020        0x0 kernel_main.o
 .data          0xc061c020        0x0 protect.o
 .data          0xc061c020        0x0 console.o
 .data          0xc061c020      0x17c global.o
                0xc061c020                user_task_table
                0xc061c0a0                sys_task_table
                0xc061c180                sys_call_table
 *fill*         0xc061c19c        0x4 
 .data          0xc061c1a0      0x600 keyboard.o
                0xc061c1a0                keymap
 .data          0xc061c7a0        0x0 process.o
 .data          0xc061c7a0        0x0 thread.o
 .data          0xc061c7a0        0x0 my_process.o
 .data          0xc061c7a0        0x4 network/skbuff.o
 *fill*         0xc061c7a4       0x1c 
 .data          0xc061c7c0      0x224 network/socket.o
 .data          0xc061c9e4        0x4 network/ip_input.o
 *fill*         0xc061c9e8       0x18 
 .data          0xc061ca00       0x54 network/udp_sock.o
                0xc061ca20                udp_ops
 .data          0xc061ca54        0x4 network/icmpv4.o
 *fill*         0xc061ca58        0x8 
 .data          0xc061ca60       0x80 network/inet.o
                0xc061ca68                inet
 .data          0xc061cae0        0x8 network/tcp.o
 .data          0xc061cae8        0x4 network/route.o
 .data          0xc061caec        0x4 network/sock.o
 .data          0xc061caf0        0x4 network/tcp_output.o
 .data          0xc061caf4       0x14 network/arp.o
 *fill*         0xc061cb08       0x18 
 .data          0xc061cb20       0x54 network/tcp_sock.o
                0xc061cb40                tcp_ops
 .data          0xc061cb74        0xc network/ipc.o
 .data          0xc061cb80        0x4 network/ip_output.o
 .data          0xc061cb84        0x4 network/netdev.o
 .data          0xc061cb88        0x4 network/dst.o
 .data          0xc061cb8c        0x4 network/tcp_input.o
 .data          0xc061cb90        0x4 network/task_network.o
 .data          0xc061cb94        0x8 network/udp.o
 .data          0xc061cb9c        0x4 network/tcp_data.o
 .data          0xc061cba0        0x4 network/utils.o
 .data          0xc061cba4        0x0 hd/hd.o
 .data          0xc061cba4        0x0 fs/fs_main.o
 .data          0xc061cba4        0x0 mm/forkexit.o
 .data          0xc061cba4        0x0 mm/exec.o
 .data          0xc061cba4        0x0 mm/main.o
 .data          0xc061cba4        0x0 mem/mem.o
 .data          0xc061cba4        0x0 lib/exec.o
 .data          0xc061cba4        0x0 lib/fork.o
 .data          0xc061cba4        0x0 lib/exit.o
 .data          0xc061cba4        0x0 lib/unlink.o
 .data          0xc061cba4        0x0 lib/wait.o
 .data          0xc061cba4        0x4 lib/socket_close.o
 .data          0xc061cba8        0x4 lib/socket_read.o
 .data          0xc061cbac        0x0 lib/alloca.o
 .data          0xc061cbac        0x0 lib/calloc.o
 .data          0xc061cbac        0x0 lib/floor.o
 .data          0xc061cbac        0x4 lib/socket_write.o
 .data          0xc061cbb0        0x0 lib/getpid.o
 .data          0xc061cbb0        0x0 lib/stdlib/atoi.o
 .data          0xc061cbb0        0x0 lib/stdlib/strtol.o
 .data          0xc061cbb0        0x0 lib/string/strtok.o
 .data          0xc061cbb0        0x0 lib/string/strcmp.o
 .data          0xc061cbb0        0x0 lib/string/strncmp.o
 .data          0xc061cbb0        0x0 lib/string/strpbrk.o
 .data          0xc061cbb0        0x0 lib/stdio/read.o
 .data          0xc061cbb0        0x0 lib/stdio/perror.o
 .data          0xc061cbb0        0x0 lib/stdio/sscanf.o
 .data          0xc061cbb0        0x0 lib/stdio/open.o
 .data          0xc061cbb0        0x0 lib/stdio/write.o
 .data          0xc061cbb0        0x0 lib/stdio/close.o
 .data          0xc061cbb0        0x4 lib/sys/socket.o
 .data          0xc061cbb4        0x4 lib/sys/connect.o
 .data          0xc061cbb8        0x0 lib/arpa/ntohs.o
 .data          0xc061cbb8        0x0 lib/arpa/htonl.o
 .data          0xc061cbb8        0x0 lib/arpa/htons.o
 .data          0xc061cbb8        0x0 lib/arpa/inet_pton.o
 .data          0xc061cbb8        0x0 lib/arpa/ntohl.o
 .data          0xc061cbb8        0x0 lib/arpa/inet_ntop.o

.data1
 *(.data1)
                0xc061cbb8                        _edata = .
                [!provide]                        PROVIDE (edata = .)
                0xc061cbb8                        . = .
                0xc061cbb8                        __bss_start = .

.bss            0xc061cbc0    0xa58a8
 *(.dynbss)
 *(.bss .bss.* .gnu.linkonce.b.*)
 .bss           0xc061cbc0      0x800 kernel/kernel_sub.o
 .bss           0xc061d3c0      0x800 kernel/kernel.o
 .bss           0xc061dbc0        0x0 double_link_list.o
 .bss           0xc061dbc0        0x0 kernel_main_old.o
 .bss           0xc061dbc0        0x0 kernel_main.o
 .bss           0xc061dbc0        0x0 protect.o
 .bss           0xc061dbc0        0x0 console.o
 .bss           0xc061dbc0        0x0 global.o
 .bss           0xc061dbc0        0x0 keyboard.o
 .bss           0xc061dbc0        0x0 process.o
 .bss           0xc061dbc0        0x0 thread.o
 .bss           0xc061dbc0        0x0 my_process.o
 .bss           0xc061dbc0        0x0 network/skbuff.o
 .bss           0xc061dbc0        0x4 network/socket.o
 .bss           0xc061dbc4        0x0 network/ip_input.o
 .bss           0xc061dbc4        0x4 network/udp_sock.o
 .bss           0xc061dbc8        0x0 network/icmpv4.o
 .bss           0xc061dbc8        0x0 network/inet.o
 .bss           0xc061dbc8        0x0 network/tcp.o
 .bss           0xc061dbc8        0x0 network/route.o
 .bss           0xc061dbc8        0x0 network/sock.o
 .bss           0xc061dbc8        0x0 network/tcp_output.o
 .bss           0xc061dbc8        0x0 network/arp.o
 .bss           0xc061dbc8        0x0 network/tcp_sock.o
 .bss           0xc061dbc8        0x4 network/ipc.o
 .bss           0xc061dbcc        0x0 network/ip_output.o
 .bss           0xc061dbcc        0x0 network/netdev.o
 .bss           0xc061dbcc        0x0 network/dst.o
 .bss           0xc061dbcc        0x0 network/tcp_input.o
 .bss           0xc061dbcc        0x0 network/task_network.o
 .bss           0xc061dbcc        0x0 network/udp.o
 .bss           0xc061dbcc        0x0 network/tcp_data.o
 .bss           0xc061dbcc        0x0 network/utils.o
 .bss           0xc061dbcc        0x0 hd/hd.o
 .bss           0xc061dbcc        0x4 fs/fs_main.o
                0xc061dbcc                c
 .bss           0xc061dbd0        0x0 mm/forkexit.o
 .bss           0xc061dbd0        0x0 mm/exec.o
 .bss           0xc061dbd0        0x0 mm/main.o
 .bss           0xc061dbd0        0x0 mem/mem.o
 .bss           0xc061dbd0        0x0 lib/exec.o
 .bss           0xc061dbd0        0x0 lib/fork.o
 .bss           0xc061dbd0        0x0 lib/exit.o
 .bss           0xc061dbd0        0x0 lib/unlink.o
 .bss           0xc061dbd0        0x0 lib/wait.o
 .bss           0xc061dbd0        0x0 lib/socket_close.o
 .bss           0xc061dbd0        0x0 lib/socket_read.o
 .bss           0xc061dbd0        0x0 lib/alloca.o
 .bss           0xc061dbd0        0x0 lib/calloc.o
 .bss           0xc061dbd0        0x0 lib/floor.o
 .bss           0xc061dbd0        0x0 lib/socket_write.o
 .bss           0xc061dbd0        0x0 lib/getpid.o
 .bss           0xc061dbd0        0x0 lib/stdlib/atoi.o
 .bss           0xc061dbd0        0x0 lib/stdlib/strtol.o
 .bss           0xc061dbd0        0x4 lib/string/strtok.o
 .bss           0xc061dbd4        0x0 lib/string/strcmp.o
 .bss           0xc061dbd4        0x0 lib/string/strncmp.o
 .bss           0xc061dbd4        0x0 lib/string/strpbrk.o
 .bss           0xc061dbd4        0x0 lib/stdio/read.o
 .bss           0xc061dbd4        0x0 lib/stdio/perror.o
 .bss           0xc061dbd4        0x0 lib/stdio/sscanf.o
 .bss           0xc061dbd4        0x0 lib/stdio/open.o
 .bss           0xc061dbd4        0x0 lib/stdio/write.o
 .bss           0xc061dbd4        0x0 lib/stdio/close.o
 .bss           0xc061dbd4        0x0 lib/sys/socket.o
 .bss           0xc061dbd4        0x0 lib/sys/connect.o
 .bss           0xc061dbd4        0x0 lib/arpa/ntohs.o
 .bss           0xc061dbd4        0x0 lib/arpa/htonl.o
 .bss           0xc061dbd4        0x0 lib/arpa/htons.o
 .bss           0xc061dbd4        0x0 lib/arpa/inet_pton.o
 .bss           0xc061dbd4        0x0 lib/arpa/ntohl.o
 .bss           0xc061dbd4        0x0 lib/arpa/inet_ntop.o
 *(COMMON)
 *fill*         0xc061dbd4        0xc 
 COMMON         0xc061dbe0     0x17dc double_link_list.o
                0xc061dbe0                current_tty
                0xc061dbe4                is_e0
                0xc061dbe8                idt_ptr
                0xc061dbf0                pid
                0xc061dbf4                KernelVirtualMemory
                0xc061dc00                loop
                0xc061dc04                current_dis_pos
                0xc061dc08                dis_pos
                0xc061dc0c                netdev
                0xc061dc10                k_reenter
                0xc061dc20                gdt
                0xc061e020                proc_ready_table
                0xc061e024                test_ticks
                0xc061e028                pcaller
                0xc061e040                keyboard_buffer
                0xc061e24c                pcb_list
                0xc061e25c                gdt_index
                0xc061e260                tty_table
                0xc061eaa0                tss
                0xc061eb0c                KernelPool
                0xc061eb1c                net_buf
                0xc061eb20                nic_current_page
                0xc061eb24                counter
                0xc061eb28                key_pressed
                0xc061eb2c                fork_pid
                0xc061eb30                is_shift
                0xc061eb31                net_data
                0xc061eb34                tcp_connecting_or_listening_socks
                0xc061eb38                routes
                0xc061eb3c                gdt_ptr
                0xc061eb60                idt
                0xc061f360                main_thread
                0xc061f368                ticks
                0xc061f370                is_init
                0xc061f374                UserPool
                0xc061f384                tcp_establised_or_syn_recvd_socks
                0xc061f388                all_pcb_list
                0xc061f398                console_table
                0xc061f3a8                is_disp
                0xc061f3ac                MAIN_THREAD_PAGE_DIRECTORY
                0xc061f3b0                helloStr
 *fill*         0xc061f3bc        0x4 
 COMMON         0xc061f3c0    0xa1d40 global.o
                0xc061f3c0                proc_stack
                0xc06bf3c0                proc_table
 COMMON         0xc06c1100      0x440 hd/hd.o
                0xc06c1100                hd_info
                0xc06c1340                hd_cache
 COMMON         0xc06c1540      0xe68 fs/fs_main.o
                0xc06c1540                file_desc_table
                0xc06c1940                phy_super_block_buf
                0xc06c1944                phy_fsbuf
                0xc06c1960                inode_table
                0xc06c2360                super_block_buf
                0xc06c2364                fsbuf
                0xc06c2380                root
 *fill*         0xc06c23a8       0x18 
 COMMON         0xc06c23c0       0xa8 mem/mem.o
                0xc06c23c0                kernel_mem_block_decs_array
                0xc06c2468                        . = ALIGN ((. != 0x0)?0x4:0x1)
                0xc06c2468                        . = ALIGN (0x4)
                0xc06c2468                        . = SEGMENT_START ("ldata-segment", .)
                0xc06c2468                        . = ALIGN (0x4)
                0xc06c2468                        _end = .
                [!provide]                        PROVIDE (end = .)
                0xc06c2468                        . = DATA_SEGMENT_END (.)

.stab
 *(.stab)

.stabstr
 *(.stabstr)

.stab.excl
 *(.stab.excl)

.stab.exclstr
 *(.stab.exclstr)

.stab.index
 *(.stab.index)

.stab.indexstr
 *(.stab.indexstr)

.comment        0x00000000       0x2c
 *(.comment)
 .comment       0x00000000       0x2c double_link_list.o
                                 0x2d (size before relaxing)
 .comment       0x0000002c       0x2d kernel_main_old.o
 .comment       0x0000002c       0x2d kernel_main.o
 .comment       0x0000002c       0x2d protect.o
 .comment       0x0000002c       0x2d console.o
 .comment       0x0000002c       0x2d global.o
 .comment       0x0000002c       0x2d keyboard.o
 .comment       0x0000002c       0x2d process.o
 .comment       0x0000002c       0x2d thread.o
 .comment       0x0000002c       0x2d my_process.o
 .comment       0x0000002c       0x2d network/skbuff.o
 .comment       0x0000002c       0x2d network/socket.o
 .comment       0x0000002c       0x2d network/ip_input.o
 .comment       0x0000002c       0x2d network/udp_sock.o
 .comment       0x0000002c       0x2d network/icmpv4.o
 .comment       0x0000002c       0x2d network/inet.o
 .comment       0x0000002c       0x2d network/tcp.o
 .comment       0x0000002c       0x2d network/route.o
 .comment       0x0000002c       0x2d network/sock.o
 .comment       0x0000002c       0x2d network/tcp_output.o
 .comment       0x0000002c       0x2d network/arp.o
 .comment       0x0000002c       0x2d network/tcp_sock.o
 .comment       0x0000002c       0x2d network/ipc.o
 .comment       0x0000002c       0x2d network/ip_output.o
 .comment       0x0000002c       0x2d network/netdev.o
 .comment       0x0000002c       0x2d network/dst.o
 .comment       0x0000002c       0x2d network/tcp_input.o
 .comment       0x0000002c       0x2d network/task_network.o
 .comment       0x0000002c       0x2d network/udp.o
 .comment       0x0000002c       0x2d network/tcp_data.o
 .comment       0x0000002c       0x2d network/utils.o
 .comment       0x0000002c       0x2d hd/hd.o
 .comment       0x0000002c       0x2d fs/fs_main.o
 .comment       0x0000002c       0x2d mm/forkexit.o
 .comment       0x0000002c       0x2d mm/exec.o
 .comment       0x0000002c       0x2d mm/main.o
 .comment       0x0000002c       0x2d mem/mem.o
 .comment       0x0000002c       0x2d lib/exec.o
 .comment       0x0000002c       0x2d lib/fork.o
 .comment       0x0000002c       0x2d lib/exit.o
 .comment       0x0000002c       0x2d lib/unlink.o
 .comment       0x0000002c       0x2d lib/wait.o
 .comment       0x0000002c       0x2d lib/socket_close.o
 .comment       0x0000002c       0x2d lib/socket_read.o
 .comment       0x0000002c       0x2d lib/alloca.o
 .comment       0x0000002c       0x2d lib/calloc.o
 .comment       0x0000002c       0x2d lib/floor.o
 .comment       0x0000002c       0x2d lib/socket_write.o
 .comment       0x0000002c       0x2d lib/getpid.o
 .comment       0x0000002c       0x2d lib/stdlib/atoi.o
 .comment       0x0000002c       0x2d lib/stdlib/strtol.o
 .comment       0x0000002c       0x2d lib/string/strtok.o
 .comment       0x0000002c       0x2d lib/string/strcmp.o
 .comment       0x0000002c       0x2d lib/string/strncmp.o
 .comment       0x0000002c       0x2d lib/string/strpbrk.o
 .comment       0x0000002c       0x2d lib/stdio/read.o
 .comment       0x0000002c       0x2d lib/stdio/perror.o
 .comment       0x0000002c       0x2d lib/stdio/sscanf.o
 .comment       0x0000002c       0x2d lib/stdio/open.o
 .comment       0x0000002c       0x2d lib/stdio/write.o
 .comment       0x0000002c       0x2d lib/stdio/close.o
 .comment       0x0000002c       0x2d lib/sys/socket.o
 .comment       0x0000002c       0x2d lib/sys/connect.o
 .comment       0x0000002c       0x2d lib/arpa/ntohs.o
 .comment       0x0000002c       0x2d lib/arpa/htonl.o
 .comment       0x0000002c       0x2d lib/arpa/htons.o
 .comment       0x0000002c       0x2d lib/arpa/inet_pton.o
 .comment       0x0000002c       0x2d lib/arpa/ntohl.o
 .comment       0x0000002c       0x2d lib/arpa/inet_ntop.o

.gnu.build.attributes
 *(.gnu.build.attributes .gnu.build.attributes.*)

.debug
 *(.debug)

.line
 *(.line)

.debug_srcinfo
 *(.debug_srcinfo)

.debug_sfnames
 *(.debug_sfnames)

.debug_aranges  0x00000000      0x898
 *(.debug_aranges)
 .debug_aranges
                0x00000000       0x20 double_link_list.o
 .debug_aranges
                0x00000020       0x20 kernel_main_old.o
 .debug_aranges
                0x00000040       0x20 kernel_main.o
 .debug_aranges
                0x00000060       0x20 protect.o
 .debug_aranges
                0x00000080       0x20 console.o
 .debug_aranges
                0x000000a0       0x18 global.o
 .debug_aranges
                0x000000b8       0x20 keyboard.o
 .debug_aranges
                0x000000d8       0x20 process.o
 .debug_aranges
                0x000000f8       0x20 thread.o
 .debug_aranges
                0x00000118       0x20 my_process.o
 .debug_aranges
                0x00000138       0x20 network/skbuff.o
 .debug_aranges
                0x00000158       0x20 network/socket.o
 .debug_aranges
                0x00000178       0x20 network/ip_input.o
 .debug_aranges
                0x00000198       0x20 network/udp_sock.o
 .debug_aranges
                0x000001b8       0x20 network/icmpv4.o
 .debug_aranges
                0x000001d8       0x20 network/inet.o
 .debug_aranges
                0x000001f8       0x20 network/tcp.o
 .debug_aranges
                0x00000218       0x20 network/route.o
 .debug_aranges
                0x00000238       0x20 network/sock.o
 .debug_aranges
                0x00000258       0x20 network/tcp_output.o
 .debug_aranges
                0x00000278       0x20 network/arp.o
 .debug_aranges
                0x00000298       0x20 network/tcp_sock.o
 .debug_aranges
                0x000002b8       0x20 network/ipc.o
 .debug_aranges
                0x000002d8       0x20 network/ip_output.o
 .debug_aranges
                0x000002f8       0x20 network/netdev.o
 .debug_aranges
                0x00000318       0x20 network/dst.o
 .debug_aranges
                0x00000338       0x20 network/tcp_input.o
 .debug_aranges
                0x00000358       0x20 network/task_network.o
 .debug_aranges
                0x00000378       0x20 network/udp.o
 .debug_aranges
                0x00000398       0x20 network/tcp_data.o
 .debug_aranges
                0x000003b8       0x20 network/utils.o
 .debug_aranges
                0x000003d8       0x20 hd/hd.o
 .debug_aranges
                0x000003f8       0x20 fs/fs_main.o
 .debug_aranges
                0x00000418       0x20 mm/forkexit.o
 .debug_aranges
                0x00000438       0x20 mm/exec.o
 .debug_aranges
                0x00000458       0x20 mm/main.o
 .debug_aranges
                0x00000478       0x20 mem/mem.o
 .debug_aranges
                0x00000498       0x20 lib/exec.o
 .debug_aranges
                0x000004b8       0x20 lib/fork.o
 .debug_aranges
                0x000004d8       0x20 lib/exit.o
 .debug_aranges
                0x000004f8       0x20 lib/unlink.o
 .debug_aranges
                0x00000518       0x20 lib/wait.o
 .debug_aranges
                0x00000538       0x20 lib/socket_close.o
 .debug_aranges
                0x00000558       0x20 lib/socket_read.o
 .debug_aranges
                0x00000578       0x20 lib/alloca.o
 .debug_aranges
                0x00000598       0x20 lib/calloc.o
 .debug_aranges
                0x000005b8       0x20 lib/floor.o
 .debug_aranges
                0x000005d8       0x20 lib/socket_write.o
 .debug_aranges
                0x000005f8       0x20 lib/getpid.o
 .debug_aranges
                0x00000618       0x20 lib/stdlib/atoi.o
 .debug_aranges
                0x00000638       0x20 lib/stdlib/strtol.o
 .debug_aranges
                0x00000658       0x20 lib/string/strtok.o
 .debug_aranges
                0x00000678       0x20 lib/string/strcmp.o
 .debug_aranges
                0x00000698       0x20 lib/string/strncmp.o
 .debug_aranges
                0x000006b8       0x20 lib/string/strpbrk.o
 .debug_aranges
                0x000006d8       0x20 lib/stdio/read.o
 .debug_aranges
                0x000006f8       0x20 lib/stdio/perror.o
 .debug_aranges
                0x00000718       0x20 lib/stdio/sscanf.o
 .debug_aranges
                0x00000738       0x20 lib/stdio/open.o
 .debug_aranges
                0x00000758       0x20 lib/stdio/write.o
 .debug_aranges
                0x00000778       0x20 lib/stdio/close.o
 .debug_aranges
                0x00000798       0x20 lib/sys/socket.o
 .debug_aranges
                0x000007b8       0x20 lib/sys/connect.o
 .debug_aranges
                0x000007d8       0x20 lib/arpa/ntohs.o
 .debug_aranges
                0x000007f8       0x20 lib/arpa/htonl.o
 .debug_aranges
                0x00000818       0x20 lib/arpa/htons.o
 .debug_aranges
                0x00000838       0x20 lib/arpa/inet_pton.o
 .debug_aranges
                0x00000858       0x20 lib/arpa/ntohl.o
 .debug_aranges
                0x00000878       0x20 lib/arpa/inet_ntop.o

.debug_pubnames
 *(.debug_pubnames)

.debug_info     0x00000000    0x479bb
 *(.debug_info .gnu.linkonce.wi.*)
 .debug_info    0x00000000     0x10d5 double_link_list.o
 .debug_info    0x000010d5     0x28ee kernel_main_old.o
 .debug_info    0x000039c3     0x11e8 kernel_main.o
 .debug_info    0x00004bab     0x1248 protect.o
 .debug_info    0x00005df3     0x131d console.o
 .debug_info    0x00007110      0xf1d global.o
 .debug_info    0x0000802d     0x1071 keyboard.o
 .debug_info    0x0000909e      0xff5 process.o
 .debug_info    0x0000a093     0x10fc thread.o
 .debug_info    0x0000b18f     0x1530 my_process.o
 .debug_info    0x0000c6bf     0x11f0 network/skbuff.o
 .debug_info    0x0000d8af     0x1c59 network/socket.o
 .debug_info    0x0000f508     0x1cde network/ip_input.o
 .debug_info    0x000111e6     0x1f37 network/udp_sock.o
 .debug_info    0x0001311d     0x1963 network/icmpv4.o
 .debug_info    0x00014a80     0x1abe network/inet.o
 .debug_info    0x0001653e     0x1ebf network/tcp.o
 .debug_info    0x000183fd     0x13b4 network/route.o
 .debug_info    0x000197b1     0x18ba network/sock.o
 .debug_info    0x0001b06b     0x2793 network/tcp_output.o
 .debug_info    0x0001d7fe     0x19da network/arp.o
 .debug_info    0x0001f1d8     0x28a0 network/tcp_sock.o
 .debug_info    0x00021a78     0x1e6e network/ipc.o
 .debug_info    0x000238e6     0x179f network/ip_output.o
 .debug_info    0x00025085     0x1976 network/netdev.o
 .debug_info    0x000269fb     0x12c6 network/dst.o
 .debug_info    0x00027cc1     0x21c2 network/tcp_input.o
 .debug_info    0x00029e83     0x115e network/task_network.o
 .debug_info    0x0002afe1     0x1b68 network/udp.o
 .debug_info    0x0002cb49     0x1e28 network/tcp_data.o
 .debug_info    0x0002e971      0x367 network/utils.o
 .debug_info    0x0002ecd8     0x188c hd/hd.o
 .debug_info    0x00030564     0x1fce fs/fs_main.o
 .debug_info    0x00032532     0x1031 mm/forkexit.o
 .debug_info    0x00033563     0x126d mm/exec.o
 .debug_info    0x000347d0      0xe5f mm/main.o
 .debug_info    0x0003562f     0x1df1 mem/mem.o
 .debug_info    0x00037420      0xfd3 lib/exec.o
 .debug_info    0x000383f3      0xe3b lib/fork.o
 .debug_info    0x0003922e      0xe46 lib/exit.o
 .debug_info    0x0003a074      0xf24 lib/unlink.o
 .debug_info    0x0003af98      0xe54 lib/wait.o
 .debug_info    0x0003bdec     0x101a lib/socket_close.o
 .debug_info    0x0003ce06     0x1122 lib/socket_read.o
 .debug_info    0x0003df28       0xb6 lib/alloca.o
 .debug_info    0x0003dfde      0xf4c lib/calloc.o
 .debug_info    0x0003ef2a       0x6b lib/floor.o
 .debug_info    0x0003ef95     0x11ca lib/socket_write.o
 .debug_info    0x0004015f      0xe3b lib/getpid.o
 .debug_info    0x00040f9a       0xc9 lib/stdlib/atoi.o
 .debug_info    0x00041063       0xd6 lib/stdlib/strtol.o
 .debug_info    0x00041139       0xae lib/string/strtok.o
 .debug_info    0x000411e7       0xc1 lib/string/strcmp.o
 .debug_info    0x000412a8      0x110 lib/string/strncmp.o
 .debug_info    0x000413b8       0xcf lib/string/strpbrk.o
 .debug_info    0x00041487      0xea1 lib/stdio/read.o
 .debug_info    0x00042328       0x5c lib/stdio/perror.o
 .debug_info    0x00042384      0x202 lib/stdio/sscanf.o
 .debug_info    0x00042586      0xe02 lib/stdio/open.o
 .debug_info    0x00043388      0xe9e lib/stdio/write.o
 .debug_info    0x00044226      0xdb6 lib/stdio/close.o
 .debug_info    0x00044fdc     0x1130 lib/sys/socket.o
 .debug_info    0x0004610c     0x11df lib/sys/connect.o
 .debug_info    0x000472eb       0xa8 lib/arpa/ntohs.o
 .debug_info    0x00047393       0xcb lib/arpa/htonl.o
 .debug_info    0x0004745e       0xa8 lib/arpa/htons.o
 .debug_info    0x00047506      0x260 lib/arpa/inet_pton.o
 .debug_info    0x00047766       0xcb lib/arpa/ntohl.o
 .debug_info    0x00047831      0x18a lib/arpa/inet_ntop.o

.debug_abbrev   0x00000000     0x863e
 *(.debug_abbrev)
 .debug_abbrev  0x00000000      0x216 double_link_list.o
 .debug_abbrev  0x00000216      0x43a kernel_main_old.o
 .debug_abbrev  0x00000650      0x25e kernel_main.o
 .debug_abbrev  0x000008ae      0x227 protect.o
 .debug_abbrev  0x00000ad5      0x2ac console.o
 .debug_abbrev  0x00000d81      0x157 global.o
 .debug_abbrev  0x00000ed8      0x1fb keyboard.o
 .debug_abbrev  0x000010d3      0x1e0 process.o
 .debug_abbrev  0x000012b3      0x222 thread.o
 .debug_abbrev  0x000014d5      0x260 my_process.o
 .debug_abbrev  0x00001735      0x23f network/skbuff.o
 .debug_abbrev  0x00001974      0x327 network/socket.o
 .debug_abbrev  0x00001c9b      0x2d1 network/ip_input.o
 .debug_abbrev  0x00001f6c      0x3b1 network/udp_sock.o
 .debug_abbrev  0x0000231d      0x236 network/icmpv4.o
 .debug_abbrev  0x00002553      0x24b network/inet.o
 .debug_abbrev  0x0000279e      0x332 network/tcp.o
 .debug_abbrev  0x00002ad0      0x263 network/route.o
 .debug_abbrev  0x00002d33      0x273 network/sock.o
 .debug_abbrev  0x00002fa6      0x3bf network/tcp_output.o
 .debug_abbrev  0x00003365      0x345 network/arp.o
 .debug_abbrev  0x000036aa      0x44e network/tcp_sock.o
 .debug_abbrev  0x00003af8      0x311 network/ipc.o
 .debug_abbrev  0x00003e09      0x213 network/ip_output.o
 .debug_abbrev  0x0000401c      0x325 network/netdev.o
 .debug_abbrev  0x00004341      0x245 network/dst.o
 .debug_abbrev  0x00004586      0x355 network/tcp_input.o
 .debug_abbrev  0x000048db      0x1cf network/task_network.o
 .debug_abbrev  0x00004aaa      0x2d3 network/udp.o
 .debug_abbrev  0x00004d7d      0x2a6 network/tcp_data.o
 .debug_abbrev  0x00005023      0x17a network/utils.o
 .debug_abbrev  0x0000519d      0x2e3 hd/hd.o
 .debug_abbrev  0x00005480      0x2f8 fs/fs_main.o
 .debug_abbrev  0x00005778      0x204 mm/forkexit.o
 .debug_abbrev  0x0000597c      0x1c4 mm/exec.o
 .debug_abbrev  0x00005b40      0x208 mm/main.o
 .debug_abbrev  0x00005d48      0x330 mem/mem.o
 .debug_abbrev  0x00006078      0x1e8 lib/exec.o
 .debug_abbrev  0x00006260      0x18a lib/fork.o
 .debug_abbrev  0x000063ea      0x19b lib/exit.o
 .debug_abbrev  0x00006585      0x193 lib/unlink.o
 .debug_abbrev  0x00006718      0x19f lib/wait.o
 .debug_abbrev  0x000068b7      0x1b0 lib/socket_close.o
 .debug_abbrev  0x00006a67      0x1dd lib/socket_read.o
 .debug_abbrev  0x00006c44       0xcd lib/alloca.o
 .debug_abbrev  0x00006d11      0x191 lib/calloc.o
 .debug_abbrev  0x00006ea2       0x6a lib/floor.o
 .debug_abbrev  0x00006f0c      0x1e2 lib/socket_write.o
 .debug_abbrev  0x000070ee      0x18a lib/getpid.o
 .debug_abbrev  0x00007278       0x94 lib/stdlib/atoi.o
 .debug_abbrev  0x0000730c       0x8b lib/stdlib/strtol.o
 .debug_abbrev  0x00007397       0x91 lib/string/strtok.o
 .debug_abbrev  0x00007428       0x94 lib/string/strcmp.o
 .debug_abbrev  0x000074bc       0xbe lib/string/strncmp.o
 .debug_abbrev  0x0000757a       0xa5 lib/string/strpbrk.o
 .debug_abbrev  0x0000761f      0x1ef lib/stdio/read.o
 .debug_abbrev  0x0000780e       0x5c lib/stdio/perror.o
 .debug_abbrev  0x0000786a       0xca lib/stdio/sscanf.o
 .debug_abbrev  0x00007934      0x1c5 lib/stdio/open.o
 .debug_abbrev  0x00007af9      0x1db lib/stdio/write.o
 .debug_abbrev  0x00007cd4      0x19d lib/stdio/close.o
 .debug_abbrev  0x00007e71      0x1cc lib/sys/socket.o
 .debug_abbrev  0x0000803d      0x1d3 lib/sys/connect.o
 .debug_abbrev  0x00008210       0x6c lib/arpa/ntohs.o
 .debug_abbrev  0x0000827c       0xa5 lib/arpa/htonl.o
 .debug_abbrev  0x00008321       0x6c lib/arpa/htons.o
 .debug_abbrev  0x0000838d      0x116 lib/arpa/inet_pton.o
 .debug_abbrev  0x000084a3       0xa5 lib/arpa/ntohl.o
 .debug_abbrev  0x00008548       0xf6 lib/arpa/inet_ntop.o

.debug_line     0x00000000     0xaf07
 *(.debug_line .debug_line.* .debug_line_end)
 .debug_line    0x00000000      0x235 double_link_list.o
 .debug_line    0x00000235      0xe38 kernel_main_old.o
 .debug_line    0x0000106d      0x26e kernel_main.o
 .debug_line    0x000012db      0x21d protect.o
 .debug_line    0x000014f8      0x56c console.o
 .debug_line    0x00001a64       0xb3 global.o
 .debug_line    0x00001b17      0x2b4 keyboard.o
 .debug_line    0x00001dcb      0x1dc process.o
 .debug_line    0x00001fa7      0x163 thread.o
 .debug_line    0x0000210a      0x359 my_process.o
 .debug_line    0x00002463      0x1ab network/skbuff.o
 .debug_line    0x0000260e      0x3c8 network/socket.o
 .debug_line    0x000029d6      0x34c network/ip_input.o
 .debug_line    0x00002d22      0x4c8 network/udp_sock.o
 .debug_line    0x000031ea      0x232 network/icmpv4.o
 .debug_line    0x0000341c      0x326 network/inet.o
 .debug_line    0x00003742      0x32d network/tcp.o
 .debug_line    0x00003a6f      0x2aa network/route.o
 .debug_line    0x00003d19      0x238 network/sock.o
 .debug_line    0x00003f51      0x6e9 network/tcp_output.o
 .debug_line    0x0000463a      0x572 network/arp.o
 .debug_line    0x00004bac      0x731 network/tcp_sock.o
 .debug_line    0x000052dd      0x627 network/ipc.o
 .debug_line    0x00005904      0x20b network/ip_output.o
 .debug_line    0x00005b0f      0x4b3 network/netdev.o
 .debug_line    0x00005fc2      0x1ac network/dst.o
 .debug_line    0x0000616e      0x69b network/tcp_input.o
 .debug_line    0x00006809      0x22d network/task_network.o
 .debug_line    0x00006a36      0x302 network/udp.o
 .debug_line    0x00006d38      0x41c network/tcp_data.o
 .debug_line    0x00007154      0x13c network/utils.o
 .debug_line    0x00007290      0x64d hd/hd.o
 .debug_line    0x000078dd      0xc43 fs/fs_main.o
 .debug_line    0x00008520      0x192 mm/forkexit.o
 .debug_line    0x000086b2      0x22a mm/exec.o
 .debug_line    0x000088dc      0x10a mm/main.o
 .debug_line    0x000089e6      0x78e mem/mem.o
 .debug_line    0x00009174      0x1a9 lib/exec.o
 .debug_line    0x0000931d       0xc3 lib/fork.o
 .debug_line    0x000093e0       0xbe lib/exit.o
 .debug_line    0x0000949e       0xde lib/unlink.o
 .debug_line    0x0000957c       0xd5 lib/wait.o
 .debug_line    0x00009651      0x145 lib/socket_close.o
 .debug_line    0x00009796      0x186 lib/socket_read.o
 .debug_line    0x0000991c       0x5f lib/alloca.o
 .debug_line    0x0000997b       0xf9 lib/calloc.o
 .debug_line    0x00009a74       0x5a lib/floor.o
 .debug_line    0x00009ace      0x1a8 lib/socket_write.o
 .debug_line    0x00009c76       0xbe lib/getpid.o
 .debug_line    0x00009d34       0xad lib/stdlib/atoi.o
 .debug_line    0x00009de1       0xbb lib/stdlib/strtol.o
 .debug_line    0x00009e9c       0x6e lib/string/strtok.o
 .debug_line    0x00009f0a       0x9c lib/string/strcmp.o
 .debug_line    0x00009fa6       0xcc lib/string/strncmp.o
 .debug_line    0x0000a072       0xb0 lib/string/strpbrk.o
 .debug_line    0x0000a122      0x15b lib/stdio/read.o
 .debug_line    0x0000a27d       0x48 lib/stdio/perror.o
 .debug_line    0x0000a2c5      0x220 lib/stdio/sscanf.o
 .debug_line    0x0000a4e5       0xc3 lib/stdio/open.o
 .debug_line    0x0000a5a8       0xe0 lib/stdio/write.o
 .debug_line    0x0000a688       0xb3 lib/stdio/close.o
 .debug_line    0x0000a73b      0x194 lib/sys/socket.o
 .debug_line    0x0000a8cf      0x1a0 lib/sys/connect.o
 .debug_line    0x0000aa6f       0x6c lib/arpa/ntohs.o
 .debug_line    0x0000aadb       0xc1 lib/arpa/htonl.o
 .debug_line    0x0000ab9c       0x6c lib/arpa/htons.o
 .debug_line    0x0000ac08      0x167 lib/arpa/inet_pton.o
 .debug_line    0x0000ad6f       0xc1 lib/arpa/ntohl.o
 .debug_line    0x0000ae30       0xd7 lib/arpa/inet_ntop.o

.debug_frame
 *(.debug_frame)

.debug_str      0x00000000     0x3a01
 *(.debug_str)
 .debug_str     0x00000000     0x3a01 double_link_list.o
                                0x73e (size before relaxing)
 .debug_str     0x00003a01      0xbe7 kernel_main_old.o
 .debug_str     0x00003a01      0x7b5 kernel_main.o
 .debug_str     0x00003a01      0x7c7 protect.o
 .debug_str     0x00003a01      0x7bb console.o
 .debug_str     0x00003a01      0x66c global.o
 .debug_str     0x00003a01      0x6f8 keyboard.o
 .debug_str     0x00003a01      0x6a6 process.o
 .debug_str     0x00003a01      0x773 thread.o
 .debug_str     0x00003a01      0x95a my_process.o
 .debug_str     0x00003a01      0x75e network/skbuff.o
 .debug_str     0x00003a01      0x98a network/socket.o
 .debug_str     0x00003a01      0xab2 network/ip_input.o
 .debug_str     0x00003a01      0xabc network/udp_sock.o
 .debug_str     0x00003a01      0x965 network/icmpv4.o
 .debug_str     0x00003a01      0x949 network/inet.o
 .debug_str     0x00003a01      0xb96 network/tcp.o
 .debug_str     0x00003a01      0x812 network/route.o
 .debug_str     0x00003a01      0x901 network/sock.o
 .debug_str     0x00003a01      0xd6d network/tcp_output.o
 .debug_str     0x00003a01      0x971 network/arp.o
 .debug_str     0x00003a01      0xe18 network/tcp_sock.o
 .debug_str     0x00003a01      0xa3e network/ipc.o
 .debug_str     0x00003a01      0x8a1 network/ip_output.o
 .debug_str     0x00003a01      0x973 network/netdev.o
 .debug_str     0x00003a01      0x779 network/dst.o
 .debug_str     0x00003a01      0xbf6 network/tcp_input.o
 .debug_str     0x00003a01      0x71b network/task_network.o
 .debug_str     0x00003a01      0x998 network/udp.o
 .debug_str     0x00003a01      0xab2 network/tcp_data.o
 .debug_str     0x00003a01      0x1b8 network/utils.o
 .debug_str     0x00003a01      0x975 hd/hd.o
 .debug_str     0x00003a01      0xb56 fs/fs_main.o
 .debug_str     0x00003a01      0x673 mm/forkexit.o
 .debug_str     0x00003a01      0x8c9 mm/exec.o
 .debug_str     0x00003a01      0x5f4 mm/main.o
 .debug_str     0x00003a01      0xb1a mem/mem.o
 .debug_str     0x00003a01      0x688 lib/exec.o
 .debug_str     0x00003a01      0x5fa lib/fork.o
 .debug_str     0x00003a01      0x601 lib/exit.o
 .debug_str     0x00003a01      0x680 lib/unlink.o
 .debug_str     0x00003a01      0x601 lib/wait.o
 .debug_str     0x00003a01      0x70a lib/socket_close.o
 .debug_str     0x00003a01      0x786 lib/socket_read.o
 .debug_str     0x00003a01       0xce lib/alloca.o
 .debug_str     0x00003a01      0x68d lib/calloc.o
 .debug_str     0x00003a01       0xa2 lib/floor.o
 .debug_str     0x00003a01      0x7cf lib/socket_write.o
 .debug_str     0x00003a01      0x5fe lib/getpid.o
 .debug_str     0x00003a01       0xad lib/stdlib/atoi.o
 .debug_str     0x00003a01       0xc6 lib/stdlib/strtol.o
 .debug_str     0x00003a01       0xb9 lib/string/strtok.o
 .debug_str     0x00003a01       0xb1 lib/string/strcmp.o
 .debug_str     0x00003a01       0xba lib/string/strncmp.o
 .debug_str     0x00003a01       0xc1 lib/string/strpbrk.o
 .debug_str     0x00003a01      0x617 lib/stdio/read.o
 .debug_str     0x00003a01       0x99 lib/stdio/perror.o
 .debug_str     0x00003a01      0x109 lib/stdio/sscanf.o
 .debug_str     0x00003a01      0x5de lib/stdio/open.o
 .debug_str     0x00003a01      0x5f3 lib/stdio/write.o
 .debug_str     0x00003a01      0x5a6 lib/stdio/close.o
 .debug_str     0x00003a01      0x72b lib/sys/socket.o
 .debug_str     0x00003a01      0x792 lib/sys/connect.o
 .debug_str     0x00003a01      0x101 lib/arpa/ntohs.o
 .debug_str     0x00003a01       0xf4 lib/arpa/htonl.o
 .debug_str     0x00003a01      0x102 lib/arpa/htons.o
 .debug_str     0x00003a01      0x14c lib/arpa/inet_pton.o
 .debug_str     0x00003a01       0xf3 lib/arpa/ntohl.o
 .debug_str     0x00003a01      0x10f lib/arpa/inet_ntop.o

.debug_loc
 *(.debug_loc)

.debug_macinfo
 *(.debug_macinfo)

.debug_weaknames
 *(.debug_weaknames)

.debug_funcnames
 *(.debug_funcnames)

.debug_typenames
 *(.debug_typenames)

.debug_varnames
 *(.debug_varnames)

.debug_pubtypes
 *(.debug_pubtypes)

.debug_ranges   0x00000000       0x90
 *(.debug_ranges)
 .debug_ranges  0x00000000       0x30 kernel_main_old.o
 .debug_ranges  0x00000030       0x48 hd/hd.o
 .debug_ranges  0x00000078       0x18 mm/exec.o

.debug_addr
 *(.debug_addr)

.debug_line_str
 *(.debug_line_str)

.debug_loclists
 *(.debug_loclists)

.debug_macro
 *(.debug_macro)

.debug_names
 *(.debug_names)

.debug_rnglists
 *(.debug_rnglists)

.debug_str_offsets
 *(.debug_str_offsets)

.debug_sup
 *(.debug_sup)

.gnu.attributes
 *(.gnu.attributes)

/DISCARD/
 *(.note.GNU-stack)
 *(.gnu_debuglink)
 *(.gnu.lto_*)
OUTPUT(kernel.bin elf32-i386)
