
Merging program properties

Removed property 0xc0010001 to merge double_link_list.o (0x1) and kernel/kernel_sub.o (not found)
Removed property 0xc0010002 to merge double_link_list.o (0x0) and kernel/kernel_sub.o (not found)
Removed property 0xc0010001 to merge double_link_list.o (not found) and global.o (0x1)
Removed property 0xc0010002 to merge double_link_list.o (not found) and global.o (0x0)
Removed property 0xc0010001 to merge double_link_list.o (not found) and kernel_main_old.o (0x1)
Removed property 0xc0010002 to merge double_link_list.o (not found) and kernel_main_old.o (0x1)
Removed property 0xc0010001 to merge double_link_list.o (not found) and kernel_main.o (0x1)
Removed property 0xc0010002 to merge double_link_list.o (not found) and kernel_main.o (0x0)
Removed property 0xc0010001 to merge double_link_list.o (not found) and protect.o (0x1)
Removed property 0xc0010002 to merge double_link_list.o (not found) and protect.o (0x0)
Removed property 0xc0010001 to merge double_link_list.o (not found) and console.o (0x1)
Removed property 0xc0010002 to merge double_link_list.o (not found) and console.o (0x1)
Removed property 0xc0010001 to merge double_link_list.o (not found) and process.o (0x1)
Removed property 0xc0010002 to merge double_link_list.o (not found) and process.o (0x0)
Removed property 0xc0010001 to merge double_link_list.o (not found) and keyboard.o (0x1)
Removed property 0xc0010002 to merge double_link_list.o (not found) and keyboard.o (0x0)
Removed property 0xc0010001 to merge double_link_list.o (not found) and thread.o (0x1)
Removed property 0xc0010002 to merge double_link_list.o (not found) and thread.o (0x0)
Removed property 0xc0010001 to merge double_link_list.o (not found) and my_process.o (0x1)
Removed property 0xc0010002 to merge double_link_list.o (not found) and my_process.o (0x1)
Removed property 0xc0010001 to merge double_link_list.o (not found) and network/socket.o (0x1)
Removed property 0xc0010002 to merge double_link_list.o (not found) and network/socket.o (0x0)
Removed property 0xc0010001 to merge double_link_list.o (not found) and network/ip_input.o (0x1)
Removed property 0xc0010002 to merge double_link_list.o (not found) and network/ip_input.o (0x0)
Removed property 0xc0010001 to merge double_link_list.o (not found) and network/udp_sock.o (0x1)
Removed property 0xc0010002 to merge double_link_list.o (not found) and network/udp_sock.o (0x0)
Removed property 0xc0010001 to merge double_link_list.o (not found) and network/dst.o (0x1)
Removed property 0xc0010002 to merge double_link_list.o (not found) and network/dst.o (0x0)
Removed property 0xc0010001 to merge double_link_list.o (not found) and network/netdev.o (0x1)
Removed property 0xc0010002 to merge double_link_list.o (not found) and network/netdev.o (0x0)
Removed property 0xc0010001 to merge double_link_list.o (not found) and network/ip_output.o (0x1)
Removed property 0xc0010002 to merge double_link_list.o (not found) and network/ip_output.o (0x0)
Removed property 0xc0010001 to merge double_link_list.o (not found) and network/tcp.o (0x1)
Removed property 0xc0010002 to merge double_link_list.o (not found) and network/tcp.o (0x0)
Removed property 0xc0010001 to merge double_link_list.o (not found) and network/sock.o (0x1)
Removed property 0xc0010002 to merge double_link_list.o (not found) and network/sock.o (0x0)
Removed property 0xc0010001 to merge double_link_list.o (not found) and network/tcp_output.o (0x1)
Removed property 0xc0010002 to merge double_link_list.o (not found) and network/tcp_output.o (0x1)
Removed property 0xc0010001 to merge double_link_list.o (not found) and network/arp.o (0x1)
Removed property 0xc0010002 to merge double_link_list.o (not found) and network/arp.o (0x0)
Removed property 0xc0010001 to merge double_link_list.o (not found) and network/tcp_sock.o (0x1)
Removed property 0xc0010002 to merge double_link_list.o (not found) and network/tcp_sock.o (0x0)
Removed property 0xc0010001 to merge double_link_list.o (not found) and network/ipc.o (0x1)
Removed property 0xc0010002 to merge double_link_list.o (not found) and network/ipc.o (0x1)
Removed property 0xc0010001 to merge double_link_list.o (not found) and network/icmpv4.o (0x1)
Removed property 0xc0010002 to merge double_link_list.o (not found) and network/icmpv4.o (0x0)
Removed property 0xc0010001 to merge double_link_list.o (not found) and network/skbuff.o (0x1)
Removed property 0xc0010002 to merge double_link_list.o (not found) and network/skbuff.o (0x0)
Removed property 0xc0010001 to merge double_link_list.o (not found) and network/inet.o (0x1)
Removed property 0xc0010002 to merge double_link_list.o (not found) and network/inet.o (0x0)
Removed property 0xc0010001 to merge double_link_list.o (not found) and network/tcp_input.o (0x1)
Removed property 0xc0010002 to merge double_link_list.o (not found) and network/tcp_input.o (0x0)
Removed property 0xc0010001 to merge double_link_list.o (not found) and network/task_network.o (0x1)
[...]
Memory Configuration

Name             Origin             Length             Attributes
*default*        0x00000000         0xffffffff

Linker script and memory map

Address of section .text set to 0xc0600000
LOAD kernel/kernel_sub.o
LOAD kernel/kernel.o
LOAD switch_to.o
LOAD string.o
LOAD syscall.o
LOAD hd/hd_rdwt.o
LOAD network/ne2000.o
LOAD double_link_list.o
LOAD global.o
LOAD kernel_main_old.o
LOAD kernel_main.o
LOAD protect.o
LOAD console.o
LOAD process.o
LOAD keyboard.o
LOAD thread.o
LOAD my_process.o
LOAD network/socket.o
LOAD network/ip_input.o
LOAD network/udp_sock.o
LOAD network/dst.o
LOAD network/netdev.o
LOAD network/ip_output.o
LOAD network/tcp.o
LOAD network/sock.o
LOAD network/tcp_output.o
LOAD network/arp.o
LOAD network/tcp_sock.o
LOAD network/ipc.o
LOAD network/icmpv4.o
LOAD network/skbuff.o
LOAD network/inet.o
LOAD network/tcp_input.o
LOAD network/task_network.o
LOAD network/route.o
LOAD network/udp.o
LOAD network/tcp_data.o
LOAD network/utils.o
LOAD hd/hd.o
LOAD fs/fs_main.o
LOAD mm/forkexit.o
LOAD mm/exec.o
LOAD mm/main.o
LOAD mem/mem.o
LOAD lib/floor.o
LOAD lib/exec.o
LOAD lib/exit.o
LOAD lib/unlink.o
LOAD lib/wait.o
LOAD lib/calloc.o
LOAD lib/alloca.o
LOAD lib/fork.o
LOAD lib/getpid.o
LOAD lib/stdlib/atoi.o
LOAD lib/string/strtok.o
LOAD lib/string/strcmp.o
LOAD lib/string/strncmp.o
LOAD lib/string/strpbrk.o
LOAD lib/stdio/read.o
LOAD lib/stdio/perror.o
LOAD lib/stdio/sscanf.o
LOAD lib/stdio/open.o
LOAD lib/stdio/write.o
LOAD lib/stdio/close.o
LOAD lib/arpa/ntohs.o
LOAD lib/arpa/htonl.o
LOAD lib/arpa/htons.o
LOAD lib/arpa/inet_pton.o
LOAD lib/arpa/ntohl.o
LOAD lib/arpa/inet_ntop.o
                [!provide]                        PROVIDE (__executable_start = SEGMENT_START ("text-segment", 0x8048000))
                0x080480d4                        . = (SEGMENT_START ("text-segment", 0x8048000) + SIZEOF_HEADERS)

.interp
 *(.interp)

.note.gnu.build-id
 *(.note.gnu.build-id)

.hash
 *(.hash)

.gnu.hash
 *(.gnu.hash)

.dynsym
 *(.dynsym)

.dynstr
 *(.dynstr)

.gnu.version
 *(.gnu.version)

.gnu.version_d
 *(.gnu.version_d)

.gnu.version_r
 *(.gnu.version_r)

.rel.dyn        0x080480d4        0x0
 *(.rel.init)
 *(.rel.text .rel.text.* .rel.gnu.linkonce.t.*)
 .rel.text      0x080480d4        0x0 kernel/kernel_sub.o
 *(.rel.fini)
 *(.rel.rodata .rel.rodata.* .rel.gnu.linkonce.r.*)
 *(.rel.data.rel.ro .rel.data.rel.ro.* .rel.gnu.linkonce.d.rel.ro.*)
 *(.rel.data .rel.data.* .rel.gnu.linkonce.d.*)
 *(.rel.tdata .rel.tdata.* .rel.gnu.linkonce.td.*)
 *(.rel.tbss .rel.tbss.* .rel.gnu.linkonce.tb.*)
 *(.rel.ctors)
 *(.rel.dtors)
 *(.rel.got)
 .rel.got       0x080480d4        0x0 kernel/kernel_sub.o
 *(.rel.bss .rel.bss.* .rel.gnu.linkonce.b.*)
 *(.rel.ifunc)

.rel.plt        0x080480d4        0x0
 *(.rel.plt)
                [!provide]                        PROVIDE (__rel_iplt_start = .)
 *(.rel.iplt)
 .rel.iplt      0x080480d4        0x0 kernel/kernel_sub.o
                [!provide]                        PROVIDE (__rel_iplt_end = .)

.relr.dyn
 *(.relr.dyn)
                0x08049000                        . = ALIGN (CONSTANT (MAXPAGESIZE))

.init
 *(SORT_NONE(.init))

.plt            0x08049000        0x0
 *(.plt)
 *(.iplt)
 .iplt          0x08049000        0x0 kernel/kernel_sub.o

.plt.got
 *(.plt.got)

.plt.sec
 *(.plt.sec)

.text           0xc0600000    0x11ce4
 *(.text.unlikely .text.*_unlikely .text.unlikely.*)
 *(.text.exit .text.exit.*)
 *(.text.startup .text.startup.*)
 *(.text.hot .text.hot.*)
 *(SORT_BY_NAME(.text.sorted.*))
 *(.text .stub .text.* .gnu.linkonce.t.*)
 .text          0xc0600000       0x74 kernel/kernel_sub.o
                0xc0600000                _start
 *fill*         0xc0600074        0xc 
 .text          0xc0600080      0x3d7 kernel/kernel.o
                0xc0600080                InterruptTest
                0xc060008c                disp_str_len
                0xc06000d9                disp_str
                0xc0600114                disp_str_colour
                0xc0600150                divide_zero_fault
                0xc0600156                single_step_fault
                0xc060015c                non_maskable_interrupt
                0xc0600162                breakpoint_trap
                0xc0600168                overflow_trap
                0xc060016e                bound_range_exceeded_fault
                0xc0600174                invalid_opcode_fault
                0xc060017a                coprocessor_not_available_fault
                0xc0600180                double_fault_exception_abort
                0xc0600184                coprocessor_segment_overrun
                0xc060018a                invalid_task_state_segment_fault
                0xc060018e                segment_not_present_fault
                0xc0600192                stack_exception_fault
                0xc0600196                general_protection_exception_fault
                0xc06001a1                page_fault
                0xc06001a5                coprocessor_error_fault
                0xc06001ab                align_check_fault
                0xc06001af                simd_float_exception_fault
                0xc06001be                hwint0
                0xc06001ee                hwint1
                0xc0600231                hwint14
                0xc0600277                hwint10
                0xc06002ba                sys_call
                0xc0600300                fork_restart
                0xc060030f                restart
                0xc0600332                in_byte
                0xc060033e                out_byte
                0xc0600360                disable_int
                0xc0600362                enable_int
                0xc06003f8                enable_8259A_casecade_irq
                0xc0600402                disable_8259A_casecade_irq
                0xc060040c                enable_8259A_slave_winchester_irq
                0xc0600416                disable_8259A_slave_winchester_irq
                0xc0600420                update_cr3
                0xc060042d                update_tss
                0xc060043c                get_running_thread_pcb
                0xc0600444                sys_call_test
                0xc0600447                enable_8259A_slave_net_irq
 *fill*         0xc0600457        0x9 
 .text          0xc0600460       0x15 switch_to.o
                0xc0600460                switch_to
 *fill*         0xc0600475        0xb 
 .text          0xc0600480       0x6a syscall.o
                0xc0600480                write_debug
                0xc0600490                send_msg
                0xc06004a6                receive_msg
                0xc06004bc                sys_malloc
                0xc06004d1                sys_free
 *fill*         0xc06004ea        0x6 
 .text          0xc06004f0      0x259 network/ne2000.o
                0xc0600513                DriverInitialize
                0xc060059d                SetPageStart
                0xc06005c5                DriverSend
                0xc060063a                PCtoNIC
                0xc06006a8                get_interrupt_status
                0xc06006be                set_interrupt_status
                0xc06006d7                get_curr_page
                0xc06006f4                NICtoPC
 .text          0xc0600749      0x2d4 double_link_list.o
                0xc0600749                initDoubleLinkList
                0xc0600799                isListEmpty
                0xc06007c7                findElementInList
                0xc060085e                appendToDoubleLinkList
                0xc0600924                insertToDoubleLinkList
                0xc06009a8                popFromDoubleLinkList
 .text          0xc0600a1d        0x0 global.o
 .text          0xc0600a1d     0x2df1 kernel_main_old.o
                0xc0600a1d                stop_here
                0xc0600a61                catch_error
                0xc0600ac6                intr_enable
                0xc0600aef                intr_disable
                0xc0600b18                intr_set_status
                0xc0600b36                intr_get_status
                0xc0600b53                Memcpy
                0xc0600b86                untar
                0xc0600e9b                num_to_string
                0xc0600f41                disp_int
                0xc0600f6a                do_page_fault
                0xc06010a7                exception_handler
                0xc060128e                init_internal_interrupt
                0xc0601403                spurious_irq
                0xc0601491                init_keyboard
                0xc06014d4                TestTTY
                0xc0601573                TestReadReturnValue
                0xc06015f0                TestWriteReturnValue
                0xc06016c4                TestFS2
                0xc06016d2                TestFS
                0xc0601b74                wait_exit
                0xc0601c72                INIT_fork
                0xc0601f6a                simple_shell
                0xc06020f1                test_shell
                0xc0602159                test_exec
                0xc060226c                INIT
                0xc0602279                TestA
                0xc06022ae                delay
                0xc06022f2                TestB
                0xc060230a                TestC
                0xc060233d                sys_get_ticks
                0xc060234d                sys_write
                0xc06023a1                milli_delay
                0xc06023dd                TaskSys
                0xc06023e2                Printf
                0xc060249d                sprintf
                0xc06024c9                vsprintf
                0xc0602675                printx
                0xc06026b8                sys_printx
                0xc0602784                spin
                0xc06027aa                panic
                0xc06027c8                assertion_failure
                0xc060283a                assertion_failure2
                0xc06028af                dead_lock
                0xc06028b9                sys_send_msg
                0xc0602dd8                sys_receive_msg
                0xc0603438                send_rec
                0xc0603533                block
                0xc060356f                unblock
                0xc06035bf                get_ticks_ipc
                0xc0603616                itoa
                0xc060366c                i2a
                0xc06036d2                inform_int
                0xc060379f                deprecate_strcmp
 .text          0xc060380e      0x3ab kernel_main.o
                0xc060380e                kernel_main
                0xc06039d4                init
                0xc0603a69                kernel_thread_a
                0xc0603ab6                kernel_thread_b
                0xc0603b03                kernel_thread_c
                0xc0603b19                kernel_thread_d
                0xc0603b2f                user_proc_a
                0xc0603ba1                user_proc_b
 .text          0xc0603bb9      0x3b3 protect.o
                0xc0603bb9                InitDescriptor
                0xc0603c26                Seg2PhyAddr
                0xc0603c67                Seg2PhyAddrLDT
                0xc0603cab                VirAddr2PhyAddr
                0xc0603cc1                v2l
                0xc0603d04                init_propt
                0xc0603e85                InitInterruptDesc
                0xc0603ee1                ReloadGDT
 .text          0xc0603f6c      0xaca console.o
                0xc0603f6c                select_console
                0xc0603fa8                flush
                0xc0603fe1                set_cursor
                0xc060403f                set_console_start_video_addr
                0xc060409d                put_key
                0xc0604109                scroll_up
                0xc060414b                scroll_down
                0xc06041b6                out_char
                0xc0604373                tty_dev_read
                0xc060439d                tty_dev_write
                0xc06045ca                tty_do_read
                0xc0604692                tty_do_write
                0xc06047f5                init_screen
                0xc060487e                init_tty
                0xc0604933                TaskTTY
 .text          0xc0604a36      0x25b process.o
                0xc0604a36                schedule_process
                0xc0604ba5                clock_handler
                0xc0604c16                pid2proc
                0xc0604c7a                proc2pid
 .text          0xc0604c91      0x40f keyboard.o
                0xc0604c91                keyboard_handler
                0xc0604d15                read_from_keyboard_buf
                0xc0604d7b                keyboard_read
                0xc0604efa                init_keyboard_handler
                0xc0604f0e                in_process
 .text          0xc06050a0      0x1b2 thread.o
                0xc06050a0                kernel_thread
                0xc06050b8                thread_init
                0xc0605165                thread_create
                0xc060519a                thread_start
 .text          0xc0605252      0x730 my_process.o
                0xc0605252                create_user_process_address_space
                0xc06052e2                user_process
                0xc060540f                clone_pcb
                0xc0605581                build_body_stack
                0xc06056b4                build_process_kernel_stack
                0xc0605777                fork_process
                0xc0605808                process_execute
 .text          0xc0605982      0x66c network/socket.o
                0xc0605a32                test
                0xc0605a8e                socket_debug
                0xc0605aef                free_socket
                0xc0605bab                _socket
                0xc0605c6a                _bind
                0xc0605cbd                _connect
                0xc0605d0f                _write
                0xc0605d66                _read
                0xc0605dbd                _recvfrom
                0xc0605dfe                _sendto
                0xc0605e55                _close
                0xc0605ed4                _listen
                0xc0605f3a                _accept
 .text          0xc0605fee      0x2da network/ip_input.o
                0xc0606178                ip_rcv
 .text          0xc06062c8      0x8bc network/udp_sock.o
                0xc06064f5                udp_lookup_sock
                0xc060653c                udp_init
                0xc060656d                udp_close
                0xc0606593                udp_sock_init
                0xc060659d                udp_recvfrom
                0xc0606636                udp_connect
                0xc060670f                udp_write
                0xc060673b                udp_alloc_skb
                0xc0606785                udp_sendto
                0xc0606879                udp_send
                0xc06069b7                udp_alloc_sock
                0xc06069f8                udp_free_sock
                0xc0606a1c                udp_read
 .text          0xc0606b84       0xd8 network/dst.o
                0xc0606b92                dst_neigh_output
 .text          0xc0606c5c      0x3c8 network/netdev.o
                0xc0606d6e                netdev_init
                0xc0606db5                netdev_transmit
                0xc0606efb                netdev_rx_loop
                0xc0606f75                netdev_get
                0xc0606f92                free_netdev
                0xc0606fbd                local_ipaddress
                0xc0606ffa                receive_msg_from_nic
                0xc060701c                net_handler
 .text          0xc0607024      0x1d3 network/ip_output.o
                0xc0607032                ip_output
 .text          0xc06071f7      0x448 network/tcp.o
                0xc06073ec                tcp_in
                0xc06074a0                tcp_checksum
                0xc06074cc                __tcp_set_state
                0xc06074db                tcp_generate_port
                0xc0607524                tcp_generate_isn
                0xc060752e                tcp_done
                0xc0607557                tcp_clear_timers
                0xc0607566                tcp_stop_retransmission_timer
                0xc060757f                tcp_release_retransmission_timer
                0xc0607598                tcp_stop_delack_timer
                0xc06075ab                tcp_release_delack_timer
                0xc06075be                tcp_handle_fin_state
                0xc0607623                tcp_enter_time_wait
 .text          0xc060763f      0x203 network/sock.o
                0xc0607771                sk_alloc
                0xc0607798                sk_init
                0xc06077ec                sk_init_with_socket
                0xc0607815                sk_free
 .text          0xc0607842      0xbb9 network/tcp_output.o
                0xc0607d03                tcp_send_synack
                0xc0607da6                tcp_send_delack
                0xc0607de1                tcp_send_ack
                0xc0607f2d                tcp_send_fin
                0xc0607fa2                tcp_select_initial_window
                0xc0608154                tcp_reset_retransmission_timer
                0xc0608171                tcp_begin_connect
                0xc060821b                tcp_send
                0xc0608300                tcp_send_reset
                0xc0608380                tcp_queue_fin
 .text          0xc06083fb      0x6dc network/arp.o
                0xc06085c8                arp_init
                0xc06085ce                arp_rcv
                0xc0608780                arp_request
                0xc06088ea                arp_reply
                0xc0608a3a                arp_get_hwaddr
                0xc0608a86                free_arp
 .text          0xc0608ad7      0xa16 network/tcp_sock.o
                0xc0608d85                tcp_established_or_syn_recvd_socks_enqueue
                0xc0608d9c                tcp_established_or_syn_recvd_socks_remove
                0xc0608dae                tcp_connecting_or_listening_socks_enqueue
                0xc0608dc5                tcp_connecting_or_listening_socks_remove
                0xc0608dd7                tcp_alloc_sock
                0xc0608eed                tcp_free_sock
                0xc0608f66                tcp_init
                0xc0608f70                tcp_sock_init
                0xc0609013                tcp_write
                0xc0609054                tcp_read
                0xc0609107                tcp_close
                0xc06091c5                tcp_recv_notify
                0xc06091f0                tcp_v4_connect
                0xc0609440                tcp_lookup_sock
 .text          0xc06094ed      0xcf0 network/ipc.o
                0xc060a079                ipc_close
                0xc060a0ca                demux_ipc_socket_call
 .text          0xc060a1dd      0x234 network/icmpv4.o
                0xc060a1eb                icmpv4_incoming
                0xc060a25f                icmpv4_reply
                0xc060a338                icmpv4_timestamp
 .text          0xc060a411      0x12e network/skbuff.o
                0xc060a42a                alloc_skb
                0xc060a4bb                free_skb
                0xc060a4c1                skb_reserve
                0xc060a4dd                skb_push
                0xc060a50c                skb_head
                0xc060a517                skb_reset_header
 .text          0xc060a53f      0x429 network/inet.o
                0xc060a53f                inet_create
                0xc060a5ef                inet_socket
                0xc060a5f9                inet_connect
                0xc060a64d                inet_write
                0xc060a679                inet_read
                0xc060a6a5                inet_close
                0xc060a6f4                inet_free
                0xc060a72a                inet_bind
                0xc060a833                inet_listen
                0xc060a87c                inet_accept
                0xc060a927                inet_sendto
                0xc060a952                inet_recvfrom
 .text          0xc060a968      0xb6f network/tcp_input.o
                0xc060b04f                tcp_process
                0xc060b415                tcp_receive
 .text          0xc060b4d7       0x83 network/task_network.o
                0xc060b4d7                task_network
                0xc060b4ef                task_netdev_rx
 .text          0xc060b55a      0x295 network/route.o
                0xc060b687                route_add
                0xc060b6cc                route_init
                0xc060b753                route_lookup
                0xc060b79e                free_routes
 .text          0xc060b7ef      0x3e0 network/udp.o
                0xc060b8fa                udp_generate_port
                0xc060b943                udp_checksum
                0xc060ba11                udp_in
                0xc060baa2                udp_data_dequeue
                0xc060bbaa                udp_data_enqueue
 .text          0xc060bbcf      0x54a network/tcp_data.o
                0xc060beba                tcp_data_dequeue
                0xc060bfe7                tcp_data_queue
 .text          0xc060c119      0x1e7 network/utils.o
                0xc060c119                run_cmd
                0xc060c126                print_err
                0xc060c13d                parse_ipv4_string
                0xc060c19c                ip_pton
                0xc060c1e4                sum_every_16bits
                0xc060c23b                checksum
                0xc060c27c                tcp_udp_checksum
 .text          0xc060c300      0xe5b hd/hd.o
                0xc060c300                TaskHD
                0xc060c345                init_hd
                0xc060c35f                hd_handle
                0xc060c464                hd_cmd_out
                0xc060c566                hd_identify
                0xc060c61d                print_hdinfo
                0xc060c7ab                print_dpt_entry
                0xc060c817                get_partition_table
                0xc060c8f6                partition
                0xc060cb10                hd_open
                0xc060cbb7                get_hd_ioctl
                0xc060cc68                wait_for
                0xc060cc99                interrupt_wait
                0xc060cce9                hd_rdwt
                0xc060cf88                hd_handler
                0xc060cfb4                debug_ticks
                0xc060cff2                waitfor
                0xc060d036                print_hd_info
                0xc060d123                is_empty
 .text          0xc060d15b     0x2069 fs/fs_main.o
                0xc060d15b                task_fs
                0xc060d366                rd_wt
                0xc060d43f                mkfs
                0xc060da21                init_fs
                0xc060da75                do_open
                0xc060dc7e                search_file
                0xc060ddb0                strip_path
                0xc060de7c                get_inode
                0xc060e03e                create_file
                0xc060e149                alloc_imap_bit
                0xc060e246                alloc_smap_bit
                0xc060e3e7                new_inode
                0xc060e505                new_dir_entry
                0xc060e711                do_unlink
                0xc060ebed                do_rdwt
                0xc060ef78                sync_inode
                0xc060f0cc                put_inode
                0xc060f10a                do_close
                0xc060f15c                get_super_block
 .text          0xc060f1c4      0x24f mm/forkexit.o
                0xc060f1c4                do_fork
                0xc060f232                do_exit
                0xc060f2bc                do_wait
                0xc060f3b9                cleanup
 .text          0xc060f413      0x419 mm/exec.o
                0xc060f413                do_exec
 .text          0xc060f82c      0x148 mm/main.o
                0xc060f82c                TaskMM
                0xc060f955                alloc_mem
 .text          0xc060f974     0x1113 mem/mem.o
                0xc060f974                init_bitmap
                0xc060f997                test_bit_val
                0xc060fa00                set_bit_val
                0xc060fa7b                set_bits
                0xc060fab5                get_first_free_bit
                0xc060faf9                get_bits
                0xc060fbc1                get_a_page
                0xc060fc75                get_virtual_address_start_with_addr
                0xc060fd0f                get_virtual_address
                0xc060fd9f                ptr_pde
                0xc060fdb2                ptr_pte
                0xc060fdd9                add_map_entry
                0xc060fe6a                alloc_virtual_memory
                0xc060ff3d                get_physical_address_proc
                0xc060ffb9                get_physical_address
                0xc060ffeb                alloc_physical_memory_of_proc
                0xc06100da                alloc_physical_memory
                0xc06101a2                alloc_memory
                0xc0610204                get_a_virtual_page
                0xc061023c                block2arena
                0xc0610252                sys_malloc2
                0xc0610562                remove_map_entry
                0xc0610583                free_a_page
                0xc061062a                sys_free2
                0xc0610630                init_memory_block_desc
                0xc0610701                init_memory2
                0xc0610947                init_memory
 .text          0xc0610a87       0x49 lib/floor.o
                0xc0610a87                floor
 .text          0xc0610ad0      0x285 lib/exec.o
                0xc0610ad0                exec
                0xc0610b41                execv
                0xc0610d30                execl
 .text          0xc0610d55       0x2f lib/exit.o
                0xc0610d55                exit
 .text          0xc0610d84       0x42 lib/unlink.o
                0xc0610d84                unlink
 .text          0xc0610dc6       0x44 lib/wait.o
                0xc0610dc6                wait
 .text          0xc0610e0a       0x46 lib/calloc.o
                0xc0610e0a                calloc
 .text          0xc0610e50       0x4f lib/alloca.o
                0xc0610e50                alloca
 .text          0xc0610e9f       0x48 lib/fork.o
                0xc0610e9f                fork
 .text          0xc0610ee7       0x2b lib/getpid.o
                0xc0610ee7                getpid
 .text          0xc0610f12       0x9c lib/stdlib/atoi.o
                0xc0610f12                atoi
 .text          0xc0610fae       0x85 lib/string/strtok.o
                0xc0610fae                strtok
 .text          0xc0611033       0xa8 lib/string/strcmp.o
                0xc0611033                strcmp
 .text          0xc06110db       0xd4 lib/string/strncmp.o
                0xc06110db                strncmp
 .text          0xc06111af       0x90 lib/string/strpbrk.o
                0xc06111af                strpbrk
 .text          0xc061123f      0x181 lib/stdio/read.o
                0xc061123f                read
 .text          0xc06113c0       0x17 lib/stdio/perror.o
                0xc06113c0                perror
 .text          0xc06113d7      0x2c1 lib/stdio/sscanf.o
                0xc06113d7                sscanf
 .text          0xc0611698       0x95 lib/stdio/open.o
                0xc0611698                open
 .text          0xc061172d       0x85 lib/stdio/write.o
                0xc061172d                write
 .text          0xc06117b2       0x52 lib/stdio/close.o
                0xc06117b2                close
 .text          0xc0611804       0x38 lib/arpa/ntohs.o
                0xc0611804                ntohs
 .text          0xc061183c       0x7c lib/arpa/htonl.o
                0xc061183c                htonl
 .text          0xc06118b8       0x38 lib/arpa/htons.o
                0xc06118b8                htons
 .text          0xc06118f0      0x295 lib/arpa/inet_pton.o
                0xc06118f0                isValidIPv4
                0xc0611a7a                inet_pton
 .text          0xc0611b85       0x7c lib/arpa/ntohl.o
                0xc0611b85                ntohl
 .text          0xc0611c01       0xe3 lib/arpa/inet_ntop.o
                0xc0611c01                inet_ntop
 *(.gnu.warning)

.fini
 *(SORT_NONE(.fini))
                [!provide]                        PROVIDE (__etext = .)
                [!provide]                        PROVIDE (_etext = .)
                [!provide]                        PROVIDE (etext = .)
                0xc0612000                        . = ALIGN (CONSTANT (MAXPAGESIZE))
                0xc0612000                        . = SEGMENT_START ("rodata-segment", (ALIGN (CONSTANT (MAXPAGESIZE)) + (. & (CONSTANT (MAXPAGESIZE) - 0x1))))

.rodata         0xc0612000     0x1ba8
 *(.rodata .rodata.* .gnu.linkonce.r.*)
 .rodata        0xc0612000       0x36 double_link_list.o
 *fill*         0xc0612036        0xa 
 .rodata        0xc0612040      0xb61 kernel_main_old.o
 *fill*         0xc0612ba1        0x3 
 .rodata        0xc0612ba4      0x138 kernel_main.o
 .rodata        0xc0612cdc       0x22 console.o
 .rodata        0xc0612cfe       0x26 process.o
 .rodata        0xc0612d24      0x23d network/socket.o
 *fill*         0xc0612f61        0x3 
 .rodata        0xc0612f64       0xb5 network/ip_input.o
 *fill*         0xc0613019        0x3 
 .rodata        0xc061301c       0x2d network/udp_sock.o
 .rodata        0xc0613049        0x9 network/dst.o
 *fill*         0xc0613052        0x2 
 .rodata        0xc0613054       0xba network/netdev.o
 .rodata        0xc061310e        0x9 network/ip_output.o
 *fill*         0xc0613117        0x1 
 .rodata        0xc0613118       0x31 network/tcp.o
 .rodata        0xc0613149        0x9 network/sock.o
 *fill*         0xc0613152        0x2 
 .rodata        0xc0613154       0xc3 network/tcp_output.o
 *fill*         0xc0613217        0x1 
 .rodata        0xc0613218       0x9c network/arp.o
 .rodata        0xc06132b4       0xe8 network/tcp_sock.o
 .rodata        0xc061339c      0x160 network/ipc.o
 .rodata        0xc06134fc       0x32 network/icmpv4.o
 .rodata        0xc061352e        0x9 network/skbuff.o
 *fill*         0xc0613537        0x1 
 .rodata        0xc0613538       0x48 network/inet.o
 .rodata        0xc0613580       0x60 network/tcp_input.o
 .rodata        0xc06135e0       0x91 network/task_network.o
 *fill*         0xc0613671        0x3 
 .rodata        0xc0613674       0x37 network/route.o
 .rodata        0xc06136ab        0x9 network/udp.o
 .rodata        0xc06136b4       0x1e network/tcp_data.o
 *fill*         0xc06136d2        0x2 
 .rodata        0xc06136d4       0x41 network/utils.o
 *fill*         0xc0613715        0x3 
 .rodata        0xc0613718      0x19c hd/hd.o
 .rodata        0xc06138b4      0x1fb fs/fs_main.o
                0xc06138b4                FSBUF_SIZE
 .rodata        0xc0613aaf       0x21 mm/forkexit.o
 .rodata        0xc0613ad0       0x10 mm/exec.o
 .rodata        0xc0613ae0       0x11 mm/main.o
 .rodata        0xc0613af1       0x5a mem/mem.o
 .rodata        0xc0613b4b       0x2d lib/exec.o
 .rodata        0xc0613b78       0x2a lib/stdio/close.o
 .rodata        0xc0613ba2        0x3 lib/arpa/inet_pton.o
 .rodata        0xc0613ba5        0x3 lib/arpa/inet_ntop.o

.txt            0xc0613ba8       0xaa
 .txt           0xc0613ba8       0x82 string.o
                0xc0613ba8                Memcpy2
                0xc0613bd6                Memset
                0xc0613bf5                Strcpy
                0xc0613c0f                Strlen
 .txt           0xc0613c2a       0x28 hd/hd_rdwt.o
                0xc0613c2a                read_port
                0xc0613c3e                write_port

.rodata1
 *(.rodata1)

.eh_frame_hdr
 *(.eh_frame_hdr)
 *(.eh_frame_entry .eh_frame_entry.*)

.eh_frame       0xc0613c54     0x40fc
 *(.eh_frame)
 .eh_frame      0xc0613c54       0xd8 double_link_list.o
 .eh_frame      0xc0613d2c      0x6cc kernel_main_old.o
                                0x6e4 (size before relaxing)
 .eh_frame      0xc06143f8       0xe4 kernel_main.o
                                 0xfc (size before relaxing)
 .eh_frame      0xc06144dc      0x100 protect.o
                                0x118 (size before relaxing)
 .eh_frame      0xc06145dc      0x1e0 console.o
                                0x1f8 (size before relaxing)
 .eh_frame      0xc06147bc       0x80 process.o
                                 0x98 (size before relaxing)
 .eh_frame      0xc061483c       0xa0 keyboard.o
                                 0xb8 (size before relaxing)
 .eh_frame      0xc06148dc       0x80 thread.o
                                 0x98 (size before relaxing)
 .eh_frame      0xc061495c       0xe0 my_process.o
                                 0xf8 (size before relaxing)
 .eh_frame      0xc0614a3c      0x2a0 network/socket.o
                                0x2b8 (size before relaxing)
 .eh_frame      0xc0614cdc      0x104 network/ip_input.o
                                0x11c (size before relaxing)
 .eh_frame      0xc0614de0      0x404 network/udp_sock.o
                                0x41c (size before relaxing)
 .eh_frame      0xc06151e4       0x40 network/dst.o
                                 0x58 (size before relaxing)
 .eh_frame      0xc0615224      0x18c network/netdev.o
                                0x1a4 (size before relaxing)
 .eh_frame      0xc06153b0       0x40 network/ip_output.o
                                 0x58 (size before relaxing)
 .eh_frame      0xc06153f0      0x268 network/tcp.o
                                0x280 (size before relaxing)
 .eh_frame      0xc0615658      0x1a0 network/sock.o
                                0x1b8 (size before relaxing)
 .eh_frame      0xc06157f8      0x3c4 network/tcp_output.o
                                0x3dc (size before relaxing)
 .eh_frame      0xc0615bbc      0x1c0 network/arp.o
                                0x1d8 (size before relaxing)
 .eh_frame      0xc0615d7c      0x4c0 network/tcp_sock.o
                                0x4d8 (size before relaxing)
 .eh_frame      0xc061623c      0x250 network/ipc.o
                                0x268 (size before relaxing)
 .eh_frame      0xc061648c       0x80 network/icmpv4.o
                                 0x98 (size before relaxing)
 .eh_frame      0xc061650c       0xe0 network/skbuff.o
                                 0xf8 (size before relaxing)
 .eh_frame      0xc06165ec      0x180 network/inet.o
                                0x198 (size before relaxing)
 .eh_frame      0xc061676c      0x300 network/tcp_input.o
                                0x318 (size before relaxing)
 .eh_frame      0xc0616a6c       0x38 network/task_network.o
                                 0x50 (size before relaxing)
 .eh_frame      0xc0616aa4      0x124 network/route.o
                                0x13c (size before relaxing)
 .eh_frame      0xc0616bc8      0x1e4 network/udp.o
                                0x1fc (size before relaxing)
 .eh_frame      0xc0616dac      0x200 network/tcp_data.o
                                0x218 (size before relaxing)
 .eh_frame      0xc0616fac       0xe4 network/utils.o
                                 0xfc (size before relaxing)
 .eh_frame      0xc0617090      0x264 hd/hd.o
                                0x27c (size before relaxing)
 .eh_frame      0xc06172f4      0x27c fs/fs_main.o
                                0x294 (size before relaxing)
 .eh_frame      0xc0617570       0x80 mm/forkexit.o
                                 0x98 (size before relaxing)
 .eh_frame      0xc06175f0       0x20 mm/exec.o
                                 0x38 (size before relaxing)
 .eh_frame      0xc0617610       0x3c mm/main.o
                                 0x54 (size before relaxing)
 .eh_frame      0xc061764c      0x364 mem/mem.o
                                0x37c (size before relaxing)
 .eh_frame      0xc06179b0       0x20 lib/floor.o
                                 0x38 (size before relaxing)
 .eh_frame      0xc06179d0       0x60 lib/exec.o
                                 0x78 (size before relaxing)
 .eh_frame      0xc0617a30       0x20 lib/exit.o
                                 0x38 (size before relaxing)
 .eh_frame      0xc0617a50       0x20 lib/unlink.o
                                 0x38 (size before relaxing)
 .eh_frame      0xc0617a70       0x20 lib/wait.o
                                 0x38 (size before relaxing)
 .eh_frame      0xc0617a90       0x20 lib/calloc.o
                                 0x38 (size before relaxing)
 .eh_frame      0xc0617ab0       0x20 lib/alloca.o
                                 0x38 (size before relaxing)
 .eh_frame      0xc0617ad0       0x20 lib/fork.o
                                 0x38 (size before relaxing)
 .eh_frame      0xc0617af0       0x20 lib/getpid.o
                                 0x38 (size before relaxing)
 .eh_frame      0xc0617b10       0x20 lib/stdlib/atoi.o
                                 0x38 (size before relaxing)
 .eh_frame      0xc0617b30       0x20 lib/string/strtok.o
                                 0x38 (size before relaxing)
 .eh_frame      0xc0617b50       0x20 lib/string/strcmp.o
                                 0x38 (size before relaxing)
 .eh_frame      0xc0617b70       0x20 lib/string/strncmp.o
                                 0x38 (size before relaxing)
 .eh_frame      0xc0617b90       0x20 lib/string/strpbrk.o
                                 0x38 (size before relaxing)
 .eh_frame      0xc0617bb0       0x20 lib/stdio/read.o
                                 0x38 (size before relaxing)
 .eh_frame      0xc0617bd0       0x20 lib/stdio/perror.o
                                 0x38 (size before relaxing)
 .eh_frame      0xc0617bf0       0x20 lib/stdio/sscanf.o
                                 0x38 (size before relaxing)
 .eh_frame      0xc0617c10       0x20 lib/stdio/open.o
                                 0x38 (size before relaxing)
 .eh_frame      0xc0617c30       0x20 lib/stdio/write.o
                                 0x38 (size before relaxing)
 .eh_frame      0xc0617c50       0x20 lib/stdio/close.o
                                 0x38 (size before relaxing)
 .eh_frame      0xc0617c70       0x20 lib/arpa/ntohs.o
                                 0x38 (size before relaxing)
 .eh_frame      0xc0617c90       0x20 lib/arpa/htonl.o
                                 0x38 (size before relaxing)
 .eh_frame      0xc0617cb0       0x20 lib/arpa/htons.o
                                 0x38 (size before relaxing)
 .eh_frame      0xc0617cd0       0x40 lib/arpa/inet_pton.o
                                 0x58 (size before relaxing)
 .eh_frame      0xc0617d10       0x20 lib/arpa/ntohl.o
                                 0x38 (size before relaxing)
 .eh_frame      0xc0617d30       0x20 lib/arpa/inet_ntop.o
                                 0x38 (size before relaxing)
 *(.eh_frame.*)

.sframe
 *(.sframe)
 *(.sframe.*)

.gcc_except_table
 *(.gcc_except_table .gcc_except_table.*)

.gnu_extab
 *(.gnu_extab*)

.exception_ranges
 *(.exception_ranges*)
                0xc0618000                        . = DATA_SEGMENT_ALIGN (CONSTANT (MAXPAGESIZE), CONSTANT (COMMONPAGESIZE))

.eh_frame
 *(.eh_frame)
 *(.eh_frame.*)

.sframe
 *(.sframe)
 *(.sframe.*)

.gnu_extab
 *(.gnu_extab)

.gcc_except_table
 *(.gcc_except_table .gcc_except_table.*)

.exception_ranges
 *(.exception_ranges*)

.tdata          0xc0618000        0x0
                [!provide]                        PROVIDE (__tdata_start = .)
 *(.tdata .tdata.* .gnu.linkonce.td.*)

.tbss
 *(.tbss .tbss.* .gnu.linkonce.tb.*)
 *(.tcommon)

.preinit_array  0xc0618000        0x0
                [!provide]                        PROVIDE (__preinit_array_start = .)
 *(.preinit_array)
                [!provide]                        PROVIDE (__preinit_array_end = .)

.init_array     0xc0618000        0x0
                [!provide]                        PROVIDE (__init_array_start = .)
 *(SORT_BY_INIT_PRIORITY(.init_array.*) SORT_BY_INIT_PRIORITY(.ctors.*))
 *(.init_array EXCLUDE_FILE(*crtend?.o *crtend.o *crtbegin?.o *crtbegin.o) .ctors)
                [!provide]                        PROVIDE (__init_array_end = .)

.fini_array     0xc0618000        0x0
                [!provide]                        PROVIDE (__fini_array_start = .)
 *(SORT_BY_INIT_PRIORITY(.fini_array.*) SORT_BY_INIT_PRIORITY(.dtors.*))
 *(.fini_array EXCLUDE_FILE(*crtend?.o *crtend.o *crtbegin?.o *crtbegin.o) .dtors)
                [!provide]                        PROVIDE (__fini_array_end = .)

.ctors
 *crtbegin.o(.ctors)
 *crtbegin?.o(.ctors)
 *(EXCLUDE_FILE(*crtend?.o *crtend.o) .ctors)
 *(SORT_BY_NAME(.ctors.*))
 *(.ctors)

.dtors
 *crtbegin.o(.dtors)
 *crtbegin?.o(.dtors)
 *(EXCLUDE_FILE(*crtend?.o *crtend.o) .dtors)
 *(SORT_BY_NAME(.dtors.*))
 *(.dtors)

.jcr
 *(.jcr)

.data.rel.ro
 *(.data.rel.ro.local* .gnu.linkonce.d.rel.ro.local.*)
 *(.data.rel.ro .data.rel.ro.* .gnu.linkonce.d.rel.ro.*)

.dynamic
 *(.dynamic)

.got            0xc0618000        0x0
 *(.got)
 .got           0xc0618000        0x0 kernel/kernel_sub.o
 *(.igot)
                0xc0618000                        . = DATA_SEGMENT_RELRO_END (., (SIZEOF (.got.plt) >= 0xc)?0xc:0x0)

.got.plt        0xc0618000        0x0
 *(.got.plt)
 .got.plt       0xc0618000        0x0 kernel/kernel_sub.o
 *(.igot.plt)
 .igot.plt      0xc0618000        0x0 kernel/kernel_sub.o

.data           0xc0618000      0xb80
 *(.data .data.* .gnu.linkonce.d.*)
 .data          0xc0618000        0xf kernel/kernel_sub.o
 *fill*         0xc061800f        0x1 
 .data          0xc0618010        0xf kernel/kernel.o
 *fill*         0xc061801f        0x1 
 .data          0xc0618020        0x0 syscall.o
 .data          0xc0618020        0x0 double_link_list.o
 .data          0xc0618020      0x160 global.o
                0xc0618020                user_task_table
                0xc06180a0                sys_task_table
                0xc0618164                sys_call_table
 .data          0xc0618180        0x0 kernel_main_old.o
 .data          0xc0618180        0x0 kernel_main.o
 .data          0xc0618180        0x0 protect.o
 .data          0xc0618180        0x0 console.o
 .data          0xc0618180        0x0 process.o
 .data          0xc0618180      0x600 keyboard.o
                0xc0618180                keymap
 .data          0xc0618780        0x0 thread.o
 .data          0xc0618780        0x0 my_process.o
 .data          0xc0618780      0x224 network/socket.o
 .data          0xc06189a4        0x4 network/ip_input.o
 *fill*         0xc06189a8       0x18 
 .data          0xc06189c0       0x54 network/udp_sock.o
                0xc06189e0                udp_ops
 .data          0xc0618a14        0x4 network/dst.o
 .data          0xc0618a18        0x4 network/netdev.o
 .data          0xc0618a1c        0x4 network/ip_output.o
 .data          0xc0618a20        0x8 network/tcp.o
 .data          0xc0618a28        0x4 network/sock.o
 .data          0xc0618a2c        0x4 network/tcp_output.o
 .data          0xc0618a30       0x14 network/arp.o
 *fill*         0xc0618a44       0x1c 
 .data          0xc0618a60       0x54 network/tcp_sock.o
                0xc0618a80                tcp_ops
 .data          0xc0618ab4        0xc network/ipc.o
 .data          0xc0618ac0        0x4 network/icmpv4.o
 .data          0xc0618ac4        0x4 network/skbuff.o
 *fill*         0xc0618ac8       0x18 
 .data          0xc0618ae0       0x80 network/inet.o
                0xc0618ae8                inet
 .data          0xc0618b60        0x4 network/tcp_input.o
 .data          0xc0618b64        0x0 network/task_network.o
 .data          0xc0618b64        0xc network/route.o
 .data          0xc0618b70        0x8 network/udp.o
 .data          0xc0618b78        0x4 network/tcp_data.o
 .data          0xc0618b7c        0x4 network/utils.o
 .data          0xc0618b80        0x0 hd/hd.o
 .data          0xc0618b80        0x0 fs/fs_main.o
 .data          0xc0618b80        0x0 mm/forkexit.o
 .data          0xc0618b80        0x0 mm/exec.o
 .data          0xc0618b80        0x0 mm/main.o
 .data          0xc0618b80        0x0 mem/mem.o
 .data          0xc0618b80        0x0 lib/floor.o
 .data          0xc0618b80        0x0 lib/exec.o
 .data          0xc0618b80        0x0 lib/exit.o
 .data          0xc0618b80        0x0 lib/unlink.o
 .data          0xc0618b80        0x0 lib/wait.o
 .data          0xc0618b80        0x0 lib/calloc.o
 .data          0xc0618b80        0x0 lib/alloca.o
 .data          0xc0618b80        0x0 lib/fork.o
 .data          0xc0618b80        0x0 lib/getpid.o
 .data          0xc0618b80        0x0 lib/stdlib/atoi.o
 .data          0xc0618b80        0x0 lib/string/strtok.o
 .data          0xc0618b80        0x0 lib/string/strcmp.o
 .data          0xc0618b80        0x0 lib/string/strncmp.o
 .data          0xc0618b80        0x0 lib/string/strpbrk.o
 .data          0xc0618b80        0x0 lib/stdio/read.o
 .data          0xc0618b80        0x0 lib/stdio/perror.o
 .data          0xc0618b80        0x0 lib/stdio/sscanf.o
 .data          0xc0618b80        0x0 lib/stdio/open.o
 .data          0xc0618b80        0x0 lib/stdio/write.o
 .data          0xc0618b80        0x0 lib/stdio/close.o
 .data          0xc0618b80        0x0 lib/arpa/ntohs.o
 .data          0xc0618b80        0x0 lib/arpa/htonl.o
 .data          0xc0618b80        0x0 lib/arpa/htons.o
 .data          0xc0618b80        0x0 lib/arpa/inet_pton.o
 .data          0xc0618b80        0x0 lib/arpa/ntohl.o
 .data          0xc0618b80        0x0 lib/arpa/inet_ntop.o

.data1
 *(.data1)
                0xc0618b80                        _edata = .
                [!provide]                        PROVIDE (edata = .)
                0xc0618b80                        . = .
                0xc0618b80                        __bss_start = .

.bss            0xc0618b80    0x95628
 *(.dynbss)
 *(.bss .bss.* .gnu.linkonce.b.*)
 .bss           0xc0618b80      0x800 kernel/kernel_sub.o
 .bss           0xc0619380      0x800 kernel/kernel.o
 .bss           0xc0619b80        0x0 double_link_list.o
 .bss           0xc0619b80        0x0 global.o
 .bss           0xc0619b80        0x0 kernel_main_old.o
 .bss           0xc0619b80        0x0 kernel_main.o
 .bss           0xc0619b80        0x0 protect.o
 .bss           0xc0619b80        0x0 console.o
 .bss           0xc0619b80        0x0 process.o
 .bss           0xc0619b80        0x0 keyboard.o
 .bss           0xc0619b80        0x0 thread.o
 .bss           0xc0619b80        0x0 my_process.o
 .bss           0xc0619b80        0x4 network/socket.o
 .bss           0xc0619b84        0x0 network/ip_input.o
 .bss           0xc0619b84        0x4 network/udp_sock.o
 .bss           0xc0619b88        0x0 network/dst.o
 .bss           0xc0619b88        0x0 network/netdev.o
 .bss           0xc0619b88        0x0 network/ip_output.o
 .bss           0xc0619b88        0x0 network/tcp.o
 .bss           0xc0619b88        0x0 network/sock.o
 .bss           0xc0619b88        0x0 network/tcp_output.o
 .bss           0xc0619b88        0x0 network/arp.o
 .bss           0xc0619b88        0x0 network/tcp_sock.o
 .bss           0xc0619b88        0x4 network/ipc.o
 .bss           0xc0619b8c        0x0 network/icmpv4.o
 .bss           0xc0619b8c        0x0 network/skbuff.o
 .bss           0xc0619b8c        0x0 network/inet.o
 .bss           0xc0619b8c        0x0 network/tcp_input.o
 .bss           0xc0619b8c        0x0 network/task_network.o
 .bss           0xc0619b8c        0x0 network/route.o
 .bss           0xc0619b8c        0x0 network/udp.o
 .bss           0xc0619b8c        0x0 network/tcp_data.o
 .bss           0xc0619b8c        0x0 network/utils.o
 .bss           0xc0619b8c        0x0 hd/hd.o
 .bss           0xc0619b8c        0x4 fs/fs_main.o
                0xc0619b8c                c
 .bss           0xc0619b90        0x0 mm/forkexit.o
 .bss           0xc0619b90        0x0 mm/exec.o
 .bss           0xc0619b90        0x0 mm/main.o
 .bss           0xc0619b90        0x0 mem/mem.o
 .bss           0xc0619b90        0x0 lib/floor.o
 .bss           0xc0619b90        0x0 lib/exec.o
 .bss           0xc0619b90        0x0 lib/exit.o
 .bss           0xc0619b90        0x0 lib/unlink.o
 .bss           0xc0619b90        0x0 lib/wait.o
 .bss           0xc0619b90        0x0 lib/calloc.o
 .bss           0xc0619b90        0x0 lib/alloca.o
 .bss           0xc0619b90        0x0 lib/fork.o
 .bss           0xc0619b90        0x0 lib/getpid.o
 .bss           0xc0619b90        0x0 lib/stdlib/atoi.o
 .bss           0xc0619b90        0x4 lib/string/strtok.o
 .bss           0xc0619b94        0x0 lib/string/strcmp.o
 .bss           0xc0619b94        0x0 lib/string/strncmp.o
 .bss           0xc0619b94        0x0 lib/string/strpbrk.o
 .bss           0xc0619b94        0x0 lib/stdio/read.o
 .bss           0xc0619b94        0x0 lib/stdio/perror.o
 .bss           0xc0619b94        0x0 lib/stdio/sscanf.o
 .bss           0xc0619b94        0x0 lib/stdio/open.o
 .bss           0xc0619b94        0x0 lib/stdio/write.o
 .bss           0xc0619b94        0x0 lib/stdio/close.o
 .bss           0xc0619b94        0x0 lib/arpa/ntohs.o
 .bss           0xc0619b94        0x0 lib/arpa/htonl.o
 .bss           0xc0619b94        0x0 lib/arpa/htons.o
 .bss           0xc0619b94        0x0 lib/arpa/inet_pton.o
 .bss           0xc0619b94        0x0 lib/arpa/ntohl.o
 .bss           0xc0619b94        0x0 lib/arpa/inet_ntop.o
 *(COMMON)
 *fill*         0xc0619b94        0xc 
 COMMON         0xc0619ba0     0x17b8 double_link_list.o
                0xc0619ba0                current_tty
                0xc0619ba4                is_e0
                0xc0619ba8                idt_ptr
                0xc0619bb0                pid
                0xc0619bb4                KernelVirtualMemory
                0xc0619bc0                current_dis_pos
                0xc0619bc4                dis_pos
                0xc0619bc8                k_reenter
                0xc0619be0                gdt
                0xc0619fe0                proc_ready_table
                0xc0619fe4                test_ticks
                0xc0619fe8                pcaller
                0xc061a000                keyboard_buffer
                0xc061a20c                pcb_list
                0xc061a21c                gdt_index
                0xc061a220                tty_table
                0xc061aa60                tss
                0xc061aacc                KernelPool
                0xc061aadc                net_buf
                0xc061aae0                nic_current_page
                0xc061aae4                counter
                0xc061aae8                key_pressed
                0xc061aaec                fork_pid
                0xc061aaf0                is_shift
                0xc061aaf1                net_data
                0xc061aaf4                gdt_ptr
                0xc061ab00                idt
                0xc061b300                main_thread
                0xc061b308                ticks
                0xc061b310                is_init
                0xc061b314                UserPool
                0xc061b324                all_pcb_list
                0xc061b334                console_table
                0xc061b344                is_disp
                0xc061b348                MAIN_THREAD_PAGE_DIRECTORY
                0xc061b34c                helloStr
 *fill*         0xc061b358        0x8 
 COMMON         0xc061b360    0x91ad0 global.o
                0xc061b360                proc_stack
                0xc06ab360                proc_table
 COMMON         0xc06ace30        0x8 network/netdev.o
                0xc06ace30                loop
                0xc06ace34                netdev
 *fill*         0xc06ace38        0x8 
 COMMON         0xc06ace40      0x440 hd/hd.o
                0xc06ace40                hd_info
                0xc06ad080                hd_cache
 COMMON         0xc06ad280      0xe68 fs/fs_main.o
                0xc06ad280                file_desc_table
                0xc06ad680                phy_super_block_buf
                0xc06ad684                phy_fsbuf
                0xc06ad6a0                inode_table
                0xc06ae0a0                super_block_buf
                0xc06ae0a4                fsbuf
                0xc06ae0c0                root
 *fill*         0xc06ae0e8       0x18 
 COMMON         0xc06ae100       0xa8 mem/mem.o
                0xc06ae100                kernel_mem_block_decs_array
                0xc06ae1a8                        . = ALIGN ((. != 0x0)?0x4:0x1)
                0xc06ae1a8                        . = ALIGN (0x4)
                0xc06ae1a8                        . = SEGMENT_START ("ldata-segment", .)
                0xc06ae1a8                        . = ALIGN (0x4)
                0xc06ae1a8                        _end = .
                [!provide]                        PROVIDE (end = .)
                0xc06ae1a8                        . = DATA_SEGMENT_END (.)

.stab
 *(.stab)

.stabstr
 *(.stabstr)

.stab.excl
 *(.stab.excl)

.stab.exclstr
 *(.stab.exclstr)

.stab.index
 *(.stab.index)

.stab.indexstr
 *(.stab.indexstr)

.comment        0x00000000       0x2c
 *(.comment)
 .comment       0x00000000       0x2c double_link_list.o
                                 0x2d (size before relaxing)
 .comment       0x0000002c       0x2d global.o
 .comment       0x0000002c       0x2d kernel_main_old.o
 .comment       0x0000002c       0x2d kernel_main.o
 .comment       0x0000002c       0x2d protect.o
 .comment       0x0000002c       0x2d console.o
 .comment       0x0000002c       0x2d process.o
 .comment       0x0000002c       0x2d keyboard.o
 .comment       0x0000002c       0x2d thread.o
 .comment       0x0000002c       0x2d my_process.o
 .comment       0x0000002c       0x2d network/socket.o
 .comment       0x0000002c       0x2d network/ip_input.o
 .comment       0x0000002c       0x2d network/udp_sock.o
 .comment       0x0000002c       0x2d network/dst.o
 .comment       0x0000002c       0x2d network/netdev.o
 .comment       0x0000002c       0x2d network/ip_output.o
 .comment       0x0000002c       0x2d network/tcp.o
 .comment       0x0000002c       0x2d network/sock.o
 .comment       0x0000002c       0x2d network/tcp_output.o
 .comment       0x0000002c       0x2d network/arp.o
 .comment       0x0000002c       0x2d network/tcp_sock.o
 .comment       0x0000002c       0x2d network/ipc.o
 .comment       0x0000002c       0x2d network/icmpv4.o
 .comment       0x0000002c       0x2d network/skbuff.o
 .comment       0x0000002c       0x2d network/inet.o
 .comment       0x0000002c       0x2d network/tcp_input.o
 .comment       0x0000002c       0x2d network/task_network.o
 .comment       0x0000002c       0x2d network/route.o
 .comment       0x0000002c       0x2d network/udp.o
 .comment       0x0000002c       0x2d network/tcp_data.o
 .comment       0x0000002c       0x2d network/utils.o
 .comment       0x0000002c       0x2d hd/hd.o
 .comment       0x0000002c       0x2d fs/fs_main.o
 .comment       0x0000002c       0x2d mm/forkexit.o
 .comment       0x0000002c       0x2d mm/exec.o
 .comment       0x0000002c       0x2d mm/main.o
 .comment       0x0000002c       0x2d mem/mem.o
 .comment       0x0000002c       0x2d lib/floor.o
 .comment       0x0000002c       0x2d lib/exec.o
 .comment       0x0000002c       0x2d lib/exit.o
 .comment       0x0000002c       0x2d lib/unlink.o
 .comment       0x0000002c       0x2d lib/wait.o
 .comment       0x0000002c       0x2d lib/calloc.o
 .comment       0x0000002c       0x2d lib/alloca.o
 .comment       0x0000002c       0x2d lib/fork.o
 .comment       0x0000002c       0x2d lib/getpid.o
 .comment       0x0000002c       0x2d lib/stdlib/atoi.o
 .comment       0x0000002c       0x2d lib/string/strtok.o
 .comment       0x0000002c       0x2d lib/string/strcmp.o
 .comment       0x0000002c       0x2d lib/string/strncmp.o
 .comment       0x0000002c       0x2d lib/string/strpbrk.o
 .comment       0x0000002c       0x2d lib/stdio/read.o
 .comment       0x0000002c       0x2d lib/stdio/perror.o
 .comment       0x0000002c       0x2d lib/stdio/sscanf.o
 .comment       0x0000002c       0x2d lib/stdio/open.o
 .comment       0x0000002c       0x2d lib/stdio/write.o
 .comment       0x0000002c       0x2d lib/stdio/close.o
 .comment       0x0000002c       0x2d lib/arpa/ntohs.o
 .comment       0x0000002c       0x2d lib/arpa/htonl.o
 .comment       0x0000002c       0x2d lib/arpa/htons.o
 .comment       0x0000002c       0x2d lib/arpa/inet_pton.o
 .comment       0x0000002c       0x2d lib/arpa/ntohl.o
 .comment       0x0000002c       0x2d lib/arpa/inet_ntop.o

.gnu.build.attributes
 *(.gnu.build.attributes .gnu.build.attributes.*)

.debug
 *(.debug)

.line
 *(.line)

.debug_srcinfo
 *(.debug_srcinfo)

.debug_sfnames
 *(.debug_sfnames)

.debug_aranges  0x00000000      0x7d8
 *(.debug_aranges)
 .debug_aranges
                0x00000000       0x20 double_link_list.o
 .debug_aranges
                0x00000020       0x18 global.o
 .debug_aranges
                0x00000038       0x20 kernel_main_old.o
 .debug_aranges
                0x00000058       0x20 kernel_main.o
 .debug_aranges
                0x00000078       0x20 protect.o
 .debug_aranges
                0x00000098       0x20 console.o
 .debug_aranges
                0x000000b8       0x20 process.o
 .debug_aranges
                0x000000d8       0x20 keyboard.o
 .debug_aranges
                0x000000f8       0x20 thread.o
 .debug_aranges
                0x00000118       0x20 my_process.o
 .debug_aranges
                0x00000138       0x20 network/socket.o
 .debug_aranges
                0x00000158       0x20 network/ip_input.o
 .debug_aranges
                0x00000178       0x20 network/udp_sock.o
 .debug_aranges
                0x00000198       0x20 network/dst.o
 .debug_aranges
                0x000001b8       0x20 network/netdev.o
 .debug_aranges
                0x000001d8       0x20 network/ip_output.o
 .debug_aranges
                0x000001f8       0x20 network/tcp.o
 .debug_aranges
                0x00000218       0x20 network/sock.o
 .debug_aranges
                0x00000238       0x20 network/tcp_output.o
 .debug_aranges
                0x00000258       0x20 network/arp.o
 .debug_aranges
                0x00000278       0x20 network/tcp_sock.o
 .debug_aranges
                0x00000298       0x20 network/ipc.o
 .debug_aranges
                0x000002b8       0x20 network/icmpv4.o
 .debug_aranges
                0x000002d8       0x20 network/skbuff.o
 .debug_aranges
                0x000002f8       0x20 network/inet.o
 .debug_aranges
                0x00000318       0x20 network/tcp_input.o
 .debug_aranges
                0x00000338       0x20 network/task_network.o
 .debug_aranges
                0x00000358       0x20 network/route.o
 .debug_aranges
                0x00000378       0x20 network/udp.o
 .debug_aranges
                0x00000398       0x20 network/tcp_data.o
 .debug_aranges
                0x000003b8       0x20 network/utils.o
 .debug_aranges
                0x000003d8       0x20 hd/hd.o
 .debug_aranges
                0x000003f8       0x20 fs/fs_main.o
 .debug_aranges
                0x00000418       0x20 mm/forkexit.o
 .debug_aranges
                0x00000438       0x20 mm/exec.o
 .debug_aranges
                0x00000458       0x20 mm/main.o
 .debug_aranges
                0x00000478       0x20 mem/mem.o
 .debug_aranges
                0x00000498       0x20 lib/floor.o
 .debug_aranges
                0x000004b8       0x20 lib/exec.o
 .debug_aranges
                0x000004d8       0x20 lib/exit.o
 .debug_aranges
                0x000004f8       0x20 lib/unlink.o
 .debug_aranges
                0x00000518       0x20 lib/wait.o
 .debug_aranges
                0x00000538       0x20 lib/calloc.o
 .debug_aranges
                0x00000558       0x20 lib/alloca.o
 .debug_aranges
                0x00000578       0x20 lib/fork.o
 .debug_aranges
                0x00000598       0x20 lib/getpid.o
 .debug_aranges
                0x000005b8       0x20 lib/stdlib/atoi.o
 .debug_aranges
                0x000005d8       0x20 lib/string/strtok.o
 .debug_aranges
                0x000005f8       0x20 lib/string/strcmp.o
 .debug_aranges
                0x00000618       0x20 lib/string/strncmp.o
 .debug_aranges
                0x00000638       0x20 lib/string/strpbrk.o
 .debug_aranges
                0x00000658       0x20 lib/stdio/read.o
 .debug_aranges
                0x00000678       0x20 lib/stdio/perror.o
 .debug_aranges
                0x00000698       0x20 lib/stdio/sscanf.o
 .debug_aranges
                0x000006b8       0x20 lib/stdio/open.o
 .debug_aranges
                0x000006d8       0x20 lib/stdio/write.o
 .debug_aranges
                0x000006f8       0x20 lib/stdio/close.o
 .debug_aranges
                0x00000718       0x20 lib/arpa/ntohs.o
 .debug_aranges
                0x00000738       0x20 lib/arpa/htonl.o
 .debug_aranges
                0x00000758       0x20 lib/arpa/htons.o
 .debug_aranges
                0x00000778       0x20 lib/arpa/inet_pton.o
 .debug_aranges
                0x00000798       0x20 lib/arpa/ntohl.o
 .debug_aranges
                0x000007b8       0x20 lib/arpa/inet_ntop.o

.debug_pubnames
 *(.debug_pubnames)

.debug_info     0x00000000    0x3ca70
 *(.debug_info .gnu.linkonce.wi.*)
 .debug_info    0x00000000     0x1033 double_link_list.o
 .debug_info    0x00001033      0xe7d global.o
 .debug_info    0x00001eb0     0x2844 kernel_main_old.o
 .debug_info    0x000046f4      0xfc2 kernel_main.o
 .debug_info    0x000056b6     0x11a8 protect.o
 .debug_info    0x0000685e     0x127d console.o
 .debug_info    0x00007adb      0xf55 process.o
 .debug_info    0x00008a30      0xfd1 keyboard.o
 .debug_info    0x00009a01     0x105c thread.o
 .debug_info    0x0000aa5d     0x1490 my_process.o
 .debug_info    0x0000beed     0x1b9a network/socket.o
 .debug_info    0x0000da87     0x1a9e network/ip_input.o
 .debug_info    0x0000f525     0x1ed0 network/udp_sock.o
 .debug_info    0x000113f5     0x11dd network/dst.o
 .debug_info    0x000125d2     0x1513 network/netdev.o
 .debug_info    0x00013ae5     0x1738 network/ip_output.o
 .debug_info    0x0001521d     0x1e01 network/tcp.o
 .debug_info    0x0001701e     0x1853 network/sock.o
 .debug_info    0x00018871     0x231c network/tcp_output.o
 .debug_info    0x0001ab8d      0x76e network/arp.o
 .debug_info    0x0001b2fb     0x21f2 network/tcp_sock.o
 .debug_info    0x0001d4ed     0x1c2b network/ipc.o
 .debug_info    0x0001f118     0x18fc network/icmpv4.o
 .debug_info    0x00020a14      0x39f network/skbuff.o
 .debug_info    0x00020db3     0x19ff network/inet.o
 .debug_info    0x000227b2     0x2104 network/tcp_input.o
 .debug_info    0x000248b6      0x65c network/task_network.o
 .debug_info    0x00024f12     0x1275 network/route.o
 .debug_info    0x00026187     0x1b01 network/udp.o
 .debug_info    0x00027c88     0x1d6a network/tcp_data.o
 .debug_info    0x000299f2      0x367 network/utils.o
 .debug_info    0x00029d59     0x17ec hd/hd.o
 .debug_info    0x0002b545     0x1f2e fs/fs_main.o
 .debug_info    0x0002d473      0xf91 mm/forkexit.o
 .debug_info    0x0002e404     0x11cd mm/exec.o
 .debug_info    0x0002f5d1      0xdbf mm/main.o
 .debug_info    0x00030390     0x1d11 mem/mem.o
 .debug_info    0x000320a1       0x6b lib/floor.o
 .debug_info    0x0003210c      0xf33 lib/exec.o
 .debug_info    0x0003303f      0xda6 lib/exit.o
 .debug_info    0x00033de5      0xe84 lib/unlink.o
 .debug_info    0x00034c69      0xdb4 lib/wait.o
 .debug_info    0x00035a1d      0xeac lib/calloc.o
 .debug_info    0x000368c9       0x98 lib/alloca.o
 .debug_info    0x00036961      0xd9b lib/fork.o
 .debug_info    0x000376fc      0xd9b lib/getpid.o
 .debug_info    0x00038497       0xc9 lib/stdlib/atoi.o
 .debug_info    0x00038560       0xae lib/string/strtok.o
 .debug_info    0x0003860e       0xc1 lib/string/strcmp.o
 .debug_info    0x000386cf      0x110 lib/string/strncmp.o
 .debug_info    0x000387df       0xcf lib/string/strpbrk.o
 .debug_info    0x000388ae      0xea1 lib/stdio/read.o
 .debug_info    0x0003974f       0x5c lib/stdio/perror.o
 .debug_info    0x000397ab      0x20e lib/stdio/sscanf.o
 .debug_info    0x000399b9      0xe02 lib/stdio/open.o
 .debug_info    0x0003a7bb      0xe2f lib/stdio/write.o
 .debug_info    0x0003b5ea      0xdb6 lib/stdio/close.o
 .debug_info    0x0003c3a0       0xa8 lib/arpa/ntohs.o
 .debug_info    0x0003c448       0xcb lib/arpa/htonl.o
 .debug_info    0x0003c513       0xa8 lib/arpa/htons.o
 .debug_info    0x0003c5bb      0x260 lib/arpa/inet_pton.o
 .debug_info    0x0003c81b       0xcb lib/arpa/ntohl.o
 .debug_info    0x0003c8e6      0x18a lib/arpa/inet_ntop.o

.debug_abbrev   0x00000000     0x784f
 *(.debug_abbrev)
 .debug_abbrev  0x00000000      0x216 double_link_list.o
 .debug_abbrev  0x00000216      0x157 global.o
 .debug_abbrev  0x0000036d      0x43a kernel_main_old.o
 .debug_abbrev  0x000007a7      0x208 kernel_main.o
 .debug_abbrev  0x000009af      0x227 protect.o
 .debug_abbrev  0x00000bd6      0x2ac console.o
 .debug_abbrev  0x00000e82      0x1e0 process.o
 .debug_abbrev  0x00001062      0x1fb keyboard.o
 .debug_abbrev  0x0000125d      0x222 thread.o
 .debug_abbrev  0x0000147f      0x260 my_process.o
 .debug_abbrev  0x000016df      0x327 network/socket.o
 .debug_abbrev  0x00001a06      0x2d1 network/ip_input.o
 .debug_abbrev  0x00001cd7      0x3b1 network/udp_sock.o
 .debug_abbrev  0x00002088      0x204 network/dst.o
 .debug_abbrev  0x0000228c      0x2ce network/netdev.o
 .debug_abbrev  0x0000255a      0x213 network/ip_output.o
 .debug_abbrev  0x0000276d      0x332 network/tcp.o
 .debug_abbrev  0x00002a9f      0x273 network/sock.o
 .debug_abbrev  0x00002d12      0x39b network/tcp_output.o
 .debug_abbrev  0x000030ad      0x210 network/arp.o
 .debug_abbrev  0x000032bd      0x3e6 network/tcp_sock.o
 .debug_abbrev  0x000036a3      0x2ee network/ipc.o
 .debug_abbrev  0x00003991      0x236 network/icmpv4.o
 .debug_abbrev  0x00003bc7      0x15f network/skbuff.o
 .debug_abbrev  0x00003d26      0x24b network/inet.o
 .debug_abbrev  0x00003f71      0x355 network/tcp_input.o
 .debug_abbrev  0x000042c6      0x17d network/task_network.o
 .debug_abbrev  0x00004443      0x24e network/route.o
 .debug_abbrev  0x00004691      0x2d3 network/udp.o
 .debug_abbrev  0x00004964      0x2a6 network/tcp_data.o
 .debug_abbrev  0x00004c0a      0x17a network/utils.o
 .debug_abbrev  0x00004d84      0x2e3 hd/hd.o
 .debug_abbrev  0x00005067      0x2ef fs/fs_main.o
 .debug_abbrev  0x00005356      0x204 mm/forkexit.o
 .debug_abbrev  0x0000555a      0x1c4 mm/exec.o
 .debug_abbrev  0x0000571e      0x208 mm/main.o
 .debug_abbrev  0x00005926      0x330 mem/mem.o
 .debug_abbrev  0x00005c56       0x6a lib/floor.o
 .debug_abbrev  0x00005cc0      0x1e8 lib/exec.o
 .debug_abbrev  0x00005ea8      0x19b lib/exit.o
 .debug_abbrev  0x00006043      0x193 lib/unlink.o
 .debug_abbrev  0x000061d6      0x19f lib/wait.o
 .debug_abbrev  0x00006375      0x191 lib/calloc.o
 .debug_abbrev  0x00006506       0x86 lib/alloca.o
 .debug_abbrev  0x0000658c      0x18a lib/fork.o
 .debug_abbrev  0x00006716      0x18a lib/getpid.o
 .debug_abbrev  0x000068a0       0x94 lib/stdlib/atoi.o
 .debug_abbrev  0x00006934       0x91 lib/string/strtok.o
 .debug_abbrev  0x000069c5       0x94 lib/string/strcmp.o
 .debug_abbrev  0x00006a59       0xbe lib/string/strncmp.o
 .debug_abbrev  0x00006b17       0xa5 lib/string/strpbrk.o
 .debug_abbrev  0x00006bbc      0x1ef lib/stdio/read.o
 .debug_abbrev  0x00006dab       0x5c lib/stdio/perror.o
 .debug_abbrev  0x00006e07       0xdd lib/stdio/sscanf.o
 .debug_abbrev  0x00006ee4      0x1c5 lib/stdio/open.o
 .debug_abbrev  0x000070a9      0x1db lib/stdio/write.o
 .debug_abbrev  0x00007284      0x19d lib/stdio/close.o
 .debug_abbrev  0x00007421       0x6c lib/arpa/ntohs.o
 .debug_abbrev  0x0000748d       0xa5 lib/arpa/htonl.o
 .debug_abbrev  0x00007532       0x6c lib/arpa/htons.o
 .debug_abbrev  0x0000759e      0x116 lib/arpa/inet_pton.o
 .debug_abbrev  0x000076b4       0xa5 lib/arpa/ntohl.o
 .debug_abbrev  0x00007759       0xf6 lib/arpa/inet_ntop.o

.debug_line     0x00000000     0x9629
 *(.debug_line .debug_line.* .debug_line_end)
 .debug_line    0x00000000      0x20d double_link_list.o
 .debug_line    0x0000020d       0x95 global.o
 .debug_line    0x000002a2      0xe37 kernel_main_old.o
 .debug_line    0x000010d9      0x1d7 kernel_main.o
 .debug_line    0x000012b0      0x1ff protect.o
 .debug_line    0x000014af      0x54e console.o
 .debug_line    0x000019fd      0x1a4 process.o
 .debug_line    0x00001ba1      0x296 keyboard.o
 .debug_line    0x00001e37      0x145 thread.o
 .debug_line    0x00001f7c      0x33b my_process.o
 .debug_line    0x000022b7      0x3a6 network/socket.o
 .debug_line    0x0000265d      0x272 network/ip_input.o
 .debug_line    0x000028cf      0x4b0 network/udp_sock.o
 .debug_line    0x00002d7f      0x15e network/dst.o
 .debug_line    0x00002edd      0x272 network/netdev.o
 .debug_line    0x0000314f      0x1fe network/ip_output.o
 .debug_line    0x0000334d      0x2f5 network/tcp.o
 .debug_line    0x00003642      0x222 network/sock.o
 .debug_line    0x00003864      0x58a network/tcp_output.o
 .debug_line    0x00003dee      0x34c network/arp.o
 .debug_line    0x0000413a      0x57b network/tcp_sock.o
 .debug_line    0x000046b5      0x5ab network/ipc.o
 .debug_line    0x00004c60      0x225 network/icmpv4.o
 .debug_line    0x00004e85      0x121 network/skbuff.o
 .debug_line    0x00004fa6      0x30e network/inet.o
 .debug_line    0x000052b4      0x658 network/tcp_input.o
 .debug_line    0x0000590c       0xcf network/task_network.o
 .debug_line    0x000059db      0x209 network/route.o
 .debug_line    0x00005be4      0x2ec network/udp.o
 .debug_line    0x00005ed0      0x3e9 network/tcp_data.o
 .debug_line    0x000062b9      0x13c network/utils.o
 .debug_line    0x000063f5      0x62b hd/hd.o
 .debug_line    0x00006a20      0xc23 fs/fs_main.o
 .debug_line    0x00007643      0x174 mm/forkexit.o
 .debug_line    0x000077b7      0x20c mm/exec.o
 .debug_line    0x000079c3       0xec mm/main.o
 .debug_line    0x00007aaf      0x773 mem/mem.o
 .debug_line    0x00008222       0x5a lib/floor.o
 .debug_line    0x0000827c      0x18b lib/exec.o
 .debug_line    0x00008407       0xa0 lib/exit.o
 .debug_line    0x000084a7       0xc0 lib/unlink.o
 .debug_line    0x00008567       0xb7 lib/wait.o
 .debug_line    0x0000861e       0xe3 lib/calloc.o
 .debug_line    0x00008701       0x6b lib/alloca.o
 .debug_line    0x0000876c       0xa5 lib/fork.o
 .debug_line    0x00008811       0xa0 lib/getpid.o
 .debug_line    0x000088b1       0xad lib/stdlib/atoi.o
 .debug_line    0x0000895e       0x6e lib/string/strtok.o
 .debug_line    0x000089cc       0x9c lib/string/strcmp.o
 .debug_line    0x00008a68       0xcc lib/string/strncmp.o
 .debug_line    0x00008b34       0xb0 lib/string/strpbrk.o
 .debug_line    0x00008be4      0x15b lib/stdio/read.o
 .debug_line    0x00008d3f       0x48 lib/stdio/perror.o
 .debug_line    0x00008d87      0x1d2 lib/stdio/sscanf.o
 .debug_line    0x00008f59       0xc3 lib/stdio/open.o
 .debug_line    0x0000901c       0xc2 lib/stdio/write.o
 .debug_line    0x000090de       0xb3 lib/stdio/close.o
 .debug_line    0x00009191       0x6c lib/arpa/ntohs.o
 .debug_line    0x000091fd       0xc1 lib/arpa/htonl.o
 .debug_line    0x000092be       0x6c lib/arpa/htons.o
 .debug_line    0x0000932a      0x167 lib/arpa/inet_pton.o
 .debug_line    0x00009491       0xc1 lib/arpa/ntohl.o
 .debug_line    0x00009552       0xd7 lib/arpa/inet_ntop.o

.debug_frame
 *(.debug_frame)

.debug_str      0x00000000     0x35ec
 *(.debug_str)
 .debug_str     0x00000000     0x35ec double_link_list.o
                                0x6dc (size before relaxing)
 .debug_str     0x000035ec      0x60b global.o
 .debug_str     0x000035ec      0xb77 kernel_main_old.o
 .debug_str     0x000035ec      0x697 kernel_main.o
 .debug_str     0x000035ec      0x766 protect.o
 .debug_str     0x000035ec      0x75a console.o
 .debug_str     0x000035ec      0x645 process.o
 .debug_str     0x000035ec      0x697 keyboard.o
 .debug_str     0x000035ec      0x712 thread.o
 .debug_str     0x000035ec      0x8f9 my_process.o
 .debug_str     0x000035ec      0x923 network/socket.o
 .debug_str     0x000035ec      0x996 network/ip_input.o
 .debug_str     0x000035ec      0xa6c network/udp_sock.o
 .debug_str     0x000035ec      0x71d network/dst.o
 .debug_str     0x000035ec      0x824 network/netdev.o
 .debug_str     0x000035ec      0x851 network/ip_output.o
 .debug_str     0x000035ec      0xb28 network/tcp.o
 .debug_str     0x000035ec      0x8b1 network/sock.o
 .debug_str     0x000035ec      0xc18 network/tcp_output.o
 .debug_str     0x000035ec      0x2f6 network/arp.o
 .debug_str     0x000035ec      0xcbb network/tcp_sock.o
 .debug_str     0x000035ec      0x8cd network/ipc.o
 .debug_str     0x000035ec      0x915 network/icmpv4.o
 .debug_str     0x000035ec      0x1d8 network/skbuff.o
 .debug_str     0x000035ec      0x8e2 network/inet.o
 .debug_str     0x000035ec      0xb88 network/tcp_input.o
 .debug_str     0x000035ec      0x28f network/task_network.o
 .debug_str     0x000035ec      0x73e network/route.o
 .debug_str     0x000035ec      0x948 network/udp.o
 .debug_str     0x000035ec      0xa44 network/tcp_data.o
 .debug_str     0x000035ec      0x1b8 network/utils.o
 .debug_str     0x000035ec      0x914 hd/hd.o
 .debug_str     0x000035ec      0xaf5 fs/fs_main.o
 .debug_str     0x000035ec      0x612 mm/forkexit.o
 .debug_str     0x000035ec      0x868 mm/exec.o
 .debug_str     0x000035ec      0x593 mm/main.o
 .debug_str     0x000035ec      0xa9a mem/mem.o
 .debug_str     0x000035ec       0xa2 lib/floor.o
 .debug_str     0x000035ec      0x627 lib/exec.o
 .debug_str     0x000035ec      0x5a0 lib/exit.o
 .debug_str     0x000035ec      0x61f lib/unlink.o
 .debug_str     0x000035ec      0x5a0 lib/wait.o
 .debug_str     0x000035ec      0x62c lib/calloc.o
 .debug_str     0x000035ec       0xb6 lib/alloca.o
 .debug_str     0x000035ec      0x599 lib/fork.o
 .debug_str     0x000035ec      0x59d lib/getpid.o
 .debug_str     0x000035ec       0xad lib/stdlib/atoi.o
 .debug_str     0x000035ec       0xb9 lib/string/strtok.o
 .debug_str     0x000035ec       0xb1 lib/string/strcmp.o
 .debug_str     0x000035ec       0xba lib/string/strncmp.o
 .debug_str     0x000035ec       0xc1 lib/string/strpbrk.o
 .debug_str     0x000035ec      0x617 lib/stdio/read.o
 .debug_str     0x000035ec       0x99 lib/stdio/perror.o
 .debug_str     0x000035ec      0x102 lib/stdio/sscanf.o
 .debug_str     0x000035ec      0x5de lib/stdio/open.o
 .debug_str     0x000035ec      0x5db lib/stdio/write.o
 .debug_str     0x000035ec      0x5a6 lib/stdio/close.o
 .debug_str     0x000035ec      0x101 lib/arpa/ntohs.o
 .debug_str     0x000035ec       0xf4 lib/arpa/htonl.o
 .debug_str     0x000035ec      0x102 lib/arpa/htons.o
 .debug_str     0x000035ec      0x14c lib/arpa/inet_pton.o
 .debug_str     0x000035ec       0xf3 lib/arpa/ntohl.o
 .debug_str     0x000035ec      0x10f lib/arpa/inet_ntop.o

.debug_loc
 *(.debug_loc)

.debug_macinfo
 *(.debug_macinfo)

.debug_weaknames
 *(.debug_weaknames)

.debug_funcnames
 *(.debug_funcnames)

.debug_typenames
 *(.debug_typenames)

.debug_varnames
 *(.debug_varnames)

.debug_pubtypes
 *(.debug_pubtypes)

.debug_ranges   0x00000000       0x90
 *(.debug_ranges)
 .debug_ranges  0x00000000       0x30 kernel_main_old.o
 .debug_ranges  0x00000030       0x48 hd/hd.o
 .debug_ranges  0x00000078       0x18 mm/exec.o

.debug_addr
 *(.debug_addr)

.debug_line_str
 *(.debug_line_str)

.debug_loclists
 *(.debug_loclists)

.debug_macro
 *(.debug_macro)

.debug_names
 *(.debug_names)

.debug_rnglists
 *(.debug_rnglists)

.debug_str_offsets
 *(.debug_str_offsets)

.debug_sup
 *(.debug_sup)

.gnu.attributes
 *(.gnu.attributes)

/DISCARD/
 *(.note.GNU-stack)
 *(.gnu_debuglink)
 *(.gnu.lto_*)
OUTPUT(kernel.bin elf32-i386)
