
Merging program properties

Removed property 0xc0010001 to merge double_link_list.o (0x1) and kernel/kernel_sub.o (not found)
Removed property 0xc0010002 to merge double_link_list.o (0x0) and kernel/kernel_sub.o (not found)
Removed property 0xc0010001 to merge double_link_list.o (not found) and global.o (0x1)
Removed property 0xc0010002 to merge double_link_list.o (not found) and global.o (0x0)
Removed property 0xc0010001 to merge double_link_list.o (not found) and kernel_main.o (0x1)
Removed property 0xc0010002 to merge double_link_list.o (not found) and kernel_main.o (0x0)
Removed property 0xc0010001 to merge double_link_list.o (not found) and console.o (0x1)
Removed property 0xc0010002 to merge double_link_list.o (not found) and console.o (0x1)
Removed property 0xc0010001 to merge double_link_list.o (not found) and protect.o (0x1)
Removed property 0xc0010002 to merge double_link_list.o (not found) and protect.o (0x0)
Removed property 0xc0010001 to merge double_link_list.o (not found) and kernel_main_old.o (0x1)
Removed property 0xc0010002 to merge double_link_list.o (not found) and kernel_main_old.o (0x1)
Removed property 0xc0010001 to merge double_link_list.o (not found) and keyboard.o (0x1)
Removed property 0xc0010002 to merge double_link_list.o (not found) and keyboard.o (0x0)
Removed property 0xc0010001 to merge double_link_list.o (not found) and process.o (0x1)
Removed property 0xc0010002 to merge double_link_list.o (not found) and process.o (0x0)
Removed property 0xc0010001 to merge double_link_list.o (not found) and thread.o (0x1)
Removed property 0xc0010002 to merge double_link_list.o (not found) and thread.o (0x0)
Removed property 0xc0010001 to merge double_link_list.o (not found) and my_process.o (0x1)
Removed property 0xc0010002 to merge double_link_list.o (not found) and my_process.o (0x1)
Removed property 0xc0010001 to merge double_link_list.o (not found) and network/socket.o (0x1)
Removed property 0xc0010002 to merge double_link_list.o (not found) and network/socket.o (0x0)
Removed property 0xc0010001 to merge double_link_list.o (not found) and network/ip_input.o (0x1)
Removed property 0xc0010002 to merge double_link_list.o (not found) and network/ip_input.o (0x0)
Removed property 0xc0010001 to merge double_link_list.o (not found) and network/udp_sock.o (0x1)
Removed property 0xc0010002 to merge double_link_list.o (not found) and network/udp_sock.o (0x0)
Removed property 0xc0010001 to merge double_link_list.o (not found) and network/dst.o (0x1)
Removed property 0xc0010002 to merge double_link_list.o (not found) and network/dst.o (0x0)
Removed property 0xc0010001 to merge double_link_list.o (not found) and network/ip_output.o (0x1)
Removed property 0xc0010002 to merge double_link_list.o (not found) and network/ip_output.o (0x0)
Removed property 0xc0010001 to merge double_link_list.o (not found) and network/tcp.o (0x1)
Removed property 0xc0010002 to merge double_link_list.o (not found) and network/tcp.o (0x0)
Removed property 0xc0010001 to merge double_link_list.o (not found) and network/sock.o (0x1)
Removed property 0xc0010002 to merge double_link_list.o (not found) and network/sock.o (0x0)
Removed property 0xc0010001 to merge double_link_list.o (not found) and network/tcp_output.o (0x1)
Removed property 0xc0010002 to merge double_link_list.o (not found) and network/tcp_output.o (0x1)
Removed property 0xc0010001 to merge double_link_list.o (not found) and network/arp.o (0x1)
Removed property 0xc0010002 to merge double_link_list.o (not found) and network/arp.o (0x0)
Removed property 0xc0010001 to merge double_link_list.o (not found) and network/tcp_sock.o (0x1)
Removed property 0xc0010002 to merge double_link_list.o (not found) and network/tcp_sock.o (0x0)
Removed property 0xc0010001 to merge double_link_list.o (not found) and network/ipc.o (0x1)
Removed property 0xc0010002 to merge double_link_list.o (not found) and network/ipc.o (0x1)
Removed property 0xc0010001 to merge double_link_list.o (not found) and network/icmpv4.o (0x1)
Removed property 0xc0010002 to merge double_link_list.o (not found) and network/icmpv4.o (0x0)
Removed property 0xc0010001 to merge double_link_list.o (not found) and network/skbuff.o (0x1)
Removed property 0xc0010002 to merge double_link_list.o (not found) and network/skbuff.o (0x0)
Removed property 0xc0010001 to merge double_link_list.o (not found) and network/inet.o (0x1)
Removed property 0xc0010002 to merge double_link_list.o (not found) and network/inet.o (0x0)
Removed property 0xc0010001 to merge double_link_list.o (not found) and network/tcp_input.o (0x1)
Removed property 0xc0010002 to merge double_link_list.o (not found) and network/tcp_input.o (0x0)
Removed property 0xc0010001 to merge double_link_list.o (not found) and network/task_network.o (0x1)
Removed property 0xc0010002 to merge double_link_list.o (not found) and network/task_network.o (0x0)
Removed property 0xc0010001 to merge double_link_list.o (not found) and network/netdev.o (0x1)
Removed property 0xc0010002 to merge double_link_list.o (not found) and network/netdev.o (0x0)
Removed property 0xc0010001 to merge double_link_list.o (not found) and network/route.o (0x1)
Removed property 0xc0010002 to merge double_link_list.o (not found) and network/route.o (0x0)
Removed property 0xc0010001 to merge double_link_list.o (not found) and network/udp.o (0x1)
Removed property 0xc0010002 to merge double_link_list.o (not found) and network/udp.o (0x1)
Removed property 0xc0010001 to merge double_link_list.o (not found) and network/tcp_data.o (0x1)
Removed property 0xc0010002 to merge double_link_list.o (not found) and network/tcp_data.o (0x0)
Removed property 0xc0010001 to merge double_link_list.o (not found) and network/utils.o (0x1)
Removed property 0xc0010002 to merge double_link_list.o (not found) and network/utils.o (0x0)
Removed property 0xc0010001 to merge double_link_list.o (not found) and hd/hd.o (0x1)
Removed property 0xc0010002 to merge double_link_list.o (not found) and hd/hd.o (0x1)
Removed property 0xc0010001 to merge double_link_list.o (not found) and fs/fs_main.o (0x1)
Removed property 0xc0010002 to merge double_link_list.o (not found) and fs/fs_main.o (0x1)
Removed property 0xc0010001 to merge double_link_list.o (not found) and mm/forkexit.o (0x1)
Removed property 0xc0010002 to merge double_link_list.o (not found) and mm/forkexit.o (0x0)
Removed property 0xc0010001 to merge double_link_list.o (not found) and mm/exec.o (0x1)
Removed property 0xc0010002 to merge double_link_list.o (not found) and mm/exec.o (0x0)
Removed property 0xc0010001 to merge double_link_list.o (not found) and mm/main.o (0x1)
Removed property 0xc0010002 to merge double_link_list.o (not found) and mm/main.o (0x0)
Removed property 0xc0010001 to merge double_link_list.o (not found) and mem/mem.o (0x1)
Removed property 0xc0010002 to merge double_link_list.o (not found) and mem/mem.o (0x1)
Removed property 0xc0010001 to merge double_link_list.o (not found) and lib/floor.o (0xb)
Removed property 0xc0010002 to merge double_link_list.o (not found) and lib/floor.o (0x1)
Removed property 0xc0010001 to merge double_link_list.o (not found) and lib/exec.o (0x1)
Removed property 0xc0010002 to merge double_link_list.o (not found) and lib/exec.o (0x0)
Removed property 0xc0010001 to merge double_link_list.o (not found) and lib/exit.o (0x1)
Removed property 0xc0010002 to merge double_link_list.o (not found) and lib/exit.o (0x0)
Removed property 0xc0010001 to merge double_link_list.o (not found) and lib/unlink.o (0x1)
Removed property 0xc0010002 to merge double_link_list.o (not found) and lib/unlink.o (0x0)
Removed property 0xc0010001 to merge double_link_list.o (not found) and lib/wait.o (0x1)
Removed property 0xc0010002 to merge double_link_list.o (not found) and lib/wait.o (0x0)
Removed property 0xc0010001 to merge double_link_list.o (not found) and lib/calloc.o (0x1)
Removed property 0xc0010002 to merge double_link_list.o (not found) and lib/calloc.o (0x0)
Removed property 0xc0010001 to merge double_link_list.o (not found) and lib/alloca.o (0xb)
Removed property 0xc0010002 to merge double_link_list.o (not found) and lib/alloca.o (0x1)
Removed property 0xc0010001 to merge double_link_list.o (not found) and lib/fork.o (0x1)
Removed property 0xc0010002 to merge double_link_list.o (not found) and lib/fork.o (0x0)
Removed property 0xc0010001 to merge double_link_list.o (not found) and lib/getpid.o (0x1)
Removed property 0xc0010002 to merge double_link_list.o (not found) and lib/getpid.o (0x0)
Removed property 0xc0010001 to merge double_link_list.o (not found) and lib/string/strtok.o (0x1)
Removed property 0xc0010002 to merge double_link_list.o (not found) and lib/string/strtok.o (0x0)
Removed property 0xc0010001 to merge double_link_list.o (not found) and lib/string/strcmp.o (0x1)
Removed property 0xc0010002 to merge double_link_list.o (not found) and lib/string/strcmp.o (0x1)
Removed property 0xc0010001 to merge double_link_list.o (not found) and lib/string/strncmp.o (0x1)
Removed property 0xc0010002 to merge double_link_list.o (not found) and lib/string/strncmp.o (0x0)
Removed property 0xc0010001 to merge double_link_list.o (not found) and lib/string/strpbrk.o (0x1)
Removed property 0xc0010002 to merge double_link_list.o (not found) and lib/string/strpbrk.o (0x0)
Removed property 0xc0010001 to merge double_link_list.o (not found) and lib/stdio/read.o (0x1)
Removed property 0xc0010002 to merge double_link_list.o (not found) and lib/stdio/read.o (0x0)
Removed property 0xc0010001 to merge double_link_list.o (not found) and lib/stdio/perror.o (0x1)
Removed property 0xc0010002 to merge double_link_list.o (not found) and lib/stdio/perror.o (0x0)
Removed property 0xc0010001 to merge double_link_list.o (not found) and lib/stdio/sscanf.o (0x1)
Removed property 0xc0010002 to merge double_link_list.o (not found) and lib/stdio/sscanf.o (0x0)
Removed property 0xc0010001 to merge double_link_list.o (not found) and lib/stdio/open.o (0x1)
Removed property 0xc0010002 to merge double_link_list.o (not found) and lib/stdio/open.o (0x0)
Removed property 0xc0010001 to merge double_link_list.o (not found) and lib/stdio/write.o (0x1)
Removed property 0xc0010002 to merge double_link_list.o (not found) and lib/stdio/write.o (0x0)
Removed property 0xc0010001 to merge double_link_list.o (not found) and lib/stdio/close.o (0x1)
Removed property 0xc0010002 to merge double_link_list.o (not found) and lib/stdio/close.o (0x0)
Removed property 0xc0010001 to merge double_link_list.o (not found) and lib/arpa/ntohs.o (0x1)
Removed property 0xc0010002 to merge double_link_list.o (not found) and lib/arpa/ntohs.o (0x0)
Removed property 0xc0010001 to merge double_link_list.o (not found) and lib/arpa/htonl.o (0x1)
Removed property 0xc0010002 to merge double_link_list.o (not found) and lib/arpa/htonl.o (0x0)
Removed property 0xc0010001 to merge double_link_list.o (not found) and lib/arpa/htons.o (0x1)
Removed property 0xc0010002 to merge double_link_list.o (not found) and lib/arpa/htons.o (0x0)
Removed property 0xc0010001 to merge double_link_list.o (not found) and lib/arpa/inet_pton.o (0x1)
Removed property 0xc0010002 to merge double_link_list.o (not found) and lib/arpa/inet_pton.o (0x0)
Removed property 0xc0010001 to merge double_link_list.o (not found) and lib/arpa/ntohl.o (0x1)
Removed property 0xc0010002 to merge double_link_list.o (not found) and lib/arpa/ntohl.o (0x0)
Removed property 0xc0010001 to merge double_link_list.o (not found) and lib/arpa/inet_ntop.o (0x1)
Removed property 0xc0010002 to merge double_link_list.o (not found) and lib/arpa/inet_ntop.o (0x0)

Allocating common symbols
Common symbol       size              file

current_tty         0x4               double_link_list.o
file_desc_table     0x400             fs/fs_main.o
is_e0               0x1               double_link_list.o
phy_super_block_buf
                    0x4               fs/fs_main.o
phy_fsbuf           0x4               fs/fs_main.o
idt_ptr             0x6               double_link_list.o
pid                 0x4               double_link_list.o
KernelVirtualMemory
                    0xc               double_link_list.o
inode_table         0xa00             fs/fs_main.o
loop                0x4               network/netdev.o
current_dis_pos     0x4               double_link_list.o
dis_pos             0x4               double_link_list.o
netdev              0x4               network/netdev.o
k_reenter           0x4               double_link_list.o
super_block_buf     0x4               fs/fs_main.o
gdt                 0x400             double_link_list.o
proc_ready_table    0x4               double_link_list.o
test_ticks          0x4               double_link_list.o
hd_info             0x224             hd/hd.o
proc_stack          0x90000           global.o
pcaller             0x4               double_link_list.o
keyboard_buffer     0x20c             double_link_list.o
pcb_list            0x10              double_link_list.o
gdt_index           0x4               double_link_list.o
tty_table           0x828             double_link_list.o
tss                 0x6c              double_link_list.o
KernelPool          0x10              double_link_list.o
net_buf             0x4               double_link_list.o
fsbuf               0x4               fs/fs_main.o
nic_current_page    0x1               double_link_list.o
root                0x28              fs/fs_main.o
kernel_mem_block_decs_array
                    0xf0              mem/mem.o
counter             0x4               double_link_list.o
key_pressed         0x4               double_link_list.o
fork_pid            0x4               double_link_list.o
is_shift            0x1               double_link_list.o
net_data            0x1               double_link_list.o
gdt_ptr             0x6               double_link_list.o
idt                 0x800             double_link_list.o
main_thread         0x4               double_link_list.o
ticks               0x8               double_link_list.o
is_init             0x1               double_link_list.o
UserPool            0x10              double_link_list.o
all_pcb_list        0x10              double_link_list.o
console_table       0x10              double_link_list.o
is_disp             0x1               double_link_list.o
MAIN_THREAD_PAGE_DIRECTORY
                    0x4               double_link_list.o
helloStr            0xc               double_link_list.o
proc_table          0x1e14            global.o
hd_cache            0x200             hd/hd.o

Discarded input sections

 .note.GNU-stack
                0x00000000        0x0 double_link_list.o
 .note.gnu.property
                0x00000000       0x28 double_link_list.o
 .note.GNU-stack
                0x00000000        0x0 global.o
 .note.gnu.property
                0x00000000       0x28 global.o
 .note.GNU-stack
                0x00000000        0x0 kernel_main.o
 .note.gnu.property
                0x00000000       0x28 kernel_main.o
 .note.GNU-stack
                0x00000000        0x0 console.o
 .note.gnu.property
                0x00000000       0x28 console.o
 .note.GNU-stack
                0x00000000        0x0 protect.o
 .note.gnu.property
                0x00000000       0x28 protect.o
 .note.GNU-stack
                0x00000000        0x0 kernel_main_old.o
 .note.gnu.property
                0x00000000       0x28 kernel_main_old.o
 .note.GNU-stack
                0x00000000        0x0 keyboard.o
 .note.gnu.property
                0x00000000       0x28 keyboard.o
 .note.GNU-stack
                0x00000000        0x0 process.o
 .note.gnu.property
                0x00000000       0x28 process.o
 .note.GNU-stack
                0x00000000        0x0 thread.o
 .note.gnu.property
                0x00000000       0x28 thread.o
 .note.GNU-stack
                0x00000000        0x0 my_process.o
 .note.gnu.property
                0x00000000       0x28 my_process.o
 .note.GNU-stack
                0x00000000        0x0 network/socket.o
 .note.gnu.property
                0x00000000       0x28 network/socket.o
 .note.GNU-stack
                0x00000000        0x0 network/ip_input.o
 .note.gnu.property
                0x00000000       0x28 network/ip_input.o
 .note.GNU-stack
                0x00000000        0x0 network/udp_sock.o
 .note.gnu.property
                0x00000000       0x28 network/udp_sock.o
 .note.GNU-stack
                0x00000000        0x0 network/dst.o
 .note.gnu.property
                0x00000000       0x28 network/dst.o
 .note.GNU-stack
                0x00000000        0x0 network/ip_output.o
 .note.gnu.property
                0x00000000       0x28 network/ip_output.o
 .note.GNU-stack
                0x00000000        0x0 network/tcp.o
 .note.gnu.property
                0x00000000       0x28 network/tcp.o
 .note.GNU-stack
                0x00000000        0x0 network/sock.o
 .note.gnu.property
                0x00000000       0x28 network/sock.o
 .note.GNU-stack
                0x00000000        0x0 network/tcp_output.o
 .note.gnu.property
                0x00000000       0x28 network/tcp_output.o
 .note.GNU-stack
                0x00000000        0x0 network/arp.o
 .note.gnu.property
                0x00000000       0x28 network/arp.o
 .note.GNU-stack
                0x00000000        0x0 network/tcp_sock.o
 .note.gnu.property
                0x00000000       0x28 network/tcp_sock.o
 .note.GNU-stack
                0x00000000        0x0 network/ipc.o
 .note.gnu.property
                0x00000000       0x28 network/ipc.o
 .note.GNU-stack
                0x00000000        0x0 network/icmpv4.o
 .note.gnu.property
                0x00000000       0x28 network/icmpv4.o
 .note.GNU-stack
                0x00000000        0x0 network/skbuff.o
 .note.gnu.property
                0x00000000       0x28 network/skbuff.o
 .note.GNU-stack
                0x00000000        0x0 network/inet.o
 .note.gnu.property
                0x00000000       0x28 network/inet.o
 .note.GNU-stack
                0x00000000        0x0 network/tcp_input.o
 .note.gnu.property
                0x00000000       0x28 network/tcp_input.o
 .note.GNU-stack
                0x00000000        0x0 network/task_network.o
 .note.gnu.property
                0x00000000       0x28 network/task_network.o
 .note.GNU-stack
                0x00000000        0x0 network/netdev.o
 .note.gnu.property
                0x00000000       0x28 network/netdev.o
 .note.GNU-stack
                0x00000000        0x0 network/route.o
 .note.gnu.property
                0x00000000       0x28 network/route.o
 .note.GNU-stack
                0x00000000        0x0 network/udp.o
 .note.gnu.property
                0x00000000       0x28 network/udp.o
 .note.GNU-stack
                0x00000000        0x0 network/tcp_data.o
 .note.gnu.property
                0x00000000       0x28 network/tcp_data.o
 .note.GNU-stack
                0x00000000        0x0 network/utils.o
 .note.gnu.property
                0x00000000       0x28 network/utils.o
 .note.GNU-stack
                0x00000000        0x0 hd/hd.o
 .note.gnu.property
                0x00000000       0x28 hd/hd.o
 .note.GNU-stack
                0x00000000        0x0 fs/fs_main.o
 .note.gnu.property
                0x00000000       0x28 fs/fs_main.o
 .note.GNU-stack
                0x00000000        0x0 mm/forkexit.o
 .note.gnu.property
                0x00000000       0x28 mm/forkexit.o
 .note.GNU-stack
                0x00000000        0x0 mm/exec.o
 .note.gnu.property
                0x00000000       0x28 mm/exec.o
 .note.GNU-stack
                0x00000000        0x0 mm/main.o
 .note.gnu.property
                0x00000000       0x28 mm/main.o
 .note.GNU-stack
                0x00000000        0x0 mem/mem.o
 .note.gnu.property
                0x00000000       0x28 mem/mem.o
 .note.GNU-stack
                0x00000000        0x0 lib/floor.o
 .note.gnu.property
                0x00000000       0x28 lib/floor.o
 .note.GNU-stack
                0x00000000        0x0 lib/exec.o
 .note.gnu.property
                0x00000000       0x28 lib/exec.o
 .note.GNU-stack
                0x00000000        0x0 lib/exit.o
 .note.gnu.property
                0x00000000       0x28 lib/exit.o
 .note.GNU-stack
                0x00000000        0x0 lib/unlink.o
 .note.gnu.property
                0x00000000       0x28 lib/unlink.o
 .note.GNU-stack
                0x00000000        0x0 lib/wait.o
 .note.gnu.property
                0x00000000       0x28 lib/wait.o
 .note.GNU-stack
                0x00000000        0x0 lib/calloc.o
 .note.gnu.property
                0x00000000       0x28 lib/calloc.o
 .note.GNU-stack
                0x00000000        0x0 lib/alloca.o
 .note.gnu.property
                0x00000000       0x28 lib/alloca.o
 .note.GNU-stack
                0x00000000        0x0 lib/fork.o
 .note.gnu.property
                0x00000000       0x28 lib/fork.o
 .note.GNU-stack
                0x00000000        0x0 lib/getpid.o
 .note.gnu.property
                0x00000000       0x28 lib/getpid.o
 .note.GNU-stack
                0x00000000        0x0 lib/string/strtok.o
 .note.gnu.property
                0x00000000       0x28 lib/string/strtok.o
 .note.GNU-stack
                0x00000000        0x0 lib/string/strcmp.o
 .note.gnu.property
                0x00000000       0x28 lib/string/strcmp.o
 .note.GNU-stack
                0x00000000        0x0 lib/string/strncmp.o
 .note.gnu.property
                0x00000000       0x28 lib/string/strncmp.o
 .note.GNU-stack
                0x00000000        0x0 lib/string/strpbrk.o
 .note.gnu.property
                0x00000000       0x28 lib/string/strpbrk.o
 .note.GNU-stack
                0x00000000        0x0 lib/stdio/read.o
 .note.gnu.property
                0x00000000       0x28 lib/stdio/read.o
 .note.GNU-stack
                0x00000000        0x0 lib/stdio/perror.o
 .note.gnu.property
                0x00000000       0x28 lib/stdio/perror.o
 .note.GNU-stack
                0x00000000        0x0 lib/stdio/sscanf.o
 .note.gnu.property
                0x00000000       0x28 lib/stdio/sscanf.o
 .note.GNU-stack
                0x00000000        0x0 lib/stdio/open.o
 .note.gnu.property
                0x00000000       0x28 lib/stdio/open.o
 .note.GNU-stack
                0x00000000        0x0 lib/stdio/write.o
 .note.gnu.property
                0x00000000       0x28 lib/stdio/write.o
 .note.GNU-stack
                0x00000000        0x0 lib/stdio/close.o
 .note.gnu.property
                0x00000000       0x28 lib/stdio/close.o
 .note.GNU-stack
                0x00000000        0x0 lib/arpa/ntohs.o
 .note.gnu.property
                0x00000000       0x28 lib/arpa/ntohs.o
 .note.GNU-stack
                0x00000000        0x0 lib/arpa/htonl.o
 .note.gnu.property
                0x00000000       0x28 lib/arpa/htonl.o
 .note.GNU-stack
                0x00000000        0x0 lib/arpa/htons.o
 .note.gnu.property
                0x00000000       0x28 lib/arpa/htons.o
 .note.GNU-stack
                0x00000000        0x0 lib/arpa/inet_pton.o
 .note.gnu.property
                0x00000000       0x28 lib/arpa/inet_pton.o
 .note.GNU-stack
                0x00000000        0x0 lib/arpa/ntohl.o
 .note.gnu.property
                0x00000000       0x28 lib/arpa/ntohl.o
 .note.GNU-stack
                0x00000000        0x0 lib/arpa/inet_ntop.o
 .note.gnu.property
                0x00000000       0x28 lib/arpa/inet_ntop.o

Memory Configuration

Name             Origin             Length             Attributes
*default*        0x00000000         0xffffffff

Linker script and memory map

Address of section .text set to 0xc0600000
LOAD kernel/kernel_sub.o
LOAD kernel/kernel.o
LOAD switch_to.o
LOAD string.o
LOAD syscall.o
LOAD hd/hd_rdwt.o
LOAD network/ne2000.o
LOAD double_link_list.o
LOAD global.o
LOAD kernel_main.o
LOAD console.o
LOAD protect.o
LOAD kernel_main_old.o
LOAD keyboard.o
LOAD process.o
LOAD thread.o
LOAD my_process.o
LOAD network/socket.o
LOAD network/ip_input.o
LOAD network/udp_sock.o
LOAD network/dst.o
LOAD network/ip_output.o
LOAD network/tcp.o
LOAD network/sock.o
LOAD network/tcp_output.o
LOAD network/arp.o
LOAD network/tcp_sock.o
LOAD network/ipc.o
LOAD network/icmpv4.o
LOAD network/skbuff.o
LOAD network/inet.o
LOAD network/tcp_input.o
LOAD network/task_network.o
LOAD network/netdev.o
LOAD network/route.o
LOAD network/udp.o
LOAD network/tcp_data.o
LOAD network/utils.o
LOAD hd/hd.o
LOAD fs/fs_main.o
LOAD mm/forkexit.o
LOAD mm/exec.o
LOAD mm/main.o
LOAD mem/mem.o
LOAD lib/floor.o
LOAD lib/exec.o
LOAD lib/exit.o
LOAD lib/unlink.o
LOAD lib/wait.o
LOAD lib/calloc.o
LOAD lib/alloca.o
LOAD lib/fork.o
LOAD lib/getpid.o
LOAD lib/string/strtok.o
LOAD lib/string/strcmp.o
LOAD lib/string/strncmp.o
LOAD lib/string/strpbrk.o
LOAD lib/stdio/read.o
LOAD lib/stdio/perror.o
LOAD lib/stdio/sscanf.o
LOAD lib/stdio/open.o
LOAD lib/stdio/write.o
LOAD lib/stdio/close.o
LOAD lib/arpa/ntohs.o
LOAD lib/arpa/htonl.o
LOAD lib/arpa/htons.o
LOAD lib/arpa/inet_pton.o
LOAD lib/arpa/ntohl.o
LOAD lib/arpa/inet_ntop.o
                [!provide]                        PROVIDE (__executable_start = SEGMENT_START ("text-segment", 0x8048000))
                0x080480d4                        . = (SEGMENT_START ("text-segment", 0x8048000) + SIZEOF_HEADERS)

.interp
 *(.interp)

.note.gnu.build-id
 *(.note.gnu.build-id)

.hash
 *(.hash)

.gnu.hash
 *(.gnu.hash)

.dynsym
 *(.dynsym)

.dynstr
 *(.dynstr)

.gnu.version
 *(.gnu.version)

.gnu.version_d
 *(.gnu.version_d)

.gnu.version_r
 *(.gnu.version_r)

.rel.dyn        0x080480d4        0x0
 *(.rel.init)
 *(.rel.text .rel.text.* .rel.gnu.linkonce.t.*)
 .rel.text      0x080480d4        0x0 kernel/kernel_sub.o
 *(.rel.fini)
 *(.rel.rodata .rel.rodata.* .rel.gnu.linkonce.r.*)
 *(.rel.data.rel.ro .rel.data.rel.ro.* .rel.gnu.linkonce.d.rel.ro.*)
 *(.rel.data .rel.data.* .rel.gnu.linkonce.d.*)
 *(.rel.tdata .rel.tdata.* .rel.gnu.linkonce.td.*)
 *(.rel.tbss .rel.tbss.* .rel.gnu.linkonce.tb.*)
 *(.rel.ctors)
 *(.rel.dtors)
 *(.rel.got)
 .rel.got       0x080480d4        0x0 kernel/kernel_sub.o
 *(.rel.bss .rel.bss.* .rel.gnu.linkonce.b.*)
 *(.rel.ifunc)

.rel.plt        0x080480d4        0x0
 *(.rel.plt)
                [!provide]                        PROVIDE (__rel_iplt_start = .)
 *(.rel.iplt)
 .rel.iplt      0x080480d4        0x0 kernel/kernel_sub.o
                [!provide]                        PROVIDE (__rel_iplt_end = .)

.relr.dyn
 *(.relr.dyn)
                0x08049000                        . = ALIGN (CONSTANT (MAXPAGESIZE))

.init
 *(SORT_NONE(.init))

.plt            0x08049000        0x0
 *(.plt)
 *(.iplt)
 .iplt          0x08049000        0x0 kernel/kernel_sub.o

.plt.got
 *(.plt.got)

.plt.sec
 *(.plt.sec)

.text           0xc0600000    0x11d51
 *(.text.unlikely .text.*_unlikely .text.unlikely.*)
 *(.text.exit .text.exit.*)
 *(.text.startup .text.startup.*)
 *(.text.hot .text.hot.*)
 *(SORT_BY_NAME(.text.sorted.*))
 *(.text .stub .text.* .gnu.linkonce.t.*)
 .text          0xc0600000       0x74 kernel/kernel_sub.o
                0xc0600000                _start
 *fill*         0xc0600074        0xc 
 .text          0xc0600080      0x3d7 kernel/kernel.o
                0xc0600080                InterruptTest
                0xc060008c                disp_str_len
                0xc06000d9                disp_str
                0xc0600114                disp_str_colour
                0xc0600150                divide_zero_fault
                0xc0600156                single_step_fault
                0xc060015c                non_maskable_interrupt
                0xc0600162                breakpoint_trap
                0xc0600168                overflow_trap
                0xc060016e                bound_range_exceeded_fault
                0xc0600174                invalid_opcode_fault
                0xc060017a                coprocessor_not_available_fault
                0xc0600180                double_fault_exception_abort
                0xc0600184                coprocessor_segment_overrun
                0xc060018a                invalid_task_state_segment_fault
                0xc060018e                segment_not_present_fault
                0xc0600192                stack_exception_fault
                0xc0600196                general_protection_exception_fault
                0xc06001a1                page_fault
                0xc06001a5                coprocessor_error_fault
                0xc06001ab                align_check_fault
                0xc06001af                simd_float_exception_fault
                0xc06001be                hwint0
                0xc06001ee                hwint1
                0xc0600231                hwint14
                0xc0600277                hwint10
                0xc06002ba                sys_call
                0xc0600300                fork_restart
                0xc060030f                restart
                0xc0600332                in_byte
                0xc060033e                out_byte
                0xc0600360                disable_int
                0xc0600362                enable_int
                0xc06003f8                enable_8259A_casecade_irq
                0xc0600402                disable_8259A_casecade_irq
                0xc060040c                enable_8259A_slave_winchester_irq
                0xc0600416                disable_8259A_slave_winchester_irq
                0xc0600420                update_cr3
                0xc060042d                update_tss
                0xc060043c                get_running_thread_pcb
                0xc0600444                sys_call_test
                0xc0600447                enable_8259A_slave_net_irq
 *fill*         0xc0600457        0x9 
 .text          0xc0600460       0x15 switch_to.o
                0xc0600460                switch_to
 *fill*         0xc0600475        0xb 
 .text          0xc0600480       0x69 syscall.o
                0xc0600480                write_debug
                0xc0600490                send_msg
                0xc06004a6                receive_msg
                0xc06004bc                sys_malloc
                0xc06004d1                sys_free
 *fill*         0xc06004e9        0x7 
 .text          0xc06004f0      0x25b network/ne2000.o
                0xc0600513                DriverInitialize
                0xc060059d                SetPageStart
                0xc06005c5                DriverSend
                0xc060063a                PCtoNIC
                0xc06006a8                get_interrupt_status
                0xc06006be                set_interrupt_status
                0xc06006d7                get_curr_page
                0xc06006f4                NICtoPC
 .text          0xc060074b      0x329 double_link_list.o
                0xc060074b                initDoubleLinkList
                0xc0600779                isListEmpty
                0xc060079a                findElementInList
                0xc0600876                appendToDoubleLinkList
                0xc060095d                insertToDoubleLinkList
                0xc06009e0                popFromDoubleLinkList
 .text          0xc0600a74        0x0 global.o
 .text          0xc0600a74      0x3fb kernel_main.o
                0xc0600a74                kernel_main
                0xc0600c3a                init
                0xc0600cef                kernel_thread_a
                0xc0600d3c                kernel_thread_b
                0xc0600d89                kernel_thread_c
                0xc0600d9f                kernel_thread_d
                0xc0600db5                user_proc_a
                0xc0600e57                user_proc_b
 .text          0xc0600e6f      0xaca console.o
                0xc0600e6f                select_console
                0xc0600eab                flush
                0xc0600ee4                set_cursor
                0xc0600f42                set_console_start_video_addr
                0xc0600fa0                put_key
                0xc060100c                scroll_up
                0xc060104e                scroll_down
                0xc06010b9                out_char
                0xc0601276                tty_dev_read
                0xc06012a0                tty_dev_write
                0xc06014cd                tty_do_read
                0xc0601595                tty_do_write
                0xc06016f8                init_screen
                0xc0601781                init_tty
                0xc0601836                TaskTTY
 .text          0xc0601939      0x3b3 protect.o
                0xc0601939                InitDescriptor
                0xc06019a6                Seg2PhyAddr
                0xc06019e7                Seg2PhyAddrLDT
                0xc0601a2b                VirAddr2PhyAddr
                0xc0601a41                v2l
                0xc0601a84                init_propt
                0xc0601c05                InitInterruptDesc
                0xc0601c61                ReloadGDT
 .text          0xc0601cec     0x2d79 kernel_main_old.o
                0xc0601cec                stop_here
                0xc0601d30                catch_error
                0xc0601d4d                intr_enable
                0xc0601d76                intr_disable
                0xc0601d9f                intr_set_status
                0xc0601dbd                intr_get_status
                0xc0601dda                Memcpy
                0xc0601e0d                untar
                0xc0602122                atoi
                0xc06021c8                disp_int
                0xc06021f1                do_page_fault
                0xc060232e                exception_handler
                0xc0602515                init_internal_interrupt
                0xc060268a                spurious_irq
                0xc0602718                init_keyboard
                0xc060275b                TestTTY
                0xc06027fa                TestReadReturnValue
                0xc0602877                TestWriteReturnValue
                0xc060294b                TestFS2
                0xc0602959                TestFS
                0xc0602dfb                wait_exit
                0xc0602ef9                INIT_fork
                0xc06031f1                simple_shell
                0xc0603378                test_shell
                0xc06033e0                test_exec
                0xc0603520                INIT
                0xc060352d                TestA
                0xc0603562                delay
                0xc06035a6                TestB
                0xc06035be                TestC
                0xc06035f1                sys_get_ticks
                0xc0603601                sys_write
                0xc0603655                milli_delay
                0xc0603691                TaskSys
                0xc0603696                Printf
                0xc06036f4                sprintf
                0xc0603720                vsprintf
                0xc06038cc                printx
                0xc060390f                sys_printx
                0xc06039db                spin
                0xc0603a01                panic
                0xc0603a1f                assertion_failure
                0xc0603a91                assertion_failure2
                0xc0603b06                dead_lock
                0xc0603b10                sys_send_msg
                0xc060402f                sys_receive_msg
                0xc060468f                send_rec
                0xc060478a                block
                0xc06047c6                unblock
                0xc0604816                get_ticks_ipc
                0xc060486d                itoa
                0xc06048c3                i2a
                0xc0604929                inform_int
                0xc06049f6                deprecate_strcmp
 .text          0xc0604a65      0x40f keyboard.o
                0xc0604a65                keyboard_handler
                0xc0604ae9                read_from_keyboard_buf
                0xc0604b4f                keyboard_read
                0xc0604cce                init_keyboard_handler
                0xc0604ce2                in_process
 .text          0xc0604e74      0x21b process.o
                0xc0604e74                schedule_process
                0xc0604f81                clock_handler
                0xc0604ff2                pid2proc
                0xc0605078                proc2pid
 .text          0xc060508f      0x1b2 thread.o
                0xc060508f                kernel_thread
                0xc06050a7                thread_init
                0xc0605154                thread_create
                0xc0605189                thread_start
 .text          0xc0605241      0x730 my_process.o
                0xc0605241                create_user_process_address_space
                0xc06052d1                user_process
                0xc06053fe                clone_pcb
                0xc0605570                build_body_stack
                0xc06056a3                build_process_kernel_stack
                0xc0605766                fork_process
                0xc06057f7                process_execute
 .text          0xc0605971      0x66c network/socket.o
                0xc0605a21                test
                0xc0605a7d                socket_debug
                0xc0605ade                free_socket
                0xc0605b9a                _socket
                0xc0605c59                _bind
                0xc0605cac                _connect
                0xc0605cfe                _write
                0xc0605d55                _read
                0xc0605dac                _recvfrom
                0xc0605ded                _sendto
                0xc0605e44                _close
                0xc0605ec3                _listen
                0xc0605f29                _accept
 .text          0xc0605fdd      0x2da network/ip_input.o
                0xc0606167                ip_rcv
 .text          0xc06062b7      0x8bc network/udp_sock.o
                0xc06064e4                udp_lookup_sock
                0xc060652b                udp_init
                0xc060655c                udp_close
                0xc0606582                udp_sock_init
                0xc060658c                udp_recvfrom
                0xc0606625                udp_connect
                0xc06066fe                udp_write
                0xc060672a                udp_alloc_skb
                0xc0606774                udp_sendto
                0xc0606868                udp_send
                0xc06069a6                udp_alloc_sock
                0xc06069e7                udp_free_sock
                0xc0606a0b                udp_read
 .text          0xc0606b73       0xd8 network/dst.o
                0xc0606b81                dst_neigh_output
 .text          0xc0606c4b      0x1d3 network/ip_output.o
                0xc0606c59                ip_output
 .text          0xc0606e1e      0x448 network/tcp.o
                0xc0607013                tcp_in
                0xc06070c7                tcp_checksum
                0xc06070f3                __tcp_set_state
                0xc0607102                tcp_generate_port
                0xc060714b                tcp_generate_isn
                0xc0607155                tcp_done
                0xc060717e                tcp_clear_timers
                0xc060718d                tcp_stop_retransmission_timer
                0xc06071a6                tcp_release_retransmission_timer
                0xc06071bf                tcp_stop_delack_timer
                0xc06071d2                tcp_release_delack_timer
                0xc06071e5                tcp_handle_fin_state
                0xc060724a                tcp_enter_time_wait
 .text          0xc0607266      0x203 network/sock.o
                0xc0607398                sk_alloc
                0xc06073bf                sk_init
                0xc0607413                sk_init_with_socket
                0xc060743c                sk_free
 .text          0xc0607469      0xbb9 network/tcp_output.o
                0xc060792a                tcp_send_synack
                0xc06079cd                tcp_send_delack
                0xc0607a08                tcp_send_ack
                0xc0607b54                tcp_send_fin
                0xc0607bc9                tcp_select_initial_window
                0xc0607d7b                tcp_reset_retransmission_timer
                0xc0607d98                tcp_begin_connect
                0xc0607e42                tcp_send
                0xc0607f27                tcp_send_reset
                0xc0607fa7                tcp_queue_fin
 .text          0xc0608022      0x6dc network/arp.o
                0xc06081ef                arp_init
                0xc06081f5                arp_rcv
                0xc06083a7                arp_request
                0xc0608511                arp_reply
                0xc0608661                arp_get_hwaddr
                0xc06086ad                free_arp
 .text          0xc06086fe      0xa16 network/tcp_sock.o
                0xc06089ac                tcp_established_or_syn_recvd_socks_enqueue
                0xc06089c3                tcp_established_or_syn_recvd_socks_remove
                0xc06089d5                tcp_connecting_or_listening_socks_enqueue
                0xc06089ec                tcp_connecting_or_listening_socks_remove
                0xc06089fe                tcp_alloc_sock
                0xc0608b14                tcp_free_sock
                0xc0608b8d                tcp_init
                0xc0608b97                tcp_sock_init
                0xc0608c3a                tcp_write
                0xc0608c7b                tcp_read
                0xc0608d2e                tcp_close
                0xc0608dec                tcp_recv_notify
                0xc0608e17                tcp_v4_connect
                0xc0609067                tcp_lookup_sock
 .text          0xc0609114      0xcf0 network/ipc.o
                0xc0609ca0                ipc_close
                0xc0609cf1                demux_ipc_socket_call
 .text          0xc0609e04      0x234 network/icmpv4.o
                0xc0609e12                icmpv4_incoming
                0xc0609e86                icmpv4_reply
                0xc0609f5f                icmpv4_timestamp
 .text          0xc060a038      0x12e network/skbuff.o
                0xc060a051                alloc_skb
                0xc060a0e2                free_skb
                0xc060a0e8                skb_reserve
                0xc060a104                skb_push
                0xc060a133                skb_head
                0xc060a13e                skb_reset_header
 .text          0xc060a166      0x429 network/inet.o
                0xc060a166                inet_create
                0xc060a216                inet_socket
                0xc060a220                inet_connect
                0xc060a274                inet_write
                0xc060a2a0                inet_read
                0xc060a2cc                inet_close
                0xc060a31b                inet_free
                0xc060a351                inet_bind
                0xc060a45a                inet_listen
                0xc060a4a3                inet_accept
                0xc060a54e                inet_sendto
                0xc060a579                inet_recvfrom
 .text          0xc060a58f      0xb6f network/tcp_input.o
                0xc060ac76                tcp_process
                0xc060b03c                tcp_receive
 .text          0xc060b0fe       0x98 network/task_network.o
                0xc060b0fe                task_network
                0xc060b17e                task_netdev_rx
 .text          0xc060b196      0x37e network/netdev.o
                0xc060b2a8                netdev_init
                0xc060b2ef                netdev_transmit
                0xc060b41f                netdev_rx_loop
                0xc060b48f                netdev_get
                0xc060b4ac                free_netdev
                0xc060b4d7                local_ipaddress
 .text          0xc060b514      0x295 network/route.o
                0xc060b641                route_add
                0xc060b686                route_init
                0xc060b70d                route_lookup
                0xc060b758                free_routes
 .text          0xc060b7a9      0x3e0 network/udp.o
                0xc060b8b4                udp_generate_port
                0xc060b8fd                udp_checksum
                0xc060b9cb                udp_in
                0xc060ba5c                udp_data_dequeue
                0xc060bb64                udp_data_enqueue
 .text          0xc060bb89      0x54a network/tcp_data.o
                0xc060be74                tcp_data_dequeue
                0xc060bfa1                tcp_data_queue
 .text          0xc060c0d3      0x1e7 network/utils.o
                0xc060c0d3                run_cmd
                0xc060c0e0                print_err
                0xc060c0f7                parse_ipv4_string
                0xc060c156                ip_pton
                0xc060c19e                sum_every_16bits
                0xc060c1f5                checksum
                0xc060c236                tcp_udp_checksum
 .text          0xc060c2ba      0xe63 hd/hd.o
                0xc060c2ba                TaskHD
                0xc060c2ff                init_hd
                0xc060c319                hd_handle
                0xc060c41e                hd_cmd_out
                0xc060c520                hd_identify
                0xc060c5d7                print_hdinfo
                0xc060c765                print_dpt_entry
                0xc060c7d1                get_partition_table
                0xc060c8b0                partition
                0xc060caca                hd_open
                0xc060cb71                get_hd_ioctl
                0xc060cc22                wait_for
                0xc060cc53                interrupt_wait
                0xc060cca3                hd_rdwt
                0xc060cf42                hd_handler
                0xc060cf6e                debug_ticks
                0xc060cfac                net_handler
                0xc060cfb4                waitfor
                0xc060cff8                print_hd_info
                0xc060d0e5                is_empty
 .text          0xc060d11d     0x204f fs/fs_main.o
                0xc060d11d                task_fs
                0xc060d328                rd_wt
                0xc060d401                mkfs
                0xc060d9e3                init_fs
                0xc060da37                do_open
                0xc060dc26                search_file
                0xc060dd58                strip_path
                0xc060de24                get_inode
                0xc060dfe6                create_file
                0xc060e0f1                alloc_imap_bit
                0xc060e1ee                alloc_smap_bit
                0xc060e38f                new_inode
                0xc060e4ad                new_dir_entry
                0xc060e6b9                do_unlink
                0xc060eb95                do_rdwt
                0xc060ef20                sync_inode
                0xc060f074                put_inode
                0xc060f0b2                do_close
                0xc060f104                get_super_block
 .text          0xc060f16c      0x271 mm/forkexit.o
                0xc060f16c                do_fork
                0xc060f1da                do_exit
                0xc060f264                do_wait
                0xc060f383                cleanup
 .text          0xc060f3dd      0x419 mm/exec.o
                0xc060f3dd                do_exec
 .text          0xc060f7f6      0x148 mm/main.o
                0xc060f7f6                TaskMM
                0xc060f91f                alloc_mem
 .text          0xc060f93e     0x126c mem/mem.o
                0xc060f93e                init_bitmap
                0xc060f961                test_bit_val
                0xc060f9ca                set_bit_val
                0xc060fa45                set_bits
                0xc060fa7f                get_first_free_bit
                0xc060fac3                get_bits
                0xc060fb8b                get_a_page
                0xc060fc3f                get_virtual_address_start_with_addr
                0xc060fcd9                get_virtual_address
                0xc060fd69                ptr_pde
                0xc060fd7c                ptr_pte
                0xc060fda3                add_map_entry
                0xc060fe34                alloc_virtual_memory
                0xc060ff07                get_physical_address_proc
                0xc060ff83                get_physical_address
                0xc060ffb5                alloc_physical_memory_of_proc
                0xc06100a4                alloc_physical_memory
                0xc061016c                alloc_memory
                0xc06101ce                get_a_virtual_page
                0xc0610206                block2arena
                0xc061021c                sys_malloc2
                0xc06104d2                remove_map_entry
                0xc06104f3                free_a_page
                0xc061059a                sys_free2
                0xc0610722                init_memory_block_desc
                0xc06107f3                init_memory2
                0xc0610a6a                init_memory
 .text          0xc0610baa       0x49 lib/floor.o
                0xc0610baa                floor
 .text          0xc0610bf3      0x285 lib/exec.o
                0xc0610bf3                exec
                0xc0610c64                execv
                0xc0610e53                execl
 .text          0xc0610e78       0x2f lib/exit.o
                0xc0610e78                exit
 .text          0xc0610ea7       0x42 lib/unlink.o
                0xc0610ea7                unlink
 .text          0xc0610ee9       0x44 lib/wait.o
                0xc0610ee9                wait
 .text          0xc0610f2d       0x46 lib/calloc.o
                0xc0610f2d                calloc
 .text          0xc0610f73       0x4f lib/alloca.o
                0xc0610f73                alloca
 .text          0xc0610fc2       0x48 lib/fork.o
                0xc0610fc2                fork
 .text          0xc061100a       0x2b lib/getpid.o
                0xc061100a                getpid
 .text          0xc0611035       0x85 lib/string/strtok.o
                0xc0611035                strtok
 .text          0xc06110ba       0x8e lib/string/strcmp.o
                0xc06110ba                strcmp
 .text          0xc0611148       0xd4 lib/string/strncmp.o
                0xc0611148                strncmp
 .text          0xc061121c       0x90 lib/string/strpbrk.o
                0xc061121c                strpbrk
 .text          0xc06112ac      0x181 lib/stdio/read.o
                0xc06112ac                read
 .text          0xc061142d       0x17 lib/stdio/perror.o
                0xc061142d                perror
 .text          0xc0611444      0x2c1 lib/stdio/sscanf.o
                0xc0611444                sscanf
 .text          0xc0611705       0x95 lib/stdio/open.o
                0xc0611705                open
 .text          0xc061179a       0x85 lib/stdio/write.o
                0xc061179a                write
 .text          0xc061181f       0x52 lib/stdio/close.o
                0xc061181f                close
 .text          0xc0611871       0x38 lib/arpa/ntohs.o
                0xc0611871                ntohs
 .text          0xc06118a9       0x7c lib/arpa/htonl.o
                0xc06118a9                htonl
 .text          0xc0611925       0x38 lib/arpa/htons.o
                0xc0611925                htons
 .text          0xc061195d      0x295 lib/arpa/inet_pton.o
                0xc061195d                isValidIPv4
                0xc0611ae7                inet_pton
 .text          0xc0611bf2       0x7c lib/arpa/ntohl.o
                0xc0611bf2                ntohl
 .text          0xc0611c6e       0xe3 lib/arpa/inet_ntop.o
                0xc0611c6e                inet_ntop
 *(.gnu.warning)

.fini
 *(SORT_NONE(.fini))
                [!provide]                        PROVIDE (__etext = .)
                [!provide]                        PROVIDE (_etext = .)
                [!provide]                        PROVIDE (etext = .)
                0xc0612000                        . = ALIGN (CONSTANT (MAXPAGESIZE))
                0xc0612000                        . = SEGMENT_START ("rodata-segment", (ALIGN (CONSTANT (MAXPAGESIZE)) + (. & (CONSTANT (MAXPAGESIZE) - 0x1))))

.rodata         0xc0612000     0x1b73
 *(.rodata .rodata.* .gnu.linkonce.r.*)
 .rodata        0xc0612000       0x2c double_link_list.o
 .rodata        0xc061202c      0x188 kernel_main.o
 .rodata        0xc06121b4       0x22 console.o
 *fill*         0xc06121d6        0xa 
 .rodata        0xc06121e0      0xb75 kernel_main_old.o
 .rodata        0xc0612d55       0x26 process.o
 *fill*         0xc0612d7b        0x1 
 .rodata        0xc0612d7c      0x23d network/socket.o
 *fill*         0xc0612fb9        0x3 
 .rodata        0xc0612fbc       0xb5 network/ip_input.o
 *fill*         0xc0613071        0x3 
 .rodata        0xc0613074       0x2d network/udp_sock.o
 .rodata        0xc06130a1        0x9 network/dst.o
 .rodata        0xc06130aa        0x9 network/ip_output.o
 *fill*         0xc06130b3        0x1 
 .rodata        0xc06130b4       0x31 network/tcp.o
 .rodata        0xc06130e5        0x9 network/sock.o
 *fill*         0xc06130ee        0x2 
 .rodata        0xc06130f0       0xc3 network/tcp_output.o
 *fill*         0xc06131b3        0x1 
 .rodata        0xc06131b4       0x9c network/arp.o
 .rodata        0xc0613250       0xe8 network/tcp_sock.o
 .rodata        0xc0613338      0x160 network/ipc.o
 .rodata        0xc0613498       0x32 network/icmpv4.o
 .rodata        0xc06134ca        0x9 network/skbuff.o
 *fill*         0xc06134d3        0x1 
 .rodata        0xc06134d4       0x48 network/inet.o
 .rodata        0xc061351c       0x60 network/tcp_input.o
 .rodata        0xc061357c       0x3d network/task_network.o
 *fill*         0xc06135b9        0x3 
 .rodata        0xc06135bc       0xa9 network/netdev.o
 *fill*         0xc0613665        0x3 
 .rodata        0xc0613668       0x37 network/route.o
 .rodata        0xc061369f        0x9 network/udp.o
 .rodata        0xc06136a8       0x1e network/tcp_data.o
 *fill*         0xc06136c6        0x2 
 .rodata        0xc06136c8       0x41 network/utils.o
 *fill*         0xc0613709        0x3 
 .rodata        0xc061370c      0x19c hd/hd.o
 .rodata        0xc06138a8      0x1eb fs/fs_main.o
                0xc06138a8                FSBUF_SIZE
 .rodata        0xc0613a93       0x21 mm/forkexit.o
 .rodata        0xc0613ab4       0x10 mm/exec.o
 .rodata        0xc0613ac4       0x11 mm/main.o
 .rodata        0xc0613ad5       0x41 mem/mem.o
 .rodata        0xc0613b16       0x2d lib/exec.o
 .rodata        0xc0613b43       0x2a lib/stdio/close.o
 .rodata        0xc0613b6d        0x3 lib/arpa/inet_pton.o
 .rodata        0xc0613b70        0x3 lib/arpa/inet_ntop.o

.txt            0xc0613b73       0xaa
 .txt           0xc0613b73       0x82 string.o
                0xc0613b73                Memcpy2
                0xc0613ba1                Memset
                0xc0613bc0                Strcpy
                0xc0613bda                Strlen
 .txt           0xc0613bf5       0x28 hd/hd_rdwt.o
                0xc0613bf5                read_port
                0xc0613c09                write_port

.rodata1
 *(.rodata1)

.eh_frame_hdr
 *(.eh_frame_hdr)
 *(.eh_frame_entry .eh_frame_entry.*)

.eh_frame       0xc0613c20     0x40bc
 *(.eh_frame)
 .eh_frame      0xc0613c20       0xd8 double_link_list.o
 .eh_frame      0xc0613cf8       0xe4 kernel_main.o
                                 0xfc (size before relaxing)
 .eh_frame      0xc0613ddc      0x1e0 console.o
                                0x1f8 (size before relaxing)
 .eh_frame      0xc0613fbc      0x100 protect.o
                                0x118 (size before relaxing)
 .eh_frame      0xc06140bc      0x6cc kernel_main_old.o
                                0x6e4 (size before relaxing)
 .eh_frame      0xc0614788       0xa0 keyboard.o
                                 0xb8 (size before relaxing)
 .eh_frame      0xc0614828       0x80 process.o
                                 0x98 (size before relaxing)
 .eh_frame      0xc06148a8       0x80 thread.o
                                 0x98 (size before relaxing)
 .eh_frame      0xc0614928       0xe0 my_process.o
                                 0xf8 (size before relaxing)
 .eh_frame      0xc0614a08      0x2a0 network/socket.o
                                0x2b8 (size before relaxing)
 .eh_frame      0xc0614ca8      0x104 network/ip_input.o
                                0x11c (size before relaxing)
 .eh_frame      0xc0614dac      0x404 network/udp_sock.o
                                0x41c (size before relaxing)
 .eh_frame      0xc06151b0       0x40 network/dst.o
                                 0x58 (size before relaxing)
 .eh_frame      0xc06151f0       0x40 network/ip_output.o
                                 0x58 (size before relaxing)
 .eh_frame      0xc0615230      0x268 network/tcp.o
                                0x280 (size before relaxing)
 .eh_frame      0xc0615498      0x1a0 network/sock.o
                                0x1b8 (size before relaxing)
 .eh_frame      0xc0615638      0x3c4 network/tcp_output.o
                                0x3dc (size before relaxing)
 .eh_frame      0xc06159fc      0x1c0 network/arp.o
                                0x1d8 (size before relaxing)
 .eh_frame      0xc0615bbc      0x4c0 network/tcp_sock.o
                                0x4d8 (size before relaxing)
 .eh_frame      0xc061607c      0x250 network/ipc.o
                                0x268 (size before relaxing)
 .eh_frame      0xc06162cc       0x80 network/icmpv4.o
                                 0x98 (size before relaxing)
 .eh_frame      0xc061634c       0xe0 network/skbuff.o
                                 0xf8 (size before relaxing)
 .eh_frame      0xc061642c      0x180 network/inet.o
                                0x198 (size before relaxing)
 .eh_frame      0xc06165ac      0x300 network/tcp_input.o
                                0x318 (size before relaxing)
 .eh_frame      0xc06168ac       0x38 network/task_network.o
                                 0x50 (size before relaxing)
 .eh_frame      0xc06168e4      0x14c network/netdev.o
                                0x164 (size before relaxing)
 .eh_frame      0xc0616a30      0x124 network/route.o
                                0x13c (size before relaxing)
 .eh_frame      0xc0616b54      0x1e4 network/udp.o
                                0x1fc (size before relaxing)
 .eh_frame      0xc0616d38      0x200 network/tcp_data.o
                                0x218 (size before relaxing)
 .eh_frame      0xc0616f38       0xe4 network/utils.o
                                 0xfc (size before relaxing)
 .eh_frame      0xc061701c      0x284 hd/hd.o
                                0x29c (size before relaxing)
 .eh_frame      0xc06172a0      0x27c fs/fs_main.o
                                0x294 (size before relaxing)
 .eh_frame      0xc061751c       0x80 mm/forkexit.o
                                 0x98 (size before relaxing)
 .eh_frame      0xc061759c       0x20 mm/exec.o
                                 0x38 (size before relaxing)
 .eh_frame      0xc06175bc       0x3c mm/main.o
                                 0x54 (size before relaxing)
 .eh_frame      0xc06175f8      0x364 mem/mem.o
                                0x37c (size before relaxing)
 .eh_frame      0xc061795c       0x20 lib/floor.o
                                 0x38 (size before relaxing)
 .eh_frame      0xc061797c       0x60 lib/exec.o
                                 0x78 (size before relaxing)
 .eh_frame      0xc06179dc       0x20 lib/exit.o
                                 0x38 (size before relaxing)
 .eh_frame      0xc06179fc       0x20 lib/unlink.o
                                 0x38 (size before relaxing)
 .eh_frame      0xc0617a1c       0x20 lib/wait.o
                                 0x38 (size before relaxing)
 .eh_frame      0xc0617a3c       0x20 lib/calloc.o
                                 0x38 (size before relaxing)
 .eh_frame      0xc0617a5c       0x20 lib/alloca.o
                                 0x38 (size before relaxing)
 .eh_frame      0xc0617a7c       0x20 lib/fork.o
                                 0x38 (size before relaxing)
 .eh_frame      0xc0617a9c       0x20 lib/getpid.o
                                 0x38 (size before relaxing)
 .eh_frame      0xc0617abc       0x20 lib/string/strtok.o
                                 0x38 (size before relaxing)
 .eh_frame      0xc0617adc       0x20 lib/string/strcmp.o
                                 0x38 (size before relaxing)
 .eh_frame      0xc0617afc       0x20 lib/string/strncmp.o
                                 0x38 (size before relaxing)
 .eh_frame      0xc0617b1c       0x20 lib/string/strpbrk.o
                                 0x38 (size before relaxing)
 .eh_frame      0xc0617b3c       0x20 lib/stdio/read.o
                                 0x38 (size before relaxing)
 .eh_frame      0xc0617b5c       0x20 lib/stdio/perror.o
                                 0x38 (size before relaxing)
 .eh_frame      0xc0617b7c       0x20 lib/stdio/sscanf.o
                                 0x38 (size before relaxing)
 .eh_frame      0xc0617b9c       0x20 lib/stdio/open.o
                                 0x38 (size before relaxing)
 .eh_frame      0xc0617bbc       0x20 lib/stdio/write.o
                                 0x38 (size before relaxing)
 .eh_frame      0xc0617bdc       0x20 lib/stdio/close.o
                                 0x38 (size before relaxing)
 .eh_frame      0xc0617bfc       0x20 lib/arpa/ntohs.o
                                 0x38 (size before relaxing)
 .eh_frame      0xc0617c1c       0x20 lib/arpa/htonl.o
                                 0x38 (size before relaxing)
 .eh_frame      0xc0617c3c       0x20 lib/arpa/htons.o
                                 0x38 (size before relaxing)
 .eh_frame      0xc0617c5c       0x40 lib/arpa/inet_pton.o
                                 0x58 (size before relaxing)
 .eh_frame      0xc0617c9c       0x20 lib/arpa/ntohl.o
                                 0x38 (size before relaxing)
 .eh_frame      0xc0617cbc       0x20 lib/arpa/inet_ntop.o
                                 0x38 (size before relaxing)
 *(.eh_frame.*)

.sframe
 *(.sframe)
 *(.sframe.*)

.gcc_except_table
 *(.gcc_except_table .gcc_except_table.*)

.gnu_extab
 *(.gnu_extab*)

.exception_ranges
 *(.exception_ranges*)
                0xc0618000                        . = DATA_SEGMENT_ALIGN (CONSTANT (MAXPAGESIZE), CONSTANT (COMMONPAGESIZE))

.eh_frame
 *(.eh_frame)
 *(.eh_frame.*)

.sframe
 *(.sframe)
 *(.sframe.*)

.gnu_extab
 *(.gnu_extab)

.gcc_except_table
 *(.gcc_except_table .gcc_except_table.*)

.exception_ranges
 *(.exception_ranges*)

.tdata          0xc0618000        0x0
                [!provide]                        PROVIDE (__tdata_start = .)
 *(.tdata .tdata.* .gnu.linkonce.td.*)

.tbss
 *(.tbss .tbss.* .gnu.linkonce.tb.*)
 *(.tcommon)

.preinit_array  0xc0618000        0x0
                [!provide]                        PROVIDE (__preinit_array_start = .)
 *(.preinit_array)
                [!provide]                        PROVIDE (__preinit_array_end = .)

.init_array     0xc0618000        0x0
                [!provide]                        PROVIDE (__init_array_start = .)
 *(SORT_BY_INIT_PRIORITY(.init_array.*) SORT_BY_INIT_PRIORITY(.ctors.*))
 *(.init_array EXCLUDE_FILE(*crtend?.o *crtend.o *crtbegin?.o *crtbegin.o) .ctors)
                [!provide]                        PROVIDE (__init_array_end = .)

.fini_array     0xc0618000        0x0
                [!provide]                        PROVIDE (__fini_array_start = .)
 *(SORT_BY_INIT_PRIORITY(.fini_array.*) SORT_BY_INIT_PRIORITY(.dtors.*))
 *(.fini_array EXCLUDE_FILE(*crtend?.o *crtend.o *crtbegin?.o *crtbegin.o) .dtors)
                [!provide]                        PROVIDE (__fini_array_end = .)

.ctors
 *crtbegin.o(.ctors)
 *crtbegin?.o(.ctors)
 *(EXCLUDE_FILE(*crtend?.o *crtend.o) .ctors)
 *(SORT_BY_NAME(.ctors.*))
 *(.ctors)

.dtors
 *crtbegin.o(.dtors)
 *crtbegin?.o(.dtors)
 *(EXCLUDE_FILE(*crtend?.o *crtend.o) .dtors)
 *(SORT_BY_NAME(.dtors.*))
 *(.dtors)

.jcr
 *(.jcr)

.data.rel.ro
 *(.data.rel.ro.local* .gnu.linkonce.d.rel.ro.local.*)
 *(.data.rel.ro .data.rel.ro.* .gnu.linkonce.d.rel.ro.*)

.dynamic
 *(.dynamic)

.got            0xc0618000        0x0
 *(.got)
 .got           0xc0618000        0x0 kernel/kernel_sub.o
 *(.igot)
                0xc0618000                        . = DATA_SEGMENT_RELRO_END (., (SIZEOF (.got.plt) >= 0xc)?0xc:0x0)

.got.plt        0xc0618000        0x0
 *(.got.plt)
 .got.plt       0xc0618000        0x0 kernel/kernel_sub.o
 *(.igot.plt)
 .igot.plt      0xc0618000        0x0 kernel/kernel_sub.o

.data           0xc0618000      0xb64
 *(.data .data.* .gnu.linkonce.d.*)
 .data          0xc0618000        0xf kernel/kernel_sub.o
 *fill*         0xc061800f        0x1 
 .data          0xc0618010        0xf kernel/kernel.o
 *fill*         0xc061801f        0x1 
 .data          0xc0618020        0x0 syscall.o
 .data          0xc0618020        0x0 double_link_list.o
 .data          0xc0618020      0x160 global.o
                0xc0618020                user_task_table
                0xc06180a0                sys_task_table
                0xc0618164                sys_call_table
 .data          0xc0618180        0x0 kernel_main.o
 .data          0xc0618180        0x0 console.o
 .data          0xc0618180        0x0 protect.o
 .data          0xc0618180        0x0 kernel_main_old.o
 .data          0xc0618180      0x600 keyboard.o
                0xc0618180                keymap
 .data          0xc0618780        0x0 process.o
 .data          0xc0618780        0x0 thread.o
 .data          0xc0618780        0x0 my_process.o
 .data          0xc0618780      0x224 network/socket.o
 .data          0xc06189a4        0x4 network/ip_input.o
 *fill*         0xc06189a8       0x18 
 .data          0xc06189c0       0x54 network/udp_sock.o
                0xc06189e0                udp_ops
 .data          0xc0618a14        0x4 network/dst.o
 .data          0xc0618a18        0x4 network/ip_output.o
 .data          0xc0618a1c        0x8 network/tcp.o
 .data          0xc0618a24        0x4 network/sock.o
 .data          0xc0618a28        0x4 network/tcp_output.o
 .data          0xc0618a2c       0x14 network/arp.o
 .data          0xc0618a40       0x54 network/tcp_sock.o
                0xc0618a60                tcp_ops
 .data          0xc0618a94        0xc network/ipc.o
 .data          0xc0618aa0        0x4 network/icmpv4.o
 .data          0xc0618aa4        0x4 network/skbuff.o
 *fill*         0xc0618aa8       0x18 
 .data          0xc0618ac0       0x80 network/inet.o
                0xc0618ac8                inet
 .data          0xc0618b40        0x4 network/tcp_input.o
 .data          0xc0618b44        0x0 network/task_network.o
 .data          0xc0618b44        0x4 network/netdev.o
 .data          0xc0618b48        0xc network/route.o
 .data          0xc0618b54        0x8 network/udp.o
 .data          0xc0618b5c        0x4 network/tcp_data.o
 .data          0xc0618b60        0x4 network/utils.o
 .data          0xc0618b64        0x0 hd/hd.o
 .data          0xc0618b64        0x0 fs/fs_main.o
 .data          0xc0618b64        0x0 mm/forkexit.o
 .data          0xc0618b64        0x0 mm/exec.o
 .data          0xc0618b64        0x0 mm/main.o
 .data          0xc0618b64        0x0 mem/mem.o
 .data          0xc0618b64        0x0 lib/floor.o
 .data          0xc0618b64        0x0 lib/exec.o
 .data          0xc0618b64        0x0 lib/exit.o
 .data          0xc0618b64        0x0 lib/unlink.o
 .data          0xc0618b64        0x0 lib/wait.o
 .data          0xc0618b64        0x0 lib/calloc.o
 .data          0xc0618b64        0x0 lib/alloca.o
 .data          0xc0618b64        0x0 lib/fork.o
 .data          0xc0618b64        0x0 lib/getpid.o
 .data          0xc0618b64        0x0 lib/string/strtok.o
 .data          0xc0618b64        0x0 lib/string/strcmp.o
 .data          0xc0618b64        0x0 lib/string/strncmp.o
 .data          0xc0618b64        0x0 lib/string/strpbrk.o
 .data          0xc0618b64        0x0 lib/stdio/read.o
 .data          0xc0618b64        0x0 lib/stdio/perror.o
 .data          0xc0618b64        0x0 lib/stdio/sscanf.o
 .data          0xc0618b64        0x0 lib/stdio/open.o
 .data          0xc0618b64        0x0 lib/stdio/write.o
 .data          0xc0618b64        0x0 lib/stdio/close.o
 .data          0xc0618b64        0x0 lib/arpa/ntohs.o
 .data          0xc0618b64        0x0 lib/arpa/htonl.o
 .data          0xc0618b64        0x0 lib/arpa/htons.o
 .data          0xc0618b64        0x0 lib/arpa/inet_pton.o
 .data          0xc0618b64        0x0 lib/arpa/ntohl.o
 .data          0xc0618b64        0x0 lib/arpa/inet_ntop.o

.data1
 *(.data1)
                0xc0618b64                        _edata = .
                [!provide]                        PROVIDE (edata = .)
                0xc0618b64                        . = .
                0xc0618b64                        __bss_start = .

.bss            0xc0618b80    0x959b0
 *(.dynbss)
 *(.bss .bss.* .gnu.linkonce.b.*)
 .bss           0xc0618b80      0x800 kernel/kernel_sub.o
 .bss           0xc0619380      0x800 kernel/kernel.o
 .bss           0xc0619b80        0x0 double_link_list.o
 .bss           0xc0619b80        0x0 global.o
 .bss           0xc0619b80        0x0 kernel_main.o
 .bss           0xc0619b80        0x0 console.o
 .bss           0xc0619b80        0x0 protect.o
 .bss           0xc0619b80        0x0 kernel_main_old.o
 .bss           0xc0619b80        0x0 keyboard.o
 .bss           0xc0619b80        0x0 process.o
 .bss           0xc0619b80        0x0 thread.o
 .bss           0xc0619b80        0x0 my_process.o
 .bss           0xc0619b80        0x4 network/socket.o
 .bss           0xc0619b84        0x0 network/ip_input.o
 .bss           0xc0619b84        0x4 network/udp_sock.o
 .bss           0xc0619b88        0x0 network/dst.o
 .bss           0xc0619b88        0x0 network/ip_output.o
 .bss           0xc0619b88        0x0 network/tcp.o
 .bss           0xc0619b88        0x0 network/sock.o
 .bss           0xc0619b88        0x0 network/tcp_output.o
 .bss           0xc0619b88        0x0 network/arp.o
 .bss           0xc0619b88        0x0 network/tcp_sock.o
 .bss           0xc0619b88        0x4 network/ipc.o
 .bss           0xc0619b8c        0x0 network/icmpv4.o
 .bss           0xc0619b8c        0x0 network/skbuff.o
 .bss           0xc0619b8c        0x0 network/inet.o
 .bss           0xc0619b8c        0x0 network/tcp_input.o
 .bss           0xc0619b8c        0x0 network/task_network.o
 .bss           0xc0619b8c        0x0 network/netdev.o
 .bss           0xc0619b8c        0x0 network/route.o
 .bss           0xc0619b8c        0x0 network/udp.o
 .bss           0xc0619b8c        0x0 network/tcp_data.o
 .bss           0xc0619b8c        0x0 network/utils.o
 .bss           0xc0619b8c        0x0 hd/hd.o
 .bss           0xc0619b8c        0x4 fs/fs_main.o
                0xc0619b8c                c
 .bss           0xc0619b90        0x0 mm/forkexit.o
 .bss           0xc0619b90        0x0 mm/exec.o
 .bss           0xc0619b90        0x0 mm/main.o
 .bss           0xc0619b90        0x0 mem/mem.o
 .bss           0xc0619b90        0x0 lib/floor.o
 .bss           0xc0619b90        0x0 lib/exec.o
 .bss           0xc0619b90        0x0 lib/exit.o
 .bss           0xc0619b90        0x0 lib/unlink.o
 .bss           0xc0619b90        0x0 lib/wait.o
 .bss           0xc0619b90        0x0 lib/calloc.o
 .bss           0xc0619b90        0x0 lib/alloca.o
 .bss           0xc0619b90        0x0 lib/fork.o
 .bss           0xc0619b90        0x0 lib/getpid.o
 .bss           0xc0619b90        0x4 lib/string/strtok.o
 .bss           0xc0619b94        0x0 lib/string/strcmp.o
 .bss           0xc0619b94        0x0 lib/string/strncmp.o
 .bss           0xc0619b94        0x0 lib/string/strpbrk.o
 .bss           0xc0619b94        0x0 lib/stdio/read.o
 .bss           0xc0619b94        0x0 lib/stdio/perror.o
 .bss           0xc0619b94        0x0 lib/stdio/sscanf.o
 .bss           0xc0619b94        0x0 lib/stdio/open.o
 .bss           0xc0619b94        0x0 lib/stdio/write.o
 .bss           0xc0619b94        0x0 lib/stdio/close.o
 .bss           0xc0619b94        0x0 lib/arpa/ntohs.o
 .bss           0xc0619b94        0x0 lib/arpa/htonl.o
 .bss           0xc0619b94        0x0 lib/arpa/htons.o
 .bss           0xc0619b94        0x0 lib/arpa/inet_pton.o
 .bss           0xc0619b94        0x0 lib/arpa/ntohl.o
 .bss           0xc0619b94        0x0 lib/arpa/inet_ntop.o
 *(COMMON)
 *fill*         0xc0619b94        0xc 
 COMMON         0xc0619ba0     0x17b8 double_link_list.o
                0xc0619ba0                current_tty
                0xc0619ba4                is_e0
                0xc0619ba8                idt_ptr
                0xc0619bb0                pid
                0xc0619bb4                KernelVirtualMemory
                0xc0619bc0                current_dis_pos
                0xc0619bc4                dis_pos
                0xc0619bc8                k_reenter
                0xc0619be0                gdt
                0xc0619fe0                proc_ready_table
                0xc0619fe4                test_ticks
                0xc0619fe8                pcaller
                0xc061a000                keyboard_buffer
                0xc061a20c                pcb_list
                0xc061a21c                gdt_index
                0xc061a220                tty_table
                0xc061aa60                tss
                0xc061aacc                KernelPool
                0xc061aadc                net_buf
                0xc061aae0                nic_current_page
                0xc061aae4                counter
                0xc061aae8                key_pressed
                0xc061aaec                fork_pid
                0xc061aaf0                is_shift
                0xc061aaf1                net_data
                0xc061aaf4                gdt_ptr
                0xc061ab00                idt
                0xc061b300                main_thread
                0xc061b308                ticks
                0xc061b310                is_init
                0xc061b314                UserPool
                0xc061b324                all_pcb_list
                0xc061b334                console_table
                0xc061b344                is_disp
                0xc061b348                MAIN_THREAD_PAGE_DIRECTORY
                0xc061b34c                helloStr
 *fill*         0xc061b358        0x8 
 COMMON         0xc061b360    0x91e14 global.o
                0xc061b360                proc_stack
                0xc06ab360                proc_table
 COMMON         0xc06ad174        0x8 network/netdev.o
                0xc06ad174                loop
                0xc06ad178                netdev
 *fill*         0xc06ad17c        0x4 
 COMMON         0xc06ad180      0x440 hd/hd.o
                0xc06ad180                hd_info
                0xc06ad3c0                hd_cache
 COMMON         0xc06ad5c0      0xe68 fs/fs_main.o
                0xc06ad5c0                file_desc_table
                0xc06ad9c0                phy_super_block_buf
                0xc06ad9c4                phy_fsbuf
                0xc06ad9e0                inode_table
                0xc06ae3e0                super_block_buf
                0xc06ae3e4                fsbuf
                0xc06ae400                root
 *fill*         0xc06ae428       0x18 
 COMMON         0xc06ae440       0xf0 mem/mem.o
                0xc06ae440                kernel_mem_block_decs_array
                0xc06ae530                        . = ALIGN ((. != 0x0)?0x4:0x1)
                0xc06ae530                        . = ALIGN (0x4)
                0xc06ae530                        . = SEGMENT_START ("ldata-segment", .)
                0xc06ae530                        . = ALIGN (0x4)
                0xc06ae530                        _end = .
                [!provide]                        PROVIDE (end = .)
                0xc06ae530                        . = DATA_SEGMENT_END (.)

.stab
 *(.stab)

.stabstr
 *(.stabstr)

.stab.excl
 *(.stab.excl)

.stab.exclstr
 *(.stab.exclstr)

.stab.index
 *(.stab.index)

.stab.indexstr
 *(.stab.indexstr)

.comment        0x00000000       0x2c
 *(.comment)
 .comment       0x00000000       0x2c double_link_list.o
                                 0x2d (size before relaxing)
 .comment       0x0000002c       0x2d global.o
 .comment       0x0000002c       0x2d kernel_main.o
 .comment       0x0000002c       0x2d console.o
 .comment       0x0000002c       0x2d protect.o
 .comment       0x0000002c       0x2d kernel_main_old.o
 .comment       0x0000002c       0x2d keyboard.o
 .comment       0x0000002c       0x2d process.o
 .comment       0x0000002c       0x2d thread.o
 .comment       0x0000002c       0x2d my_process.o
 .comment       0x0000002c       0x2d network/socket.o
 .comment       0x0000002c       0x2d network/ip_input.o
 .comment       0x0000002c       0x2d network/udp_sock.o
 .comment       0x0000002c       0x2d network/dst.o
 .comment       0x0000002c       0x2d network/ip_output.o
 .comment       0x0000002c       0x2d network/tcp.o
 .comment       0x0000002c       0x2d network/sock.o
 .comment       0x0000002c       0x2d network/tcp_output.o
 .comment       0x0000002c       0x2d network/arp.o
 .comment       0x0000002c       0x2d network/tcp_sock.o
 .comment       0x0000002c       0x2d network/ipc.o
 .comment       0x0000002c       0x2d network/icmpv4.o
 .comment       0x0000002c       0x2d network/skbuff.o
 .comment       0x0000002c       0x2d network/inet.o
 .comment       0x0000002c       0x2d network/tcp_input.o
 .comment       0x0000002c       0x2d network/task_network.o
 .comment       0x0000002c       0x2d network/netdev.o
 .comment       0x0000002c       0x2d network/route.o
 .comment       0x0000002c       0x2d network/udp.o
 .comment       0x0000002c       0x2d network/tcp_data.o
 .comment       0x0000002c       0x2d network/utils.o
 .comment       0x0000002c       0x2d hd/hd.o
 .comment       0x0000002c       0x2d fs/fs_main.o
 .comment       0x0000002c       0x2d mm/forkexit.o
 .comment       0x0000002c       0x2d mm/exec.o
 .comment       0x0000002c       0x2d mm/main.o
 .comment       0x0000002c       0x2d mem/mem.o
 .comment       0x0000002c       0x2d lib/floor.o
 .comment       0x0000002c       0x2d lib/exec.o
 .comment       0x0000002c       0x2d lib/exit.o
 .comment       0x0000002c       0x2d lib/unlink.o
 .comment       0x0000002c       0x2d lib/wait.o
 .comment       0x0000002c       0x2d lib/calloc.o
 .comment       0x0000002c       0x2d lib/alloca.o
 .comment       0x0000002c       0x2d lib/fork.o
 .comment       0x0000002c       0x2d lib/getpid.o
 .comment       0x0000002c       0x2d lib/string/strtok.o
 .comment       0x0000002c       0x2d lib/string/strcmp.o
 .comment       0x0000002c       0x2d lib/string/strncmp.o
 .comment       0x0000002c       0x2d lib/string/strpbrk.o
 .comment       0x0000002c       0x2d lib/stdio/read.o
 .comment       0x0000002c       0x2d lib/stdio/perror.o
 .comment       0x0000002c       0x2d lib/stdio/sscanf.o
 .comment       0x0000002c       0x2d lib/stdio/open.o
 .comment       0x0000002c       0x2d lib/stdio/write.o
 .comment       0x0000002c       0x2d lib/stdio/close.o
 .comment       0x0000002c       0x2d lib/arpa/ntohs.o
 .comment       0x0000002c       0x2d lib/arpa/htonl.o
 .comment       0x0000002c       0x2d lib/arpa/htons.o
 .comment       0x0000002c       0x2d lib/arpa/inet_pton.o
 .comment       0x0000002c       0x2d lib/arpa/ntohl.o
 .comment       0x0000002c       0x2d lib/arpa/inet_ntop.o

.gnu.build.attributes
 *(.gnu.build.attributes .gnu.build.attributes.*)

.debug
 *(.debug)

.line
 *(.line)

.debug_srcinfo
 *(.debug_srcinfo)

.debug_sfnames
 *(.debug_sfnames)

.debug_aranges  0x00000000      0x7b8
 *(.debug_aranges)
 .debug_aranges
                0x00000000       0x20 double_link_list.o
 .debug_aranges
                0x00000020       0x18 global.o
 .debug_aranges
                0x00000038       0x20 kernel_main.o
 .debug_aranges
                0x00000058       0x20 console.o
 .debug_aranges
                0x00000078       0x20 protect.o
 .debug_aranges
                0x00000098       0x20 kernel_main_old.o
 .debug_aranges
                0x000000b8       0x20 keyboard.o
 .debug_aranges
                0x000000d8       0x20 process.o
 .debug_aranges
                0x000000f8       0x20 thread.o
 .debug_aranges
                0x00000118       0x20 my_process.o
 .debug_aranges
                0x00000138       0x20 network/socket.o
 .debug_aranges
                0x00000158       0x20 network/ip_input.o
 .debug_aranges
                0x00000178       0x20 network/udp_sock.o
 .debug_aranges
                0x00000198       0x20 network/dst.o
 .debug_aranges
                0x000001b8       0x20 network/ip_output.o
 .debug_aranges
                0x000001d8       0x20 network/tcp.o
 .debug_aranges
                0x000001f8       0x20 network/sock.o
 .debug_aranges
                0x00000218       0x20 network/tcp_output.o
 .debug_aranges
                0x00000238       0x20 network/arp.o
 .debug_aranges
                0x00000258       0x20 network/tcp_sock.o
 .debug_aranges
                0x00000278       0x20 network/ipc.o
 .debug_aranges
                0x00000298       0x20 network/icmpv4.o
 .debug_aranges
                0x000002b8       0x20 network/skbuff.o
 .debug_aranges
                0x000002d8       0x20 network/inet.o
 .debug_aranges
                0x000002f8       0x20 network/tcp_input.o
 .debug_aranges
                0x00000318       0x20 network/task_network.o
 .debug_aranges
                0x00000338       0x20 network/netdev.o
 .debug_aranges
                0x00000358       0x20 network/route.o
 .debug_aranges
                0x00000378       0x20 network/udp.o
 .debug_aranges
                0x00000398       0x20 network/tcp_data.o
 .debug_aranges
                0x000003b8       0x20 network/utils.o
 .debug_aranges
                0x000003d8       0x20 hd/hd.o
 .debug_aranges
                0x000003f8       0x20 fs/fs_main.o
 .debug_aranges
                0x00000418       0x20 mm/forkexit.o
 .debug_aranges
                0x00000438       0x20 mm/exec.o
 .debug_aranges
                0x00000458       0x20 mm/main.o
 .debug_aranges
                0x00000478       0x20 mem/mem.o
 .debug_aranges
                0x00000498       0x20 lib/floor.o
 .debug_aranges
                0x000004b8       0x20 lib/exec.o
 .debug_aranges
                0x000004d8       0x20 lib/exit.o
 .debug_aranges
                0x000004f8       0x20 lib/unlink.o
 .debug_aranges
                0x00000518       0x20 lib/wait.o
 .debug_aranges
                0x00000538       0x20 lib/calloc.o
 .debug_aranges
                0x00000558       0x20 lib/alloca.o
 .debug_aranges
                0x00000578       0x20 lib/fork.o
 .debug_aranges
                0x00000598       0x20 lib/getpid.o
 .debug_aranges
                0x000005b8       0x20 lib/string/strtok.o
 .debug_aranges
                0x000005d8       0x20 lib/string/strcmp.o
 .debug_aranges
                0x000005f8       0x20 lib/string/strncmp.o
 .debug_aranges
                0x00000618       0x20 lib/string/strpbrk.o
 .debug_aranges
                0x00000638       0x20 lib/stdio/read.o
 .debug_aranges
                0x00000658       0x20 lib/stdio/perror.o
 .debug_aranges
                0x00000678       0x20 lib/stdio/sscanf.o
 .debug_aranges
                0x00000698       0x20 lib/stdio/open.o
 .debug_aranges
                0x000006b8       0x20 lib/stdio/write.o
 .debug_aranges
                0x000006d8       0x20 lib/stdio/close.o
 .debug_aranges
                0x000006f8       0x20 lib/arpa/ntohs.o
 .debug_aranges
                0x00000718       0x20 lib/arpa/htonl.o
 .debug_aranges
                0x00000738       0x20 lib/arpa/htons.o
 .debug_aranges
                0x00000758       0x20 lib/arpa/inet_pton.o
 .debug_aranges
                0x00000778       0x20 lib/arpa/ntohl.o
 .debug_aranges
                0x00000798       0x20 lib/arpa/inet_ntop.o

.debug_pubnames
 *(.debug_pubnames)

.debug_info     0x00000000    0x3d482
 *(.debug_info .gnu.linkonce.wi.*)
 .debug_info    0x00000000     0x1044 double_link_list.o
 .debug_info    0x00001044      0xe8a global.o
 .debug_info    0x00001ece      0xfcf kernel_main.o
 .debug_info    0x00002e9d     0x128a console.o
 .debug_info    0x00004127     0x11b5 protect.o
 .debug_info    0x000052dc     0x2820 kernel_main_old.o
 .debug_info    0x00007afc      0xfde keyboard.o
 .debug_info    0x00008ada      0xf73 process.o
 .debug_info    0x00009a4d     0x1069 thread.o
 .debug_info    0x0000aab6     0x149d my_process.o
 .debug_info    0x0000bf53     0x1ba7 network/socket.o
 .debug_info    0x0000dafa     0x1aab network/ip_input.o
 .debug_info    0x0000f5a5     0x1edd network/udp_sock.o
 .debug_info    0x00011482     0x11ea network/dst.o
 .debug_info    0x0001266c     0x1745 network/ip_output.o
 .debug_info    0x00013db1     0x1e0e network/tcp.o
 .debug_info    0x00015bbf     0x1860 network/sock.o
 .debug_info    0x0001741f     0x2329 network/tcp_output.o
 .debug_info    0x00019748      0x76e network/arp.o
 .debug_info    0x00019eb6     0x21ff network/tcp_sock.o
 .debug_info    0x0001c0b5     0x1c38 network/ipc.o
 .debug_info    0x0001dced     0x1909 network/icmpv4.o
 .debug_info    0x0001f5f6      0x39f network/skbuff.o
 .debug_info    0x0001f995     0x1a0c network/inet.o
 .debug_info    0x000213a1     0x2111 network/tcp_input.o
 .debug_info    0x000234b2      0xf01 network/task_network.o
 .debug_info    0x000243b3     0x132e network/netdev.o
 .debug_info    0x000256e1     0x1282 network/route.o
 .debug_info    0x00026963     0x1b0e network/udp.o
 .debug_info    0x00028471     0x1d77 network/tcp_data.o
 .debug_info    0x0002a1e8      0x367 network/utils.o
 .debug_info    0x0002a54f     0x19f3 hd/hd.o
 .debug_info    0x0002bf42     0x1f3b fs/fs_main.o
 .debug_info    0x0002de7d      0xfbc mm/forkexit.o
 .debug_info    0x0002ee39     0x11ca mm/exec.o
 .debug_info    0x00030003      0xdcc mm/main.o
 .debug_info    0x00030dcf     0x1d52 mem/mem.o
 .debug_info    0x00032b21       0x6b lib/floor.o
 .debug_info    0x00032b8c      0xf40 lib/exec.o
 .debug_info    0x00033acc      0xdb3 lib/exit.o
 .debug_info    0x0003487f      0xe91 lib/unlink.o
 .debug_info    0x00035710      0xdc1 lib/wait.o
 .debug_info    0x000364d1      0xeb9 lib/calloc.o
 .debug_info    0x0003738a       0x98 lib/alloca.o
 .debug_info    0x00037422      0xda8 lib/fork.o
 .debug_info    0x000381ca      0xda8 lib/getpid.o
 .debug_info    0x00038f72       0xae lib/string/strtok.o
 .debug_info    0x00039020       0xc1 lib/string/strcmp.o
 .debug_info    0x000390e1      0x110 lib/string/strncmp.o
 .debug_info    0x000391f1       0xcf lib/string/strpbrk.o
 .debug_info    0x000392c0      0xea1 lib/stdio/read.o
 .debug_info    0x0003a161       0x5c lib/stdio/perror.o
 .debug_info    0x0003a1bd      0x20e lib/stdio/sscanf.o
 .debug_info    0x0003a3cb      0xe02 lib/stdio/open.o
 .debug_info    0x0003b1cd      0xe2f lib/stdio/write.o
 .debug_info    0x0003bffc      0xdb6 lib/stdio/close.o
 .debug_info    0x0003cdb2       0xa8 lib/arpa/ntohs.o
 .debug_info    0x0003ce5a       0xcb lib/arpa/htonl.o
 .debug_info    0x0003cf25       0xa8 lib/arpa/htons.o
 .debug_info    0x0003cfcd      0x260 lib/arpa/inet_pton.o
 .debug_info    0x0003d22d       0xcb lib/arpa/ntohl.o
 .debug_info    0x0003d2f8      0x18a lib/arpa/inet_ntop.o

.debug_abbrev   0x00000000     0x77f1
 *(.debug_abbrev)
 .debug_abbrev  0x00000000      0x216 double_link_list.o
 .debug_abbrev  0x00000216      0x157 global.o
 .debug_abbrev  0x0000036d      0x208 kernel_main.o
 .debug_abbrev  0x00000575      0x2ac console.o
 .debug_abbrev  0x00000821      0x227 protect.o
 .debug_abbrev  0x00000a48      0x452 kernel_main_old.o
 .debug_abbrev  0x00000e9a      0x1fb keyboard.o
 .debug_abbrev  0x00001095      0x1e0 process.o
 .debug_abbrev  0x00001275      0x222 thread.o
 .debug_abbrev  0x00001497      0x260 my_process.o
 .debug_abbrev  0x000016f7      0x327 network/socket.o
 .debug_abbrev  0x00001a1e      0x2d1 network/ip_input.o
 .debug_abbrev  0x00001cef      0x3b1 network/udp_sock.o
 .debug_abbrev  0x000020a0      0x204 network/dst.o
 .debug_abbrev  0x000022a4      0x213 network/ip_output.o
 .debug_abbrev  0x000024b7      0x332 network/tcp.o
 .debug_abbrev  0x000027e9      0x273 network/sock.o
 .debug_abbrev  0x00002a5c      0x39b network/tcp_output.o
 .debug_abbrev  0x00002df7      0x210 network/arp.o
 .debug_abbrev  0x00003007      0x3e6 network/tcp_sock.o
 .debug_abbrev  0x000033ed      0x2ee network/ipc.o
 .debug_abbrev  0x000036db      0x236 network/icmpv4.o
 .debug_abbrev  0x00003911      0x15f network/skbuff.o
 .debug_abbrev  0x00003a70      0x24b network/inet.o
 .debug_abbrev  0x00003cbb      0x355 network/tcp_input.o
 .debug_abbrev  0x00004010      0x1cb network/task_network.o
 .debug_abbrev  0x000041db      0x289 network/netdev.o
 .debug_abbrev  0x00004464      0x24e network/route.o
 .debug_abbrev  0x000046b2      0x2d3 network/udp.o
 .debug_abbrev  0x00004985      0x2a6 network/tcp_data.o
 .debug_abbrev  0x00004c2b      0x17a network/utils.o
 .debug_abbrev  0x00004da5      0x33e hd/hd.o
 .debug_abbrev  0x000050e3      0x2ef fs/fs_main.o
 .debug_abbrev  0x000053d2      0x204 mm/forkexit.o
 .debug_abbrev  0x000055d6      0x1c4 mm/exec.o
 .debug_abbrev  0x0000579a      0x208 mm/main.o
 .debug_abbrev  0x000059a2      0x2ea mem/mem.o
 .debug_abbrev  0x00005c8c       0x6a lib/floor.o
 .debug_abbrev  0x00005cf6      0x1e8 lib/exec.o
 .debug_abbrev  0x00005ede      0x19b lib/exit.o
 .debug_abbrev  0x00006079      0x193 lib/unlink.o
 .debug_abbrev  0x0000620c      0x19f lib/wait.o
 .debug_abbrev  0x000063ab      0x191 lib/calloc.o
 .debug_abbrev  0x0000653c       0x86 lib/alloca.o
 .debug_abbrev  0x000065c2      0x18a lib/fork.o
 .debug_abbrev  0x0000674c      0x18a lib/getpid.o
 .debug_abbrev  0x000068d6       0x91 lib/string/strtok.o
 .debug_abbrev  0x00006967       0x94 lib/string/strcmp.o
 .debug_abbrev  0x000069fb       0xbe lib/string/strncmp.o
 .debug_abbrev  0x00006ab9       0xa5 lib/string/strpbrk.o
 .debug_abbrev  0x00006b5e      0x1ef lib/stdio/read.o
 .debug_abbrev  0x00006d4d       0x5c lib/stdio/perror.o
 .debug_abbrev  0x00006da9       0xdd lib/stdio/sscanf.o
 .debug_abbrev  0x00006e86      0x1c5 lib/stdio/open.o
 .debug_abbrev  0x0000704b      0x1db lib/stdio/write.o
 .debug_abbrev  0x00007226      0x19d lib/stdio/close.o
 .debug_abbrev  0x000073c3       0x6c lib/arpa/ntohs.o
 .debug_abbrev  0x0000742f       0xa5 lib/arpa/htonl.o
 .debug_abbrev  0x000074d4       0x6c lib/arpa/htons.o
 .debug_abbrev  0x00007540      0x116 lib/arpa/inet_pton.o
 .debug_abbrev  0x00007656       0xa5 lib/arpa/ntohl.o
 .debug_abbrev  0x000076fb       0xf6 lib/arpa/inet_ntop.o

.debug_line     0x00000000     0x95e6
 *(.debug_line .debug_line.* .debug_line_end)
 .debug_line    0x00000000      0x253 double_link_list.o
 .debug_line    0x00000253       0x95 global.o
 .debug_line    0x000002e8      0x1de kernel_main.o
 .debug_line    0x000004c6      0x54e console.o
 .debug_line    0x00000a14      0x1ff protect.o
 .debug_line    0x00000c13      0xe0f kernel_main_old.o
 .debug_line    0x00001a22      0x296 keyboard.o
 .debug_line    0x00001cb8      0x180 process.o
 .debug_line    0x00001e38      0x145 thread.o
 .debug_line    0x00001f7d      0x33b my_process.o
 .debug_line    0x000022b8      0x3a6 network/socket.o
 .debug_line    0x0000265e      0x272 network/ip_input.o
 .debug_line    0x000028d0      0x4b0 network/udp_sock.o
 .debug_line    0x00002d80      0x15e network/dst.o
 .debug_line    0x00002ede      0x1fe network/ip_output.o
 .debug_line    0x000030dc      0x2f5 network/tcp.o
 .debug_line    0x000033d1      0x222 network/sock.o
 .debug_line    0x000035f3      0x58a network/tcp_output.o
 .debug_line    0x00003b7d      0x34c network/arp.o
 .debug_line    0x00003ec9      0x57b network/tcp_sock.o
 .debug_line    0x00004444      0x5ab network/ipc.o
 .debug_line    0x000049ef      0x225 network/icmpv4.o
 .debug_line    0x00004c14      0x121 network/skbuff.o
 .debug_line    0x00004d35      0x30e network/inet.o
 .debug_line    0x00005043      0x658 network/tcp_input.o
 .debug_line    0x0000569b       0xf3 network/task_network.o
 .debug_line    0x0000578e      0x24e network/netdev.o
 .debug_line    0x000059dc      0x209 network/route.o
 .debug_line    0x00005be5      0x2ec network/udp.o
 .debug_line    0x00005ed1      0x3e9 network/tcp_data.o
 .debug_line    0x000062ba      0x13c network/utils.o
 .debug_line    0x000063f6      0x639 hd/hd.o
 .debug_line    0x00006a2f      0xc1a fs/fs_main.o
 .debug_line    0x00007649      0x17a mm/forkexit.o
 .debug_line    0x000077c3      0x20c mm/exec.o
 .debug_line    0x000079cf       0xec mm/main.o
 .debug_line    0x00007abb      0x7e3 mem/mem.o
 .debug_line    0x0000829e       0x5a lib/floor.o
 .debug_line    0x000082f8      0x18b lib/exec.o
 .debug_line    0x00008483       0xa0 lib/exit.o
 .debug_line    0x00008523       0xc0 lib/unlink.o
 .debug_line    0x000085e3       0xb7 lib/wait.o
 .debug_line    0x0000869a       0xe3 lib/calloc.o
 .debug_line    0x0000877d       0x6b lib/alloca.o
 .debug_line    0x000087e8       0xa5 lib/fork.o
 .debug_line    0x0000888d       0xa0 lib/getpid.o
 .debug_line    0x0000892d       0x6e lib/string/strtok.o
 .debug_line    0x0000899b       0x8a lib/string/strcmp.o
 .debug_line    0x00008a25       0xcc lib/string/strncmp.o
 .debug_line    0x00008af1       0xb0 lib/string/strpbrk.o
 .debug_line    0x00008ba1      0x15b lib/stdio/read.o
 .debug_line    0x00008cfc       0x48 lib/stdio/perror.o
 .debug_line    0x00008d44      0x1d2 lib/stdio/sscanf.o
 .debug_line    0x00008f16       0xc3 lib/stdio/open.o
 .debug_line    0x00008fd9       0xc2 lib/stdio/write.o
 .debug_line    0x0000909b       0xb3 lib/stdio/close.o
 .debug_line    0x0000914e       0x6c lib/arpa/ntohs.o
 .debug_line    0x000091ba       0xc1 lib/arpa/htonl.o
 .debug_line    0x0000927b       0x6c lib/arpa/htons.o
 .debug_line    0x000092e7      0x167 lib/arpa/inet_pton.o
 .debug_line    0x0000944e       0xc1 lib/arpa/ntohl.o
 .debug_line    0x0000950f       0xd7 lib/arpa/inet_ntop.o

.debug_frame
 *(.debug_frame)

.debug_str      0x00000000     0x35b4
 *(.debug_str)
 .debug_str     0x00000000     0x35b4 double_link_list.o
                                0x6d1 (size before relaxing)
 .debug_str     0x000035b4      0x610 global.o
 .debug_str     0x000035b4      0x69c kernel_main.o
 .debug_str     0x000035b4      0x75f console.o
 .debug_str     0x000035b4      0x76b protect.o
 .debug_str     0x000035b4      0xb73 kernel_main_old.o
 .debug_str     0x000035b4      0x69c keyboard.o
 .debug_str     0x000035b4      0x64a process.o
 .debug_str     0x000035b4      0x717 thread.o
 .debug_str     0x000035b4      0x8fe my_process.o
 .debug_str     0x000035b4      0x928 network/socket.o
 .debug_str     0x000035b4      0x99b network/ip_input.o
 .debug_str     0x000035b4      0xa71 network/udp_sock.o
 .debug_str     0x000035b4      0x722 network/dst.o
 .debug_str     0x000035b4      0x856 network/ip_output.o
 .debug_str     0x000035b4      0xb2d network/tcp.o
 .debug_str     0x000035b4      0x8b6 network/sock.o
 .debug_str     0x000035b4      0xc1d network/tcp_output.o
 .debug_str     0x000035b4      0x2f6 network/arp.o
 .debug_str     0x000035b4      0xcc0 network/tcp_sock.o
 .debug_str     0x000035b4      0x8d2 network/ipc.o
 .debug_str     0x000035b4      0x91a network/icmpv4.o
 .debug_str     0x000035b4      0x1d8 network/skbuff.o
 .debug_str     0x000035b4      0x8e7 network/inet.o
 .debug_str     0x000035b4      0xb8d network/tcp_input.o
 .debug_str     0x000035b4      0x66b network/task_network.o
 .debug_str     0x000035b4      0x77d network/netdev.o
 .debug_str     0x000035b4      0x743 network/route.o
 .debug_str     0x000035b4      0x94d network/udp.o
 .debug_str     0x000035b4      0xa49 network/tcp_data.o
 .debug_str     0x000035b4      0x1b8 network/utils.o
 .debug_str     0x000035b4      0x9c5 hd/hd.o
 .debug_str     0x000035b4      0xafa fs/fs_main.o
 .debug_str     0x000035b4      0x617 mm/forkexit.o
 .debug_str     0x000035b4      0x86d mm/exec.o
 .debug_str     0x000035b4      0x598 mm/main.o
 .debug_str     0x000035b4      0xa98 mem/mem.o
 .debug_str     0x000035b4       0xa2 lib/floor.o
 .debug_str     0x000035b4      0x62c lib/exec.o
 .debug_str     0x000035b4      0x5a5 lib/exit.o
 .debug_str     0x000035b4      0x624 lib/unlink.o
 .debug_str     0x000035b4      0x5a5 lib/wait.o
 .debug_str     0x000035b4      0x631 lib/calloc.o
 .debug_str     0x000035b4       0xb6 lib/alloca.o
 .debug_str     0x000035b4      0x59e lib/fork.o
 .debug_str     0x000035b4      0x5a2 lib/getpid.o
 .debug_str     0x000035b4       0xb9 lib/string/strtok.o
 .debug_str     0x000035b4       0xb1 lib/string/strcmp.o
 .debug_str     0x000035b4       0xba lib/string/strncmp.o
 .debug_str     0x000035b4       0xc1 lib/string/strpbrk.o
 .debug_str     0x000035b4      0x617 lib/stdio/read.o
 .debug_str     0x000035b4       0x99 lib/stdio/perror.o
 .debug_str     0x000035b4      0x102 lib/stdio/sscanf.o
 .debug_str     0x000035b4      0x5de lib/stdio/open.o
 .debug_str     0x000035b4      0x5db lib/stdio/write.o
 .debug_str     0x000035b4      0x5a6 lib/stdio/close.o
 .debug_str     0x000035b4      0x101 lib/arpa/ntohs.o
 .debug_str     0x000035b4       0xf4 lib/arpa/htonl.o
 .debug_str     0x000035b4      0x102 lib/arpa/htons.o
 .debug_str     0x000035b4      0x14c lib/arpa/inet_pton.o
 .debug_str     0x000035b4       0xf3 lib/arpa/ntohl.o
 .debug_str     0x000035b4      0x10f lib/arpa/inet_ntop.o

.debug_loc
 *(.debug_loc)

.debug_macinfo
 *(.debug_macinfo)

.debug_weaknames
 *(.debug_weaknames)

.debug_funcnames
 *(.debug_funcnames)

.debug_typenames
 *(.debug_typenames)

.debug_varnames
 *(.debug_varnames)

.debug_pubtypes
 *(.debug_pubtypes)

.debug_ranges   0x00000000       0x90
 *(.debug_ranges)
 .debug_ranges  0x00000000       0x30 kernel_main_old.o
 .debug_ranges  0x00000030       0x48 hd/hd.o
 .debug_ranges  0x00000078       0x18 mm/exec.o

.debug_addr
 *(.debug_addr)

.debug_line_str
 *(.debug_line_str)

.debug_loclists
 *(.debug_loclists)

.debug_macro
 *(.debug_macro)

.debug_names
 *(.debug_names)

.debug_rnglists
 *(.debug_rnglists)

.debug_str_offsets
 *(.debug_str_offsets)

.debug_sup
 *(.debug_sup)

.gnu.attributes
 *(.gnu.attributes)

/DISCARD/
 *(.note.GNU-stack)
 *(.gnu_debuglink)
 *(.gnu.lto_*)
OUTPUT(kernel.bin elf32-i386)
