
Merging program properties

Removed property 0xc0010001 to merge double_link_list.o (0x1) and kernel/kernel_sub.o (not found)
Removed property 0xc0010002 to merge double_link_list.o (0x0) and kernel/kernel_sub.o (not found)
Removed property 0xc0010001 to merge double_link_list.o (not found) and kernel_main_old.o (0x1)
Removed property 0xc0010002 to merge double_link_list.o (not found) and kernel_main_old.o (0x1)
Removed property 0xc0010001 to merge double_link_list.o (not found) and kernel_main.o (0x1)
Removed property 0xc0010002 to merge double_link_list.o (not found) and kernel_main.o (0x0)
Removed property 0xc0010001 to merge double_link_list.o (not found) and protect.o (0x1)
Removed property 0xc0010002 to merge double_link_list.o (not found) and protect.o (0x0)
Removed property 0xc0010001 to merge double_link_list.o (not found) and console.o (0x1)
Removed property 0xc0010002 to merge double_link_list.o (not found) and console.o (0x1)
Removed property 0xc0010001 to merge double_link_list.o (not found) and global.o (0x1)
Removed property 0xc0010002 to merge double_link_list.o (not found) and global.o (0x0)
Removed property 0xc0010001 to merge double_link_list.o (not found) and keyboard.o (0x1)
Removed property 0xc0010002 to merge double_link_list.o (not found) and keyboard.o (0x0)
Removed property 0xc0010001 to merge double_link_list.o (not found) and process.o (0x1)
Removed property 0xc0010002 to merge double_link_list.o (not found) and process.o (0x0)
Removed property 0xc0010001 to merge double_link_list.o (not found) and thread.o (0x1)
Removed property 0xc0010002 to merge double_link_list.o (not found) and thread.o (0x0)
Removed property 0xc0010001 to merge double_link_list.o (not found) and my_process.o (0x1)
Removed property 0xc0010002 to merge double_link_list.o (not found) and my_process.o (0x1)
Removed property 0xc0010001 to merge double_link_list.o (not found) and network/skbuff.o (0x1)
Removed property 0xc0010002 to merge double_link_list.o (not found) and network/skbuff.o (0x0)
Removed property 0xc0010001 to merge double_link_list.o (not found) and network/socket.o (0x1)
Removed property 0xc0010002 to merge double_link_list.o (not found) and network/socket.o (0x0)
Removed property 0xc0010001 to merge double_link_list.o (not found) and network/ip_input.o (0x1)
Removed property 0xc0010002 to merge double_link_list.o (not found) and network/ip_input.o (0x0)
Removed property 0xc0010001 to merge double_link_list.o (not found) and network/udp_sock.o (0x1)
Removed property 0xc0010002 to merge double_link_list.o (not found) and network/udp_sock.o (0x0)
Removed property 0xc0010001 to merge double_link_list.o (not found) and network/icmpv4.o (0x1)
Removed property 0xc0010002 to merge double_link_list.o (not found) and network/icmpv4.o (0x0)
Removed property 0xc0010001 to merge double_link_list.o (not found) and network/inet.o (0x1)
Removed property 0xc0010002 to merge double_link_list.o (not found) and network/inet.o (0x0)
Removed property 0xc0010001 to merge double_link_list.o (not found) and network/tcp.o (0x1)
Removed property 0xc0010002 to merge double_link_list.o (not found) and network/tcp.o (0x0)
Removed property 0xc0010001 to merge double_link_list.o (not found) and network/route.o (0x1)
Removed property 0xc0010002 to merge double_link_list.o (not found) and network/route.o (0x0)
Removed property 0xc0010001 to merge double_link_list.o (not found) and network/sock.o (0x1)
Removed property 0xc0010002 to merge double_link_list.o (not found) and network/sock.o (0x0)
Removed property 0xc0010001 to merge double_link_list.o (not found) and network/tcp_output.o (0x1)
Removed property 0xc0010002 to merge double_link_list.o (not found) and network/tcp_output.o (0x1)
Removed property 0xc0010001 to merge double_link_list.o (not found) and network/arp.o (0x1)
Removed property 0xc0010002 to merge double_link_list.o (not found) and network/arp.o (0x0)
Removed property 0xc0010001 to merge double_link_list.o (not found) and network/dst.o (0x1)
Removed property 0xc0010002 to merge double_link_list.o (not found) and network/dst.o (0x0)
Removed property 0xc0010001 to merge double_link_list.o (not found) and network/tcp_sock.o (0x1)
Removed property 0xc0010002 to merge double_link_list.o (not found) and network/tcp_sock.o (0x0)
Removed property 0xc0010001 to merge double_link_list.o (not found) and network/ipc.o (0x1)
Removed property 0xc0010002 to merge double_link_list.o (not found) and network/ipc.o (0x1)
Removed property 0xc0010001 to merge double_link_list.o (not found) and network/ip_output.o (0x1)
Removed property 0xc0010002 to merge double_link_list.o (not found) and network/ip_output.o (0x0)
Removed property 0xc0010001 to merge double_link_list.o (not found) and network/netdev.o (0x1)
Removed property 0xc0010002 to merge double_link_list.o (not found) and network/netdev.o (0x0)
Removed property 0xc0010001 to merge double_link_list.o (not found) and network/tcp_input.o (0x1)
[...]
Memory Configuration

Name             Origin             Length             Attributes
*default*        0x00000000         0xffffffff

Linker script and memory map

Address of section .text set to 0xc0600000
LOAD kernel/kernel_sub.o
LOAD kernel/kernel.o
LOAD syscall.o
LOAD switch_to.o
LOAD string.o
LOAD hd/hd_rdwt.o
LOAD network/ne2000.o
LOAD double_link_list.o
LOAD kernel_main_old.o
LOAD kernel_main.o
LOAD protect.o
LOAD console.o
LOAD global.o
LOAD keyboard.o
LOAD process.o
LOAD thread.o
LOAD my_process.o
LOAD network/skbuff.o
LOAD network/socket.o
LOAD network/ip_input.o
LOAD network/udp_sock.o
LOAD network/icmpv4.o
LOAD network/inet.o
LOAD network/tcp.o
LOAD network/route.o
LOAD network/sock.o
LOAD network/tcp_output.o
LOAD network/arp.o
LOAD network/dst.o
LOAD network/tcp_sock.o
LOAD network/ipc.o
LOAD network/ip_output.o
LOAD network/netdev.o
LOAD network/tcp_input.o
LOAD network/task_network.o
LOAD network/udp.o
LOAD network/tcp_data.o
LOAD network/utils.o
LOAD hd/hd.o
LOAD fs/fs_main.o
LOAD mm/forkexit.o
LOAD mm/exec.o
LOAD mm/main.o
LOAD mem/mem.o
LOAD lib/exec.o
LOAD lib/fork.o
LOAD lib/exit.o
LOAD lib/unlink.o
LOAD lib/wait.o
LOAD lib/socket_close.o
LOAD lib/socket_read.o
LOAD lib/alloca.o
LOAD lib/calloc.o
LOAD lib/floor.o
LOAD lib/socket_write.o
LOAD lib/getpid.o
LOAD lib/stdlib/atoi.o
LOAD lib/stdlib/strtol.o
LOAD lib/string/strtok.o
LOAD lib/string/strcmp.o
LOAD lib/string/strncmp.o
LOAD lib/string/strpbrk.o
LOAD lib/stdio/read.o
LOAD lib/stdio/perror.o
LOAD lib/stdio/sscanf.o
LOAD lib/stdio/open.o
LOAD lib/stdio/write.o
LOAD lib/stdio/close.o
LOAD lib/sys/socket.o
LOAD lib/sys/connect.o
LOAD lib/arpa/ntohs.o
LOAD lib/arpa/htonl.o
LOAD lib/arpa/htons.o
LOAD lib/arpa/inet_pton.o
LOAD lib/arpa/ntohl.o
LOAD lib/arpa/inet_ntop.o
                [!provide]                        PROVIDE (__executable_start = SEGMENT_START ("text-segment", 0x8048000))
                0x080480d4                        . = (SEGMENT_START ("text-segment", 0x8048000) + SIZEOF_HEADERS)

.interp
 *(.interp)

.note.gnu.build-id
 *(.note.gnu.build-id)

.hash
 *(.hash)

.gnu.hash
 *(.gnu.hash)

.dynsym
 *(.dynsym)

.dynstr
 *(.dynstr)

.gnu.version
 *(.gnu.version)

.gnu.version_d
 *(.gnu.version_d)

.gnu.version_r
 *(.gnu.version_r)

.rel.dyn        0x080480d4        0x0
 *(.rel.init)
 *(.rel.text .rel.text.* .rel.gnu.linkonce.t.*)
 .rel.text      0x080480d4        0x0 kernel/kernel_sub.o
 *(.rel.fini)
 *(.rel.rodata .rel.rodata.* .rel.gnu.linkonce.r.*)
 *(.rel.data.rel.ro .rel.data.rel.ro.* .rel.gnu.linkonce.d.rel.ro.*)
 *(.rel.data .rel.data.* .rel.gnu.linkonce.d.*)
 *(.rel.tdata .rel.tdata.* .rel.gnu.linkonce.td.*)
 *(.rel.tbss .rel.tbss.* .rel.gnu.linkonce.tb.*)
 *(.rel.ctors)
 *(.rel.dtors)
 *(.rel.got)
 .rel.got       0x080480d4        0x0 kernel/kernel_sub.o
 *(.rel.bss .rel.bss.* .rel.gnu.linkonce.b.*)
 *(.rel.ifunc)

.rel.plt        0x080480d4        0x0
 *(.rel.plt)
                [!provide]                        PROVIDE (__rel_iplt_start = .)
 *(.rel.iplt)
 .rel.iplt      0x080480d4        0x0 kernel/kernel_sub.o
                [!provide]                        PROVIDE (__rel_iplt_end = .)

.relr.dyn
 *(.relr.dyn)
                0x08049000                        . = ALIGN (CONSTANT (MAXPAGESIZE))

.init
 *(SORT_NONE(.init))

.plt            0x08049000        0x0
 *(.plt)
 *(.iplt)
 .iplt          0x08049000        0x0 kernel/kernel_sub.o

.plt.got
 *(.plt.got)

.plt.sec
 *(.plt.sec)

.text           0xc0600000    0x13ecd
 *(.text.unlikely .text.*_unlikely .text.unlikely.*)
 *(.text.exit .text.exit.*)
 *(.text.startup .text.startup.*)
 *(.text.hot .text.hot.*)
 *(SORT_BY_NAME(.text.sorted.*))
 *(.text .stub .text.* .gnu.linkonce.t.*)
 .text          0xc0600000       0x71 kernel/kernel_sub.o
                0xc0600000                _start
 *fill*         0xc0600071        0xf 
 .text          0xc0600080      0x3d2 kernel/kernel.o
                0xc0600080                InterruptTest
                0xc060008c                disp_str_len
                0xc06000d9                disp_str
                0xc0600114                disp_str_colour
                0xc0600150                divide_zero_fault
                0xc0600156                single_step_fault
                0xc060015c                non_maskable_interrupt
                0xc0600162                breakpoint_trap
                0xc0600168                overflow_trap
                0xc060016e                bound_range_exceeded_fault
                0xc0600174                invalid_opcode_fault
                0xc060017a                coprocessor_not_available_fault
                0xc0600180                double_fault_exception_abort
                0xc0600184                coprocessor_segment_overrun
                0xc060018a                invalid_task_state_segment_fault
                0xc060018e                segment_not_present_fault
                0xc0600192                stack_exception_fault
                0xc0600196                general_protection_exception_fault
                0xc06001a1                page_fault
                0xc06001a5                coprocessor_error_fault
                0xc06001ab                align_check_fault
                0xc06001af                simd_float_exception_fault
                0xc06001be                hwint0
                0xc06001ee                hwint1
                0xc0600231                hwint14
                0xc0600277                hwint10
                0xc06002ba                sys_call
                0xc0600300                fork_restart
                0xc060030f                restart
                0xc0600332                in_byte
                0xc060033e                out_byte
                0xc0600360                disable_int
                0xc0600362                enable_int
                0xc06003f8                enable_8259A_casecade_irq
                0xc0600402                disable_8259A_casecade_irq
                0xc060040c                enable_8259A_slave_winchester_irq
                0xc0600416                disable_8259A_slave_winchester_irq
                0xc0600420                update_cr3
                0xc060042d                update_tss
                0xc060043c                get_running_thread_pcb
                0xc0600442                sys_call_test
                0xc0600445                enable_8259A_slave_net_irq
 *fill*         0xc0600452        0xe 
 .text          0xc0600460       0x6a syscall.o
                0xc0600460                write_debug
                0xc0600470                send_msg
                0xc0600486                receive_msg
                0xc060049c                sys_malloc
                0xc06004b1                sys_free
 *fill*         0xc06004ca        0x6 
 .text          0xc06004d0       0x15 switch_to.o
                0xc06004d0                switch_to
 *fill*         0xc06004e5        0xb 
 .text          0xc06004f0      0x28d network/ne2000.o
                0xc0600513                DriverInitialize
                0xc060059d                StartSendToPhysicalLink
                0xc06005b8                SetPageStart
                0xc06005e7                DriverSend
                0xc0600661                PCtoNIC
                0xc06006cc                get_interrupt_status
                0xc06006e9                set_interrupt_status
                0xc0600709                get_curr_page
                0xc0600726                NICtoPC
 .text          0xc060077d      0x2ee double_link_list.o
                0xc060077d                initDoubleLinkList
                0xc06007cd                isListEmpty
                0xc06007fb                findElementInList
                0xc0600892                appendToDoubleLinkList
                0xc0600958                insertToDoubleLinkList
                0xc06009dc                popFromDoubleLinkList
 .text          0xc0600a6b     0x2d8b kernel_main_old.o
                0xc0600a6b                stop_here
                0xc0600aaf                catch_error
                0xc0600b14                intr_enable
                0xc0600b3d                intr_disable
                0xc0600b66                intr_set_status
                0xc0600b84                intr_get_status
                0xc0600ba1                Memcpy
                0xc0600bd4                untar
                0xc0600ee4                num_to_string
                0xc0600f8a                disp_int
                0xc0600fb3                do_page_fault
                0xc06010f0                exception_handler
                0xc06012db                init_internal_interrupt
                0xc0601450                spurious_irq
                0xc06014de                init_keyboard
                0xc0601521                TestTTY
                0xc06015c0                TestReadReturnValue
                0xc060163d                TestWriteReturnValue
                0xc0601711                TestFS2
                0xc060171f                TestFS
                0xc0601bc1                wait_exit
                0xc0601cbf                INIT_fork
                0xc0601fb2                simple_shell
                0xc0602139                test_shell
                0xc06021a1                test_exec
                0xc0602294                INIT
                0xc06022a1                TestA
                0xc06022d6                delay
                0xc060231a                TestB
                0xc0602332                TestC
                0xc0602365                sys_get_ticks
                0xc0602375                sys_write
                0xc06023c9                milli_delay
                0xc06023f3                TaskSys
                0xc06023f8                Printf
                0xc06024ca                sprintf
                0xc06024f6                vsprintf
                0xc06026a2                printx
                0xc06026e5                sys_printx
                0xc06027b1                spin
                0xc06027d7                panic
                0xc06027f5                assertion_failure
                0xc0602867                assertion_failure2
                0xc06028dc                dead_lock
                0xc06028e6                sys_send_msg
                0xc0602e05                sys_receive_msg
                0xc0603465                send_rec
                0xc0603560                block
                0xc060359c                unblock
                0xc06035ec                get_ticks_ipc
                0xc06035ff                itoa
                0xc0603655                i2a
                0xc06036bb                inform_int
                0xc0603787                deprecate_strcmp
 .text          0xc06037f6      0x515 kernel_main.o
                0xc06037f6                kernel_main
                0xc06039d0                init
                0xc0603a67                kernel_thread_a
                0xc0603ab4                kernel_thread_b
                0xc0603b01                kernel_thread_c
                0xc0603b17                kernel_thread_d
                0xc0603b2d                user_proc_a
                0xc0603cee                user_proc_b
 .text          0xc0603d0b      0x3b3 protect.o
                0xc0603d0b                InitDescriptor
                0xc0603d78                Seg2PhyAddr
                0xc0603db9                Seg2PhyAddrLDT
                0xc0603dfd                VirAddr2PhyAddr
                0xc0603e13                v2l
                0xc0603e56                init_propt
                0xc0603fd7                InitInterruptDesc
                0xc0604033                ReloadGDT
 .text          0xc06040be      0xad3 console.o
                0xc06040be                select_console
                0xc06040fa                flush
                0xc0604133                set_cursor
                0xc0604191                set_console_start_video_addr
                0xc06041ef                put_key
                0xc060425b                scroll_up
                0xc060429d                scroll_down
                0xc0604308                out_char
                0xc06044c5                tty_dev_read
                0xc06044ef                tty_dev_write
                0xc060471c                tty_do_read
                0xc06047e4                tty_do_write
                0xc060494d                init_screen
                0xc06049d6                init_tty
                0xc0604a8b                TaskTTY
 .text          0xc0604b91        0x0 global.o
 .text          0xc0604b91      0x40f keyboard.o
                0xc0604b91                keyboard_handler
                0xc0604c15                read_from_keyboard_buf
                0xc0604c7b                keyboard_read
                0xc0604dfa                init_keyboard_handler
                0xc0604e0e                in_process
 .text          0xc0604fa0      0x2d3 process.o
                0xc0604fa0                schedule_process
                0xc0605166                clock_handler
                0xc06051f8                pid2proc
                0xc060525c                proc2pid
 .text          0xc0605273      0x1b2 thread.o
                0xc0605273                kernel_thread
                0xc060528b                thread_init
                0xc0605338                thread_create
                0xc060536d                thread_start
 .text          0xc0605425      0x730 my_process.o
                0xc0605425                create_user_process_address_space
                0xc06054b5                user_process
                0xc06055e2                clone_pcb
                0xc0605754                build_body_stack
                0xc0605887                build_process_kernel_stack
                0xc060594a                fork_process
                0xc06059db                process_execute
 .text          0xc0605b55      0x15b network/skbuff.o
                0xc0605b6e                alloc_skb
                0xc0605bff                free_skb
                0xc0605c32                skb_reserve
                0xc0605c4e                skb_push
                0xc0605c7d                skb_head
                0xc0605c88                skb_reset_header
 .text          0xc0605cb0      0x66c network/socket.o
                0xc0605d60                test
                0xc0605dbc                socket_debug
                0xc0605e1d                free_socket
                0xc0605ed9                _socket
                0xc0605f98                _bind
                0xc0605feb                _connect
                0xc060603d                _write
                0xc0606094                _read
                0xc06060eb                _recvfrom
                0xc060612c                _sendto
                0xc0606183                _close
                0xc0606202                _listen
                0xc0606268                _accept
 .text          0xc060631c      0x4f0 network/ip_input.o
                0xc06064a6                call_ip_rcv
                0xc06065c0                ip_rcv
 .text          0xc060680c      0x8cd network/udp_sock.o
                0xc0606a4a                udp_lookup_sock
                0xc0606a91                udp_init
                0xc0606ac2                udp_close
                0xc0606ae8                udp_sock_init
                0xc0606af2                udp_recvfrom
                0xc0606b8b                udp_connect
                0xc0606c64                udp_write
                0xc0606c90                udp_alloc_skb
                0xc0606cda                udp_sendto
                0xc0606dce                udp_send
                0xc0606f0c                udp_alloc_sock
                0xc0606f4d                udp_free_sock
                0xc0606f71                udp_read
 .text          0xc06070d9      0x234 network/icmpv4.o
                0xc06070e7                icmpv4_incoming
                0xc060715b                icmpv4_reply
                0xc0607234                icmpv4_timestamp
 .text          0xc060730d      0x429 network/inet.o
                0xc060730d                inet_create
                0xc06073bd                inet_socket
                0xc06073c7                inet_connect
                0xc060741b                inet_write
                0xc0607447                inet_read
                0xc0607473                inet_close
                0xc06074c2                inet_free
                0xc06074f8                inet_bind
                0xc0607601                inet_listen
                0xc060764a                inet_accept
                0xc06076f5                inet_sendto
                0xc0607720                inet_recvfrom
 .text          0xc0607736      0x450 network/tcp.o
                0xc060792b                tcp_in
                0xc06079df                tcp_checksum
                0xc0607a0b                __tcp_set_state
                0xc0607a1a                tcp_generate_port
                0xc0607a63                tcp_generate_isn
                0xc0607a75                tcp_done
                0xc0607a9e                tcp_clear_timers
                0xc0607aad                tcp_stop_retransmission_timer
                0xc0607ac6                tcp_release_retransmission_timer
                0xc0607adf                tcp_stop_delack_timer
                0xc0607af2                tcp_release_delack_timer
                0xc0607b05                tcp_handle_fin_state
                0xc0607b6a                tcp_enter_time_wait
 .text          0xc0607b86      0x42e network/route.o
                0xc0607c96                route_add
                0xc0607cdd                route_init
                0xc0607d8f                call_route_lookup
                0xc0607ed9                route_lookup
 .text          0xc0607fb4      0x203 network/sock.o
                0xc06080e6                sk_alloc
                0xc060810d                sk_init
                0xc0608161                sk_init_with_socket
                0xc060818a                sk_free
 .text          0xc06081b7      0xbbe network/tcp_output.o
                0xc060867d                tcp_send_synack
                0xc0608720                tcp_send_delack
                0xc060875b                tcp_send_ack
                0xc06088a7                tcp_send_fin
                0xc060891c                tcp_select_initial_window
                0xc0608ace                tcp_reset_retransmission_timer
                0xc0608aeb                tcp_begin_connect
                0xc0608b95                tcp_send
                0xc0608c7a                tcp_send_reset
                0xc0608cfa                tcp_queue_fin
 .text          0xc0608d75      0xbdd network/arp.o
                0xc0608e9e                call_update_arp_translation_table
                0xc06090d6                insert_arp_translation_table
                0xc0609158                update_arp_translation_table
                0xc0609217                arp_init
                0xc060921d                arp_rcv
                0xc0609406                arp_request
                0xc0609573                arp_reply
                0xc06096d6                call_arp_get_hwaddr
                0xc0609820                arp_get_hwaddr
                0xc0609901                free_arp
 .text          0xc0609952      0x181 network/dst.o
                0xc0609960                print_array
                0xc06099d4                dst_neigh_output
 .text          0xc0609ad3      0xd83 network/tcp_sock.o
                0xc0609d92                tcp_established_or_syn_recvd_socks_enqueue
                0xc0609dab                tcp_established_or_syn_recvd_socks_remove
                0xc0609dbd                call_tcp_connecting_or_listening_socks_enqueue
                0xc0609eb9                tcp_connecting_or_listening_socks_enqueue
                0xc0609f38                tcp_connecting_or_listening_socks_remove
                0xc0609f4a                tcp_alloc_sock
                0xc060a060                tcp_free_sock
                0xc060a0d9                tcp_init
                0xc060a0e3                tcp_sock_init
                0xc060a189                tcp_write
                0xc060a1ca                tcp_read
                0xc060a27d                tcp_close
                0xc060a33b                tcp_recv_notify
                0xc060a366                tcp_v4_connect
                0xc060a5c2                call_tcp_lookup_sock
                0xc060a72d                tcp_lookup_sock
                0xc060a7a6                tcp_lookup_sock2
 .text          0xc060a856      0xe78 network/ipc.o
                0xc060b442                ipc_close
                0xc060b493                ipc_call_from_netdev_rx
                0xc060b4cb                demux_ipc_socket_call
 .text          0xc060b6ce      0x1d3 network/ip_output.o
                0xc060b6dc                ip_output
 .text          0xc060b8a1      0xa11 network/netdev.o
                0xc060ba2f                netdev_init
                0xc060ba76                netdev_transmit
                0xc060bbd8                interrupt_wait2
                0xc060bc31                netdev_rx_loop
                0xc060bd22                call_netdev_get
                0xc060be6c                netdev_get
                0xc060bf21                free_netdev
                0xc060bf4c                local_ipaddress
                0xc060bf89                receive_msg_from_nic
                0xc060c170                receive_msg_from_nic2
                0xc060c29c                net_handler
 .text          0xc060c2b2      0xbe0 network/tcp_input.o
                0xc060c9f3                tcp_process
                0xc060cdd0                tcp_receive
 .text          0xc060ce92      0x356 network/task_network.o
                0xc060cee6                init_dev
                0xc060d04d                task_network
                0xc060d19e                task_netdev_rx
 .text          0xc060d1e8      0x3e0 network/udp.o
                0xc060d2f3                udp_generate_port
                0xc060d33c                udp_checksum
                0xc060d40a                udp_in
                0xc060d49b                udp_data_dequeue
                0xc060d5a3                udp_data_enqueue
 .text          0xc060d5c8      0x54a network/tcp_data.o
                0xc060d8b3                tcp_data_dequeue
                0xc060d9e0                tcp_data_queue
 .text          0xc060db12      0x1e7 network/utils.o
                0xc060db12                run_cmd
                0xc060db1f                print_err
                0xc060db36                parse_ipv4_string
                0xc060db95                ip_pton
                0xc060dbdd                sum_every_16bits
                0xc060dc34                checksum
                0xc060dc75                tcp_udp_checksum
 .text          0xc060dcf9      0xe84 hd/hd.o
                0xc060dcf9                TaskHD
                0xc060dd44                init_hd
                0xc060dd5e                hd_handle
                0xc060de63                hd_cmd_out
                0xc060df65                hd_identify
                0xc060e01c                print_hdinfo
                0xc060e1aa                print_dpt_entry
                0xc060e216                get_partition_table
                0xc060e2f5                partition
                0xc060e50f                hd_open
                0xc060e5bf                get_hd_ioctl
                0xc060e679                wait_for
                0xc060e6aa                interrupt_wait
                0xc060e703                hd_rdwt
                0xc060e9a5                hd_handler
                0xc060e9d6                debug_ticks
                0xc060ea14                waitfor
                0xc060ea58                print_hd_info
                0xc060eb45                is_empty
 .text          0xc060eb7d     0x2081 fs/fs_main.o
                0xc060eb7d                task_fs
                0xc060ed91                rd_wt
                0xc060ee73                mkfs
                0xc060f455                init_fs
                0xc060f4af                do_open
                0xc060f6b8                search_file
                0xc060f7ea                strip_path
                0xc060f8b6                get_inode
                0xc060fa78                create_file
                0xc060fb83                alloc_imap_bit
                0xc060fc80                alloc_smap_bit
                0xc060fe21                new_inode
                0xc060ff3f                new_dir_entry
                0xc061014b                do_unlink
                0xc0610627                do_rdwt
                0xc06109b2                sync_inode
                0xc0610b06                put_inode
                0xc0610b44                do_close
                0xc0610b96                get_super_block
 .text          0xc0610bfe      0x24f mm/forkexit.o
                0xc0610bfe                do_fork
                0xc0610c6c                do_exit
                0xc0610cf6                do_wait
                0xc0610df3                cleanup
 .text          0xc0610e4d      0x419 mm/exec.o
                0xc0610e4d                do_exec
 .text          0xc0611266      0x14e mm/main.o
                0xc0611266                TaskMM
                0xc0611395                alloc_mem
 .text          0xc06113b4     0x1118 mem/mem.o
                0xc06113b4                init_bitmap
                0xc06113d7                test_bit_val
                0xc0611440                set_bit_val
                0xc06114bb                set_bits
                0xc06114f5                get_first_free_bit
                0xc0611539                get_bits
                0xc0611601                get_a_page
                0xc06116b5                get_virtual_address_start_with_addr
                0xc061174f                get_virtual_address
                0xc06117df                ptr_pde
                0xc06117f2                ptr_pte
                0xc0611819                add_map_entry
                0xc06118aa                alloc_virtual_memory
                0xc0611976                get_physical_address_proc
                0xc06119f2                get_physical_address
                0xc0611a24                alloc_physical_memory_of_proc
                0xc0611b13                alloc_physical_memory
                0xc0611bdb                alloc_memory
                0xc0611c3d                get_a_virtual_page
                0xc0611c75                block2arena
                0xc0611c8b                sys_malloc2
                0xc0611fb8                remove_map_entry
                0xc0611fd9                free_a_page
                0xc0612080                sys_free2
                0xc0612086                init_memory_block_desc
                0xc0612157                init_memory2
                0xc061238c                init_memory
 .text          0xc06124cc      0x285 lib/exec.o
                0xc06124cc                exec
                0xc061253d                execv
                0xc061272c                execl
 .text          0xc0612751       0x4b lib/fork.o
                0xc0612751                fork
 .text          0xc061279c       0x2f lib/exit.o
                0xc061279c                exit
 .text          0xc06127cb       0x42 lib/unlink.o
                0xc06127cb                unlink
 .text          0xc061280d       0x44 lib/wait.o
                0xc061280d                wait
 .text          0xc0612851       0xbe lib/socket_close.o
                0xc0612851                socket_close
 .text          0xc061290f      0x12a lib/socket_read.o
                0xc061290f                socket_read
 .text          0xc0612a39       0x29 lib/alloca.o
                0xc0612a39                alloca
 .text          0xc0612a62       0x46 lib/calloc.o
                0xc0612a62                calloc
 .text          0xc0612aa8       0x49 lib/floor.o
                0xc0612aa8                floor
 .text          0xc0612af1      0x193 lib/socket_write.o
                0xc0612af1                socket_write
 .text          0xc0612c84       0x2b lib/getpid.o
                0xc0612c84                getpid
 .text          0xc0612caf       0x9c lib/stdlib/atoi.o
                0xc0612caf                atoi
 .text          0xc0612d4b       0xca lib/stdlib/strtol.o
                0xc0612d4b                strtol
 .text          0xc0612e15       0x85 lib/string/strtok.o
                0xc0612e15                strtok
 .text          0xc0612e9a       0xa8 lib/string/strcmp.o
                0xc0612e9a                strcmp
 .text          0xc0612f42       0xd4 lib/string/strncmp.o
                0xc0612f42                strncmp
 .text          0xc0613016       0x90 lib/string/strpbrk.o
                0xc0613016                strpbrk
 .text          0xc06130a6      0x181 lib/stdio/read.o
                0xc06130a6                read
 .text          0xc0613227       0x17 lib/stdio/perror.o
                0xc0613227                perror
 .text          0xc061323e      0x335 lib/stdio/sscanf.o
                0xc061323e                sscanf
 .text          0xc0613573       0x95 lib/stdio/open.o
                0xc0613573                open
 .text          0xc0613608       0x85 lib/stdio/write.o
                0xc0613608                write
 .text          0xc061368d       0x52 lib/stdio/close.o
                0xc061368d                close
 .text          0xc06136df      0x195 lib/sys/socket.o
                0xc06136df                socket
 .text          0xc0613874      0x179 lib/sys/connect.o
                0xc0613874                connect
 .text          0xc06139ed       0x38 lib/arpa/ntohs.o
                0xc06139ed                ntohs
 .text          0xc0613a25       0x7c lib/arpa/htonl.o
                0xc0613a25                htonl
 .text          0xc0613aa1       0x38 lib/arpa/htons.o
                0xc0613aa1                htons
 .text          0xc0613ad9      0x295 lib/arpa/inet_pton.o
                0xc0613ad9                isValidIPv4
                0xc0613c63                inet_pton
 .text          0xc0613d6e       0x7c lib/arpa/ntohl.o
                0xc0613d6e                ntohl
 .text          0xc0613dea       0xe3 lib/arpa/inet_ntop.o
                0xc0613dea                inet_ntop
 *(.gnu.warning)

.fini
 *(SORT_NONE(.fini))
                [!provide]                        PROVIDE (__etext = .)
                [!provide]                        PROVIDE (_etext = .)
                [!provide]                        PROVIDE (etext = .)
                0xc0614000                        . = ALIGN (CONSTANT (MAXPAGESIZE))
                0xc0614000                        . = SEGMENT_START ("rodata-segment", (ALIGN (CONSTANT (MAXPAGESIZE)) + (. & (CONSTANT (MAXPAGESIZE) - 0x1))))

.rodata         0xc0614000     0x1e7b
 *(.rodata .rodata.* .gnu.linkonce.r.*)
 .rodata        0xc0614000       0x3c double_link_list.o
 *fill*         0xc061403c        0x4 
 .rodata        0xc0614040      0xb61 kernel_main_old.o
 *fill*         0xc0614ba1        0x3 
 .rodata        0xc0614ba4      0x1e4 kernel_main.o
 .rodata        0xc0614d88       0x22 console.o
 *fill*         0xc0614daa        0x2 
 .rodata        0xc0614dac       0x4c process.o
 .rodata        0xc0614df8        0x9 network/skbuff.o
 *fill*         0xc0614e01        0x3 
 .rodata        0xc0614e04      0x23d network/socket.o
 *fill*         0xc0615041        0x3 
 .rodata        0xc0615044       0xde network/ip_input.o
 *fill*         0xc0615122        0x2 
 .rodata        0xc0615124       0x2d network/udp_sock.o
 *fill*         0xc0615151        0x3 
 .rodata        0xc0615154       0x32 network/icmpv4.o
 *fill*         0xc0615186        0x2 
 .rodata        0xc0615188       0x48 network/inet.o
 .rodata        0xc06151d0       0x31 network/tcp.o
 *fill*         0xc0615201        0x3 
 .rodata        0xc0615204       0x36 network/route.o
 .rodata        0xc061523a        0x9 network/sock.o
 *fill*         0xc0615243        0x1 
 .rodata        0xc0615244       0xc3 network/tcp_output.o
 *fill*         0xc0615307        0x1 
 .rodata        0xc0615308       0xbd network/arp.o
 .rodata        0xc06153c5       0x1c network/dst.o
 *fill*         0xc06153e1        0x3 
 .rodata        0xc06153e4       0xe8 network/tcp_sock.o
 .rodata        0xc06154cc      0x180 network/ipc.o
 .rodata        0xc061564c        0x9 network/ip_output.o
 *fill*         0xc0615655        0x3 
 .rodata        0xc0615658      0x16e network/netdev.o
 *fill*         0xc06157c6        0x2 
 .rodata        0xc06157c8       0xd0 network/tcp_input.o
 .rodata        0xc0615898       0x91 network/task_network.o
 .rodata        0xc0615929        0x9 network/udp.o
 .rodata        0xc0615932       0x1e network/tcp_data.o
 .rodata        0xc0615950       0x41 network/utils.o
 *fill*         0xc0615991        0x3 
 .rodata        0xc0615994      0x19c hd/hd.o
 .rodata        0xc0615b30      0x1fb fs/fs_main.o
                0xc0615b30                FSBUF_SIZE
 .rodata        0xc0615d2b       0x21 mm/forkexit.o
 .rodata        0xc0615d4c       0x10 mm/exec.o
 .rodata        0xc0615d5c       0x11 mm/main.o
 .rodata        0xc0615d6d       0x5a mem/mem.o
 .rodata        0xc0615dc7       0x2d lib/exec.o
 .rodata        0xc0615df4        0x9 lib/socket_close.o
 .rodata        0xc0615dfd        0x9 lib/socket_read.o
 .rodata        0xc0615e06        0x9 lib/socket_write.o
 .rodata        0xc0615e0f       0x2a lib/stdio/close.o
 .rodata        0xc0615e39       0x33 lib/sys/socket.o
 .rodata        0xc0615e6c        0x9 lib/sys/connect.o
 .rodata        0xc0615e75        0x3 lib/arpa/inet_pton.o
 .rodata        0xc0615e78        0x3 lib/arpa/inet_ntop.o

.txt            0xc0615e7b       0xaa
 .txt           0xc0615e7b       0x82 string.o
                0xc0615e7b                Memcpy2
                0xc0615ea9                Memset
                0xc0615ec8                Strcpy
                0xc0615ee2                Strlen
 .txt           0xc0615efd       0x28 hd/hd_rdwt.o
                0xc0615efd                read_port
                0xc0615f11                write_port

.rodata1
 *(.rodata1)

.eh_frame_hdr
 *(.eh_frame_hdr)
 *(.eh_frame_entry .eh_frame_entry.*)

.eh_frame       0xc0615f28     0x43d0
 *(.eh_frame)
 .eh_frame      0xc0615f28       0xd8 double_link_list.o
 .eh_frame      0xc0616000      0x6cc kernel_main_old.o
                                0x6e4 (size before relaxing)
 .eh_frame      0xc06166cc      0x104 kernel_main.o
                                0x11c (size before relaxing)
 .eh_frame      0xc06167d0      0x100 protect.o
                                0x118 (size before relaxing)
 .eh_frame      0xc06168d0      0x1e0 console.o
                                0x1f8 (size before relaxing)
 .eh_frame      0xc0616ab0       0xa0 keyboard.o
                                 0xb8 (size before relaxing)
 .eh_frame      0xc0616b50       0x80 process.o
                                 0x98 (size before relaxing)
 .eh_frame      0xc0616bd0       0x80 thread.o
                                 0x98 (size before relaxing)
 .eh_frame      0xc0616c50       0xe0 my_process.o
                                 0xf8 (size before relaxing)
 .eh_frame      0xc0616d30       0xe0 network/skbuff.o
                                 0xf8 (size before relaxing)
 .eh_frame      0xc0616e10      0x2a0 network/socket.o
                                0x2b8 (size before relaxing)
 .eh_frame      0xc06170b0      0x124 network/ip_input.o
                                0x13c (size before relaxing)
 .eh_frame      0xc06171d4      0x404 network/udp_sock.o
                                0x41c (size before relaxing)
 .eh_frame      0xc06175d8       0x80 network/icmpv4.o
                                 0x98 (size before relaxing)
 .eh_frame      0xc0617658      0x180 network/inet.o
                                0x198 (size before relaxing)
 .eh_frame      0xc06177d8      0x268 network/tcp.o
                                0x280 (size before relaxing)
 .eh_frame      0xc0617a40      0x104 network/route.o
                                0x11c (size before relaxing)
 .eh_frame      0xc0617b44      0x1a0 network/sock.o
                                0x1b8 (size before relaxing)
 .eh_frame      0xc0617ce4      0x3c4 network/tcp_output.o
                                0x3dc (size before relaxing)
 .eh_frame      0xc06180a8      0x220 network/arp.o
                                0x238 (size before relaxing)
 .eh_frame      0xc06182c8       0x60 network/dst.o
                                 0x78 (size before relaxing)
 .eh_frame      0xc0618328      0x520 network/tcp_sock.o
                                0x538 (size before relaxing)
 .eh_frame      0xc0618848      0x274 network/ipc.o
                                0x28c (size before relaxing)
 .eh_frame      0xc0618abc       0x40 network/ip_output.o
                                 0x58 (size before relaxing)
 .eh_frame      0xc0618afc      0x230 network/netdev.o
                                0x248 (size before relaxing)
 .eh_frame      0xc0618d2c      0x304 network/tcp_input.o
                                0x31c (size before relaxing)
 .eh_frame      0xc0619030       0x80 network/task_network.o
                                 0x98 (size before relaxing)
 .eh_frame      0xc06190b0      0x1e4 network/udp.o
                                0x1fc (size before relaxing)
 .eh_frame      0xc0619294      0x200 network/tcp_data.o
                                0x218 (size before relaxing)
 .eh_frame      0xc0619494       0xe4 network/utils.o
                                 0xfc (size before relaxing)
 .eh_frame      0xc0619578      0x264 hd/hd.o
                                0x27c (size before relaxing)
 .eh_frame      0xc06197dc      0x27c fs/fs_main.o
                                0x294 (size before relaxing)
 .eh_frame      0xc0619a58       0x80 mm/forkexit.o
                                 0x98 (size before relaxing)
 .eh_frame      0xc0619ad8       0x20 mm/exec.o
                                 0x38 (size before relaxing)
 .eh_frame      0xc0619af8       0x3c mm/main.o
                                 0x54 (size before relaxing)
 .eh_frame      0xc0619b34      0x364 mem/mem.o
                                0x37c (size before relaxing)
 .eh_frame      0xc0619e98       0x60 lib/exec.o
                                 0x78 (size before relaxing)
 .eh_frame      0xc0619ef8       0x20 lib/fork.o
                                 0x38 (size before relaxing)
 .eh_frame      0xc0619f18       0x20 lib/exit.o
                                 0x38 (size before relaxing)
 .eh_frame      0xc0619f38       0x20 lib/unlink.o
                                 0x38 (size before relaxing)
 .eh_frame      0xc0619f58       0x20 lib/wait.o
                                 0x38 (size before relaxing)
 .eh_frame      0xc0619f78       0x20 lib/socket_close.o
                                 0x38 (size before relaxing)
 .eh_frame      0xc0619f98       0x20 lib/socket_read.o
                                 0x38 (size before relaxing)
 .eh_frame      0xc0619fb8       0x20 lib/alloca.o
                                 0x38 (size before relaxing)
 .eh_frame      0xc0619fd8       0x20 lib/calloc.o
                                 0x38 (size before relaxing)
 .eh_frame      0xc0619ff8       0x20 lib/floor.o
                                 0x38 (size before relaxing)
 .eh_frame      0xc061a018       0x20 lib/socket_write.o
                                 0x38 (size before relaxing)
 .eh_frame      0xc061a038       0x20 lib/getpid.o
                                 0x38 (size before relaxing)
 .eh_frame      0xc061a058       0x20 lib/stdlib/atoi.o
                                 0x38 (size before relaxing)
 .eh_frame      0xc061a078       0x20 lib/stdlib/strtol.o
                                 0x38 (size before relaxing)
 .eh_frame      0xc061a098       0x20 lib/string/strtok.o
                                 0x38 (size before relaxing)
 .eh_frame      0xc061a0b8       0x20 lib/string/strcmp.o
                                 0x38 (size before relaxing)
 .eh_frame      0xc061a0d8       0x20 lib/string/strncmp.o
                                 0x38 (size before relaxing)
 .eh_frame      0xc061a0f8       0x20 lib/string/strpbrk.o
                                 0x38 (size before relaxing)
 .eh_frame      0xc061a118       0x20 lib/stdio/read.o
                                 0x38 (size before relaxing)
 .eh_frame      0xc061a138       0x20 lib/stdio/perror.o
                                 0x38 (size before relaxing)
 .eh_frame      0xc061a158       0x20 lib/stdio/sscanf.o
                                 0x38 (size before relaxing)
 .eh_frame      0xc061a178       0x20 lib/stdio/open.o
                                 0x38 (size before relaxing)
 .eh_frame      0xc061a198       0x20 lib/stdio/write.o
                                 0x38 (size before relaxing)
 .eh_frame      0xc061a1b8       0x20 lib/stdio/close.o
                                 0x38 (size before relaxing)
 .eh_frame      0xc061a1d8       0x20 lib/sys/socket.o
                                 0x38 (size before relaxing)
 .eh_frame      0xc061a1f8       0x20 lib/sys/connect.o
                                 0x38 (size before relaxing)
 .eh_frame      0xc061a218       0x20 lib/arpa/ntohs.o
                                 0x38 (size before relaxing)
 .eh_frame      0xc061a238       0x20 lib/arpa/htonl.o
                                 0x38 (size before relaxing)
 .eh_frame      0xc061a258       0x20 lib/arpa/htons.o
                                 0x38 (size before relaxing)
 .eh_frame      0xc061a278       0x40 lib/arpa/inet_pton.o
                                 0x58 (size before relaxing)
 .eh_frame      0xc061a2b8       0x20 lib/arpa/ntohl.o
                                 0x38 (size before relaxing)
 .eh_frame      0xc061a2d8       0x20 lib/arpa/inet_ntop.o
                                 0x38 (size before relaxing)
 *(.eh_frame.*)

.sframe
 *(.sframe)
 *(.sframe.*)

.gcc_except_table
 *(.gcc_except_table .gcc_except_table.*)

.gnu_extab
 *(.gnu_extab*)

.exception_ranges
 *(.exception_ranges*)
                0xc061b000                        . = DATA_SEGMENT_ALIGN (CONSTANT (MAXPAGESIZE), CONSTANT (COMMONPAGESIZE))

.eh_frame
 *(.eh_frame)
 *(.eh_frame.*)

.sframe
 *(.sframe)
 *(.sframe.*)

.gnu_extab
 *(.gnu_extab)

.gcc_except_table
 *(.gcc_except_table .gcc_except_table.*)

.exception_ranges
 *(.exception_ranges*)

.tdata          0xc061b000        0x0
                [!provide]                        PROVIDE (__tdata_start = .)
 *(.tdata .tdata.* .gnu.linkonce.td.*)

.tbss
 *(.tbss .tbss.* .gnu.linkonce.tb.*)
 *(.tcommon)

.preinit_array  0xc061b000        0x0
                [!provide]                        PROVIDE (__preinit_array_start = .)
 *(.preinit_array)
                [!provide]                        PROVIDE (__preinit_array_end = .)

.init_array     0xc061b000        0x0
                [!provide]                        PROVIDE (__init_array_start = .)
 *(SORT_BY_INIT_PRIORITY(.init_array.*) SORT_BY_INIT_PRIORITY(.ctors.*))
 *(.init_array EXCLUDE_FILE(*crtend?.o *crtend.o *crtbegin?.o *crtbegin.o) .ctors)
                [!provide]                        PROVIDE (__init_array_end = .)

.fini_array     0xc061b000        0x0
                [!provide]                        PROVIDE (__fini_array_start = .)
 *(SORT_BY_INIT_PRIORITY(.fini_array.*) SORT_BY_INIT_PRIORITY(.dtors.*))
 *(.fini_array EXCLUDE_FILE(*crtend?.o *crtend.o *crtbegin?.o *crtbegin.o) .dtors)
                [!provide]                        PROVIDE (__fini_array_end = .)

.ctors
 *crtbegin.o(.ctors)
 *crtbegin?.o(.ctors)
 *(EXCLUDE_FILE(*crtend?.o *crtend.o) .ctors)
 *(SORT_BY_NAME(.ctors.*))
 *(.ctors)

.dtors
 *crtbegin.o(.dtors)
 *crtbegin?.o(.dtors)
 *(EXCLUDE_FILE(*crtend?.o *crtend.o) .dtors)
 *(SORT_BY_NAME(.dtors.*))
 *(.dtors)

.jcr
 *(.jcr)

.data.rel.ro
 *(.data.rel.ro.local* .gnu.linkonce.d.rel.ro.local.*)
 *(.data.rel.ro .data.rel.ro.* .gnu.linkonce.d.rel.ro.*)

.dynamic
 *(.dynamic)

.got            0xc061b000        0x0
 *(.got)
 .got           0xc061b000        0x0 kernel/kernel_sub.o
 *(.igot)
                0xc061b000                        . = DATA_SEGMENT_RELRO_END (., (SIZEOF (.got.plt) >= 0xc)?0xc:0x0)

.got.plt        0xc061b000        0x0
 *(.got.plt)
 .got.plt       0xc061b000        0x0 kernel/kernel_sub.o
 *(.igot.plt)
 .igot.plt      0xc061b000        0x0 kernel/kernel_sub.o

.data           0xc061b000      0xbb4
 *(.data .data.* .gnu.linkonce.d.*)
 .data          0xc061b000        0xf kernel/kernel_sub.o
 *fill*         0xc061b00f        0x1 
 .data          0xc061b010        0xf kernel/kernel.o
 *fill*         0xc061b01f        0x1 
 .data          0xc061b020        0x0 syscall.o
 .data          0xc061b020        0x0 double_link_list.o
 .data          0xc061b020        0x0 kernel_main_old.o
 .data          0xc061b020        0x0 kernel_main.o
 .data          0xc061b020        0x0 protect.o
 .data          0xc061b020        0x0 console.o
 .data          0xc061b020      0x17c global.o
                0xc061b020                user_task_table
                0xc061b0a0                sys_task_table
                0xc061b180                sys_call_table
 *fill*         0xc061b19c        0x4 
 .data          0xc061b1a0      0x600 keyboard.o
                0xc061b1a0                keymap
 .data          0xc061b7a0        0x0 process.o
 .data          0xc061b7a0        0x0 thread.o
 .data          0xc061b7a0        0x0 my_process.o
 .data          0xc061b7a0        0x4 network/skbuff.o
 *fill*         0xc061b7a4       0x1c 
 .data          0xc061b7c0      0x224 network/socket.o
 .data          0xc061b9e4        0x4 network/ip_input.o
 *fill*         0xc061b9e8       0x18 
 .data          0xc061ba00       0x54 network/udp_sock.o
                0xc061ba20                udp_ops
 .data          0xc061ba54        0x4 network/icmpv4.o
 *fill*         0xc061ba58        0x8 
 .data          0xc061ba60       0x80 network/inet.o
                0xc061ba68                inet
 .data          0xc061bae0        0x8 network/tcp.o
 .data          0xc061bae8        0x4 network/route.o
 .data          0xc061baec        0x4 network/sock.o
 .data          0xc061baf0        0x4 network/tcp_output.o
 .data          0xc061baf4       0x14 network/arp.o
 .data          0xc061bb08        0x4 network/dst.o
 *fill*         0xc061bb0c       0x14 
 .data          0xc061bb20       0x54 network/tcp_sock.o
                0xc061bb40                tcp_ops
 .data          0xc061bb74        0xc network/ipc.o
 .data          0xc061bb80        0x4 network/ip_output.o
 .data          0xc061bb84        0x4 network/netdev.o
 .data          0xc061bb88        0x4 network/tcp_input.o
 .data          0xc061bb8c        0x4 network/task_network.o
 .data          0xc061bb90        0x8 network/udp.o
 .data          0xc061bb98        0x4 network/tcp_data.o
 .data          0xc061bb9c        0x4 network/utils.o
 .data          0xc061bba0        0x0 hd/hd.o
 .data          0xc061bba0        0x0 fs/fs_main.o
 .data          0xc061bba0        0x0 mm/forkexit.o
 .data          0xc061bba0        0x0 mm/exec.o
 .data          0xc061bba0        0x0 mm/main.o
 .data          0xc061bba0        0x0 mem/mem.o
 .data          0xc061bba0        0x0 lib/exec.o
 .data          0xc061bba0        0x0 lib/fork.o
 .data          0xc061bba0        0x0 lib/exit.o
 .data          0xc061bba0        0x0 lib/unlink.o
 .data          0xc061bba0        0x0 lib/wait.o
 .data          0xc061bba0        0x4 lib/socket_close.o
 .data          0xc061bba4        0x4 lib/socket_read.o
 .data          0xc061bba8        0x0 lib/alloca.o
 .data          0xc061bba8        0x0 lib/calloc.o
 .data          0xc061bba8        0x0 lib/floor.o
 .data          0xc061bba8        0x4 lib/socket_write.o
 .data          0xc061bbac        0x0 lib/getpid.o
 .data          0xc061bbac        0x0 lib/stdlib/atoi.o
 .data          0xc061bbac        0x0 lib/stdlib/strtol.o
 .data          0xc061bbac        0x0 lib/string/strtok.o
 .data          0xc061bbac        0x0 lib/string/strcmp.o
 .data          0xc061bbac        0x0 lib/string/strncmp.o
 .data          0xc061bbac        0x0 lib/string/strpbrk.o
 .data          0xc061bbac        0x0 lib/stdio/read.o
 .data          0xc061bbac        0x0 lib/stdio/perror.o
 .data          0xc061bbac        0x0 lib/stdio/sscanf.o
 .data          0xc061bbac        0x0 lib/stdio/open.o
 .data          0xc061bbac        0x0 lib/stdio/write.o
 .data          0xc061bbac        0x0 lib/stdio/close.o
 .data          0xc061bbac        0x4 lib/sys/socket.o
 .data          0xc061bbb0        0x4 lib/sys/connect.o
 .data          0xc061bbb4        0x0 lib/arpa/ntohs.o
 .data          0xc061bbb4        0x0 lib/arpa/htonl.o
 .data          0xc061bbb4        0x0 lib/arpa/htons.o
 .data          0xc061bbb4        0x0 lib/arpa/inet_pton.o
 .data          0xc061bbb4        0x0 lib/arpa/ntohl.o
 .data          0xc061bbb4        0x0 lib/arpa/inet_ntop.o

.data1
 *(.data1)
                0xc061bbb4                        _edata = .
                [!provide]                        PROVIDE (edata = .)
                0xc061bbb4                        . = .
                0xc061bbb4                        __bss_start = .

.bss            0xc061bbc0    0xa58a8
 *(.dynbss)
 *(.bss .bss.* .gnu.linkonce.b.*)
 .bss           0xc061bbc0      0x800 kernel/kernel_sub.o
 .bss           0xc061c3c0      0x800 kernel/kernel.o
 .bss           0xc061cbc0        0x0 double_link_list.o
 .bss           0xc061cbc0        0x0 kernel_main_old.o
 .bss           0xc061cbc0        0x0 kernel_main.o
 .bss           0xc061cbc0        0x0 protect.o
 .bss           0xc061cbc0        0x0 console.o
 .bss           0xc061cbc0        0x0 global.o
 .bss           0xc061cbc0        0x0 keyboard.o
 .bss           0xc061cbc0        0x0 process.o
 .bss           0xc061cbc0        0x0 thread.o
 .bss           0xc061cbc0        0x0 my_process.o
 .bss           0xc061cbc0        0x0 network/skbuff.o
 .bss           0xc061cbc0        0x4 network/socket.o
 .bss           0xc061cbc4        0x0 network/ip_input.o
 .bss           0xc061cbc4        0x4 network/udp_sock.o
 .bss           0xc061cbc8        0x0 network/icmpv4.o
 .bss           0xc061cbc8        0x0 network/inet.o
 .bss           0xc061cbc8        0x0 network/tcp.o
 .bss           0xc061cbc8        0x0 network/route.o
 .bss           0xc061cbc8        0x0 network/sock.o
 .bss           0xc061cbc8        0x0 network/tcp_output.o
 .bss           0xc061cbc8        0x0 network/arp.o
 .bss           0xc061cbc8        0x0 network/dst.o
 .bss           0xc061cbc8        0x0 network/tcp_sock.o
 .bss           0xc061cbc8        0x4 network/ipc.o
 .bss           0xc061cbcc        0x0 network/ip_output.o
 .bss           0xc061cbcc        0x0 network/netdev.o
 .bss           0xc061cbcc        0x0 network/tcp_input.o
 .bss           0xc061cbcc        0x0 network/task_network.o
 .bss           0xc061cbcc        0x0 network/udp.o
 .bss           0xc061cbcc        0x0 network/tcp_data.o
 .bss           0xc061cbcc        0x0 network/utils.o
 .bss           0xc061cbcc        0x0 hd/hd.o
 .bss           0xc061cbcc        0x4 fs/fs_main.o
                0xc061cbcc                c
 .bss           0xc061cbd0        0x0 mm/forkexit.o
 .bss           0xc061cbd0        0x0 mm/exec.o
 .bss           0xc061cbd0        0x0 mm/main.o
 .bss           0xc061cbd0        0x0 mem/mem.o
 .bss           0xc061cbd0        0x0 lib/exec.o
 .bss           0xc061cbd0        0x0 lib/fork.o
 .bss           0xc061cbd0        0x0 lib/exit.o
 .bss           0xc061cbd0        0x0 lib/unlink.o
 .bss           0xc061cbd0        0x0 lib/wait.o
 .bss           0xc061cbd0        0x0 lib/socket_close.o
 .bss           0xc061cbd0        0x0 lib/socket_read.o
 .bss           0xc061cbd0        0x0 lib/alloca.o
 .bss           0xc061cbd0        0x0 lib/calloc.o
 .bss           0xc061cbd0        0x0 lib/floor.o
 .bss           0xc061cbd0        0x0 lib/socket_write.o
 .bss           0xc061cbd0        0x0 lib/getpid.o
 .bss           0xc061cbd0        0x0 lib/stdlib/atoi.o
 .bss           0xc061cbd0        0x0 lib/stdlib/strtol.o
 .bss           0xc061cbd0        0x4 lib/string/strtok.o
 .bss           0xc061cbd4        0x0 lib/string/strcmp.o
 .bss           0xc061cbd4        0x0 lib/string/strncmp.o
 .bss           0xc061cbd4        0x0 lib/string/strpbrk.o
 .bss           0xc061cbd4        0x0 lib/stdio/read.o
 .bss           0xc061cbd4        0x0 lib/stdio/perror.o
 .bss           0xc061cbd4        0x0 lib/stdio/sscanf.o
 .bss           0xc061cbd4        0x0 lib/stdio/open.o
 .bss           0xc061cbd4        0x0 lib/stdio/write.o
 .bss           0xc061cbd4        0x0 lib/stdio/close.o
 .bss           0xc061cbd4        0x0 lib/sys/socket.o
 .bss           0xc061cbd4        0x0 lib/sys/connect.o
 .bss           0xc061cbd4        0x0 lib/arpa/ntohs.o
 .bss           0xc061cbd4        0x0 lib/arpa/htonl.o
 .bss           0xc061cbd4        0x0 lib/arpa/htons.o
 .bss           0xc061cbd4        0x0 lib/arpa/inet_pton.o
 .bss           0xc061cbd4        0x0 lib/arpa/ntohl.o
 .bss           0xc061cbd4        0x0 lib/arpa/inet_ntop.o
 *(COMMON)
 *fill*         0xc061cbd4        0xc 
 COMMON         0xc061cbe0     0x17dc double_link_list.o
                0xc061cbe0                current_tty
                0xc061cbe4                is_e0
                0xc061cbe8                idt_ptr
                0xc061cbf0                pid
                0xc061cbf4                KernelVirtualMemory
                0xc061cc00                loop
                0xc061cc04                current_dis_pos
                0xc061cc08                dis_pos
                0xc061cc0c                netdev
                0xc061cc10                k_reenter
                0xc061cc20                gdt
                0xc061d020                proc_ready_table
                0xc061d024                test_ticks
                0xc061d028                pcaller
                0xc061d040                keyboard_buffer
                0xc061d24c                pcb_list
                0xc061d25c                gdt_index
                0xc061d260                tty_table
                0xc061daa0                tss
                0xc061db0c                KernelPool
                0xc061db1c                net_buf
                0xc061db20                nic_current_page
                0xc061db24                counter
                0xc061db28                key_pressed
                0xc061db2c                fork_pid
                0xc061db30                is_shift
                0xc061db31                net_data
                0xc061db34                tcp_connecting_or_listening_socks
                0xc061db38                routes
                0xc061db3c                gdt_ptr
                0xc061db60                idt
                0xc061e360                main_thread
                0xc061e368                ticks
                0xc061e370                is_init
                0xc061e374                UserPool
                0xc061e384                tcp_establised_or_syn_recvd_socks
                0xc061e388                all_pcb_list
                0xc061e398                console_table
                0xc061e3a8                is_disp
                0xc061e3ac                MAIN_THREAD_PAGE_DIRECTORY
                0xc061e3b0                helloStr
 *fill*         0xc061e3bc        0x4 
 COMMON         0xc061e3c0    0xa1d40 global.o
                0xc061e3c0                proc_stack
                0xc06be3c0                proc_table
 COMMON         0xc06c0100      0x440 hd/hd.o
                0xc06c0100                hd_info
                0xc06c0340                hd_cache
 COMMON         0xc06c0540      0xe68 fs/fs_main.o
                0xc06c0540                file_desc_table
                0xc06c0940                phy_super_block_buf
                0xc06c0944                phy_fsbuf
                0xc06c0960                inode_table
                0xc06c1360                super_block_buf
                0xc06c1364                fsbuf
                0xc06c1380                root
 *fill*         0xc06c13a8       0x18 
 COMMON         0xc06c13c0       0xa8 mem/mem.o
                0xc06c13c0                kernel_mem_block_decs_array
                0xc06c1468                        . = ALIGN ((. != 0x0)?0x4:0x1)
                0xc06c1468                        . = ALIGN (0x4)
                0xc06c1468                        . = SEGMENT_START ("ldata-segment", .)
                0xc06c1468                        . = ALIGN (0x4)
                0xc06c1468                        _end = .
                [!provide]                        PROVIDE (end = .)
                0xc06c1468                        . = DATA_SEGMENT_END (.)

.stab
 *(.stab)

.stabstr
 *(.stabstr)

.stab.excl
 *(.stab.excl)

.stab.exclstr
 *(.stab.exclstr)

.stab.index
 *(.stab.index)

.stab.indexstr
 *(.stab.indexstr)

.comment        0x00000000       0x2c
 *(.comment)
 .comment       0x00000000       0x2c double_link_list.o
                                 0x2d (size before relaxing)
 .comment       0x0000002c       0x2d kernel_main_old.o
 .comment       0x0000002c       0x2d kernel_main.o
 .comment       0x0000002c       0x2d protect.o
 .comment       0x0000002c       0x2d console.o
 .comment       0x0000002c       0x2d global.o
 .comment       0x0000002c       0x2d keyboard.o
 .comment       0x0000002c       0x2d process.o
 .comment       0x0000002c       0x2d thread.o
 .comment       0x0000002c       0x2d my_process.o
 .comment       0x0000002c       0x2d network/skbuff.o
 .comment       0x0000002c       0x2d network/socket.o
 .comment       0x0000002c       0x2d network/ip_input.o
 .comment       0x0000002c       0x2d network/udp_sock.o
 .comment       0x0000002c       0x2d network/icmpv4.o
 .comment       0x0000002c       0x2d network/inet.o
 .comment       0x0000002c       0x2d network/tcp.o
 .comment       0x0000002c       0x2d network/route.o
 .comment       0x0000002c       0x2d network/sock.o
 .comment       0x0000002c       0x2d network/tcp_output.o
 .comment       0x0000002c       0x2d network/arp.o
 .comment       0x0000002c       0x2d network/dst.o
 .comment       0x0000002c       0x2d network/tcp_sock.o
 .comment       0x0000002c       0x2d network/ipc.o
 .comment       0x0000002c       0x2d network/ip_output.o
 .comment       0x0000002c       0x2d network/netdev.o
 .comment       0x0000002c       0x2d network/tcp_input.o
 .comment       0x0000002c       0x2d network/task_network.o
 .comment       0x0000002c       0x2d network/udp.o
 .comment       0x0000002c       0x2d network/tcp_data.o
 .comment       0x0000002c       0x2d network/utils.o
 .comment       0x0000002c       0x2d hd/hd.o
 .comment       0x0000002c       0x2d fs/fs_main.o
 .comment       0x0000002c       0x2d mm/forkexit.o
 .comment       0x0000002c       0x2d mm/exec.o
 .comment       0x0000002c       0x2d mm/main.o
 .comment       0x0000002c       0x2d mem/mem.o
 .comment       0x0000002c       0x2d lib/exec.o
 .comment       0x0000002c       0x2d lib/fork.o
 .comment       0x0000002c       0x2d lib/exit.o
 .comment       0x0000002c       0x2d lib/unlink.o
 .comment       0x0000002c       0x2d lib/wait.o
 .comment       0x0000002c       0x2d lib/socket_close.o
 .comment       0x0000002c       0x2d lib/socket_read.o
 .comment       0x0000002c       0x2d lib/alloca.o
 .comment       0x0000002c       0x2d lib/calloc.o
 .comment       0x0000002c       0x2d lib/floor.o
 .comment       0x0000002c       0x2d lib/socket_write.o
 .comment       0x0000002c       0x2d lib/getpid.o
 .comment       0x0000002c       0x2d lib/stdlib/atoi.o
 .comment       0x0000002c       0x2d lib/stdlib/strtol.o
 .comment       0x0000002c       0x2d lib/string/strtok.o
 .comment       0x0000002c       0x2d lib/string/strcmp.o
 .comment       0x0000002c       0x2d lib/string/strncmp.o
 .comment       0x0000002c       0x2d lib/string/strpbrk.o
 .comment       0x0000002c       0x2d lib/stdio/read.o
 .comment       0x0000002c       0x2d lib/stdio/perror.o
 .comment       0x0000002c       0x2d lib/stdio/sscanf.o
 .comment       0x0000002c       0x2d lib/stdio/open.o
 .comment       0x0000002c       0x2d lib/stdio/write.o
 .comment       0x0000002c       0x2d lib/stdio/close.o
 .comment       0x0000002c       0x2d lib/sys/socket.o
 .comment       0x0000002c       0x2d lib/sys/connect.o
 .comment       0x0000002c       0x2d lib/arpa/ntohs.o
 .comment       0x0000002c       0x2d lib/arpa/htonl.o
 .comment       0x0000002c       0x2d lib/arpa/htons.o
 .comment       0x0000002c       0x2d lib/arpa/inet_pton.o
 .comment       0x0000002c       0x2d lib/arpa/ntohl.o
 .comment       0x0000002c       0x2d lib/arpa/inet_ntop.o

.gnu.build.attributes
 *(.gnu.build.attributes .gnu.build.attributes.*)

.debug
 *(.debug)

.line
 *(.line)

.debug_srcinfo
 *(.debug_srcinfo)

.debug_sfnames
 *(.debug_sfnames)

.debug_aranges  0x00000000      0x898
 *(.debug_aranges)
 .debug_aranges
                0x00000000       0x20 double_link_list.o
 .debug_aranges
                0x00000020       0x20 kernel_main_old.o
 .debug_aranges
                0x00000040       0x20 kernel_main.o
 .debug_aranges
                0x00000060       0x20 protect.o
 .debug_aranges
                0x00000080       0x20 console.o
 .debug_aranges
                0x000000a0       0x18 global.o
 .debug_aranges
                0x000000b8       0x20 keyboard.o
 .debug_aranges
                0x000000d8       0x20 process.o
 .debug_aranges
                0x000000f8       0x20 thread.o
 .debug_aranges
                0x00000118       0x20 my_process.o
 .debug_aranges
                0x00000138       0x20 network/skbuff.o
 .debug_aranges
                0x00000158       0x20 network/socket.o
 .debug_aranges
                0x00000178       0x20 network/ip_input.o
 .debug_aranges
                0x00000198       0x20 network/udp_sock.o
 .debug_aranges
                0x000001b8       0x20 network/icmpv4.o
 .debug_aranges
                0x000001d8       0x20 network/inet.o
 .debug_aranges
                0x000001f8       0x20 network/tcp.o
 .debug_aranges
                0x00000218       0x20 network/route.o
 .debug_aranges
                0x00000238       0x20 network/sock.o
 .debug_aranges
                0x00000258       0x20 network/tcp_output.o
 .debug_aranges
                0x00000278       0x20 network/arp.o
 .debug_aranges
                0x00000298       0x20 network/dst.o
 .debug_aranges
                0x000002b8       0x20 network/tcp_sock.o
 .debug_aranges
                0x000002d8       0x20 network/ipc.o
 .debug_aranges
                0x000002f8       0x20 network/ip_output.o
 .debug_aranges
                0x00000318       0x20 network/netdev.o
 .debug_aranges
                0x00000338       0x20 network/tcp_input.o
 .debug_aranges
                0x00000358       0x20 network/task_network.o
 .debug_aranges
                0x00000378       0x20 network/udp.o
 .debug_aranges
                0x00000398       0x20 network/tcp_data.o
 .debug_aranges
                0x000003b8       0x20 network/utils.o
 .debug_aranges
                0x000003d8       0x20 hd/hd.o
 .debug_aranges
                0x000003f8       0x20 fs/fs_main.o
 .debug_aranges
                0x00000418       0x20 mm/forkexit.o
 .debug_aranges
                0x00000438       0x20 mm/exec.o
 .debug_aranges
                0x00000458       0x20 mm/main.o
 .debug_aranges
                0x00000478       0x20 mem/mem.o
 .debug_aranges
                0x00000498       0x20 lib/exec.o
 .debug_aranges
                0x000004b8       0x20 lib/fork.o
 .debug_aranges
                0x000004d8       0x20 lib/exit.o
 .debug_aranges
                0x000004f8       0x20 lib/unlink.o
 .debug_aranges
                0x00000518       0x20 lib/wait.o
 .debug_aranges
                0x00000538       0x20 lib/socket_close.o
 .debug_aranges
                0x00000558       0x20 lib/socket_read.o
 .debug_aranges
                0x00000578       0x20 lib/alloca.o
 .debug_aranges
                0x00000598       0x20 lib/calloc.o
 .debug_aranges
                0x000005b8       0x20 lib/floor.o
 .debug_aranges
                0x000005d8       0x20 lib/socket_write.o
 .debug_aranges
                0x000005f8       0x20 lib/getpid.o
 .debug_aranges
                0x00000618       0x20 lib/stdlib/atoi.o
 .debug_aranges
                0x00000638       0x20 lib/stdlib/strtol.o
 .debug_aranges
                0x00000658       0x20 lib/string/strtok.o
 .debug_aranges
                0x00000678       0x20 lib/string/strcmp.o
 .debug_aranges
                0x00000698       0x20 lib/string/strncmp.o
 .debug_aranges
                0x000006b8       0x20 lib/string/strpbrk.o
 .debug_aranges
                0x000006d8       0x20 lib/stdio/read.o
 .debug_aranges
                0x000006f8       0x20 lib/stdio/perror.o
 .debug_aranges
                0x00000718       0x20 lib/stdio/sscanf.o
 .debug_aranges
                0x00000738       0x20 lib/stdio/open.o
 .debug_aranges
                0x00000758       0x20 lib/stdio/write.o
 .debug_aranges
                0x00000778       0x20 lib/stdio/close.o
 .debug_aranges
                0x00000798       0x20 lib/sys/socket.o
 .debug_aranges
                0x000007b8       0x20 lib/sys/connect.o
 .debug_aranges
                0x000007d8       0x20 lib/arpa/ntohs.o
 .debug_aranges
                0x000007f8       0x20 lib/arpa/htonl.o
 .debug_aranges
                0x00000818       0x20 lib/arpa/htons.o
 .debug_aranges
                0x00000838       0x20 lib/arpa/inet_pton.o
 .debug_aranges
                0x00000858       0x20 lib/arpa/ntohl.o
 .debug_aranges
                0x00000878       0x20 lib/arpa/inet_ntop.o

.debug_pubnames
 *(.debug_pubnames)

.debug_info     0x00000000    0x470f5
 *(.debug_info .gnu.linkonce.wi.*)
 .debug_info    0x00000000     0x10d5 double_link_list.o
 .debug_info    0x000010d5     0x28ee kernel_main_old.o
 .debug_info    0x000039c3     0x11e8 kernel_main.o
 .debug_info    0x00004bab     0x1248 protect.o
 .debug_info    0x00005df3     0x131d console.o
 .debug_info    0x00007110      0xf1d global.o
 .debug_info    0x0000802d     0x1071 keyboard.o
 .debug_info    0x0000909e      0xff5 process.o
 .debug_info    0x0000a093     0x10fc thread.o
 .debug_info    0x0000b18f     0x1530 my_process.o
 .debug_info    0x0000c6bf     0x11f0 network/skbuff.o
 .debug_info    0x0000d8af     0x1c59 network/socket.o
 .debug_info    0x0000f508     0x1c87 network/ip_input.o
 .debug_info    0x0001118f     0x1f37 network/udp_sock.o
 .debug_info    0x000130c6     0x1963 network/icmpv4.o
 .debug_info    0x00014a29     0x1abe network/inet.o
 .debug_info    0x000164e7     0x1e68 network/tcp.o
 .debug_info    0x0001834f     0x13b4 network/route.o
 .debug_info    0x00019703     0x18ba network/sock.o
 .debug_info    0x0001afbd     0x2383 network/tcp_output.o
 .debug_info    0x0001d340     0x19da network/arp.o
 .debug_info    0x0001ed1a     0x12c6 network/dst.o
 .debug_info    0x0001ffe0     0x256c network/tcp_sock.o
 .debug_info    0x0002254c     0x1e48 network/ipc.o
 .debug_info    0x00024394     0x179f network/ip_output.o
 .debug_info    0x00025b33     0x1976 network/netdev.o
 .debug_info    0x000274a9     0x216b network/tcp_input.o
 .debug_info    0x00029614     0x115e network/task_network.o
 .debug_info    0x0002a772     0x1b68 network/udp.o
 .debug_info    0x0002c2da     0x1dd1 network/tcp_data.o
 .debug_info    0x0002e0ab      0x367 network/utils.o
 .debug_info    0x0002e412     0x188c hd/hd.o
 .debug_info    0x0002fc9e     0x1fce fs/fs_main.o
 .debug_info    0x00031c6c     0x1031 mm/forkexit.o
 .debug_info    0x00032c9d     0x126d mm/exec.o
 .debug_info    0x00033f0a      0xe5f mm/main.o
 .debug_info    0x00034d69     0x1df1 mem/mem.o
 .debug_info    0x00036b5a      0xfd3 lib/exec.o
 .debug_info    0x00037b2d      0xe3b lib/fork.o
 .debug_info    0x00038968      0xe46 lib/exit.o
 .debug_info    0x000397ae      0xf24 lib/unlink.o
 .debug_info    0x0003a6d2      0xe54 lib/wait.o
 .debug_info    0x0003b526     0x101a lib/socket_close.o
 .debug_info    0x0003c540     0x1122 lib/socket_read.o
 .debug_info    0x0003d662       0xb6 lib/alloca.o
 .debug_info    0x0003d718      0xf4c lib/calloc.o
 .debug_info    0x0003e664       0x6b lib/floor.o
 .debug_info    0x0003e6cf     0x11ca lib/socket_write.o
 .debug_info    0x0003f899      0xe3b lib/getpid.o
 .debug_info    0x000406d4       0xc9 lib/stdlib/atoi.o
 .debug_info    0x0004079d       0xd6 lib/stdlib/strtol.o
 .debug_info    0x00040873       0xae lib/string/strtok.o
 .debug_info    0x00040921       0xc1 lib/string/strcmp.o
 .debug_info    0x000409e2      0x110 lib/string/strncmp.o
 .debug_info    0x00040af2       0xcf lib/string/strpbrk.o
 .debug_info    0x00040bc1      0xea1 lib/stdio/read.o
 .debug_info    0x00041a62       0x5c lib/stdio/perror.o
 .debug_info    0x00041abe      0x202 lib/stdio/sscanf.o
 .debug_info    0x00041cc0      0xe02 lib/stdio/open.o
 .debug_info    0x00042ac2      0xe9e lib/stdio/write.o
 .debug_info    0x00043960      0xdb6 lib/stdio/close.o
 .debug_info    0x00044716     0x1130 lib/sys/socket.o
 .debug_info    0x00045846     0x11df lib/sys/connect.o
 .debug_info    0x00046a25       0xa8 lib/arpa/ntohs.o
 .debug_info    0x00046acd       0xcb lib/arpa/htonl.o
 .debug_info    0x00046b98       0xa8 lib/arpa/htons.o
 .debug_info    0x00046c40      0x260 lib/arpa/inet_pton.o
 .debug_info    0x00046ea0       0xcb lib/arpa/ntohl.o
 .debug_info    0x00046f6b      0x18a lib/arpa/inet_ntop.o

.debug_abbrev   0x00000000     0x85c7
 *(.debug_abbrev)
 .debug_abbrev  0x00000000      0x216 double_link_list.o
 .debug_abbrev  0x00000216      0x43a kernel_main_old.o
 .debug_abbrev  0x00000650      0x25e kernel_main.o
 .debug_abbrev  0x000008ae      0x227 protect.o
 .debug_abbrev  0x00000ad5      0x2ac console.o
 .debug_abbrev  0x00000d81      0x157 global.o
 .debug_abbrev  0x00000ed8      0x1fb keyboard.o
 .debug_abbrev  0x000010d3      0x1e0 process.o
 .debug_abbrev  0x000012b3      0x222 thread.o
 .debug_abbrev  0x000014d5      0x260 my_process.o
 .debug_abbrev  0x00001735      0x23f network/skbuff.o
 .debug_abbrev  0x00001974      0x327 network/socket.o
 .debug_abbrev  0x00001c9b      0x2d1 network/ip_input.o
 .debug_abbrev  0x00001f6c      0x3b1 network/udp_sock.o
 .debug_abbrev  0x0000231d      0x236 network/icmpv4.o
 .debug_abbrev  0x00002553      0x24b network/inet.o
 .debug_abbrev  0x0000279e      0x332 network/tcp.o
 .debug_abbrev  0x00002ad0      0x263 network/route.o
 .debug_abbrev  0x00002d33      0x273 network/sock.o
 .debug_abbrev  0x00002fa6      0x39b network/tcp_output.o
 .debug_abbrev  0x00003341      0x345 network/arp.o
 .debug_abbrev  0x00003686      0x245 network/dst.o
 .debug_abbrev  0x000038cb      0x3fb network/tcp_sock.o
 .debug_abbrev  0x00003cc6      0x311 network/ipc.o
 .debug_abbrev  0x00003fd7      0x213 network/ip_output.o
 .debug_abbrev  0x000041ea      0x325 network/netdev.o
 .debug_abbrev  0x0000450f      0x355 network/tcp_input.o
 .debug_abbrev  0x00004864      0x1cf network/task_network.o
 .debug_abbrev  0x00004a33      0x2d3 network/udp.o
 .debug_abbrev  0x00004d06      0x2a6 network/tcp_data.o
 .debug_abbrev  0x00004fac      0x17a network/utils.o
 .debug_abbrev  0x00005126      0x2e3 hd/hd.o
 .debug_abbrev  0x00005409      0x2f8 fs/fs_main.o
 .debug_abbrev  0x00005701      0x204 mm/forkexit.o
 .debug_abbrev  0x00005905      0x1c4 mm/exec.o
 .debug_abbrev  0x00005ac9      0x208 mm/main.o
 .debug_abbrev  0x00005cd1      0x330 mem/mem.o
 .debug_abbrev  0x00006001      0x1e8 lib/exec.o
 .debug_abbrev  0x000061e9      0x18a lib/fork.o
 .debug_abbrev  0x00006373      0x19b lib/exit.o
 .debug_abbrev  0x0000650e      0x193 lib/unlink.o
 .debug_abbrev  0x000066a1      0x19f lib/wait.o
 .debug_abbrev  0x00006840      0x1b0 lib/socket_close.o
 .debug_abbrev  0x000069f0      0x1dd lib/socket_read.o
 .debug_abbrev  0x00006bcd       0xcd lib/alloca.o
 .debug_abbrev  0x00006c9a      0x191 lib/calloc.o
 .debug_abbrev  0x00006e2b       0x6a lib/floor.o
 .debug_abbrev  0x00006e95      0x1e2 lib/socket_write.o
 .debug_abbrev  0x00007077      0x18a lib/getpid.o
 .debug_abbrev  0x00007201       0x94 lib/stdlib/atoi.o
 .debug_abbrev  0x00007295       0x8b lib/stdlib/strtol.o
 .debug_abbrev  0x00007320       0x91 lib/string/strtok.o
 .debug_abbrev  0x000073b1       0x94 lib/string/strcmp.o
 .debug_abbrev  0x00007445       0xbe lib/string/strncmp.o
 .debug_abbrev  0x00007503       0xa5 lib/string/strpbrk.o
 .debug_abbrev  0x000075a8      0x1ef lib/stdio/read.o
 .debug_abbrev  0x00007797       0x5c lib/stdio/perror.o
 .debug_abbrev  0x000077f3       0xca lib/stdio/sscanf.o
 .debug_abbrev  0x000078bd      0x1c5 lib/stdio/open.o
 .debug_abbrev  0x00007a82      0x1db lib/stdio/write.o
 .debug_abbrev  0x00007c5d      0x19d lib/stdio/close.o
 .debug_abbrev  0x00007dfa      0x1cc lib/sys/socket.o
 .debug_abbrev  0x00007fc6      0x1d3 lib/sys/connect.o
 .debug_abbrev  0x00008199       0x6c lib/arpa/ntohs.o
 .debug_abbrev  0x00008205       0xa5 lib/arpa/htonl.o
 .debug_abbrev  0x000082aa       0x6c lib/arpa/htons.o
 .debug_abbrev  0x00008316      0x116 lib/arpa/inet_pton.o
 .debug_abbrev  0x0000842c       0xa5 lib/arpa/ntohl.o
 .debug_abbrev  0x000084d1       0xf6 lib/arpa/inet_ntop.o

.debug_line     0x00000000     0xacac
 *(.debug_line .debug_line.* .debug_line_end)
 .debug_line    0x00000000      0x235 double_link_list.o
 .debug_line    0x00000235      0xe38 kernel_main_old.o
 .debug_line    0x0000106d      0x26e kernel_main.o
 .debug_line    0x000012db      0x21d protect.o
 .debug_line    0x000014f8      0x56c console.o
 .debug_line    0x00001a64       0xb3 global.o
 .debug_line    0x00001b17      0x2b4 keyboard.o
 .debug_line    0x00001dcb      0x1dc process.o
 .debug_line    0x00001fa7      0x163 thread.o
 .debug_line    0x0000210a      0x359 my_process.o
 .debug_line    0x00002463      0x1ab network/skbuff.o
 .debug_line    0x0000260e      0x3c8 network/socket.o
 .debug_line    0x000029d6      0x32f network/ip_input.o
 .debug_line    0x00002d05      0x4c8 network/udp_sock.o
 .debug_line    0x000031cd      0x232 network/icmpv4.o
 .debug_line    0x000033ff      0x326 network/inet.o
 .debug_line    0x00003725      0x310 network/tcp.o
 .debug_line    0x00003a35      0x2aa network/route.o
 .debug_line    0x00003cdf      0x238 network/sock.o
 .debug_line    0x00003f17      0x5a1 network/tcp_output.o
 .debug_line    0x000044b8      0x572 network/arp.o
 .debug_line    0x00004a2a      0x1ac network/dst.o
 .debug_line    0x00004bd6      0x694 network/tcp_sock.o
 .debug_line    0x0000526a      0x623 network/ipc.o
 .debug_line    0x0000588d      0x20b network/ip_output.o
 .debug_line    0x00005a98      0x4b3 network/netdev.o
 .debug_line    0x00005f4b      0x680 network/tcp_input.o
 .debug_line    0x000065cb      0x22d network/task_network.o
 .debug_line    0x000067f8      0x302 network/udp.o
 .debug_line    0x00006afa      0x3ff network/tcp_data.o
 .debug_line    0x00006ef9      0x13c network/utils.o
 .debug_line    0x00007035      0x64d hd/hd.o
 .debug_line    0x00007682      0xc43 fs/fs_main.o
 .debug_line    0x000082c5      0x192 mm/forkexit.o
 .debug_line    0x00008457      0x22a mm/exec.o
 .debug_line    0x00008681      0x10a mm/main.o
 .debug_line    0x0000878b      0x78e mem/mem.o
 .debug_line    0x00008f19      0x1a9 lib/exec.o
 .debug_line    0x000090c2       0xc3 lib/fork.o
 .debug_line    0x00009185       0xbe lib/exit.o
 .debug_line    0x00009243       0xde lib/unlink.o
 .debug_line    0x00009321       0xd5 lib/wait.o
 .debug_line    0x000093f6      0x145 lib/socket_close.o
 .debug_line    0x0000953b      0x186 lib/socket_read.o
 .debug_line    0x000096c1       0x5f lib/alloca.o
 .debug_line    0x00009720       0xf9 lib/calloc.o
 .debug_line    0x00009819       0x5a lib/floor.o
 .debug_line    0x00009873      0x1a8 lib/socket_write.o
 .debug_line    0x00009a1b       0xbe lib/getpid.o
 .debug_line    0x00009ad9       0xad lib/stdlib/atoi.o
 .debug_line    0x00009b86       0xbb lib/stdlib/strtol.o
 .debug_line    0x00009c41       0x6e lib/string/strtok.o
 .debug_line    0x00009caf       0x9c lib/string/strcmp.o
 .debug_line    0x00009d4b       0xcc lib/string/strncmp.o
 .debug_line    0x00009e17       0xb0 lib/string/strpbrk.o
 .debug_line    0x00009ec7      0x15b lib/stdio/read.o
 .debug_line    0x0000a022       0x48 lib/stdio/perror.o
 .debug_line    0x0000a06a      0x220 lib/stdio/sscanf.o
 .debug_line    0x0000a28a       0xc3 lib/stdio/open.o
 .debug_line    0x0000a34d       0xe0 lib/stdio/write.o
 .debug_line    0x0000a42d       0xb3 lib/stdio/close.o
 .debug_line    0x0000a4e0      0x194 lib/sys/socket.o
 .debug_line    0x0000a674      0x1a0 lib/sys/connect.o
 .debug_line    0x0000a814       0x6c lib/arpa/ntohs.o
 .debug_line    0x0000a880       0xc1 lib/arpa/htonl.o
 .debug_line    0x0000a941       0x6c lib/arpa/htons.o
 .debug_line    0x0000a9ad      0x167 lib/arpa/inet_pton.o
 .debug_line    0x0000ab14       0xc1 lib/arpa/ntohl.o
 .debug_line    0x0000abd5       0xd7 lib/arpa/inet_ntop.o

.debug_frame
 *(.debug_frame)

.debug_str      0x00000000     0x39af
 *(.debug_str)
 .debug_str     0x00000000     0x39af double_link_list.o
                                0x73e (size before relaxing)
 .debug_str     0x000039af      0xbe7 kernel_main_old.o
 .debug_str     0x000039af      0x7b5 kernel_main.o
 .debug_str     0x000039af      0x7c7 protect.o
 .debug_str     0x000039af      0x7bb console.o
 .debug_str     0x000039af      0x66c global.o
 .debug_str     0x000039af      0x6f8 keyboard.o
 .debug_str     0x000039af      0x6a6 process.o
 .debug_str     0x000039af      0x773 thread.o
 .debug_str     0x000039af      0x95a my_process.o
 .debug_str     0x000039af      0x75e network/skbuff.o
 .debug_str     0x000039af      0x98a network/socket.o
 .debug_str     0x000039af      0xa94 network/ip_input.o
 .debug_str     0x000039af      0xabc network/udp_sock.o
 .debug_str     0x000039af      0x965 network/icmpv4.o
 .debug_str     0x000039af      0x949 network/inet.o
 .debug_str     0x000039af      0xb78 network/tcp.o
 .debug_str     0x000039af      0x812 network/route.o
 .debug_str     0x000039af      0x901 network/sock.o
 .debug_str     0x000039af      0xc68 network/tcp_output.o
 .debug_str     0x000039af      0x971 network/arp.o
 .debug_str     0x000039af      0x779 network/dst.o
 .debug_str     0x000039af      0xd8c network/tcp_sock.o
 .debug_str     0x000039af      0xa1e network/ipc.o
 .debug_str     0x000039af      0x8a1 network/ip_output.o
 .debug_str     0x000039af      0x973 network/netdev.o
 .debug_str     0x000039af      0xbd8 network/tcp_input.o
 .debug_str     0x000039af      0x71b network/task_network.o
 .debug_str     0x000039af      0x998 network/udp.o
 .debug_str     0x000039af      0xa94 network/tcp_data.o
 .debug_str     0x000039af      0x1b8 network/utils.o
 .debug_str     0x000039af      0x975 hd/hd.o
 .debug_str     0x000039af      0xb56 fs/fs_main.o
 .debug_str     0x000039af      0x673 mm/forkexit.o
 .debug_str     0x000039af      0x8c9 mm/exec.o
 .debug_str     0x000039af      0x5f4 mm/main.o
 .debug_str     0x000039af      0xb1a mem/mem.o
 .debug_str     0x000039af      0x688 lib/exec.o
 .debug_str     0x000039af      0x5fa lib/fork.o
 .debug_str     0x000039af      0x601 lib/exit.o
 .debug_str     0x000039af      0x680 lib/unlink.o
 .debug_str     0x000039af      0x601 lib/wait.o
 .debug_str     0x000039af      0x70a lib/socket_close.o
 .debug_str     0x000039af      0x786 lib/socket_read.o
 .debug_str     0x000039af       0xce lib/alloca.o
 .debug_str     0x000039af      0x68d lib/calloc.o
 .debug_str     0x000039af       0xa2 lib/floor.o
 .debug_str     0x000039af      0x7cf lib/socket_write.o
 .debug_str     0x000039af      0x5fe lib/getpid.o
 .debug_str     0x000039af       0xad lib/stdlib/atoi.o
 .debug_str     0x000039af       0xc6 lib/stdlib/strtol.o
 .debug_str     0x000039af       0xb9 lib/string/strtok.o
 .debug_str     0x000039af       0xb1 lib/string/strcmp.o
 .debug_str     0x000039af       0xba lib/string/strncmp.o
 .debug_str     0x000039af       0xc1 lib/string/strpbrk.o
 .debug_str     0x000039af      0x617 lib/stdio/read.o
 .debug_str     0x000039af       0x99 lib/stdio/perror.o
 .debug_str     0x000039af      0x109 lib/stdio/sscanf.o
 .debug_str     0x000039af      0x5de lib/stdio/open.o
 .debug_str     0x000039af      0x5f3 lib/stdio/write.o
 .debug_str     0x000039af      0x5a6 lib/stdio/close.o
 .debug_str     0x000039af      0x72b lib/sys/socket.o
 .debug_str     0x000039af      0x792 lib/sys/connect.o
 .debug_str     0x000039af      0x101 lib/arpa/ntohs.o
 .debug_str     0x000039af       0xf4 lib/arpa/htonl.o
 .debug_str     0x000039af      0x102 lib/arpa/htons.o
 .debug_str     0x000039af      0x14c lib/arpa/inet_pton.o
 .debug_str     0x000039af       0xf3 lib/arpa/ntohl.o
 .debug_str     0x000039af      0x10f lib/arpa/inet_ntop.o

.debug_loc
 *(.debug_loc)

.debug_macinfo
 *(.debug_macinfo)

.debug_weaknames
 *(.debug_weaknames)

.debug_funcnames
 *(.debug_funcnames)

.debug_typenames
 *(.debug_typenames)

.debug_varnames
 *(.debug_varnames)

.debug_pubtypes
 *(.debug_pubtypes)

.debug_ranges   0x00000000       0x90
 *(.debug_ranges)
 .debug_ranges  0x00000000       0x30 kernel_main_old.o
 .debug_ranges  0x00000030       0x48 hd/hd.o
 .debug_ranges  0x00000078       0x18 mm/exec.o

.debug_addr
 *(.debug_addr)

.debug_line_str
 *(.debug_line_str)

.debug_loclists
 *(.debug_loclists)

.debug_macro
 *(.debug_macro)

.debug_names
 *(.debug_names)

.debug_rnglists
 *(.debug_rnglists)

.debug_str_offsets
 *(.debug_str_offsets)

.debug_sup
 *(.debug_sup)

.gnu.attributes
 *(.gnu.attributes)

/DISCARD/
 *(.note.GNU-stack)
 *(.gnu_debuglink)
 *(.gnu.lto_*)
OUTPUT(kernel.bin elf32-i386)
