
Merging program properties

Removed property 0xc0010001 to merge double_link_list.o (0x1) and kernel/kernel_sub.o (not found)
Removed property 0xc0010002 to merge double_link_list.o (0x0) and kernel/kernel_sub.o (not found)
Removed property 0xc0010001 to merge double_link_list.o (not found) and kernel_main.o (0x1)
Removed property 0xc0010002 to merge double_link_list.o (not found) and kernel_main.o (0x0)
Removed property 0xc0010001 to merge double_link_list.o (not found) and protect.o (0x1)
Removed property 0xc0010002 to merge double_link_list.o (not found) and protect.o (0x0)
Removed property 0xc0010001 to merge double_link_list.o (not found) and console.o (0x1)
Removed property 0xc0010002 to merge double_link_list.o (not found) and console.o (0x1)
Removed property 0xc0010001 to merge double_link_list.o (not found) and my_process.o (0x1)
Removed property 0xc0010002 to merge double_link_list.o (not found) and my_process.o (0x1)
Removed property 0xc0010001 to merge double_link_list.o (not found) and process.o (0x1)
Removed property 0xc0010002 to merge double_link_list.o (not found) and process.o (0x0)
Removed property 0xc0010001 to merge double_link_list.o (not found) and global.o (0x1)
Removed property 0xc0010002 to merge double_link_list.o (not found) and global.o (0x0)
Removed property 0xc0010001 to merge double_link_list.o (not found) and kernel_main_old.o (0x1)
Removed property 0xc0010002 to merge double_link_list.o (not found) and kernel_main_old.o (0x1)
Removed property 0xc0010001 to merge double_link_list.o (not found) and keyboard.o (0x1)
Removed property 0xc0010002 to merge double_link_list.o (not found) and keyboard.o (0x0)
Removed property 0xc0010001 to merge double_link_list.o (not found) and thread.o (0x1)
Removed property 0xc0010002 to merge double_link_list.o (not found) and thread.o (0x0)
Removed property 0xc0010001 to merge double_link_list.o (not found) and network/socket.o (0x1)
Removed property 0xc0010002 to merge double_link_list.o (not found) and network/socket.o (0x0)
Removed property 0xc0010001 to merge double_link_list.o (not found) and network/ip_input.o (0x1)
Removed property 0xc0010002 to merge double_link_list.o (not found) and network/ip_input.o (0x0)
Removed property 0xc0010001 to merge double_link_list.o (not found) and network/udp_sock.o (0x1)
Removed property 0xc0010002 to merge double_link_list.o (not found) and network/udp_sock.o (0x0)
Removed property 0xc0010001 to merge double_link_list.o (not found) and network/netdev.o (0x1)
Removed property 0xc0010002 to merge double_link_list.o (not found) and network/netdev.o (0x0)
Removed property 0xc0010001 to merge double_link_list.o (not found) and network/tcp.o (0x1)
Removed property 0xc0010002 to merge double_link_list.o (not found) and network/tcp.o (0x0)
Removed property 0xc0010001 to merge double_link_list.o (not found) and network/sock.o (0x1)
Removed property 0xc0010002 to merge double_link_list.o (not found) and network/sock.o (0x0)
Removed property 0xc0010001 to merge double_link_list.o (not found) and network/tcp_output.o (0x1)
Removed property 0xc0010002 to merge double_link_list.o (not found) and network/tcp_output.o (0x1)
Removed property 0xc0010001 to merge double_link_list.o (not found) and network/arp.o (0x1)
Removed property 0xc0010002 to merge double_link_list.o (not found) and network/arp.o (0x0)
Removed property 0xc0010001 to merge double_link_list.o (not found) and network/tcp_sock.o (0x1)
Removed property 0xc0010002 to merge double_link_list.o (not found) and network/tcp_sock.o (0x1)
Removed property 0xc0010001 to merge double_link_list.o (not found) and network/ipc.o (0x1)
Removed property 0xc0010002 to merge double_link_list.o (not found) and network/ipc.o (0x1)
Removed property 0xc0010001 to merge double_link_list.o (not found) and network/icmpv4.o (0x1)
Removed property 0xc0010002 to merge double_link_list.o (not found) and network/icmpv4.o (0x0)
Removed property 0xc0010001 to merge double_link_list.o (not found) and network/ip_output.o (0x1)
Removed property 0xc0010002 to merge double_link_list.o (not found) and network/ip_output.o (0x0)
Removed property 0xc0010001 to merge double_link_list.o (not found) and network/inet.o (0x1)
Removed property 0xc0010002 to merge double_link_list.o (not found) and network/inet.o (0x0)
Removed property 0xc0010001 to merge double_link_list.o (not found) and network/dst.o (0x1)
Removed property 0xc0010002 to merge double_link_list.o (not found) and network/dst.o (0x0)
Removed property 0xc0010001 to merge double_link_list.o (not found) and network/skbuff.o (0x1)
Removed property 0xc0010002 to merge double_link_list.o (not found) and network/skbuff.o (0x0)
Removed property 0xc0010001 to merge double_link_list.o (not found) and network/tcp_input.o (0x1)
Removed property 0xc0010002 to merge double_link_list.o (not found) and network/tcp_input.o (0x0)
Removed property 0xc0010001 to merge double_link_list.o (not found) and network/task_network.o (0x1)
[...]
Memory Configuration

Name             Origin             Length             Attributes
*default*        0x00000000         0xffffffff

Linker script and memory map

Address of section .text set to 0xc0600000
LOAD kernel/kernel_sub.o
LOAD kernel/kernel.o
LOAD syscall.o
LOAD switch_to.o
LOAD string.o
LOAD hd/hd_rdwt.o
LOAD network/ne2000.o
LOAD double_link_list.o
LOAD kernel_main.o
LOAD protect.o
LOAD console.o
LOAD my_process.o
LOAD process.o
LOAD global.o
LOAD kernel_main_old.o
LOAD keyboard.o
LOAD thread.o
LOAD network/socket.o
LOAD network/ip_input.o
LOAD network/udp_sock.o
LOAD network/netdev.o
LOAD network/tcp.o
LOAD network/sock.o
LOAD network/tcp_output.o
LOAD network/arp.o
LOAD network/tcp_sock.o
LOAD network/ipc.o
LOAD network/icmpv4.o
LOAD network/ip_output.o
LOAD network/inet.o
LOAD network/dst.o
LOAD network/skbuff.o
LOAD network/tcp_input.o
LOAD network/task_network.o
LOAD network/route.o
LOAD network/udp.o
LOAD network/tcp_data.o
LOAD network/utils.o
LOAD hd/hd.o
LOAD fs/fs_main.o
LOAD mm/forkexit.o
LOAD mm/exec.o
LOAD mm/main.o
LOAD mem/mem.o
LOAD lib/floor.o
LOAD lib/exec.o
LOAD lib/exit.o
LOAD lib/unlink.o
LOAD lib/wait.o
LOAD lib/socket_close.o
LOAD lib/socket_read.o
LOAD lib/alloca.o
LOAD lib/calloc.o
LOAD lib/fork.o
LOAD lib/socket_write.o
LOAD lib/getpid.o
LOAD lib/stdlib/atoi.o
LOAD lib/stdlib/strtol.o
LOAD lib/string/strtok.o
LOAD lib/string/strcmp.o
LOAD lib/string/strncmp.o
LOAD lib/string/strpbrk.o
LOAD lib/stdio/read.o
LOAD lib/stdio/perror.o
LOAD lib/stdio/sscanf.o
LOAD lib/stdio/open.o
LOAD lib/stdio/write.o
LOAD lib/stdio/close.o
LOAD lib/sys/socket.o
LOAD lib/sys/connect.o
LOAD lib/arpa/ntohs.o
LOAD lib/arpa/htonl.o
LOAD lib/arpa/htons.o
LOAD lib/arpa/inet_pton.o
LOAD lib/arpa/ntohl.o
LOAD lib/arpa/inet_ntop.o
                [!provide]                        PROVIDE (__executable_start = SEGMENT_START ("text-segment", 0x8048000))
                0x080480d4                        . = (SEGMENT_START ("text-segment", 0x8048000) + SIZEOF_HEADERS)

.interp
 *(.interp)

.note.gnu.build-id
 *(.note.gnu.build-id)

.hash
 *(.hash)

.gnu.hash
 *(.gnu.hash)

.dynsym
 *(.dynsym)

.dynstr
 *(.dynstr)

.gnu.version
 *(.gnu.version)

.gnu.version_d
 *(.gnu.version_d)

.gnu.version_r
 *(.gnu.version_r)

.rel.dyn        0x080480d4        0x0
 *(.rel.init)
 *(.rel.text .rel.text.* .rel.gnu.linkonce.t.*)
 .rel.text      0x080480d4        0x0 kernel/kernel_sub.o
 *(.rel.fini)
 *(.rel.rodata .rel.rodata.* .rel.gnu.linkonce.r.*)
 *(.rel.data.rel.ro .rel.data.rel.ro.* .rel.gnu.linkonce.d.rel.ro.*)
 *(.rel.data .rel.data.* .rel.gnu.linkonce.d.*)
 *(.rel.tdata .rel.tdata.* .rel.gnu.linkonce.td.*)
 *(.rel.tbss .rel.tbss.* .rel.gnu.linkonce.tb.*)
 *(.rel.ctors)
 *(.rel.dtors)
 *(.rel.got)
 .rel.got       0x080480d4        0x0 kernel/kernel_sub.o
 *(.rel.bss .rel.bss.* .rel.gnu.linkonce.b.*)
 *(.rel.ifunc)

.rel.plt        0x080480d4        0x0
 *(.rel.plt)
                [!provide]                        PROVIDE (__rel_iplt_start = .)
 *(.rel.iplt)
 .rel.iplt      0x080480d4        0x0 kernel/kernel_sub.o
                [!provide]                        PROVIDE (__rel_iplt_end = .)

.relr.dyn
 *(.relr.dyn)
                0x08049000                        . = ALIGN (CONSTANT (MAXPAGESIZE))

.init
 *(SORT_NONE(.init))

.plt            0x08049000        0x0
 *(.plt)
 *(.iplt)
 .iplt          0x08049000        0x0 kernel/kernel_sub.o

.plt.got
 *(.plt.got)

.plt.sec
 *(.plt.sec)

.text           0xc0600000    0x148c4
 *(.text.unlikely .text.*_unlikely .text.unlikely.*)
 *(.text.exit .text.exit.*)
 *(.text.startup .text.startup.*)
 *(.text.hot .text.hot.*)
 *(SORT_BY_NAME(.text.sorted.*))
 *(.text .stub .text.* .gnu.linkonce.t.*)
 .text          0xc0600000       0x71 kernel/kernel_sub.o
                0xc0600000                _start
 *fill*         0xc0600071        0xf 
 .text          0xc0600080      0x3d2 kernel/kernel.o
                0xc0600080                InterruptTest
                0xc060008c                disp_str_len
                0xc06000d9                disp_str
                0xc0600114                disp_str_colour
                0xc0600150                divide_zero_fault
                0xc0600156                single_step_fault
                0xc060015c                non_maskable_interrupt
                0xc0600162                breakpoint_trap
                0xc0600168                overflow_trap
                0xc060016e                bound_range_exceeded_fault
                0xc0600174                invalid_opcode_fault
                0xc060017a                coprocessor_not_available_fault
                0xc0600180                double_fault_exception_abort
                0xc0600184                coprocessor_segment_overrun
                0xc060018a                invalid_task_state_segment_fault
                0xc060018e                segment_not_present_fault
                0xc0600192                stack_exception_fault
                0xc0600196                general_protection_exception_fault
                0xc06001a1                page_fault
                0xc06001a5                coprocessor_error_fault
                0xc06001ab                align_check_fault
                0xc06001af                simd_float_exception_fault
                0xc06001be                hwint0
                0xc06001ee                hwint1
                0xc0600231                hwint14
                0xc0600277                hwint10
                0xc06002ba                sys_call
                0xc0600300                fork_restart
                0xc060030f                restart
                0xc0600332                in_byte
                0xc060033e                out_byte
                0xc0600360                disable_int
                0xc0600362                enable_int
                0xc06003f8                enable_8259A_casecade_irq
                0xc0600402                disable_8259A_casecade_irq
                0xc060040c                enable_8259A_slave_winchester_irq
                0xc0600416                disable_8259A_slave_winchester_irq
                0xc0600420                update_cr3
                0xc060042d                update_tss
                0xc060043c                get_running_thread_pcb
                0xc0600442                sys_call_test
                0xc0600445                enable_8259A_slave_net_irq
 *fill*         0xc0600452        0xe 
 .text          0xc0600460       0x6a syscall.o
                0xc0600460                write_debug
                0xc0600470                send_msg
                0xc0600486                receive_msg
                0xc060049c                sys_malloc
                0xc06004b1                sys_free
 *fill*         0xc06004ca        0x6 
 .text          0xc06004d0       0x15 switch_to.o
                0xc06004d0                switch_to
 *fill*         0xc06004e5        0xb 
 .text          0xc06004f0      0x28d network/ne2000.o
                0xc0600513                DriverInitialize
                0xc060059d                StartSendToPhysicalLink
                0xc06005b8                SetPageStart
                0xc06005e7                DriverSend
                0xc0600661                PCtoNIC
                0xc06006cc                get_interrupt_status
                0xc06006e9                set_interrupt_status
                0xc0600709                get_curr_page
                0xc0600726                NICtoPC
 .text          0xc060077d      0x2ee double_link_list.o
                0xc060077d                initDoubleLinkList
                0xc06007cd                isListEmpty
                0xc06007fb                findElementInList
                0xc0600892                appendToDoubleLinkList
                0xc0600958                insertToDoubleLinkList
                0xc06009dc                popFromDoubleLinkList
 .text          0xc0600a6b      0x513 kernel_main.o
                0xc0600a6b                kernel_main
                0xc0600c45                init
                0xc0600ce1                kernel_thread_a
                0xc0600d20                kernel_thread_b
                0xc0600d5f                kernel_thread_c
                0xc0600d75                kernel_thread_d
                0xc0600d8b                user_proc_a
                0xc0600f66                user_proc_b
 .text          0xc0600f7e      0x3b3 protect.o
                0xc0600f7e                InitDescriptor
                0xc0600feb                Seg2PhyAddr
                0xc060102c                Seg2PhyAddrLDT
                0xc0601070                VirAddr2PhyAddr
                0xc0601086                v2l
                0xc06010c9                init_propt
                0xc060124a                InitInterruptDesc
                0xc06012a6                ReloadGDT
 .text          0xc0601331      0xad3 console.o
                0xc0601331                select_console
                0xc060136d                flush
                0xc06013a6                set_cursor
                0xc0601404                set_console_start_video_addr
                0xc0601462                put_key
                0xc06014ce                scroll_up
                0xc0601510                scroll_down
                0xc060157b                out_char
                0xc0601738                tty_dev_read
                0xc0601762                tty_dev_write
                0xc060198f                tty_do_read
                0xc0601a57                tty_do_write
                0xc0601bc0                init_screen
                0xc0601c49                init_tty
                0xc0601cfe                TaskTTY
 .text          0xc0601e04      0x73d my_process.o
                0xc0601e04                create_user_process_address_space
                0xc0601e94                user_process
                0xc0601fc1                clone_pcb
                0xc0602133                build_body_stack
                0xc0602266                build_process_kernel_stack
                0xc0602329                fork_process
                0xc06023ba                process_execute
 .text          0xc0602541      0x37e process.o
                0xc0602541                schedule_process
                0xc06027a1                clock_handler
                0xc0602844                pid2proc
                0xc06028a8                proc2pid
 .text          0xc06028bf        0x0 global.o
 .text          0xc06028bf     0x2dff kernel_main_old.o
                0xc06028bf                stop_here
                0xc0602903                catch_error
                0xc0602968                intr_enable
                0xc0602991                intr_disable
                0xc06029ba                intr_set_status
                0xc06029d8                intr_get_status
                0xc06029f5                Memcpy
                0xc0602a28                untar
                0xc0602d38                num_to_string
                0xc0602dde                disp_int
                0xc0602e07                do_page_fault
                0xc0602f44                exception_handler
                0xc060312f                init_internal_interrupt
                0xc06032a4                spurious_irq
                0xc0603332                init_keyboard
                0xc0603375                TestTTY
                0xc0603414                TestReadReturnValue
                0xc0603491                TestWriteReturnValue
                0xc0603565                TestFS2
                0xc0603573                TestFS
                0xc0603a15                wait_exit
                0xc0603b13                INIT_fork
                0xc0603e06                simple_shell
                0xc0603f8d                test_shell
                0xc0603ff5                test_exec
                0xc06040e8                INIT
                0xc06040f5                TestA
                0xc060412a                delay
                0xc060416e                TestB
                0xc0604186                TestC
                0xc06041b9                sys_get_ticks
                0xc06041c9                sys_write
                0xc060421d                milli_delay
                0xc0604247                TaskSys
                0xc060424c                Printf
                0xc060431e                sprintf
                0xc060434a                vsprintf
                0xc06044f6                printx
                0xc0604539                sys_printx
                0xc0604605                spin
                0xc060462b                panic
                0xc0604649                assertion_failure
                0xc06046bb                assertion_failure2
                0xc0604730                dead_lock
                0xc060473a                sys_send_msg
                0xc0604c59                sys_receive_msg
                0xc06052b9                send_rec
                0xc06053b4                block
                0xc06053f0                unblock
                0xc0605440                get_ticks_ipc
                0xc0605453                itoa
                0xc06054a9                i2a
                0xc060550f                inform_int
                0xc06055db                deprecate_strcmp
                0xc060564a                get_running_process_pcb
 .text          0xc06056be      0x40f keyboard.o
                0xc06056be                keyboard_handler
                0xc0605742                read_from_keyboard_buf
                0xc06057a8                keyboard_read
                0xc0605927                init_keyboard_handler
                0xc060593b                in_process
 .text          0xc0605acd      0x203 thread.o
                0xc0605acd                kernel_thread
                0xc0605ae5                thread_init
                0xc0605b9f                thread_create
                0xc0605bd4                thread_start
 .text          0xc0605cd0      0x66c network/socket.o
                0xc0605d80                test
                0xc0605ddc                socket_debug
                0xc0605e3d                free_socket
                0xc0605ef9                _socket
                0xc0605fb8                _bind
                0xc060600b                _connect
                0xc060605d                _write
                0xc06060b4                _read
                0xc060610b                _recvfrom
                0xc060614c                _sendto
                0xc06061a3                _close
                0xc0606222                _listen
                0xc0606288                _accept
 .text          0xc060633c      0x538 network/ip_input.o
                0xc060651e                call_ip_rcv
                0xc0606638                ip_rcv
 .text          0xc0606874      0x8ed network/udp_sock.o
                0xc0606acf                udp_lookup_sock
                0xc0606b16                udp_init
                0xc0606b47                udp_close
                0xc0606b6d                udp_sock_init
                0xc0606b77                udp_recvfrom
                0xc0606c13                udp_connect
                0xc0606cec                udp_write
                0xc0606d18                udp_alloc_skb
                0xc0606d62                udp_sendto
                0xc0606e56                udp_send
                0xc0606f94                udp_alloc_sock
                0xc0606fd5                udp_free_sock
                0xc0606ff9                udp_read
 .text          0xc0607161      0x9a8 network/netdev.o
                0xc06072ef                netdev_init
                0xc0607336                netdev_transmit
                0xc0607489                interrupt_wait2
                0xc06074e2                netdev_rx_loop
                0xc06075d3                call_netdev_get
                0xc060771d                netdev_get
                0xc06077d2                free_netdev
                0xc06077fd                local_ipaddress
                0xc060783a                receive_msg_from_nic
                0xc06079c7                receive_msg_from_nic2
                0xc0607af3                net_handler
 .text          0xc0607b09      0x4a8 network/tcp.o
                0xc0607d56                tcp_in
                0xc0607e0a                tcp_checksum
                0xc0607e36                __tcp_set_state
                0xc0607e45                tcp_generate_port
                0xc0607e8e                tcp_generate_isn
                0xc0607ea0                tcp_done
                0xc0607ec9                tcp_clear_timers
                0xc0607ed8                tcp_stop_retransmission_timer
                0xc0607ef1                tcp_release_retransmission_timer
                0xc0607f0a                tcp_stop_delack_timer
                0xc0607f1d                tcp_release_delack_timer
                0xc0607f30                tcp_handle_fin_state
                0xc0607f95                tcp_enter_time_wait
 .text          0xc0607fb1      0x223 network/sock.o
                0xc0608103                sk_alloc
                0xc060812a                sk_init
                0xc060817e                sk_init_with_socket
                0xc06081a7                sk_free
 .text          0xc06081d4     0x14f2 network/tcp_output.o
                0xc060861c                tcp_send_synack
                0xc06086bf                tcp_send_delack
                0xc06086fa                tcp_send_ack
                0xc060888a                tcp_send_fin
                0xc06088ff                tcp_select_initial_window
                0xc0608ab1                tcp_reset_retransmission_timer
                0xc0608ace                call_tcp_begin_connect
                0xc0608dc3                tcp_begin_connect
                0xc0609113                call_tcp_write
                0xc0609398                ipc_tcp_write
                0xc06095cb                tcp_send_reset
                0xc060964b                tcp_queue_fin
 .text          0xc06096c6      0xbf8 network/arp.o
                0xc06097ef                call_update_arp_translation_table
                0xc0609a27                insert_arp_translation_table
                0xc0609aa9                update_arp_translation_table
                0xc0609b68                arp_init
                0xc0609b6e                arp_rcv
                0xc0609d57                arp_request
                0xc0609edf                arp_reply
                0xc060a042                call_arp_get_hwaddr
                0xc060a18c                arp_get_hwaddr
                0xc060a26d                free_arp
 .text          0xc060a2be      0xe12 network/tcp_sock.o
                0xc060a603                tcp_established_or_syn_recvd_socks_enqueue
                0xc060a61c                tcp_established_or_syn_recvd_socks_remove
                0xc060a62e                tcp_connecting_or_listening_socks_enqueue
                0xc060a647                tcp_connecting_or_listening_socks_remove
                0xc060a659                tcp_alloc_sock
                0xc060a76f                tcp_free_sock
                0xc060a7e8                tcp_init
                0xc060a7f2                tcp_sock_init
                0xc060a898                tcp_write
                0xc060a999                ipc_tcp_write2
                0xc060a9c2                tcp_read
                0xc060aa75                tcp_close
                0xc060ab33                tcp_recv_notify
                0xc060ab8b                tcp_v4_connect
                0xc060ae26                call_tcp_lookup_sock
                0xc060af91                tcp_lookup_sock
                0xc060b00a                tcp_lookup_sock2
 .text          0xc060b0d0      0xe8b network/ipc.o
                0xc060bcbc                ipc_close
                0xc060bd0d                ipc_call_from_netdev_rx
                0xc060bd45                demux_ipc_socket_call
 .text          0xc060bf5b      0x234 network/icmpv4.o
                0xc060bf69                icmpv4_incoming
                0xc060bfdd                icmpv4_reply
                0xc060c0b6                icmpv4_timestamp
 .text          0xc060c18f      0x1d3 network/ip_output.o
                0xc060c19d                ip_output
 .text          0xc060c362      0x429 network/inet.o
                0xc060c362                inet_create
                0xc060c412                inet_socket
                0xc060c41c                inet_connect
                0xc060c470                inet_write
                0xc060c49c                inet_read
                0xc060c4c8                inet_close
                0xc060c517                inet_free
                0xc060c54d                inet_bind
                0xc060c656                inet_listen
                0xc060c69f                inet_accept
                0xc060c74a                inet_sendto
                0xc060c775                inet_recvfrom
 .text          0xc060c78b      0x191 network/dst.o
                0xc060c799                print_array
                0xc060c80d                dst_neigh_output
 .text          0xc060c91c      0x164 network/skbuff.o
                0xc060c935                alloc_skb
                0xc060c9cf                free_skb
                0xc060ca02                skb_reserve
                0xc060ca1e                skb_push
                0xc060ca4d                skb_head
                0xc060ca58                skb_reset_header
 .text          0xc060ca80      0xc58 network/tcp_input.o
                0xc060d239                tcp_process
                0xc060d616                tcp_receive
 .text          0xc060d6d8        0xf network/task_network.o
                0xc060d6d8                init_dev
                0xc060d6dd                task_network
                0xc060d6e2                task_netdev_rx
 .text          0xc060d6e7      0x42e network/route.o
                0xc060d7f7                route_add
                0xc060d83e                route_init
                0xc060d8f0                call_route_lookup
                0xc060da3a                route_lookup
 .text          0xc060db15      0x3fd network/udp.o
                0xc060dc3d                udp_generate_port
                0xc060dc86                udp_checksum
                0xc060dd54                udp_in
                0xc060dde5                udp_data_dequeue
                0xc060deed                udp_data_enqueue
 .text          0xc060df12      0x5c8 network/tcp_data.o
                0xc060e27b                tcp_data_dequeue
                0xc060e3a8                tcp_data_queue
 .text          0xc060e4da      0x1e7 network/utils.o
                0xc060e4da                run_cmd
                0xc060e4e7                print_err
                0xc060e4fe                parse_ipv4_string
                0xc060e55d                ip_pton
                0xc060e5a5                sum_every_16bits
                0xc060e5fc                checksum
                0xc060e63d                tcp_udp_checksum
 .text          0xc060e6c1      0xe84 hd/hd.o
                0xc060e6c1                TaskHD
                0xc060e70c                init_hd
                0xc060e726                hd_handle
                0xc060e82b                hd_cmd_out
                0xc060e92d                hd_identify
                0xc060e9e4                print_hdinfo
                0xc060eb72                print_dpt_entry
                0xc060ebde                get_partition_table
                0xc060ecbd                partition
                0xc060eed7                hd_open
                0xc060ef87                get_hd_ioctl
                0xc060f041                wait_for
                0xc060f072                interrupt_wait
                0xc060f0cb                hd_rdwt
                0xc060f36d                hd_handler
                0xc060f39e                debug_ticks
                0xc060f3dc                waitfor
                0xc060f420                print_hd_info
                0xc060f50d                is_empty
 .text          0xc060f545     0x2081 fs/fs_main.o
                0xc060f545                task_fs
                0xc060f759                rd_wt
                0xc060f83b                mkfs
                0xc060fe1d                init_fs
                0xc060fe77                do_open
                0xc0610080                search_file
                0xc06101b2                strip_path
                0xc061027e                get_inode
                0xc0610440                create_file
                0xc061054b                alloc_imap_bit
                0xc0610648                alloc_smap_bit
                0xc06107e9                new_inode
                0xc0610907                new_dir_entry
                0xc0610b13                do_unlink
                0xc0610fef                do_rdwt
                0xc061137a                sync_inode
                0xc06114ce                put_inode
                0xc061150c                do_close
                0xc061155e                get_super_block
 .text          0xc06115c6      0x24f mm/forkexit.o
                0xc06115c6                do_fork
                0xc0611634                do_exit
                0xc06116be                do_wait
                0xc06117bb                cleanup
 .text          0xc0611815      0x419 mm/exec.o
                0xc0611815                do_exec
 .text          0xc0611c2e      0x14e mm/main.o
                0xc0611c2e                TaskMM
                0xc0611d5d                alloc_mem
 .text          0xc0611d7c     0x113e mem/mem.o
                0xc0611d7c                init_bitmap
                0xc0611d9f                test_bit_val
                0xc0611e08                set_bit_val
                0xc0611e83                set_bits
                0xc0611ebd                get_first_free_bit
                0xc0611f01                get_bits
                0xc0611fc9                get_a_page
                0xc061207d                get_virtual_address_start_with_addr
                0xc0612117                get_virtual_address
                0xc06121a7                ptr_pde
                0xc06121ba                ptr_pte
                0xc06121e1                add_map_entry
                0xc0612272                alloc_virtual_memory
                0xc061233e                get_physical_address_proc
                0xc06123ba                get_physical_address
                0xc06123ec                alloc_physical_memory_of_proc
                0xc06124db                alloc_physical_memory
                0xc06125a3                alloc_memory
                0xc0612605                get_a_virtual_page
                0xc061263d                block2arena
                0xc0612653                sys_malloc2
                0xc06129a6                remove_map_entry
                0xc06129c7                free_a_page
                0xc0612a6e                sys_free2
                0xc0612a74                init_memory_block_desc
                0xc0612b45                init_memory2
                0xc0612d7a                init_memory
 .text          0xc0612eba       0x49 lib/floor.o
                0xc0612eba                floor
 .text          0xc0612f03      0x285 lib/exec.o
                0xc0612f03                exec
                0xc0612f74                execv
                0xc0613163                execl
 .text          0xc0613188       0x2f lib/exit.o
                0xc0613188                exit
 .text          0xc06131b7       0x42 lib/unlink.o
                0xc06131b7                unlink
 .text          0xc06131f9       0x44 lib/wait.o
                0xc06131f9                wait
 .text          0xc061323d       0xbe lib/socket_close.o
                0xc061323d                socket_close
 .text          0xc06132fb      0x12a lib/socket_read.o
                0xc06132fb                socket_read
 .text          0xc0613425       0x29 lib/alloca.o
                0xc0613425                alloca
 .text          0xc061344e       0x46 lib/calloc.o
                0xc061344e                calloc
 .text          0xc0613494       0x4b lib/fork.o
                0xc0613494                fork
 .text          0xc06134df      0x193 lib/socket_write.o
                0xc06134df                socket_write
 .text          0xc0613672       0x2b lib/getpid.o
                0xc0613672                getpid
 .text          0xc061369d       0x9c lib/stdlib/atoi.o
                0xc061369d                atoi
 .text          0xc0613739       0xca lib/stdlib/strtol.o
                0xc0613739                strtol
 .text          0xc0613803       0x85 lib/string/strtok.o
                0xc0613803                strtok
 .text          0xc0613888       0xa8 lib/string/strcmp.o
                0xc0613888                strcmp
 .text          0xc0613930       0xd4 lib/string/strncmp.o
                0xc0613930                strncmp
 .text          0xc0613a04       0x90 lib/string/strpbrk.o
                0xc0613a04                strpbrk
 .text          0xc0613a94      0x181 lib/stdio/read.o
                0xc0613a94                read
 .text          0xc0613c15       0x17 lib/stdio/perror.o
                0xc0613c15                perror
 .text          0xc0613c2c      0x335 lib/stdio/sscanf.o
                0xc0613c2c                sscanf
 .text          0xc0613f61       0x9e lib/stdio/open.o
                0xc0613f61                open
 .text          0xc0613fff       0x85 lib/stdio/write.o
                0xc0613fff                write
 .text          0xc0614084       0x52 lib/stdio/close.o
                0xc0614084                close
 .text          0xc06140d6      0x195 lib/sys/socket.o
                0xc06140d6                socket
 .text          0xc061426b      0x179 lib/sys/connect.o
                0xc061426b                connect
 .text          0xc06143e4       0x38 lib/arpa/ntohs.o
                0xc06143e4                ntohs
 .text          0xc061441c       0x7c lib/arpa/htonl.o
                0xc061441c                htonl
 .text          0xc0614498       0x38 lib/arpa/htons.o
                0xc0614498                htons
 .text          0xc06144d0      0x295 lib/arpa/inet_pton.o
                0xc06144d0                isValidIPv4
                0xc061465a                inet_pton
 .text          0xc0614765       0x7c lib/arpa/ntohl.o
                0xc0614765                ntohl
 .text          0xc06147e1       0xe3 lib/arpa/inet_ntop.o
                0xc06147e1                inet_ntop
 *(.gnu.warning)

.fini
 *(SORT_NONE(.fini))
                [!provide]                        PROVIDE (__etext = .)
                [!provide]                        PROVIDE (_etext = .)
                [!provide]                        PROVIDE (etext = .)
                0xc0615000                        . = ALIGN (CONSTANT (MAXPAGESIZE))
                0xc0615000                        . = SEGMENT_START ("rodata-segment", (ALIGN (CONSTANT (MAXPAGESIZE)) + (. & (CONSTANT (MAXPAGESIZE) - 0x1))))

.rodata         0xc0615000     0x1f5b
 *(.rodata .rodata.* .gnu.linkonce.r.*)
 .rodata        0xc0615000       0x3c double_link_list.o
 .rodata        0xc061503c      0x1f4 kernel_main.o
 .rodata        0xc0615230       0x22 console.o
 *fill*         0xc0615252        0x2 
 .rodata        0xc0615254       0x94 process.o
 *fill*         0xc06152e8       0x18 
 .rodata        0xc0615300      0xbaa kernel_main_old.o
 *fill*         0xc0615eaa        0x2 
 .rodata        0xc0615eac      0x23d network/socket.o
 *fill*         0xc06160e9        0x3 
 .rodata        0xc06160ec       0xd6 network/ip_input.o
 *fill*         0xc06161c2        0x2 
 .rodata        0xc06161c4       0x45 network/udp_sock.o
 *fill*         0xc0616209        0x3 
 .rodata        0xc061620c      0x117 network/netdev.o
 *fill*         0xc0616323        0x1 
 .rodata        0xc0616324       0x31 network/tcp.o
 .rodata        0xc0616355       0x24 network/sock.o
 *fill*         0xc0616379        0x3 
 .rodata        0xc061637c      0x106 network/tcp_output.o
 *fill*         0xc0616482        0x2 
 .rodata        0xc0616484       0xda network/arp.o
 *fill*         0xc061655e        0x2 
 .rodata        0xc0616560      0x114 network/tcp_sock.o
 .rodata        0xc0616674      0x188 network/ipc.o
 .rodata        0xc06167fc       0x32 network/icmpv4.o
 .rodata        0xc061682e        0x9 network/ip_output.o
 *fill*         0xc0616837        0x1 
 .rodata        0xc0616838       0x48 network/inet.o
 .rodata        0xc0616880       0x1c network/dst.o
 .rodata        0xc061689c        0x9 network/skbuff.o
 *fill*         0xc06168a5        0x3 
 .rodata        0xc06168a8       0xe8 network/tcp_input.o
 .rodata        0xc0616990        0x9 network/task_network.o
 *fill*         0xc0616999        0x3 
 .rodata        0xc061699c       0x36 network/route.o
 .rodata        0xc06169d2       0x24 network/udp.o
 .rodata        0xc06169f6       0x39 network/tcp_data.o
 *fill*         0xc0616a2f        0x1 
 .rodata        0xc0616a30       0x41 network/utils.o
 *fill*         0xc0616a71        0x3 
 .rodata        0xc0616a74      0x19c hd/hd.o
 .rodata        0xc0616c10      0x1fb fs/fs_main.o
                0xc0616c10                FSBUF_SIZE
 .rodata        0xc0616e0b       0x21 mm/forkexit.o
 .rodata        0xc0616e2c       0x10 mm/exec.o
 .rodata        0xc0616e3c       0x11 mm/main.o
 .rodata        0xc0616e4d       0x5a mem/mem.o
 .rodata        0xc0616ea7       0x2d lib/exec.o
 .rodata        0xc0616ed4        0x9 lib/socket_close.o
 .rodata        0xc0616edd        0x9 lib/socket_read.o
 .rodata        0xc0616ee6        0x9 lib/socket_write.o
 .rodata        0xc0616eef       0x2a lib/stdio/close.o
 .rodata        0xc0616f19       0x33 lib/sys/socket.o
 .rodata        0xc0616f4c        0x9 lib/sys/connect.o
 .rodata        0xc0616f55        0x3 lib/arpa/inet_pton.o
 .rodata        0xc0616f58        0x3 lib/arpa/inet_ntop.o

.txt            0xc0616f5b       0xaa
 .txt           0xc0616f5b       0x82 string.o
                0xc0616f5b                Memcpy2
                0xc0616f89                Memset
                0xc0616fa8                Strcpy
                0xc0616fc2                Strlen
 .txt           0xc0616fdd       0x28 hd/hd_rdwt.o
                0xc0616fdd                read_port
                0xc0616ff1                write_port

.rodata1
 *(.rodata1)

.eh_frame_hdr
 *(.eh_frame_hdr)
 *(.eh_frame_entry .eh_frame_entry.*)

.eh_frame       0xc0617008     0x44ec
 *(.eh_frame)
 .eh_frame      0xc0617008       0xd8 double_link_list.o
 .eh_frame      0xc06170e0      0x104 kernel_main.o
                                0x11c (size before relaxing)
 .eh_frame      0xc06171e4      0x100 protect.o
                                0x118 (size before relaxing)
 .eh_frame      0xc06172e4      0x1e0 console.o
                                0x1f8 (size before relaxing)
 .eh_frame      0xc06174c4       0xe0 my_process.o
                                 0xf8 (size before relaxing)
 .eh_frame      0xc06175a4       0x80 process.o
                                 0x98 (size before relaxing)
 .eh_frame      0xc0617624      0x6ec kernel_main_old.o
                                0x704 (size before relaxing)
 .eh_frame      0xc0617d10       0xa0 keyboard.o
                                 0xb8 (size before relaxing)
 .eh_frame      0xc0617db0       0x80 thread.o
                                 0x98 (size before relaxing)
 .eh_frame      0xc0617e30      0x2a0 network/socket.o
                                0x2b8 (size before relaxing)
 .eh_frame      0xc06180d0      0x144 network/ip_input.o
                                0x15c (size before relaxing)
 .eh_frame      0xc0618214      0x404 network/udp_sock.o
                                0x41c (size before relaxing)
 .eh_frame      0xc0618618      0x230 network/netdev.o
                                0x248 (size before relaxing)
 .eh_frame      0xc0618848      0x288 network/tcp.o
                                0x2a0 (size before relaxing)
 .eh_frame      0xc0618ad0      0x1a0 network/sock.o
                                0x1b8 (size before relaxing)
 .eh_frame      0xc0618c70      0x40c network/tcp_output.o
                                0x424 (size before relaxing)
 .eh_frame      0xc061907c      0x220 network/arp.o
                                0x238 (size before relaxing)
 .eh_frame      0xc061929c      0x580 network/tcp_sock.o
                                0x598 (size before relaxing)
 .eh_frame      0xc061981c      0x274 network/ipc.o
                                0x28c (size before relaxing)
 .eh_frame      0xc0619a90       0x80 network/icmpv4.o
                                 0x98 (size before relaxing)
 .eh_frame      0xc0619b10       0x40 network/ip_output.o
                                 0x58 (size before relaxing)
 .eh_frame      0xc0619b50      0x180 network/inet.o
                                0x198 (size before relaxing)
 .eh_frame      0xc0619cd0       0x60 network/dst.o
                                 0x78 (size before relaxing)
 .eh_frame      0xc0619d30       0xe0 network/skbuff.o
                                 0xf8 (size before relaxing)
 .eh_frame      0xc0619e10      0x324 network/tcp_input.o
                                0x33c (size before relaxing)
 .eh_frame      0xc061a134       0x54 network/task_network.o
                                 0x6c (size before relaxing)
 .eh_frame      0xc061a188      0x104 network/route.o
                                0x11c (size before relaxing)
 .eh_frame      0xc061a28c      0x1e4 network/udp.o
                                0x1fc (size before relaxing)
 .eh_frame      0xc061a470      0x220 network/tcp_data.o
                                0x238 (size before relaxing)
 .eh_frame      0xc061a690       0xe4 network/utils.o
                                 0xfc (size before relaxing)
 .eh_frame      0xc061a774      0x264 hd/hd.o
                                0x27c (size before relaxing)
 .eh_frame      0xc061a9d8      0x27c fs/fs_main.o
                                0x294 (size before relaxing)
 .eh_frame      0xc061ac54       0x80 mm/forkexit.o
                                 0x98 (size before relaxing)
 .eh_frame      0xc061acd4       0x20 mm/exec.o
                                 0x38 (size before relaxing)
 .eh_frame      0xc061acf4       0x3c mm/main.o
                                 0x54 (size before relaxing)
 .eh_frame      0xc061ad30      0x364 mem/mem.o
                                0x37c (size before relaxing)
 .eh_frame      0xc061b094       0x20 lib/floor.o
                                 0x38 (size before relaxing)
 .eh_frame      0xc061b0b4       0x60 lib/exec.o
                                 0x78 (size before relaxing)
 .eh_frame      0xc061b114       0x20 lib/exit.o
                                 0x38 (size before relaxing)
 .eh_frame      0xc061b134       0x20 lib/unlink.o
                                 0x38 (size before relaxing)
 .eh_frame      0xc061b154       0x20 lib/wait.o
                                 0x38 (size before relaxing)
 .eh_frame      0xc061b174       0x20 lib/socket_close.o
                                 0x38 (size before relaxing)
 .eh_frame      0xc061b194       0x20 lib/socket_read.o
                                 0x38 (size before relaxing)
 .eh_frame      0xc061b1b4       0x20 lib/alloca.o
                                 0x38 (size before relaxing)
 .eh_frame      0xc061b1d4       0x20 lib/calloc.o
                                 0x38 (size before relaxing)
 .eh_frame      0xc061b1f4       0x20 lib/fork.o
                                 0x38 (size before relaxing)
 .eh_frame      0xc061b214       0x20 lib/socket_write.o
                                 0x38 (size before relaxing)
 .eh_frame      0xc061b234       0x20 lib/getpid.o
                                 0x38 (size before relaxing)
 .eh_frame      0xc061b254       0x20 lib/stdlib/atoi.o
                                 0x38 (size before relaxing)
 .eh_frame      0xc061b274       0x20 lib/stdlib/strtol.o
                                 0x38 (size before relaxing)
 .eh_frame      0xc061b294       0x20 lib/string/strtok.o
                                 0x38 (size before relaxing)
 .eh_frame      0xc061b2b4       0x20 lib/string/strcmp.o
                                 0x38 (size before relaxing)
 .eh_frame      0xc061b2d4       0x20 lib/string/strncmp.o
                                 0x38 (size before relaxing)
 .eh_frame      0xc061b2f4       0x20 lib/string/strpbrk.o
                                 0x38 (size before relaxing)
 .eh_frame      0xc061b314       0x20 lib/stdio/read.o
                                 0x38 (size before relaxing)
 .eh_frame      0xc061b334       0x20 lib/stdio/perror.o
                                 0x38 (size before relaxing)
 .eh_frame      0xc061b354       0x20 lib/stdio/sscanf.o
                                 0x38 (size before relaxing)
 .eh_frame      0xc061b374       0x20 lib/stdio/open.o
                                 0x38 (size before relaxing)
 .eh_frame      0xc061b394       0x20 lib/stdio/write.o
                                 0x38 (size before relaxing)
 .eh_frame      0xc061b3b4       0x20 lib/stdio/close.o
                                 0x38 (size before relaxing)
 .eh_frame      0xc061b3d4       0x20 lib/sys/socket.o
                                 0x38 (size before relaxing)
 .eh_frame      0xc061b3f4       0x20 lib/sys/connect.o
                                 0x38 (size before relaxing)
 .eh_frame      0xc061b414       0x20 lib/arpa/ntohs.o
                                 0x38 (size before relaxing)
 .eh_frame      0xc061b434       0x20 lib/arpa/htonl.o
                                 0x38 (size before relaxing)
 .eh_frame      0xc061b454       0x20 lib/arpa/htons.o
                                 0x38 (size before relaxing)
 .eh_frame      0xc061b474       0x40 lib/arpa/inet_pton.o
                                 0x58 (size before relaxing)
 .eh_frame      0xc061b4b4       0x20 lib/arpa/ntohl.o
                                 0x38 (size before relaxing)
 .eh_frame      0xc061b4d4       0x20 lib/arpa/inet_ntop.o
                                 0x38 (size before relaxing)
 *(.eh_frame.*)

.sframe
 *(.sframe)
 *(.sframe.*)

.gcc_except_table
 *(.gcc_except_table .gcc_except_table.*)

.gnu_extab
 *(.gnu_extab*)

.exception_ranges
 *(.exception_ranges*)
                0xc061c000                        . = DATA_SEGMENT_ALIGN (CONSTANT (MAXPAGESIZE), CONSTANT (COMMONPAGESIZE))

.eh_frame
 *(.eh_frame)
 *(.eh_frame.*)

.sframe
 *(.sframe)
 *(.sframe.*)

.gnu_extab
 *(.gnu_extab)

.gcc_except_table
 *(.gcc_except_table .gcc_except_table.*)

.exception_ranges
 *(.exception_ranges*)

.tdata          0xc061c000        0x0
                [!provide]                        PROVIDE (__tdata_start = .)
 *(.tdata .tdata.* .gnu.linkonce.td.*)

.tbss
 *(.tbss .tbss.* .gnu.linkonce.tb.*)
 *(.tcommon)

.preinit_array  0xc061c000        0x0
                [!provide]                        PROVIDE (__preinit_array_start = .)
 *(.preinit_array)
                [!provide]                        PROVIDE (__preinit_array_end = .)

.init_array     0xc061c000        0x0
                [!provide]                        PROVIDE (__init_array_start = .)
 *(SORT_BY_INIT_PRIORITY(.init_array.*) SORT_BY_INIT_PRIORITY(.ctors.*))
 *(.init_array EXCLUDE_FILE(*crtend?.o *crtend.o *crtbegin?.o *crtbegin.o) .ctors)
                [!provide]                        PROVIDE (__init_array_end = .)

.fini_array     0xc061c000        0x0
                [!provide]                        PROVIDE (__fini_array_start = .)
 *(SORT_BY_INIT_PRIORITY(.fini_array.*) SORT_BY_INIT_PRIORITY(.dtors.*))
 *(.fini_array EXCLUDE_FILE(*crtend?.o *crtend.o *crtbegin?.o *crtbegin.o) .dtors)
                [!provide]                        PROVIDE (__fini_array_end = .)

.ctors
 *crtbegin.o(.ctors)
 *crtbegin?.o(.ctors)
 *(EXCLUDE_FILE(*crtend?.o *crtend.o) .ctors)
 *(SORT_BY_NAME(.ctors.*))
 *(.ctors)

.dtors
 *crtbegin.o(.dtors)
 *crtbegin?.o(.dtors)
 *(EXCLUDE_FILE(*crtend?.o *crtend.o) .dtors)
 *(SORT_BY_NAME(.dtors.*))
 *(.dtors)

.jcr
 *(.jcr)

.data.rel.ro
 *(.data.rel.ro.local* .gnu.linkonce.d.rel.ro.local.*)
 *(.data.rel.ro .data.rel.ro.* .gnu.linkonce.d.rel.ro.*)

.dynamic
 *(.dynamic)

.got            0xc061c000        0x0
 *(.got)
 .got           0xc061c000        0x0 kernel/kernel_sub.o
 *(.igot)
                0xc061c000                        . = DATA_SEGMENT_RELRO_END (., (SIZEOF (.got.plt) >= 0xc)?0xc:0x0)

.got.plt        0xc061c000        0x0
 *(.got.plt)
 .got.plt       0xc061c000        0x0 kernel/kernel_sub.o
 *(.igot.plt)
 .igot.plt      0xc061c000        0x0 kernel/kernel_sub.o

.data           0xc061c000      0xb98
 *(.data .data.* .gnu.linkonce.d.*)
 .data          0xc061c000        0xf kernel/kernel_sub.o
 *fill*         0xc061c00f        0x1 
 .data          0xc061c010        0xf kernel/kernel.o
 *fill*         0xc061c01f        0x1 
 .data          0xc061c020        0x0 syscall.o
 .data          0xc061c020        0x0 double_link_list.o
 .data          0xc061c020        0x0 kernel_main.o
 .data          0xc061c020        0x0 protect.o
 .data          0xc061c020        0x0 console.o
 .data          0xc061c020        0x0 my_process.o
 .data          0xc061c020        0x0 process.o
 .data          0xc061c020      0x17c global.o
                0xc061c020                user_task_table
                0xc061c0a0                sys_task_table
                0xc061c180                sys_call_table
 .data          0xc061c19c        0x0 kernel_main_old.o
 *fill*         0xc061c19c        0x4 
 .data          0xc061c1a0      0x600 keyboard.o
                0xc061c1a0                keymap
 .data          0xc061c7a0        0x0 thread.o
 .data          0xc061c7a0      0x224 network/socket.o
 .data          0xc061c9c4        0x4 network/ip_input.o
 *fill*         0xc061c9c8       0x18 
 .data          0xc061c9e0       0x54 network/udp_sock.o
                0xc061ca00                udp_ops
 .data          0xc061ca34        0x4 network/netdev.o
 .data          0xc061ca38        0x8 network/tcp.o
 .data          0xc061ca40        0x4 network/sock.o
 .data          0xc061ca44        0x4 network/tcp_output.o
 .data          0xc061ca48       0x14 network/arp.o
 *fill*         0xc061ca5c        0x4 
 .data          0xc061ca60       0x54 network/tcp_sock.o
                0xc061ca80                tcp_ops
 .data          0xc061cab4        0xc network/ipc.o
 .data          0xc061cac0        0x4 network/icmpv4.o
 .data          0xc061cac4        0x4 network/ip_output.o
 *fill*         0xc061cac8       0x18 
 .data          0xc061cae0       0x80 network/inet.o
                0xc061cae8                inet
 .data          0xc061cb60        0x4 network/dst.o
 .data          0xc061cb64        0x4 network/skbuff.o
 .data          0xc061cb68        0x4 network/tcp_input.o
 .data          0xc061cb6c        0x4 network/task_network.o
 .data          0xc061cb70        0x4 network/route.o
 .data          0xc061cb74        0x8 network/udp.o
 .data          0xc061cb7c        0x4 network/tcp_data.o
 .data          0xc061cb80        0x4 network/utils.o
 .data          0xc061cb84        0x0 hd/hd.o
 .data          0xc061cb84        0x0 fs/fs_main.o
 .data          0xc061cb84        0x0 mm/forkexit.o
 .data          0xc061cb84        0x0 mm/exec.o
 .data          0xc061cb84        0x0 mm/main.o
 .data          0xc061cb84        0x0 mem/mem.o
 .data          0xc061cb84        0x0 lib/floor.o
 .data          0xc061cb84        0x0 lib/exec.o
 .data          0xc061cb84        0x0 lib/exit.o
 .data          0xc061cb84        0x0 lib/unlink.o
 .data          0xc061cb84        0x0 lib/wait.o
 .data          0xc061cb84        0x4 lib/socket_close.o
 .data          0xc061cb88        0x4 lib/socket_read.o
 .data          0xc061cb8c        0x0 lib/alloca.o
 .data          0xc061cb8c        0x0 lib/calloc.o
 .data          0xc061cb8c        0x0 lib/fork.o
 .data          0xc061cb8c        0x4 lib/socket_write.o
 .data          0xc061cb90        0x0 lib/getpid.o
 .data          0xc061cb90        0x0 lib/stdlib/atoi.o
 .data          0xc061cb90        0x0 lib/stdlib/strtol.o
 .data          0xc061cb90        0x0 lib/string/strtok.o
 .data          0xc061cb90        0x0 lib/string/strcmp.o
 .data          0xc061cb90        0x0 lib/string/strncmp.o
 .data          0xc061cb90        0x0 lib/string/strpbrk.o
 .data          0xc061cb90        0x0 lib/stdio/read.o
 .data          0xc061cb90        0x0 lib/stdio/perror.o
 .data          0xc061cb90        0x0 lib/stdio/sscanf.o
 .data          0xc061cb90        0x0 lib/stdio/open.o
 .data          0xc061cb90        0x0 lib/stdio/write.o
 .data          0xc061cb90        0x0 lib/stdio/close.o
 .data          0xc061cb90        0x4 lib/sys/socket.o
 .data          0xc061cb94        0x4 lib/sys/connect.o
 .data          0xc061cb98        0x0 lib/arpa/ntohs.o
 .data          0xc061cb98        0x0 lib/arpa/htonl.o
 .data          0xc061cb98        0x0 lib/arpa/htons.o
 .data          0xc061cb98        0x0 lib/arpa/inet_pton.o
 .data          0xc061cb98        0x0 lib/arpa/ntohl.o
 .data          0xc061cb98        0x0 lib/arpa/inet_ntop.o

.data1
 *(.data1)
                0xc061cb98                        _edata = .
                [!provide]                        PROVIDE (edata = .)
                0xc061cb98                        . = .
                0xc061cb98                        __bss_start = .

.bss            0xc061cba0    0xa5908
 *(.dynbss)
 *(.bss .bss.* .gnu.linkonce.b.*)
 .bss           0xc061cba0      0x800 kernel/kernel_sub.o
 .bss           0xc061d3a0      0x800 kernel/kernel.o
 .bss           0xc061dba0        0x0 double_link_list.o
 .bss           0xc061dba0        0x0 kernel_main.o
 .bss           0xc061dba0        0x0 protect.o
 .bss           0xc061dba0        0x0 console.o
 .bss           0xc061dba0        0x0 my_process.o
 .bss           0xc061dba0        0x0 process.o
 .bss           0xc061dba0        0x0 global.o
 .bss           0xc061dba0        0x0 kernel_main_old.o
 .bss           0xc061dba0        0x0 keyboard.o
 .bss           0xc061dba0        0x0 thread.o
 .bss           0xc061dba0        0x4 network/socket.o
 .bss           0xc061dba4        0x0 network/ip_input.o
 .bss           0xc061dba4        0x4 network/udp_sock.o
 .bss           0xc061dba8        0x0 network/netdev.o
 .bss           0xc061dba8        0x0 network/tcp.o
 .bss           0xc061dba8        0x0 network/sock.o
 .bss           0xc061dba8        0x0 network/tcp_output.o
 .bss           0xc061dba8        0x0 network/arp.o
 .bss           0xc061dba8        0x0 network/tcp_sock.o
 .bss           0xc061dba8        0x4 network/ipc.o
 .bss           0xc061dbac        0x0 network/icmpv4.o
 .bss           0xc061dbac        0x0 network/ip_output.o
 .bss           0xc061dbac        0x0 network/inet.o
 .bss           0xc061dbac        0x0 network/dst.o
 .bss           0xc061dbac        0x0 network/skbuff.o
 .bss           0xc061dbac        0x0 network/tcp_input.o
 .bss           0xc061dbac        0x0 network/task_network.o
 .bss           0xc061dbac        0x0 network/route.o
 .bss           0xc061dbac        0x0 network/udp.o
 .bss           0xc061dbac        0x0 network/tcp_data.o
 .bss           0xc061dbac        0x0 network/utils.o
 .bss           0xc061dbac        0x0 hd/hd.o
 .bss           0xc061dbac        0x4 fs/fs_main.o
                0xc061dbac                c
 .bss           0xc061dbb0        0x0 mm/forkexit.o
 .bss           0xc061dbb0        0x0 mm/exec.o
 .bss           0xc061dbb0        0x0 mm/main.o
 .bss           0xc061dbb0        0x0 mem/mem.o
 .bss           0xc061dbb0        0x0 lib/floor.o
 .bss           0xc061dbb0        0x0 lib/exec.o
 .bss           0xc061dbb0        0x0 lib/exit.o
 .bss           0xc061dbb0        0x0 lib/unlink.o
 .bss           0xc061dbb0        0x0 lib/wait.o
 .bss           0xc061dbb0        0x0 lib/socket_close.o
 .bss           0xc061dbb0        0x0 lib/socket_read.o
 .bss           0xc061dbb0        0x0 lib/alloca.o
 .bss           0xc061dbb0        0x0 lib/calloc.o
 .bss           0xc061dbb0        0x0 lib/fork.o
 .bss           0xc061dbb0        0x0 lib/socket_write.o
 .bss           0xc061dbb0        0x0 lib/getpid.o
 .bss           0xc061dbb0        0x0 lib/stdlib/atoi.o
 .bss           0xc061dbb0        0x0 lib/stdlib/strtol.o
 .bss           0xc061dbb0        0x4 lib/string/strtok.o
 .bss           0xc061dbb4        0x0 lib/string/strcmp.o
 .bss           0xc061dbb4        0x0 lib/string/strncmp.o
 .bss           0xc061dbb4        0x0 lib/string/strpbrk.o
 .bss           0xc061dbb4        0x0 lib/stdio/read.o
 .bss           0xc061dbb4        0x0 lib/stdio/perror.o
 .bss           0xc061dbb4        0x0 lib/stdio/sscanf.o
 .bss           0xc061dbb4        0x0 lib/stdio/open.o
 .bss           0xc061dbb4        0x0 lib/stdio/write.o
 .bss           0xc061dbb4        0x0 lib/stdio/close.o
 .bss           0xc061dbb4        0x0 lib/sys/socket.o
 .bss           0xc061dbb4        0x0 lib/sys/connect.o
 .bss           0xc061dbb4        0x0 lib/arpa/ntohs.o
 .bss           0xc061dbb4        0x0 lib/arpa/htonl.o
 .bss           0xc061dbb4        0x0 lib/arpa/htons.o
 .bss           0xc061dbb4        0x0 lib/arpa/inet_pton.o
 .bss           0xc061dbb4        0x0 lib/arpa/ntohl.o
 .bss           0xc061dbb4        0x0 lib/arpa/inet_ntop.o
 *(COMMON)
 *fill*         0xc061dbb4        0xc 
 COMMON         0xc061dbc0     0x17dc double_link_list.o
                0xc061dbc0                current_tty
                0xc061dbc4                is_e0
                0xc061dbc8                idt_ptr
                0xc061dbd0                pid
                0xc061dbd4                KernelVirtualMemory
                0xc061dbe0                thread_id
                0xc061dbe4                loop
                0xc061dbe8                current_dis_pos
                0xc061dbec                dis_pos
                0xc061dbf0                netdev
                0xc061dbf4                k_reenter
                0xc061dc00                gdt
                0xc061e000                proc_ready_table
                0xc061e004                test_ticks
                0xc061e008                pcaller
                0xc061e020                keyboard_buffer
                0xc061e22c                pcb_list
                0xc061e23c                gdt_index
                0xc061e240                tty_table
                0xc061ea80                tss
                0xc061eaec                KernelPool
                0xc061eafc                net_buf
                0xc061eb00                nic_current_page
                0xc061eb04                counter
                0xc061eb08                key_pressed
                0xc061eb0c                fork_pid
                0xc061eb10                is_shift
                0xc061eb11                net_data
                0xc061eb14                tcp_connecting_or_listening_socks
                0xc061eb18                routes
                0xc061eb1c                gdt_ptr
                0xc061eb40                idt
                0xc061f340                main_thread
                0xc061f348                ticks
                0xc061f350                is_init
                0xc061f354                UserPool
                0xc061f364                tcp_establised_or_syn_recvd_socks
                0xc061f368                all_pcb_list
                0xc061f378                console_table
                0xc061f388                is_disp
                0xc061f38c                MAIN_THREAD_PAGE_DIRECTORY
                0xc061f390                helloStr
 *fill*         0xc061f39c        0x4 
 COMMON         0xc061f3a0    0xa1da0 global.o
                0xc061f3a0                proc_stack
                0xc06bf3a0                proc_table
 COMMON         0xc06c1140      0x440 hd/hd.o
                0xc06c1140                hd_info
                0xc06c1380                hd_cache
 COMMON         0xc06c1580      0xe68 fs/fs_main.o
                0xc06c1580                file_desc_table
                0xc06c1980                phy_super_block_buf
                0xc06c1984                phy_fsbuf
                0xc06c19a0                inode_table
                0xc06c23a0                super_block_buf
                0xc06c23a4                fsbuf
                0xc06c23c0                root
 *fill*         0xc06c23e8       0x18 
 COMMON         0xc06c2400       0xa8 mem/mem.o
                0xc06c2400                kernel_mem_block_decs_array
                0xc06c24a8                        . = ALIGN ((. != 0x0)?0x4:0x1)
                0xc06c24a8                        . = ALIGN (0x4)
                0xc06c24a8                        . = SEGMENT_START ("ldata-segment", .)
                0xc06c24a8                        . = ALIGN (0x4)
                0xc06c24a8                        _end = .
                [!provide]                        PROVIDE (end = .)
                0xc06c24a8                        . = DATA_SEGMENT_END (.)

.stab
 *(.stab)

.stabstr
 *(.stabstr)

.stab.excl
 *(.stab.excl)

.stab.exclstr
 *(.stab.exclstr)

.stab.index
 *(.stab.index)

.stab.indexstr
 *(.stab.indexstr)

.comment        0x00000000       0x2c
 *(.comment)
 .comment       0x00000000       0x2c double_link_list.o
                                 0x2d (size before relaxing)
 .comment       0x0000002c       0x2d kernel_main.o
 .comment       0x0000002c       0x2d protect.o
 .comment       0x0000002c       0x2d console.o
 .comment       0x0000002c       0x2d my_process.o
 .comment       0x0000002c       0x2d process.o
 .comment       0x0000002c       0x2d global.o
 .comment       0x0000002c       0x2d kernel_main_old.o
 .comment       0x0000002c       0x2d keyboard.o
 .comment       0x0000002c       0x2d thread.o
 .comment       0x0000002c       0x2d network/socket.o
 .comment       0x0000002c       0x2d network/ip_input.o
 .comment       0x0000002c       0x2d network/udp_sock.o
 .comment       0x0000002c       0x2d network/netdev.o
 .comment       0x0000002c       0x2d network/tcp.o
 .comment       0x0000002c       0x2d network/sock.o
 .comment       0x0000002c       0x2d network/tcp_output.o
 .comment       0x0000002c       0x2d network/arp.o
 .comment       0x0000002c       0x2d network/tcp_sock.o
 .comment       0x0000002c       0x2d network/ipc.o
 .comment       0x0000002c       0x2d network/icmpv4.o
 .comment       0x0000002c       0x2d network/ip_output.o
 .comment       0x0000002c       0x2d network/inet.o
 .comment       0x0000002c       0x2d network/dst.o
 .comment       0x0000002c       0x2d network/skbuff.o
 .comment       0x0000002c       0x2d network/tcp_input.o
 .comment       0x0000002c       0x2d network/task_network.o
 .comment       0x0000002c       0x2d network/route.o
 .comment       0x0000002c       0x2d network/udp.o
 .comment       0x0000002c       0x2d network/tcp_data.o
 .comment       0x0000002c       0x2d network/utils.o
 .comment       0x0000002c       0x2d hd/hd.o
 .comment       0x0000002c       0x2d fs/fs_main.o
 .comment       0x0000002c       0x2d mm/forkexit.o
 .comment       0x0000002c       0x2d mm/exec.o
 .comment       0x0000002c       0x2d mm/main.o
 .comment       0x0000002c       0x2d mem/mem.o
 .comment       0x0000002c       0x2d lib/floor.o
 .comment       0x0000002c       0x2d lib/exec.o
 .comment       0x0000002c       0x2d lib/exit.o
 .comment       0x0000002c       0x2d lib/unlink.o
 .comment       0x0000002c       0x2d lib/wait.o
 .comment       0x0000002c       0x2d lib/socket_close.o
 .comment       0x0000002c       0x2d lib/socket_read.o
 .comment       0x0000002c       0x2d lib/alloca.o
 .comment       0x0000002c       0x2d lib/calloc.o
 .comment       0x0000002c       0x2d lib/fork.o
 .comment       0x0000002c       0x2d lib/socket_write.o
 .comment       0x0000002c       0x2d lib/getpid.o
 .comment       0x0000002c       0x2d lib/stdlib/atoi.o
 .comment       0x0000002c       0x2d lib/stdlib/strtol.o
 .comment       0x0000002c       0x2d lib/string/strtok.o
 .comment       0x0000002c       0x2d lib/string/strcmp.o
 .comment       0x0000002c       0x2d lib/string/strncmp.o
 .comment       0x0000002c       0x2d lib/string/strpbrk.o
 .comment       0x0000002c       0x2d lib/stdio/read.o
 .comment       0x0000002c       0x2d lib/stdio/perror.o
 .comment       0x0000002c       0x2d lib/stdio/sscanf.o
 .comment       0x0000002c       0x2d lib/stdio/open.o
 .comment       0x0000002c       0x2d lib/stdio/write.o
 .comment       0x0000002c       0x2d lib/stdio/close.o
 .comment       0x0000002c       0x2d lib/sys/socket.o
 .comment       0x0000002c       0x2d lib/sys/connect.o
 .comment       0x0000002c       0x2d lib/arpa/ntohs.o
 .comment       0x0000002c       0x2d lib/arpa/htonl.o
 .comment       0x0000002c       0x2d lib/arpa/htons.o
 .comment       0x0000002c       0x2d lib/arpa/inet_pton.o
 .comment       0x0000002c       0x2d lib/arpa/ntohl.o
 .comment       0x0000002c       0x2d lib/arpa/inet_ntop.o

.gnu.build.attributes
 *(.gnu.build.attributes .gnu.build.attributes.*)

.debug
 *(.debug)

.line
 *(.line)

.debug_srcinfo
 *(.debug_srcinfo)

.debug_sfnames
 *(.debug_sfnames)

.debug_aranges  0x00000000      0x898
 *(.debug_aranges)
 .debug_aranges
                0x00000000       0x20 double_link_list.o
 .debug_aranges
                0x00000020       0x20 kernel_main.o
 .debug_aranges
                0x00000040       0x20 protect.o
 .debug_aranges
                0x00000060       0x20 console.o
 .debug_aranges
                0x00000080       0x20 my_process.o
 .debug_aranges
                0x000000a0       0x20 process.o
 .debug_aranges
                0x000000c0       0x18 global.o
 .debug_aranges
                0x000000d8       0x20 kernel_main_old.o
 .debug_aranges
                0x000000f8       0x20 keyboard.o
 .debug_aranges
                0x00000118       0x20 thread.o
 .debug_aranges
                0x00000138       0x20 network/socket.o
 .debug_aranges
                0x00000158       0x20 network/ip_input.o
 .debug_aranges
                0x00000178       0x20 network/udp_sock.o
 .debug_aranges
                0x00000198       0x20 network/netdev.o
 .debug_aranges
                0x000001b8       0x20 network/tcp.o
 .debug_aranges
                0x000001d8       0x20 network/sock.o
 .debug_aranges
                0x000001f8       0x20 network/tcp_output.o
 .debug_aranges
                0x00000218       0x20 network/arp.o
 .debug_aranges
                0x00000238       0x20 network/tcp_sock.o
 .debug_aranges
                0x00000258       0x20 network/ipc.o
 .debug_aranges
                0x00000278       0x20 network/icmpv4.o
 .debug_aranges
                0x00000298       0x20 network/ip_output.o
 .debug_aranges
                0x000002b8       0x20 network/inet.o
 .debug_aranges
                0x000002d8       0x20 network/dst.o
 .debug_aranges
                0x000002f8       0x20 network/skbuff.o
 .debug_aranges
                0x00000318       0x20 network/tcp_input.o
 .debug_aranges
                0x00000338       0x20 network/task_network.o
 .debug_aranges
                0x00000358       0x20 network/route.o
 .debug_aranges
                0x00000378       0x20 network/udp.o
 .debug_aranges
                0x00000398       0x20 network/tcp_data.o
 .debug_aranges
                0x000003b8       0x20 network/utils.o
 .debug_aranges
                0x000003d8       0x20 hd/hd.o
 .debug_aranges
                0x000003f8       0x20 fs/fs_main.o
 .debug_aranges
                0x00000418       0x20 mm/forkexit.o
 .debug_aranges
                0x00000438       0x20 mm/exec.o
 .debug_aranges
                0x00000458       0x20 mm/main.o
 .debug_aranges
                0x00000478       0x20 mem/mem.o
 .debug_aranges
                0x00000498       0x20 lib/floor.o
 .debug_aranges
                0x000004b8       0x20 lib/exec.o
 .debug_aranges
                0x000004d8       0x20 lib/exit.o
 .debug_aranges
                0x000004f8       0x20 lib/unlink.o
 .debug_aranges
                0x00000518       0x20 lib/wait.o
 .debug_aranges
                0x00000538       0x20 lib/socket_close.o
 .debug_aranges
                0x00000558       0x20 lib/socket_read.o
 .debug_aranges
                0x00000578       0x20 lib/alloca.o
 .debug_aranges
                0x00000598       0x20 lib/calloc.o
 .debug_aranges
                0x000005b8       0x20 lib/fork.o
 .debug_aranges
                0x000005d8       0x20 lib/socket_write.o
 .debug_aranges
                0x000005f8       0x20 lib/getpid.o
 .debug_aranges
                0x00000618       0x20 lib/stdlib/atoi.o
 .debug_aranges
                0x00000638       0x20 lib/stdlib/strtol.o
 .debug_aranges
                0x00000658       0x20 lib/string/strtok.o
 .debug_aranges
                0x00000678       0x20 lib/string/strcmp.o
 .debug_aranges
                0x00000698       0x20 lib/string/strncmp.o
 .debug_aranges
                0x000006b8       0x20 lib/string/strpbrk.o
 .debug_aranges
                0x000006d8       0x20 lib/stdio/read.o
 .debug_aranges
                0x000006f8       0x20 lib/stdio/perror.o
 .debug_aranges
                0x00000718       0x20 lib/stdio/sscanf.o
 .debug_aranges
                0x00000738       0x20 lib/stdio/open.o
 .debug_aranges
                0x00000758       0x20 lib/stdio/write.o
 .debug_aranges
                0x00000778       0x20 lib/stdio/close.o
 .debug_aranges
                0x00000798       0x20 lib/sys/socket.o
 .debug_aranges
                0x000007b8       0x20 lib/sys/connect.o
 .debug_aranges
                0x000007d8       0x20 lib/arpa/ntohs.o
 .debug_aranges
                0x000007f8       0x20 lib/arpa/htonl.o
 .debug_aranges
                0x00000818       0x20 lib/arpa/htons.o
 .debug_aranges
                0x00000838       0x20 lib/arpa/inet_pton.o
 .debug_aranges
                0x00000858       0x20 lib/arpa/ntohl.o
 .debug_aranges
                0x00000878       0x20 lib/arpa/inet_ntop.o

.debug_pubnames
 *(.debug_pubnames)

.debug_info     0x00000000    0x48dbd
 *(.debug_info .gnu.linkonce.wi.*)
 .debug_info    0x00000000     0x112a double_link_list.o
 .debug_info    0x0000112a     0x1243 kernel_main.o
 .debug_info    0x0000236d     0x129d protect.o
 .debug_info    0x0000360a     0x1372 console.o
 .debug_info    0x0000497c     0x1585 my_process.o
 .debug_info    0x00005f01     0x109c process.o
 .debug_info    0x00006f9d      0xf72 global.o
 .debug_info    0x00007f0f     0x2989 kernel_main_old.o
 .debug_info    0x0000a898     0x10c6 keyboard.o
 .debug_info    0x0000b95e     0x1160 thread.o
 .debug_info    0x0000cabe     0x1cae network/socket.o
 .debug_info    0x0000e76c     0x1d40 network/ip_input.o
 .debug_info    0x000104ac     0x1f99 network/udp_sock.o
 .debug_info    0x00012445     0x1ab2 network/netdev.o
 .debug_info    0x00013ef7     0x1f21 network/tcp.o
 .debug_info    0x00015e18     0x191c network/sock.o
 .debug_info    0x00017734     0x2a9d network/tcp_output.o
 .debug_info    0x0001a1d1     0x1a3c network/arp.o
 .debug_info    0x0001bc0d     0x27ed network/tcp_sock.o
 .debug_info    0x0001e3fa     0x1eb0 network/ipc.o
 .debug_info    0x000202aa     0x19c5 network/icmpv4.o
 .debug_info    0x00021c6f     0x1801 network/ip_output.o
 .debug_info    0x00023470     0x1b13 network/inet.o
 .debug_info    0x00024f83     0x1328 network/dst.o
 .debug_info    0x000262ab     0x1252 network/skbuff.o
 .debug_info    0x000274fd     0x2224 network/tcp_input.o
 .debug_info    0x00029721     0x1113 network/task_network.o
 .debug_info    0x0002a834     0x1409 network/route.o
 .debug_info    0x0002bc3d     0x1bca network/udp.o
 .debug_info    0x0002d807     0x1e8a network/tcp_data.o
 .debug_info    0x0002f691      0x367 network/utils.o
 .debug_info    0x0002f9f8     0x18e1 hd/hd.o
 .debug_info    0x000312d9     0x2023 fs/fs_main.o
 .debug_info    0x000332fc     0x1086 mm/forkexit.o
 .debug_info    0x00034382     0x12c2 mm/exec.o
 .debug_info    0x00035644      0xeb4 mm/main.o
 .debug_info    0x000364f8     0x1e46 mem/mem.o
 .debug_info    0x0003833e       0x6b lib/floor.o
 .debug_info    0x000383a9     0x1028 lib/exec.o
 .debug_info    0x000393d1      0xe9b lib/exit.o
 .debug_info    0x0003a26c      0xf79 lib/unlink.o
 .debug_info    0x0003b1e5      0xea9 lib/wait.o
 .debug_info    0x0003c08e     0x106f lib/socket_close.o
 .debug_info    0x0003d0fd     0x1177 lib/socket_read.o
 .debug_info    0x0003e274       0xb6 lib/alloca.o
 .debug_info    0x0003e32a      0xfa1 lib/calloc.o
 .debug_info    0x0003f2cb      0xe90 lib/fork.o
 .debug_info    0x0004015b     0x121f lib/socket_write.o
 .debug_info    0x0004137a      0xe90 lib/getpid.o
 .debug_info    0x0004220a       0xc9 lib/stdlib/atoi.o
 .debug_info    0x000422d3       0xd6 lib/stdlib/strtol.o
 .debug_info    0x000423a9       0xb5 lib/string/strtok.o
 .debug_info    0x0004245e       0xc1 lib/string/strcmp.o
 .debug_info    0x0004251f      0x110 lib/string/strncmp.o
 .debug_info    0x0004262f       0xcf lib/string/strpbrk.o
 .debug_info    0x000426fe      0xf34 lib/stdio/read.o
 .debug_info    0x00043632       0x5c lib/stdio/perror.o
 .debug_info    0x0004368e      0x202 lib/stdio/sscanf.o
 .debug_info    0x00043890      0xe95 lib/stdio/open.o
 .debug_info    0x00044725      0xec2 lib/stdio/write.o
 .debug_info    0x000455e7      0xe49 lib/stdio/close.o
 .debug_info    0x00046430     0x1107 lib/sys/socket.o
 .debug_info    0x00047537     0x11b6 lib/sys/connect.o
 .debug_info    0x000486ed       0xa8 lib/arpa/ntohs.o
 .debug_info    0x00048795       0xcb lib/arpa/htonl.o
 .debug_info    0x00048860       0xa8 lib/arpa/htons.o
 .debug_info    0x00048908      0x260 lib/arpa/inet_pton.o
 .debug_info    0x00048b68       0xcb lib/arpa/ntohl.o
 .debug_info    0x00048c33      0x18a lib/arpa/inet_ntop.o

.debug_abbrev   0x00000000     0x8b6c
 *(.debug_abbrev)
 .debug_abbrev  0x00000000      0x229 double_link_list.o
 .debug_abbrev  0x00000229      0x2c4 kernel_main.o
 .debug_abbrev  0x000004ed      0x243 protect.o
 .debug_abbrev  0x00000730      0x2bf console.o
 .debug_abbrev  0x000009ef      0x273 my_process.o
 .debug_abbrev  0x00000c62      0x214 process.o
 .debug_abbrev  0x00000e76      0x173 global.o
 .debug_abbrev  0x00000fe9      0x469 kernel_main_old.o
 .debug_abbrev  0x00001452      0x217 keyboard.o
 .debug_abbrev  0x00001669      0x235 thread.o
 .debug_abbrev  0x0000189e      0x343 network/socket.o
 .debug_abbrev  0x00001be1      0x2ed network/ip_input.o
 .debug_abbrev  0x00001ece      0x3c4 network/udp_sock.o
 .debug_abbrev  0x00002292      0x369 network/netdev.o
 .debug_abbrev  0x000025fb      0x345 network/tcp.o
 .debug_abbrev  0x00002940      0x28f network/sock.o
 .debug_abbrev  0x00002bcf      0x3d2 network/tcp_output.o
 .debug_abbrev  0x00002fa1      0x361 network/arp.o
 .debug_abbrev  0x00003302      0x443 network/tcp_sock.o
 .debug_abbrev  0x00003745      0x32d network/ipc.o
 .debug_abbrev  0x00003a72      0x252 network/icmpv4.o
 .debug_abbrev  0x00003cc4      0x22f network/ip_output.o
 .debug_abbrev  0x00003ef3      0x267 network/inet.o
 .debug_abbrev  0x0000415a      0x261 network/dst.o
 .debug_abbrev  0x000043bb      0x25b network/skbuff.o
 .debug_abbrev  0x00004616      0x368 network/tcp_input.o
 .debug_abbrev  0x0000497e      0x1e1 network/task_network.o
 .debug_abbrev  0x00004b5f      0x27f network/route.o
 .debug_abbrev  0x00004dde      0x2ef network/udp.o
 .debug_abbrev  0x000050cd      0x2c2 network/tcp_data.o
 .debug_abbrev  0x0000538f      0x17a network/utils.o
 .debug_abbrev  0x00005509      0x2ff hd/hd.o
 .debug_abbrev  0x00005808      0x314 fs/fs_main.o
 .debug_abbrev  0x00005b1c      0x220 mm/forkexit.o
 .debug_abbrev  0x00005d3c      0x1e0 mm/exec.o
 .debug_abbrev  0x00005f1c      0x224 mm/main.o
 .debug_abbrev  0x00006140      0x343 mem/mem.o
 .debug_abbrev  0x00006483       0x6a lib/floor.o
 .debug_abbrev  0x000064ed      0x204 lib/exec.o
 .debug_abbrev  0x000066f1      0x1b7 lib/exit.o
 .debug_abbrev  0x000068a8      0x1af lib/unlink.o
 .debug_abbrev  0x00006a57      0x1bb lib/wait.o
 .debug_abbrev  0x00006c12      0x1cc lib/socket_close.o
 .debug_abbrev  0x00006dde      0x1f9 lib/socket_read.o
 .debug_abbrev  0x00006fd7       0xcd lib/alloca.o
 .debug_abbrev  0x000070a4      0x1ad lib/calloc.o
 .debug_abbrev  0x00007251      0x1a6 lib/fork.o
 .debug_abbrev  0x000073f7      0x1fe lib/socket_write.o
 .debug_abbrev  0x000075f5      0x1a6 lib/getpid.o
 .debug_abbrev  0x0000779b       0x94 lib/stdlib/atoi.o
 .debug_abbrev  0x0000782f       0x8b lib/stdlib/strtol.o
 .debug_abbrev  0x000078ba       0x9c lib/string/strtok.o
 .debug_abbrev  0x00007956       0x94 lib/string/strcmp.o
 .debug_abbrev  0x000079ea       0xbe lib/string/strncmp.o
 .debug_abbrev  0x00007aa8       0xa5 lib/string/strpbrk.o
 .debug_abbrev  0x00007b4d      0x1ef lib/stdio/read.o
 .debug_abbrev  0x00007d3c       0x5c lib/stdio/perror.o
 .debug_abbrev  0x00007d98       0xca lib/stdio/sscanf.o
 .debug_abbrev  0x00007e62      0x1c5 lib/stdio/open.o
 .debug_abbrev  0x00008027      0x1db lib/stdio/write.o
 .debug_abbrev  0x00008202      0x19d lib/stdio/close.o
 .debug_abbrev  0x0000839f      0x1cc lib/sys/socket.o
 .debug_abbrev  0x0000856b      0x1d3 lib/sys/connect.o
 .debug_abbrev  0x0000873e       0x6c lib/arpa/ntohs.o
 .debug_abbrev  0x000087aa       0xa5 lib/arpa/htonl.o
 .debug_abbrev  0x0000884f       0x6c lib/arpa/htons.o
 .debug_abbrev  0x000088bb      0x116 lib/arpa/inet_pton.o
 .debug_abbrev  0x000089d1       0xa5 lib/arpa/ntohl.o
 .debug_abbrev  0x00008a76       0xf6 lib/arpa/inet_ntop.o

.debug_line     0x00000000     0xb014
 *(.debug_line .debug_line.* .debug_line_end)
 .debug_line    0x00000000      0x235 double_link_list.o
 .debug_line    0x00000235      0x251 kernel_main.o
 .debug_line    0x00000486      0x21d protect.o
 .debug_line    0x000006a3      0x56c console.o
 .debug_line    0x00000c0f      0x35c my_process.o
 .debug_line    0x00000f6b      0x220 process.o
 .debug_line    0x0000118b       0xb3 global.o
 .debug_line    0x0000123e      0xe64 kernel_main_old.o
 .debug_line    0x000020a2      0x2b4 keyboard.o
 .debug_line    0x00002356      0x181 thread.o
 .debug_line    0x000024d7      0x3c8 network/socket.o
 .debug_line    0x0000289f      0x34c network/ip_input.o
 .debug_line    0x00002beb      0x4cc network/udp_sock.o
 .debug_line    0x000030b7      0x4a1 network/netdev.o
 .debug_line    0x00003558      0x330 network/tcp.o
 .debug_line    0x00003888      0x23b network/sock.o
 .debug_line    0x00003ac3      0x889 network/tcp_output.o
 .debug_line    0x0000434c      0x573 network/arp.o
 .debug_line    0x000048bf      0x6d5 network/tcp_sock.o
 .debug_line    0x00004f94      0x625 network/ipc.o
 .debug_line    0x000055b9      0x232 network/icmpv4.o
 .debug_line    0x000057eb      0x20b network/ip_output.o
 .debug_line    0x000059f6      0x326 network/inet.o
 .debug_line    0x00005d1c      0x1af network/dst.o
 .debug_line    0x00005ecb      0x1ae network/skbuff.o
 .debug_line    0x00006079      0x6a2 network/tcp_input.o
 .debug_line    0x0000671b      0x126 network/task_network.o
 .debug_line    0x00006841      0x2aa network/route.o
 .debug_line    0x00006aeb      0x305 network/udp.o
 .debug_line    0x00006df0      0x422 network/tcp_data.o
 .debug_line    0x00007212      0x13c network/utils.o
 .debug_line    0x0000734e      0x64d hd/hd.o
 .debug_line    0x0000799b      0xc43 fs/fs_main.o
 .debug_line    0x000085de      0x192 mm/forkexit.o
 .debug_line    0x00008770      0x22a mm/exec.o
 .debug_line    0x0000899a      0x10a mm/main.o
 .debug_line    0x00008aa4      0x79a mem/mem.o
 .debug_line    0x0000923e       0x5a lib/floor.o
 .debug_line    0x00009298      0x1a9 lib/exec.o
 .debug_line    0x00009441       0xbe lib/exit.o
 .debug_line    0x000094ff       0xde lib/unlink.o
 .debug_line    0x000095dd       0xd5 lib/wait.o
 .debug_line    0x000096b2      0x145 lib/socket_close.o
 .debug_line    0x000097f7      0x186 lib/socket_read.o
 .debug_line    0x0000997d       0x5f lib/alloca.o
 .debug_line    0x000099dc       0xf9 lib/calloc.o
 .debug_line    0x00009ad5       0xc3 lib/fork.o
 .debug_line    0x00009b98      0x1a8 lib/socket_write.o
 .debug_line    0x00009d40       0xbe lib/getpid.o
 .debug_line    0x00009dfe       0xad lib/stdlib/atoi.o
 .debug_line    0x00009eab       0xbb lib/stdlib/strtol.o
 .debug_line    0x00009f66       0x6e lib/string/strtok.o
 .debug_line    0x00009fd4       0x9c lib/string/strcmp.o
 .debug_line    0x0000a070       0xcc lib/string/strncmp.o
 .debug_line    0x0000a13c       0xb0 lib/string/strpbrk.o
 .debug_line    0x0000a1ec      0x179 lib/stdio/read.o
 .debug_line    0x0000a365       0x48 lib/stdio/perror.o
 .debug_line    0x0000a3ad      0x220 lib/stdio/sscanf.o
 .debug_line    0x0000a5cd       0xe2 lib/stdio/open.o
 .debug_line    0x0000a6af       0xe0 lib/stdio/write.o
 .debug_line    0x0000a78f       0xd1 lib/stdio/close.o
 .debug_line    0x0000a860      0x188 lib/sys/socket.o
 .debug_line    0x0000a9e8      0x194 lib/sys/connect.o
 .debug_line    0x0000ab7c       0x6c lib/arpa/ntohs.o
 .debug_line    0x0000abe8       0xc1 lib/arpa/htonl.o
 .debug_line    0x0000aca9       0x6c lib/arpa/htons.o
 .debug_line    0x0000ad15      0x167 lib/arpa/inet_pton.o
 .debug_line    0x0000ae7c       0xc1 lib/arpa/ntohl.o
 .debug_line    0x0000af3d       0xd7 lib/arpa/inet_ntop.o

.debug_frame
 *(.debug_frame)

.debug_str      0x00000000     0x3aed
 *(.debug_str)
 .debug_str     0x00000000     0x3aed double_link_list.o
                                0x77c (size before relaxing)
 .debug_str     0x00003aed      0x7f3 kernel_main.o
 .debug_str     0x00003aed      0x805 protect.o
 .debug_str     0x00003aed      0x7f9 console.o
 .debug_str     0x00003aed      0x998 my_process.o
 .debug_str     0x00003aed      0x714 process.o
 .debug_str     0x00003aed      0x6aa global.o
 .debug_str     0x00003aed      0xc3d kernel_main_old.o
 .debug_str     0x00003aed      0x736 keyboard.o
 .debug_str     0x00003aed      0x7c1 thread.o
 .debug_str     0x00003aed      0x9c8 network/socket.o
 .debug_str     0x00003aed      0xafd network/ip_input.o
 .debug_str     0x00003aed      0xb07 network/udp_sock.o
 .debug_str     0x00003aed      0x9ef network/netdev.o
 .debug_str     0x00003aed      0xbe1 network/tcp.o
 .debug_str     0x00003aed      0x94c network/sock.o
 .debug_str     0x00003aed      0xeb3 network/tcp_output.o
 .debug_str     0x00003aed      0x9bc network/arp.o
 .debug_str     0x00003aed      0xe1f network/tcp_sock.o
 .debug_str     0x00003aed      0xa52 network/ipc.o
 .debug_str     0x00003aed      0x9b0 network/icmpv4.o
 .debug_str     0x00003aed      0x8ec network/ip_output.o
 .debug_str     0x00003aed      0x987 network/inet.o
 .debug_str     0x00003aed      0x7c4 network/dst.o
 .debug_str     0x00003aed      0x7a9 network/skbuff.o
 .debug_str     0x00003aed      0xc41 network/tcp_input.o
 .debug_str     0x00003aed      0x74b network/task_network.o
 .debug_str     0x00003aed      0x850 network/route.o
 .debug_str     0x00003aed      0x9e3 network/udp.o
 .debug_str     0x00003aed      0xafd network/tcp_data.o
 .debug_str     0x00003aed      0x1b8 network/utils.o
 .debug_str     0x00003aed      0x9b3 hd/hd.o
 .debug_str     0x00003aed      0xb94 fs/fs_main.o
 .debug_str     0x00003aed      0x6b1 mm/forkexit.o
 .debug_str     0x00003aed      0x907 mm/exec.o
 .debug_str     0x00003aed      0x632 mm/main.o
 .debug_str     0x00003aed      0xb58 mem/mem.o
 .debug_str     0x00003aed       0xa2 lib/floor.o
 .debug_str     0x00003aed      0x6c6 lib/exec.o
 .debug_str     0x00003aed      0x63f lib/exit.o
 .debug_str     0x00003aed      0x6be lib/unlink.o
 .debug_str     0x00003aed      0x63f lib/wait.o
 .debug_str     0x00003aed      0x748 lib/socket_close.o
 .debug_str     0x00003aed      0x7c4 lib/socket_read.o
 .debug_str     0x00003aed       0xce lib/alloca.o
 .debug_str     0x00003aed      0x6cb lib/calloc.o
 .debug_str     0x00003aed      0x638 lib/fork.o
 .debug_str     0x00003aed      0x80d lib/socket_write.o
 .debug_str     0x00003aed      0x63c lib/getpid.o
 .debug_str     0x00003aed       0xad lib/stdlib/atoi.o
 .debug_str     0x00003aed       0xc6 lib/stdlib/strtol.o
 .debug_str     0x00003aed       0xb9 lib/string/strtok.o
 .debug_str     0x00003aed       0xb1 lib/string/strcmp.o
 .debug_str     0x00003aed       0xba lib/string/strncmp.o
 .debug_str     0x00003aed       0xc1 lib/string/strpbrk.o
 .debug_str     0x00003aed      0x673 lib/stdio/read.o
 .debug_str     0x00003aed       0x99 lib/stdio/perror.o
 .debug_str     0x00003aed      0x109 lib/stdio/sscanf.o
 .debug_str     0x00003aed      0x63a lib/stdio/open.o
 .debug_str     0x00003aed      0x637 lib/stdio/write.o
 .debug_str     0x00003aed      0x602 lib/stdio/close.o
 .debug_str     0x00003aed      0x75a lib/sys/socket.o
 .debug_str     0x00003aed      0x7c6 lib/sys/connect.o
 .debug_str     0x00003aed      0x101 lib/arpa/ntohs.o
 .debug_str     0x00003aed       0xf4 lib/arpa/htonl.o
 .debug_str     0x00003aed      0x102 lib/arpa/htons.o
 .debug_str     0x00003aed      0x14c lib/arpa/inet_pton.o
 .debug_str     0x00003aed       0xf3 lib/arpa/ntohl.o
 .debug_str     0x00003aed      0x10f lib/arpa/inet_ntop.o

.debug_loc
 *(.debug_loc)

.debug_macinfo
 *(.debug_macinfo)

.debug_weaknames
 *(.debug_weaknames)

.debug_funcnames
 *(.debug_funcnames)

.debug_typenames
 *(.debug_typenames)

.debug_varnames
 *(.debug_varnames)

.debug_pubtypes
 *(.debug_pubtypes)

.debug_ranges   0x00000000       0x90
 *(.debug_ranges)
 .debug_ranges  0x00000000       0x30 kernel_main_old.o
 .debug_ranges  0x00000030       0x48 hd/hd.o
 .debug_ranges  0x00000078       0x18 mm/exec.o

.debug_addr
 *(.debug_addr)

.debug_line_str
 *(.debug_line_str)

.debug_loclists
 *(.debug_loclists)

.debug_macro
 *(.debug_macro)

.debug_names
 *(.debug_names)

.debug_rnglists
 *(.debug_rnglists)

.debug_str_offsets
 *(.debug_str_offsets)

.debug_sup
 *(.debug_sup)

.gnu.attributes
 *(.gnu.attributes)

/DISCARD/
 *(.note.GNU-stack)
 *(.gnu_debuglink)
 *(.gnu.lto_*)
OUTPUT(kernel.bin elf32-i386)
