
Merging program properties

Removed property 0xc0010001 to merge double_link_list.o (0x1) and kernel/kernel_sub.o (not found)
Removed property 0xc0010002 to merge double_link_list.o (0x0) and kernel/kernel_sub.o (not found)
Removed property 0xc0010001 to merge double_link_list.o (not found) and kernel_main_old.o (0x1)
Removed property 0xc0010002 to merge double_link_list.o (not found) and kernel_main_old.o (0x1)
Removed property 0xc0010001 to merge double_link_list.o (not found) and kernel_main.o (0x1)
Removed property 0xc0010002 to merge double_link_list.o (not found) and kernel_main.o (0x0)
Removed property 0xc0010001 to merge double_link_list.o (not found) and protect.o (0x1)
Removed property 0xc0010002 to merge double_link_list.o (not found) and protect.o (0x0)
Removed property 0xc0010001 to merge double_link_list.o (not found) and console.o (0x1)
Removed property 0xc0010002 to merge double_link_list.o (not found) and console.o (0x1)
Removed property 0xc0010001 to merge double_link_list.o (not found) and process.o (0x1)
Removed property 0xc0010002 to merge double_link_list.o (not found) and process.o (0x0)
Removed property 0xc0010001 to merge double_link_list.o (not found) and global.o (0x1)
Removed property 0xc0010002 to merge double_link_list.o (not found) and global.o (0x0)
Removed property 0xc0010001 to merge double_link_list.o (not found) and keyboard.o (0x1)
Removed property 0xc0010002 to merge double_link_list.o (not found) and keyboard.o (0x0)
Removed property 0xc0010001 to merge double_link_list.o (not found) and thread.o (0x1)
Removed property 0xc0010002 to merge double_link_list.o (not found) and thread.o (0x0)
Removed property 0xc0010001 to merge double_link_list.o (not found) and my_process.o (0x1)
Removed property 0xc0010002 to merge double_link_list.o (not found) and my_process.o (0x1)
Removed property 0xc0010001 to merge double_link_list.o (not found) and network/socket.o (0x1)
Removed property 0xc0010002 to merge double_link_list.o (not found) and network/socket.o (0x0)
Removed property 0xc0010001 to merge double_link_list.o (not found) and network/ip_input.o (0x1)
Removed property 0xc0010002 to merge double_link_list.o (not found) and network/ip_input.o (0x0)
Removed property 0xc0010001 to merge double_link_list.o (not found) and network/udp_sock.o (0x1)
Removed property 0xc0010002 to merge double_link_list.o (not found) and network/udp_sock.o (0x0)
Removed property 0xc0010001 to merge double_link_list.o (not found) and network/netdev.o (0x1)
Removed property 0xc0010002 to merge double_link_list.o (not found) and network/netdev.o (0x0)
Removed property 0xc0010001 to merge double_link_list.o (not found) and network/tcp.o (0x1)
Removed property 0xc0010002 to merge double_link_list.o (not found) and network/tcp.o (0x0)
Removed property 0xc0010001 to merge double_link_list.o (not found) and network/sock.o (0x1)
Removed property 0xc0010002 to merge double_link_list.o (not found) and network/sock.o (0x0)
Removed property 0xc0010001 to merge double_link_list.o (not found) and network/tcp_output.o (0x1)
Removed property 0xc0010002 to merge double_link_list.o (not found) and network/tcp_output.o (0x1)
Removed property 0xc0010001 to merge double_link_list.o (not found) and network/arp.o (0x1)
Removed property 0xc0010002 to merge double_link_list.o (not found) and network/arp.o (0x0)
Removed property 0xc0010001 to merge double_link_list.o (not found) and network/tcp_sock.o (0x1)
Removed property 0xc0010002 to merge double_link_list.o (not found) and network/tcp_sock.o (0x0)
Removed property 0xc0010001 to merge double_link_list.o (not found) and network/ipc.o (0x1)
Removed property 0xc0010002 to merge double_link_list.o (not found) and network/ipc.o (0x1)
Removed property 0xc0010001 to merge double_link_list.o (not found) and network/icmpv4.o (0x1)
Removed property 0xc0010002 to merge double_link_list.o (not found) and network/icmpv4.o (0x0)
Removed property 0xc0010001 to merge double_link_list.o (not found) and network/ip_output.o (0x1)
Removed property 0xc0010002 to merge double_link_list.o (not found) and network/ip_output.o (0x0)
Removed property 0xc0010001 to merge double_link_list.o (not found) and network/skbuff.o (0x1)
Removed property 0xc0010002 to merge double_link_list.o (not found) and network/skbuff.o (0x0)
Removed property 0xc0010001 to merge double_link_list.o (not found) and network/inet.o (0x1)
Removed property 0xc0010002 to merge double_link_list.o (not found) and network/inet.o (0x0)
Removed property 0xc0010001 to merge double_link_list.o (not found) and network/dst.o (0x1)
Removed property 0xc0010002 to merge double_link_list.o (not found) and network/dst.o (0x0)
Removed property 0xc0010001 to merge double_link_list.o (not found) and network/tcp_input.o (0x1)
Removed property 0xc0010002 to merge double_link_list.o (not found) and network/tcp_input.o (0x0)
Removed property 0xc0010001 to merge double_link_list.o (not found) and network/task_network.o (0x1)
[...]
Memory Configuration

Name             Origin             Length             Attributes
*default*        0x00000000         0xffffffff

Linker script and memory map

Address of section .text set to 0xc0600000
LOAD kernel/kernel_sub.o
LOAD kernel/kernel.o
LOAD switch_to.o
LOAD string.o
LOAD syscall.o
LOAD hd/hd_rdwt.o
LOAD network/ne2000.o
LOAD double_link_list.o
LOAD kernel_main_old.o
LOAD kernel_main.o
LOAD protect.o
LOAD console.o
LOAD process.o
LOAD global.o
LOAD keyboard.o
LOAD thread.o
LOAD my_process.o
LOAD network/socket.o
LOAD network/ip_input.o
LOAD network/udp_sock.o
LOAD network/netdev.o
LOAD network/tcp.o
LOAD network/sock.o
LOAD network/tcp_output.o
LOAD network/arp.o
LOAD network/tcp_sock.o
LOAD network/ipc.o
LOAD network/icmpv4.o
LOAD network/ip_output.o
LOAD network/skbuff.o
LOAD network/inet.o
LOAD network/dst.o
LOAD network/tcp_input.o
LOAD network/task_network.o
LOAD network/route.o
LOAD network/udp.o
LOAD network/tcp_data.o
LOAD network/utils.o
LOAD hd/hd.o
LOAD fs/fs_main.o
LOAD mm/forkexit.o
LOAD mm/exec.o
LOAD mm/main.o
LOAD mem/mem.o
LOAD lib/floor.o
LOAD lib/exec.o
LOAD lib/exit.o
LOAD lib/unlink.o
LOAD lib/wait.o
LOAD lib/calloc.o
LOAD lib/alloca.o
LOAD lib/fork.o
LOAD lib/getpid.o
LOAD lib/stdlib/atoi.o
LOAD lib/string/strtok.o
LOAD lib/string/strcmp.o
LOAD lib/string/strncmp.o
LOAD lib/string/strpbrk.o
LOAD lib/stdio/read.o
LOAD lib/stdio/perror.o
LOAD lib/stdio/sscanf.o
LOAD lib/stdio/open.o
LOAD lib/stdio/write.o
LOAD lib/stdio/close.o
LOAD lib/arpa/ntohs.o
LOAD lib/arpa/htonl.o
LOAD lib/arpa/htons.o
LOAD lib/arpa/inet_pton.o
LOAD lib/arpa/ntohl.o
LOAD lib/arpa/inet_ntop.o
                [!provide]                        PROVIDE (__executable_start = SEGMENT_START ("text-segment", 0x8048000))
                0x080480d4                        . = (SEGMENT_START ("text-segment", 0x8048000) + SIZEOF_HEADERS)

.interp
 *(.interp)

.note.gnu.build-id
 *(.note.gnu.build-id)

.hash
 *(.hash)

.gnu.hash
 *(.gnu.hash)

.dynsym
 *(.dynsym)

.dynstr
 *(.dynstr)

.gnu.version
 *(.gnu.version)

.gnu.version_d
 *(.gnu.version_d)

.gnu.version_r
 *(.gnu.version_r)

.rel.dyn        0x080480d4        0x0
 *(.rel.init)
 *(.rel.text .rel.text.* .rel.gnu.linkonce.t.*)
 .rel.text      0x080480d4        0x0 kernel/kernel_sub.o
 *(.rel.fini)
 *(.rel.rodata .rel.rodata.* .rel.gnu.linkonce.r.*)
 *(.rel.data.rel.ro .rel.data.rel.ro.* .rel.gnu.linkonce.d.rel.ro.*)
 *(.rel.data .rel.data.* .rel.gnu.linkonce.d.*)
 *(.rel.tdata .rel.tdata.* .rel.gnu.linkonce.td.*)
 *(.rel.tbss .rel.tbss.* .rel.gnu.linkonce.tb.*)
 *(.rel.ctors)
 *(.rel.dtors)
 *(.rel.got)
 .rel.got       0x080480d4        0x0 kernel/kernel_sub.o
 *(.rel.bss .rel.bss.* .rel.gnu.linkonce.b.*)
 *(.rel.ifunc)

.rel.plt        0x080480d4        0x0
 *(.rel.plt)
                [!provide]                        PROVIDE (__rel_iplt_start = .)
 *(.rel.iplt)
 .rel.iplt      0x080480d4        0x0 kernel/kernel_sub.o
                [!provide]                        PROVIDE (__rel_iplt_end = .)

.relr.dyn
 *(.relr.dyn)
                0x08049000                        . = ALIGN (CONSTANT (MAXPAGESIZE))

.init
 *(SORT_NONE(.init))

.plt            0x08049000        0x0
 *(.plt)
 *(.iplt)
 .iplt          0x08049000        0x0 kernel/kernel_sub.o

.plt.got
 *(.plt.got)

.plt.sec
 *(.plt.sec)

.text           0xc0600000    0x11ea0
 *(.text.unlikely .text.*_unlikely .text.unlikely.*)
 *(.text.exit .text.exit.*)
 *(.text.startup .text.startup.*)
 *(.text.hot .text.hot.*)
 *(SORT_BY_NAME(.text.sorted.*))
 *(.text .stub .text.* .gnu.linkonce.t.*)
 .text          0xc0600000       0x74 kernel/kernel_sub.o
                0xc0600000                _start
 *fill*         0xc0600074        0xc 
 .text          0xc0600080      0x3d7 kernel/kernel.o
                0xc0600080                InterruptTest
                0xc060008c                disp_str_len
                0xc06000d9                disp_str
                0xc0600114                disp_str_colour
                0xc0600150                divide_zero_fault
                0xc0600156                single_step_fault
                0xc060015c                non_maskable_interrupt
                0xc0600162                breakpoint_trap
                0xc0600168                overflow_trap
                0xc060016e                bound_range_exceeded_fault
                0xc0600174                invalid_opcode_fault
                0xc060017a                coprocessor_not_available_fault
                0xc0600180                double_fault_exception_abort
                0xc0600184                coprocessor_segment_overrun
                0xc060018a                invalid_task_state_segment_fault
                0xc060018e                segment_not_present_fault
                0xc0600192                stack_exception_fault
                0xc0600196                general_protection_exception_fault
                0xc06001a1                page_fault
                0xc06001a5                coprocessor_error_fault
                0xc06001ab                align_check_fault
                0xc06001af                simd_float_exception_fault
                0xc06001be                hwint0
                0xc06001ee                hwint1
                0xc0600231                hwint14
                0xc0600277                hwint10
                0xc06002ba                sys_call
                0xc0600300                fork_restart
                0xc060030f                restart
                0xc0600332                in_byte
                0xc060033e                out_byte
                0xc0600360                disable_int
                0xc0600362                enable_int
                0xc06003f8                enable_8259A_casecade_irq
                0xc0600402                disable_8259A_casecade_irq
                0xc060040c                enable_8259A_slave_winchester_irq
                0xc0600416                disable_8259A_slave_winchester_irq
                0xc0600420                update_cr3
                0xc060042d                update_tss
                0xc060043c                get_running_thread_pcb
                0xc0600444                sys_call_test
                0xc0600447                enable_8259A_slave_net_irq
 *fill*         0xc0600457        0x9 
 .text          0xc0600460       0x15 switch_to.o
                0xc0600460                switch_to
 *fill*         0xc0600475        0xb 
 .text          0xc0600480       0x69 syscall.o
                0xc0600480                write_debug
                0xc0600490                send_msg
                0xc06004a6                receive_msg
                0xc06004bc                sys_malloc
                0xc06004d1                sys_free
 *fill*         0xc06004e9        0x7 
 .text          0xc06004f0      0x25b network/ne2000.o
                0xc0600513                DriverInitialize
                0xc060059d                SetPageStart
                0xc06005c5                DriverSend
                0xc060063a                PCtoNIC
                0xc06006a8                get_interrupt_status
                0xc06006be                set_interrupt_status
                0xc06006d7                get_curr_page
                0xc06006f4                NICtoPC
 .text          0xc060074b      0x329 double_link_list.o
                0xc060074b                initDoubleLinkList
                0xc0600779                isListEmpty
                0xc060079a                findElementInList
                0xc0600876                appendToDoubleLinkList
                0xc060095d                insertToDoubleLinkList
                0xc06009e0                popFromDoubleLinkList
 .text          0xc0600a74     0x2ded kernel_main_old.o
                0xc0600a74                stop_here
                0xc0600ab8                catch_error
                0xc0600ad5                intr_enable
                0xc0600afe                intr_disable
                0xc0600b27                intr_set_status
                0xc0600b45                intr_get_status
                0xc0600b62                Memcpy
                0xc0600b95                untar
                0xc0600eaa                num_to_string
                0xc0600f50                disp_int
                0xc0600f79                do_page_fault
                0xc06010b6                exception_handler
                0xc060129d                init_internal_interrupt
                0xc0601412                spurious_irq
                0xc06014a0                init_keyboard
                0xc06014e3                TestTTY
                0xc0601582                TestReadReturnValue
                0xc06015ff                TestWriteReturnValue
                0xc06016d3                TestFS2
                0xc06016e1                TestFS
                0xc0601b83                wait_exit
                0xc0601c81                INIT_fork
                0xc0601f79                simple_shell
                0xc0602100                test_shell
                0xc0602168                test_exec
                0xc06022a8                INIT
                0xc06022b5                TestA
                0xc06022ea                delay
                0xc060232e                TestB
                0xc0602346                TestC
                0xc0602379                sys_get_ticks
                0xc0602389                sys_write
                0xc06023dd                milli_delay
                0xc0602419                TaskSys
                0xc060241e                Printf
                0xc06024f0                sprintf
                0xc060251c                vsprintf
                0xc06026c8                printx
                0xc060270b                sys_printx
                0xc06027d7                spin
                0xc06027fd                panic
                0xc060281b                assertion_failure
                0xc060288d                assertion_failure2
                0xc0602902                dead_lock
                0xc060290c                sys_send_msg
                0xc0602e2b                sys_receive_msg
                0xc060348b                send_rec
                0xc0603586                block
                0xc06035c2                unblock
                0xc0603612                get_ticks_ipc
                0xc0603669                itoa
                0xc06036bf                i2a
                0xc0603725                inform_int
                0xc06037f2                deprecate_strcmp
 .text          0xc0603861      0x400 kernel_main.o
                0xc0603861                kernel_main
                0xc0603a27                init
                0xc0603ae1                kernel_thread_a
                0xc0603b2e                kernel_thread_b
                0xc0603b7b                kernel_thread_c
                0xc0603b91                kernel_thread_d
                0xc0603ba7                user_proc_a
                0xc0603c49                user_proc_b
 .text          0xc0603c61      0x3b3 protect.o
                0xc0603c61                InitDescriptor
                0xc0603cce                Seg2PhyAddr
                0xc0603d0f                Seg2PhyAddrLDT
                0xc0603d53                VirAddr2PhyAddr
                0xc0603d69                v2l
                0xc0603dac                init_propt
                0xc0603f2d                InitInterruptDesc
                0xc0603f89                ReloadGDT
 .text          0xc0604014      0xaca console.o
                0xc0604014                select_console
                0xc0604050                flush
                0xc0604089                set_cursor
                0xc06040e7                set_console_start_video_addr
                0xc0604145                put_key
                0xc06041b1                scroll_up
                0xc06041f3                scroll_down
                0xc060425e                out_char
                0xc060441b                tty_dev_read
                0xc0604445                tty_dev_write
                0xc0604672                tty_do_read
                0xc060473a                tty_do_write
                0xc060489d                init_screen
                0xc0604926                init_tty
                0xc06049db                TaskTTY
 .text          0xc0604ade      0x21b process.o
                0xc0604ade                schedule_process
                0xc0604beb                clock_handler
                0xc0604c5c                pid2proc
                0xc0604ce2                proc2pid
 .text          0xc0604cf9        0x0 global.o
 .text          0xc0604cf9      0x40f keyboard.o
                0xc0604cf9                keyboard_handler
                0xc0604d7d                read_from_keyboard_buf
                0xc0604de3                keyboard_read
                0xc0604f62                init_keyboard_handler
                0xc0604f76                in_process
 .text          0xc0605108      0x1b2 thread.o
                0xc0605108                kernel_thread
                0xc0605120                thread_init
                0xc06051cd                thread_create
                0xc0605202                thread_start
 .text          0xc06052ba      0x730 my_process.o
                0xc06052ba                create_user_process_address_space
                0xc060534a                user_process
                0xc0605477                clone_pcb
                0xc06055e9                build_body_stack
                0xc060571c                build_process_kernel_stack
                0xc06057df                fork_process
                0xc0605870                process_execute
 .text          0xc06059ea      0x66c network/socket.o
                0xc0605a9a                test
                0xc0605af6                socket_debug
                0xc0605b57                free_socket
                0xc0605c13                _socket
                0xc0605cd2                _bind
                0xc0605d25                _connect
                0xc0605d77                _write
                0xc0605dce                _read
                0xc0605e25                _recvfrom
                0xc0605e66                _sendto
                0xc0605ebd                _close
                0xc0605f3c                _listen
                0xc0605fa2                _accept
 .text          0xc0606056      0x2da network/ip_input.o
                0xc06061e0                ip_rcv
 .text          0xc0606330      0x8bc network/udp_sock.o
                0xc060655d                udp_lookup_sock
                0xc06065a4                udp_init
                0xc06065d5                udp_close
                0xc06065fb                udp_sock_init
                0xc0606605                udp_recvfrom
                0xc060669e                udp_connect
                0xc0606777                udp_write
                0xc06067a3                udp_alloc_skb
                0xc06067ed                udp_sendto
                0xc06068e1                udp_send
                0xc0606a1f                udp_alloc_sock
                0xc0606a60                udp_free_sock
                0xc0606a84                udp_read
 .text          0xc0606bec      0x37e network/netdev.o
                0xc0606cfe                netdev_init
                0xc0606d45                netdev_transmit
                0xc0606e75                netdev_rx_loop
                0xc0606ee5                netdev_get
                0xc0606f02                free_netdev
                0xc0606f2d                local_ipaddress
 .text          0xc0606f6a      0x448 network/tcp.o
                0xc060715f                tcp_in
                0xc0607213                tcp_checksum
                0xc060723f                __tcp_set_state
                0xc060724e                tcp_generate_port
                0xc0607297                tcp_generate_isn
                0xc06072a1                tcp_done
                0xc06072ca                tcp_clear_timers
                0xc06072d9                tcp_stop_retransmission_timer
                0xc06072f2                tcp_release_retransmission_timer
                0xc060730b                tcp_stop_delack_timer
                0xc060731e                tcp_release_delack_timer
                0xc0607331                tcp_handle_fin_state
                0xc0607396                tcp_enter_time_wait
 .text          0xc06073b2      0x203 network/sock.o
                0xc06074e4                sk_alloc
                0xc060750b                sk_init
                0xc060755f                sk_init_with_socket
                0xc0607588                sk_free
 .text          0xc06075b5      0xbb9 network/tcp_output.o
                0xc0607a76                tcp_send_synack
                0xc0607b19                tcp_send_delack
                0xc0607b54                tcp_send_ack
                0xc0607ca0                tcp_send_fin
                0xc0607d15                tcp_select_initial_window
                0xc0607ec7                tcp_reset_retransmission_timer
                0xc0607ee4                tcp_begin_connect
                0xc0607f8e                tcp_send
                0xc0608073                tcp_send_reset
                0xc06080f3                tcp_queue_fin
 .text          0xc060816e      0x6dc network/arp.o
                0xc060833b                arp_init
                0xc0608341                arp_rcv
                0xc06084f3                arp_request
                0xc060865d                arp_reply
                0xc06087ad                arp_get_hwaddr
                0xc06087f9                free_arp
 .text          0xc060884a      0xa16 network/tcp_sock.o
                0xc0608af8                tcp_established_or_syn_recvd_socks_enqueue
                0xc0608b0f                tcp_established_or_syn_recvd_socks_remove
                0xc0608b21                tcp_connecting_or_listening_socks_enqueue
                0xc0608b38                tcp_connecting_or_listening_socks_remove
                0xc0608b4a                tcp_alloc_sock
                0xc0608c60                tcp_free_sock
                0xc0608cd9                tcp_init
                0xc0608ce3                tcp_sock_init
                0xc0608d86                tcp_write
                0xc0608dc7                tcp_read
                0xc0608e7a                tcp_close
                0xc0608f38                tcp_recv_notify
                0xc0608f63                tcp_v4_connect
                0xc06091b3                tcp_lookup_sock
 .text          0xc0609260      0xcf0 network/ipc.o
                0xc0609dec                ipc_close
                0xc0609e3d                demux_ipc_socket_call
 .text          0xc0609f50      0x234 network/icmpv4.o
                0xc0609f5e                icmpv4_incoming
                0xc0609fd2                icmpv4_reply
                0xc060a0ab                icmpv4_timestamp
 .text          0xc060a184      0x1d3 network/ip_output.o
                0xc060a192                ip_output
 .text          0xc060a357      0x12e network/skbuff.o
                0xc060a370                alloc_skb
                0xc060a401                free_skb
                0xc060a407                skb_reserve
                0xc060a423                skb_push
                0xc060a452                skb_head
                0xc060a45d                skb_reset_header
 .text          0xc060a485      0x429 network/inet.o
                0xc060a485                inet_create
                0xc060a535                inet_socket
                0xc060a53f                inet_connect
                0xc060a593                inet_write
                0xc060a5bf                inet_read
                0xc060a5eb                inet_close
                0xc060a63a                inet_free
                0xc060a670                inet_bind
                0xc060a779                inet_listen
                0xc060a7c2                inet_accept
                0xc060a86d                inet_sendto
                0xc060a898                inet_recvfrom
 .text          0xc060a8ae       0xd8 network/dst.o
                0xc060a8bc                dst_neigh_output
 .text          0xc060a986      0xb6f network/tcp_input.o
                0xc060b06d                tcp_process
                0xc060b433                tcp_receive
 .text          0xc060b4f5       0x9e network/task_network.o
                0xc060b4f5                task_network
                0xc060b575                task_netdev_rx
 .text          0xc060b593      0x295 network/route.o
                0xc060b6c0                route_add
                0xc060b705                route_init
                0xc060b78c                route_lookup
                0xc060b7d7                free_routes
 .text          0xc060b828      0x3e0 network/udp.o
                0xc060b933                udp_generate_port
                0xc060b97c                udp_checksum
                0xc060ba4a                udp_in
                0xc060badb                udp_data_dequeue
                0xc060bbe3                udp_data_enqueue
 .text          0xc060bc08      0x54a network/tcp_data.o
                0xc060bef3                tcp_data_dequeue
                0xc060c020                tcp_data_queue
 .text          0xc060c152      0x1e7 network/utils.o
                0xc060c152                run_cmd
                0xc060c15f                print_err
                0xc060c176                parse_ipv4_string
                0xc060c1d5                ip_pton
                0xc060c21d                sum_every_16bits
                0xc060c274                checksum
                0xc060c2b5                tcp_udp_checksum
 .text          0xc060c339      0xe63 hd/hd.o
                0xc060c339                TaskHD
                0xc060c37e                init_hd
                0xc060c398                hd_handle
                0xc060c49d                hd_cmd_out
                0xc060c59f                hd_identify
                0xc060c656                print_hdinfo
                0xc060c7e4                print_dpt_entry
                0xc060c850                get_partition_table
                0xc060c92f                partition
                0xc060cb49                hd_open
                0xc060cbf0                get_hd_ioctl
                0xc060cca1                wait_for
                0xc060ccd2                interrupt_wait
                0xc060cd22                hd_rdwt
                0xc060cfc1                hd_handler
                0xc060cfed                debug_ticks
                0xc060d02b                net_handler
                0xc060d033                waitfor
                0xc060d077                print_hd_info
                0xc060d164                is_empty
 .text          0xc060d19c     0x2069 fs/fs_main.o
                0xc060d19c                task_fs
                0xc060d3a7                rd_wt
                0xc060d480                mkfs
                0xc060da62                init_fs
                0xc060dab6                do_open
                0xc060dcbf                search_file
                0xc060ddf1                strip_path
                0xc060debd                get_inode
                0xc060e07f                create_file
                0xc060e18a                alloc_imap_bit
                0xc060e287                alloc_smap_bit
                0xc060e428                new_inode
                0xc060e546                new_dir_entry
                0xc060e752                do_unlink
                0xc060ec2e                do_rdwt
                0xc060efb9                sync_inode
                0xc060f10d                put_inode
                0xc060f14b                do_close
                0xc060f19d                get_super_block
 .text          0xc060f205      0x271 mm/forkexit.o
                0xc060f205                do_fork
                0xc060f273                do_exit
                0xc060f2fd                do_wait
                0xc060f41c                cleanup
 .text          0xc060f476      0x419 mm/exec.o
                0xc060f476                do_exec
 .text          0xc060f88f      0x148 mm/main.o
                0xc060f88f                TaskMM
                0xc060f9b8                alloc_mem
 .text          0xc060f9d7     0x126c mem/mem.o
                0xc060f9d7                init_bitmap
                0xc060f9fa                test_bit_val
                0xc060fa63                set_bit_val
                0xc060fade                set_bits
                0xc060fb18                get_first_free_bit
                0xc060fb5c                get_bits
                0xc060fc24                get_a_page
                0xc060fcd8                get_virtual_address_start_with_addr
                0xc060fd72                get_virtual_address
                0xc060fe02                ptr_pde
                0xc060fe15                ptr_pte
                0xc060fe3c                add_map_entry
                0xc060fecd                alloc_virtual_memory
                0xc060ffa0                get_physical_address_proc
                0xc061001c                get_physical_address
                0xc061004e                alloc_physical_memory_of_proc
                0xc061013d                alloc_physical_memory
                0xc0610205                alloc_memory
                0xc0610267                get_a_virtual_page
                0xc061029f                block2arena
                0xc06102b5                sys_malloc2
                0xc061056b                remove_map_entry
                0xc061058c                free_a_page
                0xc0610633                sys_free2
                0xc06107bb                init_memory_block_desc
                0xc061088c                init_memory2
                0xc0610b03                init_memory
 .text          0xc0610c43       0x49 lib/floor.o
                0xc0610c43                floor
 .text          0xc0610c8c      0x285 lib/exec.o
                0xc0610c8c                exec
                0xc0610cfd                execv
                0xc0610eec                execl
 .text          0xc0610f11       0x2f lib/exit.o
                0xc0610f11                exit
 .text          0xc0610f40       0x42 lib/unlink.o
                0xc0610f40                unlink
 .text          0xc0610f82       0x44 lib/wait.o
                0xc0610f82                wait
 .text          0xc0610fc6       0x46 lib/calloc.o
                0xc0610fc6                calloc
 .text          0xc061100c       0x4f lib/alloca.o
                0xc061100c                alloca
 .text          0xc061105b       0x48 lib/fork.o
                0xc061105b                fork
 .text          0xc06110a3       0x2b lib/getpid.o
                0xc06110a3                getpid
 .text          0xc06110ce       0x9c lib/stdlib/atoi.o
                0xc06110ce                atoi
 .text          0xc061116a       0x85 lib/string/strtok.o
                0xc061116a                strtok
 .text          0xc06111ef       0xa8 lib/string/strcmp.o
                0xc06111ef                strcmp
 .text          0xc0611297       0xd4 lib/string/strncmp.o
                0xc0611297                strncmp
 .text          0xc061136b       0x90 lib/string/strpbrk.o
                0xc061136b                strpbrk
 .text          0xc06113fb      0x181 lib/stdio/read.o
                0xc06113fb                read
 .text          0xc061157c       0x17 lib/stdio/perror.o
                0xc061157c                perror
 .text          0xc0611593      0x2c1 lib/stdio/sscanf.o
                0xc0611593                sscanf
 .text          0xc0611854       0x95 lib/stdio/open.o
                0xc0611854                open
 .text          0xc06118e9       0x85 lib/stdio/write.o
                0xc06118e9                write
 .text          0xc061196e       0x52 lib/stdio/close.o
                0xc061196e                close
 .text          0xc06119c0       0x38 lib/arpa/ntohs.o
                0xc06119c0                ntohs
 .text          0xc06119f8       0x7c lib/arpa/htonl.o
                0xc06119f8                htonl
 .text          0xc0611a74       0x38 lib/arpa/htons.o
                0xc0611a74                htons
 .text          0xc0611aac      0x295 lib/arpa/inet_pton.o
                0xc0611aac                isValidIPv4
                0xc0611c36                inet_pton
 .text          0xc0611d41       0x7c lib/arpa/ntohl.o
                0xc0611d41                ntohl
 .text          0xc0611dbd       0xe3 lib/arpa/inet_ntop.o
                0xc0611dbd                inet_ntop
 *(.gnu.warning)

.fini
 *(SORT_NONE(.fini))
                [!provide]                        PROVIDE (__etext = .)
                [!provide]                        PROVIDE (_etext = .)
                [!provide]                        PROVIDE (etext = .)
                0xc0612000                        . = ALIGN (CONSTANT (MAXPAGESIZE))
                0xc0612000                        . = SEGMENT_START ("rodata-segment", (ALIGN (CONSTANT (MAXPAGESIZE)) + (. & (CONSTANT (MAXPAGESIZE) - 0x1))))

.rodata         0xc0612000     0x1ba3
 *(.rodata .rodata.* .gnu.linkonce.r.*)
 .rodata        0xc0612000       0x2c double_link_list.o
 *fill*         0xc061202c       0x14 
 .rodata        0xc0612040      0xb85 kernel_main_old.o
 *fill*         0xc0612bc5        0x3 
 .rodata        0xc0612bc8      0x188 kernel_main.o
 .rodata        0xc0612d50       0x22 console.o
 .rodata        0xc0612d72       0x26 process.o
 .rodata        0xc0612d98      0x23d network/socket.o
 *fill*         0xc0612fd5        0x3 
 .rodata        0xc0612fd8       0xb5 network/ip_input.o
 *fill*         0xc061308d        0x3 
 .rodata        0xc0613090       0x2d network/udp_sock.o
 *fill*         0xc06130bd        0x3 
 .rodata        0xc06130c0       0xa9 network/netdev.o
 *fill*         0xc0613169        0x3 
 .rodata        0xc061316c       0x31 network/tcp.o
 .rodata        0xc061319d        0x9 network/sock.o
 *fill*         0xc06131a6        0x2 
 .rodata        0xc06131a8       0xc3 network/tcp_output.o
 *fill*         0xc061326b        0x1 
 .rodata        0xc061326c       0x9c network/arp.o
 .rodata        0xc0613308       0xe8 network/tcp_sock.o
 .rodata        0xc06133f0      0x160 network/ipc.o
 .rodata        0xc0613550       0x32 network/icmpv4.o
 .rodata        0xc0613582        0x9 network/ip_output.o
 .rodata        0xc061358b        0x9 network/skbuff.o
 .rodata        0xc0613594       0x48 network/inet.o
 .rodata        0xc06135dc        0x9 network/dst.o
 *fill*         0xc06135e5        0x3 
 .rodata        0xc06135e8       0x60 network/tcp_input.o
 .rodata        0xc0613648       0x3d network/task_network.o
 *fill*         0xc0613685        0x3 
 .rodata        0xc0613688       0x37 network/route.o
 .rodata        0xc06136bf        0x9 network/udp.o
 .rodata        0xc06136c8       0x1e network/tcp_data.o
 *fill*         0xc06136e6        0x2 
 .rodata        0xc06136e8       0x41 network/utils.o
 *fill*         0xc0613729        0x3 
 .rodata        0xc061372c      0x19c hd/hd.o
 .rodata        0xc06138c8      0x1fb fs/fs_main.o
                0xc06138c8                FSBUF_SIZE
 .rodata        0xc0613ac3       0x21 mm/forkexit.o
 .rodata        0xc0613ae4       0x10 mm/exec.o
 .rodata        0xc0613af4       0x11 mm/main.o
 .rodata        0xc0613b05       0x41 mem/mem.o
 .rodata        0xc0613b46       0x2d lib/exec.o
 .rodata        0xc0613b73       0x2a lib/stdio/close.o
 .rodata        0xc0613b9d        0x3 lib/arpa/inet_pton.o
 .rodata        0xc0613ba0        0x3 lib/arpa/inet_ntop.o

.txt            0xc0613ba3       0xaa
 .txt           0xc0613ba3       0x82 string.o
                0xc0613ba3                Memcpy2
                0xc0613bd1                Memset
                0xc0613bf0                Strcpy
                0xc0613c0a                Strlen
 .txt           0xc0613c25       0x28 hd/hd_rdwt.o
                0xc0613c25                read_port
                0xc0613c39                write_port

.rodata1
 *(.rodata1)

.eh_frame_hdr
 *(.eh_frame_hdr)
 *(.eh_frame_entry .eh_frame_entry.*)

.eh_frame       0xc0613c50     0x40e0
 *(.eh_frame)
 .eh_frame      0xc0613c50       0xd8 double_link_list.o
 .eh_frame      0xc0613d28      0x6cc kernel_main_old.o
                                0x6e4 (size before relaxing)
 .eh_frame      0xc06143f4       0xe4 kernel_main.o
                                 0xfc (size before relaxing)
 .eh_frame      0xc06144d8      0x100 protect.o
                                0x118 (size before relaxing)
 .eh_frame      0xc06145d8      0x1e0 console.o
                                0x1f8 (size before relaxing)
 .eh_frame      0xc06147b8       0x80 process.o
                                 0x98 (size before relaxing)
 .eh_frame      0xc0614838       0xa0 keyboard.o
                                 0xb8 (size before relaxing)
 .eh_frame      0xc06148d8       0x80 thread.o
                                 0x98 (size before relaxing)
 .eh_frame      0xc0614958       0xe0 my_process.o
                                 0xf8 (size before relaxing)
 .eh_frame      0xc0614a38      0x2a0 network/socket.o
                                0x2b8 (size before relaxing)
 .eh_frame      0xc0614cd8      0x104 network/ip_input.o
                                0x11c (size before relaxing)
 .eh_frame      0xc0614ddc      0x404 network/udp_sock.o
                                0x41c (size before relaxing)
 .eh_frame      0xc06151e0      0x14c network/netdev.o
                                0x164 (size before relaxing)
 .eh_frame      0xc061532c      0x268 network/tcp.o
                                0x280 (size before relaxing)
 .eh_frame      0xc0615594      0x1a0 network/sock.o
                                0x1b8 (size before relaxing)
 .eh_frame      0xc0615734      0x3c4 network/tcp_output.o
                                0x3dc (size before relaxing)
 .eh_frame      0xc0615af8      0x1c0 network/arp.o
                                0x1d8 (size before relaxing)
 .eh_frame      0xc0615cb8      0x4c0 network/tcp_sock.o
                                0x4d8 (size before relaxing)
 .eh_frame      0xc0616178      0x250 network/ipc.o
                                0x268 (size before relaxing)
 .eh_frame      0xc06163c8       0x80 network/icmpv4.o
                                 0x98 (size before relaxing)
 .eh_frame      0xc0616448       0x40 network/ip_output.o
                                 0x58 (size before relaxing)
 .eh_frame      0xc0616488       0xe0 network/skbuff.o
                                 0xf8 (size before relaxing)
 .eh_frame      0xc0616568      0x180 network/inet.o
                                0x198 (size before relaxing)
 .eh_frame      0xc06166e8       0x40 network/dst.o
                                 0x58 (size before relaxing)
 .eh_frame      0xc0616728      0x300 network/tcp_input.o
                                0x318 (size before relaxing)
 .eh_frame      0xc0616a28       0x3c network/task_network.o
                                 0x54 (size before relaxing)
 .eh_frame      0xc0616a64      0x124 network/route.o
                                0x13c (size before relaxing)
 .eh_frame      0xc0616b88      0x1e4 network/udp.o
                                0x1fc (size before relaxing)
 .eh_frame      0xc0616d6c      0x200 network/tcp_data.o
                                0x218 (size before relaxing)
 .eh_frame      0xc0616f6c       0xe4 network/utils.o
                                 0xfc (size before relaxing)
 .eh_frame      0xc0617050      0x284 hd/hd.o
                                0x29c (size before relaxing)
 .eh_frame      0xc06172d4      0x27c fs/fs_main.o
                                0x294 (size before relaxing)
 .eh_frame      0xc0617550       0x80 mm/forkexit.o
                                 0x98 (size before relaxing)
 .eh_frame      0xc06175d0       0x20 mm/exec.o
                                 0x38 (size before relaxing)
 .eh_frame      0xc06175f0       0x3c mm/main.o
                                 0x54 (size before relaxing)
 .eh_frame      0xc061762c      0x364 mem/mem.o
                                0x37c (size before relaxing)
 .eh_frame      0xc0617990       0x20 lib/floor.o
                                 0x38 (size before relaxing)
 .eh_frame      0xc06179b0       0x60 lib/exec.o
                                 0x78 (size before relaxing)
 .eh_frame      0xc0617a10       0x20 lib/exit.o
                                 0x38 (size before relaxing)
 .eh_frame      0xc0617a30       0x20 lib/unlink.o
                                 0x38 (size before relaxing)
 .eh_frame      0xc0617a50       0x20 lib/wait.o
                                 0x38 (size before relaxing)
 .eh_frame      0xc0617a70       0x20 lib/calloc.o
                                 0x38 (size before relaxing)
 .eh_frame      0xc0617a90       0x20 lib/alloca.o
                                 0x38 (size before relaxing)
 .eh_frame      0xc0617ab0       0x20 lib/fork.o
                                 0x38 (size before relaxing)
 .eh_frame      0xc0617ad0       0x20 lib/getpid.o
                                 0x38 (size before relaxing)
 .eh_frame      0xc0617af0       0x20 lib/stdlib/atoi.o
                                 0x38 (size before relaxing)
 .eh_frame      0xc0617b10       0x20 lib/string/strtok.o
                                 0x38 (size before relaxing)
 .eh_frame      0xc0617b30       0x20 lib/string/strcmp.o
                                 0x38 (size before relaxing)
 .eh_frame      0xc0617b50       0x20 lib/string/strncmp.o
                                 0x38 (size before relaxing)
 .eh_frame      0xc0617b70       0x20 lib/string/strpbrk.o
                                 0x38 (size before relaxing)
 .eh_frame      0xc0617b90       0x20 lib/stdio/read.o
                                 0x38 (size before relaxing)
 .eh_frame      0xc0617bb0       0x20 lib/stdio/perror.o
                                 0x38 (size before relaxing)
 .eh_frame      0xc0617bd0       0x20 lib/stdio/sscanf.o
                                 0x38 (size before relaxing)
 .eh_frame      0xc0617bf0       0x20 lib/stdio/open.o
                                 0x38 (size before relaxing)
 .eh_frame      0xc0617c10       0x20 lib/stdio/write.o
                                 0x38 (size before relaxing)
 .eh_frame      0xc0617c30       0x20 lib/stdio/close.o
                                 0x38 (size before relaxing)
 .eh_frame      0xc0617c50       0x20 lib/arpa/ntohs.o
                                 0x38 (size before relaxing)
 .eh_frame      0xc0617c70       0x20 lib/arpa/htonl.o
                                 0x38 (size before relaxing)
 .eh_frame      0xc0617c90       0x20 lib/arpa/htons.o
                                 0x38 (size before relaxing)
 .eh_frame      0xc0617cb0       0x40 lib/arpa/inet_pton.o
                                 0x58 (size before relaxing)
 .eh_frame      0xc0617cf0       0x20 lib/arpa/ntohl.o
                                 0x38 (size before relaxing)
 .eh_frame      0xc0617d10       0x20 lib/arpa/inet_ntop.o
                                 0x38 (size before relaxing)
 *(.eh_frame.*)

.sframe
 *(.sframe)
 *(.sframe.*)

.gcc_except_table
 *(.gcc_except_table .gcc_except_table.*)

.gnu_extab
 *(.gnu_extab*)

.exception_ranges
 *(.exception_ranges*)
                0xc0618000                        . = DATA_SEGMENT_ALIGN (CONSTANT (MAXPAGESIZE), CONSTANT (COMMONPAGESIZE))

.eh_frame
 *(.eh_frame)
 *(.eh_frame.*)

.sframe
 *(.sframe)
 *(.sframe.*)

.gnu_extab
 *(.gnu_extab)

.gcc_except_table
 *(.gcc_except_table .gcc_except_table.*)

.exception_ranges
 *(.exception_ranges*)

.tdata          0xc0618000        0x0
                [!provide]                        PROVIDE (__tdata_start = .)
 *(.tdata .tdata.* .gnu.linkonce.td.*)

.tbss
 *(.tbss .tbss.* .gnu.linkonce.tb.*)
 *(.tcommon)

.preinit_array  0xc0618000        0x0
                [!provide]                        PROVIDE (__preinit_array_start = .)
 *(.preinit_array)
                [!provide]                        PROVIDE (__preinit_array_end = .)

.init_array     0xc0618000        0x0
                [!provide]                        PROVIDE (__init_array_start = .)
 *(SORT_BY_INIT_PRIORITY(.init_array.*) SORT_BY_INIT_PRIORITY(.ctors.*))
 *(.init_array EXCLUDE_FILE(*crtend?.o *crtend.o *crtbegin?.o *crtbegin.o) .ctors)
                [!provide]                        PROVIDE (__init_array_end = .)

.fini_array     0xc0618000        0x0
                [!provide]                        PROVIDE (__fini_array_start = .)
 *(SORT_BY_INIT_PRIORITY(.fini_array.*) SORT_BY_INIT_PRIORITY(.dtors.*))
 *(.fini_array EXCLUDE_FILE(*crtend?.o *crtend.o *crtbegin?.o *crtbegin.o) .dtors)
                [!provide]                        PROVIDE (__fini_array_end = .)

.ctors
 *crtbegin.o(.ctors)
 *crtbegin?.o(.ctors)
 *(EXCLUDE_FILE(*crtend?.o *crtend.o) .ctors)
 *(SORT_BY_NAME(.ctors.*))
 *(.ctors)

.dtors
 *crtbegin.o(.dtors)
 *crtbegin?.o(.dtors)
 *(EXCLUDE_FILE(*crtend?.o *crtend.o) .dtors)
 *(SORT_BY_NAME(.dtors.*))
 *(.dtors)

.jcr
 *(.jcr)

.data.rel.ro
 *(.data.rel.ro.local* .gnu.linkonce.d.rel.ro.local.*)
 *(.data.rel.ro .data.rel.ro.* .gnu.linkonce.d.rel.ro.*)

.dynamic
 *(.dynamic)

.got            0xc0618000        0x0
 *(.got)
 .got           0xc0618000        0x0 kernel/kernel_sub.o
 *(.igot)
                0xc0618000                        . = DATA_SEGMENT_RELRO_END (., (SIZEOF (.got.plt) >= 0xc)?0xc:0x0)

.got.plt        0xc0618000        0x0
 *(.got.plt)
 .got.plt       0xc0618000        0x0 kernel/kernel_sub.o
 *(.igot.plt)
 .igot.plt      0xc0618000        0x0 kernel/kernel_sub.o

.data           0xc0618000      0xb64
 *(.data .data.* .gnu.linkonce.d.*)
 .data          0xc0618000        0xf kernel/kernel_sub.o
 *fill*         0xc061800f        0x1 
 .data          0xc0618010        0xf kernel/kernel.o
 *fill*         0xc061801f        0x1 
 .data          0xc0618020        0x0 syscall.o
 .data          0xc0618020        0x0 double_link_list.o
 .data          0xc0618020        0x0 kernel_main_old.o
 .data          0xc0618020        0x0 kernel_main.o
 .data          0xc0618020        0x0 protect.o
 .data          0xc0618020        0x0 console.o
 .data          0xc0618020        0x0 process.o
 .data          0xc0618020      0x160 global.o
                0xc0618020                user_task_table
                0xc06180a0                sys_task_table
                0xc0618164                sys_call_table
 .data          0xc0618180      0x600 keyboard.o
                0xc0618180                keymap
 .data          0xc0618780        0x0 thread.o
 .data          0xc0618780        0x0 my_process.o
 .data          0xc0618780      0x224 network/socket.o
 .data          0xc06189a4        0x4 network/ip_input.o
 *fill*         0xc06189a8       0x18 
 .data          0xc06189c0       0x54 network/udp_sock.o
                0xc06189e0                udp_ops
 .data          0xc0618a14        0x4 network/netdev.o
 .data          0xc0618a18        0x8 network/tcp.o
 .data          0xc0618a20        0x4 network/sock.o
 .data          0xc0618a24        0x4 network/tcp_output.o
 .data          0xc0618a28       0x14 network/arp.o
 *fill*         0xc0618a3c        0x4 
 .data          0xc0618a40       0x54 network/tcp_sock.o
                0xc0618a60                tcp_ops
 .data          0xc0618a94        0xc network/ipc.o
 .data          0xc0618aa0        0x4 network/icmpv4.o
 .data          0xc0618aa4        0x4 network/ip_output.o
 .data          0xc0618aa8        0x4 network/skbuff.o
 *fill*         0xc0618aac       0x14 
 .data          0xc0618ac0       0x80 network/inet.o
                0xc0618ac8                inet
 .data          0xc0618b40        0x4 network/dst.o
 .data          0xc0618b44        0x4 network/tcp_input.o
 .data          0xc0618b48        0x0 network/task_network.o
 .data          0xc0618b48        0xc network/route.o
 .data          0xc0618b54        0x8 network/udp.o
 .data          0xc0618b5c        0x4 network/tcp_data.o
 .data          0xc0618b60        0x4 network/utils.o
 .data          0xc0618b64        0x0 hd/hd.o
 .data          0xc0618b64        0x0 fs/fs_main.o
 .data          0xc0618b64        0x0 mm/forkexit.o
 .data          0xc0618b64        0x0 mm/exec.o
 .data          0xc0618b64        0x0 mm/main.o
 .data          0xc0618b64        0x0 mem/mem.o
 .data          0xc0618b64        0x0 lib/floor.o
 .data          0xc0618b64        0x0 lib/exec.o
 .data          0xc0618b64        0x0 lib/exit.o
 .data          0xc0618b64        0x0 lib/unlink.o
 .data          0xc0618b64        0x0 lib/wait.o
 .data          0xc0618b64        0x0 lib/calloc.o
 .data          0xc0618b64        0x0 lib/alloca.o
 .data          0xc0618b64        0x0 lib/fork.o
 .data          0xc0618b64        0x0 lib/getpid.o
 .data          0xc0618b64        0x0 lib/stdlib/atoi.o
 .data          0xc0618b64        0x0 lib/string/strtok.o
 .data          0xc0618b64        0x0 lib/string/strcmp.o
 .data          0xc0618b64        0x0 lib/string/strncmp.o
 .data          0xc0618b64        0x0 lib/string/strpbrk.o
 .data          0xc0618b64        0x0 lib/stdio/read.o
 .data          0xc0618b64        0x0 lib/stdio/perror.o
 .data          0xc0618b64        0x0 lib/stdio/sscanf.o
 .data          0xc0618b64        0x0 lib/stdio/open.o
 .data          0xc0618b64        0x0 lib/stdio/write.o
 .data          0xc0618b64        0x0 lib/stdio/close.o
 .data          0xc0618b64        0x0 lib/arpa/ntohs.o
 .data          0xc0618b64        0x0 lib/arpa/htonl.o
 .data          0xc0618b64        0x0 lib/arpa/htons.o
 .data          0xc0618b64        0x0 lib/arpa/inet_pton.o
 .data          0xc0618b64        0x0 lib/arpa/ntohl.o
 .data          0xc0618b64        0x0 lib/arpa/inet_ntop.o

.data1
 *(.data1)
                0xc0618b64                        _edata = .
                [!provide]                        PROVIDE (edata = .)
                0xc0618b64                        . = .
                0xc0618b64                        __bss_start = .

.bss            0xc0618b80    0x959b0
 *(.dynbss)
 *(.bss .bss.* .gnu.linkonce.b.*)
 .bss           0xc0618b80      0x800 kernel/kernel_sub.o
 .bss           0xc0619380      0x800 kernel/kernel.o
 .bss           0xc0619b80        0x0 double_link_list.o
 .bss           0xc0619b80        0x0 kernel_main_old.o
 .bss           0xc0619b80        0x0 kernel_main.o
 .bss           0xc0619b80        0x0 protect.o
 .bss           0xc0619b80        0x0 console.o
 .bss           0xc0619b80        0x0 process.o
 .bss           0xc0619b80        0x0 global.o
 .bss           0xc0619b80        0x0 keyboard.o
 .bss           0xc0619b80        0x0 thread.o
 .bss           0xc0619b80        0x0 my_process.o
 .bss           0xc0619b80        0x4 network/socket.o
 .bss           0xc0619b84        0x0 network/ip_input.o
 .bss           0xc0619b84        0x4 network/udp_sock.o
 .bss           0xc0619b88        0x0 network/netdev.o
 .bss           0xc0619b88        0x0 network/tcp.o
 .bss           0xc0619b88        0x0 network/sock.o
 .bss           0xc0619b88        0x0 network/tcp_output.o
 .bss           0xc0619b88        0x0 network/arp.o
 .bss           0xc0619b88        0x0 network/tcp_sock.o
 .bss           0xc0619b88        0x4 network/ipc.o
 .bss           0xc0619b8c        0x0 network/icmpv4.o
 .bss           0xc0619b8c        0x0 network/ip_output.o
 .bss           0xc0619b8c        0x0 network/skbuff.o
 .bss           0xc0619b8c        0x0 network/inet.o
 .bss           0xc0619b8c        0x0 network/dst.o
 .bss           0xc0619b8c        0x0 network/tcp_input.o
 .bss           0xc0619b8c        0x0 network/task_network.o
 .bss           0xc0619b8c        0x0 network/route.o
 .bss           0xc0619b8c        0x0 network/udp.o
 .bss           0xc0619b8c        0x0 network/tcp_data.o
 .bss           0xc0619b8c        0x0 network/utils.o
 .bss           0xc0619b8c        0x0 hd/hd.o
 .bss           0xc0619b8c        0x4 fs/fs_main.o
                0xc0619b8c                c
 .bss           0xc0619b90        0x0 mm/forkexit.o
 .bss           0xc0619b90        0x0 mm/exec.o
 .bss           0xc0619b90        0x0 mm/main.o
 .bss           0xc0619b90        0x0 mem/mem.o
 .bss           0xc0619b90        0x0 lib/floor.o
 .bss           0xc0619b90        0x0 lib/exec.o
 .bss           0xc0619b90        0x0 lib/exit.o
 .bss           0xc0619b90        0x0 lib/unlink.o
 .bss           0xc0619b90        0x0 lib/wait.o
 .bss           0xc0619b90        0x0 lib/calloc.o
 .bss           0xc0619b90        0x0 lib/alloca.o
 .bss           0xc0619b90        0x0 lib/fork.o
 .bss           0xc0619b90        0x0 lib/getpid.o
 .bss           0xc0619b90        0x0 lib/stdlib/atoi.o
 .bss           0xc0619b90        0x4 lib/string/strtok.o
 .bss           0xc0619b94        0x0 lib/string/strcmp.o
 .bss           0xc0619b94        0x0 lib/string/strncmp.o
 .bss           0xc0619b94        0x0 lib/string/strpbrk.o
 .bss           0xc0619b94        0x0 lib/stdio/read.o
 .bss           0xc0619b94        0x0 lib/stdio/perror.o
 .bss           0xc0619b94        0x0 lib/stdio/sscanf.o
 .bss           0xc0619b94        0x0 lib/stdio/open.o
 .bss           0xc0619b94        0x0 lib/stdio/write.o
 .bss           0xc0619b94        0x0 lib/stdio/close.o
 .bss           0xc0619b94        0x0 lib/arpa/ntohs.o
 .bss           0xc0619b94        0x0 lib/arpa/htonl.o
 .bss           0xc0619b94        0x0 lib/arpa/htons.o
 .bss           0xc0619b94        0x0 lib/arpa/inet_pton.o
 .bss           0xc0619b94        0x0 lib/arpa/ntohl.o
 .bss           0xc0619b94        0x0 lib/arpa/inet_ntop.o
 *(COMMON)
 *fill*         0xc0619b94        0xc 
 COMMON         0xc0619ba0     0x17b8 double_link_list.o
                0xc0619ba0                current_tty
                0xc0619ba4                is_e0
                0xc0619ba8                idt_ptr
                0xc0619bb0                pid
                0xc0619bb4                KernelVirtualMemory
                0xc0619bc0                current_dis_pos
                0xc0619bc4                dis_pos
                0xc0619bc8                k_reenter
                0xc0619be0                gdt
                0xc0619fe0                proc_ready_table
                0xc0619fe4                test_ticks
                0xc0619fe8                pcaller
                0xc061a000                keyboard_buffer
                0xc061a20c                pcb_list
                0xc061a21c                gdt_index
                0xc061a220                tty_table
                0xc061aa60                tss
                0xc061aacc                KernelPool
                0xc061aadc                net_buf
                0xc061aae0                nic_current_page
                0xc061aae4                counter
                0xc061aae8                key_pressed
                0xc061aaec                fork_pid
                0xc061aaf0                is_shift
                0xc061aaf1                net_data
                0xc061aaf4                gdt_ptr
                0xc061ab00                idt
                0xc061b300                main_thread
                0xc061b308                ticks
                0xc061b310                is_init
                0xc061b314                UserPool
                0xc061b324                all_pcb_list
                0xc061b334                console_table
                0xc061b344                is_disp
                0xc061b348                MAIN_THREAD_PAGE_DIRECTORY
                0xc061b34c                helloStr
 *fill*         0xc061b358        0x8 
 COMMON         0xc061b360    0x91e14 global.o
                0xc061b360                proc_stack
                0xc06ab360                proc_table
 COMMON         0xc06ad174        0x8 network/netdev.o
                0xc06ad174                loop
                0xc06ad178                netdev
 *fill*         0xc06ad17c        0x4 
 COMMON         0xc06ad180      0x440 hd/hd.o
                0xc06ad180                hd_info
                0xc06ad3c0                hd_cache
 COMMON         0xc06ad5c0      0xe68 fs/fs_main.o
                0xc06ad5c0                file_desc_table
                0xc06ad9c0                phy_super_block_buf
                0xc06ad9c4                phy_fsbuf
                0xc06ad9e0                inode_table
                0xc06ae3e0                super_block_buf
                0xc06ae3e4                fsbuf
                0xc06ae400                root
 *fill*         0xc06ae428       0x18 
 COMMON         0xc06ae440       0xf0 mem/mem.o
                0xc06ae440                kernel_mem_block_decs_array
                0xc06ae530                        . = ALIGN ((. != 0x0)?0x4:0x1)
                0xc06ae530                        . = ALIGN (0x4)
                0xc06ae530                        . = SEGMENT_START ("ldata-segment", .)
                0xc06ae530                        . = ALIGN (0x4)
                0xc06ae530                        _end = .
                [!provide]                        PROVIDE (end = .)
                0xc06ae530                        . = DATA_SEGMENT_END (.)

.stab
 *(.stab)

.stabstr
 *(.stabstr)

.stab.excl
 *(.stab.excl)

.stab.exclstr
 *(.stab.exclstr)

.stab.index
 *(.stab.index)

.stab.indexstr
 *(.stab.indexstr)

.comment        0x00000000       0x2c
 *(.comment)
 .comment       0x00000000       0x2c double_link_list.o
                                 0x2d (size before relaxing)
 .comment       0x0000002c       0x2d kernel_main_old.o
 .comment       0x0000002c       0x2d kernel_main.o
 .comment       0x0000002c       0x2d protect.o
 .comment       0x0000002c       0x2d console.o
 .comment       0x0000002c       0x2d process.o
 .comment       0x0000002c       0x2d global.o
 .comment       0x0000002c       0x2d keyboard.o
 .comment       0x0000002c       0x2d thread.o
 .comment       0x0000002c       0x2d my_process.o
 .comment       0x0000002c       0x2d network/socket.o
 .comment       0x0000002c       0x2d network/ip_input.o
 .comment       0x0000002c       0x2d network/udp_sock.o
 .comment       0x0000002c       0x2d network/netdev.o
 .comment       0x0000002c       0x2d network/tcp.o
 .comment       0x0000002c       0x2d network/sock.o
 .comment       0x0000002c       0x2d network/tcp_output.o
 .comment       0x0000002c       0x2d network/arp.o
 .comment       0x0000002c       0x2d network/tcp_sock.o
 .comment       0x0000002c       0x2d network/ipc.o
 .comment       0x0000002c       0x2d network/icmpv4.o
 .comment       0x0000002c       0x2d network/ip_output.o
 .comment       0x0000002c       0x2d network/skbuff.o
 .comment       0x0000002c       0x2d network/inet.o
 .comment       0x0000002c       0x2d network/dst.o
 .comment       0x0000002c       0x2d network/tcp_input.o
 .comment       0x0000002c       0x2d network/task_network.o
 .comment       0x0000002c       0x2d network/route.o
 .comment       0x0000002c       0x2d network/udp.o
 .comment       0x0000002c       0x2d network/tcp_data.o
 .comment       0x0000002c       0x2d network/utils.o
 .comment       0x0000002c       0x2d hd/hd.o
 .comment       0x0000002c       0x2d fs/fs_main.o
 .comment       0x0000002c       0x2d mm/forkexit.o
 .comment       0x0000002c       0x2d mm/exec.o
 .comment       0x0000002c       0x2d mm/main.o
 .comment       0x0000002c       0x2d mem/mem.o
 .comment       0x0000002c       0x2d lib/floor.o
 .comment       0x0000002c       0x2d lib/exec.o
 .comment       0x0000002c       0x2d lib/exit.o
 .comment       0x0000002c       0x2d lib/unlink.o
 .comment       0x0000002c       0x2d lib/wait.o
 .comment       0x0000002c       0x2d lib/calloc.o
 .comment       0x0000002c       0x2d lib/alloca.o
 .comment       0x0000002c       0x2d lib/fork.o
 .comment       0x0000002c       0x2d lib/getpid.o
 .comment       0x0000002c       0x2d lib/stdlib/atoi.o
 .comment       0x0000002c       0x2d lib/string/strtok.o
 .comment       0x0000002c       0x2d lib/string/strcmp.o
 .comment       0x0000002c       0x2d lib/string/strncmp.o
 .comment       0x0000002c       0x2d lib/string/strpbrk.o
 .comment       0x0000002c       0x2d lib/stdio/read.o
 .comment       0x0000002c       0x2d lib/stdio/perror.o
 .comment       0x0000002c       0x2d lib/stdio/sscanf.o
 .comment       0x0000002c       0x2d lib/stdio/open.o
 .comment       0x0000002c       0x2d lib/stdio/write.o
 .comment       0x0000002c       0x2d lib/stdio/close.o
 .comment       0x0000002c       0x2d lib/arpa/ntohs.o
 .comment       0x0000002c       0x2d lib/arpa/htonl.o
 .comment       0x0000002c       0x2d lib/arpa/htons.o
 .comment       0x0000002c       0x2d lib/arpa/inet_pton.o
 .comment       0x0000002c       0x2d lib/arpa/ntohl.o
 .comment       0x0000002c       0x2d lib/arpa/inet_ntop.o

.gnu.build.attributes
 *(.gnu.build.attributes .gnu.build.attributes.*)

.debug
 *(.debug)

.line
 *(.line)

.debug_srcinfo
 *(.debug_srcinfo)

.debug_sfnames
 *(.debug_sfnames)

.debug_aranges  0x00000000      0x7d8
 *(.debug_aranges)
 .debug_aranges
                0x00000000       0x20 double_link_list.o
 .debug_aranges
                0x00000020       0x20 kernel_main_old.o
 .debug_aranges
                0x00000040       0x20 kernel_main.o
 .debug_aranges
                0x00000060       0x20 protect.o
 .debug_aranges
                0x00000080       0x20 console.o
 .debug_aranges
                0x000000a0       0x20 process.o
 .debug_aranges
                0x000000c0       0x18 global.o
 .debug_aranges
                0x000000d8       0x20 keyboard.o
 .debug_aranges
                0x000000f8       0x20 thread.o
 .debug_aranges
                0x00000118       0x20 my_process.o
 .debug_aranges
                0x00000138       0x20 network/socket.o
 .debug_aranges
                0x00000158       0x20 network/ip_input.o
 .debug_aranges
                0x00000178       0x20 network/udp_sock.o
 .debug_aranges
                0x00000198       0x20 network/netdev.o
 .debug_aranges
                0x000001b8       0x20 network/tcp.o
 .debug_aranges
                0x000001d8       0x20 network/sock.o
 .debug_aranges
                0x000001f8       0x20 network/tcp_output.o
 .debug_aranges
                0x00000218       0x20 network/arp.o
 .debug_aranges
                0x00000238       0x20 network/tcp_sock.o
 .debug_aranges
                0x00000258       0x20 network/ipc.o
 .debug_aranges
                0x00000278       0x20 network/icmpv4.o
 .debug_aranges
                0x00000298       0x20 network/ip_output.o
 .debug_aranges
                0x000002b8       0x20 network/skbuff.o
 .debug_aranges
                0x000002d8       0x20 network/inet.o
 .debug_aranges
                0x000002f8       0x20 network/dst.o
 .debug_aranges
                0x00000318       0x20 network/tcp_input.o
 .debug_aranges
                0x00000338       0x20 network/task_network.o
 .debug_aranges
                0x00000358       0x20 network/route.o
 .debug_aranges
                0x00000378       0x20 network/udp.o
 .debug_aranges
                0x00000398       0x20 network/tcp_data.o
 .debug_aranges
                0x000003b8       0x20 network/utils.o
 .debug_aranges
                0x000003d8       0x20 hd/hd.o
 .debug_aranges
                0x000003f8       0x20 fs/fs_main.o
 .debug_aranges
                0x00000418       0x20 mm/forkexit.o
 .debug_aranges
                0x00000438       0x20 mm/exec.o
 .debug_aranges
                0x00000458       0x20 mm/main.o
 .debug_aranges
                0x00000478       0x20 mem/mem.o
 .debug_aranges
                0x00000498       0x20 lib/floor.o
 .debug_aranges
                0x000004b8       0x20 lib/exec.o
 .debug_aranges
                0x000004d8       0x20 lib/exit.o
 .debug_aranges
                0x000004f8       0x20 lib/unlink.o
 .debug_aranges
                0x00000518       0x20 lib/wait.o
 .debug_aranges
                0x00000538       0x20 lib/calloc.o
 .debug_aranges
                0x00000558       0x20 lib/alloca.o
 .debug_aranges
                0x00000578       0x20 lib/fork.o
 .debug_aranges
                0x00000598       0x20 lib/getpid.o
 .debug_aranges
                0x000005b8       0x20 lib/stdlib/atoi.o
 .debug_aranges
                0x000005d8       0x20 lib/string/strtok.o
 .debug_aranges
                0x000005f8       0x20 lib/string/strcmp.o
 .debug_aranges
                0x00000618       0x20 lib/string/strncmp.o
 .debug_aranges
                0x00000638       0x20 lib/string/strpbrk.o
 .debug_aranges
                0x00000658       0x20 lib/stdio/read.o
 .debug_aranges
                0x00000678       0x20 lib/stdio/perror.o
 .debug_aranges
                0x00000698       0x20 lib/stdio/sscanf.o
 .debug_aranges
                0x000006b8       0x20 lib/stdio/open.o
 .debug_aranges
                0x000006d8       0x20 lib/stdio/write.o
 .debug_aranges
                0x000006f8       0x20 lib/stdio/close.o
 .debug_aranges
                0x00000718       0x20 lib/arpa/ntohs.o
 .debug_aranges
                0x00000738       0x20 lib/arpa/htonl.o
 .debug_aranges
                0x00000758       0x20 lib/arpa/htons.o
 .debug_aranges
                0x00000778       0x20 lib/arpa/inet_pton.o
 .debug_aranges
                0x00000798       0x20 lib/arpa/ntohl.o
 .debug_aranges
                0x000007b8       0x20 lib/arpa/inet_ntop.o

.debug_pubnames
 *(.debug_pubnames)

.debug_info     0x00000000    0x3d56c
 *(.debug_info .gnu.linkonce.wi.*)
 .debug_info    0x00000000     0x1044 double_link_list.o
 .debug_info    0x00001044     0x2841 kernel_main_old.o
 .debug_info    0x00003885      0xfcf kernel_main.o
 .debug_info    0x00004854     0x11b5 protect.o
 .debug_info    0x00005a09     0x128a console.o
 .debug_info    0x00006c93      0xf73 process.o
 .debug_info    0x00007c06      0xe8a global.o
 .debug_info    0x00008a90      0xfde keyboard.o
 .debug_info    0x00009a6e     0x1069 thread.o
 .debug_info    0x0000aad7     0x149d my_process.o
 .debug_info    0x0000bf74     0x1ba7 network/socket.o
 .debug_info    0x0000db1b     0x1aab network/ip_input.o
 .debug_info    0x0000f5c6     0x1edd network/udp_sock.o
 .debug_info    0x000114a3     0x132e network/netdev.o
 .debug_info    0x000127d1     0x1e0e network/tcp.o
 .debug_info    0x000145df     0x1860 network/sock.o
 .debug_info    0x00015e3f     0x2329 network/tcp_output.o
 .debug_info    0x00018168      0x76e network/arp.o
 .debug_info    0x000188d6     0x21ff network/tcp_sock.o
 .debug_info    0x0001aad5     0x1c38 network/ipc.o
 .debug_info    0x0001c70d     0x1909 network/icmpv4.o
 .debug_info    0x0001e016     0x1745 network/ip_output.o
 .debug_info    0x0001f75b      0x39f network/skbuff.o
 .debug_info    0x0001fafa     0x1a0c network/inet.o
 .debug_info    0x00021506     0x11ea network/dst.o
 .debug_info    0x000226f0     0x2111 network/tcp_input.o
 .debug_info    0x00024801      0xf01 network/task_network.o
 .debug_info    0x00025702     0x1282 network/route.o
 .debug_info    0x00026984     0x1b0e network/udp.o
 .debug_info    0x00028492     0x1d77 network/tcp_data.o
 .debug_info    0x0002a209      0x367 network/utils.o
 .debug_info    0x0002a570     0x19f3 hd/hd.o
 .debug_info    0x0002bf63     0x1f3b fs/fs_main.o
 .debug_info    0x0002de9e      0xfbc mm/forkexit.o
 .debug_info    0x0002ee5a     0x11ca mm/exec.o
 .debug_info    0x00030024      0xdcc mm/main.o
 .debug_info    0x00030df0     0x1d52 mem/mem.o
 .debug_info    0x00032b42       0x6b lib/floor.o
 .debug_info    0x00032bad      0xf40 lib/exec.o
 .debug_info    0x00033aed      0xdb3 lib/exit.o
 .debug_info    0x000348a0      0xe91 lib/unlink.o
 .debug_info    0x00035731      0xdc1 lib/wait.o
 .debug_info    0x000364f2      0xeb9 lib/calloc.o
 .debug_info    0x000373ab       0x98 lib/alloca.o
 .debug_info    0x00037443      0xda8 lib/fork.o
 .debug_info    0x000381eb      0xda8 lib/getpid.o
 .debug_info    0x00038f93       0xc9 lib/stdlib/atoi.o
 .debug_info    0x0003905c       0xae lib/string/strtok.o
 .debug_info    0x0003910a       0xc1 lib/string/strcmp.o
 .debug_info    0x000391cb      0x110 lib/string/strncmp.o
 .debug_info    0x000392db       0xcf lib/string/strpbrk.o
 .debug_info    0x000393aa      0xea1 lib/stdio/read.o
 .debug_info    0x0003a24b       0x5c lib/stdio/perror.o
 .debug_info    0x0003a2a7      0x20e lib/stdio/sscanf.o
 .debug_info    0x0003a4b5      0xe02 lib/stdio/open.o
 .debug_info    0x0003b2b7      0xe2f lib/stdio/write.o
 .debug_info    0x0003c0e6      0xdb6 lib/stdio/close.o
 .debug_info    0x0003ce9c       0xa8 lib/arpa/ntohs.o
 .debug_info    0x0003cf44       0xcb lib/arpa/htonl.o
 .debug_info    0x0003d00f       0xa8 lib/arpa/htons.o
 .debug_info    0x0003d0b7      0x260 lib/arpa/inet_pton.o
 .debug_info    0x0003d317       0xcb lib/arpa/ntohl.o
 .debug_info    0x0003d3e2      0x18a lib/arpa/inet_ntop.o

.debug_abbrev   0x00000000     0x7885
 *(.debug_abbrev)
 .debug_abbrev  0x00000000      0x216 double_link_list.o
 .debug_abbrev  0x00000216      0x452 kernel_main_old.o
 .debug_abbrev  0x00000668      0x208 kernel_main.o
 .debug_abbrev  0x00000870      0x227 protect.o
 .debug_abbrev  0x00000a97      0x2ac console.o
 .debug_abbrev  0x00000d43      0x1e0 process.o
 .debug_abbrev  0x00000f23      0x157 global.o
 .debug_abbrev  0x0000107a      0x1fb keyboard.o
 .debug_abbrev  0x00001275      0x222 thread.o
 .debug_abbrev  0x00001497      0x260 my_process.o
 .debug_abbrev  0x000016f7      0x327 network/socket.o
 .debug_abbrev  0x00001a1e      0x2d1 network/ip_input.o
 .debug_abbrev  0x00001cef      0x3b1 network/udp_sock.o
 .debug_abbrev  0x000020a0      0x289 network/netdev.o
 .debug_abbrev  0x00002329      0x332 network/tcp.o
 .debug_abbrev  0x0000265b      0x273 network/sock.o
 .debug_abbrev  0x000028ce      0x39b network/tcp_output.o
 .debug_abbrev  0x00002c69      0x210 network/arp.o
 .debug_abbrev  0x00002e79      0x3e6 network/tcp_sock.o
 .debug_abbrev  0x0000325f      0x2ee network/ipc.o
 .debug_abbrev  0x0000354d      0x236 network/icmpv4.o
 .debug_abbrev  0x00003783      0x213 network/ip_output.o
 .debug_abbrev  0x00003996      0x15f network/skbuff.o
 .debug_abbrev  0x00003af5      0x24b network/inet.o
 .debug_abbrev  0x00003d40      0x204 network/dst.o
 .debug_abbrev  0x00003f44      0x355 network/tcp_input.o
 .debug_abbrev  0x00004299      0x1cb network/task_network.o
 .debug_abbrev  0x00004464      0x24e network/route.o
 .debug_abbrev  0x000046b2      0x2d3 network/udp.o
 .debug_abbrev  0x00004985      0x2a6 network/tcp_data.o
 .debug_abbrev  0x00004c2b      0x17a network/utils.o
 .debug_abbrev  0x00004da5      0x33e hd/hd.o
 .debug_abbrev  0x000050e3      0x2ef fs/fs_main.o
 .debug_abbrev  0x000053d2      0x204 mm/forkexit.o
 .debug_abbrev  0x000055d6      0x1c4 mm/exec.o
 .debug_abbrev  0x0000579a      0x208 mm/main.o
 .debug_abbrev  0x000059a2      0x2ea mem/mem.o
 .debug_abbrev  0x00005c8c       0x6a lib/floor.o
 .debug_abbrev  0x00005cf6      0x1e8 lib/exec.o
 .debug_abbrev  0x00005ede      0x19b lib/exit.o
 .debug_abbrev  0x00006079      0x193 lib/unlink.o
 .debug_abbrev  0x0000620c      0x19f lib/wait.o
 .debug_abbrev  0x000063ab      0x191 lib/calloc.o
 .debug_abbrev  0x0000653c       0x86 lib/alloca.o
 .debug_abbrev  0x000065c2      0x18a lib/fork.o
 .debug_abbrev  0x0000674c      0x18a lib/getpid.o
 .debug_abbrev  0x000068d6       0x94 lib/stdlib/atoi.o
 .debug_abbrev  0x0000696a       0x91 lib/string/strtok.o
 .debug_abbrev  0x000069fb       0x94 lib/string/strcmp.o
 .debug_abbrev  0x00006a8f       0xbe lib/string/strncmp.o
 .debug_abbrev  0x00006b4d       0xa5 lib/string/strpbrk.o
 .debug_abbrev  0x00006bf2      0x1ef lib/stdio/read.o
 .debug_abbrev  0x00006de1       0x5c lib/stdio/perror.o
 .debug_abbrev  0x00006e3d       0xdd lib/stdio/sscanf.o
 .debug_abbrev  0x00006f1a      0x1c5 lib/stdio/open.o
 .debug_abbrev  0x000070df      0x1db lib/stdio/write.o
 .debug_abbrev  0x000072ba      0x19d lib/stdio/close.o
 .debug_abbrev  0x00007457       0x6c lib/arpa/ntohs.o
 .debug_abbrev  0x000074c3       0xa5 lib/arpa/htonl.o
 .debug_abbrev  0x00007568       0x6c lib/arpa/htons.o
 .debug_abbrev  0x000075d4      0x116 lib/arpa/inet_pton.o
 .debug_abbrev  0x000076ea       0xa5 lib/arpa/ntohl.o
 .debug_abbrev  0x0000778f       0xf6 lib/arpa/inet_ntop.o

.debug_line     0x00000000     0x96c6
 *(.debug_line .debug_line.* .debug_line_end)
 .debug_line    0x00000000      0x253 double_link_list.o
 .debug_line    0x00000253      0xe29 kernel_main_old.o
 .debug_line    0x0000107c      0x1df kernel_main.o
 .debug_line    0x0000125b      0x1ff protect.o
 .debug_line    0x0000145a      0x54e console.o
 .debug_line    0x000019a8      0x180 process.o
 .debug_line    0x00001b28       0x95 global.o
 .debug_line    0x00001bbd      0x296 keyboard.o
 .debug_line    0x00001e53      0x145 thread.o
 .debug_line    0x00001f98      0x33b my_process.o
 .debug_line    0x000022d3      0x3a6 network/socket.o
 .debug_line    0x00002679      0x272 network/ip_input.o
 .debug_line    0x000028eb      0x4b0 network/udp_sock.o
 .debug_line    0x00002d9b      0x24e network/netdev.o
 .debug_line    0x00002fe9      0x2f5 network/tcp.o
 .debug_line    0x000032de      0x222 network/sock.o
 .debug_line    0x00003500      0x58a network/tcp_output.o
 .debug_line    0x00003a8a      0x34c network/arp.o
 .debug_line    0x00003dd6      0x57b network/tcp_sock.o
 .debug_line    0x00004351      0x5ab network/ipc.o
 .debug_line    0x000048fc      0x225 network/icmpv4.o
 .debug_line    0x00004b21      0x1fe network/ip_output.o
 .debug_line    0x00004d1f      0x121 network/skbuff.o
 .debug_line    0x00004e40      0x30e network/inet.o
 .debug_line    0x0000514e      0x15e network/dst.o
 .debug_line    0x000052ac      0x658 network/tcp_input.o
 .debug_line    0x00005904       0xf0 network/task_network.o
 .debug_line    0x000059f4      0x209 network/route.o
 .debug_line    0x00005bfd      0x2ec network/udp.o
 .debug_line    0x00005ee9      0x3e9 network/tcp_data.o
 .debug_line    0x000062d2      0x13c network/utils.o
 .debug_line    0x0000640e      0x639 hd/hd.o
 .debug_line    0x00006a47      0xc23 fs/fs_main.o
 .debug_line    0x0000766a      0x17a mm/forkexit.o
 .debug_line    0x000077e4      0x20c mm/exec.o
 .debug_line    0x000079f0       0xec mm/main.o
 .debug_line    0x00007adc      0x7e3 mem/mem.o
 .debug_line    0x000082bf       0x5a lib/floor.o
 .debug_line    0x00008319      0x18b lib/exec.o
 .debug_line    0x000084a4       0xa0 lib/exit.o
 .debug_line    0x00008544       0xc0 lib/unlink.o
 .debug_line    0x00008604       0xb7 lib/wait.o
 .debug_line    0x000086bb       0xe3 lib/calloc.o
 .debug_line    0x0000879e       0x6b lib/alloca.o
 .debug_line    0x00008809       0xa5 lib/fork.o
 .debug_line    0x000088ae       0xa0 lib/getpid.o
 .debug_line    0x0000894e       0xad lib/stdlib/atoi.o
 .debug_line    0x000089fb       0x6e lib/string/strtok.o
 .debug_line    0x00008a69       0x9c lib/string/strcmp.o
 .debug_line    0x00008b05       0xcc lib/string/strncmp.o
 .debug_line    0x00008bd1       0xb0 lib/string/strpbrk.o
 .debug_line    0x00008c81      0x15b lib/stdio/read.o
 .debug_line    0x00008ddc       0x48 lib/stdio/perror.o
 .debug_line    0x00008e24      0x1d2 lib/stdio/sscanf.o
 .debug_line    0x00008ff6       0xc3 lib/stdio/open.o
 .debug_line    0x000090b9       0xc2 lib/stdio/write.o
 .debug_line    0x0000917b       0xb3 lib/stdio/close.o
 .debug_line    0x0000922e       0x6c lib/arpa/ntohs.o
 .debug_line    0x0000929a       0xc1 lib/arpa/htonl.o
 .debug_line    0x0000935b       0x6c lib/arpa/htons.o
 .debug_line    0x000093c7      0x167 lib/arpa/inet_pton.o
 .debug_line    0x0000952e       0xc1 lib/arpa/ntohl.o
 .debug_line    0x000095ef       0xd7 lib/arpa/inet_ntop.o

.debug_frame
 *(.debug_frame)

.debug_str      0x00000000     0x35de
 *(.debug_str)
 .debug_str     0x00000000     0x35de double_link_list.o
                                0x6d1 (size before relaxing)
 .debug_str     0x000035de      0xb7c kernel_main_old.o
 .debug_str     0x000035de      0x69c kernel_main.o
 .debug_str     0x000035de      0x76b protect.o
 .debug_str     0x000035de      0x75f console.o
 .debug_str     0x000035de      0x64a process.o
 .debug_str     0x000035de      0x610 global.o
 .debug_str     0x000035de      0x69c keyboard.o
 .debug_str     0x000035de      0x717 thread.o
 .debug_str     0x000035de      0x8fe my_process.o
 .debug_str     0x000035de      0x928 network/socket.o
 .debug_str     0x000035de      0x99b network/ip_input.o
 .debug_str     0x000035de      0xa71 network/udp_sock.o
 .debug_str     0x000035de      0x77d network/netdev.o
 .debug_str     0x000035de      0xb2d network/tcp.o
 .debug_str     0x000035de      0x8b6 network/sock.o
 .debug_str     0x000035de      0xc1d network/tcp_output.o
 .debug_str     0x000035de      0x2f6 network/arp.o
 .debug_str     0x000035de      0xcc0 network/tcp_sock.o
 .debug_str     0x000035de      0x8d2 network/ipc.o
 .debug_str     0x000035de      0x91a network/icmpv4.o
 .debug_str     0x000035de      0x856 network/ip_output.o
 .debug_str     0x000035de      0x1d8 network/skbuff.o
 .debug_str     0x000035de      0x8e7 network/inet.o
 .debug_str     0x000035de      0x722 network/dst.o
 .debug_str     0x000035de      0xb8d network/tcp_input.o
 .debug_str     0x000035de      0x66b network/task_network.o
 .debug_str     0x000035de      0x743 network/route.o
 .debug_str     0x000035de      0x94d network/udp.o
 .debug_str     0x000035de      0xa49 network/tcp_data.o
 .debug_str     0x000035de      0x1b8 network/utils.o
 .debug_str     0x000035de      0x9c5 hd/hd.o
 .debug_str     0x000035de      0xafa fs/fs_main.o
 .debug_str     0x000035de      0x617 mm/forkexit.o
 .debug_str     0x000035de      0x86d mm/exec.o
 .debug_str     0x000035de      0x598 mm/main.o
 .debug_str     0x000035de      0xa98 mem/mem.o
 .debug_str     0x000035de       0xa2 lib/floor.o
 .debug_str     0x000035de      0x62c lib/exec.o
 .debug_str     0x000035de      0x5a5 lib/exit.o
 .debug_str     0x000035de      0x624 lib/unlink.o
 .debug_str     0x000035de      0x5a5 lib/wait.o
 .debug_str     0x000035de      0x631 lib/calloc.o
 .debug_str     0x000035de       0xb6 lib/alloca.o
 .debug_str     0x000035de      0x59e lib/fork.o
 .debug_str     0x000035de      0x5a2 lib/getpid.o
 .debug_str     0x000035de       0xad lib/stdlib/atoi.o
 .debug_str     0x000035de       0xb9 lib/string/strtok.o
 .debug_str     0x000035de       0xb1 lib/string/strcmp.o
 .debug_str     0x000035de       0xba lib/string/strncmp.o
 .debug_str     0x000035de       0xc1 lib/string/strpbrk.o
 .debug_str     0x000035de      0x617 lib/stdio/read.o
 .debug_str     0x000035de       0x99 lib/stdio/perror.o
 .debug_str     0x000035de      0x102 lib/stdio/sscanf.o
 .debug_str     0x000035de      0x5de lib/stdio/open.o
 .debug_str     0x000035de      0x5db lib/stdio/write.o
 .debug_str     0x000035de      0x5a6 lib/stdio/close.o
 .debug_str     0x000035de      0x101 lib/arpa/ntohs.o
 .debug_str     0x000035de       0xf4 lib/arpa/htonl.o
 .debug_str     0x000035de      0x102 lib/arpa/htons.o
 .debug_str     0x000035de      0x14c lib/arpa/inet_pton.o
 .debug_str     0x000035de       0xf3 lib/arpa/ntohl.o
 .debug_str     0x000035de      0x10f lib/arpa/inet_ntop.o

.debug_loc
 *(.debug_loc)

.debug_macinfo
 *(.debug_macinfo)

.debug_weaknames
 *(.debug_weaknames)

.debug_funcnames
 *(.debug_funcnames)

.debug_typenames
 *(.debug_typenames)

.debug_varnames
 *(.debug_varnames)

.debug_pubtypes
 *(.debug_pubtypes)

.debug_ranges   0x00000000       0x90
 *(.debug_ranges)
 .debug_ranges  0x00000000       0x30 kernel_main_old.o
 .debug_ranges  0x00000030       0x48 hd/hd.o
 .debug_ranges  0x00000078       0x18 mm/exec.o

.debug_addr
 *(.debug_addr)

.debug_line_str
 *(.debug_line_str)

.debug_loclists
 *(.debug_loclists)

.debug_macro
 *(.debug_macro)

.debug_names
 *(.debug_names)

.debug_rnglists
 *(.debug_rnglists)

.debug_str_offsets
 *(.debug_str_offsets)

.debug_sup
 *(.debug_sup)

.gnu.attributes
 *(.gnu.attributes)

/DISCARD/
 *(.note.GNU-stack)
 *(.gnu_debuglink)
 *(.gnu.lto_*)
OUTPUT(kernel.bin elf32-i386)
