
Merging program properties

Removed property 0xc0010001 to merge double_link_list.o (0x1) and kernel/kernel_sub.o (not found)
Removed property 0xc0010002 to merge double_link_list.o (0x0) and kernel/kernel_sub.o (not found)
Removed property 0xc0010001 to merge double_link_list.o (not found) and kernel_main_old.o (0x1)
Removed property 0xc0010002 to merge double_link_list.o (not found) and kernel_main_old.o (0x1)
Removed property 0xc0010001 to merge double_link_list.o (not found) and kernel_main.o (0x1)
Removed property 0xc0010002 to merge double_link_list.o (not found) and kernel_main.o (0x0)
Removed property 0xc0010001 to merge double_link_list.o (not found) and protect.o (0x1)
Removed property 0xc0010002 to merge double_link_list.o (not found) and protect.o (0x0)
Removed property 0xc0010001 to merge double_link_list.o (not found) and console.o (0x1)
Removed property 0xc0010002 to merge double_link_list.o (not found) and console.o (0x1)
Removed property 0xc0010001 to merge double_link_list.o (not found) and process.o (0x1)
Removed property 0xc0010002 to merge double_link_list.o (not found) and process.o (0x0)
Removed property 0xc0010001 to merge double_link_list.o (not found) and global.o (0x1)
Removed property 0xc0010002 to merge double_link_list.o (not found) and global.o (0x0)
Removed property 0xc0010001 to merge double_link_list.o (not found) and keyboard.o (0x1)
Removed property 0xc0010002 to merge double_link_list.o (not found) and keyboard.o (0x0)
Removed property 0xc0010001 to merge double_link_list.o (not found) and thread.o (0x1)
Removed property 0xc0010002 to merge double_link_list.o (not found) and thread.o (0x0)
Removed property 0xc0010001 to merge double_link_list.o (not found) and my_process.o (0x1)
Removed property 0xc0010002 to merge double_link_list.o (not found) and my_process.o (0x1)
Removed property 0xc0010001 to merge double_link_list.o (not found) and network/skbuff.o (0x1)
Removed property 0xc0010002 to merge double_link_list.o (not found) and network/skbuff.o (0x0)
Removed property 0xc0010001 to merge double_link_list.o (not found) and network/socket.o (0x1)
Removed property 0xc0010002 to merge double_link_list.o (not found) and network/socket.o (0x0)
Removed property 0xc0010001 to merge double_link_list.o (not found) and network/ip_input.o (0x1)
Removed property 0xc0010002 to merge double_link_list.o (not found) and network/ip_input.o (0x0)
Removed property 0xc0010001 to merge double_link_list.o (not found) and network/udp_sock.o (0x1)
Removed property 0xc0010002 to merge double_link_list.o (not found) and network/udp_sock.o (0x0)
Removed property 0xc0010001 to merge double_link_list.o (not found) and network/dst.o (0x1)
Removed property 0xc0010002 to merge double_link_list.o (not found) and network/dst.o (0x0)
Removed property 0xc0010001 to merge double_link_list.o (not found) and network/netdev.o (0x1)
Removed property 0xc0010002 to merge double_link_list.o (not found) and network/netdev.o (0x0)
Removed property 0xc0010001 to merge double_link_list.o (not found) and network/ip_output.o (0x1)
Removed property 0xc0010002 to merge double_link_list.o (not found) and network/ip_output.o (0x0)
Removed property 0xc0010001 to merge double_link_list.o (not found) and network/tcp.o (0x1)
Removed property 0xc0010002 to merge double_link_list.o (not found) and network/tcp.o (0x0)
Removed property 0xc0010001 to merge double_link_list.o (not found) and network/sock.o (0x1)
Removed property 0xc0010002 to merge double_link_list.o (not found) and network/sock.o (0x0)
Removed property 0xc0010001 to merge double_link_list.o (not found) and network/tcp_output.o (0x1)
Removed property 0xc0010002 to merge double_link_list.o (not found) and network/tcp_output.o (0x1)
Removed property 0xc0010001 to merge double_link_list.o (not found) and network/arp.o (0x1)
Removed property 0xc0010002 to merge double_link_list.o (not found) and network/arp.o (0x0)
Removed property 0xc0010001 to merge double_link_list.o (not found) and network/tcp_sock.o (0x1)
Removed property 0xc0010002 to merge double_link_list.o (not found) and network/tcp_sock.o (0x0)
Removed property 0xc0010001 to merge double_link_list.o (not found) and network/ipc.o (0x1)
Removed property 0xc0010002 to merge double_link_list.o (not found) and network/ipc.o (0x1)
Removed property 0xc0010001 to merge double_link_list.o (not found) and network/icmpv4.o (0x1)
Removed property 0xc0010002 to merge double_link_list.o (not found) and network/icmpv4.o (0x0)
Removed property 0xc0010001 to merge double_link_list.o (not found) and network/inet.o (0x1)
Removed property 0xc0010002 to merge double_link_list.o (not found) and network/inet.o (0x0)
Removed property 0xc0010001 to merge double_link_list.o (not found) and network/tcp_input.o (0x1)
Removed property 0xc0010002 to merge double_link_list.o (not found) and network/tcp_input.o (0x0)
Removed property 0xc0010001 to merge double_link_list.o (not found) and network/task_network.o (0x1)
[...]
Memory Configuration

Name             Origin             Length             Attributes
*default*        0x00000000         0xffffffff

Linker script and memory map

Address of section .text set to 0xc0600000
LOAD kernel/kernel_sub.o
LOAD kernel/kernel.o
LOAD switch_to.o
LOAD string.o
LOAD syscall.o
LOAD hd/hd_rdwt.o
LOAD network/ne2000.o
LOAD double_link_list.o
LOAD kernel_main_old.o
LOAD kernel_main.o
LOAD protect.o
LOAD console.o
LOAD process.o
LOAD global.o
LOAD keyboard.o
LOAD thread.o
LOAD my_process.o
LOAD network/skbuff.o
LOAD network/socket.o
LOAD network/ip_input.o
LOAD network/udp_sock.o
LOAD network/dst.o
LOAD network/netdev.o
LOAD network/ip_output.o
LOAD network/tcp.o
LOAD network/sock.o
LOAD network/tcp_output.o
LOAD network/arp.o
LOAD network/tcp_sock.o
LOAD network/ipc.o
LOAD network/icmpv4.o
LOAD network/inet.o
LOAD network/tcp_input.o
LOAD network/task_network.o
LOAD network/route.o
LOAD network/udp.o
LOAD network/tcp_data.o
LOAD network/utils.o
LOAD hd/hd.o
LOAD fs/fs_main.o
LOAD mm/forkexit.o
LOAD mm/exec.o
LOAD mm/main.o
LOAD mem/mem.o
LOAD lib/floor.o
LOAD lib/exec.o
LOAD lib/exit.o
LOAD lib/unlink.o
LOAD lib/wait.o
LOAD lib/socket_close.o
LOAD lib/socket_read.o
LOAD lib/alloca.o
LOAD lib/calloc.o
LOAD lib/fork.o
LOAD lib/socket_write.o
LOAD lib/getpid.o
LOAD lib/stdlib/atoi.o
LOAD lib/string/strtok.o
LOAD lib/string/strcmp.o
LOAD lib/string/strncmp.o
LOAD lib/string/strpbrk.o
LOAD lib/stdio/read.o
LOAD lib/stdio/perror.o
LOAD lib/stdio/sscanf.o
LOAD lib/stdio/open.o
LOAD lib/stdio/write.o
LOAD lib/stdio/close.o
LOAD lib/sys/socket.o
LOAD lib/sys/connect.o
LOAD lib/arpa/ntohs.o
LOAD lib/arpa/htonl.o
LOAD lib/arpa/htons.o
LOAD lib/arpa/inet_pton.o
LOAD lib/arpa/ntohl.o
LOAD lib/arpa/inet_ntop.o
                [!provide]                        PROVIDE (__executable_start = SEGMENT_START ("text-segment", 0x8048000))
                0x080480d4                        . = (SEGMENT_START ("text-segment", 0x8048000) + SIZEOF_HEADERS)

.interp
 *(.interp)

.note.gnu.build-id
 *(.note.gnu.build-id)

.hash
 *(.hash)

.gnu.hash
 *(.gnu.hash)

.dynsym
 *(.dynsym)

.dynstr
 *(.dynstr)

.gnu.version
 *(.gnu.version)

.gnu.version_d
 *(.gnu.version_d)

.gnu.version_r
 *(.gnu.version_r)

.rel.dyn        0x080480d4        0x0
 *(.rel.init)
 *(.rel.text .rel.text.* .rel.gnu.linkonce.t.*)
 .rel.text      0x080480d4        0x0 kernel/kernel_sub.o
 *(.rel.fini)
 *(.rel.rodata .rel.rodata.* .rel.gnu.linkonce.r.*)
 *(.rel.data.rel.ro .rel.data.rel.ro.* .rel.gnu.linkonce.d.rel.ro.*)
 *(.rel.data .rel.data.* .rel.gnu.linkonce.d.*)
 *(.rel.tdata .rel.tdata.* .rel.gnu.linkonce.td.*)
 *(.rel.tbss .rel.tbss.* .rel.gnu.linkonce.tb.*)
 *(.rel.ctors)
 *(.rel.dtors)
 *(.rel.got)
 .rel.got       0x080480d4        0x0 kernel/kernel_sub.o
 *(.rel.bss .rel.bss.* .rel.gnu.linkonce.b.*)
 *(.rel.ifunc)

.rel.plt        0x080480d4        0x0
 *(.rel.plt)
                [!provide]                        PROVIDE (__rel_iplt_start = .)
 *(.rel.iplt)
 .rel.iplt      0x080480d4        0x0 kernel/kernel_sub.o
                [!provide]                        PROVIDE (__rel_iplt_end = .)

.relr.dyn
 *(.relr.dyn)
                0x08049000                        . = ALIGN (CONSTANT (MAXPAGESIZE))

.init
 *(SORT_NONE(.init))

.plt            0x08049000        0x0
 *(.plt)
 *(.iplt)
 .iplt          0x08049000        0x0 kernel/kernel_sub.o

.plt.got
 *(.plt.got)

.plt.sec
 *(.plt.sec)

.text           0xc0600000    0x12ab4
 *(.text.unlikely .text.*_unlikely .text.unlikely.*)
 *(.text.exit .text.exit.*)
 *(.text.startup .text.startup.*)
 *(.text.hot .text.hot.*)
 *(SORT_BY_NAME(.text.sorted.*))
 *(.text .stub .text.* .gnu.linkonce.t.*)
 .text          0xc0600000       0x74 kernel/kernel_sub.o
                0xc0600000                _start
 *fill*         0xc0600074        0xc 
 .text          0xc0600080      0x3d5 kernel/kernel.o
                0xc0600080                InterruptTest
                0xc060008c                disp_str_len
                0xc06000d9                disp_str
                0xc0600114                disp_str_colour
                0xc0600150                divide_zero_fault
                0xc0600156                single_step_fault
                0xc060015c                non_maskable_interrupt
                0xc0600162                breakpoint_trap
                0xc0600168                overflow_trap
                0xc060016e                bound_range_exceeded_fault
                0xc0600174                invalid_opcode_fault
                0xc060017a                coprocessor_not_available_fault
                0xc0600180                double_fault_exception_abort
                0xc0600184                coprocessor_segment_overrun
                0xc060018a                invalid_task_state_segment_fault
                0xc060018e                segment_not_present_fault
                0xc0600192                stack_exception_fault
                0xc0600196                general_protection_exception_fault
                0xc06001a1                page_fault
                0xc06001a5                coprocessor_error_fault
                0xc06001ab                align_check_fault
                0xc06001af                simd_float_exception_fault
                0xc06001be                hwint0
                0xc06001ee                hwint1
                0xc0600231                hwint14
                0xc0600277                hwint10
                0xc06002ba                sys_call
                0xc0600300                fork_restart
                0xc060030f                restart
                0xc0600332                in_byte
                0xc060033e                out_byte
                0xc0600360                disable_int
                0xc0600362                enable_int
                0xc06003f8                enable_8259A_casecade_irq
                0xc0600402                disable_8259A_casecade_irq
                0xc060040c                enable_8259A_slave_winchester_irq
                0xc0600416                disable_8259A_slave_winchester_irq
                0xc0600420                update_cr3
                0xc060042d                update_tss
                0xc060043c                get_running_thread_pcb
                0xc0600442                sys_call_test
                0xc0600445                enable_8259A_slave_net_irq
 *fill*         0xc0600455        0xb 
 .text          0xc0600460       0x15 switch_to.o
                0xc0600460                switch_to
 *fill*         0xc0600475        0xb 
 .text          0xc0600480       0x6a syscall.o
                0xc0600480                write_debug
                0xc0600490                send_msg
                0xc06004a6                receive_msg
                0xc06004bc                sys_malloc
                0xc06004d1                sys_free
 *fill*         0xc06004ea        0x6 
 .text          0xc06004f0      0x25e network/ne2000.o
                0xc0600513                DriverInitialize
                0xc060059d                SetPageStart
                0xc06005c5                DriverSend
                0xc060063d                PCtoNIC
                0xc06006ab                get_interrupt_status
                0xc06006c1                set_interrupt_status
                0xc06006da                get_curr_page
                0xc06006f7                NICtoPC
 .text          0xc060074e      0x2ee double_link_list.o
                0xc060074e                initDoubleLinkList
                0xc060079e                isListEmpty
                0xc06007cc                findElementInList
                0xc0600863                appendToDoubleLinkList
                0xc0600929                insertToDoubleLinkList
                0xc06009ad                popFromDoubleLinkList
 .text          0xc0600a3c     0x2de4 kernel_main_old.o
                0xc0600a3c                stop_here
                0xc0600a80                catch_error
                0xc0600ae5                intr_enable
                0xc0600b0e                intr_disable
                0xc0600b37                intr_set_status
                0xc0600b55                intr_get_status
                0xc0600b72                Memcpy
                0xc0600ba5                untar
                0xc0600eb5                num_to_string
                0xc0600f5b                disp_int
                0xc0600f84                do_page_fault
                0xc06010c1                exception_handler
                0xc06012ac                init_internal_interrupt
                0xc0601421                spurious_irq
                0xc06014af                init_keyboard
                0xc06014f2                TestTTY
                0xc0601591                TestReadReturnValue
                0xc060160e                TestWriteReturnValue
                0xc06016e2                TestFS2
                0xc06016f0                TestFS
                0xc0601b92                wait_exit
                0xc0601c90                INIT_fork
                0xc0601f83                simple_shell
                0xc060210a                test_shell
                0xc0602172                test_exec
                0xc0602265                INIT
                0xc0602272                TestA
                0xc06022a7                delay
                0xc06022eb                TestB
                0xc0602303                TestC
                0xc0602336                sys_get_ticks
                0xc0602346                sys_write
                0xc060239a                milli_delay
                0xc06023d6                TaskSys
                0xc06023db                Printf
                0xc06024ad                sprintf
                0xc06024d9                vsprintf
                0xc0602685                printx
                0xc06026c8                sys_printx
                0xc0602794                spin
                0xc06027ba                panic
                0xc06027d8                assertion_failure
                0xc060284a                assertion_failure2
                0xc06028bf                dead_lock
                0xc06028c9                sys_send_msg
                0xc0602de8                sys_receive_msg
                0xc0603448                send_rec
                0xc0603543                block
                0xc060357f                unblock
                0xc06035cf                get_ticks_ipc
                0xc0603629                itoa
                0xc060367f                i2a
                0xc06036e5                inform_int
                0xc06037b1                deprecate_strcmp
 .text          0xc0603820      0x51c kernel_main.o
                0xc0603820                kernel_main
                0xc06039da                init
                0xc0603a6c                kernel_thread_a
                0xc0603ab9                kernel_thread_b
                0xc0603b06                kernel_thread_c
                0xc0603b1c                kernel_thread_d
                0xc0603b32                user_proc_a
                0xc0603d1f                user_proc_b
 .text          0xc0603d3c      0x3b3 protect.o
                0xc0603d3c                InitDescriptor
                0xc0603da9                Seg2PhyAddr
                0xc0603dea                Seg2PhyAddrLDT
                0xc0603e2e                VirAddr2PhyAddr
                0xc0603e44                v2l
                0xc0603e87                init_propt
                0xc0604008                InitInterruptDesc
                0xc0604064                ReloadGDT
 .text          0xc06040ef      0xad3 console.o
                0xc06040ef                select_console
                0xc060412b                flush
                0xc0604164                set_cursor
                0xc06041c2                set_console_start_video_addr
                0xc0604220                put_key
                0xc060428c                scroll_up
                0xc06042ce                scroll_down
                0xc0604339                out_char
                0xc06044f6                tty_dev_read
                0xc0604520                tty_dev_write
                0xc060474d                tty_do_read
                0xc0604815                tty_do_write
                0xc060497e                init_screen
                0xc0604a07                init_tty
                0xc0604abc                TaskTTY
 .text          0xc0604bc2      0x2b7 process.o
                0xc0604bc2                schedule_process
                0xc0604d88                clock_handler
                0xc0604dfe                pid2proc
                0xc0604e62                proc2pid
 .text          0xc0604e79        0x0 global.o
 .text          0xc0604e79      0x40f keyboard.o
                0xc0604e79                keyboard_handler
                0xc0604efd                read_from_keyboard_buf
                0xc0604f63                keyboard_read
                0xc06050e2                init_keyboard_handler
                0xc06050f6                in_process
 .text          0xc0605288      0x1b2 thread.o
                0xc0605288                kernel_thread
                0xc06052a0                thread_init
                0xc060534d                thread_create
                0xc0605382                thread_start
 .text          0xc060543a      0x730 my_process.o
                0xc060543a                create_user_process_address_space
                0xc06054ca                user_process
                0xc06055f7                clone_pcb
                0xc0605769                build_body_stack
                0xc060589c                build_process_kernel_stack
                0xc060595f                fork_process
                0xc06059f0                process_execute
 .text          0xc0605b6a      0x15b network/skbuff.o
                0xc0605b83                alloc_skb
                0xc0605c14                free_skb
                0xc0605c47                skb_reserve
                0xc0605c63                skb_push
                0xc0605c92                skb_head
                0xc0605c9d                skb_reset_header
 .text          0xc0605cc5      0x66c network/socket.o
                0xc0605d75                test
                0xc0605dd1                socket_debug
                0xc0605e32                free_socket
                0xc0605eee                _socket
                0xc0605fad                _bind
                0xc0606000                _connect
                0xc0606052                _write
                0xc06060a9                _read
                0xc0606100                _recvfrom
                0xc0606141                _sendto
                0xc0606198                _close
                0xc0606217                _listen
                0xc060627d                _accept
 .text          0xc0606331      0x2ed network/ip_input.o
                0xc06064bb                ip_rcv
 .text          0xc060661e      0x8cd network/udp_sock.o
                0xc060685c                udp_lookup_sock
                0xc06068a3                udp_init
                0xc06068d4                udp_close
                0xc06068fa                udp_sock_init
                0xc0606904                udp_recvfrom
                0xc060699d                udp_connect
                0xc0606a76                udp_write
                0xc0606aa2                udp_alloc_skb
                0xc0606aec                udp_sendto
                0xc0606be0                udp_send
                0xc0606d1e                udp_alloc_sock
                0xc0606d5f                udp_free_sock
                0xc0606d83                udp_read
 .text          0xc0606eeb       0xd8 network/dst.o
                0xc0606ef9                dst_neigh_output
 .text          0xc0606fc3      0x816 network/netdev.o
                0xc0607151                netdev_init
                0xc0607198                netdev_transmit
                0xc0607281                interrupt_wait2
                0xc06072da                netdev_rx_loop
                0xc0607411                netdev_get
                0xc060744c                free_netdev
                0xc0607477                local_ipaddress
                0xc06074b4                receive_msg_from_nic
                0xc0607697                receive_msg_from_nic2
                0xc06077c3                net_handler
 .text          0xc06077d9      0x1d3 network/ip_output.o
                0xc06077e7                ip_output
 .text          0xc06079ac      0x448 network/tcp.o
                0xc0607ba1                tcp_in
                0xc0607c55                tcp_checksum
                0xc0607c81                __tcp_set_state
                0xc0607c90                tcp_generate_port
                0xc0607cd9                tcp_generate_isn
                0xc0607ce3                tcp_done
                0xc0607d0c                tcp_clear_timers
                0xc0607d1b                tcp_stop_retransmission_timer
                0xc0607d34                tcp_release_retransmission_timer
                0xc0607d4d                tcp_stop_delack_timer
                0xc0607d60                tcp_release_delack_timer
                0xc0607d73                tcp_handle_fin_state
                0xc0607dd8                tcp_enter_time_wait
 .text          0xc0607df4      0x203 network/sock.o
                0xc0607f26                sk_alloc
                0xc0607f4d                sk_init
                0xc0607fa1                sk_init_with_socket
                0xc0607fca                sk_free
 .text          0xc0607ff7      0xbbe network/tcp_output.o
                0xc06084bd                tcp_send_synack
                0xc0608560                tcp_send_delack
                0xc060859b                tcp_send_ack
                0xc06086e7                tcp_send_fin
                0xc060875c                tcp_select_initial_window
                0xc060890e                tcp_reset_retransmission_timer
                0xc060892b                tcp_begin_connect
                0xc06089d5                tcp_send
                0xc0608aba                tcp_send_reset
                0xc0608b3a                tcp_queue_fin
 .text          0xc0608bb5      0x70c network/arp.o
                0xc0608d82                arp_init
                0xc0608d88                arp_rcv
                0xc0608f57                arp_request
                0xc06090c1                arp_reply
                0xc0609224                arp_get_hwaddr
                0xc0609270                free_arp
 .text          0xc06092c1      0xa27 network/tcp_sock.o
                0xc0609580                tcp_established_or_syn_recvd_socks_enqueue
                0xc0609597                tcp_established_or_syn_recvd_socks_remove
                0xc06095a9                tcp_connecting_or_listening_socks_enqueue
                0xc06095c0                tcp_connecting_or_listening_socks_remove
                0xc06095d2                tcp_alloc_sock
                0xc06096e8                tcp_free_sock
                0xc0609761                tcp_init
                0xc060976b                tcp_sock_init
                0xc060980e                tcp_write
                0xc060984f                tcp_read
                0xc0609902                tcp_close
                0xc06099c0                tcp_recv_notify
                0xc06099eb                tcp_v4_connect
                0xc0609c3b                tcp_lookup_sock
 .text          0xc0609ce8      0xd76 network/ipc.o
                0xc060a8a2                ipc_close
                0xc060a8f3                demux_ipc_socket_call
 .text          0xc060aa5e      0x234 network/icmpv4.o
                0xc060aa6c                icmpv4_incoming
                0xc060aae0                icmpv4_reply
                0xc060abb9                icmpv4_timestamp
 .text          0xc060ac92      0x429 network/inet.o
                0xc060ac92                inet_create
                0xc060ad42                inet_socket
                0xc060ad4c                inet_connect
                0xc060ada0                inet_write
                0xc060adcc                inet_read
                0xc060adf8                inet_close
                0xc060ae47                inet_free
                0xc060ae7d                inet_bind
                0xc060af86                inet_listen
                0xc060afcf                inet_accept
                0xc060b07a                inet_sendto
                0xc060b0a5                inet_recvfrom
 .text          0xc060b0bb      0xb80 network/tcp_input.o
                0xc060b7b3                tcp_process
                0xc060bb79                tcp_receive
 .text          0xc060bc3b      0x128 network/task_network.o
                0xc060bc3b                task_network
                0xc060bd45                task_netdev_rx
 .text          0xc060bd63      0x295 network/route.o
                0xc060be90                route_add
                0xc060bed5                route_init
                0xc060bf5c                route_lookup
                0xc060bfa7                free_routes
 .text          0xc060bff8      0x3e0 network/udp.o
                0xc060c103                udp_generate_port
                0xc060c14c                udp_checksum
                0xc060c21a                udp_in
                0xc060c2ab                udp_data_dequeue
                0xc060c3b3                udp_data_enqueue
 .text          0xc060c3d8      0x54a network/tcp_data.o
                0xc060c6c3                tcp_data_dequeue
                0xc060c7f0                tcp_data_queue
 .text          0xc060c922      0x1e7 network/utils.o
                0xc060c922                run_cmd
                0xc060c92f                print_err
                0xc060c946                parse_ipv4_string
                0xc060c9a5                ip_pton
                0xc060c9ed                sum_every_16bits
                0xc060ca44                checksum
                0xc060ca85                tcp_udp_checksum
 .text          0xc060cb09      0xe84 hd/hd.o
                0xc060cb09                TaskHD
                0xc060cb54                init_hd
                0xc060cb6e                hd_handle
                0xc060cc73                hd_cmd_out
                0xc060cd75                hd_identify
                0xc060ce2c                print_hdinfo
                0xc060cfba                print_dpt_entry
                0xc060d026                get_partition_table
                0xc060d105                partition
                0xc060d31f                hd_open
                0xc060d3cf                get_hd_ioctl
                0xc060d489                wait_for
                0xc060d4ba                interrupt_wait
                0xc060d513                hd_rdwt
                0xc060d7b5                hd_handler
                0xc060d7e6                debug_ticks
                0xc060d824                waitfor
                0xc060d868                print_hd_info
                0xc060d955                is_empty
 .text          0xc060d98d     0x2081 fs/fs_main.o
                0xc060d98d                task_fs
                0xc060dba1                rd_wt
                0xc060dc83                mkfs
                0xc060e265                init_fs
                0xc060e2bf                do_open
                0xc060e4c8                search_file
                0xc060e5fa                strip_path
                0xc060e6c6                get_inode
                0xc060e888                create_file
                0xc060e993                alloc_imap_bit
                0xc060ea90                alloc_smap_bit
                0xc060ec31                new_inode
                0xc060ed4f                new_dir_entry
                0xc060ef5b                do_unlink
                0xc060f437                do_rdwt
                0xc060f7c2                sync_inode
                0xc060f916                put_inode
                0xc060f954                do_close
                0xc060f9a6                get_super_block
 .text          0xc060fa0e      0x24f mm/forkexit.o
                0xc060fa0e                do_fork
                0xc060fa7c                do_exit
                0xc060fb06                do_wait
                0xc060fc03                cleanup
 .text          0xc060fc5d      0x419 mm/exec.o
                0xc060fc5d                do_exec
 .text          0xc0610076      0x14e mm/main.o
                0xc0610076                TaskMM
                0xc06101a5                alloc_mem
 .text          0xc06101c4     0x1118 mem/mem.o
                0xc06101c4                init_bitmap
                0xc06101e7                test_bit_val
                0xc0610250                set_bit_val
                0xc06102cb                set_bits
                0xc0610305                get_first_free_bit
                0xc0610349                get_bits
                0xc0610411                get_a_page
                0xc06104c5                get_virtual_address_start_with_addr
                0xc061055f                get_virtual_address
                0xc06105ef                ptr_pde
                0xc0610602                ptr_pte
                0xc0610629                add_map_entry
                0xc06106ba                alloc_virtual_memory
                0xc0610786                get_physical_address_proc
                0xc0610802                get_physical_address
                0xc0610834                alloc_physical_memory_of_proc
                0xc0610923                alloc_physical_memory
                0xc06109eb                alloc_memory
                0xc0610a4d                get_a_virtual_page
                0xc0610a85                block2arena
                0xc0610a9b                sys_malloc2
                0xc0610dc8                remove_map_entry
                0xc0610de9                free_a_page
                0xc0610e90                sys_free2
                0xc0610e96                init_memory_block_desc
                0xc0610f67                init_memory2
                0xc061119c                init_memory
 .text          0xc06112dc       0x49 lib/floor.o
                0xc06112dc                floor
 .text          0xc0611325      0x285 lib/exec.o
                0xc0611325                exec
                0xc0611396                execv
                0xc0611585                execl
 .text          0xc06115aa       0x2f lib/exit.o
                0xc06115aa                exit
 .text          0xc06115d9       0x42 lib/unlink.o
                0xc06115d9                unlink
 .text          0xc061161b       0x44 lib/wait.o
                0xc061161b                wait
 .text          0xc061165f       0xbd lib/socket_close.o
                0xc061165f                socket_close
 .text          0xc061171c      0x127 lib/socket_read.o
                0xc061171c                socket_read
 .text          0xc0611843       0x29 lib/alloca.o
                0xc0611843                alloca
 .text          0xc061186c       0x46 lib/calloc.o
                0xc061186c                calloc
 .text          0xc06118b2       0x4b lib/fork.o
                0xc06118b2                fork
 .text          0xc06118fd      0x127 lib/socket_write.o
                0xc06118fd                socket_write
 .text          0xc0611a24       0x2b lib/getpid.o
                0xc0611a24                getpid
 .text          0xc0611a4f       0x9c lib/stdlib/atoi.o
                0xc0611a4f                atoi
 .text          0xc0611aeb       0x85 lib/string/strtok.o
                0xc0611aeb                strtok
 .text          0xc0611b70       0xa8 lib/string/strcmp.o
                0xc0611b70                strcmp
 .text          0xc0611c18       0xd4 lib/string/strncmp.o
                0xc0611c18                strncmp
 .text          0xc0611cec       0x90 lib/string/strpbrk.o
                0xc0611cec                strpbrk
 .text          0xc0611d7c      0x181 lib/stdio/read.o
                0xc0611d7c                read
 .text          0xc0611efd       0x17 lib/stdio/perror.o
                0xc0611efd                perror
 .text          0xc0611f14      0x2c1 lib/stdio/sscanf.o
                0xc0611f14                sscanf
 .text          0xc06121d5       0x95 lib/stdio/open.o
                0xc06121d5                open
 .text          0xc061226a       0x85 lib/stdio/write.o
                0xc061226a                write
 .text          0xc06122ef       0x52 lib/stdio/close.o
                0xc06122ef                close
 .text          0xc0612341      0x193 lib/sys/socket.o
                0xc0612341                socket
 .text          0xc06124d4      0x100 lib/sys/connect.o
                0xc06124d4                connect
 .text          0xc06125d4       0x38 lib/arpa/ntohs.o
                0xc06125d4                ntohs
 .text          0xc061260c       0x7c lib/arpa/htonl.o
                0xc061260c                htonl
 .text          0xc0612688       0x38 lib/arpa/htons.o
                0xc0612688                htons
 .text          0xc06126c0      0x295 lib/arpa/inet_pton.o
                0xc06126c0                isValidIPv4
                0xc061284a                inet_pton
 .text          0xc0612955       0x7c lib/arpa/ntohl.o
                0xc0612955                ntohl
 .text          0xc06129d1       0xe3 lib/arpa/inet_ntop.o
                0xc06129d1                inet_ntop
 *(.gnu.warning)

.fini
 *(SORT_NONE(.fini))
                [!provide]                        PROVIDE (__etext = .)
                [!provide]                        PROVIDE (_etext = .)
                [!provide]                        PROVIDE (etext = .)
                0xc0613000                        . = ALIGN (CONSTANT (MAXPAGESIZE))
                0xc0613000                        . = SEGMENT_START ("rodata-segment", (ALIGN (CONSTANT (MAXPAGESIZE)) + (. & (CONSTANT (MAXPAGESIZE) - 0x1))))

.rodata         0xc0613000     0x1d7b
 *(.rodata .rodata.* .gnu.linkonce.r.*)
 .rodata        0xc0613000       0x3c double_link_list.o
 *fill*         0xc061303c        0x4 
 .rodata        0xc0613040      0xb61 kernel_main_old.o
 *fill*         0xc0613ba1        0x3 
 .rodata        0xc0613ba4      0x1c4 kernel_main.o
 .rodata        0xc0613d68       0x22 console.o
 *fill*         0xc0613d8a        0x2 
 .rodata        0xc0613d8c       0x4c process.o
 .rodata        0xc0613dd8        0x9 network/skbuff.o
 *fill*         0xc0613de1        0x3 
 .rodata        0xc0613de4      0x23d network/socket.o
 *fill*         0xc0614021        0x3 
 .rodata        0xc0614024       0xbd network/ip_input.o
 *fill*         0xc06140e1        0x3 
 .rodata        0xc06140e4       0x2d network/udp_sock.o
 .rodata        0xc0614111        0x9 network/dst.o
 *fill*         0xc061411a        0x2 
 .rodata        0xc061411c      0x17a network/netdev.o
 .rodata        0xc0614296        0x9 network/ip_output.o
 *fill*         0xc061429f        0x1 
 .rodata        0xc06142a0       0x31 network/tcp.o
 .rodata        0xc06142d1        0x9 network/sock.o
 *fill*         0xc06142da        0x2 
 .rodata        0xc06142dc       0xc3 network/tcp_output.o
 *fill*         0xc061439f        0x1 
 .rodata        0xc06143a0       0xc7 network/arp.o
 *fill*         0xc0614467        0x1 
 .rodata        0xc0614468       0xe8 network/tcp_sock.o
 .rodata        0xc0614550      0x160 network/ipc.o
 .rodata        0xc06146b0       0x32 network/icmpv4.o
 *fill*         0xc06146e2        0x2 
 .rodata        0xc06146e4       0x48 network/inet.o
 .rodata        0xc061472c       0x60 network/tcp_input.o
 .rodata        0xc061478c       0x61 network/task_network.o
 *fill*         0xc06147ed        0x3 
 .rodata        0xc06147f0       0x37 network/route.o
 .rodata        0xc0614827        0x9 network/udp.o
 .rodata        0xc0614830       0x1e network/tcp_data.o
 *fill*         0xc061484e        0x2 
 .rodata        0xc0614850       0x41 network/utils.o
 *fill*         0xc0614891        0x3 
 .rodata        0xc0614894      0x19c hd/hd.o
 .rodata        0xc0614a30      0x1fb fs/fs_main.o
                0xc0614a30                FSBUF_SIZE
 .rodata        0xc0614c2b       0x21 mm/forkexit.o
 .rodata        0xc0614c4c       0x10 mm/exec.o
 .rodata        0xc0614c5c       0x11 mm/main.o
 .rodata        0xc0614c6d       0x5a mem/mem.o
 .rodata        0xc0614cc7       0x2d lib/exec.o
 .rodata        0xc0614cf4        0x9 lib/socket_close.o
 .rodata        0xc0614cfd        0x9 lib/socket_read.o
 .rodata        0xc0614d06        0x9 lib/socket_write.o
 .rodata        0xc0614d0f       0x2a lib/stdio/close.o
 .rodata        0xc0614d39       0x33 lib/sys/socket.o
 .rodata        0xc0614d6c        0x9 lib/sys/connect.o
 .rodata        0xc0614d75        0x3 lib/arpa/inet_pton.o
 .rodata        0xc0614d78        0x3 lib/arpa/inet_ntop.o

.txt            0xc0614d7b       0xaa
 .txt           0xc0614d7b       0x82 string.o
                0xc0614d7b                Memcpy2
                0xc0614da9                Memset
                0xc0614dc8                Strcpy
                0xc0614de2                Strlen
 .txt           0xc0614dfd       0x28 hd/hd_rdwt.o
                0xc0614dfd                read_port
                0xc0614e11                write_port

.rodata1
 *(.rodata1)

.eh_frame_hdr
 *(.eh_frame_hdr)
 *(.eh_frame_entry .eh_frame_entry.*)

.eh_frame       0xc0614e28     0x4254
 *(.eh_frame)
 .eh_frame      0xc0614e28       0xd8 double_link_list.o
 .eh_frame      0xc0614f00      0x6cc kernel_main_old.o
                                0x6e4 (size before relaxing)
 .eh_frame      0xc06155cc      0x108 kernel_main.o
                                0x120 (size before relaxing)
 .eh_frame      0xc06156d4      0x100 protect.o
                                0x118 (size before relaxing)
 .eh_frame      0xc06157d4      0x1e0 console.o
                                0x1f8 (size before relaxing)
 .eh_frame      0xc06159b4       0x80 process.o
                                 0x98 (size before relaxing)
 .eh_frame      0xc0615a34       0xa0 keyboard.o
                                 0xb8 (size before relaxing)
 .eh_frame      0xc0615ad4       0x80 thread.o
                                 0x98 (size before relaxing)
 .eh_frame      0xc0615b54       0xe0 my_process.o
                                 0xf8 (size before relaxing)
 .eh_frame      0xc0615c34       0xe0 network/skbuff.o
                                 0xf8 (size before relaxing)
 .eh_frame      0xc0615d14      0x2a0 network/socket.o
                                0x2b8 (size before relaxing)
 .eh_frame      0xc0615fb4      0x104 network/ip_input.o
                                0x11c (size before relaxing)
 .eh_frame      0xc06160b8      0x404 network/udp_sock.o
                                0x41c (size before relaxing)
 .eh_frame      0xc06164bc       0x40 network/dst.o
                                 0x58 (size before relaxing)
 .eh_frame      0xc06164fc      0x214 network/netdev.o
                                0x22c (size before relaxing)
 .eh_frame      0xc0616710       0x40 network/ip_output.o
                                 0x58 (size before relaxing)
 .eh_frame      0xc0616750      0x268 network/tcp.o
                                0x280 (size before relaxing)
 .eh_frame      0xc06169b8      0x1a0 network/sock.o
                                0x1b8 (size before relaxing)
 .eh_frame      0xc0616b58      0x3c4 network/tcp_output.o
                                0x3dc (size before relaxing)
 .eh_frame      0xc0616f1c      0x1c0 network/arp.o
                                0x1d8 (size before relaxing)
 .eh_frame      0xc06170dc      0x4c0 network/tcp_sock.o
                                0x4d8 (size before relaxing)
 .eh_frame      0xc061759c      0x254 network/ipc.o
                                0x26c (size before relaxing)
 .eh_frame      0xc06177f0       0x80 network/icmpv4.o
                                 0x98 (size before relaxing)
 .eh_frame      0xc0617870      0x180 network/inet.o
                                0x198 (size before relaxing)
 .eh_frame      0xc06179f0      0x300 network/tcp_input.o
                                0x318 (size before relaxing)
 .eh_frame      0xc0617cf0       0x40 network/task_network.o
                                 0x58 (size before relaxing)
 .eh_frame      0xc0617d30      0x124 network/route.o
                                0x13c (size before relaxing)
 .eh_frame      0xc0617e54      0x1e4 network/udp.o
                                0x1fc (size before relaxing)
 .eh_frame      0xc0618038      0x200 network/tcp_data.o
                                0x218 (size before relaxing)
 .eh_frame      0xc0618238       0xe4 network/utils.o
                                 0xfc (size before relaxing)
 .eh_frame      0xc061831c      0x264 hd/hd.o
                                0x27c (size before relaxing)
 .eh_frame      0xc0618580      0x27c fs/fs_main.o
                                0x294 (size before relaxing)
 .eh_frame      0xc06187fc       0x80 mm/forkexit.o
                                 0x98 (size before relaxing)
 .eh_frame      0xc061887c       0x20 mm/exec.o
                                 0x38 (size before relaxing)
 .eh_frame      0xc061889c       0x3c mm/main.o
                                 0x54 (size before relaxing)
 .eh_frame      0xc06188d8      0x364 mem/mem.o
                                0x37c (size before relaxing)
 .eh_frame      0xc0618c3c       0x20 lib/floor.o
                                 0x38 (size before relaxing)
 .eh_frame      0xc0618c5c       0x60 lib/exec.o
                                 0x78 (size before relaxing)
 .eh_frame      0xc0618cbc       0x20 lib/exit.o
                                 0x38 (size before relaxing)
 .eh_frame      0xc0618cdc       0x20 lib/unlink.o
                                 0x38 (size before relaxing)
 .eh_frame      0xc0618cfc       0x20 lib/wait.o
                                 0x38 (size before relaxing)
 .eh_frame      0xc0618d1c       0x20 lib/socket_close.o
                                 0x38 (size before relaxing)
 .eh_frame      0xc0618d3c       0x20 lib/socket_read.o
                                 0x38 (size before relaxing)
 .eh_frame      0xc0618d5c       0x20 lib/alloca.o
                                 0x38 (size before relaxing)
 .eh_frame      0xc0618d7c       0x20 lib/calloc.o
                                 0x38 (size before relaxing)
 .eh_frame      0xc0618d9c       0x20 lib/fork.o
                                 0x38 (size before relaxing)
 .eh_frame      0xc0618dbc       0x20 lib/socket_write.o
                                 0x38 (size before relaxing)
 .eh_frame      0xc0618ddc       0x20 lib/getpid.o
                                 0x38 (size before relaxing)
 .eh_frame      0xc0618dfc       0x20 lib/stdlib/atoi.o
                                 0x38 (size before relaxing)
 .eh_frame      0xc0618e1c       0x20 lib/string/strtok.o
                                 0x38 (size before relaxing)
 .eh_frame      0xc0618e3c       0x20 lib/string/strcmp.o
                                 0x38 (size before relaxing)
 .eh_frame      0xc0618e5c       0x20 lib/string/strncmp.o
                                 0x38 (size before relaxing)
 .eh_frame      0xc0618e7c       0x20 lib/string/strpbrk.o
                                 0x38 (size before relaxing)
 .eh_frame      0xc0618e9c       0x20 lib/stdio/read.o
                                 0x38 (size before relaxing)
 .eh_frame      0xc0618ebc       0x20 lib/stdio/perror.o
                                 0x38 (size before relaxing)
 .eh_frame      0xc0618edc       0x20 lib/stdio/sscanf.o
                                 0x38 (size before relaxing)
 .eh_frame      0xc0618efc       0x20 lib/stdio/open.o
                                 0x38 (size before relaxing)
 .eh_frame      0xc0618f1c       0x20 lib/stdio/write.o
                                 0x38 (size before relaxing)
 .eh_frame      0xc0618f3c       0x20 lib/stdio/close.o
                                 0x38 (size before relaxing)
 .eh_frame      0xc0618f5c       0x20 lib/sys/socket.o
                                 0x38 (size before relaxing)
 .eh_frame      0xc0618f7c       0x20 lib/sys/connect.o
                                 0x38 (size before relaxing)
 .eh_frame      0xc0618f9c       0x20 lib/arpa/ntohs.o
                                 0x38 (size before relaxing)
 .eh_frame      0xc0618fbc       0x20 lib/arpa/htonl.o
                                 0x38 (size before relaxing)
 .eh_frame      0xc0618fdc       0x20 lib/arpa/htons.o
                                 0x38 (size before relaxing)
 .eh_frame      0xc0618ffc       0x40 lib/arpa/inet_pton.o
                                 0x58 (size before relaxing)
 .eh_frame      0xc061903c       0x20 lib/arpa/ntohl.o
                                 0x38 (size before relaxing)
 .eh_frame      0xc061905c       0x20 lib/arpa/inet_ntop.o
                                 0x38 (size before relaxing)
 *(.eh_frame.*)

.sframe
 *(.sframe)
 *(.sframe.*)

.gcc_except_table
 *(.gcc_except_table .gcc_except_table.*)

.gnu_extab
 *(.gnu_extab*)

.exception_ranges
 *(.exception_ranges*)
                0xc061a000                        . = DATA_SEGMENT_ALIGN (CONSTANT (MAXPAGESIZE), CONSTANT (COMMONPAGESIZE))

.eh_frame
 *(.eh_frame)
 *(.eh_frame.*)

.sframe
 *(.sframe)
 *(.sframe.*)

.gnu_extab
 *(.gnu_extab)

.gcc_except_table
 *(.gcc_except_table .gcc_except_table.*)

.exception_ranges
 *(.exception_ranges*)

.tdata          0xc061a000        0x0
                [!provide]                        PROVIDE (__tdata_start = .)
 *(.tdata .tdata.* .gnu.linkonce.td.*)

.tbss
 *(.tbss .tbss.* .gnu.linkonce.tb.*)
 *(.tcommon)

.preinit_array  0xc061a000        0x0
                [!provide]                        PROVIDE (__preinit_array_start = .)
 *(.preinit_array)
                [!provide]                        PROVIDE (__preinit_array_end = .)

.init_array     0xc061a000        0x0
                [!provide]                        PROVIDE (__init_array_start = .)
 *(SORT_BY_INIT_PRIORITY(.init_array.*) SORT_BY_INIT_PRIORITY(.ctors.*))
 *(.init_array EXCLUDE_FILE(*crtend?.o *crtend.o *crtbegin?.o *crtbegin.o) .ctors)
                [!provide]                        PROVIDE (__init_array_end = .)

.fini_array     0xc061a000        0x0
                [!provide]                        PROVIDE (__fini_array_start = .)
 *(SORT_BY_INIT_PRIORITY(.fini_array.*) SORT_BY_INIT_PRIORITY(.dtors.*))
 *(.fini_array EXCLUDE_FILE(*crtend?.o *crtend.o *crtbegin?.o *crtbegin.o) .dtors)
                [!provide]                        PROVIDE (__fini_array_end = .)

.ctors
 *crtbegin.o(.ctors)
 *crtbegin?.o(.ctors)
 *(EXCLUDE_FILE(*crtend?.o *crtend.o) .ctors)
 *(SORT_BY_NAME(.ctors.*))
 *(.ctors)

.dtors
 *crtbegin.o(.dtors)
 *crtbegin?.o(.dtors)
 *(EXCLUDE_FILE(*crtend?.o *crtend.o) .dtors)
 *(SORT_BY_NAME(.dtors.*))
 *(.dtors)

.jcr
 *(.jcr)

.data.rel.ro
 *(.data.rel.ro.local* .gnu.linkonce.d.rel.ro.local.*)
 *(.data.rel.ro .data.rel.ro.* .gnu.linkonce.d.rel.ro.*)

.dynamic
 *(.dynamic)

.got            0xc061a000        0x0
 *(.got)
 .got           0xc061a000        0x0 kernel/kernel_sub.o
 *(.igot)
                0xc061a000                        . = DATA_SEGMENT_RELRO_END (., (SIZEOF (.got.plt) >= 0xc)?0xc:0x0)

.got.plt        0xc061a000        0x0
 *(.got.plt)
 .got.plt       0xc061a000        0x0 kernel/kernel_sub.o
 *(.igot.plt)
 .igot.plt      0xc061a000        0x0 kernel/kernel_sub.o

.data           0xc061a000      0xbb4
 *(.data .data.* .gnu.linkonce.d.*)
 .data          0xc061a000        0xf kernel/kernel_sub.o
 *fill*         0xc061a00f        0x1 
 .data          0xc061a010        0xf kernel/kernel.o
 *fill*         0xc061a01f        0x1 
 .data          0xc061a020        0x0 syscall.o
 .data          0xc061a020        0x0 double_link_list.o
 .data          0xc061a020        0x0 kernel_main_old.o
 .data          0xc061a020        0x0 kernel_main.o
 .data          0xc061a020        0x0 protect.o
 .data          0xc061a020        0x0 console.o
 .data          0xc061a020        0x0 process.o
 .data          0xc061a020      0x160 global.o
                0xc061a020                user_task_table
                0xc061a0a0                sys_task_table
                0xc061a164                sys_call_table
 .data          0xc061a180      0x600 keyboard.o
                0xc061a180                keymap
 .data          0xc061a780        0x0 thread.o
 .data          0xc061a780        0x0 my_process.o
 .data          0xc061a780        0x4 network/skbuff.o
 *fill*         0xc061a784       0x1c 
 .data          0xc061a7a0      0x224 network/socket.o
 .data          0xc061a9c4        0x4 network/ip_input.o
 *fill*         0xc061a9c8       0x18 
 .data          0xc061a9e0       0x54 network/udp_sock.o
                0xc061aa00                udp_ops
 .data          0xc061aa34        0x4 network/dst.o
 .data          0xc061aa38        0x4 network/netdev.o
 .data          0xc061aa3c        0x4 network/ip_output.o
 .data          0xc061aa40        0x8 network/tcp.o
 .data          0xc061aa48        0x4 network/sock.o
 .data          0xc061aa4c        0x4 network/tcp_output.o
 .data          0xc061aa50       0x14 network/arp.o
 *fill*         0xc061aa64       0x1c 
 .data          0xc061aa80       0x54 network/tcp_sock.o
                0xc061aaa0                tcp_ops
 .data          0xc061aad4        0xc network/ipc.o
 .data          0xc061aae0        0x4 network/icmpv4.o
 *fill*         0xc061aae4       0x1c 
 .data          0xc061ab00       0x80 network/inet.o
                0xc061ab08                inet
 .data          0xc061ab80        0x4 network/tcp_input.o
 .data          0xc061ab84        0x0 network/task_network.o
 .data          0xc061ab84        0xc network/route.o
 .data          0xc061ab90        0x8 network/udp.o
 .data          0xc061ab98        0x4 network/tcp_data.o
 .data          0xc061ab9c        0x4 network/utils.o
 .data          0xc061aba0        0x0 hd/hd.o
 .data          0xc061aba0        0x0 fs/fs_main.o
 .data          0xc061aba0        0x0 mm/forkexit.o
 .data          0xc061aba0        0x0 mm/exec.o
 .data          0xc061aba0        0x0 mm/main.o
 .data          0xc061aba0        0x0 mem/mem.o
 .data          0xc061aba0        0x0 lib/floor.o
 .data          0xc061aba0        0x0 lib/exec.o
 .data          0xc061aba0        0x0 lib/exit.o
 .data          0xc061aba0        0x0 lib/unlink.o
 .data          0xc061aba0        0x0 lib/wait.o
 .data          0xc061aba0        0x4 lib/socket_close.o
 .data          0xc061aba4        0x4 lib/socket_read.o
 .data          0xc061aba8        0x0 lib/alloca.o
 .data          0xc061aba8        0x0 lib/calloc.o
 .data          0xc061aba8        0x0 lib/fork.o
 .data          0xc061aba8        0x4 lib/socket_write.o
 .data          0xc061abac        0x0 lib/getpid.o
 .data          0xc061abac        0x0 lib/stdlib/atoi.o
 .data          0xc061abac        0x0 lib/string/strtok.o
 .data          0xc061abac        0x0 lib/string/strcmp.o
 .data          0xc061abac        0x0 lib/string/strncmp.o
 .data          0xc061abac        0x0 lib/string/strpbrk.o
 .data          0xc061abac        0x0 lib/stdio/read.o
 .data          0xc061abac        0x0 lib/stdio/perror.o
 .data          0xc061abac        0x0 lib/stdio/sscanf.o
 .data          0xc061abac        0x0 lib/stdio/open.o
 .data          0xc061abac        0x0 lib/stdio/write.o
 .data          0xc061abac        0x0 lib/stdio/close.o
 .data          0xc061abac        0x4 lib/sys/socket.o
 .data          0xc061abb0        0x4 lib/sys/connect.o
 .data          0xc061abb4        0x0 lib/arpa/ntohs.o
 .data          0xc061abb4        0x0 lib/arpa/htonl.o
 .data          0xc061abb4        0x0 lib/arpa/htons.o
 .data          0xc061abb4        0x0 lib/arpa/inet_pton.o
 .data          0xc061abb4        0x0 lib/arpa/ntohl.o
 .data          0xc061abb4        0x0 lib/arpa/inet_ntop.o

.data1
 *(.data1)
                0xc061abb4                        _edata = .
                [!provide]                        PROVIDE (edata = .)
                0xc061abb4                        . = .
                0xc061abb4                        __bss_start = .

.bss            0xc061abc0    0x95628
 *(.dynbss)
 *(.bss .bss.* .gnu.linkonce.b.*)
 .bss           0xc061abc0      0x800 kernel/kernel_sub.o
 .bss           0xc061b3c0      0x800 kernel/kernel.o
 .bss           0xc061bbc0        0x0 double_link_list.o
 .bss           0xc061bbc0        0x0 kernel_main_old.o
 .bss           0xc061bbc0        0x0 kernel_main.o
 .bss           0xc061bbc0        0x0 protect.o
 .bss           0xc061bbc0        0x0 console.o
 .bss           0xc061bbc0        0x0 process.o
 .bss           0xc061bbc0        0x0 global.o
 .bss           0xc061bbc0        0x0 keyboard.o
 .bss           0xc061bbc0        0x0 thread.o
 .bss           0xc061bbc0        0x0 my_process.o
 .bss           0xc061bbc0        0x0 network/skbuff.o
 .bss           0xc061bbc0        0x4 network/socket.o
 .bss           0xc061bbc4        0x0 network/ip_input.o
 .bss           0xc061bbc4        0x4 network/udp_sock.o
 .bss           0xc061bbc8        0x0 network/dst.o
 .bss           0xc061bbc8        0x0 network/netdev.o
 .bss           0xc061bbc8        0x0 network/ip_output.o
 .bss           0xc061bbc8        0x0 network/tcp.o
 .bss           0xc061bbc8        0x0 network/sock.o
 .bss           0xc061bbc8        0x0 network/tcp_output.o
 .bss           0xc061bbc8        0x0 network/arp.o
 .bss           0xc061bbc8        0x0 network/tcp_sock.o
 .bss           0xc061bbc8        0x4 network/ipc.o
 .bss           0xc061bbcc        0x0 network/icmpv4.o
 .bss           0xc061bbcc        0x0 network/inet.o
 .bss           0xc061bbcc        0x0 network/tcp_input.o
 .bss           0xc061bbcc        0x0 network/task_network.o
 .bss           0xc061bbcc        0x0 network/route.o
 .bss           0xc061bbcc        0x0 network/udp.o
 .bss           0xc061bbcc        0x0 network/tcp_data.o
 .bss           0xc061bbcc        0x0 network/utils.o
 .bss           0xc061bbcc        0x0 hd/hd.o
 .bss           0xc061bbcc        0x4 fs/fs_main.o
                0xc061bbcc                c
 .bss           0xc061bbd0        0x0 mm/forkexit.o
 .bss           0xc061bbd0        0x0 mm/exec.o
 .bss           0xc061bbd0        0x0 mm/main.o
 .bss           0xc061bbd0        0x0 mem/mem.o
 .bss           0xc061bbd0        0x0 lib/floor.o
 .bss           0xc061bbd0        0x0 lib/exec.o
 .bss           0xc061bbd0        0x0 lib/exit.o
 .bss           0xc061bbd0        0x0 lib/unlink.o
 .bss           0xc061bbd0        0x0 lib/wait.o
 .bss           0xc061bbd0        0x0 lib/socket_close.o
 .bss           0xc061bbd0        0x0 lib/socket_read.o
 .bss           0xc061bbd0        0x0 lib/alloca.o
 .bss           0xc061bbd0        0x0 lib/calloc.o
 .bss           0xc061bbd0        0x0 lib/fork.o
 .bss           0xc061bbd0        0x0 lib/socket_write.o
 .bss           0xc061bbd0        0x0 lib/getpid.o
 .bss           0xc061bbd0        0x0 lib/stdlib/atoi.o
 .bss           0xc061bbd0        0x4 lib/string/strtok.o
 .bss           0xc061bbd4        0x0 lib/string/strcmp.o
 .bss           0xc061bbd4        0x0 lib/string/strncmp.o
 .bss           0xc061bbd4        0x0 lib/string/strpbrk.o
 .bss           0xc061bbd4        0x0 lib/stdio/read.o
 .bss           0xc061bbd4        0x0 lib/stdio/perror.o
 .bss           0xc061bbd4        0x0 lib/stdio/sscanf.o
 .bss           0xc061bbd4        0x0 lib/stdio/open.o
 .bss           0xc061bbd4        0x0 lib/stdio/write.o
 .bss           0xc061bbd4        0x0 lib/stdio/close.o
 .bss           0xc061bbd4        0x0 lib/sys/socket.o
 .bss           0xc061bbd4        0x0 lib/sys/connect.o
 .bss           0xc061bbd4        0x0 lib/arpa/ntohs.o
 .bss           0xc061bbd4        0x0 lib/arpa/htonl.o
 .bss           0xc061bbd4        0x0 lib/arpa/htons.o
 .bss           0xc061bbd4        0x0 lib/arpa/inet_pton.o
 .bss           0xc061bbd4        0x0 lib/arpa/ntohl.o
 .bss           0xc061bbd4        0x0 lib/arpa/inet_ntop.o
 *(COMMON)
 *fill*         0xc061bbd4        0xc 
 COMMON         0xc061bbe0     0x17b8 double_link_list.o
                0xc061bbe0                current_tty
                0xc061bbe4                is_e0
                0xc061bbe8                idt_ptr
                0xc061bbf0                pid
                0xc061bbf4                KernelVirtualMemory
                0xc061bc00                current_dis_pos
                0xc061bc04                dis_pos
                0xc061bc08                k_reenter
                0xc061bc20                gdt
                0xc061c020                proc_ready_table
                0xc061c024                test_ticks
                0xc061c028                pcaller
                0xc061c040                keyboard_buffer
                0xc061c24c                pcb_list
                0xc061c25c                gdt_index
                0xc061c260                tty_table
                0xc061caa0                tss
                0xc061cb0c                KernelPool
                0xc061cb1c                net_buf
                0xc061cb20                nic_current_page
                0xc061cb24                counter
                0xc061cb28                key_pressed
                0xc061cb2c                fork_pid
                0xc061cb30                is_shift
                0xc061cb31                net_data
                0xc061cb34                gdt_ptr
                0xc061cb40                idt
                0xc061d340                main_thread
                0xc061d348                ticks
                0xc061d350                is_init
                0xc061d354                UserPool
                0xc061d364                all_pcb_list
                0xc061d374                console_table
                0xc061d384                is_disp
                0xc061d388                MAIN_THREAD_PAGE_DIRECTORY
                0xc061d38c                helloStr
 *fill*         0xc061d398        0x8 
 COMMON         0xc061d3a0    0x91ad0 global.o
                0xc061d3a0                proc_stack
                0xc06ad3a0                proc_table
 COMMON         0xc06aee70        0x8 network/netdev.o
                0xc06aee70                loop
                0xc06aee74                netdev
 *fill*         0xc06aee78        0x8 
 COMMON         0xc06aee80      0x440 hd/hd.o
                0xc06aee80                hd_info
                0xc06af0c0                hd_cache
 COMMON         0xc06af2c0      0xe68 fs/fs_main.o
                0xc06af2c0                file_desc_table
                0xc06af6c0                phy_super_block_buf
                0xc06af6c4                phy_fsbuf
                0xc06af6e0                inode_table
                0xc06b00e0                super_block_buf
                0xc06b00e4                fsbuf
                0xc06b0100                root
 *fill*         0xc06b0128       0x18 
 COMMON         0xc06b0140       0xa8 mem/mem.o
                0xc06b0140                kernel_mem_block_decs_array
                0xc06b01e8                        . = ALIGN ((. != 0x0)?0x4:0x1)
                0xc06b01e8                        . = ALIGN (0x4)
                0xc06b01e8                        . = SEGMENT_START ("ldata-segment", .)
                0xc06b01e8                        . = ALIGN (0x4)
                0xc06b01e8                        _end = .
                [!provide]                        PROVIDE (end = .)
                0xc06b01e8                        . = DATA_SEGMENT_END (.)

.stab
 *(.stab)

.stabstr
 *(.stabstr)

.stab.excl
 *(.stab.excl)

.stab.exclstr
 *(.stab.exclstr)

.stab.index
 *(.stab.index)

.stab.indexstr
 *(.stab.indexstr)

.comment        0x00000000       0x2c
 *(.comment)
 .comment       0x00000000       0x2c double_link_list.o
                                 0x2d (size before relaxing)
 .comment       0x0000002c       0x2d kernel_main_old.o
 .comment       0x0000002c       0x2d kernel_main.o
 .comment       0x0000002c       0x2d protect.o
 .comment       0x0000002c       0x2d console.o
 .comment       0x0000002c       0x2d process.o
 .comment       0x0000002c       0x2d global.o
 .comment       0x0000002c       0x2d keyboard.o
 .comment       0x0000002c       0x2d thread.o
 .comment       0x0000002c       0x2d my_process.o
 .comment       0x0000002c       0x2d network/skbuff.o
 .comment       0x0000002c       0x2d network/socket.o
 .comment       0x0000002c       0x2d network/ip_input.o
 .comment       0x0000002c       0x2d network/udp_sock.o
 .comment       0x0000002c       0x2d network/dst.o
 .comment       0x0000002c       0x2d network/netdev.o
 .comment       0x0000002c       0x2d network/ip_output.o
 .comment       0x0000002c       0x2d network/tcp.o
 .comment       0x0000002c       0x2d network/sock.o
 .comment       0x0000002c       0x2d network/tcp_output.o
 .comment       0x0000002c       0x2d network/arp.o
 .comment       0x0000002c       0x2d network/tcp_sock.o
 .comment       0x0000002c       0x2d network/ipc.o
 .comment       0x0000002c       0x2d network/icmpv4.o
 .comment       0x0000002c       0x2d network/inet.o
 .comment       0x0000002c       0x2d network/tcp_input.o
 .comment       0x0000002c       0x2d network/task_network.o
 .comment       0x0000002c       0x2d network/route.o
 .comment       0x0000002c       0x2d network/udp.o
 .comment       0x0000002c       0x2d network/tcp_data.o
 .comment       0x0000002c       0x2d network/utils.o
 .comment       0x0000002c       0x2d hd/hd.o
 .comment       0x0000002c       0x2d fs/fs_main.o
 .comment       0x0000002c       0x2d mm/forkexit.o
 .comment       0x0000002c       0x2d mm/exec.o
 .comment       0x0000002c       0x2d mm/main.o
 .comment       0x0000002c       0x2d mem/mem.o
 .comment       0x0000002c       0x2d lib/floor.o
 .comment       0x0000002c       0x2d lib/exec.o
 .comment       0x0000002c       0x2d lib/exit.o
 .comment       0x0000002c       0x2d lib/unlink.o
 .comment       0x0000002c       0x2d lib/wait.o
 .comment       0x0000002c       0x2d lib/socket_close.o
 .comment       0x0000002c       0x2d lib/socket_read.o
 .comment       0x0000002c       0x2d lib/alloca.o
 .comment       0x0000002c       0x2d lib/calloc.o
 .comment       0x0000002c       0x2d lib/fork.o
 .comment       0x0000002c       0x2d lib/socket_write.o
 .comment       0x0000002c       0x2d lib/getpid.o
 .comment       0x0000002c       0x2d lib/stdlib/atoi.o
 .comment       0x0000002c       0x2d lib/string/strtok.o
 .comment       0x0000002c       0x2d lib/string/strcmp.o
 .comment       0x0000002c       0x2d lib/string/strncmp.o
 .comment       0x0000002c       0x2d lib/string/strpbrk.o
 .comment       0x0000002c       0x2d lib/stdio/read.o
 .comment       0x0000002c       0x2d lib/stdio/perror.o
 .comment       0x0000002c       0x2d lib/stdio/sscanf.o
 .comment       0x0000002c       0x2d lib/stdio/open.o
 .comment       0x0000002c       0x2d lib/stdio/write.o
 .comment       0x0000002c       0x2d lib/stdio/close.o
 .comment       0x0000002c       0x2d lib/sys/socket.o
 .comment       0x0000002c       0x2d lib/sys/connect.o
 .comment       0x0000002c       0x2d lib/arpa/ntohs.o
 .comment       0x0000002c       0x2d lib/arpa/htonl.o
 .comment       0x0000002c       0x2d lib/arpa/htons.o
 .comment       0x0000002c       0x2d lib/arpa/inet_pton.o
 .comment       0x0000002c       0x2d lib/arpa/ntohl.o
 .comment       0x0000002c       0x2d lib/arpa/inet_ntop.o

.gnu.build.attributes
 *(.gnu.build.attributes .gnu.build.attributes.*)

.debug
 *(.debug)

.line
 *(.line)

.debug_srcinfo
 *(.debug_srcinfo)

.debug_sfnames
 *(.debug_sfnames)

.debug_aranges  0x00000000      0x878
 *(.debug_aranges)
 .debug_aranges
                0x00000000       0x20 double_link_list.o
 .debug_aranges
                0x00000020       0x20 kernel_main_old.o
 .debug_aranges
                0x00000040       0x20 kernel_main.o
 .debug_aranges
                0x00000060       0x20 protect.o
 .debug_aranges
                0x00000080       0x20 console.o
 .debug_aranges
                0x000000a0       0x20 process.o
 .debug_aranges
                0x000000c0       0x18 global.o
 .debug_aranges
                0x000000d8       0x20 keyboard.o
 .debug_aranges
                0x000000f8       0x20 thread.o
 .debug_aranges
                0x00000118       0x20 my_process.o
 .debug_aranges
                0x00000138       0x20 network/skbuff.o
 .debug_aranges
                0x00000158       0x20 network/socket.o
 .debug_aranges
                0x00000178       0x20 network/ip_input.o
 .debug_aranges
                0x00000198       0x20 network/udp_sock.o
 .debug_aranges
                0x000001b8       0x20 network/dst.o
 .debug_aranges
                0x000001d8       0x20 network/netdev.o
 .debug_aranges
                0x000001f8       0x20 network/ip_output.o
 .debug_aranges
                0x00000218       0x20 network/tcp.o
 .debug_aranges
                0x00000238       0x20 network/sock.o
 .debug_aranges
                0x00000258       0x20 network/tcp_output.o
 .debug_aranges
                0x00000278       0x20 network/arp.o
 .debug_aranges
                0x00000298       0x20 network/tcp_sock.o
 .debug_aranges
                0x000002b8       0x20 network/ipc.o
 .debug_aranges
                0x000002d8       0x20 network/icmpv4.o
 .debug_aranges
                0x000002f8       0x20 network/inet.o
 .debug_aranges
                0x00000318       0x20 network/tcp_input.o
 .debug_aranges
                0x00000338       0x20 network/task_network.o
 .debug_aranges
                0x00000358       0x20 network/route.o
 .debug_aranges
                0x00000378       0x20 network/udp.o
 .debug_aranges
                0x00000398       0x20 network/tcp_data.o
 .debug_aranges
                0x000003b8       0x20 network/utils.o
 .debug_aranges
                0x000003d8       0x20 hd/hd.o
 .debug_aranges
                0x000003f8       0x20 fs/fs_main.o
 .debug_aranges
                0x00000418       0x20 mm/forkexit.o
 .debug_aranges
                0x00000438       0x20 mm/exec.o
 .debug_aranges
                0x00000458       0x20 mm/main.o
 .debug_aranges
                0x00000478       0x20 mem/mem.o
 .debug_aranges
                0x00000498       0x20 lib/floor.o
 .debug_aranges
                0x000004b8       0x20 lib/exec.o
 .debug_aranges
                0x000004d8       0x20 lib/exit.o
 .debug_aranges
                0x000004f8       0x20 lib/unlink.o
 .debug_aranges
                0x00000518       0x20 lib/wait.o
 .debug_aranges
                0x00000538       0x20 lib/socket_close.o
 .debug_aranges
                0x00000558       0x20 lib/socket_read.o
 .debug_aranges
                0x00000578       0x20 lib/alloca.o
 .debug_aranges
                0x00000598       0x20 lib/calloc.o
 .debug_aranges
                0x000005b8       0x20 lib/fork.o
 .debug_aranges
                0x000005d8       0x20 lib/socket_write.o
 .debug_aranges
                0x000005f8       0x20 lib/getpid.o
 .debug_aranges
                0x00000618       0x20 lib/stdlib/atoi.o
 .debug_aranges
                0x00000638       0x20 lib/string/strtok.o
 .debug_aranges
                0x00000658       0x20 lib/string/strcmp.o
 .debug_aranges
                0x00000678       0x20 lib/string/strncmp.o
 .debug_aranges
                0x00000698       0x20 lib/string/strpbrk.o
 .debug_aranges
                0x000006b8       0x20 lib/stdio/read.o
 .debug_aranges
                0x000006d8       0x20 lib/stdio/perror.o
 .debug_aranges
                0x000006f8       0x20 lib/stdio/sscanf.o
 .debug_aranges
                0x00000718       0x20 lib/stdio/open.o
 .debug_aranges
                0x00000738       0x20 lib/stdio/write.o
 .debug_aranges
                0x00000758       0x20 lib/stdio/close.o
 .debug_aranges
                0x00000778       0x20 lib/sys/socket.o
 .debug_aranges
                0x00000798       0x20 lib/sys/connect.o
 .debug_aranges
                0x000007b8       0x20 lib/arpa/ntohs.o
 .debug_aranges
                0x000007d8       0x20 lib/arpa/htonl.o
 .debug_aranges
                0x000007f8       0x20 lib/arpa/htons.o
 .debug_aranges
                0x00000818       0x20 lib/arpa/inet_pton.o
 .debug_aranges
                0x00000838       0x20 lib/arpa/ntohl.o
 .debug_aranges
                0x00000858       0x20 lib/arpa/inet_ntop.o

.debug_pubnames
 *(.debug_pubnames)

.debug_info     0x00000000    0x41fc2
 *(.debug_info .gnu.linkonce.wi.*)
 .debug_info    0x00000000     0x1042 double_link_list.o
 .debug_info    0x00001042     0x2861 kernel_main_old.o
 .debug_info    0x000038a3     0x1185 kernel_main.o
 .debug_info    0x00004a28     0x11b5 protect.o
 .debug_info    0x00005bdd     0x128a console.o
 .debug_info    0x00006e67      0xf62 process.o
 .debug_info    0x00007dc9      0xe8a global.o
 .debug_info    0x00008c53      0xfde keyboard.o
 .debug_info    0x00009c31     0x1069 thread.o
 .debug_info    0x0000ac9a     0x149d my_process.o
 .debug_info    0x0000c137      0x3a7 network/skbuff.o
 .debug_info    0x0000c4de     0x1ba7 network/socket.o
 .debug_info    0x0000e085     0x1aab network/ip_input.o
 .debug_info    0x0000fb30     0x1edd network/udp_sock.o
 .debug_info    0x00011a0d     0x11ea network/dst.o
 .debug_info    0x00012bf7     0x1776 network/netdev.o
 .debug_info    0x0001436d     0x1745 network/ip_output.o
 .debug_info    0x00015ab2     0x1e0e network/tcp.o
 .debug_info    0x000178c0     0x1860 network/sock.o
 .debug_info    0x00019120     0x2329 network/tcp_output.o
 .debug_info    0x0001b449      0x76e network/arp.o
 .debug_info    0x0001bbb7     0x21ff network/tcp_sock.o
 .debug_info    0x0001ddb6     0x1c9e network/ipc.o
 .debug_info    0x0001fa54     0x1909 network/icmpv4.o
 .debug_info    0x0002135d     0x1a0c network/inet.o
 .debug_info    0x00022d69     0x2111 network/tcp_input.o
 .debug_info    0x00024e7a      0x689 network/task_network.o
 .debug_info    0x00025503     0x1282 network/route.o
 .debug_info    0x00026785     0x1b0e network/udp.o
 .debug_info    0x00028293     0x1d77 network/tcp_data.o
 .debug_info    0x0002a00a      0x367 network/utils.o
 .debug_info    0x0002a371     0x17f9 hd/hd.o
 .debug_info    0x0002bb6a     0x1f3b fs/fs_main.o
 .debug_info    0x0002daa5      0xf9e mm/forkexit.o
 .debug_info    0x0002ea43     0x11da mm/exec.o
 .debug_info    0x0002fc1d      0xdcc mm/main.o
 .debug_info    0x000309e9     0x1d5e mem/mem.o
 .debug_info    0x00032747       0x6b lib/floor.o
 .debug_info    0x000327b2      0xf40 lib/exec.o
 .debug_info    0x000336f2      0xdb3 lib/exit.o
 .debug_info    0x000344a5      0xe91 lib/unlink.o
 .debug_info    0x00035336      0xdc1 lib/wait.o
 .debug_info    0x000360f7      0xed8 lib/socket_close.o
 .debug_info    0x00036fcf      0xfe0 lib/socket_read.o
 .debug_info    0x00037faf       0xb6 lib/alloca.o
 .debug_info    0x00038065      0xeb9 lib/calloc.o
 .debug_info    0x00038f1e      0xda8 lib/fork.o
 .debug_info    0x00039cc6      0xfe5 lib/socket_write.o
 .debug_info    0x0003acab      0xda8 lib/getpid.o
 .debug_info    0x0003ba53       0xc9 lib/stdlib/atoi.o
 .debug_info    0x0003bb1c       0xae lib/string/strtok.o
 .debug_info    0x0003bbca       0xc1 lib/string/strcmp.o
 .debug_info    0x0003bc8b      0x110 lib/string/strncmp.o
 .debug_info    0x0003bd9b       0xcf lib/string/strpbrk.o
 .debug_info    0x0003be6a      0xea1 lib/stdio/read.o
 .debug_info    0x0003cd0b       0x5c lib/stdio/perror.o
 .debug_info    0x0003cd67      0x20e lib/stdio/sscanf.o
 .debug_info    0x0003cf75      0xe02 lib/stdio/open.o
 .debug_info    0x0003dd77      0xe2f lib/stdio/write.o
 .debug_info    0x0003eba6      0xdb6 lib/stdio/close.o
 .debug_info    0x0003f95c      0xfd7 lib/sys/socket.o
 .debug_info    0x00040933      0xfbf lib/sys/connect.o
 .debug_info    0x000418f2       0xa8 lib/arpa/ntohs.o
 .debug_info    0x0004199a       0xcb lib/arpa/htonl.o
 .debug_info    0x00041a65       0xa8 lib/arpa/htons.o
 .debug_info    0x00041b0d      0x260 lib/arpa/inet_pton.o
 .debug_info    0x00041d6d       0xcb lib/arpa/ntohl.o
 .debug_info    0x00041e38      0x18a lib/arpa/inet_ntop.o

.debug_abbrev   0x00000000     0x8235
 *(.debug_abbrev)
 .debug_abbrev  0x00000000      0x216 double_link_list.o
 .debug_abbrev  0x00000216      0x43a kernel_main_old.o
 .debug_abbrev  0x00000650      0x25e kernel_main.o
 .debug_abbrev  0x000008ae      0x227 protect.o
 .debug_abbrev  0x00000ad5      0x2ac console.o
 .debug_abbrev  0x00000d81      0x1e0 process.o
 .debug_abbrev  0x00000f61      0x157 global.o
 .debug_abbrev  0x000010b8      0x1fb keyboard.o
 .debug_abbrev  0x000012b3      0x222 thread.o
 .debug_abbrev  0x000014d5      0x260 my_process.o
 .debug_abbrev  0x00001735      0x17f network/skbuff.o
 .debug_abbrev  0x000018b4      0x327 network/socket.o
 .debug_abbrev  0x00001bdb      0x2d1 network/ip_input.o
 .debug_abbrev  0x00001eac      0x3b1 network/udp_sock.o
 .debug_abbrev  0x0000225d      0x204 network/dst.o
 .debug_abbrev  0x00002461      0x2f4 network/netdev.o
 .debug_abbrev  0x00002755      0x213 network/ip_output.o
 .debug_abbrev  0x00002968      0x332 network/tcp.o
 .debug_abbrev  0x00002c9a      0x273 network/sock.o
 .debug_abbrev  0x00002f0d      0x39b network/tcp_output.o
 .debug_abbrev  0x000032a8      0x210 network/arp.o
 .debug_abbrev  0x000034b8      0x3e6 network/tcp_sock.o
 .debug_abbrev  0x0000389e      0x2ee network/ipc.o
 .debug_abbrev  0x00003b8c      0x236 network/icmpv4.o
 .debug_abbrev  0x00003dc2      0x24b network/inet.o
 .debug_abbrev  0x0000400d      0x355 network/tcp_input.o
 .debug_abbrev  0x00004362      0x16b network/task_network.o
 .debug_abbrev  0x000044cd      0x24e network/route.o
 .debug_abbrev  0x0000471b      0x2d3 network/udp.o
 .debug_abbrev  0x000049ee      0x2a6 network/tcp_data.o
 .debug_abbrev  0x00004c94      0x17a network/utils.o
 .debug_abbrev  0x00004e0e      0x2e3 hd/hd.o
 .debug_abbrev  0x000050f1      0x2ef fs/fs_main.o
 .debug_abbrev  0x000053e0      0x204 mm/forkexit.o
 .debug_abbrev  0x000055e4      0x1c4 mm/exec.o
 .debug_abbrev  0x000057a8      0x208 mm/main.o
 .debug_abbrev  0x000059b0      0x330 mem/mem.o
 .debug_abbrev  0x00005ce0       0x6a lib/floor.o
 .debug_abbrev  0x00005d4a      0x1e8 lib/exec.o
 .debug_abbrev  0x00005f32      0x19b lib/exit.o
 .debug_abbrev  0x000060cd      0x193 lib/unlink.o
 .debug_abbrev  0x00006260      0x19f lib/wait.o
 .debug_abbrev  0x000063ff      0x1c5 lib/socket_close.o
 .debug_abbrev  0x000065c4      0x1dd lib/socket_read.o
 .debug_abbrev  0x000067a1       0xcd lib/alloca.o
 .debug_abbrev  0x0000686e      0x191 lib/calloc.o
 .debug_abbrev  0x000069ff      0x18a lib/fork.o
 .debug_abbrev  0x00006b89      0x1db lib/socket_write.o
 .debug_abbrev  0x00006d64      0x18a lib/getpid.o
 .debug_abbrev  0x00006eee       0x94 lib/stdlib/atoi.o
 .debug_abbrev  0x00006f82       0x91 lib/string/strtok.o
 .debug_abbrev  0x00007013       0x94 lib/string/strcmp.o
 .debug_abbrev  0x000070a7       0xbe lib/string/strncmp.o
 .debug_abbrev  0x00007165       0xa5 lib/string/strpbrk.o
 .debug_abbrev  0x0000720a      0x1ef lib/stdio/read.o
 .debug_abbrev  0x000073f9       0x5c lib/stdio/perror.o
 .debug_abbrev  0x00007455       0xdd lib/stdio/sscanf.o
 .debug_abbrev  0x00007532      0x1c5 lib/stdio/open.o
 .debug_abbrev  0x000076f7      0x1db lib/stdio/write.o
 .debug_abbrev  0x000078d2      0x19d lib/stdio/close.o
 .debug_abbrev  0x00007a6f      0x1cc lib/sys/socket.o
 .debug_abbrev  0x00007c3b      0x1cc lib/sys/connect.o
 .debug_abbrev  0x00007e07       0x6c lib/arpa/ntohs.o
 .debug_abbrev  0x00007e73       0xa5 lib/arpa/htonl.o
 .debug_abbrev  0x00007f18       0x6c lib/arpa/htons.o
 .debug_abbrev  0x00007f84      0x116 lib/arpa/inet_pton.o
 .debug_abbrev  0x0000809a       0xa5 lib/arpa/ntohl.o
 .debug_abbrev  0x0000813f       0xf6 lib/arpa/inet_ntop.o

.debug_line     0x00000000     0x9f2b
 *(.debug_line .debug_line.* .debug_line_end)
 .debug_line    0x00000000      0x217 double_link_list.o
 .debug_line    0x00000217      0xe2f kernel_main_old.o
 .debug_line    0x00001046      0x250 kernel_main.o
 .debug_line    0x00001296      0x1ff protect.o
 .debug_line    0x00001495      0x54e console.o
 .debug_line    0x000019e3      0x1ba process.o
 .debug_line    0x00001b9d       0x95 global.o
 .debug_line    0x00001c32      0x296 keyboard.o
 .debug_line    0x00001ec8      0x145 thread.o
 .debug_line    0x0000200d      0x33b my_process.o
 .debug_line    0x00002348      0x129 network/skbuff.o
 .debug_line    0x00002471      0x3a6 network/socket.o
 .debug_line    0x00002817      0x276 network/ip_input.o
 .debug_line    0x00002a8d      0x4b2 network/udp_sock.o
 .debug_line    0x00002f3f      0x15f network/dst.o
 .debug_line    0x0000309e      0x3fe network/netdev.o
 .debug_line    0x0000349c      0x1ff network/ip_output.o
 .debug_line    0x0000369b      0x2f5 network/tcp.o
 .debug_line    0x00003990      0x222 network/sock.o
 .debug_line    0x00003bb2      0x58b network/tcp_output.o
 .debug_line    0x0000413d      0x354 network/arp.o
 .debug_line    0x00004491      0x57d network/tcp_sock.o
 .debug_line    0x00004a0e      0x5d9 network/ipc.o
 .debug_line    0x00004fe7      0x226 network/icmpv4.o
 .debug_line    0x0000520d      0x30e network/inet.o
 .debug_line    0x0000551b      0x65a network/tcp_input.o
 .debug_line    0x00005b75       0xe6 network/task_network.o
 .debug_line    0x00005c5b      0x209 network/route.o
 .debug_line    0x00005e64      0x2ec network/udp.o
 .debug_line    0x00006150      0x3e9 network/tcp_data.o
 .debug_line    0x00006539      0x13c network/utils.o
 .debug_line    0x00006675      0x62f hd/hd.o
 .debug_line    0x00006ca4      0xc25 fs/fs_main.o
 .debug_line    0x000078c9      0x174 mm/forkexit.o
 .debug_line    0x00007a3d      0x20c mm/exec.o
 .debug_line    0x00007c49       0xec mm/main.o
 .debug_line    0x00007d35      0x778 mem/mem.o
 .debug_line    0x000084ad       0x5a lib/floor.o
 .debug_line    0x00008507      0x18b lib/exec.o
 .debug_line    0x00008692       0xa0 lib/exit.o
 .debug_line    0x00008732       0xc0 lib/unlink.o
 .debug_line    0x000087f2       0xb7 lib/wait.o
 .debug_line    0x000088a9      0x11c lib/socket_close.o
 .debug_line    0x000089c5      0x15c lib/socket_read.o
 .debug_line    0x00008b21       0x5f lib/alloca.o
 .debug_line    0x00008b80       0xe3 lib/calloc.o
 .debug_line    0x00008c63       0xa5 lib/fork.o
 .debug_line    0x00008d08      0x15f lib/socket_write.o
 .debug_line    0x00008e67       0xa0 lib/getpid.o
 .debug_line    0x00008f07       0xad lib/stdlib/atoi.o
 .debug_line    0x00008fb4       0x6e lib/string/strtok.o
 .debug_line    0x00009022       0x9c lib/string/strcmp.o
 .debug_line    0x000090be       0xcc lib/string/strncmp.o
 .debug_line    0x0000918a       0xb0 lib/string/strpbrk.o
 .debug_line    0x0000923a      0x15b lib/stdio/read.o
 .debug_line    0x00009395       0x48 lib/stdio/perror.o
 .debug_line    0x000093dd      0x1d2 lib/stdio/sscanf.o
 .debug_line    0x000095af       0xc3 lib/stdio/open.o
 .debug_line    0x00009672       0xc2 lib/stdio/write.o
 .debug_line    0x00009734       0xb3 lib/stdio/close.o
 .debug_line    0x000097e7      0x165 lib/sys/socket.o
 .debug_line    0x0000994c      0x147 lib/sys/connect.o
 .debug_line    0x00009a93       0x6c lib/arpa/ntohs.o
 .debug_line    0x00009aff       0xc1 lib/arpa/htonl.o
 .debug_line    0x00009bc0       0x6c lib/arpa/htons.o
 .debug_line    0x00009c2c      0x167 lib/arpa/inet_pton.o
 .debug_line    0x00009d93       0xc1 lib/arpa/ntohl.o
 .debug_line    0x00009e54       0xd7 lib/arpa/inet_ntop.o

.debug_frame
 *(.debug_frame)

.debug_str      0x00000000     0x3791
 *(.debug_str)
 .debug_str     0x00000000     0x3791 double_link_list.o
                                0x6dd (size before relaxing)
 .debug_str     0x00003791      0xb86 kernel_main_old.o
 .debug_str     0x00003791      0x75e kernel_main.o
 .debug_str     0x00003791      0x766 protect.o
 .debug_str     0x00003791      0x75a console.o
 .debug_str     0x00003791      0x645 process.o
 .debug_str     0x00003791      0x60b global.o
 .debug_str     0x00003791      0x697 keyboard.o
 .debug_str     0x00003791      0x712 thread.o
 .debug_str     0x00003791      0x8f9 my_process.o
 .debug_str     0x00003791      0x1d8 network/skbuff.o
 .debug_str     0x00003791      0x923 network/socket.o
 .debug_str     0x00003791      0x996 network/ip_input.o
 .debug_str     0x00003791      0xa6c network/udp_sock.o
 .debug_str     0x00003791      0x71d network/dst.o
 .debug_str     0x00003791      0x895 network/netdev.o
 .debug_str     0x00003791      0x851 network/ip_output.o
 .debug_str     0x00003791      0xb28 network/tcp.o
 .debug_str     0x00003791      0x8b1 network/sock.o
 .debug_str     0x00003791      0xc18 network/tcp_output.o
 .debug_str     0x00003791      0x2f6 network/arp.o
 .debug_str     0x00003791      0xcbb network/tcp_sock.o
 .debug_str     0x00003791      0x8ed network/ipc.o
 .debug_str     0x00003791      0x915 network/icmpv4.o
 .debug_str     0x00003791      0x8e2 network/inet.o
 .debug_str     0x00003791      0xb88 network/tcp_input.o
 .debug_str     0x00003791      0x2a1 network/task_network.o
 .debug_str     0x00003791      0x73e network/route.o
 .debug_str     0x00003791      0x948 network/udp.o
 .debug_str     0x00003791      0xa44 network/tcp_data.o
 .debug_str     0x00003791      0x1b8 network/utils.o
 .debug_str     0x00003791      0x914 hd/hd.o
 .debug_str     0x00003791      0xaf5 fs/fs_main.o
 .debug_str     0x00003791      0x612 mm/forkexit.o
 .debug_str     0x00003791      0x868 mm/exec.o
 .debug_str     0x00003791      0x593 mm/main.o
 .debug_str     0x00003791      0xab9 mem/mem.o
 .debug_str     0x00003791       0xa2 lib/floor.o
 .debug_str     0x00003791      0x627 lib/exec.o
 .debug_str     0x00003791      0x5a0 lib/exit.o
 .debug_str     0x00003791      0x61f lib/unlink.o
 .debug_str     0x00003791      0x5a0 lib/wait.o
 .debug_str     0x00003791      0x645 lib/socket_close.o
 .debug_str     0x00003791      0x6c1 lib/socket_read.o
 .debug_str     0x00003791       0xce lib/alloca.o
 .debug_str     0x00003791      0x62c lib/calloc.o
 .debug_str     0x00003791      0x599 lib/fork.o
 .debug_str     0x00003791      0x6c4 lib/socket_write.o
 .debug_str     0x00003791      0x59d lib/getpid.o
 .debug_str     0x00003791       0xad lib/stdlib/atoi.o
 .debug_str     0x00003791       0xb9 lib/string/strtok.o
 .debug_str     0x00003791       0xb1 lib/string/strcmp.o
 .debug_str     0x00003791       0xba lib/string/strncmp.o
 .debug_str     0x00003791       0xc1 lib/string/strpbrk.o
 .debug_str     0x00003791      0x617 lib/stdio/read.o
 .debug_str     0x00003791       0x99 lib/stdio/perror.o
 .debug_str     0x00003791      0x102 lib/stdio/sscanf.o
 .debug_str     0x00003791      0x5de lib/stdio/open.o
 .debug_str     0x00003791      0x5db lib/stdio/write.o
 .debug_str     0x00003791      0x5a6 lib/stdio/close.o
 .debug_str     0x00003791      0x6aa lib/sys/socket.o
 .debug_str     0x00003791      0x6b4 lib/sys/connect.o
 .debug_str     0x00003791      0x101 lib/arpa/ntohs.o
 .debug_str     0x00003791       0xf4 lib/arpa/htonl.o
 .debug_str     0x00003791      0x102 lib/arpa/htons.o
 .debug_str     0x00003791      0x14c lib/arpa/inet_pton.o
 .debug_str     0x00003791       0xf3 lib/arpa/ntohl.o
 .debug_str     0x00003791      0x10f lib/arpa/inet_ntop.o

.debug_loc
 *(.debug_loc)

.debug_macinfo
 *(.debug_macinfo)

.debug_weaknames
 *(.debug_weaknames)

.debug_funcnames
 *(.debug_funcnames)

.debug_typenames
 *(.debug_typenames)

.debug_varnames
 *(.debug_varnames)

.debug_pubtypes
 *(.debug_pubtypes)

.debug_ranges   0x00000000       0x90
 *(.debug_ranges)
 .debug_ranges  0x00000000       0x30 kernel_main_old.o
 .debug_ranges  0x00000030       0x48 hd/hd.o
 .debug_ranges  0x00000078       0x18 mm/exec.o

.debug_addr
 *(.debug_addr)

.debug_line_str
 *(.debug_line_str)

.debug_loclists
 *(.debug_loclists)

.debug_macro
 *(.debug_macro)

.debug_names
 *(.debug_names)

.debug_rnglists
 *(.debug_rnglists)

.debug_str_offsets
 *(.debug_str_offsets)

.debug_sup
 *(.debug_sup)

.gnu.attributes
 *(.gnu.attributes)

/DISCARD/
 *(.note.GNU-stack)
 *(.gnu_debuglink)
 *(.gnu.lto_*)
OUTPUT(kernel.bin elf32-i386)
