
Merging program properties

Removed property 0xc0010001 to merge double_link_list.o (0x1) and kernel/kernel_sub.o (not found)
Removed property 0xc0010002 to merge double_link_list.o (0x0) and kernel/kernel_sub.o (not found)
Removed property 0xc0010001 to merge double_link_list.o (not found) and global.o (0x1)
Removed property 0xc0010002 to merge double_link_list.o (not found) and global.o (0x0)
Removed property 0xc0010001 to merge double_link_list.o (not found) and kernel_main_old.o (0x1)
Removed property 0xc0010002 to merge double_link_list.o (not found) and kernel_main_old.o (0x1)
Removed property 0xc0010001 to merge double_link_list.o (not found) and kernel_main.o (0x1)
Removed property 0xc0010002 to merge double_link_list.o (not found) and kernel_main.o (0x0)
Removed property 0xc0010001 to merge double_link_list.o (not found) and protect.o (0x1)
Removed property 0xc0010002 to merge double_link_list.o (not found) and protect.o (0x0)
Removed property 0xc0010001 to merge double_link_list.o (not found) and console.o (0x1)
Removed property 0xc0010002 to merge double_link_list.o (not found) and console.o (0x1)
Removed property 0xc0010001 to merge double_link_list.o (not found) and process.o (0x1)
Removed property 0xc0010002 to merge double_link_list.o (not found) and process.o (0x0)
Removed property 0xc0010001 to merge double_link_list.o (not found) and keyboard.o (0x1)
Removed property 0xc0010002 to merge double_link_list.o (not found) and keyboard.o (0x0)
Removed property 0xc0010001 to merge double_link_list.o (not found) and thread.o (0x1)
Removed property 0xc0010002 to merge double_link_list.o (not found) and thread.o (0x0)
Removed property 0xc0010001 to merge double_link_list.o (not found) and my_process.o (0x1)
Removed property 0xc0010002 to merge double_link_list.o (not found) and my_process.o (0x1)
Removed property 0xc0010001 to merge double_link_list.o (not found) and network/socket.o (0x1)
Removed property 0xc0010002 to merge double_link_list.o (not found) and network/socket.o (0x0)
Removed property 0xc0010001 to merge double_link_list.o (not found) and network/ip_input.o (0x1)
Removed property 0xc0010002 to merge double_link_list.o (not found) and network/ip_input.o (0x0)
Removed property 0xc0010001 to merge double_link_list.o (not found) and network/udp_sock.o (0x1)
Removed property 0xc0010002 to merge double_link_list.o (not found) and network/udp_sock.o (0x0)
Removed property 0xc0010001 to merge double_link_list.o (not found) and network/dst.o (0x1)
Removed property 0xc0010002 to merge double_link_list.o (not found) and network/dst.o (0x0)
Removed property 0xc0010001 to merge double_link_list.o (not found) and network/netdev.o (0x1)
Removed property 0xc0010002 to merge double_link_list.o (not found) and network/netdev.o (0x0)
Removed property 0xc0010001 to merge double_link_list.o (not found) and network/ip_output.o (0x1)
Removed property 0xc0010002 to merge double_link_list.o (not found) and network/ip_output.o (0x0)
Removed property 0xc0010001 to merge double_link_list.o (not found) and network/tcp.o (0x1)
Removed property 0xc0010002 to merge double_link_list.o (not found) and network/tcp.o (0x0)
Removed property 0xc0010001 to merge double_link_list.o (not found) and network/sock.o (0x1)
Removed property 0xc0010002 to merge double_link_list.o (not found) and network/sock.o (0x0)
Removed property 0xc0010001 to merge double_link_list.o (not found) and network/tcp_output.o (0x1)
Removed property 0xc0010002 to merge double_link_list.o (not found) and network/tcp_output.o (0x1)
Removed property 0xc0010001 to merge double_link_list.o (not found) and network/arp.o (0x1)
Removed property 0xc0010002 to merge double_link_list.o (not found) and network/arp.o (0x0)
Removed property 0xc0010001 to merge double_link_list.o (not found) and network/tcp_sock.o (0x1)
Removed property 0xc0010002 to merge double_link_list.o (not found) and network/tcp_sock.o (0x0)
Removed property 0xc0010001 to merge double_link_list.o (not found) and network/ipc.o (0x1)
Removed property 0xc0010002 to merge double_link_list.o (not found) and network/ipc.o (0x1)
Removed property 0xc0010001 to merge double_link_list.o (not found) and network/icmpv4.o (0x1)
Removed property 0xc0010002 to merge double_link_list.o (not found) and network/icmpv4.o (0x0)
Removed property 0xc0010001 to merge double_link_list.o (not found) and network/inet.o (0x1)
Removed property 0xc0010002 to merge double_link_list.o (not found) and network/inet.o (0x0)
Removed property 0xc0010001 to merge double_link_list.o (not found) and network/skbuff.o (0x1)
Removed property 0xc0010002 to merge double_link_list.o (not found) and network/skbuff.o (0x0)
Removed property 0xc0010001 to merge double_link_list.o (not found) and network/tcp_input.o (0x1)
Removed property 0xc0010002 to merge double_link_list.o (not found) and network/tcp_input.o (0x0)
Removed property 0xc0010001 to merge double_link_list.o (not found) and network/task_network.o (0x1)
[...]
Memory Configuration

Name             Origin             Length             Attributes
*default*        0x00000000         0xffffffff

Linker script and memory map

Address of section .text set to 0xc0600000
LOAD kernel/kernel_sub.o
LOAD kernel/kernel.o
LOAD switch_to.o
LOAD string.o
LOAD syscall.o
LOAD hd/hd_rdwt.o
LOAD network/ne2000.o
LOAD double_link_list.o
LOAD global.o
LOAD kernel_main_old.o
LOAD kernel_main.o
LOAD protect.o
LOAD console.o
LOAD process.o
LOAD keyboard.o
LOAD thread.o
LOAD my_process.o
LOAD network/socket.o
LOAD network/ip_input.o
LOAD network/udp_sock.o
LOAD network/dst.o
LOAD network/netdev.o
LOAD network/ip_output.o
LOAD network/tcp.o
LOAD network/sock.o
LOAD network/tcp_output.o
LOAD network/arp.o
LOAD network/tcp_sock.o
LOAD network/ipc.o
LOAD network/icmpv4.o
LOAD network/inet.o
LOAD network/skbuff.o
LOAD network/tcp_input.o
LOAD network/task_network.o
LOAD network/route.o
LOAD network/udp.o
LOAD network/tcp_data.o
LOAD network/utils.o
LOAD hd/hd.o
LOAD fs/fs_main.o
LOAD mm/forkexit.o
LOAD mm/exec.o
LOAD mm/main.o
LOAD mem/mem.o
LOAD lib/floor.o
LOAD lib/exec.o
LOAD lib/exit.o
LOAD lib/unlink.o
LOAD lib/wait.o
LOAD lib/socket_close.o
LOAD lib/socket_read.o
LOAD lib/calloc.o
LOAD lib/alloca.o
LOAD lib/fork.o
LOAD lib/socket_write.o
LOAD lib/getpid.o
LOAD lib/stdlib/atoi.o
LOAD lib/string/strtok.o
LOAD lib/string/strcmp.o
LOAD lib/string/strncmp.o
LOAD lib/string/strpbrk.o
LOAD lib/stdio/read.o
LOAD lib/stdio/perror.o
LOAD lib/stdio/sscanf.o
LOAD lib/stdio/open.o
LOAD lib/stdio/write.o
LOAD lib/stdio/close.o
LOAD lib/sys/socket.o
LOAD lib/sys/connect.o
LOAD lib/arpa/ntohs.o
LOAD lib/arpa/htonl.o
LOAD lib/arpa/htons.o
LOAD lib/arpa/inet_pton.o
LOAD lib/arpa/ntohl.o
LOAD lib/arpa/inet_ntop.o
                [!provide]                        PROVIDE (__executable_start = SEGMENT_START ("text-segment", 0x8048000))
                0x080480d4                        . = (SEGMENT_START ("text-segment", 0x8048000) + SIZEOF_HEADERS)

.interp
 *(.interp)

.note.gnu.build-id
 *(.note.gnu.build-id)

.hash
 *(.hash)

.gnu.hash
 *(.gnu.hash)

.dynsym
 *(.dynsym)

.dynstr
 *(.dynstr)

.gnu.version
 *(.gnu.version)

.gnu.version_d
 *(.gnu.version_d)

.gnu.version_r
 *(.gnu.version_r)

.rel.dyn        0x080480d4        0x0
 *(.rel.init)
 *(.rel.text .rel.text.* .rel.gnu.linkonce.t.*)
 .rel.text      0x080480d4        0x0 kernel/kernel_sub.o
 *(.rel.fini)
 *(.rel.rodata .rel.rodata.* .rel.gnu.linkonce.r.*)
 *(.rel.data.rel.ro .rel.data.rel.ro.* .rel.gnu.linkonce.d.rel.ro.*)
 *(.rel.data .rel.data.* .rel.gnu.linkonce.d.*)
 *(.rel.tdata .rel.tdata.* .rel.gnu.linkonce.td.*)
 *(.rel.tbss .rel.tbss.* .rel.gnu.linkonce.tb.*)
 *(.rel.ctors)
 *(.rel.dtors)
 *(.rel.got)
 .rel.got       0x080480d4        0x0 kernel/kernel_sub.o
 *(.rel.bss .rel.bss.* .rel.gnu.linkonce.b.*)
 *(.rel.ifunc)

.rel.plt        0x080480d4        0x0
 *(.rel.plt)
                [!provide]                        PROVIDE (__rel_iplt_start = .)
 *(.rel.iplt)
 .rel.iplt      0x080480d4        0x0 kernel/kernel_sub.o
                [!provide]                        PROVIDE (__rel_iplt_end = .)

.relr.dyn
 *(.relr.dyn)
                0x08049000                        . = ALIGN (CONSTANT (MAXPAGESIZE))

.init
 *(SORT_NONE(.init))

.plt            0x08049000        0x0
 *(.plt)
 *(.iplt)
 .iplt          0x08049000        0x0 kernel/kernel_sub.o

.plt.got
 *(.plt.got)

.plt.sec
 *(.plt.sec)

.text           0xc0600000    0x1276c
 *(.text.unlikely .text.*_unlikely .text.unlikely.*)
 *(.text.exit .text.exit.*)
 *(.text.startup .text.startup.*)
 *(.text.hot .text.hot.*)
 *(SORT_BY_NAME(.text.sorted.*))
 *(.text .stub .text.* .gnu.linkonce.t.*)
 .text          0xc0600000       0x74 kernel/kernel_sub.o
                0xc0600000                _start
 *fill*         0xc0600074        0xc 
 .text          0xc0600080      0x3d5 kernel/kernel.o
                0xc0600080                InterruptTest
                0xc060008c                disp_str_len
                0xc06000d9                disp_str
                0xc0600114                disp_str_colour
                0xc0600150                divide_zero_fault
                0xc0600156                single_step_fault
                0xc060015c                non_maskable_interrupt
                0xc0600162                breakpoint_trap
                0xc0600168                overflow_trap
                0xc060016e                bound_range_exceeded_fault
                0xc0600174                invalid_opcode_fault
                0xc060017a                coprocessor_not_available_fault
                0xc0600180                double_fault_exception_abort
                0xc0600184                coprocessor_segment_overrun
                0xc060018a                invalid_task_state_segment_fault
                0xc060018e                segment_not_present_fault
                0xc0600192                stack_exception_fault
                0xc0600196                general_protection_exception_fault
                0xc06001a1                page_fault
                0xc06001a5                coprocessor_error_fault
                0xc06001ab                align_check_fault
                0xc06001af                simd_float_exception_fault
                0xc06001be                hwint0
                0xc06001ee                hwint1
                0xc0600231                hwint14
                0xc0600277                hwint10
                0xc06002ba                sys_call
                0xc0600300                fork_restart
                0xc060030f                restart
                0xc0600332                in_byte
                0xc060033e                out_byte
                0xc0600360                disable_int
                0xc0600362                enable_int
                0xc06003f8                enable_8259A_casecade_irq
                0xc0600402                disable_8259A_casecade_irq
                0xc060040c                enable_8259A_slave_winchester_irq
                0xc0600416                disable_8259A_slave_winchester_irq
                0xc0600420                update_cr3
                0xc060042d                update_tss
                0xc060043c                get_running_thread_pcb
                0xc0600442                sys_call_test
                0xc0600445                enable_8259A_slave_net_irq
 *fill*         0xc0600455        0xb 
 .text          0xc0600460       0x15 switch_to.o
                0xc0600460                switch_to
 *fill*         0xc0600475        0xb 
 .text          0xc0600480       0x6a syscall.o
                0xc0600480                write_debug
                0xc0600490                send_msg
                0xc06004a6                receive_msg
                0xc06004bc                sys_malloc
                0xc06004d1                sys_free
 *fill*         0xc06004ea        0x6 
 .text          0xc06004f0      0x25e network/ne2000.o
                0xc0600513                DriverInitialize
                0xc060059d                SetPageStart
                0xc06005c5                DriverSend
                0xc060063d                PCtoNIC
                0xc06006ab                get_interrupt_status
                0xc06006c1                set_interrupt_status
                0xc06006da                get_curr_page
                0xc06006f7                NICtoPC
 .text          0xc060074e      0x2ee double_link_list.o
                0xc060074e                initDoubleLinkList
                0xc060079e                isListEmpty
                0xc06007cc                findElementInList
                0xc0600863                appendToDoubleLinkList
                0xc0600929                insertToDoubleLinkList
                0xc06009ad                popFromDoubleLinkList
 .text          0xc0600a3c        0x0 global.o
 .text          0xc0600a3c     0x2de1 kernel_main_old.o
                0xc0600a3c                stop_here
                0xc0600a80                catch_error
                0xc0600ae5                intr_enable
                0xc0600b0e                intr_disable
                0xc0600b37                intr_set_status
                0xc0600b55                intr_get_status
                0xc0600b72                Memcpy
                0xc0600ba5                untar
                0xc0600eb5                num_to_string
                0xc0600f5b                disp_int
                0xc0600f84                do_page_fault
                0xc06010c1                exception_handler
                0xc06012ac                init_internal_interrupt
                0xc0601421                spurious_irq
                0xc06014af                init_keyboard
                0xc06014f2                TestTTY
                0xc0601591                TestReadReturnValue
                0xc060160e                TestWriteReturnValue
                0xc06016e2                TestFS2
                0xc06016f0                TestFS
                0xc0601b92                wait_exit
                0xc0601c90                INIT_fork
                0xc0601f83                simple_shell
                0xc060210a                test_shell
                0xc0602172                test_exec
                0xc0602265                INIT
                0xc0602272                TestA
                0xc06022a7                delay
                0xc06022eb                TestB
                0xc0602303                TestC
                0xc0602336                sys_get_ticks
                0xc0602346                sys_write
                0xc060239a                milli_delay
                0xc06023d6                TaskSys
                0xc06023db                Printf
                0xc06024ad                sprintf
                0xc06024d9                vsprintf
                0xc0602685                printx
                0xc06026c8                sys_printx
                0xc0602794                spin
                0xc06027ba                panic
                0xc06027d8                assertion_failure
                0xc060284a                assertion_failure2
                0xc06028bf                dead_lock
                0xc06028c9                sys_send_msg
                0xc0602de8                sys_receive_msg
                0xc0603448                send_rec
                0xc0603543                block
                0xc060357f                unblock
                0xc06035cf                get_ticks_ipc
                0xc0603626                itoa
                0xc060367c                i2a
                0xc06036e2                inform_int
                0xc06037ae                deprecate_strcmp
 .text          0xc060381d      0x49d kernel_main.o
                0xc060381d                kernel_main
                0xc06039d7                init
                0xc0603a6e                kernel_thread_a
                0xc0603abb                kernel_thread_b
                0xc0603b08                kernel_thread_c
                0xc0603b1e                kernel_thread_d
                0xc0603b34                user_proc_a
                0xc0603c9d                user_proc_b
 .text          0xc0603cba      0x3b3 protect.o
                0xc0603cba                InitDescriptor
                0xc0603d27                Seg2PhyAddr
                0xc0603d68                Seg2PhyAddrLDT
                0xc0603dac                VirAddr2PhyAddr
                0xc0603dc2                v2l
                0xc0603e05                init_propt
                0xc0603f86                InitInterruptDesc
                0xc0603fe2                ReloadGDT
 .text          0xc060406d      0xaca console.o
                0xc060406d                select_console
                0xc06040a9                flush
                0xc06040e2                set_cursor
                0xc0604140                set_console_start_video_addr
                0xc060419e                put_key
                0xc060420a                scroll_up
                0xc060424c                scroll_down
                0xc06042b7                out_char
                0xc0604474                tty_dev_read
                0xc060449e                tty_dev_write
                0xc06046cb                tty_do_read
                0xc0604793                tty_do_write
                0xc06048f6                init_screen
                0xc060497f                init_tty
                0xc0604a34                TaskTTY
 .text          0xc0604b37      0x2b7 process.o
                0xc0604b37                schedule_process
                0xc0604cfd                clock_handler
                0xc0604d73                pid2proc
                0xc0604dd7                proc2pid
 .text          0xc0604dee      0x40f keyboard.o
                0xc0604dee                keyboard_handler
                0xc0604e72                read_from_keyboard_buf
                0xc0604ed8                keyboard_read
                0xc0605057                init_keyboard_handler
                0xc060506b                in_process
 .text          0xc06051fd      0x1b2 thread.o
                0xc06051fd                kernel_thread
                0xc0605215                thread_init
                0xc06052c2                thread_create
                0xc06052f7                thread_start
 .text          0xc06053af      0x730 my_process.o
                0xc06053af                create_user_process_address_space
                0xc060543f                user_process
                0xc060556c                clone_pcb
                0xc06056de                build_body_stack
                0xc0605811                build_process_kernel_stack
                0xc06058d4                fork_process
                0xc0605965                process_execute
 .text          0xc0605adf      0x66c network/socket.o
                0xc0605b8f                test
                0xc0605beb                socket_debug
                0xc0605c4c                free_socket
                0xc0605d08                _socket
                0xc0605dc7                _bind
                0xc0605e1a                _connect
                0xc0605e6c                _write
                0xc0605ec3                _read
                0xc0605f1a                _recvfrom
                0xc0605f5b                _sendto
                0xc0605fb2                _close
                0xc0606031                _listen
                0xc0606097                _accept
 .text          0xc060614b      0x2ed network/ip_input.o
                0xc06062d5                ip_rcv
 .text          0xc0606438      0x8c4 network/udp_sock.o
                0xc060666d                udp_lookup_sock
                0xc06066b4                udp_init
                0xc06066e5                udp_close
                0xc060670b                udp_sock_init
                0xc0606715                udp_recvfrom
                0xc06067ae                udp_connect
                0xc0606887                udp_write
                0xc06068b3                udp_alloc_skb
                0xc06068fd                udp_sendto
                0xc06069f1                udp_send
                0xc0606b2f                udp_alloc_sock
                0xc0606b70                udp_free_sock
                0xc0606b94                udp_read
 .text          0xc0606cfc       0xd8 network/dst.o
                0xc0606d0a                dst_neigh_output
 .text          0xc0606dd4      0x804 network/netdev.o
                0xc0606f59                netdev_init
                0xc0606fa0                netdev_transmit
                0xc0607089                interrupt_wait2
                0xc06070d9                netdev_rx_loop
                0xc0607210                netdev_get
                0xc060724b                free_netdev
                0xc0607276                local_ipaddress
                0xc06072b3                receive_msg_from_nic
                0xc0607496                receive_msg_from_nic2
                0xc06075c2                net_handler
 .text          0xc06075d8      0x1d3 network/ip_output.o
                0xc06075e6                ip_output
 .text          0xc06077ab      0x448 network/tcp.o
                0xc06079a0                tcp_in
                0xc0607a54                tcp_checksum
                0xc0607a80                __tcp_set_state
                0xc0607a8f                tcp_generate_port
                0xc0607ad8                tcp_generate_isn
                0xc0607ae2                tcp_done
                0xc0607b0b                tcp_clear_timers
                0xc0607b1a                tcp_stop_retransmission_timer
                0xc0607b33                tcp_release_retransmission_timer
                0xc0607b4c                tcp_stop_delack_timer
                0xc0607b5f                tcp_release_delack_timer
                0xc0607b72                tcp_handle_fin_state
                0xc0607bd7                tcp_enter_time_wait
 .text          0xc0607bf3      0x203 network/sock.o
                0xc0607d25                sk_alloc
                0xc0607d4c                sk_init
                0xc0607da0                sk_init_with_socket
                0xc0607dc9                sk_free
 .text          0xc0607df6      0xbbe network/tcp_output.o
                0xc06082bc                tcp_send_synack
                0xc060835f                tcp_send_delack
                0xc060839a                tcp_send_ack
                0xc06084e6                tcp_send_fin
                0xc060855b                tcp_select_initial_window
                0xc060870d                tcp_reset_retransmission_timer
                0xc060872a                tcp_begin_connect
                0xc06087d4                tcp_send
                0xc06088b9                tcp_send_reset
                0xc0608939                tcp_queue_fin
 .text          0xc06089b4      0x70c network/arp.o
                0xc0608b81                arp_init
                0xc0608b87                arp_rcv
                0xc0608d56                arp_request
                0xc0608ec0                arp_reply
                0xc0609023                arp_get_hwaddr
                0xc060906f                free_arp
 .text          0xc06090c0      0xa1e network/tcp_sock.o
                0xc0609376                tcp_established_or_syn_recvd_socks_enqueue
                0xc060938d                tcp_established_or_syn_recvd_socks_remove
                0xc060939f                tcp_connecting_or_listening_socks_enqueue
                0xc06093b6                tcp_connecting_or_listening_socks_remove
                0xc06093c8                tcp_alloc_sock
                0xc06094de                tcp_free_sock
                0xc0609557                tcp_init
                0xc0609561                tcp_sock_init
                0xc0609604                tcp_write
                0xc0609645                tcp_read
                0xc06096f8                tcp_close
                0xc06097b6                tcp_recv_notify
                0xc06097e1                tcp_v4_connect
                0xc0609a31                tcp_lookup_sock
 .text          0xc0609ade      0xcf2 network/ipc.o
                0xc060a66c                ipc_close
                0xc060a6bd                demux_ipc_socket_call
 .text          0xc060a7d0      0x234 network/icmpv4.o
                0xc060a7de                icmpv4_incoming
                0xc060a852                icmpv4_reply
                0xc060a92b                icmpv4_timestamp
 .text          0xc060aa04      0x429 network/inet.o
                0xc060aa04                inet_create
                0xc060aab4                inet_socket
                0xc060aabe                inet_connect
                0xc060ab12                inet_write
                0xc060ab3e                inet_read
                0xc060ab6a                inet_close
                0xc060abb9                inet_free
                0xc060abef                inet_bind
                0xc060acf8                inet_listen
                0xc060ad41                inet_accept
                0xc060adec                inet_sendto
                0xc060ae17                inet_recvfrom
 .text          0xc060ae2d      0x15b network/skbuff.o
                0xc060ae46                alloc_skb
                0xc060aed7                free_skb
                0xc060af0a                skb_reserve
                0xc060af26                skb_push
                0xc060af55                skb_head
                0xc060af60                skb_reset_header
 .text          0xc060af88      0xb77 network/tcp_input.o
                0xc060b677                tcp_process
                0xc060ba3d                tcp_receive
 .text          0xc060baff       0x9e network/task_network.o
                0xc060baff                task_network
                0xc060bb7f                task_netdev_rx
 .text          0xc060bb9d      0x295 network/route.o
                0xc060bcca                route_add
                0xc060bd0f                route_init
                0xc060bd96                route_lookup
                0xc060bde1                free_routes
 .text          0xc060be32      0x3e0 network/udp.o
                0xc060bf3d                udp_generate_port
                0xc060bf86                udp_checksum
                0xc060c054                udp_in
                0xc060c0e5                udp_data_dequeue
                0xc060c1ed                udp_data_enqueue
 .text          0xc060c212      0x54a network/tcp_data.o
                0xc060c4fd                tcp_data_dequeue
                0xc060c62a                tcp_data_queue
 .text          0xc060c75c      0x1e7 network/utils.o
                0xc060c75c                run_cmd
                0xc060c769                print_err
                0xc060c780                parse_ipv4_string
                0xc060c7df                ip_pton
                0xc060c827                sum_every_16bits
                0xc060c87e                checksum
                0xc060c8bf                tcp_udp_checksum
 .text          0xc060c943      0xe60 hd/hd.o
                0xc060c943                TaskHD
                0xc060c988                init_hd
                0xc060c9a2                hd_handle
                0xc060caa7                hd_cmd_out
                0xc060cba9                hd_identify
                0xc060cc60                print_hdinfo
                0xc060cdee                print_dpt_entry
                0xc060ce5a                get_partition_table
                0xc060cf39                partition
                0xc060d153                hd_open
                0xc060d1fa                get_hd_ioctl
                0xc060d2ab                wait_for
                0xc060d2dc                interrupt_wait
                0xc060d32c                hd_rdwt
                0xc060d5cb                hd_handler
                0xc060d5fc                debug_ticks
                0xc060d63a                waitfor
                0xc060d67e                print_hd_info
                0xc060d76b                is_empty
 .text          0xc060d7a3     0x2069 fs/fs_main.o
                0xc060d7a3                task_fs
                0xc060d9ae                rd_wt
                0xc060da87                mkfs
                0xc060e069                init_fs
                0xc060e0bd                do_open
                0xc060e2c6                search_file
                0xc060e3f8                strip_path
                0xc060e4c4                get_inode
                0xc060e686                create_file
                0xc060e791                alloc_imap_bit
                0xc060e88e                alloc_smap_bit
                0xc060ea2f                new_inode
                0xc060eb4d                new_dir_entry
                0xc060ed59                do_unlink
                0xc060f235                do_rdwt
                0xc060f5c0                sync_inode
                0xc060f714                put_inode
                0xc060f752                do_close
                0xc060f7a4                get_super_block
 .text          0xc060f80c      0x24f mm/forkexit.o
                0xc060f80c                do_fork
                0xc060f87a                do_exit
                0xc060f904                do_wait
                0xc060fa01                cleanup
 .text          0xc060fa5b      0x419 mm/exec.o
                0xc060fa5b                do_exec
 .text          0xc060fe74      0x148 mm/main.o
                0xc060fe74                TaskMM
                0xc060ff9d                alloc_mem
 .text          0xc060ffbc     0x111f mem/mem.o
                0xc060ffbc                init_bitmap
                0xc060ffdf                test_bit_val
                0xc0610048                set_bit_val
                0xc06100c3                set_bits
                0xc06100fd                get_first_free_bit
                0xc0610141                get_bits
                0xc0610209                get_a_page
                0xc06102bd                get_virtual_address_start_with_addr
                0xc0610357                get_virtual_address
                0xc06103e7                ptr_pde
                0xc06103fa                ptr_pte
                0xc0610421                add_map_entry
                0xc06104b2                alloc_virtual_memory
                0xc0610585                get_physical_address_proc
                0xc0610601                get_physical_address
                0xc0610633                alloc_physical_memory_of_proc
                0xc0610722                alloc_physical_memory
                0xc06107ea                alloc_memory
                0xc061084c                get_a_virtual_page
                0xc0610884                block2arena
                0xc061089a                sys_malloc2
                0xc0610bc7                remove_map_entry
                0xc0610be8                free_a_page
                0xc0610c8f                sys_free2
                0xc0610c95                init_memory_block_desc
                0xc0610d66                init_memory2
                0xc0610f9b                init_memory
 .text          0xc06110db       0x49 lib/floor.o
                0xc06110db                floor
 .text          0xc0611124      0x285 lib/exec.o
                0xc0611124                exec
                0xc0611195                execv
                0xc0611384                execl
 .text          0xc06113a9       0x2f lib/exit.o
                0xc06113a9                exit
 .text          0xc06113d8       0x42 lib/unlink.o
                0xc06113d8                unlink
 .text          0xc061141a       0x44 lib/wait.o
                0xc061141a                wait
 .text          0xc061145e       0xae lib/socket_close.o
                0xc061145e                socket_close
 .text          0xc061150c      0x101 lib/socket_read.o
                0xc061150c                socket_read
 .text          0xc061160d       0x46 lib/calloc.o
                0xc061160d                calloc
 .text          0xc0611653       0x4f lib/alloca.o
                0xc0611653                alloca
 .text          0xc06116a2       0x48 lib/fork.o
                0xc06116a2                fork
 .text          0xc06116ea      0x101 lib/socket_write.o
                0xc06116ea                socket_write
 .text          0xc06117eb       0x2b lib/getpid.o
                0xc06117eb                getpid
 .text          0xc0611816       0x9c lib/stdlib/atoi.o
                0xc0611816                atoi
 .text          0xc06118b2       0x85 lib/string/strtok.o
                0xc06118b2                strtok
 .text          0xc0611937       0xa8 lib/string/strcmp.o
                0xc0611937                strcmp
 .text          0xc06119df       0xd4 lib/string/strncmp.o
                0xc06119df                strncmp
 .text          0xc0611ab3       0x90 lib/string/strpbrk.o
                0xc0611ab3                strpbrk
 .text          0xc0611b43      0x181 lib/stdio/read.o
                0xc0611b43                read
 .text          0xc0611cc4       0x17 lib/stdio/perror.o
                0xc0611cc4                perror
 .text          0xc0611cdb      0x2c1 lib/stdio/sscanf.o
                0xc0611cdb                sscanf
 .text          0xc0611f9c       0x95 lib/stdio/open.o
                0xc0611f9c                open
 .text          0xc0612031       0x85 lib/stdio/write.o
                0xc0612031                write
 .text          0xc06120b6       0x52 lib/stdio/close.o
                0xc06120b6                close
 .text          0xc0612108       0x9f lib/sys/socket.o
                0xc0612108                socket
 .text          0xc06121a7       0xe5 lib/sys/connect.o
                0xc06121a7                connect
 .text          0xc061228c       0x38 lib/arpa/ntohs.o
                0xc061228c                ntohs
 .text          0xc06122c4       0x7c lib/arpa/htonl.o
                0xc06122c4                htonl
 .text          0xc0612340       0x38 lib/arpa/htons.o
                0xc0612340                htons
 .text          0xc0612378      0x295 lib/arpa/inet_pton.o
                0xc0612378                isValidIPv4
                0xc0612502                inet_pton
 .text          0xc061260d       0x7c lib/arpa/ntohl.o
                0xc061260d                ntohl
 .text          0xc0612689       0xe3 lib/arpa/inet_ntop.o
                0xc0612689                inet_ntop
 *(.gnu.warning)

.fini
 *(SORT_NONE(.fini))
                [!provide]                        PROVIDE (__etext = .)
                [!provide]                        PROVIDE (_etext = .)
                [!provide]                        PROVIDE (etext = .)
                0xc0613000                        . = ALIGN (CONSTANT (MAXPAGESIZE))
                0xc0613000                        . = SEGMENT_START ("rodata-segment", (ALIGN (CONSTANT (MAXPAGESIZE)) + (. & (CONSTANT (MAXPAGESIZE) - 0x1))))

.rodata         0xc0613000     0x1cfd
 *(.rodata .rodata.* .gnu.linkonce.r.*)
 .rodata        0xc0613000       0x3c double_link_list.o
 *fill*         0xc061303c        0x4 
 .rodata        0xc0613040      0xb61 kernel_main_old.o
 *fill*         0xc0613ba1        0x3 
 .rodata        0xc0613ba4      0x194 kernel_main.o
 .rodata        0xc0613d38       0x22 console.o
 *fill*         0xc0613d5a        0x2 
 .rodata        0xc0613d5c       0x4c process.o
 .rodata        0xc0613da8      0x23d network/socket.o
 *fill*         0xc0613fe5        0x3 
 .rodata        0xc0613fe8       0xbd network/ip_input.o
 *fill*         0xc06140a5        0x3 
 .rodata        0xc06140a8       0x2d network/udp_sock.o
 .rodata        0xc06140d5        0x9 network/dst.o
 *fill*         0xc06140de        0x2 
 .rodata        0xc06140e0      0x17a network/netdev.o
 .rodata        0xc061425a        0x9 network/ip_output.o
 *fill*         0xc0614263        0x1 
 .rodata        0xc0614264       0x31 network/tcp.o
 .rodata        0xc0614295        0x9 network/sock.o
 *fill*         0xc061429e        0x2 
 .rodata        0xc06142a0       0xc3 network/tcp_output.o
 *fill*         0xc0614363        0x1 
 .rodata        0xc0614364       0xc7 network/arp.o
 *fill*         0xc061442b        0x1 
 .rodata        0xc061442c       0xe8 network/tcp_sock.o
 .rodata        0xc0614514      0x160 network/ipc.o
 .rodata        0xc0614674       0x32 network/icmpv4.o
 *fill*         0xc06146a6        0x2 
 .rodata        0xc06146a8       0x48 network/inet.o
 .rodata        0xc06146f0        0x9 network/skbuff.o
 *fill*         0xc06146f9        0x3 
 .rodata        0xc06146fc       0x60 network/tcp_input.o
 .rodata        0xc061475c       0x3d network/task_network.o
 *fill*         0xc0614799        0x3 
 .rodata        0xc061479c       0x37 network/route.o
 .rodata        0xc06147d3        0x9 network/udp.o
 .rodata        0xc06147dc       0x1e network/tcp_data.o
 *fill*         0xc06147fa        0x2 
 .rodata        0xc06147fc       0x41 network/utils.o
 *fill*         0xc061483d        0x3 
 .rodata        0xc0614840      0x19c hd/hd.o
 .rodata        0xc06149dc      0x1fb fs/fs_main.o
                0xc06149dc                FSBUF_SIZE
 .rodata        0xc0614bd7       0x21 mm/forkexit.o
 .rodata        0xc0614bf8       0x10 mm/exec.o
 .rodata        0xc0614c08       0x11 mm/main.o
 .rodata        0xc0614c19       0x5a mem/mem.o
 .rodata        0xc0614c73       0x2d lib/exec.o
 .rodata        0xc0614ca0        0x9 lib/socket_close.o
 .rodata        0xc0614ca9        0x9 lib/socket_read.o
 .rodata        0xc0614cb2        0x9 lib/socket_write.o
 .rodata        0xc0614cbb       0x2a lib/stdio/close.o
 .rodata        0xc0614ce5        0x9 lib/sys/socket.o
 .rodata        0xc0614cee        0x9 lib/sys/connect.o
 .rodata        0xc0614cf7        0x3 lib/arpa/inet_pton.o
 .rodata        0xc0614cfa        0x3 lib/arpa/inet_ntop.o

.txt            0xc0614cfd       0xaa
 .txt           0xc0614cfd       0x82 string.o
                0xc0614cfd                Memcpy2
                0xc0614d2b                Memset
                0xc0614d4a                Strcpy
                0xc0614d64                Strlen
 .txt           0xc0614d7f       0x28 hd/hd_rdwt.o
                0xc0614d7f                read_port
                0xc0614d93                write_port

.rodata1
 *(.rodata1)

.eh_frame_hdr
 *(.eh_frame_hdr)
 *(.eh_frame_entry .eh_frame_entry.*)

.eh_frame       0xc0614da8     0x424c
 *(.eh_frame)
 .eh_frame      0xc0614da8       0xd8 double_link_list.o
 .eh_frame      0xc0614e80      0x6cc kernel_main_old.o
                                0x6e4 (size before relaxing)
 .eh_frame      0xc061554c      0x108 kernel_main.o
                                0x120 (size before relaxing)
 .eh_frame      0xc0615654      0x100 protect.o
                                0x118 (size before relaxing)
 .eh_frame      0xc0615754      0x1e0 console.o
                                0x1f8 (size before relaxing)
 .eh_frame      0xc0615934       0x80 process.o
                                 0x98 (size before relaxing)
 .eh_frame      0xc06159b4       0xa0 keyboard.o
                                 0xb8 (size before relaxing)
 .eh_frame      0xc0615a54       0x80 thread.o
                                 0x98 (size before relaxing)
 .eh_frame      0xc0615ad4       0xe0 my_process.o
                                 0xf8 (size before relaxing)
 .eh_frame      0xc0615bb4      0x2a0 network/socket.o
                                0x2b8 (size before relaxing)
 .eh_frame      0xc0615e54      0x104 network/ip_input.o
                                0x11c (size before relaxing)
 .eh_frame      0xc0615f58      0x404 network/udp_sock.o
                                0x41c (size before relaxing)
 .eh_frame      0xc061635c       0x40 network/dst.o
                                 0x58 (size before relaxing)
 .eh_frame      0xc061639c      0x214 network/netdev.o
                                0x22c (size before relaxing)
 .eh_frame      0xc06165b0       0x40 network/ip_output.o
                                 0x58 (size before relaxing)
 .eh_frame      0xc06165f0      0x268 network/tcp.o
                                0x280 (size before relaxing)
 .eh_frame      0xc0616858      0x1a0 network/sock.o
                                0x1b8 (size before relaxing)
 .eh_frame      0xc06169f8      0x3c4 network/tcp_output.o
                                0x3dc (size before relaxing)
 .eh_frame      0xc0616dbc      0x1c0 network/arp.o
                                0x1d8 (size before relaxing)
 .eh_frame      0xc0616f7c      0x4c0 network/tcp_sock.o
                                0x4d8 (size before relaxing)
 .eh_frame      0xc061743c      0x250 network/ipc.o
                                0x268 (size before relaxing)
 .eh_frame      0xc061768c       0x80 network/icmpv4.o
                                 0x98 (size before relaxing)
 .eh_frame      0xc061770c      0x180 network/inet.o
                                0x198 (size before relaxing)
 .eh_frame      0xc061788c       0xe0 network/skbuff.o
                                 0xf8 (size before relaxing)
 .eh_frame      0xc061796c      0x300 network/tcp_input.o
                                0x318 (size before relaxing)
 .eh_frame      0xc0617c6c       0x3c network/task_network.o
                                 0x54 (size before relaxing)
 .eh_frame      0xc0617ca8      0x124 network/route.o
                                0x13c (size before relaxing)
 .eh_frame      0xc0617dcc      0x1e4 network/udp.o
                                0x1fc (size before relaxing)
 .eh_frame      0xc0617fb0      0x200 network/tcp_data.o
                                0x218 (size before relaxing)
 .eh_frame      0xc06181b0       0xe4 network/utils.o
                                 0xfc (size before relaxing)
 .eh_frame      0xc0618294      0x264 hd/hd.o
                                0x27c (size before relaxing)
 .eh_frame      0xc06184f8      0x27c fs/fs_main.o
                                0x294 (size before relaxing)
 .eh_frame      0xc0618774       0x80 mm/forkexit.o
                                 0x98 (size before relaxing)
 .eh_frame      0xc06187f4       0x20 mm/exec.o
                                 0x38 (size before relaxing)
 .eh_frame      0xc0618814       0x3c mm/main.o
                                 0x54 (size before relaxing)
 .eh_frame      0xc0618850      0x364 mem/mem.o
                                0x37c (size before relaxing)
 .eh_frame      0xc0618bb4       0x20 lib/floor.o
                                 0x38 (size before relaxing)
 .eh_frame      0xc0618bd4       0x60 lib/exec.o
                                 0x78 (size before relaxing)
 .eh_frame      0xc0618c34       0x20 lib/exit.o
                                 0x38 (size before relaxing)
 .eh_frame      0xc0618c54       0x20 lib/unlink.o
                                 0x38 (size before relaxing)
 .eh_frame      0xc0618c74       0x20 lib/wait.o
                                 0x38 (size before relaxing)
 .eh_frame      0xc0618c94       0x20 lib/socket_close.o
                                 0x38 (size before relaxing)
 .eh_frame      0xc0618cb4       0x20 lib/socket_read.o
                                 0x38 (size before relaxing)
 .eh_frame      0xc0618cd4       0x20 lib/calloc.o
                                 0x38 (size before relaxing)
 .eh_frame      0xc0618cf4       0x20 lib/alloca.o
                                 0x38 (size before relaxing)
 .eh_frame      0xc0618d14       0x20 lib/fork.o
                                 0x38 (size before relaxing)
 .eh_frame      0xc0618d34       0x20 lib/socket_write.o
                                 0x38 (size before relaxing)
 .eh_frame      0xc0618d54       0x20 lib/getpid.o
                                 0x38 (size before relaxing)
 .eh_frame      0xc0618d74       0x20 lib/stdlib/atoi.o
                                 0x38 (size before relaxing)
 .eh_frame      0xc0618d94       0x20 lib/string/strtok.o
                                 0x38 (size before relaxing)
 .eh_frame      0xc0618db4       0x20 lib/string/strcmp.o
                                 0x38 (size before relaxing)
 .eh_frame      0xc0618dd4       0x20 lib/string/strncmp.o
                                 0x38 (size before relaxing)
 .eh_frame      0xc0618df4       0x20 lib/string/strpbrk.o
                                 0x38 (size before relaxing)
 .eh_frame      0xc0618e14       0x20 lib/stdio/read.o
                                 0x38 (size before relaxing)
 .eh_frame      0xc0618e34       0x20 lib/stdio/perror.o
                                 0x38 (size before relaxing)
 .eh_frame      0xc0618e54       0x20 lib/stdio/sscanf.o
                                 0x38 (size before relaxing)
 .eh_frame      0xc0618e74       0x20 lib/stdio/open.o
                                 0x38 (size before relaxing)
 .eh_frame      0xc0618e94       0x20 lib/stdio/write.o
                                 0x38 (size before relaxing)
 .eh_frame      0xc0618eb4       0x20 lib/stdio/close.o
                                 0x38 (size before relaxing)
 .eh_frame      0xc0618ed4       0x20 lib/sys/socket.o
                                 0x38 (size before relaxing)
 .eh_frame      0xc0618ef4       0x20 lib/sys/connect.o
                                 0x38 (size before relaxing)
 .eh_frame      0xc0618f14       0x20 lib/arpa/ntohs.o
                                 0x38 (size before relaxing)
 .eh_frame      0xc0618f34       0x20 lib/arpa/htonl.o
                                 0x38 (size before relaxing)
 .eh_frame      0xc0618f54       0x20 lib/arpa/htons.o
                                 0x38 (size before relaxing)
 .eh_frame      0xc0618f74       0x40 lib/arpa/inet_pton.o
                                 0x58 (size before relaxing)
 .eh_frame      0xc0618fb4       0x20 lib/arpa/ntohl.o
                                 0x38 (size before relaxing)
 .eh_frame      0xc0618fd4       0x20 lib/arpa/inet_ntop.o
                                 0x38 (size before relaxing)
 *(.eh_frame.*)

.sframe
 *(.sframe)
 *(.sframe.*)

.gcc_except_table
 *(.gcc_except_table .gcc_except_table.*)

.gnu_extab
 *(.gnu_extab*)

.exception_ranges
 *(.exception_ranges*)
                0xc0619000                        . = DATA_SEGMENT_ALIGN (CONSTANT (MAXPAGESIZE), CONSTANT (COMMONPAGESIZE))

.eh_frame
 *(.eh_frame)
 *(.eh_frame.*)

.sframe
 *(.sframe)
 *(.sframe.*)

.gnu_extab
 *(.gnu_extab)

.gcc_except_table
 *(.gcc_except_table .gcc_except_table.*)

.exception_ranges
 *(.exception_ranges*)

.tdata          0xc0619000        0x0
                [!provide]                        PROVIDE (__tdata_start = .)
 *(.tdata .tdata.* .gnu.linkonce.td.*)

.tbss
 *(.tbss .tbss.* .gnu.linkonce.tb.*)
 *(.tcommon)

.preinit_array  0xc0619000        0x0
                [!provide]                        PROVIDE (__preinit_array_start = .)
 *(.preinit_array)
                [!provide]                        PROVIDE (__preinit_array_end = .)

.init_array     0xc0619000        0x0
                [!provide]                        PROVIDE (__init_array_start = .)
 *(SORT_BY_INIT_PRIORITY(.init_array.*) SORT_BY_INIT_PRIORITY(.ctors.*))
 *(.init_array EXCLUDE_FILE(*crtend?.o *crtend.o *crtbegin?.o *crtbegin.o) .ctors)
                [!provide]                        PROVIDE (__init_array_end = .)

.fini_array     0xc0619000        0x0
                [!provide]                        PROVIDE (__fini_array_start = .)
 *(SORT_BY_INIT_PRIORITY(.fini_array.*) SORT_BY_INIT_PRIORITY(.dtors.*))
 *(.fini_array EXCLUDE_FILE(*crtend?.o *crtend.o *crtbegin?.o *crtbegin.o) .dtors)
                [!provide]                        PROVIDE (__fini_array_end = .)

.ctors
 *crtbegin.o(.ctors)
 *crtbegin?.o(.ctors)
 *(EXCLUDE_FILE(*crtend?.o *crtend.o) .ctors)
 *(SORT_BY_NAME(.ctors.*))
 *(.ctors)

.dtors
 *crtbegin.o(.dtors)
 *crtbegin?.o(.dtors)
 *(EXCLUDE_FILE(*crtend?.o *crtend.o) .dtors)
 *(SORT_BY_NAME(.dtors.*))
 *(.dtors)

.jcr
 *(.jcr)

.data.rel.ro
 *(.data.rel.ro.local* .gnu.linkonce.d.rel.ro.local.*)
 *(.data.rel.ro .data.rel.ro.* .gnu.linkonce.d.rel.ro.*)

.dynamic
 *(.dynamic)

.got            0xc0619000        0x0
 *(.got)
 .got           0xc0619000        0x0 kernel/kernel_sub.o
 *(.igot)
                0xc0619000                        . = DATA_SEGMENT_RELRO_END (., (SIZEOF (.got.plt) >= 0xc)?0xc:0x0)

.got.plt        0xc0619000        0x0
 *(.got.plt)
 .got.plt       0xc0619000        0x0 kernel/kernel_sub.o
 *(.igot.plt)
 .igot.plt      0xc0619000        0x0 kernel/kernel_sub.o

.data           0xc0619000      0xb98
 *(.data .data.* .gnu.linkonce.d.*)
 .data          0xc0619000        0xf kernel/kernel_sub.o
 *fill*         0xc061900f        0x1 
 .data          0xc0619010        0xf kernel/kernel.o
 *fill*         0xc061901f        0x1 
 .data          0xc0619020        0x0 syscall.o
 .data          0xc0619020        0x0 double_link_list.o
 .data          0xc0619020      0x160 global.o
                0xc0619020                user_task_table
                0xc06190a0                sys_task_table
                0xc0619164                sys_call_table
 .data          0xc0619180        0x0 kernel_main_old.o
 .data          0xc0619180        0x0 kernel_main.o
 .data          0xc0619180        0x0 protect.o
 .data          0xc0619180        0x0 console.o
 .data          0xc0619180        0x0 process.o
 .data          0xc0619180      0x600 keyboard.o
                0xc0619180                keymap
 .data          0xc0619780        0x0 thread.o
 .data          0xc0619780        0x0 my_process.o
 .data          0xc0619780      0x224 network/socket.o
 .data          0xc06199a4        0x4 network/ip_input.o
 *fill*         0xc06199a8       0x18 
 .data          0xc06199c0       0x54 network/udp_sock.o
                0xc06199e0                udp_ops
 .data          0xc0619a14        0x4 network/dst.o
 .data          0xc0619a18        0x4 network/netdev.o
 .data          0xc0619a1c        0x4 network/ip_output.o
 .data          0xc0619a20        0x8 network/tcp.o
 .data          0xc0619a28        0x4 network/sock.o
 .data          0xc0619a2c        0x4 network/tcp_output.o
 .data          0xc0619a30       0x14 network/arp.o
 *fill*         0xc0619a44       0x1c 
 .data          0xc0619a60       0x54 network/tcp_sock.o
                0xc0619a80                tcp_ops
 .data          0xc0619ab4        0xc network/ipc.o
 .data          0xc0619ac0        0x4 network/icmpv4.o
 *fill*         0xc0619ac4       0x1c 
 .data          0xc0619ae0       0x80 network/inet.o
                0xc0619ae8                inet
 .data          0xc0619b60        0x4 network/skbuff.o
 .data          0xc0619b64        0x4 network/tcp_input.o
 .data          0xc0619b68        0x0 network/task_network.o
 .data          0xc0619b68        0xc network/route.o
 .data          0xc0619b74        0x8 network/udp.o
 .data          0xc0619b7c        0x4 network/tcp_data.o
 .data          0xc0619b80        0x4 network/utils.o
 .data          0xc0619b84        0x0 hd/hd.o
 .data          0xc0619b84        0x0 fs/fs_main.o
 .data          0xc0619b84        0x0 mm/forkexit.o
 .data          0xc0619b84        0x0 mm/exec.o
 .data          0xc0619b84        0x0 mm/main.o
 .data          0xc0619b84        0x0 mem/mem.o
 .data          0xc0619b84        0x0 lib/floor.o
 .data          0xc0619b84        0x0 lib/exec.o
 .data          0xc0619b84        0x0 lib/exit.o
 .data          0xc0619b84        0x0 lib/unlink.o
 .data          0xc0619b84        0x0 lib/wait.o
 .data          0xc0619b84        0x4 lib/socket_close.o
 .data          0xc0619b88        0x4 lib/socket_read.o
 .data          0xc0619b8c        0x0 lib/calloc.o
 .data          0xc0619b8c        0x0 lib/alloca.o
 .data          0xc0619b8c        0x0 lib/fork.o
 .data          0xc0619b8c        0x4 lib/socket_write.o
 .data          0xc0619b90        0x0 lib/getpid.o
 .data          0xc0619b90        0x0 lib/stdlib/atoi.o
 .data          0xc0619b90        0x0 lib/string/strtok.o
 .data          0xc0619b90        0x0 lib/string/strcmp.o
 .data          0xc0619b90        0x0 lib/string/strncmp.o
 .data          0xc0619b90        0x0 lib/string/strpbrk.o
 .data          0xc0619b90        0x0 lib/stdio/read.o
 .data          0xc0619b90        0x0 lib/stdio/perror.o
 .data          0xc0619b90        0x0 lib/stdio/sscanf.o
 .data          0xc0619b90        0x0 lib/stdio/open.o
 .data          0xc0619b90        0x0 lib/stdio/write.o
 .data          0xc0619b90        0x0 lib/stdio/close.o
 .data          0xc0619b90        0x4 lib/sys/socket.o
 .data          0xc0619b94        0x4 lib/sys/connect.o
 .data          0xc0619b98        0x0 lib/arpa/ntohs.o
 .data          0xc0619b98        0x0 lib/arpa/htonl.o
 .data          0xc0619b98        0x0 lib/arpa/htons.o
 .data          0xc0619b98        0x0 lib/arpa/inet_pton.o
 .data          0xc0619b98        0x0 lib/arpa/ntohl.o
 .data          0xc0619b98        0x0 lib/arpa/inet_ntop.o

.data1
 *(.data1)
                0xc0619b98                        _edata = .
                [!provide]                        PROVIDE (edata = .)
                0xc0619b98                        . = .
                0xc0619b98                        __bss_start = .

.bss            0xc0619ba0    0x95628
 *(.dynbss)
 *(.bss .bss.* .gnu.linkonce.b.*)
 .bss           0xc0619ba0      0x800 kernel/kernel_sub.o
 .bss           0xc061a3a0      0x800 kernel/kernel.o
 .bss           0xc061aba0        0x0 double_link_list.o
 .bss           0xc061aba0        0x0 global.o
 .bss           0xc061aba0        0x0 kernel_main_old.o
 .bss           0xc061aba0        0x0 kernel_main.o
 .bss           0xc061aba0        0x0 protect.o
 .bss           0xc061aba0        0x0 console.o
 .bss           0xc061aba0        0x0 process.o
 .bss           0xc061aba0        0x0 keyboard.o
 .bss           0xc061aba0        0x0 thread.o
 .bss           0xc061aba0        0x0 my_process.o
 .bss           0xc061aba0        0x4 network/socket.o
 .bss           0xc061aba4        0x0 network/ip_input.o
 .bss           0xc061aba4        0x4 network/udp_sock.o
 .bss           0xc061aba8        0x0 network/dst.o
 .bss           0xc061aba8        0x0 network/netdev.o
 .bss           0xc061aba8        0x0 network/ip_output.o
 .bss           0xc061aba8        0x0 network/tcp.o
 .bss           0xc061aba8        0x0 network/sock.o
 .bss           0xc061aba8        0x0 network/tcp_output.o
 .bss           0xc061aba8        0x0 network/arp.o
 .bss           0xc061aba8        0x0 network/tcp_sock.o
 .bss           0xc061aba8        0x4 network/ipc.o
 .bss           0xc061abac        0x0 network/icmpv4.o
 .bss           0xc061abac        0x0 network/inet.o
 .bss           0xc061abac        0x0 network/skbuff.o
 .bss           0xc061abac        0x0 network/tcp_input.o
 .bss           0xc061abac        0x0 network/task_network.o
 .bss           0xc061abac        0x0 network/route.o
 .bss           0xc061abac        0x0 network/udp.o
 .bss           0xc061abac        0x0 network/tcp_data.o
 .bss           0xc061abac        0x0 network/utils.o
 .bss           0xc061abac        0x0 hd/hd.o
 .bss           0xc061abac        0x4 fs/fs_main.o
                0xc061abac                c
 .bss           0xc061abb0        0x0 mm/forkexit.o
 .bss           0xc061abb0        0x0 mm/exec.o
 .bss           0xc061abb0        0x0 mm/main.o
 .bss           0xc061abb0        0x0 mem/mem.o
 .bss           0xc061abb0        0x0 lib/floor.o
 .bss           0xc061abb0        0x0 lib/exec.o
 .bss           0xc061abb0        0x0 lib/exit.o
 .bss           0xc061abb0        0x0 lib/unlink.o
 .bss           0xc061abb0        0x0 lib/wait.o
 .bss           0xc061abb0        0x0 lib/socket_close.o
 .bss           0xc061abb0        0x0 lib/socket_read.o
 .bss           0xc061abb0        0x0 lib/calloc.o
 .bss           0xc061abb0        0x0 lib/alloca.o
 .bss           0xc061abb0        0x0 lib/fork.o
 .bss           0xc061abb0        0x0 lib/socket_write.o
 .bss           0xc061abb0        0x0 lib/getpid.o
 .bss           0xc061abb0        0x0 lib/stdlib/atoi.o
 .bss           0xc061abb0        0x4 lib/string/strtok.o
 .bss           0xc061abb4        0x0 lib/string/strcmp.o
 .bss           0xc061abb4        0x0 lib/string/strncmp.o
 .bss           0xc061abb4        0x0 lib/string/strpbrk.o
 .bss           0xc061abb4        0x0 lib/stdio/read.o
 .bss           0xc061abb4        0x0 lib/stdio/perror.o
 .bss           0xc061abb4        0x0 lib/stdio/sscanf.o
 .bss           0xc061abb4        0x0 lib/stdio/open.o
 .bss           0xc061abb4        0x0 lib/stdio/write.o
 .bss           0xc061abb4        0x0 lib/stdio/close.o
 .bss           0xc061abb4        0x0 lib/sys/socket.o
 .bss           0xc061abb4        0x0 lib/sys/connect.o
 .bss           0xc061abb4        0x0 lib/arpa/ntohs.o
 .bss           0xc061abb4        0x0 lib/arpa/htonl.o
 .bss           0xc061abb4        0x0 lib/arpa/htons.o
 .bss           0xc061abb4        0x0 lib/arpa/inet_pton.o
 .bss           0xc061abb4        0x0 lib/arpa/ntohl.o
 .bss           0xc061abb4        0x0 lib/arpa/inet_ntop.o
 *(COMMON)
 *fill*         0xc061abb4        0xc 
 COMMON         0xc061abc0     0x17b8 double_link_list.o
                0xc061abc0                current_tty
                0xc061abc4                is_e0
                0xc061abc8                idt_ptr
                0xc061abd0                pid
                0xc061abd4                KernelVirtualMemory
                0xc061abe0                current_dis_pos
                0xc061abe4                dis_pos
                0xc061abe8                k_reenter
                0xc061ac00                gdt
                0xc061b000                proc_ready_table
                0xc061b004                test_ticks
                0xc061b008                pcaller
                0xc061b020                keyboard_buffer
                0xc061b22c                pcb_list
                0xc061b23c                gdt_index
                0xc061b240                tty_table
                0xc061ba80                tss
                0xc061baec                KernelPool
                0xc061bafc                net_buf
                0xc061bb00                nic_current_page
                0xc061bb04                counter
                0xc061bb08                key_pressed
                0xc061bb0c                fork_pid
                0xc061bb10                is_shift
                0xc061bb11                net_data
                0xc061bb14                gdt_ptr
                0xc061bb20                idt
                0xc061c320                main_thread
                0xc061c328                ticks
                0xc061c330                is_init
                0xc061c334                UserPool
                0xc061c344                all_pcb_list
                0xc061c354                console_table
                0xc061c364                is_disp
                0xc061c368                MAIN_THREAD_PAGE_DIRECTORY
                0xc061c36c                helloStr
 *fill*         0xc061c378        0x8 
 COMMON         0xc061c380    0x91ad0 global.o
                0xc061c380                proc_stack
                0xc06ac380                proc_table
 COMMON         0xc06ade50        0x8 network/netdev.o
                0xc06ade50                loop
                0xc06ade54                netdev
 *fill*         0xc06ade58        0x8 
 COMMON         0xc06ade60      0x440 hd/hd.o
                0xc06ade60                hd_info
                0xc06ae0a0                hd_cache
 COMMON         0xc06ae2a0      0xe68 fs/fs_main.o
                0xc06ae2a0                file_desc_table
                0xc06ae6a0                phy_super_block_buf
                0xc06ae6a4                phy_fsbuf
                0xc06ae6c0                inode_table
                0xc06af0c0                super_block_buf
                0xc06af0c4                fsbuf
                0xc06af0e0                root
 *fill*         0xc06af108       0x18 
 COMMON         0xc06af120       0xa8 mem/mem.o
                0xc06af120                kernel_mem_block_decs_array
                0xc06af1c8                        . = ALIGN ((. != 0x0)?0x4:0x1)
                0xc06af1c8                        . = ALIGN (0x4)
                0xc06af1c8                        . = SEGMENT_START ("ldata-segment", .)
                0xc06af1c8                        . = ALIGN (0x4)
                0xc06af1c8                        _end = .
                [!provide]                        PROVIDE (end = .)
                0xc06af1c8                        . = DATA_SEGMENT_END (.)

.stab
 *(.stab)

.stabstr
 *(.stabstr)

.stab.excl
 *(.stab.excl)

.stab.exclstr
 *(.stab.exclstr)

.stab.index
 *(.stab.index)

.stab.indexstr
 *(.stab.indexstr)

.comment        0x00000000       0x2c
 *(.comment)
 .comment       0x00000000       0x2c double_link_list.o
                                 0x2d (size before relaxing)
 .comment       0x0000002c       0x2d global.o
 .comment       0x0000002c       0x2d kernel_main_old.o
 .comment       0x0000002c       0x2d kernel_main.o
 .comment       0x0000002c       0x2d protect.o
 .comment       0x0000002c       0x2d console.o
 .comment       0x0000002c       0x2d process.o
 .comment       0x0000002c       0x2d keyboard.o
 .comment       0x0000002c       0x2d thread.o
 .comment       0x0000002c       0x2d my_process.o
 .comment       0x0000002c       0x2d network/socket.o
 .comment       0x0000002c       0x2d network/ip_input.o
 .comment       0x0000002c       0x2d network/udp_sock.o
 .comment       0x0000002c       0x2d network/dst.o
 .comment       0x0000002c       0x2d network/netdev.o
 .comment       0x0000002c       0x2d network/ip_output.o
 .comment       0x0000002c       0x2d network/tcp.o
 .comment       0x0000002c       0x2d network/sock.o
 .comment       0x0000002c       0x2d network/tcp_output.o
 .comment       0x0000002c       0x2d network/arp.o
 .comment       0x0000002c       0x2d network/tcp_sock.o
 .comment       0x0000002c       0x2d network/ipc.o
 .comment       0x0000002c       0x2d network/icmpv4.o
 .comment       0x0000002c       0x2d network/inet.o
 .comment       0x0000002c       0x2d network/skbuff.o
 .comment       0x0000002c       0x2d network/tcp_input.o
 .comment       0x0000002c       0x2d network/task_network.o
 .comment       0x0000002c       0x2d network/route.o
 .comment       0x0000002c       0x2d network/udp.o
 .comment       0x0000002c       0x2d network/tcp_data.o
 .comment       0x0000002c       0x2d network/utils.o
 .comment       0x0000002c       0x2d hd/hd.o
 .comment       0x0000002c       0x2d fs/fs_main.o
 .comment       0x0000002c       0x2d mm/forkexit.o
 .comment       0x0000002c       0x2d mm/exec.o
 .comment       0x0000002c       0x2d mm/main.o
 .comment       0x0000002c       0x2d mem/mem.o
 .comment       0x0000002c       0x2d lib/floor.o
 .comment       0x0000002c       0x2d lib/exec.o
 .comment       0x0000002c       0x2d lib/exit.o
 .comment       0x0000002c       0x2d lib/unlink.o
 .comment       0x0000002c       0x2d lib/wait.o
 .comment       0x0000002c       0x2d lib/socket_close.o
 .comment       0x0000002c       0x2d lib/socket_read.o
 .comment       0x0000002c       0x2d lib/calloc.o
 .comment       0x0000002c       0x2d lib/alloca.o
 .comment       0x0000002c       0x2d lib/fork.o
 .comment       0x0000002c       0x2d lib/socket_write.o
 .comment       0x0000002c       0x2d lib/getpid.o
 .comment       0x0000002c       0x2d lib/stdlib/atoi.o
 .comment       0x0000002c       0x2d lib/string/strtok.o
 .comment       0x0000002c       0x2d lib/string/strcmp.o
 .comment       0x0000002c       0x2d lib/string/strncmp.o
 .comment       0x0000002c       0x2d lib/string/strpbrk.o
 .comment       0x0000002c       0x2d lib/stdio/read.o
 .comment       0x0000002c       0x2d lib/stdio/perror.o
 .comment       0x0000002c       0x2d lib/stdio/sscanf.o
 .comment       0x0000002c       0x2d lib/stdio/open.o
 .comment       0x0000002c       0x2d lib/stdio/write.o
 .comment       0x0000002c       0x2d lib/stdio/close.o
 .comment       0x0000002c       0x2d lib/sys/socket.o
 .comment       0x0000002c       0x2d lib/sys/connect.o
 .comment       0x0000002c       0x2d lib/arpa/ntohs.o
 .comment       0x0000002c       0x2d lib/arpa/htonl.o
 .comment       0x0000002c       0x2d lib/arpa/htons.o
 .comment       0x0000002c       0x2d lib/arpa/inet_pton.o
 .comment       0x0000002c       0x2d lib/arpa/ntohl.o
 .comment       0x0000002c       0x2d lib/arpa/inet_ntop.o

.gnu.build.attributes
 *(.gnu.build.attributes .gnu.build.attributes.*)

.debug
 *(.debug)

.line
 *(.line)

.debug_srcinfo
 *(.debug_srcinfo)

.debug_sfnames
 *(.debug_sfnames)

.debug_aranges  0x00000000      0x878
 *(.debug_aranges)
 .debug_aranges
                0x00000000       0x20 double_link_list.o
 .debug_aranges
                0x00000020       0x18 global.o
 .debug_aranges
                0x00000038       0x20 kernel_main_old.o
 .debug_aranges
                0x00000058       0x20 kernel_main.o
 .debug_aranges
                0x00000078       0x20 protect.o
 .debug_aranges
                0x00000098       0x20 console.o
 .debug_aranges
                0x000000b8       0x20 process.o
 .debug_aranges
                0x000000d8       0x20 keyboard.o
 .debug_aranges
                0x000000f8       0x20 thread.o
 .debug_aranges
                0x00000118       0x20 my_process.o
 .debug_aranges
                0x00000138       0x20 network/socket.o
 .debug_aranges
                0x00000158       0x20 network/ip_input.o
 .debug_aranges
                0x00000178       0x20 network/udp_sock.o
 .debug_aranges
                0x00000198       0x20 network/dst.o
 .debug_aranges
                0x000001b8       0x20 network/netdev.o
 .debug_aranges
                0x000001d8       0x20 network/ip_output.o
 .debug_aranges
                0x000001f8       0x20 network/tcp.o
 .debug_aranges
                0x00000218       0x20 network/sock.o
 .debug_aranges
                0x00000238       0x20 network/tcp_output.o
 .debug_aranges
                0x00000258       0x20 network/arp.o
 .debug_aranges
                0x00000278       0x20 network/tcp_sock.o
 .debug_aranges
                0x00000298       0x20 network/ipc.o
 .debug_aranges
                0x000002b8       0x20 network/icmpv4.o
 .debug_aranges
                0x000002d8       0x20 network/inet.o
 .debug_aranges
                0x000002f8       0x20 network/skbuff.o
 .debug_aranges
                0x00000318       0x20 network/tcp_input.o
 .debug_aranges
                0x00000338       0x20 network/task_network.o
 .debug_aranges
                0x00000358       0x20 network/route.o
 .debug_aranges
                0x00000378       0x20 network/udp.o
 .debug_aranges
                0x00000398       0x20 network/tcp_data.o
 .debug_aranges
                0x000003b8       0x20 network/utils.o
 .debug_aranges
                0x000003d8       0x20 hd/hd.o
 .debug_aranges
                0x000003f8       0x20 fs/fs_main.o
 .debug_aranges
                0x00000418       0x20 mm/forkexit.o
 .debug_aranges
                0x00000438       0x20 mm/exec.o
 .debug_aranges
                0x00000458       0x20 mm/main.o
 .debug_aranges
                0x00000478       0x20 mem/mem.o
 .debug_aranges
                0x00000498       0x20 lib/floor.o
 .debug_aranges
                0x000004b8       0x20 lib/exec.o
 .debug_aranges
                0x000004d8       0x20 lib/exit.o
 .debug_aranges
                0x000004f8       0x20 lib/unlink.o
 .debug_aranges
                0x00000518       0x20 lib/wait.o
 .debug_aranges
                0x00000538       0x20 lib/socket_close.o
 .debug_aranges
                0x00000558       0x20 lib/socket_read.o
 .debug_aranges
                0x00000578       0x20 lib/calloc.o
 .debug_aranges
                0x00000598       0x20 lib/alloca.o
 .debug_aranges
                0x000005b8       0x20 lib/fork.o
 .debug_aranges
                0x000005d8       0x20 lib/socket_write.o
 .debug_aranges
                0x000005f8       0x20 lib/getpid.o
 .debug_aranges
                0x00000618       0x20 lib/stdlib/atoi.o
 .debug_aranges
                0x00000638       0x20 lib/string/strtok.o
 .debug_aranges
                0x00000658       0x20 lib/string/strcmp.o
 .debug_aranges
                0x00000678       0x20 lib/string/strncmp.o
 .debug_aranges
                0x00000698       0x20 lib/string/strpbrk.o
 .debug_aranges
                0x000006b8       0x20 lib/stdio/read.o
 .debug_aranges
                0x000006d8       0x20 lib/stdio/perror.o
 .debug_aranges
                0x000006f8       0x20 lib/stdio/sscanf.o
 .debug_aranges
                0x00000718       0x20 lib/stdio/open.o
 .debug_aranges
                0x00000738       0x20 lib/stdio/write.o
 .debug_aranges
                0x00000758       0x20 lib/stdio/close.o
 .debug_aranges
                0x00000778       0x20 lib/sys/socket.o
 .debug_aranges
                0x00000798       0x20 lib/sys/connect.o
 .debug_aranges
                0x000007b8       0x20 lib/arpa/ntohs.o
 .debug_aranges
                0x000007d8       0x20 lib/arpa/htonl.o
 .debug_aranges
                0x000007f8       0x20 lib/arpa/htons.o
 .debug_aranges
                0x00000818       0x20 lib/arpa/inet_pton.o
 .debug_aranges
                0x00000838       0x20 lib/arpa/ntohl.o
 .debug_aranges
                0x00000858       0x20 lib/arpa/inet_ntop.o

.debug_pubnames
 *(.debug_pubnames)

.debug_info     0x00000000    0x41b3c
 *(.debug_info .gnu.linkonce.wi.*)
 .debug_info    0x00000000     0x1035 double_link_list.o
 .debug_info    0x00001035      0xe7d global.o
 .debug_info    0x00001eb2     0x2854 kernel_main_old.o
 .debug_info    0x00004706     0x116e kernel_main.o
 .debug_info    0x00005874     0x11a8 protect.o
 .debug_info    0x00006a1c     0x127d console.o
 .debug_info    0x00007c99      0xf55 process.o
 .debug_info    0x00008bee      0xfd1 keyboard.o
 .debug_info    0x00009bbf     0x105c thread.o
 .debug_info    0x0000ac1b     0x1490 my_process.o
 .debug_info    0x0000c0ab     0x1b9a network/socket.o
 .debug_info    0x0000dc45     0x1a9e network/ip_input.o
 .debug_info    0x0000f6e3     0x1ed0 network/udp_sock.o
 .debug_info    0x000115b3     0x11dd network/dst.o
 .debug_info    0x00012790     0x1769 network/netdev.o
 .debug_info    0x00013ef9     0x1738 network/ip_output.o
 .debug_info    0x00015631     0x1e01 network/tcp.o
 .debug_info    0x00017432     0x1853 network/sock.o
 .debug_info    0x00018c85     0x231c network/tcp_output.o
 .debug_info    0x0001afa1      0x76e network/arp.o
 .debug_info    0x0001b70f     0x21f2 network/tcp_sock.o
 .debug_info    0x0001d901     0x1c31 network/ipc.o
 .debug_info    0x0001f532     0x18fc network/icmpv4.o
 .debug_info    0x00020e2e     0x19ff network/inet.o
 .debug_info    0x0002282d      0x3a7 network/skbuff.o
 .debug_info    0x00022bd4     0x2104 network/tcp_input.o
 .debug_info    0x00024cd8      0x65b network/task_network.o
 .debug_info    0x00025333     0x1275 network/route.o
 .debug_info    0x000265a8     0x1b01 network/udp.o
 .debug_info    0x000280a9     0x1d6a network/tcp_data.o
 .debug_info    0x00029e13      0x367 network/utils.o
 .debug_info    0x0002a17a     0x17ec hd/hd.o
 .debug_info    0x0002b966     0x1f2e fs/fs_main.o
 .debug_info    0x0002d894      0xf91 mm/forkexit.o
 .debug_info    0x0002e825     0x11cd mm/exec.o
 .debug_info    0x0002f9f2      0xdbf mm/main.o
 .debug_info    0x000307b1     0x1d51 mem/mem.o
 .debug_info    0x00032502       0x6b lib/floor.o
 .debug_info    0x0003256d      0xf33 lib/exec.o
 .debug_info    0x000334a0      0xda6 lib/exit.o
 .debug_info    0x00034246      0xe84 lib/unlink.o
 .debug_info    0x000350ca      0xdb4 lib/wait.o
 .debug_info    0x00035e7e      0xeb2 lib/socket_close.o
 .debug_info    0x00036d30      0xfba lib/socket_read.o
 .debug_info    0x00037cea      0xeac lib/calloc.o
 .debug_info    0x00038b96       0x9f lib/alloca.o
 .debug_info    0x00038c35      0xd9b lib/fork.o
 .debug_info    0x000399d0      0xfbf lib/socket_write.o
 .debug_info    0x0003a98f      0xd9b lib/getpid.o
 .debug_info    0x0003b72a       0xc9 lib/stdlib/atoi.o
 .debug_info    0x0003b7f3       0xae lib/string/strtok.o
 .debug_info    0x0003b8a1       0xc1 lib/string/strcmp.o
 .debug_info    0x0003b962      0x110 lib/string/strncmp.o
 .debug_info    0x0003ba72       0xcf lib/string/strpbrk.o
 .debug_info    0x0003bb41      0xea1 lib/stdio/read.o
 .debug_info    0x0003c9e2       0x5c lib/stdio/perror.o
 .debug_info    0x0003ca3e      0x20e lib/stdio/sscanf.o
 .debug_info    0x0003cc4c      0xe02 lib/stdio/open.o
 .debug_info    0x0003da4e      0xe2f lib/stdio/write.o
 .debug_info    0x0003e87d      0xdb6 lib/stdio/close.o
 .debug_info    0x0003f633      0xea0 lib/sys/socket.o
 .debug_info    0x000404d3      0xf99 lib/sys/connect.o
 .debug_info    0x0004146c       0xa8 lib/arpa/ntohs.o
 .debug_info    0x00041514       0xcb lib/arpa/htonl.o
 .debug_info    0x000415df       0xa8 lib/arpa/htons.o
 .debug_info    0x00041687      0x260 lib/arpa/inet_pton.o
 .debug_info    0x000418e7       0xcb lib/arpa/ntohl.o
 .debug_info    0x000419b2      0x18a lib/arpa/inet_ntop.o

.debug_abbrev   0x00000000     0x8201
 *(.debug_abbrev)
 .debug_abbrev  0x00000000      0x216 double_link_list.o
 .debug_abbrev  0x00000216      0x157 global.o
 .debug_abbrev  0x0000036d      0x43a kernel_main_old.o
 .debug_abbrev  0x000007a7      0x25e kernel_main.o
 .debug_abbrev  0x00000a05      0x227 protect.o
 .debug_abbrev  0x00000c2c      0x2ac console.o
 .debug_abbrev  0x00000ed8      0x1e0 process.o
 .debug_abbrev  0x000010b8      0x1fb keyboard.o
 .debug_abbrev  0x000012b3      0x222 thread.o
 .debug_abbrev  0x000014d5      0x260 my_process.o
 .debug_abbrev  0x00001735      0x327 network/socket.o
 .debug_abbrev  0x00001a5c      0x2d1 network/ip_input.o
 .debug_abbrev  0x00001d2d      0x3b1 network/udp_sock.o
 .debug_abbrev  0x000020de      0x204 network/dst.o
 .debug_abbrev  0x000022e2      0x2f4 network/netdev.o
 .debug_abbrev  0x000025d6      0x213 network/ip_output.o
 .debug_abbrev  0x000027e9      0x332 network/tcp.o
 .debug_abbrev  0x00002b1b      0x273 network/sock.o
 .debug_abbrev  0x00002d8e      0x39b network/tcp_output.o
 .debug_abbrev  0x00003129      0x210 network/arp.o
 .debug_abbrev  0x00003339      0x3e6 network/tcp_sock.o
 .debug_abbrev  0x0000371f      0x2ee network/ipc.o
 .debug_abbrev  0x00003a0d      0x236 network/icmpv4.o
 .debug_abbrev  0x00003c43      0x24b network/inet.o
 .debug_abbrev  0x00003e8e      0x17f network/skbuff.o
 .debug_abbrev  0x0000400d      0x355 network/tcp_input.o
 .debug_abbrev  0x00004362      0x17a network/task_network.o
 .debug_abbrev  0x000044dc      0x24e network/route.o
 .debug_abbrev  0x0000472a      0x2d3 network/udp.o
 .debug_abbrev  0x000049fd      0x2a6 network/tcp_data.o
 .debug_abbrev  0x00004ca3      0x17a network/utils.o
 .debug_abbrev  0x00004e1d      0x2e3 hd/hd.o
 .debug_abbrev  0x00005100      0x2ef fs/fs_main.o
 .debug_abbrev  0x000053ef      0x204 mm/forkexit.o
 .debug_abbrev  0x000055f3      0x1c4 mm/exec.o
 .debug_abbrev  0x000057b7      0x208 mm/main.o
 .debug_abbrev  0x000059bf      0x330 mem/mem.o
 .debug_abbrev  0x00005cef       0x6a lib/floor.o
 .debug_abbrev  0x00005d59      0x1e8 lib/exec.o
 .debug_abbrev  0x00005f41      0x19b lib/exit.o
 .debug_abbrev  0x000060dc      0x193 lib/unlink.o
 .debug_abbrev  0x0000626f      0x19f lib/wait.o
 .debug_abbrev  0x0000640e      0x1c5 lib/socket_close.o
 .debug_abbrev  0x000065d3      0x1dd lib/socket_read.o
 .debug_abbrev  0x000067b0      0x191 lib/calloc.o
 .debug_abbrev  0x00006941       0x91 lib/alloca.o
 .debug_abbrev  0x000069d2      0x18a lib/fork.o
 .debug_abbrev  0x00006b5c      0x1db lib/socket_write.o
 .debug_abbrev  0x00006d37      0x18a lib/getpid.o
 .debug_abbrev  0x00006ec1       0x94 lib/stdlib/atoi.o
 .debug_abbrev  0x00006f55       0x91 lib/string/strtok.o
 .debug_abbrev  0x00006fe6       0x94 lib/string/strcmp.o
 .debug_abbrev  0x0000707a       0xbe lib/string/strncmp.o
 .debug_abbrev  0x00007138       0xa5 lib/string/strpbrk.o
 .debug_abbrev  0x000071dd      0x1ef lib/stdio/read.o
 .debug_abbrev  0x000073cc       0x5c lib/stdio/perror.o
 .debug_abbrev  0x00007428       0xdd lib/stdio/sscanf.o
 .debug_abbrev  0x00007505      0x1c5 lib/stdio/open.o
 .debug_abbrev  0x000076ca      0x1db lib/stdio/write.o
 .debug_abbrev  0x000078a5      0x19d lib/stdio/close.o
 .debug_abbrev  0x00007a42      0x1c5 lib/sys/socket.o
 .debug_abbrev  0x00007c07      0x1cc lib/sys/connect.o
 .debug_abbrev  0x00007dd3       0x6c lib/arpa/ntohs.o
 .debug_abbrev  0x00007e3f       0xa5 lib/arpa/htonl.o
 .debug_abbrev  0x00007ee4       0x6c lib/arpa/htons.o
 .debug_abbrev  0x00007f50      0x116 lib/arpa/inet_pton.o
 .debug_abbrev  0x00008066       0xa5 lib/arpa/ntohl.o
 .debug_abbrev  0x0000810b       0xf6 lib/arpa/inet_ntop.o

.debug_line     0x00000000     0x9e37
 *(.debug_line .debug_line.* .debug_line_end)
 .debug_line    0x00000000      0x217 double_link_list.o
 .debug_line    0x00000217       0x95 global.o
 .debug_line    0x000002ac      0xe2f kernel_main_old.o
 .debug_line    0x000010db      0x226 kernel_main.o
 .debug_line    0x00001301      0x1ff protect.o
 .debug_line    0x00001500      0x54e console.o
 .debug_line    0x00001a4e      0x1ba process.o
 .debug_line    0x00001c08      0x296 keyboard.o
 .debug_line    0x00001e9e      0x145 thread.o
 .debug_line    0x00001fe3      0x33b my_process.o
 .debug_line    0x0000231e      0x3a6 network/socket.o
 .debug_line    0x000026c4      0x276 network/ip_input.o
 .debug_line    0x0000293a      0x4b1 network/udp_sock.o
 .debug_line    0x00002deb      0x15f network/dst.o
 .debug_line    0x00002f4a      0x3fc network/netdev.o
 .debug_line    0x00003346      0x1ff network/ip_output.o
 .debug_line    0x00003545      0x2f5 network/tcp.o
 .debug_line    0x0000383a      0x222 network/sock.o
 .debug_line    0x00003a5c      0x58b network/tcp_output.o
 .debug_line    0x00003fe7      0x354 network/arp.o
 .debug_line    0x0000433b      0x57c network/tcp_sock.o
 .debug_line    0x000048b7      0x5ab network/ipc.o
 .debug_line    0x00004e62      0x226 network/icmpv4.o
 .debug_line    0x00005088      0x30e network/inet.o
 .debug_line    0x00005396      0x129 network/skbuff.o
 .debug_line    0x000054bf      0x659 network/tcp_input.o
 .debug_line    0x00005b18       0xca network/task_network.o
 .debug_line    0x00005be2      0x209 network/route.o
 .debug_line    0x00005deb      0x2ec network/udp.o
 .debug_line    0x000060d7      0x3e9 network/tcp_data.o
 .debug_line    0x000064c0      0x13c network/utils.o
 .debug_line    0x000065fc      0x62c hd/hd.o
 .debug_line    0x00006c28      0xc23 fs/fs_main.o
 .debug_line    0x0000784b      0x174 mm/forkexit.o
 .debug_line    0x000079bf      0x20c mm/exec.o
 .debug_line    0x00007bcb       0xec mm/main.o
 .debug_line    0x00007cb7      0x77b mem/mem.o
 .debug_line    0x00008432       0x5a lib/floor.o
 .debug_line    0x0000848c      0x18b lib/exec.o
 .debug_line    0x00008617       0xa0 lib/exit.o
 .debug_line    0x000086b7       0xc0 lib/unlink.o
 .debug_line    0x00008777       0xb7 lib/wait.o
 .debug_line    0x0000882e      0x118 lib/socket_close.o
 .debug_line    0x00008946      0x14d lib/socket_read.o
 .debug_line    0x00008a93       0xe3 lib/calloc.o
 .debug_line    0x00008b76       0x6b lib/alloca.o
 .debug_line    0x00008be1       0xa5 lib/fork.o
 .debug_line    0x00008c86      0x150 lib/socket_write.o
 .debug_line    0x00008dd6       0xa0 lib/getpid.o
 .debug_line    0x00008e76       0xad lib/stdlib/atoi.o
 .debug_line    0x00008f23       0x6e lib/string/strtok.o
 .debug_line    0x00008f91       0x9c lib/string/strcmp.o
 .debug_line    0x0000902d       0xcc lib/string/strncmp.o
 .debug_line    0x000090f9       0xb0 lib/string/strpbrk.o
 .debug_line    0x000091a9      0x15b lib/stdio/read.o
 .debug_line    0x00009304       0x48 lib/stdio/perror.o
 .debug_line    0x0000934c      0x1d2 lib/stdio/sscanf.o
 .debug_line    0x0000951e       0xc3 lib/stdio/open.o
 .debug_line    0x000095e1       0xc2 lib/stdio/write.o
 .debug_line    0x000096a3       0xb3 lib/stdio/close.o
 .debug_line    0x00009756      0x10e lib/sys/socket.o
 .debug_line    0x00009864      0x13b lib/sys/connect.o
 .debug_line    0x0000999f       0x6c lib/arpa/ntohs.o
 .debug_line    0x00009a0b       0xc1 lib/arpa/htonl.o
 .debug_line    0x00009acc       0x6c lib/arpa/htons.o
 .debug_line    0x00009b38      0x167 lib/arpa/inet_pton.o
 .debug_line    0x00009c9f       0xc1 lib/arpa/ntohl.o
 .debug_line    0x00009d60       0xd7 lib/arpa/inet_ntop.o

.debug_frame
 *(.debug_frame)

.debug_str      0x00000000     0x3723
 *(.debug_str)
 .debug_str     0x00000000     0x3723 double_link_list.o
                                0x6dd (size before relaxing)
 .debug_str     0x00003723      0x60b global.o
 .debug_str     0x00003723      0xb86 kernel_main_old.o
 .debug_str     0x00003723      0x757 kernel_main.o
 .debug_str     0x00003723      0x766 protect.o
 .debug_str     0x00003723      0x75a console.o
 .debug_str     0x00003723      0x645 process.o
 .debug_str     0x00003723      0x697 keyboard.o
 .debug_str     0x00003723      0x712 thread.o
 .debug_str     0x00003723      0x8f9 my_process.o
 .debug_str     0x00003723      0x923 network/socket.o
 .debug_str     0x00003723      0x996 network/ip_input.o
 .debug_str     0x00003723      0xa6c network/udp_sock.o
 .debug_str     0x00003723      0x71d network/dst.o
 .debug_str     0x00003723      0x895 network/netdev.o
 .debug_str     0x00003723      0x851 network/ip_output.o
 .debug_str     0x00003723      0xb28 network/tcp.o
 .debug_str     0x00003723      0x8b1 network/sock.o
 .debug_str     0x00003723      0xc18 network/tcp_output.o
 .debug_str     0x00003723      0x2f6 network/arp.o
 .debug_str     0x00003723      0xcbb network/tcp_sock.o
 .debug_str     0x00003723      0x8cd network/ipc.o
 .debug_str     0x00003723      0x915 network/icmpv4.o
 .debug_str     0x00003723      0x8e2 network/inet.o
 .debug_str     0x00003723      0x1d8 network/skbuff.o
 .debug_str     0x00003723      0xb88 network/tcp_input.o
 .debug_str     0x00003723      0x28f network/task_network.o
 .debug_str     0x00003723      0x73e network/route.o
 .debug_str     0x00003723      0x948 network/udp.o
 .debug_str     0x00003723      0xa44 network/tcp_data.o
 .debug_str     0x00003723      0x1b8 network/utils.o
 .debug_str     0x00003723      0x914 hd/hd.o
 .debug_str     0x00003723      0xaf5 fs/fs_main.o
 .debug_str     0x00003723      0x612 mm/forkexit.o
 .debug_str     0x00003723      0x868 mm/exec.o
 .debug_str     0x00003723      0x593 mm/main.o
 .debug_str     0x00003723      0xab9 mem/mem.o
 .debug_str     0x00003723       0xa2 lib/floor.o
 .debug_str     0x00003723      0x627 lib/exec.o
 .debug_str     0x00003723      0x5a0 lib/exit.o
 .debug_str     0x00003723      0x61f lib/unlink.o
 .debug_str     0x00003723      0x5a0 lib/wait.o
 .debug_str     0x00003723      0x632 lib/socket_close.o
 .debug_str     0x00003723      0x6ae lib/socket_read.o
 .debug_str     0x00003723      0x62c lib/calloc.o
 .debug_str     0x00003723       0xb6 lib/alloca.o
 .debug_str     0x00003723      0x599 lib/fork.o
 .debug_str     0x00003723      0x6b1 lib/socket_write.o
 .debug_str     0x00003723      0x59d lib/getpid.o
 .debug_str     0x00003723       0xad lib/stdlib/atoi.o
 .debug_str     0x00003723       0xb9 lib/string/strtok.o
 .debug_str     0x00003723       0xb1 lib/string/strcmp.o
 .debug_str     0x00003723       0xba lib/string/strncmp.o
 .debug_str     0x00003723       0xc1 lib/string/strpbrk.o
 .debug_str     0x00003723      0x617 lib/stdio/read.o
 .debug_str     0x00003723       0x99 lib/stdio/perror.o
 .debug_str     0x00003723      0x102 lib/stdio/sscanf.o
 .debug_str     0x00003723      0x5de lib/stdio/open.o
 .debug_str     0x00003723      0x5db lib/stdio/write.o
 .debug_str     0x00003723      0x5a6 lib/stdio/close.o
 .debug_str     0x00003723      0x620 lib/sys/socket.o
 .debug_str     0x00003723      0x6a1 lib/sys/connect.o
 .debug_str     0x00003723      0x101 lib/arpa/ntohs.o
 .debug_str     0x00003723       0xf4 lib/arpa/htonl.o
 .debug_str     0x00003723      0x102 lib/arpa/htons.o
 .debug_str     0x00003723      0x14c lib/arpa/inet_pton.o
 .debug_str     0x00003723       0xf3 lib/arpa/ntohl.o
 .debug_str     0x00003723      0x10f lib/arpa/inet_ntop.o

.debug_loc
 *(.debug_loc)

.debug_macinfo
 *(.debug_macinfo)

.debug_weaknames
 *(.debug_weaknames)

.debug_funcnames
 *(.debug_funcnames)

.debug_typenames
 *(.debug_typenames)

.debug_varnames
 *(.debug_varnames)

.debug_pubtypes
 *(.debug_pubtypes)

.debug_ranges   0x00000000       0x90
 *(.debug_ranges)
 .debug_ranges  0x00000000       0x30 kernel_main_old.o
 .debug_ranges  0x00000030       0x48 hd/hd.o
 .debug_ranges  0x00000078       0x18 mm/exec.o

.debug_addr
 *(.debug_addr)

.debug_line_str
 *(.debug_line_str)

.debug_loclists
 *(.debug_loclists)

.debug_macro
 *(.debug_macro)

.debug_names
 *(.debug_names)

.debug_rnglists
 *(.debug_rnglists)

.debug_str_offsets
 *(.debug_str_offsets)

.debug_sup
 *(.debug_sup)

.gnu.attributes
 *(.gnu.attributes)

/DISCARD/
 *(.note.GNU-stack)
 *(.gnu_debuglink)
 *(.gnu.lto_*)
OUTPUT(kernel.bin elf32-i386)
