
Merging program properties

Removed property 0xc0010001 to merge kernel_main.o (0x1) and kernel_sub.o (not found)
Removed property 0xc0010002 to merge kernel_main.o (0x0) and kernel_sub.o (not found)
Removed property 0xc0010001 to merge kernel_main.o (not found) and hd.o (0x1)
Removed property 0xc0010002 to merge kernel_main.o (not found) and hd.o (0x1)
Removed property 0xc0010001 to merge kernel_main.o (not found) and fs_main.o (0x1)
Removed property 0xc0010002 to merge kernel_main.o (not found) and fs_main.o (0x1)
Removed property 0xc0010001 to merge kernel_main.o (not found) and global.o (0x1)
Removed property 0xc0010002 to merge kernel_main.o (not found) and global.o (0x0)
Removed property 0xc0010001 to merge kernel_main.o (not found) and process.o (0x1)
Removed property 0xc0010002 to merge kernel_main.o (not found) and process.o (0x0)
Removed property 0xc0010001 to merge kernel_main.o (not found) and protect.o (0x1)
Removed property 0xc0010002 to merge kernel_main.o (not found) and protect.o (0x0)
Removed property 0xc0010001 to merge kernel_main.o (not found) and console.o (0x1)
Removed property 0xc0010002 to merge kernel_main.o (not found) and console.o (0x1)
Removed property 0xc0010001 to merge kernel_main.o (not found) and keyboard.o (0x1)
Removed property 0xc0010002 to merge kernel_main.o (not found) and keyboard.o (0x0)
Removed property 0xc0010001 to merge kernel_main.o (not found) and open.o (0x1)
Removed property 0xc0010002 to merge kernel_main.o (not found) and open.o (0x0)
Removed property 0xc0010001 to merge kernel_main.o (not found) and read.o (0x1)
Removed property 0xc0010002 to merge kernel_main.o (not found) and read.o (0x0)
Removed property 0xc0010001 to merge kernel_main.o (not found) and write.o (0x1)
Removed property 0xc0010002 to merge kernel_main.o (not found) and write.o (0x0)
Removed property 0xc0010001 to merge kernel_main.o (not found) and close.o (0x1)
Removed property 0xc0010002 to merge kernel_main.o (not found) and close.o (0x0)
Removed property 0xc0010001 to merge kernel_main.o (not found) and wait.o (0x1)
Removed property 0xc0010002 to merge kernel_main.o (not found) and wait.o (0x0)
Removed property 0xc0010001 to merge kernel_main.o (not found) and exit.o (0x1)
Removed property 0xc0010002 to merge kernel_main.o (not found) and exit.o (0x0)
Removed property 0xc0010001 to merge kernel_main.o (not found) and fork.o (0x1)
Removed property 0xc0010002 to merge kernel_main.o (not found) and fork.o (0x0)
Removed property 0xc0010001 to merge kernel_main.o (not found) and getpid.o (0x1)
Removed property 0xc0010002 to merge kernel_main.o (not found) and getpid.o (0x0)
Removed property 0xc0010001 to merge kernel_main.o (not found) and exec.o (0x1)
Removed property 0xc0010002 to merge kernel_main.o (not found) and exec.o (0x0)
Removed property 0xc0010001 to merge kernel_main.o (not found) and mm/main.o (0x1)
Removed property 0xc0010002 to merge kernel_main.o (not found) and mm/main.o (0x0)
Removed property 0xc0010001 to merge kernel_main.o (not found) and mm/exec.o (0x1)
Removed property 0xc0010002 to merge kernel_main.o (not found) and mm/exec.o (0x0)
Removed property 0xc0010001 to merge kernel_main.o (not found) and mm/forkexit.o (0x1)
Removed property 0xc0010002 to merge kernel_main.o (not found) and mm/forkexit.o (0x0)
Removed property 0xc0010001 to merge kernel_main.o (not found) and kernel_main_old.o (0x1)
Removed property 0xc0010002 to merge kernel_main.o (not found) and kernel_main_old.o (0x1)
Removed property 0xc0010001 to merge kernel_main.o (not found) and my_process.o (0x1)
Removed property 0xc0010002 to merge kernel_main.o (not found) and my_process.o (0x1)
Removed property 0xc0010001 to merge kernel_main.o (not found) and double_link_list.o (0x1)
Removed property 0xc0010002 to merge kernel_main.o (not found) and double_link_list.o (0x0)
Removed property 0xc0010001 to merge kernel_main.o (not found) and thread.o (0x1)
Removed property 0xc0010002 to merge kernel_main.o (not found) and thread.o (0x0)

Allocating common symbols
Common symbol       size              file

current_tty         0x4               kernel_main.o
file_desc_table     0x400             fs_main.o
is_e0               0x1               kernel_main.o
phy_super_block_buf
                    0x4               fs_main.o
phy_fsbuf           0x4               fs_main.o
idt_ptr             0x6               kernel_main.o
pid                 0x4               kernel_main.o
KernelVirtualMemory
                    0xc               kernel_main.o
inode_table         0xa00             fs_main.o
current_dis_pos     0x4               kernel_main.o
dis_pos             0x4               kernel_main.o
k_reenter           0x4               kernel_main.o
super_block_buf     0x4               fs_main.o
gdt                 0x400             kernel_main.o
proc_ready_table    0x4               kernel_main.o
test_ticks          0x4               kernel_main.o
hd_info             0x224             hd.o
proc_stack          0x70000           global.o
pcaller             0x4               kernel_main.o
keyboard_buffer     0x20c             kernel_main.o
pcb_list            0x10              kernel_main.o
gdt_index           0x4               kernel_main.o
tty_table           0x828             kernel_main.o
tss                 0x6c              kernel_main.o
KernelPool          0x10              kernel_main.o
net_buf             0x4               kernel_main.o
fsbuf               0x4               fs_main.o
root                0x28              fs_main.o
kernel_mem_block_decs_array
                    0xf0              mem/mem.o
counter             0x4               kernel_main.o
key_pressed         0x4               kernel_main.o
fork_pid            0x4               kernel_main.o
is_shift            0x1               kernel_main.o
net_data            0x1               kernel_main.o
gdt_ptr             0x6               kernel_main.o
idt                 0x800             kernel_main.o
main_thread         0x4               kernel_main.o
ticks               0x8               kernel_main.o
is_init             0x1               kernel_main.o
UserPool            0x10              kernel_main.o
all_pcb_list        0x10              kernel_main.o
console_table       0x10              kernel_main.o
is_disp             0x1               kernel_main.o
MAIN_THREAD_PAGE_DIRECTORY
                    0x4               kernel_main.o
helloStr            0xc               kernel_main.o
proc_table          0x15e0            global.o
hd_cache            0x200             hd.o

Discarded input sections

 .note.GNU-stack
                0x00000000        0x0 kernel_main.o
 .note.gnu.property
                0x00000000       0x28 kernel_main.o
 .note.GNU-stack
                0x00000000        0x0 hd.o
 .note.gnu.property
                0x00000000       0x28 hd.o
 .note.GNU-stack
                0x00000000        0x0 fs_main.o
 .note.gnu.property
                0x00000000       0x28 fs_main.o
 .note.GNU-stack
                0x00000000        0x0 global.o
 .note.gnu.property
                0x00000000       0x28 global.o
 .note.GNU-stack
                0x00000000        0x0 process.o
 .note.gnu.property
                0x00000000       0x28 process.o
 .note.GNU-stack
                0x00000000        0x0 protect.o
 .note.gnu.property
                0x00000000       0x28 protect.o
 .note.GNU-stack
                0x00000000        0x0 console.o
 .note.gnu.property
                0x00000000       0x28 console.o
 .note.GNU-stack
                0x00000000        0x0 keyboard.o
 .note.gnu.property
                0x00000000       0x28 keyboard.o
 .note.GNU-stack
                0x00000000        0x0 open.o
 .note.gnu.property
                0x00000000       0x28 open.o
 .note.GNU-stack
                0x00000000        0x0 read.o
 .note.gnu.property
                0x00000000       0x28 read.o
 .note.GNU-stack
                0x00000000        0x0 write.o
 .note.gnu.property
                0x00000000       0x28 write.o
 .note.GNU-stack
                0x00000000        0x0 close.o
 .note.gnu.property
                0x00000000       0x28 close.o
 .note.GNU-stack
                0x00000000        0x0 wait.o
 .note.gnu.property
                0x00000000       0x28 wait.o
 .note.GNU-stack
                0x00000000        0x0 exit.o
 .note.gnu.property
                0x00000000       0x28 exit.o
 .note.GNU-stack
                0x00000000        0x0 fork.o
 .note.gnu.property
                0x00000000       0x28 fork.o
 .note.GNU-stack
                0x00000000        0x0 getpid.o
 .note.gnu.property
                0x00000000       0x28 getpid.o
 .note.GNU-stack
                0x00000000        0x0 exec.o
 .note.gnu.property
                0x00000000       0x28 exec.o
 .note.GNU-stack
                0x00000000        0x0 mm/main.o
 .note.gnu.property
                0x00000000       0x28 mm/main.o
 .note.GNU-stack
                0x00000000        0x0 mm/exec.o
 .note.gnu.property
                0x00000000       0x28 mm/exec.o
 .note.GNU-stack
                0x00000000        0x0 mm/forkexit.o
 .note.gnu.property
                0x00000000       0x28 mm/forkexit.o
 .note.GNU-stack
                0x00000000        0x0 mem/mem.o
 .note.GNU-stack
                0x00000000        0x0 kernel_main_old.o
 .note.gnu.property
                0x00000000       0x28 kernel_main_old.o
 .note.GNU-stack
                0x00000000        0x0 my_process.o
 .note.gnu.property
                0x00000000       0x28 my_process.o
 .note.GNU-stack
                0x00000000        0x0 double_link_list.o
 .note.gnu.property
                0x00000000       0x28 double_link_list.o
 .note.GNU-stack
                0x00000000        0x0 thread.o
 .note.gnu.property
                0x00000000       0x28 thread.o

Memory Configuration

Name             Origin             Length             Attributes
*default*        0x00000000         0xffffffff

Linker script and memory map

Address of section .text set to 0xc0100000
LOAD kernel_sub.o
LOAD kernel.o
LOAD string.o
LOAD kernel_main.o
LOAD hd.o
LOAD syscall.o
LOAD fs_main.o
LOAD global.o
LOAD hd_rdwt.o
LOAD process.o
LOAD protect.o
LOAD console.o
LOAD keyboard.o
LOAD open.o
LOAD read.o
LOAD write.o
LOAD close.o
LOAD wait.o
LOAD exit.o
LOAD fork.o
LOAD getpid.o
LOAD exec.o
LOAD mm/main.o
LOAD mm/exec.o
LOAD mm/forkexit.o
LOAD mem/mem.o
LOAD kernel_main_old.o
LOAD my_process.o
LOAD switch_to.o
LOAD double_link_list.o
LOAD thread.o
LOAD ne2000.o
                [!provide]                        PROVIDE (__executable_start = SEGMENT_START ("text-segment", 0x8048000))
                0x080480d4                        . = (SEGMENT_START ("text-segment", 0x8048000) + SIZEOF_HEADERS)

.interp
 *(.interp)

.note.gnu.build-id
 *(.note.gnu.build-id)

.hash
 *(.hash)

.gnu.hash
 *(.gnu.hash)

.dynsym
 *(.dynsym)

.dynstr
 *(.dynstr)

.gnu.version
 *(.gnu.version)

.gnu.version_d
 *(.gnu.version_d)

.gnu.version_r
 *(.gnu.version_r)

.rel.dyn        0x080480d4        0x0
 *(.rel.init)
 *(.rel.text .rel.text.* .rel.gnu.linkonce.t.*)
 .rel.text      0x080480d4        0x0 kernel_sub.o
 *(.rel.fini)
 *(.rel.rodata .rel.rodata.* .rel.gnu.linkonce.r.*)
 *(.rel.data.rel.ro .rel.data.rel.ro.* .rel.gnu.linkonce.d.rel.ro.*)
 *(.rel.data .rel.data.* .rel.gnu.linkonce.d.*)
 *(.rel.tdata .rel.tdata.* .rel.gnu.linkonce.td.*)
 *(.rel.tbss .rel.tbss.* .rel.gnu.linkonce.tb.*)
 *(.rel.ctors)
 *(.rel.dtors)
 *(.rel.got)
 .rel.got       0x080480d4        0x0 kernel_sub.o
 *(.rel.bss .rel.bss.* .rel.gnu.linkonce.b.*)
 *(.rel.ifunc)

.rel.plt        0x080480d4        0x0
 *(.rel.plt)
                [!provide]                        PROVIDE (__rel_iplt_start = .)
 *(.rel.iplt)
 .rel.iplt      0x080480d4        0x0 kernel_sub.o
                [!provide]                        PROVIDE (__rel_iplt_end = .)

.relr.dyn
 *(.relr.dyn)
                0x08049000                        . = ALIGN (CONSTANT (MAXPAGESIZE))

.init
 *(SORT_NONE(.init))

.plt            0x08049000        0x0
 *(.plt)
 *(.iplt)
 .iplt          0x08049000        0x0 kernel_sub.o

.plt.got
 *(.plt.got)

.plt.sec
 *(.plt.sec)

.text           0xc0100000     0xaa20
 *(.text.unlikely .text.*_unlikely .text.unlikely.*)
 *(.text.exit .text.exit.*)
 *(.text.startup .text.startup.*)
 *(.text.hot .text.hot.*)
 *(SORT_BY_NAME(.text.sorted.*))
 *(.text .stub .text.* .gnu.linkonce.t.*)
 .text          0xc0100000       0x71 kernel_sub.o
                0xc0100000                _start
 *fill*         0xc0100071        0xf 
 .text          0xc0100080      0x3d7 kernel.o
                0xc0100080                InterruptTest
                0xc010008c                disp_str_len
                0xc01000d9                disp_str
                0xc0100114                disp_str_colour
                0xc0100150                divide_zero_fault
                0xc0100156                single_step_fault
                0xc010015c                non_maskable_interrupt
                0xc0100162                breakpoint_trap
                0xc0100168                overflow_trap
                0xc010016e                bound_range_exceeded_fault
                0xc0100174                invalid_opcode_fault
                0xc010017a                coprocessor_not_available_fault
                0xc0100180                double_fault_exception_abort
                0xc0100184                coprocessor_segment_overrun
                0xc010018a                invalid_task_state_segment_fault
                0xc010018e                segment_not_present_fault
                0xc0100192                stack_exception_fault
                0xc0100196                general_protection_exception_fault
                0xc01001a1                page_fault
                0xc01001a5                coprocessor_error_fault
                0xc01001ab                align_check_fault
                0xc01001af                simd_float_exception_fault
                0xc01001be                hwint0
                0xc01001ee                hwint1
                0xc0100231                hwint14
                0xc0100277                hwint10
                0xc01002ba                sys_call
                0xc0100300                fork_restart
                0xc010030f                restart
                0xc0100332                in_byte
                0xc010033e                out_byte
                0xc0100360                disable_int
                0xc0100362                enable_int
                0xc01003f8                enable_8259A_casecade_irq
                0xc0100402                disable_8259A_casecade_irq
                0xc010040c                enable_8259A_slave_winchester_irq
                0xc0100416                disable_8259A_slave_winchester_irq
                0xc0100420                update_cr3
                0xc010042d                update_tss
                0xc010043c                get_running_thread_pcb
                0xc0100444                sys_call_test
                0xc0100447                enable_8259A_slave_net_irq
 .text          0xc0100457      0x3c3 kernel_main.o
                0xc0100457                kernel_main
                0xc01005dd                init
                0xc0100671                kernel_thread_a
                0xc01006be                kernel_thread_b
                0xc010070b                kernel_thread_c
                0xc0100721                kernel_thread_d
                0xc0100737                user_proc_a
                0xc0100802                user_proc_b
 .text          0xc010081a     0x1036 hd.o
                0xc010081a                TaskHD
                0xc010085f                init_hd
                0xc0100879                hd_handle
                0xc010097e                hd_cmd_out
                0xc0100a80                hd_identify
                0xc0100b37                print_hdinfo
                0xc0100cc5                print_dpt_entry
                0xc0100d31                get_partition_table
                0xc0100e10                partition
                0xc010102a                hd_open
                0xc01010d1                get_hd_ioctl
                0xc0101182                wait_for
                0xc01011b3                interrupt_wait
                0xc0101203                hd_rdwt
                0xc01014a2                hd_handler
                0xc01014ce                debug_ticks
                0xc010150c                net_handler
                0xc01016e7                waitfor
                0xc010172b                print_hd_info
                0xc0101818                is_empty
 .text          0xc0101850       0x69 syscall.o
                0xc0101850                write_debug
                0xc0101860                send_msg
                0xc0101876                receive_msg
                0xc010188c                sys_malloc
                0xc01018a1                sys_free
 .text          0xc01018b9     0x204f fs_main.o
                0xc01018b9                task_fs
                0xc0101ac4                rd_wt
                0xc0101b9d                mkfs
                0xc010217f                init_fs
                0xc01021d3                do_open
                0xc01023c2                search_file
                0xc01024f4                strip_path
                0xc01025c0                get_inode
                0xc0102782                create_file
                0xc010288d                alloc_imap_bit
                0xc010298a                alloc_smap_bit
                0xc0102b2b                new_inode
                0xc0102c49                new_dir_entry
                0xc0102e55                do_unlink
                0xc0103331                do_rdwt
                0xc01036bc                sync_inode
                0xc0103810                put_inode
                0xc010384e                do_close
                0xc01038a0                get_super_block
 .text          0xc0103908        0x0 global.o
 .text          0xc0103908      0x21b process.o
                0xc0103908                schedule_process
                0xc0103a15                clock_handler
                0xc0103a86                pid2proc
                0xc0103b0c                proc2pid
 .text          0xc0103b23      0x3b3 protect.o
                0xc0103b23                InitDescriptor
                0xc0103b90                Seg2PhyAddr
                0xc0103bd1                Seg2PhyAddrLDT
                0xc0103c15                VirAddr2PhyAddr
                0xc0103c2b                v2l
                0xc0103c6e                init_propt
                0xc0103def                InitInterruptDesc
                0xc0103e4b                ReloadGDT
 .text          0xc0103ed6      0xaca console.o
                0xc0103ed6                select_console
                0xc0103f12                flush
                0xc0103f4b                set_cursor
                0xc0103fa9                set_console_start_video_addr
                0xc0104007                put_key
                0xc0104073                scroll_up
                0xc01040b5                scroll_down
                0xc0104120                out_char
                0xc01042dd                tty_dev_read
                0xc0104307                tty_dev_write
                0xc0104534                tty_do_read
                0xc01045fc                tty_do_write
                0xc010475f                init_screen
                0xc01047e8                init_tty
                0xc010489d                TaskTTY
 .text          0xc01049a0      0x40f keyboard.o
                0xc01049a0                keyboard_handler
                0xc0104a24                read_from_keyboard_buf
                0xc0104a8a                keyboard_read
                0xc0104c09                init_keyboard_handler
                0xc0104c1d                in_process
 .text          0xc0104daf       0x95 open.o
                0xc0104daf                open
 .text          0xc0104e44      0x181 read.o
                0xc0104e44                read
 .text          0xc0104fc5       0x85 write.o
                0xc0104fc5                write
 .text          0xc010504a       0x52 close.o
                0xc010504a                close
 .text          0xc010509c       0x44 wait.o
                0xc010509c                wait
 .text          0xc01050e0       0x2f exit.o
                0xc01050e0                exit
 .text          0xc010510f       0x48 fork.o
                0xc010510f                fork
 .text          0xc0105157       0x2b getpid.o
                0xc0105157                getpid
 .text          0xc0105182      0x285 exec.o
                0xc0105182                exec
                0xc01051f3                execv
                0xc01053e2                execl
 .text          0xc0105407      0x148 mm/main.o
                0xc0105407                TaskMM
                0xc0105530                alloc_mem
 .text          0xc010554f      0x419 mm/exec.o
                0xc010554f                do_exec
 .text          0xc0105968      0x271 mm/forkexit.o
                0xc0105968                do_fork
                0xc01059d6                do_exit
                0xc0105a60                do_wait
                0xc0105b7f                cleanup
 .text          0xc0105bd9     0x1275 mem/mem.o
                0xc0105bd9                init_bitmap
                0xc0105bfc                test_bit_val
                0xc0105c65                set_bit_val
                0xc0105ce0                set_bits
                0xc0105d1a                get_first_free_bit
                0xc0105d5e                get_bits
                0xc0105e26                get_a_page
                0xc0105eda                get_virtual_address_start_with_addr
                0xc0105f74                get_virtual_address
                0xc0106004                ptr_pde
                0xc0106017                ptr_pte
                0xc010603e                add_map_entry
                0xc01060cf                alloc_virtual_memory
                0xc01061a2                get_physical_address_proc
                0xc010621e                get_physical_address
                0xc0106250                alloc_physical_memory_of_proc
                0xc010633f                alloc_physical_memory
                0xc0106407                alloc_memory
                0xc0106469                get_a_virtual_page
                0xc01064a1                block2arena
                0xc01064b7                sys_malloc2
                0xc010676d                remove_map_entry
                0xc010678e                free_a_page
                0xc0106835                sys_free2
                0xc01069bd                init_memory_block_desc
                0xc0106a8e                init_memory2
                0xc0106d05                init_memory
 .text          0xc0106e4e     0x2d4d kernel_main_old.o
                0xc0106e4e                stop_here
                0xc0106e92                catch_error
                0xc0106eaf                intr_enable
                0xc0106ed8                intr_disable
                0xc0106f01                intr_set_status
                0xc0106f1f                intr_get_status
                0xc0106f3c                Memcpy
                0xc0106f6f                untar
                0xc0107284                atoi
                0xc010732a                disp_int
                0xc0107353                do_page_fault
                0xc0107490                exception_handler
                0xc0107677                init_internal_interrupt
                0xc01077ec                spurious_irq
                0xc010787a                init_keyboard
                0xc01078bd                TestTTY
                0xc010795c                TestReadReturnValue
                0xc01079d9                TestWriteReturnValue
                0xc0107aad                TestFS2
                0xc0107abb                TestFS
                0xc0107f5d                wait_exit
                0xc010805b                INIT_fork
                0xc0108353                simple_shell
                0xc01084da                test_shell
                0xc0108542                test_exec
                0xc0108682                INIT
                0xc010868f                TestA
                0xc01086c4                delay
                0xc0108708                TestB
                0xc0108720                TestC
                0xc0108753                sys_get_ticks
                0xc0108763                sys_write
                0xc01087b7                milli_delay
                0xc01087f3                TaskSys
                0xc01087f8                Printf
                0xc0108856                vsprintf
                0xc0108a02                printx
                0xc0108a45                sys_printx
                0xc0108b11                spin
                0xc0108b37                panic
                0xc0108b55                assertion_failure
                0xc0108bc7                assertion_failure2
                0xc0108c3c                dead_lock
                0xc0108c46                sys_send_msg
                0xc0109165                sys_receive_msg
                0xc01097c5                send_rec
                0xc01098c0                block
                0xc01098fc                unblock
                0xc010994c                get_ticks_ipc
                0xc01099a3                itoa
                0xc01099f9                i2a
                0xc0109a5f                inform_int
                0xc0109b2c                strcmp
 .text          0xc0109b9b      0x730 my_process.o
                0xc0109b9b                create_user_process_address_space
                0xc0109c2b                user_process
                0xc0109d58                clone_pcb
                0xc0109eca                build_body_stack
                0xc0109ffd                build_process_kernel_stack
                0xc010a0c0                fork_process
                0xc010a151                process_execute
 *fill*         0xc010a2cb        0x5 
 .text          0xc010a2d0       0x15 switch_to.o
                0xc010a2d0                switch_to
 .text          0xc010a2e5      0x329 double_link_list.o
                0xc010a2e5                initDoubleLinkList
                0xc010a313                isListEmpty
                0xc010a334                findElementInList
                0xc010a410                appendToDoubleLinkList
                0xc010a4f7                insertToDoubleLinkList
                0xc010a57a                popFromDoubleLinkList
 .text          0xc010a60e      0x1b2 thread.o
                0xc010a60e                kernel_thread
                0xc010a626                thread_init
                0xc010a6d3                thread_create
                0xc010a708                thread_start
 .text          0xc010a7c0      0x260 ne2000.o
                0xc010a7e3                DriverInitialize
                0xc010a86d                SetPageStart
                0xc010a895                DriverSend
                0xc010a90a                PCtoNIC
                0xc010a978                get_interrupt_status
                0xc010a98e                set_interrupt_status
                0xc010a9a7                get_curr_page
                0xc010a9c4                NICtoPC
 *(.gnu.warning)

.fini
 *(SORT_NONE(.fini))
                [!provide]                        PROVIDE (__etext = .)
                [!provide]                        PROVIDE (_etext = .)
                [!provide]                        PROVIDE (etext = .)
                0xc010b000                        . = ALIGN (CONSTANT (MAXPAGESIZE))
                0xc010b000                        . = SEGMENT_START ("rodata-segment", (ALIGN (CONSTANT (MAXPAGESIZE)) + (. & (CONSTANT (MAXPAGESIZE) - 0x1))))

.rodata         0xc010b000     0x1241
 *(.rodata .rodata.* .gnu.linkonce.r.*)
 .rodata        0xc010b000      0x134 kernel_main.o
 .rodata        0xc010b134      0x259 hd.o
 *fill*         0xc010b38d        0x3 
 .rodata        0xc010b390      0x1eb fs_main.o
                0xc010b390                FSBUF_SIZE
 .rodata        0xc010b57b       0x26 process.o
 .rodata        0xc010b5a1       0x22 console.o
 .rodata        0xc010b5c3       0x24 close.o
 .rodata        0xc010b5e7       0x2d exec.o
 .rodata        0xc010b614       0x11 mm/main.o
 .rodata        0xc010b625       0x10 mm/exec.o
 .rodata        0xc010b635       0x21 mm/forkexit.o
 .rodata        0xc010b656       0x41 mem/mem.o
 *fill*         0xc010b697        0x9 
 .rodata        0xc010b6a0      0xb75 kernel_main_old.o
 .rodata        0xc010c215       0x2c double_link_list.o

.txt            0xc010c241       0xaa
 .txt           0xc010c241       0x82 string.o
                0xc010c241                Memcpy2
                0xc010c26f                Memset
                0xc010c28e                Strcpy
                0xc010c2a8                Strlen
 .txt           0xc010c2c3       0x28 hd_rdwt.o
                0xc010c2c3                read_port
                0xc010c2d7                write_port

.rodata1
 *(.rodata1)

.eh_frame_hdr
 *(.eh_frame_hdr)
 *(.eh_frame_entry .eh_frame_entry.*)

.eh_frame       0xc010c2ec     0x1868
 *(.eh_frame)
 .eh_frame      0xc010c2ec       0xfc kernel_main.o
 .eh_frame      0xc010c3e8      0x284 hd.o
                                0x29c (size before relaxing)
 .eh_frame      0xc010c66c      0x27c fs_main.o
                                0x294 (size before relaxing)
 .eh_frame      0xc010c8e8       0x80 process.o
                                 0x98 (size before relaxing)
 .eh_frame      0xc010c968      0x100 protect.o
                                0x118 (size before relaxing)
 .eh_frame      0xc010ca68      0x1e0 console.o
                                0x1f8 (size before relaxing)
 .eh_frame      0xc010cc48       0xa0 keyboard.o
                                 0xb8 (size before relaxing)
 .eh_frame      0xc010cce8       0x20 open.o
                                 0x38 (size before relaxing)
 .eh_frame      0xc010cd08       0x20 read.o
                                 0x38 (size before relaxing)
 .eh_frame      0xc010cd28       0x20 write.o
                                 0x38 (size before relaxing)
 .eh_frame      0xc010cd48       0x20 close.o
                                 0x38 (size before relaxing)
 .eh_frame      0xc010cd68       0x20 wait.o
                                 0x38 (size before relaxing)
 .eh_frame      0xc010cd88       0x20 exit.o
                                 0x38 (size before relaxing)
 .eh_frame      0xc010cda8       0x20 fork.o
                                 0x38 (size before relaxing)
 .eh_frame      0xc010cdc8       0x20 getpid.o
                                 0x38 (size before relaxing)
 .eh_frame      0xc010cde8       0x60 exec.o
                                 0x78 (size before relaxing)
 .eh_frame      0xc010ce48       0x3c mm/main.o
                                 0x54 (size before relaxing)
 .eh_frame      0xc010ce84       0x20 mm/exec.o
                                 0x38 (size before relaxing)
 .eh_frame      0xc010cea4       0x80 mm/forkexit.o
                                 0x98 (size before relaxing)
 .eh_frame      0xc010cf24      0x364 mem/mem.o
                                0x37c (size before relaxing)
 .eh_frame      0xc010d288      0x6ac kernel_main_old.o
                                0x6c4 (size before relaxing)
 .eh_frame      0xc010d934       0xe0 my_process.o
                                 0xf8 (size before relaxing)
 .eh_frame      0xc010da14       0xc0 double_link_list.o
                                 0xd8 (size before relaxing)
 .eh_frame      0xc010dad4       0x80 thread.o
                                 0x98 (size before relaxing)
 *(.eh_frame.*)

.sframe
 *(.sframe)
 *(.sframe.*)

.gcc_except_table
 *(.gcc_except_table .gcc_except_table.*)

.gnu_extab
 *(.gnu_extab*)

.exception_ranges
 *(.exception_ranges*)
                0xc010e000                        . = DATA_SEGMENT_ALIGN (CONSTANT (MAXPAGESIZE), CONSTANT (COMMONPAGESIZE))

.eh_frame
 *(.eh_frame)
 *(.eh_frame.*)

.sframe
 *(.sframe)
 *(.sframe.*)

.gnu_extab
 *(.gnu_extab)

.gcc_except_table
 *(.gcc_except_table .gcc_except_table.*)

.exception_ranges
 *(.exception_ranges*)

.tdata          0xc010e000        0x0
                [!provide]                        PROVIDE (__tdata_start = .)
 *(.tdata .tdata.* .gnu.linkonce.td.*)

.tbss
 *(.tbss .tbss.* .gnu.linkonce.tb.*)
 *(.tcommon)

.preinit_array  0xc010e000        0x0
                [!provide]                        PROVIDE (__preinit_array_start = .)
 *(.preinit_array)
                [!provide]                        PROVIDE (__preinit_array_end = .)

.init_array     0xc010e000        0x0
                [!provide]                        PROVIDE (__init_array_start = .)
 *(SORT_BY_INIT_PRIORITY(.init_array.*) SORT_BY_INIT_PRIORITY(.ctors.*))
 *(.init_array EXCLUDE_FILE(*crtend?.o *crtend.o *crtbegin?.o *crtbegin.o) .ctors)
                [!provide]                        PROVIDE (__init_array_end = .)

.fini_array     0xc010e000        0x0
                [!provide]                        PROVIDE (__fini_array_start = .)
 *(SORT_BY_INIT_PRIORITY(.fini_array.*) SORT_BY_INIT_PRIORITY(.dtors.*))
 *(.fini_array EXCLUDE_FILE(*crtend?.o *crtend.o *crtbegin?.o *crtbegin.o) .dtors)
                [!provide]                        PROVIDE (__fini_array_end = .)

.ctors
 *crtbegin.o(.ctors)
 *crtbegin?.o(.ctors)
 *(EXCLUDE_FILE(*crtend?.o *crtend.o) .ctors)
 *(SORT_BY_NAME(.ctors.*))
 *(.ctors)

.dtors
 *crtbegin.o(.dtors)
 *crtbegin?.o(.dtors)
 *(EXCLUDE_FILE(*crtend?.o *crtend.o) .dtors)
 *(SORT_BY_NAME(.dtors.*))
 *(.dtors)

.jcr
 *(.jcr)

.data.rel.ro
 *(.data.rel.ro.local* .gnu.linkonce.d.rel.ro.local.*)
 *(.data.rel.ro .data.rel.ro.* .gnu.linkonce.d.rel.ro.*)

.dynamic
 *(.dynamic)

.got            0xc010e000        0x0
 *(.got)
 .got           0xc010e000        0x0 kernel_sub.o
 *(.igot)
                0xc010e000                        . = DATA_SEGMENT_RELRO_END (., (SIZEOF (.got.plt) >= 0xc)?0xc:0x0)

.got.plt        0xc010e000        0x0
 *(.got.plt)
 .got.plt       0xc010e000        0x0 kernel_sub.o
 *(.igot.plt)
 .igot.plt      0xc010e000        0x0 kernel_sub.o

.data           0xc010e000      0x760
 *(.data .data.* .gnu.linkonce.d.*)
 .data          0xc010e000        0xf kernel_sub.o
 *fill*         0xc010e00f        0x1 
 .data          0xc010e010        0xf kernel.o
 .data          0xc010e01f        0x0 kernel_main.o
 .data          0xc010e01f        0x0 hd.o
 *fill*         0xc010e01f        0x1 
 .data          0xc010e020        0x0 syscall.o
 .data          0xc010e020        0x0 fs_main.o
 .data          0xc010e020      0x128 global.o
                0xc010e020                user_task_table
                0xc010e0a0                sys_task_table
                0xc010e12c                sys_call_table
 .data          0xc010e148        0x0 process.o
 .data          0xc010e148        0x0 protect.o
 .data          0xc010e148        0x0 console.o
 *fill*         0xc010e148       0x18 
 .data          0xc010e160      0x600 keyboard.o
                0xc010e160                keymap
 .data          0xc010e760        0x0 open.o
 .data          0xc010e760        0x0 read.o
 .data          0xc010e760        0x0 write.o
 .data          0xc010e760        0x0 close.o
 .data          0xc010e760        0x0 wait.o
 .data          0xc010e760        0x0 exit.o
 .data          0xc010e760        0x0 fork.o
 .data          0xc010e760        0x0 getpid.o
 .data          0xc010e760        0x0 exec.o
 .data          0xc010e760        0x0 mm/main.o
 .data          0xc010e760        0x0 mm/exec.o
 .data          0xc010e760        0x0 mm/forkexit.o
 .data          0xc010e760        0x0 mem/mem.o
 .data          0xc010e760        0x0 kernel_main_old.o
 .data          0xc010e760        0x0 my_process.o
 .data          0xc010e760        0x0 double_link_list.o
 .data          0xc010e760        0x0 thread.o

.data1
 *(.data1)
                0xc010e760                        _edata = .
                [!provide]                        PROVIDE (edata = .)
                0xc010e760                        . = .
                0xc010e760                        __bss_start = .

.bss            0xc010e760    0x75170
 *(.dynbss)
 *(.bss .bss.* .gnu.linkonce.b.*)
 .bss           0xc010e760      0x800 kernel_sub.o
 .bss           0xc010ef60      0x800 kernel.o
 .bss           0xc010f760        0x0 kernel_main.o
 .bss           0xc010f760        0x0 hd.o
 .bss           0xc010f760        0x4 fs_main.o
                0xc010f760                c
 .bss           0xc010f764        0x0 global.o
 .bss           0xc010f764        0x0 process.o
 .bss           0xc010f764        0x0 protect.o
 .bss           0xc010f764        0x0 console.o
 .bss           0xc010f764        0x0 keyboard.o
 .bss           0xc010f764        0x0 open.o
 .bss           0xc010f764        0x0 read.o
 .bss           0xc010f764        0x0 write.o
 .bss           0xc010f764        0x0 close.o
 .bss           0xc010f764        0x0 wait.o
 .bss           0xc010f764        0x0 exit.o
 .bss           0xc010f764        0x0 fork.o
 .bss           0xc010f764        0x0 getpid.o
 .bss           0xc010f764        0x0 exec.o
 .bss           0xc010f764        0x0 mm/main.o
 .bss           0xc010f764        0x0 mm/exec.o
 .bss           0xc010f764        0x0 mm/forkexit.o
 .bss           0xc010f764        0x0 mem/mem.o
 .bss           0xc010f764        0x0 kernel_main_old.o
 .bss           0xc010f764        0x0 my_process.o
 .bss           0xc010f764        0x0 double_link_list.o
 .bss           0xc010f764        0x0 thread.o
 *(COMMON)
 *fill*         0xc010f764       0x1c 
 COMMON         0xc010f780     0x17b8 kernel_main.o
                0xc010f780                current_tty
                0xc010f784                is_e0
                0xc010f788                idt_ptr
                0xc010f790                pid
                0xc010f794                KernelVirtualMemory
                0xc010f7a0                current_dis_pos
                0xc010f7a4                dis_pos
                0xc010f7a8                k_reenter
                0xc010f7c0                gdt
                0xc010fbc0                proc_ready_table
                0xc010fbc4                test_ticks
                0xc010fbc8                pcaller
                0xc010fbe0                keyboard_buffer
                0xc010fdec                pcb_list
                0xc010fdfc                gdt_index
                0xc010fe00                tty_table
                0xc0110640                tss
                0xc01106ac                KernelPool
                0xc01106bc                net_buf
                0xc01106c0                counter
                0xc01106c4                key_pressed
                0xc01106c8                fork_pid
                0xc01106cc                is_shift
                0xc01106cd                net_data
                0xc01106d0                gdt_ptr
                0xc01106e0                idt
                0xc0110ee0                main_thread
                0xc0110ee8                ticks
                0xc0110ef0                is_init
                0xc0110ef4                UserPool
                0xc0110f04                all_pcb_list
                0xc0110f14                console_table
                0xc0110f24                is_disp
                0xc0110f28                MAIN_THREAD_PAGE_DIRECTORY
                0xc0110f2c                helloStr
 *fill*         0xc0110f38        0x8 
 COMMON         0xc0110f40      0x440 hd.o
                0xc0110f40                hd_info
                0xc0111180                hd_cache
 COMMON         0xc0111380      0xe68 fs_main.o
                0xc0111380                file_desc_table
                0xc0111780                phy_super_block_buf
                0xc0111784                phy_fsbuf
                0xc01117a0                inode_table
                0xc01121a0                super_block_buf
                0xc01121a4                fsbuf
                0xc01121c0                root
 *fill*         0xc01121e8       0x18 
 COMMON         0xc0112200    0x715e0 global.o
                0xc0112200                proc_stack
                0xc0182200                proc_table
 COMMON         0xc01837e0       0xf0 mem/mem.o
                0xc01837e0                kernel_mem_block_decs_array
                0xc01838d0                        . = ALIGN ((. != 0x0)?0x4:0x1)
                0xc01838d0                        . = ALIGN (0x4)
                0xc01838d0                        . = SEGMENT_START ("ldata-segment", .)
                0xc01838d0                        . = ALIGN (0x4)
                0xc01838d0                        _end = .
                [!provide]                        PROVIDE (end = .)
                0xc01838d0                        . = DATA_SEGMENT_END (.)

.stab
 *(.stab)

.stabstr
 *(.stabstr)

.stab.excl
 *(.stab.excl)

.stab.exclstr
 *(.stab.exclstr)

.stab.index
 *(.stab.index)

.stab.indexstr
 *(.stab.indexstr)

.comment        0x00000000       0x2c
 *(.comment)
 .comment       0x00000000       0x2c kernel_main.o
                                 0x2d (size before relaxing)
 .comment       0x0000002c       0x2d hd.o
 .comment       0x0000002c       0x2d fs_main.o
 .comment       0x0000002c       0x2d global.o
 .comment       0x0000002c       0x2d process.o
 .comment       0x0000002c       0x2d protect.o
 .comment       0x0000002c       0x2d console.o
 .comment       0x0000002c       0x2d keyboard.o
 .comment       0x0000002c       0x2d open.o
 .comment       0x0000002c       0x2d read.o
 .comment       0x0000002c       0x2d write.o
 .comment       0x0000002c       0x2d close.o
 .comment       0x0000002c       0x2d wait.o
 .comment       0x0000002c       0x2d exit.o
 .comment       0x0000002c       0x2d fork.o
 .comment       0x0000002c       0x2d getpid.o
 .comment       0x0000002c       0x2d exec.o
 .comment       0x0000002c       0x2d mm/main.o
 .comment       0x0000002c       0x2d mm/exec.o
 .comment       0x0000002c       0x2d mm/forkexit.o
 .comment       0x0000002c       0x2d mem/mem.o
 .comment       0x0000002c       0x2d kernel_main_old.o
 .comment       0x0000002c       0x2d my_process.o
 .comment       0x0000002c       0x2d double_link_list.o
 .comment       0x0000002c       0x2d thread.o

.gnu.build.attributes
 *(.gnu.build.attributes .gnu.build.attributes.*)

.debug
 *(.debug)

.line
 *(.line)

.debug_srcinfo
 *(.debug_srcinfo)

.debug_sfnames
 *(.debug_sfnames)

.debug_aranges  0x00000000      0x318
 *(.debug_aranges)
 .debug_aranges
                0x00000000       0x20 kernel_main.o
 .debug_aranges
                0x00000020       0x20 hd.o
 .debug_aranges
                0x00000040       0x20 fs_main.o
 .debug_aranges
                0x00000060       0x18 global.o
 .debug_aranges
                0x00000078       0x20 process.o
 .debug_aranges
                0x00000098       0x20 protect.o
 .debug_aranges
                0x000000b8       0x20 console.o
 .debug_aranges
                0x000000d8       0x20 keyboard.o
 .debug_aranges
                0x000000f8       0x20 open.o
 .debug_aranges
                0x00000118       0x20 read.o
 .debug_aranges
                0x00000138       0x20 write.o
 .debug_aranges
                0x00000158       0x20 close.o
 .debug_aranges
                0x00000178       0x20 wait.o
 .debug_aranges
                0x00000198       0x20 exit.o
 .debug_aranges
                0x000001b8       0x20 fork.o
 .debug_aranges
                0x000001d8       0x20 getpid.o
 .debug_aranges
                0x000001f8       0x20 exec.o
 .debug_aranges
                0x00000218       0x20 mm/main.o
 .debug_aranges
                0x00000238       0x20 mm/exec.o
 .debug_aranges
                0x00000258       0x20 mm/forkexit.o
 .debug_aranges
                0x00000278       0x20 mem/mem.o
 .debug_aranges
                0x00000298       0x20 kernel_main_old.o
 .debug_aranges
                0x000002b8       0x20 my_process.o
 .debug_aranges
                0x000002d8       0x20 double_link_list.o
 .debug_aranges
                0x000002f8       0x20 thread.o

.debug_pubnames
 *(.debug_pubnames)

.debug_info     0x00000000    0x1c0bd
 *(.debug_info .gnu.linkonce.wi.*)
 .debug_info    0x00000000      0xfc4 kernel_main.o
 .debug_info    0x00000fc4     0x1949 hd.o
 .debug_info    0x0000290d     0x1f29 fs_main.o
 .debug_info    0x00004836      0xe78 global.o
 .debug_info    0x000056ae      0xf61 process.o
 .debug_info    0x0000660f     0x11a3 protect.o
 .debug_info    0x000077b2     0x1278 console.o
 .debug_info    0x00008a2a      0xfcc keyboard.o
 .debug_info    0x000099f6      0xdf0 open.o
 .debug_info    0x0000a7e6      0xe8f read.o
 .debug_info    0x0000b675      0xe1d write.o
 .debug_info    0x0000c492      0xda4 close.o
 .debug_info    0x0000d236      0xdaf wait.o
 .debug_info    0x0000dfe5      0xda1 exit.o
 .debug_info    0x0000ed86      0xd96 fork.o
 .debug_info    0x0000fb1c      0xd96 getpid.o
 .debug_info    0x000108b2      0xf2e exec.o
 .debug_info    0x000117e0      0xdba mm/main.o
 .debug_info    0x0001259a     0x11b8 mm/exec.o
 .debug_info    0x00013752      0xfaa mm/forkexit.o
 .debug_info    0x000146fc     0x1cfa mem/mem.o
 .debug_info    0x000163f6     0x27b3 kernel_main_old.o
 .debug_info    0x00018ba9     0x148b my_process.o
 .debug_info    0x0001a034     0x1032 double_link_list.o
 .debug_info    0x0001b066     0x1057 thread.o

.debug_abbrev   0x00000000     0x3511
 *(.debug_abbrev)
 .debug_abbrev  0x00000000      0x21d kernel_main.o
 .debug_abbrev  0x0000021d      0x2fa hd.o
 .debug_abbrev  0x00000517      0x2ef fs_main.o
 .debug_abbrev  0x00000806      0x157 global.o
 .debug_abbrev  0x0000095d      0x1e0 process.o
 .debug_abbrev  0x00000b3d      0x227 protect.o
 .debug_abbrev  0x00000d64      0x2ac console.o
 .debug_abbrev  0x00001010      0x1fb keyboard.o
 .debug_abbrev  0x0000120b      0x1c5 open.o
 .debug_abbrev  0x000013d0      0x1ef read.o
 .debug_abbrev  0x000015bf      0x1db write.o
 .debug_abbrev  0x0000179a      0x19d close.o
 .debug_abbrev  0x00001937      0x19f wait.o
 .debug_abbrev  0x00001ad6      0x19b exit.o
 .debug_abbrev  0x00001c71      0x18a fork.o
 .debug_abbrev  0x00001dfb      0x18a getpid.o
 .debug_abbrev  0x00001f85      0x1e8 exec.o
 .debug_abbrev  0x0000216d      0x208 mm/main.o
 .debug_abbrev  0x00002375      0x1c4 mm/exec.o
 .debug_abbrev  0x00002539      0x204 mm/forkexit.o
 .debug_abbrev  0x0000273d      0x2ea mem/mem.o
 .debug_abbrev  0x00002a27      0x452 kernel_main_old.o
 .debug_abbrev  0x00002e79      0x260 my_process.o
 .debug_abbrev  0x000030d9      0x216 double_link_list.o
 .debug_abbrev  0x000032ef      0x222 thread.o

.debug_line     0x00000000     0x49a2
 *(.debug_line .debug_line.* .debug_line_end)
 .debug_line    0x00000000      0x1e7 kernel_main.o
 .debug_line    0x000001e7      0x6dd hd.o
 .debug_line    0x000008c4      0xc1a fs_main.o
 .debug_line    0x000014de       0x95 global.o
 .debug_line    0x00001573      0x180 process.o
 .debug_line    0x000016f3      0x1ff protect.o
 .debug_line    0x000018f2      0x54e console.o
 .debug_line    0x00001e40      0x296 keyboard.o
 .debug_line    0x000020d6       0xbd open.o
 .debug_line    0x00002193      0x155 read.o
 .debug_line    0x000022e8       0xbc write.o
 .debug_line    0x000023a4       0xad close.o
 .debug_line    0x00002451       0xb7 wait.o
 .debug_line    0x00002508       0xa0 exit.o
 .debug_line    0x000025a8       0xa5 fork.o
 .debug_line    0x0000264d       0xa0 getpid.o
 .debug_line    0x000026ed      0x18b exec.o
 .debug_line    0x00002878       0xec mm/main.o
 .debug_line    0x00002964      0x20c mm/exec.o
 .debug_line    0x00002b70      0x17a mm/forkexit.o
 .debug_line    0x00002cea      0x7e6 mem/mem.o
 .debug_line    0x000034d0      0xdff kernel_main_old.o
 .debug_line    0x000042cf      0x33b my_process.o
 .debug_line    0x0000460a      0x253 double_link_list.o
 .debug_line    0x0000485d      0x145 thread.o

.debug_frame
 *(.debug_frame)

.debug_str      0x00000000     0x1ec0
 *(.debug_str)
 .debug_str     0x00000000     0x1ec0 kernel_main.o
                                0x67a (size before relaxing)
 .debug_str     0x00001ec0      0x939 hd.o
 .debug_str     0x00001ec0      0xae9 fs_main.o
 .debug_str     0x00001ec0      0x5ff global.o
 .debug_str     0x00001ec0      0x639 process.o
 .debug_str     0x00001ec0      0x75a protect.o
 .debug_str     0x00001ec0      0x74e console.o
 .debug_str     0x00001ec0      0x68b keyboard.o
 .debug_str     0x00001ec0      0x5c7 open.o
 .debug_str     0x00001ec0      0x600 read.o
 .debug_str     0x00001ec0      0x5c4 write.o
 .debug_str     0x00001ec0      0x58f close.o
 .debug_str     0x00001ec0      0x594 wait.o
 .debug_str     0x00001ec0      0x594 exit.o
 .debug_str     0x00001ec0      0x58d fork.o
 .debug_str     0x00001ec0      0x591 getpid.o
 .debug_str     0x00001ec0      0x61b exec.o
 .debug_str     0x00001ec0      0x587 mm/main.o
 .debug_str     0x00001ec0      0x85c mm/exec.o
 .debug_str     0x00001ec0      0x606 mm/forkexit.o
 .debug_str     0x00001ec0      0xa6d mem/mem.o
 .debug_str     0x00001ec0      0xb51 kernel_main_old.o
 .debug_str     0x00001ec0      0x8ed my_process.o
 .debug_str     0x00001ec0      0x6c0 double_link_list.o
 .debug_str     0x00001ec0      0x706 thread.o

.debug_loc
 *(.debug_loc)

.debug_macinfo
 *(.debug_macinfo)

.debug_weaknames
 *(.debug_weaknames)

.debug_funcnames
 *(.debug_funcnames)

.debug_typenames
 *(.debug_typenames)

.debug_varnames
 *(.debug_varnames)

.debug_pubtypes
 *(.debug_pubtypes)

.debug_ranges   0x00000000       0x90
 *(.debug_ranges)
 .debug_ranges  0x00000000       0x48 hd.o
 .debug_ranges  0x00000048       0x18 mm/exec.o
 .debug_ranges  0x00000060       0x30 kernel_main_old.o

.debug_addr
 *(.debug_addr)

.debug_line_str
 *(.debug_line_str)

.debug_loclists
 *(.debug_loclists)

.debug_macro
 *(.debug_macro)

.debug_names
 *(.debug_names)

.debug_rnglists
 *(.debug_rnglists)

.debug_str_offsets
 *(.debug_str_offsets)

.debug_sup
 *(.debug_sup)

.gnu.attributes
 *(.gnu.attributes)

/DISCARD/
 *(.note.GNU-stack)
 *(.gnu_debuglink)
 *(.gnu.lto_*)
OUTPUT(kernel.bin elf32-i386)
