
Allocating common symbols
Common symbol       size              file

current_tty         0x4               kernel_main.o
file_desc_table     0x400             fs_main.o
is_e0               0x1               kernel_main.o
phy_super_block_buf
                    0x4               fs_main.o
phy_fsbuf           0x4               fs_main.o
idt_ptr             0x6               kernel_main.o
pid                 0x4               kernel_main.o
KernelVirtualMemory
                    0xc               kernel_main.o
inode_table         0xa00             fs_main.o
dis_pos             0x4               kernel_main.o
k_reenter           0x4               kernel_main.o
super_block_buf     0x4               fs_main.o
gdt                 0x400             kernel_main.o
proc_ready_table    0x4               kernel_main.o
test_ticks          0x4               kernel_main.o
hd_info             0x224             hd.o
proc_stack          0x70000           global.o
pcaller             0x4               kernel_main.o
keyboard_buffer     0x20c             kernel_main.o
pcb_list            0x10              kernel_main.o
gdt_index           0x4               kernel_main.o
tty_table           0x828             kernel_main.o
tss                 0x6c              kernel_main.o
KernelPool          0x10              kernel_main.o
fsbuf               0x4               fs_main.o
root                0x28              fs_main.o
kernel_mem_block_decs_array
                    0xf0              mem/mem.o
counter             0x4               kernel_main.o
key_pressed         0x4               kernel_main.o
is_shift            0x1               kernel_main.o
gdt_ptr             0x6               kernel_main.o
idt                 0x800             kernel_main.o
main_thread         0x4               kernel_main.o
ticks               0x8               kernel_main.o
is_init             0x1               kernel_main.o
UserPool            0x10              kernel_main.o
all_pcb_list        0x10              kernel_main.o
console_table       0x10              kernel_main.o
is_disp             0x1               kernel_main.o
proc_table          0x15a0            global.o
hd_cache            0x200             hd.o

Discarded input sections

 .note.GNU-stack
                0x0000000000000000        0x0 kernel_main.o
 .note.GNU-stack
                0x0000000000000000        0x0 hd.o
 .note.GNU-stack
                0x0000000000000000        0x0 fs_main.o
 .note.GNU-stack
                0x0000000000000000        0x0 global.o
 .note.GNU-stack
                0x0000000000000000        0x0 process.o
 .note.GNU-stack
                0x0000000000000000        0x0 protect.o
 .note.GNU-stack
                0x0000000000000000        0x0 console.o
 .note.GNU-stack
                0x0000000000000000        0x0 keyboard.o
 .note.GNU-stack
                0x0000000000000000        0x0 open.o
 .note.GNU-stack
                0x0000000000000000        0x0 read.o
 .note.GNU-stack
                0x0000000000000000        0x0 write.o
 .note.GNU-stack
                0x0000000000000000        0x0 close.o
 .note.GNU-stack
                0x0000000000000000        0x0 wait.o
 .note.GNU-stack
                0x0000000000000000        0x0 exit.o
 .note.GNU-stack
                0x0000000000000000        0x0 fork.o
 .note.GNU-stack
                0x0000000000000000        0x0 getpid.o
 .note.GNU-stack
                0x0000000000000000        0x0 exec.o
 .note.GNU-stack
                0x0000000000000000        0x0 mm/main.o
 .note.GNU-stack
                0x0000000000000000        0x0 mm/exec.o
 .note.GNU-stack
                0x0000000000000000        0x0 mm/forkexit.o
 .note.GNU-stack
                0x0000000000000000        0x0 mem/mem.o
 .note.GNU-stack
                0x0000000000000000        0x0 kernel_main_old.o
 .note.GNU-stack
                0x0000000000000000        0x0 my_process.o
 .note.GNU-stack
                0x0000000000000000        0x0 double_link_list.o
 .note.GNU-stack
                0x0000000000000000        0x0 thread.o

Memory Configuration

Name             Origin             Length             Attributes
*default*        0x0000000000000000 0xffffffffffffffff

Linker script and memory map

Address of section .text set to 0xc0001500
LOAD kernel_sub.o
LOAD kernel.o
LOAD string.o
LOAD kernel_main.o
LOAD hd.o
LOAD syscall.o
LOAD fs_main.o
LOAD global.o
LOAD hd_rdwt.o
LOAD process.o
LOAD protect.o
LOAD console.o
LOAD keyboard.o
LOAD open.o
LOAD read.o
LOAD write.o
LOAD close.o
LOAD wait.o
LOAD exit.o
LOAD fork.o
LOAD getpid.o
LOAD exec.o
LOAD mm/main.o
LOAD mm/exec.o
LOAD mm/forkexit.o
LOAD mem/mem.o
LOAD kernel_main_old.o
LOAD my_process.o
LOAD switch_to.o
LOAD double_link_list.o
LOAD thread.o
                [!provide]                        PROVIDE (__executable_start = SEGMENT_START ("text-segment", 0x8048000))
                0x0000000008048094                . = (SEGMENT_START ("text-segment", 0x8048000) + SIZEOF_HEADERS)

.interp
 *(.interp)

.note.gnu.build-id
 *(.note.gnu.build-id)

.hash
 *(.hash)

.gnu.hash
 *(.gnu.hash)

.dynsym
 *(.dynsym)

.dynstr
 *(.dynstr)

.gnu.version
 *(.gnu.version)

.gnu.version_d
 *(.gnu.version_d)

.gnu.version_r
 *(.gnu.version_r)

.rel.dyn        0x0000000008048094        0x0
 *(.rel.init)
 *(.rel.text .rel.text.* .rel.gnu.linkonce.t.*)
 .rel.text      0x0000000008048094        0x0 kernel_sub.o
 *(.rel.fini)
 *(.rel.rodata .rel.rodata.* .rel.gnu.linkonce.r.*)
 *(.rel.data.rel.ro .rel.data.rel.ro.* .rel.gnu.linkonce.d.rel.ro.*)
 *(.rel.data .rel.data.* .rel.gnu.linkonce.d.*)
 *(.rel.tdata .rel.tdata.* .rel.gnu.linkonce.td.*)
 *(.rel.tbss .rel.tbss.* .rel.gnu.linkonce.tb.*)
 *(.rel.ctors)
 *(.rel.dtors)
 *(.rel.got)
 .rel.got       0x0000000008048094        0x0 kernel_sub.o
 *(.rel.bss .rel.bss.* .rel.gnu.linkonce.b.*)
 *(.rel.ifunc)

.rel.plt        0x0000000008048094        0x0
 *(.rel.plt)
                [!provide]                        PROVIDE (__rel_iplt_start = .)
 *(.rel.iplt)
 .rel.iplt      0x0000000008048094        0x0 kernel_sub.o
                [!provide]                        PROVIDE (__rel_iplt_end = .)

.init
 *(SORT_NONE(.init))

.plt            0x0000000008048098        0x0
 *(.plt)
 *(.iplt)
 .iplt          0x0000000008048098        0x0 kernel_sub.o

.plt.got
 *(.plt.got)

.plt.sec
 *(.plt.sec)

.text           0x00000000c0001500     0xa060
 *(.text.unlikely .text.*_unlikely .text.unlikely.*)
 *(.text.exit .text.exit.*)
 *(.text.startup .text.startup.*)
 *(.text.hot .text.hot.*)
 *(.text .stub .text.* .gnu.linkonce.t.*)
 .text          0x00000000c0001500       0x76 kernel_sub.o
                0x00000000c0001500                _start
 *fill*         0x00000000c0001576        0xa 
 .text          0x00000000c0001580      0x325 kernel.o
                0x00000000c0001580                InterruptTest
                0x00000000c000158c                disp_str
                0x00000000c00015c7                disp_str_colour
                0x00000000c0001603                divide_zero_fault
                0x00000000c0001609                single_step_fault
                0x00000000c000160f                non_maskable_interrupt
                0x00000000c0001615                breakpoint_trap
                0x00000000c000161b                overflow_trap
                0x00000000c0001621                bound_range_exceeded_fault
                0x00000000c0001627                invalid_opcode_fault
                0x00000000c000162d                coprocessor_not_available_fault
                0x00000000c0001633                double_fault_exception_abort
                0x00000000c0001637                coprocessor_segment_overrun
                0x00000000c000163d                invalid_task_state_segment_fault
                0x00000000c0001641                segment_not_present_fault
                0x00000000c0001645                stack_exception_fault
                0x00000000c0001649                general_protection_exception_fault
                0x00000000c0001654                page_fault
                0x00000000c0001658                coprocessor_error_fault
                0x00000000c000165e                align_check_fault
                0x00000000c0001662                simd_float_exception_fault
                0x00000000c0001671                hwint0
                0x00000000c000169e                hwint1
                0x00000000c00016e0                hwint14
                0x00000000c000171e                sys_call
                0x00000000c0001763                fork_restart
                0x00000000c000176c                restart
                0x00000000c000178d                in_byte
                0x00000000c0001799                out_byte
                0x00000000c00017bb                disable_int
                0x00000000c00017bd                enable_int
                0x00000000c0001853                enable_8259A_casecade_irq
                0x00000000c000185d                disable_8259A_casecade_irq
                0x00000000c0001867                enable_8259A_slave_winchester_irq
                0x00000000c0001871                disable_8259A_slave_winchester_irq
                0x00000000c000187b                update_cr3
                0x00000000c0001888                update_tss
                0x00000000c0001897                get_running_thread_pcb
                0x00000000c000189f                sys_call_test
 .text          0x00000000c00018a5      0x286 kernel_main.o
                0x00000000c00018a5                kernel_main
                0x00000000c0001980                init
                0x00000000c0001a30                kernel_thread_a
                0x00000000c0001a7d                kernel_thread_b
                0x00000000c0001aca                kernel_thread_c
                0x00000000c0001ae0                kernel_thread_d
                0x00000000c0001af6                user_proc_a
                0x00000000c0001b13                user_proc_b
 .text          0x00000000c0001b2b      0xdfe hd.o
                0x00000000c0001b2b                TaskHD
                0x00000000c0001b70                init_hd
                0x00000000c0001b8a                hd_handle
                0x00000000c0001c8f                hd_cmd_out
                0x00000000c0001d91                hd_identify
                0x00000000c0001e48                print_hdinfo
                0x00000000c0001fd6                print_dpt_entry
                0x00000000c0002042                get_partition_table
                0x00000000c0002121                partition
                0x00000000c000233b                hd_open
                0x00000000c00023d2                get_hd_ioctl
                0x00000000c0002473                wait_for
                0x00000000c00024a4                interrupt_wait
                0x00000000c00024f5                hd_rdwt
                0x00000000c0002794                hd_handler
                0x00000000c00027c0                waitfor
                0x00000000c0002804                print_hd_info
                0x00000000c00028f1                is_empty
 *fill*         0x00000000c0002929        0x7 
 .text          0x00000000c0002930       0x89 syscall.o
                0x00000000c0002930                get_ticks
                0x00000000c0002938                write2
                0x00000000c0002948                write_debug
                0x00000000c0002968                send_msg
                0x00000000c000298e                receive_msg
                0x00000000c00029a4                sys_malloc
 .text          0x00000000c00029b9     0x2031 fs_main.o
                0x00000000c00029b9                task_fs
                0x00000000c0002bc4                rd_wt
                0x00000000c0002c9e                mkfs
                0x00000000c0003280                init_fs
                0x00000000c00032d5                do_open
                0x00000000c00034a4                search_file
                0x00000000c00035d6                strip_path
                0x00000000c00036a2                get_inode
                0x00000000c0003864                create_file
                0x00000000c000396f                alloc_imap_bit
                0x00000000c0003a6c                alloc_smap_bit
                0x00000000c0003c0d                new_inode
                0x00000000c0003d2b                new_dir_entry
                0x00000000c0003f37                do_unlink
                0x00000000c0004413                do_rdwt
                0x00000000c000479e                sync_inode
                0x00000000c00048f2                put_inode
                0x00000000c0004930                do_close
                0x00000000c0004982                get_super_block
 .text          0x00000000c00049ea        0x0 global.o
 .text          0x00000000c00049ea      0x225 process.o
                0x00000000c00049ea                check
                0x00000000c0004a11                schedule_process
                0x00000000c0004b16                clock_handler
                0x00000000c0004b86                pid2proc
                0x00000000c0004bf8                proc2pid
 .text          0x00000000c0004c0f      0x3a0 protect.o
                0x00000000c0004c0f                InitDescriptor
                0x00000000c0004c7c                Seg2PhyAddr
                0x00000000c0004cbd                Seg2PhyAddrLDT
                0x00000000c0004d01                VirAddr2PhyAddr
                0x00000000c0004d17                v2l
                0x00000000c0004d5a                init_propt
                0x00000000c0004ec8                InitInterruptDesc
                0x00000000c0004f24                ReloadGDT
 .text          0x00000000c0004faf      0xaba console.o
                0x00000000c0004faf                select_console
                0x00000000c0004feb                flush
                0x00000000c0005024                set_cursor
                0x00000000c0005082                set_console_start_video_addr
                0x00000000c00050e0                put_key
                0x00000000c000514c                scroll_up
                0x00000000c000518e                scroll_down
                0x00000000c00051f9                out_char
                0x00000000c00053b6                tty_dev_read
                0x00000000c00053e0                tty_dev_write
                0x00000000c00055fc                tty_do_read
                0x00000000c00056c4                tty_do_write
                0x00000000c0005828                init_screen
                0x00000000c00058b1                init_tty
                0x00000000c0005966                TaskTTY
 .text          0x00000000c0005a69      0x40f keyboard.o
                0x00000000c0005a69                keyboard_handler
                0x00000000c0005aed                read_from_keyboard_buf
                0x00000000c0005b53                keyboard_read
                0x00000000c0005cd2                init_keyboard_handler
                0x00000000c0005ce6                in_process
 .text          0x00000000c0005e78       0x85 open.o
                0x00000000c0005e78                open
 .text          0x00000000c0005efd       0x74 read.o
                0x00000000c0005efd                read
 .text          0x00000000c0005f71       0x74 write.o
                0x00000000c0005f71                write
 .text          0x00000000c0005fe5       0x4c close.o
                0x00000000c0005fe5                close
 .text          0x00000000c0006031       0x3e wait.o
                0x00000000c0006031                wait
 .text          0x00000000c000606f       0x29 exit.o
                0x00000000c000606f                exit
 .text          0x00000000c0006098       0x5f fork.o
                0x00000000c0006098                fork
 .text          0x00000000c00060f7       0x25 getpid.o
                0x00000000c00060f7                getpid
 .text          0x00000000c000611c      0x2a1 exec.o
                0x00000000c000611c                exec
                0x00000000c0006187                execv
                0x00000000c0006398                execl
 .text          0x00000000c00063bd      0x148 mm/main.o
                0x00000000c00063bd                TaskMM
                0x00000000c00064e6                alloc_mem
 .text          0x00000000c0006505      0x3dc mm/exec.o
                0x00000000c0006505                do_exec2
                0x00000000c0006519                do_exec
 .text          0x00000000c00068e1      0x285 mm/forkexit.o
                0x00000000c00068e1                do_fork
                0x00000000c000694c                do_exit
                0x00000000c0006a48                do_wait
                0x00000000c0006b12                cleanup
 .text          0x00000000c0006b66     0x10e6 mem/mem.o
                0x00000000c0006b66                init_bitmap
                0x00000000c0006b89                test_bit_val
                0x00000000c0006bf2                set_bit_val
                0x00000000c0006c6d                set_bits
                0x00000000c0006ca7                get_first_free_bit
                0x00000000c0006ceb                get_bits
                0x00000000c0006db3                get_a_page2
                0x00000000c0006de2                get_a_page
                0x00000000c0006e71                get_virtual_address
                0x00000000c0006f01                ptr_pde
                0x00000000c0006f14                ptr_pte
                0x00000000c0006f3b                add_map_entry
                0x00000000c0006fc9                alloc_virtual_memory
                0x00000000c0007090                get_physical_address
                0x00000000c00070c2                alloc_physical_memory_of_proc
                0x00000000c0007169                alloc_physical_memory
                0x00000000c000721f                alloc_memory
                0x00000000c0007281                get_a_virtual_page
                0x00000000c00072ab                block2arena
                0x00000000c00072c1                sys_malloc2
                0x00000000c0007570                remove_map_entry
                0x00000000c0007591                free_a_page
                0x00000000c0007638                sys_free
                0x00000000c00077bb                init_memory_block_desc
                0x00000000c000788c                init_memory2
                0x00000000c0007b03                init_memory
 .text          0x00000000c0007c4c     0x2d69 kernel_main_old.o
                0x00000000c0007c4c                intr_enable
                0x00000000c0007c75                intr_disable
                0x00000000c0007c9e                intr_set_status
                0x00000000c0007cbc                intr_get_status
                0x00000000c0007cd9                Memcpy
                0x00000000c0007d0c                untar
                0x00000000c000801c                atoi
                0x00000000c00080c2                disp_int
                0x00000000c00080eb                do_page_fault
                0x00000000c0008228                exception_handler
                0x00000000c000840f                exception_handler2
                0x00000000c00085b0                init_internal_interrupt
                0x00000000c0008725                test
                0x00000000c000874e                disp_str_colour3
                0x00000000c0008754                spurious_irq
                0x00000000c00087e2                init_keyboard
                0x00000000c000884f                init2
                0x00000000c000887d                u_thread_a
                0x00000000c0008895                kernel_main2
                0x00000000c0008b05                TestTTY
                0x00000000c0008ba4                TestFS
                0x00000000c0008fac                wait_exit
                0x00000000c000907a                INIT_fork
                0x00000000c000935d                simple_shell
                0x00000000c000955b                test_split_str
                0x00000000c00096e8                test_shell
                0x00000000c0009750                test_exec
                0x00000000c00097eb                INIT
                0x00000000c00097f8                TestA
                0x00000000c000982d                delay
                0x00000000c0009871                TestB
                0x00000000c0009889                TestC
                0x00000000c00098bc                sys_get_ticks
                0x00000000c00098cc                sys_write
                0x00000000c0009920                milli_delay
                0x00000000c000995c                TaskSys
                0x00000000c0009961                Printf
                0x00000000c00099bf                vsprintf
                0x00000000c0009b6b                printx
                0x00000000c0009bae                sys_printx
                0x00000000c0009c7a                spin
                0x00000000c0009ca0                panic
                0x00000000c0009cbe                assertion_failure
                0x00000000c0009cf5                dead_lock
                0x00000000c0009cff                sys_send_msg
                0x00000000c000a0e6                sys_receive_msg
                0x00000000c000a5e4                disp_str_colour_debug
                0x00000000c000a5ea                send_rec
                0x00000000c000a6e6                block
                0x00000000c000a722                unblock
                0x00000000c000a772                get_ticks_ipc
                0x00000000c000a7bd                itoa
                0x00000000c000a813                i2a
                0x00000000c000a879                inform_int
                0x00000000c000a946                strcmp
 .text          0x00000000c000a9b5      0x6b5 my_process.o
                0x00000000c000a9b5                create_user_process_address_space
                0x00000000c000aa45                user_process
                0x00000000c000ab54                clone_pcb
                0x00000000c000ac58                build_body_stack
                0x00000000c000ad8b                build_process_kernel_stack
                0x00000000c000ae4e                fork_process
                0x00000000c000aef9                process_execute
 *fill*         0x00000000c000b06a        0x6 
 .text          0x00000000c000b070       0x15 switch_to.o
                0x00000000c000b070                switch_to
 .text          0x00000000c000b085      0x329 double_link_list.o
                0x00000000c000b085                initDoubleLinkList
                0x00000000c000b0b3                isListEmpty
                0x00000000c000b0d4                findElementInList
                0x00000000c000b1b0                appendToDoubleLinkList
                0x00000000c000b297                insertToDoubleLinkList
                0x00000000c000b31a                popFromDoubleLinkList
 .text          0x00000000c000b3ae      0x1b2 thread.o
                0x00000000c000b3ae                kernel_thread
                0x00000000c000b3c6                thread_init
                0x00000000c000b473                thread_create
                0x00000000c000b4a8                thread_start
 *(.gnu.warning)

.fini
 *(SORT_NONE(.fini))
                [!provide]                        PROVIDE (__etext = .)
                [!provide]                        PROVIDE (_etext = .)
                [!provide]                        PROVIDE (etext = .)

.rodata         0x00000000c000b560      0xe5d
 *(.rodata .rodata.* .gnu.linkonce.r.*)
 .rodata        0x00000000c000b560       0xa3 kernel_main.o
 *fill*         0x00000000c000b603        0x1 
 .rodata        0x00000000c000b604      0x19c hd.o
 .rodata        0x00000000c000b7a0      0x1eb fs_main.o
                0x00000000c000b7a0                FSBUF_SIZE
 .rodata        0x00000000c000b98b       0x26 process.o
 .rodata        0x00000000c000b9b1       0x22 console.o
 .rodata        0x00000000c000b9d3       0x24 close.o
 .rodata        0x00000000c000b9f7       0x1b fork.o
 .rodata        0x00000000c000ba12       0x6e exec.o
 .rodata        0x00000000c000ba80       0x11 mm/main.o
 .rodata        0x00000000c000ba91       0x10 mm/exec.o
 .rodata        0x00000000c000baa1       0x2a mem/mem.o
 *fill*         0x00000000c000bacb       0x15 
 .rodata        0x00000000c000bae0      0x8b1 kernel_main_old.o
 .rodata        0x00000000c000c391       0x2c double_link_list.o

.txt            0x00000000c000c3bd       0xaa
 .txt           0x00000000c000c3bd       0x82 string.o
                0x00000000c000c3bd                Memcpy2
                0x00000000c000c3eb                Memset
                0x00000000c000c40a                Strcpy
                0x00000000c000c424                Strlen
 .txt           0x00000000c000c43f       0x28 hd_rdwt.o
                0x00000000c000c43f                read_port
                0x00000000c000c453                write_port

.rodata1
 *(.rodata1)

.eh_frame_hdr
 *(.eh_frame_hdr)
 *(.eh_frame_entry .eh_frame_entry.*)

.eh_frame       0x00000000c000c468     0x187c
 *(.eh_frame)
 .eh_frame      0x00000000c000c468       0xfc kernel_main.o
 .eh_frame      0x00000000c000c564      0x244 hd.o
                                        0x25c (size before relaxing)
 .eh_frame      0x00000000c000c7a8      0x27c fs_main.o
                                        0x294 (size before relaxing)
 .eh_frame      0x00000000c000ca24       0xa0 process.o
                                         0xb8 (size before relaxing)
 .eh_frame      0x00000000c000cac4      0x100 protect.o
                                        0x118 (size before relaxing)
 .eh_frame      0x00000000c000cbc4      0x1e0 console.o
                                        0x1f8 (size before relaxing)
 .eh_frame      0x00000000c000cda4       0xa0 keyboard.o
                                         0xb8 (size before relaxing)
 .eh_frame      0x00000000c000ce44       0x20 open.o
                                         0x38 (size before relaxing)
 .eh_frame      0x00000000c000ce64       0x20 read.o
                                         0x38 (size before relaxing)
 .eh_frame      0x00000000c000ce84       0x20 write.o
                                         0x38 (size before relaxing)
 .eh_frame      0x00000000c000cea4       0x20 close.o
                                         0x38 (size before relaxing)
 .eh_frame      0x00000000c000cec4       0x20 wait.o
                                         0x38 (size before relaxing)
 .eh_frame      0x00000000c000cee4       0x20 exit.o
                                         0x38 (size before relaxing)
 .eh_frame      0x00000000c000cf04       0x20 fork.o
                                         0x38 (size before relaxing)
 .eh_frame      0x00000000c000cf24       0x20 getpid.o
                                         0x38 (size before relaxing)
 .eh_frame      0x00000000c000cf44       0x64 exec.o
                                         0x7c (size before relaxing)
 .eh_frame      0x00000000c000cfa8       0x3c mm/main.o
                                         0x54 (size before relaxing)
 .eh_frame      0x00000000c000cfe4       0x40 mm/exec.o
                                         0x58 (size before relaxing)
 .eh_frame      0x00000000c000d024       0x80 mm/forkexit.o
                                         0x98 (size before relaxing)
 .eh_frame      0x00000000c000d0a4      0x344 mem/mem.o
                                        0x35c (size before relaxing)
 .eh_frame      0x00000000c000d3e8      0x6dc kernel_main_old.o
                                        0x6f4 (size before relaxing)
 .eh_frame      0x00000000c000dac4       0xe0 my_process.o
                                         0xf8 (size before relaxing)
 .eh_frame      0x00000000c000dba4       0xc0 double_link_list.o
                                         0xd8 (size before relaxing)
 .eh_frame      0x00000000c000dc64       0x80 thread.o
                                         0x98 (size before relaxing)
 *(.eh_frame.*)

.gcc_except_table
 *(.gcc_except_table .gcc_except_table.*)

.gnu_extab
 *(.gnu_extab*)

.exception_ranges
 *(.exception_ranges .exception_ranges*)
                0x00000000c000f000                . = DATA_SEGMENT_ALIGN (CONSTANT (MAXPAGESIZE), CONSTANT (COMMONPAGESIZE))

.eh_frame
 *(.eh_frame)
 *(.eh_frame.*)

.gnu_extab
 *(.gnu_extab)

.gcc_except_table
 *(.gcc_except_table .gcc_except_table.*)

.exception_ranges
 *(.exception_ranges .exception_ranges*)

.tdata
 *(.tdata .tdata.* .gnu.linkonce.td.*)

.tbss
 *(.tbss .tbss.* .gnu.linkonce.tb.*)
 *(.tcommon)

.preinit_array  0x00000000c000f000        0x0
                [!provide]                        PROVIDE (__preinit_array_start = .)
 *(.preinit_array)
                [!provide]                        PROVIDE (__preinit_array_end = .)

.init_array     0x00000000c000f000        0x0
                [!provide]                        PROVIDE (__init_array_start = .)
 *(SORT_BY_INIT_PRIORITY(.init_array.*) SORT_BY_INIT_PRIORITY(.ctors.*))
 *(.init_array EXCLUDE_FILE(*crtend?.o *crtend.o *crtbegin?.o *crtbegin.o) .ctors)
                [!provide]                        PROVIDE (__init_array_end = .)

.fini_array     0x00000000c000f000        0x0
                [!provide]                        PROVIDE (__fini_array_start = .)
 *(SORT_BY_INIT_PRIORITY(.fini_array.*) SORT_BY_INIT_PRIORITY(.dtors.*))
 *(.fini_array EXCLUDE_FILE(*crtend?.o *crtend.o *crtbegin?.o *crtbegin.o) .dtors)
                [!provide]                        PROVIDE (__fini_array_end = .)

.ctors
 *crtbegin.o(.ctors)
 *crtbegin?.o(.ctors)
 *(EXCLUDE_FILE(*crtend?.o *crtend.o) .ctors)
 *(SORT_BY_NAME(.ctors.*))
 *(.ctors)

.dtors
 *crtbegin.o(.dtors)
 *crtbegin?.o(.dtors)
 *(EXCLUDE_FILE(*crtend?.o *crtend.o) .dtors)
 *(SORT_BY_NAME(.dtors.*))
 *(.dtors)

.jcr
 *(.jcr)

.data.rel.ro
 *(.data.rel.ro.local* .gnu.linkonce.d.rel.ro.local.*)
 *(.data.rel.ro .data.rel.ro.* .gnu.linkonce.d.rel.ro.*)

.dynamic
 *(.dynamic)

.got            0x00000000c000f000        0x0
 *(.got)
 .got           0x00000000c000f000        0x0 kernel_sub.o
 *(.igot)
                0x00000000c000f000                . = DATA_SEGMENT_RELRO_END (., (SIZEOF (.got.plt) >= 0xc)?0xc:0x0)

.got.plt        0x00000000c000f000        0x0
 *(.got.plt)
 .got.plt       0x00000000c000f000        0x0 kernel_sub.o
 *(.igot.plt)
 .igot.plt      0x00000000c000f000        0x0 kernel_sub.o

.data           0x00000000c000f000      0x760
 *(.data .data.* .gnu.linkonce.d.*)
 .data          0x00000000c000f000        0xf kernel_sub.o
 *fill*         0x00000000c000f00f        0x1 
 .data          0x00000000c000f010        0xf kernel.o
 .data          0x00000000c000f01f        0x0 kernel_main.o
 .data          0x00000000c000f01f        0x0 hd.o
 *fill*         0x00000000c000f01f        0x1 
 .data          0x00000000c000f020        0x0 syscall.o
 .data          0x00000000c000f020        0x0 fs_main.o
 .data          0x00000000c000f020      0x124 global.o
                0x00000000c000f020                user_task_table
                0x00000000c000f0a0                sys_task_table
                0x00000000c000f12c                sys_call_table
 .data          0x00000000c000f144        0x0 process.o
 .data          0x00000000c000f144        0x0 protect.o
 .data          0x00000000c000f144        0x0 console.o
 *fill*         0x00000000c000f144       0x1c 
 .data          0x00000000c000f160      0x600 keyboard.o
                0x00000000c000f160                keymap
 .data          0x00000000c000f760        0x0 open.o
 .data          0x00000000c000f760        0x0 read.o
 .data          0x00000000c000f760        0x0 write.o
 .data          0x00000000c000f760        0x0 close.o
 .data          0x00000000c000f760        0x0 wait.o
 .data          0x00000000c000f760        0x0 exit.o
 .data          0x00000000c000f760        0x0 fork.o
 .data          0x00000000c000f760        0x0 getpid.o
 .data          0x00000000c000f760        0x0 exec.o
 .data          0x00000000c000f760        0x0 mm/main.o
 .data          0x00000000c000f760        0x0 mm/exec.o
 .data          0x00000000c000f760        0x0 mm/forkexit.o
 .data          0x00000000c000f760        0x0 mem/mem.o
 .data          0x00000000c000f760        0x0 kernel_main_old.o
 .data          0x00000000c000f760        0x0 my_process.o
 .data          0x00000000c000f760        0x0 double_link_list.o
 .data          0x00000000c000f760        0x0 thread.o

.data1
 *(.data1)
                0x00000000c000f760                _edata = .
                [!provide]                        PROVIDE (edata = .)
                0x00000000c000f760                . = .
                0x00000000c000f760                __bss_start = .

.bss            0x00000000c000f760    0x75130
 *(.dynbss)
 *(.bss .bss.* .gnu.linkonce.b.*)
 .bss           0x00000000c000f760      0x800 kernel_sub.o
 .bss           0x00000000c000ff60      0x800 kernel.o
 .bss           0x00000000c0010760        0x0 kernel_main.o
 .bss           0x00000000c0010760        0x0 hd.o
 .bss           0x00000000c0010760        0x4 fs_main.o
                0x00000000c0010760                c
 .bss           0x00000000c0010764        0x0 global.o
 .bss           0x00000000c0010764        0x0 process.o
 .bss           0x00000000c0010764        0x0 protect.o
 .bss           0x00000000c0010764        0x0 console.o
 .bss           0x00000000c0010764        0x0 keyboard.o
 .bss           0x00000000c0010764        0x0 open.o
 .bss           0x00000000c0010764        0x0 read.o
 .bss           0x00000000c0010764        0x0 write.o
 .bss           0x00000000c0010764        0x0 close.o
 .bss           0x00000000c0010764        0x0 wait.o
 .bss           0x00000000c0010764        0x0 exit.o
 .bss           0x00000000c0010764        0x0 fork.o
 .bss           0x00000000c0010764        0x0 getpid.o
 .bss           0x00000000c0010764        0x0 exec.o
 .bss           0x00000000c0010764        0x0 mm/main.o
 .bss           0x00000000c0010764        0x0 mm/exec.o
 .bss           0x00000000c0010764        0x0 mm/forkexit.o
 .bss           0x00000000c0010764        0x0 mem/mem.o
 .bss           0x00000000c0010764        0x0 kernel_main_old.o
 .bss           0x00000000c0010764        0x0 my_process.o
 .bss           0x00000000c0010764        0x0 double_link_list.o
 .bss           0x00000000c0010764        0x0 thread.o
 *(COMMON)
 *fill*         0x00000000c0010764       0x1c 
 COMMON         0x00000000c0010780     0x17a5 kernel_main.o
                0x00000000c0010780                current_tty
                0x00000000c0010784                is_e0
                0x00000000c0010788                idt_ptr
                0x00000000c0010790                pid
                0x00000000c0010794                KernelVirtualMemory
                0x00000000c00107a0                dis_pos
                0x00000000c00107a4                k_reenter
                0x00000000c00107c0                gdt
                0x00000000c0010bc0                proc_ready_table
                0x00000000c0010bc4                test_ticks
                0x00000000c0010bc8                pcaller
                0x00000000c0010be0                keyboard_buffer
                0x00000000c0010dec                pcb_list
                0x00000000c0010dfc                gdt_index
                0x00000000c0010e00                tty_table
                0x00000000c0011640                tss
                0x00000000c00116ac                KernelPool
                0x00000000c00116bc                counter
                0x00000000c00116c0                key_pressed
                0x00000000c00116c4                is_shift
                0x00000000c00116c8                gdt_ptr
                0x00000000c00116e0                idt
                0x00000000c0011ee0                main_thread
                0x00000000c0011ee8                ticks
                0x00000000c0011ef0                is_init
                0x00000000c0011ef4                UserPool
                0x00000000c0011f04                all_pcb_list
                0x00000000c0011f14                console_table
                0x00000000c0011f24                is_disp
 *fill*         0x00000000c0011f25       0x1b 
 COMMON         0x00000000c0011f40      0x440 hd.o
                0x00000000c0011f40                hd_info
                0x00000000c0012180                hd_cache
 COMMON         0x00000000c0012380      0xe68 fs_main.o
                0x00000000c0012380                file_desc_table
                0x00000000c0012780                phy_super_block_buf
                0x00000000c0012784                phy_fsbuf
                0x00000000c00127a0                inode_table
                0x00000000c00131a0                super_block_buf
                0x00000000c00131a4                fsbuf
                0x00000000c00131c0                root
 *fill*         0x00000000c00131e8       0x18 
 COMMON         0x00000000c0013200    0x715a0 global.o
                0x00000000c0013200                proc_stack
                0x00000000c0083200                proc_table
 COMMON         0x00000000c00847a0       0xf0 mem/mem.o
                0x00000000c00847a0                kernel_mem_block_decs_array
                0x00000000c0084890                . = ALIGN ((. != 0x0)?0x4:0x1)
                0x00000000c0084890                . = ALIGN (0x4)
                0x00000000c0084890                . = SEGMENT_START ("ldata-segment", .)
                0x00000000c0084890                . = ALIGN (0x4)
                0x00000000c0084890                _end = .
                [!provide]                        PROVIDE (end = .)
                0x00000000c0084890                . = DATA_SEGMENT_END (.)

.stab
 *(.stab)

.stabstr
 *(.stabstr)

.stab.excl
 *(.stab.excl)

.stab.exclstr
 *(.stab.exclstr)

.stab.index
 *(.stab.index)

.stab.indexstr
 *(.stab.indexstr)

.comment        0x0000000000000000       0x2c
 *(.comment)
 .comment       0x0000000000000000       0x2c kernel_main.o
                                         0x2d (size before relaxing)
 .comment       0x000000000000002c       0x2d hd.o
 .comment       0x000000000000002c       0x2d fs_main.o
 .comment       0x000000000000002c       0x2d global.o
 .comment       0x000000000000002c       0x2d process.o
 .comment       0x000000000000002c       0x2d protect.o
 .comment       0x000000000000002c       0x2d console.o
 .comment       0x000000000000002c       0x2d keyboard.o
 .comment       0x000000000000002c       0x2d open.o
 .comment       0x000000000000002c       0x2d read.o
 .comment       0x000000000000002c       0x2d write.o
 .comment       0x000000000000002c       0x2d close.o
 .comment       0x000000000000002c       0x2d wait.o
 .comment       0x000000000000002c       0x2d exit.o
 .comment       0x000000000000002c       0x2d fork.o
 .comment       0x000000000000002c       0x2d getpid.o
 .comment       0x000000000000002c       0x2d exec.o
 .comment       0x000000000000002c       0x2d mm/main.o
 .comment       0x000000000000002c       0x2d mm/exec.o
 .comment       0x000000000000002c       0x2d mm/forkexit.o
 .comment       0x000000000000002c       0x2d mem/mem.o
 .comment       0x000000000000002c       0x2d kernel_main_old.o
 .comment       0x000000000000002c       0x2d my_process.o
 .comment       0x000000000000002c       0x2d double_link_list.o
 .comment       0x000000000000002c       0x2d thread.o

.gnu.build.attributes
 *(.gnu.build.attributes .gnu.build.attributes.*)

.debug
 *(.debug)

.line
 *(.line)

.debug_srcinfo
 *(.debug_srcinfo)

.debug_sfnames
 *(.debug_sfnames)

.debug_aranges  0x0000000000000000      0x318
 *(.debug_aranges)
 .debug_aranges
                0x0000000000000000       0x20 kernel_main.o
 .debug_aranges
                0x0000000000000020       0x20 hd.o
 .debug_aranges
                0x0000000000000040       0x20 fs_main.o
 .debug_aranges
                0x0000000000000060       0x18 global.o
 .debug_aranges
                0x0000000000000078       0x20 process.o
 .debug_aranges
                0x0000000000000098       0x20 protect.o
 .debug_aranges
                0x00000000000000b8       0x20 console.o
 .debug_aranges
                0x00000000000000d8       0x20 keyboard.o
 .debug_aranges
                0x00000000000000f8       0x20 open.o
 .debug_aranges
                0x0000000000000118       0x20 read.o
 .debug_aranges
                0x0000000000000138       0x20 write.o
 .debug_aranges
                0x0000000000000158       0x20 close.o
 .debug_aranges
                0x0000000000000178       0x20 wait.o
 .debug_aranges
                0x0000000000000198       0x20 exit.o
 .debug_aranges
                0x00000000000001b8       0x20 fork.o
 .debug_aranges
                0x00000000000001d8       0x20 getpid.o
 .debug_aranges
                0x00000000000001f8       0x20 exec.o
 .debug_aranges
                0x0000000000000218       0x20 mm/main.o
 .debug_aranges
                0x0000000000000238       0x20 mm/exec.o
 .debug_aranges
                0x0000000000000258       0x20 mm/forkexit.o
 .debug_aranges
                0x0000000000000278       0x20 mem/mem.o
 .debug_aranges
                0x0000000000000298       0x20 kernel_main_old.o
 .debug_aranges
                0x00000000000002b8       0x20 my_process.o
 .debug_aranges
                0x00000000000002d8       0x20 double_link_list.o
 .debug_aranges
                0x00000000000002f8       0x20 thread.o

.debug_pubnames
 *(.debug_pubnames)

.debug_info     0x0000000000000000    0x1ac12
 *(.debug_info .gnu.linkonce.wi.*)
 .debug_info    0x0000000000000000      0xec1 kernel_main.o
 .debug_info    0x0000000000000ec1     0x16e5 hd.o
 .debug_info    0x00000000000025a6     0x1e49 fs_main.o
 .debug_info    0x00000000000043ef      0xdba global.o
 .debug_info    0x00000000000051a9      0xed1 process.o
 .debug_info    0x000000000000607a     0x10e5 protect.o
 .debug_info    0x000000000000715f     0x1194 console.o
 .debug_info    0x00000000000082f3      0xf0e keyboard.o
 .debug_info    0x0000000000009201      0xd20 open.o
 .debug_info    0x0000000000009f21      0xd48 read.o
 .debug_info    0x000000000000ac69      0xd51 write.o
 .debug_info    0x000000000000b9ba      0xce6 close.o
 .debug_info    0x000000000000c6a0      0xcf1 wait.o
 .debug_info    0x000000000000d391      0xce3 exit.o
 .debug_info    0x000000000000e074      0xcd8 fork.o
 .debug_info    0x000000000000ed4c      0xcd8 getpid.o
 .debug_info    0x000000000000fa24      0xe70 exec.o
 .debug_info    0x0000000000010894      0xcf6 mm/main.o
 .debug_info    0x000000000001158a     0x10e4 mm/exec.o
 .debug_info    0x000000000001266e      0xeb2 mm/forkexit.o
 .debug_info    0x0000000000013520     0x1b67 mem/mem.o
 .debug_info    0x0000000000015087     0x295a kernel_main_old.o
 .debug_info    0x00000000000179e1     0x1331 my_process.o
 .debug_info    0x0000000000018d12      0xf74 double_link_list.o
 .debug_info    0x0000000000019c86      0xf8c thread.o

.debug_abbrev   0x0000000000000000     0x3439
 *(.debug_abbrev)
 .debug_abbrev  0x0000000000000000      0x1df kernel_main.o
 .debug_abbrev  0x00000000000001df      0x2d0 hd.o
 .debug_abbrev  0x00000000000004af      0x2dc fs_main.o
 .debug_abbrev  0x000000000000078b      0x157 global.o
 .debug_abbrev  0x00000000000008e2      0x1e9 process.o
 .debug_abbrev  0x0000000000000acb      0x227 protect.o
 .debug_abbrev  0x0000000000000cf2      0x297 console.o
 .debug_abbrev  0x0000000000000f89      0x1fb keyboard.o
 .debug_abbrev  0x0000000000001184      0x1c5 open.o
 .debug_abbrev  0x0000000000001349      0x1c8 read.o
 .debug_abbrev  0x0000000000001511      0x1c8 write.o
 .debug_abbrev  0x00000000000016d9      0x19d close.o
 .debug_abbrev  0x0000000000001876      0x19f wait.o
 .debug_abbrev  0x0000000000001a15      0x19b exit.o
 .debug_abbrev  0x0000000000001bb0      0x18a fork.o
 .debug_abbrev  0x0000000000001d3a      0x18a getpid.o
 .debug_abbrev  0x0000000000001ec4      0x1e8 exec.o
 .debug_abbrev  0x00000000000020ac      0x208 mm/main.o
 .debug_abbrev  0x00000000000022b4      0x1e0 mm/exec.o
 .debug_abbrev  0x0000000000002494      0x204 mm/forkexit.o
 .debug_abbrev  0x0000000000002698      0x2ea mem/mem.o
 .debug_abbrev  0x0000000000002982      0x44c kernel_main_old.o
 .debug_abbrev  0x0000000000002dce      0x233 my_process.o
 .debug_abbrev  0x0000000000003001      0x216 double_link_list.o
 .debug_abbrev  0x0000000000003217      0x222 thread.o

.debug_line     0x0000000000000000     0x4802
 *(.debug_line .debug_line.* .debug_line_end)
 .debug_line    0x0000000000000000      0x187 kernel_main.o
 .debug_line    0x0000000000000187      0x60a hd.o
 .debug_line    0x0000000000000791      0xc13 fs_main.o
 .debug_line    0x00000000000013a4       0x95 global.o
 .debug_line    0x0000000000001439      0x193 process.o
 .debug_line    0x00000000000015cc      0x1fb protect.o
 .debug_line    0x00000000000017c7      0x54c console.o
 .debug_line    0x0000000000001d13      0x296 keyboard.o
 .debug_line    0x0000000000001fa9       0xbc open.o
 .debug_line    0x0000000000002065       0xb7 read.o
 .debug_line    0x000000000000211c       0xb8 write.o
 .debug_line    0x00000000000021d4       0xad close.o
 .debug_line    0x0000000000002281       0xb7 wait.o
 .debug_line    0x0000000000002338       0xa0 exit.o
 .debug_line    0x00000000000023d8       0xae fork.o
 .debug_line    0x0000000000002486       0xa0 getpid.o
 .debug_line    0x0000000000002526      0x177 exec.o
 .debug_line    0x000000000000269d       0xec mm/main.o
 .debug_line    0x0000000000002789      0x215 mm/exec.o
 .debug_line    0x000000000000299e      0x18a mm/forkexit.o
 .debug_line    0x0000000000002b28      0x75e mem/mem.o
 .debug_line    0x0000000000003286      0xed6 kernel_main_old.o
 .debug_line    0x000000000000415c      0x30e my_process.o
 .debug_line    0x000000000000446a      0x253 double_link_list.o
 .debug_line    0x00000000000046bd      0x145 thread.o

.debug_frame
 *(.debug_frame)

.debug_str      0x0000000000000000     0x1d1e
 *(.debug_str)
 .debug_str     0x0000000000000000      0x530 kernel_main.o
                                        0x617 (size before relaxing)
 .debug_str     0x0000000000000530      0x2b9 hd.o
                                        0x89a (size before relaxing)
 .debug_str     0x00000000000007e9      0x47c fs_main.o
                                        0xa87 (size before relaxing)
 .debug_str     0x0000000000000c65        0x9 global.o
                                        0x5a6 (size before relaxing)
 .debug_str     0x0000000000000c6e       0x3f process.o
                                        0x5e6 (size before relaxing)
 .debug_str     0x0000000000000cad      0x134 protect.o
                                        0x701 (size before relaxing)
 .debug_str     0x0000000000000de1      0x13e console.o
                                        0x6ec (size before relaxing)
 .debug_str     0x0000000000000f1f       0x84 keyboard.o
                                        0x632 (size before relaxing)
 .debug_str     0x0000000000000fa3       0x29 open.o
                                        0x565 (size before relaxing)
 .debug_str     0x0000000000000fcc       0x13 read.o
                                        0x560 (size before relaxing)
 .debug_str     0x0000000000000fdf        0xc write.o
                                        0x562 (size before relaxing)
 .debug_str     0x0000000000000feb        0xc close.o
                                        0x536 (size before relaxing)
 .debug_str     0x0000000000000ff7        0xb wait.o
                                        0x53b (size before relaxing)
 .debug_str     0x0000000000001002        0xb exit.o
                                        0x53b (size before relaxing)
 .debug_str     0x000000000000100d        0xb fork.o
                                        0x534 (size before relaxing)
 .debug_str     0x0000000000001018       0x14 getpid.o
                                        0x538 (size before relaxing)
 .debug_str     0x000000000000102c       0x2f exec.o
                                        0x58d (size before relaxing)
 .debug_str     0x000000000000105b       0x32 mm/main.o
                                        0x52e (size before relaxing)
 .debug_str     0x000000000000108d      0x1e2 mm/exec.o
                                        0x74a (size before relaxing)
 .debug_str     0x000000000000126f       0x74 mm/forkexit.o
                                        0x598 (size before relaxing)
 .debug_str     0x00000000000012e3      0x32d mem/mem.o
                                        0x9e6 (size before relaxing)
 .debug_str     0x0000000000001610      0x4ab kernel_main_old.o
                                        0xba3 (size before relaxing)
 .debug_str     0x0000000000001abb      0x18a my_process.o
                                        0x858 (size before relaxing)
 .debug_str     0x0000000000001c45       0x8f double_link_list.o
                                        0x667 (size before relaxing)
 .debug_str     0x0000000000001cd4       0x4a thread.o
                                        0x6ad (size before relaxing)

.debug_loc
 *(.debug_loc)

.debug_macinfo
 *(.debug_macinfo)

.debug_weaknames
 *(.debug_weaknames)

.debug_funcnames
 *(.debug_funcnames)

.debug_typenames
 *(.debug_typenames)

.debug_varnames
 *(.debug_varnames)

.debug_pubtypes
 *(.debug_pubtypes)

.debug_ranges   0x0000000000000000       0x78
 *(.debug_ranges)
 .debug_ranges  0x0000000000000000       0x48 hd.o
 .debug_ranges  0x0000000000000048       0x18 mm/exec.o
 .debug_ranges  0x0000000000000060       0x18 kernel_main_old.o

.debug_macro
 *(.debug_macro)

.debug_addr
 *(.debug_addr)

.gnu.attributes
 *(.gnu.attributes)

/DISCARD/
 *(.note.GNU-stack)
 *(.gnu_debuglink)
 *(.gnu.lto_*)
 *(.gnu_object_only)
OUTPUT(kernel.bin elf32-i386)
