
Merging program properties

Removed property 0xc0010001 to merge double_link_list.o (0x1) and kernel/kernel_sub.o (not found)
Removed property 0xc0010002 to merge double_link_list.o (0x0) and kernel/kernel_sub.o (not found)
Removed property 0xc0010001 to merge double_link_list.o (not found) and global.o (0x1)
Removed property 0xc0010002 to merge double_link_list.o (not found) and global.o (0x0)
Removed property 0xc0010001 to merge double_link_list.o (not found) and kernel_main_old.o (0x1)
Removed property 0xc0010002 to merge double_link_list.o (not found) and kernel_main_old.o (0x1)
Removed property 0xc0010001 to merge double_link_list.o (not found) and kernel_main.o (0x1)
Removed property 0xc0010002 to merge double_link_list.o (not found) and kernel_main.o (0x0)
Removed property 0xc0010001 to merge double_link_list.o (not found) and protect.o (0x1)
Removed property 0xc0010002 to merge double_link_list.o (not found) and protect.o (0x0)
Removed property 0xc0010001 to merge double_link_list.o (not found) and console.o (0x1)
Removed property 0xc0010002 to merge double_link_list.o (not found) and console.o (0x1)
Removed property 0xc0010001 to merge double_link_list.o (not found) and process.o (0x1)
Removed property 0xc0010002 to merge double_link_list.o (not found) and process.o (0x0)
Removed property 0xc0010001 to merge double_link_list.o (not found) and keyboard.o (0x1)
Removed property 0xc0010002 to merge double_link_list.o (not found) and keyboard.o (0x0)
Removed property 0xc0010001 to merge double_link_list.o (not found) and thread.o (0x1)
Removed property 0xc0010002 to merge double_link_list.o (not found) and thread.o (0x0)
Removed property 0xc0010001 to merge double_link_list.o (not found) and my_process.o (0x1)
Removed property 0xc0010002 to merge double_link_list.o (not found) and my_process.o (0x1)
Removed property 0xc0010001 to merge double_link_list.o (not found) and network/skbuff.o (0x1)
Removed property 0xc0010002 to merge double_link_list.o (not found) and network/skbuff.o (0x0)
Removed property 0xc0010001 to merge double_link_list.o (not found) and network/socket.o (0x1)
Removed property 0xc0010002 to merge double_link_list.o (not found) and network/socket.o (0x0)
Removed property 0xc0010001 to merge double_link_list.o (not found) and network/ip_input.o (0x1)
Removed property 0xc0010002 to merge double_link_list.o (not found) and network/ip_input.o (0x0)
Removed property 0xc0010001 to merge double_link_list.o (not found) and network/udp_sock.o (0x1)
Removed property 0xc0010002 to merge double_link_list.o (not found) and network/udp_sock.o (0x0)
Removed property 0xc0010001 to merge double_link_list.o (not found) and network/dst.o (0x1)
Removed property 0xc0010002 to merge double_link_list.o (not found) and network/dst.o (0x0)
Removed property 0xc0010001 to merge double_link_list.o (not found) and network/netdev.o (0x1)
Removed property 0xc0010002 to merge double_link_list.o (not found) and network/netdev.o (0x0)
Removed property 0xc0010001 to merge double_link_list.o (not found) and network/ip_output.o (0x1)
Removed property 0xc0010002 to merge double_link_list.o (not found) and network/ip_output.o (0x0)
Removed property 0xc0010001 to merge double_link_list.o (not found) and network/tcp.o (0x1)
Removed property 0xc0010002 to merge double_link_list.o (not found) and network/tcp.o (0x0)
Removed property 0xc0010001 to merge double_link_list.o (not found) and network/sock.o (0x1)
Removed property 0xc0010002 to merge double_link_list.o (not found) and network/sock.o (0x0)
Removed property 0xc0010001 to merge double_link_list.o (not found) and network/tcp_output.o (0x1)
Removed property 0xc0010002 to merge double_link_list.o (not found) and network/tcp_output.o (0x1)
Removed property 0xc0010001 to merge double_link_list.o (not found) and network/arp.o (0x1)
Removed property 0xc0010002 to merge double_link_list.o (not found) and network/arp.o (0x0)
Removed property 0xc0010001 to merge double_link_list.o (not found) and network/tcp_sock.o (0x1)
Removed property 0xc0010002 to merge double_link_list.o (not found) and network/tcp_sock.o (0x0)
Removed property 0xc0010001 to merge double_link_list.o (not found) and network/ipc.o (0x1)
Removed property 0xc0010002 to merge double_link_list.o (not found) and network/ipc.o (0x1)
Removed property 0xc0010001 to merge double_link_list.o (not found) and network/icmpv4.o (0x1)
Removed property 0xc0010002 to merge double_link_list.o (not found) and network/icmpv4.o (0x0)
Removed property 0xc0010001 to merge double_link_list.o (not found) and network/inet.o (0x1)
Removed property 0xc0010002 to merge double_link_list.o (not found) and network/inet.o (0x0)
Removed property 0xc0010001 to merge double_link_list.o (not found) and network/tcp_input.o (0x1)
Removed property 0xc0010002 to merge double_link_list.o (not found) and network/tcp_input.o (0x0)
Removed property 0xc0010001 to merge double_link_list.o (not found) and network/task_network.o (0x1)
[...]
Memory Configuration

Name             Origin             Length             Attributes
*default*        0x00000000         0xffffffff

Linker script and memory map

Address of section .text set to 0xc0600000
LOAD kernel/kernel_sub.o
LOAD kernel/kernel.o
LOAD switch_to.o
LOAD string.o
LOAD syscall.o
LOAD hd/hd_rdwt.o
LOAD network/ne2000.o
LOAD double_link_list.o
LOAD global.o
LOAD kernel_main_old.o
LOAD kernel_main.o
LOAD protect.o
LOAD console.o
LOAD process.o
LOAD keyboard.o
LOAD thread.o
LOAD my_process.o
LOAD network/skbuff.o
LOAD network/socket.o
LOAD network/ip_input.o
LOAD network/udp_sock.o
LOAD network/dst.o
LOAD network/netdev.o
LOAD network/ip_output.o
LOAD network/tcp.o
LOAD network/sock.o
LOAD network/tcp_output.o
LOAD network/arp.o
LOAD network/tcp_sock.o
LOAD network/ipc.o
LOAD network/icmpv4.o
LOAD network/inet.o
LOAD network/tcp_input.o
LOAD network/task_network.o
LOAD network/route.o
LOAD network/udp.o
LOAD network/tcp_data.o
LOAD network/utils.o
LOAD hd/hd.o
LOAD fs/fs_main.o
LOAD mm/forkexit.o
LOAD mm/exec.o
LOAD mm/main.o
LOAD mem/mem.o
LOAD lib/floor.o
LOAD lib/exec.o
LOAD lib/exit.o
LOAD lib/unlink.o
LOAD lib/wait.o
LOAD lib/socket_close.o
LOAD lib/socket_read.o
LOAD lib/alloca.o
LOAD lib/calloc.o
LOAD lib/fork.o
LOAD lib/socket_write.o
LOAD lib/getpid.o
LOAD lib/stdlib/atoi.o
LOAD lib/string/strtok.o
LOAD lib/string/strcmp.o
LOAD lib/string/strncmp.o
LOAD lib/string/strpbrk.o
LOAD lib/stdio/read.o
LOAD lib/stdio/perror.o
LOAD lib/stdio/sscanf.o
LOAD lib/stdio/open.o
LOAD lib/stdio/write.o
LOAD lib/stdio/close.o
LOAD lib/sys/socket.o
LOAD lib/sys/connect.o
LOAD lib/arpa/ntohs.o
LOAD lib/arpa/htonl.o
LOAD lib/arpa/htons.o
LOAD lib/arpa/inet_pton.o
LOAD lib/arpa/ntohl.o
LOAD lib/arpa/inet_ntop.o
                [!provide]                        PROVIDE (__executable_start = SEGMENT_START ("text-segment", 0x8048000))
                0x080480d4                        . = (SEGMENT_START ("text-segment", 0x8048000) + SIZEOF_HEADERS)

.interp
 *(.interp)

.note.gnu.build-id
 *(.note.gnu.build-id)

.hash
 *(.hash)

.gnu.hash
 *(.gnu.hash)

.dynsym
 *(.dynsym)

.dynstr
 *(.dynstr)

.gnu.version
 *(.gnu.version)

.gnu.version_d
 *(.gnu.version_d)

.gnu.version_r
 *(.gnu.version_r)

.rel.dyn        0x080480d4        0x0
 *(.rel.init)
 *(.rel.text .rel.text.* .rel.gnu.linkonce.t.*)
 .rel.text      0x080480d4        0x0 kernel/kernel_sub.o
 *(.rel.fini)
 *(.rel.rodata .rel.rodata.* .rel.gnu.linkonce.r.*)
 *(.rel.data.rel.ro .rel.data.rel.ro.* .rel.gnu.linkonce.d.rel.ro.*)
 *(.rel.data .rel.data.* .rel.gnu.linkonce.d.*)
 *(.rel.tdata .rel.tdata.* .rel.gnu.linkonce.td.*)
 *(.rel.tbss .rel.tbss.* .rel.gnu.linkonce.tb.*)
 *(.rel.ctors)
 *(.rel.dtors)
 *(.rel.got)
 .rel.got       0x080480d4        0x0 kernel/kernel_sub.o
 *(.rel.bss .rel.bss.* .rel.gnu.linkonce.b.*)
 *(.rel.ifunc)

.rel.plt        0x080480d4        0x0
 *(.rel.plt)
                [!provide]                        PROVIDE (__rel_iplt_start = .)
 *(.rel.iplt)
 .rel.iplt      0x080480d4        0x0 kernel/kernel_sub.o
                [!provide]                        PROVIDE (__rel_iplt_end = .)

.relr.dyn
 *(.relr.dyn)
                0x08049000                        . = ALIGN (CONSTANT (MAXPAGESIZE))

.init
 *(SORT_NONE(.init))

.plt            0x08049000        0x0
 *(.plt)
 *(.iplt)
 .iplt          0x08049000        0x0 kernel/kernel_sub.o

.plt.got
 *(.plt.got)

.plt.sec
 *(.plt.sec)

.text           0xc0600000    0x12b1a
 *(.text.unlikely .text.*_unlikely .text.unlikely.*)
 *(.text.exit .text.exit.*)
 *(.text.startup .text.startup.*)
 *(.text.hot .text.hot.*)
 *(SORT_BY_NAME(.text.sorted.*))
 *(.text .stub .text.* .gnu.linkonce.t.*)
 .text          0xc0600000       0x74 kernel/kernel_sub.o
                0xc0600000                _start
 *fill*         0xc0600074        0xc 
 .text          0xc0600080      0x3d5 kernel/kernel.o
                0xc0600080                InterruptTest
                0xc060008c                disp_str_len
                0xc06000d9                disp_str
                0xc0600114                disp_str_colour
                0xc0600150                divide_zero_fault
                0xc0600156                single_step_fault
                0xc060015c                non_maskable_interrupt
                0xc0600162                breakpoint_trap
                0xc0600168                overflow_trap
                0xc060016e                bound_range_exceeded_fault
                0xc0600174                invalid_opcode_fault
                0xc060017a                coprocessor_not_available_fault
                0xc0600180                double_fault_exception_abort
                0xc0600184                coprocessor_segment_overrun
                0xc060018a                invalid_task_state_segment_fault
                0xc060018e                segment_not_present_fault
                0xc0600192                stack_exception_fault
                0xc0600196                general_protection_exception_fault
                0xc06001a1                page_fault
                0xc06001a5                coprocessor_error_fault
                0xc06001ab                align_check_fault
                0xc06001af                simd_float_exception_fault
                0xc06001be                hwint0
                0xc06001ee                hwint1
                0xc0600231                hwint14
                0xc0600277                hwint10
                0xc06002ba                sys_call
                0xc0600300                fork_restart
                0xc060030f                restart
                0xc0600332                in_byte
                0xc060033e                out_byte
                0xc0600360                disable_int
                0xc0600362                enable_int
                0xc06003f8                enable_8259A_casecade_irq
                0xc0600402                disable_8259A_casecade_irq
                0xc060040c                enable_8259A_slave_winchester_irq
                0xc0600416                disable_8259A_slave_winchester_irq
                0xc0600420                update_cr3
                0xc060042d                update_tss
                0xc060043c                get_running_thread_pcb
                0xc0600442                sys_call_test
                0xc0600445                enable_8259A_slave_net_irq
 *fill*         0xc0600455        0xb 
 .text          0xc0600460       0x15 switch_to.o
                0xc0600460                switch_to
 *fill*         0xc0600475        0xb 
 .text          0xc0600480       0x6a syscall.o
                0xc0600480                write_debug
                0xc0600490                send_msg
                0xc06004a6                receive_msg
                0xc06004bc                sys_malloc
                0xc06004d1                sys_free
 *fill*         0xc06004ea        0x6 
 .text          0xc06004f0      0x25e network/ne2000.o
                0xc0600513                DriverInitialize
                0xc060059d                SetPageStart
                0xc06005c5                DriverSend
                0xc060063d                PCtoNIC
                0xc06006ab                get_interrupt_status
                0xc06006c1                set_interrupt_status
                0xc06006da                get_curr_page
                0xc06006f7                NICtoPC
 .text          0xc060074e      0x2ee double_link_list.o
                0xc060074e                initDoubleLinkList
                0xc060079e                isListEmpty
                0xc06007cc                findElementInList
                0xc0600863                appendToDoubleLinkList
                0xc0600929                insertToDoubleLinkList
                0xc06009ad                popFromDoubleLinkList
 .text          0xc0600a3c        0x0 global.o
 .text          0xc0600a3c     0x2de4 kernel_main_old.o
                0xc0600a3c                stop_here
                0xc0600a80                catch_error
                0xc0600ae5                intr_enable
                0xc0600b0e                intr_disable
                0xc0600b37                intr_set_status
                0xc0600b55                intr_get_status
                0xc0600b72                Memcpy
                0xc0600ba5                untar
                0xc0600eb5                num_to_string
                0xc0600f5b                disp_int
                0xc0600f84                do_page_fault
                0xc06010c1                exception_handler
                0xc06012ac                init_internal_interrupt
                0xc0601421                spurious_irq
                0xc06014af                init_keyboard
                0xc06014f2                TestTTY
                0xc0601591                TestReadReturnValue
                0xc060160e                TestWriteReturnValue
                0xc06016e2                TestFS2
                0xc06016f0                TestFS
                0xc0601b92                wait_exit
                0xc0601c90                INIT_fork
                0xc0601f83                simple_shell
                0xc060210a                test_shell
                0xc0602172                test_exec
                0xc0602265                INIT
                0xc0602272                TestA
                0xc06022a7                delay
                0xc06022eb                TestB
                0xc0602303                TestC
                0xc0602336                sys_get_ticks
                0xc0602346                sys_write
                0xc060239a                milli_delay
                0xc06023d6                TaskSys
                0xc06023db                Printf
                0xc06024ad                sprintf
                0xc06024d9                vsprintf
                0xc0602685                printx
                0xc06026c8                sys_printx
                0xc0602794                spin
                0xc06027ba                panic
                0xc06027d8                assertion_failure
                0xc060284a                assertion_failure2
                0xc06028bf                dead_lock
                0xc06028c9                sys_send_msg
                0xc0602de8                sys_receive_msg
                0xc0603448                send_rec
                0xc0603543                block
                0xc060357f                unblock
                0xc06035cf                get_ticks_ipc
                0xc0603629                itoa
                0xc060367f                i2a
                0xc06036e5                inform_int
                0xc06037b1                deprecate_strcmp
 .text          0xc0603820      0x522 kernel_main.o
                0xc0603820                kernel_main
                0xc06039da                init
                0xc0603a6c                kernel_thread_a
                0xc0603ab9                kernel_thread_b
                0xc0603b06                kernel_thread_c
                0xc0603b1c                kernel_thread_d
                0xc0603b32                user_proc_a
                0xc0603d25                user_proc_b
 .text          0xc0603d42      0x3b3 protect.o
                0xc0603d42                InitDescriptor
                0xc0603daf                Seg2PhyAddr
                0xc0603df0                Seg2PhyAddrLDT
                0xc0603e34                VirAddr2PhyAddr
                0xc0603e4a                v2l
                0xc0603e8d                init_propt
                0xc060400e                InitInterruptDesc
                0xc060406a                ReloadGDT
 .text          0xc06040f5      0xad3 console.o
                0xc06040f5                select_console
                0xc0604131                flush
                0xc060416a                set_cursor
                0xc06041c8                set_console_start_video_addr
                0xc0604226                put_key
                0xc0604292                scroll_up
                0xc06042d4                scroll_down
                0xc060433f                out_char
                0xc06044fc                tty_dev_read
                0xc0604526                tty_dev_write
                0xc0604753                tty_do_read
                0xc060481b                tty_do_write
                0xc0604984                init_screen
                0xc0604a0d                init_tty
                0xc0604ac2                TaskTTY
 .text          0xc0604bc8      0x2b7 process.o
                0xc0604bc8                schedule_process
                0xc0604d8e                clock_handler
                0xc0604e04                pid2proc
                0xc0604e68                proc2pid
 .text          0xc0604e7f      0x40f keyboard.o
                0xc0604e7f                keyboard_handler
                0xc0604f03                read_from_keyboard_buf
                0xc0604f69                keyboard_read
                0xc06050e8                init_keyboard_handler
                0xc06050fc                in_process
 .text          0xc060528e      0x1b2 thread.o
                0xc060528e                kernel_thread
                0xc06052a6                thread_init
                0xc0605353                thread_create
                0xc0605388                thread_start
 .text          0xc0605440      0x730 my_process.o
                0xc0605440                create_user_process_address_space
                0xc06054d0                user_process
                0xc06055fd                clone_pcb
                0xc060576f                build_body_stack
                0xc06058a2                build_process_kernel_stack
                0xc0605965                fork_process
                0xc06059f6                process_execute
 .text          0xc0605b70      0x15b network/skbuff.o
                0xc0605b89                alloc_skb
                0xc0605c1a                free_skb
                0xc0605c4d                skb_reserve
                0xc0605c69                skb_push
                0xc0605c98                skb_head
                0xc0605ca3                skb_reset_header
 .text          0xc0605ccb      0x66c network/socket.o
                0xc0605d7b                test
                0xc0605dd7                socket_debug
                0xc0605e38                free_socket
                0xc0605ef4                _socket
                0xc0605fb3                _bind
                0xc0606006                _connect
                0xc0606058                _write
                0xc06060af                _read
                0xc0606106                _recvfrom
                0xc0606147                _sendto
                0xc060619e                _close
                0xc060621d                _listen
                0xc0606283                _accept
 .text          0xc0606337      0x2ed network/ip_input.o
                0xc06064c1                ip_rcv
 .text          0xc0606624      0x8cd network/udp_sock.o
                0xc0606862                udp_lookup_sock
                0xc06068a9                udp_init
                0xc06068da                udp_close
                0xc0606900                udp_sock_init
                0xc060690a                udp_recvfrom
                0xc06069a3                udp_connect
                0xc0606a7c                udp_write
                0xc0606aa8                udp_alloc_skb
                0xc0606af2                udp_sendto
                0xc0606be6                udp_send
                0xc0606d24                udp_alloc_sock
                0xc0606d65                udp_free_sock
                0xc0606d89                udp_read
 .text          0xc0606ef1       0xd8 network/dst.o
                0xc0606eff                dst_neigh_output
 .text          0xc0606fc9      0x80c network/netdev.o
                0xc0607157                netdev_init
                0xc060719e                netdev_transmit
                0xc0607287                interrupt_wait2
                0xc06072e0                netdev_rx_loop
                0xc060740d                netdev_get
                0xc0607448                free_netdev
                0xc0607473                local_ipaddress
                0xc06074b0                receive_msg_from_nic
                0xc0607693                receive_msg_from_nic2
                0xc06077bf                net_handler
 .text          0xc06077d5      0x1d3 network/ip_output.o
                0xc06077e3                ip_output
 .text          0xc06079a8      0x448 network/tcp.o
                0xc0607b9d                tcp_in
                0xc0607c51                tcp_checksum
                0xc0607c7d                __tcp_set_state
                0xc0607c8c                tcp_generate_port
                0xc0607cd5                tcp_generate_isn
                0xc0607cdf                tcp_done
                0xc0607d08                tcp_clear_timers
                0xc0607d17                tcp_stop_retransmission_timer
                0xc0607d30                tcp_release_retransmission_timer
                0xc0607d49                tcp_stop_delack_timer
                0xc0607d5c                tcp_release_delack_timer
                0xc0607d6f                tcp_handle_fin_state
                0xc0607dd4                tcp_enter_time_wait
 .text          0xc0607df0      0x203 network/sock.o
                0xc0607f22                sk_alloc
                0xc0607f49                sk_init
                0xc0607f9d                sk_init_with_socket
                0xc0607fc6                sk_free
 .text          0xc0607ff3      0xbbe network/tcp_output.o
                0xc06084b9                tcp_send_synack
                0xc060855c                tcp_send_delack
                0xc0608597                tcp_send_ack
                0xc06086e3                tcp_send_fin
                0xc0608758                tcp_select_initial_window
                0xc060890a                tcp_reset_retransmission_timer
                0xc0608927                tcp_begin_connect
                0xc06089d1                tcp_send
                0xc0608ab6                tcp_send_reset
                0xc0608b36                tcp_queue_fin
 .text          0xc0608bb1      0x70c network/arp.o
                0xc0608d7e                arp_init
                0xc0608d84                arp_rcv
                0xc0608f53                arp_request
                0xc06090bd                arp_reply
                0xc0609220                arp_get_hwaddr
                0xc060926c                free_arp
 .text          0xc06092bd      0xa27 network/tcp_sock.o
                0xc060957c                tcp_established_or_syn_recvd_socks_enqueue
                0xc0609593                tcp_established_or_syn_recvd_socks_remove
                0xc06095a5                tcp_connecting_or_listening_socks_enqueue
                0xc06095bc                tcp_connecting_or_listening_socks_remove
                0xc06095ce                tcp_alloc_sock
                0xc06096e4                tcp_free_sock
                0xc060975d                tcp_init
                0xc0609767                tcp_sock_init
                0xc060980a                tcp_write
                0xc060984b                tcp_read
                0xc06098fe                tcp_close
                0xc06099bc                tcp_recv_notify
                0xc06099e7                tcp_v4_connect
                0xc0609c37                tcp_lookup_sock
 .text          0xc0609ce4      0xd76 network/ipc.o
                0xc060a89e                ipc_close
                0xc060a8ef                demux_ipc_socket_call
 .text          0xc060aa5a      0x234 network/icmpv4.o
                0xc060aa68                icmpv4_incoming
                0xc060aadc                icmpv4_reply
                0xc060abb5                icmpv4_timestamp
 .text          0xc060ac8e      0x429 network/inet.o
                0xc060ac8e                inet_create
                0xc060ad3e                inet_socket
                0xc060ad48                inet_connect
                0xc060ad9c                inet_write
                0xc060adc8                inet_read
                0xc060adf4                inet_close
                0xc060ae43                inet_free
                0xc060ae79                inet_bind
                0xc060af82                inet_listen
                0xc060afcb                inet_accept
                0xc060b076                inet_sendto
                0xc060b0a1                inet_recvfrom
 .text          0xc060b0b7      0xb80 network/tcp_input.o
                0xc060b7af                tcp_process
                0xc060bb75                tcp_receive
 .text          0xc060bc37      0x132 network/task_network.o
                0xc060bc37                task_network
                0xc060bd4b                task_netdev_rx
 .text          0xc060bd69      0x2ee network/route.o
                0xc060be96                route_add
                0xc060bedd                route_init
                0xc060bfb5                route_lookup
                0xc060c003                free_routes
 .text          0xc060c057      0x3e0 network/udp.o
                0xc060c162                udp_generate_port
                0xc060c1ab                udp_checksum
                0xc060c279                udp_in
                0xc060c30a                udp_data_dequeue
                0xc060c412                udp_data_enqueue
 .text          0xc060c437      0x54a network/tcp_data.o
                0xc060c722                tcp_data_dequeue
                0xc060c84f                tcp_data_queue
 .text          0xc060c981      0x1e7 network/utils.o
                0xc060c981                run_cmd
                0xc060c98e                print_err
                0xc060c9a5                parse_ipv4_string
                0xc060ca04                ip_pton
                0xc060ca4c                sum_every_16bits
                0xc060caa3                checksum
                0xc060cae4                tcp_udp_checksum
 .text          0xc060cb68      0xe84 hd/hd.o
                0xc060cb68                TaskHD
                0xc060cbb3                init_hd
                0xc060cbcd                hd_handle
                0xc060ccd2                hd_cmd_out
                0xc060cdd4                hd_identify
                0xc060ce8b                print_hdinfo
                0xc060d019                print_dpt_entry
                0xc060d085                get_partition_table
                0xc060d164                partition
                0xc060d37e                hd_open
                0xc060d42e                get_hd_ioctl
                0xc060d4e8                wait_for
                0xc060d519                interrupt_wait
                0xc060d572                hd_rdwt
                0xc060d814                hd_handler
                0xc060d845                debug_ticks
                0xc060d883                waitfor
                0xc060d8c7                print_hd_info
                0xc060d9b4                is_empty
 .text          0xc060d9ec     0x2081 fs/fs_main.o
                0xc060d9ec                task_fs
                0xc060dc00                rd_wt
                0xc060dce2                mkfs
                0xc060e2c4                init_fs
                0xc060e31e                do_open
                0xc060e527                search_file
                0xc060e659                strip_path
                0xc060e725                get_inode
                0xc060e8e7                create_file
                0xc060e9f2                alloc_imap_bit
                0xc060eaef                alloc_smap_bit
                0xc060ec90                new_inode
                0xc060edae                new_dir_entry
                0xc060efba                do_unlink
                0xc060f496                do_rdwt
                0xc060f821                sync_inode
                0xc060f975                put_inode
                0xc060f9b3                do_close
                0xc060fa05                get_super_block
 .text          0xc060fa6d      0x24f mm/forkexit.o
                0xc060fa6d                do_fork
                0xc060fadb                do_exit
                0xc060fb65                do_wait
                0xc060fc62                cleanup
 .text          0xc060fcbc      0x419 mm/exec.o
                0xc060fcbc                do_exec
 .text          0xc06100d5      0x14e mm/main.o
                0xc06100d5                TaskMM
                0xc0610204                alloc_mem
 .text          0xc0610223     0x1118 mem/mem.o
                0xc0610223                init_bitmap
                0xc0610246                test_bit_val
                0xc06102af                set_bit_val
                0xc061032a                set_bits
                0xc0610364                get_first_free_bit
                0xc06103a8                get_bits
                0xc0610470                get_a_page
                0xc0610524                get_virtual_address_start_with_addr
                0xc06105be                get_virtual_address
                0xc061064e                ptr_pde
                0xc0610661                ptr_pte
                0xc0610688                add_map_entry
                0xc0610719                alloc_virtual_memory
                0xc06107e5                get_physical_address_proc
                0xc0610861                get_physical_address
                0xc0610893                alloc_physical_memory_of_proc
                0xc0610982                alloc_physical_memory
                0xc0610a4a                alloc_memory
                0xc0610aac                get_a_virtual_page
                0xc0610ae4                block2arena
                0xc0610afa                sys_malloc2
                0xc0610e27                remove_map_entry
                0xc0610e48                free_a_page
                0xc0610eef                sys_free2
                0xc0610ef5                init_memory_block_desc
                0xc0610fc6                init_memory2
                0xc06111fb                init_memory
 .text          0xc061133b       0x49 lib/floor.o
                0xc061133b                floor
 .text          0xc0611384      0x285 lib/exec.o
                0xc0611384                exec
                0xc06113f5                execv
                0xc06115e4                execl
 .text          0xc0611609       0x2f lib/exit.o
                0xc0611609                exit
 .text          0xc0611638       0x42 lib/unlink.o
                0xc0611638                unlink
 .text          0xc061167a       0x44 lib/wait.o
                0xc061167a                wait
 .text          0xc06116be       0xbe lib/socket_close.o
                0xc06116be                socket_close
 .text          0xc061177c      0x12a lib/socket_read.o
                0xc061177c                socket_read
 .text          0xc06118a6       0x29 lib/alloca.o
                0xc06118a6                alloca
 .text          0xc06118cf       0x46 lib/calloc.o
                0xc06118cf                calloc
 .text          0xc0611915       0x4b lib/fork.o
                0xc0611915                fork
 .text          0xc0611960      0x12a lib/socket_write.o
                0xc0611960                socket_write
 .text          0xc0611a8a       0x2b lib/getpid.o
                0xc0611a8a                getpid
 .text          0xc0611ab5       0x9c lib/stdlib/atoi.o
                0xc0611ab5                atoi
 .text          0xc0611b51       0x85 lib/string/strtok.o
                0xc0611b51                strtok
 .text          0xc0611bd6       0xa8 lib/string/strcmp.o
                0xc0611bd6                strcmp
 .text          0xc0611c7e       0xd4 lib/string/strncmp.o
                0xc0611c7e                strncmp
 .text          0xc0611d52       0x90 lib/string/strpbrk.o
                0xc0611d52                strpbrk
 .text          0xc0611de2      0x181 lib/stdio/read.o
                0xc0611de2                read
 .text          0xc0611f63       0x17 lib/stdio/perror.o
                0xc0611f63                perror
 .text          0xc0611f7a      0x2c1 lib/stdio/sscanf.o
                0xc0611f7a                sscanf
 .text          0xc061223b       0x95 lib/stdio/open.o
                0xc061223b                open
 .text          0xc06122d0       0x85 lib/stdio/write.o
                0xc06122d0                write
 .text          0xc0612355       0x52 lib/stdio/close.o
                0xc0612355                close
 .text          0xc06123a7      0x193 lib/sys/socket.o
                0xc06123a7                socket
 .text          0xc061253a      0x100 lib/sys/connect.o
                0xc061253a                connect
 .text          0xc061263a       0x38 lib/arpa/ntohs.o
                0xc061263a                ntohs
 .text          0xc0612672       0x7c lib/arpa/htonl.o
                0xc0612672                htonl
 .text          0xc06126ee       0x38 lib/arpa/htons.o
                0xc06126ee                htons
 .text          0xc0612726      0x295 lib/arpa/inet_pton.o
                0xc0612726                isValidIPv4
                0xc06128b0                inet_pton
 .text          0xc06129bb       0x7c lib/arpa/ntohl.o
                0xc06129bb                ntohl
 .text          0xc0612a37       0xe3 lib/arpa/inet_ntop.o
                0xc0612a37                inet_ntop
 *(.gnu.warning)

.fini
 *(SORT_NONE(.fini))
                [!provide]                        PROVIDE (__etext = .)
                [!provide]                        PROVIDE (_etext = .)
                [!provide]                        PROVIDE (etext = .)
                0xc0613000                        . = ALIGN (CONSTANT (MAXPAGESIZE))
                0xc0613000                        . = SEGMENT_START ("rodata-segment", (ALIGN (CONSTANT (MAXPAGESIZE)) + (. & (CONSTANT (MAXPAGESIZE) - 0x1))))

.rodata         0xc0613000     0x1d6b
 *(.rodata .rodata.* .gnu.linkonce.r.*)
 .rodata        0xc0613000       0x3c double_link_list.o
 *fill*         0xc061303c        0x4 
 .rodata        0xc0613040      0xb61 kernel_main_old.o
 *fill*         0xc0613ba1        0x3 
 .rodata        0xc0613ba4      0x1bc kernel_main.o
 .rodata        0xc0613d60       0x22 console.o
 *fill*         0xc0613d82        0x2 
 .rodata        0xc0613d84       0x4c process.o
 .rodata        0xc0613dd0        0x9 network/skbuff.o
 *fill*         0xc0613dd9        0x3 
 .rodata        0xc0613ddc      0x23d network/socket.o
 *fill*         0xc0614019        0x3 
 .rodata        0xc061401c       0xbd network/ip_input.o
 *fill*         0xc06140d9        0x3 
 .rodata        0xc06140dc       0x2d network/udp_sock.o
 .rodata        0xc0614109        0x9 network/dst.o
 *fill*         0xc0614112        0x2 
 .rodata        0xc0614114      0x172 network/netdev.o
 .rodata        0xc0614286        0x9 network/ip_output.o
 *fill*         0xc061428f        0x1 
 .rodata        0xc0614290       0x31 network/tcp.o
 .rodata        0xc06142c1        0x9 network/sock.o
 *fill*         0xc06142ca        0x2 
 .rodata        0xc06142cc       0xc3 network/tcp_output.o
 *fill*         0xc061438f        0x1 
 .rodata        0xc0614390       0xc7 network/arp.o
 *fill*         0xc0614457        0x1 
 .rodata        0xc0614458       0xe8 network/tcp_sock.o
 .rodata        0xc0614540      0x160 network/ipc.o
 .rodata        0xc06146a0       0x32 network/icmpv4.o
 *fill*         0xc06146d2        0x2 
 .rodata        0xc06146d4       0x48 network/inet.o
 .rodata        0xc061471c       0x60 network/tcp_input.o
 .rodata        0xc061477c       0x61 network/task_network.o
 *fill*         0xc06147dd        0x3 
 .rodata        0xc06147e0       0x37 network/route.o
 .rodata        0xc0614817        0x9 network/udp.o
 .rodata        0xc0614820       0x1e network/tcp_data.o
 *fill*         0xc061483e        0x2 
 .rodata        0xc0614840       0x41 network/utils.o
 *fill*         0xc0614881        0x3 
 .rodata        0xc0614884      0x19c hd/hd.o
 .rodata        0xc0614a20      0x1fb fs/fs_main.o
                0xc0614a20                FSBUF_SIZE
 .rodata        0xc0614c1b       0x21 mm/forkexit.o
 .rodata        0xc0614c3c       0x10 mm/exec.o
 .rodata        0xc0614c4c       0x11 mm/main.o
 .rodata        0xc0614c5d       0x5a mem/mem.o
 .rodata        0xc0614cb7       0x2d lib/exec.o
 .rodata        0xc0614ce4        0x9 lib/socket_close.o
 .rodata        0xc0614ced        0x9 lib/socket_read.o
 .rodata        0xc0614cf6        0x9 lib/socket_write.o
 .rodata        0xc0614cff       0x2a lib/stdio/close.o
 .rodata        0xc0614d29       0x33 lib/sys/socket.o
 .rodata        0xc0614d5c        0x9 lib/sys/connect.o
 .rodata        0xc0614d65        0x3 lib/arpa/inet_pton.o
 .rodata        0xc0614d68        0x3 lib/arpa/inet_ntop.o

.txt            0xc0614d6b       0xaa
 .txt           0xc0614d6b       0x82 string.o
                0xc0614d6b                Memcpy2
                0xc0614d99                Memset
                0xc0614db8                Strcpy
                0xc0614dd2                Strlen
 .txt           0xc0614ded       0x28 hd/hd_rdwt.o
                0xc0614ded                read_port
                0xc0614e01                write_port

.rodata1
 *(.rodata1)

.eh_frame_hdr
 *(.eh_frame_hdr)
 *(.eh_frame_entry .eh_frame_entry.*)

.eh_frame       0xc0614e18     0x4254
 *(.eh_frame)
 .eh_frame      0xc0614e18       0xd8 double_link_list.o
 .eh_frame      0xc0614ef0      0x6cc kernel_main_old.o
                                0x6e4 (size before relaxing)
 .eh_frame      0xc06155bc      0x108 kernel_main.o
                                0x120 (size before relaxing)
 .eh_frame      0xc06156c4      0x100 protect.o
                                0x118 (size before relaxing)
 .eh_frame      0xc06157c4      0x1e0 console.o
                                0x1f8 (size before relaxing)
 .eh_frame      0xc06159a4       0x80 process.o
                                 0x98 (size before relaxing)
 .eh_frame      0xc0615a24       0xa0 keyboard.o
                                 0xb8 (size before relaxing)
 .eh_frame      0xc0615ac4       0x80 thread.o
                                 0x98 (size before relaxing)
 .eh_frame      0xc0615b44       0xe0 my_process.o
                                 0xf8 (size before relaxing)
 .eh_frame      0xc0615c24       0xe0 network/skbuff.o
                                 0xf8 (size before relaxing)
 .eh_frame      0xc0615d04      0x2a0 network/socket.o
                                0x2b8 (size before relaxing)
 .eh_frame      0xc0615fa4      0x104 network/ip_input.o
                                0x11c (size before relaxing)
 .eh_frame      0xc06160a8      0x404 network/udp_sock.o
                                0x41c (size before relaxing)
 .eh_frame      0xc06164ac       0x40 network/dst.o
                                 0x58 (size before relaxing)
 .eh_frame      0xc06164ec      0x214 network/netdev.o
                                0x22c (size before relaxing)
 .eh_frame      0xc0616700       0x40 network/ip_output.o
                                 0x58 (size before relaxing)
 .eh_frame      0xc0616740      0x268 network/tcp.o
                                0x280 (size before relaxing)
 .eh_frame      0xc06169a8      0x1a0 network/sock.o
                                0x1b8 (size before relaxing)
 .eh_frame      0xc0616b48      0x3c4 network/tcp_output.o
                                0x3dc (size before relaxing)
 .eh_frame      0xc0616f0c      0x1c0 network/arp.o
                                0x1d8 (size before relaxing)
 .eh_frame      0xc06170cc      0x4c0 network/tcp_sock.o
                                0x4d8 (size before relaxing)
 .eh_frame      0xc061758c      0x254 network/ipc.o
                                0x26c (size before relaxing)
 .eh_frame      0xc06177e0       0x80 network/icmpv4.o
                                 0x98 (size before relaxing)
 .eh_frame      0xc0617860      0x180 network/inet.o
                                0x198 (size before relaxing)
 .eh_frame      0xc06179e0      0x300 network/tcp_input.o
                                0x318 (size before relaxing)
 .eh_frame      0xc0617ce0       0x40 network/task_network.o
                                 0x58 (size before relaxing)
 .eh_frame      0xc0617d20      0x124 network/route.o
                                0x13c (size before relaxing)
 .eh_frame      0xc0617e44      0x1e4 network/udp.o
                                0x1fc (size before relaxing)
 .eh_frame      0xc0618028      0x200 network/tcp_data.o
                                0x218 (size before relaxing)
 .eh_frame      0xc0618228       0xe4 network/utils.o
                                 0xfc (size before relaxing)
 .eh_frame      0xc061830c      0x264 hd/hd.o
                                0x27c (size before relaxing)
 .eh_frame      0xc0618570      0x27c fs/fs_main.o
                                0x294 (size before relaxing)
 .eh_frame      0xc06187ec       0x80 mm/forkexit.o
                                 0x98 (size before relaxing)
 .eh_frame      0xc061886c       0x20 mm/exec.o
                                 0x38 (size before relaxing)
 .eh_frame      0xc061888c       0x3c mm/main.o
                                 0x54 (size before relaxing)
 .eh_frame      0xc06188c8      0x364 mem/mem.o
                                0x37c (size before relaxing)
 .eh_frame      0xc0618c2c       0x20 lib/floor.o
                                 0x38 (size before relaxing)
 .eh_frame      0xc0618c4c       0x60 lib/exec.o
                                 0x78 (size before relaxing)
 .eh_frame      0xc0618cac       0x20 lib/exit.o
                                 0x38 (size before relaxing)
 .eh_frame      0xc0618ccc       0x20 lib/unlink.o
                                 0x38 (size before relaxing)
 .eh_frame      0xc0618cec       0x20 lib/wait.o
                                 0x38 (size before relaxing)
 .eh_frame      0xc0618d0c       0x20 lib/socket_close.o
                                 0x38 (size before relaxing)
 .eh_frame      0xc0618d2c       0x20 lib/socket_read.o
                                 0x38 (size before relaxing)
 .eh_frame      0xc0618d4c       0x20 lib/alloca.o
                                 0x38 (size before relaxing)
 .eh_frame      0xc0618d6c       0x20 lib/calloc.o
                                 0x38 (size before relaxing)
 .eh_frame      0xc0618d8c       0x20 lib/fork.o
                                 0x38 (size before relaxing)
 .eh_frame      0xc0618dac       0x20 lib/socket_write.o
                                 0x38 (size before relaxing)
 .eh_frame      0xc0618dcc       0x20 lib/getpid.o
                                 0x38 (size before relaxing)
 .eh_frame      0xc0618dec       0x20 lib/stdlib/atoi.o
                                 0x38 (size before relaxing)
 .eh_frame      0xc0618e0c       0x20 lib/string/strtok.o
                                 0x38 (size before relaxing)
 .eh_frame      0xc0618e2c       0x20 lib/string/strcmp.o
                                 0x38 (size before relaxing)
 .eh_frame      0xc0618e4c       0x20 lib/string/strncmp.o
                                 0x38 (size before relaxing)
 .eh_frame      0xc0618e6c       0x20 lib/string/strpbrk.o
                                 0x38 (size before relaxing)
 .eh_frame      0xc0618e8c       0x20 lib/stdio/read.o
                                 0x38 (size before relaxing)
 .eh_frame      0xc0618eac       0x20 lib/stdio/perror.o
                                 0x38 (size before relaxing)
 .eh_frame      0xc0618ecc       0x20 lib/stdio/sscanf.o
                                 0x38 (size before relaxing)
 .eh_frame      0xc0618eec       0x20 lib/stdio/open.o
                                 0x38 (size before relaxing)
 .eh_frame      0xc0618f0c       0x20 lib/stdio/write.o
                                 0x38 (size before relaxing)
 .eh_frame      0xc0618f2c       0x20 lib/stdio/close.o
                                 0x38 (size before relaxing)
 .eh_frame      0xc0618f4c       0x20 lib/sys/socket.o
                                 0x38 (size before relaxing)
 .eh_frame      0xc0618f6c       0x20 lib/sys/connect.o
                                 0x38 (size before relaxing)
 .eh_frame      0xc0618f8c       0x20 lib/arpa/ntohs.o
                                 0x38 (size before relaxing)
 .eh_frame      0xc0618fac       0x20 lib/arpa/htonl.o
                                 0x38 (size before relaxing)
 .eh_frame      0xc0618fcc       0x20 lib/arpa/htons.o
                                 0x38 (size before relaxing)
 .eh_frame      0xc0618fec       0x40 lib/arpa/inet_pton.o
                                 0x58 (size before relaxing)
 .eh_frame      0xc061902c       0x20 lib/arpa/ntohl.o
                                 0x38 (size before relaxing)
 .eh_frame      0xc061904c       0x20 lib/arpa/inet_ntop.o
                                 0x38 (size before relaxing)
 *(.eh_frame.*)

.sframe
 *(.sframe)
 *(.sframe.*)

.gcc_except_table
 *(.gcc_except_table .gcc_except_table.*)

.gnu_extab
 *(.gnu_extab*)

.exception_ranges
 *(.exception_ranges*)
                0xc061a000                        . = DATA_SEGMENT_ALIGN (CONSTANT (MAXPAGESIZE), CONSTANT (COMMONPAGESIZE))

.eh_frame
 *(.eh_frame)
 *(.eh_frame.*)

.sframe
 *(.sframe)
 *(.sframe.*)

.gnu_extab
 *(.gnu_extab)

.gcc_except_table
 *(.gcc_except_table .gcc_except_table.*)

.exception_ranges
 *(.exception_ranges*)

.tdata          0xc061a000        0x0
                [!provide]                        PROVIDE (__tdata_start = .)
 *(.tdata .tdata.* .gnu.linkonce.td.*)

.tbss
 *(.tbss .tbss.* .gnu.linkonce.tb.*)
 *(.tcommon)

.preinit_array  0xc061a000        0x0
                [!provide]                        PROVIDE (__preinit_array_start = .)
 *(.preinit_array)
                [!provide]                        PROVIDE (__preinit_array_end = .)

.init_array     0xc061a000        0x0
                [!provide]                        PROVIDE (__init_array_start = .)
 *(SORT_BY_INIT_PRIORITY(.init_array.*) SORT_BY_INIT_PRIORITY(.ctors.*))
 *(.init_array EXCLUDE_FILE(*crtend?.o *crtend.o *crtbegin?.o *crtbegin.o) .ctors)
                [!provide]                        PROVIDE (__init_array_end = .)

.fini_array     0xc061a000        0x0
                [!provide]                        PROVIDE (__fini_array_start = .)
 *(SORT_BY_INIT_PRIORITY(.fini_array.*) SORT_BY_INIT_PRIORITY(.dtors.*))
 *(.fini_array EXCLUDE_FILE(*crtend?.o *crtend.o *crtbegin?.o *crtbegin.o) .dtors)
                [!provide]                        PROVIDE (__fini_array_end = .)

.ctors
 *crtbegin.o(.ctors)
 *crtbegin?.o(.ctors)
 *(EXCLUDE_FILE(*crtend?.o *crtend.o) .ctors)
 *(SORT_BY_NAME(.ctors.*))
 *(.ctors)

.dtors
 *crtbegin.o(.dtors)
 *crtbegin?.o(.dtors)
 *(EXCLUDE_FILE(*crtend?.o *crtend.o) .dtors)
 *(SORT_BY_NAME(.dtors.*))
 *(.dtors)

.jcr
 *(.jcr)

.data.rel.ro
 *(.data.rel.ro.local* .gnu.linkonce.d.rel.ro.local.*)
 *(.data.rel.ro .data.rel.ro.* .gnu.linkonce.d.rel.ro.*)

.dynamic
 *(.dynamic)

.got            0xc061a000        0x0
 *(.got)
 .got           0xc061a000        0x0 kernel/kernel_sub.o
 *(.igot)
                0xc061a000                        . = DATA_SEGMENT_RELRO_END (., (SIZEOF (.got.plt) >= 0xc)?0xc:0x0)

.got.plt        0xc061a000        0x0
 *(.got.plt)
 .got.plt       0xc061a000        0x0 kernel/kernel_sub.o
 *(.igot.plt)
 .igot.plt      0xc061a000        0x0 kernel/kernel_sub.o

.data           0xc061a000      0xbac
 *(.data .data.* .gnu.linkonce.d.*)
 .data          0xc061a000        0xf kernel/kernel_sub.o
 *fill*         0xc061a00f        0x1 
 .data          0xc061a010        0xf kernel/kernel.o
 *fill*         0xc061a01f        0x1 
 .data          0xc061a020        0x0 syscall.o
 .data          0xc061a020        0x0 double_link_list.o
 .data          0xc061a020      0x160 global.o
                0xc061a020                user_task_table
                0xc061a0a0                sys_task_table
                0xc061a164                sys_call_table
 .data          0xc061a180        0x0 kernel_main_old.o
 .data          0xc061a180        0x0 kernel_main.o
 .data          0xc061a180        0x0 protect.o
 .data          0xc061a180        0x0 console.o
 .data          0xc061a180        0x0 process.o
 .data          0xc061a180      0x600 keyboard.o
                0xc061a180                keymap
 .data          0xc061a780        0x0 thread.o
 .data          0xc061a780        0x0 my_process.o
 .data          0xc061a780        0x4 network/skbuff.o
 *fill*         0xc061a784       0x1c 
 .data          0xc061a7a0      0x224 network/socket.o
 .data          0xc061a9c4        0x4 network/ip_input.o
 *fill*         0xc061a9c8       0x18 
 .data          0xc061a9e0       0x54 network/udp_sock.o
                0xc061aa00                udp_ops
 .data          0xc061aa34        0x4 network/dst.o
 .data          0xc061aa38        0x4 network/netdev.o
 .data          0xc061aa3c        0x4 network/ip_output.o
 .data          0xc061aa40        0x8 network/tcp.o
 .data          0xc061aa48        0x4 network/sock.o
 .data          0xc061aa4c        0x4 network/tcp_output.o
 .data          0xc061aa50       0x14 network/arp.o
 *fill*         0xc061aa64       0x1c 
 .data          0xc061aa80       0x54 network/tcp_sock.o
                0xc061aaa0                tcp_ops
 .data          0xc061aad4        0xc network/ipc.o
 .data          0xc061aae0        0x4 network/icmpv4.o
 *fill*         0xc061aae4       0x1c 
 .data          0xc061ab00       0x80 network/inet.o
                0xc061ab08                inet
 .data          0xc061ab80        0x4 network/tcp_input.o
 .data          0xc061ab84        0x0 network/task_network.o
 .data          0xc061ab84        0x4 network/route.o
 .data          0xc061ab88        0x8 network/udp.o
 .data          0xc061ab90        0x4 network/tcp_data.o
 .data          0xc061ab94        0x4 network/utils.o
 .data          0xc061ab98        0x0 hd/hd.o
 .data          0xc061ab98        0x0 fs/fs_main.o
 .data          0xc061ab98        0x0 mm/forkexit.o
 .data          0xc061ab98        0x0 mm/exec.o
 .data          0xc061ab98        0x0 mm/main.o
 .data          0xc061ab98        0x0 mem/mem.o
 .data          0xc061ab98        0x0 lib/floor.o
 .data          0xc061ab98        0x0 lib/exec.o
 .data          0xc061ab98        0x0 lib/exit.o
 .data          0xc061ab98        0x0 lib/unlink.o
 .data          0xc061ab98        0x0 lib/wait.o
 .data          0xc061ab98        0x4 lib/socket_close.o
 .data          0xc061ab9c        0x4 lib/socket_read.o
 .data          0xc061aba0        0x0 lib/alloca.o
 .data          0xc061aba0        0x0 lib/calloc.o
 .data          0xc061aba0        0x0 lib/fork.o
 .data          0xc061aba0        0x4 lib/socket_write.o
 .data          0xc061aba4        0x0 lib/getpid.o
 .data          0xc061aba4        0x0 lib/stdlib/atoi.o
 .data          0xc061aba4        0x0 lib/string/strtok.o
 .data          0xc061aba4        0x0 lib/string/strcmp.o
 .data          0xc061aba4        0x0 lib/string/strncmp.o
 .data          0xc061aba4        0x0 lib/string/strpbrk.o
 .data          0xc061aba4        0x0 lib/stdio/read.o
 .data          0xc061aba4        0x0 lib/stdio/perror.o
 .data          0xc061aba4        0x0 lib/stdio/sscanf.o
 .data          0xc061aba4        0x0 lib/stdio/open.o
 .data          0xc061aba4        0x0 lib/stdio/write.o
 .data          0xc061aba4        0x0 lib/stdio/close.o
 .data          0xc061aba4        0x4 lib/sys/socket.o
 .data          0xc061aba8        0x4 lib/sys/connect.o
 .data          0xc061abac        0x0 lib/arpa/ntohs.o
 .data          0xc061abac        0x0 lib/arpa/htonl.o
 .data          0xc061abac        0x0 lib/arpa/htons.o
 .data          0xc061abac        0x0 lib/arpa/inet_pton.o
 .data          0xc061abac        0x0 lib/arpa/ntohl.o
 .data          0xc061abac        0x0 lib/arpa/inet_ntop.o

.data1
 *(.data1)
                0xc061abac                        _edata = .
                [!provide]                        PROVIDE (edata = .)
                0xc061abac                        . = .
                0xc061abac                        __bss_start = .

.bss            0xc061abc0    0x95628
 *(.dynbss)
 *(.bss .bss.* .gnu.linkonce.b.*)
 .bss           0xc061abc0      0x800 kernel/kernel_sub.o
 .bss           0xc061b3c0      0x800 kernel/kernel.o
 .bss           0xc061bbc0        0x0 double_link_list.o
 .bss           0xc061bbc0        0x0 global.o
 .bss           0xc061bbc0        0x0 kernel_main_old.o
 .bss           0xc061bbc0        0x0 kernel_main.o
 .bss           0xc061bbc0        0x0 protect.o
 .bss           0xc061bbc0        0x0 console.o
 .bss           0xc061bbc0        0x0 process.o
 .bss           0xc061bbc0        0x0 keyboard.o
 .bss           0xc061bbc0        0x0 thread.o
 .bss           0xc061bbc0        0x0 my_process.o
 .bss           0xc061bbc0        0x0 network/skbuff.o
 .bss           0xc061bbc0        0x4 network/socket.o
 .bss           0xc061bbc4        0x0 network/ip_input.o
 .bss           0xc061bbc4        0x4 network/udp_sock.o
 .bss           0xc061bbc8        0x0 network/dst.o
 .bss           0xc061bbc8        0x0 network/netdev.o
 .bss           0xc061bbc8        0x0 network/ip_output.o
 .bss           0xc061bbc8        0x0 network/tcp.o
 .bss           0xc061bbc8        0x0 network/sock.o
 .bss           0xc061bbc8        0x0 network/tcp_output.o
 .bss           0xc061bbc8        0x0 network/arp.o
 .bss           0xc061bbc8        0x0 network/tcp_sock.o
 .bss           0xc061bbc8        0x4 network/ipc.o
 .bss           0xc061bbcc        0x0 network/icmpv4.o
 .bss           0xc061bbcc        0x0 network/inet.o
 .bss           0xc061bbcc        0x0 network/tcp_input.o
 .bss           0xc061bbcc        0x0 network/task_network.o
 .bss           0xc061bbcc        0x0 network/route.o
 .bss           0xc061bbcc        0x0 network/udp.o
 .bss           0xc061bbcc        0x0 network/tcp_data.o
 .bss           0xc061bbcc        0x0 network/utils.o
 .bss           0xc061bbcc        0x0 hd/hd.o
 .bss           0xc061bbcc        0x4 fs/fs_main.o
                0xc061bbcc                c
 .bss           0xc061bbd0        0x0 mm/forkexit.o
 .bss           0xc061bbd0        0x0 mm/exec.o
 .bss           0xc061bbd0        0x0 mm/main.o
 .bss           0xc061bbd0        0x0 mem/mem.o
 .bss           0xc061bbd0        0x0 lib/floor.o
 .bss           0xc061bbd0        0x0 lib/exec.o
 .bss           0xc061bbd0        0x0 lib/exit.o
 .bss           0xc061bbd0        0x0 lib/unlink.o
 .bss           0xc061bbd0        0x0 lib/wait.o
 .bss           0xc061bbd0        0x0 lib/socket_close.o
 .bss           0xc061bbd0        0x0 lib/socket_read.o
 .bss           0xc061bbd0        0x0 lib/alloca.o
 .bss           0xc061bbd0        0x0 lib/calloc.o
 .bss           0xc061bbd0        0x0 lib/fork.o
 .bss           0xc061bbd0        0x0 lib/socket_write.o
 .bss           0xc061bbd0        0x0 lib/getpid.o
 .bss           0xc061bbd0        0x0 lib/stdlib/atoi.o
 .bss           0xc061bbd0        0x4 lib/string/strtok.o
 .bss           0xc061bbd4        0x0 lib/string/strcmp.o
 .bss           0xc061bbd4        0x0 lib/string/strncmp.o
 .bss           0xc061bbd4        0x0 lib/string/strpbrk.o
 .bss           0xc061bbd4        0x0 lib/stdio/read.o
 .bss           0xc061bbd4        0x0 lib/stdio/perror.o
 .bss           0xc061bbd4        0x0 lib/stdio/sscanf.o
 .bss           0xc061bbd4        0x0 lib/stdio/open.o
 .bss           0xc061bbd4        0x0 lib/stdio/write.o
 .bss           0xc061bbd4        0x0 lib/stdio/close.o
 .bss           0xc061bbd4        0x0 lib/sys/socket.o
 .bss           0xc061bbd4        0x0 lib/sys/connect.o
 .bss           0xc061bbd4        0x0 lib/arpa/ntohs.o
 .bss           0xc061bbd4        0x0 lib/arpa/htonl.o
 .bss           0xc061bbd4        0x0 lib/arpa/htons.o
 .bss           0xc061bbd4        0x0 lib/arpa/inet_pton.o
 .bss           0xc061bbd4        0x0 lib/arpa/ntohl.o
 .bss           0xc061bbd4        0x0 lib/arpa/inet_ntop.o
 *(COMMON)
 *fill*         0xc061bbd4        0xc 
 COMMON         0xc061bbe0     0x17b8 double_link_list.o
                0xc061bbe0                current_tty
                0xc061bbe4                is_e0
                0xc061bbe8                idt_ptr
                0xc061bbf0                pid
                0xc061bbf4                KernelVirtualMemory
                0xc061bc00                loop
                0xc061bc04                current_dis_pos
                0xc061bc08                dis_pos
                0xc061bc0c                netdev
                0xc061bc10                k_reenter
                0xc061bc20                gdt
                0xc061c020                proc_ready_table
                0xc061c024                test_ticks
                0xc061c028                pcaller
                0xc061c040                keyboard_buffer
                0xc061c24c                pcb_list
                0xc061c25c                gdt_index
                0xc061c260                tty_table
                0xc061caa0                tss
                0xc061cb0c                KernelPool
                0xc061cb1c                net_buf
                0xc061cb20                nic_current_page
                0xc061cb24                counter
                0xc061cb28                key_pressed
                0xc061cb2c                fork_pid
                0xc061cb30                is_shift
                0xc061cb31                net_data
                0xc061cb34                routes
                0xc061cb38                gdt_ptr
                0xc061cb40                idt
                0xc061d340                main_thread
                0xc061d348                ticks
                0xc061d350                is_init
                0xc061d354                UserPool
                0xc061d364                all_pcb_list
                0xc061d374                console_table
                0xc061d384                is_disp
                0xc061d388                MAIN_THREAD_PAGE_DIRECTORY
                0xc061d38c                helloStr
 *fill*         0xc061d398        0x8 
 COMMON         0xc061d3a0    0x91ad0 global.o
                0xc061d3a0                proc_stack
                0xc06ad3a0                proc_table
 *fill*         0xc06aee70       0x10 
 COMMON         0xc06aee80      0x440 hd/hd.o
                0xc06aee80                hd_info
                0xc06af0c0                hd_cache
 COMMON         0xc06af2c0      0xe68 fs/fs_main.o
                0xc06af2c0                file_desc_table
                0xc06af6c0                phy_super_block_buf
                0xc06af6c4                phy_fsbuf
                0xc06af6e0                inode_table
                0xc06b00e0                super_block_buf
                0xc06b00e4                fsbuf
                0xc06b0100                root
 *fill*         0xc06b0128       0x18 
 COMMON         0xc06b0140       0xa8 mem/mem.o
                0xc06b0140                kernel_mem_block_decs_array
                0xc06b01e8                        . = ALIGN ((. != 0x0)?0x4:0x1)
                0xc06b01e8                        . = ALIGN (0x4)
                0xc06b01e8                        . = SEGMENT_START ("ldata-segment", .)
                0xc06b01e8                        . = ALIGN (0x4)
                0xc06b01e8                        _end = .
                [!provide]                        PROVIDE (end = .)
                0xc06b01e8                        . = DATA_SEGMENT_END (.)

.stab
 *(.stab)

.stabstr
 *(.stabstr)

.stab.excl
 *(.stab.excl)

.stab.exclstr
 *(.stab.exclstr)

.stab.index
 *(.stab.index)

.stab.indexstr
 *(.stab.indexstr)

.comment        0x00000000       0x2c
 *(.comment)
 .comment       0x00000000       0x2c double_link_list.o
                                 0x2d (size before relaxing)
 .comment       0x0000002c       0x2d global.o
 .comment       0x0000002c       0x2d kernel_main_old.o
 .comment       0x0000002c       0x2d kernel_main.o
 .comment       0x0000002c       0x2d protect.o
 .comment       0x0000002c       0x2d console.o
 .comment       0x0000002c       0x2d process.o
 .comment       0x0000002c       0x2d keyboard.o
 .comment       0x0000002c       0x2d thread.o
 .comment       0x0000002c       0x2d my_process.o
 .comment       0x0000002c       0x2d network/skbuff.o
 .comment       0x0000002c       0x2d network/socket.o
 .comment       0x0000002c       0x2d network/ip_input.o
 .comment       0x0000002c       0x2d network/udp_sock.o
 .comment       0x0000002c       0x2d network/dst.o
 .comment       0x0000002c       0x2d network/netdev.o
 .comment       0x0000002c       0x2d network/ip_output.o
 .comment       0x0000002c       0x2d network/tcp.o
 .comment       0x0000002c       0x2d network/sock.o
 .comment       0x0000002c       0x2d network/tcp_output.o
 .comment       0x0000002c       0x2d network/arp.o
 .comment       0x0000002c       0x2d network/tcp_sock.o
 .comment       0x0000002c       0x2d network/ipc.o
 .comment       0x0000002c       0x2d network/icmpv4.o
 .comment       0x0000002c       0x2d network/inet.o
 .comment       0x0000002c       0x2d network/tcp_input.o
 .comment       0x0000002c       0x2d network/task_network.o
 .comment       0x0000002c       0x2d network/route.o
 .comment       0x0000002c       0x2d network/udp.o
 .comment       0x0000002c       0x2d network/tcp_data.o
 .comment       0x0000002c       0x2d network/utils.o
 .comment       0x0000002c       0x2d hd/hd.o
 .comment       0x0000002c       0x2d fs/fs_main.o
 .comment       0x0000002c       0x2d mm/forkexit.o
 .comment       0x0000002c       0x2d mm/exec.o
 .comment       0x0000002c       0x2d mm/main.o
 .comment       0x0000002c       0x2d mem/mem.o
 .comment       0x0000002c       0x2d lib/floor.o
 .comment       0x0000002c       0x2d lib/exec.o
 .comment       0x0000002c       0x2d lib/exit.o
 .comment       0x0000002c       0x2d lib/unlink.o
 .comment       0x0000002c       0x2d lib/wait.o
 .comment       0x0000002c       0x2d lib/socket_close.o
 .comment       0x0000002c       0x2d lib/socket_read.o
 .comment       0x0000002c       0x2d lib/alloca.o
 .comment       0x0000002c       0x2d lib/calloc.o
 .comment       0x0000002c       0x2d lib/fork.o
 .comment       0x0000002c       0x2d lib/socket_write.o
 .comment       0x0000002c       0x2d lib/getpid.o
 .comment       0x0000002c       0x2d lib/stdlib/atoi.o
 .comment       0x0000002c       0x2d lib/string/strtok.o
 .comment       0x0000002c       0x2d lib/string/strcmp.o
 .comment       0x0000002c       0x2d lib/string/strncmp.o
 .comment       0x0000002c       0x2d lib/string/strpbrk.o
 .comment       0x0000002c       0x2d lib/stdio/read.o
 .comment       0x0000002c       0x2d lib/stdio/perror.o
 .comment       0x0000002c       0x2d lib/stdio/sscanf.o
 .comment       0x0000002c       0x2d lib/stdio/open.o
 .comment       0x0000002c       0x2d lib/stdio/write.o
 .comment       0x0000002c       0x2d lib/stdio/close.o
 .comment       0x0000002c       0x2d lib/sys/socket.o
 .comment       0x0000002c       0x2d lib/sys/connect.o
 .comment       0x0000002c       0x2d lib/arpa/ntohs.o
 .comment       0x0000002c       0x2d lib/arpa/htonl.o
 .comment       0x0000002c       0x2d lib/arpa/htons.o
 .comment       0x0000002c       0x2d lib/arpa/inet_pton.o
 .comment       0x0000002c       0x2d lib/arpa/ntohl.o
 .comment       0x0000002c       0x2d lib/arpa/inet_ntop.o

.gnu.build.attributes
 *(.gnu.build.attributes .gnu.build.attributes.*)

.debug
 *(.debug)

.line
 *(.line)

.debug_srcinfo
 *(.debug_srcinfo)

.debug_sfnames
 *(.debug_sfnames)

.debug_aranges  0x00000000      0x878
 *(.debug_aranges)
 .debug_aranges
                0x00000000       0x20 double_link_list.o
 .debug_aranges
                0x00000020       0x18 global.o
 .debug_aranges
                0x00000038       0x20 kernel_main_old.o
 .debug_aranges
                0x00000058       0x20 kernel_main.o
 .debug_aranges
                0x00000078       0x20 protect.o
 .debug_aranges
                0x00000098       0x20 console.o
 .debug_aranges
                0x000000b8       0x20 process.o
 .debug_aranges
                0x000000d8       0x20 keyboard.o
 .debug_aranges
                0x000000f8       0x20 thread.o
 .debug_aranges
                0x00000118       0x20 my_process.o
 .debug_aranges
                0x00000138       0x20 network/skbuff.o
 .debug_aranges
                0x00000158       0x20 network/socket.o
 .debug_aranges
                0x00000178       0x20 network/ip_input.o
 .debug_aranges
                0x00000198       0x20 network/udp_sock.o
 .debug_aranges
                0x000001b8       0x20 network/dst.o
 .debug_aranges
                0x000001d8       0x20 network/netdev.o
 .debug_aranges
                0x000001f8       0x20 network/ip_output.o
 .debug_aranges
                0x00000218       0x20 network/tcp.o
 .debug_aranges
                0x00000238       0x20 network/sock.o
 .debug_aranges
                0x00000258       0x20 network/tcp_output.o
 .debug_aranges
                0x00000278       0x20 network/arp.o
 .debug_aranges
                0x00000298       0x20 network/tcp_sock.o
 .debug_aranges
                0x000002b8       0x20 network/ipc.o
 .debug_aranges
                0x000002d8       0x20 network/icmpv4.o
 .debug_aranges
                0x000002f8       0x20 network/inet.o
 .debug_aranges
                0x00000318       0x20 network/tcp_input.o
 .debug_aranges
                0x00000338       0x20 network/task_network.o
 .debug_aranges
                0x00000358       0x20 network/route.o
 .debug_aranges
                0x00000378       0x20 network/udp.o
 .debug_aranges
                0x00000398       0x20 network/tcp_data.o
 .debug_aranges
                0x000003b8       0x20 network/utils.o
 .debug_aranges
                0x000003d8       0x20 hd/hd.o
 .debug_aranges
                0x000003f8       0x20 fs/fs_main.o
 .debug_aranges
                0x00000418       0x20 mm/forkexit.o
 .debug_aranges
                0x00000438       0x20 mm/exec.o
 .debug_aranges
                0x00000458       0x20 mm/main.o
 .debug_aranges
                0x00000478       0x20 mem/mem.o
 .debug_aranges
                0x00000498       0x20 lib/floor.o
 .debug_aranges
                0x000004b8       0x20 lib/exec.o
 .debug_aranges
                0x000004d8       0x20 lib/exit.o
 .debug_aranges
                0x000004f8       0x20 lib/unlink.o
 .debug_aranges
                0x00000518       0x20 lib/wait.o
 .debug_aranges
                0x00000538       0x20 lib/socket_close.o
 .debug_aranges
                0x00000558       0x20 lib/socket_read.o
 .debug_aranges
                0x00000578       0x20 lib/alloca.o
 .debug_aranges
                0x00000598       0x20 lib/calloc.o
 .debug_aranges
                0x000005b8       0x20 lib/fork.o
 .debug_aranges
                0x000005d8       0x20 lib/socket_write.o
 .debug_aranges
                0x000005f8       0x20 lib/getpid.o
 .debug_aranges
                0x00000618       0x20 lib/stdlib/atoi.o
 .debug_aranges
                0x00000638       0x20 lib/string/strtok.o
 .debug_aranges
                0x00000658       0x20 lib/string/strcmp.o
 .debug_aranges
                0x00000678       0x20 lib/string/strncmp.o
 .debug_aranges
                0x00000698       0x20 lib/string/strpbrk.o
 .debug_aranges
                0x000006b8       0x20 lib/stdio/read.o
 .debug_aranges
                0x000006d8       0x20 lib/stdio/perror.o
 .debug_aranges
                0x000006f8       0x20 lib/stdio/sscanf.o
 .debug_aranges
                0x00000718       0x20 lib/stdio/open.o
 .debug_aranges
                0x00000738       0x20 lib/stdio/write.o
 .debug_aranges
                0x00000758       0x20 lib/stdio/close.o
 .debug_aranges
                0x00000778       0x20 lib/sys/socket.o
 .debug_aranges
                0x00000798       0x20 lib/sys/connect.o
 .debug_aranges
                0x000007b8       0x20 lib/arpa/ntohs.o
 .debug_aranges
                0x000007d8       0x20 lib/arpa/htonl.o
 .debug_aranges
                0x000007f8       0x20 lib/arpa/htons.o
 .debug_aranges
                0x00000818       0x20 lib/arpa/inet_pton.o
 .debug_aranges
                0x00000838       0x20 lib/arpa/ntohl.o
 .debug_aranges
                0x00000858       0x20 lib/arpa/inet_ntop.o

.debug_pubnames
 *(.debug_pubnames)

.debug_info     0x00000000    0x44d76
 *(.debug_info .gnu.linkonce.wi.*)
 .debug_info    0x00000000     0x10b1 double_link_list.o
 .debug_info    0x000010b1      0xef9 global.o
 .debug_info    0x00001faa     0x28d0 kernel_main_old.o
 .debug_info    0x0000487a     0x11f4 kernel_main.o
 .debug_info    0x00005a6e     0x1224 protect.o
 .debug_info    0x00006c92     0x12f9 console.o
 .debug_info    0x00007f8b      0xfd1 process.o
 .debug_info    0x00008f5c     0x104d keyboard.o
 .debug_info    0x00009fa9     0x10d8 thread.o
 .debug_info    0x0000b081     0x150c my_process.o
 .debug_info    0x0000c58d     0x11cc network/skbuff.o
 .debug_info    0x0000d759     0x1c35 network/socket.o
 .debug_info    0x0000f38e     0x1ae1 network/ip_input.o
 .debug_info    0x00010e6f     0x1f13 network/udp_sock.o
 .debug_info    0x00012d82     0x1220 network/dst.o
 .debug_info    0x00013fa2     0x1788 network/netdev.o
 .debug_info    0x0001572a     0x177b network/ip_output.o
 .debug_info    0x00016ea5     0x1e44 network/tcp.o
 .debug_info    0x00018ce9     0x1896 network/sock.o
 .debug_info    0x0001a57f     0x235f network/tcp_output.o
 .debug_info    0x0001c8de     0x1593 network/arp.o
 .debug_info    0x0001de71     0x2235 network/tcp_sock.o
 .debug_info    0x000200a6     0x1d2c network/ipc.o
 .debug_info    0x00021dd2     0x193f network/icmpv4.o
 .debug_info    0x00023711     0x1a9a network/inet.o
 .debug_info    0x000251ab     0x2147 network/tcp_input.o
 .debug_info    0x000272f2      0x6ad network/task_network.o
 .debug_info    0x0002799f     0x12a0 network/route.o
 .debug_info    0x00028c3f     0x1b44 network/udp.o
 .debug_info    0x0002a783     0x1dad network/tcp_data.o
 .debug_info    0x0002c530      0x367 network/utils.o
 .debug_info    0x0002c897     0x1868 hd/hd.o
 .debug_info    0x0002e0ff     0x1faa fs/fs_main.o
 .debug_info    0x000300a9     0x100d mm/forkexit.o
 .debug_info    0x000310b6     0x1249 mm/exec.o
 .debug_info    0x000322ff      0xe3b mm/main.o
 .debug_info    0x0003313a     0x1d5e mem/mem.o
 .debug_info    0x00034e98       0x6b lib/floor.o
 .debug_info    0x00034f03      0xfaf lib/exec.o
 .debug_info    0x00035eb2      0xe22 lib/exit.o
 .debug_info    0x00036cd4      0xf00 lib/unlink.o
 .debug_info    0x00037bd4      0xe30 lib/wait.o
 .debug_info    0x00038a04      0xff6 lib/socket_close.o
 .debug_info    0x000399fa     0x10fe lib/socket_read.o
 .debug_info    0x0003aaf8       0xb6 lib/alloca.o
 .debug_info    0x0003abae      0xf28 lib/calloc.o
 .debug_info    0x0003bad6      0xe17 lib/fork.o
 .debug_info    0x0003c8ed     0x1103 lib/socket_write.o
 .debug_info    0x0003d9f0      0xe17 lib/getpid.o
 .debug_info    0x0003e807       0xc9 lib/stdlib/atoi.o
 .debug_info    0x0003e8d0       0xae lib/string/strtok.o
 .debug_info    0x0003e97e       0xc1 lib/string/strcmp.o
 .debug_info    0x0003ea3f      0x110 lib/string/strncmp.o
 .debug_info    0x0003eb4f       0xcf lib/string/strpbrk.o
 .debug_info    0x0003ec1e      0xea1 lib/stdio/read.o
 .debug_info    0x0003fabf       0x5c lib/stdio/perror.o
 .debug_info    0x0003fb1b      0x20e lib/stdio/sscanf.o
 .debug_info    0x0003fd29      0xe02 lib/stdio/open.o
 .debug_info    0x00040b2b      0xe2f lib/stdio/write.o
 .debug_info    0x0004195a      0xdb6 lib/stdio/close.o
 .debug_info    0x00042710      0xfd7 lib/sys/socket.o
 .debug_info    0x000436e7      0xfbf lib/sys/connect.o
 .debug_info    0x000446a6       0xa8 lib/arpa/ntohs.o
 .debug_info    0x0004474e       0xcb lib/arpa/htonl.o
 .debug_info    0x00044819       0xa8 lib/arpa/htons.o
 .debug_info    0x000448c1      0x260 lib/arpa/inet_pton.o
 .debug_info    0x00044b21       0xcb lib/arpa/ntohl.o
 .debug_info    0x00044bec      0x18a lib/arpa/inet_ntop.o

.debug_abbrev   0x00000000     0x83a9
 *(.debug_abbrev)
 .debug_abbrev  0x00000000      0x216 double_link_list.o
 .debug_abbrev  0x00000216      0x157 global.o
 .debug_abbrev  0x0000036d      0x43a kernel_main_old.o
 .debug_abbrev  0x000007a7      0x25e kernel_main.o
 .debug_abbrev  0x00000a05      0x227 protect.o
 .debug_abbrev  0x00000c2c      0x2ac console.o
 .debug_abbrev  0x00000ed8      0x1e0 process.o
 .debug_abbrev  0x000010b8      0x1fb keyboard.o
 .debug_abbrev  0x000012b3      0x222 thread.o
 .debug_abbrev  0x000014d5      0x260 my_process.o
 .debug_abbrev  0x00001735      0x23f network/skbuff.o
 .debug_abbrev  0x00001974      0x327 network/socket.o
 .debug_abbrev  0x00001c9b      0x2d1 network/ip_input.o
 .debug_abbrev  0x00001f6c      0x3b1 network/udp_sock.o
 .debug_abbrev  0x0000231d      0x204 network/dst.o
 .debug_abbrev  0x00002521      0x2f4 network/netdev.o
 .debug_abbrev  0x00002815      0x213 network/ip_output.o
 .debug_abbrev  0x00002a28      0x332 network/tcp.o
 .debug_abbrev  0x00002d5a      0x273 network/sock.o
 .debug_abbrev  0x00002fcd      0x39b network/tcp_output.o
 .debug_abbrev  0x00003368      0x2d0 network/arp.o
 .debug_abbrev  0x00003638      0x3e6 network/tcp_sock.o
 .debug_abbrev  0x00003a1e      0x2ee network/ipc.o
 .debug_abbrev  0x00003d0c      0x236 network/icmpv4.o
 .debug_abbrev  0x00003f42      0x24b network/inet.o
 .debug_abbrev  0x0000418d      0x355 network/tcp_input.o
 .debug_abbrev  0x000044e2      0x16b network/task_network.o
 .debug_abbrev  0x0000464d      0x24e network/route.o
 .debug_abbrev  0x0000489b      0x2d3 network/udp.o
 .debug_abbrev  0x00004b6e      0x2a6 network/tcp_data.o
 .debug_abbrev  0x00004e14      0x17a network/utils.o
 .debug_abbrev  0x00004f8e      0x2e3 hd/hd.o
 .debug_abbrev  0x00005271      0x2f8 fs/fs_main.o
 .debug_abbrev  0x00005569      0x204 mm/forkexit.o
 .debug_abbrev  0x0000576d      0x1c4 mm/exec.o
 .debug_abbrev  0x00005931      0x208 mm/main.o
 .debug_abbrev  0x00005b39      0x330 mem/mem.o
 .debug_abbrev  0x00005e69       0x6a lib/floor.o
 .debug_abbrev  0x00005ed3      0x1e8 lib/exec.o
 .debug_abbrev  0x000060bb      0x19b lib/exit.o
 .debug_abbrev  0x00006256      0x193 lib/unlink.o
 .debug_abbrev  0x000063e9      0x19f lib/wait.o
 .debug_abbrev  0x00006588      0x1b0 lib/socket_close.o
 .debug_abbrev  0x00006738      0x1dd lib/socket_read.o
 .debug_abbrev  0x00006915       0xcd lib/alloca.o
 .debug_abbrev  0x000069e2      0x191 lib/calloc.o
 .debug_abbrev  0x00006b73      0x18a lib/fork.o
 .debug_abbrev  0x00006cfd      0x1db lib/socket_write.o
 .debug_abbrev  0x00006ed8      0x18a lib/getpid.o
 .debug_abbrev  0x00007062       0x94 lib/stdlib/atoi.o
 .debug_abbrev  0x000070f6       0x91 lib/string/strtok.o
 .debug_abbrev  0x00007187       0x94 lib/string/strcmp.o
 .debug_abbrev  0x0000721b       0xbe lib/string/strncmp.o
 .debug_abbrev  0x000072d9       0xa5 lib/string/strpbrk.o
 .debug_abbrev  0x0000737e      0x1ef lib/stdio/read.o
 .debug_abbrev  0x0000756d       0x5c lib/stdio/perror.o
 .debug_abbrev  0x000075c9       0xdd lib/stdio/sscanf.o
 .debug_abbrev  0x000076a6      0x1c5 lib/stdio/open.o
 .debug_abbrev  0x0000786b      0x1db lib/stdio/write.o
 .debug_abbrev  0x00007a46      0x19d lib/stdio/close.o
 .debug_abbrev  0x00007be3      0x1cc lib/sys/socket.o
 .debug_abbrev  0x00007daf      0x1cc lib/sys/connect.o
 .debug_abbrev  0x00007f7b       0x6c lib/arpa/ntohs.o
 .debug_abbrev  0x00007fe7       0xa5 lib/arpa/htonl.o
 .debug_abbrev  0x0000808c       0x6c lib/arpa/htons.o
 .debug_abbrev  0x000080f8      0x116 lib/arpa/inet_pton.o
 .debug_abbrev  0x0000820e       0xa5 lib/arpa/ntohl.o
 .debug_abbrev  0x000082b3       0xf6 lib/arpa/inet_ntop.o

.debug_line     0x00000000     0xa4c7
 *(.debug_line .debug_line.* .debug_line_end)
 .debug_line    0x00000000      0x235 double_link_list.o
 .debug_line    0x00000235       0xb3 global.o
 .debug_line    0x000002e8      0xe4d kernel_main_old.o
 .debug_line    0x00001135      0x270 kernel_main.o
 .debug_line    0x000013a5      0x21d protect.o
 .debug_line    0x000015c2      0x56c console.o
 .debug_line    0x00001b2e      0x1d8 process.o
 .debug_line    0x00001d06      0x2b4 keyboard.o
 .debug_line    0x00001fba      0x163 thread.o
 .debug_line    0x0000211d      0x359 my_process.o
 .debug_line    0x00002476      0x1ab network/skbuff.o
 .debug_line    0x00002621      0x3c8 network/socket.o
 .debug_line    0x000029e9      0x28e network/ip_input.o
 .debug_line    0x00002c77      0x4c8 network/udp_sock.o
 .debug_line    0x0000313f      0x16b network/dst.o
 .debug_line    0x000032aa      0x406 network/netdev.o
 .debug_line    0x000036b0      0x20b network/ip_output.o
 .debug_line    0x000038bb      0x30d network/tcp.o
 .debug_line    0x00003bc8      0x238 network/sock.o
 .debug_line    0x00003e00      0x5a1 network/tcp_output.o
 .debug_line    0x000043a1      0x3d6 network/arp.o
 .debug_line    0x00004777      0x594 network/tcp_sock.o
 .debug_line    0x00004d0b      0x5fb network/ipc.o
 .debug_line    0x00005306      0x232 network/icmpv4.o
 .debug_line    0x00005538      0x326 network/inet.o
 .debug_line    0x0000585e      0x671 network/tcp_input.o
 .debug_line    0x00005ecf       0xe8 network/task_network.o
 .debug_line    0x00005fb7      0x240 network/route.o
 .debug_line    0x000061f7      0x302 network/udp.o
 .debug_line    0x000064f9      0x3ff network/tcp_data.o
 .debug_line    0x000068f8      0x13c network/utils.o
 .debug_line    0x00006a34      0x64d hd/hd.o
 .debug_line    0x00007081      0xc43 fs/fs_main.o
 .debug_line    0x00007cc4      0x192 mm/forkexit.o
 .debug_line    0x00007e56      0x22a mm/exec.o
 .debug_line    0x00008080      0x10a mm/main.o
 .debug_line    0x0000818a      0x778 mem/mem.o
 .debug_line    0x00008902       0x5a lib/floor.o
 .debug_line    0x0000895c      0x1a9 lib/exec.o
 .debug_line    0x00008b05       0xbe lib/exit.o
 .debug_line    0x00008bc3       0xde lib/unlink.o
 .debug_line    0x00008ca1       0xd5 lib/wait.o
 .debug_line    0x00008d76      0x145 lib/socket_close.o
 .debug_line    0x00008ebb      0x186 lib/socket_read.o
 .debug_line    0x00009041       0x5f lib/alloca.o
 .debug_line    0x000090a0       0xf9 lib/calloc.o
 .debug_line    0x00009199       0xc3 lib/fork.o
 .debug_line    0x0000925c      0x189 lib/socket_write.o
 .debug_line    0x000093e5       0xbe lib/getpid.o
 .debug_line    0x000094a3       0xad lib/stdlib/atoi.o
 .debug_line    0x00009550       0x6e lib/string/strtok.o
 .debug_line    0x000095be       0x9c lib/string/strcmp.o
 .debug_line    0x0000965a       0xcc lib/string/strncmp.o
 .debug_line    0x00009726       0xb0 lib/string/strpbrk.o
 .debug_line    0x000097d6      0x15b lib/stdio/read.o
 .debug_line    0x00009931       0x48 lib/stdio/perror.o
 .debug_line    0x00009979      0x1d2 lib/stdio/sscanf.o
 .debug_line    0x00009b4b       0xc3 lib/stdio/open.o
 .debug_line    0x00009c0e       0xc2 lib/stdio/write.o
 .debug_line    0x00009cd0       0xb3 lib/stdio/close.o
 .debug_line    0x00009d83      0x165 lib/sys/socket.o
 .debug_line    0x00009ee8      0x147 lib/sys/connect.o
 .debug_line    0x0000a02f       0x6c lib/arpa/ntohs.o
 .debug_line    0x0000a09b       0xc1 lib/arpa/htonl.o
 .debug_line    0x0000a15c       0x6c lib/arpa/htons.o
 .debug_line    0x0000a1c8      0x167 lib/arpa/inet_pton.o
 .debug_line    0x0000a32f       0xc1 lib/arpa/ntohl.o
 .debug_line    0x0000a3f0       0xd7 lib/arpa/inet_ntop.o

.debug_frame
 *(.debug_frame)

.debug_str      0x00000000     0x379f
 *(.debug_str)
 .debug_str     0x00000000     0x379f double_link_list.o
                                0x6fa (size before relaxing)
 .debug_str     0x0000379f      0x628 global.o
 .debug_str     0x0000379f      0xba3 kernel_main_old.o
 .debug_str     0x0000379f      0x77b kernel_main.o
 .debug_str     0x0000379f      0x783 protect.o
 .debug_str     0x0000379f      0x777 console.o
 .debug_str     0x0000379f      0x662 process.o
 .debug_str     0x0000379f      0x6b4 keyboard.o
 .debug_str     0x0000379f      0x72f thread.o
 .debug_str     0x0000379f      0x916 my_process.o
 .debug_str     0x0000379f      0x71a network/skbuff.o
 .debug_str     0x0000379f      0x946 network/socket.o
 .debug_str     0x0000379f      0x9a2 network/ip_input.o
 .debug_str     0x0000379f      0xa78 network/udp_sock.o
 .debug_str     0x0000379f      0x729 network/dst.o
 .debug_str     0x0000379f      0x89c network/netdev.o
 .debug_str     0x0000379f      0x85d network/ip_output.o
 .debug_str     0x0000379f      0xb34 network/tcp.o
 .debug_str     0x0000379f      0x8bd network/sock.o
 .debug_str     0x0000379f      0xc24 network/tcp_output.o
 .debug_str     0x0000379f      0x838 network/arp.o
 .debug_str     0x0000379f      0xcc7 network/tcp_sock.o
 .debug_str     0x0000379f      0x910 network/ipc.o
 .debug_str     0x0000379f      0x921 network/icmpv4.o
 .debug_str     0x0000379f      0x905 network/inet.o
 .debug_str     0x0000379f      0xb94 network/tcp_input.o
 .debug_str     0x0000379f      0x2b8 network/task_network.o
 .debug_str     0x0000379f      0x74c network/route.o
 .debug_str     0x0000379f      0x954 network/udp.o
 .debug_str     0x0000379f      0xa50 network/tcp_data.o
 .debug_str     0x0000379f      0x1b8 network/utils.o
 .debug_str     0x0000379f      0x931 hd/hd.o
 .debug_str     0x0000379f      0xb12 fs/fs_main.o
 .debug_str     0x0000379f      0x62f mm/forkexit.o
 .debug_str     0x0000379f      0x885 mm/exec.o
 .debug_str     0x0000379f      0x5b0 mm/main.o
 .debug_str     0x0000379f      0xab9 mem/mem.o
 .debug_str     0x0000379f       0xa2 lib/floor.o
 .debug_str     0x0000379f      0x644 lib/exec.o
 .debug_str     0x0000379f      0x5bd lib/exit.o
 .debug_str     0x0000379f      0x63c lib/unlink.o
 .debug_str     0x0000379f      0x5bd lib/wait.o
 .debug_str     0x0000379f      0x6c6 lib/socket_close.o
 .debug_str     0x0000379f      0x742 lib/socket_read.o
 .debug_str     0x0000379f       0xce lib/alloca.o
 .debug_str     0x0000379f      0x649 lib/calloc.o
 .debug_str     0x0000379f      0x5b6 lib/fork.o
 .debug_str     0x0000379f      0x745 lib/socket_write.o
 .debug_str     0x0000379f      0x5ba lib/getpid.o
 .debug_str     0x0000379f       0xad lib/stdlib/atoi.o
 .debug_str     0x0000379f       0xb9 lib/string/strtok.o
 .debug_str     0x0000379f       0xb1 lib/string/strcmp.o
 .debug_str     0x0000379f       0xba lib/string/strncmp.o
 .debug_str     0x0000379f       0xc1 lib/string/strpbrk.o
 .debug_str     0x0000379f      0x617 lib/stdio/read.o
 .debug_str     0x0000379f       0x99 lib/stdio/perror.o
 .debug_str     0x0000379f      0x102 lib/stdio/sscanf.o
 .debug_str     0x0000379f      0x5de lib/stdio/open.o
 .debug_str     0x0000379f      0x5db lib/stdio/write.o
 .debug_str     0x0000379f      0x5a6 lib/stdio/close.o
 .debug_str     0x0000379f      0x6aa lib/sys/socket.o
 .debug_str     0x0000379f      0x6b4 lib/sys/connect.o
 .debug_str     0x0000379f      0x101 lib/arpa/ntohs.o
 .debug_str     0x0000379f       0xf4 lib/arpa/htonl.o
 .debug_str     0x0000379f      0x102 lib/arpa/htons.o
 .debug_str     0x0000379f      0x14c lib/arpa/inet_pton.o
 .debug_str     0x0000379f       0xf3 lib/arpa/ntohl.o
 .debug_str     0x0000379f      0x10f lib/arpa/inet_ntop.o

.debug_loc
 *(.debug_loc)

.debug_macinfo
 *(.debug_macinfo)

.debug_weaknames
 *(.debug_weaknames)

.debug_funcnames
 *(.debug_funcnames)

.debug_typenames
 *(.debug_typenames)

.debug_varnames
 *(.debug_varnames)

.debug_pubtypes
 *(.debug_pubtypes)

.debug_ranges   0x00000000       0x90
 *(.debug_ranges)
 .debug_ranges  0x00000000       0x30 kernel_main_old.o
 .debug_ranges  0x00000030       0x48 hd/hd.o
 .debug_ranges  0x00000078       0x18 mm/exec.o

.debug_addr
 *(.debug_addr)

.debug_line_str
 *(.debug_line_str)

.debug_loclists
 *(.debug_loclists)

.debug_macro
 *(.debug_macro)

.debug_names
 *(.debug_names)

.debug_rnglists
 *(.debug_rnglists)

.debug_str_offsets
 *(.debug_str_offsets)

.debug_sup
 *(.debug_sup)

.gnu.attributes
 *(.gnu.attributes)

/DISCARD/
 *(.note.GNU-stack)
 *(.gnu_debuglink)
 *(.gnu.lto_*)
OUTPUT(kernel.bin elf32-i386)
