
Allocating common symbols
Common symbol       size              file

current_tty         0x4               kernel_main.o
file_desc_table     0x400             fs_main.o
is_e0               0x1               kernel_main.o
phy_super_block_buf
                    0x4               fs_main.o
phy_fsbuf           0x4               fs_main.o
idt_ptr             0x6               kernel_main.o
pid                 0x4               kernel_main.o
KernelVirtualMemory
                    0xc               kernel_main.o
inode_table         0xa00             fs_main.o
current_dis_pos     0x4               kernel_main.o
dis_pos             0x4               kernel_main.o
k_reenter           0x4               kernel_main.o
super_block_buf     0x4               fs_main.o
gdt                 0x400             kernel_main.o
proc_ready_table    0x4               kernel_main.o
test_ticks          0x4               kernel_main.o
hd_info             0x224             hd.o
proc_stack          0x70000           global.o
pcaller             0x4               kernel_main.o
keyboard_buffer     0x20c             kernel_main.o
pcb_list            0x10              kernel_main.o
gdt_index           0x4               kernel_main.o
tty_table           0x828             kernel_main.o
tss                 0x6c              kernel_main.o
KernelPool          0x10              kernel_main.o
fsbuf               0x4               fs_main.o
root                0x28              fs_main.o
kernel_mem_block_decs_array
                    0xf0              mem/mem.o
counter             0x4               kernel_main.o
key_pressed         0x4               kernel_main.o
is_shift            0x1               kernel_main.o
gdt_ptr             0x6               kernel_main.o
idt                 0x800             kernel_main.o
main_thread         0x4               kernel_main.o
ticks               0x8               kernel_main.o
is_init             0x1               kernel_main.o
UserPool            0x10              kernel_main.o
all_pcb_list        0x10              kernel_main.o
console_table       0x10              kernel_main.o
is_disp             0x1               kernel_main.o
proc_table          0x15a0            global.o
hd_cache            0x200             hd.o

Discarded input sections

 .note.GNU-stack
                0x0000000000000000        0x0 kernel_main.o
 .note.GNU-stack
                0x0000000000000000        0x0 hd.o
 .note.GNU-stack
                0x0000000000000000        0x0 fs_main.o
 .note.GNU-stack
                0x0000000000000000        0x0 global.o
 .note.GNU-stack
                0x0000000000000000        0x0 process.o
 .note.GNU-stack
                0x0000000000000000        0x0 protect.o
 .note.GNU-stack
                0x0000000000000000        0x0 console.o
 .note.GNU-stack
                0x0000000000000000        0x0 keyboard.o
 .note.GNU-stack
                0x0000000000000000        0x0 open.o
 .note.GNU-stack
                0x0000000000000000        0x0 read.o
 .note.GNU-stack
                0x0000000000000000        0x0 write.o
 .note.GNU-stack
                0x0000000000000000        0x0 close.o
 .note.GNU-stack
                0x0000000000000000        0x0 wait.o
 .note.GNU-stack
                0x0000000000000000        0x0 exit.o
 .note.GNU-stack
                0x0000000000000000        0x0 fork.o
 .note.GNU-stack
                0x0000000000000000        0x0 getpid.o
 .note.GNU-stack
                0x0000000000000000        0x0 exec.o
 .note.GNU-stack
                0x0000000000000000        0x0 mm/main.o
 .note.GNU-stack
                0x0000000000000000        0x0 mm/exec.o
 .note.GNU-stack
                0x0000000000000000        0x0 mm/forkexit.o
 .note.GNU-stack
                0x0000000000000000        0x0 mem/mem.o
 .note.GNU-stack
                0x0000000000000000        0x0 kernel_main_old.o
 .note.GNU-stack
                0x0000000000000000        0x0 my_process.o
 .note.GNU-stack
                0x0000000000000000        0x0 double_link_list.o
 .note.GNU-stack
                0x0000000000000000        0x0 thread.o

Memory Configuration

Name             Origin             Length             Attributes
*default*        0x0000000000000000 0xffffffffffffffff

Linker script and memory map

Address of section .text set to 0xc0100000
LOAD kernel_sub.o
LOAD kernel.o
LOAD string.o
LOAD kernel_main.o
LOAD hd.o
LOAD syscall.o
LOAD fs_main.o
LOAD global.o
LOAD hd_rdwt.o
LOAD process.o
LOAD protect.o
LOAD console.o
LOAD keyboard.o
LOAD open.o
LOAD read.o
LOAD write.o
LOAD close.o
LOAD wait.o
LOAD exit.o
LOAD fork.o
LOAD getpid.o
LOAD exec.o
LOAD mm/main.o
LOAD mm/exec.o
LOAD mm/forkexit.o
LOAD mem/mem.o
LOAD kernel_main_old.o
LOAD my_process.o
LOAD switch_to.o
LOAD double_link_list.o
LOAD thread.o
                [!provide]                        PROVIDE (__executable_start = SEGMENT_START ("text-segment", 0x8048000))
                0x0000000008048094                . = (SEGMENT_START ("text-segment", 0x8048000) + SIZEOF_HEADERS)

.interp
 *(.interp)

.note.gnu.build-id
 *(.note.gnu.build-id)

.hash
 *(.hash)

.gnu.hash
 *(.gnu.hash)

.dynsym
 *(.dynsym)

.dynstr
 *(.dynstr)

.gnu.version
 *(.gnu.version)

.gnu.version_d
 *(.gnu.version_d)

.gnu.version_r
 *(.gnu.version_r)

.rel.dyn        0x0000000008048094        0x0
 *(.rel.init)
 *(.rel.text .rel.text.* .rel.gnu.linkonce.t.*)
 .rel.text      0x0000000008048094        0x0 kernel_sub.o
 *(.rel.fini)
 *(.rel.rodata .rel.rodata.* .rel.gnu.linkonce.r.*)
 *(.rel.data.rel.ro .rel.data.rel.ro.* .rel.gnu.linkonce.d.rel.ro.*)
 *(.rel.data .rel.data.* .rel.gnu.linkonce.d.*)
 *(.rel.tdata .rel.tdata.* .rel.gnu.linkonce.td.*)
 *(.rel.tbss .rel.tbss.* .rel.gnu.linkonce.tb.*)
 *(.rel.ctors)
 *(.rel.dtors)
 *(.rel.got)
 .rel.got       0x0000000008048094        0x0 kernel_sub.o
 *(.rel.bss .rel.bss.* .rel.gnu.linkonce.b.*)
 *(.rel.ifunc)

.rel.plt        0x0000000008048094        0x0
 *(.rel.plt)
                [!provide]                        PROVIDE (__rel_iplt_start = .)
 *(.rel.iplt)
 .rel.iplt      0x0000000008048094        0x0 kernel_sub.o
                [!provide]                        PROVIDE (__rel_iplt_end = .)

.init
 *(SORT_NONE(.init))

.plt            0x0000000008048098        0x0
 *(.plt)
 *(.iplt)
 .iplt          0x0000000008048098        0x0 kernel_sub.o

.plt.got
 *(.plt.got)

.plt.sec
 *(.plt.sec)

.text           0x00000000c0100000     0x9e80
 *(.text.unlikely .text.*_unlikely .text.unlikely.*)
 *(.text.exit .text.exit.*)
 *(.text.startup .text.startup.*)
 *(.text.hot .text.hot.*)
 *(.text .stub .text.* .gnu.linkonce.t.*)
 .text          0x00000000c0100000       0x71 kernel_sub.o
                0x00000000c0100000                _start
 *fill*         0x00000000c0100071        0xf 
 .text          0x00000000c0100080      0x325 kernel.o
                0x00000000c0100080                InterruptTest
                0x00000000c010008c                disp_str
                0x00000000c01000c7                disp_str_colour
                0x00000000c0100103                divide_zero_fault
                0x00000000c0100109                single_step_fault
                0x00000000c010010f                non_maskable_interrupt
                0x00000000c0100115                breakpoint_trap
                0x00000000c010011b                overflow_trap
                0x00000000c0100121                bound_range_exceeded_fault
                0x00000000c0100127                invalid_opcode_fault
                0x00000000c010012d                coprocessor_not_available_fault
                0x00000000c0100133                double_fault_exception_abort
                0x00000000c0100137                coprocessor_segment_overrun
                0x00000000c010013d                invalid_task_state_segment_fault
                0x00000000c0100141                segment_not_present_fault
                0x00000000c0100145                stack_exception_fault
                0x00000000c0100149                general_protection_exception_fault
                0x00000000c0100154                page_fault
                0x00000000c0100158                coprocessor_error_fault
                0x00000000c010015e                align_check_fault
                0x00000000c0100162                simd_float_exception_fault
                0x00000000c0100171                hwint0
                0x00000000c010019e                hwint1
                0x00000000c01001e0                hwint14
                0x00000000c010021e                sys_call
                0x00000000c0100263                fork_restart
                0x00000000c010026c                restart
                0x00000000c010028d                in_byte
                0x00000000c0100299                out_byte
                0x00000000c01002bb                disable_int
                0x00000000c01002bd                enable_int
                0x00000000c0100353                enable_8259A_casecade_irq
                0x00000000c010035d                disable_8259A_casecade_irq
                0x00000000c0100367                enable_8259A_slave_winchester_irq
                0x00000000c0100371                disable_8259A_slave_winchester_irq
                0x00000000c010037b                update_cr3
                0x00000000c0100388                update_tss
                0x00000000c0100397                get_running_thread_pcb
                0x00000000c010039f                sys_call_test
 .text          0x00000000c01003a5      0x27b kernel_main.o
                0x00000000c01003a5                kernel_main
                0x00000000c0100480                init
                0x00000000c0100530                kernel_thread_a
                0x00000000c010057d                kernel_thread_b
                0x00000000c01005ca                kernel_thread_c
                0x00000000c01005e0                kernel_thread_d
                0x00000000c01005f6                user_proc_a
 .text          0x00000000c0100620      0xe1d hd.o
                0x00000000c0100620                TaskHD
                0x00000000c0100665                init_hd
                0x00000000c010067f                hd_handle
                0x00000000c0100784                hd_cmd_out
                0x00000000c0100886                hd_identify
                0x00000000c010093d                print_hdinfo
                0x00000000c0100acb                print_dpt_entry
                0x00000000c0100b37                get_partition_table
                0x00000000c0100c16                partition
                0x00000000c0100e30                hd_open
                0x00000000c0100ed7                get_hd_ioctl
                0x00000000c0100f88                wait_for
                0x00000000c0100fb9                interrupt_wait
                0x00000000c0101009                hd_rdwt
                0x00000000c01012a8                hd_handler
                0x00000000c01012d4                waitfor
                0x00000000c0101318                print_hd_info
                0x00000000c0101405                is_empty
 *fill*         0x00000000c010143d        0x3 
 .text          0x00000000c0101440       0x69 syscall.o
                0x00000000c0101440                write_debug
                0x00000000c0101450                send_msg
                0x00000000c0101466                receive_msg
                0x00000000c010147c                sys_malloc
                0x00000000c0101491                sys_free
 .text          0x00000000c01014a9     0x202f fs_main.o
                0x00000000c01014a9                task_fs
                0x00000000c01016b4                rd_wt
                0x00000000c010178d                mkfs
                0x00000000c0101d6f                init_fs
                0x00000000c0101dc3                do_open
                0x00000000c0101f92                search_file
                0x00000000c01020c4                strip_path
                0x00000000c0102190                get_inode
                0x00000000c0102352                create_file
                0x00000000c010245d                alloc_imap_bit
                0x00000000c010255a                alloc_smap_bit
                0x00000000c01026fb                new_inode
                0x00000000c0102819                new_dir_entry
                0x00000000c0102a25                do_unlink
                0x00000000c0102f01                do_rdwt
                0x00000000c010328c                sync_inode
                0x00000000c01033e0                put_inode
                0x00000000c010341e                do_close
                0x00000000c0103470                get_super_block
 .text          0x00000000c01034d8        0x0 global.o
 .text          0x00000000c01034d8      0x1dd process.o
                0x00000000c01034d8                schedule_process
                0x00000000c01035dd                clock_handler
                0x00000000c010362c                pid2proc
                0x00000000c010369e                proc2pid
 .text          0x00000000c01036b5      0x3a0 protect.o
                0x00000000c01036b5                InitDescriptor
                0x00000000c0103722                Seg2PhyAddr
                0x00000000c0103763                Seg2PhyAddrLDT
                0x00000000c01037a7                VirAddr2PhyAddr
                0x00000000c01037bd                v2l
                0x00000000c0103800                init_propt
                0x00000000c010396e                InitInterruptDesc
                0x00000000c01039ca                ReloadGDT
 .text          0x00000000c0103a55      0xaca console.o
                0x00000000c0103a55                select_console
                0x00000000c0103a91                flush
                0x00000000c0103aca                set_cursor
                0x00000000c0103b28                set_console_start_video_addr
                0x00000000c0103b86                put_key
                0x00000000c0103bf2                scroll_up
                0x00000000c0103c34                scroll_down
                0x00000000c0103c9f                out_char
                0x00000000c0103e5c                tty_dev_read
                0x00000000c0103e86                tty_dev_write
                0x00000000c01040b3                tty_do_read
                0x00000000c010417b                tty_do_write
                0x00000000c01042de                init_screen
                0x00000000c0104367                init_tty
                0x00000000c010441c                TaskTTY
 .text          0x00000000c010451f      0x40f keyboard.o
                0x00000000c010451f                keyboard_handler
                0x00000000c01045a3                read_from_keyboard_buf
                0x00000000c0104609                keyboard_read
                0x00000000c0104788                init_keyboard_handler
                0x00000000c010479c                in_process
 .text          0x00000000c010492e       0x95 open.o
                0x00000000c010492e                open
 .text          0x00000000c01049c3      0x181 read.o
                0x00000000c01049c3                read
 .text          0x00000000c0104b44       0x85 write.o
                0x00000000c0104b44                write
 .text          0x00000000c0104bc9       0x52 close.o
                0x00000000c0104bc9                close
 .text          0x00000000c0104c1b       0x44 wait.o
                0x00000000c0104c1b                wait
 .text          0x00000000c0104c5f       0x2f exit.o
                0x00000000c0104c5f                exit
 .text          0x00000000c0104c8e       0x48 fork.o
                0x00000000c0104c8e                fork
 .text          0x00000000c0104cd6       0x2b getpid.o
                0x00000000c0104cd6                getpid
 .text          0x00000000c0104d01      0x27b exec.o
                0x00000000c0104d01                exec
                0x00000000c0104d72                execv
                0x00000000c0104f57                execl
 .text          0x00000000c0104f7c      0x148 mm/main.o
                0x00000000c0104f7c                TaskMM
                0x00000000c01050a5                alloc_mem
 .text          0x00000000c01050c4      0x419 mm/exec.o
                0x00000000c01050c4                do_exec
 .text          0x00000000c01054dd      0x291 mm/forkexit.o
                0x00000000c01054dd                do_fork
                0x00000000c010554b                do_exit
                0x00000000c0105647                do_wait
                0x00000000c0105714                cleanup
 .text          0x00000000c010576e     0x1266 mem/mem.o
                0x00000000c010576e                init_bitmap
                0x00000000c0105791                test_bit_val
                0x00000000c01057fa                set_bit_val
                0x00000000c0105875                set_bits
                0x00000000c01058af                get_first_free_bit
                0x00000000c01058f3                get_bits
                0x00000000c01059bb                get_a_page
                0x00000000c0105a6f                get_virtual_address_start_with_addr
                0x00000000c0105b09                get_virtual_address
                0x00000000c0105b99                ptr_pde
                0x00000000c0105bac                ptr_pte
                0x00000000c0105bd3                add_map_entry
                0x00000000c0105c64                alloc_virtual_memory
                0x00000000c0105d32                get_physical_address_proc
                0x00000000c0105dae                get_physical_address
                0x00000000c0105de0                alloc_physical_memory_of_proc
                0x00000000c0105ecf                alloc_physical_memory
                0x00000000c0105f97                alloc_memory
                0x00000000c0105ff9                get_a_virtual_page
                0x00000000c0106031                block2arena
                0x00000000c0106047                sys_malloc2
                0x00000000c01062f8                remove_map_entry
                0x00000000c0106319                free_a_page
                0x00000000c01063c0                sys_free2
                0x00000000c0106543                init_memory_block_desc
                0x00000000c0106614                init_memory2
                0x00000000c010688b                init_memory
 .text          0x00000000c01069d4     0x2876 kernel_main_old.o
                0x00000000c01069d4                catch_error
                0x00000000c01069f1                intr_enable
                0x00000000c0106a1a                intr_disable
                0x00000000c0106a43                intr_set_status
                0x00000000c0106a61                intr_get_status
                0x00000000c0106a7e                Memcpy
                0x00000000c0106ab1                untar
                0x00000000c0106dc1                atoi
                0x00000000c0106e67                disp_int
                0x00000000c0106e90                do_page_fault
                0x00000000c0106fcd                exception_handler
                0x00000000c01071b4                init_internal_interrupt
                0x00000000c0107329                spurious_irq
                0x00000000c01073b7                init_keyboard
                0x00000000c0107424                TestTTY
                0x00000000c01074c3                TestFS
                0x00000000c01078cb                wait_exit
                0x00000000c0107999                INIT_fork
                0x00000000c0107c76                simple_shell
                0x00000000c0107e74                test_shell
                0x00000000c0107edc                test_exec
                0x00000000c0107f84                INIT
                0x00000000c0107f91                TestA
                0x00000000c0107fc6                delay
                0x00000000c010800a                TestB
                0x00000000c0108022                TestC
                0x00000000c0108055                sys_get_ticks
                0x00000000c0108065                sys_write
                0x00000000c01080b9                milli_delay
                0x00000000c01080f5                TaskSys
                0x00000000c01080fa                Printf
                0x00000000c0108158                vsprintf
                0x00000000c0108304                printx
                0x00000000c0108347                sys_printx
                0x00000000c0108413                spin
                0x00000000c0108439                panic
                0x00000000c0108457                assertion_failure
                0x00000000c01084c9                dead_lock
                0x00000000c01084d3                sys_send_msg
                0x00000000c0108911                sys_receive_msg
                0x00000000c0108e74                send_rec
                0x00000000c0108f6f                block
                0x00000000c0108fab                unblock
                0x00000000c0108ffb                get_ticks_ipc
                0x00000000c0109052                itoa
                0x00000000c01090a8                i2a
                0x00000000c010910e                inform_int
                0x00000000c01091db                strcmp
 .text          0x00000000c010924a      0x73e my_process.o
                0x00000000c010924a                create_user_process_address_space
                0x00000000c01092da                user_process
                0x00000000c01093e9                clone_pcb
                0x00000000c0109560                build_body_stack
                0x00000000c0109693                build_process_kernel_stack
                0x00000000c0109756                fork_process
                0x00000000c0109817                process_execute
 *fill*         0x00000000c0109988        0x8 
 .text          0x00000000c0109990       0x15 switch_to.o
                0x00000000c0109990                switch_to
 .text          0x00000000c01099a5      0x329 double_link_list.o
                0x00000000c01099a5                initDoubleLinkList
                0x00000000c01099d3                isListEmpty
                0x00000000c01099f4                findElementInList
                0x00000000c0109ad0                appendToDoubleLinkList
                0x00000000c0109bb7                insertToDoubleLinkList
                0x00000000c0109c3a                popFromDoubleLinkList
 .text          0x00000000c0109cce      0x1b2 thread.o
                0x00000000c0109cce                kernel_thread
                0x00000000c0109ce6                thread_init
                0x00000000c0109d93                thread_create
                0x00000000c0109dc8                thread_start
 *(.gnu.warning)

.fini
 *(SORT_NONE(.fini))
                [!provide]                        PROVIDE (__etext = .)
                [!provide]                        PROVIDE (_etext = .)
                [!provide]                        PROVIDE (etext = .)

.rodata         0x00000000c0109e80      0xd71
 *(.rodata .rodata.* .gnu.linkonce.r.*)
 .rodata        0x00000000c0109e80       0x91 kernel_main.o
 *fill*         0x00000000c0109f11        0x3 
 .rodata        0x00000000c0109f14      0x19c hd.o
 .rodata        0x00000000c010a0b0      0x1eb fs_main.o
                0x00000000c010a0b0                FSBUF_SIZE
 .rodata        0x00000000c010a29b       0x26 process.o
 .rodata        0x00000000c010a2c1       0x22 console.o
 .rodata        0x00000000c010a2e3       0x24 close.o
 .rodata        0x00000000c010a307       0x2d exec.o
 .rodata        0x00000000c010a334       0x11 mm/main.o
 .rodata        0x00000000c010a345       0x10 mm/exec.o
 .rodata        0x00000000c010a355       0x41 mem/mem.o
 *fill*         0x00000000c010a396        0xa 
 .rodata        0x00000000c010a3a0      0x825 kernel_main_old.o
 .rodata        0x00000000c010abc5       0x2c double_link_list.o

.txt            0x00000000c010abf1       0xaa
 .txt           0x00000000c010abf1       0x82 string.o
                0x00000000c010abf1                Memcpy2
                0x00000000c010ac1f                Memset
                0x00000000c010ac3e                Strcpy
                0x00000000c010ac58                Strlen
 .txt           0x00000000c010ac73       0x28 hd_rdwt.o
                0x00000000c010ac73                read_port
                0x00000000c010ac87                write_port

.rodata1
 *(.rodata1)

.eh_frame_hdr
 *(.eh_frame_hdr)
 *(.eh_frame_entry .eh_frame_entry.*)

.eh_frame       0x00000000c010ac9c     0x1750
 *(.eh_frame)
 .eh_frame      0x00000000c010ac9c       0xe0 kernel_main.o
 .eh_frame      0x00000000c010ad7c      0x244 hd.o
                                        0x25c (size before relaxing)
 .eh_frame      0x00000000c010afc0      0x27c fs_main.o
                                        0x294 (size before relaxing)
 .eh_frame      0x00000000c010b23c       0x80 process.o
                                         0x98 (size before relaxing)
 .eh_frame      0x00000000c010b2bc      0x100 protect.o
                                        0x118 (size before relaxing)
 .eh_frame      0x00000000c010b3bc      0x1e0 console.o
                                        0x1f8 (size before relaxing)
 .eh_frame      0x00000000c010b59c       0xa0 keyboard.o
                                         0xb8 (size before relaxing)
 .eh_frame      0x00000000c010b63c       0x20 open.o
                                         0x38 (size before relaxing)
 .eh_frame      0x00000000c010b65c       0x20 read.o
                                         0x38 (size before relaxing)
 .eh_frame      0x00000000c010b67c       0x20 write.o
                                         0x38 (size before relaxing)
 .eh_frame      0x00000000c010b69c       0x20 close.o
                                         0x38 (size before relaxing)
 .eh_frame      0x00000000c010b6bc       0x20 wait.o
                                         0x38 (size before relaxing)
 .eh_frame      0x00000000c010b6dc       0x20 exit.o
                                         0x38 (size before relaxing)
 .eh_frame      0x00000000c010b6fc       0x20 fork.o
                                         0x38 (size before relaxing)
 .eh_frame      0x00000000c010b71c       0x20 getpid.o
                                         0x38 (size before relaxing)
 .eh_frame      0x00000000c010b73c       0x60 exec.o
                                         0x78 (size before relaxing)
 .eh_frame      0x00000000c010b79c       0x3c mm/main.o
                                         0x54 (size before relaxing)
 .eh_frame      0x00000000c010b7d8       0x20 mm/exec.o
                                         0x38 (size before relaxing)
 .eh_frame      0x00000000c010b7f8       0x80 mm/forkexit.o
                                         0x98 (size before relaxing)
 .eh_frame      0x00000000c010b878      0x364 mem/mem.o
                                        0x37c (size before relaxing)
 .eh_frame      0x00000000c010bbdc      0x5f0 kernel_main_old.o
                                        0x608 (size before relaxing)
 .eh_frame      0x00000000c010c1cc       0xe0 my_process.o
                                         0xf8 (size before relaxing)
 .eh_frame      0x00000000c010c2ac       0xc0 double_link_list.o
                                         0xd8 (size before relaxing)
 .eh_frame      0x00000000c010c36c       0x80 thread.o
                                         0x98 (size before relaxing)
 *(.eh_frame.*)

.gcc_except_table
 *(.gcc_except_table .gcc_except_table.*)

.gnu_extab
 *(.gnu_extab*)

.exception_ranges
 *(.exception_ranges .exception_ranges*)
                0x00000000c010e000                . = DATA_SEGMENT_ALIGN (CONSTANT (MAXPAGESIZE), CONSTANT (COMMONPAGESIZE))

.eh_frame
 *(.eh_frame)
 *(.eh_frame.*)

.gnu_extab
 *(.gnu_extab)

.gcc_except_table
 *(.gcc_except_table .gcc_except_table.*)

.exception_ranges
 *(.exception_ranges .exception_ranges*)

.tdata
 *(.tdata .tdata.* .gnu.linkonce.td.*)

.tbss
 *(.tbss .tbss.* .gnu.linkonce.tb.*)
 *(.tcommon)

.preinit_array  0x00000000c010e000        0x0
                [!provide]                        PROVIDE (__preinit_array_start = .)
 *(.preinit_array)
                [!provide]                        PROVIDE (__preinit_array_end = .)

.init_array     0x00000000c010e000        0x0
                [!provide]                        PROVIDE (__init_array_start = .)
 *(SORT_BY_INIT_PRIORITY(.init_array.*) SORT_BY_INIT_PRIORITY(.ctors.*))
 *(.init_array EXCLUDE_FILE(*crtend?.o *crtend.o *crtbegin?.o *crtbegin.o) .ctors)
                [!provide]                        PROVIDE (__init_array_end = .)

.fini_array     0x00000000c010e000        0x0
                [!provide]                        PROVIDE (__fini_array_start = .)
 *(SORT_BY_INIT_PRIORITY(.fini_array.*) SORT_BY_INIT_PRIORITY(.dtors.*))
 *(.fini_array EXCLUDE_FILE(*crtend?.o *crtend.o *crtbegin?.o *crtbegin.o) .dtors)
                [!provide]                        PROVIDE (__fini_array_end = .)

.ctors
 *crtbegin.o(.ctors)
 *crtbegin?.o(.ctors)
 *(EXCLUDE_FILE(*crtend?.o *crtend.o) .ctors)
 *(SORT_BY_NAME(.ctors.*))
 *(.ctors)

.dtors
 *crtbegin.o(.dtors)
 *crtbegin?.o(.dtors)
 *(EXCLUDE_FILE(*crtend?.o *crtend.o) .dtors)
 *(SORT_BY_NAME(.dtors.*))
 *(.dtors)

.jcr
 *(.jcr)

.data.rel.ro
 *(.data.rel.ro.local* .gnu.linkonce.d.rel.ro.local.*)
 *(.data.rel.ro .data.rel.ro.* .gnu.linkonce.d.rel.ro.*)

.dynamic
 *(.dynamic)

.got            0x00000000c010e000        0x0
 *(.got)
 .got           0x00000000c010e000        0x0 kernel_sub.o
 *(.igot)
                0x00000000c010e000                . = DATA_SEGMENT_RELRO_END (., (SIZEOF (.got.plt) >= 0xc)?0xc:0x0)

.got.plt        0x00000000c010e000        0x0
 *(.got.plt)
 .got.plt       0x00000000c010e000        0x0 kernel_sub.o
 *(.igot.plt)
 .igot.plt      0x00000000c010e000        0x0 kernel_sub.o

.data           0x00000000c010e000      0x760
 *(.data .data.* .gnu.linkonce.d.*)
 .data          0x00000000c010e000        0xf kernel_sub.o
 *fill*         0x00000000c010e00f        0x1 
 .data          0x00000000c010e010        0xf kernel.o
 .data          0x00000000c010e01f        0x0 kernel_main.o
 .data          0x00000000c010e01f        0x0 hd.o
 *fill*         0x00000000c010e01f        0x1 
 .data          0x00000000c010e020        0x0 syscall.o
 .data          0x00000000c010e020        0x0 fs_main.o
 .data          0x00000000c010e020      0x128 global.o
                0x00000000c010e020                user_task_table
                0x00000000c010e0a0                sys_task_table
                0x00000000c010e12c                sys_call_table
 .data          0x00000000c010e148        0x0 process.o
 .data          0x00000000c010e148        0x0 protect.o
 .data          0x00000000c010e148        0x0 console.o
 *fill*         0x00000000c010e148       0x18 
 .data          0x00000000c010e160      0x600 keyboard.o
                0x00000000c010e160                keymap
 .data          0x00000000c010e760        0x0 open.o
 .data          0x00000000c010e760        0x0 read.o
 .data          0x00000000c010e760        0x0 write.o
 .data          0x00000000c010e760        0x0 close.o
 .data          0x00000000c010e760        0x0 wait.o
 .data          0x00000000c010e760        0x0 exit.o
 .data          0x00000000c010e760        0x0 fork.o
 .data          0x00000000c010e760        0x0 getpid.o
 .data          0x00000000c010e760        0x0 exec.o
 .data          0x00000000c010e760        0x0 mm/main.o
 .data          0x00000000c010e760        0x0 mm/exec.o
 .data          0x00000000c010e760        0x0 mm/forkexit.o
 .data          0x00000000c010e760        0x0 mem/mem.o
 .data          0x00000000c010e760        0x0 kernel_main_old.o
 .data          0x00000000c010e760        0x0 my_process.o
 .data          0x00000000c010e760        0x0 double_link_list.o
 .data          0x00000000c010e760        0x0 thread.o

.data1
 *(.data1)
                0x00000000c010e760                _edata = .
                [!provide]                        PROVIDE (edata = .)
                0x00000000c010e760                . = .
                0x00000000c010e760                __bss_start = .

.bss            0x00000000c010e760    0x75130
 *(.dynbss)
 *(.bss .bss.* .gnu.linkonce.b.*)
 .bss           0x00000000c010e760      0x800 kernel_sub.o
 .bss           0x00000000c010ef60      0x800 kernel.o
 .bss           0x00000000c010f760        0x0 kernel_main.o
 .bss           0x00000000c010f760        0x0 hd.o
 .bss           0x00000000c010f760        0x4 fs_main.o
                0x00000000c010f760                c
 .bss           0x00000000c010f764        0x0 global.o
 .bss           0x00000000c010f764        0x0 process.o
 .bss           0x00000000c010f764        0x0 protect.o
 .bss           0x00000000c010f764        0x0 console.o
 .bss           0x00000000c010f764        0x0 keyboard.o
 .bss           0x00000000c010f764        0x0 open.o
 .bss           0x00000000c010f764        0x0 read.o
 .bss           0x00000000c010f764        0x0 write.o
 .bss           0x00000000c010f764        0x0 close.o
 .bss           0x00000000c010f764        0x0 wait.o
 .bss           0x00000000c010f764        0x0 exit.o
 .bss           0x00000000c010f764        0x0 fork.o
 .bss           0x00000000c010f764        0x0 getpid.o
 .bss           0x00000000c010f764        0x0 exec.o
 .bss           0x00000000c010f764        0x0 mm/main.o
 .bss           0x00000000c010f764        0x0 mm/exec.o
 .bss           0x00000000c010f764        0x0 mm/forkexit.o
 .bss           0x00000000c010f764        0x0 mem/mem.o
 .bss           0x00000000c010f764        0x0 kernel_main_old.o
 .bss           0x00000000c010f764        0x0 my_process.o
 .bss           0x00000000c010f764        0x0 double_link_list.o
 .bss           0x00000000c010f764        0x0 thread.o
 *(COMMON)
 *fill*         0x00000000c010f764       0x1c 
 COMMON         0x00000000c010f780     0x17a5 kernel_main.o
                0x00000000c010f780                current_tty
                0x00000000c010f784                is_e0
                0x00000000c010f788                idt_ptr
                0x00000000c010f790                pid
                0x00000000c010f794                KernelVirtualMemory
                0x00000000c010f7a0                current_dis_pos
                0x00000000c010f7a4                dis_pos
                0x00000000c010f7a8                k_reenter
                0x00000000c010f7c0                gdt
                0x00000000c010fbc0                proc_ready_table
                0x00000000c010fbc4                test_ticks
                0x00000000c010fbc8                pcaller
                0x00000000c010fbe0                keyboard_buffer
                0x00000000c010fdec                pcb_list
                0x00000000c010fdfc                gdt_index
                0x00000000c010fe00                tty_table
                0x00000000c0110640                tss
                0x00000000c01106ac                KernelPool
                0x00000000c01106bc                counter
                0x00000000c01106c0                key_pressed
                0x00000000c01106c4                is_shift
                0x00000000c01106c8                gdt_ptr
                0x00000000c01106e0                idt
                0x00000000c0110ee0                main_thread
                0x00000000c0110ee8                ticks
                0x00000000c0110ef0                is_init
                0x00000000c0110ef4                UserPool
                0x00000000c0110f04                all_pcb_list
                0x00000000c0110f14                console_table
                0x00000000c0110f24                is_disp
 *fill*         0x00000000c0110f25       0x1b 
 COMMON         0x00000000c0110f40      0x440 hd.o
                0x00000000c0110f40                hd_info
                0x00000000c0111180                hd_cache
 COMMON         0x00000000c0111380      0xe68 fs_main.o
                0x00000000c0111380                file_desc_table
                0x00000000c0111780                phy_super_block_buf
                0x00000000c0111784                phy_fsbuf
                0x00000000c01117a0                inode_table
                0x00000000c01121a0                super_block_buf
                0x00000000c01121a4                fsbuf
                0x00000000c01121c0                root
 *fill*         0x00000000c01121e8       0x18 
 COMMON         0x00000000c0112200    0x715a0 global.o
                0x00000000c0112200                proc_stack
                0x00000000c0182200                proc_table
 COMMON         0x00000000c01837a0       0xf0 mem/mem.o
                0x00000000c01837a0                kernel_mem_block_decs_array
                0x00000000c0183890                . = ALIGN ((. != 0x0)?0x4:0x1)
                0x00000000c0183890                . = ALIGN (0x4)
                0x00000000c0183890                . = SEGMENT_START ("ldata-segment", .)
                0x00000000c0183890                . = ALIGN (0x4)
                0x00000000c0183890                _end = .
                [!provide]                        PROVIDE (end = .)
                0x00000000c0183890                . = DATA_SEGMENT_END (.)

.stab
 *(.stab)

.stabstr
 *(.stabstr)

.stab.excl
 *(.stab.excl)

.stab.exclstr
 *(.stab.exclstr)

.stab.index
 *(.stab.index)

.stab.indexstr
 *(.stab.indexstr)

.comment        0x0000000000000000       0x2c
 *(.comment)
 .comment       0x0000000000000000       0x2c kernel_main.o
                                         0x2d (size before relaxing)
 .comment       0x000000000000002c       0x2d hd.o
 .comment       0x000000000000002c       0x2d fs_main.o
 .comment       0x000000000000002c       0x2d global.o
 .comment       0x000000000000002c       0x2d process.o
 .comment       0x000000000000002c       0x2d protect.o
 .comment       0x000000000000002c       0x2d console.o
 .comment       0x000000000000002c       0x2d keyboard.o
 .comment       0x000000000000002c       0x2d open.o
 .comment       0x000000000000002c       0x2d read.o
 .comment       0x000000000000002c       0x2d write.o
 .comment       0x000000000000002c       0x2d close.o
 .comment       0x000000000000002c       0x2d wait.o
 .comment       0x000000000000002c       0x2d exit.o
 .comment       0x000000000000002c       0x2d fork.o
 .comment       0x000000000000002c       0x2d getpid.o
 .comment       0x000000000000002c       0x2d exec.o
 .comment       0x000000000000002c       0x2d mm/main.o
 .comment       0x000000000000002c       0x2d mm/exec.o
 .comment       0x000000000000002c       0x2d mm/forkexit.o
 .comment       0x000000000000002c       0x2d mem/mem.o
 .comment       0x000000000000002c       0x2d kernel_main_old.o
 .comment       0x000000000000002c       0x2d my_process.o
 .comment       0x000000000000002c       0x2d double_link_list.o
 .comment       0x000000000000002c       0x2d thread.o

.gnu.build.attributes
 *(.gnu.build.attributes .gnu.build.attributes.*)

.debug
 *(.debug)

.line
 *(.line)

.debug_srcinfo
 *(.debug_srcinfo)

.debug_sfnames
 *(.debug_sfnames)

.debug_aranges  0x0000000000000000      0x318
 *(.debug_aranges)
 .debug_aranges
                0x0000000000000000       0x20 kernel_main.o
 .debug_aranges
                0x0000000000000020       0x20 hd.o
 .debug_aranges
                0x0000000000000040       0x20 fs_main.o
 .debug_aranges
                0x0000000000000060       0x18 global.o
 .debug_aranges
                0x0000000000000078       0x20 process.o
 .debug_aranges
                0x0000000000000098       0x20 protect.o
 .debug_aranges
                0x00000000000000b8       0x20 console.o
 .debug_aranges
                0x00000000000000d8       0x20 keyboard.o
 .debug_aranges
                0x00000000000000f8       0x20 open.o
 .debug_aranges
                0x0000000000000118       0x20 read.o
 .debug_aranges
                0x0000000000000138       0x20 write.o
 .debug_aranges
                0x0000000000000158       0x20 close.o
 .debug_aranges
                0x0000000000000178       0x20 wait.o
 .debug_aranges
                0x0000000000000198       0x20 exit.o
 .debug_aranges
                0x00000000000001b8       0x20 fork.o
 .debug_aranges
                0x00000000000001d8       0x20 getpid.o
 .debug_aranges
                0x00000000000001f8       0x20 exec.o
 .debug_aranges
                0x0000000000000218       0x20 mm/main.o
 .debug_aranges
                0x0000000000000238       0x20 mm/exec.o
 .debug_aranges
                0x0000000000000258       0x20 mm/forkexit.o
 .debug_aranges
                0x0000000000000278       0x20 mem/mem.o
 .debug_aranges
                0x0000000000000298       0x20 kernel_main_old.o
 .debug_aranges
                0x00000000000002b8       0x20 my_process.o
 .debug_aranges
                0x00000000000002d8       0x20 double_link_list.o
 .debug_aranges
                0x00000000000002f8       0x20 thread.o

.debug_pubnames
 *(.debug_pubnames)

.debug_info     0x0000000000000000    0x1b1fd
 *(.debug_info .gnu.linkonce.wi.*)
 .debug_info    0x0000000000000000      0xf0f kernel_main.o
 .debug_info    0x0000000000000f0f     0x1758 hd.o
 .debug_info    0x0000000000002667     0x1eab fs_main.o
 .debug_info    0x0000000000004512      0xe00 global.o
 .debug_info    0x0000000000005312      0xedc process.o
 .debug_info    0x00000000000061ee     0x112b protect.o
 .debug_info    0x0000000000007319     0x1200 console.o
 .debug_info    0x0000000000008519      0xf54 keyboard.o
 .debug_info    0x000000000000946d      0xd78 open.o
 .debug_info    0x000000000000a1e5      0xe17 read.o
 .debug_info    0x000000000000affc      0xda5 write.o
 .debug_info    0x000000000000bda1      0xd2c close.o
 .debug_info    0x000000000000cacd      0xd37 wait.o
 .debug_info    0x000000000000d804      0xd29 exit.o
 .debug_info    0x000000000000e52d      0xd1e fork.o
 .debug_info    0x000000000000f24b      0xd1e getpid.o
 .debug_info    0x000000000000ff69      0xea7 exec.o
 .debug_info    0x0000000000010e10      0xd3c mm/main.o
 .debug_info    0x0000000000011b4c     0x114a mm/exec.o
 .debug_info    0x0000000000012c96      0xef8 mm/forkexit.o
 .debug_info    0x0000000000013b8e     0x1cc8 mem/mem.o
 .debug_info    0x0000000000015856     0x2634 kernel_main_old.o
 .debug_info    0x0000000000017e8a     0x13e7 my_process.o
 .debug_info    0x0000000000019271      0xfba double_link_list.o
 .debug_info    0x000000000001a22b      0xfd2 thread.o

.debug_abbrev   0x0000000000000000     0x34a4
 *(.debug_abbrev)
 .debug_abbrev  0x0000000000000000      0x1df kernel_main.o
 .debug_abbrev  0x00000000000001df      0x2e3 hd.o
 .debug_abbrev  0x00000000000004c2      0x2ef fs_main.o
 .debug_abbrev  0x00000000000007b1      0x157 global.o
 .debug_abbrev  0x0000000000000908      0x1e0 process.o
 .debug_abbrev  0x0000000000000ae8      0x227 protect.o
 .debug_abbrev  0x0000000000000d0f      0x2ac console.o
 .debug_abbrev  0x0000000000000fbb      0x1fb keyboard.o
 .debug_abbrev  0x00000000000011b6      0x1c5 open.o
 .debug_abbrev  0x000000000000137b      0x1ef read.o
 .debug_abbrev  0x000000000000156a      0x1db write.o
 .debug_abbrev  0x0000000000001745      0x19d close.o
 .debug_abbrev  0x00000000000018e2      0x19f wait.o
 .debug_abbrev  0x0000000000001a81      0x19b exit.o
 .debug_abbrev  0x0000000000001c1c      0x18a fork.o
 .debug_abbrev  0x0000000000001da6      0x18a getpid.o
 .debug_abbrev  0x0000000000001f30      0x1e8 exec.o
 .debug_abbrev  0x0000000000002118      0x208 mm/main.o
 .debug_abbrev  0x0000000000002320      0x1c4 mm/exec.o
 .debug_abbrev  0x00000000000024e4      0x204 mm/forkexit.o
 .debug_abbrev  0x00000000000026e8      0x2ea mem/mem.o
 .debug_abbrev  0x00000000000029d2      0x43a kernel_main_old.o
 .debug_abbrev  0x0000000000002e0c      0x260 my_process.o
 .debug_abbrev  0x000000000000306c      0x216 double_link_list.o
 .debug_abbrev  0x0000000000003282      0x222 thread.o

.debug_line     0x0000000000000000     0x4764
 *(.debug_line .debug_line.* .debug_line_end)
 .debug_line    0x0000000000000000      0x17e kernel_main.o
 .debug_line    0x000000000000017e      0x613 hd.o
 .debug_line    0x0000000000000791      0xc11 fs_main.o
 .debug_line    0x00000000000013a2       0x95 global.o
 .debug_line    0x0000000000001437      0x15a process.o
 .debug_line    0x0000000000001591      0x1fb protect.o
 .debug_line    0x000000000000178c      0x54e console.o
 .debug_line    0x0000000000001cda      0x296 keyboard.o
 .debug_line    0x0000000000001f70       0xbd open.o
 .debug_line    0x000000000000202d      0x155 read.o
 .debug_line    0x0000000000002182       0xbc write.o
 .debug_line    0x000000000000223e       0xad close.o
 .debug_line    0x00000000000022eb       0xb7 wait.o
 .debug_line    0x00000000000023a2       0xa0 exit.o
 .debug_line    0x0000000000002442       0xa5 fork.o
 .debug_line    0x00000000000024e7       0xa0 getpid.o
 .debug_line    0x0000000000002587      0x187 exec.o
 .debug_line    0x000000000000270e       0xec mm/main.o
 .debug_line    0x00000000000027fa      0x20c mm/exec.o
 .debug_line    0x0000000000002a06      0x18a mm/forkexit.o
 .debug_line    0x0000000000002b90      0x7dd mem/mem.o
 .debug_line    0x000000000000336d      0xd23 kernel_main_old.o
 .debug_line    0x0000000000004090      0x33c my_process.o
 .debug_line    0x00000000000043cc      0x253 double_link_list.o
 .debug_line    0x000000000000461f      0x145 thread.o

.debug_frame
 *(.debug_frame)

.debug_str      0x0000000000000000     0x1de2
 *(.debug_str)
 .debug_str     0x0000000000000000      0x52c kernel_main.o
                                        0x61b (size before relaxing)
 .debug_str     0x000000000000052c      0x2c2 hd.o
                                        0x8b3 (size before relaxing)
 .debug_str     0x00000000000007ee      0x47c fs_main.o
                                        0xaa0 (size before relaxing)
 .debug_str     0x0000000000000c6a        0x9 global.o
                                        0x5b6 (size before relaxing)
 .debug_str     0x0000000000000c73       0x39 process.o
                                        0x5f0 (size before relaxing)
 .debug_str     0x0000000000000cac      0x134 protect.o
                                        0x711 (size before relaxing)
 .debug_str     0x0000000000000de0      0x13e console.o
                                        0x705 (size before relaxing)
 .debug_str     0x0000000000000f1e       0x84 keyboard.o
                                        0x642 (size before relaxing)
 .debug_str     0x0000000000000fa2       0x29 open.o
                                        0x57e (size before relaxing)
 .debug_str     0x0000000000000fcb       0x51 read.o
                                        0x5b7 (size before relaxing)
 .debug_str     0x000000000000101c        0xc write.o
                                        0x57b (size before relaxing)
 .debug_str     0x0000000000001028        0xc close.o
                                        0x546 (size before relaxing)
 .debug_str     0x0000000000001034        0xb wait.o
                                        0x54b (size before relaxing)
 .debug_str     0x000000000000103f        0xb exit.o
                                        0x54b (size before relaxing)
 .debug_str     0x000000000000104a        0xb fork.o
                                        0x544 (size before relaxing)
 .debug_str     0x0000000000001055       0x14 getpid.o
                                        0x548 (size before relaxing)
 .debug_str     0x0000000000001069       0x3e exec.o
                                        0x5c2 (size before relaxing)
 .debug_str     0x00000000000010a7       0x32 mm/main.o
                                        0x53e (size before relaxing)
 .debug_str     0x00000000000010d9      0x29b mm/exec.o
                                        0x813 (size before relaxing)
 .debug_str     0x0000000000001374       0x74 mm/forkexit.o
                                        0x5a8 (size before relaxing)
 .debug_str     0x00000000000013e8      0x316 mem/mem.o
                                        0xa3e (size before relaxing)
 .debug_str     0x00000000000016fe      0x3e9 kernel_main_old.o
                                        0xace (size before relaxing)
 .debug_str     0x0000000000001ae7      0x200 my_process.o
                                        0x8a4 (size before relaxing)
 .debug_str     0x0000000000001ce7       0x8f double_link_list.o
                                        0x677 (size before relaxing)
 .debug_str     0x0000000000001d76       0x6c thread.o
                                        0x6bd (size before relaxing)

.debug_loc
 *(.debug_loc)

.debug_macinfo
 *(.debug_macinfo)

.debug_weaknames
 *(.debug_weaknames)

.debug_funcnames
 *(.debug_funcnames)

.debug_typenames
 *(.debug_typenames)

.debug_varnames
 *(.debug_varnames)

.debug_pubtypes
 *(.debug_pubtypes)

.debug_ranges   0x0000000000000000       0x78
 *(.debug_ranges)
 .debug_ranges  0x0000000000000000       0x48 hd.o
 .debug_ranges  0x0000000000000048       0x18 mm/exec.o
 .debug_ranges  0x0000000000000060       0x18 kernel_main_old.o

.debug_macro
 *(.debug_macro)

.debug_addr
 *(.debug_addr)

.gnu.attributes
 *(.gnu.attributes)

/DISCARD/
 *(.note.GNU-stack)
 *(.gnu_debuglink)
 *(.gnu.lto_*)
 *(.gnu_object_only)
OUTPUT(kernel.bin elf32-i386)
