
Merging program properties

Removed property 0xc0010001 to merge double_link_list.o (0x1) and kernel/kernel_sub.o (not found)
Removed property 0xc0010002 to merge double_link_list.o (0x0) and kernel/kernel_sub.o (not found)
Removed property 0xc0010001 to merge double_link_list.o (not found) and global.o (0x1)
Removed property 0xc0010002 to merge double_link_list.o (not found) and global.o (0x0)
Removed property 0xc0010001 to merge double_link_list.o (not found) and kernel_main_old.o (0x1)
Removed property 0xc0010002 to merge double_link_list.o (not found) and kernel_main_old.o (0x1)
Removed property 0xc0010001 to merge double_link_list.o (not found) and kernel_main.o (0x1)
Removed property 0xc0010002 to merge double_link_list.o (not found) and kernel_main.o (0x0)
Removed property 0xc0010001 to merge double_link_list.o (not found) and protect.o (0x1)
Removed property 0xc0010002 to merge double_link_list.o (not found) and protect.o (0x0)
Removed property 0xc0010001 to merge double_link_list.o (not found) and console.o (0x1)
Removed property 0xc0010002 to merge double_link_list.o (not found) and console.o (0x1)
Removed property 0xc0010001 to merge double_link_list.o (not found) and process.o (0x1)
Removed property 0xc0010002 to merge double_link_list.o (not found) and process.o (0x0)
Removed property 0xc0010001 to merge double_link_list.o (not found) and keyboard.o (0x1)
Removed property 0xc0010002 to merge double_link_list.o (not found) and keyboard.o (0x0)
Removed property 0xc0010001 to merge double_link_list.o (not found) and thread.o (0x1)
Removed property 0xc0010002 to merge double_link_list.o (not found) and thread.o (0x0)
Removed property 0xc0010001 to merge double_link_list.o (not found) and my_process.o (0x1)
Removed property 0xc0010002 to merge double_link_list.o (not found) and my_process.o (0x1)
Removed property 0xc0010001 to merge double_link_list.o (not found) and network/skbuff.o (0x1)
Removed property 0xc0010002 to merge double_link_list.o (not found) and network/skbuff.o (0x0)
Removed property 0xc0010001 to merge double_link_list.o (not found) and network/socket.o (0x1)
Removed property 0xc0010002 to merge double_link_list.o (not found) and network/socket.o (0x0)
Removed property 0xc0010001 to merge double_link_list.o (not found) and network/ip_input.o (0x1)
Removed property 0xc0010002 to merge double_link_list.o (not found) and network/ip_input.o (0x0)
Removed property 0xc0010001 to merge double_link_list.o (not found) and network/udp_sock.o (0x1)
Removed property 0xc0010002 to merge double_link_list.o (not found) and network/udp_sock.o (0x0)
Removed property 0xc0010001 to merge double_link_list.o (not found) and network/icmpv4.o (0x1)
Removed property 0xc0010002 to merge double_link_list.o (not found) and network/icmpv4.o (0x0)
Removed property 0xc0010001 to merge double_link_list.o (not found) and network/netdev.o (0x1)
Removed property 0xc0010002 to merge double_link_list.o (not found) and network/netdev.o (0x0)
Removed property 0xc0010001 to merge double_link_list.o (not found) and network/ip_output.o (0x1)
Removed property 0xc0010002 to merge double_link_list.o (not found) and network/ip_output.o (0x0)
Removed property 0xc0010001 to merge double_link_list.o (not found) and network/tcp.o (0x1)
Removed property 0xc0010002 to merge double_link_list.o (not found) and network/tcp.o (0x0)
Removed property 0xc0010001 to merge double_link_list.o (not found) and network/route.o (0x1)
Removed property 0xc0010002 to merge double_link_list.o (not found) and network/route.o (0x0)
Removed property 0xc0010001 to merge double_link_list.o (not found) and network/sock.o (0x1)
Removed property 0xc0010002 to merge double_link_list.o (not found) and network/sock.o (0x0)
Removed property 0xc0010001 to merge double_link_list.o (not found) and network/tcp_output.o (0x1)
Removed property 0xc0010002 to merge double_link_list.o (not found) and network/tcp_output.o (0x1)
Removed property 0xc0010001 to merge double_link_list.o (not found) and network/arp.o (0x1)
Removed property 0xc0010002 to merge double_link_list.o (not found) and network/arp.o (0x0)
Removed property 0xc0010001 to merge double_link_list.o (not found) and network/tcp_sock.o (0x1)
Removed property 0xc0010002 to merge double_link_list.o (not found) and network/tcp_sock.o (0x0)
Removed property 0xc0010001 to merge double_link_list.o (not found) and network/ipc.o (0x1)
Removed property 0xc0010002 to merge double_link_list.o (not found) and network/ipc.o (0x1)
Removed property 0xc0010001 to merge double_link_list.o (not found) and network/inet.o (0x1)
Removed property 0xc0010002 to merge double_link_list.o (not found) and network/inet.o (0x0)
Removed property 0xc0010001 to merge double_link_list.o (not found) and network/dst.o (0x1)
Removed property 0xc0010002 to merge double_link_list.o (not found) and network/dst.o (0x0)
Removed property 0xc0010001 to merge double_link_list.o (not found) and network/tcp_input.o (0x1)
[...]
Memory Configuration

Name             Origin             Length             Attributes
*default*        0x00000000         0xffffffff

Linker script and memory map

Address of section .text set to 0xc0600000
LOAD kernel/kernel_sub.o
LOAD kernel/kernel.o
LOAD switch_to.o
LOAD string.o
LOAD syscall.o
LOAD hd/hd_rdwt.o
LOAD network/ne2000.o
LOAD double_link_list.o
LOAD global.o
LOAD kernel_main_old.o
LOAD kernel_main.o
LOAD protect.o
LOAD console.o
LOAD process.o
LOAD keyboard.o
LOAD thread.o
LOAD my_process.o
LOAD network/skbuff.o
LOAD network/socket.o
LOAD network/ip_input.o
LOAD network/udp_sock.o
LOAD network/icmpv4.o
LOAD network/netdev.o
LOAD network/ip_output.o
LOAD network/tcp.o
LOAD network/route.o
LOAD network/sock.o
LOAD network/tcp_output.o
LOAD network/arp.o
LOAD network/tcp_sock.o
LOAD network/ipc.o
LOAD network/inet.o
LOAD network/dst.o
LOAD network/tcp_input.o
LOAD network/task_network.o
LOAD network/udp.o
LOAD network/tcp_data.o
LOAD network/utils.o
LOAD hd/hd.o
LOAD fs/fs_main.o
LOAD mm/forkexit.o
LOAD mm/exec.o
LOAD mm/main.o
LOAD mem/mem.o
LOAD lib/exec.o
LOAD lib/fork.o
LOAD lib/exit.o
LOAD lib/unlink.o
LOAD lib/wait.o
LOAD lib/socket_close.o
LOAD lib/socket_read.o
LOAD lib/alloca.o
LOAD lib/calloc.o
LOAD lib/floor.o
LOAD lib/socket_write.o
LOAD lib/getpid.o
LOAD lib/stdlib/atoi.o
LOAD lib/stdlib/strtol.o
LOAD lib/string/strtok.o
LOAD lib/string/strcmp.o
LOAD lib/string/strncmp.o
LOAD lib/string/strpbrk.o
LOAD lib/stdio/read.o
LOAD lib/stdio/perror.o
LOAD lib/stdio/sscanf.o
LOAD lib/stdio/open.o
LOAD lib/stdio/write.o
LOAD lib/stdio/close.o
LOAD lib/sys/socket.o
LOAD lib/sys/connect.o
LOAD lib/arpa/ntohs.o
LOAD lib/arpa/htonl.o
LOAD lib/arpa/htons.o
LOAD lib/arpa/inet_pton.o
LOAD lib/arpa/ntohl.o
LOAD lib/arpa/inet_ntop.o
                [!provide]                        PROVIDE (__executable_start = SEGMENT_START ("text-segment", 0x8048000))
                0x080480d4                        . = (SEGMENT_START ("text-segment", 0x8048000) + SIZEOF_HEADERS)

.interp
 *(.interp)

.note.gnu.build-id
 *(.note.gnu.build-id)

.hash
 *(.hash)

.gnu.hash
 *(.gnu.hash)

.dynsym
 *(.dynsym)

.dynstr
 *(.dynstr)

.gnu.version
 *(.gnu.version)

.gnu.version_d
 *(.gnu.version_d)

.gnu.version_r
 *(.gnu.version_r)

.rel.dyn        0x080480d4        0x0
 *(.rel.init)
 *(.rel.text .rel.text.* .rel.gnu.linkonce.t.*)
 .rel.text      0x080480d4        0x0 kernel/kernel_sub.o
 *(.rel.fini)
 *(.rel.rodata .rel.rodata.* .rel.gnu.linkonce.r.*)
 *(.rel.data.rel.ro .rel.data.rel.ro.* .rel.gnu.linkonce.d.rel.ro.*)
 *(.rel.data .rel.data.* .rel.gnu.linkonce.d.*)
 *(.rel.tdata .rel.tdata.* .rel.gnu.linkonce.td.*)
 *(.rel.tbss .rel.tbss.* .rel.gnu.linkonce.tb.*)
 *(.rel.ctors)
 *(.rel.dtors)
 *(.rel.got)
 .rel.got       0x080480d4        0x0 kernel/kernel_sub.o
 *(.rel.bss .rel.bss.* .rel.gnu.linkonce.b.*)
 *(.rel.ifunc)

.rel.plt        0x080480d4        0x0
 *(.rel.plt)
                [!provide]                        PROVIDE (__rel_iplt_start = .)
 *(.rel.iplt)
 .rel.iplt      0x080480d4        0x0 kernel/kernel_sub.o
                [!provide]                        PROVIDE (__rel_iplt_end = .)

.relr.dyn
 *(.relr.dyn)
                0x08049000                        . = ALIGN (CONSTANT (MAXPAGESIZE))

.init
 *(SORT_NONE(.init))

.plt            0x08049000        0x0
 *(.plt)
 *(.iplt)
 .iplt          0x08049000        0x0 kernel/kernel_sub.o

.plt.got
 *(.plt.got)

.plt.sec
 *(.plt.sec)

.text           0xc0600000    0x136a1
 *(.text.unlikely .text.*_unlikely .text.unlikely.*)
 *(.text.exit .text.exit.*)
 *(.text.startup .text.startup.*)
 *(.text.hot .text.hot.*)
 *(SORT_BY_NAME(.text.sorted.*))
 *(.text .stub .text.* .gnu.linkonce.t.*)
 .text          0xc0600000       0x71 kernel/kernel_sub.o
                0xc0600000                _start
 *fill*         0xc0600071        0xf 
 .text          0xc0600080      0x3d2 kernel/kernel.o
                0xc0600080                InterruptTest
                0xc060008c                disp_str_len
                0xc06000d9                disp_str
                0xc0600114                disp_str_colour
                0xc0600150                divide_zero_fault
                0xc0600156                single_step_fault
                0xc060015c                non_maskable_interrupt
                0xc0600162                breakpoint_trap
                0xc0600168                overflow_trap
                0xc060016e                bound_range_exceeded_fault
                0xc0600174                invalid_opcode_fault
                0xc060017a                coprocessor_not_available_fault
                0xc0600180                double_fault_exception_abort
                0xc0600184                coprocessor_segment_overrun
                0xc060018a                invalid_task_state_segment_fault
                0xc060018e                segment_not_present_fault
                0xc0600192                stack_exception_fault
                0xc0600196                general_protection_exception_fault
                0xc06001a1                page_fault
                0xc06001a5                coprocessor_error_fault
                0xc06001ab                align_check_fault
                0xc06001af                simd_float_exception_fault
                0xc06001be                hwint0
                0xc06001ee                hwint1
                0xc0600231                hwint14
                0xc0600277                hwint10
                0xc06002ba                sys_call
                0xc0600300                fork_restart
                0xc060030f                restart
                0xc0600332                in_byte
                0xc060033e                out_byte
                0xc0600360                disable_int
                0xc0600362                enable_int
                0xc06003f8                enable_8259A_casecade_irq
                0xc0600402                disable_8259A_casecade_irq
                0xc060040c                enable_8259A_slave_winchester_irq
                0xc0600416                disable_8259A_slave_winchester_irq
                0xc0600420                update_cr3
                0xc060042d                update_tss
                0xc060043c                get_running_thread_pcb
                0xc0600442                sys_call_test
                0xc0600445                enable_8259A_slave_net_irq
 *fill*         0xc0600452        0xe 
 .text          0xc0600460       0x15 switch_to.o
                0xc0600460                switch_to
 *fill*         0xc0600475        0xb 
 .text          0xc0600480       0x6a syscall.o
                0xc0600480                write_debug
                0xc0600490                send_msg
                0xc06004a6                receive_msg
                0xc06004bc                sys_malloc
                0xc06004d1                sys_free
 *fill*         0xc06004ea        0x6 
 .text          0xc06004f0      0x286 network/ne2000.o
                0xc0600513                DriverInitialize
                0xc060059d                StartSendToPhysicalLink
                0xc06005b8                SetPageStart
                0xc06005e0                DriverSend
                0xc060065a                PCtoNIC
                0xc06006c5                get_interrupt_status
                0xc06006e2                set_interrupt_status
                0xc0600702                get_curr_page
                0xc060071f                NICtoPC
 .text          0xc0600776      0x2ee double_link_list.o
                0xc0600776                initDoubleLinkList
                0xc06007c6                isListEmpty
                0xc06007f4                findElementInList
                0xc060088b                appendToDoubleLinkList
                0xc0600951                insertToDoubleLinkList
                0xc06009d5                popFromDoubleLinkList
 .text          0xc0600a64        0x0 global.o
 .text          0xc0600a64     0x2df3 kernel_main_old.o
                0xc0600a64                stop_here
                0xc0600aa8                catch_error
                0xc0600b0d                intr_enable
                0xc0600b36                intr_disable
                0xc0600b5f                intr_set_status
                0xc0600b7d                intr_get_status
                0xc0600b9a                Memcpy
                0xc0600bcd                untar
                0xc0600edd                num_to_string
                0xc0600f83                disp_int
                0xc0600fac                do_page_fault
                0xc06010e9                exception_handler
                0xc06012d4                init_internal_interrupt
                0xc0601449                spurious_irq
                0xc06014d7                init_keyboard
                0xc060151a                TestTTY
                0xc06015b9                TestReadReturnValue
                0xc0601636                TestWriteReturnValue
                0xc060170a                TestFS2
                0xc0601718                TestFS
                0xc0601bba                wait_exit
                0xc0601cb8                INIT_fork
                0xc0601fab                simple_shell
                0xc0602132                test_shell
                0xc060219a                test_exec
                0xc060228d                INIT
                0xc060229a                TestA
                0xc06022cf                delay
                0xc0602313                TestB
                0xc060232b                TestC
                0xc060235e                sys_get_ticks
                0xc060236e                sys_write
                0xc06023c2                milli_delay
                0xc06023fe                TaskSys
                0xc0602403                Printf
                0xc06024d5                sprintf
                0xc0602501                vsprintf
                0xc06026ad                printx
                0xc06026f0                sys_printx
                0xc06027bc                spin
                0xc06027e2                panic
                0xc0602800                assertion_failure
                0xc0602872                assertion_failure2
                0xc06028e7                dead_lock
                0xc06028f1                sys_send_msg
                0xc0602e1f                sys_receive_msg
                0xc060347f                send_rec
                0xc060357a                block
                0xc06035b6                unblock
                0xc0603606                get_ticks_ipc
                0xc0603660                itoa
                0xc06036b6                i2a
                0xc060371c                inform_int
                0xc06037e8                deprecate_strcmp
 .text          0xc0603857      0x449 kernel_main.o
                0xc0603857                kernel_main
                0xc0603a31                init
                0xc0603ac8                kernel_thread_a
                0xc0603b15                kernel_thread_b
                0xc0603b62                kernel_thread_c
                0xc0603b78                kernel_thread_d
                0xc0603b8e                user_proc_a
                0xc0603c83                user_proc_b
 .text          0xc0603ca0      0x3b3 protect.o
                0xc0603ca0                InitDescriptor
                0xc0603d0d                Seg2PhyAddr
                0xc0603d4e                Seg2PhyAddrLDT
                0xc0603d92                VirAddr2PhyAddr
                0xc0603da8                v2l
                0xc0603deb                init_propt
                0xc0603f6c                InitInterruptDesc
                0xc0603fc8                ReloadGDT
 .text          0xc0604053      0xad3 console.o
                0xc0604053                select_console
                0xc060408f                flush
                0xc06040c8                set_cursor
                0xc0604126                set_console_start_video_addr
                0xc0604184                put_key
                0xc06041f0                scroll_up
                0xc0604232                scroll_down
                0xc060429d                out_char
                0xc060445a                tty_dev_read
                0xc0604484                tty_dev_write
                0xc06046b1                tty_do_read
                0xc0604779                tty_do_write
                0xc06048e2                init_screen
                0xc060496b                init_tty
                0xc0604a20                TaskTTY
 .text          0xc0604b26      0x2b7 process.o
                0xc0604b26                schedule_process
                0xc0604cec                clock_handler
                0xc0604d62                pid2proc
                0xc0604dc6                proc2pid
 .text          0xc0604ddd      0x40f keyboard.o
                0xc0604ddd                keyboard_handler
                0xc0604e61                read_from_keyboard_buf
                0xc0604ec7                keyboard_read
                0xc0605046                init_keyboard_handler
                0xc060505a                in_process
 .text          0xc06051ec      0x1b2 thread.o
                0xc06051ec                kernel_thread
                0xc0605204                thread_init
                0xc06052b1                thread_create
                0xc06052e6                thread_start
 .text          0xc060539e      0x730 my_process.o
                0xc060539e                create_user_process_address_space
                0xc060542e                user_process
                0xc060555b                clone_pcb
                0xc06056cd                build_body_stack
                0xc0605800                build_process_kernel_stack
                0xc06058c3                fork_process
                0xc0605954                process_execute
 .text          0xc0605ace      0x15b network/skbuff.o
                0xc0605ae7                alloc_skb
                0xc0605b78                free_skb
                0xc0605bab                skb_reserve
                0xc0605bc7                skb_push
                0xc0605bf6                skb_head
                0xc0605c01                skb_reset_header
 .text          0xc0605c29      0x66c network/socket.o
                0xc0605cd9                test
                0xc0605d35                socket_debug
                0xc0605d96                free_socket
                0xc0605e52                _socket
                0xc0605f11                _bind
                0xc0605f64                _connect
                0xc0605fb6                _write
                0xc060600d                _read
                0xc0606064                _recvfrom
                0xc06060a5                _sendto
                0xc06060fc                _close
                0xc060617b                _listen
                0xc06061e1                _accept
 .text          0xc0606295      0x2ed network/ip_input.o
                0xc060641f                ip_rcv
 .text          0xc0606582      0x8cd network/udp_sock.o
                0xc06067c0                udp_lookup_sock
                0xc0606807                udp_init
                0xc0606838                udp_close
                0xc060685e                udp_sock_init
                0xc0606868                udp_recvfrom
                0xc0606901                udp_connect
                0xc06069da                udp_write
                0xc0606a06                udp_alloc_skb
                0xc0606a50                udp_sendto
                0xc0606b44                udp_send
                0xc0606c82                udp_alloc_sock
                0xc0606cc3                udp_free_sock
                0xc0606ce7                udp_read
 .text          0xc0606e4f      0x234 network/icmpv4.o
                0xc0606e5d                icmpv4_incoming
                0xc0606ed1                icmpv4_reply
                0xc0606faa                icmpv4_timestamp
 .text          0xc0607083      0x9f6 network/netdev.o
                0xc0607211                netdev_init
                0xc0607258                netdev_transmit
                0xc06073a3                interrupt_wait2
                0xc06073fc                netdev_rx_loop
                0xc06074ed                call_netdev_get
                0xc0607637                netdev_get
                0xc06076ec                free_netdev
                0xc0607717                local_ipaddress
                0xc0607754                receive_msg_from_nic
                0xc0607937                receive_msg_from_nic2
                0xc0607a63                net_handler
 .text          0xc0607a79      0x208 network/ip_output.o
                0xc0607a87                ip_output
 .text          0xc0607c81      0x448 network/tcp.o
                0xc0607e76                tcp_in
                0xc0607f2a                tcp_checksum
                0xc0607f56                __tcp_set_state
                0xc0607f65                tcp_generate_port
                0xc0607fae                tcp_generate_isn
                0xc0607fb8                tcp_done
                0xc0607fe1                tcp_clear_timers
                0xc0607ff0                tcp_stop_retransmission_timer
                0xc0608009                tcp_release_retransmission_timer
                0xc0608022                tcp_stop_delack_timer
                0xc0608035                tcp_release_delack_timer
                0xc0608048                tcp_handle_fin_state
                0xc06080ad                tcp_enter_time_wait
 .text          0xc06080c9      0x42e network/route.o
                0xc06081d9                route_add
                0xc0608220                route_init
                0xc06082d2                call_route_lookup
                0xc060841c                route_lookup
 .text          0xc06084f7      0x203 network/sock.o
                0xc0608629                sk_alloc
                0xc0608650                sk_init
                0xc06086a4                sk_init_with_socket
                0xc06086cd                sk_free
 .text          0xc06086fa      0xbbe network/tcp_output.o
                0xc0608bc0                tcp_send_synack
                0xc0608c63                tcp_send_delack
                0xc0608c9e                tcp_send_ack
                0xc0608dea                tcp_send_fin
                0xc0608e5f                tcp_select_initial_window
                0xc0609011                tcp_reset_retransmission_timer
                0xc060902e                tcp_begin_connect
                0xc06090d8                tcp_send
                0xc06091bd                tcp_send_reset
                0xc060923d                tcp_queue_fin
 .text          0xc06092b8      0xb74 network/arp.o
                0xc06093e1                call_update_arp_translation_table
                0xc0609619                insert_arp_translation_table
                0xc060969b                update_arp_translation_table
                0xc060975a                arp_init
                0xc0609760                arp_rcv
                0xc0609968                arp_request
                0xc0609ad2                arp_reply
                0xc0609c35                call_arp_get_hwaddr
                0xc0609d2e                arp_get_hwaddr
                0xc0609ddb                free_arp
 .text          0xc0609e2c      0xa58 network/tcp_sock.o
                0xc060a0eb                tcp_established_or_syn_recvd_socks_enqueue
                0xc060a102                tcp_established_or_syn_recvd_socks_remove
                0xc060a114                tcp_connecting_or_listening_socks_enqueue
                0xc060a12b                tcp_connecting_or_listening_socks_remove
                0xc060a13d                tcp_alloc_sock
                0xc060a253                tcp_free_sock
                0xc060a2cc                tcp_init
                0xc060a2d6                tcp_sock_init
                0xc060a379                tcp_write
                0xc060a3ba                tcp_read
                0xc060a46d                tcp_close
                0xc060a52b                tcp_recv_notify
                0xc060a556                tcp_v4_connect
                0xc060a7d7                tcp_lookup_sock
 .text          0xc060a884      0xe07 network/ipc.o
                0xc060b438                ipc_close
                0xc060b489                ipc_call_from_netdev_rx
                0xc060b4c1                demux_ipc_socket_call
 .text          0xc060b68b      0x429 network/inet.o
                0xc060b68b                inet_create
                0xc060b73b                inet_socket
                0xc060b745                inet_connect
                0xc060b799                inet_write
                0xc060b7c5                inet_read
                0xc060b7f1                inet_close
                0xc060b840                inet_free
                0xc060b876                inet_bind
                0xc060b97f                inet_listen
                0xc060b9c8                inet_accept
                0xc060ba73                inet_sendto
                0xc060ba9e                inet_recvfrom
 .text          0xc060bab4      0x19b network/dst.o
                0xc060bac2                print_array
                0xc060bb1f                dst_neigh_output
 .text          0xc060bc4f      0xb80 network/tcp_input.o
                0xc060c347                tcp_process
                0xc060c70d                tcp_receive
 .text          0xc060c7cf      0x2cd network/task_network.o
                0xc060c823                init_dev
                0xc060c92d                task_network
                0xc060ca7e                task_netdev_rx
 .text          0xc060ca9c      0x3e0 network/udp.o
                0xc060cba7                udp_generate_port
                0xc060cbf0                udp_checksum
                0xc060ccbe                udp_in
                0xc060cd4f                udp_data_dequeue
                0xc060ce57                udp_data_enqueue
 .text          0xc060ce7c      0x54a network/tcp_data.o
                0xc060d167                tcp_data_dequeue
                0xc060d294                tcp_data_queue
 .text          0xc060d3c6      0x1e7 network/utils.o
                0xc060d3c6                run_cmd
                0xc060d3d3                print_err
                0xc060d3ea                parse_ipv4_string
                0xc060d449                ip_pton
                0xc060d491                sum_every_16bits
                0xc060d4e8                checksum
                0xc060d529                tcp_udp_checksum
 .text          0xc060d5ad      0xe84 hd/hd.o
                0xc060d5ad                TaskHD
                0xc060d5f8                init_hd
                0xc060d612                hd_handle
                0xc060d717                hd_cmd_out
                0xc060d819                hd_identify
                0xc060d8d0                print_hdinfo
                0xc060da5e                print_dpt_entry
                0xc060daca                get_partition_table
                0xc060dba9                partition
                0xc060ddc3                hd_open
                0xc060de73                get_hd_ioctl
                0xc060df2d                wait_for
                0xc060df5e                interrupt_wait
                0xc060dfb7                hd_rdwt
                0xc060e259                hd_handler
                0xc060e28a                debug_ticks
                0xc060e2c8                waitfor
                0xc060e30c                print_hd_info
                0xc060e3f9                is_empty
 .text          0xc060e431     0x2081 fs/fs_main.o
                0xc060e431                task_fs
                0xc060e645                rd_wt
                0xc060e727                mkfs
                0xc060ed09                init_fs
                0xc060ed63                do_open
                0xc060ef6c                search_file
                0xc060f09e                strip_path
                0xc060f16a                get_inode
                0xc060f32c                create_file
                0xc060f437                alloc_imap_bit
                0xc060f534                alloc_smap_bit
                0xc060f6d5                new_inode
                0xc060f7f3                new_dir_entry
                0xc060f9ff                do_unlink
                0xc060fedb                do_rdwt
                0xc0610266                sync_inode
                0xc06103ba                put_inode
                0xc06103f8                do_close
                0xc061044a                get_super_block
 .text          0xc06104b2      0x24f mm/forkexit.o
                0xc06104b2                do_fork
                0xc0610520                do_exit
                0xc06105aa                do_wait
                0xc06106a7                cleanup
 .text          0xc0610701      0x419 mm/exec.o
                0xc0610701                do_exec
 .text          0xc0610b1a      0x14e mm/main.o
                0xc0610b1a                TaskMM
                0xc0610c49                alloc_mem
 .text          0xc0610c68     0x1118 mem/mem.o
                0xc0610c68                init_bitmap
                0xc0610c8b                test_bit_val
                0xc0610cf4                set_bit_val
                0xc0610d6f                set_bits
                0xc0610da9                get_first_free_bit
                0xc0610ded                get_bits
                0xc0610eb5                get_a_page
                0xc0610f69                get_virtual_address_start_with_addr
                0xc0611003                get_virtual_address
                0xc0611093                ptr_pde
                0xc06110a6                ptr_pte
                0xc06110cd                add_map_entry
                0xc061115e                alloc_virtual_memory
                0xc061122a                get_physical_address_proc
                0xc06112a6                get_physical_address
                0xc06112d8                alloc_physical_memory_of_proc
                0xc06113c7                alloc_physical_memory
                0xc061148f                alloc_memory
                0xc06114f1                get_a_virtual_page
                0xc0611529                block2arena
                0xc061153f                sys_malloc2
                0xc061186c                remove_map_entry
                0xc061188d                free_a_page
                0xc0611934                sys_free2
                0xc061193a                init_memory_block_desc
                0xc0611a0b                init_memory2
                0xc0611c40                init_memory
 .text          0xc0611d80      0x285 lib/exec.o
                0xc0611d80                exec
                0xc0611df1                execv
                0xc0611fe0                execl
 .text          0xc0612005       0x4b lib/fork.o
                0xc0612005                fork
 .text          0xc0612050       0x2f lib/exit.o
                0xc0612050                exit
 .text          0xc061207f       0x42 lib/unlink.o
                0xc061207f                unlink
 .text          0xc06120c1       0x44 lib/wait.o
                0xc06120c1                wait
 .text          0xc0612105       0xbe lib/socket_close.o
                0xc0612105                socket_close
 .text          0xc06121c3      0x12a lib/socket_read.o
                0xc06121c3                socket_read
 .text          0xc06122ed       0x29 lib/alloca.o
                0xc06122ed                alloca
 .text          0xc0612316       0x46 lib/calloc.o
                0xc0612316                calloc
 .text          0xc061235c       0x49 lib/floor.o
                0xc061235c                floor
 .text          0xc06123a5      0x12a lib/socket_write.o
                0xc06123a5                socket_write
 .text          0xc06124cf       0x2b lib/getpid.o
                0xc06124cf                getpid
 .text          0xc06124fa       0x9c lib/stdlib/atoi.o
                0xc06124fa                atoi
 .text          0xc0612596       0xca lib/stdlib/strtol.o
                0xc0612596                strtol
 .text          0xc0612660       0x85 lib/string/strtok.o
                0xc0612660                strtok
 .text          0xc06126e5       0xa8 lib/string/strcmp.o
                0xc06126e5                strcmp
 .text          0xc061278d       0xd4 lib/string/strncmp.o
                0xc061278d                strncmp
 .text          0xc0612861       0x90 lib/string/strpbrk.o
                0xc0612861                strpbrk
 .text          0xc06128f1      0x181 lib/stdio/read.o
                0xc06128f1                read
 .text          0xc0612a72       0x17 lib/stdio/perror.o
                0xc0612a72                perror
 .text          0xc0612a89      0x335 lib/stdio/sscanf.o
                0xc0612a89                sscanf
 .text          0xc0612dbe       0x95 lib/stdio/open.o
                0xc0612dbe                open
 .text          0xc0612e53       0x85 lib/stdio/write.o
                0xc0612e53                write
 .text          0xc0612ed8       0x52 lib/stdio/close.o
                0xc0612ed8                close
 .text          0xc0612f2a      0x195 lib/sys/socket.o
                0xc0612f2a                socket
 .text          0xc06130bf      0x102 lib/sys/connect.o
                0xc06130bf                connect
 .text          0xc06131c1       0x38 lib/arpa/ntohs.o
                0xc06131c1                ntohs
 .text          0xc06131f9       0x7c lib/arpa/htonl.o
                0xc06131f9                htonl
 .text          0xc0613275       0x38 lib/arpa/htons.o
                0xc0613275                htons
 .text          0xc06132ad      0x295 lib/arpa/inet_pton.o
                0xc06132ad                isValidIPv4
                0xc0613437                inet_pton
 .text          0xc0613542       0x7c lib/arpa/ntohl.o
                0xc0613542                ntohl
 .text          0xc06135be       0xe3 lib/arpa/inet_ntop.o
                0xc06135be                inet_ntop
 *(.gnu.warning)

.fini
 *(SORT_NONE(.fini))
                [!provide]                        PROVIDE (__etext = .)
                [!provide]                        PROVIDE (_etext = .)
                [!provide]                        PROVIDE (etext = .)
                0xc0614000                        . = ALIGN (CONSTANT (MAXPAGESIZE))
                0xc0614000                        . = SEGMENT_START ("rodata-segment", (ALIGN (CONSTANT (MAXPAGESIZE)) + (. & (CONSTANT (MAXPAGESIZE) - 0x1))))

.rodata         0xc0614000     0x1e0b
 *(.rodata .rodata.* .gnu.linkonce.r.*)
 .rodata        0xc0614000       0x3c double_link_list.o
 *fill*         0xc061403c        0x4 
 .rodata        0xc0614040      0xb61 kernel_main_old.o
 *fill*         0xc0614ba1        0x3 
 .rodata        0xc0614ba4      0x174 kernel_main.o
 .rodata        0xc0614d18       0x22 console.o
 *fill*         0xc0614d3a        0x2 
 .rodata        0xc0614d3c       0x4c process.o
 .rodata        0xc0614d88        0x9 network/skbuff.o
 *fill*         0xc0614d91        0x3 
 .rodata        0xc0614d94      0x23d network/socket.o
 *fill*         0xc0614fd1        0x3 
 .rodata        0xc0614fd4       0xbd network/ip_input.o
 *fill*         0xc0615091        0x3 
 .rodata        0xc0615094       0x2d network/udp_sock.o
 *fill*         0xc06150c1        0x3 
 .rodata        0xc06150c4       0x32 network/icmpv4.o
 *fill*         0xc06150f6        0x2 
 .rodata        0xc06150f8      0x156 network/netdev.o
 *fill*         0xc061524e        0x2 
 .rodata        0xc0615250       0x3d network/ip_output.o
 *fill*         0xc061528d        0x3 
 .rodata        0xc0615290       0x31 network/tcp.o
 *fill*         0xc06152c1        0x3 
 .rodata        0xc06152c4       0x36 network/route.o
 .rodata        0xc06152fa        0x9 network/sock.o
 *fill*         0xc0615303        0x1 
 .rodata        0xc0615304       0xc3 network/tcp_output.o
 *fill*         0xc06153c7        0x1 
 .rodata        0xc06153c8       0xe8 network/arp.o
 .rodata        0xc06154b0      0x118 network/tcp_sock.o
 .rodata        0xc06155c8      0x174 network/ipc.o
 .rodata        0xc061573c       0x48 network/inet.o
 .rodata        0xc0615784       0x39 network/dst.o
 *fill*         0xc06157bd        0x3 
 .rodata        0xc06157c0       0x60 network/tcp_input.o
 .rodata        0xc0615820       0x99 network/task_network.o
 .rodata        0xc06158b9        0x9 network/udp.o
 .rodata        0xc06158c2       0x1e network/tcp_data.o
 .rodata        0xc06158e0       0x41 network/utils.o
 *fill*         0xc0615921        0x3 
 .rodata        0xc0615924      0x19c hd/hd.o
 .rodata        0xc0615ac0      0x1fb fs/fs_main.o
                0xc0615ac0                FSBUF_SIZE
 .rodata        0xc0615cbb       0x21 mm/forkexit.o
 .rodata        0xc0615cdc       0x10 mm/exec.o
 .rodata        0xc0615cec       0x11 mm/main.o
 .rodata        0xc0615cfd       0x5a mem/mem.o
 .rodata        0xc0615d57       0x2d lib/exec.o
 .rodata        0xc0615d84        0x9 lib/socket_close.o
 .rodata        0xc0615d8d        0x9 lib/socket_read.o
 .rodata        0xc0615d96        0x9 lib/socket_write.o
 .rodata        0xc0615d9f       0x2a lib/stdio/close.o
 .rodata        0xc0615dc9       0x33 lib/sys/socket.o
 .rodata        0xc0615dfc        0x9 lib/sys/connect.o
 .rodata        0xc0615e05        0x3 lib/arpa/inet_pton.o
 .rodata        0xc0615e08        0x3 lib/arpa/inet_ntop.o

.txt            0xc0615e0b       0xaa
 .txt           0xc0615e0b       0x82 string.o
                0xc0615e0b                Memcpy2
                0xc0615e39                Memset
                0xc0615e58                Strcpy
                0xc0615e72                Strlen
 .txt           0xc0615e8d       0x28 hd/hd_rdwt.o
                0xc0615e8d                read_port
                0xc0615ea1                write_port

.rodata1
 *(.rodata1)

.eh_frame_hdr
 *(.eh_frame_hdr)
 *(.eh_frame_entry .eh_frame_entry.*)

.eh_frame       0xc0615eb8     0x434c
 *(.eh_frame)
 .eh_frame      0xc0615eb8       0xd8 double_link_list.o
 .eh_frame      0xc0615f90      0x6cc kernel_main_old.o
                                0x6e4 (size before relaxing)
 .eh_frame      0xc061665c      0x104 kernel_main.o
                                0x11c (size before relaxing)
 .eh_frame      0xc0616760      0x100 protect.o
                                0x118 (size before relaxing)
 .eh_frame      0xc0616860      0x1e0 console.o
                                0x1f8 (size before relaxing)
 .eh_frame      0xc0616a40       0x80 process.o
                                 0x98 (size before relaxing)
 .eh_frame      0xc0616ac0       0xa0 keyboard.o
                                 0xb8 (size before relaxing)
 .eh_frame      0xc0616b60       0x80 thread.o
                                 0x98 (size before relaxing)
 .eh_frame      0xc0616be0       0xe0 my_process.o
                                 0xf8 (size before relaxing)
 .eh_frame      0xc0616cc0       0xe0 network/skbuff.o
                                 0xf8 (size before relaxing)
 .eh_frame      0xc0616da0      0x2a0 network/socket.o
                                0x2b8 (size before relaxing)
 .eh_frame      0xc0617040      0x104 network/ip_input.o
                                0x11c (size before relaxing)
 .eh_frame      0xc0617144      0x404 network/udp_sock.o
                                0x41c (size before relaxing)
 .eh_frame      0xc0617548       0x80 network/icmpv4.o
                                 0x98 (size before relaxing)
 .eh_frame      0xc06175c8      0x230 network/netdev.o
                                0x248 (size before relaxing)
 .eh_frame      0xc06177f8       0x40 network/ip_output.o
                                 0x58 (size before relaxing)
 .eh_frame      0xc0617838      0x268 network/tcp.o
                                0x280 (size before relaxing)
 .eh_frame      0xc0617aa0      0x104 network/route.o
                                0x11c (size before relaxing)
 .eh_frame      0xc0617ba4      0x1a0 network/sock.o
                                0x1b8 (size before relaxing)
 .eh_frame      0xc0617d44      0x3c4 network/tcp_output.o
                                0x3dc (size before relaxing)
 .eh_frame      0xc0618108      0x220 network/arp.o
                                0x238 (size before relaxing)
 .eh_frame      0xc0618328      0x4c0 network/tcp_sock.o
                                0x4d8 (size before relaxing)
 .eh_frame      0xc06187e8      0x274 network/ipc.o
                                0x28c (size before relaxing)
 .eh_frame      0xc0618a5c      0x180 network/inet.o
                                0x198 (size before relaxing)
 .eh_frame      0xc0618bdc       0x60 network/dst.o
                                 0x78 (size before relaxing)
 .eh_frame      0xc0618c3c      0x300 network/tcp_input.o
                                0x318 (size before relaxing)
 .eh_frame      0xc0618f3c       0x80 network/task_network.o
                                 0x98 (size before relaxing)
 .eh_frame      0xc0618fbc      0x1e4 network/udp.o
                                0x1fc (size before relaxing)
 .eh_frame      0xc06191a0      0x200 network/tcp_data.o
                                0x218 (size before relaxing)
 .eh_frame      0xc06193a0       0xe4 network/utils.o
                                 0xfc (size before relaxing)
 .eh_frame      0xc0619484      0x264 hd/hd.o
                                0x27c (size before relaxing)
 .eh_frame      0xc06196e8      0x27c fs/fs_main.o
                                0x294 (size before relaxing)
 .eh_frame      0xc0619964       0x80 mm/forkexit.o
                                 0x98 (size before relaxing)
 .eh_frame      0xc06199e4       0x20 mm/exec.o
                                 0x38 (size before relaxing)
 .eh_frame      0xc0619a04       0x3c mm/main.o
                                 0x54 (size before relaxing)
 .eh_frame      0xc0619a40      0x364 mem/mem.o
                                0x37c (size before relaxing)
 .eh_frame      0xc0619da4       0x60 lib/exec.o
                                 0x78 (size before relaxing)
 .eh_frame      0xc0619e04       0x20 lib/fork.o
                                 0x38 (size before relaxing)
 .eh_frame      0xc0619e24       0x20 lib/exit.o
                                 0x38 (size before relaxing)
 .eh_frame      0xc0619e44       0x20 lib/unlink.o
                                 0x38 (size before relaxing)
 .eh_frame      0xc0619e64       0x20 lib/wait.o
                                 0x38 (size before relaxing)
 .eh_frame      0xc0619e84       0x20 lib/socket_close.o
                                 0x38 (size before relaxing)
 .eh_frame      0xc0619ea4       0x20 lib/socket_read.o
                                 0x38 (size before relaxing)
 .eh_frame      0xc0619ec4       0x20 lib/alloca.o
                                 0x38 (size before relaxing)
 .eh_frame      0xc0619ee4       0x20 lib/calloc.o
                                 0x38 (size before relaxing)
 .eh_frame      0xc0619f04       0x20 lib/floor.o
                                 0x38 (size before relaxing)
 .eh_frame      0xc0619f24       0x20 lib/socket_write.o
                                 0x38 (size before relaxing)
 .eh_frame      0xc0619f44       0x20 lib/getpid.o
                                 0x38 (size before relaxing)
 .eh_frame      0xc0619f64       0x20 lib/stdlib/atoi.o
                                 0x38 (size before relaxing)
 .eh_frame      0xc0619f84       0x20 lib/stdlib/strtol.o
                                 0x38 (size before relaxing)
 .eh_frame      0xc0619fa4       0x20 lib/string/strtok.o
                                 0x38 (size before relaxing)
 .eh_frame      0xc0619fc4       0x20 lib/string/strcmp.o
                                 0x38 (size before relaxing)
 .eh_frame      0xc0619fe4       0x20 lib/string/strncmp.o
                                 0x38 (size before relaxing)
 .eh_frame      0xc061a004       0x20 lib/string/strpbrk.o
                                 0x38 (size before relaxing)
 .eh_frame      0xc061a024       0x20 lib/stdio/read.o
                                 0x38 (size before relaxing)
 .eh_frame      0xc061a044       0x20 lib/stdio/perror.o
                                 0x38 (size before relaxing)
 .eh_frame      0xc061a064       0x20 lib/stdio/sscanf.o
                                 0x38 (size before relaxing)
 .eh_frame      0xc061a084       0x20 lib/stdio/open.o
                                 0x38 (size before relaxing)
 .eh_frame      0xc061a0a4       0x20 lib/stdio/write.o
                                 0x38 (size before relaxing)
 .eh_frame      0xc061a0c4       0x20 lib/stdio/close.o
                                 0x38 (size before relaxing)
 .eh_frame      0xc061a0e4       0x20 lib/sys/socket.o
                                 0x38 (size before relaxing)
 .eh_frame      0xc061a104       0x20 lib/sys/connect.o
                                 0x38 (size before relaxing)
 .eh_frame      0xc061a124       0x20 lib/arpa/ntohs.o
                                 0x38 (size before relaxing)
 .eh_frame      0xc061a144       0x20 lib/arpa/htonl.o
                                 0x38 (size before relaxing)
 .eh_frame      0xc061a164       0x20 lib/arpa/htons.o
                                 0x38 (size before relaxing)
 .eh_frame      0xc061a184       0x40 lib/arpa/inet_pton.o
                                 0x58 (size before relaxing)
 .eh_frame      0xc061a1c4       0x20 lib/arpa/ntohl.o
                                 0x38 (size before relaxing)
 .eh_frame      0xc061a1e4       0x20 lib/arpa/inet_ntop.o
                                 0x38 (size before relaxing)
 *(.eh_frame.*)

.sframe
 *(.sframe)
 *(.sframe.*)

.gcc_except_table
 *(.gcc_except_table .gcc_except_table.*)

.gnu_extab
 *(.gnu_extab*)

.exception_ranges
 *(.exception_ranges*)
                0xc061b000                        . = DATA_SEGMENT_ALIGN (CONSTANT (MAXPAGESIZE), CONSTANT (COMMONPAGESIZE))

.eh_frame
 *(.eh_frame)
 *(.eh_frame.*)

.sframe
 *(.sframe)
 *(.sframe.*)

.gnu_extab
 *(.gnu_extab)

.gcc_except_table
 *(.gcc_except_table .gcc_except_table.*)

.exception_ranges
 *(.exception_ranges*)

.tdata          0xc061b000        0x0
                [!provide]                        PROVIDE (__tdata_start = .)
 *(.tdata .tdata.* .gnu.linkonce.td.*)

.tbss
 *(.tbss .tbss.* .gnu.linkonce.tb.*)
 *(.tcommon)

.preinit_array  0xc061b000        0x0
                [!provide]                        PROVIDE (__preinit_array_start = .)
 *(.preinit_array)
                [!provide]                        PROVIDE (__preinit_array_end = .)

.init_array     0xc061b000        0x0
                [!provide]                        PROVIDE (__init_array_start = .)
 *(SORT_BY_INIT_PRIORITY(.init_array.*) SORT_BY_INIT_PRIORITY(.ctors.*))
 *(.init_array EXCLUDE_FILE(*crtend?.o *crtend.o *crtbegin?.o *crtbegin.o) .ctors)
                [!provide]                        PROVIDE (__init_array_end = .)

.fini_array     0xc061b000        0x0
                [!provide]                        PROVIDE (__fini_array_start = .)
 *(SORT_BY_INIT_PRIORITY(.fini_array.*) SORT_BY_INIT_PRIORITY(.dtors.*))
 *(.fini_array EXCLUDE_FILE(*crtend?.o *crtend.o *crtbegin?.o *crtbegin.o) .dtors)
                [!provide]                        PROVIDE (__fini_array_end = .)

.ctors
 *crtbegin.o(.ctors)
 *crtbegin?.o(.ctors)
 *(EXCLUDE_FILE(*crtend?.o *crtend.o) .ctors)
 *(SORT_BY_NAME(.ctors.*))
 *(.ctors)

.dtors
 *crtbegin.o(.dtors)
 *crtbegin?.o(.dtors)
 *(EXCLUDE_FILE(*crtend?.o *crtend.o) .dtors)
 *(SORT_BY_NAME(.dtors.*))
 *(.dtors)

.jcr
 *(.jcr)

.data.rel.ro
 *(.data.rel.ro.local* .gnu.linkonce.d.rel.ro.local.*)
 *(.data.rel.ro .data.rel.ro.* .gnu.linkonce.d.rel.ro.*)

.dynamic
 *(.dynamic)

.got            0xc061b000        0x0
 *(.got)
 .got           0xc061b000        0x0 kernel/kernel_sub.o
 *(.igot)
                0xc061b000                        . = DATA_SEGMENT_RELRO_END (., (SIZEOF (.got.plt) >= 0xc)?0xc:0x0)

.got.plt        0xc061b000        0x0
 *(.got.plt)
 .got.plt       0xc061b000        0x0 kernel/kernel_sub.o
 *(.igot.plt)
 .igot.plt      0xc061b000        0x0 kernel/kernel_sub.o

.data           0xc061b000      0xbb0
 *(.data .data.* .gnu.linkonce.d.*)
 .data          0xc061b000        0xf kernel/kernel_sub.o
 *fill*         0xc061b00f        0x1 
 .data          0xc061b010        0xf kernel/kernel.o
 *fill*         0xc061b01f        0x1 
 .data          0xc061b020        0x0 syscall.o
 .data          0xc061b020        0x0 double_link_list.o
 .data          0xc061b020      0x17c global.o
                0xc061b020                user_task_table
                0xc061b0a0                sys_task_table
                0xc061b180                sys_call_table
 .data          0xc061b19c        0x0 kernel_main_old.o
 .data          0xc061b19c        0x0 kernel_main.o
 .data          0xc061b19c        0x0 protect.o
 .data          0xc061b19c        0x0 console.o
 .data          0xc061b19c        0x0 process.o
 *fill*         0xc061b19c        0x4 
 .data          0xc061b1a0      0x600 keyboard.o
                0xc061b1a0                keymap
 .data          0xc061b7a0        0x0 thread.o
 .data          0xc061b7a0        0x0 my_process.o
 .data          0xc061b7a0        0x4 network/skbuff.o
 *fill*         0xc061b7a4       0x1c 
 .data          0xc061b7c0      0x224 network/socket.o
 .data          0xc061b9e4        0x4 network/ip_input.o
 *fill*         0xc061b9e8       0x18 
 .data          0xc061ba00       0x54 network/udp_sock.o
                0xc061ba20                udp_ops
 .data          0xc061ba54        0x4 network/icmpv4.o
 .data          0xc061ba58        0x4 network/netdev.o
 .data          0xc061ba5c        0x4 network/ip_output.o
 .data          0xc061ba60        0x8 network/tcp.o
 .data          0xc061ba68        0x4 network/route.o
 .data          0xc061ba6c        0x4 network/sock.o
 .data          0xc061ba70        0x4 network/tcp_output.o
 .data          0xc061ba74       0x14 network/arp.o
 *fill*         0xc061ba88       0x18 
 .data          0xc061baa0       0x54 network/tcp_sock.o
                0xc061bac0                tcp_ops
 .data          0xc061baf4        0xc network/ipc.o
 .data          0xc061bb00       0x80 network/inet.o
                0xc061bb08                inet
 .data          0xc061bb80        0x4 network/dst.o
 .data          0xc061bb84        0x4 network/tcp_input.o
 .data          0xc061bb88        0x4 network/task_network.o
 .data          0xc061bb8c        0x8 network/udp.o
 .data          0xc061bb94        0x4 network/tcp_data.o
 .data          0xc061bb98        0x4 network/utils.o
 .data          0xc061bb9c        0x0 hd/hd.o
 .data          0xc061bb9c        0x0 fs/fs_main.o
 .data          0xc061bb9c        0x0 mm/forkexit.o
 .data          0xc061bb9c        0x0 mm/exec.o
 .data          0xc061bb9c        0x0 mm/main.o
 .data          0xc061bb9c        0x0 mem/mem.o
 .data          0xc061bb9c        0x0 lib/exec.o
 .data          0xc061bb9c        0x0 lib/fork.o
 .data          0xc061bb9c        0x0 lib/exit.o
 .data          0xc061bb9c        0x0 lib/unlink.o
 .data          0xc061bb9c        0x0 lib/wait.o
 .data          0xc061bb9c        0x4 lib/socket_close.o
 .data          0xc061bba0        0x4 lib/socket_read.o
 .data          0xc061bba4        0x0 lib/alloca.o
 .data          0xc061bba4        0x0 lib/calloc.o
 .data          0xc061bba4        0x0 lib/floor.o
 .data          0xc061bba4        0x4 lib/socket_write.o
 .data          0xc061bba8        0x0 lib/getpid.o
 .data          0xc061bba8        0x0 lib/stdlib/atoi.o
 .data          0xc061bba8        0x0 lib/stdlib/strtol.o
 .data          0xc061bba8        0x0 lib/string/strtok.o
 .data          0xc061bba8        0x0 lib/string/strcmp.o
 .data          0xc061bba8        0x0 lib/string/strncmp.o
 .data          0xc061bba8        0x0 lib/string/strpbrk.o
 .data          0xc061bba8        0x0 lib/stdio/read.o
 .data          0xc061bba8        0x0 lib/stdio/perror.o
 .data          0xc061bba8        0x0 lib/stdio/sscanf.o
 .data          0xc061bba8        0x0 lib/stdio/open.o
 .data          0xc061bba8        0x0 lib/stdio/write.o
 .data          0xc061bba8        0x0 lib/stdio/close.o
 .data          0xc061bba8        0x4 lib/sys/socket.o
 .data          0xc061bbac        0x4 lib/sys/connect.o
 .data          0xc061bbb0        0x0 lib/arpa/ntohs.o
 .data          0xc061bbb0        0x0 lib/arpa/htonl.o
 .data          0xc061bbb0        0x0 lib/arpa/htons.o
 .data          0xc061bbb0        0x0 lib/arpa/inet_pton.o
 .data          0xc061bbb0        0x0 lib/arpa/ntohl.o
 .data          0xc061bbb0        0x0 lib/arpa/inet_ntop.o

.data1
 *(.data1)
                0xc061bbb0                        _edata = .
                [!provide]                        PROVIDE (edata = .)
                0xc061bbb0                        . = .
                0xc061bbb0                        __bss_start = .

.bss            0xc061bbc0    0xa5888
 *(.dynbss)
 *(.bss .bss.* .gnu.linkonce.b.*)
 .bss           0xc061bbc0      0x800 kernel/kernel_sub.o
 .bss           0xc061c3c0      0x800 kernel/kernel.o
 .bss           0xc061cbc0        0x0 double_link_list.o
 .bss           0xc061cbc0        0x0 global.o
 .bss           0xc061cbc0        0x0 kernel_main_old.o
 .bss           0xc061cbc0        0x0 kernel_main.o
 .bss           0xc061cbc0        0x0 protect.o
 .bss           0xc061cbc0        0x0 console.o
 .bss           0xc061cbc0        0x0 process.o
 .bss           0xc061cbc0        0x0 keyboard.o
 .bss           0xc061cbc0        0x0 thread.o
 .bss           0xc061cbc0        0x0 my_process.o
 .bss           0xc061cbc0        0x0 network/skbuff.o
 .bss           0xc061cbc0        0x4 network/socket.o
 .bss           0xc061cbc4        0x0 network/ip_input.o
 .bss           0xc061cbc4        0x4 network/udp_sock.o
 .bss           0xc061cbc8        0x0 network/icmpv4.o
 .bss           0xc061cbc8        0x0 network/netdev.o
 .bss           0xc061cbc8        0x0 network/ip_output.o
 .bss           0xc061cbc8        0x0 network/tcp.o
 .bss           0xc061cbc8        0x0 network/route.o
 .bss           0xc061cbc8        0x0 network/sock.o
 .bss           0xc061cbc8        0x0 network/tcp_output.o
 .bss           0xc061cbc8        0x0 network/arp.o
 .bss           0xc061cbc8        0x0 network/tcp_sock.o
 .bss           0xc061cbc8        0x4 network/ipc.o
 .bss           0xc061cbcc        0x0 network/inet.o
 .bss           0xc061cbcc        0x0 network/dst.o
 .bss           0xc061cbcc        0x0 network/tcp_input.o
 .bss           0xc061cbcc        0x0 network/task_network.o
 .bss           0xc061cbcc        0x0 network/udp.o
 .bss           0xc061cbcc        0x0 network/tcp_data.o
 .bss           0xc061cbcc        0x0 network/utils.o
 .bss           0xc061cbcc        0x0 hd/hd.o
 .bss           0xc061cbcc        0x4 fs/fs_main.o
                0xc061cbcc                c
 .bss           0xc061cbd0        0x0 mm/forkexit.o
 .bss           0xc061cbd0        0x0 mm/exec.o
 .bss           0xc061cbd0        0x0 mm/main.o
 .bss           0xc061cbd0        0x0 mem/mem.o
 .bss           0xc061cbd0        0x0 lib/exec.o
 .bss           0xc061cbd0        0x0 lib/fork.o
 .bss           0xc061cbd0        0x0 lib/exit.o
 .bss           0xc061cbd0        0x0 lib/unlink.o
 .bss           0xc061cbd0        0x0 lib/wait.o
 .bss           0xc061cbd0        0x0 lib/socket_close.o
 .bss           0xc061cbd0        0x0 lib/socket_read.o
 .bss           0xc061cbd0        0x0 lib/alloca.o
 .bss           0xc061cbd0        0x0 lib/calloc.o
 .bss           0xc061cbd0        0x0 lib/floor.o
 .bss           0xc061cbd0        0x0 lib/socket_write.o
 .bss           0xc061cbd0        0x0 lib/getpid.o
 .bss           0xc061cbd0        0x0 lib/stdlib/atoi.o
 .bss           0xc061cbd0        0x0 lib/stdlib/strtol.o
 .bss           0xc061cbd0        0x4 lib/string/strtok.o
 .bss           0xc061cbd4        0x0 lib/string/strcmp.o
 .bss           0xc061cbd4        0x0 lib/string/strncmp.o
 .bss           0xc061cbd4        0x0 lib/string/strpbrk.o
 .bss           0xc061cbd4        0x0 lib/stdio/read.o
 .bss           0xc061cbd4        0x0 lib/stdio/perror.o
 .bss           0xc061cbd4        0x0 lib/stdio/sscanf.o
 .bss           0xc061cbd4        0x0 lib/stdio/open.o
 .bss           0xc061cbd4        0x0 lib/stdio/write.o
 .bss           0xc061cbd4        0x0 lib/stdio/close.o
 .bss           0xc061cbd4        0x0 lib/sys/socket.o
 .bss           0xc061cbd4        0x0 lib/sys/connect.o
 .bss           0xc061cbd4        0x0 lib/arpa/ntohs.o
 .bss           0xc061cbd4        0x0 lib/arpa/htonl.o
 .bss           0xc061cbd4        0x0 lib/arpa/htons.o
 .bss           0xc061cbd4        0x0 lib/arpa/inet_pton.o
 .bss           0xc061cbd4        0x0 lib/arpa/ntohl.o
 .bss           0xc061cbd4        0x0 lib/arpa/inet_ntop.o
 *(COMMON)
 *fill*         0xc061cbd4        0xc 
 COMMON         0xc061cbe0     0x17b8 double_link_list.o
                0xc061cbe0                current_tty
                0xc061cbe4                is_e0
                0xc061cbe8                idt_ptr
                0xc061cbf0                pid
                0xc061cbf4                KernelVirtualMemory
                0xc061cc00                loop
                0xc061cc04                current_dis_pos
                0xc061cc08                dis_pos
                0xc061cc0c                netdev
                0xc061cc10                k_reenter
                0xc061cc20                gdt
                0xc061d020                proc_ready_table
                0xc061d024                test_ticks
                0xc061d028                pcaller
                0xc061d040                keyboard_buffer
                0xc061d24c                pcb_list
                0xc061d25c                gdt_index
                0xc061d260                tty_table
                0xc061daa0                tss
                0xc061db0c                KernelPool
                0xc061db1c                net_buf
                0xc061db20                nic_current_page
                0xc061db24                counter
                0xc061db28                key_pressed
                0xc061db2c                fork_pid
                0xc061db30                is_shift
                0xc061db31                net_data
                0xc061db34                routes
                0xc061db38                gdt_ptr
                0xc061db40                idt
                0xc061e340                main_thread
                0xc061e348                ticks
                0xc061e350                is_init
                0xc061e354                UserPool
                0xc061e364                all_pcb_list
                0xc061e374                console_table
                0xc061e384                is_disp
                0xc061e388                MAIN_THREAD_PAGE_DIRECTORY
                0xc061e38c                helloStr
 *fill*         0xc061e398        0x8 
 COMMON         0xc061e3a0    0xa1d40 global.o
                0xc061e3a0                proc_stack
                0xc06be3a0                proc_table
 COMMON         0xc06c00e0      0x440 hd/hd.o
                0xc06c00e0                hd_info
                0xc06c0320                hd_cache
 COMMON         0xc06c0520      0xe68 fs/fs_main.o
                0xc06c0520                file_desc_table
                0xc06c0920                phy_super_block_buf
                0xc06c0924                phy_fsbuf
                0xc06c0940                inode_table
                0xc06c1340                super_block_buf
                0xc06c1344                fsbuf
                0xc06c1360                root
 *fill*         0xc06c1388       0x18 
 COMMON         0xc06c13a0       0xa8 mem/mem.o
                0xc06c13a0                kernel_mem_block_decs_array
                0xc06c1448                        . = ALIGN ((. != 0x0)?0x4:0x1)
                0xc06c1448                        . = ALIGN (0x4)
                0xc06c1448                        . = SEGMENT_START ("ldata-segment", .)
                0xc06c1448                        . = ALIGN (0x4)
                0xc06c1448                        _end = .
                [!provide]                        PROVIDE (end = .)
                0xc06c1448                        . = DATA_SEGMENT_END (.)

.stab
 *(.stab)

.stabstr
 *(.stabstr)

.stab.excl
 *(.stab.excl)

.stab.exclstr
 *(.stab.exclstr)

.stab.index
 *(.stab.index)

.stab.indexstr
 *(.stab.indexstr)

.comment        0x00000000       0x2c
 *(.comment)
 .comment       0x00000000       0x2c double_link_list.o
                                 0x2d (size before relaxing)
 .comment       0x0000002c       0x2d global.o
 .comment       0x0000002c       0x2d kernel_main_old.o
 .comment       0x0000002c       0x2d kernel_main.o
 .comment       0x0000002c       0x2d protect.o
 .comment       0x0000002c       0x2d console.o
 .comment       0x0000002c       0x2d process.o
 .comment       0x0000002c       0x2d keyboard.o
 .comment       0x0000002c       0x2d thread.o
 .comment       0x0000002c       0x2d my_process.o
 .comment       0x0000002c       0x2d network/skbuff.o
 .comment       0x0000002c       0x2d network/socket.o
 .comment       0x0000002c       0x2d network/ip_input.o
 .comment       0x0000002c       0x2d network/udp_sock.o
 .comment       0x0000002c       0x2d network/icmpv4.o
 .comment       0x0000002c       0x2d network/netdev.o
 .comment       0x0000002c       0x2d network/ip_output.o
 .comment       0x0000002c       0x2d network/tcp.o
 .comment       0x0000002c       0x2d network/route.o
 .comment       0x0000002c       0x2d network/sock.o
 .comment       0x0000002c       0x2d network/tcp_output.o
 .comment       0x0000002c       0x2d network/arp.o
 .comment       0x0000002c       0x2d network/tcp_sock.o
 .comment       0x0000002c       0x2d network/ipc.o
 .comment       0x0000002c       0x2d network/inet.o
 .comment       0x0000002c       0x2d network/dst.o
 .comment       0x0000002c       0x2d network/tcp_input.o
 .comment       0x0000002c       0x2d network/task_network.o
 .comment       0x0000002c       0x2d network/udp.o
 .comment       0x0000002c       0x2d network/tcp_data.o
 .comment       0x0000002c       0x2d network/utils.o
 .comment       0x0000002c       0x2d hd/hd.o
 .comment       0x0000002c       0x2d fs/fs_main.o
 .comment       0x0000002c       0x2d mm/forkexit.o
 .comment       0x0000002c       0x2d mm/exec.o
 .comment       0x0000002c       0x2d mm/main.o
 .comment       0x0000002c       0x2d mem/mem.o
 .comment       0x0000002c       0x2d lib/exec.o
 .comment       0x0000002c       0x2d lib/fork.o
 .comment       0x0000002c       0x2d lib/exit.o
 .comment       0x0000002c       0x2d lib/unlink.o
 .comment       0x0000002c       0x2d lib/wait.o
 .comment       0x0000002c       0x2d lib/socket_close.o
 .comment       0x0000002c       0x2d lib/socket_read.o
 .comment       0x0000002c       0x2d lib/alloca.o
 .comment       0x0000002c       0x2d lib/calloc.o
 .comment       0x0000002c       0x2d lib/floor.o
 .comment       0x0000002c       0x2d lib/socket_write.o
 .comment       0x0000002c       0x2d lib/getpid.o
 .comment       0x0000002c       0x2d lib/stdlib/atoi.o
 .comment       0x0000002c       0x2d lib/stdlib/strtol.o
 .comment       0x0000002c       0x2d lib/string/strtok.o
 .comment       0x0000002c       0x2d lib/string/strcmp.o
 .comment       0x0000002c       0x2d lib/string/strncmp.o
 .comment       0x0000002c       0x2d lib/string/strpbrk.o
 .comment       0x0000002c       0x2d lib/stdio/read.o
 .comment       0x0000002c       0x2d lib/stdio/perror.o
 .comment       0x0000002c       0x2d lib/stdio/sscanf.o
 .comment       0x0000002c       0x2d lib/stdio/open.o
 .comment       0x0000002c       0x2d lib/stdio/write.o
 .comment       0x0000002c       0x2d lib/stdio/close.o
 .comment       0x0000002c       0x2d lib/sys/socket.o
 .comment       0x0000002c       0x2d lib/sys/connect.o
 .comment       0x0000002c       0x2d lib/arpa/ntohs.o
 .comment       0x0000002c       0x2d lib/arpa/htonl.o
 .comment       0x0000002c       0x2d lib/arpa/htons.o
 .comment       0x0000002c       0x2d lib/arpa/inet_pton.o
 .comment       0x0000002c       0x2d lib/arpa/ntohl.o
 .comment       0x0000002c       0x2d lib/arpa/inet_ntop.o

.gnu.build.attributes
 *(.gnu.build.attributes .gnu.build.attributes.*)

.debug
 *(.debug)

.line
 *(.line)

.debug_srcinfo
 *(.debug_srcinfo)

.debug_sfnames
 *(.debug_sfnames)

.debug_aranges  0x00000000      0x898
 *(.debug_aranges)
 .debug_aranges
                0x00000000       0x20 double_link_list.o
 .debug_aranges
                0x00000020       0x18 global.o
 .debug_aranges
                0x00000038       0x20 kernel_main_old.o
 .debug_aranges
                0x00000058       0x20 kernel_main.o
 .debug_aranges
                0x00000078       0x20 protect.o
 .debug_aranges
                0x00000098       0x20 console.o
 .debug_aranges
                0x000000b8       0x20 process.o
 .debug_aranges
                0x000000d8       0x20 keyboard.o
 .debug_aranges
                0x000000f8       0x20 thread.o
 .debug_aranges
                0x00000118       0x20 my_process.o
 .debug_aranges
                0x00000138       0x20 network/skbuff.o
 .debug_aranges
                0x00000158       0x20 network/socket.o
 .debug_aranges
                0x00000178       0x20 network/ip_input.o
 .debug_aranges
                0x00000198       0x20 network/udp_sock.o
 .debug_aranges
                0x000001b8       0x20 network/icmpv4.o
 .debug_aranges
                0x000001d8       0x20 network/netdev.o
 .debug_aranges
                0x000001f8       0x20 network/ip_output.o
 .debug_aranges
                0x00000218       0x20 network/tcp.o
 .debug_aranges
                0x00000238       0x20 network/route.o
 .debug_aranges
                0x00000258       0x20 network/sock.o
 .debug_aranges
                0x00000278       0x20 network/tcp_output.o
 .debug_aranges
                0x00000298       0x20 network/arp.o
 .debug_aranges
                0x000002b8       0x20 network/tcp_sock.o
 .debug_aranges
                0x000002d8       0x20 network/ipc.o
 .debug_aranges
                0x000002f8       0x20 network/inet.o
 .debug_aranges
                0x00000318       0x20 network/dst.o
 .debug_aranges
                0x00000338       0x20 network/tcp_input.o
 .debug_aranges
                0x00000358       0x20 network/task_network.o
 .debug_aranges
                0x00000378       0x20 network/udp.o
 .debug_aranges
                0x00000398       0x20 network/tcp_data.o
 .debug_aranges
                0x000003b8       0x20 network/utils.o
 .debug_aranges
                0x000003d8       0x20 hd/hd.o
 .debug_aranges
                0x000003f8       0x20 fs/fs_main.o
 .debug_aranges
                0x00000418       0x20 mm/forkexit.o
 .debug_aranges
                0x00000438       0x20 mm/exec.o
 .debug_aranges
                0x00000458       0x20 mm/main.o
 .debug_aranges
                0x00000478       0x20 mem/mem.o
 .debug_aranges
                0x00000498       0x20 lib/exec.o
 .debug_aranges
                0x000004b8       0x20 lib/fork.o
 .debug_aranges
                0x000004d8       0x20 lib/exit.o
 .debug_aranges
                0x000004f8       0x20 lib/unlink.o
 .debug_aranges
                0x00000518       0x20 lib/wait.o
 .debug_aranges
                0x00000538       0x20 lib/socket_close.o
 .debug_aranges
                0x00000558       0x20 lib/socket_read.o
 .debug_aranges
                0x00000578       0x20 lib/alloca.o
 .debug_aranges
                0x00000598       0x20 lib/calloc.o
 .debug_aranges
                0x000005b8       0x20 lib/floor.o
 .debug_aranges
                0x000005d8       0x20 lib/socket_write.o
 .debug_aranges
                0x000005f8       0x20 lib/getpid.o
 .debug_aranges
                0x00000618       0x20 lib/stdlib/atoi.o
 .debug_aranges
                0x00000638       0x20 lib/stdlib/strtol.o
 .debug_aranges
                0x00000658       0x20 lib/string/strtok.o
 .debug_aranges
                0x00000678       0x20 lib/string/strcmp.o
 .debug_aranges
                0x00000698       0x20 lib/string/strncmp.o
 .debug_aranges
                0x000006b8       0x20 lib/string/strpbrk.o
 .debug_aranges
                0x000006d8       0x20 lib/stdio/read.o
 .debug_aranges
                0x000006f8       0x20 lib/stdio/perror.o
 .debug_aranges
                0x00000718       0x20 lib/stdio/sscanf.o
 .debug_aranges
                0x00000738       0x20 lib/stdio/open.o
 .debug_aranges
                0x00000758       0x20 lib/stdio/write.o
 .debug_aranges
                0x00000778       0x20 lib/stdio/close.o
 .debug_aranges
                0x00000798       0x20 lib/sys/socket.o
 .debug_aranges
                0x000007b8       0x20 lib/sys/connect.o
 .debug_aranges
                0x000007d8       0x20 lib/arpa/ntohs.o
 .debug_aranges
                0x000007f8       0x20 lib/arpa/htonl.o
 .debug_aranges
                0x00000818       0x20 lib/arpa/htons.o
 .debug_aranges
                0x00000838       0x20 lib/arpa/inet_pton.o
 .debug_aranges
                0x00000858       0x20 lib/arpa/ntohl.o
 .debug_aranges
                0x00000878       0x20 lib/arpa/inet_ntop.o

.debug_pubnames
 *(.debug_pubnames)

.debug_info     0x00000000    0x463da
 *(.debug_info .gnu.linkonce.wi.*)
 .debug_info    0x00000000     0x10b1 double_link_list.o
 .debug_info    0x000010b1      0xef9 global.o
 .debug_info    0x00001faa     0x28d0 kernel_main_old.o
 .debug_info    0x0000487a     0x11b9 kernel_main.o
 .debug_info    0x00005a33     0x1224 protect.o
 .debug_info    0x00006c57     0x12f9 console.o
 .debug_info    0x00007f50      0xfd1 process.o
 .debug_info    0x00008f21     0x104d keyboard.o
 .debug_info    0x00009f6e     0x10d8 thread.o
 .debug_info    0x0000b046     0x150c my_process.o
 .debug_info    0x0000c552     0x11cc network/skbuff.o
 .debug_info    0x0000d71e     0x1c35 network/socket.o
 .debug_info    0x0000f353     0x1ae1 network/ip_input.o
 .debug_info    0x00010e34     0x1f13 network/udp_sock.o
 .debug_info    0x00012d47     0x193f network/icmpv4.o
 .debug_info    0x00014686     0x1948 network/netdev.o
 .debug_info    0x00015fce     0x177b network/ip_output.o
 .debug_info    0x00017749     0x1e44 network/tcp.o
 .debug_info    0x0001958d     0x1390 network/route.o
 .debug_info    0x0001a91d     0x1896 network/sock.o
 .debug_info    0x0001c1b3     0x235f network/tcp_output.o
 .debug_info    0x0001e512     0x195f network/arp.o
 .debug_info    0x0001fe71     0x2235 network/tcp_sock.o
 .debug_info    0x000220a6     0x1d7c network/ipc.o
 .debug_info    0x00023e22     0x1a9a network/inet.o
 .debug_info    0x000258bc     0x1283 network/dst.o
 .debug_info    0x00026b3f     0x2147 network/tcp_input.o
 .debug_info    0x00028c86     0x1117 network/task_network.o
 .debug_info    0x00029d9d     0x1b44 network/udp.o
 .debug_info    0x0002b8e1     0x1dad network/tcp_data.o
 .debug_info    0x0002d68e      0x367 network/utils.o
 .debug_info    0x0002d9f5     0x1868 hd/hd.o
 .debug_info    0x0002f25d     0x1faa fs/fs_main.o
 .debug_info    0x00031207     0x100d mm/forkexit.o
 .debug_info    0x00032214     0x1249 mm/exec.o
 .debug_info    0x0003345d      0xe3b mm/main.o
 .debug_info    0x00034298     0x1dcd mem/mem.o
 .debug_info    0x00036065      0xfaf lib/exec.o
 .debug_info    0x00037014      0xe17 lib/fork.o
 .debug_info    0x00037e2b      0xe22 lib/exit.o
 .debug_info    0x00038c4d      0xf00 lib/unlink.o
 .debug_info    0x00039b4d      0xe30 lib/wait.o
 .debug_info    0x0003a97d     0x1043 lib/socket_close.o
 .debug_info    0x0003b9c0     0x114b lib/socket_read.o
 .debug_info    0x0003cb0b       0xb6 lib/alloca.o
 .debug_info    0x0003cbc1      0xf28 lib/calloc.o
 .debug_info    0x0003dae9       0x6b lib/floor.o
 .debug_info    0x0003db54     0x1150 lib/socket_write.o
 .debug_info    0x0003eca4      0xe17 lib/getpid.o
 .debug_info    0x0003fabb       0xc9 lib/stdlib/atoi.o
 .debug_info    0x0003fb84       0xd6 lib/stdlib/strtol.o
 .debug_info    0x0003fc5a       0xae lib/string/strtok.o
 .debug_info    0x0003fd08       0xc1 lib/string/strcmp.o
 .debug_info    0x0003fdc9      0x110 lib/string/strncmp.o
 .debug_info    0x0003fed9       0xcf lib/string/strpbrk.o
 .debug_info    0x0003ffa8      0xea1 lib/stdio/read.o
 .debug_info    0x00040e49       0x5c lib/stdio/perror.o
 .debug_info    0x00040ea5      0x202 lib/stdio/sscanf.o
 .debug_info    0x000410a7      0xe02 lib/stdio/open.o
 .debug_info    0x00041ea9      0xe9e lib/stdio/write.o
 .debug_info    0x00042d47      0xdb6 lib/stdio/close.o
 .debug_info    0x00043afd     0x1130 lib/sys/socket.o
 .debug_info    0x00044c2d     0x10dd lib/sys/connect.o
 .debug_info    0x00045d0a       0xa8 lib/arpa/ntohs.o
 .debug_info    0x00045db2       0xcb lib/arpa/htonl.o
 .debug_info    0x00045e7d       0xa8 lib/arpa/htons.o
 .debug_info    0x00045f25      0x260 lib/arpa/inet_pton.o
 .debug_info    0x00046185       0xcb lib/arpa/ntohl.o
 .debug_info    0x00046250      0x18a lib/arpa/inet_ntop.o

.debug_abbrev   0x00000000     0x8599
 *(.debug_abbrev)
 .debug_abbrev  0x00000000      0x216 double_link_list.o
 .debug_abbrev  0x00000216      0x157 global.o
 .debug_abbrev  0x0000036d      0x43a kernel_main_old.o
 .debug_abbrev  0x000007a7      0x25f kernel_main.o
 .debug_abbrev  0x00000a06      0x227 protect.o
 .debug_abbrev  0x00000c2d      0x2ac console.o
 .debug_abbrev  0x00000ed9      0x1e0 process.o
 .debug_abbrev  0x000010b9      0x1fb keyboard.o
 .debug_abbrev  0x000012b4      0x222 thread.o
 .debug_abbrev  0x000014d6      0x260 my_process.o
 .debug_abbrev  0x00001736      0x23f network/skbuff.o
 .debug_abbrev  0x00001975      0x327 network/socket.o
 .debug_abbrev  0x00001c9c      0x2d1 network/ip_input.o
 .debug_abbrev  0x00001f6d      0x3b1 network/udp_sock.o
 .debug_abbrev  0x0000231e      0x236 network/icmpv4.o
 .debug_abbrev  0x00002554      0x336 network/netdev.o
 .debug_abbrev  0x0000288a      0x213 network/ip_output.o
 .debug_abbrev  0x00002a9d      0x332 network/tcp.o
 .debug_abbrev  0x00002dcf      0x263 network/route.o
 .debug_abbrev  0x00003032      0x273 network/sock.o
 .debug_abbrev  0x000032a5      0x39b network/tcp_output.o
 .debug_abbrev  0x00003640      0x330 network/arp.o
 .debug_abbrev  0x00003970      0x3e6 network/tcp_sock.o
 .debug_abbrev  0x00003d56      0x311 network/ipc.o
 .debug_abbrev  0x00004067      0x24b network/inet.o
 .debug_abbrev  0x000042b2      0x23a network/dst.o
 .debug_abbrev  0x000044ec      0x355 network/tcp_input.o
 .debug_abbrev  0x00004841      0x1e7 network/task_network.o
 .debug_abbrev  0x00004a28      0x2d3 network/udp.o
 .debug_abbrev  0x00004cfb      0x2a6 network/tcp_data.o
 .debug_abbrev  0x00004fa1      0x17a network/utils.o
 .debug_abbrev  0x0000511b      0x2e3 hd/hd.o
 .debug_abbrev  0x000053fe      0x2f8 fs/fs_main.o
 .debug_abbrev  0x000056f6      0x204 mm/forkexit.o
 .debug_abbrev  0x000058fa      0x1c4 mm/exec.o
 .debug_abbrev  0x00005abe      0x208 mm/main.o
 .debug_abbrev  0x00005cc6      0x330 mem/mem.o
 .debug_abbrev  0x00005ff6      0x1e8 lib/exec.o
 .debug_abbrev  0x000061de      0x18a lib/fork.o
 .debug_abbrev  0x00006368      0x19b lib/exit.o
 .debug_abbrev  0x00006503      0x193 lib/unlink.o
 .debug_abbrev  0x00006696      0x19f lib/wait.o
 .debug_abbrev  0x00006835      0x1b0 lib/socket_close.o
 .debug_abbrev  0x000069e5      0x1dd lib/socket_read.o
 .debug_abbrev  0x00006bc2       0xcd lib/alloca.o
 .debug_abbrev  0x00006c8f      0x191 lib/calloc.o
 .debug_abbrev  0x00006e20       0x6a lib/floor.o
 .debug_abbrev  0x00006e8a      0x1db lib/socket_write.o
 .debug_abbrev  0x00007065      0x18a lib/getpid.o
 .debug_abbrev  0x000071ef       0x94 lib/stdlib/atoi.o
 .debug_abbrev  0x00007283       0x8b lib/stdlib/strtol.o
 .debug_abbrev  0x0000730e       0x91 lib/string/strtok.o
 .debug_abbrev  0x0000739f       0x94 lib/string/strcmp.o
 .debug_abbrev  0x00007433       0xbe lib/string/strncmp.o
 .debug_abbrev  0x000074f1       0xa5 lib/string/strpbrk.o
 .debug_abbrev  0x00007596      0x1ef lib/stdio/read.o
 .debug_abbrev  0x00007785       0x5c lib/stdio/perror.o
 .debug_abbrev  0x000077e1       0xca lib/stdio/sscanf.o
 .debug_abbrev  0x000078ab      0x1c5 lib/stdio/open.o
 .debug_abbrev  0x00007a70      0x1db lib/stdio/write.o
 .debug_abbrev  0x00007c4b      0x19d lib/stdio/close.o
 .debug_abbrev  0x00007de8      0x1cc lib/sys/socket.o
 .debug_abbrev  0x00007fb4      0x1b7 lib/sys/connect.o
 .debug_abbrev  0x0000816b       0x6c lib/arpa/ntohs.o
 .debug_abbrev  0x000081d7       0xa5 lib/arpa/htonl.o
 .debug_abbrev  0x0000827c       0x6c lib/arpa/htons.o
 .debug_abbrev  0x000082e8      0x116 lib/arpa/inet_pton.o
 .debug_abbrev  0x000083fe       0xa5 lib/arpa/ntohl.o
 .debug_abbrev  0x000084a3       0xf6 lib/arpa/inet_ntop.o

.debug_line     0x00000000     0xaa55
 *(.debug_line .debug_line.* .debug_line_end)
 .debug_line    0x00000000      0x235 double_link_list.o
 .debug_line    0x00000235       0xb3 global.o
 .debug_line    0x000002e8      0xe5a kernel_main_old.o
 .debug_line    0x00001142      0x233 kernel_main.o
 .debug_line    0x00001375      0x21d protect.o
 .debug_line    0x00001592      0x56c console.o
 .debug_line    0x00001afe      0x1d8 process.o
 .debug_line    0x00001cd6      0x2b4 keyboard.o
 .debug_line    0x00001f8a      0x163 thread.o
 .debug_line    0x000020ed      0x359 my_process.o
 .debug_line    0x00002446      0x1ab network/skbuff.o
 .debug_line    0x000025f1      0x3c8 network/socket.o
 .debug_line    0x000029b9      0x28e network/ip_input.o
 .debug_line    0x00002c47      0x4c8 network/udp_sock.o
 .debug_line    0x0000310f      0x232 network/icmpv4.o
 .debug_line    0x00003341      0x4ae network/netdev.o
 .debug_line    0x000037ef      0x213 network/ip_output.o
 .debug_line    0x00003a02      0x30d network/tcp.o
 .debug_line    0x00003d0f      0x2a9 network/route.o
 .debug_line    0x00003fb8      0x238 network/sock.o
 .debug_line    0x000041f0      0x5a1 network/tcp_output.o
 .debug_line    0x00004791      0x54b network/arp.o
 .debug_line    0x00004cdc      0x59a network/tcp_sock.o
 .debug_line    0x00005276      0x60d network/ipc.o
 .debug_line    0x00005883      0x326 network/inet.o
 .debug_line    0x00005ba9      0x1c3 network/dst.o
 .debug_line    0x00005d6c      0x671 network/tcp_input.o
 .debug_line    0x000063dd      0x1ef network/task_network.o
 .debug_line    0x000065cc      0x302 network/udp.o
 .debug_line    0x000068ce      0x3ff network/tcp_data.o
 .debug_line    0x00006ccd      0x13c network/utils.o
 .debug_line    0x00006e09      0x64d hd/hd.o
 .debug_line    0x00007456      0xc43 fs/fs_main.o
 .debug_line    0x00008099      0x192 mm/forkexit.o
 .debug_line    0x0000822b      0x22a mm/exec.o
 .debug_line    0x00008455      0x10a mm/main.o
 .debug_line    0x0000855f      0x78e mem/mem.o
 .debug_line    0x00008ced      0x1a9 lib/exec.o
 .debug_line    0x00008e96       0xc3 lib/fork.o
 .debug_line    0x00008f59       0xbe lib/exit.o
 .debug_line    0x00009017       0xde lib/unlink.o
 .debug_line    0x000090f5       0xd5 lib/wait.o
 .debug_line    0x000091ca      0x151 lib/socket_close.o
 .debug_line    0x0000931b      0x192 lib/socket_read.o
 .debug_line    0x000094ad       0x5f lib/alloca.o
 .debug_line    0x0000950c       0xf9 lib/calloc.o
 .debug_line    0x00009605       0x5a lib/floor.o
 .debug_line    0x0000965f      0x195 lib/socket_write.o
 .debug_line    0x000097f4       0xbe lib/getpid.o
 .debug_line    0x000098b2       0xad lib/stdlib/atoi.o
 .debug_line    0x0000995f       0xbb lib/stdlib/strtol.o
 .debug_line    0x00009a1a       0x6e lib/string/strtok.o
 .debug_line    0x00009a88       0x9c lib/string/strcmp.o
 .debug_line    0x00009b24       0xcc lib/string/strncmp.o
 .debug_line    0x00009bf0       0xb0 lib/string/strpbrk.o
 .debug_line    0x00009ca0      0x15b lib/stdio/read.o
 .debug_line    0x00009dfb       0x48 lib/stdio/perror.o
 .debug_line    0x00009e43      0x220 lib/stdio/sscanf.o
 .debug_line    0x0000a063       0xc3 lib/stdio/open.o
 .debug_line    0x0000a126       0xe0 lib/stdio/write.o
 .debug_line    0x0000a206       0xb3 lib/stdio/close.o
 .debug_line    0x0000a2b9      0x194 lib/sys/socket.o
 .debug_line    0x0000a44d      0x170 lib/sys/connect.o
 .debug_line    0x0000a5bd       0x6c lib/arpa/ntohs.o
 .debug_line    0x0000a629       0xc1 lib/arpa/htonl.o
 .debug_line    0x0000a6ea       0x6c lib/arpa/htons.o
 .debug_line    0x0000a756      0x167 lib/arpa/inet_pton.o
 .debug_line    0x0000a8bd       0xc1 lib/arpa/ntohl.o
 .debug_line    0x0000a97e       0xd7 lib/arpa/inet_ntop.o

.debug_frame
 *(.debug_frame)

.debug_str      0x00000000     0x38c0
 *(.debug_str)
 .debug_str     0x00000000     0x38c0 double_link_list.o
                                0x6fa (size before relaxing)
 .debug_str     0x000038c0      0x628 global.o
 .debug_str     0x000038c0      0xba3 kernel_main_old.o
 .debug_str     0x000038c0      0x771 kernel_main.o
 .debug_str     0x000038c0      0x783 protect.o
 .debug_str     0x000038c0      0x777 console.o
 .debug_str     0x000038c0      0x662 process.o
 .debug_str     0x000038c0      0x6b4 keyboard.o
 .debug_str     0x000038c0      0x72f thread.o
 .debug_str     0x000038c0      0x916 my_process.o
 .debug_str     0x000038c0      0x71a network/skbuff.o
 .debug_str     0x000038c0      0x946 network/socket.o
 .debug_str     0x000038c0      0x9a2 network/ip_input.o
 .debug_str     0x000038c0      0xa78 network/udp_sock.o
 .debug_str     0x000038c0      0x921 network/icmpv4.o
 .debug_str     0x000038c0      0x92f network/netdev.o
 .debug_str     0x000038c0      0x85d network/ip_output.o
 .debug_str     0x000038c0      0xb34 network/tcp.o
 .debug_str     0x000038c0      0x7ce network/route.o
 .debug_str     0x000038c0      0x8bd network/sock.o
 .debug_str     0x000038c0      0xc24 network/tcp_output.o
 .debug_str     0x000038c0      0x90e network/arp.o
 .debug_str     0x000038c0      0xcc7 network/tcp_sock.o
 .debug_str     0x000038c0      0x935 network/ipc.o
 .debug_str     0x000038c0      0x905 network/inet.o
 .debug_str     0x000038c0      0x735 network/dst.o
 .debug_str     0x000038c0      0xb94 network/tcp_input.o
 .debug_str     0x000038c0      0x6d7 network/task_network.o
 .debug_str     0x000038c0      0x954 network/udp.o
 .debug_str     0x000038c0      0xa50 network/tcp_data.o
 .debug_str     0x000038c0      0x1b8 network/utils.o
 .debug_str     0x000038c0      0x931 hd/hd.o
 .debug_str     0x000038c0      0xb12 fs/fs_main.o
 .debug_str     0x000038c0      0x62f mm/forkexit.o
 .debug_str     0x000038c0      0x885 mm/exec.o
 .debug_str     0x000038c0      0x5b0 mm/main.o
 .debug_str     0x000038c0      0xad6 mem/mem.o
 .debug_str     0x000038c0      0x644 lib/exec.o
 .debug_str     0x000038c0      0x5b6 lib/fork.o
 .debug_str     0x000038c0      0x5bd lib/exit.o
 .debug_str     0x000038c0      0x63c lib/unlink.o
 .debug_str     0x000038c0      0x5bd lib/wait.o
 .debug_str     0x000038c0      0x6db lib/socket_close.o
 .debug_str     0x000038c0      0x752 lib/socket_read.o
 .debug_str     0x000038c0       0xce lib/alloca.o
 .debug_str     0x000038c0      0x649 lib/calloc.o
 .debug_str     0x000038c0       0xa2 lib/floor.o
 .debug_str     0x000038c0      0x755 lib/socket_write.o
 .debug_str     0x000038c0      0x5ba lib/getpid.o
 .debug_str     0x000038c0       0xad lib/stdlib/atoi.o
 .debug_str     0x000038c0       0xc6 lib/stdlib/strtol.o
 .debug_str     0x000038c0       0xb9 lib/string/strtok.o
 .debug_str     0x000038c0       0xb1 lib/string/strcmp.o
 .debug_str     0x000038c0       0xba lib/string/strncmp.o
 .debug_str     0x000038c0       0xc1 lib/string/strpbrk.o
 .debug_str     0x000038c0      0x617 lib/stdio/read.o
 .debug_str     0x000038c0       0x99 lib/stdio/perror.o
 .debug_str     0x000038c0      0x109 lib/stdio/sscanf.o
 .debug_str     0x000038c0      0x5de lib/stdio/open.o
 .debug_str     0x000038c0      0x5f3 lib/stdio/write.o
 .debug_str     0x000038c0      0x5a6 lib/stdio/close.o
 .debug_str     0x000038c0      0x72b lib/sys/socket.o
 .debug_str     0x000038c0      0x735 lib/sys/connect.o
 .debug_str     0x000038c0      0x101 lib/arpa/ntohs.o
 .debug_str     0x000038c0       0xf4 lib/arpa/htonl.o
 .debug_str     0x000038c0      0x102 lib/arpa/htons.o
 .debug_str     0x000038c0      0x14c lib/arpa/inet_pton.o
 .debug_str     0x000038c0       0xf3 lib/arpa/ntohl.o
 .debug_str     0x000038c0      0x10f lib/arpa/inet_ntop.o

.debug_loc
 *(.debug_loc)

.debug_macinfo
 *(.debug_macinfo)

.debug_weaknames
 *(.debug_weaknames)

.debug_funcnames
 *(.debug_funcnames)

.debug_typenames
 *(.debug_typenames)

.debug_varnames
 *(.debug_varnames)

.debug_pubtypes
 *(.debug_pubtypes)

.debug_ranges   0x00000000       0x90
 *(.debug_ranges)
 .debug_ranges  0x00000000       0x30 kernel_main_old.o
 .debug_ranges  0x00000030       0x48 hd/hd.o
 .debug_ranges  0x00000078       0x18 mm/exec.o

.debug_addr
 *(.debug_addr)

.debug_line_str
 *(.debug_line_str)

.debug_loclists
 *(.debug_loclists)

.debug_macro
 *(.debug_macro)

.debug_names
 *(.debug_names)

.debug_rnglists
 *(.debug_rnglists)

.debug_str_offsets
 *(.debug_str_offsets)

.debug_sup
 *(.debug_sup)

.gnu.attributes
 *(.gnu.attributes)

/DISCARD/
 *(.note.GNU-stack)
 *(.gnu_debuglink)
 *(.gnu.lto_*)
OUTPUT(kernel.bin elf32-i386)
