
Merging program properties

Removed property 0xc0010001 to merge double_link_list.o (0x1) and kernel/kernel_sub.o (not found)
Removed property 0xc0010002 to merge double_link_list.o (0x0) and kernel/kernel_sub.o (not found)
Removed property 0xc0010001 to merge double_link_list.o (not found) and global.o (0x1)
Removed property 0xc0010002 to merge double_link_list.o (not found) and global.o (0x0)
Removed property 0xc0010001 to merge double_link_list.o (not found) and kernel_main.o (0x1)
Removed property 0xc0010002 to merge double_link_list.o (not found) and kernel_main.o (0x0)
Removed property 0xc0010001 to merge double_link_list.o (not found) and console.o (0x1)
Removed property 0xc0010002 to merge double_link_list.o (not found) and console.o (0x1)
Removed property 0xc0010001 to merge double_link_list.o (not found) and protect.o (0x1)
Removed property 0xc0010002 to merge double_link_list.o (not found) and protect.o (0x0)
Removed property 0xc0010001 to merge double_link_list.o (not found) and kernel_main_old.o (0x1)
Removed property 0xc0010002 to merge double_link_list.o (not found) and kernel_main_old.o (0x1)
Removed property 0xc0010001 to merge double_link_list.o (not found) and keyboard.o (0x1)
Removed property 0xc0010002 to merge double_link_list.o (not found) and keyboard.o (0x0)
Removed property 0xc0010001 to merge double_link_list.o (not found) and process.o (0x1)
Removed property 0xc0010002 to merge double_link_list.o (not found) and process.o (0x0)
Removed property 0xc0010001 to merge double_link_list.o (not found) and thread.o (0x1)
Removed property 0xc0010002 to merge double_link_list.o (not found) and thread.o (0x0)
Removed property 0xc0010001 to merge double_link_list.o (not found) and my_process.o (0x1)
Removed property 0xc0010002 to merge double_link_list.o (not found) and my_process.o (0x1)
Removed property 0xc0010001 to merge double_link_list.o (not found) and network/socket.o (0x1)
Removed property 0xc0010002 to merge double_link_list.o (not found) and network/socket.o (0x0)
Removed property 0xc0010001 to merge double_link_list.o (not found) and network/ip_input.o (0x1)
Removed property 0xc0010002 to merge double_link_list.o (not found) and network/ip_input.o (0x0)
Removed property 0xc0010001 to merge double_link_list.o (not found) and network/udp_sock.o (0x1)
Removed property 0xc0010002 to merge double_link_list.o (not found) and network/udp_sock.o (0x0)
Removed property 0xc0010001 to merge double_link_list.o (not found) and network/dst.o (0x1)
Removed property 0xc0010002 to merge double_link_list.o (not found) and network/dst.o (0x0)
Removed property 0xc0010001 to merge double_link_list.o (not found) and network/inet.o (0x1)
Removed property 0xc0010002 to merge double_link_list.o (not found) and network/inet.o (0x0)
Removed property 0xc0010001 to merge double_link_list.o (not found) and network/ip_output.o (0x1)
Removed property 0xc0010002 to merge double_link_list.o (not found) and network/ip_output.o (0x0)
Removed property 0xc0010001 to merge double_link_list.o (not found) and network/tcp.o (0x1)
Removed property 0xc0010002 to merge double_link_list.o (not found) and network/tcp.o (0x0)
Removed property 0xc0010001 to merge double_link_list.o (not found) and network/sock.o (0x1)
Removed property 0xc0010002 to merge double_link_list.o (not found) and network/sock.o (0x0)
Removed property 0xc0010001 to merge double_link_list.o (not found) and network/tcp_output.o (0x1)
Removed property 0xc0010002 to merge double_link_list.o (not found) and network/tcp_output.o (0x1)
Removed property 0xc0010001 to merge double_link_list.o (not found) and network/arp.o (0x1)
Removed property 0xc0010002 to merge double_link_list.o (not found) and network/arp.o (0x0)
Removed property 0xc0010001 to merge double_link_list.o (not found) and network/tcp_sock.o (0x1)
Removed property 0xc0010002 to merge double_link_list.o (not found) and network/tcp_sock.o (0x0)
Removed property 0xc0010001 to merge double_link_list.o (not found) and network/ipc.o (0x1)
Removed property 0xc0010002 to merge double_link_list.o (not found) and network/ipc.o (0x1)
Removed property 0xc0010001 to merge double_link_list.o (not found) and network/icmpv4.o (0x1)
Removed property 0xc0010002 to merge double_link_list.o (not found) and network/icmpv4.o (0x0)
Removed property 0xc0010001 to merge double_link_list.o (not found) and network/skbuff.o (0x1)
Removed property 0xc0010002 to merge double_link_list.o (not found) and network/skbuff.o (0x0)
Removed property 0xc0010001 to merge double_link_list.o (not found) and network/netdev.o (0x1)
Removed property 0xc0010002 to merge double_link_list.o (not found) and network/netdev.o (0x0)
Removed property 0xc0010001 to merge double_link_list.o (not found) and network/tcp_input.o (0x1)
Removed property 0xc0010002 to merge double_link_list.o (not found) and network/tcp_input.o (0x0)
Removed property 0xc0010001 to merge double_link_list.o (not found) and network/task_network.o (0x1)
Removed property 0xc0010002 to merge double_link_list.o (not found) and network/task_network.o (0x0)
Removed property 0xc0010001 to merge double_link_list.o (not found) and network/route.o (0x1)
Removed property 0xc0010002 to merge double_link_list.o (not found) and network/route.o (0x0)
Removed property 0xc0010001 to merge double_link_list.o (not found) and network/udp.o (0x1)
Removed property 0xc0010002 to merge double_link_list.o (not found) and network/udp.o (0x1)
Removed property 0xc0010001 to merge double_link_list.o (not found) and network/tcp_data.o (0x1)
Removed property 0xc0010002 to merge double_link_list.o (not found) and network/tcp_data.o (0x0)
Removed property 0xc0010001 to merge double_link_list.o (not found) and network/utils.o (0x1)
Removed property 0xc0010002 to merge double_link_list.o (not found) and network/utils.o (0x0)
Removed property 0xc0010001 to merge double_link_list.o (not found) and hd/hd.o (0x1)
Removed property 0xc0010002 to merge double_link_list.o (not found) and hd/hd.o (0x1)
Removed property 0xc0010001 to merge double_link_list.o (not found) and fs/fs_main.o (0x1)
Removed property 0xc0010002 to merge double_link_list.o (not found) and fs/fs_main.o (0x1)
Removed property 0xc0010001 to merge double_link_list.o (not found) and mm/forkexit.o (0x1)
Removed property 0xc0010002 to merge double_link_list.o (not found) and mm/forkexit.o (0x0)
Removed property 0xc0010001 to merge double_link_list.o (not found) and mm/exec.o (0x1)
Removed property 0xc0010002 to merge double_link_list.o (not found) and mm/exec.o (0x0)
Removed property 0xc0010001 to merge double_link_list.o (not found) and mm/main.o (0x1)
Removed property 0xc0010002 to merge double_link_list.o (not found) and mm/main.o (0x0)
Removed property 0xc0010001 to merge double_link_list.o (not found) and mem/mem.o (0x1)
Removed property 0xc0010002 to merge double_link_list.o (not found) and mem/mem.o (0x1)
Removed property 0xc0010001 to merge double_link_list.o (not found) and lib/floor.o (0xb)
Removed property 0xc0010002 to merge double_link_list.o (not found) and lib/floor.o (0x1)
Removed property 0xc0010001 to merge double_link_list.o (not found) and lib/exec.o (0x1)
Removed property 0xc0010002 to merge double_link_list.o (not found) and lib/exec.o (0x0)
Removed property 0xc0010001 to merge double_link_list.o (not found) and lib/exit.o (0x1)
Removed property 0xc0010002 to merge double_link_list.o (not found) and lib/exit.o (0x0)
Removed property 0xc0010001 to merge double_link_list.o (not found) and lib/unlink.o (0x1)
Removed property 0xc0010002 to merge double_link_list.o (not found) and lib/unlink.o (0x0)
Removed property 0xc0010001 to merge double_link_list.o (not found) and lib/wait.o (0x1)
Removed property 0xc0010002 to merge double_link_list.o (not found) and lib/wait.o (0x0)
Removed property 0xc0010001 to merge double_link_list.o (not found) and lib/calloc.o (0x1)
Removed property 0xc0010002 to merge double_link_list.o (not found) and lib/calloc.o (0x0)
Removed property 0xc0010001 to merge double_link_list.o (not found) and lib/alloca.o (0xb)
Removed property 0xc0010002 to merge double_link_list.o (not found) and lib/alloca.o (0x1)
Removed property 0xc0010001 to merge double_link_list.o (not found) and lib/fork.o (0x1)
Removed property 0xc0010002 to merge double_link_list.o (not found) and lib/fork.o (0x0)
Removed property 0xc0010001 to merge double_link_list.o (not found) and lib/getpid.o (0x1)
Removed property 0xc0010002 to merge double_link_list.o (not found) and lib/getpid.o (0x0)
Removed property 0xc0010001 to merge double_link_list.o (not found) and lib/string/strtok.o (0x1)
Removed property 0xc0010002 to merge double_link_list.o (not found) and lib/string/strtok.o (0x0)
Removed property 0xc0010001 to merge double_link_list.o (not found) and lib/string/strcmp.o (0x1)
Removed property 0xc0010002 to merge double_link_list.o (not found) and lib/string/strcmp.o (0x1)
Removed property 0xc0010001 to merge double_link_list.o (not found) and lib/string/strncmp.o (0x1)
Removed property 0xc0010002 to merge double_link_list.o (not found) and lib/string/strncmp.o (0x0)
Removed property 0xc0010001 to merge double_link_list.o (not found) and lib/string/strpbrk.o (0x1)
Removed property 0xc0010002 to merge double_link_list.o (not found) and lib/string/strpbrk.o (0x0)
Removed property 0xc0010001 to merge double_link_list.o (not found) and lib/stdio/read.o (0x1)
Removed property 0xc0010002 to merge double_link_list.o (not found) and lib/stdio/read.o (0x0)
Removed property 0xc0010001 to merge double_link_list.o (not found) and lib/stdio/perror.o (0x1)
Removed property 0xc0010002 to merge double_link_list.o (not found) and lib/stdio/perror.o (0x0)
Removed property 0xc0010001 to merge double_link_list.o (not found) and lib/stdio/sscanf.o (0x1)
Removed property 0xc0010002 to merge double_link_list.o (not found) and lib/stdio/sscanf.o (0x0)
Removed property 0xc0010001 to merge double_link_list.o (not found) and lib/stdio/open.o (0x1)
Removed property 0xc0010002 to merge double_link_list.o (not found) and lib/stdio/open.o (0x0)
Removed property 0xc0010001 to merge double_link_list.o (not found) and lib/stdio/write.o (0x1)
Removed property 0xc0010002 to merge double_link_list.o (not found) and lib/stdio/write.o (0x0)
Removed property 0xc0010001 to merge double_link_list.o (not found) and lib/stdio/close.o (0x1)
Removed property 0xc0010002 to merge double_link_list.o (not found) and lib/stdio/close.o (0x0)
Removed property 0xc0010001 to merge double_link_list.o (not found) and lib/arpa/ntohs.o (0x1)
Removed property 0xc0010002 to merge double_link_list.o (not found) and lib/arpa/ntohs.o (0x0)
Removed property 0xc0010001 to merge double_link_list.o (not found) and lib/arpa/htonl.o (0x1)
Removed property 0xc0010002 to merge double_link_list.o (not found) and lib/arpa/htonl.o (0x0)
Removed property 0xc0010001 to merge double_link_list.o (not found) and lib/arpa/htons.o (0x1)
Removed property 0xc0010002 to merge double_link_list.o (not found) and lib/arpa/htons.o (0x0)
Removed property 0xc0010001 to merge double_link_list.o (not found) and lib/arpa/inet_pton.o (0x1)
Removed property 0xc0010002 to merge double_link_list.o (not found) and lib/arpa/inet_pton.o (0x0)
Removed property 0xc0010001 to merge double_link_list.o (not found) and lib/arpa/ntohl.o (0x1)
Removed property 0xc0010002 to merge double_link_list.o (not found) and lib/arpa/ntohl.o (0x0)
Removed property 0xc0010001 to merge double_link_list.o (not found) and lib/arpa/inet_ntop.o (0x1)
Removed property 0xc0010002 to merge double_link_list.o (not found) and lib/arpa/inet_ntop.o (0x0)

Allocating common symbols
Common symbol       size              file

current_tty         0x4               double_link_list.o
file_desc_table     0x400             fs/fs_main.o
is_e0               0x1               double_link_list.o
phy_super_block_buf
                    0x4               fs/fs_main.o
phy_fsbuf           0x4               fs/fs_main.o
idt_ptr             0x6               double_link_list.o
pid                 0x4               double_link_list.o
KernelVirtualMemory
                    0xc               double_link_list.o
inode_table         0xa00             fs/fs_main.o
loop                0x4               network/netdev.o
current_dis_pos     0x4               double_link_list.o
dis_pos             0x4               double_link_list.o
netdev              0x4               network/netdev.o
k_reenter           0x4               double_link_list.o
super_block_buf     0x4               fs/fs_main.o
gdt                 0x400             double_link_list.o
proc_ready_table    0x4               double_link_list.o
test_ticks          0x4               double_link_list.o
hd_info             0x224             hd/hd.o
proc_stack          0x90000           global.o
pcaller             0x4               double_link_list.o
keyboard_buffer     0x20c             double_link_list.o
pcb_list            0x10              double_link_list.o
gdt_index           0x4               double_link_list.o
tty_table           0x828             double_link_list.o
tss                 0x6c              double_link_list.o
KernelPool          0x10              double_link_list.o
net_buf             0x4               double_link_list.o
fsbuf               0x4               fs/fs_main.o
nic_current_page    0x1               double_link_list.o
root                0x28              fs/fs_main.o
kernel_mem_block_decs_array
                    0xf0              mem/mem.o
counter             0x4               double_link_list.o
key_pressed         0x4               double_link_list.o
fork_pid            0x4               double_link_list.o
is_shift            0x1               double_link_list.o
net_data            0x1               double_link_list.o
gdt_ptr             0x6               double_link_list.o
idt                 0x800             double_link_list.o
main_thread         0x4               double_link_list.o
ticks               0x8               double_link_list.o
is_init             0x1               double_link_list.o
UserPool            0x10              double_link_list.o
all_pcb_list        0x10              double_link_list.o
console_table       0x10              double_link_list.o
is_disp             0x1               double_link_list.o
MAIN_THREAD_PAGE_DIRECTORY
                    0x4               double_link_list.o
helloStr            0xc               double_link_list.o
proc_table          0x1e14            global.o
hd_cache            0x200             hd/hd.o

Discarded input sections

 .note.GNU-stack
                0x00000000        0x0 double_link_list.o
 .note.gnu.property
                0x00000000       0x28 double_link_list.o
 .note.GNU-stack
                0x00000000        0x0 global.o
 .note.gnu.property
                0x00000000       0x28 global.o
 .note.GNU-stack
                0x00000000        0x0 kernel_main.o
 .note.gnu.property
                0x00000000       0x28 kernel_main.o
 .note.GNU-stack
                0x00000000        0x0 console.o
 .note.gnu.property
                0x00000000       0x28 console.o
 .note.GNU-stack
                0x00000000        0x0 protect.o
 .note.gnu.property
                0x00000000       0x28 protect.o
 .note.GNU-stack
                0x00000000        0x0 kernel_main_old.o
 .note.gnu.property
                0x00000000       0x28 kernel_main_old.o
 .note.GNU-stack
                0x00000000        0x0 keyboard.o
 .note.gnu.property
                0x00000000       0x28 keyboard.o
 .note.GNU-stack
                0x00000000        0x0 process.o
 .note.gnu.property
                0x00000000       0x28 process.o
 .note.GNU-stack
                0x00000000        0x0 thread.o
 .note.gnu.property
                0x00000000       0x28 thread.o
 .note.GNU-stack
                0x00000000        0x0 my_process.o
 .note.gnu.property
                0x00000000       0x28 my_process.o
 .note.GNU-stack
                0x00000000        0x0 network/socket.o
 .note.gnu.property
                0x00000000       0x28 network/socket.o
 .note.GNU-stack
                0x00000000        0x0 network/ip_input.o
 .note.gnu.property
                0x00000000       0x28 network/ip_input.o
 .note.GNU-stack
                0x00000000        0x0 network/udp_sock.o
 .note.gnu.property
                0x00000000       0x28 network/udp_sock.o
 .note.GNU-stack
                0x00000000        0x0 network/dst.o
 .note.gnu.property
                0x00000000       0x28 network/dst.o
 .note.GNU-stack
                0x00000000        0x0 network/inet.o
 .note.gnu.property
                0x00000000       0x28 network/inet.o
 .note.GNU-stack
                0x00000000        0x0 network/ip_output.o
 .note.gnu.property
                0x00000000       0x28 network/ip_output.o
 .note.GNU-stack
                0x00000000        0x0 network/tcp.o
 .note.gnu.property
                0x00000000       0x28 network/tcp.o
 .note.GNU-stack
                0x00000000        0x0 network/sock.o
 .note.gnu.property
                0x00000000       0x28 network/sock.o
 .note.GNU-stack
                0x00000000        0x0 network/tcp_output.o
 .note.gnu.property
                0x00000000       0x28 network/tcp_output.o
 .note.GNU-stack
                0x00000000        0x0 network/arp.o
 .note.gnu.property
                0x00000000       0x28 network/arp.o
 .note.GNU-stack
                0x00000000        0x0 network/tcp_sock.o
 .note.gnu.property
                0x00000000       0x28 network/tcp_sock.o
 .note.GNU-stack
                0x00000000        0x0 network/ipc.o
 .note.gnu.property
                0x00000000       0x28 network/ipc.o
 .note.GNU-stack
                0x00000000        0x0 network/icmpv4.o
 .note.gnu.property
                0x00000000       0x28 network/icmpv4.o
 .note.GNU-stack
                0x00000000        0x0 network/skbuff.o
 .note.gnu.property
                0x00000000       0x28 network/skbuff.o
 .note.GNU-stack
                0x00000000        0x0 network/netdev.o
 .note.gnu.property
                0x00000000       0x28 network/netdev.o
 .note.GNU-stack
                0x00000000        0x0 network/tcp_input.o
 .note.gnu.property
                0x00000000       0x28 network/tcp_input.o
 .note.GNU-stack
                0x00000000        0x0 network/task_network.o
 .note.gnu.property
                0x00000000       0x28 network/task_network.o
 .note.GNU-stack
                0x00000000        0x0 network/route.o
 .note.gnu.property
                0x00000000       0x28 network/route.o
 .note.GNU-stack
                0x00000000        0x0 network/udp.o
 .note.gnu.property
                0x00000000       0x28 network/udp.o
 .note.GNU-stack
                0x00000000        0x0 network/tcp_data.o
 .note.gnu.property
                0x00000000       0x28 network/tcp_data.o
 .note.GNU-stack
                0x00000000        0x0 network/utils.o
 .note.gnu.property
                0x00000000       0x28 network/utils.o
 .note.GNU-stack
                0x00000000        0x0 hd/hd.o
 .note.gnu.property
                0x00000000       0x28 hd/hd.o
 .note.GNU-stack
                0x00000000        0x0 fs/fs_main.o
 .note.gnu.property
                0x00000000       0x28 fs/fs_main.o
 .note.GNU-stack
                0x00000000        0x0 mm/forkexit.o
 .note.gnu.property
                0x00000000       0x28 mm/forkexit.o
 .note.GNU-stack
                0x00000000        0x0 mm/exec.o
 .note.gnu.property
                0x00000000       0x28 mm/exec.o
 .note.GNU-stack
                0x00000000        0x0 mm/main.o
 .note.gnu.property
                0x00000000       0x28 mm/main.o
 .note.GNU-stack
                0x00000000        0x0 mem/mem.o
 .note.gnu.property
                0x00000000       0x28 mem/mem.o
 .note.GNU-stack
                0x00000000        0x0 lib/floor.o
 .note.gnu.property
                0x00000000       0x28 lib/floor.o
 .note.GNU-stack
                0x00000000        0x0 lib/exec.o
 .note.gnu.property
                0x00000000       0x28 lib/exec.o
 .note.GNU-stack
                0x00000000        0x0 lib/exit.o
 .note.gnu.property
                0x00000000       0x28 lib/exit.o
 .note.GNU-stack
                0x00000000        0x0 lib/unlink.o
 .note.gnu.property
                0x00000000       0x28 lib/unlink.o
 .note.GNU-stack
                0x00000000        0x0 lib/wait.o
 .note.gnu.property
                0x00000000       0x28 lib/wait.o
 .note.GNU-stack
                0x00000000        0x0 lib/calloc.o
 .note.gnu.property
                0x00000000       0x28 lib/calloc.o
 .note.GNU-stack
                0x00000000        0x0 lib/alloca.o
 .note.gnu.property
                0x00000000       0x28 lib/alloca.o
 .note.GNU-stack
                0x00000000        0x0 lib/fork.o
 .note.gnu.property
                0x00000000       0x28 lib/fork.o
 .note.GNU-stack
                0x00000000        0x0 lib/getpid.o
 .note.gnu.property
                0x00000000       0x28 lib/getpid.o
 .note.GNU-stack
                0x00000000        0x0 lib/string/strtok.o
 .note.gnu.property
                0x00000000       0x28 lib/string/strtok.o
 .note.GNU-stack
                0x00000000        0x0 lib/string/strcmp.o
 .note.gnu.property
                0x00000000       0x28 lib/string/strcmp.o
 .note.GNU-stack
                0x00000000        0x0 lib/string/strncmp.o
 .note.gnu.property
                0x00000000       0x28 lib/string/strncmp.o
 .note.GNU-stack
                0x00000000        0x0 lib/string/strpbrk.o
 .note.gnu.property
                0x00000000       0x28 lib/string/strpbrk.o
 .note.GNU-stack
                0x00000000        0x0 lib/stdio/read.o
 .note.gnu.property
                0x00000000       0x28 lib/stdio/read.o
 .note.GNU-stack
                0x00000000        0x0 lib/stdio/perror.o
 .note.gnu.property
                0x00000000       0x28 lib/stdio/perror.o
 .note.GNU-stack
                0x00000000        0x0 lib/stdio/sscanf.o
 .note.gnu.property
                0x00000000       0x28 lib/stdio/sscanf.o
 .note.GNU-stack
                0x00000000        0x0 lib/stdio/open.o
 .note.gnu.property
                0x00000000       0x28 lib/stdio/open.o
 .note.GNU-stack
                0x00000000        0x0 lib/stdio/write.o
 .note.gnu.property
                0x00000000       0x28 lib/stdio/write.o
 .note.GNU-stack
                0x00000000        0x0 lib/stdio/close.o
 .note.gnu.property
                0x00000000       0x28 lib/stdio/close.o
 .note.GNU-stack
                0x00000000        0x0 lib/arpa/ntohs.o
 .note.gnu.property
                0x00000000       0x28 lib/arpa/ntohs.o
 .note.GNU-stack
                0x00000000        0x0 lib/arpa/htonl.o
 .note.gnu.property
                0x00000000       0x28 lib/arpa/htonl.o
 .note.GNU-stack
                0x00000000        0x0 lib/arpa/htons.o
 .note.gnu.property
                0x00000000       0x28 lib/arpa/htons.o
 .note.GNU-stack
                0x00000000        0x0 lib/arpa/inet_pton.o
 .note.gnu.property
                0x00000000       0x28 lib/arpa/inet_pton.o
 .note.GNU-stack
                0x00000000        0x0 lib/arpa/ntohl.o
 .note.gnu.property
                0x00000000       0x28 lib/arpa/ntohl.o
 .note.GNU-stack
                0x00000000        0x0 lib/arpa/inet_ntop.o
 .note.gnu.property
                0x00000000       0x28 lib/arpa/inet_ntop.o

Memory Configuration

Name             Origin             Length             Attributes
*default*        0x00000000         0xffffffff

Linker script and memory map

Address of section .text set to 0xc0600000
LOAD kernel/kernel_sub.o
LOAD kernel/kernel.o
LOAD switch_to.o
LOAD string.o
LOAD syscall.o
LOAD hd/hd_rdwt.o
LOAD network/ne2000.o
LOAD double_link_list.o
LOAD global.o
LOAD kernel_main.o
LOAD console.o
LOAD protect.o
LOAD kernel_main_old.o
LOAD keyboard.o
LOAD process.o
LOAD thread.o
LOAD my_process.o
LOAD network/socket.o
LOAD network/ip_input.o
LOAD network/udp_sock.o
LOAD network/dst.o
LOAD network/inet.o
LOAD network/ip_output.o
LOAD network/tcp.o
LOAD network/sock.o
LOAD network/tcp_output.o
LOAD network/arp.o
LOAD network/tcp_sock.o
LOAD network/ipc.o
LOAD network/icmpv4.o
LOAD network/skbuff.o
LOAD network/netdev.o
LOAD network/tcp_input.o
LOAD network/task_network.o
LOAD network/route.o
LOAD network/udp.o
LOAD network/tcp_data.o
LOAD network/utils.o
LOAD hd/hd.o
LOAD fs/fs_main.o
LOAD mm/forkexit.o
LOAD mm/exec.o
LOAD mm/main.o
LOAD mem/mem.o
LOAD lib/floor.o
LOAD lib/exec.o
LOAD lib/exit.o
LOAD lib/unlink.o
LOAD lib/wait.o
LOAD lib/calloc.o
LOAD lib/alloca.o
LOAD lib/fork.o
LOAD lib/getpid.o
LOAD lib/string/strtok.o
LOAD lib/string/strcmp.o
LOAD lib/string/strncmp.o
LOAD lib/string/strpbrk.o
LOAD lib/stdio/read.o
LOAD lib/stdio/perror.o
LOAD lib/stdio/sscanf.o
LOAD lib/stdio/open.o
LOAD lib/stdio/write.o
LOAD lib/stdio/close.o
LOAD lib/arpa/ntohs.o
LOAD lib/arpa/htonl.o
LOAD lib/arpa/htons.o
LOAD lib/arpa/inet_pton.o
LOAD lib/arpa/ntohl.o
LOAD lib/arpa/inet_ntop.o
                [!provide]                        PROVIDE (__executable_start = SEGMENT_START ("text-segment", 0x8048000))
                0x080480d4                        . = (SEGMENT_START ("text-segment", 0x8048000) + SIZEOF_HEADERS)

.interp
 *(.interp)

.note.gnu.build-id
 *(.note.gnu.build-id)

.hash
 *(.hash)

.gnu.hash
 *(.gnu.hash)

.dynsym
 *(.dynsym)

.dynstr
 *(.dynstr)

.gnu.version
 *(.gnu.version)

.gnu.version_d
 *(.gnu.version_d)

.gnu.version_r
 *(.gnu.version_r)

.rel.dyn        0x080480d4        0x0
 *(.rel.init)
 *(.rel.text .rel.text.* .rel.gnu.linkonce.t.*)
 .rel.text      0x080480d4        0x0 kernel/kernel_sub.o
 *(.rel.fini)
 *(.rel.rodata .rel.rodata.* .rel.gnu.linkonce.r.*)
 *(.rel.data.rel.ro .rel.data.rel.ro.* .rel.gnu.linkonce.d.rel.ro.*)
 *(.rel.data .rel.data.* .rel.gnu.linkonce.d.*)
 *(.rel.tdata .rel.tdata.* .rel.gnu.linkonce.td.*)
 *(.rel.tbss .rel.tbss.* .rel.gnu.linkonce.tb.*)
 *(.rel.ctors)
 *(.rel.dtors)
 *(.rel.got)
 .rel.got       0x080480d4        0x0 kernel/kernel_sub.o
 *(.rel.bss .rel.bss.* .rel.gnu.linkonce.b.*)
 *(.rel.ifunc)

.rel.plt        0x080480d4        0x0
 *(.rel.plt)
                [!provide]                        PROVIDE (__rel_iplt_start = .)
 *(.rel.iplt)
 .rel.iplt      0x080480d4        0x0 kernel/kernel_sub.o
                [!provide]                        PROVIDE (__rel_iplt_end = .)

.relr.dyn
 *(.relr.dyn)
                0x08049000                        . = ALIGN (CONSTANT (MAXPAGESIZE))

.init
 *(SORT_NONE(.init))

.plt            0x08049000        0x0
 *(.plt)
 *(.iplt)
 .iplt          0x08049000        0x0 kernel/kernel_sub.o

.plt.got
 *(.plt.got)

.plt.sec
 *(.plt.sec)

.text           0xc0600000    0x11d5c
 *(.text.unlikely .text.*_unlikely .text.unlikely.*)
 *(.text.exit .text.exit.*)
 *(.text.startup .text.startup.*)
 *(.text.hot .text.hot.*)
 *(SORT_BY_NAME(.text.sorted.*))
 *(.text .stub .text.* .gnu.linkonce.t.*)
 .text          0xc0600000       0x74 kernel/kernel_sub.o
                0xc0600000                _start
 *fill*         0xc0600074        0xc 
 .text          0xc0600080      0x3d7 kernel/kernel.o
                0xc0600080                InterruptTest
                0xc060008c                disp_str_len
                0xc06000d9                disp_str
                0xc0600114                disp_str_colour
                0xc0600150                divide_zero_fault
                0xc0600156                single_step_fault
                0xc060015c                non_maskable_interrupt
                0xc0600162                breakpoint_trap
                0xc0600168                overflow_trap
                0xc060016e                bound_range_exceeded_fault
                0xc0600174                invalid_opcode_fault
                0xc060017a                coprocessor_not_available_fault
                0xc0600180                double_fault_exception_abort
                0xc0600184                coprocessor_segment_overrun
                0xc060018a                invalid_task_state_segment_fault
                0xc060018e                segment_not_present_fault
                0xc0600192                stack_exception_fault
                0xc0600196                general_protection_exception_fault
                0xc06001a1                page_fault
                0xc06001a5                coprocessor_error_fault
                0xc06001ab                align_check_fault
                0xc06001af                simd_float_exception_fault
                0xc06001be                hwint0
                0xc06001ee                hwint1
                0xc0600231                hwint14
                0xc0600277                hwint10
                0xc06002ba                sys_call
                0xc0600300                fork_restart
                0xc060030f                restart
                0xc0600332                in_byte
                0xc060033e                out_byte
                0xc0600360                disable_int
                0xc0600362                enable_int
                0xc06003f8                enable_8259A_casecade_irq
                0xc0600402                disable_8259A_casecade_irq
                0xc060040c                enable_8259A_slave_winchester_irq
                0xc0600416                disable_8259A_slave_winchester_irq
                0xc0600420                update_cr3
                0xc060042d                update_tss
                0xc060043c                get_running_thread_pcb
                0xc0600444                sys_call_test
                0xc0600447                enable_8259A_slave_net_irq
 *fill*         0xc0600457        0x9 
 .text          0xc0600460       0x15 switch_to.o
                0xc0600460                switch_to
 *fill*         0xc0600475        0xb 
 .text          0xc0600480       0x69 syscall.o
                0xc0600480                write_debug
                0xc0600490                send_msg
                0xc06004a6                receive_msg
                0xc06004bc                sys_malloc
                0xc06004d1                sys_free
 *fill*         0xc06004e9        0x7 
 .text          0xc06004f0      0x25b network/ne2000.o
                0xc0600513                DriverInitialize
                0xc060059d                SetPageStart
                0xc06005c5                DriverSend
                0xc060063a                PCtoNIC
                0xc06006a8                get_interrupt_status
                0xc06006be                set_interrupt_status
                0xc06006d7                get_curr_page
                0xc06006f4                NICtoPC
 .text          0xc060074b      0x329 double_link_list.o
                0xc060074b                initDoubleLinkList
                0xc0600779                isListEmpty
                0xc060079a                findElementInList
                0xc0600876                appendToDoubleLinkList
                0xc060095d                insertToDoubleLinkList
                0xc06009e0                popFromDoubleLinkList
 .text          0xc0600a74        0x0 global.o
 .text          0xc0600a74      0x400 kernel_main.o
                0xc0600a74                kernel_main
                0xc0600c3a                init
                0xc0600cf4                kernel_thread_a
                0xc0600d41                kernel_thread_b
                0xc0600d8e                kernel_thread_c
                0xc0600da4                kernel_thread_d
                0xc0600dba                user_proc_a
                0xc0600e5c                user_proc_b
 .text          0xc0600e74      0xaca console.o
                0xc0600e74                select_console
                0xc0600eb0                flush
                0xc0600ee9                set_cursor
                0xc0600f47                set_console_start_video_addr
                0xc0600fa5                put_key
                0xc0601011                scroll_up
                0xc0601053                scroll_down
                0xc06010be                out_char
                0xc060127b                tty_dev_read
                0xc06012a5                tty_dev_write
                0xc06014d2                tty_do_read
                0xc060159a                tty_do_write
                0xc06016fd                init_screen
                0xc0601786                init_tty
                0xc060183b                TaskTTY
 .text          0xc060193e      0x3b3 protect.o
                0xc060193e                InitDescriptor
                0xc06019ab                Seg2PhyAddr
                0xc06019ec                Seg2PhyAddrLDT
                0xc0601a30                VirAddr2PhyAddr
                0xc0601a46                v2l
                0xc0601a89                init_propt
                0xc0601c0a                InitInterruptDesc
                0xc0601c66                ReloadGDT
 .text          0xc0601cf1     0x2d79 kernel_main_old.o
                0xc0601cf1                stop_here
                0xc0601d35                catch_error
                0xc0601d52                intr_enable
                0xc0601d7b                intr_disable
                0xc0601da4                intr_set_status
                0xc0601dc2                intr_get_status
                0xc0601ddf                Memcpy
                0xc0601e12                untar
                0xc0602127                atoi
                0xc06021cd                disp_int
                0xc06021f6                do_page_fault
                0xc0602333                exception_handler
                0xc060251a                init_internal_interrupt
                0xc060268f                spurious_irq
                0xc060271d                init_keyboard
                0xc0602760                TestTTY
                0xc06027ff                TestReadReturnValue
                0xc060287c                TestWriteReturnValue
                0xc0602950                TestFS2
                0xc060295e                TestFS
                0xc0602e00                wait_exit
                0xc0602efe                INIT_fork
                0xc06031f6                simple_shell
                0xc060337d                test_shell
                0xc06033e5                test_exec
                0xc0603525                INIT
                0xc0603532                TestA
                0xc0603567                delay
                0xc06035ab                TestB
                0xc06035c3                TestC
                0xc06035f6                sys_get_ticks
                0xc0603606                sys_write
                0xc060365a                milli_delay
                0xc0603696                TaskSys
                0xc060369b                Printf
                0xc06036f9                sprintf
                0xc0603725                vsprintf
                0xc06038d1                printx
                0xc0603914                sys_printx
                0xc06039e0                spin
                0xc0603a06                panic
                0xc0603a24                assertion_failure
                0xc0603a96                assertion_failure2
                0xc0603b0b                dead_lock
                0xc0603b15                sys_send_msg
                0xc0604034                sys_receive_msg
                0xc0604694                send_rec
                0xc060478f                block
                0xc06047cb                unblock
                0xc060481b                get_ticks_ipc
                0xc0604872                itoa
                0xc06048c8                i2a
                0xc060492e                inform_int
                0xc06049fb                deprecate_strcmp
 .text          0xc0604a6a      0x40f keyboard.o
                0xc0604a6a                keyboard_handler
                0xc0604aee                read_from_keyboard_buf
                0xc0604b54                keyboard_read
                0xc0604cd3                init_keyboard_handler
                0xc0604ce7                in_process
 .text          0xc0604e79      0x21b process.o
                0xc0604e79                schedule_process
                0xc0604f86                clock_handler
                0xc0604ff7                pid2proc
                0xc060507d                proc2pid
 .text          0xc0605094      0x1b2 thread.o
                0xc0605094                kernel_thread
                0xc06050ac                thread_init
                0xc0605159                thread_create
                0xc060518e                thread_start
 .text          0xc0605246      0x730 my_process.o
                0xc0605246                create_user_process_address_space
                0xc06052d6                user_process
                0xc0605403                clone_pcb
                0xc0605575                build_body_stack
                0xc06056a8                build_process_kernel_stack
                0xc060576b                fork_process
                0xc06057fc                process_execute
 .text          0xc0605976      0x66c network/socket.o
                0xc0605a26                test
                0xc0605a82                socket_debug
                0xc0605ae3                free_socket
                0xc0605b9f                _socket
                0xc0605c5e                _bind
                0xc0605cb1                _connect
                0xc0605d03                _write
                0xc0605d5a                _read
                0xc0605db1                _recvfrom
                0xc0605df2                _sendto
                0xc0605e49                _close
                0xc0605ec8                _listen
                0xc0605f2e                _accept
 .text          0xc0605fe2      0x2da network/ip_input.o
                0xc060616c                ip_rcv
 .text          0xc06062bc      0x8bc network/udp_sock.o
                0xc06064e9                udp_lookup_sock
                0xc0606530                udp_init
                0xc0606561                udp_close
                0xc0606587                udp_sock_init
                0xc0606591                udp_recvfrom
                0xc060662a                udp_connect
                0xc0606703                udp_write
                0xc060672f                udp_alloc_skb
                0xc0606779                udp_sendto
                0xc060686d                udp_send
                0xc06069ab                udp_alloc_sock
                0xc06069ec                udp_free_sock
                0xc0606a10                udp_read
 .text          0xc0606b78       0xd8 network/dst.o
                0xc0606b86                dst_neigh_output
 .text          0xc0606c50      0x429 network/inet.o
                0xc0606c50                inet_create
                0xc0606d00                inet_socket
                0xc0606d0a                inet_connect
                0xc0606d5e                inet_write
                0xc0606d8a                inet_read
                0xc0606db6                inet_close
                0xc0606e05                inet_free
                0xc0606e3b                inet_bind
                0xc0606f44                inet_listen
                0xc0606f8d                inet_accept
                0xc0607038                inet_sendto
                0xc0607063                inet_recvfrom
 .text          0xc0607079      0x1d3 network/ip_output.o
                0xc0607087                ip_output
 .text          0xc060724c      0x448 network/tcp.o
                0xc0607441                tcp_in
                0xc06074f5                tcp_checksum
                0xc0607521                __tcp_set_state
                0xc0607530                tcp_generate_port
                0xc0607579                tcp_generate_isn
                0xc0607583                tcp_done
                0xc06075ac                tcp_clear_timers
                0xc06075bb                tcp_stop_retransmission_timer
                0xc06075d4                tcp_release_retransmission_timer
                0xc06075ed                tcp_stop_delack_timer
                0xc0607600                tcp_release_delack_timer
                0xc0607613                tcp_handle_fin_state
                0xc0607678                tcp_enter_time_wait
 .text          0xc0607694      0x203 network/sock.o
                0xc06077c6                sk_alloc
                0xc06077ed                sk_init
                0xc0607841                sk_init_with_socket
                0xc060786a                sk_free
 .text          0xc0607897      0xbb9 network/tcp_output.o
                0xc0607d58                tcp_send_synack
                0xc0607dfb                tcp_send_delack
                0xc0607e36                tcp_send_ack
                0xc0607f82                tcp_send_fin
                0xc0607ff7                tcp_select_initial_window
                0xc06081a9                tcp_reset_retransmission_timer
                0xc06081c6                tcp_begin_connect
                0xc0608270                tcp_send
                0xc0608355                tcp_send_reset
                0xc06083d5                tcp_queue_fin
 .text          0xc0608450      0x6dc network/arp.o
                0xc060861d                arp_init
                0xc0608623                arp_rcv
                0xc06087d5                arp_request
                0xc060893f                arp_reply
                0xc0608a8f                arp_get_hwaddr
                0xc0608adb                free_arp
 .text          0xc0608b2c      0xa16 network/tcp_sock.o
                0xc0608dda                tcp_established_or_syn_recvd_socks_enqueue
                0xc0608df1                tcp_established_or_syn_recvd_socks_remove
                0xc0608e03                tcp_connecting_or_listening_socks_enqueue
                0xc0608e1a                tcp_connecting_or_listening_socks_remove
                0xc0608e2c                tcp_alloc_sock
                0xc0608f42                tcp_free_sock
                0xc0608fbb                tcp_init
                0xc0608fc5                tcp_sock_init
                0xc0609068                tcp_write
                0xc06090a9                tcp_read
                0xc060915c                tcp_close
                0xc060921a                tcp_recv_notify
                0xc0609245                tcp_v4_connect
                0xc0609495                tcp_lookup_sock
 .text          0xc0609542      0xcf0 network/ipc.o
                0xc060a0ce                ipc_close
                0xc060a11f                demux_ipc_socket_call
 .text          0xc060a232      0x234 network/icmpv4.o
                0xc060a240                icmpv4_incoming
                0xc060a2b4                icmpv4_reply
                0xc060a38d                icmpv4_timestamp
 .text          0xc060a466      0x12e network/skbuff.o
                0xc060a47f                alloc_skb
                0xc060a510                free_skb
                0xc060a516                skb_reserve
                0xc060a532                skb_push
                0xc060a561                skb_head
                0xc060a56c                skb_reset_header
 .text          0xc060a594      0x37e network/netdev.o
                0xc060a6a6                netdev_init
                0xc060a6ed                netdev_transmit
                0xc060a81d                netdev_rx_loop
                0xc060a88d                netdev_get
                0xc060a8aa                free_netdev
                0xc060a8d5                local_ipaddress
 .text          0xc060a912      0xb6f network/tcp_input.o
                0xc060aff9                tcp_process
                0xc060b3bf                tcp_receive
 .text          0xc060b481       0x9e network/task_network.o
                0xc060b481                task_network
                0xc060b501                task_netdev_rx
 .text          0xc060b51f      0x295 network/route.o
                0xc060b64c                route_add
                0xc060b691                route_init
                0xc060b718                route_lookup
                0xc060b763                free_routes
 .text          0xc060b7b4      0x3e0 network/udp.o
                0xc060b8bf                udp_generate_port
                0xc060b908                udp_checksum
                0xc060b9d6                udp_in
                0xc060ba67                udp_data_dequeue
                0xc060bb6f                udp_data_enqueue
 .text          0xc060bb94      0x54a network/tcp_data.o
                0xc060be7f                tcp_data_dequeue
                0xc060bfac                tcp_data_queue
 .text          0xc060c0de      0x1e7 network/utils.o
                0xc060c0de                run_cmd
                0xc060c0eb                print_err
                0xc060c102                parse_ipv4_string
                0xc060c161                ip_pton
                0xc060c1a9                sum_every_16bits
                0xc060c200                checksum
                0xc060c241                tcp_udp_checksum
 .text          0xc060c2c5      0xe63 hd/hd.o
                0xc060c2c5                TaskHD
                0xc060c30a                init_hd
                0xc060c324                hd_handle
                0xc060c429                hd_cmd_out
                0xc060c52b                hd_identify
                0xc060c5e2                print_hdinfo
                0xc060c770                print_dpt_entry
                0xc060c7dc                get_partition_table
                0xc060c8bb                partition
                0xc060cad5                hd_open
                0xc060cb7c                get_hd_ioctl
                0xc060cc2d                wait_for
                0xc060cc5e                interrupt_wait
                0xc060ccae                hd_rdwt
                0xc060cf4d                hd_handler
                0xc060cf79                debug_ticks
                0xc060cfb7                net_handler
                0xc060cfbf                waitfor
                0xc060d003                print_hd_info
                0xc060d0f0                is_empty
 .text          0xc060d128     0x204f fs/fs_main.o
                0xc060d128                task_fs
                0xc060d333                rd_wt
                0xc060d40c                mkfs
                0xc060d9ee                init_fs
                0xc060da42                do_open
                0xc060dc31                search_file
                0xc060dd63                strip_path
                0xc060de2f                get_inode
                0xc060dff1                create_file
                0xc060e0fc                alloc_imap_bit
                0xc060e1f9                alloc_smap_bit
                0xc060e39a                new_inode
                0xc060e4b8                new_dir_entry
                0xc060e6c4                do_unlink
                0xc060eba0                do_rdwt
                0xc060ef2b                sync_inode
                0xc060f07f                put_inode
                0xc060f0bd                do_close
                0xc060f10f                get_super_block
 .text          0xc060f177      0x271 mm/forkexit.o
                0xc060f177                do_fork
                0xc060f1e5                do_exit
                0xc060f26f                do_wait
                0xc060f38e                cleanup
 .text          0xc060f3e8      0x419 mm/exec.o
                0xc060f3e8                do_exec
 .text          0xc060f801      0x148 mm/main.o
                0xc060f801                TaskMM
                0xc060f92a                alloc_mem
 .text          0xc060f949     0x126c mem/mem.o
                0xc060f949                init_bitmap
                0xc060f96c                test_bit_val
                0xc060f9d5                set_bit_val
                0xc060fa50                set_bits
                0xc060fa8a                get_first_free_bit
                0xc060face                get_bits
                0xc060fb96                get_a_page
                0xc060fc4a                get_virtual_address_start_with_addr
                0xc060fce4                get_virtual_address
                0xc060fd74                ptr_pde
                0xc060fd87                ptr_pte
                0xc060fdae                add_map_entry
                0xc060fe3f                alloc_virtual_memory
                0xc060ff12                get_physical_address_proc
                0xc060ff8e                get_physical_address
                0xc060ffc0                alloc_physical_memory_of_proc
                0xc06100af                alloc_physical_memory
                0xc0610177                alloc_memory
                0xc06101d9                get_a_virtual_page
                0xc0610211                block2arena
                0xc0610227                sys_malloc2
                0xc06104dd                remove_map_entry
                0xc06104fe                free_a_page
                0xc06105a5                sys_free2
                0xc061072d                init_memory_block_desc
                0xc06107fe                init_memory2
                0xc0610a75                init_memory
 .text          0xc0610bb5       0x49 lib/floor.o
                0xc0610bb5                floor
 .text          0xc0610bfe      0x285 lib/exec.o
                0xc0610bfe                exec
                0xc0610c6f                execv
                0xc0610e5e                execl
 .text          0xc0610e83       0x2f lib/exit.o
                0xc0610e83                exit
 .text          0xc0610eb2       0x42 lib/unlink.o
                0xc0610eb2                unlink
 .text          0xc0610ef4       0x44 lib/wait.o
                0xc0610ef4                wait
 .text          0xc0610f38       0x46 lib/calloc.o
                0xc0610f38                calloc
 .text          0xc0610f7e       0x4f lib/alloca.o
                0xc0610f7e                alloca
 .text          0xc0610fcd       0x48 lib/fork.o
                0xc0610fcd                fork
 .text          0xc0611015       0x2b lib/getpid.o
                0xc0611015                getpid
 .text          0xc0611040       0x85 lib/string/strtok.o
                0xc0611040                strtok
 .text          0xc06110c5       0x8e lib/string/strcmp.o
                0xc06110c5                strcmp
 .text          0xc0611153       0xd4 lib/string/strncmp.o
                0xc0611153                strncmp
 .text          0xc0611227       0x90 lib/string/strpbrk.o
                0xc0611227                strpbrk
 .text          0xc06112b7      0x181 lib/stdio/read.o
                0xc06112b7                read
 .text          0xc0611438       0x17 lib/stdio/perror.o
                0xc0611438                perror
 .text          0xc061144f      0x2c1 lib/stdio/sscanf.o
                0xc061144f                sscanf
 .text          0xc0611710       0x95 lib/stdio/open.o
                0xc0611710                open
 .text          0xc06117a5       0x85 lib/stdio/write.o
                0xc06117a5                write
 .text          0xc061182a       0x52 lib/stdio/close.o
                0xc061182a                close
 .text          0xc061187c       0x38 lib/arpa/ntohs.o
                0xc061187c                ntohs
 .text          0xc06118b4       0x7c lib/arpa/htonl.o
                0xc06118b4                htonl
 .text          0xc0611930       0x38 lib/arpa/htons.o
                0xc0611930                htons
 .text          0xc0611968      0x295 lib/arpa/inet_pton.o
                0xc0611968                isValidIPv4
                0xc0611af2                inet_pton
 .text          0xc0611bfd       0x7c lib/arpa/ntohl.o
                0xc0611bfd                ntohl
 .text          0xc0611c79       0xe3 lib/arpa/inet_ntop.o
                0xc0611c79                inet_ntop
 *(.gnu.warning)

.fini
 *(SORT_NONE(.fini))
                [!provide]                        PROVIDE (__etext = .)
                [!provide]                        PROVIDE (_etext = .)
                [!provide]                        PROVIDE (etext = .)
                0xc0612000                        . = ALIGN (CONSTANT (MAXPAGESIZE))
                0xc0612000                        . = SEGMENT_START ("rodata-segment", (ALIGN (CONSTANT (MAXPAGESIZE)) + (. & (CONSTANT (MAXPAGESIZE) - 0x1))))

.rodata         0xc0612000     0x1b77
 *(.rodata .rodata.* .gnu.linkonce.r.*)
 .rodata        0xc0612000       0x2c double_link_list.o
 .rodata        0xc061202c      0x188 kernel_main.o
 .rodata        0xc06121b4       0x22 console.o
 *fill*         0xc06121d6        0xa 
 .rodata        0xc06121e0      0xb75 kernel_main_old.o
 .rodata        0xc0612d55       0x26 process.o
 *fill*         0xc0612d7b        0x1 
 .rodata        0xc0612d7c      0x23d network/socket.o
 *fill*         0xc0612fb9        0x3 
 .rodata        0xc0612fbc       0xb5 network/ip_input.o
 *fill*         0xc0613071        0x3 
 .rodata        0xc0613074       0x2d network/udp_sock.o
 .rodata        0xc06130a1        0x9 network/dst.o
 *fill*         0xc06130aa        0x2 
 .rodata        0xc06130ac       0x48 network/inet.o
 .rodata        0xc06130f4        0x9 network/ip_output.o
 *fill*         0xc06130fd        0x3 
 .rodata        0xc0613100       0x31 network/tcp.o
 .rodata        0xc0613131        0x9 network/sock.o
 *fill*         0xc061313a        0x2 
 .rodata        0xc061313c       0xc3 network/tcp_output.o
 *fill*         0xc06131ff        0x1 
 .rodata        0xc0613200       0x9c network/arp.o
 .rodata        0xc061329c       0xe8 network/tcp_sock.o
 .rodata        0xc0613384      0x160 network/ipc.o
 .rodata        0xc06134e4       0x32 network/icmpv4.o
 .rodata        0xc0613516        0x9 network/skbuff.o
 *fill*         0xc061351f        0x1 
 .rodata        0xc0613520       0xa9 network/netdev.o
 *fill*         0xc06135c9        0x3 
 .rodata        0xc06135cc       0x60 network/tcp_input.o
 .rodata        0xc061362c       0x3d network/task_network.o
 *fill*         0xc0613669        0x3 
 .rodata        0xc061366c       0x37 network/route.o
 .rodata        0xc06136a3        0x9 network/udp.o
 .rodata        0xc06136ac       0x1e network/tcp_data.o
 *fill*         0xc06136ca        0x2 
 .rodata        0xc06136cc       0x41 network/utils.o
 *fill*         0xc061370d        0x3 
 .rodata        0xc0613710      0x19c hd/hd.o
 .rodata        0xc06138ac      0x1eb fs/fs_main.o
                0xc06138ac                FSBUF_SIZE
 .rodata        0xc0613a97       0x21 mm/forkexit.o
 .rodata        0xc0613ab8       0x10 mm/exec.o
 .rodata        0xc0613ac8       0x11 mm/main.o
 .rodata        0xc0613ad9       0x41 mem/mem.o
 .rodata        0xc0613b1a       0x2d lib/exec.o
 .rodata        0xc0613b47       0x2a lib/stdio/close.o
 .rodata        0xc0613b71        0x3 lib/arpa/inet_pton.o
 .rodata        0xc0613b74        0x3 lib/arpa/inet_ntop.o

.txt            0xc0613b77       0xaa
 .txt           0xc0613b77       0x82 string.o
                0xc0613b77                Memcpy2
                0xc0613ba5                Memset
                0xc0613bc4                Strcpy
                0xc0613bde                Strlen
 .txt           0xc0613bf9       0x28 hd/hd_rdwt.o
                0xc0613bf9                read_port
                0xc0613c0d                write_port

.rodata1
 *(.rodata1)

.eh_frame_hdr
 *(.eh_frame_hdr)
 *(.eh_frame_entry .eh_frame_entry.*)

.eh_frame       0xc0613c24     0x40c0
 *(.eh_frame)
 .eh_frame      0xc0613c24       0xd8 double_link_list.o
 .eh_frame      0xc0613cfc       0xe4 kernel_main.o
                                 0xfc (size before relaxing)
 .eh_frame      0xc0613de0      0x1e0 console.o
                                0x1f8 (size before relaxing)
 .eh_frame      0xc0613fc0      0x100 protect.o
                                0x118 (size before relaxing)
 .eh_frame      0xc06140c0      0x6cc kernel_main_old.o
                                0x6e4 (size before relaxing)
 .eh_frame      0xc061478c       0xa0 keyboard.o
                                 0xb8 (size before relaxing)
 .eh_frame      0xc061482c       0x80 process.o
                                 0x98 (size before relaxing)
 .eh_frame      0xc06148ac       0x80 thread.o
                                 0x98 (size before relaxing)
 .eh_frame      0xc061492c       0xe0 my_process.o
                                 0xf8 (size before relaxing)
 .eh_frame      0xc0614a0c      0x2a0 network/socket.o
                                0x2b8 (size before relaxing)
 .eh_frame      0xc0614cac      0x104 network/ip_input.o
                                0x11c (size before relaxing)
 .eh_frame      0xc0614db0      0x404 network/udp_sock.o
                                0x41c (size before relaxing)
 .eh_frame      0xc06151b4       0x40 network/dst.o
                                 0x58 (size before relaxing)
 .eh_frame      0xc06151f4      0x180 network/inet.o
                                0x198 (size before relaxing)
 .eh_frame      0xc0615374       0x40 network/ip_output.o
                                 0x58 (size before relaxing)
 .eh_frame      0xc06153b4      0x268 network/tcp.o
                                0x280 (size before relaxing)
 .eh_frame      0xc061561c      0x1a0 network/sock.o
                                0x1b8 (size before relaxing)
 .eh_frame      0xc06157bc      0x3c4 network/tcp_output.o
                                0x3dc (size before relaxing)
 .eh_frame      0xc0615b80      0x1c0 network/arp.o
                                0x1d8 (size before relaxing)
 .eh_frame      0xc0615d40      0x4c0 network/tcp_sock.o
                                0x4d8 (size before relaxing)
 .eh_frame      0xc0616200      0x250 network/ipc.o
                                0x268 (size before relaxing)
 .eh_frame      0xc0616450       0x80 network/icmpv4.o
                                 0x98 (size before relaxing)
 .eh_frame      0xc06164d0       0xe0 network/skbuff.o
                                 0xf8 (size before relaxing)
 .eh_frame      0xc06165b0      0x14c network/netdev.o
                                0x164 (size before relaxing)
 .eh_frame      0xc06166fc      0x300 network/tcp_input.o
                                0x318 (size before relaxing)
 .eh_frame      0xc06169fc       0x3c network/task_network.o
                                 0x54 (size before relaxing)
 .eh_frame      0xc0616a38      0x124 network/route.o
                                0x13c (size before relaxing)
 .eh_frame      0xc0616b5c      0x1e4 network/udp.o
                                0x1fc (size before relaxing)
 .eh_frame      0xc0616d40      0x200 network/tcp_data.o
                                0x218 (size before relaxing)
 .eh_frame      0xc0616f40       0xe4 network/utils.o
                                 0xfc (size before relaxing)
 .eh_frame      0xc0617024      0x284 hd/hd.o
                                0x29c (size before relaxing)
 .eh_frame      0xc06172a8      0x27c fs/fs_main.o
                                0x294 (size before relaxing)
 .eh_frame      0xc0617524       0x80 mm/forkexit.o
                                 0x98 (size before relaxing)
 .eh_frame      0xc06175a4       0x20 mm/exec.o
                                 0x38 (size before relaxing)
 .eh_frame      0xc06175c4       0x3c mm/main.o
                                 0x54 (size before relaxing)
 .eh_frame      0xc0617600      0x364 mem/mem.o
                                0x37c (size before relaxing)
 .eh_frame      0xc0617964       0x20 lib/floor.o
                                 0x38 (size before relaxing)
 .eh_frame      0xc0617984       0x60 lib/exec.o
                                 0x78 (size before relaxing)
 .eh_frame      0xc06179e4       0x20 lib/exit.o
                                 0x38 (size before relaxing)
 .eh_frame      0xc0617a04       0x20 lib/unlink.o
                                 0x38 (size before relaxing)
 .eh_frame      0xc0617a24       0x20 lib/wait.o
                                 0x38 (size before relaxing)
 .eh_frame      0xc0617a44       0x20 lib/calloc.o
                                 0x38 (size before relaxing)
 .eh_frame      0xc0617a64       0x20 lib/alloca.o
                                 0x38 (size before relaxing)
 .eh_frame      0xc0617a84       0x20 lib/fork.o
                                 0x38 (size before relaxing)
 .eh_frame      0xc0617aa4       0x20 lib/getpid.o
                                 0x38 (size before relaxing)
 .eh_frame      0xc0617ac4       0x20 lib/string/strtok.o
                                 0x38 (size before relaxing)
 .eh_frame      0xc0617ae4       0x20 lib/string/strcmp.o
                                 0x38 (size before relaxing)
 .eh_frame      0xc0617b04       0x20 lib/string/strncmp.o
                                 0x38 (size before relaxing)
 .eh_frame      0xc0617b24       0x20 lib/string/strpbrk.o
                                 0x38 (size before relaxing)
 .eh_frame      0xc0617b44       0x20 lib/stdio/read.o
                                 0x38 (size before relaxing)
 .eh_frame      0xc0617b64       0x20 lib/stdio/perror.o
                                 0x38 (size before relaxing)
 .eh_frame      0xc0617b84       0x20 lib/stdio/sscanf.o
                                 0x38 (size before relaxing)
 .eh_frame      0xc0617ba4       0x20 lib/stdio/open.o
                                 0x38 (size before relaxing)
 .eh_frame      0xc0617bc4       0x20 lib/stdio/write.o
                                 0x38 (size before relaxing)
 .eh_frame      0xc0617be4       0x20 lib/stdio/close.o
                                 0x38 (size before relaxing)
 .eh_frame      0xc0617c04       0x20 lib/arpa/ntohs.o
                                 0x38 (size before relaxing)
 .eh_frame      0xc0617c24       0x20 lib/arpa/htonl.o
                                 0x38 (size before relaxing)
 .eh_frame      0xc0617c44       0x20 lib/arpa/htons.o
                                 0x38 (size before relaxing)
 .eh_frame      0xc0617c64       0x40 lib/arpa/inet_pton.o
                                 0x58 (size before relaxing)
 .eh_frame      0xc0617ca4       0x20 lib/arpa/ntohl.o
                                 0x38 (size before relaxing)
 .eh_frame      0xc0617cc4       0x20 lib/arpa/inet_ntop.o
                                 0x38 (size before relaxing)
 *(.eh_frame.*)

.sframe
 *(.sframe)
 *(.sframe.*)

.gcc_except_table
 *(.gcc_except_table .gcc_except_table.*)

.gnu_extab
 *(.gnu_extab*)

.exception_ranges
 *(.exception_ranges*)
                0xc0618000                        . = DATA_SEGMENT_ALIGN (CONSTANT (MAXPAGESIZE), CONSTANT (COMMONPAGESIZE))

.eh_frame
 *(.eh_frame)
 *(.eh_frame.*)

.sframe
 *(.sframe)
 *(.sframe.*)

.gnu_extab
 *(.gnu_extab)

.gcc_except_table
 *(.gcc_except_table .gcc_except_table.*)

.exception_ranges
 *(.exception_ranges*)

.tdata          0xc0618000        0x0
                [!provide]                        PROVIDE (__tdata_start = .)
 *(.tdata .tdata.* .gnu.linkonce.td.*)

.tbss
 *(.tbss .tbss.* .gnu.linkonce.tb.*)
 *(.tcommon)

.preinit_array  0xc0618000        0x0
                [!provide]                        PROVIDE (__preinit_array_start = .)
 *(.preinit_array)
                [!provide]                        PROVIDE (__preinit_array_end = .)

.init_array     0xc0618000        0x0
                [!provide]                        PROVIDE (__init_array_start = .)
 *(SORT_BY_INIT_PRIORITY(.init_array.*) SORT_BY_INIT_PRIORITY(.ctors.*))
 *(.init_array EXCLUDE_FILE(*crtend?.o *crtend.o *crtbegin?.o *crtbegin.o) .ctors)
                [!provide]                        PROVIDE (__init_array_end = .)

.fini_array     0xc0618000        0x0
                [!provide]                        PROVIDE (__fini_array_start = .)
 *(SORT_BY_INIT_PRIORITY(.fini_array.*) SORT_BY_INIT_PRIORITY(.dtors.*))
 *(.fini_array EXCLUDE_FILE(*crtend?.o *crtend.o *crtbegin?.o *crtbegin.o) .dtors)
                [!provide]                        PROVIDE (__fini_array_end = .)

.ctors
 *crtbegin.o(.ctors)
 *crtbegin?.o(.ctors)
 *(EXCLUDE_FILE(*crtend?.o *crtend.o) .ctors)
 *(SORT_BY_NAME(.ctors.*))
 *(.ctors)

.dtors
 *crtbegin.o(.dtors)
 *crtbegin?.o(.dtors)
 *(EXCLUDE_FILE(*crtend?.o *crtend.o) .dtors)
 *(SORT_BY_NAME(.dtors.*))
 *(.dtors)

.jcr
 *(.jcr)

.data.rel.ro
 *(.data.rel.ro.local* .gnu.linkonce.d.rel.ro.local.*)
 *(.data.rel.ro .data.rel.ro.* .gnu.linkonce.d.rel.ro.*)

.dynamic
 *(.dynamic)

.got            0xc0618000        0x0
 *(.got)
 .got           0xc0618000        0x0 kernel/kernel_sub.o
 *(.igot)
                0xc0618000                        . = DATA_SEGMENT_RELRO_END (., (SIZEOF (.got.plt) >= 0xc)?0xc:0x0)

.got.plt        0xc0618000        0x0
 *(.got.plt)
 .got.plt       0xc0618000        0x0 kernel/kernel_sub.o
 *(.igot.plt)
 .igot.plt      0xc0618000        0x0 kernel/kernel_sub.o

.data           0xc0618000      0xb6c
 *(.data .data.* .gnu.linkonce.d.*)
 .data          0xc0618000        0xf kernel/kernel_sub.o
 *fill*         0xc061800f        0x1 
 .data          0xc0618010        0xf kernel/kernel.o
 *fill*         0xc061801f        0x1 
 .data          0xc0618020        0x0 syscall.o
 .data          0xc0618020        0x0 double_link_list.o
 .data          0xc0618020      0x160 global.o
                0xc0618020                user_task_table
                0xc06180a0                sys_task_table
                0xc0618164                sys_call_table
 .data          0xc0618180        0x0 kernel_main.o
 .data          0xc0618180        0x0 console.o
 .data          0xc0618180        0x0 protect.o
 .data          0xc0618180        0x0 kernel_main_old.o
 .data          0xc0618180      0x600 keyboard.o
                0xc0618180                keymap
 .data          0xc0618780        0x0 process.o
 .data          0xc0618780        0x0 thread.o
 .data          0xc0618780        0x0 my_process.o
 .data          0xc0618780      0x224 network/socket.o
 .data          0xc06189a4        0x4 network/ip_input.o
 *fill*         0xc06189a8       0x18 
 .data          0xc06189c0       0x54 network/udp_sock.o
                0xc06189e0                udp_ops
 .data          0xc0618a14        0x4 network/dst.o
 *fill*         0xc0618a18        0x8 
 .data          0xc0618a20       0x80 network/inet.o
                0xc0618a28                inet
 .data          0xc0618aa0        0x4 network/ip_output.o
 .data          0xc0618aa4        0x8 network/tcp.o
 .data          0xc0618aac        0x4 network/sock.o
 .data          0xc0618ab0        0x4 network/tcp_output.o
 .data          0xc0618ab4       0x14 network/arp.o
 *fill*         0xc0618ac8       0x18 
 .data          0xc0618ae0       0x54 network/tcp_sock.o
                0xc0618b00                tcp_ops
 .data          0xc0618b34        0xc network/ipc.o
 .data          0xc0618b40        0x4 network/icmpv4.o
 .data          0xc0618b44        0x4 network/skbuff.o
 .data          0xc0618b48        0x4 network/netdev.o
 .data          0xc0618b4c        0x4 network/tcp_input.o
 .data          0xc0618b50        0x0 network/task_network.o
 .data          0xc0618b50        0xc network/route.o
 .data          0xc0618b5c        0x8 network/udp.o
 .data          0xc0618b64        0x4 network/tcp_data.o
 .data          0xc0618b68        0x4 network/utils.o
 .data          0xc0618b6c        0x0 hd/hd.o
 .data          0xc0618b6c        0x0 fs/fs_main.o
 .data          0xc0618b6c        0x0 mm/forkexit.o
 .data          0xc0618b6c        0x0 mm/exec.o
 .data          0xc0618b6c        0x0 mm/main.o
 .data          0xc0618b6c        0x0 mem/mem.o
 .data          0xc0618b6c        0x0 lib/floor.o
 .data          0xc0618b6c        0x0 lib/exec.o
 .data          0xc0618b6c        0x0 lib/exit.o
 .data          0xc0618b6c        0x0 lib/unlink.o
 .data          0xc0618b6c        0x0 lib/wait.o
 .data          0xc0618b6c        0x0 lib/calloc.o
 .data          0xc0618b6c        0x0 lib/alloca.o
 .data          0xc0618b6c        0x0 lib/fork.o
 .data          0xc0618b6c        0x0 lib/getpid.o
 .data          0xc0618b6c        0x0 lib/string/strtok.o
 .data          0xc0618b6c        0x0 lib/string/strcmp.o
 .data          0xc0618b6c        0x0 lib/string/strncmp.o
 .data          0xc0618b6c        0x0 lib/string/strpbrk.o
 .data          0xc0618b6c        0x0 lib/stdio/read.o
 .data          0xc0618b6c        0x0 lib/stdio/perror.o
 .data          0xc0618b6c        0x0 lib/stdio/sscanf.o
 .data          0xc0618b6c        0x0 lib/stdio/open.o
 .data          0xc0618b6c        0x0 lib/stdio/write.o
 .data          0xc0618b6c        0x0 lib/stdio/close.o
 .data          0xc0618b6c        0x0 lib/arpa/ntohs.o
 .data          0xc0618b6c        0x0 lib/arpa/htonl.o
 .data          0xc0618b6c        0x0 lib/arpa/htons.o
 .data          0xc0618b6c        0x0 lib/arpa/inet_pton.o
 .data          0xc0618b6c        0x0 lib/arpa/ntohl.o
 .data          0xc0618b6c        0x0 lib/arpa/inet_ntop.o

.data1
 *(.data1)
                0xc0618b6c                        _edata = .
                [!provide]                        PROVIDE (edata = .)
                0xc0618b6c                        . = .
                0xc0618b6c                        __bss_start = .

.bss            0xc0618b80    0x959b0
 *(.dynbss)
 *(.bss .bss.* .gnu.linkonce.b.*)
 .bss           0xc0618b80      0x800 kernel/kernel_sub.o
 .bss           0xc0619380      0x800 kernel/kernel.o
 .bss           0xc0619b80        0x0 double_link_list.o
 .bss           0xc0619b80        0x0 global.o
 .bss           0xc0619b80        0x0 kernel_main.o
 .bss           0xc0619b80        0x0 console.o
 .bss           0xc0619b80        0x0 protect.o
 .bss           0xc0619b80        0x0 kernel_main_old.o
 .bss           0xc0619b80        0x0 keyboard.o
 .bss           0xc0619b80        0x0 process.o
 .bss           0xc0619b80        0x0 thread.o
 .bss           0xc0619b80        0x0 my_process.o
 .bss           0xc0619b80        0x4 network/socket.o
 .bss           0xc0619b84        0x0 network/ip_input.o
 .bss           0xc0619b84        0x4 network/udp_sock.o
 .bss           0xc0619b88        0x0 network/dst.o
 .bss           0xc0619b88        0x0 network/inet.o
 .bss           0xc0619b88        0x0 network/ip_output.o
 .bss           0xc0619b88        0x0 network/tcp.o
 .bss           0xc0619b88        0x0 network/sock.o
 .bss           0xc0619b88        0x0 network/tcp_output.o
 .bss           0xc0619b88        0x0 network/arp.o
 .bss           0xc0619b88        0x0 network/tcp_sock.o
 .bss           0xc0619b88        0x4 network/ipc.o
 .bss           0xc0619b8c        0x0 network/icmpv4.o
 .bss           0xc0619b8c        0x0 network/skbuff.o
 .bss           0xc0619b8c        0x0 network/netdev.o
 .bss           0xc0619b8c        0x0 network/tcp_input.o
 .bss           0xc0619b8c        0x0 network/task_network.o
 .bss           0xc0619b8c        0x0 network/route.o
 .bss           0xc0619b8c        0x0 network/udp.o
 .bss           0xc0619b8c        0x0 network/tcp_data.o
 .bss           0xc0619b8c        0x0 network/utils.o
 .bss           0xc0619b8c        0x0 hd/hd.o
 .bss           0xc0619b8c        0x4 fs/fs_main.o
                0xc0619b8c                c
 .bss           0xc0619b90        0x0 mm/forkexit.o
 .bss           0xc0619b90        0x0 mm/exec.o
 .bss           0xc0619b90        0x0 mm/main.o
 .bss           0xc0619b90        0x0 mem/mem.o
 .bss           0xc0619b90        0x0 lib/floor.o
 .bss           0xc0619b90        0x0 lib/exec.o
 .bss           0xc0619b90        0x0 lib/exit.o
 .bss           0xc0619b90        0x0 lib/unlink.o
 .bss           0xc0619b90        0x0 lib/wait.o
 .bss           0xc0619b90        0x0 lib/calloc.o
 .bss           0xc0619b90        0x0 lib/alloca.o
 .bss           0xc0619b90        0x0 lib/fork.o
 .bss           0xc0619b90        0x0 lib/getpid.o
 .bss           0xc0619b90        0x4 lib/string/strtok.o
 .bss           0xc0619b94        0x0 lib/string/strcmp.o
 .bss           0xc0619b94        0x0 lib/string/strncmp.o
 .bss           0xc0619b94        0x0 lib/string/strpbrk.o
 .bss           0xc0619b94        0x0 lib/stdio/read.o
 .bss           0xc0619b94        0x0 lib/stdio/perror.o
 .bss           0xc0619b94        0x0 lib/stdio/sscanf.o
 .bss           0xc0619b94        0x0 lib/stdio/open.o
 .bss           0xc0619b94        0x0 lib/stdio/write.o
 .bss           0xc0619b94        0x0 lib/stdio/close.o
 .bss           0xc0619b94        0x0 lib/arpa/ntohs.o
 .bss           0xc0619b94        0x0 lib/arpa/htonl.o
 .bss           0xc0619b94        0x0 lib/arpa/htons.o
 .bss           0xc0619b94        0x0 lib/arpa/inet_pton.o
 .bss           0xc0619b94        0x0 lib/arpa/ntohl.o
 .bss           0xc0619b94        0x0 lib/arpa/inet_ntop.o
 *(COMMON)
 *fill*         0xc0619b94        0xc 
 COMMON         0xc0619ba0     0x17b8 double_link_list.o
                0xc0619ba0                current_tty
                0xc0619ba4                is_e0
                0xc0619ba8                idt_ptr
                0xc0619bb0                pid
                0xc0619bb4                KernelVirtualMemory
                0xc0619bc0                current_dis_pos
                0xc0619bc4                dis_pos
                0xc0619bc8                k_reenter
                0xc0619be0                gdt
                0xc0619fe0                proc_ready_table
                0xc0619fe4                test_ticks
                0xc0619fe8                pcaller
                0xc061a000                keyboard_buffer
                0xc061a20c                pcb_list
                0xc061a21c                gdt_index
                0xc061a220                tty_table
                0xc061aa60                tss
                0xc061aacc                KernelPool
                0xc061aadc                net_buf
                0xc061aae0                nic_current_page
                0xc061aae4                counter
                0xc061aae8                key_pressed
                0xc061aaec                fork_pid
                0xc061aaf0                is_shift
                0xc061aaf1                net_data
                0xc061aaf4                gdt_ptr
                0xc061ab00                idt
                0xc061b300                main_thread
                0xc061b308                ticks
                0xc061b310                is_init
                0xc061b314                UserPool
                0xc061b324                all_pcb_list
                0xc061b334                console_table
                0xc061b344                is_disp
                0xc061b348                MAIN_THREAD_PAGE_DIRECTORY
                0xc061b34c                helloStr
 *fill*         0xc061b358        0x8 
 COMMON         0xc061b360    0x91e14 global.o
                0xc061b360                proc_stack
                0xc06ab360                proc_table
 COMMON         0xc06ad174        0x8 network/netdev.o
                0xc06ad174                loop
                0xc06ad178                netdev
 *fill*         0xc06ad17c        0x4 
 COMMON         0xc06ad180      0x440 hd/hd.o
                0xc06ad180                hd_info
                0xc06ad3c0                hd_cache
 COMMON         0xc06ad5c0      0xe68 fs/fs_main.o
                0xc06ad5c0                file_desc_table
                0xc06ad9c0                phy_super_block_buf
                0xc06ad9c4                phy_fsbuf
                0xc06ad9e0                inode_table
                0xc06ae3e0                super_block_buf
                0xc06ae3e4                fsbuf
                0xc06ae400                root
 *fill*         0xc06ae428       0x18 
 COMMON         0xc06ae440       0xf0 mem/mem.o
                0xc06ae440                kernel_mem_block_decs_array
                0xc06ae530                        . = ALIGN ((. != 0x0)?0x4:0x1)
                0xc06ae530                        . = ALIGN (0x4)
                0xc06ae530                        . = SEGMENT_START ("ldata-segment", .)
                0xc06ae530                        . = ALIGN (0x4)
                0xc06ae530                        _end = .
                [!provide]                        PROVIDE (end = .)
                0xc06ae530                        . = DATA_SEGMENT_END (.)

.stab
 *(.stab)

.stabstr
 *(.stabstr)

.stab.excl
 *(.stab.excl)

.stab.exclstr
 *(.stab.exclstr)

.stab.index
 *(.stab.index)

.stab.indexstr
 *(.stab.indexstr)

.comment        0x00000000       0x2c
 *(.comment)
 .comment       0x00000000       0x2c double_link_list.o
                                 0x2d (size before relaxing)
 .comment       0x0000002c       0x2d global.o
 .comment       0x0000002c       0x2d kernel_main.o
 .comment       0x0000002c       0x2d console.o
 .comment       0x0000002c       0x2d protect.o
 .comment       0x0000002c       0x2d kernel_main_old.o
 .comment       0x0000002c       0x2d keyboard.o
 .comment       0x0000002c       0x2d process.o
 .comment       0x0000002c       0x2d thread.o
 .comment       0x0000002c       0x2d my_process.o
 .comment       0x0000002c       0x2d network/socket.o
 .comment       0x0000002c       0x2d network/ip_input.o
 .comment       0x0000002c       0x2d network/udp_sock.o
 .comment       0x0000002c       0x2d network/dst.o
 .comment       0x0000002c       0x2d network/inet.o
 .comment       0x0000002c       0x2d network/ip_output.o
 .comment       0x0000002c       0x2d network/tcp.o
 .comment       0x0000002c       0x2d network/sock.o
 .comment       0x0000002c       0x2d network/tcp_output.o
 .comment       0x0000002c       0x2d network/arp.o
 .comment       0x0000002c       0x2d network/tcp_sock.o
 .comment       0x0000002c       0x2d network/ipc.o
 .comment       0x0000002c       0x2d network/icmpv4.o
 .comment       0x0000002c       0x2d network/skbuff.o
 .comment       0x0000002c       0x2d network/netdev.o
 .comment       0x0000002c       0x2d network/tcp_input.o
 .comment       0x0000002c       0x2d network/task_network.o
 .comment       0x0000002c       0x2d network/route.o
 .comment       0x0000002c       0x2d network/udp.o
 .comment       0x0000002c       0x2d network/tcp_data.o
 .comment       0x0000002c       0x2d network/utils.o
 .comment       0x0000002c       0x2d hd/hd.o
 .comment       0x0000002c       0x2d fs/fs_main.o
 .comment       0x0000002c       0x2d mm/forkexit.o
 .comment       0x0000002c       0x2d mm/exec.o
 .comment       0x0000002c       0x2d mm/main.o
 .comment       0x0000002c       0x2d mem/mem.o
 .comment       0x0000002c       0x2d lib/floor.o
 .comment       0x0000002c       0x2d lib/exec.o
 .comment       0x0000002c       0x2d lib/exit.o
 .comment       0x0000002c       0x2d lib/unlink.o
 .comment       0x0000002c       0x2d lib/wait.o
 .comment       0x0000002c       0x2d lib/calloc.o
 .comment       0x0000002c       0x2d lib/alloca.o
 .comment       0x0000002c       0x2d lib/fork.o
 .comment       0x0000002c       0x2d lib/getpid.o
 .comment       0x0000002c       0x2d lib/string/strtok.o
 .comment       0x0000002c       0x2d lib/string/strcmp.o
 .comment       0x0000002c       0x2d lib/string/strncmp.o
 .comment       0x0000002c       0x2d lib/string/strpbrk.o
 .comment       0x0000002c       0x2d lib/stdio/read.o
 .comment       0x0000002c       0x2d lib/stdio/perror.o
 .comment       0x0000002c       0x2d lib/stdio/sscanf.o
 .comment       0x0000002c       0x2d lib/stdio/open.o
 .comment       0x0000002c       0x2d lib/stdio/write.o
 .comment       0x0000002c       0x2d lib/stdio/close.o
 .comment       0x0000002c       0x2d lib/arpa/ntohs.o
 .comment       0x0000002c       0x2d lib/arpa/htonl.o
 .comment       0x0000002c       0x2d lib/arpa/htons.o
 .comment       0x0000002c       0x2d lib/arpa/inet_pton.o
 .comment       0x0000002c       0x2d lib/arpa/ntohl.o
 .comment       0x0000002c       0x2d lib/arpa/inet_ntop.o

.gnu.build.attributes
 *(.gnu.build.attributes .gnu.build.attributes.*)

.debug
 *(.debug)

.line
 *(.line)

.debug_srcinfo
 *(.debug_srcinfo)

.debug_sfnames
 *(.debug_sfnames)

.debug_aranges  0x00000000      0x7b8
 *(.debug_aranges)
 .debug_aranges
                0x00000000       0x20 double_link_list.o
 .debug_aranges
                0x00000020       0x18 global.o
 .debug_aranges
                0x00000038       0x20 kernel_main.o
 .debug_aranges
                0x00000058       0x20 console.o
 .debug_aranges
                0x00000078       0x20 protect.o
 .debug_aranges
                0x00000098       0x20 kernel_main_old.o
 .debug_aranges
                0x000000b8       0x20 keyboard.o
 .debug_aranges
                0x000000d8       0x20 process.o
 .debug_aranges
                0x000000f8       0x20 thread.o
 .debug_aranges
                0x00000118       0x20 my_process.o
 .debug_aranges
                0x00000138       0x20 network/socket.o
 .debug_aranges
                0x00000158       0x20 network/ip_input.o
 .debug_aranges
                0x00000178       0x20 network/udp_sock.o
 .debug_aranges
                0x00000198       0x20 network/dst.o
 .debug_aranges
                0x000001b8       0x20 network/inet.o
 .debug_aranges
                0x000001d8       0x20 network/ip_output.o
 .debug_aranges
                0x000001f8       0x20 network/tcp.o
 .debug_aranges
                0x00000218       0x20 network/sock.o
 .debug_aranges
                0x00000238       0x20 network/tcp_output.o
 .debug_aranges
                0x00000258       0x20 network/arp.o
 .debug_aranges
                0x00000278       0x20 network/tcp_sock.o
 .debug_aranges
                0x00000298       0x20 network/ipc.o
 .debug_aranges
                0x000002b8       0x20 network/icmpv4.o
 .debug_aranges
                0x000002d8       0x20 network/skbuff.o
 .debug_aranges
                0x000002f8       0x20 network/netdev.o
 .debug_aranges
                0x00000318       0x20 network/tcp_input.o
 .debug_aranges
                0x00000338       0x20 network/task_network.o
 .debug_aranges
                0x00000358       0x20 network/route.o
 .debug_aranges
                0x00000378       0x20 network/udp.o
 .debug_aranges
                0x00000398       0x20 network/tcp_data.o
 .debug_aranges
                0x000003b8       0x20 network/utils.o
 .debug_aranges
                0x000003d8       0x20 hd/hd.o
 .debug_aranges
                0x000003f8       0x20 fs/fs_main.o
 .debug_aranges
                0x00000418       0x20 mm/forkexit.o
 .debug_aranges
                0x00000438       0x20 mm/exec.o
 .debug_aranges
                0x00000458       0x20 mm/main.o
 .debug_aranges
                0x00000478       0x20 mem/mem.o
 .debug_aranges
                0x00000498       0x20 lib/floor.o
 .debug_aranges
                0x000004b8       0x20 lib/exec.o
 .debug_aranges
                0x000004d8       0x20 lib/exit.o
 .debug_aranges
                0x000004f8       0x20 lib/unlink.o
 .debug_aranges
                0x00000518       0x20 lib/wait.o
 .debug_aranges
                0x00000538       0x20 lib/calloc.o
 .debug_aranges
                0x00000558       0x20 lib/alloca.o
 .debug_aranges
                0x00000578       0x20 lib/fork.o
 .debug_aranges
                0x00000598       0x20 lib/getpid.o
 .debug_aranges
                0x000005b8       0x20 lib/string/strtok.o
 .debug_aranges
                0x000005d8       0x20 lib/string/strcmp.o
 .debug_aranges
                0x000005f8       0x20 lib/string/strncmp.o
 .debug_aranges
                0x00000618       0x20 lib/string/strpbrk.o
 .debug_aranges
                0x00000638       0x20 lib/stdio/read.o
 .debug_aranges
                0x00000658       0x20 lib/stdio/perror.o
 .debug_aranges
                0x00000678       0x20 lib/stdio/sscanf.o
 .debug_aranges
                0x00000698       0x20 lib/stdio/open.o
 .debug_aranges
                0x000006b8       0x20 lib/stdio/write.o
 .debug_aranges
                0x000006d8       0x20 lib/stdio/close.o
 .debug_aranges
                0x000006f8       0x20 lib/arpa/ntohs.o
 .debug_aranges
                0x00000718       0x20 lib/arpa/htonl.o
 .debug_aranges
                0x00000738       0x20 lib/arpa/htons.o
 .debug_aranges
                0x00000758       0x20 lib/arpa/inet_pton.o
 .debug_aranges
                0x00000778       0x20 lib/arpa/ntohl.o
 .debug_aranges
                0x00000798       0x20 lib/arpa/inet_ntop.o

.debug_pubnames
 *(.debug_pubnames)

.debug_info     0x00000000    0x3d482
 *(.debug_info .gnu.linkonce.wi.*)
 .debug_info    0x00000000     0x1044 double_link_list.o
 .debug_info    0x00001044      0xe8a global.o
 .debug_info    0x00001ece      0xfcf kernel_main.o
 .debug_info    0x00002e9d     0x128a console.o
 .debug_info    0x00004127     0x11b5 protect.o
 .debug_info    0x000052dc     0x2820 kernel_main_old.o
 .debug_info    0x00007afc      0xfde keyboard.o
 .debug_info    0x00008ada      0xf73 process.o
 .debug_info    0x00009a4d     0x1069 thread.o
 .debug_info    0x0000aab6     0x149d my_process.o
 .debug_info    0x0000bf53     0x1ba7 network/socket.o
 .debug_info    0x0000dafa     0x1aab network/ip_input.o
 .debug_info    0x0000f5a5     0x1edd network/udp_sock.o
 .debug_info    0x00011482     0x11ea network/dst.o
 .debug_info    0x0001266c     0x1a0c network/inet.o
 .debug_info    0x00014078     0x1745 network/ip_output.o
 .debug_info    0x000157bd     0x1e0e network/tcp.o
 .debug_info    0x000175cb     0x1860 network/sock.o
 .debug_info    0x00018e2b     0x2329 network/tcp_output.o
 .debug_info    0x0001b154      0x76e network/arp.o
 .debug_info    0x0001b8c2     0x21ff network/tcp_sock.o
 .debug_info    0x0001dac1     0x1c38 network/ipc.o
 .debug_info    0x0001f6f9     0x1909 network/icmpv4.o
 .debug_info    0x00021002      0x39f network/skbuff.o
 .debug_info    0x000213a1     0x132e network/netdev.o
 .debug_info    0x000226cf     0x2111 network/tcp_input.o
 .debug_info    0x000247e0      0xf01 network/task_network.o
 .debug_info    0x000256e1     0x1282 network/route.o
 .debug_info    0x00026963     0x1b0e network/udp.o
 .debug_info    0x00028471     0x1d77 network/tcp_data.o
 .debug_info    0x0002a1e8      0x367 network/utils.o
 .debug_info    0x0002a54f     0x19f3 hd/hd.o
 .debug_info    0x0002bf42     0x1f3b fs/fs_main.o
 .debug_info    0x0002de7d      0xfbc mm/forkexit.o
 .debug_info    0x0002ee39     0x11ca mm/exec.o
 .debug_info    0x00030003      0xdcc mm/main.o
 .debug_info    0x00030dcf     0x1d52 mem/mem.o
 .debug_info    0x00032b21       0x6b lib/floor.o
 .debug_info    0x00032b8c      0xf40 lib/exec.o
 .debug_info    0x00033acc      0xdb3 lib/exit.o
 .debug_info    0x0003487f      0xe91 lib/unlink.o
 .debug_info    0x00035710      0xdc1 lib/wait.o
 .debug_info    0x000364d1      0xeb9 lib/calloc.o
 .debug_info    0x0003738a       0x98 lib/alloca.o
 .debug_info    0x00037422      0xda8 lib/fork.o
 .debug_info    0x000381ca      0xda8 lib/getpid.o
 .debug_info    0x00038f72       0xae lib/string/strtok.o
 .debug_info    0x00039020       0xc1 lib/string/strcmp.o
 .debug_info    0x000390e1      0x110 lib/string/strncmp.o
 .debug_info    0x000391f1       0xcf lib/string/strpbrk.o
 .debug_info    0x000392c0      0xea1 lib/stdio/read.o
 .debug_info    0x0003a161       0x5c lib/stdio/perror.o
 .debug_info    0x0003a1bd      0x20e lib/stdio/sscanf.o
 .debug_info    0x0003a3cb      0xe02 lib/stdio/open.o
 .debug_info    0x0003b1cd      0xe2f lib/stdio/write.o
 .debug_info    0x0003bffc      0xdb6 lib/stdio/close.o
 .debug_info    0x0003cdb2       0xa8 lib/arpa/ntohs.o
 .debug_info    0x0003ce5a       0xcb lib/arpa/htonl.o
 .debug_info    0x0003cf25       0xa8 lib/arpa/htons.o
 .debug_info    0x0003cfcd      0x260 lib/arpa/inet_pton.o
 .debug_info    0x0003d22d       0xcb lib/arpa/ntohl.o
 .debug_info    0x0003d2f8      0x18a lib/arpa/inet_ntop.o

.debug_abbrev   0x00000000     0x77f1
 *(.debug_abbrev)
 .debug_abbrev  0x00000000      0x216 double_link_list.o
 .debug_abbrev  0x00000216      0x157 global.o
 .debug_abbrev  0x0000036d      0x208 kernel_main.o
 .debug_abbrev  0x00000575      0x2ac console.o
 .debug_abbrev  0x00000821      0x227 protect.o
 .debug_abbrev  0x00000a48      0x452 kernel_main_old.o
 .debug_abbrev  0x00000e9a      0x1fb keyboard.o
 .debug_abbrev  0x00001095      0x1e0 process.o
 .debug_abbrev  0x00001275      0x222 thread.o
 .debug_abbrev  0x00001497      0x260 my_process.o
 .debug_abbrev  0x000016f7      0x327 network/socket.o
 .debug_abbrev  0x00001a1e      0x2d1 network/ip_input.o
 .debug_abbrev  0x00001cef      0x3b1 network/udp_sock.o
 .debug_abbrev  0x000020a0      0x204 network/dst.o
 .debug_abbrev  0x000022a4      0x24b network/inet.o
 .debug_abbrev  0x000024ef      0x213 network/ip_output.o
 .debug_abbrev  0x00002702      0x332 network/tcp.o
 .debug_abbrev  0x00002a34      0x273 network/sock.o
 .debug_abbrev  0x00002ca7      0x39b network/tcp_output.o
 .debug_abbrev  0x00003042      0x210 network/arp.o
 .debug_abbrev  0x00003252      0x3e6 network/tcp_sock.o
 .debug_abbrev  0x00003638      0x2ee network/ipc.o
 .debug_abbrev  0x00003926      0x236 network/icmpv4.o
 .debug_abbrev  0x00003b5c      0x15f network/skbuff.o
 .debug_abbrev  0x00003cbb      0x289 network/netdev.o
 .debug_abbrev  0x00003f44      0x355 network/tcp_input.o
 .debug_abbrev  0x00004299      0x1cb network/task_network.o
 .debug_abbrev  0x00004464      0x24e network/route.o
 .debug_abbrev  0x000046b2      0x2d3 network/udp.o
 .debug_abbrev  0x00004985      0x2a6 network/tcp_data.o
 .debug_abbrev  0x00004c2b      0x17a network/utils.o
 .debug_abbrev  0x00004da5      0x33e hd/hd.o
 .debug_abbrev  0x000050e3      0x2ef fs/fs_main.o
 .debug_abbrev  0x000053d2      0x204 mm/forkexit.o
 .debug_abbrev  0x000055d6      0x1c4 mm/exec.o
 .debug_abbrev  0x0000579a      0x208 mm/main.o
 .debug_abbrev  0x000059a2      0x2ea mem/mem.o
 .debug_abbrev  0x00005c8c       0x6a lib/floor.o
 .debug_abbrev  0x00005cf6      0x1e8 lib/exec.o
 .debug_abbrev  0x00005ede      0x19b lib/exit.o
 .debug_abbrev  0x00006079      0x193 lib/unlink.o
 .debug_abbrev  0x0000620c      0x19f lib/wait.o
 .debug_abbrev  0x000063ab      0x191 lib/calloc.o
 .debug_abbrev  0x0000653c       0x86 lib/alloca.o
 .debug_abbrev  0x000065c2      0x18a lib/fork.o
 .debug_abbrev  0x0000674c      0x18a lib/getpid.o
 .debug_abbrev  0x000068d6       0x91 lib/string/strtok.o
 .debug_abbrev  0x00006967       0x94 lib/string/strcmp.o
 .debug_abbrev  0x000069fb       0xbe lib/string/strncmp.o
 .debug_abbrev  0x00006ab9       0xa5 lib/string/strpbrk.o
 .debug_abbrev  0x00006b5e      0x1ef lib/stdio/read.o
 .debug_abbrev  0x00006d4d       0x5c lib/stdio/perror.o
 .debug_abbrev  0x00006da9       0xdd lib/stdio/sscanf.o
 .debug_abbrev  0x00006e86      0x1c5 lib/stdio/open.o
 .debug_abbrev  0x0000704b      0x1db lib/stdio/write.o
 .debug_abbrev  0x00007226      0x19d lib/stdio/close.o
 .debug_abbrev  0x000073c3       0x6c lib/arpa/ntohs.o
 .debug_abbrev  0x0000742f       0xa5 lib/arpa/htonl.o
 .debug_abbrev  0x000074d4       0x6c lib/arpa/htons.o
 .debug_abbrev  0x00007540      0x116 lib/arpa/inet_pton.o
 .debug_abbrev  0x00007656       0xa5 lib/arpa/ntohl.o
 .debug_abbrev  0x000076fb       0xf6 lib/arpa/inet_ntop.o

.debug_line     0x00000000     0x95e4
 *(.debug_line .debug_line.* .debug_line_end)
 .debug_line    0x00000000      0x253 double_link_list.o
 .debug_line    0x00000253       0x95 global.o
 .debug_line    0x000002e8      0x1df kernel_main.o
 .debug_line    0x000004c7      0x54e console.o
 .debug_line    0x00000a15      0x1ff protect.o
 .debug_line    0x00000c14      0xe0f kernel_main_old.o
 .debug_line    0x00001a23      0x296 keyboard.o
 .debug_line    0x00001cb9      0x180 process.o
 .debug_line    0x00001e39      0x145 thread.o
 .debug_line    0x00001f7e      0x33b my_process.o
 .debug_line    0x000022b9      0x3a6 network/socket.o
 .debug_line    0x0000265f      0x272 network/ip_input.o
 .debug_line    0x000028d1      0x4b0 network/udp_sock.o
 .debug_line    0x00002d81      0x15e network/dst.o
 .debug_line    0x00002edf      0x30e network/inet.o
 .debug_line    0x000031ed      0x1fe network/ip_output.o
 .debug_line    0x000033eb      0x2f5 network/tcp.o
 .debug_line    0x000036e0      0x222 network/sock.o
 .debug_line    0x00003902      0x58a network/tcp_output.o
 .debug_line    0x00003e8c      0x34c network/arp.o
 .debug_line    0x000041d8      0x57b network/tcp_sock.o
 .debug_line    0x00004753      0x5ab network/ipc.o
 .debug_line    0x00004cfe      0x225 network/icmpv4.o
 .debug_line    0x00004f23      0x121 network/skbuff.o
 .debug_line    0x00005044      0x24e network/netdev.o
 .debug_line    0x00005292      0x658 network/tcp_input.o
 .debug_line    0x000058ea       0xf0 network/task_network.o
 .debug_line    0x000059da      0x209 network/route.o
 .debug_line    0x00005be3      0x2ec network/udp.o
 .debug_line    0x00005ecf      0x3e9 network/tcp_data.o
 .debug_line    0x000062b8      0x13c network/utils.o
 .debug_line    0x000063f4      0x639 hd/hd.o
 .debug_line    0x00006a2d      0xc1a fs/fs_main.o
 .debug_line    0x00007647      0x17a mm/forkexit.o
 .debug_line    0x000077c1      0x20c mm/exec.o
 .debug_line    0x000079cd       0xec mm/main.o
 .debug_line    0x00007ab9      0x7e3 mem/mem.o
 .debug_line    0x0000829c       0x5a lib/floor.o
 .debug_line    0x000082f6      0x18b lib/exec.o
 .debug_line    0x00008481       0xa0 lib/exit.o
 .debug_line    0x00008521       0xc0 lib/unlink.o
 .debug_line    0x000085e1       0xb7 lib/wait.o
 .debug_line    0x00008698       0xe3 lib/calloc.o
 .debug_line    0x0000877b       0x6b lib/alloca.o
 .debug_line    0x000087e6       0xa5 lib/fork.o
 .debug_line    0x0000888b       0xa0 lib/getpid.o
 .debug_line    0x0000892b       0x6e lib/string/strtok.o
 .debug_line    0x00008999       0x8a lib/string/strcmp.o
 .debug_line    0x00008a23       0xcc lib/string/strncmp.o
 .debug_line    0x00008aef       0xb0 lib/string/strpbrk.o
 .debug_line    0x00008b9f      0x15b lib/stdio/read.o
 .debug_line    0x00008cfa       0x48 lib/stdio/perror.o
 .debug_line    0x00008d42      0x1d2 lib/stdio/sscanf.o
 .debug_line    0x00008f14       0xc3 lib/stdio/open.o
 .debug_line    0x00008fd7       0xc2 lib/stdio/write.o
 .debug_line    0x00009099       0xb3 lib/stdio/close.o
 .debug_line    0x0000914c       0x6c lib/arpa/ntohs.o
 .debug_line    0x000091b8       0xc1 lib/arpa/htonl.o
 .debug_line    0x00009279       0x6c lib/arpa/htons.o
 .debug_line    0x000092e5      0x167 lib/arpa/inet_pton.o
 .debug_line    0x0000944c       0xc1 lib/arpa/ntohl.o
 .debug_line    0x0000950d       0xd7 lib/arpa/inet_ntop.o

.debug_frame
 *(.debug_frame)

.debug_str      0x00000000     0x35b4
 *(.debug_str)
 .debug_str     0x00000000     0x35b4 double_link_list.o
                                0x6d1 (size before relaxing)
 .debug_str     0x000035b4      0x610 global.o
 .debug_str     0x000035b4      0x69c kernel_main.o
 .debug_str     0x000035b4      0x75f console.o
 .debug_str     0x000035b4      0x76b protect.o
 .debug_str     0x000035b4      0xb73 kernel_main_old.o
 .debug_str     0x000035b4      0x69c keyboard.o
 .debug_str     0x000035b4      0x64a process.o
 .debug_str     0x000035b4      0x717 thread.o
 .debug_str     0x000035b4      0x8fe my_process.o
 .debug_str     0x000035b4      0x928 network/socket.o
 .debug_str     0x000035b4      0x99b network/ip_input.o
 .debug_str     0x000035b4      0xa71 network/udp_sock.o
 .debug_str     0x000035b4      0x722 network/dst.o
 .debug_str     0x000035b4      0x8e7 network/inet.o
 .debug_str     0x000035b4      0x856 network/ip_output.o
 .debug_str     0x000035b4      0xb2d network/tcp.o
 .debug_str     0x000035b4      0x8b6 network/sock.o
 .debug_str     0x000035b4      0xc1d network/tcp_output.o
 .debug_str     0x000035b4      0x2f6 network/arp.o
 .debug_str     0x000035b4      0xcc0 network/tcp_sock.o
 .debug_str     0x000035b4      0x8d2 network/ipc.o
 .debug_str     0x000035b4      0x91a network/icmpv4.o
 .debug_str     0x000035b4      0x1d8 network/skbuff.o
 .debug_str     0x000035b4      0x77d network/netdev.o
 .debug_str     0x000035b4      0xb8d network/tcp_input.o
 .debug_str     0x000035b4      0x66b network/task_network.o
 .debug_str     0x000035b4      0x743 network/route.o
 .debug_str     0x000035b4      0x94d network/udp.o
 .debug_str     0x000035b4      0xa49 network/tcp_data.o
 .debug_str     0x000035b4      0x1b8 network/utils.o
 .debug_str     0x000035b4      0x9c5 hd/hd.o
 .debug_str     0x000035b4      0xafa fs/fs_main.o
 .debug_str     0x000035b4      0x617 mm/forkexit.o
 .debug_str     0x000035b4      0x86d mm/exec.o
 .debug_str     0x000035b4      0x598 mm/main.o
 .debug_str     0x000035b4      0xa98 mem/mem.o
 .debug_str     0x000035b4       0xa2 lib/floor.o
 .debug_str     0x000035b4      0x62c lib/exec.o
 .debug_str     0x000035b4      0x5a5 lib/exit.o
 .debug_str     0x000035b4      0x624 lib/unlink.o
 .debug_str     0x000035b4      0x5a5 lib/wait.o
 .debug_str     0x000035b4      0x631 lib/calloc.o
 .debug_str     0x000035b4       0xb6 lib/alloca.o
 .debug_str     0x000035b4      0x59e lib/fork.o
 .debug_str     0x000035b4      0x5a2 lib/getpid.o
 .debug_str     0x000035b4       0xb9 lib/string/strtok.o
 .debug_str     0x000035b4       0xb1 lib/string/strcmp.o
 .debug_str     0x000035b4       0xba lib/string/strncmp.o
 .debug_str     0x000035b4       0xc1 lib/string/strpbrk.o
 .debug_str     0x000035b4      0x617 lib/stdio/read.o
 .debug_str     0x000035b4       0x99 lib/stdio/perror.o
 .debug_str     0x000035b4      0x102 lib/stdio/sscanf.o
 .debug_str     0x000035b4      0x5de lib/stdio/open.o
 .debug_str     0x000035b4      0x5db lib/stdio/write.o
 .debug_str     0x000035b4      0x5a6 lib/stdio/close.o
 .debug_str     0x000035b4      0x101 lib/arpa/ntohs.o
 .debug_str     0x000035b4       0xf4 lib/arpa/htonl.o
 .debug_str     0x000035b4      0x102 lib/arpa/htons.o
 .debug_str     0x000035b4      0x14c lib/arpa/inet_pton.o
 .debug_str     0x000035b4       0xf3 lib/arpa/ntohl.o
 .debug_str     0x000035b4      0x10f lib/arpa/inet_ntop.o

.debug_loc
 *(.debug_loc)

.debug_macinfo
 *(.debug_macinfo)

.debug_weaknames
 *(.debug_weaknames)

.debug_funcnames
 *(.debug_funcnames)

.debug_typenames
 *(.debug_typenames)

.debug_varnames
 *(.debug_varnames)

.debug_pubtypes
 *(.debug_pubtypes)

.debug_ranges   0x00000000       0x90
 *(.debug_ranges)
 .debug_ranges  0x00000000       0x30 kernel_main_old.o
 .debug_ranges  0x00000030       0x48 hd/hd.o
 .debug_ranges  0x00000078       0x18 mm/exec.o

.debug_addr
 *(.debug_addr)

.debug_line_str
 *(.debug_line_str)

.debug_loclists
 *(.debug_loclists)

.debug_macro
 *(.debug_macro)

.debug_names
 *(.debug_names)

.debug_rnglists
 *(.debug_rnglists)

.debug_str_offsets
 *(.debug_str_offsets)

.debug_sup
 *(.debug_sup)

.gnu.attributes
 *(.gnu.attributes)

/DISCARD/
 *(.note.GNU-stack)
 *(.gnu_debuglink)
 *(.gnu.lto_*)
OUTPUT(kernel.bin elf32-i386)
