
Allocating common symbols
Common symbol       size              file

current_tty         0x4               kernel_main.o
file_desc_table     0x400             fs_main.o
is_e0               0x1               kernel_main.o
phy_super_block_buf
                    0x4               fs_main.o
phy_fsbuf           0x4               fs_main.o
idt_ptr             0x6               kernel_main.o
pid                 0x4               kernel_main.o
KernelVirtualMemory
                    0xc               kernel_main.o
inode_table         0xa00             fs_main.o
dis_pos             0x4               kernel_main.o
k_reenter           0x4               kernel_main.o
super_block_buf     0x4               fs_main.o
gdt                 0x400             kernel_main.o
proc_ready_table    0x4               kernel_main.o
test_ticks          0x4               kernel_main.o
hd_info             0x224             hd.o
proc_stack          0x70000           global.o
pcaller             0x4               kernel_main.o
keyboard_buffer     0x20c             kernel_main.o
pcb_list            0x10              kernel_main.o
gdt_index           0x4               kernel_main.o
tty_table           0x828             kernel_main.o
tss                 0x6c              kernel_main.o
KernelPool          0x10              kernel_main.o
fsbuf               0x4               fs_main.o
root                0x28              fs_main.o
kernel_mem_block_decs_array
                    0xf0              mem/mem.o
counter             0x4               kernel_main.o
key_pressed         0x4               kernel_main.o
is_shift            0x1               kernel_main.o
gdt_ptr             0x6               kernel_main.o
idt                 0x800             kernel_main.o
main_thread         0x4               kernel_main.o
ticks               0x8               kernel_main.o
is_init             0x1               kernel_main.o
UserPool            0x10              kernel_main.o
all_pcb_list        0x10              kernel_main.o
console_table       0x10              kernel_main.o
is_disp             0x1               kernel_main.o
proc_table          0x15a0            global.o
hd_cache            0x200             hd.o

Discarded input sections

 .note.GNU-stack
                0x0000000000000000        0x0 kernel_main.o
 .note.GNU-stack
                0x0000000000000000        0x0 hd.o
 .note.GNU-stack
                0x0000000000000000        0x0 fs_main.o
 .note.GNU-stack
                0x0000000000000000        0x0 global.o
 .note.GNU-stack
                0x0000000000000000        0x0 process.o
 .note.GNU-stack
                0x0000000000000000        0x0 protect.o
 .note.GNU-stack
                0x0000000000000000        0x0 console.o
 .note.GNU-stack
                0x0000000000000000        0x0 keyboard.o
 .note.GNU-stack
                0x0000000000000000        0x0 open.o
 .note.GNU-stack
                0x0000000000000000        0x0 read.o
 .note.GNU-stack
                0x0000000000000000        0x0 write.o
 .note.GNU-stack
                0x0000000000000000        0x0 close.o
 .note.GNU-stack
                0x0000000000000000        0x0 wait.o
 .note.GNU-stack
                0x0000000000000000        0x0 exit.o
 .note.GNU-stack
                0x0000000000000000        0x0 fork.o
 .note.GNU-stack
                0x0000000000000000        0x0 getpid.o
 .note.GNU-stack
                0x0000000000000000        0x0 exec.o
 .note.GNU-stack
                0x0000000000000000        0x0 mm/main.o
 .note.GNU-stack
                0x0000000000000000        0x0 mm/exec.o
 .note.GNU-stack
                0x0000000000000000        0x0 mm/forkexit.o
 .note.GNU-stack
                0x0000000000000000        0x0 mem/mem.o
 .note.GNU-stack
                0x0000000000000000        0x0 kernel_main_old.o
 .note.GNU-stack
                0x0000000000000000        0x0 my_process.o
 .note.GNU-stack
                0x0000000000000000        0x0 double_link_list.o
 .note.GNU-stack
                0x0000000000000000        0x0 thread.o

Memory Configuration

Name             Origin             Length             Attributes
*default*        0x0000000000000000 0xffffffffffffffff

Linker script and memory map

Address of section .text set to 0xc0001000
LOAD kernel_sub.o
LOAD kernel.o
LOAD string.o
LOAD kernel_main.o
LOAD hd.o
LOAD syscall.o
LOAD fs_main.o
LOAD global.o
LOAD hd_rdwt.o
LOAD process.o
LOAD protect.o
LOAD console.o
LOAD keyboard.o
LOAD open.o
LOAD read.o
LOAD write.o
LOAD close.o
LOAD wait.o
LOAD exit.o
LOAD fork.o
LOAD getpid.o
LOAD exec.o
LOAD mm/main.o
LOAD mm/exec.o
LOAD mm/forkexit.o
LOAD mem/mem.o
LOAD kernel_main_old.o
LOAD my_process.o
LOAD switch_to.o
LOAD double_link_list.o
LOAD thread.o
                [!provide]                        PROVIDE (__executable_start = SEGMENT_START ("text-segment", 0x8048000))
                0x0000000008048094                . = (SEGMENT_START ("text-segment", 0x8048000) + SIZEOF_HEADERS)

.interp
 *(.interp)

.note.gnu.build-id
 *(.note.gnu.build-id)

.hash
 *(.hash)

.gnu.hash
 *(.gnu.hash)

.dynsym
 *(.dynsym)

.dynstr
 *(.dynstr)

.gnu.version
 *(.gnu.version)

.gnu.version_d
 *(.gnu.version_d)

.gnu.version_r
 *(.gnu.version_r)

.rel.dyn        0x0000000008048094        0x0
 *(.rel.init)
 *(.rel.text .rel.text.* .rel.gnu.linkonce.t.*)
 .rel.text      0x0000000008048094        0x0 kernel_sub.o
 *(.rel.fini)
 *(.rel.rodata .rel.rodata.* .rel.gnu.linkonce.r.*)
 *(.rel.data.rel.ro .rel.data.rel.ro.* .rel.gnu.linkonce.d.rel.ro.*)
 *(.rel.data .rel.data.* .rel.gnu.linkonce.d.*)
 *(.rel.tdata .rel.tdata.* .rel.gnu.linkonce.td.*)
 *(.rel.tbss .rel.tbss.* .rel.gnu.linkonce.tb.*)
 *(.rel.ctors)
 *(.rel.dtors)
 *(.rel.got)
 .rel.got       0x0000000008048094        0x0 kernel_sub.o
 *(.rel.bss .rel.bss.* .rel.gnu.linkonce.b.*)
 *(.rel.ifunc)

.rel.plt        0x0000000008048094        0x0
 *(.rel.plt)
                [!provide]                        PROVIDE (__rel_iplt_start = .)
 *(.rel.iplt)
 .rel.iplt      0x0000000008048094        0x0 kernel_sub.o
                [!provide]                        PROVIDE (__rel_iplt_end = .)

.init
 *(SORT_NONE(.init))

.plt            0x0000000008048098        0x0
 *(.plt)
 *(.iplt)
 .iplt          0x0000000008048098        0x0 kernel_sub.o

.plt.got
 *(.plt.got)

.plt.sec
 *(.plt.sec)

.text           0x00000000c0001000     0x9fe0
 *(.text.unlikely .text.*_unlikely .text.unlikely.*)
 *(.text.exit .text.exit.*)
 *(.text.startup .text.startup.*)
 *(.text.hot .text.hot.*)
 *(.text .stub .text.* .gnu.linkonce.t.*)
 .text          0x00000000c0001000       0x71 kernel_sub.o
                0x00000000c0001000                _start
 *fill*         0x00000000c0001071        0xf 
 .text          0x00000000c0001080      0x325 kernel.o
                0x00000000c0001080                InterruptTest
                0x00000000c000108c                disp_str
                0x00000000c00010c7                disp_str_colour
                0x00000000c0001103                divide_zero_fault
                0x00000000c0001109                single_step_fault
                0x00000000c000110f                non_maskable_interrupt
                0x00000000c0001115                breakpoint_trap
                0x00000000c000111b                overflow_trap
                0x00000000c0001121                bound_range_exceeded_fault
                0x00000000c0001127                invalid_opcode_fault
                0x00000000c000112d                coprocessor_not_available_fault
                0x00000000c0001133                double_fault_exception_abort
                0x00000000c0001137                coprocessor_segment_overrun
                0x00000000c000113d                invalid_task_state_segment_fault
                0x00000000c0001141                segment_not_present_fault
                0x00000000c0001145                stack_exception_fault
                0x00000000c0001149                general_protection_exception_fault
                0x00000000c0001154                page_fault
                0x00000000c0001158                coprocessor_error_fault
                0x00000000c000115e                align_check_fault
                0x00000000c0001162                simd_float_exception_fault
                0x00000000c0001171                hwint0
                0x00000000c000119e                hwint1
                0x00000000c00011e0                hwint14
                0x00000000c000121e                sys_call
                0x00000000c0001263                fork_restart
                0x00000000c000126c                restart
                0x00000000c000128d                in_byte
                0x00000000c0001299                out_byte
                0x00000000c00012bb                disable_int
                0x00000000c00012bd                enable_int
                0x00000000c0001353                enable_8259A_casecade_irq
                0x00000000c000135d                disable_8259A_casecade_irq
                0x00000000c0001367                enable_8259A_slave_winchester_irq
                0x00000000c0001371                disable_8259A_slave_winchester_irq
                0x00000000c000137b                update_cr3
                0x00000000c0001388                update_tss
                0x00000000c0001397                get_running_thread_pcb
                0x00000000c000139f                sys_call_test
 .text          0x00000000c00013a5      0x286 kernel_main.o
                0x00000000c00013a5                kernel_main
                0x00000000c0001480                init
                0x00000000c0001530                kernel_thread_a
                0x00000000c000157d                kernel_thread_b
                0x00000000c00015ca                kernel_thread_c
                0x00000000c00015e0                kernel_thread_d
                0x00000000c00015f6                user_proc_a
                0x00000000c0001613                user_proc_b
 .text          0x00000000c000162b      0xe1d hd.o
                0x00000000c000162b                TaskHD
                0x00000000c0001670                init_hd
                0x00000000c000168a                hd_handle
                0x00000000c000178f                hd_cmd_out
                0x00000000c0001891                hd_identify
                0x00000000c0001948                print_hdinfo
                0x00000000c0001ad6                print_dpt_entry
                0x00000000c0001b42                get_partition_table
                0x00000000c0001c21                partition
                0x00000000c0001e3b                hd_open
                0x00000000c0001ee2                get_hd_ioctl
                0x00000000c0001f93                wait_for
                0x00000000c0001fc4                interrupt_wait
                0x00000000c0002014                hd_rdwt
                0x00000000c00022b3                hd_handler
                0x00000000c00022df                waitfor
                0x00000000c0002323                print_hd_info
                0x00000000c0002410                is_empty
 *fill*         0x00000000c0002448        0x8 
 .text          0x00000000c0002450       0xa1 syscall.o
                0x00000000c0002450                get_ticks
                0x00000000c0002458                write2
                0x00000000c0002468                write_debug
                0x00000000c0002488                send_msg
                0x00000000c00024ae                receive_msg
                0x00000000c00024c4                sys_malloc
                0x00000000c00024d9                sys_free
 .text          0x00000000c00024f1     0x202f fs_main.o
                0x00000000c00024f1                task_fs
                0x00000000c00026fc                rd_wt
                0x00000000c00027d5                mkfs
                0x00000000c0002db7                init_fs
                0x00000000c0002e0b                do_open
                0x00000000c0002fda                search_file
                0x00000000c000310c                strip_path
                0x00000000c00031d8                get_inode
                0x00000000c000339a                create_file
                0x00000000c00034a5                alloc_imap_bit
                0x00000000c00035a2                alloc_smap_bit
                0x00000000c0003743                new_inode
                0x00000000c0003861                new_dir_entry
                0x00000000c0003a6d                do_unlink
                0x00000000c0003f49                do_rdwt
                0x00000000c00042d4                sync_inode
                0x00000000c0004428                put_inode
                0x00000000c0004466                do_close
                0x00000000c00044b8                get_super_block
 .text          0x00000000c0004520        0x0 global.o
 .text          0x00000000c0004520      0x225 process.o
                0x00000000c0004520                check
                0x00000000c0004547                schedule_process
                0x00000000c000464c                clock_handler
                0x00000000c00046bc                pid2proc
                0x00000000c000472e                proc2pid
 .text          0x00000000c0004745      0x3a0 protect.o
                0x00000000c0004745                InitDescriptor
                0x00000000c00047b2                Seg2PhyAddr
                0x00000000c00047f3                Seg2PhyAddrLDT
                0x00000000c0004837                VirAddr2PhyAddr
                0x00000000c000484d                v2l
                0x00000000c0004890                init_propt
                0x00000000c00049fe                InitInterruptDesc
                0x00000000c0004a5a                ReloadGDT
 .text          0x00000000c0004ae5      0xaca console.o
                0x00000000c0004ae5                select_console
                0x00000000c0004b21                flush
                0x00000000c0004b5a                set_cursor
                0x00000000c0004bb8                set_console_start_video_addr
                0x00000000c0004c16                put_key
                0x00000000c0004c82                scroll_up
                0x00000000c0004cc4                scroll_down
                0x00000000c0004d2f                out_char
                0x00000000c0004eec                tty_dev_read
                0x00000000c0004f16                tty_dev_write
                0x00000000c0005143                tty_do_read
                0x00000000c000520b                tty_do_write
                0x00000000c000536e                init_screen
                0x00000000c00053f7                init_tty
                0x00000000c00054ac                TaskTTY
 .text          0x00000000c00055af      0x40f keyboard.o
                0x00000000c00055af                keyboard_handler
                0x00000000c0005633                read_from_keyboard_buf
                0x00000000c0005699                keyboard_read
                0x00000000c0005818                init_keyboard_handler
                0x00000000c000582c                in_process
 .text          0x00000000c00059be       0x95 open.o
                0x00000000c00059be                open
 .text          0x00000000c0005a53      0x181 read.o
                0x00000000c0005a53                read
 .text          0x00000000c0005bd4       0x85 write.o
                0x00000000c0005bd4                write
 .text          0x00000000c0005c59       0x52 close.o
                0x00000000c0005c59                close
 .text          0x00000000c0005cab       0x44 wait.o
                0x00000000c0005cab                wait
 .text          0x00000000c0005cef       0x2f exit.o
                0x00000000c0005cef                exit
 .text          0x00000000c0005d1e       0x68 fork.o
                0x00000000c0005d1e                fork
 .text          0x00000000c0005d86       0x2b getpid.o
                0x00000000c0005d86                getpid
 .text          0x00000000c0005db1      0x27b exec.o
                0x00000000c0005db1                exec
                0x00000000c0005e22                execv
                0x00000000c0006007                execl
 .text          0x00000000c000602c      0x148 mm/main.o
                0x00000000c000602c                TaskMM
                0x00000000c0006155                alloc_mem
 .text          0x00000000c0006174      0x41f mm/exec.o
                0x00000000c0006174                do_exec
 .text          0x00000000c0006593      0x291 mm/forkexit.o
                0x00000000c0006593                do_fork
                0x00000000c0006601                do_exit
                0x00000000c00066fd                do_wait
                0x00000000c00067ca                cleanup
 .text          0x00000000c0006824     0x1266 mem/mem.o
                0x00000000c0006824                init_bitmap
                0x00000000c0006847                test_bit_val
                0x00000000c00068b0                set_bit_val
                0x00000000c000692b                set_bits
                0x00000000c0006965                get_first_free_bit
                0x00000000c00069a9                get_bits
                0x00000000c0006a71                get_a_page
                0x00000000c0006b25                get_virtual_address_start_with_addr
                0x00000000c0006bbf                get_virtual_address
                0x00000000c0006c4f                ptr_pde
                0x00000000c0006c62                ptr_pte
                0x00000000c0006c89                add_map_entry
                0x00000000c0006d1a                alloc_virtual_memory
                0x00000000c0006de8                get_physical_address_proc
                0x00000000c0006e64                get_physical_address
                0x00000000c0006e96                alloc_physical_memory_of_proc
                0x00000000c0006f85                alloc_physical_memory
                0x00000000c000704d                alloc_memory
                0x00000000c00070af                get_a_virtual_page
                0x00000000c00070e7                block2arena
                0x00000000c00070fd                sys_malloc2
                0x00000000c00073ae                remove_map_entry
                0x00000000c00073cf                free_a_page
                0x00000000c0007476                sys_free2
                0x00000000c00075f9                init_memory_block_desc
                0x00000000c00076ca                init_memory2
                0x00000000c0007941                init_memory
 .text          0x00000000c0007a8a     0x2925 kernel_main_old.o
                0x00000000c0007a8a                intr_enable
                0x00000000c0007ab3                intr_disable
                0x00000000c0007adc                intr_set_status
                0x00000000c0007afa                intr_get_status
                0x00000000c0007b17                Memcpy
                0x00000000c0007b4a                untar
                0x00000000c0007e5a                atoi
                0x00000000c0007f00                disp_int
                0x00000000c0007f29                do_page_fault
                0x00000000c0008066                exception_handler
                0x00000000c000824d                init_internal_interrupt
                0x00000000c00083c2                spurious_irq
                0x00000000c0008450                init_keyboard
                0x00000000c00084bd                u_thread_a
                0x00000000c00084d5                TestTTY
                0x00000000c0008574                TestFS
                0x00000000c000897c                wait_exit
                0x00000000c0008a4a                INIT_fork
                0x00000000c0008d2d                simple_shell
                0x00000000c0008f2b                test_split_str
                0x00000000c00090b8                test_shell
                0x00000000c0009120                test_exec
                0x00000000c00091c8                INIT
                0x00000000c00091d5                TestA
                0x00000000c000920a                delay
                0x00000000c000924e                TestB
                0x00000000c0009266                TestC
                0x00000000c0009299                sys_get_ticks
                0x00000000c00092a9                sys_write
                0x00000000c00092fd                milli_delay
                0x00000000c0009339                TaskSys
                0x00000000c000933e                Printf
                0x00000000c000939c                vsprintf
                0x00000000c0009548                printx
                0x00000000c000958b                sys_printx
                0x00000000c0009657                spin
                0x00000000c000967d                panic
                0x00000000c000969b                assertion_failure
                0x00000000c00096d2                dead_lock
                0x00000000c00096dc                sys_send_msg
                0x00000000c0009ac3                sys_receive_msg
                0x00000000c0009fd2                disp_str_colour_debug
                0x00000000c0009fd8                send_rec
                0x00000000c000a0d4                block
                0x00000000c000a110                unblock
                0x00000000c000a160                get_ticks_ipc
                0x00000000c000a1b7                itoa
                0x00000000c000a20d                i2a
                0x00000000c000a273                inform_int
                0x00000000c000a340                strcmp
 .text          0x00000000c000a3af      0x73e my_process.o
                0x00000000c000a3af                create_user_process_address_space
                0x00000000c000a43f                user_process
                0x00000000c000a54e                clone_pcb
                0x00000000c000a6c5                build_body_stack
                0x00000000c000a7f8                build_process_kernel_stack
                0x00000000c000a8bb                fork_process
                0x00000000c000a97c                process_execute
 *fill*         0x00000000c000aaed        0x3 
 .text          0x00000000c000aaf0       0x15 switch_to.o
                0x00000000c000aaf0                switch_to
 .text          0x00000000c000ab05      0x329 double_link_list.o
                0x00000000c000ab05                initDoubleLinkList
                0x00000000c000ab33                isListEmpty
                0x00000000c000ab54                findElementInList
                0x00000000c000ac30                appendToDoubleLinkList
                0x00000000c000ad17                insertToDoubleLinkList
                0x00000000c000ad9a                popFromDoubleLinkList
 .text          0x00000000c000ae2e      0x1b2 thread.o
                0x00000000c000ae2e                kernel_thread
                0x00000000c000ae46                thread_init
                0x00000000c000aef3                thread_create
                0x00000000c000af28                thread_start
 *(.gnu.warning)

.fini
 *(SORT_NONE(.fini))
                [!provide]                        PROVIDE (__etext = .)
                [!provide]                        PROVIDE (_etext = .)
                [!provide]                        PROVIDE (etext = .)

.rodata         0x00000000c000afe0      0xe31
 *(.rodata .rodata.* .gnu.linkonce.r.*)
 .rodata        0x00000000c000afe0       0xa3 kernel_main.o
 *fill*         0x00000000c000b083        0x1 
 .rodata        0x00000000c000b084      0x19c hd.o
 .rodata        0x00000000c000b220      0x1eb fs_main.o
                0x00000000c000b220                FSBUF_SIZE
 .rodata        0x00000000c000b40b       0x26 process.o
 .rodata        0x00000000c000b431       0x22 console.o
 .rodata        0x00000000c000b453       0x24 close.o
 .rodata        0x00000000c000b477       0x1b fork.o
 .rodata        0x00000000c000b492       0x2d exec.o
 .rodata        0x00000000c000b4bf       0x11 mm/main.o
 .rodata        0x00000000c000b4d0       0x10 mm/exec.o
 .rodata        0x00000000c000b4e0       0x41 mem/mem.o
 *fill*         0x00000000c000b521       0x1f 
 .rodata        0x00000000c000b540      0x8a5 kernel_main_old.o
 .rodata        0x00000000c000bde5       0x2c double_link_list.o

.txt            0x00000000c000be11       0xaa
 .txt           0x00000000c000be11       0x82 string.o
                0x00000000c000be11                Memcpy2
                0x00000000c000be3f                Memset
                0x00000000c000be5e                Strcpy
                0x00000000c000be78                Strlen
 .txt           0x00000000c000be93       0x28 hd_rdwt.o
                0x00000000c000be93                read_port
                0x00000000c000bea7                write_port

.rodata1
 *(.rodata1)

.eh_frame_hdr
 *(.eh_frame_hdr)
 *(.eh_frame_entry .eh_frame_entry.*)

.eh_frame       0x00000000c000bebc     0x17c8
 *(.eh_frame)
 .eh_frame      0x00000000c000bebc       0xfc kernel_main.o
 .eh_frame      0x00000000c000bfb8      0x244 hd.o
                                        0x25c (size before relaxing)
 .eh_frame      0x00000000c000c1fc      0x27c fs_main.o
                                        0x294 (size before relaxing)
 .eh_frame      0x00000000c000c478       0xa0 process.o
                                         0xb8 (size before relaxing)
 .eh_frame      0x00000000c000c518      0x100 protect.o
                                        0x118 (size before relaxing)
 .eh_frame      0x00000000c000c618      0x1e0 console.o
                                        0x1f8 (size before relaxing)
 .eh_frame      0x00000000c000c7f8       0xa0 keyboard.o
                                         0xb8 (size before relaxing)
 .eh_frame      0x00000000c000c898       0x20 open.o
                                         0x38 (size before relaxing)
 .eh_frame      0x00000000c000c8b8       0x20 read.o
                                         0x38 (size before relaxing)
 .eh_frame      0x00000000c000c8d8       0x20 write.o
                                         0x38 (size before relaxing)
 .eh_frame      0x00000000c000c8f8       0x20 close.o
                                         0x38 (size before relaxing)
 .eh_frame      0x00000000c000c918       0x20 wait.o
                                         0x38 (size before relaxing)
 .eh_frame      0x00000000c000c938       0x20 exit.o
                                         0x38 (size before relaxing)
 .eh_frame      0x00000000c000c958       0x20 fork.o
                                         0x38 (size before relaxing)
 .eh_frame      0x00000000c000c978       0x20 getpid.o
                                         0x38 (size before relaxing)
 .eh_frame      0x00000000c000c998       0x60 exec.o
                                         0x78 (size before relaxing)
 .eh_frame      0x00000000c000c9f8       0x3c mm/main.o
                                         0x54 (size before relaxing)
 .eh_frame      0x00000000c000ca34       0x20 mm/exec.o
                                         0x38 (size before relaxing)
 .eh_frame      0x00000000c000ca54       0x80 mm/forkexit.o
                                         0x98 (size before relaxing)
 .eh_frame      0x00000000c000cad4      0x364 mem/mem.o
                                        0x37c (size before relaxing)
 .eh_frame      0x00000000c000ce38      0x62c kernel_main_old.o
                                        0x644 (size before relaxing)
 .eh_frame      0x00000000c000d464       0xe0 my_process.o
                                         0xf8 (size before relaxing)
 .eh_frame      0x00000000c000d544       0xc0 double_link_list.o
                                         0xd8 (size before relaxing)
 .eh_frame      0x00000000c000d604       0x80 thread.o
                                         0x98 (size before relaxing)
 *(.eh_frame.*)

.gcc_except_table
 *(.gcc_except_table .gcc_except_table.*)

.gnu_extab
 *(.gnu_extab*)

.exception_ranges
 *(.exception_ranges .exception_ranges*)
                0x00000000c000f000                . = DATA_SEGMENT_ALIGN (CONSTANT (MAXPAGESIZE), CONSTANT (COMMONPAGESIZE))

.eh_frame
 *(.eh_frame)
 *(.eh_frame.*)

.gnu_extab
 *(.gnu_extab)

.gcc_except_table
 *(.gcc_except_table .gcc_except_table.*)

.exception_ranges
 *(.exception_ranges .exception_ranges*)

.tdata
 *(.tdata .tdata.* .gnu.linkonce.td.*)

.tbss
 *(.tbss .tbss.* .gnu.linkonce.tb.*)
 *(.tcommon)

.preinit_array  0x00000000c000f000        0x0
                [!provide]                        PROVIDE (__preinit_array_start = .)
 *(.preinit_array)
                [!provide]                        PROVIDE (__preinit_array_end = .)

.init_array     0x00000000c000f000        0x0
                [!provide]                        PROVIDE (__init_array_start = .)
 *(SORT_BY_INIT_PRIORITY(.init_array.*) SORT_BY_INIT_PRIORITY(.ctors.*))
 *(.init_array EXCLUDE_FILE(*crtend?.o *crtend.o *crtbegin?.o *crtbegin.o) .ctors)
                [!provide]                        PROVIDE (__init_array_end = .)

.fini_array     0x00000000c000f000        0x0
                [!provide]                        PROVIDE (__fini_array_start = .)
 *(SORT_BY_INIT_PRIORITY(.fini_array.*) SORT_BY_INIT_PRIORITY(.dtors.*))
 *(.fini_array EXCLUDE_FILE(*crtend?.o *crtend.o *crtbegin?.o *crtbegin.o) .dtors)
                [!provide]                        PROVIDE (__fini_array_end = .)

.ctors
 *crtbegin.o(.ctors)
 *crtbegin?.o(.ctors)
 *(EXCLUDE_FILE(*crtend?.o *crtend.o) .ctors)
 *(SORT_BY_NAME(.ctors.*))
 *(.ctors)

.dtors
 *crtbegin.o(.dtors)
 *crtbegin?.o(.dtors)
 *(EXCLUDE_FILE(*crtend?.o *crtend.o) .dtors)
 *(SORT_BY_NAME(.dtors.*))
 *(.dtors)

.jcr
 *(.jcr)

.data.rel.ro
 *(.data.rel.ro.local* .gnu.linkonce.d.rel.ro.local.*)
 *(.data.rel.ro .data.rel.ro.* .gnu.linkonce.d.rel.ro.*)

.dynamic
 *(.dynamic)

.got            0x00000000c000f000        0x0
 *(.got)
 .got           0x00000000c000f000        0x0 kernel_sub.o
 *(.igot)
                0x00000000c000f000                . = DATA_SEGMENT_RELRO_END (., (SIZEOF (.got.plt) >= 0xc)?0xc:0x0)

.got.plt        0x00000000c000f000        0x0
 *(.got.plt)
 .got.plt       0x00000000c000f000        0x0 kernel_sub.o
 *(.igot.plt)
 .igot.plt      0x00000000c000f000        0x0 kernel_sub.o

.data           0x00000000c000f000      0x760
 *(.data .data.* .gnu.linkonce.d.*)
 .data          0x00000000c000f000        0xf kernel_sub.o
 *fill*         0x00000000c000f00f        0x1 
 .data          0x00000000c000f010        0xf kernel.o
 .data          0x00000000c000f01f        0x0 kernel_main.o
 .data          0x00000000c000f01f        0x0 hd.o
 *fill*         0x00000000c000f01f        0x1 
 .data          0x00000000c000f020        0x0 syscall.o
 .data          0x00000000c000f020        0x0 fs_main.o
 .data          0x00000000c000f020      0x128 global.o
                0x00000000c000f020                user_task_table
                0x00000000c000f0a0                sys_task_table
                0x00000000c000f12c                sys_call_table
 .data          0x00000000c000f148        0x0 process.o
 .data          0x00000000c000f148        0x0 protect.o
 .data          0x00000000c000f148        0x0 console.o
 *fill*         0x00000000c000f148       0x18 
 .data          0x00000000c000f160      0x600 keyboard.o
                0x00000000c000f160                keymap
 .data          0x00000000c000f760        0x0 open.o
 .data          0x00000000c000f760        0x0 read.o
 .data          0x00000000c000f760        0x0 write.o
 .data          0x00000000c000f760        0x0 close.o
 .data          0x00000000c000f760        0x0 wait.o
 .data          0x00000000c000f760        0x0 exit.o
 .data          0x00000000c000f760        0x0 fork.o
 .data          0x00000000c000f760        0x0 getpid.o
 .data          0x00000000c000f760        0x0 exec.o
 .data          0x00000000c000f760        0x0 mm/main.o
 .data          0x00000000c000f760        0x0 mm/exec.o
 .data          0x00000000c000f760        0x0 mm/forkexit.o
 .data          0x00000000c000f760        0x0 mem/mem.o
 .data          0x00000000c000f760        0x0 kernel_main_old.o
 .data          0x00000000c000f760        0x0 my_process.o
 .data          0x00000000c000f760        0x0 double_link_list.o
 .data          0x00000000c000f760        0x0 thread.o

.data1
 *(.data1)
                0x00000000c000f760                _edata = .
                [!provide]                        PROVIDE (edata = .)
                0x00000000c000f760                . = .
                0x00000000c000f760                __bss_start = .

.bss            0x00000000c000f760    0x75130
 *(.dynbss)
 *(.bss .bss.* .gnu.linkonce.b.*)
 .bss           0x00000000c000f760      0x800 kernel_sub.o
 .bss           0x00000000c000ff60      0x800 kernel.o
 .bss           0x00000000c0010760        0x0 kernel_main.o
 .bss           0x00000000c0010760        0x0 hd.o
 .bss           0x00000000c0010760        0x4 fs_main.o
                0x00000000c0010760                c
 .bss           0x00000000c0010764        0x0 global.o
 .bss           0x00000000c0010764        0x0 process.o
 .bss           0x00000000c0010764        0x0 protect.o
 .bss           0x00000000c0010764        0x0 console.o
 .bss           0x00000000c0010764        0x0 keyboard.o
 .bss           0x00000000c0010764        0x0 open.o
 .bss           0x00000000c0010764        0x0 read.o
 .bss           0x00000000c0010764        0x0 write.o
 .bss           0x00000000c0010764        0x0 close.o
 .bss           0x00000000c0010764        0x0 wait.o
 .bss           0x00000000c0010764        0x0 exit.o
 .bss           0x00000000c0010764        0x0 fork.o
 .bss           0x00000000c0010764        0x0 getpid.o
 .bss           0x00000000c0010764        0x0 exec.o
 .bss           0x00000000c0010764        0x0 mm/main.o
 .bss           0x00000000c0010764        0x0 mm/exec.o
 .bss           0x00000000c0010764        0x0 mm/forkexit.o
 .bss           0x00000000c0010764        0x0 mem/mem.o
 .bss           0x00000000c0010764        0x0 kernel_main_old.o
 .bss           0x00000000c0010764        0x0 my_process.o
 .bss           0x00000000c0010764        0x0 double_link_list.o
 .bss           0x00000000c0010764        0x0 thread.o
 *(COMMON)
 *fill*         0x00000000c0010764       0x1c 
 COMMON         0x00000000c0010780     0x17a5 kernel_main.o
                0x00000000c0010780                current_tty
                0x00000000c0010784                is_e0
                0x00000000c0010788                idt_ptr
                0x00000000c0010790                pid
                0x00000000c0010794                KernelVirtualMemory
                0x00000000c00107a0                dis_pos
                0x00000000c00107a4                k_reenter
                0x00000000c00107c0                gdt
                0x00000000c0010bc0                proc_ready_table
                0x00000000c0010bc4                test_ticks
                0x00000000c0010bc8                pcaller
                0x00000000c0010be0                keyboard_buffer
                0x00000000c0010dec                pcb_list
                0x00000000c0010dfc                gdt_index
                0x00000000c0010e00                tty_table
                0x00000000c0011640                tss
                0x00000000c00116ac                KernelPool
                0x00000000c00116bc                counter
                0x00000000c00116c0                key_pressed
                0x00000000c00116c4                is_shift
                0x00000000c00116c8                gdt_ptr
                0x00000000c00116e0                idt
                0x00000000c0011ee0                main_thread
                0x00000000c0011ee8                ticks
                0x00000000c0011ef0                is_init
                0x00000000c0011ef4                UserPool
                0x00000000c0011f04                all_pcb_list
                0x00000000c0011f14                console_table
                0x00000000c0011f24                is_disp
 *fill*         0x00000000c0011f25       0x1b 
 COMMON         0x00000000c0011f40      0x440 hd.o
                0x00000000c0011f40                hd_info
                0x00000000c0012180                hd_cache
 COMMON         0x00000000c0012380      0xe68 fs_main.o
                0x00000000c0012380                file_desc_table
                0x00000000c0012780                phy_super_block_buf
                0x00000000c0012784                phy_fsbuf
                0x00000000c00127a0                inode_table
                0x00000000c00131a0                super_block_buf
                0x00000000c00131a4                fsbuf
                0x00000000c00131c0                root
 *fill*         0x00000000c00131e8       0x18 
 COMMON         0x00000000c0013200    0x715a0 global.o
                0x00000000c0013200                proc_stack
                0x00000000c0083200                proc_table
 COMMON         0x00000000c00847a0       0xf0 mem/mem.o
                0x00000000c00847a0                kernel_mem_block_decs_array
                0x00000000c0084890                . = ALIGN ((. != 0x0)?0x4:0x1)
                0x00000000c0084890                . = ALIGN (0x4)
                0x00000000c0084890                . = SEGMENT_START ("ldata-segment", .)
                0x00000000c0084890                . = ALIGN (0x4)
                0x00000000c0084890                _end = .
                [!provide]                        PROVIDE (end = .)
                0x00000000c0084890                . = DATA_SEGMENT_END (.)

.stab
 *(.stab)

.stabstr
 *(.stabstr)

.stab.excl
 *(.stab.excl)

.stab.exclstr
 *(.stab.exclstr)

.stab.index
 *(.stab.index)

.stab.indexstr
 *(.stab.indexstr)

.comment        0x0000000000000000       0x2c
 *(.comment)
 .comment       0x0000000000000000       0x2c kernel_main.o
                                         0x2d (size before relaxing)
 .comment       0x000000000000002c       0x2d hd.o
 .comment       0x000000000000002c       0x2d fs_main.o
 .comment       0x000000000000002c       0x2d global.o
 .comment       0x000000000000002c       0x2d process.o
 .comment       0x000000000000002c       0x2d protect.o
 .comment       0x000000000000002c       0x2d console.o
 .comment       0x000000000000002c       0x2d keyboard.o
 .comment       0x000000000000002c       0x2d open.o
 .comment       0x000000000000002c       0x2d read.o
 .comment       0x000000000000002c       0x2d write.o
 .comment       0x000000000000002c       0x2d close.o
 .comment       0x000000000000002c       0x2d wait.o
 .comment       0x000000000000002c       0x2d exit.o
 .comment       0x000000000000002c       0x2d fork.o
 .comment       0x000000000000002c       0x2d getpid.o
 .comment       0x000000000000002c       0x2d exec.o
 .comment       0x000000000000002c       0x2d mm/main.o
 .comment       0x000000000000002c       0x2d mm/exec.o
 .comment       0x000000000000002c       0x2d mm/forkexit.o
 .comment       0x000000000000002c       0x2d mem/mem.o
 .comment       0x000000000000002c       0x2d kernel_main_old.o
 .comment       0x000000000000002c       0x2d my_process.o
 .comment       0x000000000000002c       0x2d double_link_list.o
 .comment       0x000000000000002c       0x2d thread.o

.gnu.build.attributes
 *(.gnu.build.attributes .gnu.build.attributes.*)

.debug
 *(.debug)

.line
 *(.line)

.debug_srcinfo
 *(.debug_srcinfo)

.debug_sfnames
 *(.debug_sfnames)

.debug_aranges  0x0000000000000000      0x318
 *(.debug_aranges)
 .debug_aranges
                0x0000000000000000       0x20 kernel_main.o
 .debug_aranges
                0x0000000000000020       0x20 hd.o
 .debug_aranges
                0x0000000000000040       0x20 fs_main.o
 .debug_aranges
                0x0000000000000060       0x18 global.o
 .debug_aranges
                0x0000000000000078       0x20 process.o
 .debug_aranges
                0x0000000000000098       0x20 protect.o
 .debug_aranges
                0x00000000000000b8       0x20 console.o
 .debug_aranges
                0x00000000000000d8       0x20 keyboard.o
 .debug_aranges
                0x00000000000000f8       0x20 open.o
 .debug_aranges
                0x0000000000000118       0x20 read.o
 .debug_aranges
                0x0000000000000138       0x20 write.o
 .debug_aranges
                0x0000000000000158       0x20 close.o
 .debug_aranges
                0x0000000000000178       0x20 wait.o
 .debug_aranges
                0x0000000000000198       0x20 exit.o
 .debug_aranges
                0x00000000000001b8       0x20 fork.o
 .debug_aranges
                0x00000000000001d8       0x20 getpid.o
 .debug_aranges
                0x00000000000001f8       0x20 exec.o
 .debug_aranges
                0x0000000000000218       0x20 mm/main.o
 .debug_aranges
                0x0000000000000238       0x20 mm/exec.o
 .debug_aranges
                0x0000000000000258       0x20 mm/forkexit.o
 .debug_aranges
                0x0000000000000278       0x20 mem/mem.o
 .debug_aranges
                0x0000000000000298       0x20 kernel_main_old.o
 .debug_aranges
                0x00000000000002b8       0x20 my_process.o
 .debug_aranges
                0x00000000000002d8       0x20 double_link_list.o
 .debug_aranges
                0x00000000000002f8       0x20 thread.o

.debug_pubnames
 *(.debug_pubnames)

.debug_info     0x0000000000000000    0x1b0c5
 *(.debug_info .gnu.linkonce.wi.*)
 .debug_info    0x0000000000000000      0xef5 kernel_main.o
 .debug_info    0x0000000000000ef5     0x1746 hd.o
 .debug_info    0x000000000000263b     0x1e99 fs_main.o
 .debug_info    0x00000000000044d4      0xdee global.o
 .debug_info    0x00000000000052c2      0xf05 process.o
 .debug_info    0x00000000000061c7     0x1119 protect.o
 .debug_info    0x00000000000072e0     0x11ee console.o
 .debug_info    0x00000000000084ce      0xf42 keyboard.o
 .debug_info    0x0000000000009410      0xd66 open.o
 .debug_info    0x000000000000a176      0xe05 read.o
 .debug_info    0x000000000000af7b      0xd93 write.o
 .debug_info    0x000000000000bd0e      0xd1a close.o
 .debug_info    0x000000000000ca28      0xd25 wait.o
 .debug_info    0x000000000000d74d      0xd17 exit.o
 .debug_info    0x000000000000e464      0xd0c fork.o
 .debug_info    0x000000000000f170      0xd0c getpid.o
 .debug_info    0x000000000000fe7c      0xe95 exec.o
 .debug_info    0x0000000000010d11      0xd2a mm/main.o
 .debug_info    0x0000000000011a3b     0x1138 mm/exec.o
 .debug_info    0x0000000000012b73      0xee6 mm/forkexit.o
 .debug_info    0x0000000000013a59     0x1cb6 mem/mem.o
 .debug_info    0x000000000001570f     0x2679 kernel_main_old.o
 .debug_info    0x0000000000017d88     0x13d5 my_process.o
 .debug_info    0x000000000001915d      0xfa8 double_link_list.o
 .debug_info    0x000000000001a105      0xfc0 thread.o

.debug_abbrev   0x0000000000000000     0x34af
 *(.debug_abbrev)
 .debug_abbrev  0x0000000000000000      0x1df kernel_main.o
 .debug_abbrev  0x00000000000001df      0x2e3 hd.o
 .debug_abbrev  0x00000000000004c2      0x2ef fs_main.o
 .debug_abbrev  0x00000000000007b1      0x157 global.o
 .debug_abbrev  0x0000000000000908      0x1e9 process.o
 .debug_abbrev  0x0000000000000af1      0x227 protect.o
 .debug_abbrev  0x0000000000000d18      0x2ac console.o
 .debug_abbrev  0x0000000000000fc4      0x1fb keyboard.o
 .debug_abbrev  0x00000000000011bf      0x1c5 open.o
 .debug_abbrev  0x0000000000001384      0x1ef read.o
 .debug_abbrev  0x0000000000001573      0x1db write.o
 .debug_abbrev  0x000000000000174e      0x19d close.o
 .debug_abbrev  0x00000000000018eb      0x19f wait.o
 .debug_abbrev  0x0000000000001a8a      0x19b exit.o
 .debug_abbrev  0x0000000000001c25      0x18a fork.o
 .debug_abbrev  0x0000000000001daf      0x18a getpid.o
 .debug_abbrev  0x0000000000001f39      0x1e8 exec.o
 .debug_abbrev  0x0000000000002121      0x208 mm/main.o
 .debug_abbrev  0x0000000000002329      0x1c4 mm/exec.o
 .debug_abbrev  0x00000000000024ed      0x204 mm/forkexit.o
 .debug_abbrev  0x00000000000026f1      0x2ea mem/mem.o
 .debug_abbrev  0x00000000000029db      0x43c kernel_main_old.o
 .debug_abbrev  0x0000000000002e17      0x260 my_process.o
 .debug_abbrev  0x0000000000003077      0x216 double_link_list.o
 .debug_abbrev  0x000000000000328d      0x222 thread.o

.debug_line     0x0000000000000000     0x4830
 *(.debug_line .debug_line.* .debug_line_end)
 .debug_line    0x0000000000000000      0x187 kernel_main.o
 .debug_line    0x0000000000000187      0x613 hd.o
 .debug_line    0x000000000000079a      0xc11 fs_main.o
 .debug_line    0x00000000000013ab       0x95 global.o
 .debug_line    0x0000000000001440      0x193 process.o
 .debug_line    0x00000000000015d3      0x1fb protect.o
 .debug_line    0x00000000000017ce      0x54e console.o
 .debug_line    0x0000000000001d1c      0x296 keyboard.o
 .debug_line    0x0000000000001fb2       0xbd open.o
 .debug_line    0x000000000000206f      0x155 read.o
 .debug_line    0x00000000000021c4       0xbc write.o
 .debug_line    0x0000000000002280       0xad close.o
 .debug_line    0x000000000000232d       0xb7 wait.o
 .debug_line    0x00000000000023e4       0xa0 exit.o
 .debug_line    0x0000000000002484       0xae fork.o
 .debug_line    0x0000000000002532       0xa0 getpid.o
 .debug_line    0x00000000000025d2      0x187 exec.o
 .debug_line    0x0000000000002759       0xec mm/main.o
 .debug_line    0x0000000000002845      0x214 mm/exec.o
 .debug_line    0x0000000000002a59      0x18a mm/forkexit.o
 .debug_line    0x0000000000002be3      0x7dd mem/mem.o
 .debug_line    0x00000000000033c0      0xd9c kernel_main_old.o
 .debug_line    0x000000000000415c      0x33c my_process.o
 .debug_line    0x0000000000004498      0x253 double_link_list.o
 .debug_line    0x00000000000046eb      0x145 thread.o

.debug_frame
 *(.debug_frame)

.debug_str      0x0000000000000000     0x1df4
 *(.debug_str)
 .debug_str     0x0000000000000000      0x530 kernel_main.o
                                        0x617 (size before relaxing)
 .debug_str     0x0000000000000530      0x2c2 hd.o
                                        0x8a3 (size before relaxing)
 .debug_str     0x00000000000007f2      0x47c fs_main.o
                                        0xa90 (size before relaxing)
 .debug_str     0x0000000000000c6e        0x9 global.o
                                        0x5a6 (size before relaxing)
 .debug_str     0x0000000000000c77       0x3f process.o
                                        0x5e6 (size before relaxing)
 .debug_str     0x0000000000000cb6      0x134 protect.o
                                        0x701 (size before relaxing)
 .debug_str     0x0000000000000dea      0x13e console.o
                                        0x6f5 (size before relaxing)
 .debug_str     0x0000000000000f28       0x84 keyboard.o
                                        0x632 (size before relaxing)
 .debug_str     0x0000000000000fac       0x29 open.o
                                        0x56e (size before relaxing)
 .debug_str     0x0000000000000fd5       0x51 read.o
                                        0x5a7 (size before relaxing)
 .debug_str     0x0000000000001026        0xc write.o
                                        0x56b (size before relaxing)
 .debug_str     0x0000000000001032        0xc close.o
                                        0x536 (size before relaxing)
 .debug_str     0x000000000000103e        0xb wait.o
                                        0x53b (size before relaxing)
 .debug_str     0x0000000000001049        0xb exit.o
                                        0x53b (size before relaxing)
 .debug_str     0x0000000000001054        0xb fork.o
                                        0x534 (size before relaxing)
 .debug_str     0x000000000000105f       0x14 getpid.o
                                        0x538 (size before relaxing)
 .debug_str     0x0000000000001073       0x3e exec.o
                                        0x5b2 (size before relaxing)
 .debug_str     0x00000000000010b1       0x32 mm/main.o
                                        0x52e (size before relaxing)
 .debug_str     0x00000000000010e3      0x29b mm/exec.o
                                        0x803 (size before relaxing)
 .debug_str     0x000000000000137e       0x74 mm/forkexit.o
                                        0x598 (size before relaxing)
 .debug_str     0x00000000000013f2      0x316 mem/mem.o
                                        0xa2e (size before relaxing)
 .debug_str     0x0000000000001708      0x3f1 kernel_main_old.o
                                        0xaaf (size before relaxing)
 .debug_str     0x0000000000001af9      0x200 my_process.o
                                        0x894 (size before relaxing)
 .debug_str     0x0000000000001cf9       0x8f double_link_list.o
                                        0x667 (size before relaxing)
 .debug_str     0x0000000000001d88       0x6c thread.o
                                        0x6ad (size before relaxing)

.debug_loc
 *(.debug_loc)

.debug_macinfo
 *(.debug_macinfo)

.debug_weaknames
 *(.debug_weaknames)

.debug_funcnames
 *(.debug_funcnames)

.debug_typenames
 *(.debug_typenames)

.debug_varnames
 *(.debug_varnames)

.debug_pubtypes
 *(.debug_pubtypes)

.debug_ranges   0x0000000000000000       0x78
 *(.debug_ranges)
 .debug_ranges  0x0000000000000000       0x48 hd.o
 .debug_ranges  0x0000000000000048       0x18 mm/exec.o
 .debug_ranges  0x0000000000000060       0x18 kernel_main_old.o

.debug_macro
 *(.debug_macro)

.debug_addr
 *(.debug_addr)

.gnu.attributes
 *(.gnu.attributes)

/DISCARD/
 *(.note.GNU-stack)
 *(.gnu_debuglink)
 *(.gnu.lto_*)
 *(.gnu_object_only)
OUTPUT(kernel.bin elf32-i386)
