
Merging program properties

Removed property 0xc0010001 to merge double_link_list.o (0x1) and kernel/kernel_sub.o (not found)
Removed property 0xc0010002 to merge double_link_list.o (0x0) and kernel/kernel_sub.o (not found)
Removed property 0xc0010001 to merge double_link_list.o (not found) and kernel_main.o (0x1)
Removed property 0xc0010002 to merge double_link_list.o (not found) and kernel_main.o (0x0)
Removed property 0xc0010001 to merge double_link_list.o (not found) and protect.o (0x1)
Removed property 0xc0010002 to merge double_link_list.o (not found) and protect.o (0x0)
Removed property 0xc0010001 to merge double_link_list.o (not found) and global.o (0x1)
Removed property 0xc0010002 to merge double_link_list.o (not found) and global.o (0x0)
Removed property 0xc0010001 to merge double_link_list.o (not found) and console.o (0x1)
Removed property 0xc0010002 to merge double_link_list.o (not found) and console.o (0x1)
Removed property 0xc0010001 to merge double_link_list.o (not found) and kernel_main_old.o (0x1)
Removed property 0xc0010002 to merge double_link_list.o (not found) and kernel_main_old.o (0x1)
Removed property 0xc0010001 to merge double_link_list.o (not found) and keyboard.o (0x1)
Removed property 0xc0010002 to merge double_link_list.o (not found) and keyboard.o (0x0)
Removed property 0xc0010001 to merge double_link_list.o (not found) and process.o (0x1)
Removed property 0xc0010002 to merge double_link_list.o (not found) and process.o (0x0)
Removed property 0xc0010001 to merge double_link_list.o (not found) and thread.o (0x1)
Removed property 0xc0010002 to merge double_link_list.o (not found) and thread.o (0x0)
Removed property 0xc0010001 to merge double_link_list.o (not found) and my_process.o (0x1)
Removed property 0xc0010002 to merge double_link_list.o (not found) and my_process.o (0x1)
Removed property 0xc0010001 to merge double_link_list.o (not found) and network/socket.o (0x1)
Removed property 0xc0010002 to merge double_link_list.o (not found) and network/socket.o (0x0)
Removed property 0xc0010001 to merge double_link_list.o (not found) and network/ip_input.o (0x1)
Removed property 0xc0010002 to merge double_link_list.o (not found) and network/ip_input.o (0x0)
Removed property 0xc0010001 to merge double_link_list.o (not found) and network/udp_sock.o (0x1)
Removed property 0xc0010002 to merge double_link_list.o (not found) and network/udp_sock.o (0x0)
Removed property 0xc0010001 to merge double_link_list.o (not found) and network/tcp_sock.o (0x1)
Removed property 0xc0010002 to merge double_link_list.o (not found) and network/tcp_sock.o (0x0)
Removed property 0xc0010001 to merge double_link_list.o (not found) and network/netdev.o (0x1)
Removed property 0xc0010002 to merge double_link_list.o (not found) and network/netdev.o (0x0)
Removed property 0xc0010001 to merge double_link_list.o (not found) and network/ip_output.o (0x1)
Removed property 0xc0010002 to merge double_link_list.o (not found) and network/ip_output.o (0x0)
Removed property 0xc0010001 to merge double_link_list.o (not found) and network/tcp.o (0x1)
Removed property 0xc0010002 to merge double_link_list.o (not found) and network/tcp.o (0x0)
Removed property 0xc0010001 to merge double_link_list.o (not found) and network/sock.o (0x1)
Removed property 0xc0010002 to merge double_link_list.o (not found) and network/sock.o (0x0)
Removed property 0xc0010001 to merge double_link_list.o (not found) and network/tcp_output.o (0x1)
Removed property 0xc0010002 to merge double_link_list.o (not found) and network/tcp_output.o (0x1)
Removed property 0xc0010001 to merge double_link_list.o (not found) and network/arp.o (0x1)
Removed property 0xc0010002 to merge double_link_list.o (not found) and network/arp.o (0x0)
Removed property 0xc0010001 to merge double_link_list.o (not found) and network/route.o (0x1)
Removed property 0xc0010002 to merge double_link_list.o (not found) and network/route.o (0x0)
Removed property 0xc0010001 to merge double_link_list.o (not found) and network/ipc.o (0x1)
Removed property 0xc0010002 to merge double_link_list.o (not found) and network/ipc.o (0x1)
Removed property 0xc0010001 to merge double_link_list.o (not found) and network/icmpv4.o (0x1)
Removed property 0xc0010002 to merge double_link_list.o (not found) and network/icmpv4.o (0x0)
Removed property 0xc0010001 to merge double_link_list.o (not found) and network/skbuff.o (0x1)
Removed property 0xc0010002 to merge double_link_list.o (not found) and network/skbuff.o (0x0)
Removed property 0xc0010001 to merge double_link_list.o (not found) and network/inet.o (0x1)
Removed property 0xc0010002 to merge double_link_list.o (not found) and network/inet.o (0x0)
Removed property 0xc0010001 to merge double_link_list.o (not found) and network/dst.o (0x1)
Removed property 0xc0010002 to merge double_link_list.o (not found) and network/dst.o (0x0)
Removed property 0xc0010001 to merge double_link_list.o (not found) and network/tcp_input.o (0x1)
Removed property 0xc0010002 to merge double_link_list.o (not found) and network/tcp_input.o (0x0)
Removed property 0xc0010001 to merge double_link_list.o (not found) and network/task_network.o (0x1)
Removed property 0xc0010002 to merge double_link_list.o (not found) and network/task_network.o (0x0)
Removed property 0xc0010001 to merge double_link_list.o (not found) and network/udp.o (0x1)
Removed property 0xc0010002 to merge double_link_list.o (not found) and network/udp.o (0x1)
Removed property 0xc0010001 to merge double_link_list.o (not found) and network/tcp_data.o (0x1)
Removed property 0xc0010002 to merge double_link_list.o (not found) and network/tcp_data.o (0x0)
Removed property 0xc0010001 to merge double_link_list.o (not found) and network/utils.o (0x1)
Removed property 0xc0010002 to merge double_link_list.o (not found) and network/utils.o (0x0)
Removed property 0xc0010001 to merge double_link_list.o (not found) and hd/hd.o (0x1)
Removed property 0xc0010002 to merge double_link_list.o (not found) and hd/hd.o (0x1)
Removed property 0xc0010001 to merge double_link_list.o (not found) and fs/fs_main.o (0x1)
Removed property 0xc0010002 to merge double_link_list.o (not found) and fs/fs_main.o (0x1)
Removed property 0xc0010001 to merge double_link_list.o (not found) and mm/forkexit.o (0x1)
Removed property 0xc0010002 to merge double_link_list.o (not found) and mm/forkexit.o (0x0)
Removed property 0xc0010001 to merge double_link_list.o (not found) and mm/exec.o (0x1)
Removed property 0xc0010002 to merge double_link_list.o (not found) and mm/exec.o (0x0)
Removed property 0xc0010001 to merge double_link_list.o (not found) and mm/main.o (0x1)
Removed property 0xc0010002 to merge double_link_list.o (not found) and mm/main.o (0x0)
Removed property 0xc0010001 to merge double_link_list.o (not found) and lib/floor.o (0xb)
Removed property 0xc0010002 to merge double_link_list.o (not found) and lib/floor.o (0x1)
Removed property 0xc0010001 to merge double_link_list.o (not found) and lib/exec.o (0x1)
Removed property 0xc0010002 to merge double_link_list.o (not found) and lib/exec.o (0x0)
Removed property 0xc0010001 to merge double_link_list.o (not found) and lib/exit.o (0x1)
Removed property 0xc0010002 to merge double_link_list.o (not found) and lib/exit.o (0x0)
Removed property 0xc0010001 to merge double_link_list.o (not found) and lib/unlink.o (0x1)
Removed property 0xc0010002 to merge double_link_list.o (not found) and lib/unlink.o (0x0)
Removed property 0xc0010001 to merge double_link_list.o (not found) and lib/wait.o (0x1)
Removed property 0xc0010002 to merge double_link_list.o (not found) and lib/wait.o (0x0)
Removed property 0xc0010001 to merge double_link_list.o (not found) and lib/calloc.o (0x1)
Removed property 0xc0010002 to merge double_link_list.o (not found) and lib/calloc.o (0x0)
Removed property 0xc0010001 to merge double_link_list.o (not found) and lib/alloca.o (0xb)
Removed property 0xc0010002 to merge double_link_list.o (not found) and lib/alloca.o (0x1)
Removed property 0xc0010001 to merge double_link_list.o (not found) and lib/fork.o (0x1)
Removed property 0xc0010002 to merge double_link_list.o (not found) and lib/fork.o (0x0)
Removed property 0xc0010001 to merge double_link_list.o (not found) and lib/getpid.o (0x1)
Removed property 0xc0010002 to merge double_link_list.o (not found) and lib/getpid.o (0x0)
Removed property 0xc0010001 to merge double_link_list.o (not found) and lib/string/strtok.o (0x1)
Removed property 0xc0010002 to merge double_link_list.o (not found) and lib/string/strtok.o (0x0)
Removed property 0xc0010001 to merge double_link_list.o (not found) and lib/string/strcmp.o (0x1)
Removed property 0xc0010002 to merge double_link_list.o (not found) and lib/string/strcmp.o (0x1)
Removed property 0xc0010001 to merge double_link_list.o (not found) and lib/string/strncmp.o (0x1)
Removed property 0xc0010002 to merge double_link_list.o (not found) and lib/string/strncmp.o (0x0)
Removed property 0xc0010001 to merge double_link_list.o (not found) and lib/string/strpbrk.o (0x1)
Removed property 0xc0010002 to merge double_link_list.o (not found) and lib/string/strpbrk.o (0x0)
Removed property 0xc0010001 to merge double_link_list.o (not found) and lib/stdio/read.o (0x1)
Removed property 0xc0010002 to merge double_link_list.o (not found) and lib/stdio/read.o (0x0)
Removed property 0xc0010001 to merge double_link_list.o (not found) and lib/stdio/perror.o (0x1)
Removed property 0xc0010002 to merge double_link_list.o (not found) and lib/stdio/perror.o (0x0)
Removed property 0xc0010001 to merge double_link_list.o (not found) and lib/stdio/sscanf.o (0x1)
Removed property 0xc0010002 to merge double_link_list.o (not found) and lib/stdio/sscanf.o (0x0)
Removed property 0xc0010001 to merge double_link_list.o (not found) and lib/stdio/open.o (0x1)
Removed property 0xc0010002 to merge double_link_list.o (not found) and lib/stdio/open.o (0x0)
Removed property 0xc0010001 to merge double_link_list.o (not found) and lib/stdio/write.o (0x1)
Removed property 0xc0010002 to merge double_link_list.o (not found) and lib/stdio/write.o (0x0)
Removed property 0xc0010001 to merge double_link_list.o (not found) and lib/stdio/close.o (0x1)
Removed property 0xc0010002 to merge double_link_list.o (not found) and lib/stdio/close.o (0x0)
Removed property 0xc0010001 to merge double_link_list.o (not found) and lib/arpa/ntohs.o (0x1)
Removed property 0xc0010002 to merge double_link_list.o (not found) and lib/arpa/ntohs.o (0x0)
Removed property 0xc0010001 to merge double_link_list.o (not found) and lib/arpa/htonl.o (0x1)
Removed property 0xc0010002 to merge double_link_list.o (not found) and lib/arpa/htonl.o (0x0)
Removed property 0xc0010001 to merge double_link_list.o (not found) and lib/arpa/htons.o (0x1)
Removed property 0xc0010002 to merge double_link_list.o (not found) and lib/arpa/htons.o (0x0)
Removed property 0xc0010001 to merge double_link_list.o (not found) and lib/arpa/inet_pton.o (0x1)
Removed property 0xc0010002 to merge double_link_list.o (not found) and lib/arpa/inet_pton.o (0x0)
Removed property 0xc0010001 to merge double_link_list.o (not found) and lib/arpa/ntohl.o (0x1)
Removed property 0xc0010002 to merge double_link_list.o (not found) and lib/arpa/ntohl.o (0x0)
Removed property 0xc0010001 to merge double_link_list.o (not found) and lib/arpa/inet_ntop.o (0x1)
Removed property 0xc0010002 to merge double_link_list.o (not found) and lib/arpa/inet_ntop.o (0x0)

Allocating common symbols
Common symbol       size              file

current_tty         0x4               double_link_list.o
file_desc_table     0x400             fs/fs_main.o
is_e0               0x1               double_link_list.o
phy_super_block_buf
                    0x4               fs/fs_main.o
phy_fsbuf           0x4               fs/fs_main.o
idt_ptr             0x6               double_link_list.o
pid                 0x4               double_link_list.o
KernelVirtualMemory
                    0xc               double_link_list.o
inode_table         0xa00             fs/fs_main.o
loop                0x4               network/netdev.o
current_dis_pos     0x4               double_link_list.o
dis_pos             0x4               double_link_list.o
netdev              0x4               network/netdev.o
k_reenter           0x4               double_link_list.o
super_block_buf     0x4               fs/fs_main.o
gdt                 0x400             double_link_list.o
proc_ready_table    0x4               double_link_list.o
test_ticks          0x4               double_link_list.o
hd_info             0x224             hd/hd.o
proc_stack          0x90000           global.o
pcaller             0x4               double_link_list.o
keyboard_buffer     0x20c             double_link_list.o
pcb_list            0x10              double_link_list.o
gdt_index           0x4               double_link_list.o
tty_table           0x828             double_link_list.o
tss                 0x6c              double_link_list.o
KernelPool          0x10              double_link_list.o
net_buf             0x4               double_link_list.o
fsbuf               0x4               fs/fs_main.o
nic_current_page    0x1               double_link_list.o
root                0x28              fs/fs_main.o
kernel_mem_block_decs_array
                    0xf0              mem/mem.o
counter             0x4               double_link_list.o
key_pressed         0x4               double_link_list.o
fork_pid            0x4               double_link_list.o
is_shift            0x1               double_link_list.o
net_data            0x1               double_link_list.o
gdt_ptr             0x6               double_link_list.o
idt                 0x800             double_link_list.o
main_thread         0x4               double_link_list.o
ticks               0x8               double_link_list.o
is_init             0x1               double_link_list.o
UserPool            0x10              double_link_list.o
all_pcb_list        0x10              double_link_list.o
console_table       0x10              double_link_list.o
is_disp             0x1               double_link_list.o
MAIN_THREAD_PAGE_DIRECTORY
                    0x4               double_link_list.o
helloStr            0xc               double_link_list.o
proc_table          0x1e14            global.o
hd_cache            0x200             hd/hd.o

Discarded input sections

 .note.GNU-stack
                0x00000000        0x0 double_link_list.o
 .note.gnu.property
                0x00000000       0x28 double_link_list.o
 .note.GNU-stack
                0x00000000        0x0 kernel_main.o
 .note.gnu.property
                0x00000000       0x28 kernel_main.o
 .note.GNU-stack
                0x00000000        0x0 protect.o
 .note.gnu.property
                0x00000000       0x28 protect.o
 .note.GNU-stack
                0x00000000        0x0 global.o
 .note.gnu.property
                0x00000000       0x28 global.o
 .note.GNU-stack
                0x00000000        0x0 console.o
 .note.gnu.property
                0x00000000       0x28 console.o
 .note.GNU-stack
                0x00000000        0x0 kernel_main_old.o
 .note.gnu.property
                0x00000000       0x28 kernel_main_old.o
 .note.GNU-stack
                0x00000000        0x0 keyboard.o
 .note.gnu.property
                0x00000000       0x28 keyboard.o
 .note.GNU-stack
                0x00000000        0x0 process.o
 .note.gnu.property
                0x00000000       0x28 process.o
 .note.GNU-stack
                0x00000000        0x0 thread.o
 .note.gnu.property
                0x00000000       0x28 thread.o
 .note.GNU-stack
                0x00000000        0x0 my_process.o
 .note.gnu.property
                0x00000000       0x28 my_process.o
 .note.GNU-stack
                0x00000000        0x0 network/socket.o
 .note.gnu.property
                0x00000000       0x28 network/socket.o
 .note.GNU-stack
                0x00000000        0x0 network/ip_input.o
 .note.gnu.property
                0x00000000       0x28 network/ip_input.o
 .note.GNU-stack
                0x00000000        0x0 network/udp_sock.o
 .note.gnu.property
                0x00000000       0x28 network/udp_sock.o
 .note.GNU-stack
                0x00000000        0x0 network/tcp_sock.o
 .note.gnu.property
                0x00000000       0x28 network/tcp_sock.o
 .note.GNU-stack
                0x00000000        0x0 network/netdev.o
 .note.gnu.property
                0x00000000       0x28 network/netdev.o
 .note.GNU-stack
                0x00000000        0x0 network/ip_output.o
 .note.gnu.property
                0x00000000       0x28 network/ip_output.o
 .note.GNU-stack
                0x00000000        0x0 network/tcp.o
 .note.gnu.property
                0x00000000       0x28 network/tcp.o
 .note.GNU-stack
                0x00000000        0x0 network/sock.o
 .note.gnu.property
                0x00000000       0x28 network/sock.o
 .note.GNU-stack
                0x00000000        0x0 network/tcp_output.o
 .note.gnu.property
                0x00000000       0x28 network/tcp_output.o
 .note.GNU-stack
                0x00000000        0x0 network/arp.o
 .note.gnu.property
                0x00000000       0x28 network/arp.o
 .note.GNU-stack
                0x00000000        0x0 network/route.o
 .note.gnu.property
                0x00000000       0x28 network/route.o
 .note.GNU-stack
                0x00000000        0x0 network/ipc.o
 .note.gnu.property
                0x00000000       0x28 network/ipc.o
 .note.GNU-stack
                0x00000000        0x0 network/icmpv4.o
 .note.gnu.property
                0x00000000       0x28 network/icmpv4.o
 .note.GNU-stack
                0x00000000        0x0 network/skbuff.o
 .note.gnu.property
                0x00000000       0x28 network/skbuff.o
 .note.GNU-stack
                0x00000000        0x0 network/inet.o
 .note.gnu.property
                0x00000000       0x28 network/inet.o
 .note.GNU-stack
                0x00000000        0x0 network/dst.o
 .note.gnu.property
                0x00000000       0x28 network/dst.o
 .note.GNU-stack
                0x00000000        0x0 network/tcp_input.o
 .note.gnu.property
                0x00000000       0x28 network/tcp_input.o
 .note.GNU-stack
                0x00000000        0x0 network/task_network.o
 .note.gnu.property
                0x00000000       0x28 network/task_network.o
 .note.GNU-stack
                0x00000000        0x0 network/udp.o
 .note.gnu.property
                0x00000000       0x28 network/udp.o
 .note.GNU-stack
                0x00000000        0x0 network/tcp_data.o
 .note.gnu.property
                0x00000000       0x28 network/tcp_data.o
 .note.GNU-stack
                0x00000000        0x0 network/utils.o
 .note.gnu.property
                0x00000000       0x28 network/utils.o
 .note.GNU-stack
                0x00000000        0x0 hd/hd.o
 .note.gnu.property
                0x00000000       0x28 hd/hd.o
 .note.GNU-stack
                0x00000000        0x0 fs/fs_main.o
 .note.gnu.property
                0x00000000       0x28 fs/fs_main.o
 .note.GNU-stack
                0x00000000        0x0 mm/forkexit.o
 .note.gnu.property
                0x00000000       0x28 mm/forkexit.o
 .note.GNU-stack
                0x00000000        0x0 mm/exec.o
 .note.gnu.property
                0x00000000       0x28 mm/exec.o
 .note.GNU-stack
                0x00000000        0x0 mm/main.o
 .note.gnu.property
                0x00000000       0x28 mm/main.o
 .note.GNU-stack
                0x00000000        0x0 mem/mem.o
 .note.GNU-stack
                0x00000000        0x0 lib/floor.o
 .note.gnu.property
                0x00000000       0x28 lib/floor.o
 .note.GNU-stack
                0x00000000        0x0 lib/exec.o
 .note.gnu.property
                0x00000000       0x28 lib/exec.o
 .note.GNU-stack
                0x00000000        0x0 lib/exit.o
 .note.gnu.property
                0x00000000       0x28 lib/exit.o
 .note.GNU-stack
                0x00000000        0x0 lib/unlink.o
 .note.gnu.property
                0x00000000       0x28 lib/unlink.o
 .note.GNU-stack
                0x00000000        0x0 lib/wait.o
 .note.gnu.property
                0x00000000       0x28 lib/wait.o
 .note.GNU-stack
                0x00000000        0x0 lib/calloc.o
 .note.gnu.property
                0x00000000       0x28 lib/calloc.o
 .note.GNU-stack
                0x00000000        0x0 lib/alloca.o
 .note.gnu.property
                0x00000000       0x28 lib/alloca.o
 .note.GNU-stack
                0x00000000        0x0 lib/fork.o
 .note.gnu.property
                0x00000000       0x28 lib/fork.o
 .note.GNU-stack
                0x00000000        0x0 lib/getpid.o
 .note.gnu.property
                0x00000000       0x28 lib/getpid.o
 .note.GNU-stack
                0x00000000        0x0 lib/string/strtok.o
 .note.gnu.property
                0x00000000       0x28 lib/string/strtok.o
 .note.GNU-stack
                0x00000000        0x0 lib/string/strcmp.o
 .note.gnu.property
                0x00000000       0x28 lib/string/strcmp.o
 .note.GNU-stack
                0x00000000        0x0 lib/string/strncmp.o
 .note.gnu.property
                0x00000000       0x28 lib/string/strncmp.o
 .note.GNU-stack
                0x00000000        0x0 lib/string/strpbrk.o
 .note.gnu.property
                0x00000000       0x28 lib/string/strpbrk.o
 .note.GNU-stack
                0x00000000        0x0 lib/stdio/read.o
 .note.gnu.property
                0x00000000       0x28 lib/stdio/read.o
 .note.GNU-stack
                0x00000000        0x0 lib/stdio/perror.o
 .note.gnu.property
                0x00000000       0x28 lib/stdio/perror.o
 .note.GNU-stack
                0x00000000        0x0 lib/stdio/sscanf.o
 .note.gnu.property
                0x00000000       0x28 lib/stdio/sscanf.o
 .note.GNU-stack
                0x00000000        0x0 lib/stdio/open.o
 .note.gnu.property
                0x00000000       0x28 lib/stdio/open.o
 .note.GNU-stack
                0x00000000        0x0 lib/stdio/write.o
 .note.gnu.property
                0x00000000       0x28 lib/stdio/write.o
 .note.GNU-stack
                0x00000000        0x0 lib/stdio/close.o
 .note.gnu.property
                0x00000000       0x28 lib/stdio/close.o
 .note.GNU-stack
                0x00000000        0x0 lib/arpa/ntohs.o
 .note.gnu.property
                0x00000000       0x28 lib/arpa/ntohs.o
 .note.GNU-stack
                0x00000000        0x0 lib/arpa/htonl.o
 .note.gnu.property
                0x00000000       0x28 lib/arpa/htonl.o
 .note.GNU-stack
                0x00000000        0x0 lib/arpa/htons.o
 .note.gnu.property
                0x00000000       0x28 lib/arpa/htons.o
 .note.GNU-stack
                0x00000000        0x0 lib/arpa/inet_pton.o
 .note.gnu.property
                0x00000000       0x28 lib/arpa/inet_pton.o
 .note.GNU-stack
                0x00000000        0x0 lib/arpa/ntohl.o
 .note.gnu.property
                0x00000000       0x28 lib/arpa/ntohl.o
 .note.GNU-stack
                0x00000000        0x0 lib/arpa/inet_ntop.o
 .note.gnu.property
                0x00000000       0x28 lib/arpa/inet_ntop.o

Memory Configuration

Name             Origin             Length             Attributes
*default*        0x00000000         0xffffffff

Linker script and memory map

Address of section .text set to 0xc0600000
LOAD kernel/kernel_sub.o
LOAD kernel/kernel.o
LOAD switch_to.o
LOAD string.o
LOAD syscall.o
LOAD hd/hd_rdwt.o
LOAD network/ne2000.o
LOAD double_link_list.o
LOAD kernel_main.o
LOAD protect.o
LOAD global.o
LOAD console.o
LOAD kernel_main_old.o
LOAD keyboard.o
LOAD process.o
LOAD thread.o
LOAD my_process.o
LOAD network/socket.o
LOAD network/ip_input.o
LOAD network/udp_sock.o
LOAD network/tcp_sock.o
LOAD network/netdev.o
LOAD network/ip_output.o
LOAD network/tcp.o
LOAD network/sock.o
LOAD network/tcp_output.o
LOAD network/arp.o
LOAD network/route.o
LOAD network/ipc.o
LOAD network/icmpv4.o
LOAD network/skbuff.o
LOAD network/inet.o
LOAD network/dst.o
LOAD network/tcp_input.o
LOAD network/task_network.o
LOAD network/udp.o
LOAD network/tcp_data.o
LOAD network/utils.o
LOAD hd/hd.o
LOAD fs/fs_main.o
LOAD mm/forkexit.o
LOAD mm/exec.o
LOAD mm/main.o
LOAD mem/mem.o
LOAD lib/floor.o
LOAD lib/exec.o
LOAD lib/exit.o
LOAD lib/unlink.o
LOAD lib/wait.o
LOAD lib/calloc.o
LOAD lib/alloca.o
LOAD lib/fork.o
LOAD lib/getpid.o
LOAD lib/string/strtok.o
LOAD lib/string/strcmp.o
LOAD lib/string/strncmp.o
LOAD lib/string/strpbrk.o
LOAD lib/stdio/read.o
LOAD lib/stdio/perror.o
LOAD lib/stdio/sscanf.o
LOAD lib/stdio/open.o
LOAD lib/stdio/write.o
LOAD lib/stdio/close.o
LOAD lib/arpa/ntohs.o
LOAD lib/arpa/htonl.o
LOAD lib/arpa/htons.o
LOAD lib/arpa/inet_pton.o
LOAD lib/arpa/ntohl.o
LOAD lib/arpa/inet_ntop.o
                [!provide]                        PROVIDE (__executable_start = SEGMENT_START ("text-segment", 0x8048000))
                0x080480d4                        . = (SEGMENT_START ("text-segment", 0x8048000) + SIZEOF_HEADERS)

.interp
 *(.interp)

.note.gnu.build-id
 *(.note.gnu.build-id)

.hash
 *(.hash)

.gnu.hash
 *(.gnu.hash)

.dynsym
 *(.dynsym)

.dynstr
 *(.dynstr)

.gnu.version
 *(.gnu.version)

.gnu.version_d
 *(.gnu.version_d)

.gnu.version_r
 *(.gnu.version_r)

.rel.dyn        0x080480d4        0x0
 *(.rel.init)
 *(.rel.text .rel.text.* .rel.gnu.linkonce.t.*)
 .rel.text      0x080480d4        0x0 kernel/kernel_sub.o
 *(.rel.fini)
 *(.rel.rodata .rel.rodata.* .rel.gnu.linkonce.r.*)
 *(.rel.data.rel.ro .rel.data.rel.ro.* .rel.gnu.linkonce.d.rel.ro.*)
 *(.rel.data .rel.data.* .rel.gnu.linkonce.d.*)
 *(.rel.tdata .rel.tdata.* .rel.gnu.linkonce.td.*)
 *(.rel.tbss .rel.tbss.* .rel.gnu.linkonce.tb.*)
 *(.rel.ctors)
 *(.rel.dtors)
 *(.rel.got)
 .rel.got       0x080480d4        0x0 kernel/kernel_sub.o
 *(.rel.bss .rel.bss.* .rel.gnu.linkonce.b.*)
 *(.rel.ifunc)

.rel.plt        0x080480d4        0x0
 *(.rel.plt)
                [!provide]                        PROVIDE (__rel_iplt_start = .)
 *(.rel.iplt)
 .rel.iplt      0x080480d4        0x0 kernel/kernel_sub.o
                [!provide]                        PROVIDE (__rel_iplt_end = .)

.relr.dyn
 *(.relr.dyn)
                0x08049000                        . = ALIGN (CONSTANT (MAXPAGESIZE))

.init
 *(SORT_NONE(.init))

.plt            0x08049000        0x0
 *(.plt)
 *(.iplt)
 .iplt          0x08049000        0x0 kernel/kernel_sub.o

.plt.got
 *(.plt.got)

.plt.sec
 *(.plt.sec)

.text           0xc0600000    0x11da5
 *(.text.unlikely .text.*_unlikely .text.unlikely.*)
 *(.text.exit .text.exit.*)
 *(.text.startup .text.startup.*)
 *(.text.hot .text.hot.*)
 *(SORT_BY_NAME(.text.sorted.*))
 *(.text .stub .text.* .gnu.linkonce.t.*)
 .text          0xc0600000       0x74 kernel/kernel_sub.o
                0xc0600000                _start
 *fill*         0xc0600074        0xc 
 .text          0xc0600080      0x3d7 kernel/kernel.o
                0xc0600080                InterruptTest
                0xc060008c                disp_str_len
                0xc06000d9                disp_str
                0xc0600114                disp_str_colour
                0xc0600150                divide_zero_fault
                0xc0600156                single_step_fault
                0xc060015c                non_maskable_interrupt
                0xc0600162                breakpoint_trap
                0xc0600168                overflow_trap
                0xc060016e                bound_range_exceeded_fault
                0xc0600174                invalid_opcode_fault
                0xc060017a                coprocessor_not_available_fault
                0xc0600180                double_fault_exception_abort
                0xc0600184                coprocessor_segment_overrun
                0xc060018a                invalid_task_state_segment_fault
                0xc060018e                segment_not_present_fault
                0xc0600192                stack_exception_fault
                0xc0600196                general_protection_exception_fault
                0xc06001a1                page_fault
                0xc06001a5                coprocessor_error_fault
                0xc06001ab                align_check_fault
                0xc06001af                simd_float_exception_fault
                0xc06001be                hwint0
                0xc06001ee                hwint1
                0xc0600231                hwint14
                0xc0600277                hwint10
                0xc06002ba                sys_call
                0xc0600300                fork_restart
                0xc060030f                restart
                0xc0600332                in_byte
                0xc060033e                out_byte
                0xc0600360                disable_int
                0xc0600362                enable_int
                0xc06003f8                enable_8259A_casecade_irq
                0xc0600402                disable_8259A_casecade_irq
                0xc060040c                enable_8259A_slave_winchester_irq
                0xc0600416                disable_8259A_slave_winchester_irq
                0xc0600420                update_cr3
                0xc060042d                update_tss
                0xc060043c                get_running_thread_pcb
                0xc0600444                sys_call_test
                0xc0600447                enable_8259A_slave_net_irq
 *fill*         0xc0600457        0x9 
 .text          0xc0600460       0x15 switch_to.o
                0xc0600460                switch_to
 *fill*         0xc0600475        0xb 
 .text          0xc0600480       0x69 syscall.o
                0xc0600480                write_debug
                0xc0600490                send_msg
                0xc06004a6                receive_msg
                0xc06004bc                sys_malloc
                0xc06004d1                sys_free
 *fill*         0xc06004e9        0x7 
 .text          0xc06004f0      0x25b network/ne2000.o
                0xc0600513                DriverInitialize
                0xc060059d                SetPageStart
                0xc06005c5                DriverSend
                0xc060063a                PCtoNIC
                0xc06006a8                get_interrupt_status
                0xc06006be                set_interrupt_status
                0xc06006d7                get_curr_page
                0xc06006f4                NICtoPC
 .text          0xc060074b      0x329 double_link_list.o
                0xc060074b                initDoubleLinkList
                0xc0600779                isListEmpty
                0xc060079a                findElementInList
                0xc0600876                appendToDoubleLinkList
                0xc060095d                insertToDoubleLinkList
                0xc06009e0                popFromDoubleLinkList
 .text          0xc0600a74      0x3e8 kernel_main.o
                0xc0600a74                kernel_main
                0xc0600c3a                init
                0xc0600cdc                kernel_thread_a
                0xc0600d29                kernel_thread_b
                0xc0600d76                kernel_thread_c
                0xc0600d8c                kernel_thread_d
                0xc0600da2                user_proc_a
                0xc0600e44                user_proc_b
 .text          0xc0600e5c      0x3b3 protect.o
                0xc0600e5c                InitDescriptor
                0xc0600ec9                Seg2PhyAddr
                0xc0600f0a                Seg2PhyAddrLDT
                0xc0600f4e                VirAddr2PhyAddr
                0xc0600f64                v2l
                0xc0600fa7                init_propt
                0xc0601128                InitInterruptDesc
                0xc0601184                ReloadGDT
 .text          0xc060120f        0x0 global.o
 .text          0xc060120f      0xaca console.o
                0xc060120f                select_console
                0xc060124b                flush
                0xc0601284                set_cursor
                0xc06012e2                set_console_start_video_addr
                0xc0601340                put_key
                0xc06013ac                scroll_up
                0xc06013ee                scroll_down
                0xc0601459                out_char
                0xc0601616                tty_dev_read
                0xc0601640                tty_dev_write
                0xc060186d                tty_do_read
                0xc0601935                tty_do_write
                0xc0601a98                init_screen
                0xc0601b21                init_tty
                0xc0601bd6                TaskTTY
 .text          0xc0601cd9     0x2d79 kernel_main_old.o
                0xc0601cd9                stop_here
                0xc0601d1d                catch_error
                0xc0601d3a                intr_enable
                0xc0601d63                intr_disable
                0xc0601d8c                intr_set_status
                0xc0601daa                intr_get_status
                0xc0601dc7                Memcpy
                0xc0601dfa                untar
                0xc060210f                atoi
                0xc06021b5                disp_int
                0xc06021de                do_page_fault
                0xc060231b                exception_handler
                0xc0602502                init_internal_interrupt
                0xc0602677                spurious_irq
                0xc0602705                init_keyboard
                0xc0602748                TestTTY
                0xc06027e7                TestReadReturnValue
                0xc0602864                TestWriteReturnValue
                0xc0602938                TestFS2
                0xc0602946                TestFS
                0xc0602de8                wait_exit
                0xc0602ee6                INIT_fork
                0xc06031de                simple_shell
                0xc0603365                test_shell
                0xc06033cd                test_exec
                0xc060350d                INIT
                0xc060351a                TestA
                0xc060354f                delay
                0xc0603593                TestB
                0xc06035ab                TestC
                0xc06035de                sys_get_ticks
                0xc06035ee                sys_write
                0xc0603642                milli_delay
                0xc060367e                TaskSys
                0xc0603683                Printf
                0xc06036e1                sprintf
                0xc060370d                vsprintf
                0xc06038b9                printx
                0xc06038fc                sys_printx
                0xc06039c8                spin
                0xc06039ee                panic
                0xc0603a0c                assertion_failure
                0xc0603a7e                assertion_failure2
                0xc0603af3                dead_lock
                0xc0603afd                sys_send_msg
                0xc060401c                sys_receive_msg
                0xc060467c                send_rec
                0xc0604777                block
                0xc06047b3                unblock
                0xc0604803                get_ticks_ipc
                0xc060485a                itoa
                0xc06048b0                i2a
                0xc0604916                inform_int
                0xc06049e3                deprecate_strcmp
 .text          0xc0604a52      0x40f keyboard.o
                0xc0604a52                keyboard_handler
                0xc0604ad6                read_from_keyboard_buf
                0xc0604b3c                keyboard_read
                0xc0604cbb                init_keyboard_handler
                0xc0604ccf                in_process
 .text          0xc0604e61      0x21b process.o
                0xc0604e61                schedule_process
                0xc0604f6e                clock_handler
                0xc0604fdf                pid2proc
                0xc0605065                proc2pid
 .text          0xc060507c      0x1b2 thread.o
                0xc060507c                kernel_thread
                0xc0605094                thread_init
                0xc0605141                thread_create
                0xc0605176                thread_start
 .text          0xc060522e      0x730 my_process.o
                0xc060522e                create_user_process_address_space
                0xc06052be                user_process
                0xc06053eb                clone_pcb
                0xc060555d                build_body_stack
                0xc0605690                build_process_kernel_stack
                0xc0605753                fork_process
                0xc06057e4                process_execute
 .text          0xc060595e      0x66c network/socket.o
                0xc0605a0e                test
                0xc0605a6a                socket_debug
                0xc0605acb                free_socket
                0xc0605b87                _socket
                0xc0605c46                _bind
                0xc0605c99                _connect
                0xc0605ceb                _write
                0xc0605d42                _read
                0xc0605d99                _recvfrom
                0xc0605dda                _sendto
                0xc0605e31                _close
                0xc0605eb0                _listen
                0xc0605f16                _accept
 .text          0xc0605fca      0x2da network/ip_input.o
                0xc0606154                ip_rcv
 .text          0xc06062a4      0x8bc network/udp_sock.o
                0xc06064d1                udp_lookup_sock
                0xc0606518                udp_init
                0xc0606549                udp_close
                0xc060656f                udp_sock_init
                0xc0606579                udp_recvfrom
                0xc0606612                udp_connect
                0xc06066eb                udp_write
                0xc0606717                udp_alloc_skb
                0xc0606761                udp_sendto
                0xc0606855                udp_send
                0xc0606993                udp_alloc_sock
                0xc06069d4                udp_free_sock
                0xc06069f8                udp_read
 .text          0xc0606b60      0xa16 network/tcp_sock.o
                0xc0606e0e                tcp_established_or_syn_recvd_socks_enqueue
                0xc0606e25                tcp_established_or_syn_recvd_socks_remove
                0xc0606e37                tcp_connecting_or_listening_socks_enqueue
                0xc0606e4e                tcp_connecting_or_listening_socks_remove
                0xc0606e60                tcp_alloc_sock
                0xc0606f76                tcp_free_sock
                0xc0606fef                tcp_init
                0xc0606ff9                tcp_sock_init
                0xc060709c                tcp_write
                0xc06070dd                tcp_read
                0xc0607190                tcp_close
                0xc060724e                tcp_recv_notify
                0xc0607279                tcp_v4_connect
                0xc06074c9                tcp_lookup_sock
 .text          0xc0607576      0x37e network/netdev.o
                0xc0607688                netdev_init
                0xc06076cf                netdev_transmit
                0xc06077ff                netdev_rx_loop
                0xc060786f                netdev_get
                0xc060788c                free_netdev
                0xc06078b7                local_ipaddress
 .text          0xc06078f4      0x1d3 network/ip_output.o
                0xc0607902                ip_output
 .text          0xc0607ac7      0x448 network/tcp.o
                0xc0607cbc                tcp_in
                0xc0607d70                tcp_checksum
                0xc0607d9c                __tcp_set_state
                0xc0607dab                tcp_generate_port
                0xc0607df4                tcp_generate_isn
                0xc0607dfe                tcp_done
                0xc0607e27                tcp_clear_timers
                0xc0607e36                tcp_stop_retransmission_timer
                0xc0607e4f                tcp_release_retransmission_timer
                0xc0607e68                tcp_stop_delack_timer
                0xc0607e7b                tcp_release_delack_timer
                0xc0607e8e                tcp_handle_fin_state
                0xc0607ef3                tcp_enter_time_wait
 .text          0xc0607f0f      0x203 network/sock.o
                0xc0608041                sk_alloc
                0xc0608068                sk_init
                0xc06080bc                sk_init_with_socket
                0xc06080e5                sk_free
 .text          0xc0608112      0xbb9 network/tcp_output.o
                0xc06085d3                tcp_send_synack
                0xc0608676                tcp_send_delack
                0xc06086b1                tcp_send_ack
                0xc06087fd                tcp_send_fin
                0xc0608872                tcp_select_initial_window
                0xc0608a24                tcp_reset_retransmission_timer
                0xc0608a41                tcp_begin_connect
                0xc0608aeb                tcp_send
                0xc0608bd0                tcp_send_reset
                0xc0608c50                tcp_queue_fin
 .text          0xc0608ccb      0x6dc network/arp.o
                0xc0608e98                arp_init
                0xc0608e9e                arp_rcv
                0xc0609050                arp_request
                0xc06091ba                arp_reply
                0xc060930a                arp_get_hwaddr
                0xc0609356                free_arp
 .text          0xc06093a7      0x295 network/route.o
                0xc06094d4                route_add
                0xc0609519                route_init
                0xc06095a0                route_lookup
                0xc06095eb                free_routes
 .text          0xc060963c      0xcf0 network/ipc.o
                0xc060a1c8                ipc_close
                0xc060a219                demux_ipc_socket_call
 .text          0xc060a32c      0x234 network/icmpv4.o
                0xc060a33a                icmpv4_incoming
                0xc060a3ae                icmpv4_reply
                0xc060a487                icmpv4_timestamp
 .text          0xc060a560      0x12e network/skbuff.o
                0xc060a579                alloc_skb
                0xc060a60a                free_skb
                0xc060a610                skb_reserve
                0xc060a62c                skb_push
                0xc060a65b                skb_head
                0xc060a666                skb_reset_header
 .text          0xc060a68e      0x429 network/inet.o
                0xc060a68e                inet_create
                0xc060a73e                inet_socket
                0xc060a748                inet_connect
                0xc060a79c                inet_write
                0xc060a7c8                inet_read
                0xc060a7f4                inet_close
                0xc060a843                inet_free
                0xc060a879                inet_bind
                0xc060a982                inet_listen
                0xc060a9cb                inet_accept
                0xc060aa76                inet_sendto
                0xc060aaa1                inet_recvfrom
 .text          0xc060aab7       0xd8 network/dst.o
                0xc060aac5                dst_neigh_output
 .text          0xc060ab8f      0xb6f network/tcp_input.o
                0xc060b276                tcp_process
                0xc060b63c                tcp_receive
 .text          0xc060b6fe       0xf6 network/task_network.o
                0xc060b6fe                task_network
                0xc060b7e6                task_netdev_rx
 .text          0xc060b7f4      0x3e0 network/udp.o
                0xc060b8ff                udp_generate_port
                0xc060b948                udp_checksum
                0xc060ba16                udp_in
                0xc060baa7                udp_data_dequeue
                0xc060bbaf                udp_data_enqueue
 .text          0xc060bbd4      0x54a network/tcp_data.o
                0xc060bebf                tcp_data_dequeue
                0xc060bfec                tcp_data_queue
 .text          0xc060c11e      0x1e7 network/utils.o
                0xc060c11e                run_cmd
                0xc060c12b                print_err
                0xc060c142                parse_ipv4_string
                0xc060c1a1                ip_pton
                0xc060c1e9                sum_every_16bits
                0xc060c240                checksum
                0xc060c281                tcp_udp_checksum
 .text          0xc060c305      0xe63 hd/hd.o
                0xc060c305                TaskHD
                0xc060c34a                init_hd
                0xc060c364                hd_handle
                0xc060c469                hd_cmd_out
                0xc060c56b                hd_identify
                0xc060c622                print_hdinfo
                0xc060c7b0                print_dpt_entry
                0xc060c81c                get_partition_table
                0xc060c8fb                partition
                0xc060cb15                hd_open
                0xc060cbbc                get_hd_ioctl
                0xc060cc6d                wait_for
                0xc060cc9e                interrupt_wait
                0xc060ccee                hd_rdwt
                0xc060cf8d                hd_handler
                0xc060cfb9                debug_ticks
                0xc060cff7                net_handler
                0xc060cfff                waitfor
                0xc060d043                print_hd_info
                0xc060d130                is_empty
 .text          0xc060d168     0x204f fs/fs_main.o
                0xc060d168                task_fs
                0xc060d373                rd_wt
                0xc060d44c                mkfs
                0xc060da2e                init_fs
                0xc060da82                do_open
                0xc060dc71                search_file
                0xc060dda3                strip_path
                0xc060de6f                get_inode
                0xc060e031                create_file
                0xc060e13c                alloc_imap_bit
                0xc060e239                alloc_smap_bit
                0xc060e3da                new_inode
                0xc060e4f8                new_dir_entry
                0xc060e704                do_unlink
                0xc060ebe0                do_rdwt
                0xc060ef6b                sync_inode
                0xc060f0bf                put_inode
                0xc060f0fd                do_close
                0xc060f14f                get_super_block
 .text          0xc060f1b7      0x271 mm/forkexit.o
                0xc060f1b7                do_fork
                0xc060f225                do_exit
                0xc060f2af                do_wait
                0xc060f3ce                cleanup
 .text          0xc060f428      0x419 mm/exec.o
                0xc060f428                do_exec
 .text          0xc060f841      0x148 mm/main.o
                0xc060f841                TaskMM
                0xc060f96a                alloc_mem
 .text          0xc060f989     0x1275 mem/mem.o
                0xc060f989                init_bitmap
                0xc060f9ac                test_bit_val
                0xc060fa15                set_bit_val
                0xc060fa90                set_bits
                0xc060faca                get_first_free_bit
                0xc060fb0e                get_bits
                0xc060fbd6                get_a_page
                0xc060fc8a                get_virtual_address_start_with_addr
                0xc060fd24                get_virtual_address
                0xc060fdb4                ptr_pde
                0xc060fdc7                ptr_pte
                0xc060fdee                add_map_entry
                0xc060fe7f                alloc_virtual_memory
                0xc060ff52                get_physical_address_proc
                0xc060ffce                get_physical_address
                0xc0610000                alloc_physical_memory_of_proc
                0xc06100ef                alloc_physical_memory
                0xc06101b7                alloc_memory
                0xc0610219                get_a_virtual_page
                0xc0610251                block2arena
                0xc0610267                sys_malloc2
                0xc061051d                remove_map_entry
                0xc061053e                free_a_page
                0xc06105e5                sys_free2
                0xc061076d                init_memory_block_desc
                0xc061083e                init_memory2
                0xc0610ab5                init_memory
 .text          0xc0610bfe       0x49 lib/floor.o
                0xc0610bfe                floor
 .text          0xc0610c47      0x285 lib/exec.o
                0xc0610c47                exec
                0xc0610cb8                execv
                0xc0610ea7                execl
 .text          0xc0610ecc       0x2f lib/exit.o
                0xc0610ecc                exit
 .text          0xc0610efb       0x42 lib/unlink.o
                0xc0610efb                unlink
 .text          0xc0610f3d       0x44 lib/wait.o
                0xc0610f3d                wait
 .text          0xc0610f81       0x46 lib/calloc.o
                0xc0610f81                calloc
 .text          0xc0610fc7       0x4f lib/alloca.o
                0xc0610fc7                alloca
 .text          0xc0611016       0x48 lib/fork.o
                0xc0611016                fork
 .text          0xc061105e       0x2b lib/getpid.o
                0xc061105e                getpid
 .text          0xc0611089       0x85 lib/string/strtok.o
                0xc0611089                strtok
 .text          0xc061110e       0x8e lib/string/strcmp.o
                0xc061110e                strcmp
 .text          0xc061119c       0xd4 lib/string/strncmp.o
                0xc061119c                strncmp
 .text          0xc0611270       0x90 lib/string/strpbrk.o
                0xc0611270                strpbrk
 .text          0xc0611300      0x181 lib/stdio/read.o
                0xc0611300                read
 .text          0xc0611481       0x17 lib/stdio/perror.o
                0xc0611481                perror
 .text          0xc0611498      0x2c1 lib/stdio/sscanf.o
                0xc0611498                sscanf
 .text          0xc0611759       0x95 lib/stdio/open.o
                0xc0611759                open
 .text          0xc06117ee       0x85 lib/stdio/write.o
                0xc06117ee                write
 .text          0xc0611873       0x52 lib/stdio/close.o
                0xc0611873                close
 .text          0xc06118c5       0x38 lib/arpa/ntohs.o
                0xc06118c5                ntohs
 .text          0xc06118fd       0x7c lib/arpa/htonl.o
                0xc06118fd                htonl
 .text          0xc0611979       0x38 lib/arpa/htons.o
                0xc0611979                htons
 .text          0xc06119b1      0x295 lib/arpa/inet_pton.o
                0xc06119b1                isValidIPv4
                0xc0611b3b                inet_pton
 .text          0xc0611c46       0x7c lib/arpa/ntohl.o
                0xc0611c46                ntohl
 .text          0xc0611cc2       0xe3 lib/arpa/inet_ntop.o
                0xc0611cc2                inet_ntop
 *(.gnu.warning)

.fini
 *(SORT_NONE(.fini))
                [!provide]                        PROVIDE (__etext = .)
                [!provide]                        PROVIDE (_etext = .)
                [!provide]                        PROVIDE (etext = .)
                0xc0612000                        . = ALIGN (CONSTANT (MAXPAGESIZE))
                0xc0612000                        . = SEGMENT_START ("rodata-segment", (ALIGN (CONSTANT (MAXPAGESIZE)) + (. & (CONSTANT (MAXPAGESIZE) - 0x1))))

.rodata         0xc0612000     0x1b77
 *(.rodata .rodata.* .gnu.linkonce.r.*)
 .rodata        0xc0612000       0x2c double_link_list.o
 .rodata        0xc061202c      0x174 kernel_main.o
 .rodata        0xc06121a0       0x22 console.o
 *fill*         0xc06121c2       0x1e 
 .rodata        0xc06121e0      0xb75 kernel_main_old.o
 .rodata        0xc0612d55       0x26 process.o
 *fill*         0xc0612d7b        0x1 
 .rodata        0xc0612d7c      0x23d network/socket.o
 *fill*         0xc0612fb9        0x3 
 .rodata        0xc0612fbc       0xb5 network/ip_input.o
 *fill*         0xc0613071        0x3 
 .rodata        0xc0613074       0x2d network/udp_sock.o
 *fill*         0xc06130a1        0x3 
 .rodata        0xc06130a4       0xe8 network/tcp_sock.o
 .rodata        0xc061318c       0xa9 network/netdev.o
 .rodata        0xc0613235        0x9 network/ip_output.o
 *fill*         0xc061323e        0x2 
 .rodata        0xc0613240       0x31 network/tcp.o
 .rodata        0xc0613271        0x9 network/sock.o
 *fill*         0xc061327a        0x2 
 .rodata        0xc061327c       0xc3 network/tcp_output.o
 *fill*         0xc061333f        0x1 
 .rodata        0xc0613340       0x9c network/arp.o
 .rodata        0xc06133dc       0x37 network/route.o
 *fill*         0xc0613413        0x1 
 .rodata        0xc0613414      0x160 network/ipc.o
 .rodata        0xc0613574       0x32 network/icmpv4.o
 .rodata        0xc06135a6        0x9 network/skbuff.o
 *fill*         0xc06135af        0x1 
 .rodata        0xc06135b0       0x48 network/inet.o
 .rodata        0xc06135f8        0x9 network/dst.o
 *fill*         0xc0613601        0x3 
 .rodata        0xc0613604       0x60 network/tcp_input.o
 .rodata        0xc0613664       0x3f network/task_network.o
 .rodata        0xc06136a3        0x9 network/udp.o
 .rodata        0xc06136ac       0x1e network/tcp_data.o
 *fill*         0xc06136ca        0x2 
 .rodata        0xc06136cc       0x41 network/utils.o
 *fill*         0xc061370d        0x3 
 .rodata        0xc0613710      0x19c hd/hd.o
 .rodata        0xc06138ac      0x1eb fs/fs_main.o
                0xc06138ac                FSBUF_SIZE
 .rodata        0xc0613a97       0x21 mm/forkexit.o
 .rodata        0xc0613ab8       0x10 mm/exec.o
 .rodata        0xc0613ac8       0x11 mm/main.o
 .rodata        0xc0613ad9       0x41 mem/mem.o
 .rodata        0xc0613b1a       0x2d lib/exec.o
 .rodata        0xc0613b47       0x2a lib/stdio/close.o
 .rodata        0xc0613b71        0x3 lib/arpa/inet_pton.o
 .rodata        0xc0613b74        0x3 lib/arpa/inet_ntop.o

.txt            0xc0613b77       0xaa
 .txt           0xc0613b77       0x82 string.o
                0xc0613b77                Memcpy2
                0xc0613ba5                Memset
                0xc0613bc4                Strcpy
                0xc0613bde                Strlen
 .txt           0xc0613bf9       0x28 hd/hd_rdwt.o
                0xc0613bf9                read_port
                0xc0613c0d                write_port

.rodata1
 *(.rodata1)

.eh_frame_hdr
 *(.eh_frame_hdr)
 *(.eh_frame_entry .eh_frame_entry.*)

.eh_frame       0xc0613c24     0x40c4
 *(.eh_frame)
 .eh_frame      0xc0613c24       0xd8 double_link_list.o
 .eh_frame      0xc0613cfc       0xe4 kernel_main.o
                                 0xfc (size before relaxing)
 .eh_frame      0xc0613de0      0x100 protect.o
                                0x118 (size before relaxing)
 .eh_frame      0xc0613ee0      0x1e0 console.o
                                0x1f8 (size before relaxing)
 .eh_frame      0xc06140c0      0x6cc kernel_main_old.o
                                0x6e4 (size before relaxing)
 .eh_frame      0xc061478c       0xa0 keyboard.o
                                 0xb8 (size before relaxing)
 .eh_frame      0xc061482c       0x80 process.o
                                 0x98 (size before relaxing)
 .eh_frame      0xc06148ac       0x80 thread.o
                                 0x98 (size before relaxing)
 .eh_frame      0xc061492c       0xe0 my_process.o
                                 0xf8 (size before relaxing)
 .eh_frame      0xc0614a0c      0x2a0 network/socket.o
                                0x2b8 (size before relaxing)
 .eh_frame      0xc0614cac      0x104 network/ip_input.o
                                0x11c (size before relaxing)
 .eh_frame      0xc0614db0      0x404 network/udp_sock.o
                                0x41c (size before relaxing)
 .eh_frame      0xc06151b4      0x4c0 network/tcp_sock.o
                                0x4d8 (size before relaxing)
 .eh_frame      0xc0615674      0x14c network/netdev.o
                                0x164 (size before relaxing)
 .eh_frame      0xc06157c0       0x40 network/ip_output.o
                                 0x58 (size before relaxing)
 .eh_frame      0xc0615800      0x268 network/tcp.o
                                0x280 (size before relaxing)
 .eh_frame      0xc0615a68      0x1a0 network/sock.o
                                0x1b8 (size before relaxing)
 .eh_frame      0xc0615c08      0x3c4 network/tcp_output.o
                                0x3dc (size before relaxing)
 .eh_frame      0xc0615fcc      0x1c0 network/arp.o
                                0x1d8 (size before relaxing)
 .eh_frame      0xc061618c      0x124 network/route.o
                                0x13c (size before relaxing)
 .eh_frame      0xc06162b0      0x250 network/ipc.o
                                0x268 (size before relaxing)
 .eh_frame      0xc0616500       0x80 network/icmpv4.o
                                 0x98 (size before relaxing)
 .eh_frame      0xc0616580       0xe0 network/skbuff.o
                                 0xf8 (size before relaxing)
 .eh_frame      0xc0616660      0x180 network/inet.o
                                0x198 (size before relaxing)
 .eh_frame      0xc06167e0       0x40 network/dst.o
                                 0x58 (size before relaxing)
 .eh_frame      0xc0616820      0x300 network/tcp_input.o
                                0x318 (size before relaxing)
 .eh_frame      0xc0616b20       0x40 network/task_network.o
                                 0x58 (size before relaxing)
 .eh_frame      0xc0616b60      0x1e4 network/udp.o
                                0x1fc (size before relaxing)
 .eh_frame      0xc0616d44      0x200 network/tcp_data.o
                                0x218 (size before relaxing)
 .eh_frame      0xc0616f44       0xe4 network/utils.o
                                 0xfc (size before relaxing)
 .eh_frame      0xc0617028      0x284 hd/hd.o
                                0x29c (size before relaxing)
 .eh_frame      0xc06172ac      0x27c fs/fs_main.o
                                0x294 (size before relaxing)
 .eh_frame      0xc0617528       0x80 mm/forkexit.o
                                 0x98 (size before relaxing)
 .eh_frame      0xc06175a8       0x20 mm/exec.o
                                 0x38 (size before relaxing)
 .eh_frame      0xc06175c8       0x3c mm/main.o
                                 0x54 (size before relaxing)
 .eh_frame      0xc0617604      0x364 mem/mem.o
                                0x37c (size before relaxing)
 .eh_frame      0xc0617968       0x20 lib/floor.o
                                 0x38 (size before relaxing)
 .eh_frame      0xc0617988       0x60 lib/exec.o
                                 0x78 (size before relaxing)
 .eh_frame      0xc06179e8       0x20 lib/exit.o
                                 0x38 (size before relaxing)
 .eh_frame      0xc0617a08       0x20 lib/unlink.o
                                 0x38 (size before relaxing)
 .eh_frame      0xc0617a28       0x20 lib/wait.o
                                 0x38 (size before relaxing)
 .eh_frame      0xc0617a48       0x20 lib/calloc.o
                                 0x38 (size before relaxing)
 .eh_frame      0xc0617a68       0x20 lib/alloca.o
                                 0x38 (size before relaxing)
 .eh_frame      0xc0617a88       0x20 lib/fork.o
                                 0x38 (size before relaxing)
 .eh_frame      0xc0617aa8       0x20 lib/getpid.o
                                 0x38 (size before relaxing)
 .eh_frame      0xc0617ac8       0x20 lib/string/strtok.o
                                 0x38 (size before relaxing)
 .eh_frame      0xc0617ae8       0x20 lib/string/strcmp.o
                                 0x38 (size before relaxing)
 .eh_frame      0xc0617b08       0x20 lib/string/strncmp.o
                                 0x38 (size before relaxing)
 .eh_frame      0xc0617b28       0x20 lib/string/strpbrk.o
                                 0x38 (size before relaxing)
 .eh_frame      0xc0617b48       0x20 lib/stdio/read.o
                                 0x38 (size before relaxing)
 .eh_frame      0xc0617b68       0x20 lib/stdio/perror.o
                                 0x38 (size before relaxing)
 .eh_frame      0xc0617b88       0x20 lib/stdio/sscanf.o
                                 0x38 (size before relaxing)
 .eh_frame      0xc0617ba8       0x20 lib/stdio/open.o
                                 0x38 (size before relaxing)
 .eh_frame      0xc0617bc8       0x20 lib/stdio/write.o
                                 0x38 (size before relaxing)
 .eh_frame      0xc0617be8       0x20 lib/stdio/close.o
                                 0x38 (size before relaxing)
 .eh_frame      0xc0617c08       0x20 lib/arpa/ntohs.o
                                 0x38 (size before relaxing)
 .eh_frame      0xc0617c28       0x20 lib/arpa/htonl.o
                                 0x38 (size before relaxing)
 .eh_frame      0xc0617c48       0x20 lib/arpa/htons.o
                                 0x38 (size before relaxing)
 .eh_frame      0xc0617c68       0x40 lib/arpa/inet_pton.o
                                 0x58 (size before relaxing)
 .eh_frame      0xc0617ca8       0x20 lib/arpa/ntohl.o
                                 0x38 (size before relaxing)
 .eh_frame      0xc0617cc8       0x20 lib/arpa/inet_ntop.o
                                 0x38 (size before relaxing)
 *(.eh_frame.*)

.sframe
 *(.sframe)
 *(.sframe.*)

.gcc_except_table
 *(.gcc_except_table .gcc_except_table.*)

.gnu_extab
 *(.gnu_extab*)

.exception_ranges
 *(.exception_ranges*)
                0xc0618000                        . = DATA_SEGMENT_ALIGN (CONSTANT (MAXPAGESIZE), CONSTANT (COMMONPAGESIZE))

.eh_frame
 *(.eh_frame)
 *(.eh_frame.*)

.sframe
 *(.sframe)
 *(.sframe.*)

.gnu_extab
 *(.gnu_extab)

.gcc_except_table
 *(.gcc_except_table .gcc_except_table.*)

.exception_ranges
 *(.exception_ranges*)

.tdata          0xc0618000        0x0
                [!provide]                        PROVIDE (__tdata_start = .)
 *(.tdata .tdata.* .gnu.linkonce.td.*)

.tbss
 *(.tbss .tbss.* .gnu.linkonce.tb.*)
 *(.tcommon)

.preinit_array  0xc0618000        0x0
                [!provide]                        PROVIDE (__preinit_array_start = .)
 *(.preinit_array)
                [!provide]                        PROVIDE (__preinit_array_end = .)

.init_array     0xc0618000        0x0
                [!provide]                        PROVIDE (__init_array_start = .)
 *(SORT_BY_INIT_PRIORITY(.init_array.*) SORT_BY_INIT_PRIORITY(.ctors.*))
 *(.init_array EXCLUDE_FILE(*crtend?.o *crtend.o *crtbegin?.o *crtbegin.o) .ctors)
                [!provide]                        PROVIDE (__init_array_end = .)

.fini_array     0xc0618000        0x0
                [!provide]                        PROVIDE (__fini_array_start = .)
 *(SORT_BY_INIT_PRIORITY(.fini_array.*) SORT_BY_INIT_PRIORITY(.dtors.*))
 *(.fini_array EXCLUDE_FILE(*crtend?.o *crtend.o *crtbegin?.o *crtbegin.o) .dtors)
                [!provide]                        PROVIDE (__fini_array_end = .)

.ctors
 *crtbegin.o(.ctors)
 *crtbegin?.o(.ctors)
 *(EXCLUDE_FILE(*crtend?.o *crtend.o) .ctors)
 *(SORT_BY_NAME(.ctors.*))
 *(.ctors)

.dtors
 *crtbegin.o(.dtors)
 *crtbegin?.o(.dtors)
 *(EXCLUDE_FILE(*crtend?.o *crtend.o) .dtors)
 *(SORT_BY_NAME(.dtors.*))
 *(.dtors)

.jcr
 *(.jcr)

.data.rel.ro
 *(.data.rel.ro.local* .gnu.linkonce.d.rel.ro.local.*)
 *(.data.rel.ro .data.rel.ro.* .gnu.linkonce.d.rel.ro.*)

.dynamic
 *(.dynamic)

.got            0xc0618000        0x0
 *(.got)
 .got           0xc0618000        0x0 kernel/kernel_sub.o
 *(.igot)
                0xc0618000                        . = DATA_SEGMENT_RELRO_END (., (SIZEOF (.got.plt) >= 0xc)?0xc:0x0)

.got.plt        0xc0618000        0x0
 *(.got.plt)
 .got.plt       0xc0618000        0x0 kernel/kernel_sub.o
 *(.igot.plt)
 .igot.plt      0xc0618000        0x0 kernel/kernel_sub.o

.data           0xc0618000      0xb58
 *(.data .data.* .gnu.linkonce.d.*)
 .data          0xc0618000        0xf kernel/kernel_sub.o
 *fill*         0xc061800f        0x1 
 .data          0xc0618010        0xf kernel/kernel.o
 *fill*         0xc061801f        0x1 
 .data          0xc0618020        0x0 syscall.o
 .data          0xc0618020        0x0 double_link_list.o
 .data          0xc0618020        0x0 kernel_main.o
 .data          0xc0618020        0x0 protect.o
 .data          0xc0618020      0x160 global.o
                0xc0618020                user_task_table
                0xc06180a0                sys_task_table
                0xc0618164                sys_call_table
 .data          0xc0618180        0x0 console.o
 .data          0xc0618180        0x0 kernel_main_old.o
 .data          0xc0618180      0x600 keyboard.o
                0xc0618180                keymap
 .data          0xc0618780        0x0 process.o
 .data          0xc0618780        0x0 thread.o
 .data          0xc0618780        0x0 my_process.o
 .data          0xc0618780      0x224 network/socket.o
 .data          0xc06189a4        0x4 network/ip_input.o
 *fill*         0xc06189a8       0x18 
 .data          0xc06189c0       0x54 network/udp_sock.o
                0xc06189e0                udp_ops
 *fill*         0xc0618a14        0xc 
 .data          0xc0618a20       0x54 network/tcp_sock.o
                0xc0618a40                tcp_ops
 .data          0xc0618a74        0x4 network/netdev.o
 .data          0xc0618a78        0x4 network/ip_output.o
 .data          0xc0618a7c        0x8 network/tcp.o
 .data          0xc0618a84        0x4 network/sock.o
 .data          0xc0618a88        0x4 network/tcp_output.o
 .data          0xc0618a8c       0x14 network/arp.o
 .data          0xc0618aa0        0xc network/route.o
 .data          0xc0618aac        0xc network/ipc.o
 .data          0xc0618ab8        0x4 network/icmpv4.o
 .data          0xc0618abc        0x4 network/skbuff.o
 .data          0xc0618ac0       0x80 network/inet.o
                0xc0618ac8                inet
 .data          0xc0618b40        0x4 network/dst.o
 .data          0xc0618b44        0x4 network/tcp_input.o
 .data          0xc0618b48        0x0 network/task_network.o
 .data          0xc0618b48        0x8 network/udp.o
 .data          0xc0618b50        0x4 network/tcp_data.o
 .data          0xc0618b54        0x4 network/utils.o
 .data          0xc0618b58        0x0 hd/hd.o
 .data          0xc0618b58        0x0 fs/fs_main.o
 .data          0xc0618b58        0x0 mm/forkexit.o
 .data          0xc0618b58        0x0 mm/exec.o
 .data          0xc0618b58        0x0 mm/main.o
 .data          0xc0618b58        0x0 mem/mem.o
 .data          0xc0618b58        0x0 lib/floor.o
 .data          0xc0618b58        0x0 lib/exec.o
 .data          0xc0618b58        0x0 lib/exit.o
 .data          0xc0618b58        0x0 lib/unlink.o
 .data          0xc0618b58        0x0 lib/wait.o
 .data          0xc0618b58        0x0 lib/calloc.o
 .data          0xc0618b58        0x0 lib/alloca.o
 .data          0xc0618b58        0x0 lib/fork.o
 .data          0xc0618b58        0x0 lib/getpid.o
 .data          0xc0618b58        0x0 lib/string/strtok.o
 .data          0xc0618b58        0x0 lib/string/strcmp.o
 .data          0xc0618b58        0x0 lib/string/strncmp.o
 .data          0xc0618b58        0x0 lib/string/strpbrk.o
 .data          0xc0618b58        0x0 lib/stdio/read.o
 .data          0xc0618b58        0x0 lib/stdio/perror.o
 .data          0xc0618b58        0x0 lib/stdio/sscanf.o
 .data          0xc0618b58        0x0 lib/stdio/open.o
 .data          0xc0618b58        0x0 lib/stdio/write.o
 .data          0xc0618b58        0x0 lib/stdio/close.o
 .data          0xc0618b58        0x0 lib/arpa/ntohs.o
 .data          0xc0618b58        0x0 lib/arpa/htonl.o
 .data          0xc0618b58        0x0 lib/arpa/htons.o
 .data          0xc0618b58        0x0 lib/arpa/inet_pton.o
 .data          0xc0618b58        0x0 lib/arpa/ntohl.o
 .data          0xc0618b58        0x0 lib/arpa/inet_ntop.o

.data1
 *(.data1)
                0xc0618b58                        _edata = .
                [!provide]                        PROVIDE (edata = .)
                0xc0618b58                        . = .
                0xc0618b58                        __bss_start = .

.bss            0xc0618b60    0x959b0
 *(.dynbss)
 *(.bss .bss.* .gnu.linkonce.b.*)
 .bss           0xc0618b60      0x800 kernel/kernel_sub.o
 .bss           0xc0619360      0x800 kernel/kernel.o
 .bss           0xc0619b60        0x0 double_link_list.o
 .bss           0xc0619b60        0x0 kernel_main.o
 .bss           0xc0619b60        0x0 protect.o
 .bss           0xc0619b60        0x0 global.o
 .bss           0xc0619b60        0x0 console.o
 .bss           0xc0619b60        0x0 kernel_main_old.o
 .bss           0xc0619b60        0x0 keyboard.o
 .bss           0xc0619b60        0x0 process.o
 .bss           0xc0619b60        0x0 thread.o
 .bss           0xc0619b60        0x0 my_process.o
 .bss           0xc0619b60        0x4 network/socket.o
 .bss           0xc0619b64        0x0 network/ip_input.o
 .bss           0xc0619b64        0x4 network/udp_sock.o
 .bss           0xc0619b68        0x0 network/tcp_sock.o
 .bss           0xc0619b68        0x0 network/netdev.o
 .bss           0xc0619b68        0x0 network/ip_output.o
 .bss           0xc0619b68        0x0 network/tcp.o
 .bss           0xc0619b68        0x0 network/sock.o
 .bss           0xc0619b68        0x0 network/tcp_output.o
 .bss           0xc0619b68        0x0 network/arp.o
 .bss           0xc0619b68        0x0 network/route.o
 .bss           0xc0619b68        0x4 network/ipc.o
 .bss           0xc0619b6c        0x0 network/icmpv4.o
 .bss           0xc0619b6c        0x0 network/skbuff.o
 .bss           0xc0619b6c        0x0 network/inet.o
 .bss           0xc0619b6c        0x0 network/dst.o
 .bss           0xc0619b6c        0x0 network/tcp_input.o
 .bss           0xc0619b6c        0x0 network/task_network.o
 .bss           0xc0619b6c        0x0 network/udp.o
 .bss           0xc0619b6c        0x0 network/tcp_data.o
 .bss           0xc0619b6c        0x0 network/utils.o
 .bss           0xc0619b6c        0x0 hd/hd.o
 .bss           0xc0619b6c        0x4 fs/fs_main.o
                0xc0619b6c                c
 .bss           0xc0619b70        0x0 mm/forkexit.o
 .bss           0xc0619b70        0x0 mm/exec.o
 .bss           0xc0619b70        0x0 mm/main.o
 .bss           0xc0619b70        0x0 mem/mem.o
 .bss           0xc0619b70        0x0 lib/floor.o
 .bss           0xc0619b70        0x0 lib/exec.o
 .bss           0xc0619b70        0x0 lib/exit.o
 .bss           0xc0619b70        0x0 lib/unlink.o
 .bss           0xc0619b70        0x0 lib/wait.o
 .bss           0xc0619b70        0x0 lib/calloc.o
 .bss           0xc0619b70        0x0 lib/alloca.o
 .bss           0xc0619b70        0x0 lib/fork.o
 .bss           0xc0619b70        0x0 lib/getpid.o
 .bss           0xc0619b70        0x4 lib/string/strtok.o
 .bss           0xc0619b74        0x0 lib/string/strcmp.o
 .bss           0xc0619b74        0x0 lib/string/strncmp.o
 .bss           0xc0619b74        0x0 lib/string/strpbrk.o
 .bss           0xc0619b74        0x0 lib/stdio/read.o
 .bss           0xc0619b74        0x0 lib/stdio/perror.o
 .bss           0xc0619b74        0x0 lib/stdio/sscanf.o
 .bss           0xc0619b74        0x0 lib/stdio/open.o
 .bss           0xc0619b74        0x0 lib/stdio/write.o
 .bss           0xc0619b74        0x0 lib/stdio/close.o
 .bss           0xc0619b74        0x0 lib/arpa/ntohs.o
 .bss           0xc0619b74        0x0 lib/arpa/htonl.o
 .bss           0xc0619b74        0x0 lib/arpa/htons.o
 .bss           0xc0619b74        0x0 lib/arpa/inet_pton.o
 .bss           0xc0619b74        0x0 lib/arpa/ntohl.o
 .bss           0xc0619b74        0x0 lib/arpa/inet_ntop.o
 *(COMMON)
 *fill*         0xc0619b74        0xc 
 COMMON         0xc0619b80     0x17b8 double_link_list.o
                0xc0619b80                current_tty
                0xc0619b84                is_e0
                0xc0619b88                idt_ptr
                0xc0619b90                pid
                0xc0619b94                KernelVirtualMemory
                0xc0619ba0                current_dis_pos
                0xc0619ba4                dis_pos
                0xc0619ba8                k_reenter
                0xc0619bc0                gdt
                0xc0619fc0                proc_ready_table
                0xc0619fc4                test_ticks
                0xc0619fc8                pcaller
                0xc0619fe0                keyboard_buffer
                0xc061a1ec                pcb_list
                0xc061a1fc                gdt_index
                0xc061a200                tty_table
                0xc061aa40                tss
                0xc061aaac                KernelPool
                0xc061aabc                net_buf
                0xc061aac0                nic_current_page
                0xc061aac4                counter
                0xc061aac8                key_pressed
                0xc061aacc                fork_pid
                0xc061aad0                is_shift
                0xc061aad1                net_data
                0xc061aad4                gdt_ptr
                0xc061aae0                idt
                0xc061b2e0                main_thread
                0xc061b2e8                ticks
                0xc061b2f0                is_init
                0xc061b2f4                UserPool
                0xc061b304                all_pcb_list
                0xc061b314                console_table
                0xc061b324                is_disp
                0xc061b328                MAIN_THREAD_PAGE_DIRECTORY
                0xc061b32c                helloStr
 *fill*         0xc061b338        0x8 
 COMMON         0xc061b340    0x91e14 global.o
                0xc061b340                proc_stack
                0xc06ab340                proc_table
 COMMON         0xc06ad154        0x8 network/netdev.o
                0xc06ad154                loop
                0xc06ad158                netdev
 *fill*         0xc06ad15c        0x4 
 COMMON         0xc06ad160      0x440 hd/hd.o
                0xc06ad160                hd_info
                0xc06ad3a0                hd_cache
 COMMON         0xc06ad5a0      0xe68 fs/fs_main.o
                0xc06ad5a0                file_desc_table
                0xc06ad9a0                phy_super_block_buf
                0xc06ad9a4                phy_fsbuf
                0xc06ad9c0                inode_table
                0xc06ae3c0                super_block_buf
                0xc06ae3c4                fsbuf
                0xc06ae3e0                root
 *fill*         0xc06ae408       0x18 
 COMMON         0xc06ae420       0xf0 mem/mem.o
                0xc06ae420                kernel_mem_block_decs_array
                0xc06ae510                        . = ALIGN ((. != 0x0)?0x4:0x1)
                0xc06ae510                        . = ALIGN (0x4)
                0xc06ae510                        . = SEGMENT_START ("ldata-segment", .)
                0xc06ae510                        . = ALIGN (0x4)
                0xc06ae510                        _end = .
                [!provide]                        PROVIDE (end = .)
                0xc06ae510                        . = DATA_SEGMENT_END (.)

.stab
 *(.stab)

.stabstr
 *(.stabstr)

.stab.excl
 *(.stab.excl)

.stab.exclstr
 *(.stab.exclstr)

.stab.index
 *(.stab.index)

.stab.indexstr
 *(.stab.indexstr)

.comment        0x00000000       0x2c
 *(.comment)
 .comment       0x00000000       0x2c double_link_list.o
                                 0x2d (size before relaxing)
 .comment       0x0000002c       0x2d kernel_main.o
 .comment       0x0000002c       0x2d protect.o
 .comment       0x0000002c       0x2d global.o
 .comment       0x0000002c       0x2d console.o
 .comment       0x0000002c       0x2d kernel_main_old.o
 .comment       0x0000002c       0x2d keyboard.o
 .comment       0x0000002c       0x2d process.o
 .comment       0x0000002c       0x2d thread.o
 .comment       0x0000002c       0x2d my_process.o
 .comment       0x0000002c       0x2d network/socket.o
 .comment       0x0000002c       0x2d network/ip_input.o
 .comment       0x0000002c       0x2d network/udp_sock.o
 .comment       0x0000002c       0x2d network/tcp_sock.o
 .comment       0x0000002c       0x2d network/netdev.o
 .comment       0x0000002c       0x2d network/ip_output.o
 .comment       0x0000002c       0x2d network/tcp.o
 .comment       0x0000002c       0x2d network/sock.o
 .comment       0x0000002c       0x2d network/tcp_output.o
 .comment       0x0000002c       0x2d network/arp.o
 .comment       0x0000002c       0x2d network/route.o
 .comment       0x0000002c       0x2d network/ipc.o
 .comment       0x0000002c       0x2d network/icmpv4.o
 .comment       0x0000002c       0x2d network/skbuff.o
 .comment       0x0000002c       0x2d network/inet.o
 .comment       0x0000002c       0x2d network/dst.o
 .comment       0x0000002c       0x2d network/tcp_input.o
 .comment       0x0000002c       0x2d network/task_network.o
 .comment       0x0000002c       0x2d network/udp.o
 .comment       0x0000002c       0x2d network/tcp_data.o
 .comment       0x0000002c       0x2d network/utils.o
 .comment       0x0000002c       0x2d hd/hd.o
 .comment       0x0000002c       0x2d fs/fs_main.o
 .comment       0x0000002c       0x2d mm/forkexit.o
 .comment       0x0000002c       0x2d mm/exec.o
 .comment       0x0000002c       0x2d mm/main.o
 .comment       0x0000002c       0x2d mem/mem.o
 .comment       0x0000002c       0x2d lib/floor.o
 .comment       0x0000002c       0x2d lib/exec.o
 .comment       0x0000002c       0x2d lib/exit.o
 .comment       0x0000002c       0x2d lib/unlink.o
 .comment       0x0000002c       0x2d lib/wait.o
 .comment       0x0000002c       0x2d lib/calloc.o
 .comment       0x0000002c       0x2d lib/alloca.o
 .comment       0x0000002c       0x2d lib/fork.o
 .comment       0x0000002c       0x2d lib/getpid.o
 .comment       0x0000002c       0x2d lib/string/strtok.o
 .comment       0x0000002c       0x2d lib/string/strcmp.o
 .comment       0x0000002c       0x2d lib/string/strncmp.o
 .comment       0x0000002c       0x2d lib/string/strpbrk.o
 .comment       0x0000002c       0x2d lib/stdio/read.o
 .comment       0x0000002c       0x2d lib/stdio/perror.o
 .comment       0x0000002c       0x2d lib/stdio/sscanf.o
 .comment       0x0000002c       0x2d lib/stdio/open.o
 .comment       0x0000002c       0x2d lib/stdio/write.o
 .comment       0x0000002c       0x2d lib/stdio/close.o
 .comment       0x0000002c       0x2d lib/arpa/ntohs.o
 .comment       0x0000002c       0x2d lib/arpa/htonl.o
 .comment       0x0000002c       0x2d lib/arpa/htons.o
 .comment       0x0000002c       0x2d lib/arpa/inet_pton.o
 .comment       0x0000002c       0x2d lib/arpa/ntohl.o
 .comment       0x0000002c       0x2d lib/arpa/inet_ntop.o

.gnu.build.attributes
 *(.gnu.build.attributes .gnu.build.attributes.*)

.debug
 *(.debug)

.line
 *(.line)

.debug_srcinfo
 *(.debug_srcinfo)

.debug_sfnames
 *(.debug_sfnames)

.debug_aranges  0x00000000      0x7b8
 *(.debug_aranges)
 .debug_aranges
                0x00000000       0x20 double_link_list.o
 .debug_aranges
                0x00000020       0x20 kernel_main.o
 .debug_aranges
                0x00000040       0x20 protect.o
 .debug_aranges
                0x00000060       0x18 global.o
 .debug_aranges
                0x00000078       0x20 console.o
 .debug_aranges
                0x00000098       0x20 kernel_main_old.o
 .debug_aranges
                0x000000b8       0x20 keyboard.o
 .debug_aranges
                0x000000d8       0x20 process.o
 .debug_aranges
                0x000000f8       0x20 thread.o
 .debug_aranges
                0x00000118       0x20 my_process.o
 .debug_aranges
                0x00000138       0x20 network/socket.o
 .debug_aranges
                0x00000158       0x20 network/ip_input.o
 .debug_aranges
                0x00000178       0x20 network/udp_sock.o
 .debug_aranges
                0x00000198       0x20 network/tcp_sock.o
 .debug_aranges
                0x000001b8       0x20 network/netdev.o
 .debug_aranges
                0x000001d8       0x20 network/ip_output.o
 .debug_aranges
                0x000001f8       0x20 network/tcp.o
 .debug_aranges
                0x00000218       0x20 network/sock.o
 .debug_aranges
                0x00000238       0x20 network/tcp_output.o
 .debug_aranges
                0x00000258       0x20 network/arp.o
 .debug_aranges
                0x00000278       0x20 network/route.o
 .debug_aranges
                0x00000298       0x20 network/ipc.o
 .debug_aranges
                0x000002b8       0x20 network/icmpv4.o
 .debug_aranges
                0x000002d8       0x20 network/skbuff.o
 .debug_aranges
                0x000002f8       0x20 network/inet.o
 .debug_aranges
                0x00000318       0x20 network/dst.o
 .debug_aranges
                0x00000338       0x20 network/tcp_input.o
 .debug_aranges
                0x00000358       0x20 network/task_network.o
 .debug_aranges
                0x00000378       0x20 network/udp.o
 .debug_aranges
                0x00000398       0x20 network/tcp_data.o
 .debug_aranges
                0x000003b8       0x20 network/utils.o
 .debug_aranges
                0x000003d8       0x20 hd/hd.o
 .debug_aranges
                0x000003f8       0x20 fs/fs_main.o
 .debug_aranges
                0x00000418       0x20 mm/forkexit.o
 .debug_aranges
                0x00000438       0x20 mm/exec.o
 .debug_aranges
                0x00000458       0x20 mm/main.o
 .debug_aranges
                0x00000478       0x20 mem/mem.o
 .debug_aranges
                0x00000498       0x20 lib/floor.o
 .debug_aranges
                0x000004b8       0x20 lib/exec.o
 .debug_aranges
                0x000004d8       0x20 lib/exit.o
 .debug_aranges
                0x000004f8       0x20 lib/unlink.o
 .debug_aranges
                0x00000518       0x20 lib/wait.o
 .debug_aranges
                0x00000538       0x20 lib/calloc.o
 .debug_aranges
                0x00000558       0x20 lib/alloca.o
 .debug_aranges
                0x00000578       0x20 lib/fork.o
 .debug_aranges
                0x00000598       0x20 lib/getpid.o
 .debug_aranges
                0x000005b8       0x20 lib/string/strtok.o
 .debug_aranges
                0x000005d8       0x20 lib/string/strcmp.o
 .debug_aranges
                0x000005f8       0x20 lib/string/strncmp.o
 .debug_aranges
                0x00000618       0x20 lib/string/strpbrk.o
 .debug_aranges
                0x00000638       0x20 lib/stdio/read.o
 .debug_aranges
                0x00000658       0x20 lib/stdio/perror.o
 .debug_aranges
                0x00000678       0x20 lib/stdio/sscanf.o
 .debug_aranges
                0x00000698       0x20 lib/stdio/open.o
 .debug_aranges
                0x000006b8       0x20 lib/stdio/write.o
 .debug_aranges
                0x000006d8       0x20 lib/stdio/close.o
 .debug_aranges
                0x000006f8       0x20 lib/arpa/ntohs.o
 .debug_aranges
                0x00000718       0x20 lib/arpa/htonl.o
 .debug_aranges
                0x00000738       0x20 lib/arpa/htons.o
 .debug_aranges
                0x00000758       0x20 lib/arpa/inet_pton.o
 .debug_aranges
                0x00000778       0x20 lib/arpa/ntohl.o
 .debug_aranges
                0x00000798       0x20 lib/arpa/inet_ntop.o

.debug_pubnames
 *(.debug_pubnames)

.debug_info     0x00000000    0x3d44b
 *(.debug_info .gnu.linkonce.wi.*)
 .debug_info    0x00000000     0x1044 double_link_list.o
 .debug_info    0x00001044      0xfcf kernel_main.o
 .debug_info    0x00002013     0x11b5 protect.o
 .debug_info    0x000031c8      0xe8a global.o
 .debug_info    0x00004052     0x128a console.o
 .debug_info    0x000052dc     0x2820 kernel_main_old.o
 .debug_info    0x00007afc      0xfde keyboard.o
 .debug_info    0x00008ada      0xf73 process.o
 .debug_info    0x00009a4d     0x1069 thread.o
 .debug_info    0x0000aab6     0x149d my_process.o
 .debug_info    0x0000bf53     0x1ba7 network/socket.o
 .debug_info    0x0000dafa     0x1aab network/ip_input.o
 .debug_info    0x0000f5a5     0x1edd network/udp_sock.o
 .debug_info    0x00011482     0x21ff network/tcp_sock.o
 .debug_info    0x00013681     0x132e network/netdev.o
 .debug_info    0x000149af     0x1745 network/ip_output.o
 .debug_info    0x000160f4     0x1e0e network/tcp.o
 .debug_info    0x00017f02     0x1860 network/sock.o
 .debug_info    0x00019762     0x2329 network/tcp_output.o
 .debug_info    0x0001ba8b      0x76e network/arp.o
 .debug_info    0x0001c1f9     0x1282 network/route.o
 .debug_info    0x0001d47b     0x1c38 network/ipc.o
 .debug_info    0x0001f0b3     0x1909 network/icmpv4.o
 .debug_info    0x000209bc      0x39f network/skbuff.o
 .debug_info    0x00020d5b     0x1a0c network/inet.o
 .debug_info    0x00022767     0x11ea network/dst.o
 .debug_info    0x00023951     0x2111 network/tcp_input.o
 .debug_info    0x00025a62      0xf22 network/task_network.o
 .debug_info    0x00026984     0x1b0e network/udp.o
 .debug_info    0x00028492     0x1d77 network/tcp_data.o
 .debug_info    0x0002a209      0x367 network/utils.o
 .debug_info    0x0002a570     0x19f3 hd/hd.o
 .debug_info    0x0002bf63     0x1f3b fs/fs_main.o
 .debug_info    0x0002de9e      0xfbc mm/forkexit.o
 .debug_info    0x0002ee5a     0x11ca mm/exec.o
 .debug_info    0x00030024      0xdcc mm/main.o
 .debug_info    0x00030df0     0x1cfa mem/mem.o
 .debug_info    0x00032aea       0x6b lib/floor.o
 .debug_info    0x00032b55      0xf40 lib/exec.o
 .debug_info    0x00033a95      0xdb3 lib/exit.o
 .debug_info    0x00034848      0xe91 lib/unlink.o
 .debug_info    0x000356d9      0xdc1 lib/wait.o
 .debug_info    0x0003649a      0xeb9 lib/calloc.o
 .debug_info    0x00037353       0x98 lib/alloca.o
 .debug_info    0x000373eb      0xda8 lib/fork.o
 .debug_info    0x00038193      0xda8 lib/getpid.o
 .debug_info    0x00038f3b       0xae lib/string/strtok.o
 .debug_info    0x00038fe9       0xc1 lib/string/strcmp.o
 .debug_info    0x000390aa      0x110 lib/string/strncmp.o
 .debug_info    0x000391ba       0xcf lib/string/strpbrk.o
 .debug_info    0x00039289      0xea1 lib/stdio/read.o
 .debug_info    0x0003a12a       0x5c lib/stdio/perror.o
 .debug_info    0x0003a186      0x20e lib/stdio/sscanf.o
 .debug_info    0x0003a394      0xe02 lib/stdio/open.o
 .debug_info    0x0003b196      0xe2f lib/stdio/write.o
 .debug_info    0x0003bfc5      0xdb6 lib/stdio/close.o
 .debug_info    0x0003cd7b       0xa8 lib/arpa/ntohs.o
 .debug_info    0x0003ce23       0xcb lib/arpa/htonl.o
 .debug_info    0x0003ceee       0xa8 lib/arpa/htons.o
 .debug_info    0x0003cf96      0x260 lib/arpa/inet_pton.o
 .debug_info    0x0003d1f6       0xcb lib/arpa/ntohl.o
 .debug_info    0x0003d2c1      0x18a lib/arpa/inet_ntop.o

.debug_abbrev   0x00000000     0x77e2
 *(.debug_abbrev)
 .debug_abbrev  0x00000000      0x216 double_link_list.o
 .debug_abbrev  0x00000216      0x208 kernel_main.o
 .debug_abbrev  0x0000041e      0x227 protect.o
 .debug_abbrev  0x00000645      0x157 global.o
 .debug_abbrev  0x0000079c      0x2ac console.o
 .debug_abbrev  0x00000a48      0x452 kernel_main_old.o
 .debug_abbrev  0x00000e9a      0x1fb keyboard.o
 .debug_abbrev  0x00001095      0x1e0 process.o
 .debug_abbrev  0x00001275      0x222 thread.o
 .debug_abbrev  0x00001497      0x260 my_process.o
 .debug_abbrev  0x000016f7      0x327 network/socket.o
 .debug_abbrev  0x00001a1e      0x2d1 network/ip_input.o
 .debug_abbrev  0x00001cef      0x3b1 network/udp_sock.o
 .debug_abbrev  0x000020a0      0x3e6 network/tcp_sock.o
 .debug_abbrev  0x00002486      0x289 network/netdev.o
 .debug_abbrev  0x0000270f      0x213 network/ip_output.o
 .debug_abbrev  0x00002922      0x332 network/tcp.o
 .debug_abbrev  0x00002c54      0x273 network/sock.o
 .debug_abbrev  0x00002ec7      0x39b network/tcp_output.o
 .debug_abbrev  0x00003262      0x210 network/arp.o
 .debug_abbrev  0x00003472      0x24e network/route.o
 .debug_abbrev  0x000036c0      0x2ee network/ipc.o
 .debug_abbrev  0x000039ae      0x236 network/icmpv4.o
 .debug_abbrev  0x00003be4      0x15f network/skbuff.o
 .debug_abbrev  0x00003d43      0x24b network/inet.o
 .debug_abbrev  0x00003f8e      0x204 network/dst.o
 .debug_abbrev  0x00004192      0x355 network/tcp_input.o
 .debug_abbrev  0x000044e7      0x1bc network/task_network.o
 .debug_abbrev  0x000046a3      0x2d3 network/udp.o
 .debug_abbrev  0x00004976      0x2a6 network/tcp_data.o
 .debug_abbrev  0x00004c1c      0x17a network/utils.o
 .debug_abbrev  0x00004d96      0x33e hd/hd.o
 .debug_abbrev  0x000050d4      0x2ef fs/fs_main.o
 .debug_abbrev  0x000053c3      0x204 mm/forkexit.o
 .debug_abbrev  0x000055c7      0x1c4 mm/exec.o
 .debug_abbrev  0x0000578b      0x208 mm/main.o
 .debug_abbrev  0x00005993      0x2ea mem/mem.o
 .debug_abbrev  0x00005c7d       0x6a lib/floor.o
 .debug_abbrev  0x00005ce7      0x1e8 lib/exec.o
 .debug_abbrev  0x00005ecf      0x19b lib/exit.o
 .debug_abbrev  0x0000606a      0x193 lib/unlink.o
 .debug_abbrev  0x000061fd      0x19f lib/wait.o
 .debug_abbrev  0x0000639c      0x191 lib/calloc.o
 .debug_abbrev  0x0000652d       0x86 lib/alloca.o
 .debug_abbrev  0x000065b3      0x18a lib/fork.o
 .debug_abbrev  0x0000673d      0x18a lib/getpid.o
 .debug_abbrev  0x000068c7       0x91 lib/string/strtok.o
 .debug_abbrev  0x00006958       0x94 lib/string/strcmp.o
 .debug_abbrev  0x000069ec       0xbe lib/string/strncmp.o
 .debug_abbrev  0x00006aaa       0xa5 lib/string/strpbrk.o
 .debug_abbrev  0x00006b4f      0x1ef lib/stdio/read.o
 .debug_abbrev  0x00006d3e       0x5c lib/stdio/perror.o
 .debug_abbrev  0x00006d9a       0xdd lib/stdio/sscanf.o
 .debug_abbrev  0x00006e77      0x1c5 lib/stdio/open.o
 .debug_abbrev  0x0000703c      0x1db lib/stdio/write.o
 .debug_abbrev  0x00007217      0x19d lib/stdio/close.o
 .debug_abbrev  0x000073b4       0x6c lib/arpa/ntohs.o
 .debug_abbrev  0x00007420       0xa5 lib/arpa/htonl.o
 .debug_abbrev  0x000074c5       0x6c lib/arpa/htons.o
 .debug_abbrev  0x00007531      0x116 lib/arpa/inet_pton.o
 .debug_abbrev  0x00007647       0xa5 lib/arpa/ntohl.o
 .debug_abbrev  0x000076ec       0xf6 lib/arpa/inet_ntop.o

.debug_line     0x00000000     0x95f9
 *(.debug_line .debug_line.* .debug_line_end)
 .debug_line    0x00000000      0x253 double_link_list.o
 .debug_line    0x00000253      0x1dc kernel_main.o
 .debug_line    0x0000042f      0x1ff protect.o
 .debug_line    0x0000062e       0x95 global.o
 .debug_line    0x000006c3      0x54e console.o
 .debug_line    0x00000c11      0xe0f kernel_main_old.o
 .debug_line    0x00001a20      0x296 keyboard.o
 .debug_line    0x00001cb6      0x180 process.o
 .debug_line    0x00001e36      0x145 thread.o
 .debug_line    0x00001f7b      0x33b my_process.o
 .debug_line    0x000022b6      0x3a6 network/socket.o
 .debug_line    0x0000265c      0x272 network/ip_input.o
 .debug_line    0x000028ce      0x4b0 network/udp_sock.o
 .debug_line    0x00002d7e      0x57b network/tcp_sock.o
 .debug_line    0x000032f9      0x24e network/netdev.o
 .debug_line    0x00003547      0x1fe network/ip_output.o
 .debug_line    0x00003745      0x2f5 network/tcp.o
 .debug_line    0x00003a3a      0x222 network/sock.o
 .debug_line    0x00003c5c      0x58a network/tcp_output.o
 .debug_line    0x000041e6      0x34c network/arp.o
 .debug_line    0x00004532      0x209 network/route.o
 .debug_line    0x0000473b      0x5ab network/ipc.o
 .debug_line    0x00004ce6      0x225 network/icmpv4.o
 .debug_line    0x00004f0b      0x121 network/skbuff.o
 .debug_line    0x0000502c      0x30e network/inet.o
 .debug_line    0x0000533a      0x15e network/dst.o
 .debug_line    0x00005498      0x658 network/tcp_input.o
 .debug_line    0x00005af0      0x105 network/task_network.o
 .debug_line    0x00005bf5      0x2ec network/udp.o
 .debug_line    0x00005ee1      0x3e9 network/tcp_data.o
 .debug_line    0x000062ca      0x13c network/utils.o
 .debug_line    0x00006406      0x639 hd/hd.o
 .debug_line    0x00006a3f      0xc1a fs/fs_main.o
 .debug_line    0x00007659      0x17a mm/forkexit.o
 .debug_line    0x000077d3      0x20c mm/exec.o
 .debug_line    0x000079df       0xec mm/main.o
 .debug_line    0x00007acb      0x7e6 mem/mem.o
 .debug_line    0x000082b1       0x5a lib/floor.o
 .debug_line    0x0000830b      0x18b lib/exec.o
 .debug_line    0x00008496       0xa0 lib/exit.o
 .debug_line    0x00008536       0xc0 lib/unlink.o
 .debug_line    0x000085f6       0xb7 lib/wait.o
 .debug_line    0x000086ad       0xe3 lib/calloc.o
 .debug_line    0x00008790       0x6b lib/alloca.o
 .debug_line    0x000087fb       0xa5 lib/fork.o
 .debug_line    0x000088a0       0xa0 lib/getpid.o
 .debug_line    0x00008940       0x6e lib/string/strtok.o
 .debug_line    0x000089ae       0x8a lib/string/strcmp.o
 .debug_line    0x00008a38       0xcc lib/string/strncmp.o
 .debug_line    0x00008b04       0xb0 lib/string/strpbrk.o
 .debug_line    0x00008bb4      0x15b lib/stdio/read.o
 .debug_line    0x00008d0f       0x48 lib/stdio/perror.o
 .debug_line    0x00008d57      0x1d2 lib/stdio/sscanf.o
 .debug_line    0x00008f29       0xc3 lib/stdio/open.o
 .debug_line    0x00008fec       0xc2 lib/stdio/write.o
 .debug_line    0x000090ae       0xb3 lib/stdio/close.o
 .debug_line    0x00009161       0x6c lib/arpa/ntohs.o
 .debug_line    0x000091cd       0xc1 lib/arpa/htonl.o
 .debug_line    0x0000928e       0x6c lib/arpa/htons.o
 .debug_line    0x000092fa      0x167 lib/arpa/inet_pton.o
 .debug_line    0x00009461       0xc1 lib/arpa/ntohl.o
 .debug_line    0x00009522       0xd7 lib/arpa/inet_ntop.o

.debug_frame
 *(.debug_frame)

.debug_str      0x00000000     0x35b4
 *(.debug_str)
 .debug_str     0x00000000     0x35b4 double_link_list.o
                                0x6d1 (size before relaxing)
 .debug_str     0x000035b4      0x69c kernel_main.o
 .debug_str     0x000035b4      0x76b protect.o
 .debug_str     0x000035b4      0x610 global.o
 .debug_str     0x000035b4      0x75f console.o
 .debug_str     0x000035b4      0xb73 kernel_main_old.o
 .debug_str     0x000035b4      0x69c keyboard.o
 .debug_str     0x000035b4      0x64a process.o
 .debug_str     0x000035b4      0x717 thread.o
 .debug_str     0x000035b4      0x8fe my_process.o
 .debug_str     0x000035b4      0x928 network/socket.o
 .debug_str     0x000035b4      0x99b network/ip_input.o
 .debug_str     0x000035b4      0xa71 network/udp_sock.o
 .debug_str     0x000035b4      0xcc0 network/tcp_sock.o
 .debug_str     0x000035b4      0x77d network/netdev.o
 .debug_str     0x000035b4      0x856 network/ip_output.o
 .debug_str     0x000035b4      0xb2d network/tcp.o
 .debug_str     0x000035b4      0x8b6 network/sock.o
 .debug_str     0x000035b4      0xc1d network/tcp_output.o
 .debug_str     0x000035b4      0x2f6 network/arp.o
 .debug_str     0x000035b4      0x743 network/route.o
 .debug_str     0x000035b4      0x8d2 network/ipc.o
 .debug_str     0x000035b4      0x91a network/icmpv4.o
 .debug_str     0x000035b4      0x1d8 network/skbuff.o
 .debug_str     0x000035b4      0x8e7 network/inet.o
 .debug_str     0x000035b4      0x722 network/dst.o
 .debug_str     0x000035b4      0xb8d network/tcp_input.o
 .debug_str     0x000035b4      0x67a network/task_network.o
 .debug_str     0x000035b4      0x94d network/udp.o
 .debug_str     0x000035b4      0xa49 network/tcp_data.o
 .debug_str     0x000035b4      0x1b8 network/utils.o
 .debug_str     0x000035b4      0x9c5 hd/hd.o
 .debug_str     0x000035b4      0xafa fs/fs_main.o
 .debug_str     0x000035b4      0x617 mm/forkexit.o
 .debug_str     0x000035b4      0x86d mm/exec.o
 .debug_str     0x000035b4      0x598 mm/main.o
 .debug_str     0x000035b4      0xa6d mem/mem.o
 .debug_str     0x000035b4       0xa2 lib/floor.o
 .debug_str     0x000035b4      0x62c lib/exec.o
 .debug_str     0x000035b4      0x5a5 lib/exit.o
 .debug_str     0x000035b4      0x624 lib/unlink.o
 .debug_str     0x000035b4      0x5a5 lib/wait.o
 .debug_str     0x000035b4      0x631 lib/calloc.o
 .debug_str     0x000035b4       0xb6 lib/alloca.o
 .debug_str     0x000035b4      0x59e lib/fork.o
 .debug_str     0x000035b4      0x5a2 lib/getpid.o
 .debug_str     0x000035b4       0xb9 lib/string/strtok.o
 .debug_str     0x000035b4       0xb1 lib/string/strcmp.o
 .debug_str     0x000035b4       0xba lib/string/strncmp.o
 .debug_str     0x000035b4       0xc1 lib/string/strpbrk.o
 .debug_str     0x000035b4      0x617 lib/stdio/read.o
 .debug_str     0x000035b4       0x99 lib/stdio/perror.o
 .debug_str     0x000035b4      0x102 lib/stdio/sscanf.o
 .debug_str     0x000035b4      0x5de lib/stdio/open.o
 .debug_str     0x000035b4      0x5db lib/stdio/write.o
 .debug_str     0x000035b4      0x5a6 lib/stdio/close.o
 .debug_str     0x000035b4      0x101 lib/arpa/ntohs.o
 .debug_str     0x000035b4       0xf4 lib/arpa/htonl.o
 .debug_str     0x000035b4      0x102 lib/arpa/htons.o
 .debug_str     0x000035b4      0x14c lib/arpa/inet_pton.o
 .debug_str     0x000035b4       0xf3 lib/arpa/ntohl.o
 .debug_str     0x000035b4      0x10f lib/arpa/inet_ntop.o

.debug_loc
 *(.debug_loc)

.debug_macinfo
 *(.debug_macinfo)

.debug_weaknames
 *(.debug_weaknames)

.debug_funcnames
 *(.debug_funcnames)

.debug_typenames
 *(.debug_typenames)

.debug_varnames
 *(.debug_varnames)

.debug_pubtypes
 *(.debug_pubtypes)

.debug_ranges   0x00000000       0x90
 *(.debug_ranges)
 .debug_ranges  0x00000000       0x30 kernel_main_old.o
 .debug_ranges  0x00000030       0x48 hd/hd.o
 .debug_ranges  0x00000078       0x18 mm/exec.o

.debug_addr
 *(.debug_addr)

.debug_line_str
 *(.debug_line_str)

.debug_loclists
 *(.debug_loclists)

.debug_macro
 *(.debug_macro)

.debug_names
 *(.debug_names)

.debug_rnglists
 *(.debug_rnglists)

.debug_str_offsets
 *(.debug_str_offsets)

.debug_sup
 *(.debug_sup)

.gnu.attributes
 *(.gnu.attributes)

/DISCARD/
 *(.note.GNU-stack)
 *(.gnu_debuglink)
 *(.gnu.lto_*)
OUTPUT(kernel.bin elf32-i386)
