
Allocating common symbols
Common symbol       size              file

current_tty         0x4               kernel_main.o
file_desc_table     0x400             fs_main.o
is_e0               0x1               kernel_main.o
phy_super_block_buf
                    0x4               fs_main.o
phy_fsbuf           0x4               fs_main.o
idt_ptr             0x6               kernel_main.o
pid                 0x4               kernel_main.o
KernelVirtualMemory
                    0xc               kernel_main.o
inode_table         0xa00             fs_main.o
dis_pos             0x4               kernel_main.o
k_reenter           0x4               kernel_main.o
super_block_buf     0x4               fs_main.o
gdt                 0x400             kernel_main.o
proc_ready_table    0x4               kernel_main.o
test_ticks          0x4               kernel_main.o
hd_info             0x224             hd.o
proc_stack          0x70000           global.o
pcaller             0x4               kernel_main.o
keyboard_buffer     0x20c             kernel_main.o
pcb_list            0x10              kernel_main.o
gdt_index           0x4               kernel_main.o
tty_table           0x828             kernel_main.o
tss                 0x6c              kernel_main.o
KernelPool          0x10              kernel_main.o
fsbuf               0x4               fs_main.o
root                0x28              fs_main.o
kernel_mem_block_decs_array
                    0xf0              mem/mem.o
counter             0x4               kernel_main.o
key_pressed         0x4               kernel_main.o
is_shift            0x1               kernel_main.o
gdt_ptr             0x6               kernel_main.o
idt                 0x800             kernel_main.o
main_thread         0x4               kernel_main.o
ticks               0x8               kernel_main.o
is_init             0x1               kernel_main.o
UserPool            0x10              kernel_main.o
all_pcb_list        0x10              kernel_main.o
console_table       0x10              kernel_main.o
is_disp             0x1               kernel_main.o
proc_table          0x15a0            global.o
hd_cache            0x200             hd.o

Discarded input sections

 .note.GNU-stack
                0x0000000000000000        0x0 kernel_main.o
 .note.GNU-stack
                0x0000000000000000        0x0 hd.o
 .note.GNU-stack
                0x0000000000000000        0x0 fs_main.o
 .note.GNU-stack
                0x0000000000000000        0x0 global.o
 .note.GNU-stack
                0x0000000000000000        0x0 process.o
 .note.GNU-stack
                0x0000000000000000        0x0 protect.o
 .note.GNU-stack
                0x0000000000000000        0x0 console.o
 .note.GNU-stack
                0x0000000000000000        0x0 keyboard.o
 .note.GNU-stack
                0x0000000000000000        0x0 open.o
 .note.GNU-stack
                0x0000000000000000        0x0 read.o
 .note.GNU-stack
                0x0000000000000000        0x0 write.o
 .note.GNU-stack
                0x0000000000000000        0x0 close.o
 .note.GNU-stack
                0x0000000000000000        0x0 wait.o
 .note.GNU-stack
                0x0000000000000000        0x0 exit.o
 .note.GNU-stack
                0x0000000000000000        0x0 fork.o
 .note.GNU-stack
                0x0000000000000000        0x0 getpid.o
 .note.GNU-stack
                0x0000000000000000        0x0 exec.o
 .note.GNU-stack
                0x0000000000000000        0x0 mm/main.o
 .note.GNU-stack
                0x0000000000000000        0x0 mm/exec.o
 .note.GNU-stack
                0x0000000000000000        0x0 mm/forkexit.o
 .note.GNU-stack
                0x0000000000000000        0x0 mem/mem.o
 .note.GNU-stack
                0x0000000000000000        0x0 kernel_main_old.o
 .note.GNU-stack
                0x0000000000000000        0x0 my_process.o
 .note.GNU-stack
                0x0000000000000000        0x0 double_link_list.o
 .note.GNU-stack
                0x0000000000000000        0x0 thread.o

Memory Configuration

Name             Origin             Length             Attributes
*default*        0x0000000000000000 0xffffffffffffffff

Linker script and memory map

Address of section .text set to 0xc0001200
LOAD kernel_sub.o
LOAD kernel.o
LOAD string.o
LOAD kernel_main.o
LOAD hd.o
LOAD syscall.o
LOAD fs_main.o
LOAD global.o
LOAD hd_rdwt.o
LOAD process.o
LOAD protect.o
LOAD console.o
LOAD keyboard.o
LOAD open.o
LOAD read.o
LOAD write.o
LOAD close.o
LOAD wait.o
LOAD exit.o
LOAD fork.o
LOAD getpid.o
LOAD exec.o
LOAD mm/main.o
LOAD mm/exec.o
LOAD mm/forkexit.o
LOAD mem/mem.o
LOAD kernel_main_old.o
LOAD my_process.o
LOAD switch_to.o
LOAD double_link_list.o
LOAD thread.o
                [!provide]                        PROVIDE (__executable_start = SEGMENT_START ("text-segment", 0x8048000))
                0x0000000008048094                . = (SEGMENT_START ("text-segment", 0x8048000) + SIZEOF_HEADERS)

.interp
 *(.interp)

.note.gnu.build-id
 *(.note.gnu.build-id)

.hash
 *(.hash)

.gnu.hash
 *(.gnu.hash)

.dynsym
 *(.dynsym)

.dynstr
 *(.dynstr)

.gnu.version
 *(.gnu.version)

.gnu.version_d
 *(.gnu.version_d)

.gnu.version_r
 *(.gnu.version_r)

.rel.dyn        0x0000000008048094        0x0
 *(.rel.init)
 *(.rel.text .rel.text.* .rel.gnu.linkonce.t.*)
 .rel.text      0x0000000008048094        0x0 kernel_sub.o
 *(.rel.fini)
 *(.rel.rodata .rel.rodata.* .rel.gnu.linkonce.r.*)
 *(.rel.data.rel.ro .rel.data.rel.ro.* .rel.gnu.linkonce.d.rel.ro.*)
 *(.rel.data .rel.data.* .rel.gnu.linkonce.d.*)
 *(.rel.tdata .rel.tdata.* .rel.gnu.linkonce.td.*)
 *(.rel.tbss .rel.tbss.* .rel.gnu.linkonce.tb.*)
 *(.rel.ctors)
 *(.rel.dtors)
 *(.rel.got)
 .rel.got       0x0000000008048094        0x0 kernel_sub.o
 *(.rel.bss .rel.bss.* .rel.gnu.linkonce.b.*)
 *(.rel.ifunc)

.rel.plt        0x0000000008048094        0x0
 *(.rel.plt)
                [!provide]                        PROVIDE (__rel_iplt_start = .)
 *(.rel.iplt)
 .rel.iplt      0x0000000008048094        0x0 kernel_sub.o
                [!provide]                        PROVIDE (__rel_iplt_end = .)

.init
 *(SORT_NONE(.init))

.plt            0x0000000008048098        0x0
 *(.plt)
 *(.iplt)
 .iplt          0x0000000008048098        0x0 kernel_sub.o

.plt.got
 *(.plt.got)

.plt.sec
 *(.plt.sec)

.text           0x00000000c0001200     0x9dd0
 *(.text.unlikely .text.*_unlikely .text.unlikely.*)
 *(.text.exit .text.exit.*)
 *(.text.startup .text.startup.*)
 *(.text.hot .text.hot.*)
 *(.text .stub .text.* .gnu.linkonce.t.*)
 .text          0x00000000c0001200       0x71 kernel_sub.o
                0x00000000c0001200                _start
 *fill*         0x00000000c0001271        0xf 
 .text          0x00000000c0001280      0x325 kernel.o
                0x00000000c0001280                InterruptTest
                0x00000000c000128c                disp_str
                0x00000000c00012c7                disp_str_colour
                0x00000000c0001303                divide_zero_fault
                0x00000000c0001309                single_step_fault
                0x00000000c000130f                non_maskable_interrupt
                0x00000000c0001315                breakpoint_trap
                0x00000000c000131b                overflow_trap
                0x00000000c0001321                bound_range_exceeded_fault
                0x00000000c0001327                invalid_opcode_fault
                0x00000000c000132d                coprocessor_not_available_fault
                0x00000000c0001333                double_fault_exception_abort
                0x00000000c0001337                coprocessor_segment_overrun
                0x00000000c000133d                invalid_task_state_segment_fault
                0x00000000c0001341                segment_not_present_fault
                0x00000000c0001345                stack_exception_fault
                0x00000000c0001349                general_protection_exception_fault
                0x00000000c0001354                page_fault
                0x00000000c0001358                coprocessor_error_fault
                0x00000000c000135e                align_check_fault
                0x00000000c0001362                simd_float_exception_fault
                0x00000000c0001371                hwint0
                0x00000000c000139e                hwint1
                0x00000000c00013e0                hwint14
                0x00000000c000141e                sys_call
                0x00000000c0001463                fork_restart
                0x00000000c000146c                restart
                0x00000000c000148d                in_byte
                0x00000000c0001499                out_byte
                0x00000000c00014bb                disable_int
                0x00000000c00014bd                enable_int
                0x00000000c0001553                enable_8259A_casecade_irq
                0x00000000c000155d                disable_8259A_casecade_irq
                0x00000000c0001567                enable_8259A_slave_winchester_irq
                0x00000000c0001571                disable_8259A_slave_winchester_irq
                0x00000000c000157b                update_cr3
                0x00000000c0001588                update_tss
                0x00000000c0001597                get_running_thread_pcb
                0x00000000c000159f                sys_call_test
 .text          0x00000000c00015a5      0x286 kernel_main.o
                0x00000000c00015a5                kernel_main
                0x00000000c0001680                init
                0x00000000c0001730                kernel_thread_a
                0x00000000c000177d                kernel_thread_b
                0x00000000c00017ca                kernel_thread_c
                0x00000000c00017e0                kernel_thread_d
                0x00000000c00017f6                user_proc_a
                0x00000000c0001813                user_proc_b
 .text          0x00000000c000182b      0xe1d hd.o
                0x00000000c000182b                TaskHD
                0x00000000c0001870                init_hd
                0x00000000c000188a                hd_handle
                0x00000000c000198f                hd_cmd_out
                0x00000000c0001a91                hd_identify
                0x00000000c0001b48                print_hdinfo
                0x00000000c0001cd6                print_dpt_entry
                0x00000000c0001d42                get_partition_table
                0x00000000c0001e21                partition
                0x00000000c000203b                hd_open
                0x00000000c00020e2                get_hd_ioctl
                0x00000000c0002193                wait_for
                0x00000000c00021c4                interrupt_wait
                0x00000000c0002214                hd_rdwt
                0x00000000c00024b3                hd_handler
                0x00000000c00024df                waitfor
                0x00000000c0002523                print_hd_info
                0x00000000c0002610                is_empty
 *fill*         0x00000000c0002648        0x8 
 .text          0x00000000c0002650       0xa1 syscall.o
                0x00000000c0002650                get_ticks
                0x00000000c0002658                write2
                0x00000000c0002668                write_debug
                0x00000000c0002688                send_msg
                0x00000000c00026ae                receive_msg
                0x00000000c00026c4                sys_malloc
                0x00000000c00026d9                sys_free
 .text          0x00000000c00026f1     0x202f fs_main.o
                0x00000000c00026f1                task_fs
                0x00000000c00028fc                rd_wt
                0x00000000c00029d5                mkfs
                0x00000000c0002fb7                init_fs
                0x00000000c000300b                do_open
                0x00000000c00031da                search_file
                0x00000000c000330c                strip_path
                0x00000000c00033d8                get_inode
                0x00000000c000359a                create_file
                0x00000000c00036a5                alloc_imap_bit
                0x00000000c00037a2                alloc_smap_bit
                0x00000000c0003943                new_inode
                0x00000000c0003a61                new_dir_entry
                0x00000000c0003c6d                do_unlink
                0x00000000c0004149                do_rdwt
                0x00000000c00044d4                sync_inode
                0x00000000c0004628                put_inode
                0x00000000c0004666                do_close
                0x00000000c00046b8                get_super_block
 .text          0x00000000c0004720        0x0 global.o
 .text          0x00000000c0004720      0x225 process.o
                0x00000000c0004720                check
                0x00000000c0004747                schedule_process
                0x00000000c000484c                clock_handler
                0x00000000c00048bc                pid2proc
                0x00000000c000492e                proc2pid
 .text          0x00000000c0004945      0x3a0 protect.o
                0x00000000c0004945                InitDescriptor
                0x00000000c00049b2                Seg2PhyAddr
                0x00000000c00049f3                Seg2PhyAddrLDT
                0x00000000c0004a37                VirAddr2PhyAddr
                0x00000000c0004a4d                v2l
                0x00000000c0004a90                init_propt
                0x00000000c0004bfe                InitInterruptDesc
                0x00000000c0004c5a                ReloadGDT
 .text          0x00000000c0004ce5      0xaca console.o
                0x00000000c0004ce5                select_console
                0x00000000c0004d21                flush
                0x00000000c0004d5a                set_cursor
                0x00000000c0004db8                set_console_start_video_addr
                0x00000000c0004e16                put_key
                0x00000000c0004e82                scroll_up
                0x00000000c0004ec4                scroll_down
                0x00000000c0004f2f                out_char
                0x00000000c00050ec                tty_dev_read
                0x00000000c0005116                tty_dev_write
                0x00000000c0005343                tty_do_read
                0x00000000c000540b                tty_do_write
                0x00000000c000556e                init_screen
                0x00000000c00055f7                init_tty
                0x00000000c00056ac                TaskTTY
 .text          0x00000000c00057af      0x40f keyboard.o
                0x00000000c00057af                keyboard_handler
                0x00000000c0005833                read_from_keyboard_buf
                0x00000000c0005899                keyboard_read
                0x00000000c0005a18                init_keyboard_handler
                0x00000000c0005a2c                in_process
 .text          0x00000000c0005bbe       0x95 open.o
                0x00000000c0005bbe                open
 .text          0x00000000c0005c53      0x181 read.o
                0x00000000c0005c53                read
 .text          0x00000000c0005dd4       0x85 write.o
                0x00000000c0005dd4                write
 .text          0x00000000c0005e59       0x52 close.o
                0x00000000c0005e59                close
 .text          0x00000000c0005eab       0x44 wait.o
                0x00000000c0005eab                wait
 .text          0x00000000c0005eef       0x2f exit.o
                0x00000000c0005eef                exit
 .text          0x00000000c0005f1e       0x68 fork.o
                0x00000000c0005f1e                fork
 .text          0x00000000c0005f86       0x2b getpid.o
                0x00000000c0005f86                getpid
 .text          0x00000000c0005fb1      0x27b exec.o
                0x00000000c0005fb1                exec
                0x00000000c0006022                execv
                0x00000000c0006207                execl
 .text          0x00000000c000622c      0x148 mm/main.o
                0x00000000c000622c                TaskMM
                0x00000000c0006355                alloc_mem
 .text          0x00000000c0006374      0x3bc mm/exec.o
                0x00000000c0006374                do_exec
 .text          0x00000000c0006730      0x291 mm/forkexit.o
                0x00000000c0006730                do_fork
                0x00000000c000679e                do_exit
                0x00000000c000689a                do_wait
                0x00000000c0006967                cleanup
 .text          0x00000000c00069c1     0x1149 mem/mem.o
                0x00000000c00069c1                init_bitmap
                0x00000000c00069e4                test_bit_val
                0x00000000c0006a4d                set_bit_val
                0x00000000c0006ac8                set_bits
                0x00000000c0006b02                get_first_free_bit
                0x00000000c0006b46                get_bits
                0x00000000c0006c0e                get_a_page2
                0x00000000c0006c3d                get_a_page
                0x00000000c0006cf1                get_virtual_address
                0x00000000c0006d81                ptr_pde
                0x00000000c0006d94                ptr_pte
                0x00000000c0006dbb                add_map_entry
                0x00000000c0006e4c                alloc_virtual_memory
                0x00000000c0006f1a                get_physical_address
                0x00000000c0006f4c                alloc_physical_memory_of_proc
                0x00000000c0007005                alloc_physical_memory
                0x00000000c00070cd                alloc_memory
                0x00000000c000712f                get_a_virtual_page
                0x00000000c0007167                block2arena
                0x00000000c000717d                sys_malloc2
                0x00000000c000742e                remove_map_entry
                0x00000000c000744f                free_a_page
                0x00000000c00074f6                sys_free2
                0x00000000c0007679                init_memory_block_desc
                0x00000000c000774a                init_memory2
                0x00000000c00079c1                init_memory
 .text          0x00000000c0007b0a     0x2918 kernel_main_old.o
                0x00000000c0007b0a                intr_enable
                0x00000000c0007b33                intr_disable
                0x00000000c0007b5c                intr_set_status
                0x00000000c0007b7a                intr_get_status
                0x00000000c0007b97                Memcpy
                0x00000000c0007bca                untar
                0x00000000c0007eda                atoi
                0x00000000c0007f80                disp_int
                0x00000000c0007fa9                do_page_fault
                0x00000000c00080e6                exception_handler
                0x00000000c00082cd                init_internal_interrupt
                0x00000000c0008442                spurious_irq
                0x00000000c00084d0                init_keyboard
                0x00000000c000853d                u_thread_a
                0x00000000c0008555                TestTTY
                0x00000000c00085f4                TestFS
                0x00000000c00089fc                wait_exit
                0x00000000c0008aca                INIT_fork
                0x00000000c0008dad                simple_shell
                0x00000000c0008fab                test_split_str
                0x00000000c0009138                test_shell
                0x00000000c00091a0                test_exec
                0x00000000c000923b                INIT
                0x00000000c0009248                TestA
                0x00000000c000927d                delay
                0x00000000c00092c1                TestB
                0x00000000c00092d9                TestC
                0x00000000c000930c                sys_get_ticks
                0x00000000c000931c                sys_write
                0x00000000c0009370                milli_delay
                0x00000000c00093ac                TaskSys
                0x00000000c00093b1                Printf
                0x00000000c000940f                vsprintf
                0x00000000c00095bb                printx
                0x00000000c00095fe                sys_printx
                0x00000000c00096ca                spin
                0x00000000c00096f0                panic
                0x00000000c000970e                assertion_failure
                0x00000000c0009745                dead_lock
                0x00000000c000974f                sys_send_msg
                0x00000000c0009b36                sys_receive_msg
                0x00000000c000a045                disp_str_colour_debug
                0x00000000c000a04b                send_rec
                0x00000000c000a147                block
                0x00000000c000a183                unblock
                0x00000000c000a1d3                get_ticks_ipc
                0x00000000c000a22a                itoa
                0x00000000c000a280                i2a
                0x00000000c000a2e6                inform_int
                0x00000000c000a3b3                strcmp
 .text          0x00000000c000a422      0x6b5 my_process.o
                0x00000000c000a422                create_user_process_address_space
                0x00000000c000a4b2                user_process
                0x00000000c000a5c1                clone_pcb
                0x00000000c000a6c5                build_body_stack
                0x00000000c000a7f8                build_process_kernel_stack
                0x00000000c000a8bb                fork_process
                0x00000000c000a966                process_execute
 *fill*         0x00000000c000aad7        0x9 
 .text          0x00000000c000aae0       0x15 switch_to.o
                0x00000000c000aae0                switch_to
 .text          0x00000000c000aaf5      0x329 double_link_list.o
                0x00000000c000aaf5                initDoubleLinkList
                0x00000000c000ab23                isListEmpty
                0x00000000c000ab44                findElementInList
                0x00000000c000ac20                appendToDoubleLinkList
                0x00000000c000ad07                insertToDoubleLinkList
                0x00000000c000ad8a                popFromDoubleLinkList
 .text          0x00000000c000ae1e      0x1b2 thread.o
                0x00000000c000ae1e                kernel_thread
                0x00000000c000ae36                thread_init
                0x00000000c000aee3                thread_create
                0x00000000c000af18                thread_start
 *(.gnu.warning)

.fini
 *(SORT_NONE(.fini))
                [!provide]                        PROVIDE (__etext = .)
                [!provide]                        PROVIDE (_etext = .)
                [!provide]                        PROVIDE (etext = .)

.rodata         0x00000000c000afe0      0xe09
 *(.rodata .rodata.* .gnu.linkonce.r.*)
 .rodata        0x00000000c000afe0       0xa3 kernel_main.o
 *fill*         0x00000000c000b083        0x1 
 .rodata        0x00000000c000b084      0x19c hd.o
 .rodata        0x00000000c000b220      0x1eb fs_main.o
                0x00000000c000b220                FSBUF_SIZE
 .rodata        0x00000000c000b40b       0x26 process.o
 .rodata        0x00000000c000b431       0x22 console.o
 .rodata        0x00000000c000b453       0x24 close.o
 .rodata        0x00000000c000b477       0x1b fork.o
 .rodata        0x00000000c000b492       0x2d exec.o
 .rodata        0x00000000c000b4bf       0x11 mm/main.o
 .rodata        0x00000000c000b4d0       0x10 mm/exec.o
 .rodata        0x00000000c000b4e0       0x36 mem/mem.o
 *fill*         0x00000000c000b516        0xa 
 .rodata        0x00000000c000b520      0x89d kernel_main_old.o
 .rodata        0x00000000c000bdbd       0x2c double_link_list.o

.txt            0x00000000c000bde9       0xaa
 .txt           0x00000000c000bde9       0x82 string.o
                0x00000000c000bde9                Memcpy2
                0x00000000c000be17                Memset
                0x00000000c000be36                Strcpy
                0x00000000c000be50                Strlen
 .txt           0x00000000c000be6b       0x28 hd_rdwt.o
                0x00000000c000be6b                read_port
                0x00000000c000be7f                write_port

.rodata1
 *(.rodata1)

.eh_frame_hdr
 *(.eh_frame_hdr)
 *(.eh_frame_entry .eh_frame_entry.*)

.eh_frame       0x00000000c000be94     0x17a8
 *(.eh_frame)
 .eh_frame      0x00000000c000be94       0xfc kernel_main.o
 .eh_frame      0x00000000c000bf90      0x244 hd.o
                                        0x25c (size before relaxing)
 .eh_frame      0x00000000c000c1d4      0x27c fs_main.o
                                        0x294 (size before relaxing)
 .eh_frame      0x00000000c000c450       0xa0 process.o
                                         0xb8 (size before relaxing)
 .eh_frame      0x00000000c000c4f0      0x100 protect.o
                                        0x118 (size before relaxing)
 .eh_frame      0x00000000c000c5f0      0x1e0 console.o
                                        0x1f8 (size before relaxing)
 .eh_frame      0x00000000c000c7d0       0xa0 keyboard.o
                                         0xb8 (size before relaxing)
 .eh_frame      0x00000000c000c870       0x20 open.o
                                         0x38 (size before relaxing)
 .eh_frame      0x00000000c000c890       0x20 read.o
                                         0x38 (size before relaxing)
 .eh_frame      0x00000000c000c8b0       0x20 write.o
                                         0x38 (size before relaxing)
 .eh_frame      0x00000000c000c8d0       0x20 close.o
                                         0x38 (size before relaxing)
 .eh_frame      0x00000000c000c8f0       0x20 wait.o
                                         0x38 (size before relaxing)
 .eh_frame      0x00000000c000c910       0x20 exit.o
                                         0x38 (size before relaxing)
 .eh_frame      0x00000000c000c930       0x20 fork.o
                                         0x38 (size before relaxing)
 .eh_frame      0x00000000c000c950       0x20 getpid.o
                                         0x38 (size before relaxing)
 .eh_frame      0x00000000c000c970       0x60 exec.o
                                         0x78 (size before relaxing)
 .eh_frame      0x00000000c000c9d0       0x3c mm/main.o
                                         0x54 (size before relaxing)
 .eh_frame      0x00000000c000ca0c       0x20 mm/exec.o
                                         0x38 (size before relaxing)
 .eh_frame      0x00000000c000ca2c       0x80 mm/forkexit.o
                                         0x98 (size before relaxing)
 .eh_frame      0x00000000c000caac      0x344 mem/mem.o
                                        0x35c (size before relaxing)
 .eh_frame      0x00000000c000cdf0      0x62c kernel_main_old.o
                                        0x644 (size before relaxing)
 .eh_frame      0x00000000c000d41c       0xe0 my_process.o
                                         0xf8 (size before relaxing)
 .eh_frame      0x00000000c000d4fc       0xc0 double_link_list.o
                                         0xd8 (size before relaxing)
 .eh_frame      0x00000000c000d5bc       0x80 thread.o
                                         0x98 (size before relaxing)
 *(.eh_frame.*)

.gcc_except_table
 *(.gcc_except_table .gcc_except_table.*)

.gnu_extab
 *(.gnu_extab*)

.exception_ranges
 *(.exception_ranges .exception_ranges*)
                0x00000000c000f000                . = DATA_SEGMENT_ALIGN (CONSTANT (MAXPAGESIZE), CONSTANT (COMMONPAGESIZE))

.eh_frame
 *(.eh_frame)
 *(.eh_frame.*)

.gnu_extab
 *(.gnu_extab)

.gcc_except_table
 *(.gcc_except_table .gcc_except_table.*)

.exception_ranges
 *(.exception_ranges .exception_ranges*)

.tdata
 *(.tdata .tdata.* .gnu.linkonce.td.*)

.tbss
 *(.tbss .tbss.* .gnu.linkonce.tb.*)
 *(.tcommon)

.preinit_array  0x00000000c000f000        0x0
                [!provide]                        PROVIDE (__preinit_array_start = .)
 *(.preinit_array)
                [!provide]                        PROVIDE (__preinit_array_end = .)

.init_array     0x00000000c000f000        0x0
                [!provide]                        PROVIDE (__init_array_start = .)
 *(SORT_BY_INIT_PRIORITY(.init_array.*) SORT_BY_INIT_PRIORITY(.ctors.*))
 *(.init_array EXCLUDE_FILE(*crtend?.o *crtend.o *crtbegin?.o *crtbegin.o) .ctors)
                [!provide]                        PROVIDE (__init_array_end = .)

.fini_array     0x00000000c000f000        0x0
                [!provide]                        PROVIDE (__fini_array_start = .)
 *(SORT_BY_INIT_PRIORITY(.fini_array.*) SORT_BY_INIT_PRIORITY(.dtors.*))
 *(.fini_array EXCLUDE_FILE(*crtend?.o *crtend.o *crtbegin?.o *crtbegin.o) .dtors)
                [!provide]                        PROVIDE (__fini_array_end = .)

.ctors
 *crtbegin.o(.ctors)
 *crtbegin?.o(.ctors)
 *(EXCLUDE_FILE(*crtend?.o *crtend.o) .ctors)
 *(SORT_BY_NAME(.ctors.*))
 *(.ctors)

.dtors
 *crtbegin.o(.dtors)
 *crtbegin?.o(.dtors)
 *(EXCLUDE_FILE(*crtend?.o *crtend.o) .dtors)
 *(SORT_BY_NAME(.dtors.*))
 *(.dtors)

.jcr
 *(.jcr)

.data.rel.ro
 *(.data.rel.ro.local* .gnu.linkonce.d.rel.ro.local.*)
 *(.data.rel.ro .data.rel.ro.* .gnu.linkonce.d.rel.ro.*)

.dynamic
 *(.dynamic)

.got            0x00000000c000f000        0x0
 *(.got)
 .got           0x00000000c000f000        0x0 kernel_sub.o
 *(.igot)
                0x00000000c000f000                . = DATA_SEGMENT_RELRO_END (., (SIZEOF (.got.plt) >= 0xc)?0xc:0x0)

.got.plt        0x00000000c000f000        0x0
 *(.got.plt)
 .got.plt       0x00000000c000f000        0x0 kernel_sub.o
 *(.igot.plt)
 .igot.plt      0x00000000c000f000        0x0 kernel_sub.o

.data           0x00000000c000f000      0x760
 *(.data .data.* .gnu.linkonce.d.*)
 .data          0x00000000c000f000        0xf kernel_sub.o
 *fill*         0x00000000c000f00f        0x1 
 .data          0x00000000c000f010        0xf kernel.o
 .data          0x00000000c000f01f        0x0 kernel_main.o
 .data          0x00000000c000f01f        0x0 hd.o
 *fill*         0x00000000c000f01f        0x1 
 .data          0x00000000c000f020        0x0 syscall.o
 .data          0x00000000c000f020        0x0 fs_main.o
 .data          0x00000000c000f020      0x128 global.o
                0x00000000c000f020                user_task_table
                0x00000000c000f0a0                sys_task_table
                0x00000000c000f12c                sys_call_table
 .data          0x00000000c000f148        0x0 process.o
 .data          0x00000000c000f148        0x0 protect.o
 .data          0x00000000c000f148        0x0 console.o
 *fill*         0x00000000c000f148       0x18 
 .data          0x00000000c000f160      0x600 keyboard.o
                0x00000000c000f160                keymap
 .data          0x00000000c000f760        0x0 open.o
 .data          0x00000000c000f760        0x0 read.o
 .data          0x00000000c000f760        0x0 write.o
 .data          0x00000000c000f760        0x0 close.o
 .data          0x00000000c000f760        0x0 wait.o
 .data          0x00000000c000f760        0x0 exit.o
 .data          0x00000000c000f760        0x0 fork.o
 .data          0x00000000c000f760        0x0 getpid.o
 .data          0x00000000c000f760        0x0 exec.o
 .data          0x00000000c000f760        0x0 mm/main.o
 .data          0x00000000c000f760        0x0 mm/exec.o
 .data          0x00000000c000f760        0x0 mm/forkexit.o
 .data          0x00000000c000f760        0x0 mem/mem.o
 .data          0x00000000c000f760        0x0 kernel_main_old.o
 .data          0x00000000c000f760        0x0 my_process.o
 .data          0x00000000c000f760        0x0 double_link_list.o
 .data          0x00000000c000f760        0x0 thread.o

.data1
 *(.data1)
                0x00000000c000f760                _edata = .
                [!provide]                        PROVIDE (edata = .)
                0x00000000c000f760                . = .
                0x00000000c000f760                __bss_start = .

.bss            0x00000000c000f760    0x75130
 *(.dynbss)
 *(.bss .bss.* .gnu.linkonce.b.*)
 .bss           0x00000000c000f760      0x800 kernel_sub.o
 .bss           0x00000000c000ff60      0x800 kernel.o
 .bss           0x00000000c0010760        0x0 kernel_main.o
 .bss           0x00000000c0010760        0x0 hd.o
 .bss           0x00000000c0010760        0x4 fs_main.o
                0x00000000c0010760                c
 .bss           0x00000000c0010764        0x0 global.o
 .bss           0x00000000c0010764        0x0 process.o
 .bss           0x00000000c0010764        0x0 protect.o
 .bss           0x00000000c0010764        0x0 console.o
 .bss           0x00000000c0010764        0x0 keyboard.o
 .bss           0x00000000c0010764        0x0 open.o
 .bss           0x00000000c0010764        0x0 read.o
 .bss           0x00000000c0010764        0x0 write.o
 .bss           0x00000000c0010764        0x0 close.o
 .bss           0x00000000c0010764        0x0 wait.o
 .bss           0x00000000c0010764        0x0 exit.o
 .bss           0x00000000c0010764        0x0 fork.o
 .bss           0x00000000c0010764        0x0 getpid.o
 .bss           0x00000000c0010764        0x0 exec.o
 .bss           0x00000000c0010764        0x0 mm/main.o
 .bss           0x00000000c0010764        0x0 mm/exec.o
 .bss           0x00000000c0010764        0x0 mm/forkexit.o
 .bss           0x00000000c0010764        0x0 mem/mem.o
 .bss           0x00000000c0010764        0x0 kernel_main_old.o
 .bss           0x00000000c0010764        0x0 my_process.o
 .bss           0x00000000c0010764        0x0 double_link_list.o
 .bss           0x00000000c0010764        0x0 thread.o
 *(COMMON)
 *fill*         0x00000000c0010764       0x1c 
 COMMON         0x00000000c0010780     0x17a5 kernel_main.o
                0x00000000c0010780                current_tty
                0x00000000c0010784                is_e0
                0x00000000c0010788                idt_ptr
                0x00000000c0010790                pid
                0x00000000c0010794                KernelVirtualMemory
                0x00000000c00107a0                dis_pos
                0x00000000c00107a4                k_reenter
                0x00000000c00107c0                gdt
                0x00000000c0010bc0                proc_ready_table
                0x00000000c0010bc4                test_ticks
                0x00000000c0010bc8                pcaller
                0x00000000c0010be0                keyboard_buffer
                0x00000000c0010dec                pcb_list
                0x00000000c0010dfc                gdt_index
                0x00000000c0010e00                tty_table
                0x00000000c0011640                tss
                0x00000000c00116ac                KernelPool
                0x00000000c00116bc                counter
                0x00000000c00116c0                key_pressed
                0x00000000c00116c4                is_shift
                0x00000000c00116c8                gdt_ptr
                0x00000000c00116e0                idt
                0x00000000c0011ee0                main_thread
                0x00000000c0011ee8                ticks
                0x00000000c0011ef0                is_init
                0x00000000c0011ef4                UserPool
                0x00000000c0011f04                all_pcb_list
                0x00000000c0011f14                console_table
                0x00000000c0011f24                is_disp
 *fill*         0x00000000c0011f25       0x1b 
 COMMON         0x00000000c0011f40      0x440 hd.o
                0x00000000c0011f40                hd_info
                0x00000000c0012180                hd_cache
 COMMON         0x00000000c0012380      0xe68 fs_main.o
                0x00000000c0012380                file_desc_table
                0x00000000c0012780                phy_super_block_buf
                0x00000000c0012784                phy_fsbuf
                0x00000000c00127a0                inode_table
                0x00000000c00131a0                super_block_buf
                0x00000000c00131a4                fsbuf
                0x00000000c00131c0                root
 *fill*         0x00000000c00131e8       0x18 
 COMMON         0x00000000c0013200    0x715a0 global.o
                0x00000000c0013200                proc_stack
                0x00000000c0083200                proc_table
 COMMON         0x00000000c00847a0       0xf0 mem/mem.o
                0x00000000c00847a0                kernel_mem_block_decs_array
                0x00000000c0084890                . = ALIGN ((. != 0x0)?0x4:0x1)
                0x00000000c0084890                . = ALIGN (0x4)
                0x00000000c0084890                . = SEGMENT_START ("ldata-segment", .)
                0x00000000c0084890                . = ALIGN (0x4)
                0x00000000c0084890                _end = .
                [!provide]                        PROVIDE (end = .)
                0x00000000c0084890                . = DATA_SEGMENT_END (.)

.stab
 *(.stab)

.stabstr
 *(.stabstr)

.stab.excl
 *(.stab.excl)

.stab.exclstr
 *(.stab.exclstr)

.stab.index
 *(.stab.index)

.stab.indexstr
 *(.stab.indexstr)

.comment        0x0000000000000000       0x2c
 *(.comment)
 .comment       0x0000000000000000       0x2c kernel_main.o
                                         0x2d (size before relaxing)
 .comment       0x000000000000002c       0x2d hd.o
 .comment       0x000000000000002c       0x2d fs_main.o
 .comment       0x000000000000002c       0x2d global.o
 .comment       0x000000000000002c       0x2d process.o
 .comment       0x000000000000002c       0x2d protect.o
 .comment       0x000000000000002c       0x2d console.o
 .comment       0x000000000000002c       0x2d keyboard.o
 .comment       0x000000000000002c       0x2d open.o
 .comment       0x000000000000002c       0x2d read.o
 .comment       0x000000000000002c       0x2d write.o
 .comment       0x000000000000002c       0x2d close.o
 .comment       0x000000000000002c       0x2d wait.o
 .comment       0x000000000000002c       0x2d exit.o
 .comment       0x000000000000002c       0x2d fork.o
 .comment       0x000000000000002c       0x2d getpid.o
 .comment       0x000000000000002c       0x2d exec.o
 .comment       0x000000000000002c       0x2d mm/main.o
 .comment       0x000000000000002c       0x2d mm/exec.o
 .comment       0x000000000000002c       0x2d mm/forkexit.o
 .comment       0x000000000000002c       0x2d mem/mem.o
 .comment       0x000000000000002c       0x2d kernel_main_old.o
 .comment       0x000000000000002c       0x2d my_process.o
 .comment       0x000000000000002c       0x2d double_link_list.o
 .comment       0x000000000000002c       0x2d thread.o

.gnu.build.attributes
 *(.gnu.build.attributes .gnu.build.attributes.*)

.debug
 *(.debug)

.line
 *(.line)

.debug_srcinfo
 *(.debug_srcinfo)

.debug_sfnames
 *(.debug_sfnames)

.debug_aranges  0x0000000000000000      0x318
 *(.debug_aranges)
 .debug_aranges
                0x0000000000000000       0x20 kernel_main.o
 .debug_aranges
                0x0000000000000020       0x20 hd.o
 .debug_aranges
                0x0000000000000040       0x20 fs_main.o
 .debug_aranges
                0x0000000000000060       0x18 global.o
 .debug_aranges
                0x0000000000000078       0x20 process.o
 .debug_aranges
                0x0000000000000098       0x20 protect.o
 .debug_aranges
                0x00000000000000b8       0x20 console.o
 .debug_aranges
                0x00000000000000d8       0x20 keyboard.o
 .debug_aranges
                0x00000000000000f8       0x20 open.o
 .debug_aranges
                0x0000000000000118       0x20 read.o
 .debug_aranges
                0x0000000000000138       0x20 write.o
 .debug_aranges
                0x0000000000000158       0x20 close.o
 .debug_aranges
                0x0000000000000178       0x20 wait.o
 .debug_aranges
                0x0000000000000198       0x20 exit.o
 .debug_aranges
                0x00000000000001b8       0x20 fork.o
 .debug_aranges
                0x00000000000001d8       0x20 getpid.o
 .debug_aranges
                0x00000000000001f8       0x20 exec.o
 .debug_aranges
                0x0000000000000218       0x20 mm/main.o
 .debug_aranges
                0x0000000000000238       0x20 mm/exec.o
 .debug_aranges
                0x0000000000000258       0x20 mm/forkexit.o
 .debug_aranges
                0x0000000000000278       0x20 mem/mem.o
 .debug_aranges
                0x0000000000000298       0x20 kernel_main_old.o
 .debug_aranges
                0x00000000000002b8       0x20 my_process.o
 .debug_aranges
                0x00000000000002d8       0x20 double_link_list.o
 .debug_aranges
                0x00000000000002f8       0x20 thread.o

.debug_pubnames
 *(.debug_pubnames)

.debug_info     0x0000000000000000    0x1af1a
 *(.debug_info .gnu.linkonce.wi.*)
 .debug_info    0x0000000000000000      0xef5 kernel_main.o
 .debug_info    0x0000000000000ef5     0x1746 hd.o
 .debug_info    0x000000000000263b     0x1e99 fs_main.o
 .debug_info    0x00000000000044d4      0xdee global.o
 .debug_info    0x00000000000052c2      0xf05 process.o
 .debug_info    0x00000000000061c7     0x1119 protect.o
 .debug_info    0x00000000000072e0     0x11ee console.o
 .debug_info    0x00000000000084ce      0xf42 keyboard.o
 .debug_info    0x0000000000009410      0xd66 open.o
 .debug_info    0x000000000000a176      0xe05 read.o
 .debug_info    0x000000000000af7b      0xd93 write.o
 .debug_info    0x000000000000bd0e      0xd1a close.o
 .debug_info    0x000000000000ca28      0xd25 wait.o
 .debug_info    0x000000000000d74d      0xd17 exit.o
 .debug_info    0x000000000000e464      0xd0c fork.o
 .debug_info    0x000000000000f170      0xd0c getpid.o
 .debug_info    0x000000000000fe7c      0xe86 exec.o
 .debug_info    0x0000000000010d02      0xd2a mm/main.o
 .debug_info    0x0000000000011a2c     0x10f6 mm/exec.o
 .debug_info    0x0000000000012b22      0xee6 mm/forkexit.o
 .debug_info    0x0000000000013a08     0x1bcc mem/mem.o
 .debug_info    0x00000000000155d4     0x2679 kernel_main_old.o
 .debug_info    0x0000000000017c4d     0x1365 my_process.o
 .debug_info    0x0000000000018fb2      0xfa8 double_link_list.o
 .debug_info    0x0000000000019f5a      0xfc0 thread.o

.debug_abbrev   0x0000000000000000     0x3482
 *(.debug_abbrev)
 .debug_abbrev  0x0000000000000000      0x1df kernel_main.o
 .debug_abbrev  0x00000000000001df      0x2e3 hd.o
 .debug_abbrev  0x00000000000004c2      0x2ef fs_main.o
 .debug_abbrev  0x00000000000007b1      0x157 global.o
 .debug_abbrev  0x0000000000000908      0x1e9 process.o
 .debug_abbrev  0x0000000000000af1      0x227 protect.o
 .debug_abbrev  0x0000000000000d18      0x2ac console.o
 .debug_abbrev  0x0000000000000fc4      0x1fb keyboard.o
 .debug_abbrev  0x00000000000011bf      0x1c5 open.o
 .debug_abbrev  0x0000000000001384      0x1ef read.o
 .debug_abbrev  0x0000000000001573      0x1db write.o
 .debug_abbrev  0x000000000000174e      0x19d close.o
 .debug_abbrev  0x00000000000018eb      0x19f wait.o
 .debug_abbrev  0x0000000000001a8a      0x19b exit.o
 .debug_abbrev  0x0000000000001c25      0x18a fork.o
 .debug_abbrev  0x0000000000001daf      0x18a getpid.o
 .debug_abbrev  0x0000000000001f39      0x1e8 exec.o
 .debug_abbrev  0x0000000000002121      0x208 mm/main.o
 .debug_abbrev  0x0000000000002329      0x1c4 mm/exec.o
 .debug_abbrev  0x00000000000024ed      0x204 mm/forkexit.o
 .debug_abbrev  0x00000000000026f1      0x2ea mem/mem.o
 .debug_abbrev  0x00000000000029db      0x43c kernel_main_old.o
 .debug_abbrev  0x0000000000002e17      0x233 my_process.o
 .debug_abbrev  0x000000000000304a      0x216 double_link_list.o
 .debug_abbrev  0x0000000000003260      0x222 thread.o

.debug_line     0x0000000000000000     0x4781
 *(.debug_line .debug_line.* .debug_line_end)
 .debug_line    0x0000000000000000      0x187 kernel_main.o
 .debug_line    0x0000000000000187      0x613 hd.o
 .debug_line    0x000000000000079a      0xc11 fs_main.o
 .debug_line    0x00000000000013ab       0x95 global.o
 .debug_line    0x0000000000001440      0x193 process.o
 .debug_line    0x00000000000015d3      0x1fb protect.o
 .debug_line    0x00000000000017ce      0x54e console.o
 .debug_line    0x0000000000001d1c      0x296 keyboard.o
 .debug_line    0x0000000000001fb2       0xbd open.o
 .debug_line    0x000000000000206f      0x155 read.o
 .debug_line    0x00000000000021c4       0xbc write.o
 .debug_line    0x0000000000002280       0xad close.o
 .debug_line    0x000000000000232d       0xb7 wait.o
 .debug_line    0x00000000000023e4       0xa0 exit.o
 .debug_line    0x0000000000002484       0xae fork.o
 .debug_line    0x0000000000002532       0xa0 getpid.o
 .debug_line    0x00000000000025d2      0x182 exec.o
 .debug_line    0x0000000000002754       0xec mm/main.o
 .debug_line    0x0000000000002840      0x1fa mm/exec.o
 .debug_line    0x0000000000002a3a      0x18a mm/forkexit.o
 .debug_line    0x0000000000002bc4      0x77c mem/mem.o
 .debug_line    0x0000000000003340      0xd9b kernel_main_old.o
 .debug_line    0x00000000000040db      0x30e my_process.o
 .debug_line    0x00000000000043e9      0x253 double_link_list.o
 .debug_line    0x000000000000463c      0x145 thread.o

.debug_frame
 *(.debug_frame)

.debug_str      0x0000000000000000     0x1d52
 *(.debug_str)
 .debug_str     0x0000000000000000      0x530 kernel_main.o
                                        0x617 (size before relaxing)
 .debug_str     0x0000000000000530      0x2c2 hd.o
                                        0x8a3 (size before relaxing)
 .debug_str     0x00000000000007f2      0x47c fs_main.o
                                        0xa90 (size before relaxing)
 .debug_str     0x0000000000000c6e        0x9 global.o
                                        0x5a6 (size before relaxing)
 .debug_str     0x0000000000000c77       0x3f process.o
                                        0x5e6 (size before relaxing)
 .debug_str     0x0000000000000cb6      0x134 protect.o
                                        0x701 (size before relaxing)
 .debug_str     0x0000000000000dea      0x13e console.o
                                        0x6f5 (size before relaxing)
 .debug_str     0x0000000000000f28       0x84 keyboard.o
                                        0x632 (size before relaxing)
 .debug_str     0x0000000000000fac       0x29 open.o
                                        0x56e (size before relaxing)
 .debug_str     0x0000000000000fd5       0x51 read.o
                                        0x5a7 (size before relaxing)
 .debug_str     0x0000000000001026        0xc write.o
                                        0x56b (size before relaxing)
 .debug_str     0x0000000000001032        0xc close.o
                                        0x536 (size before relaxing)
 .debug_str     0x000000000000103e        0xb wait.o
                                        0x53b (size before relaxing)
 .debug_str     0x0000000000001049        0xb exit.o
                                        0x53b (size before relaxing)
 .debug_str     0x0000000000001054        0xb fork.o
                                        0x534 (size before relaxing)
 .debug_str     0x000000000000105f       0x14 getpid.o
                                        0x538 (size before relaxing)
 .debug_str     0x0000000000001073       0x2f exec.o
                                        0x5a3 (size before relaxing)
 .debug_str     0x00000000000010a2       0x32 mm/main.o
                                        0x52e (size before relaxing)
 .debug_str     0x00000000000010d4      0x21c mm/exec.o
                                        0x799 (size before relaxing)
 .debug_str     0x00000000000012f0       0x74 mm/forkexit.o
                                        0x598 (size before relaxing)
 .debug_str     0x0000000000001364      0x32e mem/mem.o
                                        0x9e7 (size before relaxing)
 .debug_str     0x0000000000001692      0x3f1 kernel_main_old.o
                                        0xaaf (size before relaxing)
 .debug_str     0x0000000000001a83      0x1d4 my_process.o
                                        0x858 (size before relaxing)
 .debug_str     0x0000000000001c57       0x8f double_link_list.o
                                        0x667 (size before relaxing)
 .debug_str     0x0000000000001ce6       0x6c thread.o
                                        0x6ad (size before relaxing)

.debug_loc
 *(.debug_loc)

.debug_macinfo
 *(.debug_macinfo)

.debug_weaknames
 *(.debug_weaknames)

.debug_funcnames
 *(.debug_funcnames)

.debug_typenames
 *(.debug_typenames)

.debug_varnames
 *(.debug_varnames)

.debug_pubtypes
 *(.debug_pubtypes)

.debug_ranges   0x0000000000000000       0x78
 *(.debug_ranges)
 .debug_ranges  0x0000000000000000       0x48 hd.o
 .debug_ranges  0x0000000000000048       0x18 mm/exec.o
 .debug_ranges  0x0000000000000060       0x18 kernel_main_old.o

.debug_macro
 *(.debug_macro)

.debug_addr
 *(.debug_addr)

.gnu.attributes
 *(.gnu.attributes)

/DISCARD/
 *(.note.GNU-stack)
 *(.gnu_debuglink)
 *(.gnu.lto_*)
 *(.gnu_object_only)
OUTPUT(kernel.bin elf32-i386)
