
Merging program properties

Removed property 0xc0010001 to merge kernel_main.o (0x1) and kernel_sub.o (not found)
Removed property 0xc0010002 to merge kernel_main.o (0x0) and kernel_sub.o (not found)
Removed property 0xc0010001 to merge kernel_main.o (not found) and hd.o (0x1)
Removed property 0xc0010002 to merge kernel_main.o (not found) and hd.o (0x1)
Removed property 0xc0010001 to merge kernel_main.o (not found) and fs_main.o (0x1)
Removed property 0xc0010002 to merge kernel_main.o (not found) and fs_main.o (0x1)
Removed property 0xc0010001 to merge kernel_main.o (not found) and global.o (0x1)
Removed property 0xc0010002 to merge kernel_main.o (not found) and global.o (0x0)
Removed property 0xc0010001 to merge kernel_main.o (not found) and process.o (0x1)
Removed property 0xc0010002 to merge kernel_main.o (not found) and process.o (0x0)
Removed property 0xc0010001 to merge kernel_main.o (not found) and protect.o (0x1)
Removed property 0xc0010002 to merge kernel_main.o (not found) and protect.o (0x0)
Removed property 0xc0010001 to merge kernel_main.o (not found) and console.o (0x1)
Removed property 0xc0010002 to merge kernel_main.o (not found) and console.o (0x1)
Removed property 0xc0010001 to merge kernel_main.o (not found) and keyboard.o (0x1)
Removed property 0xc0010002 to merge kernel_main.o (not found) and keyboard.o (0x0)
Removed property 0xc0010001 to merge kernel_main.o (not found) and open.o (0x1)
Removed property 0xc0010002 to merge kernel_main.o (not found) and open.o (0x0)
Removed property 0xc0010001 to merge kernel_main.o (not found) and read.o (0x1)
Removed property 0xc0010002 to merge kernel_main.o (not found) and read.o (0x0)
Removed property 0xc0010001 to merge kernel_main.o (not found) and write.o (0x1)
Removed property 0xc0010002 to merge kernel_main.o (not found) and write.o (0x0)
Removed property 0xc0010001 to merge kernel_main.o (not found) and close.o (0x1)
Removed property 0xc0010002 to merge kernel_main.o (not found) and close.o (0x0)
Removed property 0xc0010001 to merge kernel_main.o (not found) and wait.o (0x1)
Removed property 0xc0010002 to merge kernel_main.o (not found) and wait.o (0x0)
Removed property 0xc0010001 to merge kernel_main.o (not found) and exit.o (0x1)
Removed property 0xc0010002 to merge kernel_main.o (not found) and exit.o (0x0)
Removed property 0xc0010001 to merge kernel_main.o (not found) and fork.o (0x1)
Removed property 0xc0010002 to merge kernel_main.o (not found) and fork.o (0x0)
Removed property 0xc0010001 to merge kernel_main.o (not found) and getpid.o (0x1)
Removed property 0xc0010002 to merge kernel_main.o (not found) and getpid.o (0x0)
Removed property 0xc0010001 to merge kernel_main.o (not found) and exec.o (0x1)
Removed property 0xc0010002 to merge kernel_main.o (not found) and exec.o (0x0)
Removed property 0xc0010001 to merge kernel_main.o (not found) and mm/main.o (0x1)
Removed property 0xc0010002 to merge kernel_main.o (not found) and mm/main.o (0x0)
Removed property 0xc0010001 to merge kernel_main.o (not found) and mm/exec.o (0x1)
Removed property 0xc0010002 to merge kernel_main.o (not found) and mm/exec.o (0x0)
Removed property 0xc0010001 to merge kernel_main.o (not found) and mm/forkexit.o (0x1)
Removed property 0xc0010002 to merge kernel_main.o (not found) and mm/forkexit.o (0x0)
Removed property 0xc0010001 to merge kernel_main.o (not found) and kernel_main_old.o (0x1)
Removed property 0xc0010002 to merge kernel_main.o (not found) and kernel_main_old.o (0x1)
Removed property 0xc0010001 to merge kernel_main.o (not found) and my_process.o (0x1)
Removed property 0xc0010002 to merge kernel_main.o (not found) and my_process.o (0x1)
Removed property 0xc0010001 to merge kernel_main.o (not found) and double_link_list.o (0x1)
Removed property 0xc0010002 to merge kernel_main.o (not found) and double_link_list.o (0x0)
Removed property 0xc0010001 to merge kernel_main.o (not found) and thread.o (0x1)
Removed property 0xc0010002 to merge kernel_main.o (not found) and thread.o (0x0)
Removed property 0xc0010001 to merge kernel_main.o (not found) and task_network.o (0x1)
Removed property 0xc0010002 to merge kernel_main.o (not found) and task_network.o (0x0)

Allocating common symbols
Common symbol       size              file

current_tty         0x4               kernel_main.o
file_desc_table     0x400             fs_main.o
is_e0               0x1               kernel_main.o
phy_super_block_buf
                    0x4               fs_main.o
phy_fsbuf           0x4               fs_main.o
idt_ptr             0x6               kernel_main.o
pid                 0x4               kernel_main.o
KernelVirtualMemory
                    0xc               kernel_main.o
inode_table         0xa00             fs_main.o
current_dis_pos     0x4               kernel_main.o
dis_pos             0x4               kernel_main.o
k_reenter           0x4               kernel_main.o
super_block_buf     0x4               fs_main.o
gdt                 0x400             kernel_main.o
proc_ready_table    0x4               kernel_main.o
test_ticks          0x4               kernel_main.o
hd_info             0x224             hd.o
proc_stack          0x70000           global.o
pcaller             0x4               kernel_main.o
keyboard_buffer     0x20c             kernel_main.o
pcb_list            0x10              kernel_main.o
gdt_index           0x4               kernel_main.o
tty_table           0x828             kernel_main.o
tss                 0x6c              kernel_main.o
KernelPool          0x10              kernel_main.o
net_buf             0x4               kernel_main.o
fsbuf               0x4               fs_main.o
nic_current_page    0x1               kernel_main.o
root                0x28              fs_main.o
kernel_mem_block_decs_array
                    0xf0              mem/mem.o
counter             0x4               kernel_main.o
key_pressed         0x4               kernel_main.o
fork_pid            0x4               kernel_main.o
is_shift            0x1               kernel_main.o
net_data            0x1               kernel_main.o
gdt_ptr             0x6               kernel_main.o
idt                 0x800             kernel_main.o
main_thread         0x4               kernel_main.o
ticks               0x8               kernel_main.o
is_init             0x1               kernel_main.o
UserPool            0x10              kernel_main.o
all_pcb_list        0x10              kernel_main.o
console_table       0x10              kernel_main.o
is_disp             0x1               kernel_main.o
MAIN_THREAD_PAGE_DIRECTORY
                    0x4               kernel_main.o
helloStr            0xc               kernel_main.o
proc_table          0x189c            global.o
hd_cache            0x200             hd.o

Discarded input sections

 .note.GNU-stack
                0x00000000        0x0 kernel_main.o
 .note.gnu.property
                0x00000000       0x28 kernel_main.o
 .note.GNU-stack
                0x00000000        0x0 hd.o
 .note.gnu.property
                0x00000000       0x28 hd.o
 .note.GNU-stack
                0x00000000        0x0 fs_main.o
 .note.gnu.property
                0x00000000       0x28 fs_main.o
 .note.GNU-stack
                0x00000000        0x0 global.o
 .note.gnu.property
                0x00000000       0x28 global.o
 .note.GNU-stack
                0x00000000        0x0 process.o
 .note.gnu.property
                0x00000000       0x28 process.o
 .note.GNU-stack
                0x00000000        0x0 protect.o
 .note.gnu.property
                0x00000000       0x28 protect.o
 .note.GNU-stack
                0x00000000        0x0 console.o
 .note.gnu.property
                0x00000000       0x28 console.o
 .note.GNU-stack
                0x00000000        0x0 keyboard.o
 .note.gnu.property
                0x00000000       0x28 keyboard.o
 .note.GNU-stack
                0x00000000        0x0 open.o
 .note.gnu.property
                0x00000000       0x28 open.o
 .note.GNU-stack
                0x00000000        0x0 read.o
 .note.gnu.property
                0x00000000       0x28 read.o
 .note.GNU-stack
                0x00000000        0x0 write.o
 .note.gnu.property
                0x00000000       0x28 write.o
 .note.GNU-stack
                0x00000000        0x0 close.o
 .note.gnu.property
                0x00000000       0x28 close.o
 .note.GNU-stack
                0x00000000        0x0 wait.o
 .note.gnu.property
                0x00000000       0x28 wait.o
 .note.GNU-stack
                0x00000000        0x0 exit.o
 .note.gnu.property
                0x00000000       0x28 exit.o
 .note.GNU-stack
                0x00000000        0x0 fork.o
 .note.gnu.property
                0x00000000       0x28 fork.o
 .note.GNU-stack
                0x00000000        0x0 getpid.o
 .note.gnu.property
                0x00000000       0x28 getpid.o
 .note.GNU-stack
                0x00000000        0x0 exec.o
 .note.gnu.property
                0x00000000       0x28 exec.o
 .note.GNU-stack
                0x00000000        0x0 mm/main.o
 .note.gnu.property
                0x00000000       0x28 mm/main.o
 .note.GNU-stack
                0x00000000        0x0 mm/exec.o
 .note.gnu.property
                0x00000000       0x28 mm/exec.o
 .note.GNU-stack
                0x00000000        0x0 mm/forkexit.o
 .note.gnu.property
                0x00000000       0x28 mm/forkexit.o
 .note.GNU-stack
                0x00000000        0x0 mem/mem.o
 .note.GNU-stack
                0x00000000        0x0 kernel_main_old.o
 .note.gnu.property
                0x00000000       0x28 kernel_main_old.o
 .note.GNU-stack
                0x00000000        0x0 my_process.o
 .note.gnu.property
                0x00000000       0x28 my_process.o
 .note.GNU-stack
                0x00000000        0x0 double_link_list.o
 .note.gnu.property
                0x00000000       0x28 double_link_list.o
 .note.GNU-stack
                0x00000000        0x0 thread.o
 .note.gnu.property
                0x00000000       0x28 thread.o
 .note.GNU-stack
                0x00000000        0x0 task_network.o
 .note.gnu.property
                0x00000000       0x28 task_network.o

Memory Configuration

Name             Origin             Length             Attributes
*default*        0x00000000         0xffffffff

Linker script and memory map

Address of section .text set to 0xc0100000
LOAD kernel_sub.o
LOAD kernel.o
LOAD string.o
LOAD kernel_main.o
LOAD hd.o
LOAD syscall.o
LOAD fs_main.o
LOAD global.o
LOAD hd_rdwt.o
LOAD process.o
LOAD protect.o
LOAD console.o
LOAD keyboard.o
LOAD open.o
LOAD read.o
LOAD write.o
LOAD close.o
LOAD wait.o
LOAD exit.o
LOAD fork.o
LOAD getpid.o
LOAD exec.o
LOAD mm/main.o
LOAD mm/exec.o
LOAD mm/forkexit.o
LOAD mem/mem.o
LOAD kernel_main_old.o
LOAD my_process.o
LOAD switch_to.o
LOAD double_link_list.o
LOAD thread.o
LOAD ne2000.o
LOAD task_network.o
                [!provide]                        PROVIDE (__executable_start = SEGMENT_START ("text-segment", 0x8048000))
                0x080480d4                        . = (SEGMENT_START ("text-segment", 0x8048000) + SIZEOF_HEADERS)

.interp
 *(.interp)

.note.gnu.build-id
 *(.note.gnu.build-id)

.hash
 *(.hash)

.gnu.hash
 *(.gnu.hash)

.dynsym
 *(.dynsym)

.dynstr
 *(.dynstr)

.gnu.version
 *(.gnu.version)

.gnu.version_d
 *(.gnu.version_d)

.gnu.version_r
 *(.gnu.version_r)

.rel.dyn        0x080480d4        0x0
 *(.rel.init)
 *(.rel.text .rel.text.* .rel.gnu.linkonce.t.*)
 .rel.text      0x080480d4        0x0 kernel_sub.o
 *(.rel.fini)
 *(.rel.rodata .rel.rodata.* .rel.gnu.linkonce.r.*)
 *(.rel.data.rel.ro .rel.data.rel.ro.* .rel.gnu.linkonce.d.rel.ro.*)
 *(.rel.data .rel.data.* .rel.gnu.linkonce.d.*)
 *(.rel.tdata .rel.tdata.* .rel.gnu.linkonce.td.*)
 *(.rel.tbss .rel.tbss.* .rel.gnu.linkonce.tb.*)
 *(.rel.ctors)
 *(.rel.dtors)
 *(.rel.got)
 .rel.got       0x080480d4        0x0 kernel_sub.o
 *(.rel.bss .rel.bss.* .rel.gnu.linkonce.b.*)
 *(.rel.ifunc)

.rel.plt        0x080480d4        0x0
 *(.rel.plt)
                [!provide]                        PROVIDE (__rel_iplt_start = .)
 *(.rel.iplt)
 .rel.iplt      0x080480d4        0x0 kernel_sub.o
                [!provide]                        PROVIDE (__rel_iplt_end = .)

.relr.dyn
 *(.relr.dyn)
                0x08049000                        . = ALIGN (CONSTANT (MAXPAGESIZE))

.init
 *(SORT_NONE(.init))

.plt            0x08049000        0x0
 *(.plt)
 *(.iplt)
 .iplt          0x08049000        0x0 kernel_sub.o

.plt.got
 *(.plt.got)

.plt.sec
 *(.plt.sec)

.text           0xc0100000     0xa972
 *(.text.unlikely .text.*_unlikely .text.unlikely.*)
 *(.text.exit .text.exit.*)
 *(.text.startup .text.startup.*)
 *(.text.hot .text.hot.*)
 *(SORT_BY_NAME(.text.sorted.*))
 *(.text .stub .text.* .gnu.linkonce.t.*)
 .text          0xc0100000       0x71 kernel_sub.o
                0xc0100000                _start
 *fill*         0xc0100071        0xf 
 .text          0xc0100080      0x3d7 kernel.o
                0xc0100080                InterruptTest
                0xc010008c                disp_str_len
                0xc01000d9                disp_str
                0xc0100114                disp_str_colour
                0xc0100150                divide_zero_fault
                0xc0100156                single_step_fault
                0xc010015c                non_maskable_interrupt
                0xc0100162                breakpoint_trap
                0xc0100168                overflow_trap
                0xc010016e                bound_range_exceeded_fault
                0xc0100174                invalid_opcode_fault
                0xc010017a                coprocessor_not_available_fault
                0xc0100180                double_fault_exception_abort
                0xc0100184                coprocessor_segment_overrun
                0xc010018a                invalid_task_state_segment_fault
                0xc010018e                segment_not_present_fault
                0xc0100192                stack_exception_fault
                0xc0100196                general_protection_exception_fault
                0xc01001a1                page_fault
                0xc01001a5                coprocessor_error_fault
                0xc01001ab                align_check_fault
                0xc01001af                simd_float_exception_fault
                0xc01001be                hwint0
                0xc01001ee                hwint1
                0xc0100231                hwint14
                0xc0100277                hwint10
                0xc01002ba                sys_call
                0xc0100300                fork_restart
                0xc010030f                restart
                0xc0100332                in_byte
                0xc010033e                out_byte
                0xc0100360                disable_int
                0xc0100362                enable_int
                0xc01003f8                enable_8259A_casecade_irq
                0xc0100402                disable_8259A_casecade_irq
                0xc010040c                enable_8259A_slave_winchester_irq
                0xc0100416                disable_8259A_slave_winchester_irq
                0xc0100420                update_cr3
                0xc010042d                update_tss
                0xc010043c                get_running_thread_pcb
                0xc0100444                sys_call_test
                0xc0100447                enable_8259A_slave_net_irq
 .text          0xc0100457      0x3ea kernel_main.o
                0xc0100457                kernel_main
                0xc01005fd                init
                0xc0100698                kernel_thread_a
                0xc01006e5                kernel_thread_b
                0xc0100732                kernel_thread_c
                0xc0100748                kernel_thread_d
                0xc010075e                user_proc_a
                0xc0100829                user_proc_b
 .text          0xc0100841      0xe63 hd.o
                0xc0100841                TaskHD
                0xc0100886                init_hd
                0xc01008a0                hd_handle
                0xc01009a5                hd_cmd_out
                0xc0100aa7                hd_identify
                0xc0100b5e                print_hdinfo
                0xc0100cec                print_dpt_entry
                0xc0100d58                get_partition_table
                0xc0100e37                partition
                0xc0101051                hd_open
                0xc01010f8                get_hd_ioctl
                0xc01011a9                wait_for
                0xc01011da                interrupt_wait
                0xc010122a                hd_rdwt
                0xc01014c9                hd_handler
                0xc01014f5                debug_ticks
                0xc0101533                net_handler
                0xc010153b                waitfor
                0xc010157f                print_hd_info
                0xc010166c                is_empty
 *fill*         0xc01016a4        0xc 
 .text          0xc01016b0       0x69 syscall.o
                0xc01016b0                write_debug
                0xc01016c0                send_msg
                0xc01016d6                receive_msg
                0xc01016ec                sys_malloc
                0xc0101701                sys_free
 .text          0xc0101719     0x204f fs_main.o
                0xc0101719                task_fs
                0xc0101924                rd_wt
                0xc01019fd                mkfs
                0xc0101fdf                init_fs
                0xc0102033                do_open
                0xc0102222                search_file
                0xc0102354                strip_path
                0xc0102420                get_inode
                0xc01025e2                create_file
                0xc01026ed                alloc_imap_bit
                0xc01027ea                alloc_smap_bit
                0xc010298b                new_inode
                0xc0102aa9                new_dir_entry
                0xc0102cb5                do_unlink
                0xc0103191                do_rdwt
                0xc010351c                sync_inode
                0xc0103670                put_inode
                0xc01036ae                do_close
                0xc0103700                get_super_block
 .text          0xc0103768        0x0 global.o
 .text          0xc0103768      0x21b process.o
                0xc0103768                schedule_process
                0xc0103875                clock_handler
                0xc01038e6                pid2proc
                0xc010396c                proc2pid
 .text          0xc0103983      0x3b3 protect.o
                0xc0103983                InitDescriptor
                0xc01039f0                Seg2PhyAddr
                0xc0103a31                Seg2PhyAddrLDT
                0xc0103a75                VirAddr2PhyAddr
                0xc0103a8b                v2l
                0xc0103ace                init_propt
                0xc0103c4f                InitInterruptDesc
                0xc0103cab                ReloadGDT
 .text          0xc0103d36      0xaca console.o
                0xc0103d36                select_console
                0xc0103d72                flush
                0xc0103dab                set_cursor
                0xc0103e09                set_console_start_video_addr
                0xc0103e67                put_key
                0xc0103ed3                scroll_up
                0xc0103f15                scroll_down
                0xc0103f80                out_char
                0xc010413d                tty_dev_read
                0xc0104167                tty_dev_write
                0xc0104394                tty_do_read
                0xc010445c                tty_do_write
                0xc01045bf                init_screen
                0xc0104648                init_tty
                0xc01046fd                TaskTTY
 .text          0xc0104800      0x40f keyboard.o
                0xc0104800                keyboard_handler
                0xc0104884                read_from_keyboard_buf
                0xc01048ea                keyboard_read
                0xc0104a69                init_keyboard_handler
                0xc0104a7d                in_process
 .text          0xc0104c0f       0x95 open.o
                0xc0104c0f                open
 .text          0xc0104ca4      0x181 read.o
                0xc0104ca4                read
 .text          0xc0104e25       0x85 write.o
                0xc0104e25                write
 .text          0xc0104eaa       0x52 close.o
                0xc0104eaa                close
 .text          0xc0104efc       0x44 wait.o
                0xc0104efc                wait
 .text          0xc0104f40       0x2f exit.o
                0xc0104f40                exit
 .text          0xc0104f6f       0x48 fork.o
                0xc0104f6f                fork
 .text          0xc0104fb7       0x2b getpid.o
                0xc0104fb7                getpid
 .text          0xc0104fe2      0x285 exec.o
                0xc0104fe2                exec
                0xc0105053                execv
                0xc0105242                execl
 .text          0xc0105267      0x148 mm/main.o
                0xc0105267                TaskMM
                0xc0105390                alloc_mem
 .text          0xc01053af      0x419 mm/exec.o
                0xc01053af                do_exec
 .text          0xc01057c8      0x271 mm/forkexit.o
                0xc01057c8                do_fork
                0xc0105836                do_exit
                0xc01058c0                do_wait
                0xc01059df                cleanup
 .text          0xc0105a39     0x1275 mem/mem.o
                0xc0105a39                init_bitmap
                0xc0105a5c                test_bit_val
                0xc0105ac5                set_bit_val
                0xc0105b40                set_bits
                0xc0105b7a                get_first_free_bit
                0xc0105bbe                get_bits
                0xc0105c86                get_a_page
                0xc0105d3a                get_virtual_address_start_with_addr
                0xc0105dd4                get_virtual_address
                0xc0105e64                ptr_pde
                0xc0105e77                ptr_pte
                0xc0105e9e                add_map_entry
                0xc0105f2f                alloc_virtual_memory
                0xc0106002                get_physical_address_proc
                0xc010607e                get_physical_address
                0xc01060b0                alloc_physical_memory_of_proc
                0xc010619f                alloc_physical_memory
                0xc0106267                alloc_memory
                0xc01062c9                get_a_virtual_page
                0xc0106301                block2arena
                0xc0106317                sys_malloc2
                0xc01065cd                remove_map_entry
                0xc01065ee                free_a_page
                0xc0106695                sys_free2
                0xc010681d                init_memory_block_desc
                0xc01068ee                init_memory2
                0xc0106b65                init_memory
 .text          0xc0106cae     0x2d4d kernel_main_old.o
                0xc0106cae                stop_here
                0xc0106cf2                catch_error
                0xc0106d0f                intr_enable
                0xc0106d38                intr_disable
                0xc0106d61                intr_set_status
                0xc0106d7f                intr_get_status
                0xc0106d9c                Memcpy
                0xc0106dcf                untar
                0xc01070e4                atoi
                0xc010718a                disp_int
                0xc01071b3                do_page_fault
                0xc01072f0                exception_handler
                0xc01074d7                init_internal_interrupt
                0xc010764c                spurious_irq
                0xc01076da                init_keyboard
                0xc010771d                TestTTY
                0xc01077bc                TestReadReturnValue
                0xc0107839                TestWriteReturnValue
                0xc010790d                TestFS2
                0xc010791b                TestFS
                0xc0107dbd                wait_exit
                0xc0107ebb                INIT_fork
                0xc01081b3                simple_shell
                0xc010833a                test_shell
                0xc01083a2                test_exec
                0xc01084e2                INIT
                0xc01084ef                TestA
                0xc0108524                delay
                0xc0108568                TestB
                0xc0108580                TestC
                0xc01085b3                sys_get_ticks
                0xc01085c3                sys_write
                0xc0108617                milli_delay
                0xc0108653                TaskSys
                0xc0108658                Printf
                0xc01086b6                vsprintf
                0xc0108862                printx
                0xc01088a5                sys_printx
                0xc0108971                spin
                0xc0108997                panic
                0xc01089b5                assertion_failure
                0xc0108a27                assertion_failure2
                0xc0108a9c                dead_lock
                0xc0108aa6                sys_send_msg
                0xc0108fc5                sys_receive_msg
                0xc0109625                send_rec
                0xc0109720                block
                0xc010975c                unblock
                0xc01097ac                get_ticks_ipc
                0xc0109803                itoa
                0xc0109859                i2a
                0xc01098bf                inform_int
                0xc010998c                strcmp
 .text          0xc01099fb      0x730 my_process.o
                0xc01099fb                create_user_process_address_space
                0xc0109a8b                user_process
                0xc0109bb8                clone_pcb
                0xc0109d2a                build_body_stack
                0xc0109e5d                build_process_kernel_stack
                0xc0109f20                fork_process
                0xc0109fb1                process_execute
 *fill*         0xc010a12b        0x5 
 .text          0xc010a130       0x15 switch_to.o
                0xc010a130                switch_to
 .text          0xc010a145      0x329 double_link_list.o
                0xc010a145                initDoubleLinkList
                0xc010a173                isListEmpty
                0xc010a194                findElementInList
                0xc010a270                appendToDoubleLinkList
                0xc010a357                insertToDoubleLinkList
                0xc010a3da                popFromDoubleLinkList
 .text          0xc010a46e      0x1b2 thread.o
                0xc010a46e                kernel_thread
                0xc010a486                thread_init
                0xc010a533                thread_create
                0xc010a568                thread_start
 .text          0xc010a620      0x260 ne2000.o
                0xc010a643                DriverInitialize
                0xc010a6cd                SetPageStart
                0xc010a6f5                DriverSend
                0xc010a76a                PCtoNIC
                0xc010a7d8                get_interrupt_status
                0xc010a7ee                set_interrupt_status
                0xc010a807                get_curr_page
                0xc010a824                NICtoPC
 .text          0xc010a880       0xf2 task_network.o
                0xc010a880                task_network
                0xc010a8f0                network_handle
 *(.gnu.warning)

.fini
 *(SORT_NONE(.fini))
                [!provide]                        PROVIDE (__etext = .)
                [!provide]                        PROVIDE (_etext = .)
                [!provide]                        PROVIDE (etext = .)
                0xc010b000                        . = ALIGN (CONSTANT (MAXPAGESIZE))
                0xc010b000                        . = SEGMENT_START ("rodata-segment", (ALIGN (CONSTANT (MAXPAGESIZE)) + (. & (CONSTANT (MAXPAGESIZE) - 0x1))))

.rodata         0xc010b000     0x1238
 *(.rodata .rodata.* .gnu.linkonce.r.*)
 .rodata        0xc010b000      0x14c kernel_main.o
 .rodata        0xc010b14c      0x19c hd.o
 .rodata        0xc010b2e8      0x1eb fs_main.o
                0xc010b2e8                FSBUF_SIZE
 .rodata        0xc010b4d3       0x26 process.o
 .rodata        0xc010b4f9       0x22 console.o
 .rodata        0xc010b51b       0x24 close.o
 .rodata        0xc010b53f       0x2d exec.o
 .rodata        0xc010b56c       0x11 mm/main.o
 .rodata        0xc010b57d       0x10 mm/exec.o
 .rodata        0xc010b58d       0x21 mm/forkexit.o
 .rodata        0xc010b5ae       0x41 mem/mem.o
 *fill*         0xc010b5ef       0x11 
 .rodata        0xc010b600      0xb75 kernel_main_old.o
 .rodata        0xc010c175       0x2c double_link_list.o
 *fill*         0xc010c1a1        0x3 
 .rodata        0xc010c1a4       0x94 task_network.o

.txt            0xc010c238       0xaa
 .txt           0xc010c238       0x82 string.o
                0xc010c238                Memcpy2
                0xc010c266                Memset
                0xc010c285                Strcpy
                0xc010c29f                Strlen
 .txt           0xc010c2ba       0x28 hd_rdwt.o
                0xc010c2ba                read_port
                0xc010c2ce                write_port

.rodata1
 *(.rodata1)

.eh_frame_hdr
 *(.eh_frame_hdr)
 *(.eh_frame_entry .eh_frame_entry.*)

.eh_frame       0xc010c2e4     0x18a4
 *(.eh_frame)
 .eh_frame      0xc010c2e4       0xfc kernel_main.o
 .eh_frame      0xc010c3e0      0x284 hd.o
                                0x29c (size before relaxing)
 .eh_frame      0xc010c664      0x27c fs_main.o
                                0x294 (size before relaxing)
 .eh_frame      0xc010c8e0       0x80 process.o
                                 0x98 (size before relaxing)
 .eh_frame      0xc010c960      0x100 protect.o
                                0x118 (size before relaxing)
 .eh_frame      0xc010ca60      0x1e0 console.o
                                0x1f8 (size before relaxing)
 .eh_frame      0xc010cc40       0xa0 keyboard.o
                                 0xb8 (size before relaxing)
 .eh_frame      0xc010cce0       0x20 open.o
                                 0x38 (size before relaxing)
 .eh_frame      0xc010cd00       0x20 read.o
                                 0x38 (size before relaxing)
 .eh_frame      0xc010cd20       0x20 write.o
                                 0x38 (size before relaxing)
 .eh_frame      0xc010cd40       0x20 close.o
                                 0x38 (size before relaxing)
 .eh_frame      0xc010cd60       0x20 wait.o
                                 0x38 (size before relaxing)
 .eh_frame      0xc010cd80       0x20 exit.o
                                 0x38 (size before relaxing)
 .eh_frame      0xc010cda0       0x20 fork.o
                                 0x38 (size before relaxing)
 .eh_frame      0xc010cdc0       0x20 getpid.o
                                 0x38 (size before relaxing)
 .eh_frame      0xc010cde0       0x60 exec.o
                                 0x78 (size before relaxing)
 .eh_frame      0xc010ce40       0x3c mm/main.o
                                 0x54 (size before relaxing)
 .eh_frame      0xc010ce7c       0x20 mm/exec.o
                                 0x38 (size before relaxing)
 .eh_frame      0xc010ce9c       0x80 mm/forkexit.o
                                 0x98 (size before relaxing)
 .eh_frame      0xc010cf1c      0x364 mem/mem.o
                                0x37c (size before relaxing)
 .eh_frame      0xc010d280      0x6ac kernel_main_old.o
                                0x6c4 (size before relaxing)
 .eh_frame      0xc010d92c       0xe0 my_process.o
                                 0xf8 (size before relaxing)
 .eh_frame      0xc010da0c       0xc0 double_link_list.o
                                 0xd8 (size before relaxing)
 .eh_frame      0xc010dacc       0x80 thread.o
                                 0x98 (size before relaxing)
 .eh_frame      0xc010db4c       0x3c task_network.o
                                 0x54 (size before relaxing)
 *(.eh_frame.*)

.sframe
 *(.sframe)
 *(.sframe.*)

.gcc_except_table
 *(.gcc_except_table .gcc_except_table.*)

.gnu_extab
 *(.gnu_extab*)

.exception_ranges
 *(.exception_ranges*)
                0xc010e000                        . = DATA_SEGMENT_ALIGN (CONSTANT (MAXPAGESIZE), CONSTANT (COMMONPAGESIZE))

.eh_frame
 *(.eh_frame)
 *(.eh_frame.*)

.sframe
 *(.sframe)
 *(.sframe.*)

.gnu_extab
 *(.gnu_extab)

.gcc_except_table
 *(.gcc_except_table .gcc_except_table.*)

.exception_ranges
 *(.exception_ranges*)

.tdata          0xc010e000        0x0
                [!provide]                        PROVIDE (__tdata_start = .)
 *(.tdata .tdata.* .gnu.linkonce.td.*)

.tbss
 *(.tbss .tbss.* .gnu.linkonce.tb.*)
 *(.tcommon)

.preinit_array  0xc010e000        0x0
                [!provide]                        PROVIDE (__preinit_array_start = .)
 *(.preinit_array)
                [!provide]                        PROVIDE (__preinit_array_end = .)

.init_array     0xc010e000        0x0
                [!provide]                        PROVIDE (__init_array_start = .)
 *(SORT_BY_INIT_PRIORITY(.init_array.*) SORT_BY_INIT_PRIORITY(.ctors.*))
 *(.init_array EXCLUDE_FILE(*crtend?.o *crtend.o *crtbegin?.o *crtbegin.o) .ctors)
                [!provide]                        PROVIDE (__init_array_end = .)

.fini_array     0xc010e000        0x0
                [!provide]                        PROVIDE (__fini_array_start = .)
 *(SORT_BY_INIT_PRIORITY(.fini_array.*) SORT_BY_INIT_PRIORITY(.dtors.*))
 *(.fini_array EXCLUDE_FILE(*crtend?.o *crtend.o *crtbegin?.o *crtbegin.o) .dtors)
                [!provide]                        PROVIDE (__fini_array_end = .)

.ctors
 *crtbegin.o(.ctors)
 *crtbegin?.o(.ctors)
 *(EXCLUDE_FILE(*crtend?.o *crtend.o) .ctors)
 *(SORT_BY_NAME(.ctors.*))
 *(.ctors)

.dtors
 *crtbegin.o(.dtors)
 *crtbegin?.o(.dtors)
 *(EXCLUDE_FILE(*crtend?.o *crtend.o) .dtors)
 *(SORT_BY_NAME(.dtors.*))
 *(.dtors)

.jcr
 *(.jcr)

.data.rel.ro
 *(.data.rel.ro.local* .gnu.linkonce.d.rel.ro.local.*)
 *(.data.rel.ro .data.rel.ro.* .gnu.linkonce.d.rel.ro.*)

.dynamic
 *(.dynamic)

.got            0xc010e000        0x0
 *(.got)
 .got           0xc010e000        0x0 kernel_sub.o
 *(.igot)
                0xc010e000                        . = DATA_SEGMENT_RELRO_END (., (SIZEOF (.got.plt) >= 0xc)?0xc:0x0)

.got.plt        0xc010e000        0x0
 *(.got.plt)
 .got.plt       0xc010e000        0x0 kernel_sub.o
 *(.igot.plt)
 .igot.plt      0xc010e000        0x0 kernel_sub.o

.data           0xc010e000      0x780
 *(.data .data.* .gnu.linkonce.d.*)
 .data          0xc010e000        0xf kernel_sub.o
 *fill*         0xc010e00f        0x1 
 .data          0xc010e010        0xf kernel.o
 .data          0xc010e01f        0x0 kernel_main.o
 .data          0xc010e01f        0x0 hd.o
 *fill*         0xc010e01f        0x1 
 .data          0xc010e020        0x0 syscall.o
 .data          0xc010e020        0x0 fs_main.o
 .data          0xc010e020      0x144 global.o
                0xc010e020                user_task_table
                0xc010e0a0                sys_task_table
                0xc010e148                sys_call_table
 .data          0xc010e164        0x0 process.o
 .data          0xc010e164        0x0 protect.o
 .data          0xc010e164        0x0 console.o
 *fill*         0xc010e164       0x1c 
 .data          0xc010e180      0x600 keyboard.o
                0xc010e180                keymap
 .data          0xc010e780        0x0 open.o
 .data          0xc010e780        0x0 read.o
 .data          0xc010e780        0x0 write.o
 .data          0xc010e780        0x0 close.o
 .data          0xc010e780        0x0 wait.o
 .data          0xc010e780        0x0 exit.o
 .data          0xc010e780        0x0 fork.o
 .data          0xc010e780        0x0 getpid.o
 .data          0xc010e780        0x0 exec.o
 .data          0xc010e780        0x0 mm/main.o
 .data          0xc010e780        0x0 mm/exec.o
 .data          0xc010e780        0x0 mm/forkexit.o
 .data          0xc010e780        0x0 mem/mem.o
 .data          0xc010e780        0x0 kernel_main_old.o
 .data          0xc010e780        0x0 my_process.o
 .data          0xc010e780        0x0 double_link_list.o
 .data          0xc010e780        0x0 thread.o
 .data          0xc010e780        0x0 task_network.o

.data1
 *(.data1)
                0xc010e780                        _edata = .
                [!provide]                        PROVIDE (edata = .)
                0xc010e780                        . = .
                0xc010e780                        __bss_start = .

.bss            0xc010e780    0x75430
 *(.dynbss)
 *(.bss .bss.* .gnu.linkonce.b.*)
 .bss           0xc010e780      0x800 kernel_sub.o
 .bss           0xc010ef80      0x800 kernel.o
 .bss           0xc010f780        0x0 kernel_main.o
 .bss           0xc010f780        0x0 hd.o
 .bss           0xc010f780        0x4 fs_main.o
                0xc010f780                c
 .bss           0xc010f784        0x0 global.o
 .bss           0xc010f784        0x0 process.o
 .bss           0xc010f784        0x0 protect.o
 .bss           0xc010f784        0x0 console.o
 .bss           0xc010f784        0x0 keyboard.o
 .bss           0xc010f784        0x0 open.o
 .bss           0xc010f784        0x0 read.o
 .bss           0xc010f784        0x0 write.o
 .bss           0xc010f784        0x0 close.o
 .bss           0xc010f784        0x0 wait.o
 .bss           0xc010f784        0x0 exit.o
 .bss           0xc010f784        0x0 fork.o
 .bss           0xc010f784        0x0 getpid.o
 .bss           0xc010f784        0x0 exec.o
 .bss           0xc010f784        0x0 mm/main.o
 .bss           0xc010f784        0x0 mm/exec.o
 .bss           0xc010f784        0x0 mm/forkexit.o
 .bss           0xc010f784        0x0 mem/mem.o
 .bss           0xc010f784        0x0 kernel_main_old.o
 .bss           0xc010f784        0x0 my_process.o
 .bss           0xc010f784        0x0 double_link_list.o
 .bss           0xc010f784        0x0 thread.o
 .bss           0xc010f784        0x0 task_network.o
 *(COMMON)
 *fill*         0xc010f784       0x1c 
 COMMON         0xc010f7a0     0x17b8 kernel_main.o
                0xc010f7a0                current_tty
                0xc010f7a4                is_e0
                0xc010f7a8                idt_ptr
                0xc010f7b0                pid
                0xc010f7b4                KernelVirtualMemory
                0xc010f7c0                current_dis_pos
                0xc010f7c4                dis_pos
                0xc010f7c8                k_reenter
                0xc010f7e0                gdt
                0xc010fbe0                proc_ready_table
                0xc010fbe4                test_ticks
                0xc010fbe8                pcaller
                0xc010fc00                keyboard_buffer
                0xc010fe0c                pcb_list
                0xc010fe1c                gdt_index
                0xc010fe20                tty_table
                0xc0110660                tss
                0xc01106cc                KernelPool
                0xc01106dc                net_buf
                0xc01106e0                nic_current_page
                0xc01106e4                counter
                0xc01106e8                key_pressed
                0xc01106ec                fork_pid
                0xc01106f0                is_shift
                0xc01106f1                net_data
                0xc01106f4                gdt_ptr
                0xc0110700                idt
                0xc0110f00                main_thread
                0xc0110f08                ticks
                0xc0110f10                is_init
                0xc0110f14                UserPool
                0xc0110f24                all_pcb_list
                0xc0110f34                console_table
                0xc0110f44                is_disp
                0xc0110f48                MAIN_THREAD_PAGE_DIRECTORY
                0xc0110f4c                helloStr
 *fill*         0xc0110f58        0x8 
 COMMON         0xc0110f60      0x440 hd.o
                0xc0110f60                hd_info
                0xc01111a0                hd_cache
 COMMON         0xc01113a0      0xe68 fs_main.o
                0xc01113a0                file_desc_table
                0xc01117a0                phy_super_block_buf
                0xc01117a4                phy_fsbuf
                0xc01117c0                inode_table
                0xc01121c0                super_block_buf
                0xc01121c4                fsbuf
                0xc01121e0                root
 *fill*         0xc0112208       0x18 
 COMMON         0xc0112220    0x7189c global.o
                0xc0112220                proc_stack
                0xc0182220                proc_table
 *fill*         0xc0183abc        0x4 
 COMMON         0xc0183ac0       0xf0 mem/mem.o
                0xc0183ac0                kernel_mem_block_decs_array
                0xc0183bb0                        . = ALIGN ((. != 0x0)?0x4:0x1)
                0xc0183bb0                        . = ALIGN (0x4)
                0xc0183bb0                        . = SEGMENT_START ("ldata-segment", .)
                0xc0183bb0                        . = ALIGN (0x4)
                0xc0183bb0                        _end = .
                [!provide]                        PROVIDE (end = .)
                0xc0183bb0                        . = DATA_SEGMENT_END (.)

.stab
 *(.stab)

.stabstr
 *(.stabstr)

.stab.excl
 *(.stab.excl)

.stab.exclstr
 *(.stab.exclstr)

.stab.index
 *(.stab.index)

.stab.indexstr
 *(.stab.indexstr)

.comment        0x00000000       0x2c
 *(.comment)
 .comment       0x00000000       0x2c kernel_main.o
                                 0x2d (size before relaxing)
 .comment       0x0000002c       0x2d hd.o
 .comment       0x0000002c       0x2d fs_main.o
 .comment       0x0000002c       0x2d global.o
 .comment       0x0000002c       0x2d process.o
 .comment       0x0000002c       0x2d protect.o
 .comment       0x0000002c       0x2d console.o
 .comment       0x0000002c       0x2d keyboard.o
 .comment       0x0000002c       0x2d open.o
 .comment       0x0000002c       0x2d read.o
 .comment       0x0000002c       0x2d write.o
 .comment       0x0000002c       0x2d close.o
 .comment       0x0000002c       0x2d wait.o
 .comment       0x0000002c       0x2d exit.o
 .comment       0x0000002c       0x2d fork.o
 .comment       0x0000002c       0x2d getpid.o
 .comment       0x0000002c       0x2d exec.o
 .comment       0x0000002c       0x2d mm/main.o
 .comment       0x0000002c       0x2d mm/exec.o
 .comment       0x0000002c       0x2d mm/forkexit.o
 .comment       0x0000002c       0x2d mem/mem.o
 .comment       0x0000002c       0x2d kernel_main_old.o
 .comment       0x0000002c       0x2d my_process.o
 .comment       0x0000002c       0x2d double_link_list.o
 .comment       0x0000002c       0x2d thread.o
 .comment       0x0000002c       0x2d task_network.o

.gnu.build.attributes
 *(.gnu.build.attributes .gnu.build.attributes.*)

.debug
 *(.debug)

.line
 *(.line)

.debug_srcinfo
 *(.debug_srcinfo)

.debug_sfnames
 *(.debug_sfnames)

.debug_aranges  0x00000000      0x338
 *(.debug_aranges)
 .debug_aranges
                0x00000000       0x20 kernel_main.o
 .debug_aranges
                0x00000020       0x20 hd.o
 .debug_aranges
                0x00000040       0x20 fs_main.o
 .debug_aranges
                0x00000060       0x18 global.o
 .debug_aranges
                0x00000078       0x20 process.o
 .debug_aranges
                0x00000098       0x20 protect.o
 .debug_aranges
                0x000000b8       0x20 console.o
 .debug_aranges
                0x000000d8       0x20 keyboard.o
 .debug_aranges
                0x000000f8       0x20 open.o
 .debug_aranges
                0x00000118       0x20 read.o
 .debug_aranges
                0x00000138       0x20 write.o
 .debug_aranges
                0x00000158       0x20 close.o
 .debug_aranges
                0x00000178       0x20 wait.o
 .debug_aranges
                0x00000198       0x20 exit.o
 .debug_aranges
                0x000001b8       0x20 fork.o
 .debug_aranges
                0x000001d8       0x20 getpid.o
 .debug_aranges
                0x000001f8       0x20 exec.o
 .debug_aranges
                0x00000218       0x20 mm/main.o
 .debug_aranges
                0x00000238       0x20 mm/exec.o
 .debug_aranges
                0x00000258       0x20 mm/forkexit.o
 .debug_aranges
                0x00000278       0x20 mem/mem.o
 .debug_aranges
                0x00000298       0x20 kernel_main_old.o
 .debug_aranges
                0x000002b8       0x20 my_process.o
 .debug_aranges
                0x000002d8       0x20 double_link_list.o
 .debug_aranges
                0x000002f8       0x20 thread.o
 .debug_aranges
                0x00000318       0x20 task_network.o

.debug_pubnames
 *(.debug_pubnames)

.debug_info     0x00000000    0x1d1d5
 *(.debug_info .gnu.linkonce.wi.*)
 .debug_info    0x00000000      0xfd6 kernel_main.o
 .debug_info    0x00000fd6     0x19f3 hd.o
 .debug_info    0x000029c9     0x1f3b fs_main.o
 .debug_info    0x00004904      0xe8a global.o
 .debug_info    0x0000578e      0xf73 process.o
 .debug_info    0x00006701     0x11b5 protect.o
 .debug_info    0x000078b6     0x128a console.o
 .debug_info    0x00008b40      0xfde keyboard.o
 .debug_info    0x00009b1e      0xe02 open.o
 .debug_info    0x0000a920      0xea1 read.o
 .debug_info    0x0000b7c1      0xe2f write.o
 .debug_info    0x0000c5f0      0xdb6 close.o
 .debug_info    0x0000d3a6      0xdc1 wait.o
 .debug_info    0x0000e167      0xdb3 exit.o
 .debug_info    0x0000ef1a      0xda8 fork.o
 .debug_info    0x0000fcc2      0xda8 getpid.o
 .debug_info    0x00010a6a      0xf40 exec.o
 .debug_info    0x000119aa      0xdcc mm/main.o
 .debug_info    0x00012776     0x11ca mm/exec.o
 .debug_info    0x00013940      0xfbc mm/forkexit.o
 .debug_info    0x000148fc     0x1cfa mem/mem.o
 .debug_info    0x000165f6     0x27c5 kernel_main_old.o
 .debug_info    0x00018dbb     0x149d my_process.o
 .debug_info    0x0001a258     0x1044 double_link_list.o
 .debug_info    0x0001b29c     0x1069 thread.o
 .debug_info    0x0001c305      0xed0 task_network.o

.debug_abbrev   0x00000000     0x3708
 *(.debug_abbrev)
 .debug_abbrev  0x00000000      0x21d kernel_main.o
 .debug_abbrev  0x0000021d      0x33e hd.o
 .debug_abbrev  0x0000055b      0x2ef fs_main.o
 .debug_abbrev  0x0000084a      0x157 global.o
 .debug_abbrev  0x000009a1      0x1e0 process.o
 .debug_abbrev  0x00000b81      0x227 protect.o
 .debug_abbrev  0x00000da8      0x2ac console.o
 .debug_abbrev  0x00001054      0x1fb keyboard.o
 .debug_abbrev  0x0000124f      0x1c5 open.o
 .debug_abbrev  0x00001414      0x1ef read.o
 .debug_abbrev  0x00001603      0x1db write.o
 .debug_abbrev  0x000017de      0x19d close.o
 .debug_abbrev  0x0000197b      0x19f wait.o
 .debug_abbrev  0x00001b1a      0x19b exit.o
 .debug_abbrev  0x00001cb5      0x18a fork.o
 .debug_abbrev  0x00001e3f      0x18a getpid.o
 .debug_abbrev  0x00001fc9      0x1e8 exec.o
 .debug_abbrev  0x000021b1      0x208 mm/main.o
 .debug_abbrev  0x000023b9      0x1c4 mm/exec.o
 .debug_abbrev  0x0000257d      0x204 mm/forkexit.o
 .debug_abbrev  0x00002781      0x2ea mem/mem.o
 .debug_abbrev  0x00002a6b      0x452 kernel_main_old.o
 .debug_abbrev  0x00002ebd      0x260 my_process.o
 .debug_abbrev  0x0000311d      0x216 double_link_list.o
 .debug_abbrev  0x00003333      0x222 thread.o
 .debug_abbrev  0x00003555      0x1b3 task_network.o

.debug_line     0x00000000     0x4a0f
 *(.debug_line .debug_line.* .debug_line_end)
 .debug_line    0x00000000      0x1ea kernel_main.o
 .debug_line    0x000001ea      0x639 hd.o
 .debug_line    0x00000823      0xc1a fs_main.o
 .debug_line    0x0000143d       0x95 global.o
 .debug_line    0x000014d2      0x180 process.o
 .debug_line    0x00001652      0x1ff protect.o
 .debug_line    0x00001851      0x54e console.o
 .debug_line    0x00001d9f      0x296 keyboard.o
 .debug_line    0x00002035       0xbd open.o
 .debug_line    0x000020f2      0x155 read.o
 .debug_line    0x00002247       0xbc write.o
 .debug_line    0x00002303       0xad close.o
 .debug_line    0x000023b0       0xb7 wait.o
 .debug_line    0x00002467       0xa0 exit.o
 .debug_line    0x00002507       0xa5 fork.o
 .debug_line    0x000025ac       0xa0 getpid.o
 .debug_line    0x0000264c      0x18b exec.o
 .debug_line    0x000027d7       0xec mm/main.o
 .debug_line    0x000028c3      0x20c mm/exec.o
 .debug_line    0x00002acf      0x17a mm/forkexit.o
 .debug_line    0x00002c49      0x7e6 mem/mem.o
 .debug_line    0x0000342f      0xdff kernel_main_old.o
 .debug_line    0x0000422e      0x33b my_process.o
 .debug_line    0x00004569      0x253 double_link_list.o
 .debug_line    0x000047bc      0x145 thread.o
 .debug_line    0x00004901      0x10e task_network.o

.debug_frame
 *(.debug_frame)

.debug_str      0x00000000     0x1f6b
 *(.debug_str)
 .debug_str     0x00000000     0x1f6b kernel_main.o
                                0x68b (size before relaxing)
 .debug_str     0x00001f6b      0x9c5 hd.o
 .debug_str     0x00001f6b      0xafa fs_main.o
 .debug_str     0x00001f6b      0x610 global.o
 .debug_str     0x00001f6b      0x64a process.o
 .debug_str     0x00001f6b      0x76b protect.o
 .debug_str     0x00001f6b      0x75f console.o
 .debug_str     0x00001f6b      0x69c keyboard.o
 .debug_str     0x00001f6b      0x5d8 open.o
 .debug_str     0x00001f6b      0x611 read.o
 .debug_str     0x00001f6b      0x5d5 write.o
 .debug_str     0x00001f6b      0x5a0 close.o
 .debug_str     0x00001f6b      0x5a5 wait.o
 .debug_str     0x00001f6b      0x5a5 exit.o
 .debug_str     0x00001f6b      0x59e fork.o
 .debug_str     0x00001f6b      0x5a2 getpid.o
 .debug_str     0x00001f6b      0x62c exec.o
 .debug_str     0x00001f6b      0x598 mm/main.o
 .debug_str     0x00001f6b      0x86d mm/exec.o
 .debug_str     0x00001f6b      0x617 mm/forkexit.o
 .debug_str     0x00001f6b      0xa6d mem/mem.o
 .debug_str     0x00001f6b      0xb62 kernel_main_old.o
 .debug_str     0x00001f6b      0x8fe my_process.o
 .debug_str     0x00001f6b      0x6d1 double_link_list.o
 .debug_str     0x00001f6b      0x717 thread.o
 .debug_str     0x00001f6b      0x640 task_network.o

.debug_loc
 *(.debug_loc)

.debug_macinfo
 *(.debug_macinfo)

.debug_weaknames
 *(.debug_weaknames)

.debug_funcnames
 *(.debug_funcnames)

.debug_typenames
 *(.debug_typenames)

.debug_varnames
 *(.debug_varnames)

.debug_pubtypes
 *(.debug_pubtypes)

.debug_ranges   0x00000000       0x90
 *(.debug_ranges)
 .debug_ranges  0x00000000       0x48 hd.o
 .debug_ranges  0x00000048       0x18 mm/exec.o
 .debug_ranges  0x00000060       0x30 kernel_main_old.o

.debug_addr
 *(.debug_addr)

.debug_line_str
 *(.debug_line_str)

.debug_loclists
 *(.debug_loclists)

.debug_macro
 *(.debug_macro)

.debug_names
 *(.debug_names)

.debug_rnglists
 *(.debug_rnglists)

.debug_str_offsets
 *(.debug_str_offsets)

.debug_sup
 *(.debug_sup)

.gnu.attributes
 *(.gnu.attributes)

/DISCARD/
 *(.note.GNU-stack)
 *(.gnu_debuglink)
 *(.gnu.lto_*)
OUTPUT(kernel.bin elf32-i386)
