
Merging program properties

Removed property 0xc0010001 to merge double_link_list.o (0x1) and kernel/kernel_sub.o (not found)
Removed property 0xc0010002 to merge double_link_list.o (0x0) and kernel/kernel_sub.o (not found)
Removed property 0xc0010001 to merge double_link_list.o (not found) and global.o (0x1)
Removed property 0xc0010002 to merge double_link_list.o (not found) and global.o (0x0)
Removed property 0xc0010001 to merge double_link_list.o (not found) and kernel_main.o (0x1)
Removed property 0xc0010002 to merge double_link_list.o (not found) and kernel_main.o (0x0)
Removed property 0xc0010001 to merge double_link_list.o (not found) and protect.o (0x1)
Removed property 0xc0010002 to merge double_link_list.o (not found) and protect.o (0x0)
Removed property 0xc0010001 to merge double_link_list.o (not found) and console.o (0x1)
Removed property 0xc0010002 to merge double_link_list.o (not found) and console.o (0x1)
Removed property 0xc0010001 to merge double_link_list.o (not found) and process.o (0x1)
Removed property 0xc0010002 to merge double_link_list.o (not found) and process.o (0x0)
Removed property 0xc0010001 to merge double_link_list.o (not found) and kernel_main_old.o (0x1)
Removed property 0xc0010002 to merge double_link_list.o (not found) and kernel_main_old.o (0x1)
Removed property 0xc0010001 to merge double_link_list.o (not found) and keyboard.o (0x1)
Removed property 0xc0010002 to merge double_link_list.o (not found) and keyboard.o (0x0)
Removed property 0xc0010001 to merge double_link_list.o (not found) and thread.o (0x1)
Removed property 0xc0010002 to merge double_link_list.o (not found) and thread.o (0x0)
Removed property 0xc0010001 to merge double_link_list.o (not found) and my_process.o (0x1)
Removed property 0xc0010002 to merge double_link_list.o (not found) and my_process.o (0x1)
Removed property 0xc0010001 to merge double_link_list.o (not found) and network/skbuff.o (0x1)
Removed property 0xc0010002 to merge double_link_list.o (not found) and network/skbuff.o (0x0)
Removed property 0xc0010001 to merge double_link_list.o (not found) and network/socket.o (0x1)
Removed property 0xc0010002 to merge double_link_list.o (not found) and network/socket.o (0x0)
Removed property 0xc0010001 to merge double_link_list.o (not found) and network/ip_input.o (0x1)
Removed property 0xc0010002 to merge double_link_list.o (not found) and network/ip_input.o (0x0)
Removed property 0xc0010001 to merge double_link_list.o (not found) and network/udp_sock.o (0x1)
Removed property 0xc0010002 to merge double_link_list.o (not found) and network/udp_sock.o (0x0)
Removed property 0xc0010001 to merge double_link_list.o (not found) and network/dst.o (0x1)
Removed property 0xc0010002 to merge double_link_list.o (not found) and network/dst.o (0x0)
Removed property 0xc0010001 to merge double_link_list.o (not found) and network/icmpv4.o (0x1)
Removed property 0xc0010002 to merge double_link_list.o (not found) and network/icmpv4.o (0x0)
Removed property 0xc0010001 to merge double_link_list.o (not found) and network/inet.o (0x1)
Removed property 0xc0010002 to merge double_link_list.o (not found) and network/inet.o (0x0)
Removed property 0xc0010001 to merge double_link_list.o (not found) and network/tcp.o (0x1)
Removed property 0xc0010002 to merge double_link_list.o (not found) and network/tcp.o (0x0)
Removed property 0xc0010001 to merge double_link_list.o (not found) and network/route.o (0x1)
Removed property 0xc0010002 to merge double_link_list.o (not found) and network/route.o (0x0)
Removed property 0xc0010001 to merge double_link_list.o (not found) and network/sock.o (0x1)
Removed property 0xc0010002 to merge double_link_list.o (not found) and network/sock.o (0x0)
Removed property 0xc0010001 to merge double_link_list.o (not found) and network/tcp_output.o (0x1)
Removed property 0xc0010002 to merge double_link_list.o (not found) and network/tcp_output.o (0x1)
Removed property 0xc0010001 to merge double_link_list.o (not found) and network/arp.o (0x1)
Removed property 0xc0010002 to merge double_link_list.o (not found) and network/arp.o (0x0)
Removed property 0xc0010001 to merge double_link_list.o (not found) and network/netdev.o (0x1)
Removed property 0xc0010002 to merge double_link_list.o (not found) and network/netdev.o (0x0)
Removed property 0xc0010001 to merge double_link_list.o (not found) and network/tcp_sock.o (0x1)
Removed property 0xc0010002 to merge double_link_list.o (not found) and network/tcp_sock.o (0x0)
Removed property 0xc0010001 to merge double_link_list.o (not found) and network/ipc.o (0x1)
Removed property 0xc0010002 to merge double_link_list.o (not found) and network/ipc.o (0x1)
Removed property 0xc0010001 to merge double_link_list.o (not found) and network/ip_output.o (0x1)
Removed property 0xc0010002 to merge double_link_list.o (not found) and network/ip_output.o (0x0)
Removed property 0xc0010001 to merge double_link_list.o (not found) and network/tcp_input.o (0x1)
[...]
Memory Configuration

Name             Origin             Length             Attributes
*default*        0x00000000         0xffffffff

Linker script and memory map

Address of section .text set to 0xc0600000
LOAD kernel/kernel_sub.o
LOAD kernel/kernel.o
LOAD switch_to.o
LOAD string.o
LOAD syscall.o
LOAD hd/hd_rdwt.o
LOAD network/ne2000.o
LOAD double_link_list.o
LOAD global.o
LOAD kernel_main.o
LOAD protect.o
LOAD console.o
LOAD process.o
LOAD kernel_main_old.o
LOAD keyboard.o
LOAD thread.o
LOAD my_process.o
LOAD network/skbuff.o
LOAD network/socket.o
LOAD network/ip_input.o
LOAD network/udp_sock.o
LOAD network/dst.o
LOAD network/icmpv4.o
LOAD network/inet.o
LOAD network/tcp.o
LOAD network/route.o
LOAD network/sock.o
LOAD network/tcp_output.o
LOAD network/arp.o
LOAD network/netdev.o
LOAD network/tcp_sock.o
LOAD network/ipc.o
LOAD network/ip_output.o
LOAD network/tcp_input.o
LOAD network/task_network.o
LOAD network/udp.o
LOAD network/tcp_data.o
LOAD network/utils.o
LOAD hd/hd.o
LOAD fs/fs_main.o
LOAD mm/forkexit.o
LOAD mm/exec.o
LOAD mm/main.o
LOAD mem/mem.o
LOAD lib/exec.o
LOAD lib/fork.o
LOAD lib/exit.o
LOAD lib/unlink.o
LOAD lib/wait.o
LOAD lib/socket_close.o
LOAD lib/socket_read.o
LOAD lib/alloca.o
LOAD lib/calloc.o
LOAD lib/floor.o
LOAD lib/socket_write.o
LOAD lib/getpid.o
LOAD lib/stdlib/atoi.o
LOAD lib/stdlib/strtol.o
LOAD lib/string/strtok.o
LOAD lib/string/strcmp.o
LOAD lib/string/strncmp.o
LOAD lib/string/strpbrk.o
LOAD lib/stdio/read.o
LOAD lib/stdio/perror.o
LOAD lib/stdio/sscanf.o
LOAD lib/stdio/open.o
LOAD lib/stdio/write.o
LOAD lib/stdio/close.o
LOAD lib/sys/socket.o
LOAD lib/sys/connect.o
LOAD lib/arpa/ntohs.o
LOAD lib/arpa/htonl.o
LOAD lib/arpa/htons.o
LOAD lib/arpa/inet_pton.o
LOAD lib/arpa/ntohl.o
LOAD lib/arpa/inet_ntop.o
                [!provide]                        PROVIDE (__executable_start = SEGMENT_START ("text-segment", 0x8048000))
                0x080480d4                        . = (SEGMENT_START ("text-segment", 0x8048000) + SIZEOF_HEADERS)

.interp
 *(.interp)

.note.gnu.build-id
 *(.note.gnu.build-id)

.hash
 *(.hash)

.gnu.hash
 *(.gnu.hash)

.dynsym
 *(.dynsym)

.dynstr
 *(.dynstr)

.gnu.version
 *(.gnu.version)

.gnu.version_d
 *(.gnu.version_d)

.gnu.version_r
 *(.gnu.version_r)

.rel.dyn        0x080480d4        0x0
 *(.rel.init)
 *(.rel.text .rel.text.* .rel.gnu.linkonce.t.*)
 .rel.text      0x080480d4        0x0 kernel/kernel_sub.o
 *(.rel.fini)
 *(.rel.rodata .rel.rodata.* .rel.gnu.linkonce.r.*)
 *(.rel.data.rel.ro .rel.data.rel.ro.* .rel.gnu.linkonce.d.rel.ro.*)
 *(.rel.data .rel.data.* .rel.gnu.linkonce.d.*)
 *(.rel.tdata .rel.tdata.* .rel.gnu.linkonce.td.*)
 *(.rel.tbss .rel.tbss.* .rel.gnu.linkonce.tb.*)
 *(.rel.ctors)
 *(.rel.dtors)
 *(.rel.got)
 .rel.got       0x080480d4        0x0 kernel/kernel_sub.o
 *(.rel.bss .rel.bss.* .rel.gnu.linkonce.b.*)
 *(.rel.ifunc)

.rel.plt        0x080480d4        0x0
 *(.rel.plt)
                [!provide]                        PROVIDE (__rel_iplt_start = .)
 *(.rel.iplt)
 .rel.iplt      0x080480d4        0x0 kernel/kernel_sub.o
                [!provide]                        PROVIDE (__rel_iplt_end = .)

.relr.dyn
 *(.relr.dyn)
                0x08049000                        . = ALIGN (CONSTANT (MAXPAGESIZE))

.init
 *(SORT_NONE(.init))

.plt            0x08049000        0x0
 *(.plt)
 *(.iplt)
 .iplt          0x08049000        0x0 kernel/kernel_sub.o

.plt.got
 *(.plt.got)

.plt.sec
 *(.plt.sec)

.text           0xc0600000    0x13826
 *(.text.unlikely .text.*_unlikely .text.unlikely.*)
 *(.text.exit .text.exit.*)
 *(.text.startup .text.startup.*)
 *(.text.hot .text.hot.*)
 *(SORT_BY_NAME(.text.sorted.*))
 *(.text .stub .text.* .gnu.linkonce.t.*)
 .text          0xc0600000       0x71 kernel/kernel_sub.o
                0xc0600000                _start
 *fill*         0xc0600071        0xf 
 .text          0xc0600080      0x3d2 kernel/kernel.o
                0xc0600080                InterruptTest
                0xc060008c                disp_str_len
                0xc06000d9                disp_str
                0xc0600114                disp_str_colour
                0xc0600150                divide_zero_fault
                0xc0600156                single_step_fault
                0xc060015c                non_maskable_interrupt
                0xc0600162                breakpoint_trap
                0xc0600168                overflow_trap
                0xc060016e                bound_range_exceeded_fault
                0xc0600174                invalid_opcode_fault
                0xc060017a                coprocessor_not_available_fault
                0xc0600180                double_fault_exception_abort
                0xc0600184                coprocessor_segment_overrun
                0xc060018a                invalid_task_state_segment_fault
                0xc060018e                segment_not_present_fault
                0xc0600192                stack_exception_fault
                0xc0600196                general_protection_exception_fault
                0xc06001a1                page_fault
                0xc06001a5                coprocessor_error_fault
                0xc06001ab                align_check_fault
                0xc06001af                simd_float_exception_fault
                0xc06001be                hwint0
                0xc06001ee                hwint1
                0xc0600231                hwint14
                0xc0600277                hwint10
                0xc06002ba                sys_call
                0xc0600300                fork_restart
                0xc060030f                restart
                0xc0600332                in_byte
                0xc060033e                out_byte
                0xc0600360                disable_int
                0xc0600362                enable_int
                0xc06003f8                enable_8259A_casecade_irq
                0xc0600402                disable_8259A_casecade_irq
                0xc060040c                enable_8259A_slave_winchester_irq
                0xc0600416                disable_8259A_slave_winchester_irq
                0xc0600420                update_cr3
                0xc060042d                update_tss
                0xc060043c                get_running_thread_pcb
                0xc0600442                sys_call_test
                0xc0600445                enable_8259A_slave_net_irq
 *fill*         0xc0600452        0xe 
 .text          0xc0600460       0x15 switch_to.o
                0xc0600460                switch_to
 *fill*         0xc0600475        0xb 
 .text          0xc0600480       0x6a syscall.o
                0xc0600480                write_debug
                0xc0600490                send_msg
                0xc06004a6                receive_msg
                0xc06004bc                sys_malloc
                0xc06004d1                sys_free
 *fill*         0xc06004ea        0x6 
 .text          0xc06004f0      0x28d network/ne2000.o
                0xc0600513                DriverInitialize
                0xc060059d                StartSendToPhysicalLink
                0xc06005b8                SetPageStart
                0xc06005e7                DriverSend
                0xc0600661                PCtoNIC
                0xc06006cc                get_interrupt_status
                0xc06006e9                set_interrupt_status
                0xc0600709                get_curr_page
                0xc0600726                NICtoPC
 .text          0xc060077d      0x2ee double_link_list.o
                0xc060077d                initDoubleLinkList
                0xc06007cd                isListEmpty
                0xc06007fb                findElementInList
                0xc0600892                appendToDoubleLinkList
                0xc0600958                insertToDoubleLinkList
                0xc06009dc                popFromDoubleLinkList
 .text          0xc0600a6b        0x0 global.o
 .text          0xc0600a6b      0x54a kernel_main.o
                0xc0600a6b                kernel_main
                0xc0600c45                init
                0xc0600cdc                kernel_thread_a
                0xc0600d29                kernel_thread_b
                0xc0600d76                kernel_thread_c
                0xc0600d8c                kernel_thread_d
                0xc0600da2                user_proc_a
                0xc0600f98                user_proc_b
 .text          0xc0600fb5      0x3b3 protect.o
                0xc0600fb5                InitDescriptor
                0xc0601022                Seg2PhyAddr
                0xc0601063                Seg2PhyAddrLDT
                0xc06010a7                VirAddr2PhyAddr
                0xc06010bd                v2l
                0xc0601100                init_propt
                0xc0601281                InitInterruptDesc
                0xc06012dd                ReloadGDT
 .text          0xc0601368      0xad3 console.o
                0xc0601368                select_console
                0xc06013a4                flush
                0xc06013dd                set_cursor
                0xc060143b                set_console_start_video_addr
                0xc0601499                put_key
                0xc0601505                scroll_up
                0xc0601547                scroll_down
                0xc06015b2                out_char
                0xc060176f                tty_dev_read
                0xc0601799                tty_dev_write
                0xc06019c6                tty_do_read
                0xc0601a8e                tty_do_write
                0xc0601bf7                init_screen
                0xc0601c80                init_tty
                0xc0601d35                TaskTTY
 .text          0xc0601e3b      0x2b7 process.o
                0xc0601e3b                schedule_process
                0xc0602001                clock_handler
                0xc0602077                pid2proc
                0xc06020db                proc2pid
 .text          0xc06020f2     0x2df3 kernel_main_old.o
                0xc06020f2                stop_here
                0xc0602136                catch_error
                0xc060219b                intr_enable
                0xc06021c4                intr_disable
                0xc06021ed                intr_set_status
                0xc060220b                intr_get_status
                0xc0602228                Memcpy
                0xc060225b                untar
                0xc060256b                num_to_string
                0xc0602611                disp_int
                0xc060263a                do_page_fault
                0xc0602777                exception_handler
                0xc0602962                init_internal_interrupt
                0xc0602ad7                spurious_irq
                0xc0602b65                init_keyboard
                0xc0602ba8                TestTTY
                0xc0602c47                TestReadReturnValue
                0xc0602cc4                TestWriteReturnValue
                0xc0602d98                TestFS2
                0xc0602da6                TestFS
                0xc0603248                wait_exit
                0xc0603346                INIT_fork
                0xc0603639                simple_shell
                0xc06037c0                test_shell
                0xc0603828                test_exec
                0xc060391b                INIT
                0xc0603928                TestA
                0xc060395d                delay
                0xc06039a1                TestB
                0xc06039b9                TestC
                0xc06039ec                sys_get_ticks
                0xc06039fc                sys_write
                0xc0603a50                milli_delay
                0xc0603a8c                TaskSys
                0xc0603a91                Printf
                0xc0603b63                sprintf
                0xc0603b8f                vsprintf
                0xc0603d3b                printx
                0xc0603d7e                sys_printx
                0xc0603e4a                spin
                0xc0603e70                panic
                0xc0603e8e                assertion_failure
                0xc0603f00                assertion_failure2
                0xc0603f75                dead_lock
                0xc0603f7f                sys_send_msg
                0xc06044ad                sys_receive_msg
                0xc0604b0d                send_rec
                0xc0604c08                block
                0xc0604c44                unblock
                0xc0604c94                get_ticks_ipc
                0xc0604cee                itoa
                0xc0604d44                i2a
                0xc0604daa                inform_int
                0xc0604e76                deprecate_strcmp
 .text          0xc0604ee5      0x40f keyboard.o
                0xc0604ee5                keyboard_handler
                0xc0604f69                read_from_keyboard_buf
                0xc0604fcf                keyboard_read
                0xc060514e                init_keyboard_handler
                0xc0605162                in_process
 .text          0xc06052f4      0x1b2 thread.o
                0xc06052f4                kernel_thread
                0xc060530c                thread_init
                0xc06053b9                thread_create
                0xc06053ee                thread_start
 .text          0xc06054a6      0x730 my_process.o
                0xc06054a6                create_user_process_address_space
                0xc0605536                user_process
                0xc0605663                clone_pcb
                0xc06057d5                build_body_stack
                0xc0605908                build_process_kernel_stack
                0xc06059cb                fork_process
                0xc0605a5c                process_execute
 .text          0xc0605bd6      0x15b network/skbuff.o
                0xc0605bef                alloc_skb
                0xc0605c80                free_skb
                0xc0605cb3                skb_reserve
                0xc0605ccf                skb_push
                0xc0605cfe                skb_head
                0xc0605d09                skb_reset_header
 .text          0xc0605d31      0x66c network/socket.o
                0xc0605de1                test
                0xc0605e3d                socket_debug
                0xc0605e9e                free_socket
                0xc0605f5a                _socket
                0xc0606019                _bind
                0xc060606c                _connect
                0xc06060be                _write
                0xc0606115                _read
                0xc060616c                _recvfrom
                0xc06061ad                _sendto
                0xc0606204                _close
                0xc0606283                _listen
                0xc06062e9                _accept
 .text          0xc060639d      0x2ed network/ip_input.o
                0xc0606527                ip_rcv
 .text          0xc060668a      0x8cd network/udp_sock.o
                0xc06068c8                udp_lookup_sock
                0xc060690f                udp_init
                0xc0606940                udp_close
                0xc0606966                udp_sock_init
                0xc0606970                udp_recvfrom
                0xc0606a09                udp_connect
                0xc0606ae2                udp_write
                0xc0606b0e                udp_alloc_skb
                0xc0606b58                udp_sendto
                0xc0606c4c                udp_send
                0xc0606d8a                udp_alloc_sock
                0xc0606dcb                udp_free_sock
                0xc0606def                udp_read
 .text          0xc0606f57      0x183 network/dst.o
                0xc0606f65                print_array
                0xc0606fd9                dst_neigh_output
 .text          0xc06070da      0x234 network/icmpv4.o
                0xc06070e8                icmpv4_incoming
                0xc060715c                icmpv4_reply
                0xc0607235                icmpv4_timestamp
 .text          0xc060730e      0x429 network/inet.o
                0xc060730e                inet_create
                0xc06073be                inet_socket
                0xc06073c8                inet_connect
                0xc060741c                inet_write
                0xc0607448                inet_read
                0xc0607474                inet_close
                0xc06074c3                inet_free
                0xc06074f9                inet_bind
                0xc0607602                inet_listen
                0xc060764b                inet_accept
                0xc06076f6                inet_sendto
                0xc0607721                inet_recvfrom
 .text          0xc0607737      0x448 network/tcp.o
                0xc060792c                tcp_in
                0xc06079e0                tcp_checksum
                0xc0607a0c                __tcp_set_state
                0xc0607a1b                tcp_generate_port
                0xc0607a64                tcp_generate_isn
                0xc0607a6e                tcp_done
                0xc0607a97                tcp_clear_timers
                0xc0607aa6                tcp_stop_retransmission_timer
                0xc0607abf                tcp_release_retransmission_timer
                0xc0607ad8                tcp_stop_delack_timer
                0xc0607aeb                tcp_release_delack_timer
                0xc0607afe                tcp_handle_fin_state
                0xc0607b63                tcp_enter_time_wait
 .text          0xc0607b7f      0x42e network/route.o
                0xc0607c8f                route_add
                0xc0607cd6                route_init
                0xc0607d88                call_route_lookup
                0xc0607ed2                route_lookup
 .text          0xc0607fad      0x203 network/sock.o
                0xc06080df                sk_alloc
                0xc0608106                sk_init
                0xc060815a                sk_init_with_socket
                0xc0608183                sk_free
 .text          0xc06081b0      0xbbe network/tcp_output.o
                0xc0608676                tcp_send_synack
                0xc0608719                tcp_send_delack
                0xc0608754                tcp_send_ack
                0xc06088a0                tcp_send_fin
                0xc0608915                tcp_select_initial_window
                0xc0608ac7                tcp_reset_retransmission_timer
                0xc0608ae4                tcp_begin_connect
                0xc0608b8e                tcp_send
                0xc0608c73                tcp_send_reset
                0xc0608cf3                tcp_queue_fin
 .text          0xc0608d6e      0xbd3 network/arp.o
                0xc0608e97                call_update_arp_translation_table
                0xc06090cf                insert_arp_translation_table
                0xc0609151                update_arp_translation_table
                0xc0609210                arp_init
                0xc0609216                arp_rcv
                0xc06093f8                arp_request
                0xc0609562                arp_reply
                0xc06096c5                call_arp_get_hwaddr
                0xc060980f                arp_get_hwaddr
                0xc06098f0                free_arp
 .text          0xc0609941      0xa00 network/netdev.o
                0xc0609acf                netdev_init
                0xc0609b16                netdev_transmit
                0xc0609c61                interrupt_wait2
                0xc0609cba                netdev_rx_loop
                0xc0609dab                call_netdev_get
                0xc0609ef5                netdev_get
                0xc0609faa                free_netdev
                0xc0609fd5                local_ipaddress
                0xc060a012                receive_msg_from_nic
                0xc060a1ff                receive_msg_from_nic2
                0xc060a32b                net_handler
 .text          0xc060a341      0xa16 network/tcp_sock.o
                0xc060a600                tcp_established_or_syn_recvd_socks_enqueue
                0xc060a617                tcp_established_or_syn_recvd_socks_remove
                0xc060a629                tcp_connecting_or_listening_socks_enqueue
                0xc060a640                tcp_connecting_or_listening_socks_remove
                0xc060a652                tcp_alloc_sock
                0xc060a768                tcp_free_sock
                0xc060a7e1                tcp_init
                0xc060a7eb                tcp_sock_init
                0xc060a88e                tcp_write
                0xc060a8cf                tcp_read
                0xc060a982                tcp_close
                0xc060aa40                tcp_recv_notify
                0xc060aa6b                tcp_v4_connect
                0xc060acaa                tcp_lookup_sock
 .text          0xc060ad57      0xe07 network/ipc.o
                0xc060b90b                ipc_close
                0xc060b95c                ipc_call_from_netdev_rx
                0xc060b994                demux_ipc_socket_call
 .text          0xc060bb5e      0x1d3 network/ip_output.o
                0xc060bb6c                ip_output
 .text          0xc060bd31      0xb80 network/tcp_input.o
                0xc060c429                tcp_process
                0xc060c7ef                tcp_receive
 .text          0xc060c8b1      0x2f9 network/task_network.o
                0xc060c905                init_dev
                0xc060ca0f                task_network
                0xc060cb60                task_netdev_rx
 .text          0xc060cbaa      0x3e0 network/udp.o
                0xc060ccb5                udp_generate_port
                0xc060ccfe                udp_checksum
                0xc060cdcc                udp_in
                0xc060ce5d                udp_data_dequeue
                0xc060cf65                udp_data_enqueue
 .text          0xc060cf8a      0x54a network/tcp_data.o
                0xc060d275                tcp_data_dequeue
                0xc060d3a2                tcp_data_queue
 .text          0xc060d4d4      0x1e7 network/utils.o
                0xc060d4d4                run_cmd
                0xc060d4e1                print_err
                0xc060d4f8                parse_ipv4_string
                0xc060d557                ip_pton
                0xc060d59f                sum_every_16bits
                0xc060d5f6                checksum
                0xc060d637                tcp_udp_checksum
 .text          0xc060d6bb      0xe84 hd/hd.o
                0xc060d6bb                TaskHD
                0xc060d706                init_hd
                0xc060d720                hd_handle
                0xc060d825                hd_cmd_out
                0xc060d927                hd_identify
                0xc060d9de                print_hdinfo
                0xc060db6c                print_dpt_entry
                0xc060dbd8                get_partition_table
                0xc060dcb7                partition
                0xc060ded1                hd_open
                0xc060df81                get_hd_ioctl
                0xc060e03b                wait_for
                0xc060e06c                interrupt_wait
                0xc060e0c5                hd_rdwt
                0xc060e367                hd_handler
                0xc060e398                debug_ticks
                0xc060e3d6                waitfor
                0xc060e41a                print_hd_info
                0xc060e507                is_empty
 .text          0xc060e53f     0x2081 fs/fs_main.o
                0xc060e53f                task_fs
                0xc060e753                rd_wt
                0xc060e835                mkfs
                0xc060ee17                init_fs
                0xc060ee71                do_open
                0xc060f07a                search_file
                0xc060f1ac                strip_path
                0xc060f278                get_inode
                0xc060f43a                create_file
                0xc060f545                alloc_imap_bit
                0xc060f642                alloc_smap_bit
                0xc060f7e3                new_inode
                0xc060f901                new_dir_entry
                0xc060fb0d                do_unlink
                0xc060ffe9                do_rdwt
                0xc0610374                sync_inode
                0xc06104c8                put_inode
                0xc0610506                do_close
                0xc0610558                get_super_block
 .text          0xc06105c0      0x24f mm/forkexit.o
                0xc06105c0                do_fork
                0xc061062e                do_exit
                0xc06106b8                do_wait
                0xc06107b5                cleanup
 .text          0xc061080f      0x419 mm/exec.o
                0xc061080f                do_exec
 .text          0xc0610c28      0x14e mm/main.o
                0xc0610c28                TaskMM
                0xc0610d57                alloc_mem
 .text          0xc0610d76     0x1118 mem/mem.o
                0xc0610d76                init_bitmap
                0xc0610d99                test_bit_val
                0xc0610e02                set_bit_val
                0xc0610e7d                set_bits
                0xc0610eb7                get_first_free_bit
                0xc0610efb                get_bits
                0xc0610fc3                get_a_page
                0xc0611077                get_virtual_address_start_with_addr
                0xc0611111                get_virtual_address
                0xc06111a1                ptr_pde
                0xc06111b4                ptr_pte
                0xc06111db                add_map_entry
                0xc061126c                alloc_virtual_memory
                0xc0611338                get_physical_address_proc
                0xc06113b4                get_physical_address
                0xc06113e6                alloc_physical_memory_of_proc
                0xc06114d5                alloc_physical_memory
                0xc061159d                alloc_memory
                0xc06115ff                get_a_virtual_page
                0xc0611637                block2arena
                0xc061164d                sys_malloc2
                0xc061197a                remove_map_entry
                0xc061199b                free_a_page
                0xc0611a42                sys_free2
                0xc0611a48                init_memory_block_desc
                0xc0611b19                init_memory2
                0xc0611d4e                init_memory
 .text          0xc0611e8e      0x285 lib/exec.o
                0xc0611e8e                exec
                0xc0611eff                execv
                0xc06120ee                execl
 .text          0xc0612113       0x4b lib/fork.o
                0xc0612113                fork
 .text          0xc061215e       0x2f lib/exit.o
                0xc061215e                exit
 .text          0xc061218d       0x42 lib/unlink.o
                0xc061218d                unlink
 .text          0xc06121cf       0x44 lib/wait.o
                0xc06121cf                wait
 .text          0xc0612213       0xbe lib/socket_close.o
                0xc0612213                socket_close
 .text          0xc06122d1      0x12a lib/socket_read.o
                0xc06122d1                socket_read
 .text          0xc06123fb       0x29 lib/alloca.o
                0xc06123fb                alloca
 .text          0xc0612424       0x46 lib/calloc.o
                0xc0612424                calloc
 .text          0xc061246a       0x49 lib/floor.o
                0xc061246a                floor
 .text          0xc06124b3      0x12a lib/socket_write.o
                0xc06124b3                socket_write
 .text          0xc06125dd       0x2b lib/getpid.o
                0xc06125dd                getpid
 .text          0xc0612608       0x9c lib/stdlib/atoi.o
                0xc0612608                atoi
 .text          0xc06126a4       0xca lib/stdlib/strtol.o
                0xc06126a4                strtol
 .text          0xc061276e       0x85 lib/string/strtok.o
                0xc061276e                strtok
 .text          0xc06127f3       0xa8 lib/string/strcmp.o
                0xc06127f3                strcmp
 .text          0xc061289b       0xd4 lib/string/strncmp.o
                0xc061289b                strncmp
 .text          0xc061296f       0x90 lib/string/strpbrk.o
                0xc061296f                strpbrk
 .text          0xc06129ff      0x181 lib/stdio/read.o
                0xc06129ff                read
 .text          0xc0612b80       0x17 lib/stdio/perror.o
                0xc0612b80                perror
 .text          0xc0612b97      0x335 lib/stdio/sscanf.o
                0xc0612b97                sscanf
 .text          0xc0612ecc       0x95 lib/stdio/open.o
                0xc0612ecc                open
 .text          0xc0612f61       0x85 lib/stdio/write.o
                0xc0612f61                write
 .text          0xc0612fe6       0x52 lib/stdio/close.o
                0xc0612fe6                close
 .text          0xc0613038      0x195 lib/sys/socket.o
                0xc0613038                socket
 .text          0xc06131cd      0x179 lib/sys/connect.o
                0xc06131cd                connect
 .text          0xc0613346       0x38 lib/arpa/ntohs.o
                0xc0613346                ntohs
 .text          0xc061337e       0x7c lib/arpa/htonl.o
                0xc061337e                htonl
 .text          0xc06133fa       0x38 lib/arpa/htons.o
                0xc06133fa                htons
 .text          0xc0613432      0x295 lib/arpa/inet_pton.o
                0xc0613432                isValidIPv4
                0xc06135bc                inet_pton
 .text          0xc06136c7       0x7c lib/arpa/ntohl.o
                0xc06136c7                ntohl
 .text          0xc0613743       0xe3 lib/arpa/inet_ntop.o
                0xc0613743                inet_ntop
 *(.gnu.warning)

.fini
 *(SORT_NONE(.fini))
                [!provide]                        PROVIDE (__etext = .)
                [!provide]                        PROVIDE (_etext = .)
                [!provide]                        PROVIDE (etext = .)
                0xc0614000                        . = ALIGN (CONSTANT (MAXPAGESIZE))
                0xc0614000                        . = SEGMENT_START ("rodata-segment", (ALIGN (CONSTANT (MAXPAGESIZE)) + (. & (CONSTANT (MAXPAGESIZE) - 0x1))))

.rodata         0xc0614000     0x1e03
 *(.rodata .rodata.* .gnu.linkonce.r.*)
 .rodata        0xc0614000       0x3c double_link_list.o
 .rodata        0xc061403c      0x1d8 kernel_main.o
 .rodata        0xc0614214       0x22 console.o
 *fill*         0xc0614236        0x2 
 .rodata        0xc0614238       0x4c process.o
 *fill*         0xc0614284       0x1c 
 .rodata        0xc06142a0      0xb61 kernel_main_old.o
 .rodata        0xc0614e01        0x9 network/skbuff.o
 *fill*         0xc0614e0a        0x2 
 .rodata        0xc0614e0c      0x23d network/socket.o
 *fill*         0xc0615049        0x3 
 .rodata        0xc061504c       0xbd network/ip_input.o
 *fill*         0xc0615109        0x3 
 .rodata        0xc061510c       0x2d network/udp_sock.o
 .rodata        0xc0615139       0x21 network/dst.o
 *fill*         0xc061515a        0x2 
 .rodata        0xc061515c       0x32 network/icmpv4.o
 *fill*         0xc061518e        0x2 
 .rodata        0xc0615190       0x48 network/inet.o
 .rodata        0xc06151d8       0x31 network/tcp.o
 *fill*         0xc0615209        0x3 
 .rodata        0xc061520c       0x36 network/route.o
 .rodata        0xc0615242        0x9 network/sock.o
 *fill*         0xc061524b        0x1 
 .rodata        0xc061524c       0xc3 network/tcp_output.o
 *fill*         0xc061530f        0x1 
 .rodata        0xc0615310       0xd0 network/arp.o
 .rodata        0xc06153e0      0x16e network/netdev.o
 *fill*         0xc061554e        0x2 
 .rodata        0xc0615550       0xe8 network/tcp_sock.o
 .rodata        0xc0615638      0x174 network/ipc.o
 .rodata        0xc06157ac        0x9 network/ip_output.o
 *fill*         0xc06157b5        0x3 
 .rodata        0xc06157b8       0x60 network/tcp_input.o
 .rodata        0xc0615818       0x99 network/task_network.o
 .rodata        0xc06158b1        0x9 network/udp.o
 .rodata        0xc06158ba       0x1e network/tcp_data.o
 .rodata        0xc06158d8       0x41 network/utils.o
 *fill*         0xc0615919        0x3 
 .rodata        0xc061591c      0x19c hd/hd.o
 .rodata        0xc0615ab8      0x1fb fs/fs_main.o
                0xc0615ab8                FSBUF_SIZE
 .rodata        0xc0615cb3       0x21 mm/forkexit.o
 .rodata        0xc0615cd4       0x10 mm/exec.o
 .rodata        0xc0615ce4       0x11 mm/main.o
 .rodata        0xc0615cf5       0x5a mem/mem.o
 .rodata        0xc0615d4f       0x2d lib/exec.o
 .rodata        0xc0615d7c        0x9 lib/socket_close.o
 .rodata        0xc0615d85        0x9 lib/socket_read.o
 .rodata        0xc0615d8e        0x9 lib/socket_write.o
 .rodata        0xc0615d97       0x2a lib/stdio/close.o
 .rodata        0xc0615dc1       0x33 lib/sys/socket.o
 .rodata        0xc0615df4        0x9 lib/sys/connect.o
 .rodata        0xc0615dfd        0x3 lib/arpa/inet_pton.o
 .rodata        0xc0615e00        0x3 lib/arpa/inet_ntop.o

.txt            0xc0615e03       0xaa
 .txt           0xc0615e03       0x82 string.o
                0xc0615e03                Memcpy2
                0xc0615e31                Memset
                0xc0615e50                Strcpy
                0xc0615e6a                Strlen
 .txt           0xc0615e85       0x28 hd/hd_rdwt.o
                0xc0615e85                read_port
                0xc0615e99                write_port

.rodata1
 *(.rodata1)

.eh_frame_hdr
 *(.eh_frame_hdr)
 *(.eh_frame_entry .eh_frame_entry.*)

.eh_frame       0xc0615eb0     0x4350
 *(.eh_frame)
 .eh_frame      0xc0615eb0       0xd8 double_link_list.o
 .eh_frame      0xc0615f88      0x108 kernel_main.o
                                0x120 (size before relaxing)
 .eh_frame      0xc0616090      0x100 protect.o
                                0x118 (size before relaxing)
 .eh_frame      0xc0616190      0x1e0 console.o
                                0x1f8 (size before relaxing)
 .eh_frame      0xc0616370       0x80 process.o
                                 0x98 (size before relaxing)
 .eh_frame      0xc06163f0      0x6cc kernel_main_old.o
                                0x6e4 (size before relaxing)
 .eh_frame      0xc0616abc       0xa0 keyboard.o
                                 0xb8 (size before relaxing)
 .eh_frame      0xc0616b5c       0x80 thread.o
                                 0x98 (size before relaxing)
 .eh_frame      0xc0616bdc       0xe0 my_process.o
                                 0xf8 (size before relaxing)
 .eh_frame      0xc0616cbc       0xe0 network/skbuff.o
                                 0xf8 (size before relaxing)
 .eh_frame      0xc0616d9c      0x2a0 network/socket.o
                                0x2b8 (size before relaxing)
 .eh_frame      0xc061703c      0x104 network/ip_input.o
                                0x11c (size before relaxing)
 .eh_frame      0xc0617140      0x404 network/udp_sock.o
                                0x41c (size before relaxing)
 .eh_frame      0xc0617544       0x60 network/dst.o
                                 0x78 (size before relaxing)
 .eh_frame      0xc06175a4       0x80 network/icmpv4.o
                                 0x98 (size before relaxing)
 .eh_frame      0xc0617624      0x180 network/inet.o
                                0x198 (size before relaxing)
 .eh_frame      0xc06177a4      0x268 network/tcp.o
                                0x280 (size before relaxing)
 .eh_frame      0xc0617a0c      0x104 network/route.o
                                0x11c (size before relaxing)
 .eh_frame      0xc0617b10      0x1a0 network/sock.o
                                0x1b8 (size before relaxing)
 .eh_frame      0xc0617cb0      0x3c4 network/tcp_output.o
                                0x3dc (size before relaxing)
 .eh_frame      0xc0618074      0x220 network/arp.o
                                0x238 (size before relaxing)
 .eh_frame      0xc0618294      0x230 network/netdev.o
                                0x248 (size before relaxing)
 .eh_frame      0xc06184c4      0x4c0 network/tcp_sock.o
                                0x4d8 (size before relaxing)
 .eh_frame      0xc0618984      0x274 network/ipc.o
                                0x28c (size before relaxing)
 .eh_frame      0xc0618bf8       0x40 network/ip_output.o
                                 0x58 (size before relaxing)
 .eh_frame      0xc0618c38      0x300 network/tcp_input.o
                                0x318 (size before relaxing)
 .eh_frame      0xc0618f38       0x80 network/task_network.o
                                 0x98 (size before relaxing)
 .eh_frame      0xc0618fb8      0x1e4 network/udp.o
                                0x1fc (size before relaxing)
 .eh_frame      0xc061919c      0x200 network/tcp_data.o
                                0x218 (size before relaxing)
 .eh_frame      0xc061939c       0xe4 network/utils.o
                                 0xfc (size before relaxing)
 .eh_frame      0xc0619480      0x264 hd/hd.o
                                0x27c (size before relaxing)
 .eh_frame      0xc06196e4      0x27c fs/fs_main.o
                                0x294 (size before relaxing)
 .eh_frame      0xc0619960       0x80 mm/forkexit.o
                                 0x98 (size before relaxing)
 .eh_frame      0xc06199e0       0x20 mm/exec.o
                                 0x38 (size before relaxing)
 .eh_frame      0xc0619a00       0x3c mm/main.o
                                 0x54 (size before relaxing)
 .eh_frame      0xc0619a3c      0x364 mem/mem.o
                                0x37c (size before relaxing)
 .eh_frame      0xc0619da0       0x60 lib/exec.o
                                 0x78 (size before relaxing)
 .eh_frame      0xc0619e00       0x20 lib/fork.o
                                 0x38 (size before relaxing)
 .eh_frame      0xc0619e20       0x20 lib/exit.o
                                 0x38 (size before relaxing)
 .eh_frame      0xc0619e40       0x20 lib/unlink.o
                                 0x38 (size before relaxing)
 .eh_frame      0xc0619e60       0x20 lib/wait.o
                                 0x38 (size before relaxing)
 .eh_frame      0xc0619e80       0x20 lib/socket_close.o
                                 0x38 (size before relaxing)
 .eh_frame      0xc0619ea0       0x20 lib/socket_read.o
                                 0x38 (size before relaxing)
 .eh_frame      0xc0619ec0       0x20 lib/alloca.o
                                 0x38 (size before relaxing)
 .eh_frame      0xc0619ee0       0x20 lib/calloc.o
                                 0x38 (size before relaxing)
 .eh_frame      0xc0619f00       0x20 lib/floor.o
                                 0x38 (size before relaxing)
 .eh_frame      0xc0619f20       0x20 lib/socket_write.o
                                 0x38 (size before relaxing)
 .eh_frame      0xc0619f40       0x20 lib/getpid.o
                                 0x38 (size before relaxing)
 .eh_frame      0xc0619f60       0x20 lib/stdlib/atoi.o
                                 0x38 (size before relaxing)
 .eh_frame      0xc0619f80       0x20 lib/stdlib/strtol.o
                                 0x38 (size before relaxing)
 .eh_frame      0xc0619fa0       0x20 lib/string/strtok.o
                                 0x38 (size before relaxing)
 .eh_frame      0xc0619fc0       0x20 lib/string/strcmp.o
                                 0x38 (size before relaxing)
 .eh_frame      0xc0619fe0       0x20 lib/string/strncmp.o
                                 0x38 (size before relaxing)
 .eh_frame      0xc061a000       0x20 lib/string/strpbrk.o
                                 0x38 (size before relaxing)
 .eh_frame      0xc061a020       0x20 lib/stdio/read.o
                                 0x38 (size before relaxing)
 .eh_frame      0xc061a040       0x20 lib/stdio/perror.o
                                 0x38 (size before relaxing)
 .eh_frame      0xc061a060       0x20 lib/stdio/sscanf.o
                                 0x38 (size before relaxing)
 .eh_frame      0xc061a080       0x20 lib/stdio/open.o
                                 0x38 (size before relaxing)
 .eh_frame      0xc061a0a0       0x20 lib/stdio/write.o
                                 0x38 (size before relaxing)
 .eh_frame      0xc061a0c0       0x20 lib/stdio/close.o
                                 0x38 (size before relaxing)
 .eh_frame      0xc061a0e0       0x20 lib/sys/socket.o
                                 0x38 (size before relaxing)
 .eh_frame      0xc061a100       0x20 lib/sys/connect.o
                                 0x38 (size before relaxing)
 .eh_frame      0xc061a120       0x20 lib/arpa/ntohs.o
                                 0x38 (size before relaxing)
 .eh_frame      0xc061a140       0x20 lib/arpa/htonl.o
                                 0x38 (size before relaxing)
 .eh_frame      0xc061a160       0x20 lib/arpa/htons.o
                                 0x38 (size before relaxing)
 .eh_frame      0xc061a180       0x40 lib/arpa/inet_pton.o
                                 0x58 (size before relaxing)
 .eh_frame      0xc061a1c0       0x20 lib/arpa/ntohl.o
                                 0x38 (size before relaxing)
 .eh_frame      0xc061a1e0       0x20 lib/arpa/inet_ntop.o
                                 0x38 (size before relaxing)
 *(.eh_frame.*)

.sframe
 *(.sframe)
 *(.sframe.*)

.gcc_except_table
 *(.gcc_except_table .gcc_except_table.*)

.gnu_extab
 *(.gnu_extab*)

.exception_ranges
 *(.exception_ranges*)
                0xc061b000                        . = DATA_SEGMENT_ALIGN (CONSTANT (MAXPAGESIZE), CONSTANT (COMMONPAGESIZE))

.eh_frame
 *(.eh_frame)
 *(.eh_frame.*)

.sframe
 *(.sframe)
 *(.sframe.*)

.gnu_extab
 *(.gnu_extab)

.gcc_except_table
 *(.gcc_except_table .gcc_except_table.*)

.exception_ranges
 *(.exception_ranges*)

.tdata          0xc061b000        0x0
                [!provide]                        PROVIDE (__tdata_start = .)
 *(.tdata .tdata.* .gnu.linkonce.td.*)

.tbss
 *(.tbss .tbss.* .gnu.linkonce.tb.*)
 *(.tcommon)

.preinit_array  0xc061b000        0x0
                [!provide]                        PROVIDE (__preinit_array_start = .)
 *(.preinit_array)
                [!provide]                        PROVIDE (__preinit_array_end = .)

.init_array     0xc061b000        0x0
                [!provide]                        PROVIDE (__init_array_start = .)
 *(SORT_BY_INIT_PRIORITY(.init_array.*) SORT_BY_INIT_PRIORITY(.ctors.*))
 *(.init_array EXCLUDE_FILE(*crtend?.o *crtend.o *crtbegin?.o *crtbegin.o) .ctors)
                [!provide]                        PROVIDE (__init_array_end = .)

.fini_array     0xc061b000        0x0
                [!provide]                        PROVIDE (__fini_array_start = .)
 *(SORT_BY_INIT_PRIORITY(.fini_array.*) SORT_BY_INIT_PRIORITY(.dtors.*))
 *(.fini_array EXCLUDE_FILE(*crtend?.o *crtend.o *crtbegin?.o *crtbegin.o) .dtors)
                [!provide]                        PROVIDE (__fini_array_end = .)

.ctors
 *crtbegin.o(.ctors)
 *crtbegin?.o(.ctors)
 *(EXCLUDE_FILE(*crtend?.o *crtend.o) .ctors)
 *(SORT_BY_NAME(.ctors.*))
 *(.ctors)

.dtors
 *crtbegin.o(.dtors)
 *crtbegin?.o(.dtors)
 *(EXCLUDE_FILE(*crtend?.o *crtend.o) .dtors)
 *(SORT_BY_NAME(.dtors.*))
 *(.dtors)

.jcr
 *(.jcr)

.data.rel.ro
 *(.data.rel.ro.local* .gnu.linkonce.d.rel.ro.local.*)
 *(.data.rel.ro .data.rel.ro.* .gnu.linkonce.d.rel.ro.*)

.dynamic
 *(.dynamic)

.got            0xc061b000        0x0
 *(.got)
 .got           0xc061b000        0x0 kernel/kernel_sub.o
 *(.igot)
                0xc061b000                        . = DATA_SEGMENT_RELRO_END (., (SIZEOF (.got.plt) >= 0xc)?0xc:0x0)

.got.plt        0xc061b000        0x0
 *(.got.plt)
 .got.plt       0xc061b000        0x0 kernel/kernel_sub.o
 *(.igot.plt)
 .igot.plt      0xc061b000        0x0 kernel/kernel_sub.o

.data           0xc061b000      0xbb0
 *(.data .data.* .gnu.linkonce.d.*)
 .data          0xc061b000        0xf kernel/kernel_sub.o
 *fill*         0xc061b00f        0x1 
 .data          0xc061b010        0xf kernel/kernel.o
 *fill*         0xc061b01f        0x1 
 .data          0xc061b020        0x0 syscall.o
 .data          0xc061b020        0x0 double_link_list.o
 .data          0xc061b020      0x17c global.o
                0xc061b020                user_task_table
                0xc061b0a0                sys_task_table
                0xc061b180                sys_call_table
 .data          0xc061b19c        0x0 kernel_main.o
 .data          0xc061b19c        0x0 protect.o
 .data          0xc061b19c        0x0 console.o
 .data          0xc061b19c        0x0 process.o
 .data          0xc061b19c        0x0 kernel_main_old.o
 *fill*         0xc061b19c        0x4 
 .data          0xc061b1a0      0x600 keyboard.o
                0xc061b1a0                keymap
 .data          0xc061b7a0        0x0 thread.o
 .data          0xc061b7a0        0x0 my_process.o
 .data          0xc061b7a0        0x4 network/skbuff.o
 *fill*         0xc061b7a4       0x1c 
 .data          0xc061b7c0      0x224 network/socket.o
 .data          0xc061b9e4        0x4 network/ip_input.o
 *fill*         0xc061b9e8       0x18 
 .data          0xc061ba00       0x54 network/udp_sock.o
                0xc061ba20                udp_ops
 .data          0xc061ba54        0x4 network/dst.o
 .data          0xc061ba58        0x4 network/icmpv4.o
 *fill*         0xc061ba5c        0x4 
 .data          0xc061ba60       0x80 network/inet.o
                0xc061ba68                inet
 .data          0xc061bae0        0x8 network/tcp.o
 .data          0xc061bae8        0x4 network/route.o
 .data          0xc061baec        0x4 network/sock.o
 .data          0xc061baf0        0x4 network/tcp_output.o
 .data          0xc061baf4       0x14 network/arp.o
 .data          0xc061bb08        0x4 network/netdev.o
 *fill*         0xc061bb0c       0x14 
 .data          0xc061bb20       0x54 network/tcp_sock.o
                0xc061bb40                tcp_ops
 .data          0xc061bb74        0xc network/ipc.o
 .data          0xc061bb80        0x4 network/ip_output.o
 .data          0xc061bb84        0x4 network/tcp_input.o
 .data          0xc061bb88        0x4 network/task_network.o
 .data          0xc061bb8c        0x8 network/udp.o
 .data          0xc061bb94        0x4 network/tcp_data.o
 .data          0xc061bb98        0x4 network/utils.o
 .data          0xc061bb9c        0x0 hd/hd.o
 .data          0xc061bb9c        0x0 fs/fs_main.o
 .data          0xc061bb9c        0x0 mm/forkexit.o
 .data          0xc061bb9c        0x0 mm/exec.o
 .data          0xc061bb9c        0x0 mm/main.o
 .data          0xc061bb9c        0x0 mem/mem.o
 .data          0xc061bb9c        0x0 lib/exec.o
 .data          0xc061bb9c        0x0 lib/fork.o
 .data          0xc061bb9c        0x0 lib/exit.o
 .data          0xc061bb9c        0x0 lib/unlink.o
 .data          0xc061bb9c        0x0 lib/wait.o
 .data          0xc061bb9c        0x4 lib/socket_close.o
 .data          0xc061bba0        0x4 lib/socket_read.o
 .data          0xc061bba4        0x0 lib/alloca.o
 .data          0xc061bba4        0x0 lib/calloc.o
 .data          0xc061bba4        0x0 lib/floor.o
 .data          0xc061bba4        0x4 lib/socket_write.o
 .data          0xc061bba8        0x0 lib/getpid.o
 .data          0xc061bba8        0x0 lib/stdlib/atoi.o
 .data          0xc061bba8        0x0 lib/stdlib/strtol.o
 .data          0xc061bba8        0x0 lib/string/strtok.o
 .data          0xc061bba8        0x0 lib/string/strcmp.o
 .data          0xc061bba8        0x0 lib/string/strncmp.o
 .data          0xc061bba8        0x0 lib/string/strpbrk.o
 .data          0xc061bba8        0x0 lib/stdio/read.o
 .data          0xc061bba8        0x0 lib/stdio/perror.o
 .data          0xc061bba8        0x0 lib/stdio/sscanf.o
 .data          0xc061bba8        0x0 lib/stdio/open.o
 .data          0xc061bba8        0x0 lib/stdio/write.o
 .data          0xc061bba8        0x0 lib/stdio/close.o
 .data          0xc061bba8        0x4 lib/sys/socket.o
 .data          0xc061bbac        0x4 lib/sys/connect.o
 .data          0xc061bbb0        0x0 lib/arpa/ntohs.o
 .data          0xc061bbb0        0x0 lib/arpa/htonl.o
 .data          0xc061bbb0        0x0 lib/arpa/htons.o
 .data          0xc061bbb0        0x0 lib/arpa/inet_pton.o
 .data          0xc061bbb0        0x0 lib/arpa/ntohl.o
 .data          0xc061bbb0        0x0 lib/arpa/inet_ntop.o

.data1
 *(.data1)
                0xc061bbb0                        _edata = .
                [!provide]                        PROVIDE (edata = .)
                0xc061bbb0                        . = .
                0xc061bbb0                        __bss_start = .

.bss            0xc061bbc0    0xa5888
 *(.dynbss)
 *(.bss .bss.* .gnu.linkonce.b.*)
 .bss           0xc061bbc0      0x800 kernel/kernel_sub.o
 .bss           0xc061c3c0      0x800 kernel/kernel.o
 .bss           0xc061cbc0        0x0 double_link_list.o
 .bss           0xc061cbc0        0x0 global.o
 .bss           0xc061cbc0        0x0 kernel_main.o
 .bss           0xc061cbc0        0x0 protect.o
 .bss           0xc061cbc0        0x0 console.o
 .bss           0xc061cbc0        0x0 process.o
 .bss           0xc061cbc0        0x0 kernel_main_old.o
 .bss           0xc061cbc0        0x0 keyboard.o
 .bss           0xc061cbc0        0x0 thread.o
 .bss           0xc061cbc0        0x0 my_process.o
 .bss           0xc061cbc0        0x0 network/skbuff.o
 .bss           0xc061cbc0        0x4 network/socket.o
 .bss           0xc061cbc4        0x0 network/ip_input.o
 .bss           0xc061cbc4        0x4 network/udp_sock.o
 .bss           0xc061cbc8        0x0 network/dst.o
 .bss           0xc061cbc8        0x0 network/icmpv4.o
 .bss           0xc061cbc8        0x0 network/inet.o
 .bss           0xc061cbc8        0x0 network/tcp.o
 .bss           0xc061cbc8        0x0 network/route.o
 .bss           0xc061cbc8        0x0 network/sock.o
 .bss           0xc061cbc8        0x0 network/tcp_output.o
 .bss           0xc061cbc8        0x0 network/arp.o
 .bss           0xc061cbc8        0x0 network/netdev.o
 .bss           0xc061cbc8        0x0 network/tcp_sock.o
 .bss           0xc061cbc8        0x4 network/ipc.o
 .bss           0xc061cbcc        0x0 network/ip_output.o
 .bss           0xc061cbcc        0x0 network/tcp_input.o
 .bss           0xc061cbcc        0x0 network/task_network.o
 .bss           0xc061cbcc        0x0 network/udp.o
 .bss           0xc061cbcc        0x0 network/tcp_data.o
 .bss           0xc061cbcc        0x0 network/utils.o
 .bss           0xc061cbcc        0x0 hd/hd.o
 .bss           0xc061cbcc        0x4 fs/fs_main.o
                0xc061cbcc                c
 .bss           0xc061cbd0        0x0 mm/forkexit.o
 .bss           0xc061cbd0        0x0 mm/exec.o
 .bss           0xc061cbd0        0x0 mm/main.o
 .bss           0xc061cbd0        0x0 mem/mem.o
 .bss           0xc061cbd0        0x0 lib/exec.o
 .bss           0xc061cbd0        0x0 lib/fork.o
 .bss           0xc061cbd0        0x0 lib/exit.o
 .bss           0xc061cbd0        0x0 lib/unlink.o
 .bss           0xc061cbd0        0x0 lib/wait.o
 .bss           0xc061cbd0        0x0 lib/socket_close.o
 .bss           0xc061cbd0        0x0 lib/socket_read.o
 .bss           0xc061cbd0        0x0 lib/alloca.o
 .bss           0xc061cbd0        0x0 lib/calloc.o
 .bss           0xc061cbd0        0x0 lib/floor.o
 .bss           0xc061cbd0        0x0 lib/socket_write.o
 .bss           0xc061cbd0        0x0 lib/getpid.o
 .bss           0xc061cbd0        0x0 lib/stdlib/atoi.o
 .bss           0xc061cbd0        0x0 lib/stdlib/strtol.o
 .bss           0xc061cbd0        0x4 lib/string/strtok.o
 .bss           0xc061cbd4        0x0 lib/string/strcmp.o
 .bss           0xc061cbd4        0x0 lib/string/strncmp.o
 .bss           0xc061cbd4        0x0 lib/string/strpbrk.o
 .bss           0xc061cbd4        0x0 lib/stdio/read.o
 .bss           0xc061cbd4        0x0 lib/stdio/perror.o
 .bss           0xc061cbd4        0x0 lib/stdio/sscanf.o
 .bss           0xc061cbd4        0x0 lib/stdio/open.o
 .bss           0xc061cbd4        0x0 lib/stdio/write.o
 .bss           0xc061cbd4        0x0 lib/stdio/close.o
 .bss           0xc061cbd4        0x0 lib/sys/socket.o
 .bss           0xc061cbd4        0x0 lib/sys/connect.o
 .bss           0xc061cbd4        0x0 lib/arpa/ntohs.o
 .bss           0xc061cbd4        0x0 lib/arpa/htonl.o
 .bss           0xc061cbd4        0x0 lib/arpa/htons.o
 .bss           0xc061cbd4        0x0 lib/arpa/inet_pton.o
 .bss           0xc061cbd4        0x0 lib/arpa/ntohl.o
 .bss           0xc061cbd4        0x0 lib/arpa/inet_ntop.o
 *(COMMON)
 *fill*         0xc061cbd4        0xc 
 COMMON         0xc061cbe0     0x17b8 double_link_list.o
                0xc061cbe0                current_tty
                0xc061cbe4                is_e0
                0xc061cbe8                idt_ptr
                0xc061cbf0                pid
                0xc061cbf4                KernelVirtualMemory
                0xc061cc00                loop
                0xc061cc04                current_dis_pos
                0xc061cc08                dis_pos
                0xc061cc0c                netdev
                0xc061cc10                k_reenter
                0xc061cc20                gdt
                0xc061d020                proc_ready_table
                0xc061d024                test_ticks
                0xc061d028                pcaller
                0xc061d040                keyboard_buffer
                0xc061d24c                pcb_list
                0xc061d25c                gdt_index
                0xc061d260                tty_table
                0xc061daa0                tss
                0xc061db0c                KernelPool
                0xc061db1c                net_buf
                0xc061db20                nic_current_page
                0xc061db24                counter
                0xc061db28                key_pressed
                0xc061db2c                fork_pid
                0xc061db30                is_shift
                0xc061db31                net_data
                0xc061db34                routes
                0xc061db38                gdt_ptr
                0xc061db40                idt
                0xc061e340                main_thread
                0xc061e348                ticks
                0xc061e350                is_init
                0xc061e354                UserPool
                0xc061e364                all_pcb_list
                0xc061e374                console_table
                0xc061e384                is_disp
                0xc061e388                MAIN_THREAD_PAGE_DIRECTORY
                0xc061e38c                helloStr
 *fill*         0xc061e398        0x8 
 COMMON         0xc061e3a0    0xa1d40 global.o
                0xc061e3a0                proc_stack
                0xc06be3a0                proc_table
 COMMON         0xc06c00e0      0x440 hd/hd.o
                0xc06c00e0                hd_info
                0xc06c0320                hd_cache
 COMMON         0xc06c0520      0xe68 fs/fs_main.o
                0xc06c0520                file_desc_table
                0xc06c0920                phy_super_block_buf
                0xc06c0924                phy_fsbuf
                0xc06c0940                inode_table
                0xc06c1340                super_block_buf
                0xc06c1344                fsbuf
                0xc06c1360                root
 *fill*         0xc06c1388       0x18 
 COMMON         0xc06c13a0       0xa8 mem/mem.o
                0xc06c13a0                kernel_mem_block_decs_array
                0xc06c1448                        . = ALIGN ((. != 0x0)?0x4:0x1)
                0xc06c1448                        . = ALIGN (0x4)
                0xc06c1448                        . = SEGMENT_START ("ldata-segment", .)
                0xc06c1448                        . = ALIGN (0x4)
                0xc06c1448                        _end = .
                [!provide]                        PROVIDE (end = .)
                0xc06c1448                        . = DATA_SEGMENT_END (.)

.stab
 *(.stab)

.stabstr
 *(.stabstr)

.stab.excl
 *(.stab.excl)

.stab.exclstr
 *(.stab.exclstr)

.stab.index
 *(.stab.index)

.stab.indexstr
 *(.stab.indexstr)

.comment        0x00000000       0x2c
 *(.comment)
 .comment       0x00000000       0x2c double_link_list.o
                                 0x2d (size before relaxing)
 .comment       0x0000002c       0x2d global.o
 .comment       0x0000002c       0x2d kernel_main.o
 .comment       0x0000002c       0x2d protect.o
 .comment       0x0000002c       0x2d console.o
 .comment       0x0000002c       0x2d process.o
 .comment       0x0000002c       0x2d kernel_main_old.o
 .comment       0x0000002c       0x2d keyboard.o
 .comment       0x0000002c       0x2d thread.o
 .comment       0x0000002c       0x2d my_process.o
 .comment       0x0000002c       0x2d network/skbuff.o
 .comment       0x0000002c       0x2d network/socket.o
 .comment       0x0000002c       0x2d network/ip_input.o
 .comment       0x0000002c       0x2d network/udp_sock.o
 .comment       0x0000002c       0x2d network/dst.o
 .comment       0x0000002c       0x2d network/icmpv4.o
 .comment       0x0000002c       0x2d network/inet.o
 .comment       0x0000002c       0x2d network/tcp.o
 .comment       0x0000002c       0x2d network/route.o
 .comment       0x0000002c       0x2d network/sock.o
 .comment       0x0000002c       0x2d network/tcp_output.o
 .comment       0x0000002c       0x2d network/arp.o
 .comment       0x0000002c       0x2d network/netdev.o
 .comment       0x0000002c       0x2d network/tcp_sock.o
 .comment       0x0000002c       0x2d network/ipc.o
 .comment       0x0000002c       0x2d network/ip_output.o
 .comment       0x0000002c       0x2d network/tcp_input.o
 .comment       0x0000002c       0x2d network/task_network.o
 .comment       0x0000002c       0x2d network/udp.o
 .comment       0x0000002c       0x2d network/tcp_data.o
 .comment       0x0000002c       0x2d network/utils.o
 .comment       0x0000002c       0x2d hd/hd.o
 .comment       0x0000002c       0x2d fs/fs_main.o
 .comment       0x0000002c       0x2d mm/forkexit.o
 .comment       0x0000002c       0x2d mm/exec.o
 .comment       0x0000002c       0x2d mm/main.o
 .comment       0x0000002c       0x2d mem/mem.o
 .comment       0x0000002c       0x2d lib/exec.o
 .comment       0x0000002c       0x2d lib/fork.o
 .comment       0x0000002c       0x2d lib/exit.o
 .comment       0x0000002c       0x2d lib/unlink.o
 .comment       0x0000002c       0x2d lib/wait.o
 .comment       0x0000002c       0x2d lib/socket_close.o
 .comment       0x0000002c       0x2d lib/socket_read.o
 .comment       0x0000002c       0x2d lib/alloca.o
 .comment       0x0000002c       0x2d lib/calloc.o
 .comment       0x0000002c       0x2d lib/floor.o
 .comment       0x0000002c       0x2d lib/socket_write.o
 .comment       0x0000002c       0x2d lib/getpid.o
 .comment       0x0000002c       0x2d lib/stdlib/atoi.o
 .comment       0x0000002c       0x2d lib/stdlib/strtol.o
 .comment       0x0000002c       0x2d lib/string/strtok.o
 .comment       0x0000002c       0x2d lib/string/strcmp.o
 .comment       0x0000002c       0x2d lib/string/strncmp.o
 .comment       0x0000002c       0x2d lib/string/strpbrk.o
 .comment       0x0000002c       0x2d lib/stdio/read.o
 .comment       0x0000002c       0x2d lib/stdio/perror.o
 .comment       0x0000002c       0x2d lib/stdio/sscanf.o
 .comment       0x0000002c       0x2d lib/stdio/open.o
 .comment       0x0000002c       0x2d lib/stdio/write.o
 .comment       0x0000002c       0x2d lib/stdio/close.o
 .comment       0x0000002c       0x2d lib/sys/socket.o
 .comment       0x0000002c       0x2d lib/sys/connect.o
 .comment       0x0000002c       0x2d lib/arpa/ntohs.o
 .comment       0x0000002c       0x2d lib/arpa/htonl.o
 .comment       0x0000002c       0x2d lib/arpa/htons.o
 .comment       0x0000002c       0x2d lib/arpa/inet_pton.o
 .comment       0x0000002c       0x2d lib/arpa/ntohl.o
 .comment       0x0000002c       0x2d lib/arpa/inet_ntop.o

.gnu.build.attributes
 *(.gnu.build.attributes .gnu.build.attributes.*)

.debug
 *(.debug)

.line
 *(.line)

.debug_srcinfo
 *(.debug_srcinfo)

.debug_sfnames
 *(.debug_sfnames)

.debug_aranges  0x00000000      0x898
 *(.debug_aranges)
 .debug_aranges
                0x00000000       0x20 double_link_list.o
 .debug_aranges
                0x00000020       0x18 global.o
 .debug_aranges
                0x00000038       0x20 kernel_main.o
 .debug_aranges
                0x00000058       0x20 protect.o
 .debug_aranges
                0x00000078       0x20 console.o
 .debug_aranges
                0x00000098       0x20 process.o
 .debug_aranges
                0x000000b8       0x20 kernel_main_old.o
 .debug_aranges
                0x000000d8       0x20 keyboard.o
 .debug_aranges
                0x000000f8       0x20 thread.o
 .debug_aranges
                0x00000118       0x20 my_process.o
 .debug_aranges
                0x00000138       0x20 network/skbuff.o
 .debug_aranges
                0x00000158       0x20 network/socket.o
 .debug_aranges
                0x00000178       0x20 network/ip_input.o
 .debug_aranges
                0x00000198       0x20 network/udp_sock.o
 .debug_aranges
                0x000001b8       0x20 network/dst.o
 .debug_aranges
                0x000001d8       0x20 network/icmpv4.o
 .debug_aranges
                0x000001f8       0x20 network/inet.o
 .debug_aranges
                0x00000218       0x20 network/tcp.o
 .debug_aranges
                0x00000238       0x20 network/route.o
 .debug_aranges
                0x00000258       0x20 network/sock.o
 .debug_aranges
                0x00000278       0x20 network/tcp_output.o
 .debug_aranges
                0x00000298       0x20 network/arp.o
 .debug_aranges
                0x000002b8       0x20 network/netdev.o
 .debug_aranges
                0x000002d8       0x20 network/tcp_sock.o
 .debug_aranges
                0x000002f8       0x20 network/ipc.o
 .debug_aranges
                0x00000318       0x20 network/ip_output.o
 .debug_aranges
                0x00000338       0x20 network/tcp_input.o
 .debug_aranges
                0x00000358       0x20 network/task_network.o
 .debug_aranges
                0x00000378       0x20 network/udp.o
 .debug_aranges
                0x00000398       0x20 network/tcp_data.o
 .debug_aranges
                0x000003b8       0x20 network/utils.o
 .debug_aranges
                0x000003d8       0x20 hd/hd.o
 .debug_aranges
                0x000003f8       0x20 fs/fs_main.o
 .debug_aranges
                0x00000418       0x20 mm/forkexit.o
 .debug_aranges
                0x00000438       0x20 mm/exec.o
 .debug_aranges
                0x00000458       0x20 mm/main.o
 .debug_aranges
                0x00000478       0x20 mem/mem.o
 .debug_aranges
                0x00000498       0x20 lib/exec.o
 .debug_aranges
                0x000004b8       0x20 lib/fork.o
 .debug_aranges
                0x000004d8       0x20 lib/exit.o
 .debug_aranges
                0x000004f8       0x20 lib/unlink.o
 .debug_aranges
                0x00000518       0x20 lib/wait.o
 .debug_aranges
                0x00000538       0x20 lib/socket_close.o
 .debug_aranges
                0x00000558       0x20 lib/socket_read.o
 .debug_aranges
                0x00000578       0x20 lib/alloca.o
 .debug_aranges
                0x00000598       0x20 lib/calloc.o
 .debug_aranges
                0x000005b8       0x20 lib/floor.o
 .debug_aranges
                0x000005d8       0x20 lib/socket_write.o
 .debug_aranges
                0x000005f8       0x20 lib/getpid.o
 .debug_aranges
                0x00000618       0x20 lib/stdlib/atoi.o
 .debug_aranges
                0x00000638       0x20 lib/stdlib/strtol.o
 .debug_aranges
                0x00000658       0x20 lib/string/strtok.o
 .debug_aranges
                0x00000678       0x20 lib/string/strcmp.o
 .debug_aranges
                0x00000698       0x20 lib/string/strncmp.o
 .debug_aranges
                0x000006b8       0x20 lib/string/strpbrk.o
 .debug_aranges
                0x000006d8       0x20 lib/stdio/read.o
 .debug_aranges
                0x000006f8       0x20 lib/stdio/perror.o
 .debug_aranges
                0x00000718       0x20 lib/stdio/sscanf.o
 .debug_aranges
                0x00000738       0x20 lib/stdio/open.o
 .debug_aranges
                0x00000758       0x20 lib/stdio/write.o
 .debug_aranges
                0x00000778       0x20 lib/stdio/close.o
 .debug_aranges
                0x00000798       0x20 lib/sys/socket.o
 .debug_aranges
                0x000007b8       0x20 lib/sys/connect.o
 .debug_aranges
                0x000007d8       0x20 lib/arpa/ntohs.o
 .debug_aranges
                0x000007f8       0x20 lib/arpa/htonl.o
 .debug_aranges
                0x00000818       0x20 lib/arpa/htons.o
 .debug_aranges
                0x00000838       0x20 lib/arpa/inet_pton.o
 .debug_aranges
                0x00000858       0x20 lib/arpa/ntohl.o
 .debug_aranges
                0x00000878       0x20 lib/arpa/inet_ntop.o

.debug_pubnames
 *(.debug_pubnames)

.debug_info     0x00000000    0x4654a
 *(.debug_info .gnu.linkonce.wi.*)
 .debug_info    0x00000000     0x10b1 double_link_list.o
 .debug_info    0x000010b1      0xef9 global.o
 .debug_info    0x00001faa     0x11d5 kernel_main.o
 .debug_info    0x0000317f     0x1224 protect.o
 .debug_info    0x000043a3     0x12f9 console.o
 .debug_info    0x0000569c      0xfd1 process.o
 .debug_info    0x0000666d     0x28d0 kernel_main_old.o
 .debug_info    0x00008f3d     0x104d keyboard.o
 .debug_info    0x00009f8a     0x10d8 thread.o
 .debug_info    0x0000b062     0x150c my_process.o
 .debug_info    0x0000c56e     0x11cc network/skbuff.o
 .debug_info    0x0000d73a     0x1c35 network/socket.o
 .debug_info    0x0000f36f     0x1ae1 network/ip_input.o
 .debug_info    0x00010e50     0x1f13 network/udp_sock.o
 .debug_info    0x00012d63     0x1283 network/dst.o
 .debug_info    0x00013fe6     0x193f network/icmpv4.o
 .debug_info    0x00015925     0x1a9a network/inet.o
 .debug_info    0x000173bf     0x1e44 network/tcp.o
 .debug_info    0x00019203     0x1390 network/route.o
 .debug_info    0x0001a593     0x1896 network/sock.o
 .debug_info    0x0001be29     0x235f network/tcp_output.o
 .debug_info    0x0001e188     0x199d network/arp.o
 .debug_info    0x0001fb25     0x1948 network/netdev.o
 .debug_info    0x0002146d     0x2235 network/tcp_sock.o
 .debug_info    0x000236a2     0x1d7c network/ipc.o
 .debug_info    0x0002541e     0x177b network/ip_output.o
 .debug_info    0x00026b99     0x2147 network/tcp_input.o
 .debug_info    0x00028ce0     0x112b network/task_network.o
 .debug_info    0x00029e0b     0x1b44 network/udp.o
 .debug_info    0x0002b94f     0x1dad network/tcp_data.o
 .debug_info    0x0002d6fc      0x367 network/utils.o
 .debug_info    0x0002da63     0x1868 hd/hd.o
 .debug_info    0x0002f2cb     0x1faa fs/fs_main.o
 .debug_info    0x00031275     0x100d mm/forkexit.o
 .debug_info    0x00032282     0x1249 mm/exec.o
 .debug_info    0x000334cb      0xe3b mm/main.o
 .debug_info    0x00034306     0x1dcd mem/mem.o
 .debug_info    0x000360d3      0xfaf lib/exec.o
 .debug_info    0x00037082      0xe17 lib/fork.o
 .debug_info    0x00037e99      0xe22 lib/exit.o
 .debug_info    0x00038cbb      0xf00 lib/unlink.o
 .debug_info    0x00039bbb      0xe30 lib/wait.o
 .debug_info    0x0003a9eb     0x1043 lib/socket_close.o
 .debug_info    0x0003ba2e     0x114b lib/socket_read.o
 .debug_info    0x0003cb79       0xb6 lib/alloca.o
 .debug_info    0x0003cc2f      0xf28 lib/calloc.o
 .debug_info    0x0003db57       0x6b lib/floor.o
 .debug_info    0x0003dbc2     0x1150 lib/socket_write.o
 .debug_info    0x0003ed12      0xe17 lib/getpid.o
 .debug_info    0x0003fb29       0xc9 lib/stdlib/atoi.o
 .debug_info    0x0003fbf2       0xd6 lib/stdlib/strtol.o
 .debug_info    0x0003fcc8       0xae lib/string/strtok.o
 .debug_info    0x0003fd76       0xc1 lib/string/strcmp.o
 .debug_info    0x0003fe37      0x110 lib/string/strncmp.o
 .debug_info    0x0003ff47       0xcf lib/string/strpbrk.o
 .debug_info    0x00040016      0xea1 lib/stdio/read.o
 .debug_info    0x00040eb7       0x5c lib/stdio/perror.o
 .debug_info    0x00040f13      0x202 lib/stdio/sscanf.o
 .debug_info    0x00041115      0xe02 lib/stdio/open.o
 .debug_info    0x00041f17      0xe9e lib/stdio/write.o
 .debug_info    0x00042db5      0xdb6 lib/stdio/close.o
 .debug_info    0x00043b6b     0x1130 lib/sys/socket.o
 .debug_info    0x00044c9b     0x11df lib/sys/connect.o
 .debug_info    0x00045e7a       0xa8 lib/arpa/ntohs.o
 .debug_info    0x00045f22       0xcb lib/arpa/htonl.o
 .debug_info    0x00045fed       0xa8 lib/arpa/htons.o
 .debug_info    0x00046095      0x260 lib/arpa/inet_pton.o
 .debug_info    0x000462f5       0xcb lib/arpa/ntohl.o
 .debug_info    0x000463c0      0x18a lib/arpa/inet_ntop.o

.debug_abbrev   0x00000000     0x85b1
 *(.debug_abbrev)
 .debug_abbrev  0x00000000      0x216 double_link_list.o
 .debug_abbrev  0x00000216      0x157 global.o
 .debug_abbrev  0x0000036d      0x25e kernel_main.o
 .debug_abbrev  0x000005cb      0x227 protect.o
 .debug_abbrev  0x000007f2      0x2ac console.o
 .debug_abbrev  0x00000a9e      0x1e0 process.o
 .debug_abbrev  0x00000c7e      0x43a kernel_main_old.o
 .debug_abbrev  0x000010b8      0x1fb keyboard.o
 .debug_abbrev  0x000012b3      0x222 thread.o
 .debug_abbrev  0x000014d5      0x260 my_process.o
 .debug_abbrev  0x00001735      0x23f network/skbuff.o
 .debug_abbrev  0x00001974      0x327 network/socket.o
 .debug_abbrev  0x00001c9b      0x2d1 network/ip_input.o
 .debug_abbrev  0x00001f6c      0x3b1 network/udp_sock.o
 .debug_abbrev  0x0000231d      0x23a network/dst.o
 .debug_abbrev  0x00002557      0x236 network/icmpv4.o
 .debug_abbrev  0x0000278d      0x24b network/inet.o
 .debug_abbrev  0x000029d8      0x332 network/tcp.o
 .debug_abbrev  0x00002d0a      0x263 network/route.o
 .debug_abbrev  0x00002f6d      0x273 network/sock.o
 .debug_abbrev  0x000031e0      0x39b network/tcp_output.o
 .debug_abbrev  0x0000357b      0x345 network/arp.o
 .debug_abbrev  0x000038c0      0x336 network/netdev.o
 .debug_abbrev  0x00003bf6      0x3e6 network/tcp_sock.o
 .debug_abbrev  0x00003fdc      0x311 network/ipc.o
 .debug_abbrev  0x000042ed      0x213 network/ip_output.o
 .debug_abbrev  0x00004500      0x355 network/tcp_input.o
 .debug_abbrev  0x00004855      0x1cf network/task_network.o
 .debug_abbrev  0x00004a24      0x2d3 network/udp.o
 .debug_abbrev  0x00004cf7      0x2a6 network/tcp_data.o
 .debug_abbrev  0x00004f9d      0x17a network/utils.o
 .debug_abbrev  0x00005117      0x2e3 hd/hd.o
 .debug_abbrev  0x000053fa      0x2f8 fs/fs_main.o
 .debug_abbrev  0x000056f2      0x204 mm/forkexit.o
 .debug_abbrev  0x000058f6      0x1c4 mm/exec.o
 .debug_abbrev  0x00005aba      0x208 mm/main.o
 .debug_abbrev  0x00005cc2      0x330 mem/mem.o
 .debug_abbrev  0x00005ff2      0x1e8 lib/exec.o
 .debug_abbrev  0x000061da      0x18a lib/fork.o
 .debug_abbrev  0x00006364      0x19b lib/exit.o
 .debug_abbrev  0x000064ff      0x193 lib/unlink.o
 .debug_abbrev  0x00006692      0x19f lib/wait.o
 .debug_abbrev  0x00006831      0x1b0 lib/socket_close.o
 .debug_abbrev  0x000069e1      0x1dd lib/socket_read.o
 .debug_abbrev  0x00006bbe       0xcd lib/alloca.o
 .debug_abbrev  0x00006c8b      0x191 lib/calloc.o
 .debug_abbrev  0x00006e1c       0x6a lib/floor.o
 .debug_abbrev  0x00006e86      0x1db lib/socket_write.o
 .debug_abbrev  0x00007061      0x18a lib/getpid.o
 .debug_abbrev  0x000071eb       0x94 lib/stdlib/atoi.o
 .debug_abbrev  0x0000727f       0x8b lib/stdlib/strtol.o
 .debug_abbrev  0x0000730a       0x91 lib/string/strtok.o
 .debug_abbrev  0x0000739b       0x94 lib/string/strcmp.o
 .debug_abbrev  0x0000742f       0xbe lib/string/strncmp.o
 .debug_abbrev  0x000074ed       0xa5 lib/string/strpbrk.o
 .debug_abbrev  0x00007592      0x1ef lib/stdio/read.o
 .debug_abbrev  0x00007781       0x5c lib/stdio/perror.o
 .debug_abbrev  0x000077dd       0xca lib/stdio/sscanf.o
 .debug_abbrev  0x000078a7      0x1c5 lib/stdio/open.o
 .debug_abbrev  0x00007a6c      0x1db lib/stdio/write.o
 .debug_abbrev  0x00007c47      0x19d lib/stdio/close.o
 .debug_abbrev  0x00007de4      0x1cc lib/sys/socket.o
 .debug_abbrev  0x00007fb0      0x1d3 lib/sys/connect.o
 .debug_abbrev  0x00008183       0x6c lib/arpa/ntohs.o
 .debug_abbrev  0x000081ef       0xa5 lib/arpa/htonl.o
 .debug_abbrev  0x00008294       0x6c lib/arpa/htons.o
 .debug_abbrev  0x00008300      0x116 lib/arpa/inet_pton.o
 .debug_abbrev  0x00008416       0xa5 lib/arpa/ntohl.o
 .debug_abbrev  0x000084bb       0xf6 lib/arpa/inet_ntop.o

.debug_line     0x00000000     0xaad8
 *(.debug_line .debug_line.* .debug_line_end)
 .debug_line    0x00000000      0x235 double_link_list.o
 .debug_line    0x00000235       0xb3 global.o
 .debug_line    0x000002e8      0x270 kernel_main.o
 .debug_line    0x00000558      0x21d protect.o
 .debug_line    0x00000775      0x56c console.o
 .debug_line    0x00000ce1      0x1d8 process.o
 .debug_line    0x00000eb9      0xe5a kernel_main_old.o
 .debug_line    0x00001d13      0x2b4 keyboard.o
 .debug_line    0x00001fc7      0x163 thread.o
 .debug_line    0x0000212a      0x359 my_process.o
 .debug_line    0x00002483      0x1ab network/skbuff.o
 .debug_line    0x0000262e      0x3c8 network/socket.o
 .debug_line    0x000029f6      0x28e network/ip_input.o
 .debug_line    0x00002c84      0x4c8 network/udp_sock.o
 .debug_line    0x0000314c      0x1b2 network/dst.o
 .debug_line    0x000032fe      0x232 network/icmpv4.o
 .debug_line    0x00003530      0x326 network/inet.o
 .debug_line    0x00003856      0x30d network/tcp.o
 .debug_line    0x00003b63      0x2a9 network/route.o
 .debug_line    0x00003e0c      0x238 network/sock.o
 .debug_line    0x00004044      0x5a1 network/tcp_output.o
 .debug_line    0x000045e5      0x565 network/arp.o
 .debug_line    0x00004b4a      0x4b5 network/netdev.o
 .debug_line    0x00004fff      0x597 network/tcp_sock.o
 .debug_line    0x00005596      0x60d network/ipc.o
 .debug_line    0x00005ba3      0x20b network/ip_output.o
 .debug_line    0x00005dae      0x671 network/tcp_input.o
 .debug_line    0x0000641f      0x200 network/task_network.o
 .debug_line    0x0000661f      0x302 network/udp.o
 .debug_line    0x00006921      0x3ff network/tcp_data.o
 .debug_line    0x00006d20      0x13c network/utils.o
 .debug_line    0x00006e5c      0x64d hd/hd.o
 .debug_line    0x000074a9      0xc43 fs/fs_main.o
 .debug_line    0x000080ec      0x192 mm/forkexit.o
 .debug_line    0x0000827e      0x22a mm/exec.o
 .debug_line    0x000084a8      0x10a mm/main.o
 .debug_line    0x000085b2      0x78e mem/mem.o
 .debug_line    0x00008d40      0x1a9 lib/exec.o
 .debug_line    0x00008ee9       0xc3 lib/fork.o
 .debug_line    0x00008fac       0xbe lib/exit.o
 .debug_line    0x0000906a       0xde lib/unlink.o
 .debug_line    0x00009148       0xd5 lib/wait.o
 .debug_line    0x0000921d      0x151 lib/socket_close.o
 .debug_line    0x0000936e      0x192 lib/socket_read.o
 .debug_line    0x00009500       0x5f lib/alloca.o
 .debug_line    0x0000955f       0xf9 lib/calloc.o
 .debug_line    0x00009658       0x5a lib/floor.o
 .debug_line    0x000096b2      0x195 lib/socket_write.o
 .debug_line    0x00009847       0xbe lib/getpid.o
 .debug_line    0x00009905       0xad lib/stdlib/atoi.o
 .debug_line    0x000099b2       0xbb lib/stdlib/strtol.o
 .debug_line    0x00009a6d       0x6e lib/string/strtok.o
 .debug_line    0x00009adb       0x9c lib/string/strcmp.o
 .debug_line    0x00009b77       0xcc lib/string/strncmp.o
 .debug_line    0x00009c43       0xb0 lib/string/strpbrk.o
 .debug_line    0x00009cf3      0x15b lib/stdio/read.o
 .debug_line    0x00009e4e       0x48 lib/stdio/perror.o
 .debug_line    0x00009e96      0x220 lib/stdio/sscanf.o
 .debug_line    0x0000a0b6       0xc3 lib/stdio/open.o
 .debug_line    0x0000a179       0xe0 lib/stdio/write.o
 .debug_line    0x0000a259       0xb3 lib/stdio/close.o
 .debug_line    0x0000a30c      0x194 lib/sys/socket.o
 .debug_line    0x0000a4a0      0x1a0 lib/sys/connect.o
 .debug_line    0x0000a640       0x6c lib/arpa/ntohs.o
 .debug_line    0x0000a6ac       0xc1 lib/arpa/htonl.o
 .debug_line    0x0000a76d       0x6c lib/arpa/htons.o
 .debug_line    0x0000a7d9      0x167 lib/arpa/inet_pton.o
 .debug_line    0x0000a940       0xc1 lib/arpa/ntohl.o
 .debug_line    0x0000aa01       0xd7 lib/arpa/inet_ntop.o

.debug_frame
 *(.debug_frame)

.debug_str      0x00000000     0x38df
 *(.debug_str)
 .debug_str     0x00000000     0x38df double_link_list.o
                                0x6fa (size before relaxing)
 .debug_str     0x000038df      0x628 global.o
 .debug_str     0x000038df      0x771 kernel_main.o
 .debug_str     0x000038df      0x783 protect.o
 .debug_str     0x000038df      0x777 console.o
 .debug_str     0x000038df      0x662 process.o
 .debug_str     0x000038df      0xba3 kernel_main_old.o
 .debug_str     0x000038df      0x6b4 keyboard.o
 .debug_str     0x000038df      0x72f thread.o
 .debug_str     0x000038df      0x916 my_process.o
 .debug_str     0x000038df      0x71a network/skbuff.o
 .debug_str     0x000038df      0x946 network/socket.o
 .debug_str     0x000038df      0x9a2 network/ip_input.o
 .debug_str     0x000038df      0xa78 network/udp_sock.o
 .debug_str     0x000038df      0x735 network/dst.o
 .debug_str     0x000038df      0x921 network/icmpv4.o
 .debug_str     0x000038df      0x905 network/inet.o
 .debug_str     0x000038df      0xb34 network/tcp.o
 .debug_str     0x000038df      0x7ce network/route.o
 .debug_str     0x000038df      0x8bd network/sock.o
 .debug_str     0x000038df      0xc24 network/tcp_output.o
 .debug_str     0x000038df      0x92d network/arp.o
 .debug_str     0x000038df      0x92f network/netdev.o
 .debug_str     0x000038df      0xcc7 network/tcp_sock.o
 .debug_str     0x000038df      0x935 network/ipc.o
 .debug_str     0x000038df      0x85d network/ip_output.o
 .debug_str     0x000038df      0xb94 network/tcp_input.o
 .debug_str     0x000038df      0x6d7 network/task_network.o
 .debug_str     0x000038df      0x954 network/udp.o
 .debug_str     0x000038df      0xa50 network/tcp_data.o
 .debug_str     0x000038df      0x1b8 network/utils.o
 .debug_str     0x000038df      0x931 hd/hd.o
 .debug_str     0x000038df      0xb12 fs/fs_main.o
 .debug_str     0x000038df      0x62f mm/forkexit.o
 .debug_str     0x000038df      0x885 mm/exec.o
 .debug_str     0x000038df      0x5b0 mm/main.o
 .debug_str     0x000038df      0xad6 mem/mem.o
 .debug_str     0x000038df      0x644 lib/exec.o
 .debug_str     0x000038df      0x5b6 lib/fork.o
 .debug_str     0x000038df      0x5bd lib/exit.o
 .debug_str     0x000038df      0x63c lib/unlink.o
 .debug_str     0x000038df      0x5bd lib/wait.o
 .debug_str     0x000038df      0x6db lib/socket_close.o
 .debug_str     0x000038df      0x752 lib/socket_read.o
 .debug_str     0x000038df       0xce lib/alloca.o
 .debug_str     0x000038df      0x649 lib/calloc.o
 .debug_str     0x000038df       0xa2 lib/floor.o
 .debug_str     0x000038df      0x755 lib/socket_write.o
 .debug_str     0x000038df      0x5ba lib/getpid.o
 .debug_str     0x000038df       0xad lib/stdlib/atoi.o
 .debug_str     0x000038df       0xc6 lib/stdlib/strtol.o
 .debug_str     0x000038df       0xb9 lib/string/strtok.o
 .debug_str     0x000038df       0xb1 lib/string/strcmp.o
 .debug_str     0x000038df       0xba lib/string/strncmp.o
 .debug_str     0x000038df       0xc1 lib/string/strpbrk.o
 .debug_str     0x000038df      0x617 lib/stdio/read.o
 .debug_str     0x000038df       0x99 lib/stdio/perror.o
 .debug_str     0x000038df      0x109 lib/stdio/sscanf.o
 .debug_str     0x000038df      0x5de lib/stdio/open.o
 .debug_str     0x000038df      0x5f3 lib/stdio/write.o
 .debug_str     0x000038df      0x5a6 lib/stdio/close.o
 .debug_str     0x000038df      0x72b lib/sys/socket.o
 .debug_str     0x000038df      0x792 lib/sys/connect.o
 .debug_str     0x000038df      0x101 lib/arpa/ntohs.o
 .debug_str     0x000038df       0xf4 lib/arpa/htonl.o
 .debug_str     0x000038df      0x102 lib/arpa/htons.o
 .debug_str     0x000038df      0x14c lib/arpa/inet_pton.o
 .debug_str     0x000038df       0xf3 lib/arpa/ntohl.o
 .debug_str     0x000038df      0x10f lib/arpa/inet_ntop.o

.debug_loc
 *(.debug_loc)

.debug_macinfo
 *(.debug_macinfo)

.debug_weaknames
 *(.debug_weaknames)

.debug_funcnames
 *(.debug_funcnames)

.debug_typenames
 *(.debug_typenames)

.debug_varnames
 *(.debug_varnames)

.debug_pubtypes
 *(.debug_pubtypes)

.debug_ranges   0x00000000       0x90
 *(.debug_ranges)
 .debug_ranges  0x00000000       0x30 kernel_main_old.o
 .debug_ranges  0x00000030       0x48 hd/hd.o
 .debug_ranges  0x00000078       0x18 mm/exec.o

.debug_addr
 *(.debug_addr)

.debug_line_str
 *(.debug_line_str)

.debug_loclists
 *(.debug_loclists)

.debug_macro
 *(.debug_macro)

.debug_names
 *(.debug_names)

.debug_rnglists
 *(.debug_rnglists)

.debug_str_offsets
 *(.debug_str_offsets)

.debug_sup
 *(.debug_sup)

.gnu.attributes
 *(.gnu.attributes)

/DISCARD/
 *(.note.GNU-stack)
 *(.gnu_debuglink)
 *(.gnu.lto_*)
OUTPUT(kernel.bin elf32-i386)
