
Merging program properties

Removed property 0xc0010001 to merge double_link_list.o (0x1) and kernel/kernel_sub.o (not found)
Removed property 0xc0010002 to merge double_link_list.o (0x0) and kernel/kernel_sub.o (not found)
Removed property 0xc0010001 to merge double_link_list.o (not found) and global.o (0x1)
Removed property 0xc0010002 to merge double_link_list.o (not found) and global.o (0x0)
Removed property 0xc0010001 to merge double_link_list.o (not found) and protect.o (0x1)
Removed property 0xc0010002 to merge double_link_list.o (not found) and protect.o (0x0)
Removed property 0xc0010001 to merge double_link_list.o (not found) and console.o (0x1)
Removed property 0xc0010002 to merge double_link_list.o (not found) and console.o (0x1)
Removed property 0xc0010001 to merge double_link_list.o (not found) and kernel_main_old.o (0x1)
Removed property 0xc0010002 to merge double_link_list.o (not found) and kernel_main_old.o (0x1)
Removed property 0xc0010001 to merge double_link_list.o (not found) and keyboard.o (0x1)
Removed property 0xc0010002 to merge double_link_list.o (not found) and keyboard.o (0x0)
Removed property 0xc0010001 to merge double_link_list.o (not found) and process.o (0x1)
Removed property 0xc0010002 to merge double_link_list.o (not found) and process.o (0x0)
Removed property 0xc0010001 to merge double_link_list.o (not found) and thread.o (0x1)
Removed property 0xc0010002 to merge double_link_list.o (not found) and thread.o (0x0)
Removed property 0xc0010001 to merge double_link_list.o (not found) and my_process.o (0x1)
Removed property 0xc0010002 to merge double_link_list.o (not found) and my_process.o (0x1)
Removed property 0xc0010001 to merge double_link_list.o (not found) and kernel_main.o (0x1)
Removed property 0xc0010002 to merge double_link_list.o (not found) and kernel_main.o (0x0)
Removed property 0xc0010001 to merge double_link_list.o (not found) and network/task_network.o (0x1)
Removed property 0xc0010002 to merge double_link_list.o (not found) and network/task_network.o (0x0)
Removed property 0xc0010001 to merge double_link_list.o (not found) and hd/hd.o (0x1)
Removed property 0xc0010002 to merge double_link_list.o (not found) and hd/hd.o (0x1)
Removed property 0xc0010001 to merge double_link_list.o (not found) and fs/fs_main.o (0x1)
Removed property 0xc0010002 to merge double_link_list.o (not found) and fs/fs_main.o (0x1)
Removed property 0xc0010001 to merge double_link_list.o (not found) and mm/forkexit.o (0x1)
Removed property 0xc0010002 to merge double_link_list.o (not found) and mm/forkexit.o (0x0)
Removed property 0xc0010001 to merge double_link_list.o (not found) and mm/exec.o (0x1)
Removed property 0xc0010002 to merge double_link_list.o (not found) and mm/exec.o (0x0)
Removed property 0xc0010001 to merge double_link_list.o (not found) and mm/main.o (0x1)
Removed property 0xc0010002 to merge double_link_list.o (not found) and mm/main.o (0x0)
Removed property 0xc0010001 to merge double_link_list.o (not found) and lib/exec.o (0x1)
Removed property 0xc0010002 to merge double_link_list.o (not found) and lib/exec.o (0x0)
Removed property 0xc0010001 to merge double_link_list.o (not found) and lib/read.o (0x1)
Removed property 0xc0010002 to merge double_link_list.o (not found) and lib/read.o (0x0)
Removed property 0xc0010001 to merge double_link_list.o (not found) and lib/exit.o (0x1)
Removed property 0xc0010002 to merge double_link_list.o (not found) and lib/exit.o (0x0)
Removed property 0xc0010001 to merge double_link_list.o (not found) and lib/unlink.o (0x1)
Removed property 0xc0010002 to merge double_link_list.o (not found) and lib/unlink.o (0x0)
Removed property 0xc0010001 to merge double_link_list.o (not found) and lib/wait.o (0x1)
Removed property 0xc0010002 to merge double_link_list.o (not found) and lib/wait.o (0x0)
Removed property 0xc0010001 to merge double_link_list.o (not found) and lib/open.o (0x1)
Removed property 0xc0010002 to merge double_link_list.o (not found) and lib/open.o (0x0)
Removed property 0xc0010001 to merge double_link_list.o (not found) and lib/write.o (0x1)
Removed property 0xc0010002 to merge double_link_list.o (not found) and lib/write.o (0x0)
Removed property 0xc0010001 to merge double_link_list.o (not found) and lib/close.o (0x1)
Removed property 0xc0010002 to merge double_link_list.o (not found) and lib/close.o (0x0)
Removed property 0xc0010001 to merge double_link_list.o (not found) and lib/fork.o (0x1)
Removed property 0xc0010002 to merge double_link_list.o (not found) and lib/fork.o (0x0)
Removed property 0xc0010001 to merge double_link_list.o (not found) and lib/getpid.o (0x1)
Removed property 0xc0010002 to merge double_link_list.o (not found) and lib/getpid.o (0x0)

Allocating common symbols
Common symbol       size              file

current_tty         0x4               double_link_list.o
file_desc_table     0x400             fs/fs_main.o
is_e0               0x1               double_link_list.o
phy_super_block_buf
                    0x4               fs/fs_main.o
phy_fsbuf           0x4               fs/fs_main.o
idt_ptr             0x6               double_link_list.o
pid                 0x4               double_link_list.o
KernelVirtualMemory
                    0xc               double_link_list.o
inode_table         0xa00             fs/fs_main.o
current_dis_pos     0x4               double_link_list.o
dis_pos             0x4               double_link_list.o
k_reenter           0x4               double_link_list.o
super_block_buf     0x4               fs/fs_main.o
gdt                 0x400             double_link_list.o
proc_ready_table    0x4               double_link_list.o
test_ticks          0x4               double_link_list.o
hd_info             0x224             hd/hd.o
proc_stack          0x70000           global.o
pcaller             0x4               double_link_list.o
keyboard_buffer     0x20c             double_link_list.o
pcb_list            0x10              double_link_list.o
gdt_index           0x4               double_link_list.o
tty_table           0x828             double_link_list.o
tss                 0x6c              double_link_list.o
KernelPool          0x10              double_link_list.o
net_buf             0x4               double_link_list.o
fsbuf               0x4               fs/fs_main.o
nic_current_page    0x1               double_link_list.o
root                0x28              fs/fs_main.o
kernel_mem_block_decs_array
                    0xf0              mem/mem.o
counter             0x4               double_link_list.o
key_pressed         0x4               double_link_list.o
fork_pid            0x4               double_link_list.o
is_shift            0x1               double_link_list.o
net_data            0x1               double_link_list.o
gdt_ptr             0x6               double_link_list.o
idt                 0x800             double_link_list.o
main_thread         0x4               double_link_list.o
ticks               0x8               double_link_list.o
is_init             0x1               double_link_list.o
UserPool            0x10              double_link_list.o
all_pcb_list        0x10              double_link_list.o
console_table       0x10              double_link_list.o
is_disp             0x1               double_link_list.o
MAIN_THREAD_PAGE_DIRECTORY
                    0x4               double_link_list.o
helloStr            0xc               double_link_list.o
proc_table          0x189c            global.o
hd_cache            0x200             hd/hd.o

Discarded input sections

 .note.GNU-stack
                0x00000000        0x0 double_link_list.o
 .note.gnu.property
                0x00000000       0x28 double_link_list.o
 .note.GNU-stack
                0x00000000        0x0 global.o
 .note.gnu.property
                0x00000000       0x28 global.o
 .note.GNU-stack
                0x00000000        0x0 protect.o
 .note.gnu.property
                0x00000000       0x28 protect.o
 .note.GNU-stack
                0x00000000        0x0 console.o
 .note.gnu.property
                0x00000000       0x28 console.o
 .note.GNU-stack
                0x00000000        0x0 kernel_main_old.o
 .note.gnu.property
                0x00000000       0x28 kernel_main_old.o
 .note.GNU-stack
                0x00000000        0x0 keyboard.o
 .note.gnu.property
                0x00000000       0x28 keyboard.o
 .note.GNU-stack
                0x00000000        0x0 process.o
 .note.gnu.property
                0x00000000       0x28 process.o
 .note.GNU-stack
                0x00000000        0x0 thread.o
 .note.gnu.property
                0x00000000       0x28 thread.o
 .note.GNU-stack
                0x00000000        0x0 my_process.o
 .note.gnu.property
                0x00000000       0x28 my_process.o
 .note.GNU-stack
                0x00000000        0x0 kernel_main.o
 .note.gnu.property
                0x00000000       0x28 kernel_main.o
 .note.GNU-stack
                0x00000000        0x0 network/task_network.o
 .note.gnu.property
                0x00000000       0x28 network/task_network.o
 .note.GNU-stack
                0x00000000        0x0 hd/hd.o
 .note.gnu.property
                0x00000000       0x28 hd/hd.o
 .note.GNU-stack
                0x00000000        0x0 fs/fs_main.o
 .note.gnu.property
                0x00000000       0x28 fs/fs_main.o
 .note.GNU-stack
                0x00000000        0x0 mm/forkexit.o
 .note.gnu.property
                0x00000000       0x28 mm/forkexit.o
 .note.GNU-stack
                0x00000000        0x0 mm/exec.o
 .note.gnu.property
                0x00000000       0x28 mm/exec.o
 .note.GNU-stack
                0x00000000        0x0 mm/main.o
 .note.gnu.property
                0x00000000       0x28 mm/main.o
 .note.GNU-stack
                0x00000000        0x0 mem/mem.o
 .note.GNU-stack
                0x00000000        0x0 lib/exec.o
 .note.gnu.property
                0x00000000       0x28 lib/exec.o
 .note.GNU-stack
                0x00000000        0x0 lib/read.o
 .note.gnu.property
                0x00000000       0x28 lib/read.o
 .note.GNU-stack
                0x00000000        0x0 lib/exit.o
 .note.gnu.property
                0x00000000       0x28 lib/exit.o
 .note.GNU-stack
                0x00000000        0x0 lib/unlink.o
 .note.gnu.property
                0x00000000       0x28 lib/unlink.o
 .note.GNU-stack
                0x00000000        0x0 lib/wait.o
 .note.gnu.property
                0x00000000       0x28 lib/wait.o
 .note.GNU-stack
                0x00000000        0x0 lib/open.o
 .note.gnu.property
                0x00000000       0x28 lib/open.o
 .note.GNU-stack
                0x00000000        0x0 lib/write.o
 .note.gnu.property
                0x00000000       0x28 lib/write.o
 .note.GNU-stack
                0x00000000        0x0 lib/close.o
 .note.gnu.property
                0x00000000       0x28 lib/close.o
 .note.GNU-stack
                0x00000000        0x0 lib/fork.o
 .note.gnu.property
                0x00000000       0x28 lib/fork.o
 .note.GNU-stack
                0x00000000        0x0 lib/getpid.o
 .note.gnu.property
                0x00000000       0x28 lib/getpid.o

Memory Configuration

Name             Origin             Length             Attributes
*default*        0x00000000         0xffffffff

Linker script and memory map

Address of section .text set to 0xc0100000
LOAD kernel/kernel_sub.o
LOAD kernel/kernel.o
LOAD syscall.o
LOAD switch_to.o
LOAD string.o
LOAD hd/hd_rdwt.o
LOAD network/ne2000.o
LOAD double_link_list.o
LOAD global.o
LOAD protect.o
LOAD console.o
LOAD kernel_main_old.o
LOAD keyboard.o
LOAD process.o
LOAD thread.o
LOAD my_process.o
LOAD kernel_main.o
LOAD network/task_network.o
LOAD hd/hd.o
LOAD fs/fs_main.o
LOAD mm/forkexit.o
LOAD mm/exec.o
LOAD mm/main.o
LOAD mem/mem.o
LOAD lib/exec.o
LOAD lib/read.o
LOAD lib/exit.o
LOAD lib/unlink.o
LOAD lib/wait.o
LOAD lib/open.o
LOAD lib/write.o
LOAD lib/close.o
LOAD lib/fork.o
LOAD lib/getpid.o
                [!provide]                        PROVIDE (__executable_start = SEGMENT_START ("text-segment", 0x8048000))
                0x080480d4                        . = (SEGMENT_START ("text-segment", 0x8048000) + SIZEOF_HEADERS)

.interp
 *(.interp)

.note.gnu.build-id
 *(.note.gnu.build-id)

.hash
 *(.hash)

.gnu.hash
 *(.gnu.hash)

.dynsym
 *(.dynsym)

.dynstr
 *(.dynstr)

.gnu.version
 *(.gnu.version)

.gnu.version_d
 *(.gnu.version_d)

.gnu.version_r
 *(.gnu.version_r)

.rel.dyn        0x080480d4        0x0
 *(.rel.init)
 *(.rel.text .rel.text.* .rel.gnu.linkonce.t.*)
 .rel.text      0x080480d4        0x0 kernel/kernel_sub.o
 *(.rel.fini)
 *(.rel.rodata .rel.rodata.* .rel.gnu.linkonce.r.*)
 *(.rel.data.rel.ro .rel.data.rel.ro.* .rel.gnu.linkonce.d.rel.ro.*)
 *(.rel.data .rel.data.* .rel.gnu.linkonce.d.*)
 *(.rel.tdata .rel.tdata.* .rel.gnu.linkonce.td.*)
 *(.rel.tbss .rel.tbss.* .rel.gnu.linkonce.tb.*)
 *(.rel.ctors)
 *(.rel.dtors)
 *(.rel.got)
 .rel.got       0x080480d4        0x0 kernel/kernel_sub.o
 *(.rel.bss .rel.bss.* .rel.gnu.linkonce.b.*)
 *(.rel.ifunc)

.rel.plt        0x080480d4        0x0
 *(.rel.plt)
                [!provide]                        PROVIDE (__rel_iplt_start = .)
 *(.rel.iplt)
 .rel.iplt      0x080480d4        0x0 kernel/kernel_sub.o
                [!provide]                        PROVIDE (__rel_iplt_end = .)

.relr.dyn
 *(.relr.dyn)
                0x08049000                        . = ALIGN (CONSTANT (MAXPAGESIZE))

.init
 *(SORT_NONE(.init))

.plt            0x08049000        0x0
 *(.plt)
 *(.iplt)
 .iplt          0x08049000        0x0 kernel/kernel_sub.o

.plt.got
 *(.plt.got)

.plt.sec
 *(.plt.sec)

.text           0xc0100000     0xa984
 *(.text.unlikely .text.*_unlikely .text.unlikely.*)
 *(.text.exit .text.exit.*)
 *(.text.startup .text.startup.*)
 *(.text.hot .text.hot.*)
 *(SORT_BY_NAME(.text.sorted.*))
 *(.text .stub .text.* .gnu.linkonce.t.*)
 .text          0xc0100000       0x74 kernel/kernel_sub.o
                0xc0100000                _start
 *fill*         0xc0100074        0xc 
 .text          0xc0100080      0x3d7 kernel/kernel.o
                0xc0100080                InterruptTest
                0xc010008c                disp_str_len
                0xc01000d9                disp_str
                0xc0100114                disp_str_colour
                0xc0100150                divide_zero_fault
                0xc0100156                single_step_fault
                0xc010015c                non_maskable_interrupt
                0xc0100162                breakpoint_trap
                0xc0100168                overflow_trap
                0xc010016e                bound_range_exceeded_fault
                0xc0100174                invalid_opcode_fault
                0xc010017a                coprocessor_not_available_fault
                0xc0100180                double_fault_exception_abort
                0xc0100184                coprocessor_segment_overrun
                0xc010018a                invalid_task_state_segment_fault
                0xc010018e                segment_not_present_fault
                0xc0100192                stack_exception_fault
                0xc0100196                general_protection_exception_fault
                0xc01001a1                page_fault
                0xc01001a5                coprocessor_error_fault
                0xc01001ab                align_check_fault
                0xc01001af                simd_float_exception_fault
                0xc01001be                hwint0
                0xc01001ee                hwint1
                0xc0100231                hwint14
                0xc0100277                hwint10
                0xc01002ba                sys_call
                0xc0100300                fork_restart
                0xc010030f                restart
                0xc0100332                in_byte
                0xc010033e                out_byte
                0xc0100360                disable_int
                0xc0100362                enable_int
                0xc01003f8                enable_8259A_casecade_irq
                0xc0100402                disable_8259A_casecade_irq
                0xc010040c                enable_8259A_slave_winchester_irq
                0xc0100416                disable_8259A_slave_winchester_irq
                0xc0100420                update_cr3
                0xc010042d                update_tss
                0xc010043c                get_running_thread_pcb
                0xc0100444                sys_call_test
                0xc0100447                enable_8259A_slave_net_irq
 *fill*         0xc0100457        0x9 
 .text          0xc0100460       0x69 syscall.o
                0xc0100460                write_debug
                0xc0100470                send_msg
                0xc0100486                receive_msg
                0xc010049c                sys_malloc
                0xc01004b1                sys_free
 *fill*         0xc01004c9        0x7 
 .text          0xc01004d0       0x15 switch_to.o
                0xc01004d0                switch_to
 *fill*         0xc01004e5        0xb 
 .text          0xc01004f0      0x260 network/ne2000.o
                0xc0100513                DriverInitialize
                0xc010059d                SetPageStart
                0xc01005c5                DriverSend
                0xc010063a                PCtoNIC
                0xc01006a8                get_interrupt_status
                0xc01006be                set_interrupt_status
                0xc01006d7                get_curr_page
                0xc01006f4                NICtoPC
 .text          0xc0100750      0x329 double_link_list.o
                0xc0100750                initDoubleLinkList
                0xc010077e                isListEmpty
                0xc010079f                findElementInList
                0xc010087b                appendToDoubleLinkList
                0xc0100962                insertToDoubleLinkList
                0xc01009e5                popFromDoubleLinkList
 .text          0xc0100a79        0x0 global.o
 .text          0xc0100a79      0x3b3 protect.o
                0xc0100a79                InitDescriptor
                0xc0100ae6                Seg2PhyAddr
                0xc0100b27                Seg2PhyAddrLDT
                0xc0100b6b                VirAddr2PhyAddr
                0xc0100b81                v2l
                0xc0100bc4                init_propt
                0xc0100d45                InitInterruptDesc
                0xc0100da1                ReloadGDT
 .text          0xc0100e2c      0xaca console.o
                0xc0100e2c                select_console
                0xc0100e68                flush
                0xc0100ea1                set_cursor
                0xc0100eff                set_console_start_video_addr
                0xc0100f5d                put_key
                0xc0100fc9                scroll_up
                0xc010100b                scroll_down
                0xc0101076                out_char
                0xc0101233                tty_dev_read
                0xc010125d                tty_dev_write
                0xc010148a                tty_do_read
                0xc0101552                tty_do_write
                0xc01016b5                init_screen
                0xc010173e                init_tty
                0xc01017f3                TaskTTY
 .text          0xc01018f6     0x2d4d kernel_main_old.o
                0xc01018f6                stop_here
                0xc010193a                catch_error
                0xc0101957                intr_enable
                0xc0101980                intr_disable
                0xc01019a9                intr_set_status
                0xc01019c7                intr_get_status
                0xc01019e4                Memcpy
                0xc0101a17                untar
                0xc0101d2c                atoi
                0xc0101dd2                disp_int
                0xc0101dfb                do_page_fault
                0xc0101f38                exception_handler
                0xc010211f                init_internal_interrupt
                0xc0102294                spurious_irq
                0xc0102322                init_keyboard
                0xc0102365                TestTTY
                0xc0102404                TestReadReturnValue
                0xc0102481                TestWriteReturnValue
                0xc0102555                TestFS2
                0xc0102563                TestFS
                0xc0102a05                wait_exit
                0xc0102b03                INIT_fork
                0xc0102dfb                simple_shell
                0xc0102f82                test_shell
                0xc0102fea                test_exec
                0xc010312a                INIT
                0xc0103137                TestA
                0xc010316c                delay
                0xc01031b0                TestB
                0xc01031c8                TestC
                0xc01031fb                sys_get_ticks
                0xc010320b                sys_write
                0xc010325f                milli_delay
                0xc010329b                TaskSys
                0xc01032a0                Printf
                0xc01032fe                vsprintf
                0xc01034aa                printx
                0xc01034ed                sys_printx
                0xc01035b9                spin
                0xc01035df                panic
                0xc01035fd                assertion_failure
                0xc010366f                assertion_failure2
                0xc01036e4                dead_lock
                0xc01036ee                sys_send_msg
                0xc0103c0d                sys_receive_msg
                0xc010426d                send_rec
                0xc0104368                block
                0xc01043a4                unblock
                0xc01043f4                get_ticks_ipc
                0xc010444b                itoa
                0xc01044a1                i2a
                0xc0104507                inform_int
                0xc01045d4                strcmp
 .text          0xc0104643      0x40f keyboard.o
                0xc0104643                keyboard_handler
                0xc01046c7                read_from_keyboard_buf
                0xc010472d                keyboard_read
                0xc01048ac                init_keyboard_handler
                0xc01048c0                in_process
 .text          0xc0104a52      0x21b process.o
                0xc0104a52                schedule_process
                0xc0104b5f                clock_handler
                0xc0104bd0                pid2proc
                0xc0104c56                proc2pid
 .text          0xc0104c6d      0x1b2 thread.o
                0xc0104c6d                kernel_thread
                0xc0104c85                thread_init
                0xc0104d32                thread_create
                0xc0104d67                thread_start
 .text          0xc0104e1f      0x730 my_process.o
                0xc0104e1f                create_user_process_address_space
                0xc0104eaf                user_process
                0xc0104fdc                clone_pcb
                0xc010514e                build_body_stack
                0xc0105281                build_process_kernel_stack
                0xc0105344                fork_process
                0xc01053d5                process_execute
 .text          0xc010554f      0x3ea kernel_main.o
                0xc010554f                kernel_main
                0xc01056f5                init
                0xc0105790                kernel_thread_a
                0xc01057dd                kernel_thread_b
                0xc010582a                kernel_thread_c
                0xc0105840                kernel_thread_d
                0xc0105856                user_proc_a
                0xc0105921                user_proc_b
 .text          0xc0105939       0xb8 network/task_network.o
                0xc0105939                task_network
                0xc01059a9                network_handle
 .text          0xc01059f1      0xe63 hd/hd.o
                0xc01059f1                TaskHD
                0xc0105a36                init_hd
                0xc0105a50                hd_handle
                0xc0105b55                hd_cmd_out
                0xc0105c57                hd_identify
                0xc0105d0e                print_hdinfo
                0xc0105e9c                print_dpt_entry
                0xc0105f08                get_partition_table
                0xc0105fe7                partition
                0xc0106201                hd_open
                0xc01062a8                get_hd_ioctl
                0xc0106359                wait_for
                0xc010638a                interrupt_wait
                0xc01063da                hd_rdwt
                0xc0106679                hd_handler
                0xc01066a5                debug_ticks
                0xc01066e3                net_handler
                0xc01066eb                waitfor
                0xc010672f                print_hd_info
                0xc010681c                is_empty
 .text          0xc0106854     0x204f fs/fs_main.o
                0xc0106854                task_fs
                0xc0106a5f                rd_wt
                0xc0106b38                mkfs
                0xc010711a                init_fs
                0xc010716e                do_open
                0xc010735d                search_file
                0xc010748f                strip_path
                0xc010755b                get_inode
                0xc010771d                create_file
                0xc0107828                alloc_imap_bit
                0xc0107925                alloc_smap_bit
                0xc0107ac6                new_inode
                0xc0107be4                new_dir_entry
                0xc0107df0                do_unlink
                0xc01082cc                do_rdwt
                0xc0108657                sync_inode
                0xc01087ab                put_inode
                0xc01087e9                do_close
                0xc010883b                get_super_block
 .text          0xc01088a3      0x271 mm/forkexit.o
                0xc01088a3                do_fork
                0xc0108911                do_exit
                0xc010899b                do_wait
                0xc0108aba                cleanup
 .text          0xc0108b14      0x419 mm/exec.o
                0xc0108b14                do_exec
 .text          0xc0108f2d      0x148 mm/main.o
                0xc0108f2d                TaskMM
                0xc0109056                alloc_mem
 .text          0xc0109075     0x1275 mem/mem.o
                0xc0109075                init_bitmap
                0xc0109098                test_bit_val
                0xc0109101                set_bit_val
                0xc010917c                set_bits
                0xc01091b6                get_first_free_bit
                0xc01091fa                get_bits
                0xc01092c2                get_a_page
                0xc0109376                get_virtual_address_start_with_addr
                0xc0109410                get_virtual_address
                0xc01094a0                ptr_pde
                0xc01094b3                ptr_pte
                0xc01094da                add_map_entry
                0xc010956b                alloc_virtual_memory
                0xc010963e                get_physical_address_proc
                0xc01096ba                get_physical_address
                0xc01096ec                alloc_physical_memory_of_proc
                0xc01097db                alloc_physical_memory
                0xc01098a3                alloc_memory
                0xc0109905                get_a_virtual_page
                0xc010993d                block2arena
                0xc0109953                sys_malloc2
                0xc0109c09                remove_map_entry
                0xc0109c2a                free_a_page
                0xc0109cd1                sys_free2
                0xc0109e59                init_memory_block_desc
                0xc0109f2a                init_memory2
                0xc010a1a1                init_memory
 .text          0xc010a2ea      0x285 lib/exec.o
                0xc010a2ea                exec
                0xc010a35b                execv
                0xc010a54a                execl
 .text          0xc010a56f      0x181 lib/read.o
                0xc010a56f                read
 .text          0xc010a6f0       0x2f lib/exit.o
                0xc010a6f0                exit
 .text          0xc010a71f       0x42 lib/unlink.o
                0xc010a71f                unlink
 .text          0xc010a761       0x44 lib/wait.o
                0xc010a761                wait
 .text          0xc010a7a5       0x95 lib/open.o
                0xc010a7a5                open
 .text          0xc010a83a       0x85 lib/write.o
                0xc010a83a                write
 .text          0xc010a8bf       0x52 lib/close.o
                0xc010a8bf                close
 .text          0xc010a911       0x48 lib/fork.o
                0xc010a911                fork
 .text          0xc010a959       0x2b lib/getpid.o
                0xc010a959                getpid
 *(.gnu.warning)

.fini
 *(SORT_NONE(.fini))
                [!provide]                        PROVIDE (__etext = .)
                [!provide]                        PROVIDE (_etext = .)
                [!provide]                        PROVIDE (etext = .)
                0xc010b000                        . = ALIGN (CONSTANT (MAXPAGESIZE))
                0xc010b000                        . = SEGMENT_START ("rodata-segment", (ALIGN (CONSTANT (MAXPAGESIZE)) + (. & (CONSTANT (MAXPAGESIZE) - 0x1))))

.rodata         0xc010b000     0x11cf
 *(.rodata .rodata.* .gnu.linkonce.r.*)
 .rodata        0xc010b000       0x2c double_link_list.o
 .rodata        0xc010b02c       0x22 console.o
 *fill*         0xc010b04e       0x12 
 .rodata        0xc010b060      0xb75 kernel_main_old.o
 .rodata        0xc010bbd5       0x26 process.o
 *fill*         0xc010bbfb        0x1 
 .rodata        0xc010bbfc      0x14c kernel_main.o
 .rodata        0xc010bd48       0x2c network/task_network.o
 .rodata        0xc010bd74      0x19c hd/hd.o
 .rodata        0xc010bf10      0x1eb fs/fs_main.o
                0xc010bf10                FSBUF_SIZE
 .rodata        0xc010c0fb       0x21 mm/forkexit.o
 .rodata        0xc010c11c       0x10 mm/exec.o
 .rodata        0xc010c12c       0x11 mm/main.o
 .rodata        0xc010c13d       0x41 mem/mem.o
 .rodata        0xc010c17e       0x2d lib/exec.o
 .rodata        0xc010c1ab       0x24 lib/close.o

.txt            0xc010c1cf       0xaa
 .txt           0xc010c1cf       0x82 string.o
                0xc010c1cf                Memcpy2
                0xc010c1fd                Memset
                0xc010c21c                Strcpy
                0xc010c236                Strlen
 .txt           0xc010c251       0x28 hd/hd_rdwt.o
                0xc010c251                read_port
                0xc010c265                write_port

.rodata1
 *(.rodata1)

.eh_frame_hdr
 *(.eh_frame_hdr)
 *(.eh_frame_entry .eh_frame_entry.*)

.eh_frame       0xc010c27c     0x18c4
 *(.eh_frame)
 .eh_frame      0xc010c27c       0xd8 double_link_list.o
 .eh_frame      0xc010c354      0x100 protect.o
                                0x118 (size before relaxing)
 .eh_frame      0xc010c454      0x1e0 console.o
                                0x1f8 (size before relaxing)
 .eh_frame      0xc010c634      0x6ac kernel_main_old.o
                                0x6c4 (size before relaxing)
 .eh_frame      0xc010cce0       0xa0 keyboard.o
                                 0xb8 (size before relaxing)
 .eh_frame      0xc010cd80       0x80 process.o
                                 0x98 (size before relaxing)
 .eh_frame      0xc010ce00       0x80 thread.o
                                 0x98 (size before relaxing)
 .eh_frame      0xc010ce80       0xe0 my_process.o
                                 0xf8 (size before relaxing)
 .eh_frame      0xc010cf60       0xe4 kernel_main.o
                                 0xfc (size before relaxing)
 .eh_frame      0xc010d044       0x3c network/task_network.o
                                 0x54 (size before relaxing)
 .eh_frame      0xc010d080      0x284 hd/hd.o
                                0x29c (size before relaxing)
 .eh_frame      0xc010d304      0x27c fs/fs_main.o
                                0x294 (size before relaxing)
 .eh_frame      0xc010d580       0x80 mm/forkexit.o
                                 0x98 (size before relaxing)
 .eh_frame      0xc010d600       0x20 mm/exec.o
                                 0x38 (size before relaxing)
 .eh_frame      0xc010d620       0x3c mm/main.o
                                 0x54 (size before relaxing)
 .eh_frame      0xc010d65c      0x364 mem/mem.o
                                0x37c (size before relaxing)
 .eh_frame      0xc010d9c0       0x60 lib/exec.o
                                 0x78 (size before relaxing)
 .eh_frame      0xc010da20       0x20 lib/read.o
                                 0x38 (size before relaxing)
 .eh_frame      0xc010da40       0x20 lib/exit.o
                                 0x38 (size before relaxing)
 .eh_frame      0xc010da60       0x20 lib/unlink.o
                                 0x38 (size before relaxing)
 .eh_frame      0xc010da80       0x20 lib/wait.o
                                 0x38 (size before relaxing)
 .eh_frame      0xc010daa0       0x20 lib/open.o
                                 0x38 (size before relaxing)
 .eh_frame      0xc010dac0       0x20 lib/write.o
                                 0x38 (size before relaxing)
 .eh_frame      0xc010dae0       0x20 lib/close.o
                                 0x38 (size before relaxing)
 .eh_frame      0xc010db00       0x20 lib/fork.o
                                 0x38 (size before relaxing)
 .eh_frame      0xc010db20       0x20 lib/getpid.o
                                 0x38 (size before relaxing)
 *(.eh_frame.*)

.sframe
 *(.sframe)
 *(.sframe.*)

.gcc_except_table
 *(.gcc_except_table .gcc_except_table.*)

.gnu_extab
 *(.gnu_extab*)

.exception_ranges
 *(.exception_ranges*)
                0xc010e000                        . = DATA_SEGMENT_ALIGN (CONSTANT (MAXPAGESIZE), CONSTANT (COMMONPAGESIZE))

.eh_frame
 *(.eh_frame)
 *(.eh_frame.*)

.sframe
 *(.sframe)
 *(.sframe.*)

.gnu_extab
 *(.gnu_extab)

.gcc_except_table
 *(.gcc_except_table .gcc_except_table.*)

.exception_ranges
 *(.exception_ranges*)

.tdata          0xc010e000        0x0
                [!provide]                        PROVIDE (__tdata_start = .)
 *(.tdata .tdata.* .gnu.linkonce.td.*)

.tbss
 *(.tbss .tbss.* .gnu.linkonce.tb.*)
 *(.tcommon)

.preinit_array  0xc010e000        0x0
                [!provide]                        PROVIDE (__preinit_array_start = .)
 *(.preinit_array)
                [!provide]                        PROVIDE (__preinit_array_end = .)

.init_array     0xc010e000        0x0
                [!provide]                        PROVIDE (__init_array_start = .)
 *(SORT_BY_INIT_PRIORITY(.init_array.*) SORT_BY_INIT_PRIORITY(.ctors.*))
 *(.init_array EXCLUDE_FILE(*crtend?.o *crtend.o *crtbegin?.o *crtbegin.o) .ctors)
                [!provide]                        PROVIDE (__init_array_end = .)

.fini_array     0xc010e000        0x0
                [!provide]                        PROVIDE (__fini_array_start = .)
 *(SORT_BY_INIT_PRIORITY(.fini_array.*) SORT_BY_INIT_PRIORITY(.dtors.*))
 *(.fini_array EXCLUDE_FILE(*crtend?.o *crtend.o *crtbegin?.o *crtbegin.o) .dtors)
                [!provide]                        PROVIDE (__fini_array_end = .)

.ctors
 *crtbegin.o(.ctors)
 *crtbegin?.o(.ctors)
 *(EXCLUDE_FILE(*crtend?.o *crtend.o) .ctors)
 *(SORT_BY_NAME(.ctors.*))
 *(.ctors)

.dtors
 *crtbegin.o(.dtors)
 *crtbegin?.o(.dtors)
 *(EXCLUDE_FILE(*crtend?.o *crtend.o) .dtors)
 *(SORT_BY_NAME(.dtors.*))
 *(.dtors)

.jcr
 *(.jcr)

.data.rel.ro
 *(.data.rel.ro.local* .gnu.linkonce.d.rel.ro.local.*)
 *(.data.rel.ro .data.rel.ro.* .gnu.linkonce.d.rel.ro.*)

.dynamic
 *(.dynamic)

.got            0xc010e000        0x0
 *(.got)
 .got           0xc010e000        0x0 kernel/kernel_sub.o
 *(.igot)
                0xc010e000                        . = DATA_SEGMENT_RELRO_END (., (SIZEOF (.got.plt) >= 0xc)?0xc:0x0)

.got.plt        0xc010e000        0x0
 *(.got.plt)
 .got.plt       0xc010e000        0x0 kernel/kernel_sub.o
 *(.igot.plt)
 .igot.plt      0xc010e000        0x0 kernel/kernel_sub.o

.data           0xc010e000      0x780
 *(.data .data.* .gnu.linkonce.d.*)
 .data          0xc010e000        0xf kernel/kernel_sub.o
 *fill*         0xc010e00f        0x1 
 .data          0xc010e010        0xf kernel/kernel.o
 *fill*         0xc010e01f        0x1 
 .data          0xc010e020        0x0 syscall.o
 .data          0xc010e020        0x0 double_link_list.o
 .data          0xc010e020      0x144 global.o
                0xc010e020                user_task_table
                0xc010e0a0                sys_task_table
                0xc010e148                sys_call_table
 .data          0xc010e164        0x0 protect.o
 .data          0xc010e164        0x0 console.o
 .data          0xc010e164        0x0 kernel_main_old.o
 *fill*         0xc010e164       0x1c 
 .data          0xc010e180      0x600 keyboard.o
                0xc010e180                keymap
 .data          0xc010e780        0x0 process.o
 .data          0xc010e780        0x0 thread.o
 .data          0xc010e780        0x0 my_process.o
 .data          0xc010e780        0x0 kernel_main.o
 .data          0xc010e780        0x0 network/task_network.o
 .data          0xc010e780        0x0 hd/hd.o
 .data          0xc010e780        0x0 fs/fs_main.o
 .data          0xc010e780        0x0 mm/forkexit.o
 .data          0xc010e780        0x0 mm/exec.o
 .data          0xc010e780        0x0 mm/main.o
 .data          0xc010e780        0x0 mem/mem.o
 .data          0xc010e780        0x0 lib/exec.o
 .data          0xc010e780        0x0 lib/read.o
 .data          0xc010e780        0x0 lib/exit.o
 .data          0xc010e780        0x0 lib/unlink.o
 .data          0xc010e780        0x0 lib/wait.o
 .data          0xc010e780        0x0 lib/open.o
 .data          0xc010e780        0x0 lib/write.o
 .data          0xc010e780        0x0 lib/close.o
 .data          0xc010e780        0x0 lib/fork.o
 .data          0xc010e780        0x0 lib/getpid.o

.data1
 *(.data1)
                0xc010e780                        _edata = .
                [!provide]                        PROVIDE (edata = .)
                0xc010e780                        . = .
                0xc010e780                        __bss_start = .

.bss            0xc010e780    0x75430
 *(.dynbss)
 *(.bss .bss.* .gnu.linkonce.b.*)
 .bss           0xc010e780      0x800 kernel/kernel_sub.o
 .bss           0xc010ef80      0x800 kernel/kernel.o
 .bss           0xc010f780        0x0 double_link_list.o
 .bss           0xc010f780        0x0 global.o
 .bss           0xc010f780        0x0 protect.o
 .bss           0xc010f780        0x0 console.o
 .bss           0xc010f780        0x0 kernel_main_old.o
 .bss           0xc010f780        0x0 keyboard.o
 .bss           0xc010f780        0x0 process.o
 .bss           0xc010f780        0x0 thread.o
 .bss           0xc010f780        0x0 my_process.o
 .bss           0xc010f780        0x0 kernel_main.o
 .bss           0xc010f780        0x0 network/task_network.o
 .bss           0xc010f780        0x0 hd/hd.o
 .bss           0xc010f780        0x4 fs/fs_main.o
                0xc010f780                c
 .bss           0xc010f784        0x0 mm/forkexit.o
 .bss           0xc010f784        0x0 mm/exec.o
 .bss           0xc010f784        0x0 mm/main.o
 .bss           0xc010f784        0x0 mem/mem.o
 .bss           0xc010f784        0x0 lib/exec.o
 .bss           0xc010f784        0x0 lib/read.o
 .bss           0xc010f784        0x0 lib/exit.o
 .bss           0xc010f784        0x0 lib/unlink.o
 .bss           0xc010f784        0x0 lib/wait.o
 .bss           0xc010f784        0x0 lib/open.o
 .bss           0xc010f784        0x0 lib/write.o
 .bss           0xc010f784        0x0 lib/close.o
 .bss           0xc010f784        0x0 lib/fork.o
 .bss           0xc010f784        0x0 lib/getpid.o
 *(COMMON)
 *fill*         0xc010f784       0x1c 
 COMMON         0xc010f7a0     0x17b8 double_link_list.o
                0xc010f7a0                current_tty
                0xc010f7a4                is_e0
                0xc010f7a8                idt_ptr
                0xc010f7b0                pid
                0xc010f7b4                KernelVirtualMemory
                0xc010f7c0                current_dis_pos
                0xc010f7c4                dis_pos
                0xc010f7c8                k_reenter
                0xc010f7e0                gdt
                0xc010fbe0                proc_ready_table
                0xc010fbe4                test_ticks
                0xc010fbe8                pcaller
                0xc010fc00                keyboard_buffer
                0xc010fe0c                pcb_list
                0xc010fe1c                gdt_index
                0xc010fe20                tty_table
                0xc0110660                tss
                0xc01106cc                KernelPool
                0xc01106dc                net_buf
                0xc01106e0                nic_current_page
                0xc01106e4                counter
                0xc01106e8                key_pressed
                0xc01106ec                fork_pid
                0xc01106f0                is_shift
                0xc01106f1                net_data
                0xc01106f4                gdt_ptr
                0xc0110700                idt
                0xc0110f00                main_thread
                0xc0110f08                ticks
                0xc0110f10                is_init
                0xc0110f14                UserPool
                0xc0110f24                all_pcb_list
                0xc0110f34                console_table
                0xc0110f44                is_disp
                0xc0110f48                MAIN_THREAD_PAGE_DIRECTORY
                0xc0110f4c                helloStr
 *fill*         0xc0110f58        0x8 
 COMMON         0xc0110f60    0x7189c global.o
                0xc0110f60                proc_stack
                0xc0180f60                proc_table
 *fill*         0xc01827fc        0x4 
 COMMON         0xc0182800      0x440 hd/hd.o
                0xc0182800                hd_info
                0xc0182a40                hd_cache
 COMMON         0xc0182c40      0xe68 fs/fs_main.o
                0xc0182c40                file_desc_table
                0xc0183040                phy_super_block_buf
                0xc0183044                phy_fsbuf
                0xc0183060                inode_table
                0xc0183a60                super_block_buf
                0xc0183a64                fsbuf
                0xc0183a80                root
 *fill*         0xc0183aa8       0x18 
 COMMON         0xc0183ac0       0xf0 mem/mem.o
                0xc0183ac0                kernel_mem_block_decs_array
                0xc0183bb0                        . = ALIGN ((. != 0x0)?0x4:0x1)
                0xc0183bb0                        . = ALIGN (0x4)
                0xc0183bb0                        . = SEGMENT_START ("ldata-segment", .)
                0xc0183bb0                        . = ALIGN (0x4)
                0xc0183bb0                        _end = .
                [!provide]                        PROVIDE (end = .)
                0xc0183bb0                        . = DATA_SEGMENT_END (.)

.stab
 *(.stab)

.stabstr
 *(.stabstr)

.stab.excl
 *(.stab.excl)

.stab.exclstr
 *(.stab.exclstr)

.stab.index
 *(.stab.index)

.stab.indexstr
 *(.stab.indexstr)

.comment        0x00000000       0x2c
 *(.comment)
 .comment       0x00000000       0x2c double_link_list.o
                                 0x2d (size before relaxing)
 .comment       0x0000002c       0x2d global.o
 .comment       0x0000002c       0x2d protect.o
 .comment       0x0000002c       0x2d console.o
 .comment       0x0000002c       0x2d kernel_main_old.o
 .comment       0x0000002c       0x2d keyboard.o
 .comment       0x0000002c       0x2d process.o
 .comment       0x0000002c       0x2d thread.o
 .comment       0x0000002c       0x2d my_process.o
 .comment       0x0000002c       0x2d kernel_main.o
 .comment       0x0000002c       0x2d network/task_network.o
 .comment       0x0000002c       0x2d hd/hd.o
 .comment       0x0000002c       0x2d fs/fs_main.o
 .comment       0x0000002c       0x2d mm/forkexit.o
 .comment       0x0000002c       0x2d mm/exec.o
 .comment       0x0000002c       0x2d mm/main.o
 .comment       0x0000002c       0x2d mem/mem.o
 .comment       0x0000002c       0x2d lib/exec.o
 .comment       0x0000002c       0x2d lib/read.o
 .comment       0x0000002c       0x2d lib/exit.o
 .comment       0x0000002c       0x2d lib/unlink.o
 .comment       0x0000002c       0x2d lib/wait.o
 .comment       0x0000002c       0x2d lib/open.o
 .comment       0x0000002c       0x2d lib/write.o
 .comment       0x0000002c       0x2d lib/close.o
 .comment       0x0000002c       0x2d lib/fork.o
 .comment       0x0000002c       0x2d lib/getpid.o

.gnu.build.attributes
 *(.gnu.build.attributes .gnu.build.attributes.*)

.debug
 *(.debug)

.line
 *(.line)

.debug_srcinfo
 *(.debug_srcinfo)

.debug_sfnames
 *(.debug_sfnames)

.debug_aranges  0x00000000      0x358
 *(.debug_aranges)
 .debug_aranges
                0x00000000       0x20 double_link_list.o
 .debug_aranges
                0x00000020       0x18 global.o
 .debug_aranges
                0x00000038       0x20 protect.o
 .debug_aranges
                0x00000058       0x20 console.o
 .debug_aranges
                0x00000078       0x20 kernel_main_old.o
 .debug_aranges
                0x00000098       0x20 keyboard.o
 .debug_aranges
                0x000000b8       0x20 process.o
 .debug_aranges
                0x000000d8       0x20 thread.o
 .debug_aranges
                0x000000f8       0x20 my_process.o
 .debug_aranges
                0x00000118       0x20 kernel_main.o
 .debug_aranges
                0x00000138       0x20 network/task_network.o
 .debug_aranges
                0x00000158       0x20 hd/hd.o
 .debug_aranges
                0x00000178       0x20 fs/fs_main.o
 .debug_aranges
                0x00000198       0x20 mm/forkexit.o
 .debug_aranges
                0x000001b8       0x20 mm/exec.o
 .debug_aranges
                0x000001d8       0x20 mm/main.o
 .debug_aranges
                0x000001f8       0x20 mem/mem.o
 .debug_aranges
                0x00000218       0x20 lib/exec.o
 .debug_aranges
                0x00000238       0x20 lib/read.o
 .debug_aranges
                0x00000258       0x20 lib/exit.o
 .debug_aranges
                0x00000278       0x20 lib/unlink.o
 .debug_aranges
                0x00000298       0x20 lib/wait.o
 .debug_aranges
                0x000002b8       0x20 lib/open.o
 .debug_aranges
                0x000002d8       0x20 lib/write.o
 .debug_aranges
                0x000002f8       0x20 lib/close.o
 .debug_aranges
                0x00000318       0x20 lib/fork.o
 .debug_aranges
                0x00000338       0x20 lib/getpid.o

.debug_pubnames
 *(.debug_pubnames)

.debug_info     0x00000000    0x1e066
 *(.debug_info .gnu.linkonce.wi.*)
 .debug_info    0x00000000     0x1044 double_link_list.o
 .debug_info    0x00001044      0xe8a global.o
 .debug_info    0x00001ece     0x11b5 protect.o
 .debug_info    0x00003083     0x128a console.o
 .debug_info    0x0000430d     0x27c5 kernel_main_old.o
 .debug_info    0x00006ad2      0xfde keyboard.o
 .debug_info    0x00007ab0      0xf73 process.o
 .debug_info    0x00008a23     0x1069 thread.o
 .debug_info    0x00009a8c     0x149d my_process.o
 .debug_info    0x0000af29      0xfd6 kernel_main.o
 .debug_info    0x0000beff      0xed0 network/task_network.o
 .debug_info    0x0000cdcf     0x19f3 hd/hd.o
 .debug_info    0x0000e7c2     0x1f3b fs/fs_main.o
 .debug_info    0x000106fd      0xfbc mm/forkexit.o
 .debug_info    0x000116b9     0x11ca mm/exec.o
 .debug_info    0x00012883      0xdcc mm/main.o
 .debug_info    0x0001364f     0x1cfa mem/mem.o
 .debug_info    0x00015349      0xf40 lib/exec.o
 .debug_info    0x00016289      0xea1 lib/read.o
 .debug_info    0x0001712a      0xdb3 lib/exit.o
 .debug_info    0x00017edd      0xe91 lib/unlink.o
 .debug_info    0x00018d6e      0xdc1 lib/wait.o
 .debug_info    0x00019b2f      0xe02 lib/open.o
 .debug_info    0x0001a931      0xe2f lib/write.o
 .debug_info    0x0001b760      0xdb6 lib/close.o
 .debug_info    0x0001c516      0xda8 lib/fork.o
 .debug_info    0x0001d2be      0xda8 lib/getpid.o

.debug_abbrev   0x00000000     0x389b
 *(.debug_abbrev)
 .debug_abbrev  0x00000000      0x216 double_link_list.o
 .debug_abbrev  0x00000216      0x157 global.o
 .debug_abbrev  0x0000036d      0x227 protect.o
 .debug_abbrev  0x00000594      0x2ac console.o
 .debug_abbrev  0x00000840      0x452 kernel_main_old.o
 .debug_abbrev  0x00000c92      0x1fb keyboard.o
 .debug_abbrev  0x00000e8d      0x1e0 process.o
 .debug_abbrev  0x0000106d      0x222 thread.o
 .debug_abbrev  0x0000128f      0x260 my_process.o
 .debug_abbrev  0x000014ef      0x21d kernel_main.o
 .debug_abbrev  0x0000170c      0x1b3 network/task_network.o
 .debug_abbrev  0x000018bf      0x33e hd/hd.o
 .debug_abbrev  0x00001bfd      0x2ef fs/fs_main.o
 .debug_abbrev  0x00001eec      0x204 mm/forkexit.o
 .debug_abbrev  0x000020f0      0x1c4 mm/exec.o
 .debug_abbrev  0x000022b4      0x208 mm/main.o
 .debug_abbrev  0x000024bc      0x2ea mem/mem.o
 .debug_abbrev  0x000027a6      0x1e8 lib/exec.o
 .debug_abbrev  0x0000298e      0x1ef lib/read.o
 .debug_abbrev  0x00002b7d      0x19b lib/exit.o
 .debug_abbrev  0x00002d18      0x193 lib/unlink.o
 .debug_abbrev  0x00002eab      0x19f lib/wait.o
 .debug_abbrev  0x0000304a      0x1c5 lib/open.o
 .debug_abbrev  0x0000320f      0x1db lib/write.o
 .debug_abbrev  0x000033ea      0x19d lib/close.o
 .debug_abbrev  0x00003587      0x18a lib/fork.o
 .debug_abbrev  0x00003711      0x18a lib/getpid.o

.debug_line     0x00000000     0x4ac2
 *(.debug_line .debug_line.* .debug_line_end)
 .debug_line    0x00000000      0x253 double_link_list.o
 .debug_line    0x00000253       0x95 global.o
 .debug_line    0x000002e8      0x1ff protect.o
 .debug_line    0x000004e7      0x54e console.o
 .debug_line    0x00000a35      0xe01 kernel_main_old.o
 .debug_line    0x00001836      0x296 keyboard.o
 .debug_line    0x00001acc      0x180 process.o
 .debug_line    0x00001c4c      0x145 thread.o
 .debug_line    0x00001d91      0x33b my_process.o
 .debug_line    0x000020cc      0x1f1 kernel_main.o
 .debug_line    0x000022bd       0xf8 network/task_network.o
 .debug_line    0x000023b5      0x639 hd/hd.o
 .debug_line    0x000029ee      0xc1a fs/fs_main.o
 .debug_line    0x00003608      0x17a mm/forkexit.o
 .debug_line    0x00003782      0x20c mm/exec.o
 .debug_line    0x0000398e       0xec mm/main.o
 .debug_line    0x00003a7a      0x7e6 mem/mem.o
 .debug_line    0x00004260      0x18b lib/exec.o
 .debug_line    0x000043eb      0x155 lib/read.o
 .debug_line    0x00004540       0xa0 lib/exit.o
 .debug_line    0x000045e0       0xc0 lib/unlink.o
 .debug_line    0x000046a0       0xb7 lib/wait.o
 .debug_line    0x00004757       0xbd lib/open.o
 .debug_line    0x00004814       0xbc lib/write.o
 .debug_line    0x000048d0       0xad lib/close.o
 .debug_line    0x0000497d       0xa5 lib/fork.o
 .debug_line    0x00004a22       0xa0 lib/getpid.o

.debug_frame
 *(.debug_frame)

.debug_str      0x00000000     0x1f91
 *(.debug_str)
 .debug_str     0x00000000     0x1f91 double_link_list.o
                                0x6d1 (size before relaxing)
 .debug_str     0x00001f91      0x610 global.o
 .debug_str     0x00001f91      0x76b protect.o
 .debug_str     0x00001f91      0x75f console.o
 .debug_str     0x00001f91      0xb64 kernel_main_old.o
 .debug_str     0x00001f91      0x69c keyboard.o
 .debug_str     0x00001f91      0x64a process.o
 .debug_str     0x00001f91      0x717 thread.o
 .debug_str     0x00001f91      0x8fe my_process.o
 .debug_str     0x00001f91      0x692 kernel_main.o
 .debug_str     0x00001f91      0x649 network/task_network.o
 .debug_str     0x00001f91      0x9c5 hd/hd.o
 .debug_str     0x00001f91      0xafa fs/fs_main.o
 .debug_str     0x00001f91      0x617 mm/forkexit.o
 .debug_str     0x00001f91      0x86d mm/exec.o
 .debug_str     0x00001f91      0x598 mm/main.o
 .debug_str     0x00001f91      0xa6d mem/mem.o
 .debug_str     0x00001f91      0x62c lib/exec.o
 .debug_str     0x00001f91      0x611 lib/read.o
 .debug_str     0x00001f91      0x5a5 lib/exit.o
 .debug_str     0x00001f91      0x624 lib/unlink.o
 .debug_str     0x00001f91      0x5a5 lib/wait.o
 .debug_str     0x00001f91      0x5d8 lib/open.o
 .debug_str     0x00001f91      0x5d5 lib/write.o
 .debug_str     0x00001f91      0x5a0 lib/close.o
 .debug_str     0x00001f91      0x59e lib/fork.o
 .debug_str     0x00001f91      0x5a2 lib/getpid.o

.debug_loc
 *(.debug_loc)

.debug_macinfo
 *(.debug_macinfo)

.debug_weaknames
 *(.debug_weaknames)

.debug_funcnames
 *(.debug_funcnames)

.debug_typenames
 *(.debug_typenames)

.debug_varnames
 *(.debug_varnames)

.debug_pubtypes
 *(.debug_pubtypes)

.debug_ranges   0x00000000       0x90
 *(.debug_ranges)
 .debug_ranges  0x00000000       0x30 kernel_main_old.o
 .debug_ranges  0x00000030       0x48 hd/hd.o
 .debug_ranges  0x00000078       0x18 mm/exec.o

.debug_addr
 *(.debug_addr)

.debug_line_str
 *(.debug_line_str)

.debug_loclists
 *(.debug_loclists)

.debug_macro
 *(.debug_macro)

.debug_names
 *(.debug_names)

.debug_rnglists
 *(.debug_rnglists)

.debug_str_offsets
 *(.debug_str_offsets)

.debug_sup
 *(.debug_sup)

.gnu.attributes
 *(.gnu.attributes)

/DISCARD/
 *(.note.GNU-stack)
 *(.gnu_debuglink)
 *(.gnu.lto_*)
OUTPUT(kernel.bin elf32-i386)
