
Merging program properties

Removed property 0xc0010001 to merge double_link_list.o (0x1) and kernel/kernel_sub.o (not found)
Removed property 0xc0010002 to merge double_link_list.o (0x0) and kernel/kernel_sub.o (not found)
Removed property 0xc0010001 to merge double_link_list.o (not found) and kernel_main.o (0x1)
Removed property 0xc0010002 to merge double_link_list.o (not found) and kernel_main.o (0x0)
Removed property 0xc0010001 to merge double_link_list.o (not found) and protect.o (0x1)
Removed property 0xc0010002 to merge double_link_list.o (not found) and protect.o (0x0)
Removed property 0xc0010001 to merge double_link_list.o (not found) and console.o (0x1)
Removed property 0xc0010002 to merge double_link_list.o (not found) and console.o (0x1)
Removed property 0xc0010001 to merge double_link_list.o (not found) and kernel_main_old.o (0x1)
Removed property 0xc0010002 to merge double_link_list.o (not found) and kernel_main_old.o (0x1)
Removed property 0xc0010001 to merge double_link_list.o (not found) and global.o (0x1)
Removed property 0xc0010002 to merge double_link_list.o (not found) and global.o (0x0)
Removed property 0xc0010001 to merge double_link_list.o (not found) and keyboard.o (0x1)
Removed property 0xc0010002 to merge double_link_list.o (not found) and keyboard.o (0x0)
Removed property 0xc0010001 to merge double_link_list.o (not found) and process.o (0x1)
Removed property 0xc0010002 to merge double_link_list.o (not found) and process.o (0x0)
Removed property 0xc0010001 to merge double_link_list.o (not found) and thread.o (0x1)
Removed property 0xc0010002 to merge double_link_list.o (not found) and thread.o (0x0)
Removed property 0xc0010001 to merge double_link_list.o (not found) and my_process.o (0x1)
Removed property 0xc0010002 to merge double_link_list.o (not found) and my_process.o (0x1)
Removed property 0xc0010001 to merge double_link_list.o (not found) and network/skbuff.o (0x1)
Removed property 0xc0010002 to merge double_link_list.o (not found) and network/skbuff.o (0x0)
Removed property 0xc0010001 to merge double_link_list.o (not found) and network/socket.o (0x1)
Removed property 0xc0010002 to merge double_link_list.o (not found) and network/socket.o (0x0)
Removed property 0xc0010001 to merge double_link_list.o (not found) and network/ip_input.o (0x1)
Removed property 0xc0010002 to merge double_link_list.o (not found) and network/ip_input.o (0x0)
Removed property 0xc0010001 to merge double_link_list.o (not found) and network/udp_sock.o (0x1)
Removed property 0xc0010002 to merge double_link_list.o (not found) and network/udp_sock.o (0x0)
Removed property 0xc0010001 to merge double_link_list.o (not found) and network/tcp_sock.o (0x1)
Removed property 0xc0010002 to merge double_link_list.o (not found) and network/tcp_sock.o (0x1)
Removed property 0xc0010001 to merge double_link_list.o (not found) and network/netdev.o (0x1)
Removed property 0xc0010002 to merge double_link_list.o (not found) and network/netdev.o (0x0)
Removed property 0xc0010001 to merge double_link_list.o (not found) and network/tcp.o (0x1)
Removed property 0xc0010002 to merge double_link_list.o (not found) and network/tcp.o (0x0)
Removed property 0xc0010001 to merge double_link_list.o (not found) and network/sock.o (0x1)
Removed property 0xc0010002 to merge double_link_list.o (not found) and network/sock.o (0x0)
Removed property 0xc0010001 to merge double_link_list.o (not found) and network/tcp_output.o (0x1)
Removed property 0xc0010002 to merge double_link_list.o (not found) and network/tcp_output.o (0x1)
Removed property 0xc0010001 to merge double_link_list.o (not found) and network/arp.o (0x1)
Removed property 0xc0010002 to merge double_link_list.o (not found) and network/arp.o (0x0)
Removed property 0xc0010001 to merge double_link_list.o (not found) and network/route.o (0x1)
Removed property 0xc0010002 to merge double_link_list.o (not found) and network/route.o (0x0)
Removed property 0xc0010001 to merge double_link_list.o (not found) and network/ipc.o (0x1)
Removed property 0xc0010002 to merge double_link_list.o (not found) and network/ipc.o (0x1)
Removed property 0xc0010001 to merge double_link_list.o (not found) and network/icmpv4.o (0x1)
Removed property 0xc0010002 to merge double_link_list.o (not found) and network/icmpv4.o (0x0)
Removed property 0xc0010001 to merge double_link_list.o (not found) and network/ip_output.o (0x1)
Removed property 0xc0010002 to merge double_link_list.o (not found) and network/ip_output.o (0x0)
Removed property 0xc0010001 to merge double_link_list.o (not found) and network/inet.o (0x1)
Removed property 0xc0010002 to merge double_link_list.o (not found) and network/inet.o (0x0)
Removed property 0xc0010001 to merge double_link_list.o (not found) and network/dst.o (0x1)
Removed property 0xc0010002 to merge double_link_list.o (not found) and network/dst.o (0x0)
Removed property 0xc0010001 to merge double_link_list.o (not found) and network/tcp_input.o (0x1)
[...]
Memory Configuration

Name             Origin             Length             Attributes
*default*        0x00000000         0xffffffff

Linker script and memory map

Address of section .text set to 0xc0600000
LOAD kernel/kernel_sub.o
LOAD kernel/kernel.o
LOAD syscall.o
LOAD switch_to.o
LOAD string.o
LOAD hd/hd_rdwt.o
LOAD network/ne2000.o
LOAD double_link_list.o
LOAD kernel_main.o
LOAD protect.o
LOAD console.o
LOAD kernel_main_old.o
LOAD global.o
LOAD keyboard.o
LOAD process.o
LOAD thread.o
LOAD my_process.o
LOAD network/skbuff.o
LOAD network/socket.o
LOAD network/ip_input.o
LOAD network/udp_sock.o
LOAD network/tcp_sock.o
LOAD network/netdev.o
LOAD network/tcp.o
LOAD network/sock.o
LOAD network/tcp_output.o
LOAD network/arp.o
LOAD network/route.o
LOAD network/ipc.o
LOAD network/icmpv4.o
LOAD network/ip_output.o
LOAD network/inet.o
LOAD network/dst.o
LOAD network/tcp_input.o
LOAD network/task_network.o
LOAD network/udp.o
LOAD network/tcp_data.o
LOAD network/utils.o
LOAD hd/hd.o
LOAD fs/fs_main.o
LOAD mm/forkexit.o
LOAD mm/exec.o
LOAD mm/main.o
LOAD mem/mem.o
LOAD lib/floor.o
LOAD lib/exec.o
LOAD lib/exit.o
LOAD lib/unlink.o
LOAD lib/wait.o
LOAD lib/socket_close.o
LOAD lib/socket_read.o
LOAD lib/alloca.o
LOAD lib/calloc.o
LOAD lib/fork.o
LOAD lib/socket_write.o
LOAD lib/getpid.o
LOAD lib/stdlib/atoi.o
LOAD lib/stdlib/strtol.o
LOAD lib/string/strtok.o
LOAD lib/string/strcmp.o
LOAD lib/string/strncmp.o
LOAD lib/string/strpbrk.o
LOAD lib/stdio/read.o
LOAD lib/stdio/perror.o
LOAD lib/stdio/sscanf.o
LOAD lib/stdio/open.o
LOAD lib/stdio/write.o
LOAD lib/stdio/close.o
LOAD lib/sys/socket.o
LOAD lib/sys/connect.o
LOAD lib/arpa/ntohs.o
LOAD lib/arpa/htonl.o
LOAD lib/arpa/htons.o
LOAD lib/arpa/inet_pton.o
LOAD lib/arpa/ntohl.o
LOAD lib/arpa/inet_ntop.o
                [!provide]                        PROVIDE (__executable_start = SEGMENT_START ("text-segment", 0x8048000))
                0x080480d4                        . = (SEGMENT_START ("text-segment", 0x8048000) + SIZEOF_HEADERS)

.interp
 *(.interp)

.note.gnu.build-id
 *(.note.gnu.build-id)

.hash
 *(.hash)

.gnu.hash
 *(.gnu.hash)

.dynsym
 *(.dynsym)

.dynstr
 *(.dynstr)

.gnu.version
 *(.gnu.version)

.gnu.version_d
 *(.gnu.version_d)

.gnu.version_r
 *(.gnu.version_r)

.rel.dyn        0x080480d4        0x0
 *(.rel.init)
 *(.rel.text .rel.text.* .rel.gnu.linkonce.t.*)
 .rel.text      0x080480d4        0x0 kernel/kernel_sub.o
 *(.rel.fini)
 *(.rel.rodata .rel.rodata.* .rel.gnu.linkonce.r.*)
 *(.rel.data.rel.ro .rel.data.rel.ro.* .rel.gnu.linkonce.d.rel.ro.*)
 *(.rel.data .rel.data.* .rel.gnu.linkonce.d.*)
 *(.rel.tdata .rel.tdata.* .rel.gnu.linkonce.td.*)
 *(.rel.tbss .rel.tbss.* .rel.gnu.linkonce.tb.*)
 *(.rel.ctors)
 *(.rel.dtors)
 *(.rel.got)
 .rel.got       0x080480d4        0x0 kernel/kernel_sub.o
 *(.rel.bss .rel.bss.* .rel.gnu.linkonce.b.*)
 *(.rel.ifunc)

.rel.plt        0x080480d4        0x0
 *(.rel.plt)
                [!provide]                        PROVIDE (__rel_iplt_start = .)
 *(.rel.iplt)
 .rel.iplt      0x080480d4        0x0 kernel/kernel_sub.o
                [!provide]                        PROVIDE (__rel_iplt_end = .)

.relr.dyn
 *(.relr.dyn)
                0x08049000                        . = ALIGN (CONSTANT (MAXPAGESIZE))

.init
 *(SORT_NONE(.init))

.plt            0x08049000        0x0
 *(.plt)
 *(.iplt)
 .iplt          0x08049000        0x0 kernel/kernel_sub.o

.plt.got
 *(.plt.got)

.plt.sec
 *(.plt.sec)

.text           0xc0600000    0x14719
 *(.text.unlikely .text.*_unlikely .text.unlikely.*)
 *(.text.exit .text.exit.*)
 *(.text.startup .text.startup.*)
 *(.text.hot .text.hot.*)
 *(SORT_BY_NAME(.text.sorted.*))
 *(.text .stub .text.* .gnu.linkonce.t.*)
 .text          0xc0600000       0x71 kernel/kernel_sub.o
                0xc0600000                _start
 *fill*         0xc0600071        0xf 
 .text          0xc0600080      0x3d2 kernel/kernel.o
                0xc0600080                InterruptTest
                0xc060008c                disp_str_len
                0xc06000d9                disp_str
                0xc0600114                disp_str_colour
                0xc0600150                divide_zero_fault
                0xc0600156                single_step_fault
                0xc060015c                non_maskable_interrupt
                0xc0600162                breakpoint_trap
                0xc0600168                overflow_trap
                0xc060016e                bound_range_exceeded_fault
                0xc0600174                invalid_opcode_fault
                0xc060017a                coprocessor_not_available_fault
                0xc0600180                double_fault_exception_abort
                0xc0600184                coprocessor_segment_overrun
                0xc060018a                invalid_task_state_segment_fault
                0xc060018e                segment_not_present_fault
                0xc0600192                stack_exception_fault
                0xc0600196                general_protection_exception_fault
                0xc06001a1                page_fault
                0xc06001a5                coprocessor_error_fault
                0xc06001ab                align_check_fault
                0xc06001af                simd_float_exception_fault
                0xc06001be                hwint0
                0xc06001ee                hwint1
                0xc0600231                hwint14
                0xc0600277                hwint10
                0xc06002ba                sys_call
                0xc0600300                fork_restart
                0xc060030f                restart
                0xc0600332                in_byte
                0xc060033e                out_byte
                0xc0600360                disable_int
                0xc0600362                enable_int
                0xc06003f8                enable_8259A_casecade_irq
                0xc0600402                disable_8259A_casecade_irq
                0xc060040c                enable_8259A_slave_winchester_irq
                0xc0600416                disable_8259A_slave_winchester_irq
                0xc0600420                update_cr3
                0xc060042d                update_tss
                0xc060043c                get_running_thread_pcb
                0xc0600442                sys_call_test
                0xc0600445                enable_8259A_slave_net_irq
 *fill*         0xc0600452        0xe 
 .text          0xc0600460       0x6a syscall.o
                0xc0600460                write_debug
                0xc0600470                send_msg
                0xc0600486                receive_msg
                0xc060049c                sys_malloc
                0xc06004b1                sys_free
 *fill*         0xc06004ca        0x6 
 .text          0xc06004d0       0x15 switch_to.o
                0xc06004d0                switch_to
 *fill*         0xc06004e5        0xb 
 .text          0xc06004f0      0x28d network/ne2000.o
                0xc0600513                DriverInitialize
                0xc060059d                StartSendToPhysicalLink
                0xc06005b8                SetPageStart
                0xc06005e7                DriverSend
                0xc0600661                PCtoNIC
                0xc06006cc                get_interrupt_status
                0xc06006e9                set_interrupt_status
                0xc0600709                get_curr_page
                0xc0600726                NICtoPC
 .text          0xc060077d      0x2ee double_link_list.o
                0xc060077d                initDoubleLinkList
                0xc06007cd                isListEmpty
                0xc06007fb                findElementInList
                0xc0600892                appendToDoubleLinkList
                0xc0600958                insertToDoubleLinkList
                0xc06009dc                popFromDoubleLinkList
 .text          0xc0600a6b      0x50b kernel_main.o
                0xc0600a6b                kernel_main
                0xc0600c45                init
                0xc0600cd7                kernel_thread_a
                0xc0600d24                kernel_thread_b
                0xc0600d71                kernel_thread_c
                0xc0600d87                kernel_thread_d
                0xc0600d9d                user_proc_a
                0xc0600f5e                user_proc_b
 .text          0xc0600f76      0x3b3 protect.o
                0xc0600f76                InitDescriptor
                0xc0600fe3                Seg2PhyAddr
                0xc0601024                Seg2PhyAddrLDT
                0xc0601068                VirAddr2PhyAddr
                0xc060107e                v2l
                0xc06010c1                init_propt
                0xc0601242                InitInterruptDesc
                0xc060129e                ReloadGDT
 .text          0xc0601329      0xad3 console.o
                0xc0601329                select_console
                0xc0601365                flush
                0xc060139e                set_cursor
                0xc06013fc                set_console_start_video_addr
                0xc060145a                put_key
                0xc06014c6                scroll_up
                0xc0601508                scroll_down
                0xc0601573                out_char
                0xc0601730                tty_dev_read
                0xc060175a                tty_dev_write
                0xc0601987                tty_do_read
                0xc0601a4f                tty_do_write
                0xc0601bb8                init_screen
                0xc0601c41                init_tty
                0xc0601cf6                TaskTTY
 .text          0xc0601dfc     0x2d8b kernel_main_old.o
                0xc0601dfc                stop_here
                0xc0601e40                catch_error
                0xc0601ea5                intr_enable
                0xc0601ece                intr_disable
                0xc0601ef7                intr_set_status
                0xc0601f15                intr_get_status
                0xc0601f32                Memcpy
                0xc0601f65                untar
                0xc0602275                num_to_string
                0xc060231b                disp_int
                0xc0602344                do_page_fault
                0xc0602481                exception_handler
                0xc060266c                init_internal_interrupt
                0xc06027e1                spurious_irq
                0xc060286f                init_keyboard
                0xc06028b2                TestTTY
                0xc0602951                TestReadReturnValue
                0xc06029ce                TestWriteReturnValue
                0xc0602aa2                TestFS2
                0xc0602ab0                TestFS
                0xc0602f52                wait_exit
                0xc0603050                INIT_fork
                0xc0603343                simple_shell
                0xc06034ca                test_shell
                0xc0603532                test_exec
                0xc0603625                INIT
                0xc0603632                TestA
                0xc0603667                delay
                0xc06036ab                TestB
                0xc06036c3                TestC
                0xc06036f6                sys_get_ticks
                0xc0603706                sys_write
                0xc060375a                milli_delay
                0xc0603784                TaskSys
                0xc0603789                Printf
                0xc060385b                sprintf
                0xc0603887                vsprintf
                0xc0603a33                printx
                0xc0603a76                sys_printx
                0xc0603b42                spin
                0xc0603b68                panic
                0xc0603b86                assertion_failure
                0xc0603bf8                assertion_failure2
                0xc0603c6d                dead_lock
                0xc0603c77                sys_send_msg
                0xc0604196                sys_receive_msg
                0xc06047f6                send_rec
                0xc06048f1                block
                0xc060492d                unblock
                0xc060497d                get_ticks_ipc
                0xc0604990                itoa
                0xc06049e6                i2a
                0xc0604a4c                inform_int
                0xc0604b18                deprecate_strcmp
 .text          0xc0604b87        0x0 global.o
 .text          0xc0604b87      0x40f keyboard.o
                0xc0604b87                keyboard_handler
                0xc0604c0b                read_from_keyboard_buf
                0xc0604c71                keyboard_read
                0xc0604df0                init_keyboard_handler
                0xc0604e04                in_process
 .text          0xc0604f96      0x2d3 process.o
                0xc0604f96                schedule_process
                0xc060515c                clock_handler
                0xc06051ee                pid2proc
                0xc0605252                proc2pid
 .text          0xc0605269      0x1b2 thread.o
                0xc0605269                kernel_thread
                0xc0605281                thread_init
                0xc060532e                thread_create
                0xc0605363                thread_start
 .text          0xc060541b      0x730 my_process.o
                0xc060541b                create_user_process_address_space
                0xc06054ab                user_process
                0xc06055d8                clone_pcb
                0xc060574a                build_body_stack
                0xc060587d                build_process_kernel_stack
                0xc0605940                fork_process
                0xc06059d1                process_execute
 .text          0xc0605b4b      0x164 network/skbuff.o
                0xc0605b64                alloc_skb
                0xc0605bfe                free_skb
                0xc0605c31                skb_reserve
                0xc0605c4d                skb_push
                0xc0605c7c                skb_head
                0xc0605c87                skb_reset_header
 .text          0xc0605caf      0x66c network/socket.o
                0xc0605d5f                test
                0xc0605dbb                socket_debug
                0xc0605e1c                free_socket
                0xc0605ed8                _socket
                0xc0605f97                _bind
                0xc0605fea                _connect
                0xc060603c                _write
                0xc0606093                _read
                0xc06060ea                _recvfrom
                0xc060612b                _sendto
                0xc0606182                _close
                0xc0606201                _listen
                0xc0606267                _accept
 .text          0xc060631b      0x538 network/ip_input.o
                0xc06064fd                call_ip_rcv
                0xc0606617                ip_rcv
 .text          0xc0606853      0x8ed network/udp_sock.o
                0xc0606aae                udp_lookup_sock
                0xc0606af5                udp_init
                0xc0606b26                udp_close
                0xc0606b4c                udp_sock_init
                0xc0606b56                udp_recvfrom
                0xc0606bf2                udp_connect
                0xc0606ccb                udp_write
                0xc0606cf7                udp_alloc_skb
                0xc0606d41                udp_sendto
                0xc0606e35                udp_send
                0xc0606f73                udp_alloc_sock
                0xc0606fb4                udp_free_sock
                0xc0606fd8                udp_read
 .text          0xc0607140      0xe12 network/tcp_sock.o
                0xc0607485                tcp_established_or_syn_recvd_socks_enqueue
                0xc060749e                tcp_established_or_syn_recvd_socks_remove
                0xc06074b0                tcp_connecting_or_listening_socks_enqueue
                0xc06074c9                tcp_connecting_or_listening_socks_remove
                0xc06074db                tcp_alloc_sock
                0xc06075f1                tcp_free_sock
                0xc060766a                tcp_init
                0xc0607674                tcp_sock_init
                0xc060771a                tcp_write
                0xc060781b                ipc_tcp_write2
                0xc0607844                tcp_read
                0xc06078f7                tcp_close
                0xc06079b5                tcp_recv_notify
                0xc0607a0d                tcp_v4_connect
                0xc0607ca8                call_tcp_lookup_sock
                0xc0607e13                tcp_lookup_sock
                0xc0607e8c                tcp_lookup_sock2
 .text          0xc0607f52      0x9a8 network/netdev.o
                0xc06080e0                netdev_init
                0xc0608127                netdev_transmit
                0xc060827a                interrupt_wait2
                0xc06082d3                netdev_rx_loop
                0xc06083c4                call_netdev_get
                0xc060850e                netdev_get
                0xc06085c3                free_netdev
                0xc06085ee                local_ipaddress
                0xc060862b                receive_msg_from_nic
                0xc06087b8                receive_msg_from_nic2
                0xc06088e4                net_handler
 .text          0xc06088fa      0x4a8 network/tcp.o
                0xc0608b47                tcp_in
                0xc0608bfb                tcp_checksum
                0xc0608c27                __tcp_set_state
                0xc0608c36                tcp_generate_port
                0xc0608c7f                tcp_generate_isn
                0xc0608c91                tcp_done
                0xc0608cba                tcp_clear_timers
                0xc0608cc9                tcp_stop_retransmission_timer
                0xc0608ce2                tcp_release_retransmission_timer
                0xc0608cfb                tcp_stop_delack_timer
                0xc0608d0e                tcp_release_delack_timer
                0xc0608d21                tcp_handle_fin_state
                0xc0608d86                tcp_enter_time_wait
 .text          0xc0608da2      0x223 network/sock.o
                0xc0608ef4                sk_alloc
                0xc0608f1b                sk_init
                0xc0608f6f                sk_init_with_socket
                0xc0608f98                sk_free
 .text          0xc0608fc5     0x14f2 network/tcp_output.o
                0xc060940d                tcp_send_synack
                0xc06094b0                tcp_send_delack
                0xc06094eb                tcp_send_ack
                0xc060967b                tcp_send_fin
                0xc06096f0                tcp_select_initial_window
                0xc06098a2                tcp_reset_retransmission_timer
                0xc06098bf                call_tcp_begin_connect
                0xc0609bb4                tcp_begin_connect
                0xc0609f04                call_tcp_write
                0xc060a189                ipc_tcp_write
                0xc060a3bc                tcp_send_reset
                0xc060a43c                tcp_queue_fin
 .text          0xc060a4b7      0xbf8 network/arp.o
                0xc060a5e0                call_update_arp_translation_table
                0xc060a818                insert_arp_translation_table
                0xc060a89a                update_arp_translation_table
                0xc060a959                arp_init
                0xc060a95f                arp_rcv
                0xc060ab48                arp_request
                0xc060acd0                arp_reply
                0xc060ae33                call_arp_get_hwaddr
                0xc060af7d                arp_get_hwaddr
                0xc060b05e                free_arp
 .text          0xc060b0af      0x42e network/route.o
                0xc060b1bf                route_add
                0xc060b206                route_init
                0xc060b2b8                call_route_lookup
                0xc060b402                route_lookup
 .text          0xc060b4dd      0xe8b network/ipc.o
                0xc060c0c9                ipc_close
                0xc060c11a                ipc_call_from_netdev_rx
                0xc060c152                demux_ipc_socket_call
 .text          0xc060c368      0x234 network/icmpv4.o
                0xc060c376                icmpv4_incoming
                0xc060c3ea                icmpv4_reply
                0xc060c4c3                icmpv4_timestamp
 .text          0xc060c59c      0x1d3 network/ip_output.o
                0xc060c5aa                ip_output
 .text          0xc060c76f      0x429 network/inet.o
                0xc060c76f                inet_create
                0xc060c81f                inet_socket
                0xc060c829                inet_connect
                0xc060c87d                inet_write
                0xc060c8a9                inet_read
                0xc060c8d5                inet_close
                0xc060c924                inet_free
                0xc060c95a                inet_bind
                0xc060ca63                inet_listen
                0xc060caac                inet_accept
                0xc060cb57                inet_sendto
                0xc060cb82                inet_recvfrom
 .text          0xc060cb98      0x191 network/dst.o
                0xc060cba6                print_array
                0xc060cc1a                dst_neigh_output
 .text          0xc060cd29      0xc58 network/tcp_input.o
                0xc060d4e2                tcp_process
                0xc060d8bf                tcp_receive
 .text          0xc060d981        0xf network/task_network.o
                0xc060d981                init_dev
                0xc060d986                task_network
                0xc060d98b                task_netdev_rx
 .text          0xc060d990      0x3fd network/udp.o
                0xc060dab8                udp_generate_port
                0xc060db01                udp_checksum
                0xc060dbcf                udp_in
                0xc060dc60                udp_data_dequeue
                0xc060dd68                udp_data_enqueue
 .text          0xc060dd8d      0x5c8 network/tcp_data.o
                0xc060e0f6                tcp_data_dequeue
                0xc060e223                tcp_data_queue
 .text          0xc060e355      0x1e7 network/utils.o
                0xc060e355                run_cmd
                0xc060e362                print_err
                0xc060e379                parse_ipv4_string
                0xc060e3d8                ip_pton
                0xc060e420                sum_every_16bits
                0xc060e477                checksum
                0xc060e4b8                tcp_udp_checksum
 .text          0xc060e53c      0xe84 hd/hd.o
                0xc060e53c                TaskHD
                0xc060e587                init_hd
                0xc060e5a1                hd_handle
                0xc060e6a6                hd_cmd_out
                0xc060e7a8                hd_identify
                0xc060e85f                print_hdinfo
                0xc060e9ed                print_dpt_entry
                0xc060ea59                get_partition_table
                0xc060eb38                partition
                0xc060ed52                hd_open
                0xc060ee02                get_hd_ioctl
                0xc060eebc                wait_for
                0xc060eeed                interrupt_wait
                0xc060ef46                hd_rdwt
                0xc060f1e8                hd_handler
                0xc060f219                debug_ticks
                0xc060f257                waitfor
                0xc060f29b                print_hd_info
                0xc060f388                is_empty
 .text          0xc060f3c0     0x2081 fs/fs_main.o
                0xc060f3c0                task_fs
                0xc060f5d4                rd_wt
                0xc060f6b6                mkfs
                0xc060fc98                init_fs
                0xc060fcf2                do_open
                0xc060fefb                search_file
                0xc061002d                strip_path
                0xc06100f9                get_inode
                0xc06102bb                create_file
                0xc06103c6                alloc_imap_bit
                0xc06104c3                alloc_smap_bit
                0xc0610664                new_inode
                0xc0610782                new_dir_entry
                0xc061098e                do_unlink
                0xc0610e6a                do_rdwt
                0xc06111f5                sync_inode
                0xc0611349                put_inode
                0xc0611387                do_close
                0xc06113d9                get_super_block
 .text          0xc0611441      0x24f mm/forkexit.o
                0xc0611441                do_fork
                0xc06114af                do_exit
                0xc0611539                do_wait
                0xc0611636                cleanup
 .text          0xc0611690      0x419 mm/exec.o
                0xc0611690                do_exec
 .text          0xc0611aa9      0x14e mm/main.o
                0xc0611aa9                TaskMM
                0xc0611bd8                alloc_mem
 .text          0xc0611bf7     0x1118 mem/mem.o
                0xc0611bf7                init_bitmap
                0xc0611c1a                test_bit_val
                0xc0611c83                set_bit_val
                0xc0611cfe                set_bits
                0xc0611d38                get_first_free_bit
                0xc0611d7c                get_bits
                0xc0611e44                get_a_page
                0xc0611ef8                get_virtual_address_start_with_addr
                0xc0611f92                get_virtual_address
                0xc0612022                ptr_pde
                0xc0612035                ptr_pte
                0xc061205c                add_map_entry
                0xc06120ed                alloc_virtual_memory
                0xc06121b9                get_physical_address_proc
                0xc0612235                get_physical_address
                0xc0612267                alloc_physical_memory_of_proc
                0xc0612356                alloc_physical_memory
                0xc061241e                alloc_memory
                0xc0612480                get_a_virtual_page
                0xc06124b8                block2arena
                0xc06124ce                sys_malloc2
                0xc06127fb                remove_map_entry
                0xc061281c                free_a_page
                0xc06128c3                sys_free2
                0xc06128c9                init_memory_block_desc
                0xc061299a                init_memory2
                0xc0612bcf                init_memory
 .text          0xc0612d0f       0x49 lib/floor.o
                0xc0612d0f                floor
 .text          0xc0612d58      0x285 lib/exec.o
                0xc0612d58                exec
                0xc0612dc9                execv
                0xc0612fb8                execl
 .text          0xc0612fdd       0x2f lib/exit.o
                0xc0612fdd                exit
 .text          0xc061300c       0x42 lib/unlink.o
                0xc061300c                unlink
 .text          0xc061304e       0x44 lib/wait.o
                0xc061304e                wait
 .text          0xc0613092       0xbe lib/socket_close.o
                0xc0613092                socket_close
 .text          0xc0613150      0x12a lib/socket_read.o
                0xc0613150                socket_read
 .text          0xc061327a       0x29 lib/alloca.o
                0xc061327a                alloca
 .text          0xc06132a3       0x46 lib/calloc.o
                0xc06132a3                calloc
 .text          0xc06132e9       0x4b lib/fork.o
                0xc06132e9                fork
 .text          0xc0613334      0x193 lib/socket_write.o
                0xc0613334                socket_write
 .text          0xc06134c7       0x2b lib/getpid.o
                0xc06134c7                getpid
 .text          0xc06134f2       0x9c lib/stdlib/atoi.o
                0xc06134f2                atoi
 .text          0xc061358e       0xca lib/stdlib/strtol.o
                0xc061358e                strtol
 .text          0xc0613658       0x85 lib/string/strtok.o
                0xc0613658                strtok
 .text          0xc06136dd       0xa8 lib/string/strcmp.o
                0xc06136dd                strcmp
 .text          0xc0613785       0xd4 lib/string/strncmp.o
                0xc0613785                strncmp
 .text          0xc0613859       0x90 lib/string/strpbrk.o
                0xc0613859                strpbrk
 .text          0xc06138e9      0x181 lib/stdio/read.o
                0xc06138e9                read
 .text          0xc0613a6a       0x17 lib/stdio/perror.o
                0xc0613a6a                perror
 .text          0xc0613a81      0x335 lib/stdio/sscanf.o
                0xc0613a81                sscanf
 .text          0xc0613db6       0x9e lib/stdio/open.o
                0xc0613db6                open
 .text          0xc0613e54       0x85 lib/stdio/write.o
                0xc0613e54                write
 .text          0xc0613ed9       0x52 lib/stdio/close.o
                0xc0613ed9                close
 .text          0xc0613f2b      0x195 lib/sys/socket.o
                0xc0613f2b                socket
 .text          0xc06140c0      0x179 lib/sys/connect.o
                0xc06140c0                connect
 .text          0xc0614239       0x38 lib/arpa/ntohs.o
                0xc0614239                ntohs
 .text          0xc0614271       0x7c lib/arpa/htonl.o
                0xc0614271                htonl
 .text          0xc06142ed       0x38 lib/arpa/htons.o
                0xc06142ed                htons
 .text          0xc0614325      0x295 lib/arpa/inet_pton.o
                0xc0614325                isValidIPv4
                0xc06144af                inet_pton
 .text          0xc06145ba       0x7c lib/arpa/ntohl.o
                0xc06145ba                ntohl
 .text          0xc0614636       0xe3 lib/arpa/inet_ntop.o
                0xc0614636                inet_ntop
 *(.gnu.warning)

.fini
 *(SORT_NONE(.fini))
                [!provide]                        PROVIDE (__etext = .)
                [!provide]                        PROVIDE (_etext = .)
                [!provide]                        PROVIDE (etext = .)
                0xc0615000                        . = ALIGN (CONSTANT (MAXPAGESIZE))
                0xc0615000                        . = SEGMENT_START ("rodata-segment", (ALIGN (CONSTANT (MAXPAGESIZE)) + (. & (CONSTANT (MAXPAGESIZE) - 0x1))))

.rodata         0xc0615000     0x1ebf
 *(.rodata .rodata.* .gnu.linkonce.r.*)
 .rodata        0xc0615000       0x3c double_link_list.o
 .rodata        0xc061503c      0x1e4 kernel_main.o
 .rodata        0xc0615220       0x22 console.o
 *fill*         0xc0615242       0x1e 
 .rodata        0xc0615260      0xb61 kernel_main_old.o
 *fill*         0xc0615dc1        0x3 
 .rodata        0xc0615dc4       0x4c process.o
 .rodata        0xc0615e10        0x9 network/skbuff.o
 *fill*         0xc0615e19        0x3 
 .rodata        0xc0615e1c      0x23d network/socket.o
 *fill*         0xc0616059        0x3 
 .rodata        0xc061605c       0xd6 network/ip_input.o
 *fill*         0xc0616132        0x2 
 .rodata        0xc0616134       0x45 network/udp_sock.o
 *fill*         0xc0616179        0x3 
 .rodata        0xc061617c      0x114 network/tcp_sock.o
 .rodata        0xc0616290      0x117 network/netdev.o
 *fill*         0xc06163a7        0x1 
 .rodata        0xc06163a8       0x31 network/tcp.o
 .rodata        0xc06163d9       0x24 network/sock.o
 *fill*         0xc06163fd        0x3 
 .rodata        0xc0616400      0x106 network/tcp_output.o
 *fill*         0xc0616506        0x2 
 .rodata        0xc0616508       0xda network/arp.o
 *fill*         0xc06165e2        0x2 
 .rodata        0xc06165e4       0x36 network/route.o
 *fill*         0xc061661a        0x2 
 .rodata        0xc061661c      0x188 network/ipc.o
 .rodata        0xc06167a4       0x32 network/icmpv4.o
 .rodata        0xc06167d6        0x9 network/ip_output.o
 *fill*         0xc06167df        0x1 
 .rodata        0xc06167e0       0x48 network/inet.o
 .rodata        0xc0616828       0x1c network/dst.o
 .rodata        0xc0616844       0xe8 network/tcp_input.o
 .rodata        0xc061692c        0x9 network/task_network.o
 .rodata        0xc0616935       0x24 network/udp.o
 .rodata        0xc0616959       0x39 network/tcp_data.o
 *fill*         0xc0616992        0x2 
 .rodata        0xc0616994       0x41 network/utils.o
 *fill*         0xc06169d5        0x3 
 .rodata        0xc06169d8      0x19c hd/hd.o
 .rodata        0xc0616b74      0x1fb fs/fs_main.o
                0xc0616b74                FSBUF_SIZE
 .rodata        0xc0616d6f       0x21 mm/forkexit.o
 .rodata        0xc0616d90       0x10 mm/exec.o
 .rodata        0xc0616da0       0x11 mm/main.o
 .rodata        0xc0616db1       0x5a mem/mem.o
 .rodata        0xc0616e0b       0x2d lib/exec.o
 .rodata        0xc0616e38        0x9 lib/socket_close.o
 .rodata        0xc0616e41        0x9 lib/socket_read.o
 .rodata        0xc0616e4a        0x9 lib/socket_write.o
 .rodata        0xc0616e53       0x2a lib/stdio/close.o
 .rodata        0xc0616e7d       0x33 lib/sys/socket.o
 .rodata        0xc0616eb0        0x9 lib/sys/connect.o
 .rodata        0xc0616eb9        0x3 lib/arpa/inet_pton.o
 .rodata        0xc0616ebc        0x3 lib/arpa/inet_ntop.o

.txt            0xc0616ebf       0xaa
 .txt           0xc0616ebf       0x82 string.o
                0xc0616ebf                Memcpy2
                0xc0616eed                Memset
                0xc0616f0c                Strcpy
                0xc0616f26                Strlen
 .txt           0xc0616f41       0x28 hd/hd_rdwt.o
                0xc0616f41                read_port
                0xc0616f55                write_port

.rodata1
 *(.rodata1)

.eh_frame_hdr
 *(.eh_frame_hdr)
 *(.eh_frame_entry .eh_frame_entry.*)

.eh_frame       0xc0616f6c     0x44cc
 *(.eh_frame)
 .eh_frame      0xc0616f6c       0xd8 double_link_list.o
 .eh_frame      0xc0617044      0x104 kernel_main.o
                                0x11c (size before relaxing)
 .eh_frame      0xc0617148      0x100 protect.o
                                0x118 (size before relaxing)
 .eh_frame      0xc0617248      0x1e0 console.o
                                0x1f8 (size before relaxing)
 .eh_frame      0xc0617428      0x6cc kernel_main_old.o
                                0x6e4 (size before relaxing)
 .eh_frame      0xc0617af4       0xa0 keyboard.o
                                 0xb8 (size before relaxing)
 .eh_frame      0xc0617b94       0x80 process.o
                                 0x98 (size before relaxing)
 .eh_frame      0xc0617c14       0x80 thread.o
                                 0x98 (size before relaxing)
 .eh_frame      0xc0617c94       0xe0 my_process.o
                                 0xf8 (size before relaxing)
 .eh_frame      0xc0617d74       0xe0 network/skbuff.o
                                 0xf8 (size before relaxing)
 .eh_frame      0xc0617e54      0x2a0 network/socket.o
                                0x2b8 (size before relaxing)
 .eh_frame      0xc06180f4      0x144 network/ip_input.o
                                0x15c (size before relaxing)
 .eh_frame      0xc0618238      0x404 network/udp_sock.o
                                0x41c (size before relaxing)
 .eh_frame      0xc061863c      0x580 network/tcp_sock.o
                                0x598 (size before relaxing)
 .eh_frame      0xc0618bbc      0x230 network/netdev.o
                                0x248 (size before relaxing)
 .eh_frame      0xc0618dec      0x288 network/tcp.o
                                0x2a0 (size before relaxing)
 .eh_frame      0xc0619074      0x1a0 network/sock.o
                                0x1b8 (size before relaxing)
 .eh_frame      0xc0619214      0x40c network/tcp_output.o
                                0x424 (size before relaxing)
 .eh_frame      0xc0619620      0x220 network/arp.o
                                0x238 (size before relaxing)
 .eh_frame      0xc0619840      0x104 network/route.o
                                0x11c (size before relaxing)
 .eh_frame      0xc0619944      0x274 network/ipc.o
                                0x28c (size before relaxing)
 .eh_frame      0xc0619bb8       0x80 network/icmpv4.o
                                 0x98 (size before relaxing)
 .eh_frame      0xc0619c38       0x40 network/ip_output.o
                                 0x58 (size before relaxing)
 .eh_frame      0xc0619c78      0x180 network/inet.o
                                0x198 (size before relaxing)
 .eh_frame      0xc0619df8       0x60 network/dst.o
                                 0x78 (size before relaxing)
 .eh_frame      0xc0619e58      0x324 network/tcp_input.o
                                0x33c (size before relaxing)
 .eh_frame      0xc061a17c       0x54 network/task_network.o
                                 0x6c (size before relaxing)
 .eh_frame      0xc061a1d0      0x1e4 network/udp.o
                                0x1fc (size before relaxing)
 .eh_frame      0xc061a3b4      0x220 network/tcp_data.o
                                0x238 (size before relaxing)
 .eh_frame      0xc061a5d4       0xe4 network/utils.o
                                 0xfc (size before relaxing)
 .eh_frame      0xc061a6b8      0x264 hd/hd.o
                                0x27c (size before relaxing)
 .eh_frame      0xc061a91c      0x27c fs/fs_main.o
                                0x294 (size before relaxing)
 .eh_frame      0xc061ab98       0x80 mm/forkexit.o
                                 0x98 (size before relaxing)
 .eh_frame      0xc061ac18       0x20 mm/exec.o
                                 0x38 (size before relaxing)
 .eh_frame      0xc061ac38       0x3c mm/main.o
                                 0x54 (size before relaxing)
 .eh_frame      0xc061ac74      0x364 mem/mem.o
                                0x37c (size before relaxing)
 .eh_frame      0xc061afd8       0x20 lib/floor.o
                                 0x38 (size before relaxing)
 .eh_frame      0xc061aff8       0x60 lib/exec.o
                                 0x78 (size before relaxing)
 .eh_frame      0xc061b058       0x20 lib/exit.o
                                 0x38 (size before relaxing)
 .eh_frame      0xc061b078       0x20 lib/unlink.o
                                 0x38 (size before relaxing)
 .eh_frame      0xc061b098       0x20 lib/wait.o
                                 0x38 (size before relaxing)
 .eh_frame      0xc061b0b8       0x20 lib/socket_close.o
                                 0x38 (size before relaxing)
 .eh_frame      0xc061b0d8       0x20 lib/socket_read.o
                                 0x38 (size before relaxing)
 .eh_frame      0xc061b0f8       0x20 lib/alloca.o
                                 0x38 (size before relaxing)
 .eh_frame      0xc061b118       0x20 lib/calloc.o
                                 0x38 (size before relaxing)
 .eh_frame      0xc061b138       0x20 lib/fork.o
                                 0x38 (size before relaxing)
 .eh_frame      0xc061b158       0x20 lib/socket_write.o
                                 0x38 (size before relaxing)
 .eh_frame      0xc061b178       0x20 lib/getpid.o
                                 0x38 (size before relaxing)
 .eh_frame      0xc061b198       0x20 lib/stdlib/atoi.o
                                 0x38 (size before relaxing)
 .eh_frame      0xc061b1b8       0x20 lib/stdlib/strtol.o
                                 0x38 (size before relaxing)
 .eh_frame      0xc061b1d8       0x20 lib/string/strtok.o
                                 0x38 (size before relaxing)
 .eh_frame      0xc061b1f8       0x20 lib/string/strcmp.o
                                 0x38 (size before relaxing)
 .eh_frame      0xc061b218       0x20 lib/string/strncmp.o
                                 0x38 (size before relaxing)
 .eh_frame      0xc061b238       0x20 lib/string/strpbrk.o
                                 0x38 (size before relaxing)
 .eh_frame      0xc061b258       0x20 lib/stdio/read.o
                                 0x38 (size before relaxing)
 .eh_frame      0xc061b278       0x20 lib/stdio/perror.o
                                 0x38 (size before relaxing)
 .eh_frame      0xc061b298       0x20 lib/stdio/sscanf.o
                                 0x38 (size before relaxing)
 .eh_frame      0xc061b2b8       0x20 lib/stdio/open.o
                                 0x38 (size before relaxing)
 .eh_frame      0xc061b2d8       0x20 lib/stdio/write.o
                                 0x38 (size before relaxing)
 .eh_frame      0xc061b2f8       0x20 lib/stdio/close.o
                                 0x38 (size before relaxing)
 .eh_frame      0xc061b318       0x20 lib/sys/socket.o
                                 0x38 (size before relaxing)
 .eh_frame      0xc061b338       0x20 lib/sys/connect.o
                                 0x38 (size before relaxing)
 .eh_frame      0xc061b358       0x20 lib/arpa/ntohs.o
                                 0x38 (size before relaxing)
 .eh_frame      0xc061b378       0x20 lib/arpa/htonl.o
                                 0x38 (size before relaxing)
 .eh_frame      0xc061b398       0x20 lib/arpa/htons.o
                                 0x38 (size before relaxing)
 .eh_frame      0xc061b3b8       0x40 lib/arpa/inet_pton.o
                                 0x58 (size before relaxing)
 .eh_frame      0xc061b3f8       0x20 lib/arpa/ntohl.o
                                 0x38 (size before relaxing)
 .eh_frame      0xc061b418       0x20 lib/arpa/inet_ntop.o
                                 0x38 (size before relaxing)
 *(.eh_frame.*)

.sframe
 *(.sframe)
 *(.sframe.*)

.gcc_except_table
 *(.gcc_except_table .gcc_except_table.*)

.gnu_extab
 *(.gnu_extab*)

.exception_ranges
 *(.exception_ranges*)
                0xc061c000                        . = DATA_SEGMENT_ALIGN (CONSTANT (MAXPAGESIZE), CONSTANT (COMMONPAGESIZE))

.eh_frame
 *(.eh_frame)
 *(.eh_frame.*)

.sframe
 *(.sframe)
 *(.sframe.*)

.gnu_extab
 *(.gnu_extab)

.gcc_except_table
 *(.gcc_except_table .gcc_except_table.*)

.exception_ranges
 *(.exception_ranges*)

.tdata          0xc061c000        0x0
                [!provide]                        PROVIDE (__tdata_start = .)
 *(.tdata .tdata.* .gnu.linkonce.td.*)

.tbss
 *(.tbss .tbss.* .gnu.linkonce.tb.*)
 *(.tcommon)

.preinit_array  0xc061c000        0x0
                [!provide]                        PROVIDE (__preinit_array_start = .)
 *(.preinit_array)
                [!provide]                        PROVIDE (__preinit_array_end = .)

.init_array     0xc061c000        0x0
                [!provide]                        PROVIDE (__init_array_start = .)
 *(SORT_BY_INIT_PRIORITY(.init_array.*) SORT_BY_INIT_PRIORITY(.ctors.*))
 *(.init_array EXCLUDE_FILE(*crtend?.o *crtend.o *crtbegin?.o *crtbegin.o) .ctors)
                [!provide]                        PROVIDE (__init_array_end = .)

.fini_array     0xc061c000        0x0
                [!provide]                        PROVIDE (__fini_array_start = .)
 *(SORT_BY_INIT_PRIORITY(.fini_array.*) SORT_BY_INIT_PRIORITY(.dtors.*))
 *(.fini_array EXCLUDE_FILE(*crtend?.o *crtend.o *crtbegin?.o *crtbegin.o) .dtors)
                [!provide]                        PROVIDE (__fini_array_end = .)

.ctors
 *crtbegin.o(.ctors)
 *crtbegin?.o(.ctors)
 *(EXCLUDE_FILE(*crtend?.o *crtend.o) .ctors)
 *(SORT_BY_NAME(.ctors.*))
 *(.ctors)

.dtors
 *crtbegin.o(.dtors)
 *crtbegin?.o(.dtors)
 *(EXCLUDE_FILE(*crtend?.o *crtend.o) .dtors)
 *(SORT_BY_NAME(.dtors.*))
 *(.dtors)

.jcr
 *(.jcr)

.data.rel.ro
 *(.data.rel.ro.local* .gnu.linkonce.d.rel.ro.local.*)
 *(.data.rel.ro .data.rel.ro.* .gnu.linkonce.d.rel.ro.*)

.dynamic
 *(.dynamic)

.got            0xc061c000        0x0
 *(.got)
 .got           0xc061c000        0x0 kernel/kernel_sub.o
 *(.igot)
                0xc061c000                        . = DATA_SEGMENT_RELRO_END (., (SIZEOF (.got.plt) >= 0xc)?0xc:0x0)

.got.plt        0xc061c000        0x0
 *(.got.plt)
 .got.plt       0xc061c000        0x0 kernel/kernel_sub.o
 *(.igot.plt)
 .igot.plt      0xc061c000        0x0 kernel/kernel_sub.o

.data           0xc061c000      0xbb0
 *(.data .data.* .gnu.linkonce.d.*)
 .data          0xc061c000        0xf kernel/kernel_sub.o
 *fill*         0xc061c00f        0x1 
 .data          0xc061c010        0xf kernel/kernel.o
 *fill*         0xc061c01f        0x1 
 .data          0xc061c020        0x0 syscall.o
 .data          0xc061c020        0x0 double_link_list.o
 .data          0xc061c020        0x0 kernel_main.o
 .data          0xc061c020        0x0 protect.o
 .data          0xc061c020        0x0 console.o
 .data          0xc061c020        0x0 kernel_main_old.o
 .data          0xc061c020      0x17c global.o
                0xc061c020                user_task_table
                0xc061c0a0                sys_task_table
                0xc061c180                sys_call_table
 *fill*         0xc061c19c        0x4 
 .data          0xc061c1a0      0x600 keyboard.o
                0xc061c1a0                keymap
 .data          0xc061c7a0        0x0 process.o
 .data          0xc061c7a0        0x0 thread.o
 .data          0xc061c7a0        0x0 my_process.o
 .data          0xc061c7a0        0x4 network/skbuff.o
 *fill*         0xc061c7a4       0x1c 
 .data          0xc061c7c0      0x224 network/socket.o
 .data          0xc061c9e4        0x4 network/ip_input.o
 *fill*         0xc061c9e8       0x18 
 .data          0xc061ca00       0x54 network/udp_sock.o
                0xc061ca20                udp_ops
 *fill*         0xc061ca54        0xc 
 .data          0xc061ca60       0x54 network/tcp_sock.o
                0xc061ca80                tcp_ops
 .data          0xc061cab4        0x4 network/netdev.o
 .data          0xc061cab8        0x8 network/tcp.o
 .data          0xc061cac0        0x4 network/sock.o
 .data          0xc061cac4        0x4 network/tcp_output.o
 .data          0xc061cac8       0x14 network/arp.o
 .data          0xc061cadc        0x4 network/route.o
 .data          0xc061cae0        0xc network/ipc.o
 .data          0xc061caec        0x4 network/icmpv4.o
 .data          0xc061caf0        0x4 network/ip_output.o
 *fill*         0xc061caf4        0xc 
 .data          0xc061cb00       0x80 network/inet.o
                0xc061cb08                inet
 .data          0xc061cb80        0x4 network/dst.o
 .data          0xc061cb84        0x4 network/tcp_input.o
 .data          0xc061cb88        0x4 network/task_network.o
 .data          0xc061cb8c        0x8 network/udp.o
 .data          0xc061cb94        0x4 network/tcp_data.o
 .data          0xc061cb98        0x4 network/utils.o
 .data          0xc061cb9c        0x0 hd/hd.o
 .data          0xc061cb9c        0x0 fs/fs_main.o
 .data          0xc061cb9c        0x0 mm/forkexit.o
 .data          0xc061cb9c        0x0 mm/exec.o
 .data          0xc061cb9c        0x0 mm/main.o
 .data          0xc061cb9c        0x0 mem/mem.o
 .data          0xc061cb9c        0x0 lib/floor.o
 .data          0xc061cb9c        0x0 lib/exec.o
 .data          0xc061cb9c        0x0 lib/exit.o
 .data          0xc061cb9c        0x0 lib/unlink.o
 .data          0xc061cb9c        0x0 lib/wait.o
 .data          0xc061cb9c        0x4 lib/socket_close.o
 .data          0xc061cba0        0x4 lib/socket_read.o
 .data          0xc061cba4        0x0 lib/alloca.o
 .data          0xc061cba4        0x0 lib/calloc.o
 .data          0xc061cba4        0x0 lib/fork.o
 .data          0xc061cba4        0x4 lib/socket_write.o
 .data          0xc061cba8        0x0 lib/getpid.o
 .data          0xc061cba8        0x0 lib/stdlib/atoi.o
 .data          0xc061cba8        0x0 lib/stdlib/strtol.o
 .data          0xc061cba8        0x0 lib/string/strtok.o
 .data          0xc061cba8        0x0 lib/string/strcmp.o
 .data          0xc061cba8        0x0 lib/string/strncmp.o
 .data          0xc061cba8        0x0 lib/string/strpbrk.o
 .data          0xc061cba8        0x0 lib/stdio/read.o
 .data          0xc061cba8        0x0 lib/stdio/perror.o
 .data          0xc061cba8        0x0 lib/stdio/sscanf.o
 .data          0xc061cba8        0x0 lib/stdio/open.o
 .data          0xc061cba8        0x0 lib/stdio/write.o
 .data          0xc061cba8        0x0 lib/stdio/close.o
 .data          0xc061cba8        0x4 lib/sys/socket.o
 .data          0xc061cbac        0x4 lib/sys/connect.o
 .data          0xc061cbb0        0x0 lib/arpa/ntohs.o
 .data          0xc061cbb0        0x0 lib/arpa/htonl.o
 .data          0xc061cbb0        0x0 lib/arpa/htons.o
 .data          0xc061cbb0        0x0 lib/arpa/inet_pton.o
 .data          0xc061cbb0        0x0 lib/arpa/ntohl.o
 .data          0xc061cbb0        0x0 lib/arpa/inet_ntop.o

.data1
 *(.data1)
                0xc061cbb0                        _edata = .
                [!provide]                        PROVIDE (edata = .)
                0xc061cbb0                        . = .
                0xc061cbb0                        __bss_start = .

.bss            0xc061cbc0    0xa58a8
 *(.dynbss)
 *(.bss .bss.* .gnu.linkonce.b.*)
 .bss           0xc061cbc0      0x800 kernel/kernel_sub.o
 .bss           0xc061d3c0      0x800 kernel/kernel.o
 .bss           0xc061dbc0        0x0 double_link_list.o
 .bss           0xc061dbc0        0x0 kernel_main.o
 .bss           0xc061dbc0        0x0 protect.o
 .bss           0xc061dbc0        0x0 console.o
 .bss           0xc061dbc0        0x0 kernel_main_old.o
 .bss           0xc061dbc0        0x0 global.o
 .bss           0xc061dbc0        0x0 keyboard.o
 .bss           0xc061dbc0        0x0 process.o
 .bss           0xc061dbc0        0x0 thread.o
 .bss           0xc061dbc0        0x0 my_process.o
 .bss           0xc061dbc0        0x0 network/skbuff.o
 .bss           0xc061dbc0        0x4 network/socket.o
 .bss           0xc061dbc4        0x0 network/ip_input.o
 .bss           0xc061dbc4        0x4 network/udp_sock.o
 .bss           0xc061dbc8        0x0 network/tcp_sock.o
 .bss           0xc061dbc8        0x0 network/netdev.o
 .bss           0xc061dbc8        0x0 network/tcp.o
 .bss           0xc061dbc8        0x0 network/sock.o
 .bss           0xc061dbc8        0x0 network/tcp_output.o
 .bss           0xc061dbc8        0x0 network/arp.o
 .bss           0xc061dbc8        0x0 network/route.o
 .bss           0xc061dbc8        0x4 network/ipc.o
 .bss           0xc061dbcc        0x0 network/icmpv4.o
 .bss           0xc061dbcc        0x0 network/ip_output.o
 .bss           0xc061dbcc        0x0 network/inet.o
 .bss           0xc061dbcc        0x0 network/dst.o
 .bss           0xc061dbcc        0x0 network/tcp_input.o
 .bss           0xc061dbcc        0x0 network/task_network.o
 .bss           0xc061dbcc        0x0 network/udp.o
 .bss           0xc061dbcc        0x0 network/tcp_data.o
 .bss           0xc061dbcc        0x0 network/utils.o
 .bss           0xc061dbcc        0x0 hd/hd.o
 .bss           0xc061dbcc        0x4 fs/fs_main.o
                0xc061dbcc                c
 .bss           0xc061dbd0        0x0 mm/forkexit.o
 .bss           0xc061dbd0        0x0 mm/exec.o
 .bss           0xc061dbd0        0x0 mm/main.o
 .bss           0xc061dbd0        0x0 mem/mem.o
 .bss           0xc061dbd0        0x0 lib/floor.o
 .bss           0xc061dbd0        0x0 lib/exec.o
 .bss           0xc061dbd0        0x0 lib/exit.o
 .bss           0xc061dbd0        0x0 lib/unlink.o
 .bss           0xc061dbd0        0x0 lib/wait.o
 .bss           0xc061dbd0        0x0 lib/socket_close.o
 .bss           0xc061dbd0        0x0 lib/socket_read.o
 .bss           0xc061dbd0        0x0 lib/alloca.o
 .bss           0xc061dbd0        0x0 lib/calloc.o
 .bss           0xc061dbd0        0x0 lib/fork.o
 .bss           0xc061dbd0        0x0 lib/socket_write.o
 .bss           0xc061dbd0        0x0 lib/getpid.o
 .bss           0xc061dbd0        0x0 lib/stdlib/atoi.o
 .bss           0xc061dbd0        0x0 lib/stdlib/strtol.o
 .bss           0xc061dbd0        0x4 lib/string/strtok.o
 .bss           0xc061dbd4        0x0 lib/string/strcmp.o
 .bss           0xc061dbd4        0x0 lib/string/strncmp.o
 .bss           0xc061dbd4        0x0 lib/string/strpbrk.o
 .bss           0xc061dbd4        0x0 lib/stdio/read.o
 .bss           0xc061dbd4        0x0 lib/stdio/perror.o
 .bss           0xc061dbd4        0x0 lib/stdio/sscanf.o
 .bss           0xc061dbd4        0x0 lib/stdio/open.o
 .bss           0xc061dbd4        0x0 lib/stdio/write.o
 .bss           0xc061dbd4        0x0 lib/stdio/close.o
 .bss           0xc061dbd4        0x0 lib/sys/socket.o
 .bss           0xc061dbd4        0x0 lib/sys/connect.o
 .bss           0xc061dbd4        0x0 lib/arpa/ntohs.o
 .bss           0xc061dbd4        0x0 lib/arpa/htonl.o
 .bss           0xc061dbd4        0x0 lib/arpa/htons.o
 .bss           0xc061dbd4        0x0 lib/arpa/inet_pton.o
 .bss           0xc061dbd4        0x0 lib/arpa/ntohl.o
 .bss           0xc061dbd4        0x0 lib/arpa/inet_ntop.o
 *(COMMON)
 *fill*         0xc061dbd4        0xc 
 COMMON         0xc061dbe0     0x17dc double_link_list.o
                0xc061dbe0                current_tty
                0xc061dbe4                is_e0
                0xc061dbe8                idt_ptr
                0xc061dbf0                pid
                0xc061dbf4                KernelVirtualMemory
                0xc061dc00                loop
                0xc061dc04                current_dis_pos
                0xc061dc08                dis_pos
                0xc061dc0c                netdev
                0xc061dc10                k_reenter
                0xc061dc20                gdt
                0xc061e020                proc_ready_table
                0xc061e024                test_ticks
                0xc061e028                pcaller
                0xc061e040                keyboard_buffer
                0xc061e24c                pcb_list
                0xc061e25c                gdt_index
                0xc061e260                tty_table
                0xc061eaa0                tss
                0xc061eb0c                KernelPool
                0xc061eb1c                net_buf
                0xc061eb20                nic_current_page
                0xc061eb24                counter
                0xc061eb28                key_pressed
                0xc061eb2c                fork_pid
                0xc061eb30                is_shift
                0xc061eb31                net_data
                0xc061eb34                tcp_connecting_or_listening_socks
                0xc061eb38                routes
                0xc061eb3c                gdt_ptr
                0xc061eb60                idt
                0xc061f360                main_thread
                0xc061f368                ticks
                0xc061f370                is_init
                0xc061f374                UserPool
                0xc061f384                tcp_establised_or_syn_recvd_socks
                0xc061f388                all_pcb_list
                0xc061f398                console_table
                0xc061f3a8                is_disp
                0xc061f3ac                MAIN_THREAD_PAGE_DIRECTORY
                0xc061f3b0                helloStr
 *fill*         0xc061f3bc        0x4 
 COMMON         0xc061f3c0    0xa1d40 global.o
                0xc061f3c0                proc_stack
                0xc06bf3c0                proc_table
 COMMON         0xc06c1100      0x440 hd/hd.o
                0xc06c1100                hd_info
                0xc06c1340                hd_cache
 COMMON         0xc06c1540      0xe68 fs/fs_main.o
                0xc06c1540                file_desc_table
                0xc06c1940                phy_super_block_buf
                0xc06c1944                phy_fsbuf
                0xc06c1960                inode_table
                0xc06c2360                super_block_buf
                0xc06c2364                fsbuf
                0xc06c2380                root
 *fill*         0xc06c23a8       0x18 
 COMMON         0xc06c23c0       0xa8 mem/mem.o
                0xc06c23c0                kernel_mem_block_decs_array
                0xc06c2468                        . = ALIGN ((. != 0x0)?0x4:0x1)
                0xc06c2468                        . = ALIGN (0x4)
                0xc06c2468                        . = SEGMENT_START ("ldata-segment", .)
                0xc06c2468                        . = ALIGN (0x4)
                0xc06c2468                        _end = .
                [!provide]                        PROVIDE (end = .)
                0xc06c2468                        . = DATA_SEGMENT_END (.)

.stab
 *(.stab)

.stabstr
 *(.stabstr)

.stab.excl
 *(.stab.excl)

.stab.exclstr
 *(.stab.exclstr)

.stab.index
 *(.stab.index)

.stab.indexstr
 *(.stab.indexstr)

.comment        0x00000000       0x2c
 *(.comment)
 .comment       0x00000000       0x2c double_link_list.o
                                 0x2d (size before relaxing)
 .comment       0x0000002c       0x2d kernel_main.o
 .comment       0x0000002c       0x2d protect.o
 .comment       0x0000002c       0x2d console.o
 .comment       0x0000002c       0x2d kernel_main_old.o
 .comment       0x0000002c       0x2d global.o
 .comment       0x0000002c       0x2d keyboard.o
 .comment       0x0000002c       0x2d process.o
 .comment       0x0000002c       0x2d thread.o
 .comment       0x0000002c       0x2d my_process.o
 .comment       0x0000002c       0x2d network/skbuff.o
 .comment       0x0000002c       0x2d network/socket.o
 .comment       0x0000002c       0x2d network/ip_input.o
 .comment       0x0000002c       0x2d network/udp_sock.o
 .comment       0x0000002c       0x2d network/tcp_sock.o
 .comment       0x0000002c       0x2d network/netdev.o
 .comment       0x0000002c       0x2d network/tcp.o
 .comment       0x0000002c       0x2d network/sock.o
 .comment       0x0000002c       0x2d network/tcp_output.o
 .comment       0x0000002c       0x2d network/arp.o
 .comment       0x0000002c       0x2d network/route.o
 .comment       0x0000002c       0x2d network/ipc.o
 .comment       0x0000002c       0x2d network/icmpv4.o
 .comment       0x0000002c       0x2d network/ip_output.o
 .comment       0x0000002c       0x2d network/inet.o
 .comment       0x0000002c       0x2d network/dst.o
 .comment       0x0000002c       0x2d network/tcp_input.o
 .comment       0x0000002c       0x2d network/task_network.o
 .comment       0x0000002c       0x2d network/udp.o
 .comment       0x0000002c       0x2d network/tcp_data.o
 .comment       0x0000002c       0x2d network/utils.o
 .comment       0x0000002c       0x2d hd/hd.o
 .comment       0x0000002c       0x2d fs/fs_main.o
 .comment       0x0000002c       0x2d mm/forkexit.o
 .comment       0x0000002c       0x2d mm/exec.o
 .comment       0x0000002c       0x2d mm/main.o
 .comment       0x0000002c       0x2d mem/mem.o
 .comment       0x0000002c       0x2d lib/floor.o
 .comment       0x0000002c       0x2d lib/exec.o
 .comment       0x0000002c       0x2d lib/exit.o
 .comment       0x0000002c       0x2d lib/unlink.o
 .comment       0x0000002c       0x2d lib/wait.o
 .comment       0x0000002c       0x2d lib/socket_close.o
 .comment       0x0000002c       0x2d lib/socket_read.o
 .comment       0x0000002c       0x2d lib/alloca.o
 .comment       0x0000002c       0x2d lib/calloc.o
 .comment       0x0000002c       0x2d lib/fork.o
 .comment       0x0000002c       0x2d lib/socket_write.o
 .comment       0x0000002c       0x2d lib/getpid.o
 .comment       0x0000002c       0x2d lib/stdlib/atoi.o
 .comment       0x0000002c       0x2d lib/stdlib/strtol.o
 .comment       0x0000002c       0x2d lib/string/strtok.o
 .comment       0x0000002c       0x2d lib/string/strcmp.o
 .comment       0x0000002c       0x2d lib/string/strncmp.o
 .comment       0x0000002c       0x2d lib/string/strpbrk.o
 .comment       0x0000002c       0x2d lib/stdio/read.o
 .comment       0x0000002c       0x2d lib/stdio/perror.o
 .comment       0x0000002c       0x2d lib/stdio/sscanf.o
 .comment       0x0000002c       0x2d lib/stdio/open.o
 .comment       0x0000002c       0x2d lib/stdio/write.o
 .comment       0x0000002c       0x2d lib/stdio/close.o
 .comment       0x0000002c       0x2d lib/sys/socket.o
 .comment       0x0000002c       0x2d lib/sys/connect.o
 .comment       0x0000002c       0x2d lib/arpa/ntohs.o
 .comment       0x0000002c       0x2d lib/arpa/htonl.o
 .comment       0x0000002c       0x2d lib/arpa/htons.o
 .comment       0x0000002c       0x2d lib/arpa/inet_pton.o
 .comment       0x0000002c       0x2d lib/arpa/ntohl.o
 .comment       0x0000002c       0x2d lib/arpa/inet_ntop.o

.gnu.build.attributes
 *(.gnu.build.attributes .gnu.build.attributes.*)

.debug
 *(.debug)

.line
 *(.line)

.debug_srcinfo
 *(.debug_srcinfo)

.debug_sfnames
 *(.debug_sfnames)

.debug_aranges  0x00000000      0x898
 *(.debug_aranges)
 .debug_aranges
                0x00000000       0x20 double_link_list.o
 .debug_aranges
                0x00000020       0x20 kernel_main.o
 .debug_aranges
                0x00000040       0x20 protect.o
 .debug_aranges
                0x00000060       0x20 console.o
 .debug_aranges
                0x00000080       0x20 kernel_main_old.o
 .debug_aranges
                0x000000a0       0x18 global.o
 .debug_aranges
                0x000000b8       0x20 keyboard.o
 .debug_aranges
                0x000000d8       0x20 process.o
 .debug_aranges
                0x000000f8       0x20 thread.o
 .debug_aranges
                0x00000118       0x20 my_process.o
 .debug_aranges
                0x00000138       0x20 network/skbuff.o
 .debug_aranges
                0x00000158       0x20 network/socket.o
 .debug_aranges
                0x00000178       0x20 network/ip_input.o
 .debug_aranges
                0x00000198       0x20 network/udp_sock.o
 .debug_aranges
                0x000001b8       0x20 network/tcp_sock.o
 .debug_aranges
                0x000001d8       0x20 network/netdev.o
 .debug_aranges
                0x000001f8       0x20 network/tcp.o
 .debug_aranges
                0x00000218       0x20 network/sock.o
 .debug_aranges
                0x00000238       0x20 network/tcp_output.o
 .debug_aranges
                0x00000258       0x20 network/arp.o
 .debug_aranges
                0x00000278       0x20 network/route.o
 .debug_aranges
                0x00000298       0x20 network/ipc.o
 .debug_aranges
                0x000002b8       0x20 network/icmpv4.o
 .debug_aranges
                0x000002d8       0x20 network/ip_output.o
 .debug_aranges
                0x000002f8       0x20 network/inet.o
 .debug_aranges
                0x00000318       0x20 network/dst.o
 .debug_aranges
                0x00000338       0x20 network/tcp_input.o
 .debug_aranges
                0x00000358       0x20 network/task_network.o
 .debug_aranges
                0x00000378       0x20 network/udp.o
 .debug_aranges
                0x00000398       0x20 network/tcp_data.o
 .debug_aranges
                0x000003b8       0x20 network/utils.o
 .debug_aranges
                0x000003d8       0x20 hd/hd.o
 .debug_aranges
                0x000003f8       0x20 fs/fs_main.o
 .debug_aranges
                0x00000418       0x20 mm/forkexit.o
 .debug_aranges
                0x00000438       0x20 mm/exec.o
 .debug_aranges
                0x00000458       0x20 mm/main.o
 .debug_aranges
                0x00000478       0x20 mem/mem.o
 .debug_aranges
                0x00000498       0x20 lib/floor.o
 .debug_aranges
                0x000004b8       0x20 lib/exec.o
 .debug_aranges
                0x000004d8       0x20 lib/exit.o
 .debug_aranges
                0x000004f8       0x20 lib/unlink.o
 .debug_aranges
                0x00000518       0x20 lib/wait.o
 .debug_aranges
                0x00000538       0x20 lib/socket_close.o
 .debug_aranges
                0x00000558       0x20 lib/socket_read.o
 .debug_aranges
                0x00000578       0x20 lib/alloca.o
 .debug_aranges
                0x00000598       0x20 lib/calloc.o
 .debug_aranges
                0x000005b8       0x20 lib/fork.o
 .debug_aranges
                0x000005d8       0x20 lib/socket_write.o
 .debug_aranges
                0x000005f8       0x20 lib/getpid.o
 .debug_aranges
                0x00000618       0x20 lib/stdlib/atoi.o
 .debug_aranges
                0x00000638       0x20 lib/stdlib/strtol.o
 .debug_aranges
                0x00000658       0x20 lib/string/strtok.o
 .debug_aranges
                0x00000678       0x20 lib/string/strcmp.o
 .debug_aranges
                0x00000698       0x20 lib/string/strncmp.o
 .debug_aranges
                0x000006b8       0x20 lib/string/strpbrk.o
 .debug_aranges
                0x000006d8       0x20 lib/stdio/read.o
 .debug_aranges
                0x000006f8       0x20 lib/stdio/perror.o
 .debug_aranges
                0x00000718       0x20 lib/stdio/sscanf.o
 .debug_aranges
                0x00000738       0x20 lib/stdio/open.o
 .debug_aranges
                0x00000758       0x20 lib/stdio/write.o
 .debug_aranges
                0x00000778       0x20 lib/stdio/close.o
 .debug_aranges
                0x00000798       0x20 lib/sys/socket.o
 .debug_aranges
                0x000007b8       0x20 lib/sys/connect.o
 .debug_aranges
                0x000007d8       0x20 lib/arpa/ntohs.o
 .debug_aranges
                0x000007f8       0x20 lib/arpa/htonl.o
 .debug_aranges
                0x00000818       0x20 lib/arpa/htons.o
 .debug_aranges
                0x00000838       0x20 lib/arpa/inet_pton.o
 .debug_aranges
                0x00000858       0x20 lib/arpa/ntohl.o
 .debug_aranges
                0x00000878       0x20 lib/arpa/inet_ntop.o

.debug_pubnames
 *(.debug_pubnames)

.debug_info     0x00000000    0x47dca
 *(.debug_info .gnu.linkonce.wi.*)
 .debug_info    0x00000000     0x10d5 double_link_list.o
 .debug_info    0x000010d5     0x11e8 kernel_main.o
 .debug_info    0x000022bd     0x1248 protect.o
 .debug_info    0x00003505     0x131d console.o
 .debug_info    0x00004822     0x28ee kernel_main_old.o
 .debug_info    0x00007110      0xf1d global.o
 .debug_info    0x0000802d     0x1071 keyboard.o
 .debug_info    0x0000909e      0xff5 process.o
 .debug_info    0x0000a093     0x10fc thread.o
 .debug_info    0x0000b18f     0x1530 my_process.o
 .debug_info    0x0000c6bf     0x11fd network/skbuff.o
 .debug_info    0x0000d8bc     0x1c59 network/socket.o
 .debug_info    0x0000f515     0x1ceb network/ip_input.o
 .debug_info    0x00011200     0x1f44 network/udp_sock.o
 .debug_info    0x00013144     0x2798 network/tcp_sock.o
 .debug_info    0x000158dc     0x1a5d network/netdev.o
 .debug_info    0x00017339     0x1ecc network/tcp.o
 .debug_info    0x00019205     0x18c7 network/sock.o
 .debug_info    0x0001aacc     0x2a48 network/tcp_output.o
 .debug_info    0x0001d514     0x19e7 network/arp.o
 .debug_info    0x0001eefb     0x13b4 network/route.o
 .debug_info    0x000202af     0x1e5b network/ipc.o
 .debug_info    0x0002210a     0x1970 network/icmpv4.o
 .debug_info    0x00023a7a     0x17ac network/ip_output.o
 .debug_info    0x00025226     0x1abe network/inet.o
 .debug_info    0x00026ce4     0x12d3 network/dst.o
 .debug_info    0x00027fb7     0x21cf network/tcp_input.o
 .debug_info    0x0002a186     0x10be network/task_network.o
 .debug_info    0x0002b244     0x1b75 network/udp.o
 .debug_info    0x0002cdb9     0x1e35 network/tcp_data.o
 .debug_info    0x0002ebee      0x367 network/utils.o
 .debug_info    0x0002ef55     0x188c hd/hd.o
 .debug_info    0x000307e1     0x1fce fs/fs_main.o
 .debug_info    0x000327af     0x1031 mm/forkexit.o
 .debug_info    0x000337e0     0x126d mm/exec.o
 .debug_info    0x00034a4d      0xe5f mm/main.o
 .debug_info    0x000358ac     0x1df1 mem/mem.o
 .debug_info    0x0003769d       0x6b lib/floor.o
 .debug_info    0x00037708      0xfd3 lib/exec.o
 .debug_info    0x000386db      0xe46 lib/exit.o
 .debug_info    0x00039521      0xf24 lib/unlink.o
 .debug_info    0x0003a445      0xe54 lib/wait.o
 .debug_info    0x0003b299     0x101a lib/socket_close.o
 .debug_info    0x0003c2b3     0x1122 lib/socket_read.o
 .debug_info    0x0003d3d5       0xb6 lib/alloca.o
 .debug_info    0x0003d48b      0xf4c lib/calloc.o
 .debug_info    0x0003e3d7      0xe3b lib/fork.o
 .debug_info    0x0003f212     0x11ca lib/socket_write.o
 .debug_info    0x000403dc      0xe3b lib/getpid.o
 .debug_info    0x00041217       0xc9 lib/stdlib/atoi.o
 .debug_info    0x000412e0       0xd6 lib/stdlib/strtol.o
 .debug_info    0x000413b6       0xb5 lib/string/strtok.o
 .debug_info    0x0004146b       0xc1 lib/string/strcmp.o
 .debug_info    0x0004152c      0x110 lib/string/strncmp.o
 .debug_info    0x0004163c       0xcf lib/string/strpbrk.o
 .debug_info    0x0004170b      0xf34 lib/stdio/read.o
 .debug_info    0x0004263f       0x5c lib/stdio/perror.o
 .debug_info    0x0004269b      0x202 lib/stdio/sscanf.o
 .debug_info    0x0004289d      0xe95 lib/stdio/open.o
 .debug_info    0x00043732      0xec2 lib/stdio/write.o
 .debug_info    0x000445f4      0xe49 lib/stdio/close.o
 .debug_info    0x0004543d     0x1107 lib/sys/socket.o
 .debug_info    0x00046544     0x11b6 lib/sys/connect.o
 .debug_info    0x000476fa       0xa8 lib/arpa/ntohs.o
 .debug_info    0x000477a2       0xcb lib/arpa/htonl.o
 .debug_info    0x0004786d       0xa8 lib/arpa/htons.o
 .debug_info    0x00047915      0x260 lib/arpa/inet_pton.o
 .debug_info    0x00047b75       0xcb lib/arpa/ntohl.o
 .debug_info    0x00047c40      0x18a lib/arpa/inet_ntop.o

.debug_abbrev   0x00000000     0x8649
 *(.debug_abbrev)
 .debug_abbrev  0x00000000      0x216 double_link_list.o
 .debug_abbrev  0x00000216      0x25e kernel_main.o
 .debug_abbrev  0x00000474      0x227 protect.o
 .debug_abbrev  0x0000069b      0x2ac console.o
 .debug_abbrev  0x00000947      0x43a kernel_main_old.o
 .debug_abbrev  0x00000d81      0x157 global.o
 .debug_abbrev  0x00000ed8      0x1fb keyboard.o
 .debug_abbrev  0x000010d3      0x1e0 process.o
 .debug_abbrev  0x000012b3      0x222 thread.o
 .debug_abbrev  0x000014d5      0x260 my_process.o
 .debug_abbrev  0x00001735      0x23f network/skbuff.o
 .debug_abbrev  0x00001974      0x327 network/socket.o
 .debug_abbrev  0x00001c9b      0x2d1 network/ip_input.o
 .debug_abbrev  0x00001f6c      0x3b1 network/udp_sock.o
 .debug_abbrev  0x0000231d      0x430 network/tcp_sock.o
 .debug_abbrev  0x0000274d      0x34d network/netdev.o
 .debug_abbrev  0x00002a9a      0x332 network/tcp.o
 .debug_abbrev  0x00002dcc      0x273 network/sock.o
 .debug_abbrev  0x0000303f      0x3bf network/tcp_output.o
 .debug_abbrev  0x000033fe      0x345 network/arp.o
 .debug_abbrev  0x00003743      0x263 network/route.o
 .debug_abbrev  0x000039a6      0x311 network/ipc.o
 .debug_abbrev  0x00003cb7      0x236 network/icmpv4.o
 .debug_abbrev  0x00003eed      0x213 network/ip_output.o
 .debug_abbrev  0x00004100      0x24b network/inet.o
 .debug_abbrev  0x0000434b      0x245 network/dst.o
 .debug_abbrev  0x00004590      0x355 network/tcp_input.o
 .debug_abbrev  0x000048e5      0x1c5 network/task_network.o
 .debug_abbrev  0x00004aaa      0x2d3 network/udp.o
 .debug_abbrev  0x00004d7d      0x2a6 network/tcp_data.o
 .debug_abbrev  0x00005023      0x17a network/utils.o
 .debug_abbrev  0x0000519d      0x2e3 hd/hd.o
 .debug_abbrev  0x00005480      0x2f8 fs/fs_main.o
 .debug_abbrev  0x00005778      0x204 mm/forkexit.o
 .debug_abbrev  0x0000597c      0x1c4 mm/exec.o
 .debug_abbrev  0x00005b40      0x208 mm/main.o
 .debug_abbrev  0x00005d48      0x330 mem/mem.o
 .debug_abbrev  0x00006078       0x6a lib/floor.o
 .debug_abbrev  0x000060e2      0x1e8 lib/exec.o
 .debug_abbrev  0x000062ca      0x19b lib/exit.o
 .debug_abbrev  0x00006465      0x193 lib/unlink.o
 .debug_abbrev  0x000065f8      0x19f lib/wait.o
 .debug_abbrev  0x00006797      0x1b0 lib/socket_close.o
 .debug_abbrev  0x00006947      0x1dd lib/socket_read.o
 .debug_abbrev  0x00006b24       0xcd lib/alloca.o
 .debug_abbrev  0x00006bf1      0x191 lib/calloc.o
 .debug_abbrev  0x00006d82      0x18a lib/fork.o
 .debug_abbrev  0x00006f0c      0x1e2 lib/socket_write.o
 .debug_abbrev  0x000070ee      0x18a lib/getpid.o
 .debug_abbrev  0x00007278       0x94 lib/stdlib/atoi.o
 .debug_abbrev  0x0000730c       0x8b lib/stdlib/strtol.o
 .debug_abbrev  0x00007397       0x9c lib/string/strtok.o
 .debug_abbrev  0x00007433       0x94 lib/string/strcmp.o
 .debug_abbrev  0x000074c7       0xbe lib/string/strncmp.o
 .debug_abbrev  0x00007585       0xa5 lib/string/strpbrk.o
 .debug_abbrev  0x0000762a      0x1ef lib/stdio/read.o
 .debug_abbrev  0x00007819       0x5c lib/stdio/perror.o
 .debug_abbrev  0x00007875       0xca lib/stdio/sscanf.o
 .debug_abbrev  0x0000793f      0x1c5 lib/stdio/open.o
 .debug_abbrev  0x00007b04      0x1db lib/stdio/write.o
 .debug_abbrev  0x00007cdf      0x19d lib/stdio/close.o
 .debug_abbrev  0x00007e7c      0x1cc lib/sys/socket.o
 .debug_abbrev  0x00008048      0x1d3 lib/sys/connect.o
 .debug_abbrev  0x0000821b       0x6c lib/arpa/ntohs.o
 .debug_abbrev  0x00008287       0xa5 lib/arpa/htonl.o
 .debug_abbrev  0x0000832c       0x6c lib/arpa/htons.o
 .debug_abbrev  0x00008398      0x116 lib/arpa/inet_pton.o
 .debug_abbrev  0x000084ae       0xa5 lib/arpa/ntohl.o
 .debug_abbrev  0x00008553       0xf6 lib/arpa/inet_ntop.o

.debug_line     0x00000000     0xaf92
 *(.debug_line .debug_line.* .debug_line_end)
 .debug_line    0x00000000      0x235 double_link_list.o
 .debug_line    0x00000235      0x26c kernel_main.o
 .debug_line    0x000004a1      0x21d protect.o
 .debug_line    0x000006be      0x56c console.o
 .debug_line    0x00000c2a      0xe38 kernel_main_old.o
 .debug_line    0x00001a62       0xb3 global.o
 .debug_line    0x00001b15      0x2b4 keyboard.o
 .debug_line    0x00001dc9      0x1dc process.o
 .debug_line    0x00001fa5      0x163 thread.o
 .debug_line    0x00002108      0x359 my_process.o
 .debug_line    0x00002461      0x1ae network/skbuff.o
 .debug_line    0x0000260f      0x3c8 network/socket.o
 .debug_line    0x000029d7      0x34c network/ip_input.o
 .debug_line    0x00002d23      0x4cc network/udp_sock.o
 .debug_line    0x000031ef      0x6d5 network/tcp_sock.o
 .debug_line    0x000038c4      0x4a1 network/netdev.o
 .debug_line    0x00003d65      0x330 network/tcp.o
 .debug_line    0x00004095      0x23b network/sock.o
 .debug_line    0x000042d0      0x889 network/tcp_output.o
 .debug_line    0x00004b59      0x573 network/arp.o
 .debug_line    0x000050cc      0x2aa network/route.o
 .debug_line    0x00005376      0x625 network/ipc.o
 .debug_line    0x0000599b      0x232 network/icmpv4.o
 .debug_line    0x00005bcd      0x20b network/ip_output.o
 .debug_line    0x00005dd8      0x326 network/inet.o
 .debug_line    0x000060fe      0x1af network/dst.o
 .debug_line    0x000062ad      0x6a2 network/tcp_input.o
 .debug_line    0x0000694f      0x126 network/task_network.o
 .debug_line    0x00006a75      0x305 network/udp.o
 .debug_line    0x00006d7a      0x422 network/tcp_data.o
 .debug_line    0x0000719c      0x13c network/utils.o
 .debug_line    0x000072d8      0x64d hd/hd.o
 .debug_line    0x00007925      0xc43 fs/fs_main.o
 .debug_line    0x00008568      0x192 mm/forkexit.o
 .debug_line    0x000086fa      0x22a mm/exec.o
 .debug_line    0x00008924      0x10a mm/main.o
 .debug_line    0x00008a2e      0x78e mem/mem.o
 .debug_line    0x000091bc       0x5a lib/floor.o
 .debug_line    0x00009216      0x1a9 lib/exec.o
 .debug_line    0x000093bf       0xbe lib/exit.o
 .debug_line    0x0000947d       0xde lib/unlink.o
 .debug_line    0x0000955b       0xd5 lib/wait.o
 .debug_line    0x00009630      0x145 lib/socket_close.o
 .debug_line    0x00009775      0x186 lib/socket_read.o
 .debug_line    0x000098fb       0x5f lib/alloca.o
 .debug_line    0x0000995a       0xf9 lib/calloc.o
 .debug_line    0x00009a53       0xc3 lib/fork.o
 .debug_line    0x00009b16      0x1a8 lib/socket_write.o
 .debug_line    0x00009cbe       0xbe lib/getpid.o
 .debug_line    0x00009d7c       0xad lib/stdlib/atoi.o
 .debug_line    0x00009e29       0xbb lib/stdlib/strtol.o
 .debug_line    0x00009ee4       0x6e lib/string/strtok.o
 .debug_line    0x00009f52       0x9c lib/string/strcmp.o
 .debug_line    0x00009fee       0xcc lib/string/strncmp.o
 .debug_line    0x0000a0ba       0xb0 lib/string/strpbrk.o
 .debug_line    0x0000a16a      0x179 lib/stdio/read.o
 .debug_line    0x0000a2e3       0x48 lib/stdio/perror.o
 .debug_line    0x0000a32b      0x220 lib/stdio/sscanf.o
 .debug_line    0x0000a54b       0xe2 lib/stdio/open.o
 .debug_line    0x0000a62d       0xe0 lib/stdio/write.o
 .debug_line    0x0000a70d       0xd1 lib/stdio/close.o
 .debug_line    0x0000a7de      0x188 lib/sys/socket.o
 .debug_line    0x0000a966      0x194 lib/sys/connect.o
 .debug_line    0x0000aafa       0x6c lib/arpa/ntohs.o
 .debug_line    0x0000ab66       0xc1 lib/arpa/htonl.o
 .debug_line    0x0000ac27       0x6c lib/arpa/htons.o
 .debug_line    0x0000ac93      0x167 lib/arpa/inet_pton.o
 .debug_line    0x0000adfa       0xc1 lib/arpa/ntohl.o
 .debug_line    0x0000aebb       0xd7 lib/arpa/inet_ntop.o

.debug_frame
 *(.debug_frame)

.debug_str      0x00000000     0x3a6c
 *(.debug_str)
 .debug_str     0x00000000     0x3a6c double_link_list.o
                                0x73e (size before relaxing)
 .debug_str     0x00003a6c      0x7b5 kernel_main.o
 .debug_str     0x00003a6c      0x7c7 protect.o
 .debug_str     0x00003a6c      0x7bb console.o
 .debug_str     0x00003a6c      0xbe7 kernel_main_old.o
 .debug_str     0x00003a6c      0x66c global.o
 .debug_str     0x00003a6c      0x6f8 keyboard.o
 .debug_str     0x00003a6c      0x6a6 process.o
 .debug_str     0x00003a6c      0x773 thread.o
 .debug_str     0x00003a6c      0x95a my_process.o
 .debug_str     0x00003a6c      0x76b network/skbuff.o
 .debug_str     0x00003a6c      0x98a network/socket.o
 .debug_str     0x00003a6c      0xabf network/ip_input.o
 .debug_str     0x00003a6c      0xac9 network/udp_sock.o
 .debug_str     0x00003a6c      0xde1 network/tcp_sock.o
 .debug_str     0x00003a6c      0x9b1 network/netdev.o
 .debug_str     0x00003a6c      0xba3 network/tcp.o
 .debug_str     0x00003a6c      0x90e network/sock.o
 .debug_str     0x00003a6c      0xe75 network/tcp_output.o
 .debug_str     0x00003a6c      0x97e network/arp.o
 .debug_str     0x00003a6c      0x812 network/route.o
 .debug_str     0x00003a6c      0xa14 network/ipc.o
 .debug_str     0x00003a6c      0x972 network/icmpv4.o
 .debug_str     0x00003a6c      0x8ae network/ip_output.o
 .debug_str     0x00003a6c      0x949 network/inet.o
 .debug_str     0x00003a6c      0x786 network/dst.o
 .debug_str     0x00003a6c      0xc03 network/tcp_input.o
 .debug_str     0x00003a6c      0x70d network/task_network.o
 .debug_str     0x00003a6c      0x9a5 network/udp.o
 .debug_str     0x00003a6c      0xabf network/tcp_data.o
 .debug_str     0x00003a6c      0x1b8 network/utils.o
 .debug_str     0x00003a6c      0x975 hd/hd.o
 .debug_str     0x00003a6c      0xb56 fs/fs_main.o
 .debug_str     0x00003a6c      0x673 mm/forkexit.o
 .debug_str     0x00003a6c      0x8c9 mm/exec.o
 .debug_str     0x00003a6c      0x5f4 mm/main.o
 .debug_str     0x00003a6c      0xb1a mem/mem.o
 .debug_str     0x00003a6c       0xa2 lib/floor.o
 .debug_str     0x00003a6c      0x688 lib/exec.o
 .debug_str     0x00003a6c      0x601 lib/exit.o
 .debug_str     0x00003a6c      0x680 lib/unlink.o
 .debug_str     0x00003a6c      0x601 lib/wait.o
 .debug_str     0x00003a6c      0x70a lib/socket_close.o
 .debug_str     0x00003a6c      0x786 lib/socket_read.o
 .debug_str     0x00003a6c       0xce lib/alloca.o
 .debug_str     0x00003a6c      0x68d lib/calloc.o
 .debug_str     0x00003a6c      0x5fa lib/fork.o
 .debug_str     0x00003a6c      0x7cf lib/socket_write.o
 .debug_str     0x00003a6c      0x5fe lib/getpid.o
 .debug_str     0x00003a6c       0xad lib/stdlib/atoi.o
 .debug_str     0x00003a6c       0xc6 lib/stdlib/strtol.o
 .debug_str     0x00003a6c       0xb9 lib/string/strtok.o
 .debug_str     0x00003a6c       0xb1 lib/string/strcmp.o
 .debug_str     0x00003a6c       0xba lib/string/strncmp.o
 .debug_str     0x00003a6c       0xc1 lib/string/strpbrk.o
 .debug_str     0x00003a6c      0x673 lib/stdio/read.o
 .debug_str     0x00003a6c       0x99 lib/stdio/perror.o
 .debug_str     0x00003a6c      0x109 lib/stdio/sscanf.o
 .debug_str     0x00003a6c      0x63a lib/stdio/open.o
 .debug_str     0x00003a6c      0x637 lib/stdio/write.o
 .debug_str     0x00003a6c      0x602 lib/stdio/close.o
 .debug_str     0x00003a6c      0x75a lib/sys/socket.o
 .debug_str     0x00003a6c      0x7c6 lib/sys/connect.o
 .debug_str     0x00003a6c      0x101 lib/arpa/ntohs.o
 .debug_str     0x00003a6c       0xf4 lib/arpa/htonl.o
 .debug_str     0x00003a6c      0x102 lib/arpa/htons.o
 .debug_str     0x00003a6c      0x14c lib/arpa/inet_pton.o
 .debug_str     0x00003a6c       0xf3 lib/arpa/ntohl.o
 .debug_str     0x00003a6c      0x10f lib/arpa/inet_ntop.o

.debug_loc
 *(.debug_loc)

.debug_macinfo
 *(.debug_macinfo)

.debug_weaknames
 *(.debug_weaknames)

.debug_funcnames
 *(.debug_funcnames)

.debug_typenames
 *(.debug_typenames)

.debug_varnames
 *(.debug_varnames)

.debug_pubtypes
 *(.debug_pubtypes)

.debug_ranges   0x00000000       0x90
 *(.debug_ranges)
 .debug_ranges  0x00000000       0x30 kernel_main_old.o
 .debug_ranges  0x00000030       0x48 hd/hd.o
 .debug_ranges  0x00000078       0x18 mm/exec.o

.debug_addr
 *(.debug_addr)

.debug_line_str
 *(.debug_line_str)

.debug_loclists
 *(.debug_loclists)

.debug_macro
 *(.debug_macro)

.debug_names
 *(.debug_names)

.debug_rnglists
 *(.debug_rnglists)

.debug_str_offsets
 *(.debug_str_offsets)

.debug_sup
 *(.debug_sup)

.gnu.attributes
 *(.gnu.attributes)

/DISCARD/
 *(.note.GNU-stack)
 *(.gnu_debuglink)
 *(.gnu.lto_*)
OUTPUT(kernel.bin elf32-i386)
