
Merging program properties

Removed property 0xc0010001 to merge double_link_list.o (0x1) and kernel/kernel_sub.o (not found)
Removed property 0xc0010002 to merge double_link_list.o (0x0) and kernel/kernel_sub.o (not found)
Removed property 0xc0010001 to merge double_link_list.o (not found) and kernel_main_old.o (0x1)
Removed property 0xc0010002 to merge double_link_list.o (not found) and kernel_main_old.o (0x1)
Removed property 0xc0010001 to merge double_link_list.o (not found) and kernel_main.o (0x1)
Removed property 0xc0010002 to merge double_link_list.o (not found) and kernel_main.o (0x0)
Removed property 0xc0010001 to merge double_link_list.o (not found) and protect.o (0x1)
Removed property 0xc0010002 to merge double_link_list.o (not found) and protect.o (0x0)
Removed property 0xc0010001 to merge double_link_list.o (not found) and console.o (0x1)
Removed property 0xc0010002 to merge double_link_list.o (not found) and console.o (0x1)
Removed property 0xc0010001 to merge double_link_list.o (not found) and process.o (0x1)
Removed property 0xc0010002 to merge double_link_list.o (not found) and process.o (0x0)
Removed property 0xc0010001 to merge double_link_list.o (not found) and global.o (0x1)
Removed property 0xc0010002 to merge double_link_list.o (not found) and global.o (0x0)
Removed property 0xc0010001 to merge double_link_list.o (not found) and keyboard.o (0x1)
Removed property 0xc0010002 to merge double_link_list.o (not found) and keyboard.o (0x0)
Removed property 0xc0010001 to merge double_link_list.o (not found) and thread.o (0x1)
Removed property 0xc0010002 to merge double_link_list.o (not found) and thread.o (0x0)
Removed property 0xc0010001 to merge double_link_list.o (not found) and my_process.o (0x1)
Removed property 0xc0010002 to merge double_link_list.o (not found) and my_process.o (0x1)
Removed property 0xc0010001 to merge double_link_list.o (not found) and network/socket.o (0x1)
Removed property 0xc0010002 to merge double_link_list.o (not found) and network/socket.o (0x0)
Removed property 0xc0010001 to merge double_link_list.o (not found) and network/ip_input.o (0x1)
Removed property 0xc0010002 to merge double_link_list.o (not found) and network/ip_input.o (0x0)
Removed property 0xc0010001 to merge double_link_list.o (not found) and network/udp_sock.o (0x1)
Removed property 0xc0010002 to merge double_link_list.o (not found) and network/udp_sock.o (0x0)
Removed property 0xc0010001 to merge double_link_list.o (not found) and network/dst.o (0x1)
Removed property 0xc0010002 to merge double_link_list.o (not found) and network/dst.o (0x0)
Removed property 0xc0010001 to merge double_link_list.o (not found) and network/netdev.o (0x1)
Removed property 0xc0010002 to merge double_link_list.o (not found) and network/netdev.o (0x0)
Removed property 0xc0010001 to merge double_link_list.o (not found) and network/ip_output.o (0x1)
Removed property 0xc0010002 to merge double_link_list.o (not found) and network/ip_output.o (0x0)
Removed property 0xc0010001 to merge double_link_list.o (not found) and network/tcp.o (0x1)
Removed property 0xc0010002 to merge double_link_list.o (not found) and network/tcp.o (0x0)
Removed property 0xc0010001 to merge double_link_list.o (not found) and network/sock.o (0x1)
Removed property 0xc0010002 to merge double_link_list.o (not found) and network/sock.o (0x0)
Removed property 0xc0010001 to merge double_link_list.o (not found) and network/tcp_output.o (0x1)
Removed property 0xc0010002 to merge double_link_list.o (not found) and network/tcp_output.o (0x1)
Removed property 0xc0010001 to merge double_link_list.o (not found) and network/arp.o (0x1)
Removed property 0xc0010002 to merge double_link_list.o (not found) and network/arp.o (0x0)
Removed property 0xc0010001 to merge double_link_list.o (not found) and network/tcp_sock.o (0x1)
Removed property 0xc0010002 to merge double_link_list.o (not found) and network/tcp_sock.o (0x0)
Removed property 0xc0010001 to merge double_link_list.o (not found) and network/ipc.o (0x1)
Removed property 0xc0010002 to merge double_link_list.o (not found) and network/ipc.o (0x1)
Removed property 0xc0010001 to merge double_link_list.o (not found) and network/icmpv4.o (0x1)
Removed property 0xc0010002 to merge double_link_list.o (not found) and network/icmpv4.o (0x0)
Removed property 0xc0010001 to merge double_link_list.o (not found) and network/inet.o (0x1)
Removed property 0xc0010002 to merge double_link_list.o (not found) and network/inet.o (0x0)
Removed property 0xc0010001 to merge double_link_list.o (not found) and network/skbuff.o (0x1)
Removed property 0xc0010002 to merge double_link_list.o (not found) and network/skbuff.o (0x0)
Removed property 0xc0010001 to merge double_link_list.o (not found) and network/tcp_input.o (0x1)
Removed property 0xc0010002 to merge double_link_list.o (not found) and network/tcp_input.o (0x0)
Removed property 0xc0010001 to merge double_link_list.o (not found) and network/task_network.o (0x1)
[...]
Memory Configuration

Name             Origin             Length             Attributes
*default*        0x00000000         0xffffffff

Linker script and memory map

Address of section .text set to 0xc0600000
LOAD kernel/kernel_sub.o
LOAD kernel/kernel.o
LOAD switch_to.o
LOAD string.o
LOAD syscall.o
LOAD hd/hd_rdwt.o
LOAD network/ne2000.o
LOAD double_link_list.o
LOAD kernel_main_old.o
LOAD kernel_main.o
LOAD protect.o
LOAD console.o
LOAD process.o
LOAD global.o
LOAD keyboard.o
LOAD thread.o
LOAD my_process.o
LOAD network/socket.o
LOAD network/ip_input.o
LOAD network/udp_sock.o
LOAD network/dst.o
LOAD network/netdev.o
LOAD network/ip_output.o
LOAD network/tcp.o
LOAD network/sock.o
LOAD network/tcp_output.o
LOAD network/arp.o
LOAD network/tcp_sock.o
LOAD network/ipc.o
LOAD network/icmpv4.o
LOAD network/inet.o
LOAD network/skbuff.o
LOAD network/tcp_input.o
LOAD network/task_network.o
LOAD network/route.o
LOAD network/udp.o
LOAD network/tcp_data.o
LOAD network/utils.o
LOAD hd/hd.o
LOAD fs/fs_main.o
LOAD mm/forkexit.o
LOAD mm/exec.o
LOAD mm/main.o
LOAD mem/mem.o
LOAD lib/floor.o
LOAD lib/exec.o
LOAD lib/exit.o
LOAD lib/unlink.o
LOAD lib/wait.o
LOAD lib/calloc.o
LOAD lib/alloca.o
LOAD lib/fork.o
LOAD lib/getpid.o
LOAD lib/stdlib/atoi.o
LOAD lib/string/strtok.o
LOAD lib/string/strcmp.o
LOAD lib/string/strncmp.o
LOAD lib/string/strpbrk.o
LOAD lib/stdio/read.o
LOAD lib/stdio/perror.o
LOAD lib/stdio/sscanf.o
LOAD lib/stdio/open.o
LOAD lib/stdio/write.o
LOAD lib/stdio/close.o
LOAD lib/arpa/ntohs.o
LOAD lib/arpa/htonl.o
LOAD lib/arpa/htons.o
LOAD lib/arpa/inet_pton.o
LOAD lib/arpa/ntohl.o
LOAD lib/arpa/inet_ntop.o
                [!provide]                        PROVIDE (__executable_start = SEGMENT_START ("text-segment", 0x8048000))
                0x080480d4                        . = (SEGMENT_START ("text-segment", 0x8048000) + SIZEOF_HEADERS)

.interp
 *(.interp)

.note.gnu.build-id
 *(.note.gnu.build-id)

.hash
 *(.hash)

.gnu.hash
 *(.gnu.hash)

.dynsym
 *(.dynsym)

.dynstr
 *(.dynstr)

.gnu.version
 *(.gnu.version)

.gnu.version_d
 *(.gnu.version_d)

.gnu.version_r
 *(.gnu.version_r)

.rel.dyn        0x080480d4        0x0
 *(.rel.init)
 *(.rel.text .rel.text.* .rel.gnu.linkonce.t.*)
 .rel.text      0x080480d4        0x0 kernel/kernel_sub.o
 *(.rel.fini)
 *(.rel.rodata .rel.rodata.* .rel.gnu.linkonce.r.*)
 *(.rel.data.rel.ro .rel.data.rel.ro.* .rel.gnu.linkonce.d.rel.ro.*)
 *(.rel.data .rel.data.* .rel.gnu.linkonce.d.*)
 *(.rel.tdata .rel.tdata.* .rel.gnu.linkonce.td.*)
 *(.rel.tbss .rel.tbss.* .rel.gnu.linkonce.tb.*)
 *(.rel.ctors)
 *(.rel.dtors)
 *(.rel.got)
 .rel.got       0x080480d4        0x0 kernel/kernel_sub.o
 *(.rel.bss .rel.bss.* .rel.gnu.linkonce.b.*)
 *(.rel.ifunc)

.rel.plt        0x080480d4        0x0
 *(.rel.plt)
                [!provide]                        PROVIDE (__rel_iplt_start = .)
 *(.rel.iplt)
 .rel.iplt      0x080480d4        0x0 kernel/kernel_sub.o
                [!provide]                        PROVIDE (__rel_iplt_end = .)

.relr.dyn
 *(.relr.dyn)
                0x08049000                        . = ALIGN (CONSTANT (MAXPAGESIZE))

.init
 *(SORT_NONE(.init))

.plt            0x08049000        0x0
 *(.plt)
 *(.iplt)
 .iplt          0x08049000        0x0 kernel/kernel_sub.o

.plt.got
 *(.plt.got)

.plt.sec
 *(.plt.sec)

.text           0xc0600000    0x121e0
 *(.text.unlikely .text.*_unlikely .text.unlikely.*)
 *(.text.exit .text.exit.*)
 *(.text.startup .text.startup.*)
 *(.text.hot .text.hot.*)
 *(SORT_BY_NAME(.text.sorted.*))
 *(.text .stub .text.* .gnu.linkonce.t.*)
 .text          0xc0600000       0x74 kernel/kernel_sub.o
                0xc0600000                _start
 *fill*         0xc0600074        0xc 
 .text          0xc0600080      0x3d5 kernel/kernel.o
                0xc0600080                InterruptTest
                0xc060008c                disp_str_len
                0xc06000d9                disp_str
                0xc0600114                disp_str_colour
                0xc0600150                divide_zero_fault
                0xc0600156                single_step_fault
                0xc060015c                non_maskable_interrupt
                0xc0600162                breakpoint_trap
                0xc0600168                overflow_trap
                0xc060016e                bound_range_exceeded_fault
                0xc0600174                invalid_opcode_fault
                0xc060017a                coprocessor_not_available_fault
                0xc0600180                double_fault_exception_abort
                0xc0600184                coprocessor_segment_overrun
                0xc060018a                invalid_task_state_segment_fault
                0xc060018e                segment_not_present_fault
                0xc0600192                stack_exception_fault
                0xc0600196                general_protection_exception_fault
                0xc06001a1                page_fault
                0xc06001a5                coprocessor_error_fault
                0xc06001ab                align_check_fault
                0xc06001af                simd_float_exception_fault
                0xc06001be                hwint0
                0xc06001ee                hwint1
                0xc0600231                hwint14
                0xc0600277                hwint10
                0xc06002ba                sys_call
                0xc0600300                fork_restart
                0xc060030f                restart
                0xc0600332                in_byte
                0xc060033e                out_byte
                0xc0600360                disable_int
                0xc0600362                enable_int
                0xc06003f8                enable_8259A_casecade_irq
                0xc0600402                disable_8259A_casecade_irq
                0xc060040c                enable_8259A_slave_winchester_irq
                0xc0600416                disable_8259A_slave_winchester_irq
                0xc0600420                update_cr3
                0xc060042d                update_tss
                0xc060043c                get_running_thread_pcb
                0xc0600442                sys_call_test
                0xc0600445                enable_8259A_slave_net_irq
 *fill*         0xc0600455        0xb 
 .text          0xc0600460       0x15 switch_to.o
                0xc0600460                switch_to
 *fill*         0xc0600475        0xb 
 .text          0xc0600480       0x6a syscall.o
                0xc0600480                write_debug
                0xc0600490                send_msg
                0xc06004a6                receive_msg
                0xc06004bc                sys_malloc
                0xc06004d1                sys_free
 *fill*         0xc06004ea        0x6 
 .text          0xc06004f0      0x25e network/ne2000.o
                0xc0600513                DriverInitialize
                0xc060059d                SetPageStart
                0xc06005c5                DriverSend
                0xc060063d                PCtoNIC
                0xc06006ab                get_interrupt_status
                0xc06006c1                set_interrupt_status
                0xc06006da                get_curr_page
                0xc06006f7                NICtoPC
 .text          0xc060074e      0x2ee double_link_list.o
                0xc060074e                initDoubleLinkList
                0xc060079e                isListEmpty
                0xc06007cc                findElementInList
                0xc0600863                appendToDoubleLinkList
                0xc0600929                insertToDoubleLinkList
                0xc06009ad                popFromDoubleLinkList
 .text          0xc0600a3c     0x2de1 kernel_main_old.o
                0xc0600a3c                stop_here
                0xc0600a80                catch_error
                0xc0600ae5                intr_enable
                0xc0600b0e                intr_disable
                0xc0600b37                intr_set_status
                0xc0600b55                intr_get_status
                0xc0600b72                Memcpy
                0xc0600ba5                untar
                0xc0600eb5                num_to_string
                0xc0600f5b                disp_int
                0xc0600f84                do_page_fault
                0xc06010c1                exception_handler
                0xc06012ac                init_internal_interrupt
                0xc0601421                spurious_irq
                0xc06014af                init_keyboard
                0xc06014f2                TestTTY
                0xc0601591                TestReadReturnValue
                0xc060160e                TestWriteReturnValue
                0xc06016e2                TestFS2
                0xc06016f0                TestFS
                0xc0601b92                wait_exit
                0xc0601c90                INIT_fork
                0xc0601f83                simple_shell
                0xc060210a                test_shell
                0xc0602172                test_exec
                0xc0602265                INIT
                0xc0602272                TestA
                0xc06022a7                delay
                0xc06022eb                TestB
                0xc0602303                TestC
                0xc0602336                sys_get_ticks
                0xc0602346                sys_write
                0xc060239a                milli_delay
                0xc06023d6                TaskSys
                0xc06023db                Printf
                0xc06024ad                sprintf
                0xc06024d9                vsprintf
                0xc0602685                printx
                0xc06026c8                sys_printx
                0xc0602794                spin
                0xc06027ba                panic
                0xc06027d8                assertion_failure
                0xc060284a                assertion_failure2
                0xc06028bf                dead_lock
                0xc06028c9                sys_send_msg
                0xc0602de8                sys_receive_msg
                0xc0603448                send_rec
                0xc0603543                block
                0xc060357f                unblock
                0xc06035cf                get_ticks_ipc
                0xc0603626                itoa
                0xc060367c                i2a
                0xc06036e2                inform_int
                0xc06037ae                deprecate_strcmp
 .text          0xc060381d      0x347 kernel_main.o
                0xc060381d                kernel_main
                0xc06039d7                init
                0xc0603a6e                kernel_thread_a
                0xc0603abb                kernel_thread_b
                0xc0603b08                kernel_thread_c
                0xc0603b1e                kernel_thread_d
                0xc0603b34                user_proc_a
                0xc0603b4c                user_proc_b
 .text          0xc0603b64      0x3b3 protect.o
                0xc0603b64                InitDescriptor
                0xc0603bd1                Seg2PhyAddr
                0xc0603c12                Seg2PhyAddrLDT
                0xc0603c56                VirAddr2PhyAddr
                0xc0603c6c                v2l
                0xc0603caf                init_propt
                0xc0603e30                InitInterruptDesc
                0xc0603e8c                ReloadGDT
 .text          0xc0603f17      0xaca console.o
                0xc0603f17                select_console
                0xc0603f53                flush
                0xc0603f8c                set_cursor
                0xc0603fea                set_console_start_video_addr
                0xc0604048                put_key
                0xc06040b4                scroll_up
                0xc06040f6                scroll_down
                0xc0604161                out_char
                0xc060431e                tty_dev_read
                0xc0604348                tty_dev_write
                0xc0604575                tty_do_read
                0xc060463d                tty_do_write
                0xc06047a0                init_screen
                0xc0604829                init_tty
                0xc06048de                TaskTTY
 .text          0xc06049e1      0x2b7 process.o
                0xc06049e1                schedule_process
                0xc0604ba7                clock_handler
                0xc0604c1d                pid2proc
                0xc0604c81                proc2pid
 .text          0xc0604c98        0x0 global.o
 .text          0xc0604c98      0x40f keyboard.o
                0xc0604c98                keyboard_handler
                0xc0604d1c                read_from_keyboard_buf
                0xc0604d82                keyboard_read
                0xc0604f01                init_keyboard_handler
                0xc0604f15                in_process
 .text          0xc06050a7      0x1b2 thread.o
                0xc06050a7                kernel_thread
                0xc06050bf                thread_init
                0xc060516c                thread_create
                0xc06051a1                thread_start
 .text          0xc0605259      0x730 my_process.o
                0xc0605259                create_user_process_address_space
                0xc06052e9                user_process
                0xc0605416                clone_pcb
                0xc0605588                build_body_stack
                0xc06056bb                build_process_kernel_stack
                0xc060577e                fork_process
                0xc060580f                process_execute
 .text          0xc0605989      0x66c network/socket.o
                0xc0605a39                test
                0xc0605a95                socket_debug
                0xc0605af6                free_socket
                0xc0605bb2                _socket
                0xc0605c71                _bind
                0xc0605cc4                _connect
                0xc0605d16                _write
                0xc0605d6d                _read
                0xc0605dc4                _recvfrom
                0xc0605e05                _sendto
                0xc0605e5c                _close
                0xc0605edb                _listen
                0xc0605f41                _accept
 .text          0xc0605ff5      0x2ed network/ip_input.o
                0xc060617f                ip_rcv
 .text          0xc06062e2      0x8c4 network/udp_sock.o
                0xc0606517                udp_lookup_sock
                0xc060655e                udp_init
                0xc060658f                udp_close
                0xc06065b5                udp_sock_init
                0xc06065bf                udp_recvfrom
                0xc0606658                udp_connect
                0xc0606731                udp_write
                0xc060675d                udp_alloc_skb
                0xc06067a7                udp_sendto
                0xc060689b                udp_send
                0xc06069d9                udp_alloc_sock
                0xc0606a1a                udp_free_sock
                0xc0606a3e                udp_read
 .text          0xc0606ba6       0xd8 network/dst.o
                0xc0606bb4                dst_neigh_output
 .text          0xc0606c7e      0x804 network/netdev.o
                0xc0606e03                netdev_init
                0xc0606e4a                netdev_transmit
                0xc0606f33                interrupt_wait2
                0xc0606f83                netdev_rx_loop
                0xc06070ba                netdev_get
                0xc06070f5                free_netdev
                0xc0607120                local_ipaddress
                0xc060715d                receive_msg_from_nic
                0xc0607340                receive_msg_from_nic2
                0xc060746c                net_handler
 .text          0xc0607482      0x1d3 network/ip_output.o
                0xc0607490                ip_output
 .text          0xc0607655      0x448 network/tcp.o
                0xc060784a                tcp_in
                0xc06078fe                tcp_checksum
                0xc060792a                __tcp_set_state
                0xc0607939                tcp_generate_port
                0xc0607982                tcp_generate_isn
                0xc060798c                tcp_done
                0xc06079b5                tcp_clear_timers
                0xc06079c4                tcp_stop_retransmission_timer
                0xc06079dd                tcp_release_retransmission_timer
                0xc06079f6                tcp_stop_delack_timer
                0xc0607a09                tcp_release_delack_timer
                0xc0607a1c                tcp_handle_fin_state
                0xc0607a81                tcp_enter_time_wait
 .text          0xc0607a9d      0x203 network/sock.o
                0xc0607bcf                sk_alloc
                0xc0607bf6                sk_init
                0xc0607c4a                sk_init_with_socket
                0xc0607c73                sk_free
 .text          0xc0607ca0      0xbbe network/tcp_output.o
                0xc0608166                tcp_send_synack
                0xc0608209                tcp_send_delack
                0xc0608244                tcp_send_ack
                0xc0608390                tcp_send_fin
                0xc0608405                tcp_select_initial_window
                0xc06085b7                tcp_reset_retransmission_timer
                0xc06085d4                tcp_begin_connect
                0xc060867e                tcp_send
                0xc0608763                tcp_send_reset
                0xc06087e3                tcp_queue_fin
 .text          0xc060885e      0x70c network/arp.o
                0xc0608a2b                arp_init
                0xc0608a31                arp_rcv
                0xc0608c00                arp_request
                0xc0608d6a                arp_reply
                0xc0608ecd                arp_get_hwaddr
                0xc0608f19                free_arp
 .text          0xc0608f6a      0xa1e network/tcp_sock.o
                0xc0609220                tcp_established_or_syn_recvd_socks_enqueue
                0xc0609237                tcp_established_or_syn_recvd_socks_remove
                0xc0609249                tcp_connecting_or_listening_socks_enqueue
                0xc0609260                tcp_connecting_or_listening_socks_remove
                0xc0609272                tcp_alloc_sock
                0xc0609388                tcp_free_sock
                0xc0609401                tcp_init
                0xc060940b                tcp_sock_init
                0xc06094ae                tcp_write
                0xc06094ef                tcp_read
                0xc06095a2                tcp_close
                0xc0609660                tcp_recv_notify
                0xc060968b                tcp_v4_connect
                0xc06098db                tcp_lookup_sock
 .text          0xc0609988      0xcf0 network/ipc.o
                0xc060a514                ipc_close
                0xc060a565                demux_ipc_socket_call
 .text          0xc060a678      0x234 network/icmpv4.o
                0xc060a686                icmpv4_incoming
                0xc060a6fa                icmpv4_reply
                0xc060a7d3                icmpv4_timestamp
 .text          0xc060a8ac      0x429 network/inet.o
                0xc060a8ac                inet_create
                0xc060a95c                inet_socket
                0xc060a966                inet_connect
                0xc060a9ba                inet_write
                0xc060a9e6                inet_read
                0xc060aa12                inet_close
                0xc060aa61                inet_free
                0xc060aa97                inet_bind
                0xc060aba0                inet_listen
                0xc060abe9                inet_accept
                0xc060ac94                inet_sendto
                0xc060acbf                inet_recvfrom
 .text          0xc060acd5      0x15b network/skbuff.o
                0xc060acee                alloc_skb
                0xc060ad7f                free_skb
                0xc060adb2                skb_reserve
                0xc060adce                skb_push
                0xc060adfd                skb_head
                0xc060ae08                skb_reset_header
 .text          0xc060ae30      0xb77 network/tcp_input.o
                0xc060b51f                tcp_process
                0xc060b8e5                tcp_receive
 .text          0xc060b9a7       0x9e network/task_network.o
                0xc060b9a7                task_network
                0xc060ba27                task_netdev_rx
 .text          0xc060ba45      0x295 network/route.o
                0xc060bb72                route_add
                0xc060bbb7                route_init
                0xc060bc3e                route_lookup
                0xc060bc89                free_routes
 .text          0xc060bcda      0x3e0 network/udp.o
                0xc060bde5                udp_generate_port
                0xc060be2e                udp_checksum
                0xc060befc                udp_in
                0xc060bf8d                udp_data_dequeue
                0xc060c095                udp_data_enqueue
 .text          0xc060c0ba      0x54a network/tcp_data.o
                0xc060c3a5                tcp_data_dequeue
                0xc060c4d2                tcp_data_queue
 .text          0xc060c604      0x1e7 network/utils.o
                0xc060c604                run_cmd
                0xc060c611                print_err
                0xc060c628                parse_ipv4_string
                0xc060c687                ip_pton
                0xc060c6cf                sum_every_16bits
                0xc060c726                checksum
                0xc060c767                tcp_udp_checksum
 .text          0xc060c7eb      0xe60 hd/hd.o
                0xc060c7eb                TaskHD
                0xc060c830                init_hd
                0xc060c84a                hd_handle
                0xc060c94f                hd_cmd_out
                0xc060ca51                hd_identify
                0xc060cb08                print_hdinfo
                0xc060cc96                print_dpt_entry
                0xc060cd02                get_partition_table
                0xc060cde1                partition
                0xc060cffb                hd_open
                0xc060d0a2                get_hd_ioctl
                0xc060d153                wait_for
                0xc060d184                interrupt_wait
                0xc060d1d4                hd_rdwt
                0xc060d473                hd_handler
                0xc060d4a4                debug_ticks
                0xc060d4e2                waitfor
                0xc060d526                print_hd_info
                0xc060d613                is_empty
 .text          0xc060d64b     0x2069 fs/fs_main.o
                0xc060d64b                task_fs
                0xc060d856                rd_wt
                0xc060d92f                mkfs
                0xc060df11                init_fs
                0xc060df65                do_open
                0xc060e16e                search_file
                0xc060e2a0                strip_path
                0xc060e36c                get_inode
                0xc060e52e                create_file
                0xc060e639                alloc_imap_bit
                0xc060e736                alloc_smap_bit
                0xc060e8d7                new_inode
                0xc060e9f5                new_dir_entry
                0xc060ec01                do_unlink
                0xc060f0dd                do_rdwt
                0xc060f468                sync_inode
                0xc060f5bc                put_inode
                0xc060f5fa                do_close
                0xc060f64c                get_super_block
 .text          0xc060f6b4      0x24f mm/forkexit.o
                0xc060f6b4                do_fork
                0xc060f722                do_exit
                0xc060f7ac                do_wait
                0xc060f8a9                cleanup
 .text          0xc060f903      0x419 mm/exec.o
                0xc060f903                do_exec
 .text          0xc060fd1c      0x148 mm/main.o
                0xc060fd1c                TaskMM
                0xc060fe45                alloc_mem
 .text          0xc060fe64     0x111f mem/mem.o
                0xc060fe64                init_bitmap
                0xc060fe87                test_bit_val
                0xc060fef0                set_bit_val
                0xc060ff6b                set_bits
                0xc060ffa5                get_first_free_bit
                0xc060ffe9                get_bits
                0xc06100b1                get_a_page
                0xc0610165                get_virtual_address_start_with_addr
                0xc06101ff                get_virtual_address
                0xc061028f                ptr_pde
                0xc06102a2                ptr_pte
                0xc06102c9                add_map_entry
                0xc061035a                alloc_virtual_memory
                0xc061042d                get_physical_address_proc
                0xc06104a9                get_physical_address
                0xc06104db                alloc_physical_memory_of_proc
                0xc06105ca                alloc_physical_memory
                0xc0610692                alloc_memory
                0xc06106f4                get_a_virtual_page
                0xc061072c                block2arena
                0xc0610742                sys_malloc2
                0xc0610a6f                remove_map_entry
                0xc0610a90                free_a_page
                0xc0610b37                sys_free2
                0xc0610b3d                init_memory_block_desc
                0xc0610c0e                init_memory2
                0xc0610e43                init_memory
 .text          0xc0610f83       0x49 lib/floor.o
                0xc0610f83                floor
 .text          0xc0610fcc      0x285 lib/exec.o
                0xc0610fcc                exec
                0xc061103d                execv
                0xc061122c                execl
 .text          0xc0611251       0x2f lib/exit.o
                0xc0611251                exit
 .text          0xc0611280       0x42 lib/unlink.o
                0xc0611280                unlink
 .text          0xc06112c2       0x44 lib/wait.o
                0xc06112c2                wait
 .text          0xc0611306       0x46 lib/calloc.o
                0xc0611306                calloc
 .text          0xc061134c       0x4f lib/alloca.o
                0xc061134c                alloca
 .text          0xc061139b       0x48 lib/fork.o
                0xc061139b                fork
 .text          0xc06113e3       0x2b lib/getpid.o
                0xc06113e3                getpid
 .text          0xc061140e       0x9c lib/stdlib/atoi.o
                0xc061140e                atoi
 .text          0xc06114aa       0x85 lib/string/strtok.o
                0xc06114aa                strtok
 .text          0xc061152f       0xa8 lib/string/strcmp.o
                0xc061152f                strcmp
 .text          0xc06115d7       0xd4 lib/string/strncmp.o
                0xc06115d7                strncmp
 .text          0xc06116ab       0x90 lib/string/strpbrk.o
                0xc06116ab                strpbrk
 .text          0xc061173b      0x181 lib/stdio/read.o
                0xc061173b                read
 .text          0xc06118bc       0x17 lib/stdio/perror.o
                0xc06118bc                perror
 .text          0xc06118d3      0x2c1 lib/stdio/sscanf.o
                0xc06118d3                sscanf
 .text          0xc0611b94       0x95 lib/stdio/open.o
                0xc0611b94                open
 .text          0xc0611c29       0x85 lib/stdio/write.o
                0xc0611c29                write
 .text          0xc0611cae       0x52 lib/stdio/close.o
                0xc0611cae                close
 .text          0xc0611d00       0x38 lib/arpa/ntohs.o
                0xc0611d00                ntohs
 .text          0xc0611d38       0x7c lib/arpa/htonl.o
                0xc0611d38                htonl
 .text          0xc0611db4       0x38 lib/arpa/htons.o
                0xc0611db4                htons
 .text          0xc0611dec      0x295 lib/arpa/inet_pton.o
                0xc0611dec                isValidIPv4
                0xc0611f76                inet_pton
 .text          0xc0612081       0x7c lib/arpa/ntohl.o
                0xc0612081                ntohl
 .text          0xc06120fd       0xe3 lib/arpa/inet_ntop.o
                0xc06120fd                inet_ntop
 *(.gnu.warning)

.fini
 *(SORT_NONE(.fini))
                [!provide]                        PROVIDE (__etext = .)
                [!provide]                        PROVIDE (_etext = .)
                [!provide]                        PROVIDE (etext = .)
                0xc0613000                        . = ALIGN (CONSTANT (MAXPAGESIZE))
                0xc0613000                        . = SEGMENT_START ("rodata-segment", (ALIGN (CONSTANT (MAXPAGESIZE)) + (. & (CONSTANT (MAXPAGESIZE) - 0x1))))

.rodata         0xc0613000     0x1c44
 *(.rodata .rodata.* .gnu.linkonce.r.*)
 .rodata        0xc0613000       0x3c double_link_list.o
 *fill*         0xc061303c        0x4 
 .rodata        0xc0613040      0xb61 kernel_main_old.o
 *fill*         0xc0613ba1        0x3 
 .rodata        0xc0613ba4      0x108 kernel_main.o
 .rodata        0xc0613cac       0x22 console.o
 *fill*         0xc0613cce        0x2 
 .rodata        0xc0613cd0       0x4c process.o
 .rodata        0xc0613d1c      0x23d network/socket.o
 *fill*         0xc0613f59        0x3 
 .rodata        0xc0613f5c       0xbd network/ip_input.o
 *fill*         0xc0614019        0x3 
 .rodata        0xc061401c       0x2d network/udp_sock.o
 .rodata        0xc0614049        0x9 network/dst.o
 *fill*         0xc0614052        0x2 
 .rodata        0xc0614054      0x17a network/netdev.o
 .rodata        0xc06141ce        0x9 network/ip_output.o
 *fill*         0xc06141d7        0x1 
 .rodata        0xc06141d8       0x31 network/tcp.o
 .rodata        0xc0614209        0x9 network/sock.o
 *fill*         0xc0614212        0x2 
 .rodata        0xc0614214       0xc3 network/tcp_output.o
 *fill*         0xc06142d7        0x1 
 .rodata        0xc06142d8       0xc7 network/arp.o
 *fill*         0xc061439f        0x1 
 .rodata        0xc06143a0       0xe8 network/tcp_sock.o
 .rodata        0xc0614488      0x160 network/ipc.o
 .rodata        0xc06145e8       0x32 network/icmpv4.o
 *fill*         0xc061461a        0x2 
 .rodata        0xc061461c       0x48 network/inet.o
 .rodata        0xc0614664        0x9 network/skbuff.o
 *fill*         0xc061466d        0x3 
 .rodata        0xc0614670       0x60 network/tcp_input.o
 .rodata        0xc06146d0       0x3d network/task_network.o
 *fill*         0xc061470d        0x3 
 .rodata        0xc0614710       0x37 network/route.o
 .rodata        0xc0614747        0x9 network/udp.o
 .rodata        0xc0614750       0x1e network/tcp_data.o
 *fill*         0xc061476e        0x2 
 .rodata        0xc0614770       0x41 network/utils.o
 *fill*         0xc06147b1        0x3 
 .rodata        0xc06147b4      0x19c hd/hd.o
 .rodata        0xc0614950      0x1fb fs/fs_main.o
                0xc0614950                FSBUF_SIZE
 .rodata        0xc0614b4b       0x21 mm/forkexit.o
 .rodata        0xc0614b6c       0x10 mm/exec.o
 .rodata        0xc0614b7c       0x11 mm/main.o
 .rodata        0xc0614b8d       0x5a mem/mem.o
 .rodata        0xc0614be7       0x2d lib/exec.o
 .rodata        0xc0614c14       0x2a lib/stdio/close.o
 .rodata        0xc0614c3e        0x3 lib/arpa/inet_pton.o
 .rodata        0xc0614c41        0x3 lib/arpa/inet_ntop.o

.txt            0xc0614c44       0xaa
 .txt           0xc0614c44       0x82 string.o
                0xc0614c44                Memcpy2
                0xc0614c72                Memset
                0xc0614c91                Strcpy
                0xc0614cab                Strlen
 .txt           0xc0614cc6       0x28 hd/hd_rdwt.o
                0xc0614cc6                read_port
                0xc0614cda                write_port

.rodata1
 *(.rodata1)

.eh_frame_hdr
 *(.eh_frame_hdr)
 *(.eh_frame_entry .eh_frame_entry.*)

.eh_frame       0xc0614cf0     0x4188
 *(.eh_frame)
 .eh_frame      0xc0614cf0       0xd8 double_link_list.o
 .eh_frame      0xc0614dc8      0x6cc kernel_main_old.o
                                0x6e4 (size before relaxing)
 .eh_frame      0xc0615494       0xe4 kernel_main.o
                                 0xfc (size before relaxing)
 .eh_frame      0xc0615578      0x100 protect.o
                                0x118 (size before relaxing)
 .eh_frame      0xc0615678      0x1e0 console.o
                                0x1f8 (size before relaxing)
 .eh_frame      0xc0615858       0x80 process.o
                                 0x98 (size before relaxing)
 .eh_frame      0xc06158d8       0xa0 keyboard.o
                                 0xb8 (size before relaxing)
 .eh_frame      0xc0615978       0x80 thread.o
                                 0x98 (size before relaxing)
 .eh_frame      0xc06159f8       0xe0 my_process.o
                                 0xf8 (size before relaxing)
 .eh_frame      0xc0615ad8      0x2a0 network/socket.o
                                0x2b8 (size before relaxing)
 .eh_frame      0xc0615d78      0x104 network/ip_input.o
                                0x11c (size before relaxing)
 .eh_frame      0xc0615e7c      0x404 network/udp_sock.o
                                0x41c (size before relaxing)
 .eh_frame      0xc0616280       0x40 network/dst.o
                                 0x58 (size before relaxing)
 .eh_frame      0xc06162c0      0x214 network/netdev.o
                                0x22c (size before relaxing)
 .eh_frame      0xc06164d4       0x40 network/ip_output.o
                                 0x58 (size before relaxing)
 .eh_frame      0xc0616514      0x268 network/tcp.o
                                0x280 (size before relaxing)
 .eh_frame      0xc061677c      0x1a0 network/sock.o
                                0x1b8 (size before relaxing)
 .eh_frame      0xc061691c      0x3c4 network/tcp_output.o
                                0x3dc (size before relaxing)
 .eh_frame      0xc0616ce0      0x1c0 network/arp.o
                                0x1d8 (size before relaxing)
 .eh_frame      0xc0616ea0      0x4c0 network/tcp_sock.o
                                0x4d8 (size before relaxing)
 .eh_frame      0xc0617360      0x250 network/ipc.o
                                0x268 (size before relaxing)
 .eh_frame      0xc06175b0       0x80 network/icmpv4.o
                                 0x98 (size before relaxing)
 .eh_frame      0xc0617630      0x180 network/inet.o
                                0x198 (size before relaxing)
 .eh_frame      0xc06177b0       0xe0 network/skbuff.o
                                 0xf8 (size before relaxing)
 .eh_frame      0xc0617890      0x300 network/tcp_input.o
                                0x318 (size before relaxing)
 .eh_frame      0xc0617b90       0x3c network/task_network.o
                                 0x54 (size before relaxing)
 .eh_frame      0xc0617bcc      0x124 network/route.o
                                0x13c (size before relaxing)
 .eh_frame      0xc0617cf0      0x1e4 network/udp.o
                                0x1fc (size before relaxing)
 .eh_frame      0xc0617ed4      0x200 network/tcp_data.o
                                0x218 (size before relaxing)
 .eh_frame      0xc06180d4       0xe4 network/utils.o
                                 0xfc (size before relaxing)
 .eh_frame      0xc06181b8      0x264 hd/hd.o
                                0x27c (size before relaxing)
 .eh_frame      0xc061841c      0x27c fs/fs_main.o
                                0x294 (size before relaxing)
 .eh_frame      0xc0618698       0x80 mm/forkexit.o
                                 0x98 (size before relaxing)
 .eh_frame      0xc0618718       0x20 mm/exec.o
                                 0x38 (size before relaxing)
 .eh_frame      0xc0618738       0x3c mm/main.o
                                 0x54 (size before relaxing)
 .eh_frame      0xc0618774      0x364 mem/mem.o
                                0x37c (size before relaxing)
 .eh_frame      0xc0618ad8       0x20 lib/floor.o
                                 0x38 (size before relaxing)
 .eh_frame      0xc0618af8       0x60 lib/exec.o
                                 0x78 (size before relaxing)
 .eh_frame      0xc0618b58       0x20 lib/exit.o
                                 0x38 (size before relaxing)
 .eh_frame      0xc0618b78       0x20 lib/unlink.o
                                 0x38 (size before relaxing)
 .eh_frame      0xc0618b98       0x20 lib/wait.o
                                 0x38 (size before relaxing)
 .eh_frame      0xc0618bb8       0x20 lib/calloc.o
                                 0x38 (size before relaxing)
 .eh_frame      0xc0618bd8       0x20 lib/alloca.o
                                 0x38 (size before relaxing)
 .eh_frame      0xc0618bf8       0x20 lib/fork.o
                                 0x38 (size before relaxing)
 .eh_frame      0xc0618c18       0x20 lib/getpid.o
                                 0x38 (size before relaxing)
 .eh_frame      0xc0618c38       0x20 lib/stdlib/atoi.o
                                 0x38 (size before relaxing)
 .eh_frame      0xc0618c58       0x20 lib/string/strtok.o
                                 0x38 (size before relaxing)
 .eh_frame      0xc0618c78       0x20 lib/string/strcmp.o
                                 0x38 (size before relaxing)
 .eh_frame      0xc0618c98       0x20 lib/string/strncmp.o
                                 0x38 (size before relaxing)
 .eh_frame      0xc0618cb8       0x20 lib/string/strpbrk.o
                                 0x38 (size before relaxing)
 .eh_frame      0xc0618cd8       0x20 lib/stdio/read.o
                                 0x38 (size before relaxing)
 .eh_frame      0xc0618cf8       0x20 lib/stdio/perror.o
                                 0x38 (size before relaxing)
 .eh_frame      0xc0618d18       0x20 lib/stdio/sscanf.o
                                 0x38 (size before relaxing)
 .eh_frame      0xc0618d38       0x20 lib/stdio/open.o
                                 0x38 (size before relaxing)
 .eh_frame      0xc0618d58       0x20 lib/stdio/write.o
                                 0x38 (size before relaxing)
 .eh_frame      0xc0618d78       0x20 lib/stdio/close.o
                                 0x38 (size before relaxing)
 .eh_frame      0xc0618d98       0x20 lib/arpa/ntohs.o
                                 0x38 (size before relaxing)
 .eh_frame      0xc0618db8       0x20 lib/arpa/htonl.o
                                 0x38 (size before relaxing)
 .eh_frame      0xc0618dd8       0x20 lib/arpa/htons.o
                                 0x38 (size before relaxing)
 .eh_frame      0xc0618df8       0x40 lib/arpa/inet_pton.o
                                 0x58 (size before relaxing)
 .eh_frame      0xc0618e38       0x20 lib/arpa/ntohl.o
                                 0x38 (size before relaxing)
 .eh_frame      0xc0618e58       0x20 lib/arpa/inet_ntop.o
                                 0x38 (size before relaxing)
 *(.eh_frame.*)

.sframe
 *(.sframe)
 *(.sframe.*)

.gcc_except_table
 *(.gcc_except_table .gcc_except_table.*)

.gnu_extab
 *(.gnu_extab*)

.exception_ranges
 *(.exception_ranges*)
                0xc0619000                        . = DATA_SEGMENT_ALIGN (CONSTANT (MAXPAGESIZE), CONSTANT (COMMONPAGESIZE))

.eh_frame
 *(.eh_frame)
 *(.eh_frame.*)

.sframe
 *(.sframe)
 *(.sframe.*)

.gnu_extab
 *(.gnu_extab)

.gcc_except_table
 *(.gcc_except_table .gcc_except_table.*)

.exception_ranges
 *(.exception_ranges*)

.tdata          0xc0619000        0x0
                [!provide]                        PROVIDE (__tdata_start = .)
 *(.tdata .tdata.* .gnu.linkonce.td.*)

.tbss
 *(.tbss .tbss.* .gnu.linkonce.tb.*)
 *(.tcommon)

.preinit_array  0xc0619000        0x0
                [!provide]                        PROVIDE (__preinit_array_start = .)
 *(.preinit_array)
                [!provide]                        PROVIDE (__preinit_array_end = .)

.init_array     0xc0619000        0x0
                [!provide]                        PROVIDE (__init_array_start = .)
 *(SORT_BY_INIT_PRIORITY(.init_array.*) SORT_BY_INIT_PRIORITY(.ctors.*))
 *(.init_array EXCLUDE_FILE(*crtend?.o *crtend.o *crtbegin?.o *crtbegin.o) .ctors)
                [!provide]                        PROVIDE (__init_array_end = .)

.fini_array     0xc0619000        0x0
                [!provide]                        PROVIDE (__fini_array_start = .)
 *(SORT_BY_INIT_PRIORITY(.fini_array.*) SORT_BY_INIT_PRIORITY(.dtors.*))
 *(.fini_array EXCLUDE_FILE(*crtend?.o *crtend.o *crtbegin?.o *crtbegin.o) .dtors)
                [!provide]                        PROVIDE (__fini_array_end = .)

.ctors
 *crtbegin.o(.ctors)
 *crtbegin?.o(.ctors)
 *(EXCLUDE_FILE(*crtend?.o *crtend.o) .ctors)
 *(SORT_BY_NAME(.ctors.*))
 *(.ctors)

.dtors
 *crtbegin.o(.dtors)
 *crtbegin?.o(.dtors)
 *(EXCLUDE_FILE(*crtend?.o *crtend.o) .dtors)
 *(SORT_BY_NAME(.dtors.*))
 *(.dtors)

.jcr
 *(.jcr)

.data.rel.ro
 *(.data.rel.ro.local* .gnu.linkonce.d.rel.ro.local.*)
 *(.data.rel.ro .data.rel.ro.* .gnu.linkonce.d.rel.ro.*)

.dynamic
 *(.dynamic)

.got            0xc0619000        0x0
 *(.got)
 .got           0xc0619000        0x0 kernel/kernel_sub.o
 *(.igot)
                0xc0619000                        . = DATA_SEGMENT_RELRO_END (., (SIZEOF (.got.plt) >= 0xc)?0xc:0x0)

.got.plt        0xc0619000        0x0
 *(.got.plt)
 .got.plt       0xc0619000        0x0 kernel/kernel_sub.o
 *(.igot.plt)
 .igot.plt      0xc0619000        0x0 kernel/kernel_sub.o

.data           0xc0619000      0xb84
 *(.data .data.* .gnu.linkonce.d.*)
 .data          0xc0619000        0xf kernel/kernel_sub.o
 *fill*         0xc061900f        0x1 
 .data          0xc0619010        0xf kernel/kernel.o
 *fill*         0xc061901f        0x1 
 .data          0xc0619020        0x0 syscall.o
 .data          0xc0619020        0x0 double_link_list.o
 .data          0xc0619020        0x0 kernel_main_old.o
 .data          0xc0619020        0x0 kernel_main.o
 .data          0xc0619020        0x0 protect.o
 .data          0xc0619020        0x0 console.o
 .data          0xc0619020        0x0 process.o
 .data          0xc0619020      0x160 global.o
                0xc0619020                user_task_table
                0xc06190a0                sys_task_table
                0xc0619164                sys_call_table
 .data          0xc0619180      0x600 keyboard.o
                0xc0619180                keymap
 .data          0xc0619780        0x0 thread.o
 .data          0xc0619780        0x0 my_process.o
 .data          0xc0619780      0x224 network/socket.o
 .data          0xc06199a4        0x4 network/ip_input.o
 *fill*         0xc06199a8       0x18 
 .data          0xc06199c0       0x54 network/udp_sock.o
                0xc06199e0                udp_ops
 .data          0xc0619a14        0x4 network/dst.o
 .data          0xc0619a18        0x4 network/netdev.o
 .data          0xc0619a1c        0x4 network/ip_output.o
 .data          0xc0619a20        0x8 network/tcp.o
 .data          0xc0619a28        0x4 network/sock.o
 .data          0xc0619a2c        0x4 network/tcp_output.o
 .data          0xc0619a30       0x14 network/arp.o
 *fill*         0xc0619a44       0x1c 
 .data          0xc0619a60       0x54 network/tcp_sock.o
                0xc0619a80                tcp_ops
 .data          0xc0619ab4        0xc network/ipc.o
 .data          0xc0619ac0        0x4 network/icmpv4.o
 *fill*         0xc0619ac4       0x1c 
 .data          0xc0619ae0       0x80 network/inet.o
                0xc0619ae8                inet
 .data          0xc0619b60        0x4 network/skbuff.o
 .data          0xc0619b64        0x4 network/tcp_input.o
 .data          0xc0619b68        0x0 network/task_network.o
 .data          0xc0619b68        0xc network/route.o
 .data          0xc0619b74        0x8 network/udp.o
 .data          0xc0619b7c        0x4 network/tcp_data.o
 .data          0xc0619b80        0x4 network/utils.o
 .data          0xc0619b84        0x0 hd/hd.o
 .data          0xc0619b84        0x0 fs/fs_main.o
 .data          0xc0619b84        0x0 mm/forkexit.o
 .data          0xc0619b84        0x0 mm/exec.o
 .data          0xc0619b84        0x0 mm/main.o
 .data          0xc0619b84        0x0 mem/mem.o
 .data          0xc0619b84        0x0 lib/floor.o
 .data          0xc0619b84        0x0 lib/exec.o
 .data          0xc0619b84        0x0 lib/exit.o
 .data          0xc0619b84        0x0 lib/unlink.o
 .data          0xc0619b84        0x0 lib/wait.o
 .data          0xc0619b84        0x0 lib/calloc.o
 .data          0xc0619b84        0x0 lib/alloca.o
 .data          0xc0619b84        0x0 lib/fork.o
 .data          0xc0619b84        0x0 lib/getpid.o
 .data          0xc0619b84        0x0 lib/stdlib/atoi.o
 .data          0xc0619b84        0x0 lib/string/strtok.o
 .data          0xc0619b84        0x0 lib/string/strcmp.o
 .data          0xc0619b84        0x0 lib/string/strncmp.o
 .data          0xc0619b84        0x0 lib/string/strpbrk.o
 .data          0xc0619b84        0x0 lib/stdio/read.o
 .data          0xc0619b84        0x0 lib/stdio/perror.o
 .data          0xc0619b84        0x0 lib/stdio/sscanf.o
 .data          0xc0619b84        0x0 lib/stdio/open.o
 .data          0xc0619b84        0x0 lib/stdio/write.o
 .data          0xc0619b84        0x0 lib/stdio/close.o
 .data          0xc0619b84        0x0 lib/arpa/ntohs.o
 .data          0xc0619b84        0x0 lib/arpa/htonl.o
 .data          0xc0619b84        0x0 lib/arpa/htons.o
 .data          0xc0619b84        0x0 lib/arpa/inet_pton.o
 .data          0xc0619b84        0x0 lib/arpa/ntohl.o
 .data          0xc0619b84        0x0 lib/arpa/inet_ntop.o

.data1
 *(.data1)
                0xc0619b84                        _edata = .
                [!provide]                        PROVIDE (edata = .)
                0xc0619b84                        . = .
                0xc0619b84                        __bss_start = .

.bss            0xc0619ba0    0x95628
 *(.dynbss)
 *(.bss .bss.* .gnu.linkonce.b.*)
 .bss           0xc0619ba0      0x800 kernel/kernel_sub.o
 .bss           0xc061a3a0      0x800 kernel/kernel.o
 .bss           0xc061aba0        0x0 double_link_list.o
 .bss           0xc061aba0        0x0 kernel_main_old.o
 .bss           0xc061aba0        0x0 kernel_main.o
 .bss           0xc061aba0        0x0 protect.o
 .bss           0xc061aba0        0x0 console.o
 .bss           0xc061aba0        0x0 process.o
 .bss           0xc061aba0        0x0 global.o
 .bss           0xc061aba0        0x0 keyboard.o
 .bss           0xc061aba0        0x0 thread.o
 .bss           0xc061aba0        0x0 my_process.o
 .bss           0xc061aba0        0x4 network/socket.o
 .bss           0xc061aba4        0x0 network/ip_input.o
 .bss           0xc061aba4        0x4 network/udp_sock.o
 .bss           0xc061aba8        0x0 network/dst.o
 .bss           0xc061aba8        0x0 network/netdev.o
 .bss           0xc061aba8        0x0 network/ip_output.o
 .bss           0xc061aba8        0x0 network/tcp.o
 .bss           0xc061aba8        0x0 network/sock.o
 .bss           0xc061aba8        0x0 network/tcp_output.o
 .bss           0xc061aba8        0x0 network/arp.o
 .bss           0xc061aba8        0x0 network/tcp_sock.o
 .bss           0xc061aba8        0x4 network/ipc.o
 .bss           0xc061abac        0x0 network/icmpv4.o
 .bss           0xc061abac        0x0 network/inet.o
 .bss           0xc061abac        0x0 network/skbuff.o
 .bss           0xc061abac        0x0 network/tcp_input.o
 .bss           0xc061abac        0x0 network/task_network.o
 .bss           0xc061abac        0x0 network/route.o
 .bss           0xc061abac        0x0 network/udp.o
 .bss           0xc061abac        0x0 network/tcp_data.o
 .bss           0xc061abac        0x0 network/utils.o
 .bss           0xc061abac        0x0 hd/hd.o
 .bss           0xc061abac        0x4 fs/fs_main.o
                0xc061abac                c
 .bss           0xc061abb0        0x0 mm/forkexit.o
 .bss           0xc061abb0        0x0 mm/exec.o
 .bss           0xc061abb0        0x0 mm/main.o
 .bss           0xc061abb0        0x0 mem/mem.o
 .bss           0xc061abb0        0x0 lib/floor.o
 .bss           0xc061abb0        0x0 lib/exec.o
 .bss           0xc061abb0        0x0 lib/exit.o
 .bss           0xc061abb0        0x0 lib/unlink.o
 .bss           0xc061abb0        0x0 lib/wait.o
 .bss           0xc061abb0        0x0 lib/calloc.o
 .bss           0xc061abb0        0x0 lib/alloca.o
 .bss           0xc061abb0        0x0 lib/fork.o
 .bss           0xc061abb0        0x0 lib/getpid.o
 .bss           0xc061abb0        0x0 lib/stdlib/atoi.o
 .bss           0xc061abb0        0x4 lib/string/strtok.o
 .bss           0xc061abb4        0x0 lib/string/strcmp.o
 .bss           0xc061abb4        0x0 lib/string/strncmp.o
 .bss           0xc061abb4        0x0 lib/string/strpbrk.o
 .bss           0xc061abb4        0x0 lib/stdio/read.o
 .bss           0xc061abb4        0x0 lib/stdio/perror.o
 .bss           0xc061abb4        0x0 lib/stdio/sscanf.o
 .bss           0xc061abb4        0x0 lib/stdio/open.o
 .bss           0xc061abb4        0x0 lib/stdio/write.o
 .bss           0xc061abb4        0x0 lib/stdio/close.o
 .bss           0xc061abb4        0x0 lib/arpa/ntohs.o
 .bss           0xc061abb4        0x0 lib/arpa/htonl.o
 .bss           0xc061abb4        0x0 lib/arpa/htons.o
 .bss           0xc061abb4        0x0 lib/arpa/inet_pton.o
 .bss           0xc061abb4        0x0 lib/arpa/ntohl.o
 .bss           0xc061abb4        0x0 lib/arpa/inet_ntop.o
 *(COMMON)
 *fill*         0xc061abb4        0xc 
 COMMON         0xc061abc0     0x17b8 double_link_list.o
                0xc061abc0                current_tty
                0xc061abc4                is_e0
                0xc061abc8                idt_ptr
                0xc061abd0                pid
                0xc061abd4                KernelVirtualMemory
                0xc061abe0                current_dis_pos
                0xc061abe4                dis_pos
                0xc061abe8                k_reenter
                0xc061ac00                gdt
                0xc061b000                proc_ready_table
                0xc061b004                test_ticks
                0xc061b008                pcaller
                0xc061b020                keyboard_buffer
                0xc061b22c                pcb_list
                0xc061b23c                gdt_index
                0xc061b240                tty_table
                0xc061ba80                tss
                0xc061baec                KernelPool
                0xc061bafc                net_buf
                0xc061bb00                nic_current_page
                0xc061bb04                counter
                0xc061bb08                key_pressed
                0xc061bb0c                fork_pid
                0xc061bb10                is_shift
                0xc061bb11                net_data
                0xc061bb14                gdt_ptr
                0xc061bb20                idt
                0xc061c320                main_thread
                0xc061c328                ticks
                0xc061c330                is_init
                0xc061c334                UserPool
                0xc061c344                all_pcb_list
                0xc061c354                console_table
                0xc061c364                is_disp
                0xc061c368                MAIN_THREAD_PAGE_DIRECTORY
                0xc061c36c                helloStr
 *fill*         0xc061c378        0x8 
 COMMON         0xc061c380    0x91ad0 global.o
                0xc061c380                proc_stack
                0xc06ac380                proc_table
 COMMON         0xc06ade50        0x8 network/netdev.o
                0xc06ade50                loop
                0xc06ade54                netdev
 *fill*         0xc06ade58        0x8 
 COMMON         0xc06ade60      0x440 hd/hd.o
                0xc06ade60                hd_info
                0xc06ae0a0                hd_cache
 COMMON         0xc06ae2a0      0xe68 fs/fs_main.o
                0xc06ae2a0                file_desc_table
                0xc06ae6a0                phy_super_block_buf
                0xc06ae6a4                phy_fsbuf
                0xc06ae6c0                inode_table
                0xc06af0c0                super_block_buf
                0xc06af0c4                fsbuf
                0xc06af0e0                root
 *fill*         0xc06af108       0x18 
 COMMON         0xc06af120       0xa8 mem/mem.o
                0xc06af120                kernel_mem_block_decs_array
                0xc06af1c8                        . = ALIGN ((. != 0x0)?0x4:0x1)
                0xc06af1c8                        . = ALIGN (0x4)
                0xc06af1c8                        . = SEGMENT_START ("ldata-segment", .)
                0xc06af1c8                        . = ALIGN (0x4)
                0xc06af1c8                        _end = .
                [!provide]                        PROVIDE (end = .)
                0xc06af1c8                        . = DATA_SEGMENT_END (.)

.stab
 *(.stab)

.stabstr
 *(.stabstr)

.stab.excl
 *(.stab.excl)

.stab.exclstr
 *(.stab.exclstr)

.stab.index
 *(.stab.index)

.stab.indexstr
 *(.stab.indexstr)

.comment        0x00000000       0x2c
 *(.comment)
 .comment       0x00000000       0x2c double_link_list.o
                                 0x2d (size before relaxing)
 .comment       0x0000002c       0x2d kernel_main_old.o
 .comment       0x0000002c       0x2d kernel_main.o
 .comment       0x0000002c       0x2d protect.o
 .comment       0x0000002c       0x2d console.o
 .comment       0x0000002c       0x2d process.o
 .comment       0x0000002c       0x2d global.o
 .comment       0x0000002c       0x2d keyboard.o
 .comment       0x0000002c       0x2d thread.o
 .comment       0x0000002c       0x2d my_process.o
 .comment       0x0000002c       0x2d network/socket.o
 .comment       0x0000002c       0x2d network/ip_input.o
 .comment       0x0000002c       0x2d network/udp_sock.o
 .comment       0x0000002c       0x2d network/dst.o
 .comment       0x0000002c       0x2d network/netdev.o
 .comment       0x0000002c       0x2d network/ip_output.o
 .comment       0x0000002c       0x2d network/tcp.o
 .comment       0x0000002c       0x2d network/sock.o
 .comment       0x0000002c       0x2d network/tcp_output.o
 .comment       0x0000002c       0x2d network/arp.o
 .comment       0x0000002c       0x2d network/tcp_sock.o
 .comment       0x0000002c       0x2d network/ipc.o
 .comment       0x0000002c       0x2d network/icmpv4.o
 .comment       0x0000002c       0x2d network/inet.o
 .comment       0x0000002c       0x2d network/skbuff.o
 .comment       0x0000002c       0x2d network/tcp_input.o
 .comment       0x0000002c       0x2d network/task_network.o
 .comment       0x0000002c       0x2d network/route.o
 .comment       0x0000002c       0x2d network/udp.o
 .comment       0x0000002c       0x2d network/tcp_data.o
 .comment       0x0000002c       0x2d network/utils.o
 .comment       0x0000002c       0x2d hd/hd.o
 .comment       0x0000002c       0x2d fs/fs_main.o
 .comment       0x0000002c       0x2d mm/forkexit.o
 .comment       0x0000002c       0x2d mm/exec.o
 .comment       0x0000002c       0x2d mm/main.o
 .comment       0x0000002c       0x2d mem/mem.o
 .comment       0x0000002c       0x2d lib/floor.o
 .comment       0x0000002c       0x2d lib/exec.o
 .comment       0x0000002c       0x2d lib/exit.o
 .comment       0x0000002c       0x2d lib/unlink.o
 .comment       0x0000002c       0x2d lib/wait.o
 .comment       0x0000002c       0x2d lib/calloc.o
 .comment       0x0000002c       0x2d lib/alloca.o
 .comment       0x0000002c       0x2d lib/fork.o
 .comment       0x0000002c       0x2d lib/getpid.o
 .comment       0x0000002c       0x2d lib/stdlib/atoi.o
 .comment       0x0000002c       0x2d lib/string/strtok.o
 .comment       0x0000002c       0x2d lib/string/strcmp.o
 .comment       0x0000002c       0x2d lib/string/strncmp.o
 .comment       0x0000002c       0x2d lib/string/strpbrk.o
 .comment       0x0000002c       0x2d lib/stdio/read.o
 .comment       0x0000002c       0x2d lib/stdio/perror.o
 .comment       0x0000002c       0x2d lib/stdio/sscanf.o
 .comment       0x0000002c       0x2d lib/stdio/open.o
 .comment       0x0000002c       0x2d lib/stdio/write.o
 .comment       0x0000002c       0x2d lib/stdio/close.o
 .comment       0x0000002c       0x2d lib/arpa/ntohs.o
 .comment       0x0000002c       0x2d lib/arpa/htonl.o
 .comment       0x0000002c       0x2d lib/arpa/htons.o
 .comment       0x0000002c       0x2d lib/arpa/inet_pton.o
 .comment       0x0000002c       0x2d lib/arpa/ntohl.o
 .comment       0x0000002c       0x2d lib/arpa/inet_ntop.o

.gnu.build.attributes
 *(.gnu.build.attributes .gnu.build.attributes.*)

.debug
 *(.debug)

.line
 *(.line)

.debug_srcinfo
 *(.debug_srcinfo)

.debug_sfnames
 *(.debug_sfnames)

.debug_aranges  0x00000000      0x7d8
 *(.debug_aranges)
 .debug_aranges
                0x00000000       0x20 double_link_list.o
 .debug_aranges
                0x00000020       0x20 kernel_main_old.o
 .debug_aranges
                0x00000040       0x20 kernel_main.o
 .debug_aranges
                0x00000060       0x20 protect.o
 .debug_aranges
                0x00000080       0x20 console.o
 .debug_aranges
                0x000000a0       0x20 process.o
 .debug_aranges
                0x000000c0       0x18 global.o
 .debug_aranges
                0x000000d8       0x20 keyboard.o
 .debug_aranges
                0x000000f8       0x20 thread.o
 .debug_aranges
                0x00000118       0x20 my_process.o
 .debug_aranges
                0x00000138       0x20 network/socket.o
 .debug_aranges
                0x00000158       0x20 network/ip_input.o
 .debug_aranges
                0x00000178       0x20 network/udp_sock.o
 .debug_aranges
                0x00000198       0x20 network/dst.o
 .debug_aranges
                0x000001b8       0x20 network/netdev.o
 .debug_aranges
                0x000001d8       0x20 network/ip_output.o
 .debug_aranges
                0x000001f8       0x20 network/tcp.o
 .debug_aranges
                0x00000218       0x20 network/sock.o
 .debug_aranges
                0x00000238       0x20 network/tcp_output.o
 .debug_aranges
                0x00000258       0x20 network/arp.o
 .debug_aranges
                0x00000278       0x20 network/tcp_sock.o
 .debug_aranges
                0x00000298       0x20 network/ipc.o
 .debug_aranges
                0x000002b8       0x20 network/icmpv4.o
 .debug_aranges
                0x000002d8       0x20 network/inet.o
 .debug_aranges
                0x000002f8       0x20 network/skbuff.o
 .debug_aranges
                0x00000318       0x20 network/tcp_input.o
 .debug_aranges
                0x00000338       0x20 network/task_network.o
 .debug_aranges
                0x00000358       0x20 network/route.o
 .debug_aranges
                0x00000378       0x20 network/udp.o
 .debug_aranges
                0x00000398       0x20 network/tcp_data.o
 .debug_aranges
                0x000003b8       0x20 network/utils.o
 .debug_aranges
                0x000003d8       0x20 hd/hd.o
 .debug_aranges
                0x000003f8       0x20 fs/fs_main.o
 .debug_aranges
                0x00000418       0x20 mm/forkexit.o
 .debug_aranges
                0x00000438       0x20 mm/exec.o
 .debug_aranges
                0x00000458       0x20 mm/main.o
 .debug_aranges
                0x00000478       0x20 mem/mem.o
 .debug_aranges
                0x00000498       0x20 lib/floor.o
 .debug_aranges
                0x000004b8       0x20 lib/exec.o
 .debug_aranges
                0x000004d8       0x20 lib/exit.o
 .debug_aranges
                0x000004f8       0x20 lib/unlink.o
 .debug_aranges
                0x00000518       0x20 lib/wait.o
 .debug_aranges
                0x00000538       0x20 lib/calloc.o
 .debug_aranges
                0x00000558       0x20 lib/alloca.o
 .debug_aranges
                0x00000578       0x20 lib/fork.o
 .debug_aranges
                0x00000598       0x20 lib/getpid.o
 .debug_aranges
                0x000005b8       0x20 lib/stdlib/atoi.o
 .debug_aranges
                0x000005d8       0x20 lib/string/strtok.o
 .debug_aranges
                0x000005f8       0x20 lib/string/strcmp.o
 .debug_aranges
                0x00000618       0x20 lib/string/strncmp.o
 .debug_aranges
                0x00000638       0x20 lib/string/strpbrk.o
 .debug_aranges
                0x00000658       0x20 lib/stdio/read.o
 .debug_aranges
                0x00000678       0x20 lib/stdio/perror.o
 .debug_aranges
                0x00000698       0x20 lib/stdio/sscanf.o
 .debug_aranges
                0x000006b8       0x20 lib/stdio/open.o
 .debug_aranges
                0x000006d8       0x20 lib/stdio/write.o
 .debug_aranges
                0x000006f8       0x20 lib/stdio/close.o
 .debug_aranges
                0x00000718       0x20 lib/arpa/ntohs.o
 .debug_aranges
                0x00000738       0x20 lib/arpa/htonl.o
 .debug_aranges
                0x00000758       0x20 lib/arpa/htons.o
 .debug_aranges
                0x00000778       0x20 lib/arpa/inet_pton.o
 .debug_aranges
                0x00000798       0x20 lib/arpa/ntohl.o
 .debug_aranges
                0x000007b8       0x20 lib/arpa/inet_ntop.o

.debug_pubnames
 *(.debug_pubnames)

.debug_info     0x00000000    0x3cd19
 *(.debug_info .gnu.linkonce.wi.*)
 .debug_info    0x00000000     0x1035 double_link_list.o
 .debug_info    0x00001035     0x2854 kernel_main_old.o
 .debug_info    0x00003889      0xfbc kernel_main.o
 .debug_info    0x00004845     0x11a8 protect.o
 .debug_info    0x000059ed     0x127d console.o
 .debug_info    0x00006c6a      0xf55 process.o
 .debug_info    0x00007bbf      0xe7d global.o
 .debug_info    0x00008a3c      0xfd1 keyboard.o
 .debug_info    0x00009a0d     0x105c thread.o
 .debug_info    0x0000aa69     0x1490 my_process.o
 .debug_info    0x0000bef9     0x1b9a network/socket.o
 .debug_info    0x0000da93     0x1a9e network/ip_input.o
 .debug_info    0x0000f531     0x1ed0 network/udp_sock.o
 .debug_info    0x00011401     0x11dd network/dst.o
 .debug_info    0x000125de     0x1769 network/netdev.o
 .debug_info    0x00013d47     0x1738 network/ip_output.o
 .debug_info    0x0001547f     0x1e01 network/tcp.o
 .debug_info    0x00017280     0x1853 network/sock.o
 .debug_info    0x00018ad3     0x231c network/tcp_output.o
 .debug_info    0x0001adef      0x76e network/arp.o
 .debug_info    0x0001b55d     0x21f2 network/tcp_sock.o
 .debug_info    0x0001d74f     0x1c2b network/ipc.o
 .debug_info    0x0001f37a     0x18fc network/icmpv4.o
 .debug_info    0x00020c76     0x19ff network/inet.o
 .debug_info    0x00022675      0x3a7 network/skbuff.o
 .debug_info    0x00022a1c     0x2104 network/tcp_input.o
 .debug_info    0x00024b20      0x65b network/task_network.o
 .debug_info    0x0002517b     0x1275 network/route.o
 .debug_info    0x000263f0     0x1b01 network/udp.o
 .debug_info    0x00027ef1     0x1d6a network/tcp_data.o
 .debug_info    0x00029c5b      0x367 network/utils.o
 .debug_info    0x00029fc2     0x17ec hd/hd.o
 .debug_info    0x0002b7ae     0x1f2e fs/fs_main.o
 .debug_info    0x0002d6dc      0xf91 mm/forkexit.o
 .debug_info    0x0002e66d     0x11cd mm/exec.o
 .debug_info    0x0002f83a      0xdbf mm/main.o
 .debug_info    0x000305f9     0x1d51 mem/mem.o
 .debug_info    0x0003234a       0x6b lib/floor.o
 .debug_info    0x000323b5      0xf33 lib/exec.o
 .debug_info    0x000332e8      0xda6 lib/exit.o
 .debug_info    0x0003408e      0xe84 lib/unlink.o
 .debug_info    0x00034f12      0xdb4 lib/wait.o
 .debug_info    0x00035cc6      0xeac lib/calloc.o
 .debug_info    0x00036b72       0x98 lib/alloca.o
 .debug_info    0x00036c0a      0xd9b lib/fork.o
 .debug_info    0x000379a5      0xd9b lib/getpid.o
 .debug_info    0x00038740       0xc9 lib/stdlib/atoi.o
 .debug_info    0x00038809       0xae lib/string/strtok.o
 .debug_info    0x000388b7       0xc1 lib/string/strcmp.o
 .debug_info    0x00038978      0x110 lib/string/strncmp.o
 .debug_info    0x00038a88       0xcf lib/string/strpbrk.o
 .debug_info    0x00038b57      0xea1 lib/stdio/read.o
 .debug_info    0x000399f8       0x5c lib/stdio/perror.o
 .debug_info    0x00039a54      0x20e lib/stdio/sscanf.o
 .debug_info    0x00039c62      0xe02 lib/stdio/open.o
 .debug_info    0x0003aa64      0xe2f lib/stdio/write.o
 .debug_info    0x0003b893      0xdb6 lib/stdio/close.o
 .debug_info    0x0003c649       0xa8 lib/arpa/ntohs.o
 .debug_info    0x0003c6f1       0xcb lib/arpa/htonl.o
 .debug_info    0x0003c7bc       0xa8 lib/arpa/htons.o
 .debug_info    0x0003c864      0x260 lib/arpa/inet_pton.o
 .debug_info    0x0003cac4       0xcb lib/arpa/ntohl.o
 .debug_info    0x0003cb8f      0x18a lib/arpa/inet_ntop.o

.debug_abbrev   0x00000000     0x78b0
 *(.debug_abbrev)
 .debug_abbrev  0x00000000      0x216 double_link_list.o
 .debug_abbrev  0x00000216      0x43a kernel_main_old.o
 .debug_abbrev  0x00000650      0x226 kernel_main.o
 .debug_abbrev  0x00000876      0x227 protect.o
 .debug_abbrev  0x00000a9d      0x2ac console.o
 .debug_abbrev  0x00000d49      0x1e0 process.o
 .debug_abbrev  0x00000f29      0x157 global.o
 .debug_abbrev  0x00001080      0x1fb keyboard.o
 .debug_abbrev  0x0000127b      0x222 thread.o
 .debug_abbrev  0x0000149d      0x260 my_process.o
 .debug_abbrev  0x000016fd      0x327 network/socket.o
 .debug_abbrev  0x00001a24      0x2d1 network/ip_input.o
 .debug_abbrev  0x00001cf5      0x3b1 network/udp_sock.o
 .debug_abbrev  0x000020a6      0x204 network/dst.o
 .debug_abbrev  0x000022aa      0x2f4 network/netdev.o
 .debug_abbrev  0x0000259e      0x213 network/ip_output.o
 .debug_abbrev  0x000027b1      0x332 network/tcp.o
 .debug_abbrev  0x00002ae3      0x273 network/sock.o
 .debug_abbrev  0x00002d56      0x39b network/tcp_output.o
 .debug_abbrev  0x000030f1      0x210 network/arp.o
 .debug_abbrev  0x00003301      0x3e6 network/tcp_sock.o
 .debug_abbrev  0x000036e7      0x2ee network/ipc.o
 .debug_abbrev  0x000039d5      0x236 network/icmpv4.o
 .debug_abbrev  0x00003c0b      0x24b network/inet.o
 .debug_abbrev  0x00003e56      0x17f network/skbuff.o
 .debug_abbrev  0x00003fd5      0x355 network/tcp_input.o
 .debug_abbrev  0x0000432a      0x17a network/task_network.o
 .debug_abbrev  0x000044a4      0x24e network/route.o
 .debug_abbrev  0x000046f2      0x2d3 network/udp.o
 .debug_abbrev  0x000049c5      0x2a6 network/tcp_data.o
 .debug_abbrev  0x00004c6b      0x17a network/utils.o
 .debug_abbrev  0x00004de5      0x2e3 hd/hd.o
 .debug_abbrev  0x000050c8      0x2ef fs/fs_main.o
 .debug_abbrev  0x000053b7      0x204 mm/forkexit.o
 .debug_abbrev  0x000055bb      0x1c4 mm/exec.o
 .debug_abbrev  0x0000577f      0x208 mm/main.o
 .debug_abbrev  0x00005987      0x330 mem/mem.o
 .debug_abbrev  0x00005cb7       0x6a lib/floor.o
 .debug_abbrev  0x00005d21      0x1e8 lib/exec.o
 .debug_abbrev  0x00005f09      0x19b lib/exit.o
 .debug_abbrev  0x000060a4      0x193 lib/unlink.o
 .debug_abbrev  0x00006237      0x19f lib/wait.o
 .debug_abbrev  0x000063d6      0x191 lib/calloc.o
 .debug_abbrev  0x00006567       0x86 lib/alloca.o
 .debug_abbrev  0x000065ed      0x18a lib/fork.o
 .debug_abbrev  0x00006777      0x18a lib/getpid.o
 .debug_abbrev  0x00006901       0x94 lib/stdlib/atoi.o
 .debug_abbrev  0x00006995       0x91 lib/string/strtok.o
 .debug_abbrev  0x00006a26       0x94 lib/string/strcmp.o
 .debug_abbrev  0x00006aba       0xbe lib/string/strncmp.o
 .debug_abbrev  0x00006b78       0xa5 lib/string/strpbrk.o
 .debug_abbrev  0x00006c1d      0x1ef lib/stdio/read.o
 .debug_abbrev  0x00006e0c       0x5c lib/stdio/perror.o
 .debug_abbrev  0x00006e68       0xdd lib/stdio/sscanf.o
 .debug_abbrev  0x00006f45      0x1c5 lib/stdio/open.o
 .debug_abbrev  0x0000710a      0x1db lib/stdio/write.o
 .debug_abbrev  0x000072e5      0x19d lib/stdio/close.o
 .debug_abbrev  0x00007482       0x6c lib/arpa/ntohs.o
 .debug_abbrev  0x000074ee       0xa5 lib/arpa/htonl.o
 .debug_abbrev  0x00007593       0x6c lib/arpa/htons.o
 .debug_abbrev  0x000075ff      0x116 lib/arpa/inet_pton.o
 .debug_abbrev  0x00007715       0xa5 lib/arpa/ntohl.o
 .debug_abbrev  0x000077ba       0xf6 lib/arpa/inet_ntop.o

.debug_line     0x00000000     0x97c8
 *(.debug_line .debug_line.* .debug_line_end)
 .debug_line    0x00000000      0x217 double_link_list.o
 .debug_line    0x00000217      0xe2f kernel_main_old.o
 .debug_line    0x00001046      0x1b5 kernel_main.o
 .debug_line    0x000011fb      0x1ff protect.o
 .debug_line    0x000013fa      0x54e console.o
 .debug_line    0x00001948      0x1ba process.o
 .debug_line    0x00001b02       0x95 global.o
 .debug_line    0x00001b97      0x296 keyboard.o
 .debug_line    0x00001e2d      0x145 thread.o
 .debug_line    0x00001f72      0x33b my_process.o
 .debug_line    0x000022ad      0x3a6 network/socket.o
 .debug_line    0x00002653      0x276 network/ip_input.o
 .debug_line    0x000028c9      0x4b1 network/udp_sock.o
 .debug_line    0x00002d7a      0x15f network/dst.o
 .debug_line    0x00002ed9      0x3fc network/netdev.o
 .debug_line    0x000032d5      0x1ff network/ip_output.o
 .debug_line    0x000034d4      0x2f5 network/tcp.o
 .debug_line    0x000037c9      0x222 network/sock.o
 .debug_line    0x000039eb      0x58b network/tcp_output.o
 .debug_line    0x00003f76      0x354 network/arp.o
 .debug_line    0x000042ca      0x57c network/tcp_sock.o
 .debug_line    0x00004846      0x5ab network/ipc.o
 .debug_line    0x00004df1      0x226 network/icmpv4.o
 .debug_line    0x00005017      0x30e network/inet.o
 .debug_line    0x00005325      0x129 network/skbuff.o
 .debug_line    0x0000544e      0x659 network/tcp_input.o
 .debug_line    0x00005aa7       0xca network/task_network.o
 .debug_line    0x00005b71      0x209 network/route.o
 .debug_line    0x00005d7a      0x2ec network/udp.o
 .debug_line    0x00006066      0x3e9 network/tcp_data.o
 .debug_line    0x0000644f      0x13c network/utils.o
 .debug_line    0x0000658b      0x62c hd/hd.o
 .debug_line    0x00006bb7      0xc23 fs/fs_main.o
 .debug_line    0x000077da      0x174 mm/forkexit.o
 .debug_line    0x0000794e      0x20c mm/exec.o
 .debug_line    0x00007b5a       0xec mm/main.o
 .debug_line    0x00007c46      0x77b mem/mem.o
 .debug_line    0x000083c1       0x5a lib/floor.o
 .debug_line    0x0000841b      0x18b lib/exec.o
 .debug_line    0x000085a6       0xa0 lib/exit.o
 .debug_line    0x00008646       0xc0 lib/unlink.o
 .debug_line    0x00008706       0xb7 lib/wait.o
 .debug_line    0x000087bd       0xe3 lib/calloc.o
 .debug_line    0x000088a0       0x6b lib/alloca.o
 .debug_line    0x0000890b       0xa5 lib/fork.o
 .debug_line    0x000089b0       0xa0 lib/getpid.o
 .debug_line    0x00008a50       0xad lib/stdlib/atoi.o
 .debug_line    0x00008afd       0x6e lib/string/strtok.o
 .debug_line    0x00008b6b       0x9c lib/string/strcmp.o
 .debug_line    0x00008c07       0xcc lib/string/strncmp.o
 .debug_line    0x00008cd3       0xb0 lib/string/strpbrk.o
 .debug_line    0x00008d83      0x15b lib/stdio/read.o
 .debug_line    0x00008ede       0x48 lib/stdio/perror.o
 .debug_line    0x00008f26      0x1d2 lib/stdio/sscanf.o
 .debug_line    0x000090f8       0xc3 lib/stdio/open.o
 .debug_line    0x000091bb       0xc2 lib/stdio/write.o
 .debug_line    0x0000927d       0xb3 lib/stdio/close.o
 .debug_line    0x00009330       0x6c lib/arpa/ntohs.o
 .debug_line    0x0000939c       0xc1 lib/arpa/htonl.o
 .debug_line    0x0000945d       0x6c lib/arpa/htons.o
 .debug_line    0x000094c9      0x167 lib/arpa/inet_pton.o
 .debug_line    0x00009630       0xc1 lib/arpa/ntohl.o
 .debug_line    0x000096f1       0xd7 lib/arpa/inet_ntop.o

.debug_frame
 *(.debug_frame)

.debug_str      0x00000000     0x3650
 *(.debug_str)
 .debug_str     0x00000000     0x3650 double_link_list.o
                                0x6dd (size before relaxing)
 .debug_str     0x00003650      0xb86 kernel_main_old.o
 .debug_str     0x00003650      0x697 kernel_main.o
 .debug_str     0x00003650      0x766 protect.o
 .debug_str     0x00003650      0x75a console.o
 .debug_str     0x00003650      0x645 process.o
 .debug_str     0x00003650      0x60b global.o
 .debug_str     0x00003650      0x697 keyboard.o
 .debug_str     0x00003650      0x712 thread.o
 .debug_str     0x00003650      0x8f9 my_process.o
 .debug_str     0x00003650      0x923 network/socket.o
 .debug_str     0x00003650      0x996 network/ip_input.o
 .debug_str     0x00003650      0xa6c network/udp_sock.o
 .debug_str     0x00003650      0x71d network/dst.o
 .debug_str     0x00003650      0x895 network/netdev.o
 .debug_str     0x00003650      0x851 network/ip_output.o
 .debug_str     0x00003650      0xb28 network/tcp.o
 .debug_str     0x00003650      0x8b1 network/sock.o
 .debug_str     0x00003650      0xc18 network/tcp_output.o
 .debug_str     0x00003650      0x2f6 network/arp.o
 .debug_str     0x00003650      0xcbb network/tcp_sock.o
 .debug_str     0x00003650      0x8cd network/ipc.o
 .debug_str     0x00003650      0x915 network/icmpv4.o
 .debug_str     0x00003650      0x8e2 network/inet.o
 .debug_str     0x00003650      0x1d8 network/skbuff.o
 .debug_str     0x00003650      0xb88 network/tcp_input.o
 .debug_str     0x00003650      0x28f network/task_network.o
 .debug_str     0x00003650      0x73e network/route.o
 .debug_str     0x00003650      0x948 network/udp.o
 .debug_str     0x00003650      0xa44 network/tcp_data.o
 .debug_str     0x00003650      0x1b8 network/utils.o
 .debug_str     0x00003650      0x914 hd/hd.o
 .debug_str     0x00003650      0xaf5 fs/fs_main.o
 .debug_str     0x00003650      0x612 mm/forkexit.o
 .debug_str     0x00003650      0x868 mm/exec.o
 .debug_str     0x00003650      0x593 mm/main.o
 .debug_str     0x00003650      0xab9 mem/mem.o
 .debug_str     0x00003650       0xa2 lib/floor.o
 .debug_str     0x00003650      0x627 lib/exec.o
 .debug_str     0x00003650      0x5a0 lib/exit.o
 .debug_str     0x00003650      0x61f lib/unlink.o
 .debug_str     0x00003650      0x5a0 lib/wait.o
 .debug_str     0x00003650      0x62c lib/calloc.o
 .debug_str     0x00003650       0xb6 lib/alloca.o
 .debug_str     0x00003650      0x599 lib/fork.o
 .debug_str     0x00003650      0x59d lib/getpid.o
 .debug_str     0x00003650       0xad lib/stdlib/atoi.o
 .debug_str     0x00003650       0xb9 lib/string/strtok.o
 .debug_str     0x00003650       0xb1 lib/string/strcmp.o
 .debug_str     0x00003650       0xba lib/string/strncmp.o
 .debug_str     0x00003650       0xc1 lib/string/strpbrk.o
 .debug_str     0x00003650      0x617 lib/stdio/read.o
 .debug_str     0x00003650       0x99 lib/stdio/perror.o
 .debug_str     0x00003650      0x102 lib/stdio/sscanf.o
 .debug_str     0x00003650      0x5de lib/stdio/open.o
 .debug_str     0x00003650      0x5db lib/stdio/write.o
 .debug_str     0x00003650      0x5a6 lib/stdio/close.o
 .debug_str     0x00003650      0x101 lib/arpa/ntohs.o
 .debug_str     0x00003650       0xf4 lib/arpa/htonl.o
 .debug_str     0x00003650      0x102 lib/arpa/htons.o
 .debug_str     0x00003650      0x14c lib/arpa/inet_pton.o
 .debug_str     0x00003650       0xf3 lib/arpa/ntohl.o
 .debug_str     0x00003650      0x10f lib/arpa/inet_ntop.o

.debug_loc
 *(.debug_loc)

.debug_macinfo
 *(.debug_macinfo)

.debug_weaknames
 *(.debug_weaknames)

.debug_funcnames
 *(.debug_funcnames)

.debug_typenames
 *(.debug_typenames)

.debug_varnames
 *(.debug_varnames)

.debug_pubtypes
 *(.debug_pubtypes)

.debug_ranges   0x00000000       0x90
 *(.debug_ranges)
 .debug_ranges  0x00000000       0x30 kernel_main_old.o
 .debug_ranges  0x00000030       0x48 hd/hd.o
 .debug_ranges  0x00000078       0x18 mm/exec.o

.debug_addr
 *(.debug_addr)

.debug_line_str
 *(.debug_line_str)

.debug_loclists
 *(.debug_loclists)

.debug_macro
 *(.debug_macro)

.debug_names
 *(.debug_names)

.debug_rnglists
 *(.debug_rnglists)

.debug_str_offsets
 *(.debug_str_offsets)

.debug_sup
 *(.debug_sup)

.gnu.attributes
 *(.gnu.attributes)

/DISCARD/
 *(.note.GNU-stack)
 *(.gnu_debuglink)
 *(.gnu.lto_*)
OUTPUT(kernel.bin elf32-i386)
