
Merging program properties

Removed property 0xc0010001 to merge double_link_list.o (0x1) and kernel/kernel_sub.o (not found)
Removed property 0xc0010002 to merge double_link_list.o (0x0) and kernel/kernel_sub.o (not found)
Removed property 0xc0010001 to merge double_link_list.o (not found) and global.o (0x1)
Removed property 0xc0010002 to merge double_link_list.o (not found) and global.o (0x0)
Removed property 0xc0010001 to merge double_link_list.o (not found) and kernel_main.o (0x1)
Removed property 0xc0010002 to merge double_link_list.o (not found) and kernel_main.o (0x0)
Removed property 0xc0010001 to merge double_link_list.o (not found) and protect.o (0x1)
Removed property 0xc0010002 to merge double_link_list.o (not found) and protect.o (0x0)
Removed property 0xc0010001 to merge double_link_list.o (not found) and console.o (0x1)
Removed property 0xc0010002 to merge double_link_list.o (not found) and console.o (0x1)
Removed property 0xc0010001 to merge double_link_list.o (not found) and process.o (0x1)
Removed property 0xc0010002 to merge double_link_list.o (not found) and process.o (0x0)
Removed property 0xc0010001 to merge double_link_list.o (not found) and kernel_main_old.o (0x1)
Removed property 0xc0010002 to merge double_link_list.o (not found) and kernel_main_old.o (0x1)
Removed property 0xc0010001 to merge double_link_list.o (not found) and keyboard.o (0x1)
Removed property 0xc0010002 to merge double_link_list.o (not found) and keyboard.o (0x0)
Removed property 0xc0010001 to merge double_link_list.o (not found) and thread.o (0x1)
Removed property 0xc0010002 to merge double_link_list.o (not found) and thread.o (0x0)
Removed property 0xc0010001 to merge double_link_list.o (not found) and my_process.o (0x1)
Removed property 0xc0010002 to merge double_link_list.o (not found) and my_process.o (0x1)
Removed property 0xc0010001 to merge double_link_list.o (not found) and network/skbuff.o (0x1)
Removed property 0xc0010002 to merge double_link_list.o (not found) and network/skbuff.o (0x0)
Removed property 0xc0010001 to merge double_link_list.o (not found) and network/socket.o (0x1)
Removed property 0xc0010002 to merge double_link_list.o (not found) and network/socket.o (0x0)
Removed property 0xc0010001 to merge double_link_list.o (not found) and network/ip_input.o (0x1)
Removed property 0xc0010002 to merge double_link_list.o (not found) and network/ip_input.o (0x0)
Removed property 0xc0010001 to merge double_link_list.o (not found) and network/udp_sock.o (0x1)
Removed property 0xc0010002 to merge double_link_list.o (not found) and network/udp_sock.o (0x0)
Removed property 0xc0010001 to merge double_link_list.o (not found) and network/dst.o (0x1)
Removed property 0xc0010002 to merge double_link_list.o (not found) and network/dst.o (0x0)
Removed property 0xc0010001 to merge double_link_list.o (not found) and network/icmpv4.o (0x1)
Removed property 0xc0010002 to merge double_link_list.o (not found) and network/icmpv4.o (0x0)
Removed property 0xc0010001 to merge double_link_list.o (not found) and network/inet.o (0x1)
Removed property 0xc0010002 to merge double_link_list.o (not found) and network/inet.o (0x0)
Removed property 0xc0010001 to merge double_link_list.o (not found) and network/tcp.o (0x1)
Removed property 0xc0010002 to merge double_link_list.o (not found) and network/tcp.o (0x0)
Removed property 0xc0010001 to merge double_link_list.o (not found) and network/route.o (0x1)
Removed property 0xc0010002 to merge double_link_list.o (not found) and network/route.o (0x0)
Removed property 0xc0010001 to merge double_link_list.o (not found) and network/sock.o (0x1)
Removed property 0xc0010002 to merge double_link_list.o (not found) and network/sock.o (0x0)
Removed property 0xc0010001 to merge double_link_list.o (not found) and network/tcp_output.o (0x1)
Removed property 0xc0010002 to merge double_link_list.o (not found) and network/tcp_output.o (0x1)
Removed property 0xc0010001 to merge double_link_list.o (not found) and network/arp.o (0x1)
Removed property 0xc0010002 to merge double_link_list.o (not found) and network/arp.o (0x0)
Removed property 0xc0010001 to merge double_link_list.o (not found) and network/tcp_sock.o (0x1)
Removed property 0xc0010002 to merge double_link_list.o (not found) and network/tcp_sock.o (0x0)
Removed property 0xc0010001 to merge double_link_list.o (not found) and network/ipc.o (0x1)
Removed property 0xc0010002 to merge double_link_list.o (not found) and network/ipc.o (0x1)
Removed property 0xc0010001 to merge double_link_list.o (not found) and network/ip_output.o (0x1)
Removed property 0xc0010002 to merge double_link_list.o (not found) and network/ip_output.o (0x0)
Removed property 0xc0010001 to merge double_link_list.o (not found) and network/netdev.o (0x1)
Removed property 0xc0010002 to merge double_link_list.o (not found) and network/netdev.o (0x0)
Removed property 0xc0010001 to merge double_link_list.o (not found) and network/tcp_input.o (0x1)
[...]
Memory Configuration

Name             Origin             Length             Attributes
*default*        0x00000000         0xffffffff

Linker script and memory map

Address of section .text set to 0xc0600000
LOAD kernel/kernel_sub.o
LOAD kernel/kernel.o
LOAD syscall.o
LOAD switch_to.o
LOAD string.o
LOAD hd/hd_rdwt.o
LOAD network/ne2000.o
LOAD double_link_list.o
LOAD global.o
LOAD kernel_main.o
LOAD protect.o
LOAD console.o
LOAD process.o
LOAD kernel_main_old.o
LOAD keyboard.o
LOAD thread.o
LOAD my_process.o
LOAD network/skbuff.o
LOAD network/socket.o
LOAD network/ip_input.o
LOAD network/udp_sock.o
LOAD network/dst.o
LOAD network/icmpv4.o
LOAD network/inet.o
LOAD network/tcp.o
LOAD network/route.o
LOAD network/sock.o
LOAD network/tcp_output.o
LOAD network/arp.o
LOAD network/tcp_sock.o
LOAD network/ipc.o
LOAD network/ip_output.o
LOAD network/netdev.o
LOAD network/tcp_input.o
LOAD network/task_network.o
LOAD network/udp.o
LOAD network/tcp_data.o
LOAD network/utils.o
LOAD hd/hd.o
LOAD fs/fs_main.o
LOAD mm/forkexit.o
LOAD mm/exec.o
LOAD mm/main.o
LOAD mem/mem.o
LOAD lib/exec.o
LOAD lib/fork.o
LOAD lib/exit.o
LOAD lib/unlink.o
LOAD lib/wait.o
LOAD lib/socket_close.o
LOAD lib/socket_read.o
LOAD lib/alloca.o
LOAD lib/calloc.o
LOAD lib/floor.o
LOAD lib/socket_write.o
LOAD lib/getpid.o
LOAD lib/stdlib/atoi.o
LOAD lib/stdlib/strtol.o
LOAD lib/string/strtok.o
LOAD lib/string/strcmp.o
LOAD lib/string/strncmp.o
LOAD lib/string/strpbrk.o
LOAD lib/stdio/read.o
LOAD lib/stdio/perror.o
LOAD lib/stdio/sscanf.o
LOAD lib/stdio/open.o
LOAD lib/stdio/write.o
LOAD lib/stdio/close.o
LOAD lib/sys/socket.o
LOAD lib/sys/connect.o
LOAD lib/arpa/ntohs.o
LOAD lib/arpa/htonl.o
LOAD lib/arpa/htons.o
LOAD lib/arpa/inet_pton.o
LOAD lib/arpa/ntohl.o
LOAD lib/arpa/inet_ntop.o
                [!provide]                        PROVIDE (__executable_start = SEGMENT_START ("text-segment", 0x8048000))
                0x080480d4                        . = (SEGMENT_START ("text-segment", 0x8048000) + SIZEOF_HEADERS)

.interp
 *(.interp)

.note.gnu.build-id
 *(.note.gnu.build-id)

.hash
 *(.hash)

.gnu.hash
 *(.gnu.hash)

.dynsym
 *(.dynsym)

.dynstr
 *(.dynstr)

.gnu.version
 *(.gnu.version)

.gnu.version_d
 *(.gnu.version_d)

.gnu.version_r
 *(.gnu.version_r)

.rel.dyn        0x080480d4        0x0
 *(.rel.init)
 *(.rel.text .rel.text.* .rel.gnu.linkonce.t.*)
 .rel.text      0x080480d4        0x0 kernel/kernel_sub.o
 *(.rel.fini)
 *(.rel.rodata .rel.rodata.* .rel.gnu.linkonce.r.*)
 *(.rel.data.rel.ro .rel.data.rel.ro.* .rel.gnu.linkonce.d.rel.ro.*)
 *(.rel.data .rel.data.* .rel.gnu.linkonce.d.*)
 *(.rel.tdata .rel.tdata.* .rel.gnu.linkonce.td.*)
 *(.rel.tbss .rel.tbss.* .rel.gnu.linkonce.tb.*)
 *(.rel.ctors)
 *(.rel.dtors)
 *(.rel.got)
 .rel.got       0x080480d4        0x0 kernel/kernel_sub.o
 *(.rel.bss .rel.bss.* .rel.gnu.linkonce.b.*)
 *(.rel.ifunc)

.rel.plt        0x080480d4        0x0
 *(.rel.plt)
                [!provide]                        PROVIDE (__rel_iplt_start = .)
 *(.rel.iplt)
 .rel.iplt      0x080480d4        0x0 kernel/kernel_sub.o
                [!provide]                        PROVIDE (__rel_iplt_end = .)

.relr.dyn
 *(.relr.dyn)
                0x08049000                        . = ALIGN (CONSTANT (MAXPAGESIZE))

.init
 *(SORT_NONE(.init))

.plt            0x08049000        0x0
 *(.plt)
 *(.iplt)
 .iplt          0x08049000        0x0 kernel/kernel_sub.o

.plt.got
 *(.plt.got)

.plt.sec
 *(.plt.sec)

.text           0xc0600000    0x1377d
 *(.text.unlikely .text.*_unlikely .text.unlikely.*)
 *(.text.exit .text.exit.*)
 *(.text.startup .text.startup.*)
 *(.text.hot .text.hot.*)
 *(SORT_BY_NAME(.text.sorted.*))
 *(.text .stub .text.* .gnu.linkonce.t.*)
 .text          0xc0600000       0x71 kernel/kernel_sub.o
                0xc0600000                _start
 *fill*         0xc0600071        0xf 
 .text          0xc0600080      0x3d2 kernel/kernel.o
                0xc0600080                InterruptTest
                0xc060008c                disp_str_len
                0xc06000d9                disp_str
                0xc0600114                disp_str_colour
                0xc0600150                divide_zero_fault
                0xc0600156                single_step_fault
                0xc060015c                non_maskable_interrupt
                0xc0600162                breakpoint_trap
                0xc0600168                overflow_trap
                0xc060016e                bound_range_exceeded_fault
                0xc0600174                invalid_opcode_fault
                0xc060017a                coprocessor_not_available_fault
                0xc0600180                double_fault_exception_abort
                0xc0600184                coprocessor_segment_overrun
                0xc060018a                invalid_task_state_segment_fault
                0xc060018e                segment_not_present_fault
                0xc0600192                stack_exception_fault
                0xc0600196                general_protection_exception_fault
                0xc06001a1                page_fault
                0xc06001a5                coprocessor_error_fault
                0xc06001ab                align_check_fault
                0xc06001af                simd_float_exception_fault
                0xc06001be                hwint0
                0xc06001ee                hwint1
                0xc0600231                hwint14
                0xc0600277                hwint10
                0xc06002ba                sys_call
                0xc0600300                fork_restart
                0xc060030f                restart
                0xc0600332                in_byte
                0xc060033e                out_byte
                0xc0600360                disable_int
                0xc0600362                enable_int
                0xc06003f8                enable_8259A_casecade_irq
                0xc0600402                disable_8259A_casecade_irq
                0xc060040c                enable_8259A_slave_winchester_irq
                0xc0600416                disable_8259A_slave_winchester_irq
                0xc0600420                update_cr3
                0xc060042d                update_tss
                0xc060043c                get_running_thread_pcb
                0xc0600442                sys_call_test
                0xc0600445                enable_8259A_slave_net_irq
 *fill*         0xc0600452        0xe 
 .text          0xc0600460       0x6a syscall.o
                0xc0600460                write_debug
                0xc0600470                send_msg
                0xc0600486                receive_msg
                0xc060049c                sys_malloc
                0xc06004b1                sys_free
 *fill*         0xc06004ca        0x6 
 .text          0xc06004d0       0x15 switch_to.o
                0xc06004d0                switch_to
 *fill*         0xc06004e5        0xb 
 .text          0xc06004f0      0x28d network/ne2000.o
                0xc0600513                DriverInitialize
                0xc060059d                StartSendToPhysicalLink
                0xc06005b8                SetPageStart
                0xc06005e7                DriverSend
                0xc0600661                PCtoNIC
                0xc06006cc                get_interrupt_status
                0xc06006e9                set_interrupt_status
                0xc0600709                get_curr_page
                0xc0600726                NICtoPC
 .text          0xc060077d      0x2ee double_link_list.o
                0xc060077d                initDoubleLinkList
                0xc06007cd                isListEmpty
                0xc06007fb                findElementInList
                0xc0600892                appendToDoubleLinkList
                0xc0600958                insertToDoubleLinkList
                0xc06009dc                popFromDoubleLinkList
 .text          0xc0600a6b        0x0 global.o
 .text          0xc0600a6b      0x449 kernel_main.o
                0xc0600a6b                kernel_main
                0xc0600c45                init
                0xc0600cdc                kernel_thread_a
                0xc0600d29                kernel_thread_b
                0xc0600d76                kernel_thread_c
                0xc0600d8c                kernel_thread_d
                0xc0600da2                user_proc_a
                0xc0600e97                user_proc_b
 .text          0xc0600eb4      0x3b3 protect.o
                0xc0600eb4                InitDescriptor
                0xc0600f21                Seg2PhyAddr
                0xc0600f62                Seg2PhyAddrLDT
                0xc0600fa6                VirAddr2PhyAddr
                0xc0600fbc                v2l
                0xc0600fff                init_propt
                0xc0601180                InitInterruptDesc
                0xc06011dc                ReloadGDT
 .text          0xc0601267      0xad3 console.o
                0xc0601267                select_console
                0xc06012a3                flush
                0xc06012dc                set_cursor
                0xc060133a                set_console_start_video_addr
                0xc0601398                put_key
                0xc0601404                scroll_up
                0xc0601446                scroll_down
                0xc06014b1                out_char
                0xc060166e                tty_dev_read
                0xc0601698                tty_dev_write
                0xc06018c5                tty_do_read
                0xc060198d                tty_do_write
                0xc0601af6                init_screen
                0xc0601b7f                init_tty
                0xc0601c34                TaskTTY
 .text          0xc0601d3a      0x2b7 process.o
                0xc0601d3a                schedule_process
                0xc0601f00                clock_handler
                0xc0601f76                pid2proc
                0xc0601fda                proc2pid
 .text          0xc0601ff1     0x2df3 kernel_main_old.o
                0xc0601ff1                stop_here
                0xc0602035                catch_error
                0xc060209a                intr_enable
                0xc06020c3                intr_disable
                0xc06020ec                intr_set_status
                0xc060210a                intr_get_status
                0xc0602127                Memcpy
                0xc060215a                untar
                0xc060246a                num_to_string
                0xc0602510                disp_int
                0xc0602539                do_page_fault
                0xc0602676                exception_handler
                0xc0602861                init_internal_interrupt
                0xc06029d6                spurious_irq
                0xc0602a64                init_keyboard
                0xc0602aa7                TestTTY
                0xc0602b46                TestReadReturnValue
                0xc0602bc3                TestWriteReturnValue
                0xc0602c97                TestFS2
                0xc0602ca5                TestFS
                0xc0603147                wait_exit
                0xc0603245                INIT_fork
                0xc0603538                simple_shell
                0xc06036bf                test_shell
                0xc0603727                test_exec
                0xc060381a                INIT
                0xc0603827                TestA
                0xc060385c                delay
                0xc06038a0                TestB
                0xc06038b8                TestC
                0xc06038eb                sys_get_ticks
                0xc06038fb                sys_write
                0xc060394f                milli_delay
                0xc060398b                TaskSys
                0xc0603990                Printf
                0xc0603a62                sprintf
                0xc0603a8e                vsprintf
                0xc0603c3a                printx
                0xc0603c7d                sys_printx
                0xc0603d49                spin
                0xc0603d6f                panic
                0xc0603d8d                assertion_failure
                0xc0603dff                assertion_failure2
                0xc0603e74                dead_lock
                0xc0603e7e                sys_send_msg
                0xc06043ac                sys_receive_msg
                0xc0604a0c                send_rec
                0xc0604b07                block
                0xc0604b43                unblock
                0xc0604b93                get_ticks_ipc
                0xc0604bed                itoa
                0xc0604c43                i2a
                0xc0604ca9                inform_int
                0xc0604d75                deprecate_strcmp
 .text          0xc0604de4      0x40f keyboard.o
                0xc0604de4                keyboard_handler
                0xc0604e68                read_from_keyboard_buf
                0xc0604ece                keyboard_read
                0xc060504d                init_keyboard_handler
                0xc0605061                in_process
 .text          0xc06051f3      0x1b2 thread.o
                0xc06051f3                kernel_thread
                0xc060520b                thread_init
                0xc06052b8                thread_create
                0xc06052ed                thread_start
 .text          0xc06053a5      0x730 my_process.o
                0xc06053a5                create_user_process_address_space
                0xc0605435                user_process
                0xc0605562                clone_pcb
                0xc06056d4                build_body_stack
                0xc0605807                build_process_kernel_stack
                0xc06058ca                fork_process
                0xc060595b                process_execute
 .text          0xc0605ad5      0x15b network/skbuff.o
                0xc0605aee                alloc_skb
                0xc0605b7f                free_skb
                0xc0605bb2                skb_reserve
                0xc0605bce                skb_push
                0xc0605bfd                skb_head
                0xc0605c08                skb_reset_header
 .text          0xc0605c30      0x66c network/socket.o
                0xc0605ce0                test
                0xc0605d3c                socket_debug
                0xc0605d9d                free_socket
                0xc0605e59                _socket
                0xc0605f18                _bind
                0xc0605f6b                _connect
                0xc0605fbd                _write
                0xc0606014                _read
                0xc060606b                _recvfrom
                0xc06060ac                _sendto
                0xc0606103                _close
                0xc0606182                _listen
                0xc06061e8                _accept
 .text          0xc060629c      0x2ed network/ip_input.o
                0xc0606426                ip_rcv
 .text          0xc0606589      0x8cd network/udp_sock.o
                0xc06067c7                udp_lookup_sock
                0xc060680e                udp_init
                0xc060683f                udp_close
                0xc0606865                udp_sock_init
                0xc060686f                udp_recvfrom
                0xc0606908                udp_connect
                0xc06069e1                udp_write
                0xc0606a0d                udp_alloc_skb
                0xc0606a57                udp_sendto
                0xc0606b4b                udp_send
                0xc0606c89                udp_alloc_sock
                0xc0606cca                udp_free_sock
                0xc0606cee                udp_read
 .text          0xc0606e56      0x196 network/dst.o
                0xc0606e64                print_array
                0xc0606ed8                dst_neigh_output
 .text          0xc0606fec      0x234 network/icmpv4.o
                0xc0606ffa                icmpv4_incoming
                0xc060706e                icmpv4_reply
                0xc0607147                icmpv4_timestamp
 .text          0xc0607220      0x429 network/inet.o
                0xc0607220                inet_create
                0xc06072d0                inet_socket
                0xc06072da                inet_connect
                0xc060732e                inet_write
                0xc060735a                inet_read
                0xc0607386                inet_close
                0xc06073d5                inet_free
                0xc060740b                inet_bind
                0xc0607514                inet_listen
                0xc060755d                inet_accept
                0xc0607608                inet_sendto
                0xc0607633                inet_recvfrom
 .text          0xc0607649      0x448 network/tcp.o
                0xc060783e                tcp_in
                0xc06078f2                tcp_checksum
                0xc060791e                __tcp_set_state
                0xc060792d                tcp_generate_port
                0xc0607976                tcp_generate_isn
                0xc0607980                tcp_done
                0xc06079a9                tcp_clear_timers
                0xc06079b8                tcp_stop_retransmission_timer
                0xc06079d1                tcp_release_retransmission_timer
                0xc06079ea                tcp_stop_delack_timer
                0xc06079fd                tcp_release_delack_timer
                0xc0607a10                tcp_handle_fin_state
                0xc0607a75                tcp_enter_time_wait
 .text          0xc0607a91      0x42e network/route.o
                0xc0607ba1                route_add
                0xc0607be8                route_init
                0xc0607c9a                call_route_lookup
                0xc0607de4                route_lookup
 .text          0xc0607ebf      0x203 network/sock.o
                0xc0607ff1                sk_alloc
                0xc0608018                sk_init
                0xc060806c                sk_init_with_socket
                0xc0608095                sk_free
 .text          0xc06080c2      0xbbe network/tcp_output.o
                0xc0608588                tcp_send_synack
                0xc060862b                tcp_send_delack
                0xc0608666                tcp_send_ack
                0xc06087b2                tcp_send_fin
                0xc0608827                tcp_select_initial_window
                0xc06089d9                tcp_reset_retransmission_timer
                0xc06089f6                tcp_begin_connect
                0xc0608aa0                tcp_send
                0xc0608b85                tcp_send_reset
                0xc0608c05                tcp_queue_fin
 .text          0xc0608c80      0xbd3 network/arp.o
                0xc0608da9                call_update_arp_translation_table
                0xc0608fe1                insert_arp_translation_table
                0xc0609063                update_arp_translation_table
                0xc0609122                arp_init
                0xc0609128                arp_rcv
                0xc060930a                arp_request
                0xc0609474                arp_reply
                0xc06095d7                call_arp_get_hwaddr
                0xc0609721                arp_get_hwaddr
                0xc0609802                free_arp
 .text          0xc0609853      0xa5b network/tcp_sock.o
                0xc0609b12                tcp_established_or_syn_recvd_socks_enqueue
                0xc0609b29                tcp_established_or_syn_recvd_socks_remove
                0xc0609b3b                tcp_connecting_or_listening_socks_enqueue
                0xc0609b52                tcp_connecting_or_listening_socks_remove
                0xc0609b64                tcp_alloc_sock
                0xc0609c7a                tcp_free_sock
                0xc0609cf3                tcp_init
                0xc0609cfd                tcp_sock_init
                0xc0609da0                tcp_write
                0xc0609de1                tcp_read
                0xc0609e94                tcp_close
                0xc0609f52                tcp_recv_notify
                0xc0609f7d                tcp_v4_connect
                0xc060a201                tcp_lookup_sock
 .text          0xc060a2ae      0xe07 network/ipc.o
                0xc060ae62                ipc_close
                0xc060aeb3                ipc_call_from_netdev_rx
                0xc060aeeb                demux_ipc_socket_call
 .text          0xc060b0b5      0x1d3 network/ip_output.o
                0xc060b0c3                ip_output
 .text          0xc060b288      0xa00 network/netdev.o
                0xc060b416                netdev_init
                0xc060b45d                netdev_transmit
                0xc060b5a8                interrupt_wait2
                0xc060b601                netdev_rx_loop
                0xc060b6f2                call_netdev_get
                0xc060b83c                netdev_get
                0xc060b8f1                free_netdev
                0xc060b91c                local_ipaddress
                0xc060b959                receive_msg_from_nic
                0xc060bb46                receive_msg_from_nic2
                0xc060bc72                net_handler
 .text          0xc060bc88      0xb80 network/tcp_input.o
                0xc060c380                tcp_process
                0xc060c746                tcp_receive
 .text          0xc060c808      0x2f9 network/task_network.o
                0xc060c85c                init_dev
                0xc060c966                task_network
                0xc060cab7                task_netdev_rx
 .text          0xc060cb01      0x3e0 network/udp.o
                0xc060cc0c                udp_generate_port
                0xc060cc55                udp_checksum
                0xc060cd23                udp_in
                0xc060cdb4                udp_data_dequeue
                0xc060cebc                udp_data_enqueue
 .text          0xc060cee1      0x54a network/tcp_data.o
                0xc060d1cc                tcp_data_dequeue
                0xc060d2f9                tcp_data_queue
 .text          0xc060d42b      0x1e7 network/utils.o
                0xc060d42b                run_cmd
                0xc060d438                print_err
                0xc060d44f                parse_ipv4_string
                0xc060d4ae                ip_pton
                0xc060d4f6                sum_every_16bits
                0xc060d54d                checksum
                0xc060d58e                tcp_udp_checksum
 .text          0xc060d612      0xe84 hd/hd.o
                0xc060d612                TaskHD
                0xc060d65d                init_hd
                0xc060d677                hd_handle
                0xc060d77c                hd_cmd_out
                0xc060d87e                hd_identify
                0xc060d935                print_hdinfo
                0xc060dac3                print_dpt_entry
                0xc060db2f                get_partition_table
                0xc060dc0e                partition
                0xc060de28                hd_open
                0xc060ded8                get_hd_ioctl
                0xc060df92                wait_for
                0xc060dfc3                interrupt_wait
                0xc060e01c                hd_rdwt
                0xc060e2be                hd_handler
                0xc060e2ef                debug_ticks
                0xc060e32d                waitfor
                0xc060e371                print_hd_info
                0xc060e45e                is_empty
 .text          0xc060e496     0x2081 fs/fs_main.o
                0xc060e496                task_fs
                0xc060e6aa                rd_wt
                0xc060e78c                mkfs
                0xc060ed6e                init_fs
                0xc060edc8                do_open
                0xc060efd1                search_file
                0xc060f103                strip_path
                0xc060f1cf                get_inode
                0xc060f391                create_file
                0xc060f49c                alloc_imap_bit
                0xc060f599                alloc_smap_bit
                0xc060f73a                new_inode
                0xc060f858                new_dir_entry
                0xc060fa64                do_unlink
                0xc060ff40                do_rdwt
                0xc06102cb                sync_inode
                0xc061041f                put_inode
                0xc061045d                do_close
                0xc06104af                get_super_block
 .text          0xc0610517      0x24f mm/forkexit.o
                0xc0610517                do_fork
                0xc0610585                do_exit
                0xc061060f                do_wait
                0xc061070c                cleanup
 .text          0xc0610766      0x419 mm/exec.o
                0xc0610766                do_exec
 .text          0xc0610b7f      0x14e mm/main.o
                0xc0610b7f                TaskMM
                0xc0610cae                alloc_mem
 .text          0xc0610ccd     0x1118 mem/mem.o
                0xc0610ccd                init_bitmap
                0xc0610cf0                test_bit_val
                0xc0610d59                set_bit_val
                0xc0610dd4                set_bits
                0xc0610e0e                get_first_free_bit
                0xc0610e52                get_bits
                0xc0610f1a                get_a_page
                0xc0610fce                get_virtual_address_start_with_addr
                0xc0611068                get_virtual_address
                0xc06110f8                ptr_pde
                0xc061110b                ptr_pte
                0xc0611132                add_map_entry
                0xc06111c3                alloc_virtual_memory
                0xc061128f                get_physical_address_proc
                0xc061130b                get_physical_address
                0xc061133d                alloc_physical_memory_of_proc
                0xc061142c                alloc_physical_memory
                0xc06114f4                alloc_memory
                0xc0611556                get_a_virtual_page
                0xc061158e                block2arena
                0xc06115a4                sys_malloc2
                0xc06118d1                remove_map_entry
                0xc06118f2                free_a_page
                0xc0611999                sys_free2
                0xc061199f                init_memory_block_desc
                0xc0611a70                init_memory2
                0xc0611ca5                init_memory
 .text          0xc0611de5      0x285 lib/exec.o
                0xc0611de5                exec
                0xc0611e56                execv
                0xc0612045                execl
 .text          0xc061206a       0x4b lib/fork.o
                0xc061206a                fork
 .text          0xc06120b5       0x2f lib/exit.o
                0xc06120b5                exit
 .text          0xc06120e4       0x42 lib/unlink.o
                0xc06120e4                unlink
 .text          0xc0612126       0x44 lib/wait.o
                0xc0612126                wait
 .text          0xc061216a       0xbe lib/socket_close.o
                0xc061216a                socket_close
 .text          0xc0612228      0x12a lib/socket_read.o
                0xc0612228                socket_read
 .text          0xc0612352       0x29 lib/alloca.o
                0xc0612352                alloca
 .text          0xc061237b       0x46 lib/calloc.o
                0xc061237b                calloc
 .text          0xc06123c1       0x49 lib/floor.o
                0xc06123c1                floor
 .text          0xc061240a      0x12a lib/socket_write.o
                0xc061240a                socket_write
 .text          0xc0612534       0x2b lib/getpid.o
                0xc0612534                getpid
 .text          0xc061255f       0x9c lib/stdlib/atoi.o
                0xc061255f                atoi
 .text          0xc06125fb       0xca lib/stdlib/strtol.o
                0xc06125fb                strtol
 .text          0xc06126c5       0x85 lib/string/strtok.o
                0xc06126c5                strtok
 .text          0xc061274a       0xa8 lib/string/strcmp.o
                0xc061274a                strcmp
 .text          0xc06127f2       0xd4 lib/string/strncmp.o
                0xc06127f2                strncmp
 .text          0xc06128c6       0x90 lib/string/strpbrk.o
                0xc06128c6                strpbrk
 .text          0xc0612956      0x181 lib/stdio/read.o
                0xc0612956                read
 .text          0xc0612ad7       0x17 lib/stdio/perror.o
                0xc0612ad7                perror
 .text          0xc0612aee      0x335 lib/stdio/sscanf.o
                0xc0612aee                sscanf
 .text          0xc0612e23       0x95 lib/stdio/open.o
                0xc0612e23                open
 .text          0xc0612eb8       0x85 lib/stdio/write.o
                0xc0612eb8                write
 .text          0xc0612f3d       0x52 lib/stdio/close.o
                0xc0612f3d                close
 .text          0xc0612f8f      0x195 lib/sys/socket.o
                0xc0612f8f                socket
 .text          0xc0613124      0x179 lib/sys/connect.o
                0xc0613124                connect
 .text          0xc061329d       0x38 lib/arpa/ntohs.o
                0xc061329d                ntohs
 .text          0xc06132d5       0x7c lib/arpa/htonl.o
                0xc06132d5                htonl
 .text          0xc0613351       0x38 lib/arpa/htons.o
                0xc0613351                htons
 .text          0xc0613389      0x295 lib/arpa/inet_pton.o
                0xc0613389                isValidIPv4
                0xc0613513                inet_pton
 .text          0xc061361e       0x7c lib/arpa/ntohl.o
                0xc061361e                ntohl
 .text          0xc061369a       0xe3 lib/arpa/inet_ntop.o
                0xc061369a                inet_ntop
 *(.gnu.warning)

.fini
 *(SORT_NONE(.fini))
                [!provide]                        PROVIDE (__etext = .)
                [!provide]                        PROVIDE (_etext = .)
                [!provide]                        PROVIDE (etext = .)
                0xc0614000                        . = ALIGN (CONSTANT (MAXPAGESIZE))
                0xc0614000                        . = SEGMENT_START ("rodata-segment", (ALIGN (CONSTANT (MAXPAGESIZE)) + (. & (CONSTANT (MAXPAGESIZE) - 0x1))))

.rodata         0xc0614000     0x1dbf
 *(.rodata .rodata.* .gnu.linkonce.r.*)
 .rodata        0xc0614000       0x3c double_link_list.o
 .rodata        0xc061403c      0x174 kernel_main.o
 .rodata        0xc06141b0       0x22 console.o
 *fill*         0xc06141d2        0x2 
 .rodata        0xc06141d4       0x4c process.o
 .rodata        0xc0614220      0xb61 kernel_main_old.o
 .rodata        0xc0614d81        0x9 network/skbuff.o
 *fill*         0xc0614d8a        0x2 
 .rodata        0xc0614d8c      0x23d network/socket.o
 *fill*         0xc0614fc9        0x3 
 .rodata        0xc0614fcc       0xbd network/ip_input.o
 *fill*         0xc0615089        0x3 
 .rodata        0xc061508c       0x2d network/udp_sock.o
 .rodata        0xc06150b9       0x2d network/dst.o
 *fill*         0xc06150e6        0x2 
 .rodata        0xc06150e8       0x32 network/icmpv4.o
 *fill*         0xc061511a        0x2 
 .rodata        0xc061511c       0x48 network/inet.o
 .rodata        0xc0615164       0x31 network/tcp.o
 *fill*         0xc0615195        0x3 
 .rodata        0xc0615198       0x36 network/route.o
 .rodata        0xc06151ce        0x9 network/sock.o
 *fill*         0xc06151d7        0x1 
 .rodata        0xc06151d8       0xc3 network/tcp_output.o
 *fill*         0xc061529b        0x1 
 .rodata        0xc061529c       0xd0 network/arp.o
 .rodata        0xc061536c      0x118 network/tcp_sock.o
 .rodata        0xc0615484      0x174 network/ipc.o
 .rodata        0xc06155f8        0x9 network/ip_output.o
 *fill*         0xc0615601        0x3 
 .rodata        0xc0615604      0x16e network/netdev.o
 *fill*         0xc0615772        0x2 
 .rodata        0xc0615774       0x60 network/tcp_input.o
 .rodata        0xc06157d4       0x99 network/task_network.o
 .rodata        0xc061586d        0x9 network/udp.o
 .rodata        0xc0615876       0x1e network/tcp_data.o
 .rodata        0xc0615894       0x41 network/utils.o
 *fill*         0xc06158d5        0x3 
 .rodata        0xc06158d8      0x19c hd/hd.o
 .rodata        0xc0615a74      0x1fb fs/fs_main.o
                0xc0615a74                FSBUF_SIZE
 .rodata        0xc0615c6f       0x21 mm/forkexit.o
 .rodata        0xc0615c90       0x10 mm/exec.o
 .rodata        0xc0615ca0       0x11 mm/main.o
 .rodata        0xc0615cb1       0x5a mem/mem.o
 .rodata        0xc0615d0b       0x2d lib/exec.o
 .rodata        0xc0615d38        0x9 lib/socket_close.o
 .rodata        0xc0615d41        0x9 lib/socket_read.o
 .rodata        0xc0615d4a        0x9 lib/socket_write.o
 .rodata        0xc0615d53       0x2a lib/stdio/close.o
 .rodata        0xc0615d7d       0x33 lib/sys/socket.o
 .rodata        0xc0615db0        0x9 lib/sys/connect.o
 .rodata        0xc0615db9        0x3 lib/arpa/inet_pton.o
 .rodata        0xc0615dbc        0x3 lib/arpa/inet_ntop.o

.txt            0xc0615dbf       0xaa
 .txt           0xc0615dbf       0x82 string.o
                0xc0615dbf                Memcpy2
                0xc0615ded                Memset
                0xc0615e0c                Strcpy
                0xc0615e26                Strlen
 .txt           0xc0615e41       0x28 hd/hd_rdwt.o
                0xc0615e41                read_port
                0xc0615e55                write_port

.rodata1
 *(.rodata1)

.eh_frame_hdr
 *(.eh_frame_hdr)
 *(.eh_frame_entry .eh_frame_entry.*)

.eh_frame       0xc0615e6c     0x434c
 *(.eh_frame)
 .eh_frame      0xc0615e6c       0xd8 double_link_list.o
 .eh_frame      0xc0615f44      0x104 kernel_main.o
                                0x11c (size before relaxing)
 .eh_frame      0xc0616048      0x100 protect.o
                                0x118 (size before relaxing)
 .eh_frame      0xc0616148      0x1e0 console.o
                                0x1f8 (size before relaxing)
 .eh_frame      0xc0616328       0x80 process.o
                                 0x98 (size before relaxing)
 .eh_frame      0xc06163a8      0x6cc kernel_main_old.o
                                0x6e4 (size before relaxing)
 .eh_frame      0xc0616a74       0xa0 keyboard.o
                                 0xb8 (size before relaxing)
 .eh_frame      0xc0616b14       0x80 thread.o
                                 0x98 (size before relaxing)
 .eh_frame      0xc0616b94       0xe0 my_process.o
                                 0xf8 (size before relaxing)
 .eh_frame      0xc0616c74       0xe0 network/skbuff.o
                                 0xf8 (size before relaxing)
 .eh_frame      0xc0616d54      0x2a0 network/socket.o
                                0x2b8 (size before relaxing)
 .eh_frame      0xc0616ff4      0x104 network/ip_input.o
                                0x11c (size before relaxing)
 .eh_frame      0xc06170f8      0x404 network/udp_sock.o
                                0x41c (size before relaxing)
 .eh_frame      0xc06174fc       0x60 network/dst.o
                                 0x78 (size before relaxing)
 .eh_frame      0xc061755c       0x80 network/icmpv4.o
                                 0x98 (size before relaxing)
 .eh_frame      0xc06175dc      0x180 network/inet.o
                                0x198 (size before relaxing)
 .eh_frame      0xc061775c      0x268 network/tcp.o
                                0x280 (size before relaxing)
 .eh_frame      0xc06179c4      0x104 network/route.o
                                0x11c (size before relaxing)
 .eh_frame      0xc0617ac8      0x1a0 network/sock.o
                                0x1b8 (size before relaxing)
 .eh_frame      0xc0617c68      0x3c4 network/tcp_output.o
                                0x3dc (size before relaxing)
 .eh_frame      0xc061802c      0x220 network/arp.o
                                0x238 (size before relaxing)
 .eh_frame      0xc061824c      0x4c0 network/tcp_sock.o
                                0x4d8 (size before relaxing)
 .eh_frame      0xc061870c      0x274 network/ipc.o
                                0x28c (size before relaxing)
 .eh_frame      0xc0618980       0x40 network/ip_output.o
                                 0x58 (size before relaxing)
 .eh_frame      0xc06189c0      0x230 network/netdev.o
                                0x248 (size before relaxing)
 .eh_frame      0xc0618bf0      0x300 network/tcp_input.o
                                0x318 (size before relaxing)
 .eh_frame      0xc0618ef0       0x80 network/task_network.o
                                 0x98 (size before relaxing)
 .eh_frame      0xc0618f70      0x1e4 network/udp.o
                                0x1fc (size before relaxing)
 .eh_frame      0xc0619154      0x200 network/tcp_data.o
                                0x218 (size before relaxing)
 .eh_frame      0xc0619354       0xe4 network/utils.o
                                 0xfc (size before relaxing)
 .eh_frame      0xc0619438      0x264 hd/hd.o
                                0x27c (size before relaxing)
 .eh_frame      0xc061969c      0x27c fs/fs_main.o
                                0x294 (size before relaxing)
 .eh_frame      0xc0619918       0x80 mm/forkexit.o
                                 0x98 (size before relaxing)
 .eh_frame      0xc0619998       0x20 mm/exec.o
                                 0x38 (size before relaxing)
 .eh_frame      0xc06199b8       0x3c mm/main.o
                                 0x54 (size before relaxing)
 .eh_frame      0xc06199f4      0x364 mem/mem.o
                                0x37c (size before relaxing)
 .eh_frame      0xc0619d58       0x60 lib/exec.o
                                 0x78 (size before relaxing)
 .eh_frame      0xc0619db8       0x20 lib/fork.o
                                 0x38 (size before relaxing)
 .eh_frame      0xc0619dd8       0x20 lib/exit.o
                                 0x38 (size before relaxing)
 .eh_frame      0xc0619df8       0x20 lib/unlink.o
                                 0x38 (size before relaxing)
 .eh_frame      0xc0619e18       0x20 lib/wait.o
                                 0x38 (size before relaxing)
 .eh_frame      0xc0619e38       0x20 lib/socket_close.o
                                 0x38 (size before relaxing)
 .eh_frame      0xc0619e58       0x20 lib/socket_read.o
                                 0x38 (size before relaxing)
 .eh_frame      0xc0619e78       0x20 lib/alloca.o
                                 0x38 (size before relaxing)
 .eh_frame      0xc0619e98       0x20 lib/calloc.o
                                 0x38 (size before relaxing)
 .eh_frame      0xc0619eb8       0x20 lib/floor.o
                                 0x38 (size before relaxing)
 .eh_frame      0xc0619ed8       0x20 lib/socket_write.o
                                 0x38 (size before relaxing)
 .eh_frame      0xc0619ef8       0x20 lib/getpid.o
                                 0x38 (size before relaxing)
 .eh_frame      0xc0619f18       0x20 lib/stdlib/atoi.o
                                 0x38 (size before relaxing)
 .eh_frame      0xc0619f38       0x20 lib/stdlib/strtol.o
                                 0x38 (size before relaxing)
 .eh_frame      0xc0619f58       0x20 lib/string/strtok.o
                                 0x38 (size before relaxing)
 .eh_frame      0xc0619f78       0x20 lib/string/strcmp.o
                                 0x38 (size before relaxing)
 .eh_frame      0xc0619f98       0x20 lib/string/strncmp.o
                                 0x38 (size before relaxing)
 .eh_frame      0xc0619fb8       0x20 lib/string/strpbrk.o
                                 0x38 (size before relaxing)
 .eh_frame      0xc0619fd8       0x20 lib/stdio/read.o
                                 0x38 (size before relaxing)
 .eh_frame      0xc0619ff8       0x20 lib/stdio/perror.o
                                 0x38 (size before relaxing)
 .eh_frame      0xc061a018       0x20 lib/stdio/sscanf.o
                                 0x38 (size before relaxing)
 .eh_frame      0xc061a038       0x20 lib/stdio/open.o
                                 0x38 (size before relaxing)
 .eh_frame      0xc061a058       0x20 lib/stdio/write.o
                                 0x38 (size before relaxing)
 .eh_frame      0xc061a078       0x20 lib/stdio/close.o
                                 0x38 (size before relaxing)
 .eh_frame      0xc061a098       0x20 lib/sys/socket.o
                                 0x38 (size before relaxing)
 .eh_frame      0xc061a0b8       0x20 lib/sys/connect.o
                                 0x38 (size before relaxing)
 .eh_frame      0xc061a0d8       0x20 lib/arpa/ntohs.o
                                 0x38 (size before relaxing)
 .eh_frame      0xc061a0f8       0x20 lib/arpa/htonl.o
                                 0x38 (size before relaxing)
 .eh_frame      0xc061a118       0x20 lib/arpa/htons.o
                                 0x38 (size before relaxing)
 .eh_frame      0xc061a138       0x40 lib/arpa/inet_pton.o
                                 0x58 (size before relaxing)
 .eh_frame      0xc061a178       0x20 lib/arpa/ntohl.o
                                 0x38 (size before relaxing)
 .eh_frame      0xc061a198       0x20 lib/arpa/inet_ntop.o
                                 0x38 (size before relaxing)
 *(.eh_frame.*)

.sframe
 *(.sframe)
 *(.sframe.*)

.gcc_except_table
 *(.gcc_except_table .gcc_except_table.*)

.gnu_extab
 *(.gnu_extab*)

.exception_ranges
 *(.exception_ranges*)
                0xc061b000                        . = DATA_SEGMENT_ALIGN (CONSTANT (MAXPAGESIZE), CONSTANT (COMMONPAGESIZE))

.eh_frame
 *(.eh_frame)
 *(.eh_frame.*)

.sframe
 *(.sframe)
 *(.sframe.*)

.gnu_extab
 *(.gnu_extab)

.gcc_except_table
 *(.gcc_except_table .gcc_except_table.*)

.exception_ranges
 *(.exception_ranges*)

.tdata          0xc061b000        0x0
                [!provide]                        PROVIDE (__tdata_start = .)
 *(.tdata .tdata.* .gnu.linkonce.td.*)

.tbss
 *(.tbss .tbss.* .gnu.linkonce.tb.*)
 *(.tcommon)

.preinit_array  0xc061b000        0x0
                [!provide]                        PROVIDE (__preinit_array_start = .)
 *(.preinit_array)
                [!provide]                        PROVIDE (__preinit_array_end = .)

.init_array     0xc061b000        0x0
                [!provide]                        PROVIDE (__init_array_start = .)
 *(SORT_BY_INIT_PRIORITY(.init_array.*) SORT_BY_INIT_PRIORITY(.ctors.*))
 *(.init_array EXCLUDE_FILE(*crtend?.o *crtend.o *crtbegin?.o *crtbegin.o) .ctors)
                [!provide]                        PROVIDE (__init_array_end = .)

.fini_array     0xc061b000        0x0
                [!provide]                        PROVIDE (__fini_array_start = .)
 *(SORT_BY_INIT_PRIORITY(.fini_array.*) SORT_BY_INIT_PRIORITY(.dtors.*))
 *(.fini_array EXCLUDE_FILE(*crtend?.o *crtend.o *crtbegin?.o *crtbegin.o) .dtors)
                [!provide]                        PROVIDE (__fini_array_end = .)

.ctors
 *crtbegin.o(.ctors)
 *crtbegin?.o(.ctors)
 *(EXCLUDE_FILE(*crtend?.o *crtend.o) .ctors)
 *(SORT_BY_NAME(.ctors.*))
 *(.ctors)

.dtors
 *crtbegin.o(.dtors)
 *crtbegin?.o(.dtors)
 *(EXCLUDE_FILE(*crtend?.o *crtend.o) .dtors)
 *(SORT_BY_NAME(.dtors.*))
 *(.dtors)

.jcr
 *(.jcr)

.data.rel.ro
 *(.data.rel.ro.local* .gnu.linkonce.d.rel.ro.local.*)
 *(.data.rel.ro .data.rel.ro.* .gnu.linkonce.d.rel.ro.*)

.dynamic
 *(.dynamic)

.got            0xc061b000        0x0
 *(.got)
 .got           0xc061b000        0x0 kernel/kernel_sub.o
 *(.igot)
                0xc061b000                        . = DATA_SEGMENT_RELRO_END (., (SIZEOF (.got.plt) >= 0xc)?0xc:0x0)

.got.plt        0xc061b000        0x0
 *(.got.plt)
 .got.plt       0xc061b000        0x0 kernel/kernel_sub.o
 *(.igot.plt)
 .igot.plt      0xc061b000        0x0 kernel/kernel_sub.o

.data           0xc061b000      0xbb4
 *(.data .data.* .gnu.linkonce.d.*)
 .data          0xc061b000        0xf kernel/kernel_sub.o
 *fill*         0xc061b00f        0x1 
 .data          0xc061b010        0xf kernel/kernel.o
 *fill*         0xc061b01f        0x1 
 .data          0xc061b020        0x0 syscall.o
 .data          0xc061b020        0x0 double_link_list.o
 .data          0xc061b020      0x17c global.o
                0xc061b020                user_task_table
                0xc061b0a0                sys_task_table
                0xc061b180                sys_call_table
 .data          0xc061b19c        0x0 kernel_main.o
 .data          0xc061b19c        0x0 protect.o
 .data          0xc061b19c        0x0 console.o
 .data          0xc061b19c        0x0 process.o
 .data          0xc061b19c        0x0 kernel_main_old.o
 *fill*         0xc061b19c        0x4 
 .data          0xc061b1a0      0x600 keyboard.o
                0xc061b1a0                keymap
 .data          0xc061b7a0        0x0 thread.o
 .data          0xc061b7a0        0x0 my_process.o
 .data          0xc061b7a0        0x4 network/skbuff.o
 *fill*         0xc061b7a4       0x1c 
 .data          0xc061b7c0      0x224 network/socket.o
 .data          0xc061b9e4        0x4 network/ip_input.o
 *fill*         0xc061b9e8       0x18 
 .data          0xc061ba00       0x54 network/udp_sock.o
                0xc061ba20                udp_ops
 .data          0xc061ba54        0x4 network/dst.o
 .data          0xc061ba58        0x4 network/icmpv4.o
 *fill*         0xc061ba5c        0x4 
 .data          0xc061ba60       0x80 network/inet.o
                0xc061ba68                inet
 .data          0xc061bae0        0x8 network/tcp.o
 .data          0xc061bae8        0x4 network/route.o
 .data          0xc061baec        0x4 network/sock.o
 .data          0xc061baf0        0x4 network/tcp_output.o
 .data          0xc061baf4       0x14 network/arp.o
 *fill*         0xc061bb08       0x18 
 .data          0xc061bb20       0x54 network/tcp_sock.o
                0xc061bb40                tcp_ops
 .data          0xc061bb74        0xc network/ipc.o
 .data          0xc061bb80        0x4 network/ip_output.o
 .data          0xc061bb84        0x4 network/netdev.o
 .data          0xc061bb88        0x4 network/tcp_input.o
 .data          0xc061bb8c        0x4 network/task_network.o
 .data          0xc061bb90        0x8 network/udp.o
 .data          0xc061bb98        0x4 network/tcp_data.o
 .data          0xc061bb9c        0x4 network/utils.o
 .data          0xc061bba0        0x0 hd/hd.o
 .data          0xc061bba0        0x0 fs/fs_main.o
 .data          0xc061bba0        0x0 mm/forkexit.o
 .data          0xc061bba0        0x0 mm/exec.o
 .data          0xc061bba0        0x0 mm/main.o
 .data          0xc061bba0        0x0 mem/mem.o
 .data          0xc061bba0        0x0 lib/exec.o
 .data          0xc061bba0        0x0 lib/fork.o
 .data          0xc061bba0        0x0 lib/exit.o
 .data          0xc061bba0        0x0 lib/unlink.o
 .data          0xc061bba0        0x0 lib/wait.o
 .data          0xc061bba0        0x4 lib/socket_close.o
 .data          0xc061bba4        0x4 lib/socket_read.o
 .data          0xc061bba8        0x0 lib/alloca.o
 .data          0xc061bba8        0x0 lib/calloc.o
 .data          0xc061bba8        0x0 lib/floor.o
 .data          0xc061bba8        0x4 lib/socket_write.o
 .data          0xc061bbac        0x0 lib/getpid.o
 .data          0xc061bbac        0x0 lib/stdlib/atoi.o
 .data          0xc061bbac        0x0 lib/stdlib/strtol.o
 .data          0xc061bbac        0x0 lib/string/strtok.o
 .data          0xc061bbac        0x0 lib/string/strcmp.o
 .data          0xc061bbac        0x0 lib/string/strncmp.o
 .data          0xc061bbac        0x0 lib/string/strpbrk.o
 .data          0xc061bbac        0x0 lib/stdio/read.o
 .data          0xc061bbac        0x0 lib/stdio/perror.o
 .data          0xc061bbac        0x0 lib/stdio/sscanf.o
 .data          0xc061bbac        0x0 lib/stdio/open.o
 .data          0xc061bbac        0x0 lib/stdio/write.o
 .data          0xc061bbac        0x0 lib/stdio/close.o
 .data          0xc061bbac        0x4 lib/sys/socket.o
 .data          0xc061bbb0        0x4 lib/sys/connect.o
 .data          0xc061bbb4        0x0 lib/arpa/ntohs.o
 .data          0xc061bbb4        0x0 lib/arpa/htonl.o
 .data          0xc061bbb4        0x0 lib/arpa/htons.o
 .data          0xc061bbb4        0x0 lib/arpa/inet_pton.o
 .data          0xc061bbb4        0x0 lib/arpa/ntohl.o
 .data          0xc061bbb4        0x0 lib/arpa/inet_ntop.o

.data1
 *(.data1)
                0xc061bbb4                        _edata = .
                [!provide]                        PROVIDE (edata = .)
                0xc061bbb4                        . = .
                0xc061bbb4                        __bss_start = .

.bss            0xc061bbc0    0xa5888
 *(.dynbss)
 *(.bss .bss.* .gnu.linkonce.b.*)
 .bss           0xc061bbc0      0x800 kernel/kernel_sub.o
 .bss           0xc061c3c0      0x800 kernel/kernel.o
 .bss           0xc061cbc0        0x0 double_link_list.o
 .bss           0xc061cbc0        0x0 global.o
 .bss           0xc061cbc0        0x0 kernel_main.o
 .bss           0xc061cbc0        0x0 protect.o
 .bss           0xc061cbc0        0x0 console.o
 .bss           0xc061cbc0        0x0 process.o
 .bss           0xc061cbc0        0x0 kernel_main_old.o
 .bss           0xc061cbc0        0x0 keyboard.o
 .bss           0xc061cbc0        0x0 thread.o
 .bss           0xc061cbc0        0x0 my_process.o
 .bss           0xc061cbc0        0x0 network/skbuff.o
 .bss           0xc061cbc0        0x4 network/socket.o
 .bss           0xc061cbc4        0x0 network/ip_input.o
 .bss           0xc061cbc4        0x4 network/udp_sock.o
 .bss           0xc061cbc8        0x0 network/dst.o
 .bss           0xc061cbc8        0x0 network/icmpv4.o
 .bss           0xc061cbc8        0x0 network/inet.o
 .bss           0xc061cbc8        0x0 network/tcp.o
 .bss           0xc061cbc8        0x0 network/route.o
 .bss           0xc061cbc8        0x0 network/sock.o
 .bss           0xc061cbc8        0x0 network/tcp_output.o
 .bss           0xc061cbc8        0x0 network/arp.o
 .bss           0xc061cbc8        0x0 network/tcp_sock.o
 .bss           0xc061cbc8        0x4 network/ipc.o
 .bss           0xc061cbcc        0x0 network/ip_output.o
 .bss           0xc061cbcc        0x0 network/netdev.o
 .bss           0xc061cbcc        0x0 network/tcp_input.o
 .bss           0xc061cbcc        0x0 network/task_network.o
 .bss           0xc061cbcc        0x0 network/udp.o
 .bss           0xc061cbcc        0x0 network/tcp_data.o
 .bss           0xc061cbcc        0x0 network/utils.o
 .bss           0xc061cbcc        0x0 hd/hd.o
 .bss           0xc061cbcc        0x4 fs/fs_main.o
                0xc061cbcc                c
 .bss           0xc061cbd0        0x0 mm/forkexit.o
 .bss           0xc061cbd0        0x0 mm/exec.o
 .bss           0xc061cbd0        0x0 mm/main.o
 .bss           0xc061cbd0        0x0 mem/mem.o
 .bss           0xc061cbd0        0x0 lib/exec.o
 .bss           0xc061cbd0        0x0 lib/fork.o
 .bss           0xc061cbd0        0x0 lib/exit.o
 .bss           0xc061cbd0        0x0 lib/unlink.o
 .bss           0xc061cbd0        0x0 lib/wait.o
 .bss           0xc061cbd0        0x0 lib/socket_close.o
 .bss           0xc061cbd0        0x0 lib/socket_read.o
 .bss           0xc061cbd0        0x0 lib/alloca.o
 .bss           0xc061cbd0        0x0 lib/calloc.o
 .bss           0xc061cbd0        0x0 lib/floor.o
 .bss           0xc061cbd0        0x0 lib/socket_write.o
 .bss           0xc061cbd0        0x0 lib/getpid.o
 .bss           0xc061cbd0        0x0 lib/stdlib/atoi.o
 .bss           0xc061cbd0        0x0 lib/stdlib/strtol.o
 .bss           0xc061cbd0        0x4 lib/string/strtok.o
 .bss           0xc061cbd4        0x0 lib/string/strcmp.o
 .bss           0xc061cbd4        0x0 lib/string/strncmp.o
 .bss           0xc061cbd4        0x0 lib/string/strpbrk.o
 .bss           0xc061cbd4        0x0 lib/stdio/read.o
 .bss           0xc061cbd4        0x0 lib/stdio/perror.o
 .bss           0xc061cbd4        0x0 lib/stdio/sscanf.o
 .bss           0xc061cbd4        0x0 lib/stdio/open.o
 .bss           0xc061cbd4        0x0 lib/stdio/write.o
 .bss           0xc061cbd4        0x0 lib/stdio/close.o
 .bss           0xc061cbd4        0x0 lib/sys/socket.o
 .bss           0xc061cbd4        0x0 lib/sys/connect.o
 .bss           0xc061cbd4        0x0 lib/arpa/ntohs.o
 .bss           0xc061cbd4        0x0 lib/arpa/htonl.o
 .bss           0xc061cbd4        0x0 lib/arpa/htons.o
 .bss           0xc061cbd4        0x0 lib/arpa/inet_pton.o
 .bss           0xc061cbd4        0x0 lib/arpa/ntohl.o
 .bss           0xc061cbd4        0x0 lib/arpa/inet_ntop.o
 *(COMMON)
 *fill*         0xc061cbd4        0xc 
 COMMON         0xc061cbe0     0x17b8 double_link_list.o
                0xc061cbe0                current_tty
                0xc061cbe4                is_e0
                0xc061cbe8                idt_ptr
                0xc061cbf0                pid
                0xc061cbf4                KernelVirtualMemory
                0xc061cc00                loop
                0xc061cc04                current_dis_pos
                0xc061cc08                dis_pos
                0xc061cc0c                netdev
                0xc061cc10                k_reenter
                0xc061cc20                gdt
                0xc061d020                proc_ready_table
                0xc061d024                test_ticks
                0xc061d028                pcaller
                0xc061d040                keyboard_buffer
                0xc061d24c                pcb_list
                0xc061d25c                gdt_index
                0xc061d260                tty_table
                0xc061daa0                tss
                0xc061db0c                KernelPool
                0xc061db1c                net_buf
                0xc061db20                nic_current_page
                0xc061db24                counter
                0xc061db28                key_pressed
                0xc061db2c                fork_pid
                0xc061db30                is_shift
                0xc061db31                net_data
                0xc061db34                routes
                0xc061db38                gdt_ptr
                0xc061db40                idt
                0xc061e340                main_thread
                0xc061e348                ticks
                0xc061e350                is_init
                0xc061e354                UserPool
                0xc061e364                all_pcb_list
                0xc061e374                console_table
                0xc061e384                is_disp
                0xc061e388                MAIN_THREAD_PAGE_DIRECTORY
                0xc061e38c                helloStr
 *fill*         0xc061e398        0x8 
 COMMON         0xc061e3a0    0xa1d40 global.o
                0xc061e3a0                proc_stack
                0xc06be3a0                proc_table
 COMMON         0xc06c00e0      0x440 hd/hd.o
                0xc06c00e0                hd_info
                0xc06c0320                hd_cache
 COMMON         0xc06c0520      0xe68 fs/fs_main.o
                0xc06c0520                file_desc_table
                0xc06c0920                phy_super_block_buf
                0xc06c0924                phy_fsbuf
                0xc06c0940                inode_table
                0xc06c1340                super_block_buf
                0xc06c1344                fsbuf
                0xc06c1360                root
 *fill*         0xc06c1388       0x18 
 COMMON         0xc06c13a0       0xa8 mem/mem.o
                0xc06c13a0                kernel_mem_block_decs_array
                0xc06c1448                        . = ALIGN ((. != 0x0)?0x4:0x1)
                0xc06c1448                        . = ALIGN (0x4)
                0xc06c1448                        . = SEGMENT_START ("ldata-segment", .)
                0xc06c1448                        . = ALIGN (0x4)
                0xc06c1448                        _end = .
                [!provide]                        PROVIDE (end = .)
                0xc06c1448                        . = DATA_SEGMENT_END (.)

.stab
 *(.stab)

.stabstr
 *(.stabstr)

.stab.excl
 *(.stab.excl)

.stab.exclstr
 *(.stab.exclstr)

.stab.index
 *(.stab.index)

.stab.indexstr
 *(.stab.indexstr)

.comment        0x00000000       0x2c
 *(.comment)
 .comment       0x00000000       0x2c double_link_list.o
                                 0x2d (size before relaxing)
 .comment       0x0000002c       0x2d global.o
 .comment       0x0000002c       0x2d kernel_main.o
 .comment       0x0000002c       0x2d protect.o
 .comment       0x0000002c       0x2d console.o
 .comment       0x0000002c       0x2d process.o
 .comment       0x0000002c       0x2d kernel_main_old.o
 .comment       0x0000002c       0x2d keyboard.o
 .comment       0x0000002c       0x2d thread.o
 .comment       0x0000002c       0x2d my_process.o
 .comment       0x0000002c       0x2d network/skbuff.o
 .comment       0x0000002c       0x2d network/socket.o
 .comment       0x0000002c       0x2d network/ip_input.o
 .comment       0x0000002c       0x2d network/udp_sock.o
 .comment       0x0000002c       0x2d network/dst.o
 .comment       0x0000002c       0x2d network/icmpv4.o
 .comment       0x0000002c       0x2d network/inet.o
 .comment       0x0000002c       0x2d network/tcp.o
 .comment       0x0000002c       0x2d network/route.o
 .comment       0x0000002c       0x2d network/sock.o
 .comment       0x0000002c       0x2d network/tcp_output.o
 .comment       0x0000002c       0x2d network/arp.o
 .comment       0x0000002c       0x2d network/tcp_sock.o
 .comment       0x0000002c       0x2d network/ipc.o
 .comment       0x0000002c       0x2d network/ip_output.o
 .comment       0x0000002c       0x2d network/netdev.o
 .comment       0x0000002c       0x2d network/tcp_input.o
 .comment       0x0000002c       0x2d network/task_network.o
 .comment       0x0000002c       0x2d network/udp.o
 .comment       0x0000002c       0x2d network/tcp_data.o
 .comment       0x0000002c       0x2d network/utils.o
 .comment       0x0000002c       0x2d hd/hd.o
 .comment       0x0000002c       0x2d fs/fs_main.o
 .comment       0x0000002c       0x2d mm/forkexit.o
 .comment       0x0000002c       0x2d mm/exec.o
 .comment       0x0000002c       0x2d mm/main.o
 .comment       0x0000002c       0x2d mem/mem.o
 .comment       0x0000002c       0x2d lib/exec.o
 .comment       0x0000002c       0x2d lib/fork.o
 .comment       0x0000002c       0x2d lib/exit.o
 .comment       0x0000002c       0x2d lib/unlink.o
 .comment       0x0000002c       0x2d lib/wait.o
 .comment       0x0000002c       0x2d lib/socket_close.o
 .comment       0x0000002c       0x2d lib/socket_read.o
 .comment       0x0000002c       0x2d lib/alloca.o
 .comment       0x0000002c       0x2d lib/calloc.o
 .comment       0x0000002c       0x2d lib/floor.o
 .comment       0x0000002c       0x2d lib/socket_write.o
 .comment       0x0000002c       0x2d lib/getpid.o
 .comment       0x0000002c       0x2d lib/stdlib/atoi.o
 .comment       0x0000002c       0x2d lib/stdlib/strtol.o
 .comment       0x0000002c       0x2d lib/string/strtok.o
 .comment       0x0000002c       0x2d lib/string/strcmp.o
 .comment       0x0000002c       0x2d lib/string/strncmp.o
 .comment       0x0000002c       0x2d lib/string/strpbrk.o
 .comment       0x0000002c       0x2d lib/stdio/read.o
 .comment       0x0000002c       0x2d lib/stdio/perror.o
 .comment       0x0000002c       0x2d lib/stdio/sscanf.o
 .comment       0x0000002c       0x2d lib/stdio/open.o
 .comment       0x0000002c       0x2d lib/stdio/write.o
 .comment       0x0000002c       0x2d lib/stdio/close.o
 .comment       0x0000002c       0x2d lib/sys/socket.o
 .comment       0x0000002c       0x2d lib/sys/connect.o
 .comment       0x0000002c       0x2d lib/arpa/ntohs.o
 .comment       0x0000002c       0x2d lib/arpa/htonl.o
 .comment       0x0000002c       0x2d lib/arpa/htons.o
 .comment       0x0000002c       0x2d lib/arpa/inet_pton.o
 .comment       0x0000002c       0x2d lib/arpa/ntohl.o
 .comment       0x0000002c       0x2d lib/arpa/inet_ntop.o

.gnu.build.attributes
 *(.gnu.build.attributes .gnu.build.attributes.*)

.debug
 *(.debug)

.line
 *(.line)

.debug_srcinfo
 *(.debug_srcinfo)

.debug_sfnames
 *(.debug_sfnames)

.debug_aranges  0x00000000      0x898
 *(.debug_aranges)
 .debug_aranges
                0x00000000       0x20 double_link_list.o
 .debug_aranges
                0x00000020       0x18 global.o
 .debug_aranges
                0x00000038       0x20 kernel_main.o
 .debug_aranges
                0x00000058       0x20 protect.o
 .debug_aranges
                0x00000078       0x20 console.o
 .debug_aranges
                0x00000098       0x20 process.o
 .debug_aranges
                0x000000b8       0x20 kernel_main_old.o
 .debug_aranges
                0x000000d8       0x20 keyboard.o
 .debug_aranges
                0x000000f8       0x20 thread.o
 .debug_aranges
                0x00000118       0x20 my_process.o
 .debug_aranges
                0x00000138       0x20 network/skbuff.o
 .debug_aranges
                0x00000158       0x20 network/socket.o
 .debug_aranges
                0x00000178       0x20 network/ip_input.o
 .debug_aranges
                0x00000198       0x20 network/udp_sock.o
 .debug_aranges
                0x000001b8       0x20 network/dst.o
 .debug_aranges
                0x000001d8       0x20 network/icmpv4.o
 .debug_aranges
                0x000001f8       0x20 network/inet.o
 .debug_aranges
                0x00000218       0x20 network/tcp.o
 .debug_aranges
                0x00000238       0x20 network/route.o
 .debug_aranges
                0x00000258       0x20 network/sock.o
 .debug_aranges
                0x00000278       0x20 network/tcp_output.o
 .debug_aranges
                0x00000298       0x20 network/arp.o
 .debug_aranges
                0x000002b8       0x20 network/tcp_sock.o
 .debug_aranges
                0x000002d8       0x20 network/ipc.o
 .debug_aranges
                0x000002f8       0x20 network/ip_output.o
 .debug_aranges
                0x00000318       0x20 network/netdev.o
 .debug_aranges
                0x00000338       0x20 network/tcp_input.o
 .debug_aranges
                0x00000358       0x20 network/task_network.o
 .debug_aranges
                0x00000378       0x20 network/udp.o
 .debug_aranges
                0x00000398       0x20 network/tcp_data.o
 .debug_aranges
                0x000003b8       0x20 network/utils.o
 .debug_aranges
                0x000003d8       0x20 hd/hd.o
 .debug_aranges
                0x000003f8       0x20 fs/fs_main.o
 .debug_aranges
                0x00000418       0x20 mm/forkexit.o
 .debug_aranges
                0x00000438       0x20 mm/exec.o
 .debug_aranges
                0x00000458       0x20 mm/main.o
 .debug_aranges
                0x00000478       0x20 mem/mem.o
 .debug_aranges
                0x00000498       0x20 lib/exec.o
 .debug_aranges
                0x000004b8       0x20 lib/fork.o
 .debug_aranges
                0x000004d8       0x20 lib/exit.o
 .debug_aranges
                0x000004f8       0x20 lib/unlink.o
 .debug_aranges
                0x00000518       0x20 lib/wait.o
 .debug_aranges
                0x00000538       0x20 lib/socket_close.o
 .debug_aranges
                0x00000558       0x20 lib/socket_read.o
 .debug_aranges
                0x00000578       0x20 lib/alloca.o
 .debug_aranges
                0x00000598       0x20 lib/calloc.o
 .debug_aranges
                0x000005b8       0x20 lib/floor.o
 .debug_aranges
                0x000005d8       0x20 lib/socket_write.o
 .debug_aranges
                0x000005f8       0x20 lib/getpid.o
 .debug_aranges
                0x00000618       0x20 lib/stdlib/atoi.o
 .debug_aranges
                0x00000638       0x20 lib/stdlib/strtol.o
 .debug_aranges
                0x00000658       0x20 lib/string/strtok.o
 .debug_aranges
                0x00000678       0x20 lib/string/strcmp.o
 .debug_aranges
                0x00000698       0x20 lib/string/strncmp.o
 .debug_aranges
                0x000006b8       0x20 lib/string/strpbrk.o
 .debug_aranges
                0x000006d8       0x20 lib/stdio/read.o
 .debug_aranges
                0x000006f8       0x20 lib/stdio/perror.o
 .debug_aranges
                0x00000718       0x20 lib/stdio/sscanf.o
 .debug_aranges
                0x00000738       0x20 lib/stdio/open.o
 .debug_aranges
                0x00000758       0x20 lib/stdio/write.o
 .debug_aranges
                0x00000778       0x20 lib/stdio/close.o
 .debug_aranges
                0x00000798       0x20 lib/sys/socket.o
 .debug_aranges
                0x000007b8       0x20 lib/sys/connect.o
 .debug_aranges
                0x000007d8       0x20 lib/arpa/ntohs.o
 .debug_aranges
                0x000007f8       0x20 lib/arpa/htonl.o
 .debug_aranges
                0x00000818       0x20 lib/arpa/htons.o
 .debug_aranges
                0x00000838       0x20 lib/arpa/inet_pton.o
 .debug_aranges
                0x00000858       0x20 lib/arpa/ntohl.o
 .debug_aranges
                0x00000878       0x20 lib/arpa/inet_ntop.o

.debug_pubnames
 *(.debug_pubnames)

.debug_info     0x00000000    0x4652e
 *(.debug_info .gnu.linkonce.wi.*)
 .debug_info    0x00000000     0x10b1 double_link_list.o
 .debug_info    0x000010b1      0xef9 global.o
 .debug_info    0x00001faa     0x11b9 kernel_main.o
 .debug_info    0x00003163     0x1224 protect.o
 .debug_info    0x00004387     0x12f9 console.o
 .debug_info    0x00005680      0xfd1 process.o
 .debug_info    0x00006651     0x28d0 kernel_main_old.o
 .debug_info    0x00008f21     0x104d keyboard.o
 .debug_info    0x00009f6e     0x10d8 thread.o
 .debug_info    0x0000b046     0x150c my_process.o
 .debug_info    0x0000c552     0x11cc network/skbuff.o
 .debug_info    0x0000d71e     0x1c35 network/socket.o
 .debug_info    0x0000f353     0x1ae1 network/ip_input.o
 .debug_info    0x00010e34     0x1f13 network/udp_sock.o
 .debug_info    0x00012d47     0x1283 network/dst.o
 .debug_info    0x00013fca     0x193f network/icmpv4.o
 .debug_info    0x00015909     0x1a9a network/inet.o
 .debug_info    0x000173a3     0x1e44 network/tcp.o
 .debug_info    0x000191e7     0x1390 network/route.o
 .debug_info    0x0001a577     0x1896 network/sock.o
 .debug_info    0x0001be0d     0x235f network/tcp_output.o
 .debug_info    0x0001e16c     0x199d network/arp.o
 .debug_info    0x0001fb09     0x2235 network/tcp_sock.o
 .debug_info    0x00021d3e     0x1d7c network/ipc.o
 .debug_info    0x00023aba     0x177b network/ip_output.o
 .debug_info    0x00025235     0x1948 network/netdev.o
 .debug_info    0x00026b7d     0x2147 network/tcp_input.o
 .debug_info    0x00028cc4     0x112b network/task_network.o
 .debug_info    0x00029def     0x1b44 network/udp.o
 .debug_info    0x0002b933     0x1dad network/tcp_data.o
 .debug_info    0x0002d6e0      0x367 network/utils.o
 .debug_info    0x0002da47     0x1868 hd/hd.o
 .debug_info    0x0002f2af     0x1faa fs/fs_main.o
 .debug_info    0x00031259     0x100d mm/forkexit.o
 .debug_info    0x00032266     0x1249 mm/exec.o
 .debug_info    0x000334af      0xe3b mm/main.o
 .debug_info    0x000342ea     0x1dcd mem/mem.o
 .debug_info    0x000360b7      0xfaf lib/exec.o
 .debug_info    0x00037066      0xe17 lib/fork.o
 .debug_info    0x00037e7d      0xe22 lib/exit.o
 .debug_info    0x00038c9f      0xf00 lib/unlink.o
 .debug_info    0x00039b9f      0xe30 lib/wait.o
 .debug_info    0x0003a9cf     0x1043 lib/socket_close.o
 .debug_info    0x0003ba12     0x114b lib/socket_read.o
 .debug_info    0x0003cb5d       0xb6 lib/alloca.o
 .debug_info    0x0003cc13      0xf28 lib/calloc.o
 .debug_info    0x0003db3b       0x6b lib/floor.o
 .debug_info    0x0003dba6     0x1150 lib/socket_write.o
 .debug_info    0x0003ecf6      0xe17 lib/getpid.o
 .debug_info    0x0003fb0d       0xc9 lib/stdlib/atoi.o
 .debug_info    0x0003fbd6       0xd6 lib/stdlib/strtol.o
 .debug_info    0x0003fcac       0xae lib/string/strtok.o
 .debug_info    0x0003fd5a       0xc1 lib/string/strcmp.o
 .debug_info    0x0003fe1b      0x110 lib/string/strncmp.o
 .debug_info    0x0003ff2b       0xcf lib/string/strpbrk.o
 .debug_info    0x0003fffa      0xea1 lib/stdio/read.o
 .debug_info    0x00040e9b       0x5c lib/stdio/perror.o
 .debug_info    0x00040ef7      0x202 lib/stdio/sscanf.o
 .debug_info    0x000410f9      0xe02 lib/stdio/open.o
 .debug_info    0x00041efb      0xe9e lib/stdio/write.o
 .debug_info    0x00042d99      0xdb6 lib/stdio/close.o
 .debug_info    0x00043b4f     0x1130 lib/sys/socket.o
 .debug_info    0x00044c7f     0x11df lib/sys/connect.o
 .debug_info    0x00045e5e       0xa8 lib/arpa/ntohs.o
 .debug_info    0x00045f06       0xcb lib/arpa/htonl.o
 .debug_info    0x00045fd1       0xa8 lib/arpa/htons.o
 .debug_info    0x00046079      0x260 lib/arpa/inet_pton.o
 .debug_info    0x000462d9       0xcb lib/arpa/ntohl.o
 .debug_info    0x000463a4      0x18a lib/arpa/inet_ntop.o

.debug_abbrev   0x00000000     0x85b2
 *(.debug_abbrev)
 .debug_abbrev  0x00000000      0x216 double_link_list.o
 .debug_abbrev  0x00000216      0x157 global.o
 .debug_abbrev  0x0000036d      0x25f kernel_main.o
 .debug_abbrev  0x000005cc      0x227 protect.o
 .debug_abbrev  0x000007f3      0x2ac console.o
 .debug_abbrev  0x00000a9f      0x1e0 process.o
 .debug_abbrev  0x00000c7f      0x43a kernel_main_old.o
 .debug_abbrev  0x000010b9      0x1fb keyboard.o
 .debug_abbrev  0x000012b4      0x222 thread.o
 .debug_abbrev  0x000014d6      0x260 my_process.o
 .debug_abbrev  0x00001736      0x23f network/skbuff.o
 .debug_abbrev  0x00001975      0x327 network/socket.o
 .debug_abbrev  0x00001c9c      0x2d1 network/ip_input.o
 .debug_abbrev  0x00001f6d      0x3b1 network/udp_sock.o
 .debug_abbrev  0x0000231e      0x23a network/dst.o
 .debug_abbrev  0x00002558      0x236 network/icmpv4.o
 .debug_abbrev  0x0000278e      0x24b network/inet.o
 .debug_abbrev  0x000029d9      0x332 network/tcp.o
 .debug_abbrev  0x00002d0b      0x263 network/route.o
 .debug_abbrev  0x00002f6e      0x273 network/sock.o
 .debug_abbrev  0x000031e1      0x39b network/tcp_output.o
 .debug_abbrev  0x0000357c      0x345 network/arp.o
 .debug_abbrev  0x000038c1      0x3e6 network/tcp_sock.o
 .debug_abbrev  0x00003ca7      0x311 network/ipc.o
 .debug_abbrev  0x00003fb8      0x213 network/ip_output.o
 .debug_abbrev  0x000041cb      0x336 network/netdev.o
 .debug_abbrev  0x00004501      0x355 network/tcp_input.o
 .debug_abbrev  0x00004856      0x1cf network/task_network.o
 .debug_abbrev  0x00004a25      0x2d3 network/udp.o
 .debug_abbrev  0x00004cf8      0x2a6 network/tcp_data.o
 .debug_abbrev  0x00004f9e      0x17a network/utils.o
 .debug_abbrev  0x00005118      0x2e3 hd/hd.o
 .debug_abbrev  0x000053fb      0x2f8 fs/fs_main.o
 .debug_abbrev  0x000056f3      0x204 mm/forkexit.o
 .debug_abbrev  0x000058f7      0x1c4 mm/exec.o
 .debug_abbrev  0x00005abb      0x208 mm/main.o
 .debug_abbrev  0x00005cc3      0x330 mem/mem.o
 .debug_abbrev  0x00005ff3      0x1e8 lib/exec.o
 .debug_abbrev  0x000061db      0x18a lib/fork.o
 .debug_abbrev  0x00006365      0x19b lib/exit.o
 .debug_abbrev  0x00006500      0x193 lib/unlink.o
 .debug_abbrev  0x00006693      0x19f lib/wait.o
 .debug_abbrev  0x00006832      0x1b0 lib/socket_close.o
 .debug_abbrev  0x000069e2      0x1dd lib/socket_read.o
 .debug_abbrev  0x00006bbf       0xcd lib/alloca.o
 .debug_abbrev  0x00006c8c      0x191 lib/calloc.o
 .debug_abbrev  0x00006e1d       0x6a lib/floor.o
 .debug_abbrev  0x00006e87      0x1db lib/socket_write.o
 .debug_abbrev  0x00007062      0x18a lib/getpid.o
 .debug_abbrev  0x000071ec       0x94 lib/stdlib/atoi.o
 .debug_abbrev  0x00007280       0x8b lib/stdlib/strtol.o
 .debug_abbrev  0x0000730b       0x91 lib/string/strtok.o
 .debug_abbrev  0x0000739c       0x94 lib/string/strcmp.o
 .debug_abbrev  0x00007430       0xbe lib/string/strncmp.o
 .debug_abbrev  0x000074ee       0xa5 lib/string/strpbrk.o
 .debug_abbrev  0x00007593      0x1ef lib/stdio/read.o
 .debug_abbrev  0x00007782       0x5c lib/stdio/perror.o
 .debug_abbrev  0x000077de       0xca lib/stdio/sscanf.o
 .debug_abbrev  0x000078a8      0x1c5 lib/stdio/open.o
 .debug_abbrev  0x00007a6d      0x1db lib/stdio/write.o
 .debug_abbrev  0x00007c48      0x19d lib/stdio/close.o
 .debug_abbrev  0x00007de5      0x1cc lib/sys/socket.o
 .debug_abbrev  0x00007fb1      0x1d3 lib/sys/connect.o
 .debug_abbrev  0x00008184       0x6c lib/arpa/ntohs.o
 .debug_abbrev  0x000081f0       0xa5 lib/arpa/htonl.o
 .debug_abbrev  0x00008295       0x6c lib/arpa/htons.o
 .debug_abbrev  0x00008301      0x116 lib/arpa/inet_pton.o
 .debug_abbrev  0x00008417       0xa5 lib/arpa/ntohl.o
 .debug_abbrev  0x000084bc       0xf6 lib/arpa/inet_ntop.o

.debug_line     0x00000000     0xaaa5
 *(.debug_line .debug_line.* .debug_line_end)
 .debug_line    0x00000000      0x235 double_link_list.o
 .debug_line    0x00000235       0xb3 global.o
 .debug_line    0x000002e8      0x233 kernel_main.o
 .debug_line    0x0000051b      0x21d protect.o
 .debug_line    0x00000738      0x56c console.o
 .debug_line    0x00000ca4      0x1d8 process.o
 .debug_line    0x00000e7c      0xe5a kernel_main_old.o
 .debug_line    0x00001cd6      0x2b4 keyboard.o
 .debug_line    0x00001f8a      0x163 thread.o
 .debug_line    0x000020ed      0x359 my_process.o
 .debug_line    0x00002446      0x1ab network/skbuff.o
 .debug_line    0x000025f1      0x3c8 network/socket.o
 .debug_line    0x000029b9      0x28e network/ip_input.o
 .debug_line    0x00002c47      0x4c8 network/udp_sock.o
 .debug_line    0x0000310f      0x1b4 network/dst.o
 .debug_line    0x000032c3      0x232 network/icmpv4.o
 .debug_line    0x000034f5      0x326 network/inet.o
 .debug_line    0x0000381b      0x30d network/tcp.o
 .debug_line    0x00003b28      0x2a9 network/route.o
 .debug_line    0x00003dd1      0x238 network/sock.o
 .debug_line    0x00004009      0x5a1 network/tcp_output.o
 .debug_line    0x000045aa      0x565 network/arp.o
 .debug_line    0x00004b0f      0x59f network/tcp_sock.o
 .debug_line    0x000050ae      0x60d network/ipc.o
 .debug_line    0x000056bb      0x20b network/ip_output.o
 .debug_line    0x000058c6      0x4b5 network/netdev.o
 .debug_line    0x00005d7b      0x671 network/tcp_input.o
 .debug_line    0x000063ec      0x200 network/task_network.o
 .debug_line    0x000065ec      0x302 network/udp.o
 .debug_line    0x000068ee      0x3ff network/tcp_data.o
 .debug_line    0x00006ced      0x13c network/utils.o
 .debug_line    0x00006e29      0x64d hd/hd.o
 .debug_line    0x00007476      0xc43 fs/fs_main.o
 .debug_line    0x000080b9      0x192 mm/forkexit.o
 .debug_line    0x0000824b      0x22a mm/exec.o
 .debug_line    0x00008475      0x10a mm/main.o
 .debug_line    0x0000857f      0x78e mem/mem.o
 .debug_line    0x00008d0d      0x1a9 lib/exec.o
 .debug_line    0x00008eb6       0xc3 lib/fork.o
 .debug_line    0x00008f79       0xbe lib/exit.o
 .debug_line    0x00009037       0xde lib/unlink.o
 .debug_line    0x00009115       0xd5 lib/wait.o
 .debug_line    0x000091ea      0x151 lib/socket_close.o
 .debug_line    0x0000933b      0x192 lib/socket_read.o
 .debug_line    0x000094cd       0x5f lib/alloca.o
 .debug_line    0x0000952c       0xf9 lib/calloc.o
 .debug_line    0x00009625       0x5a lib/floor.o
 .debug_line    0x0000967f      0x195 lib/socket_write.o
 .debug_line    0x00009814       0xbe lib/getpid.o
 .debug_line    0x000098d2       0xad lib/stdlib/atoi.o
 .debug_line    0x0000997f       0xbb lib/stdlib/strtol.o
 .debug_line    0x00009a3a       0x6e lib/string/strtok.o
 .debug_line    0x00009aa8       0x9c lib/string/strcmp.o
 .debug_line    0x00009b44       0xcc lib/string/strncmp.o
 .debug_line    0x00009c10       0xb0 lib/string/strpbrk.o
 .debug_line    0x00009cc0      0x15b lib/stdio/read.o
 .debug_line    0x00009e1b       0x48 lib/stdio/perror.o
 .debug_line    0x00009e63      0x220 lib/stdio/sscanf.o
 .debug_line    0x0000a083       0xc3 lib/stdio/open.o
 .debug_line    0x0000a146       0xe0 lib/stdio/write.o
 .debug_line    0x0000a226       0xb3 lib/stdio/close.o
 .debug_line    0x0000a2d9      0x194 lib/sys/socket.o
 .debug_line    0x0000a46d      0x1a0 lib/sys/connect.o
 .debug_line    0x0000a60d       0x6c lib/arpa/ntohs.o
 .debug_line    0x0000a679       0xc1 lib/arpa/htonl.o
 .debug_line    0x0000a73a       0x6c lib/arpa/htons.o
 .debug_line    0x0000a7a6      0x167 lib/arpa/inet_pton.o
 .debug_line    0x0000a90d       0xc1 lib/arpa/ntohl.o
 .debug_line    0x0000a9ce       0xd7 lib/arpa/inet_ntop.o

.debug_frame
 *(.debug_frame)

.debug_str      0x00000000     0x38df
 *(.debug_str)
 .debug_str     0x00000000     0x38df double_link_list.o
                                0x6fa (size before relaxing)
 .debug_str     0x000038df      0x628 global.o
 .debug_str     0x000038df      0x771 kernel_main.o
 .debug_str     0x000038df      0x783 protect.o
 .debug_str     0x000038df      0x777 console.o
 .debug_str     0x000038df      0x662 process.o
 .debug_str     0x000038df      0xba3 kernel_main_old.o
 .debug_str     0x000038df      0x6b4 keyboard.o
 .debug_str     0x000038df      0x72f thread.o
 .debug_str     0x000038df      0x916 my_process.o
 .debug_str     0x000038df      0x71a network/skbuff.o
 .debug_str     0x000038df      0x946 network/socket.o
 .debug_str     0x000038df      0x9a2 network/ip_input.o
 .debug_str     0x000038df      0xa78 network/udp_sock.o
 .debug_str     0x000038df      0x735 network/dst.o
 .debug_str     0x000038df      0x921 network/icmpv4.o
 .debug_str     0x000038df      0x905 network/inet.o
 .debug_str     0x000038df      0xb34 network/tcp.o
 .debug_str     0x000038df      0x7ce network/route.o
 .debug_str     0x000038df      0x8bd network/sock.o
 .debug_str     0x000038df      0xc24 network/tcp_output.o
 .debug_str     0x000038df      0x92d network/arp.o
 .debug_str     0x000038df      0xcc7 network/tcp_sock.o
 .debug_str     0x000038df      0x935 network/ipc.o
 .debug_str     0x000038df      0x85d network/ip_output.o
 .debug_str     0x000038df      0x92f network/netdev.o
 .debug_str     0x000038df      0xb94 network/tcp_input.o
 .debug_str     0x000038df      0x6d7 network/task_network.o
 .debug_str     0x000038df      0x954 network/udp.o
 .debug_str     0x000038df      0xa50 network/tcp_data.o
 .debug_str     0x000038df      0x1b8 network/utils.o
 .debug_str     0x000038df      0x931 hd/hd.o
 .debug_str     0x000038df      0xb12 fs/fs_main.o
 .debug_str     0x000038df      0x62f mm/forkexit.o
 .debug_str     0x000038df      0x885 mm/exec.o
 .debug_str     0x000038df      0x5b0 mm/main.o
 .debug_str     0x000038df      0xad6 mem/mem.o
 .debug_str     0x000038df      0x644 lib/exec.o
 .debug_str     0x000038df      0x5b6 lib/fork.o
 .debug_str     0x000038df      0x5bd lib/exit.o
 .debug_str     0x000038df      0x63c lib/unlink.o
 .debug_str     0x000038df      0x5bd lib/wait.o
 .debug_str     0x000038df      0x6db lib/socket_close.o
 .debug_str     0x000038df      0x752 lib/socket_read.o
 .debug_str     0x000038df       0xce lib/alloca.o
 .debug_str     0x000038df      0x649 lib/calloc.o
 .debug_str     0x000038df       0xa2 lib/floor.o
 .debug_str     0x000038df      0x755 lib/socket_write.o
 .debug_str     0x000038df      0x5ba lib/getpid.o
 .debug_str     0x000038df       0xad lib/stdlib/atoi.o
 .debug_str     0x000038df       0xc6 lib/stdlib/strtol.o
 .debug_str     0x000038df       0xb9 lib/string/strtok.o
 .debug_str     0x000038df       0xb1 lib/string/strcmp.o
 .debug_str     0x000038df       0xba lib/string/strncmp.o
 .debug_str     0x000038df       0xc1 lib/string/strpbrk.o
 .debug_str     0x000038df      0x617 lib/stdio/read.o
 .debug_str     0x000038df       0x99 lib/stdio/perror.o
 .debug_str     0x000038df      0x109 lib/stdio/sscanf.o
 .debug_str     0x000038df      0x5de lib/stdio/open.o
 .debug_str     0x000038df      0x5f3 lib/stdio/write.o
 .debug_str     0x000038df      0x5a6 lib/stdio/close.o
 .debug_str     0x000038df      0x72b lib/sys/socket.o
 .debug_str     0x000038df      0x792 lib/sys/connect.o
 .debug_str     0x000038df      0x101 lib/arpa/ntohs.o
 .debug_str     0x000038df       0xf4 lib/arpa/htonl.o
 .debug_str     0x000038df      0x102 lib/arpa/htons.o
 .debug_str     0x000038df      0x14c lib/arpa/inet_pton.o
 .debug_str     0x000038df       0xf3 lib/arpa/ntohl.o
 .debug_str     0x000038df      0x10f lib/arpa/inet_ntop.o

.debug_loc
 *(.debug_loc)

.debug_macinfo
 *(.debug_macinfo)

.debug_weaknames
 *(.debug_weaknames)

.debug_funcnames
 *(.debug_funcnames)

.debug_typenames
 *(.debug_typenames)

.debug_varnames
 *(.debug_varnames)

.debug_pubtypes
 *(.debug_pubtypes)

.debug_ranges   0x00000000       0x90
 *(.debug_ranges)
 .debug_ranges  0x00000000       0x30 kernel_main_old.o
 .debug_ranges  0x00000030       0x48 hd/hd.o
 .debug_ranges  0x00000078       0x18 mm/exec.o

.debug_addr
 *(.debug_addr)

.debug_line_str
 *(.debug_line_str)

.debug_loclists
 *(.debug_loclists)

.debug_macro
 *(.debug_macro)

.debug_names
 *(.debug_names)

.debug_rnglists
 *(.debug_rnglists)

.debug_str_offsets
 *(.debug_str_offsets)

.debug_sup
 *(.debug_sup)

.gnu.attributes
 *(.gnu.attributes)

/DISCARD/
 *(.note.GNU-stack)
 *(.gnu_debuglink)
 *(.gnu.lto_*)
OUTPUT(kernel.bin elf32-i386)
