
Merging program properties

Removed property 0xc0010001 to merge double_link_list.o (0x1) and kernel/kernel_sub.o (not found)
Removed property 0xc0010002 to merge double_link_list.o (0x0) and kernel/kernel_sub.o (not found)
Removed property 0xc0010001 to merge double_link_list.o (not found) and kernel_main_old.o (0x1)
Removed property 0xc0010002 to merge double_link_list.o (not found) and kernel_main_old.o (0x1)
Removed property 0xc0010001 to merge double_link_list.o (not found) and kernel_main.o (0x1)
Removed property 0xc0010002 to merge double_link_list.o (not found) and kernel_main.o (0x0)
Removed property 0xc0010001 to merge double_link_list.o (not found) and protect.o (0x1)
Removed property 0xc0010002 to merge double_link_list.o (not found) and protect.o (0x0)
Removed property 0xc0010001 to merge double_link_list.o (not found) and console.o (0x1)
Removed property 0xc0010002 to merge double_link_list.o (not found) and console.o (0x1)
Removed property 0xc0010001 to merge double_link_list.o (not found) and global.o (0x1)
Removed property 0xc0010002 to merge double_link_list.o (not found) and global.o (0x0)
Removed property 0xc0010001 to merge double_link_list.o (not found) and keyboard.o (0x1)
Removed property 0xc0010002 to merge double_link_list.o (not found) and keyboard.o (0x0)
Removed property 0xc0010001 to merge double_link_list.o (not found) and process.o (0x1)
Removed property 0xc0010002 to merge double_link_list.o (not found) and process.o (0x0)
Removed property 0xc0010001 to merge double_link_list.o (not found) and thread.o (0x1)
Removed property 0xc0010002 to merge double_link_list.o (not found) and thread.o (0x0)
Removed property 0xc0010001 to merge double_link_list.o (not found) and my_process.o (0x1)
Removed property 0xc0010002 to merge double_link_list.o (not found) and my_process.o (0x1)
Removed property 0xc0010001 to merge double_link_list.o (not found) and network/socket.o (0x1)
Removed property 0xc0010002 to merge double_link_list.o (not found) and network/socket.o (0x0)
Removed property 0xc0010001 to merge double_link_list.o (not found) and network/ip_input.o (0x1)
Removed property 0xc0010002 to merge double_link_list.o (not found) and network/ip_input.o (0x0)
Removed property 0xc0010001 to merge double_link_list.o (not found) and network/udp_sock.o (0x1)
Removed property 0xc0010002 to merge double_link_list.o (not found) and network/udp_sock.o (0x0)
Removed property 0xc0010001 to merge double_link_list.o (not found) and network/inet.o (0x1)
Removed property 0xc0010002 to merge double_link_list.o (not found) and network/inet.o (0x0)
Removed property 0xc0010001 to merge double_link_list.o (not found) and network/dst.o (0x1)
Removed property 0xc0010002 to merge double_link_list.o (not found) and network/dst.o (0x0)
Removed property 0xc0010001 to merge double_link_list.o (not found) and network/tcp.o (0x1)
Removed property 0xc0010002 to merge double_link_list.o (not found) and network/tcp.o (0x0)
Removed property 0xc0010001 to merge double_link_list.o (not found) and network/sock.o (0x1)
Removed property 0xc0010002 to merge double_link_list.o (not found) and network/sock.o (0x0)
Removed property 0xc0010001 to merge double_link_list.o (not found) and network/tcp_output.o (0x1)
Removed property 0xc0010002 to merge double_link_list.o (not found) and network/tcp_output.o (0x1)
Removed property 0xc0010001 to merge double_link_list.o (not found) and network/arp.o (0x1)
Removed property 0xc0010002 to merge double_link_list.o (not found) and network/arp.o (0x0)
Removed property 0xc0010001 to merge double_link_list.o (not found) and network/tcp_sock.o (0x1)
Removed property 0xc0010002 to merge double_link_list.o (not found) and network/tcp_sock.o (0x0)
Removed property 0xc0010001 to merge double_link_list.o (not found) and network/ipc.o (0x1)
Removed property 0xc0010002 to merge double_link_list.o (not found) and network/ipc.o (0x1)
Removed property 0xc0010001 to merge double_link_list.o (not found) and network/icmpv4.o (0x1)
Removed property 0xc0010002 to merge double_link_list.o (not found) and network/icmpv4.o (0x0)
Removed property 0xc0010001 to merge double_link_list.o (not found) and network/ip_output.o (0x1)
Removed property 0xc0010002 to merge double_link_list.o (not found) and network/ip_output.o (0x0)
Removed property 0xc0010001 to merge double_link_list.o (not found) and network/skbuff.o (0x1)
Removed property 0xc0010002 to merge double_link_list.o (not found) and network/skbuff.o (0x0)
Removed property 0xc0010001 to merge double_link_list.o (not found) and network/netdev.o (0x1)
Removed property 0xc0010002 to merge double_link_list.o (not found) and network/netdev.o (0x0)
Removed property 0xc0010001 to merge double_link_list.o (not found) and network/tcp_input.o (0x1)
Removed property 0xc0010002 to merge double_link_list.o (not found) and network/tcp_input.o (0x0)
Removed property 0xc0010001 to merge double_link_list.o (not found) and network/task_network.o (0x1)
[...]
Memory Configuration

Name             Origin             Length             Attributes
*default*        0x00000000         0xffffffff

Linker script and memory map

Address of section .text set to 0xc0600000
LOAD kernel/kernel_sub.o
LOAD kernel/kernel.o
LOAD switch_to.o
LOAD string.o
LOAD syscall.o
LOAD hd/hd_rdwt.o
LOAD network/ne2000.o
LOAD double_link_list.o
LOAD kernel_main_old.o
LOAD kernel_main.o
LOAD protect.o
LOAD console.o
LOAD global.o
LOAD keyboard.o
LOAD process.o
LOAD thread.o
LOAD my_process.o
LOAD network/socket.o
LOAD network/ip_input.o
LOAD network/udp_sock.o
LOAD network/inet.o
LOAD network/dst.o
LOAD network/tcp.o
LOAD network/sock.o
LOAD network/tcp_output.o
LOAD network/arp.o
LOAD network/tcp_sock.o
LOAD network/ipc.o
LOAD network/icmpv4.o
LOAD network/ip_output.o
LOAD network/skbuff.o
LOAD network/netdev.o
LOAD network/tcp_input.o
LOAD network/task_network.o
LOAD network/route.o
LOAD network/udp.o
LOAD network/tcp_data.o
LOAD network/utils.o
LOAD hd/hd.o
LOAD fs/fs_main.o
LOAD mm/forkexit.o
LOAD mm/exec.o
LOAD mm/main.o
LOAD mem/mem.o
LOAD lib/floor.o
LOAD lib/exec.o
LOAD lib/exit.o
LOAD lib/unlink.o
LOAD lib/wait.o
LOAD lib/calloc.o
LOAD lib/alloca.o
LOAD lib/fork.o
LOAD lib/getpid.o
LOAD lib/stdlib/atoi.o
LOAD lib/string/strtok.o
LOAD lib/string/strcmp.o
LOAD lib/string/strncmp.o
LOAD lib/string/strpbrk.o
LOAD lib/stdio/read.o
LOAD lib/stdio/perror.o
LOAD lib/stdio/sscanf.o
LOAD lib/stdio/open.o
LOAD lib/stdio/write.o
LOAD lib/stdio/close.o
LOAD lib/arpa/ntohs.o
LOAD lib/arpa/htonl.o
LOAD lib/arpa/htons.o
LOAD lib/arpa/inet_pton.o
LOAD lib/arpa/ntohl.o
LOAD lib/arpa/inet_ntop.o
                [!provide]                        PROVIDE (__executable_start = SEGMENT_START ("text-segment", 0x8048000))
                0x080480d4                        . = (SEGMENT_START ("text-segment", 0x8048000) + SIZEOF_HEADERS)

.interp
 *(.interp)

.note.gnu.build-id
 *(.note.gnu.build-id)

.hash
 *(.hash)

.gnu.hash
 *(.gnu.hash)

.dynsym
 *(.dynsym)

.dynstr
 *(.dynstr)

.gnu.version
 *(.gnu.version)

.gnu.version_d
 *(.gnu.version_d)

.gnu.version_r
 *(.gnu.version_r)

.rel.dyn        0x080480d4        0x0
 *(.rel.init)
 *(.rel.text .rel.text.* .rel.gnu.linkonce.t.*)
 .rel.text      0x080480d4        0x0 kernel/kernel_sub.o
 *(.rel.fini)
 *(.rel.rodata .rel.rodata.* .rel.gnu.linkonce.r.*)
 *(.rel.data.rel.ro .rel.data.rel.ro.* .rel.gnu.linkonce.d.rel.ro.*)
 *(.rel.data .rel.data.* .rel.gnu.linkonce.d.*)
 *(.rel.tdata .rel.tdata.* .rel.gnu.linkonce.td.*)
 *(.rel.tbss .rel.tbss.* .rel.gnu.linkonce.tb.*)
 *(.rel.ctors)
 *(.rel.dtors)
 *(.rel.got)
 .rel.got       0x080480d4        0x0 kernel/kernel_sub.o
 *(.rel.bss .rel.bss.* .rel.gnu.linkonce.b.*)
 *(.rel.ifunc)

.rel.plt        0x080480d4        0x0
 *(.rel.plt)
                [!provide]                        PROVIDE (__rel_iplt_start = .)
 *(.rel.iplt)
 .rel.iplt      0x080480d4        0x0 kernel/kernel_sub.o
                [!provide]                        PROVIDE (__rel_iplt_end = .)

.relr.dyn
 *(.relr.dyn)
                0x08049000                        . = ALIGN (CONSTANT (MAXPAGESIZE))

.init
 *(SORT_NONE(.init))

.plt            0x08049000        0x0
 *(.plt)
 *(.iplt)
 .iplt          0x08049000        0x0 kernel/kernel_sub.o

.plt.got
 *(.plt.got)

.plt.sec
 *(.plt.sec)

.text           0xc0600000    0x11efe
 *(.text.unlikely .text.*_unlikely .text.unlikely.*)
 *(.text.exit .text.exit.*)
 *(.text.startup .text.startup.*)
 *(.text.hot .text.hot.*)
 *(SORT_BY_NAME(.text.sorted.*))
 *(.text .stub .text.* .gnu.linkonce.t.*)
 .text          0xc0600000       0x74 kernel/kernel_sub.o
                0xc0600000                _start
 *fill*         0xc0600074        0xc 
 .text          0xc0600080      0x3d7 kernel/kernel.o
                0xc0600080                InterruptTest
                0xc060008c                disp_str_len
                0xc06000d9                disp_str
                0xc0600114                disp_str_colour
                0xc0600150                divide_zero_fault
                0xc0600156                single_step_fault
                0xc060015c                non_maskable_interrupt
                0xc0600162                breakpoint_trap
                0xc0600168                overflow_trap
                0xc060016e                bound_range_exceeded_fault
                0xc0600174                invalid_opcode_fault
                0xc060017a                coprocessor_not_available_fault
                0xc0600180                double_fault_exception_abort
                0xc0600184                coprocessor_segment_overrun
                0xc060018a                invalid_task_state_segment_fault
                0xc060018e                segment_not_present_fault
                0xc0600192                stack_exception_fault
                0xc0600196                general_protection_exception_fault
                0xc06001a1                page_fault
                0xc06001a5                coprocessor_error_fault
                0xc06001ab                align_check_fault
                0xc06001af                simd_float_exception_fault
                0xc06001be                hwint0
                0xc06001ee                hwint1
                0xc0600231                hwint14
                0xc0600277                hwint10
                0xc06002ba                sys_call
                0xc0600300                fork_restart
                0xc060030f                restart
                0xc0600332                in_byte
                0xc060033e                out_byte
                0xc0600360                disable_int
                0xc0600362                enable_int
                0xc06003f8                enable_8259A_casecade_irq
                0xc0600402                disable_8259A_casecade_irq
                0xc060040c                enable_8259A_slave_winchester_irq
                0xc0600416                disable_8259A_slave_winchester_irq
                0xc0600420                update_cr3
                0xc060042d                update_tss
                0xc060043c                get_running_thread_pcb
                0xc0600444                sys_call_test
                0xc0600447                enable_8259A_slave_net_irq
 *fill*         0xc0600457        0x9 
 .text          0xc0600460       0x15 switch_to.o
                0xc0600460                switch_to
 *fill*         0xc0600475        0xb 
 .text          0xc0600480       0x69 syscall.o
                0xc0600480                write_debug
                0xc0600490                send_msg
                0xc06004a6                receive_msg
                0xc06004bc                sys_malloc
                0xc06004d1                sys_free
 *fill*         0xc06004e9        0x7 
 .text          0xc06004f0      0x259 network/ne2000.o
                0xc0600513                DriverInitialize
                0xc060059d                SetPageStart
                0xc06005c5                DriverSend
                0xc060063a                PCtoNIC
                0xc06006a8                get_interrupt_status
                0xc06006be                set_interrupt_status
                0xc06006d7                get_curr_page
                0xc06006f4                NICtoPC
 .text          0xc0600749      0x2f9 double_link_list.o
                0xc0600749                initDoubleLinkList
                0xc0600785                isListEmpty
                0xc06007a1                findElementInList
                0xc0600844                appendToDoubleLinkList
                0xc060091a                insertToDoubleLinkList
                0xc06009a9                popFromDoubleLinkList
 .text          0xc0600a42     0x2ded kernel_main_old.o
                0xc0600a42                stop_here
                0xc0600a86                catch_error
                0xc0600aa3                intr_enable
                0xc0600acc                intr_disable
                0xc0600af5                intr_set_status
                0xc0600b13                intr_get_status
                0xc0600b30                Memcpy
                0xc0600b63                untar
                0xc0600e78                num_to_string
                0xc0600f1e                disp_int
                0xc0600f47                do_page_fault
                0xc0601084                exception_handler
                0xc060126b                init_internal_interrupt
                0xc06013e0                spurious_irq
                0xc060146e                init_keyboard
                0xc06014b1                TestTTY
                0xc0601550                TestReadReturnValue
                0xc06015cd                TestWriteReturnValue
                0xc06016a1                TestFS2
                0xc06016af                TestFS
                0xc0601b51                wait_exit
                0xc0601c4f                INIT_fork
                0xc0601f47                simple_shell
                0xc06020ce                test_shell
                0xc0602136                test_exec
                0xc0602276                INIT
                0xc0602283                TestA
                0xc06022b8                delay
                0xc06022fc                TestB
                0xc0602314                TestC
                0xc0602347                sys_get_ticks
                0xc0602357                sys_write
                0xc06023ab                milli_delay
                0xc06023e7                TaskSys
                0xc06023ec                Printf
                0xc06024be                sprintf
                0xc06024ea                vsprintf
                0xc0602696                printx
                0xc06026d9                sys_printx
                0xc06027a5                spin
                0xc06027cb                panic
                0xc06027e9                assertion_failure
                0xc060285b                assertion_failure2
                0xc06028d0                dead_lock
                0xc06028da                sys_send_msg
                0xc0602df9                sys_receive_msg
                0xc0603459                send_rec
                0xc0603554                block
                0xc0603590                unblock
                0xc06035e0                get_ticks_ipc
                0xc0603637                itoa
                0xc060368d                i2a
                0xc06036f3                inform_int
                0xc06037c0                deprecate_strcmp
 .text          0xc060382f      0x3e0 kernel_main.o
                0xc060382f                kernel_main
                0xc06039da                init
                0xc0603a8f                kernel_thread_a
                0xc0603adc                kernel_thread_b
                0xc0603b29                kernel_thread_c
                0xc0603b3f                kernel_thread_d
                0xc0603b55                user_proc_a
                0xc0603bf7                user_proc_b
 .text          0xc0603c0f      0x3b3 protect.o
                0xc0603c0f                InitDescriptor
                0xc0603c7c                Seg2PhyAddr
                0xc0603cbd                Seg2PhyAddrLDT
                0xc0603d01                VirAddr2PhyAddr
                0xc0603d17                v2l
                0xc0603d5a                init_propt
                0xc0603edb                InitInterruptDesc
                0xc0603f37                ReloadGDT
 .text          0xc0603fc2      0xaca console.o
                0xc0603fc2                select_console
                0xc0603ffe                flush
                0xc0604037                set_cursor
                0xc0604095                set_console_start_video_addr
                0xc06040f3                put_key
                0xc060415f                scroll_up
                0xc06041a1                scroll_down
                0xc060420c                out_char
                0xc06043c9                tty_dev_read
                0xc06043f3                tty_dev_write
                0xc0604620                tty_do_read
                0xc06046e8                tty_do_write
                0xc060484b                init_screen
                0xc06048d4                init_tty
                0xc0604989                TaskTTY
 .text          0xc0604a8c        0x0 global.o
 .text          0xc0604a8c      0x40f keyboard.o
                0xc0604a8c                keyboard_handler
                0xc0604b10                read_from_keyboard_buf
                0xc0604b76                keyboard_read
                0xc0604cf5                init_keyboard_handler
                0xc0604d09                in_process
 .text          0xc0604e9b      0x28b process.o
                0xc0604e9b                schedule_process
                0xc060503a                clock_handler
                0xc06050ab                pid2proc
                0xc060510f                proc2pid
 .text          0xc0605126      0x1b2 thread.o
                0xc0605126                kernel_thread
                0xc060513e                thread_init
                0xc06051eb                thread_create
                0xc0605220                thread_start
 .text          0xc06052d8      0x730 my_process.o
                0xc06052d8                create_user_process_address_space
                0xc0605368                user_process
                0xc0605495                clone_pcb
                0xc0605607                build_body_stack
                0xc060573a                build_process_kernel_stack
                0xc06057fd                fork_process
                0xc060588e                process_execute
 .text          0xc0605a08      0x66c network/socket.o
                0xc0605ab8                test
                0xc0605b14                socket_debug
                0xc0605b75                free_socket
                0xc0605c31                _socket
                0xc0605cf0                _bind
                0xc0605d43                _connect
                0xc0605d95                _write
                0xc0605dec                _read
                0xc0605e43                _recvfrom
                0xc0605e84                _sendto
                0xc0605edb                _close
                0xc0605f5a                _listen
                0xc0605fc0                _accept
 .text          0xc0606074      0x2da network/ip_input.o
                0xc06061fe                ip_rcv
 .text          0xc060634e      0x8bc network/udp_sock.o
                0xc060657b                udp_lookup_sock
                0xc06065c2                udp_init
                0xc06065f3                udp_close
                0xc0606619                udp_sock_init
                0xc0606623                udp_recvfrom
                0xc06066bc                udp_connect
                0xc0606795                udp_write
                0xc06067c1                udp_alloc_skb
                0xc060680b                udp_sendto
                0xc06068ff                udp_send
                0xc0606a3d                udp_alloc_sock
                0xc0606a7e                udp_free_sock
                0xc0606aa2                udp_read
 .text          0xc0606c0a      0x429 network/inet.o
                0xc0606c0a                inet_create
                0xc0606cba                inet_socket
                0xc0606cc4                inet_connect
                0xc0606d18                inet_write
                0xc0606d44                inet_read
                0xc0606d70                inet_close
                0xc0606dbf                inet_free
                0xc0606df5                inet_bind
                0xc0606efe                inet_listen
                0xc0606f47                inet_accept
                0xc0606ff2                inet_sendto
                0xc060701d                inet_recvfrom
 .text          0xc0607033       0xd8 network/dst.o
                0xc0607041                dst_neigh_output
 .text          0xc060710b      0x448 network/tcp.o
                0xc0607300                tcp_in
                0xc06073b4                tcp_checksum
                0xc06073e0                __tcp_set_state
                0xc06073ef                tcp_generate_port
                0xc0607438                tcp_generate_isn
                0xc0607442                tcp_done
                0xc060746b                tcp_clear_timers
                0xc060747a                tcp_stop_retransmission_timer
                0xc0607493                tcp_release_retransmission_timer
                0xc06074ac                tcp_stop_delack_timer
                0xc06074bf                tcp_release_delack_timer
                0xc06074d2                tcp_handle_fin_state
                0xc0607537                tcp_enter_time_wait
 .text          0xc0607553      0x203 network/sock.o
                0xc0607685                sk_alloc
                0xc06076ac                sk_init
                0xc0607700                sk_init_with_socket
                0xc0607729                sk_free
 .text          0xc0607756      0xbb9 network/tcp_output.o
                0xc0607c17                tcp_send_synack
                0xc0607cba                tcp_send_delack
                0xc0607cf5                tcp_send_ack
                0xc0607e41                tcp_send_fin
                0xc0607eb6                tcp_select_initial_window
                0xc0608068                tcp_reset_retransmission_timer
                0xc0608085                tcp_begin_connect
                0xc060812f                tcp_send
                0xc0608214                tcp_send_reset
                0xc0608294                tcp_queue_fin
 .text          0xc060830f      0x6dc network/arp.o
                0xc06084dc                arp_init
                0xc06084e2                arp_rcv
                0xc0608694                arp_request
                0xc06087fe                arp_reply
                0xc060894e                arp_get_hwaddr
                0xc060899a                free_arp
 .text          0xc06089eb      0xa16 network/tcp_sock.o
                0xc0608c99                tcp_established_or_syn_recvd_socks_enqueue
                0xc0608cb0                tcp_established_or_syn_recvd_socks_remove
                0xc0608cc2                tcp_connecting_or_listening_socks_enqueue
                0xc0608cd9                tcp_connecting_or_listening_socks_remove
                0xc0608ceb                tcp_alloc_sock
                0xc0608e01                tcp_free_sock
                0xc0608e7a                tcp_init
                0xc0608e84                tcp_sock_init
                0xc0608f27                tcp_write
                0xc0608f68                tcp_read
                0xc060901b                tcp_close
                0xc06090d9                tcp_recv_notify
                0xc0609104                tcp_v4_connect
                0xc0609354                tcp_lookup_sock
 .text          0xc0609401      0xcf0 network/ipc.o
                0xc0609f8d                ipc_close
                0xc0609fde                demux_ipc_socket_call
 .text          0xc060a0f1      0x234 network/icmpv4.o
                0xc060a0ff                icmpv4_incoming
                0xc060a173                icmpv4_reply
                0xc060a24c                icmpv4_timestamp
 .text          0xc060a325      0x1d3 network/ip_output.o
                0xc060a333                ip_output
 .text          0xc060a4f8      0x12e network/skbuff.o
                0xc060a511                alloc_skb
                0xc060a5a2                free_skb
                0xc060a5a8                skb_reserve
                0xc060a5c4                skb_push
                0xc060a5f3                skb_head
                0xc060a5fe                skb_reset_header
 .text          0xc060a626      0x3f1 network/netdev.o
                0xc060a738                netdev_init
                0xc060a77f                netdev_transmit
                0xc060a8d0                netdev_rx_loop
                0xc060a94a                netdev_get
                0xc060a967                free_netdev
                0xc060a992                local_ipaddress
                0xc060a9cf                net_handler
 .text          0xc060aa17      0xb6f network/tcp_input.o
                0xc060b0fe                tcp_process
                0xc060b4c4                tcp_receive
 .text          0xc060b586       0xeb network/task_network.o
                0xc060b586                task_network
                0xc060b606                task_netdev_rx
 .text          0xc060b671      0x295 network/route.o
                0xc060b79e                route_add
                0xc060b7e3                route_init
                0xc060b86a                route_lookup
                0xc060b8b5                free_routes
 .text          0xc060b906      0x3e0 network/udp.o
                0xc060ba11                udp_generate_port
                0xc060ba5a                udp_checksum
                0xc060bb28                udp_in
                0xc060bbb9                udp_data_dequeue
                0xc060bcc1                udp_data_enqueue
 .text          0xc060bce6      0x54a network/tcp_data.o
                0xc060bfd1                tcp_data_dequeue
                0xc060c0fe                tcp_data_queue
 .text          0xc060c230      0x1e7 network/utils.o
                0xc060c230                run_cmd
                0xc060c23d                print_err
                0xc060c254                parse_ipv4_string
                0xc060c2b3                ip_pton
                0xc060c2fb                sum_every_16bits
                0xc060c352                checksum
                0xc060c393                tcp_udp_checksum
 .text          0xc060c417      0xe5b hd/hd.o
                0xc060c417                TaskHD
                0xc060c45c                init_hd
                0xc060c476                hd_handle
                0xc060c57b                hd_cmd_out
                0xc060c67d                hd_identify
                0xc060c734                print_hdinfo
                0xc060c8c2                print_dpt_entry
                0xc060c92e                get_partition_table
                0xc060ca0d                partition
                0xc060cc27                hd_open
                0xc060ccce                get_hd_ioctl
                0xc060cd7f                wait_for
                0xc060cdb0                interrupt_wait
                0xc060ce00                hd_rdwt
                0xc060d09f                hd_handler
                0xc060d0cb                debug_ticks
                0xc060d109                waitfor
                0xc060d14d                print_hd_info
                0xc060d23a                is_empty
 .text          0xc060d272     0x2069 fs/fs_main.o
                0xc060d272                task_fs
                0xc060d47d                rd_wt
                0xc060d556                mkfs
                0xc060db38                init_fs
                0xc060db8c                do_open
                0xc060dd95                search_file
                0xc060dec7                strip_path
                0xc060df93                get_inode
                0xc060e155                create_file
                0xc060e260                alloc_imap_bit
                0xc060e35d                alloc_smap_bit
                0xc060e4fe                new_inode
                0xc060e61c                new_dir_entry
                0xc060e828                do_unlink
                0xc060ed04                do_rdwt
                0xc060f08f                sync_inode
                0xc060f1e3                put_inode
                0xc060f221                do_close
                0xc060f273                get_super_block
 .text          0xc060f2db      0x24f mm/forkexit.o
                0xc060f2db                do_fork
                0xc060f349                do_exit
                0xc060f3d3                do_wait
                0xc060f4d0                cleanup
 .text          0xc060f52a      0x419 mm/exec.o
                0xc060f52a                do_exec
 .text          0xc060f943      0x148 mm/main.o
                0xc060f943                TaskMM
                0xc060fa6c                alloc_mem
 .text          0xc060fa8b     0x1216 mem/mem.o
                0xc060fa8b                init_bitmap
                0xc060faae                test_bit_val
                0xc060fb17                set_bit_val
                0xc060fb92                set_bits
                0xc060fbcc                get_first_free_bit
                0xc060fc10                get_bits
                0xc060fcd8                get_a_page
                0xc060fd8c                get_virtual_address_start_with_addr
                0xc060fe26                get_virtual_address
                0xc060feb6                ptr_pde
                0xc060fec9                ptr_pte
                0xc060fef0                add_map_entry
                0xc060ff81                alloc_virtual_memory
                0xc0610054                get_physical_address_proc
                0xc06100d0                get_physical_address
                0xc0610102                alloc_physical_memory_of_proc
                0xc06101f1                alloc_physical_memory
                0xc06102b9                alloc_memory
                0xc061031b                get_a_virtual_page
                0xc0610353                block2arena
                0xc0610369                sys_malloc2
                0xc0610639                remove_map_entry
                0xc061065a                free_a_page
                0xc0610701                sys_free2
                0xc061086b                init_memory_block_desc
                0xc061091b                init_memory2
                0xc0610b61                init_memory
 .text          0xc0610ca1       0x49 lib/floor.o
                0xc0610ca1                floor
 .text          0xc0610cea      0x285 lib/exec.o
                0xc0610cea                exec
                0xc0610d5b                execv
                0xc0610f4a                execl
 .text          0xc0610f6f       0x2f lib/exit.o
                0xc0610f6f                exit
 .text          0xc0610f9e       0x42 lib/unlink.o
                0xc0610f9e                unlink
 .text          0xc0610fe0       0x44 lib/wait.o
                0xc0610fe0                wait
 .text          0xc0611024       0x46 lib/calloc.o
                0xc0611024                calloc
 .text          0xc061106a       0x4f lib/alloca.o
                0xc061106a                alloca
 .text          0xc06110b9       0x48 lib/fork.o
                0xc06110b9                fork
 .text          0xc0611101       0x2b lib/getpid.o
                0xc0611101                getpid
 .text          0xc061112c       0x9c lib/stdlib/atoi.o
                0xc061112c                atoi
 .text          0xc06111c8       0x85 lib/string/strtok.o
                0xc06111c8                strtok
 .text          0xc061124d       0xa8 lib/string/strcmp.o
                0xc061124d                strcmp
 .text          0xc06112f5       0xd4 lib/string/strncmp.o
                0xc06112f5                strncmp
 .text          0xc06113c9       0x90 lib/string/strpbrk.o
                0xc06113c9                strpbrk
 .text          0xc0611459      0x181 lib/stdio/read.o
                0xc0611459                read
 .text          0xc06115da       0x17 lib/stdio/perror.o
                0xc06115da                perror
 .text          0xc06115f1      0x2c1 lib/stdio/sscanf.o
                0xc06115f1                sscanf
 .text          0xc06118b2       0x95 lib/stdio/open.o
                0xc06118b2                open
 .text          0xc0611947       0x85 lib/stdio/write.o
                0xc0611947                write
 .text          0xc06119cc       0x52 lib/stdio/close.o
                0xc06119cc                close
 .text          0xc0611a1e       0x38 lib/arpa/ntohs.o
                0xc0611a1e                ntohs
 .text          0xc0611a56       0x7c lib/arpa/htonl.o
                0xc0611a56                htonl
 .text          0xc0611ad2       0x38 lib/arpa/htons.o
                0xc0611ad2                htons
 .text          0xc0611b0a      0x295 lib/arpa/inet_pton.o
                0xc0611b0a                isValidIPv4
                0xc0611c94                inet_pton
 .text          0xc0611d9f       0x7c lib/arpa/ntohl.o
                0xc0611d9f                ntohl
 .text          0xc0611e1b       0xe3 lib/arpa/inet_ntop.o
                0xc0611e1b                inet_ntop
 *(.gnu.warning)

.fini
 *(SORT_NONE(.fini))
                [!provide]                        PROVIDE (__etext = .)
                [!provide]                        PROVIDE (_etext = .)
                [!provide]                        PROVIDE (etext = .)
                0xc0612000                        . = ALIGN (CONSTANT (MAXPAGESIZE))
                0xc0612000                        . = SEGMENT_START ("rodata-segment", (ALIGN (CONSTANT (MAXPAGESIZE)) + (. & (CONSTANT (MAXPAGESIZE) - 0x1))))

.rodata         0xc0612000     0x1c5d
 *(.rodata .rodata.* .gnu.linkonce.r.*)
 .rodata        0xc0612000       0x36 double_link_list.o
 *fill*         0xc0612036        0xa 
 .rodata        0xc0612040      0xb85 kernel_main_old.o
 *fill*         0xc0612bc5        0x3 
 .rodata        0xc0612bc8      0x188 kernel_main.o
 .rodata        0xc0612d50       0x22 console.o
 .rodata        0xc0612d72       0x39 process.o
 *fill*         0xc0612dab        0x1 
 .rodata        0xc0612dac      0x23d network/socket.o
 *fill*         0xc0612fe9        0x3 
 .rodata        0xc0612fec       0xb5 network/ip_input.o
 *fill*         0xc06130a1        0x3 
 .rodata        0xc06130a4       0x2d network/udp_sock.o
 *fill*         0xc06130d1        0x3 
 .rodata        0xc06130d4       0x48 network/inet.o
 .rodata        0xc061311c        0x9 network/dst.o
 *fill*         0xc0613125        0x3 
 .rodata        0xc0613128       0x31 network/tcp.o
 .rodata        0xc0613159        0x9 network/sock.o
 *fill*         0xc0613162        0x2 
 .rodata        0xc0613164       0xc3 network/tcp_output.o
 *fill*         0xc0613227        0x1 
 .rodata        0xc0613228       0x9c network/arp.o
 .rodata        0xc06132c4       0xe8 network/tcp_sock.o
 .rodata        0xc06133ac      0x160 network/ipc.o
 .rodata        0xc061350c       0x32 network/icmpv4.o
 .rodata        0xc061353e        0x9 network/ip_output.o
 .rodata        0xc0613547        0x9 network/skbuff.o
 .rodata        0xc0613550       0xfd network/netdev.o
 *fill*         0xc061364d        0x3 
 .rodata        0xc0613650       0x60 network/tcp_input.o
 .rodata        0xc06136b0       0x91 network/task_network.o
 *fill*         0xc0613741        0x3 
 .rodata        0xc0613744       0x37 network/route.o
 .rodata        0xc061377b        0x9 network/udp.o
 .rodata        0xc0613784       0x1e network/tcp_data.o
 *fill*         0xc06137a2        0x2 
 .rodata        0xc06137a4       0x41 network/utils.o
 *fill*         0xc06137e5        0x3 
 .rodata        0xc06137e8      0x19c hd/hd.o
 .rodata        0xc0613984      0x1fb fs/fs_main.o
                0xc0613984                FSBUF_SIZE
 .rodata        0xc0613b7f       0x21 mm/forkexit.o
 .rodata        0xc0613ba0       0x10 mm/exec.o
 .rodata        0xc0613bb0       0x11 mm/main.o
 .rodata        0xc0613bc1       0x3f mem/mem.o
 .rodata        0xc0613c00       0x2d lib/exec.o
 .rodata        0xc0613c2d       0x2a lib/stdio/close.o
 .rodata        0xc0613c57        0x3 lib/arpa/inet_pton.o
 .rodata        0xc0613c5a        0x3 lib/arpa/inet_ntop.o

.txt            0xc0613c5d       0xaa
 .txt           0xc0613c5d       0x82 string.o
                0xc0613c5d                Memcpy2
                0xc0613c8b                Memset
                0xc0613caa                Strcpy
                0xc0613cc4                Strlen
 .txt           0xc0613cdf       0x28 hd/hd_rdwt.o
                0xc0613cdf                read_port
                0xc0613cf3                write_port

.rodata1
 *(.rodata1)

.eh_frame_hdr
 *(.eh_frame_hdr)
 *(.eh_frame_entry .eh_frame_entry.*)

.eh_frame       0xc0613d08     0x40dc
 *(.eh_frame)
 .eh_frame      0xc0613d08       0xd8 double_link_list.o
 .eh_frame      0xc0613de0      0x6cc kernel_main_old.o
                                0x6e4 (size before relaxing)
 .eh_frame      0xc06144ac       0xe4 kernel_main.o
                                 0xfc (size before relaxing)
 .eh_frame      0xc0614590      0x100 protect.o
                                0x118 (size before relaxing)
 .eh_frame      0xc0614690      0x1e0 console.o
                                0x1f8 (size before relaxing)
 .eh_frame      0xc0614870       0xa0 keyboard.o
                                 0xb8 (size before relaxing)
 .eh_frame      0xc0614910       0x80 process.o
                                 0x98 (size before relaxing)
 .eh_frame      0xc0614990       0x80 thread.o
                                 0x98 (size before relaxing)
 .eh_frame      0xc0614a10       0xe0 my_process.o
                                 0xf8 (size before relaxing)
 .eh_frame      0xc0614af0      0x2a0 network/socket.o
                                0x2b8 (size before relaxing)
 .eh_frame      0xc0614d90      0x104 network/ip_input.o
                                0x11c (size before relaxing)
 .eh_frame      0xc0614e94      0x404 network/udp_sock.o
                                0x41c (size before relaxing)
 .eh_frame      0xc0615298      0x180 network/inet.o
                                0x198 (size before relaxing)
 .eh_frame      0xc0615418       0x40 network/dst.o
                                 0x58 (size before relaxing)
 .eh_frame      0xc0615458      0x268 network/tcp.o
                                0x280 (size before relaxing)
 .eh_frame      0xc06156c0      0x1a0 network/sock.o
                                0x1b8 (size before relaxing)
 .eh_frame      0xc0615860      0x3c4 network/tcp_output.o
                                0x3dc (size before relaxing)
 .eh_frame      0xc0615c24      0x1c0 network/arp.o
                                0x1d8 (size before relaxing)
 .eh_frame      0xc0615de4      0x4c0 network/tcp_sock.o
                                0x4d8 (size before relaxing)
 .eh_frame      0xc06162a4      0x250 network/ipc.o
                                0x268 (size before relaxing)
 .eh_frame      0xc06164f4       0x80 network/icmpv4.o
                                 0x98 (size before relaxing)
 .eh_frame      0xc0616574       0x40 network/ip_output.o
                                 0x58 (size before relaxing)
 .eh_frame      0xc06165b4       0xe0 network/skbuff.o
                                 0xf8 (size before relaxing)
 .eh_frame      0xc0616694      0x16c network/netdev.o
                                0x184 (size before relaxing)
 .eh_frame      0xc0616800      0x300 network/tcp_input.o
                                0x318 (size before relaxing)
 .eh_frame      0xc0616b00       0x38 network/task_network.o
                                 0x50 (size before relaxing)
 .eh_frame      0xc0616b38      0x124 network/route.o
                                0x13c (size before relaxing)
 .eh_frame      0xc0616c5c      0x1e4 network/udp.o
                                0x1fc (size before relaxing)
 .eh_frame      0xc0616e40      0x200 network/tcp_data.o
                                0x218 (size before relaxing)
 .eh_frame      0xc0617040       0xe4 network/utils.o
                                 0xfc (size before relaxing)
 .eh_frame      0xc0617124      0x264 hd/hd.o
                                0x27c (size before relaxing)
 .eh_frame      0xc0617388      0x27c fs/fs_main.o
                                0x294 (size before relaxing)
 .eh_frame      0xc0617604       0x80 mm/forkexit.o
                                 0x98 (size before relaxing)
 .eh_frame      0xc0617684       0x20 mm/exec.o
                                 0x38 (size before relaxing)
 .eh_frame      0xc06176a4       0x3c mm/main.o
                                 0x54 (size before relaxing)
 .eh_frame      0xc06176e0      0x364 mem/mem.o
                                0x37c (size before relaxing)
 .eh_frame      0xc0617a44       0x20 lib/floor.o
                                 0x38 (size before relaxing)
 .eh_frame      0xc0617a64       0x60 lib/exec.o
                                 0x78 (size before relaxing)
 .eh_frame      0xc0617ac4       0x20 lib/exit.o
                                 0x38 (size before relaxing)
 .eh_frame      0xc0617ae4       0x20 lib/unlink.o
                                 0x38 (size before relaxing)
 .eh_frame      0xc0617b04       0x20 lib/wait.o
                                 0x38 (size before relaxing)
 .eh_frame      0xc0617b24       0x20 lib/calloc.o
                                 0x38 (size before relaxing)
 .eh_frame      0xc0617b44       0x20 lib/alloca.o
                                 0x38 (size before relaxing)
 .eh_frame      0xc0617b64       0x20 lib/fork.o
                                 0x38 (size before relaxing)
 .eh_frame      0xc0617b84       0x20 lib/getpid.o
                                 0x38 (size before relaxing)
 .eh_frame      0xc0617ba4       0x20 lib/stdlib/atoi.o
                                 0x38 (size before relaxing)
 .eh_frame      0xc0617bc4       0x20 lib/string/strtok.o
                                 0x38 (size before relaxing)
 .eh_frame      0xc0617be4       0x20 lib/string/strcmp.o
                                 0x38 (size before relaxing)
 .eh_frame      0xc0617c04       0x20 lib/string/strncmp.o
                                 0x38 (size before relaxing)
 .eh_frame      0xc0617c24       0x20 lib/string/strpbrk.o
                                 0x38 (size before relaxing)
 .eh_frame      0xc0617c44       0x20 lib/stdio/read.o
                                 0x38 (size before relaxing)
 .eh_frame      0xc0617c64       0x20 lib/stdio/perror.o
                                 0x38 (size before relaxing)
 .eh_frame      0xc0617c84       0x20 lib/stdio/sscanf.o
                                 0x38 (size before relaxing)
 .eh_frame      0xc0617ca4       0x20 lib/stdio/open.o
                                 0x38 (size before relaxing)
 .eh_frame      0xc0617cc4       0x20 lib/stdio/write.o
                                 0x38 (size before relaxing)
 .eh_frame      0xc0617ce4       0x20 lib/stdio/close.o
                                 0x38 (size before relaxing)
 .eh_frame      0xc0617d04       0x20 lib/arpa/ntohs.o
                                 0x38 (size before relaxing)
 .eh_frame      0xc0617d24       0x20 lib/arpa/htonl.o
                                 0x38 (size before relaxing)
 .eh_frame      0xc0617d44       0x20 lib/arpa/htons.o
                                 0x38 (size before relaxing)
 .eh_frame      0xc0617d64       0x40 lib/arpa/inet_pton.o
                                 0x58 (size before relaxing)
 .eh_frame      0xc0617da4       0x20 lib/arpa/ntohl.o
                                 0x38 (size before relaxing)
 .eh_frame      0xc0617dc4       0x20 lib/arpa/inet_ntop.o
                                 0x38 (size before relaxing)
 *(.eh_frame.*)

.sframe
 *(.sframe)
 *(.sframe.*)

.gcc_except_table
 *(.gcc_except_table .gcc_except_table.*)

.gnu_extab
 *(.gnu_extab*)

.exception_ranges
 *(.exception_ranges*)
                0xc0618000                        . = DATA_SEGMENT_ALIGN (CONSTANT (MAXPAGESIZE), CONSTANT (COMMONPAGESIZE))

.eh_frame
 *(.eh_frame)
 *(.eh_frame.*)

.sframe
 *(.sframe)
 *(.sframe.*)

.gnu_extab
 *(.gnu_extab)

.gcc_except_table
 *(.gcc_except_table .gcc_except_table.*)

.exception_ranges
 *(.exception_ranges*)

.tdata          0xc0618000        0x0
                [!provide]                        PROVIDE (__tdata_start = .)
 *(.tdata .tdata.* .gnu.linkonce.td.*)

.tbss
 *(.tbss .tbss.* .gnu.linkonce.tb.*)
 *(.tcommon)

.preinit_array  0xc0618000        0x0
                [!provide]                        PROVIDE (__preinit_array_start = .)
 *(.preinit_array)
                [!provide]                        PROVIDE (__preinit_array_end = .)

.init_array     0xc0618000        0x0
                [!provide]                        PROVIDE (__init_array_start = .)
 *(SORT_BY_INIT_PRIORITY(.init_array.*) SORT_BY_INIT_PRIORITY(.ctors.*))
 *(.init_array EXCLUDE_FILE(*crtend?.o *crtend.o *crtbegin?.o *crtbegin.o) .ctors)
                [!provide]                        PROVIDE (__init_array_end = .)

.fini_array     0xc0618000        0x0
                [!provide]                        PROVIDE (__fini_array_start = .)
 *(SORT_BY_INIT_PRIORITY(.fini_array.*) SORT_BY_INIT_PRIORITY(.dtors.*))
 *(.fini_array EXCLUDE_FILE(*crtend?.o *crtend.o *crtbegin?.o *crtbegin.o) .dtors)
                [!provide]                        PROVIDE (__fini_array_end = .)

.ctors
 *crtbegin.o(.ctors)
 *crtbegin?.o(.ctors)
 *(EXCLUDE_FILE(*crtend?.o *crtend.o) .ctors)
 *(SORT_BY_NAME(.ctors.*))
 *(.ctors)

.dtors
 *crtbegin.o(.dtors)
 *crtbegin?.o(.dtors)
 *(EXCLUDE_FILE(*crtend?.o *crtend.o) .dtors)
 *(SORT_BY_NAME(.dtors.*))
 *(.dtors)

.jcr
 *(.jcr)

.data.rel.ro
 *(.data.rel.ro.local* .gnu.linkonce.d.rel.ro.local.*)
 *(.data.rel.ro .data.rel.ro.* .gnu.linkonce.d.rel.ro.*)

.dynamic
 *(.dynamic)

.got            0xc0618000        0x0
 *(.got)
 .got           0xc0618000        0x0 kernel/kernel_sub.o
 *(.igot)
                0xc0618000                        . = DATA_SEGMENT_RELRO_END (., (SIZEOF (.got.plt) >= 0xc)?0xc:0x0)

.got.plt        0xc0618000        0x0
 *(.got.plt)
 .got.plt       0xc0618000        0x0 kernel/kernel_sub.o
 *(.igot.plt)
 .igot.plt      0xc0618000        0x0 kernel/kernel_sub.o

.data           0xc0618000      0xb70
 *(.data .data.* .gnu.linkonce.d.*)
 .data          0xc0618000        0xf kernel/kernel_sub.o
 *fill*         0xc061800f        0x1 
 .data          0xc0618010        0xf kernel/kernel.o
 *fill*         0xc061801f        0x1 
 .data          0xc0618020        0x0 syscall.o
 .data          0xc0618020        0x0 double_link_list.o
 .data          0xc0618020        0x0 kernel_main_old.o
 .data          0xc0618020        0x0 kernel_main.o
 .data          0xc0618020        0x0 protect.o
 .data          0xc0618020        0x0 console.o
 .data          0xc0618020      0x160 global.o
                0xc0618020                user_task_table
                0xc06180a0                sys_task_table
                0xc0618164                sys_call_table
 .data          0xc0618180      0x600 keyboard.o
                0xc0618180                keymap
 .data          0xc0618780        0x0 process.o
 .data          0xc0618780        0x0 thread.o
 .data          0xc0618780        0x0 my_process.o
 .data          0xc0618780      0x224 network/socket.o
 .data          0xc06189a4        0x4 network/ip_input.o
 *fill*         0xc06189a8       0x18 
 .data          0xc06189c0       0x54 network/udp_sock.o
                0xc06189e0                udp_ops
 *fill*         0xc0618a14        0xc 
 .data          0xc0618a20       0x80 network/inet.o
                0xc0618a28                inet
 .data          0xc0618aa0        0x4 network/dst.o
 .data          0xc0618aa4        0x8 network/tcp.o
 .data          0xc0618aac        0x4 network/sock.o
 .data          0xc0618ab0        0x4 network/tcp_output.o
 .data          0xc0618ab4       0x14 network/arp.o
 *fill*         0xc0618ac8       0x18 
 .data          0xc0618ae0       0x54 network/tcp_sock.o
                0xc0618b00                tcp_ops
 .data          0xc0618b34        0xc network/ipc.o
 .data          0xc0618b40        0x4 network/icmpv4.o
 .data          0xc0618b44        0x4 network/ip_output.o
 .data          0xc0618b48        0x4 network/skbuff.o
 .data          0xc0618b4c        0x4 network/netdev.o
 .data          0xc0618b50        0x4 network/tcp_input.o
 .data          0xc0618b54        0x0 network/task_network.o
 .data          0xc0618b54        0xc network/route.o
 .data          0xc0618b60        0x8 network/udp.o
 .data          0xc0618b68        0x4 network/tcp_data.o
 .data          0xc0618b6c        0x4 network/utils.o
 .data          0xc0618b70        0x0 hd/hd.o
 .data          0xc0618b70        0x0 fs/fs_main.o
 .data          0xc0618b70        0x0 mm/forkexit.o
 .data          0xc0618b70        0x0 mm/exec.o
 .data          0xc0618b70        0x0 mm/main.o
 .data          0xc0618b70        0x0 mem/mem.o
 .data          0xc0618b70        0x0 lib/floor.o
 .data          0xc0618b70        0x0 lib/exec.o
 .data          0xc0618b70        0x0 lib/exit.o
 .data          0xc0618b70        0x0 lib/unlink.o
 .data          0xc0618b70        0x0 lib/wait.o
 .data          0xc0618b70        0x0 lib/calloc.o
 .data          0xc0618b70        0x0 lib/alloca.o
 .data          0xc0618b70        0x0 lib/fork.o
 .data          0xc0618b70        0x0 lib/getpid.o
 .data          0xc0618b70        0x0 lib/stdlib/atoi.o
 .data          0xc0618b70        0x0 lib/string/strtok.o
 .data          0xc0618b70        0x0 lib/string/strcmp.o
 .data          0xc0618b70        0x0 lib/string/strncmp.o
 .data          0xc0618b70        0x0 lib/string/strpbrk.o
 .data          0xc0618b70        0x0 lib/stdio/read.o
 .data          0xc0618b70        0x0 lib/stdio/perror.o
 .data          0xc0618b70        0x0 lib/stdio/sscanf.o
 .data          0xc0618b70        0x0 lib/stdio/open.o
 .data          0xc0618b70        0x0 lib/stdio/write.o
 .data          0xc0618b70        0x0 lib/stdio/close.o
 .data          0xc0618b70        0x0 lib/arpa/ntohs.o
 .data          0xc0618b70        0x0 lib/arpa/htonl.o
 .data          0xc0618b70        0x0 lib/arpa/htons.o
 .data          0xc0618b70        0x0 lib/arpa/inet_pton.o
 .data          0xc0618b70        0x0 lib/arpa/ntohl.o
 .data          0xc0618b70        0x0 lib/arpa/inet_ntop.o

.data1
 *(.data1)
                0xc0618b70                        _edata = .
                [!provide]                        PROVIDE (edata = .)
                0xc0618b70                        . = .
                0xc0618b70                        __bss_start = .

.bss            0xc0618b80    0x955e0
 *(.dynbss)
 *(.bss .bss.* .gnu.linkonce.b.*)
 .bss           0xc0618b80      0x800 kernel/kernel_sub.o
 .bss           0xc0619380      0x800 kernel/kernel.o
 .bss           0xc0619b80        0x0 double_link_list.o
 .bss           0xc0619b80        0x0 kernel_main_old.o
 .bss           0xc0619b80        0x0 kernel_main.o
 .bss           0xc0619b80        0x0 protect.o
 .bss           0xc0619b80        0x0 console.o
 .bss           0xc0619b80        0x0 global.o
 .bss           0xc0619b80        0x0 keyboard.o
 .bss           0xc0619b80        0x0 process.o
 .bss           0xc0619b80        0x0 thread.o
 .bss           0xc0619b80        0x0 my_process.o
 .bss           0xc0619b80        0x4 network/socket.o
 .bss           0xc0619b84        0x0 network/ip_input.o
 .bss           0xc0619b84        0x4 network/udp_sock.o
 .bss           0xc0619b88        0x0 network/inet.o
 .bss           0xc0619b88        0x0 network/dst.o
 .bss           0xc0619b88        0x0 network/tcp.o
 .bss           0xc0619b88        0x0 network/sock.o
 .bss           0xc0619b88        0x0 network/tcp_output.o
 .bss           0xc0619b88        0x0 network/arp.o
 .bss           0xc0619b88        0x0 network/tcp_sock.o
 .bss           0xc0619b88        0x4 network/ipc.o
 .bss           0xc0619b8c        0x0 network/icmpv4.o
 .bss           0xc0619b8c        0x0 network/ip_output.o
 .bss           0xc0619b8c        0x0 network/skbuff.o
 .bss           0xc0619b8c        0x0 network/netdev.o
 .bss           0xc0619b8c        0x0 network/tcp_input.o
 .bss           0xc0619b8c        0x0 network/task_network.o
 .bss           0xc0619b8c        0x0 network/route.o
 .bss           0xc0619b8c        0x0 network/udp.o
 .bss           0xc0619b8c        0x0 network/tcp_data.o
 .bss           0xc0619b8c        0x0 network/utils.o
 .bss           0xc0619b8c        0x0 hd/hd.o
 .bss           0xc0619b8c        0x4 fs/fs_main.o
                0xc0619b8c                c
 .bss           0xc0619b90        0x0 mm/forkexit.o
 .bss           0xc0619b90        0x0 mm/exec.o
 .bss           0xc0619b90        0x0 mm/main.o
 .bss           0xc0619b90        0x0 mem/mem.o
 .bss           0xc0619b90        0x0 lib/floor.o
 .bss           0xc0619b90        0x0 lib/exec.o
 .bss           0xc0619b90        0x0 lib/exit.o
 .bss           0xc0619b90        0x0 lib/unlink.o
 .bss           0xc0619b90        0x0 lib/wait.o
 .bss           0xc0619b90        0x0 lib/calloc.o
 .bss           0xc0619b90        0x0 lib/alloca.o
 .bss           0xc0619b90        0x0 lib/fork.o
 .bss           0xc0619b90        0x0 lib/getpid.o
 .bss           0xc0619b90        0x0 lib/stdlib/atoi.o
 .bss           0xc0619b90        0x4 lib/string/strtok.o
 .bss           0xc0619b94        0x0 lib/string/strcmp.o
 .bss           0xc0619b94        0x0 lib/string/strncmp.o
 .bss           0xc0619b94        0x0 lib/string/strpbrk.o
 .bss           0xc0619b94        0x0 lib/stdio/read.o
 .bss           0xc0619b94        0x0 lib/stdio/perror.o
 .bss           0xc0619b94        0x0 lib/stdio/sscanf.o
 .bss           0xc0619b94        0x0 lib/stdio/open.o
 .bss           0xc0619b94        0x0 lib/stdio/write.o
 .bss           0xc0619b94        0x0 lib/stdio/close.o
 .bss           0xc0619b94        0x0 lib/arpa/ntohs.o
 .bss           0xc0619b94        0x0 lib/arpa/htonl.o
 .bss           0xc0619b94        0x0 lib/arpa/htons.o
 .bss           0xc0619b94        0x0 lib/arpa/inet_pton.o
 .bss           0xc0619b94        0x0 lib/arpa/ntohl.o
 .bss           0xc0619b94        0x0 lib/arpa/inet_ntop.o
 *(COMMON)
 *fill*         0xc0619b94        0xc 
 COMMON         0xc0619ba0     0x17a8 double_link_list.o
                0xc0619ba0                current_tty
                0xc0619ba4                is_e0
                0xc0619ba8                idt_ptr
                0xc0619bb0                pid
                0xc0619bb4                KernelVirtualMemory
                0xc0619bc0                current_dis_pos
                0xc0619bc4                dis_pos
                0xc0619bc8                k_reenter
                0xc0619be0                gdt
                0xc0619fe0                proc_ready_table
                0xc0619fe4                test_ticks
                0xc0619fe8                pcaller
                0xc061a000                keyboard_buffer
                0xc061a20c                gdt_index
                0xc061a220                tty_table
                0xc061aa60                tss
                0xc061aacc                KernelPool
                0xc061aadc                net_buf
                0xc061aae0                nic_current_page
                0xc061aae4                counter
                0xc061aae8                key_pressed
                0xc061aaec                fork_pid
                0xc061aaf0                is_shift
                0xc061aaf1                net_data
                0xc061aaf4                gdt_ptr
                0xc061ab00                idt
                0xc061b300                main_thread
                0xc061b308                ticks
                0xc061b310                is_init
                0xc061b314                UserPool
                0xc061b324                console_table
                0xc061b334                is_disp
                0xc061b338                MAIN_THREAD_PAGE_DIRECTORY
                0xc061b33c                helloStr
 *fill*         0xc061b348       0x18 
 COMMON         0xc061b360    0x91a78 global.o
                0xc061b360                proc_stack
                0xc06ab360                proc_table
 COMMON         0xc06acdd8        0x8 network/netdev.o
                0xc06acdd8                loop
                0xc06acddc                netdev
 COMMON         0xc06acde0      0x440 hd/hd.o
                0xc06acde0                hd_info
                0xc06ad020                hd_cache
 COMMON         0xc06ad220      0xe68 fs/fs_main.o
                0xc06ad220                file_desc_table
                0xc06ad620                phy_super_block_buf
                0xc06ad624                phy_fsbuf
                0xc06ad640                inode_table
                0xc06ae040                super_block_buf
                0xc06ae044                fsbuf
                0xc06ae060                root
 *fill*         0xc06ae088       0x18 
 COMMON         0xc06ae0a0       0xa0 mem/mem.o
                0xc06ae0a0                kernel_mem_block_decs_array
 COMMON         0xc06ae140       0x20 lib/stdio/read.o
                0xc06ae140                pcb_list
                0xc06ae150                all_pcb_list
                0xc06ae160                        . = ALIGN ((. != 0x0)?0x4:0x1)
                0xc06ae160                        . = ALIGN (0x4)
                0xc06ae160                        . = SEGMENT_START ("ldata-segment", .)
                0xc06ae160                        . = ALIGN (0x4)
                0xc06ae160                        _end = .
                [!provide]                        PROVIDE (end = .)
                0xc06ae160                        . = DATA_SEGMENT_END (.)

.stab
 *(.stab)

.stabstr
 *(.stabstr)

.stab.excl
 *(.stab.excl)

.stab.exclstr
 *(.stab.exclstr)

.stab.index
 *(.stab.index)

.stab.indexstr
 *(.stab.indexstr)

.comment        0x00000000       0x2c
 *(.comment)
 .comment       0x00000000       0x2c double_link_list.o
                                 0x2d (size before relaxing)
 .comment       0x0000002c       0x2d kernel_main_old.o
 .comment       0x0000002c       0x2d kernel_main.o
 .comment       0x0000002c       0x2d protect.o
 .comment       0x0000002c       0x2d console.o
 .comment       0x0000002c       0x2d global.o
 .comment       0x0000002c       0x2d keyboard.o
 .comment       0x0000002c       0x2d process.o
 .comment       0x0000002c       0x2d thread.o
 .comment       0x0000002c       0x2d my_process.o
 .comment       0x0000002c       0x2d network/socket.o
 .comment       0x0000002c       0x2d network/ip_input.o
 .comment       0x0000002c       0x2d network/udp_sock.o
 .comment       0x0000002c       0x2d network/inet.o
 .comment       0x0000002c       0x2d network/dst.o
 .comment       0x0000002c       0x2d network/tcp.o
 .comment       0x0000002c       0x2d network/sock.o
 .comment       0x0000002c       0x2d network/tcp_output.o
 .comment       0x0000002c       0x2d network/arp.o
 .comment       0x0000002c       0x2d network/tcp_sock.o
 .comment       0x0000002c       0x2d network/ipc.o
 .comment       0x0000002c       0x2d network/icmpv4.o
 .comment       0x0000002c       0x2d network/ip_output.o
 .comment       0x0000002c       0x2d network/skbuff.o
 .comment       0x0000002c       0x2d network/netdev.o
 .comment       0x0000002c       0x2d network/tcp_input.o
 .comment       0x0000002c       0x2d network/task_network.o
 .comment       0x0000002c       0x2d network/route.o
 .comment       0x0000002c       0x2d network/udp.o
 .comment       0x0000002c       0x2d network/tcp_data.o
 .comment       0x0000002c       0x2d network/utils.o
 .comment       0x0000002c       0x2d hd/hd.o
 .comment       0x0000002c       0x2d fs/fs_main.o
 .comment       0x0000002c       0x2d mm/forkexit.o
 .comment       0x0000002c       0x2d mm/exec.o
 .comment       0x0000002c       0x2d mm/main.o
 .comment       0x0000002c       0x2d mem/mem.o
 .comment       0x0000002c       0x2d lib/floor.o
 .comment       0x0000002c       0x2d lib/exec.o
 .comment       0x0000002c       0x2d lib/exit.o
 .comment       0x0000002c       0x2d lib/unlink.o
 .comment       0x0000002c       0x2d lib/wait.o
 .comment       0x0000002c       0x2d lib/calloc.o
 .comment       0x0000002c       0x2d lib/alloca.o
 .comment       0x0000002c       0x2d lib/fork.o
 .comment       0x0000002c       0x2d lib/getpid.o
 .comment       0x0000002c       0x2d lib/stdlib/atoi.o
 .comment       0x0000002c       0x2d lib/string/strtok.o
 .comment       0x0000002c       0x2d lib/string/strcmp.o
 .comment       0x0000002c       0x2d lib/string/strncmp.o
 .comment       0x0000002c       0x2d lib/string/strpbrk.o
 .comment       0x0000002c       0x2d lib/stdio/read.o
 .comment       0x0000002c       0x2d lib/stdio/perror.o
 .comment       0x0000002c       0x2d lib/stdio/sscanf.o
 .comment       0x0000002c       0x2d lib/stdio/open.o
 .comment       0x0000002c       0x2d lib/stdio/write.o
 .comment       0x0000002c       0x2d lib/stdio/close.o
 .comment       0x0000002c       0x2d lib/arpa/ntohs.o
 .comment       0x0000002c       0x2d lib/arpa/htonl.o
 .comment       0x0000002c       0x2d lib/arpa/htons.o
 .comment       0x0000002c       0x2d lib/arpa/inet_pton.o
 .comment       0x0000002c       0x2d lib/arpa/ntohl.o
 .comment       0x0000002c       0x2d lib/arpa/inet_ntop.o

.gnu.build.attributes
 *(.gnu.build.attributes .gnu.build.attributes.*)

.debug
 *(.debug)

.line
 *(.line)

.debug_srcinfo
 *(.debug_srcinfo)

.debug_sfnames
 *(.debug_sfnames)

.debug_aranges  0x00000000      0x7d8
 *(.debug_aranges)
 .debug_aranges
                0x00000000       0x20 double_link_list.o
 .debug_aranges
                0x00000020       0x20 kernel_main_old.o
 .debug_aranges
                0x00000040       0x20 kernel_main.o
 .debug_aranges
                0x00000060       0x20 protect.o
 .debug_aranges
                0x00000080       0x20 console.o
 .debug_aranges
                0x000000a0       0x18 global.o
 .debug_aranges
                0x000000b8       0x20 keyboard.o
 .debug_aranges
                0x000000d8       0x20 process.o
 .debug_aranges
                0x000000f8       0x20 thread.o
 .debug_aranges
                0x00000118       0x20 my_process.o
 .debug_aranges
                0x00000138       0x20 network/socket.o
 .debug_aranges
                0x00000158       0x20 network/ip_input.o
 .debug_aranges
                0x00000178       0x20 network/udp_sock.o
 .debug_aranges
                0x00000198       0x20 network/inet.o
 .debug_aranges
                0x000001b8       0x20 network/dst.o
 .debug_aranges
                0x000001d8       0x20 network/tcp.o
 .debug_aranges
                0x000001f8       0x20 network/sock.o
 .debug_aranges
                0x00000218       0x20 network/tcp_output.o
 .debug_aranges
                0x00000238       0x20 network/arp.o
 .debug_aranges
                0x00000258       0x20 network/tcp_sock.o
 .debug_aranges
                0x00000278       0x20 network/ipc.o
 .debug_aranges
                0x00000298       0x20 network/icmpv4.o
 .debug_aranges
                0x000002b8       0x20 network/ip_output.o
 .debug_aranges
                0x000002d8       0x20 network/skbuff.o
 .debug_aranges
                0x000002f8       0x20 network/netdev.o
 .debug_aranges
                0x00000318       0x20 network/tcp_input.o
 .debug_aranges
                0x00000338       0x20 network/task_network.o
 .debug_aranges
                0x00000358       0x20 network/route.o
 .debug_aranges
                0x00000378       0x20 network/udp.o
 .debug_aranges
                0x00000398       0x20 network/tcp_data.o
 .debug_aranges
                0x000003b8       0x20 network/utils.o
 .debug_aranges
                0x000003d8       0x20 hd/hd.o
 .debug_aranges
                0x000003f8       0x20 fs/fs_main.o
 .debug_aranges
                0x00000418       0x20 mm/forkexit.o
 .debug_aranges
                0x00000438       0x20 mm/exec.o
 .debug_aranges
                0x00000458       0x20 mm/main.o
 .debug_aranges
                0x00000478       0x20 mem/mem.o
 .debug_aranges
                0x00000498       0x20 lib/floor.o
 .debug_aranges
                0x000004b8       0x20 lib/exec.o
 .debug_aranges
                0x000004d8       0x20 lib/exit.o
 .debug_aranges
                0x000004f8       0x20 lib/unlink.o
 .debug_aranges
                0x00000518       0x20 lib/wait.o
 .debug_aranges
                0x00000538       0x20 lib/calloc.o
 .debug_aranges
                0x00000558       0x20 lib/alloca.o
 .debug_aranges
                0x00000578       0x20 lib/fork.o
 .debug_aranges
                0x00000598       0x20 lib/getpid.o
 .debug_aranges
                0x000005b8       0x20 lib/stdlib/atoi.o
 .debug_aranges
                0x000005d8       0x20 lib/string/strtok.o
 .debug_aranges
                0x000005f8       0x20 lib/string/strcmp.o
 .debug_aranges
                0x00000618       0x20 lib/string/strncmp.o
 .debug_aranges
                0x00000638       0x20 lib/string/strpbrk.o
 .debug_aranges
                0x00000658       0x20 lib/stdio/read.o
 .debug_aranges
                0x00000678       0x20 lib/stdio/perror.o
 .debug_aranges
                0x00000698       0x20 lib/stdio/sscanf.o
 .debug_aranges
                0x000006b8       0x20 lib/stdio/open.o
 .debug_aranges
                0x000006d8       0x20 lib/stdio/write.o
 .debug_aranges
                0x000006f8       0x20 lib/stdio/close.o
 .debug_aranges
                0x00000718       0x20 lib/arpa/ntohs.o
 .debug_aranges
                0x00000738       0x20 lib/arpa/htonl.o
 .debug_aranges
                0x00000758       0x20 lib/arpa/htons.o
 .debug_aranges
                0x00000778       0x20 lib/arpa/inet_pton.o
 .debug_aranges
                0x00000798       0x20 lib/arpa/ntohl.o
 .debug_aranges
                0x000007b8       0x20 lib/arpa/inet_ntop.o

.debug_pubnames
 *(.debug_pubnames)

.debug_info     0x00000000    0x3c2b8
 *(.debug_info .gnu.linkonce.wi.*)
 .debug_info    0x00000000     0x100c double_link_list.o
 .debug_info    0x0000100c     0x2810 kernel_main_old.o
 .debug_info    0x0000381c      0xf8e kernel_main.o
 .debug_info    0x000047aa     0x1174 protect.o
 .debug_info    0x0000591e     0x1249 console.o
 .debug_info    0x00006b67      0xe49 global.o
 .debug_info    0x000079b0      0xf9d keyboard.o
 .debug_info    0x0000894d      0xf30 process.o
 .debug_info    0x0000987d     0x1028 thread.o
 .debug_info    0x0000a8a5     0x145c my_process.o
 .debug_info    0x0000bd01     0x1b66 network/socket.o
 .debug_info    0x0000d867     0x1a6a network/ip_input.o
 .debug_info    0x0000f2d1     0x1e9c network/udp_sock.o
 .debug_info    0x0001116d     0x19cb network/inet.o
 .debug_info    0x00012b38     0x11a9 network/dst.o
 .debug_info    0x00013ce1     0x1dcd network/tcp.o
 .debug_info    0x00015aae     0x181f network/sock.o
 .debug_info    0x000172cd     0x22e8 network/tcp_output.o
 .debug_info    0x000195b5      0x76e network/arp.o
 .debug_info    0x00019d23     0x21be network/tcp_sock.o
 .debug_info    0x0001bee1     0x1bf7 network/ipc.o
 .debug_info    0x0001dad8     0x18c8 network/icmpv4.o
 .debug_info    0x0001f3a0     0x1704 network/ip_output.o
 .debug_info    0x00020aa4      0x39f network/skbuff.o
 .debug_info    0x00020e43     0x14ce network/netdev.o
 .debug_info    0x00022311     0x20d0 network/tcp_input.o
 .debug_info    0x000243e1      0x676 network/task_network.o
 .debug_info    0x00024a57     0x1241 network/route.o
 .debug_info    0x00025c98     0x1acd network/udp.o
 .debug_info    0x00027765     0x1d36 network/tcp_data.o
 .debug_info    0x0002949b      0x367 network/utils.o
 .debug_info    0x00029802     0x17b8 hd/hd.o
 .debug_info    0x0002afba     0x1efa fs/fs_main.o
 .debug_info    0x0002ceb4      0xf5d mm/forkexit.o
 .debug_info    0x0002de11     0x1199 mm/exec.o
 .debug_info    0x0002efaa      0xd8b mm/main.o
 .debug_info    0x0002fd35     0x1d20 mem/mem.o
 .debug_info    0x00031a55       0x6b lib/floor.o
 .debug_info    0x00031ac0      0xeff lib/exec.o
 .debug_info    0x000329bf      0xd72 lib/exit.o
 .debug_info    0x00033731      0xe50 lib/unlink.o
 .debug_info    0x00034581      0xd80 lib/wait.o
 .debug_info    0x00035301      0xe78 lib/calloc.o
 .debug_info    0x00036179       0x98 lib/alloca.o
 .debug_info    0x00036211      0xd67 lib/fork.o
 .debug_info    0x00036f78      0xd67 lib/getpid.o
 .debug_info    0x00037cdf       0xc9 lib/stdlib/atoi.o
 .debug_info    0x00037da8       0xae lib/string/strtok.o
 .debug_info    0x00037e56       0xc1 lib/string/strcmp.o
 .debug_info    0x00037f17      0x110 lib/string/strncmp.o
 .debug_info    0x00038027       0xcf lib/string/strpbrk.o
 .debug_info    0x000380f6      0xea1 lib/stdio/read.o
 .debug_info    0x00038f97       0x5c lib/stdio/perror.o
 .debug_info    0x00038ff3      0x20e lib/stdio/sscanf.o
 .debug_info    0x00039201      0xe02 lib/stdio/open.o
 .debug_info    0x0003a003      0xe2f lib/stdio/write.o
 .debug_info    0x0003ae32      0xdb6 lib/stdio/close.o
 .debug_info    0x0003bbe8       0xa8 lib/arpa/ntohs.o
 .debug_info    0x0003bc90       0xcb lib/arpa/htonl.o
 .debug_info    0x0003bd5b       0xa8 lib/arpa/htons.o
 .debug_info    0x0003be03      0x260 lib/arpa/inet_pton.o
 .debug_info    0x0003c063       0xcb lib/arpa/ntohl.o
 .debug_info    0x0003c12e      0x18a lib/arpa/inet_ntop.o

.debug_abbrev   0x00000000     0x781c
 *(.debug_abbrev)
 .debug_abbrev  0x00000000      0x22e double_link_list.o
 .debug_abbrev  0x0000022e      0x452 kernel_main_old.o
 .debug_abbrev  0x00000680      0x208 kernel_main.o
 .debug_abbrev  0x00000888      0x227 protect.o
 .debug_abbrev  0x00000aaf      0x2ac console.o
 .debug_abbrev  0x00000d5b      0x157 global.o
 .debug_abbrev  0x00000eb2      0x1fb keyboard.o
 .debug_abbrev  0x000010ad      0x1e0 process.o
 .debug_abbrev  0x0000128d      0x222 thread.o
 .debug_abbrev  0x000014af      0x260 my_process.o
 .debug_abbrev  0x0000170f      0x327 network/socket.o
 .debug_abbrev  0x00001a36      0x2d1 network/ip_input.o
 .debug_abbrev  0x00001d07      0x3b1 network/udp_sock.o
 .debug_abbrev  0x000020b8      0x24b network/inet.o
 .debug_abbrev  0x00002303      0x204 network/dst.o
 .debug_abbrev  0x00002507      0x332 network/tcp.o
 .debug_abbrev  0x00002839      0x273 network/sock.o
 .debug_abbrev  0x00002aac      0x39b network/tcp_output.o
 .debug_abbrev  0x00002e47      0x210 network/arp.o
 .debug_abbrev  0x00003057      0x3e6 network/tcp_sock.o
 .debug_abbrev  0x0000343d      0x2ee network/ipc.o
 .debug_abbrev  0x0000372b      0x236 network/icmpv4.o
 .debug_abbrev  0x00003961      0x213 network/ip_output.o
 .debug_abbrev  0x00003b74      0x15f network/skbuff.o
 .debug_abbrev  0x00003cd3      0x2b4 network/netdev.o
 .debug_abbrev  0x00003f87      0x355 network/tcp_input.o
 .debug_abbrev  0x000042dc      0x17a network/task_network.o
 .debug_abbrev  0x00004456      0x24e network/route.o
 .debug_abbrev  0x000046a4      0x2d3 network/udp.o
 .debug_abbrev  0x00004977      0x2a6 network/tcp_data.o
 .debug_abbrev  0x00004c1d      0x17a network/utils.o
 .debug_abbrev  0x00004d97      0x2e3 hd/hd.o
 .debug_abbrev  0x0000507a      0x2ef fs/fs_main.o
 .debug_abbrev  0x00005369      0x204 mm/forkexit.o
 .debug_abbrev  0x0000556d      0x1c4 mm/exec.o
 .debug_abbrev  0x00005731      0x208 mm/main.o
 .debug_abbrev  0x00005939      0x2ea mem/mem.o
 .debug_abbrev  0x00005c23       0x6a lib/floor.o
 .debug_abbrev  0x00005c8d      0x1e8 lib/exec.o
 .debug_abbrev  0x00005e75      0x19b lib/exit.o
 .debug_abbrev  0x00006010      0x193 lib/unlink.o
 .debug_abbrev  0x000061a3      0x19f lib/wait.o
 .debug_abbrev  0x00006342      0x191 lib/calloc.o
 .debug_abbrev  0x000064d3       0x86 lib/alloca.o
 .debug_abbrev  0x00006559      0x18a lib/fork.o
 .debug_abbrev  0x000066e3      0x18a lib/getpid.o
 .debug_abbrev  0x0000686d       0x94 lib/stdlib/atoi.o
 .debug_abbrev  0x00006901       0x91 lib/string/strtok.o
 .debug_abbrev  0x00006992       0x94 lib/string/strcmp.o
 .debug_abbrev  0x00006a26       0xbe lib/string/strncmp.o
 .debug_abbrev  0x00006ae4       0xa5 lib/string/strpbrk.o
 .debug_abbrev  0x00006b89      0x1ef lib/stdio/read.o
 .debug_abbrev  0x00006d78       0x5c lib/stdio/perror.o
 .debug_abbrev  0x00006dd4       0xdd lib/stdio/sscanf.o
 .debug_abbrev  0x00006eb1      0x1c5 lib/stdio/open.o
 .debug_abbrev  0x00007076      0x1db lib/stdio/write.o
 .debug_abbrev  0x00007251      0x19d lib/stdio/close.o
 .debug_abbrev  0x000073ee       0x6c lib/arpa/ntohs.o
 .debug_abbrev  0x0000745a       0xa5 lib/arpa/htonl.o
 .debug_abbrev  0x000074ff       0x6c lib/arpa/htons.o
 .debug_abbrev  0x0000756b      0x116 lib/arpa/inet_pton.o
 .debug_abbrev  0x00007681       0xa5 lib/arpa/ntohl.o
 .debug_abbrev  0x00007726       0xf6 lib/arpa/inet_ntop.o

.debug_line     0x00000000     0x96b0
 *(.debug_line .debug_line.* .debug_line_end)
 .debug_line    0x00000000      0x202 double_link_list.o
 .debug_line    0x00000202      0xe29 kernel_main_old.o
 .debug_line    0x0000102b      0x1d4 kernel_main.o
 .debug_line    0x000011ff      0x1ff protect.o
 .debug_line    0x000013fe      0x54e console.o
 .debug_line    0x0000194c       0x95 global.o
 .debug_line    0x000019e1      0x296 keyboard.o
 .debug_line    0x00001c77      0x1ac process.o
 .debug_line    0x00001e23      0x145 thread.o
 .debug_line    0x00001f68      0x33b my_process.o
 .debug_line    0x000022a3      0x3a6 network/socket.o
 .debug_line    0x00002649      0x272 network/ip_input.o
 .debug_line    0x000028bb      0x4b0 network/udp_sock.o
 .debug_line    0x00002d6b      0x30e network/inet.o
 .debug_line    0x00003079      0x15e network/dst.o
 .debug_line    0x000031d7      0x2f5 network/tcp.o
 .debug_line    0x000034cc      0x222 network/sock.o
 .debug_line    0x000036ee      0x58a network/tcp_output.o
 .debug_line    0x00003c78      0x34c network/arp.o
 .debug_line    0x00003fc4      0x57b network/tcp_sock.o
 .debug_line    0x0000453f      0x5ab network/ipc.o
 .debug_line    0x00004aea      0x225 network/icmpv4.o
 .debug_line    0x00004d0f      0x1fe network/ip_output.o
 .debug_line    0x00004f0d      0x121 network/skbuff.o
 .debug_line    0x0000502e      0x26e network/netdev.o
 .debug_line    0x0000529c      0x658 network/tcp_input.o
 .debug_line    0x000058f4       0xf5 network/task_network.o
 .debug_line    0x000059e9      0x209 network/route.o
 .debug_line    0x00005bf2      0x2ec network/udp.o
 .debug_line    0x00005ede      0x3e9 network/tcp_data.o
 .debug_line    0x000062c7      0x13c network/utils.o
 .debug_line    0x00006403      0x62b hd/hd.o
 .debug_line    0x00006a2e      0xc23 fs/fs_main.o
 .debug_line    0x00007651      0x174 mm/forkexit.o
 .debug_line    0x000077c5      0x20c mm/exec.o
 .debug_line    0x000079d1       0xec mm/main.o
 .debug_line    0x00007abd      0x7ec mem/mem.o
 .debug_line    0x000082a9       0x5a lib/floor.o
 .debug_line    0x00008303      0x18b lib/exec.o
 .debug_line    0x0000848e       0xa0 lib/exit.o
 .debug_line    0x0000852e       0xc0 lib/unlink.o
 .debug_line    0x000085ee       0xb7 lib/wait.o
 .debug_line    0x000086a5       0xe3 lib/calloc.o
 .debug_line    0x00008788       0x6b lib/alloca.o
 .debug_line    0x000087f3       0xa5 lib/fork.o
 .debug_line    0x00008898       0xa0 lib/getpid.o
 .debug_line    0x00008938       0xad lib/stdlib/atoi.o
 .debug_line    0x000089e5       0x6e lib/string/strtok.o
 .debug_line    0x00008a53       0x9c lib/string/strcmp.o
 .debug_line    0x00008aef       0xcc lib/string/strncmp.o
 .debug_line    0x00008bbb       0xb0 lib/string/strpbrk.o
 .debug_line    0x00008c6b      0x15b lib/stdio/read.o
 .debug_line    0x00008dc6       0x48 lib/stdio/perror.o
 .debug_line    0x00008e0e      0x1d2 lib/stdio/sscanf.o
 .debug_line    0x00008fe0       0xc3 lib/stdio/open.o
 .debug_line    0x000090a3       0xc2 lib/stdio/write.o
 .debug_line    0x00009165       0xb3 lib/stdio/close.o
 .debug_line    0x00009218       0x6c lib/arpa/ntohs.o
 .debug_line    0x00009284       0xc1 lib/arpa/htonl.o
 .debug_line    0x00009345       0x6c lib/arpa/htons.o
 .debug_line    0x000093b1      0x167 lib/arpa/inet_pton.o
 .debug_line    0x00009518       0xc1 lib/arpa/ntohl.o
 .debug_line    0x000095d9       0xd7 lib/arpa/inet_ntop.o

.debug_frame
 *(.debug_frame)

.debug_str      0x00000000     0x35f4
 *(.debug_str)
 .debug_str     0x00000000     0x35f4 double_link_list.o
                                0x6e0 (size before relaxing)
 .debug_str     0x000035f4      0xb6c kernel_main_old.o
 .debug_str     0x000035f4      0x68c kernel_main.o
 .debug_str     0x000035f4      0x75b protect.o
 .debug_str     0x000035f4      0x74f console.o
 .debug_str     0x000035f4      0x600 global.o
 .debug_str     0x000035f4      0x68c keyboard.o
 .debug_str     0x000035f4      0x640 process.o
 .debug_str     0x000035f4      0x707 thread.o
 .debug_str     0x000035f4      0x8ee my_process.o
 .debug_str     0x000035f4      0x918 network/socket.o
 .debug_str     0x000035f4      0x98b network/ip_input.o
 .debug_str     0x000035f4      0xa61 network/udp_sock.o
 .debug_str     0x000035f4      0x8d7 network/inet.o
 .debug_str     0x000035f4      0x712 network/dst.o
 .debug_str     0x000035f4      0xb1d network/tcp.o
 .debug_str     0x000035f4      0x8a6 network/sock.o
 .debug_str     0x000035f4      0xc0d network/tcp_output.o
 .debug_str     0x000035f4      0x2f6 network/arp.o
 .debug_str     0x000035f4      0xcb0 network/tcp_sock.o
 .debug_str     0x000035f4      0x8c2 network/ipc.o
 .debug_str     0x000035f4      0x90a network/icmpv4.o
 .debug_str     0x000035f4      0x846 network/ip_output.o
 .debug_str     0x000035f4      0x1d8 network/skbuff.o
 .debug_str     0x000035f4      0x820 network/netdev.o
 .debug_str     0x000035f4      0xb7d network/tcp_input.o
 .debug_str     0x000035f4      0x28f network/task_network.o
 .debug_str     0x000035f4      0x733 network/route.o
 .debug_str     0x000035f4      0x93d network/udp.o
 .debug_str     0x000035f4      0xa39 network/tcp_data.o
 .debug_str     0x000035f4      0x1b8 network/utils.o
 .debug_str     0x000035f4      0x909 hd/hd.o
 .debug_str     0x000035f4      0xaea fs/fs_main.o
 .debug_str     0x000035f4      0x607 mm/forkexit.o
 .debug_str     0x000035f4      0x85d mm/exec.o
 .debug_str     0x000035f4      0x588 mm/main.o
 .debug_str     0x000035f4      0xa88 mem/mem.o
 .debug_str     0x000035f4       0xa2 lib/floor.o
 .debug_str     0x000035f4      0x61c lib/exec.o
 .debug_str     0x000035f4      0x595 lib/exit.o
 .debug_str     0x000035f4      0x614 lib/unlink.o
 .debug_str     0x000035f4      0x595 lib/wait.o
 .debug_str     0x000035f4      0x621 lib/calloc.o
 .debug_str     0x000035f4       0xb6 lib/alloca.o
 .debug_str     0x000035f4      0x58e lib/fork.o
 .debug_str     0x000035f4      0x592 lib/getpid.o
 .debug_str     0x000035f4       0xad lib/stdlib/atoi.o
 .debug_str     0x000035f4       0xb9 lib/string/strtok.o
 .debug_str     0x000035f4       0xb1 lib/string/strcmp.o
 .debug_str     0x000035f4       0xba lib/string/strncmp.o
 .debug_str     0x000035f4       0xc1 lib/string/strpbrk.o
 .debug_str     0x000035f4      0x617 lib/stdio/read.o
 .debug_str     0x000035f4       0x99 lib/stdio/perror.o
 .debug_str     0x000035f4      0x102 lib/stdio/sscanf.o
 .debug_str     0x000035f4      0x5de lib/stdio/open.o
 .debug_str     0x000035f4      0x5db lib/stdio/write.o
 .debug_str     0x000035f4      0x5a6 lib/stdio/close.o
 .debug_str     0x000035f4      0x101 lib/arpa/ntohs.o
 .debug_str     0x000035f4       0xf4 lib/arpa/htonl.o
 .debug_str     0x000035f4      0x102 lib/arpa/htons.o
 .debug_str     0x000035f4      0x14c lib/arpa/inet_pton.o
 .debug_str     0x000035f4       0xf3 lib/arpa/ntohl.o
 .debug_str     0x000035f4      0x10f lib/arpa/inet_ntop.o

.debug_loc
 *(.debug_loc)

.debug_macinfo
 *(.debug_macinfo)

.debug_weaknames
 *(.debug_weaknames)

.debug_funcnames
 *(.debug_funcnames)

.debug_typenames
 *(.debug_typenames)

.debug_varnames
 *(.debug_varnames)

.debug_pubtypes
 *(.debug_pubtypes)

.debug_ranges   0x00000000       0x90
 *(.debug_ranges)
 .debug_ranges  0x00000000       0x30 kernel_main_old.o
 .debug_ranges  0x00000030       0x48 hd/hd.o
 .debug_ranges  0x00000078       0x18 mm/exec.o

.debug_addr
 *(.debug_addr)

.debug_line_str
 *(.debug_line_str)

.debug_loclists
 *(.debug_loclists)

.debug_macro
 *(.debug_macro)

.debug_names
 *(.debug_names)

.debug_rnglists
 *(.debug_rnglists)

.debug_str_offsets
 *(.debug_str_offsets)

.debug_sup
 *(.debug_sup)

.gnu.attributes
 *(.gnu.attributes)

/DISCARD/
 *(.note.GNU-stack)
 *(.gnu_debuglink)
 *(.gnu.lto_*)
OUTPUT(kernel.bin elf32-i386)
