
Merging program properties

Removed property 0xc0010001 to merge double_link_list.o (0x1) and kernel/kernel_sub.o (not found)
Removed property 0xc0010002 to merge double_link_list.o (0x0) and kernel/kernel_sub.o (not found)
Removed property 0xc0010001 to merge double_link_list.o (not found) and kernel_main_old.o (0x1)
Removed property 0xc0010002 to merge double_link_list.o (not found) and kernel_main_old.o (0x1)
Removed property 0xc0010001 to merge double_link_list.o (not found) and kernel_main.o (0x1)
Removed property 0xc0010002 to merge double_link_list.o (not found) and kernel_main.o (0x0)
Removed property 0xc0010001 to merge double_link_list.o (not found) and protect.o (0x1)
Removed property 0xc0010002 to merge double_link_list.o (not found) and protect.o (0x0)
Removed property 0xc0010001 to merge double_link_list.o (not found) and global.o (0x1)
Removed property 0xc0010002 to merge double_link_list.o (not found) and global.o (0x0)
Removed property 0xc0010001 to merge double_link_list.o (not found) and console.o (0x1)
Removed property 0xc0010002 to merge double_link_list.o (not found) and console.o (0x1)
Removed property 0xc0010001 to merge double_link_list.o (not found) and keyboard.o (0x1)
Removed property 0xc0010002 to merge double_link_list.o (not found) and keyboard.o (0x0)
Removed property 0xc0010001 to merge double_link_list.o (not found) and process.o (0x1)
Removed property 0xc0010002 to merge double_link_list.o (not found) and process.o (0x0)
Removed property 0xc0010001 to merge double_link_list.o (not found) and thread.o (0x1)
Removed property 0xc0010002 to merge double_link_list.o (not found) and thread.o (0x0)
Removed property 0xc0010001 to merge double_link_list.o (not found) and my_process.o (0x1)
Removed property 0xc0010002 to merge double_link_list.o (not found) and my_process.o (0x1)
Removed property 0xc0010001 to merge double_link_list.o (not found) and network/skbuff.o (0x1)
Removed property 0xc0010002 to merge double_link_list.o (not found) and network/skbuff.o (0x0)
Removed property 0xc0010001 to merge double_link_list.o (not found) and network/socket.o (0x1)
Removed property 0xc0010002 to merge double_link_list.o (not found) and network/socket.o (0x0)
Removed property 0xc0010001 to merge double_link_list.o (not found) and network/ip_input.o (0x1)
Removed property 0xc0010002 to merge double_link_list.o (not found) and network/ip_input.o (0x0)
Removed property 0xc0010001 to merge double_link_list.o (not found) and network/udp_sock.o (0x1)
Removed property 0xc0010002 to merge double_link_list.o (not found) and network/udp_sock.o (0x0)
Removed property 0xc0010001 to merge double_link_list.o (not found) and network/tcp_sock.o (0x1)
Removed property 0xc0010002 to merge double_link_list.o (not found) and network/tcp_sock.o (0x0)
Removed property 0xc0010001 to merge double_link_list.o (not found) and network/netdev.o (0x1)
Removed property 0xc0010002 to merge double_link_list.o (not found) and network/netdev.o (0x0)
Removed property 0xc0010001 to merge double_link_list.o (not found) and network/tcp.o (0x1)
Removed property 0xc0010002 to merge double_link_list.o (not found) and network/tcp.o (0x0)
Removed property 0xc0010001 to merge double_link_list.o (not found) and network/sock.o (0x1)
Removed property 0xc0010002 to merge double_link_list.o (not found) and network/sock.o (0x0)
Removed property 0xc0010001 to merge double_link_list.o (not found) and network/tcp_output.o (0x1)
Removed property 0xc0010002 to merge double_link_list.o (not found) and network/tcp_output.o (0x1)
Removed property 0xc0010001 to merge double_link_list.o (not found) and network/arp.o (0x1)
Removed property 0xc0010002 to merge double_link_list.o (not found) and network/arp.o (0x0)
Removed property 0xc0010001 to merge double_link_list.o (not found) and network/route.o (0x1)
Removed property 0xc0010002 to merge double_link_list.o (not found) and network/route.o (0x0)
Removed property 0xc0010001 to merge double_link_list.o (not found) and network/ipc.o (0x1)
Removed property 0xc0010002 to merge double_link_list.o (not found) and network/ipc.o (0x1)
Removed property 0xc0010001 to merge double_link_list.o (not found) and network/icmpv4.o (0x1)
Removed property 0xc0010002 to merge double_link_list.o (not found) and network/icmpv4.o (0x0)
Removed property 0xc0010001 to merge double_link_list.o (not found) and network/ip_output.o (0x1)
Removed property 0xc0010002 to merge double_link_list.o (not found) and network/ip_output.o (0x0)
Removed property 0xc0010001 to merge double_link_list.o (not found) and network/inet.o (0x1)
Removed property 0xc0010002 to merge double_link_list.o (not found) and network/inet.o (0x0)
Removed property 0xc0010001 to merge double_link_list.o (not found) and network/dst.o (0x1)
Removed property 0xc0010002 to merge double_link_list.o (not found) and network/dst.o (0x0)
Removed property 0xc0010001 to merge double_link_list.o (not found) and network/tcp_input.o (0x1)
Removed property 0xc0010002 to merge double_link_list.o (not found) and network/tcp_input.o (0x0)
Removed property 0xc0010001 to merge double_link_list.o (not found) and network/task_network.o (0x1)
Removed property 0xc0010002 to merge double_link_list.o (not found) and network/task_network.o (0x0)
Removed property 0xc0010001 to merge double_link_list.o (not found) and network/udp.o (0x1)
Removed property 0xc0010002 to merge double_link_list.o (not found) and network/udp.o (0x1)
Removed property 0xc0010001 to merge double_link_list.o (not found) and network/tcp_data.o (0x1)
Removed property 0xc0010002 to merge double_link_list.o (not found) and network/tcp_data.o (0x0)
Removed property 0xc0010001 to merge double_link_list.o (not found) and network/utils.o (0x1)
Removed property 0xc0010002 to merge double_link_list.o (not found) and network/utils.o (0x0)
Removed property 0xc0010001 to merge double_link_list.o (not found) and hd/hd.o (0x1)
Removed property 0xc0010002 to merge double_link_list.o (not found) and hd/hd.o (0x1)
Removed property 0xc0010001 to merge double_link_list.o (not found) and fs/fs_main.o (0x1)
Removed property 0xc0010002 to merge double_link_list.o (not found) and fs/fs_main.o (0x1)
Removed property 0xc0010001 to merge double_link_list.o (not found) and mm/forkexit.o (0x1)
Removed property 0xc0010002 to merge double_link_list.o (not found) and mm/forkexit.o (0x0)
Removed property 0xc0010001 to merge double_link_list.o (not found) and mm/exec.o (0x1)
Removed property 0xc0010002 to merge double_link_list.o (not found) and mm/exec.o (0x0)
Removed property 0xc0010001 to merge double_link_list.o (not found) and mm/main.o (0x1)
Removed property 0xc0010002 to merge double_link_list.o (not found) and mm/main.o (0x0)
Removed property 0xc0010001 to merge double_link_list.o (not found) and lib/floor.o (0xb)
Removed property 0xc0010002 to merge double_link_list.o (not found) and lib/floor.o (0x1)
Removed property 0xc0010001 to merge double_link_list.o (not found) and lib/exec.o (0x1)
Removed property 0xc0010002 to merge double_link_list.o (not found) and lib/exec.o (0x0)
Removed property 0xc0010001 to merge double_link_list.o (not found) and lib/exit.o (0x1)
Removed property 0xc0010002 to merge double_link_list.o (not found) and lib/exit.o (0x0)
Removed property 0xc0010001 to merge double_link_list.o (not found) and lib/unlink.o (0x1)
Removed property 0xc0010002 to merge double_link_list.o (not found) and lib/unlink.o (0x0)
Removed property 0xc0010001 to merge double_link_list.o (not found) and lib/wait.o (0x1)
Removed property 0xc0010002 to merge double_link_list.o (not found) and lib/wait.o (0x0)
Removed property 0xc0010001 to merge double_link_list.o (not found) and lib/calloc.o (0x1)
Removed property 0xc0010002 to merge double_link_list.o (not found) and lib/calloc.o (0x0)
Removed property 0xc0010001 to merge double_link_list.o (not found) and lib/alloca.o (0xb)
Removed property 0xc0010002 to merge double_link_list.o (not found) and lib/alloca.o (0x1)
Removed property 0xc0010001 to merge double_link_list.o (not found) and lib/fork.o (0x1)
Removed property 0xc0010002 to merge double_link_list.o (not found) and lib/fork.o (0x0)
Removed property 0xc0010001 to merge double_link_list.o (not found) and lib/getpid.o (0x1)
Removed property 0xc0010002 to merge double_link_list.o (not found) and lib/getpid.o (0x0)
Removed property 0xc0010001 to merge double_link_list.o (not found) and lib/string/strtok.o (0x1)
Removed property 0xc0010002 to merge double_link_list.o (not found) and lib/string/strtok.o (0x0)
Removed property 0xc0010001 to merge double_link_list.o (not found) and lib/string/strcmp.o (0x1)
Removed property 0xc0010002 to merge double_link_list.o (not found) and lib/string/strcmp.o (0x1)
Removed property 0xc0010001 to merge double_link_list.o (not found) and lib/string/strncmp.o (0x1)
Removed property 0xc0010002 to merge double_link_list.o (not found) and lib/string/strncmp.o (0x0)
Removed property 0xc0010001 to merge double_link_list.o (not found) and lib/string/strpbrk.o (0x1)
Removed property 0xc0010002 to merge double_link_list.o (not found) and lib/string/strpbrk.o (0x0)
Removed property 0xc0010001 to merge double_link_list.o (not found) and lib/stdio/read.o (0x1)
Removed property 0xc0010002 to merge double_link_list.o (not found) and lib/stdio/read.o (0x0)
Removed property 0xc0010001 to merge double_link_list.o (not found) and lib/stdio/perror.o (0x1)
Removed property 0xc0010002 to merge double_link_list.o (not found) and lib/stdio/perror.o (0x0)
Removed property 0xc0010001 to merge double_link_list.o (not found) and lib/stdio/sscanf.o (0x1)
Removed property 0xc0010002 to merge double_link_list.o (not found) and lib/stdio/sscanf.o (0x0)
Removed property 0xc0010001 to merge double_link_list.o (not found) and lib/stdio/open.o (0x1)
Removed property 0xc0010002 to merge double_link_list.o (not found) and lib/stdio/open.o (0x0)
Removed property 0xc0010001 to merge double_link_list.o (not found) and lib/stdio/write.o (0x1)
Removed property 0xc0010002 to merge double_link_list.o (not found) and lib/stdio/write.o (0x0)
Removed property 0xc0010001 to merge double_link_list.o (not found) and lib/stdio/close.o (0x1)
Removed property 0xc0010002 to merge double_link_list.o (not found) and lib/stdio/close.o (0x0)
Removed property 0xc0010001 to merge double_link_list.o (not found) and lib/arpa/ntohs.o (0x1)
Removed property 0xc0010002 to merge double_link_list.o (not found) and lib/arpa/ntohs.o (0x0)
Removed property 0xc0010001 to merge double_link_list.o (not found) and lib/arpa/htonl.o (0x1)
Removed property 0xc0010002 to merge double_link_list.o (not found) and lib/arpa/htonl.o (0x0)
Removed property 0xc0010001 to merge double_link_list.o (not found) and lib/arpa/htons.o (0x1)
Removed property 0xc0010002 to merge double_link_list.o (not found) and lib/arpa/htons.o (0x0)
Removed property 0xc0010001 to merge double_link_list.o (not found) and lib/arpa/inet_pton.o (0x1)
Removed property 0xc0010002 to merge double_link_list.o (not found) and lib/arpa/inet_pton.o (0x0)
Removed property 0xc0010001 to merge double_link_list.o (not found) and lib/arpa/ntohl.o (0x1)
Removed property 0xc0010002 to merge double_link_list.o (not found) and lib/arpa/ntohl.o (0x0)
Removed property 0xc0010001 to merge double_link_list.o (not found) and lib/arpa/inet_ntop.o (0x1)
Removed property 0xc0010002 to merge double_link_list.o (not found) and lib/arpa/inet_ntop.o (0x0)

Allocating common symbols
Common symbol       size              file

current_tty         0x4               double_link_list.o
file_desc_table     0x400             fs/fs_main.o
is_e0               0x1               double_link_list.o
phy_super_block_buf
                    0x4               fs/fs_main.o
phy_fsbuf           0x4               fs/fs_main.o
idt_ptr             0x6               double_link_list.o
pid                 0x4               double_link_list.o
KernelVirtualMemory
                    0xc               double_link_list.o
inode_table         0xa00             fs/fs_main.o
loop                0x4               network/netdev.o
current_dis_pos     0x4               double_link_list.o
dis_pos             0x4               double_link_list.o
netdev              0x4               network/netdev.o
k_reenter           0x4               double_link_list.o
super_block_buf     0x4               fs/fs_main.o
gdt                 0x400             double_link_list.o
proc_ready_table    0x4               double_link_list.o
test_ticks          0x4               double_link_list.o
hd_info             0x224             hd/hd.o
proc_stack          0x90000           global.o
pcaller             0x4               double_link_list.o
keyboard_buffer     0x20c             double_link_list.o
pcb_list            0x10              double_link_list.o
gdt_index           0x4               double_link_list.o
tty_table           0x828             double_link_list.o
tss                 0x6c              double_link_list.o
KernelPool          0x10              double_link_list.o
net_buf             0x4               double_link_list.o
fsbuf               0x4               fs/fs_main.o
nic_current_page    0x1               double_link_list.o
root                0x28              fs/fs_main.o
kernel_mem_block_decs_array
                    0xf0              mem/mem.o
counter             0x4               double_link_list.o
key_pressed         0x4               double_link_list.o
fork_pid            0x4               double_link_list.o
is_shift            0x1               double_link_list.o
net_data            0x1               double_link_list.o
gdt_ptr             0x6               double_link_list.o
idt                 0x800             double_link_list.o
main_thread         0x4               double_link_list.o
ticks               0x8               double_link_list.o
is_init             0x1               double_link_list.o
UserPool            0x10              double_link_list.o
all_pcb_list        0x10              double_link_list.o
console_table       0x10              double_link_list.o
is_disp             0x1               double_link_list.o
MAIN_THREAD_PAGE_DIRECTORY
                    0x4               double_link_list.o
helloStr            0xc               double_link_list.o
proc_table          0x1e14            global.o
hd_cache            0x200             hd/hd.o

Discarded input sections

 .note.GNU-stack
                0x00000000        0x0 double_link_list.o
 .note.gnu.property
                0x00000000       0x28 double_link_list.o
 .note.GNU-stack
                0x00000000        0x0 kernel_main_old.o
 .note.gnu.property
                0x00000000       0x28 kernel_main_old.o
 .note.GNU-stack
                0x00000000        0x0 kernel_main.o
 .note.gnu.property
                0x00000000       0x28 kernel_main.o
 .note.GNU-stack
                0x00000000        0x0 protect.o
 .note.gnu.property
                0x00000000       0x28 protect.o
 .note.GNU-stack
                0x00000000        0x0 global.o
 .note.gnu.property
                0x00000000       0x28 global.o
 .note.GNU-stack
                0x00000000        0x0 console.o
 .note.gnu.property
                0x00000000       0x28 console.o
 .note.GNU-stack
                0x00000000        0x0 keyboard.o
 .note.gnu.property
                0x00000000       0x28 keyboard.o
 .note.GNU-stack
                0x00000000        0x0 process.o
 .note.gnu.property
                0x00000000       0x28 process.o
 .note.GNU-stack
                0x00000000        0x0 thread.o
 .note.gnu.property
                0x00000000       0x28 thread.o
 .note.GNU-stack
                0x00000000        0x0 my_process.o
 .note.gnu.property
                0x00000000       0x28 my_process.o
 .note.GNU-stack
                0x00000000        0x0 network/skbuff.o
 .note.gnu.property
                0x00000000       0x28 network/skbuff.o
 .note.GNU-stack
                0x00000000        0x0 network/socket.o
 .note.gnu.property
                0x00000000       0x28 network/socket.o
 .note.GNU-stack
                0x00000000        0x0 network/ip_input.o
 .note.gnu.property
                0x00000000       0x28 network/ip_input.o
 .note.GNU-stack
                0x00000000        0x0 network/udp_sock.o
 .note.gnu.property
                0x00000000       0x28 network/udp_sock.o
 .note.GNU-stack
                0x00000000        0x0 network/tcp_sock.o
 .note.gnu.property
                0x00000000       0x28 network/tcp_sock.o
 .note.GNU-stack
                0x00000000        0x0 network/netdev.o
 .note.gnu.property
                0x00000000       0x28 network/netdev.o
 .note.GNU-stack
                0x00000000        0x0 network/tcp.o
 .note.gnu.property
                0x00000000       0x28 network/tcp.o
 .note.GNU-stack
                0x00000000        0x0 network/sock.o
 .note.gnu.property
                0x00000000       0x28 network/sock.o
 .note.GNU-stack
                0x00000000        0x0 network/tcp_output.o
 .note.gnu.property
                0x00000000       0x28 network/tcp_output.o
 .note.GNU-stack
                0x00000000        0x0 network/arp.o
 .note.gnu.property
                0x00000000       0x28 network/arp.o
 .note.GNU-stack
                0x00000000        0x0 network/route.o
 .note.gnu.property
                0x00000000       0x28 network/route.o
 .note.GNU-stack
                0x00000000        0x0 network/ipc.o
 .note.gnu.property
                0x00000000       0x28 network/ipc.o
 .note.GNU-stack
                0x00000000        0x0 network/icmpv4.o
 .note.gnu.property
                0x00000000       0x28 network/icmpv4.o
 .note.GNU-stack
                0x00000000        0x0 network/ip_output.o
 .note.gnu.property
                0x00000000       0x28 network/ip_output.o
 .note.GNU-stack
                0x00000000        0x0 network/inet.o
 .note.gnu.property
                0x00000000       0x28 network/inet.o
 .note.GNU-stack
                0x00000000        0x0 network/dst.o
 .note.gnu.property
                0x00000000       0x28 network/dst.o
 .note.GNU-stack
                0x00000000        0x0 network/tcp_input.o
 .note.gnu.property
                0x00000000       0x28 network/tcp_input.o
 .note.GNU-stack
                0x00000000        0x0 network/task_network.o
 .note.gnu.property
                0x00000000       0x28 network/task_network.o
 .note.GNU-stack
                0x00000000        0x0 network/udp.o
 .note.gnu.property
                0x00000000       0x28 network/udp.o
 .note.GNU-stack
                0x00000000        0x0 network/tcp_data.o
 .note.gnu.property
                0x00000000       0x28 network/tcp_data.o
 .note.GNU-stack
                0x00000000        0x0 network/utils.o
 .note.gnu.property
                0x00000000       0x28 network/utils.o
 .note.GNU-stack
                0x00000000        0x0 hd/hd.o
 .note.gnu.property
                0x00000000       0x28 hd/hd.o
 .note.GNU-stack
                0x00000000        0x0 fs/fs_main.o
 .note.gnu.property
                0x00000000       0x28 fs/fs_main.o
 .note.GNU-stack
                0x00000000        0x0 mm/forkexit.o
 .note.gnu.property
                0x00000000       0x28 mm/forkexit.o
 .note.GNU-stack
                0x00000000        0x0 mm/exec.o
 .note.gnu.property
                0x00000000       0x28 mm/exec.o
 .note.GNU-stack
                0x00000000        0x0 mm/main.o
 .note.gnu.property
                0x00000000       0x28 mm/main.o
 .note.GNU-stack
                0x00000000        0x0 mem/mem.o
 .note.GNU-stack
                0x00000000        0x0 lib/floor.o
 .note.gnu.property
                0x00000000       0x28 lib/floor.o
 .note.GNU-stack
                0x00000000        0x0 lib/exec.o
 .note.gnu.property
                0x00000000       0x28 lib/exec.o
 .note.GNU-stack
                0x00000000        0x0 lib/exit.o
 .note.gnu.property
                0x00000000       0x28 lib/exit.o
 .note.GNU-stack
                0x00000000        0x0 lib/unlink.o
 .note.gnu.property
                0x00000000       0x28 lib/unlink.o
 .note.GNU-stack
                0x00000000        0x0 lib/wait.o
 .note.gnu.property
                0x00000000       0x28 lib/wait.o
 .note.GNU-stack
                0x00000000        0x0 lib/calloc.o
 .note.gnu.property
                0x00000000       0x28 lib/calloc.o
 .note.GNU-stack
                0x00000000        0x0 lib/alloca.o
 .note.gnu.property
                0x00000000       0x28 lib/alloca.o
 .note.GNU-stack
                0x00000000        0x0 lib/fork.o
 .note.gnu.property
                0x00000000       0x28 lib/fork.o
 .note.GNU-stack
                0x00000000        0x0 lib/getpid.o
 .note.gnu.property
                0x00000000       0x28 lib/getpid.o
 .note.GNU-stack
                0x00000000        0x0 lib/string/strtok.o
 .note.gnu.property
                0x00000000       0x28 lib/string/strtok.o
 .note.GNU-stack
                0x00000000        0x0 lib/string/strcmp.o
 .note.gnu.property
                0x00000000       0x28 lib/string/strcmp.o
 .note.GNU-stack
                0x00000000        0x0 lib/string/strncmp.o
 .note.gnu.property
                0x00000000       0x28 lib/string/strncmp.o
 .note.GNU-stack
                0x00000000        0x0 lib/string/strpbrk.o
 .note.gnu.property
                0x00000000       0x28 lib/string/strpbrk.o
 .note.GNU-stack
                0x00000000        0x0 lib/stdio/read.o
 .note.gnu.property
                0x00000000       0x28 lib/stdio/read.o
 .note.GNU-stack
                0x00000000        0x0 lib/stdio/perror.o
 .note.gnu.property
                0x00000000       0x28 lib/stdio/perror.o
 .note.GNU-stack
                0x00000000        0x0 lib/stdio/sscanf.o
 .note.gnu.property
                0x00000000       0x28 lib/stdio/sscanf.o
 .note.GNU-stack
                0x00000000        0x0 lib/stdio/open.o
 .note.gnu.property
                0x00000000       0x28 lib/stdio/open.o
 .note.GNU-stack
                0x00000000        0x0 lib/stdio/write.o
 .note.gnu.property
                0x00000000       0x28 lib/stdio/write.o
 .note.GNU-stack
                0x00000000        0x0 lib/stdio/close.o
 .note.gnu.property
                0x00000000       0x28 lib/stdio/close.o
 .note.GNU-stack
                0x00000000        0x0 lib/arpa/ntohs.o
 .note.gnu.property
                0x00000000       0x28 lib/arpa/ntohs.o
 .note.GNU-stack
                0x00000000        0x0 lib/arpa/htonl.o
 .note.gnu.property
                0x00000000       0x28 lib/arpa/htonl.o
 .note.GNU-stack
                0x00000000        0x0 lib/arpa/htons.o
 .note.gnu.property
                0x00000000       0x28 lib/arpa/htons.o
 .note.GNU-stack
                0x00000000        0x0 lib/arpa/inet_pton.o
 .note.gnu.property
                0x00000000       0x28 lib/arpa/inet_pton.o
 .note.GNU-stack
                0x00000000        0x0 lib/arpa/ntohl.o
 .note.gnu.property
                0x00000000       0x28 lib/arpa/ntohl.o
 .note.GNU-stack
                0x00000000        0x0 lib/arpa/inet_ntop.o
 .note.gnu.property
                0x00000000       0x28 lib/arpa/inet_ntop.o

Memory Configuration

Name             Origin             Length             Attributes
*default*        0x00000000         0xffffffff

Linker script and memory map

Address of section .text set to 0xc0100000
LOAD kernel/kernel_sub.o
LOAD kernel/kernel.o
LOAD switch_to.o
LOAD string.o
LOAD syscall.o
LOAD hd/hd_rdwt.o
LOAD network/ne2000.o
LOAD double_link_list.o
LOAD kernel_main_old.o
LOAD kernel_main.o
LOAD protect.o
LOAD global.o
LOAD console.o
LOAD keyboard.o
LOAD process.o
LOAD thread.o
LOAD my_process.o
LOAD network/skbuff.o
LOAD network/socket.o
LOAD network/ip_input.o
LOAD network/udp_sock.o
LOAD network/tcp_sock.o
LOAD network/netdev.o
LOAD network/tcp.o
LOAD network/sock.o
LOAD network/tcp_output.o
LOAD network/arp.o
LOAD network/route.o
LOAD network/ipc.o
LOAD network/icmpv4.o
LOAD network/ip_output.o
LOAD network/inet.o
LOAD network/dst.o
LOAD network/tcp_input.o
LOAD network/task_network.o
LOAD network/udp.o
LOAD network/tcp_data.o
LOAD network/utils.o
LOAD hd/hd.o
LOAD fs/fs_main.o
LOAD mm/forkexit.o
LOAD mm/exec.o
LOAD mm/main.o
LOAD mem/mem.o
LOAD lib/floor.o
LOAD lib/exec.o
LOAD lib/exit.o
LOAD lib/unlink.o
LOAD lib/wait.o
LOAD lib/calloc.o
LOAD lib/alloca.o
LOAD lib/fork.o
LOAD lib/getpid.o
LOAD lib/string/strtok.o
LOAD lib/string/strcmp.o
LOAD lib/string/strncmp.o
LOAD lib/string/strpbrk.o
LOAD lib/stdio/read.o
LOAD lib/stdio/perror.o
LOAD lib/stdio/sscanf.o
LOAD lib/stdio/open.o
LOAD lib/stdio/write.o
LOAD lib/stdio/close.o
LOAD lib/arpa/ntohs.o
LOAD lib/arpa/htonl.o
LOAD lib/arpa/htons.o
LOAD lib/arpa/inet_pton.o
LOAD lib/arpa/ntohl.o
LOAD lib/arpa/inet_ntop.o
                [!provide]                        PROVIDE (__executable_start = SEGMENT_START ("text-segment", 0x8048000))
                0x080480d4                        . = (SEGMENT_START ("text-segment", 0x8048000) + SIZEOF_HEADERS)

.interp
 *(.interp)

.note.gnu.build-id
 *(.note.gnu.build-id)

.hash
 *(.hash)

.gnu.hash
 *(.gnu.hash)

.dynsym
 *(.dynsym)

.dynstr
 *(.dynstr)

.gnu.version
 *(.gnu.version)

.gnu.version_d
 *(.gnu.version_d)

.gnu.version_r
 *(.gnu.version_r)

.rel.dyn        0x080480d4        0x0
 *(.rel.init)
 *(.rel.text .rel.text.* .rel.gnu.linkonce.t.*)
 .rel.text      0x080480d4        0x0 kernel/kernel_sub.o
 *(.rel.fini)
 *(.rel.rodata .rel.rodata.* .rel.gnu.linkonce.r.*)
 *(.rel.data.rel.ro .rel.data.rel.ro.* .rel.gnu.linkonce.d.rel.ro.*)
 *(.rel.data .rel.data.* .rel.gnu.linkonce.d.*)
 *(.rel.tdata .rel.tdata.* .rel.gnu.linkonce.td.*)
 *(.rel.tbss .rel.tbss.* .rel.gnu.linkonce.tb.*)
 *(.rel.ctors)
 *(.rel.dtors)
 *(.rel.got)
 .rel.got       0x080480d4        0x0 kernel/kernel_sub.o
 *(.rel.bss .rel.bss.* .rel.gnu.linkonce.b.*)
 *(.rel.ifunc)

.rel.plt        0x080480d4        0x0
 *(.rel.plt)
                [!provide]                        PROVIDE (__rel_iplt_start = .)
 *(.rel.iplt)
 .rel.iplt      0x080480d4        0x0 kernel/kernel_sub.o
                [!provide]                        PROVIDE (__rel_iplt_end = .)

.relr.dyn
 *(.relr.dyn)
                0x08049000                        . = ALIGN (CONSTANT (MAXPAGESIZE))

.init
 *(SORT_NONE(.init))

.plt            0x08049000        0x0
 *(.plt)
 *(.iplt)
 .iplt          0x08049000        0x0 kernel/kernel_sub.o

.plt.got
 *(.plt.got)

.plt.sec
 *(.plt.sec)

.text           0xc0100000    0x11dd1
 *(.text.unlikely .text.*_unlikely .text.unlikely.*)
 *(.text.exit .text.exit.*)
 *(.text.startup .text.startup.*)
 *(.text.hot .text.hot.*)
 *(SORT_BY_NAME(.text.sorted.*))
 *(.text .stub .text.* .gnu.linkonce.t.*)
 .text          0xc0100000       0x74 kernel/kernel_sub.o
                0xc0100000                _start
 *fill*         0xc0100074        0xc 
 .text          0xc0100080      0x3d7 kernel/kernel.o
                0xc0100080                InterruptTest
                0xc010008c                disp_str_len
                0xc01000d9                disp_str
                0xc0100114                disp_str_colour
                0xc0100150                divide_zero_fault
                0xc0100156                single_step_fault
                0xc010015c                non_maskable_interrupt
                0xc0100162                breakpoint_trap
                0xc0100168                overflow_trap
                0xc010016e                bound_range_exceeded_fault
                0xc0100174                invalid_opcode_fault
                0xc010017a                coprocessor_not_available_fault
                0xc0100180                double_fault_exception_abort
                0xc0100184                coprocessor_segment_overrun
                0xc010018a                invalid_task_state_segment_fault
                0xc010018e                segment_not_present_fault
                0xc0100192                stack_exception_fault
                0xc0100196                general_protection_exception_fault
                0xc01001a1                page_fault
                0xc01001a5                coprocessor_error_fault
                0xc01001ab                align_check_fault
                0xc01001af                simd_float_exception_fault
                0xc01001be                hwint0
                0xc01001ee                hwint1
                0xc0100231                hwint14
                0xc0100277                hwint10
                0xc01002ba                sys_call
                0xc0100300                fork_restart
                0xc010030f                restart
                0xc0100332                in_byte
                0xc010033e                out_byte
                0xc0100360                disable_int
                0xc0100362                enable_int
                0xc01003f8                enable_8259A_casecade_irq
                0xc0100402                disable_8259A_casecade_irq
                0xc010040c                enable_8259A_slave_winchester_irq
                0xc0100416                disable_8259A_slave_winchester_irq
                0xc0100420                update_cr3
                0xc010042d                update_tss
                0xc010043c                get_running_thread_pcb
                0xc0100444                sys_call_test
                0xc0100447                enable_8259A_slave_net_irq
 *fill*         0xc0100457        0x9 
 .text          0xc0100460       0x15 switch_to.o
                0xc0100460                switch_to
 *fill*         0xc0100475        0xb 
 .text          0xc0100480       0x69 syscall.o
                0xc0100480                write_debug
                0xc0100490                send_msg
                0xc01004a6                receive_msg
                0xc01004bc                sys_malloc
                0xc01004d1                sys_free
 *fill*         0xc01004e9        0x7 
 .text          0xc01004f0      0x25b network/ne2000.o
                0xc0100513                DriverInitialize
                0xc010059d                SetPageStart
                0xc01005c5                DriverSend
                0xc010063a                PCtoNIC
                0xc01006a8                get_interrupt_status
                0xc01006be                set_interrupt_status
                0xc01006d7                get_curr_page
                0xc01006f4                NICtoPC
 .text          0xc010074b      0x329 double_link_list.o
                0xc010074b                initDoubleLinkList
                0xc0100779                isListEmpty
                0xc010079a                findElementInList
                0xc0100876                appendToDoubleLinkList
                0xc010095d                insertToDoubleLinkList
                0xc01009e0                popFromDoubleLinkList
 .text          0xc0100a74     0x2d79 kernel_main_old.o
                0xc0100a74                stop_here
                0xc0100ab8                catch_error
                0xc0100ad5                intr_enable
                0xc0100afe                intr_disable
                0xc0100b27                intr_set_status
                0xc0100b45                intr_get_status
                0xc0100b62                Memcpy
                0xc0100b95                untar
                0xc0100eaa                atoi
                0xc0100f50                disp_int
                0xc0100f79                do_page_fault
                0xc01010b6                exception_handler
                0xc010129d                init_internal_interrupt
                0xc0101412                spurious_irq
                0xc01014a0                init_keyboard
                0xc01014e3                TestTTY
                0xc0101582                TestReadReturnValue
                0xc01015ff                TestWriteReturnValue
                0xc01016d3                TestFS2
                0xc01016e1                TestFS
                0xc0101b83                wait_exit
                0xc0101c81                INIT_fork
                0xc0101f79                simple_shell
                0xc0102100                test_shell
                0xc0102168                test_exec
                0xc01022a8                INIT
                0xc01022b5                TestA
                0xc01022ea                delay
                0xc010232e                TestB
                0xc0102346                TestC
                0xc0102379                sys_get_ticks
                0xc0102389                sys_write
                0xc01023dd                milli_delay
                0xc0102419                TaskSys
                0xc010241e                Printf
                0xc010247c                sprintf
                0xc01024a8                vsprintf
                0xc0102654                printx
                0xc0102697                sys_printx
                0xc0102763                spin
                0xc0102789                panic
                0xc01027a7                assertion_failure
                0xc0102819                assertion_failure2
                0xc010288e                dead_lock
                0xc0102898                sys_send_msg
                0xc0102db7                sys_receive_msg
                0xc0103417                send_rec
                0xc0103512                block
                0xc010354e                unblock
                0xc010359e                get_ticks_ipc
                0xc01035f5                itoa
                0xc010364b                i2a
                0xc01036b1                inform_int
                0xc010377e                deprecate_strcmp
 .text          0xc01037ed      0x414 kernel_main.o
                0xc01037ed                kernel_main
                0xc01039b3                init
                0xc0103a55                kernel_thread_a
                0xc0103aa2                kernel_thread_b
                0xc0103aef                kernel_thread_c
                0xc0103b05                kernel_thread_d
                0xc0103b1b                user_proc_a
                0xc0103be9                user_proc_b
 .text          0xc0103c01      0x3b3 protect.o
                0xc0103c01                InitDescriptor
                0xc0103c6e                Seg2PhyAddr
                0xc0103caf                Seg2PhyAddrLDT
                0xc0103cf3                VirAddr2PhyAddr
                0xc0103d09                v2l
                0xc0103d4c                init_propt
                0xc0103ecd                InitInterruptDesc
                0xc0103f29                ReloadGDT
 .text          0xc0103fb4        0x0 global.o
 .text          0xc0103fb4      0xaca console.o
                0xc0103fb4                select_console
                0xc0103ff0                flush
                0xc0104029                set_cursor
                0xc0104087                set_console_start_video_addr
                0xc01040e5                put_key
                0xc0104151                scroll_up
                0xc0104193                scroll_down
                0xc01041fe                out_char
                0xc01043bb                tty_dev_read
                0xc01043e5                tty_dev_write
                0xc0104612                tty_do_read
                0xc01046da                tty_do_write
                0xc010483d                init_screen
                0xc01048c6                init_tty
                0xc010497b                TaskTTY
 .text          0xc0104a7e      0x40f keyboard.o
                0xc0104a7e                keyboard_handler
                0xc0104b02                read_from_keyboard_buf
                0xc0104b68                keyboard_read
                0xc0104ce7                init_keyboard_handler
                0xc0104cfb                in_process
 .text          0xc0104e8d      0x21b process.o
                0xc0104e8d                schedule_process
                0xc0104f9a                clock_handler
                0xc010500b                pid2proc
                0xc0105091                proc2pid
 .text          0xc01050a8      0x1b2 thread.o
                0xc01050a8                kernel_thread
                0xc01050c0                thread_init
                0xc010516d                thread_create
                0xc01051a2                thread_start
 .text          0xc010525a      0x730 my_process.o
                0xc010525a                create_user_process_address_space
                0xc01052ea                user_process
                0xc0105417                clone_pcb
                0xc0105589                build_body_stack
                0xc01056bc                build_process_kernel_stack
                0xc010577f                fork_process
                0xc0105810                process_execute
 .text          0xc010598a      0x12e network/skbuff.o
                0xc01059a3                alloc_skb
                0xc0105a34                free_skb
                0xc0105a3a                skb_reserve
                0xc0105a56                skb_push
                0xc0105a85                skb_head
                0xc0105a90                skb_reset_header
 .text          0xc0105ab8      0x66c network/socket.o
                0xc0105b68                test
                0xc0105bc4                socket_debug
                0xc0105c25                free_socket
                0xc0105ce1                _socket
                0xc0105da0                _bind
                0xc0105df3                _connect
                0xc0105e45                _write
                0xc0105e9c                _read
                0xc0105ef3                _recvfrom
                0xc0105f34                _sendto
                0xc0105f8b                _close
                0xc010600a                _listen
                0xc0106070                _accept
 .text          0xc0106124      0x2da network/ip_input.o
                0xc01062ae                ip_rcv
 .text          0xc01063fe      0x8bc network/udp_sock.o
                0xc010662b                udp_lookup_sock
                0xc0106672                udp_init
                0xc01066a3                udp_close
                0xc01066c9                udp_sock_init
                0xc01066d3                udp_recvfrom
                0xc010676c                udp_connect
                0xc0106845                udp_write
                0xc0106871                udp_alloc_skb
                0xc01068bb                udp_sendto
                0xc01069af                udp_send
                0xc0106aed                udp_alloc_sock
                0xc0106b2e                udp_free_sock
                0xc0106b52                udp_read
 .text          0xc0106cba      0xa16 network/tcp_sock.o
                0xc0106f68                tcp_established_or_syn_recvd_socks_enqueue
                0xc0106f7f                tcp_established_or_syn_recvd_socks_remove
                0xc0106f91                tcp_connecting_or_listening_socks_enqueue
                0xc0106fa8                tcp_connecting_or_listening_socks_remove
                0xc0106fba                tcp_alloc_sock
                0xc01070d0                tcp_free_sock
                0xc0107149                tcp_init
                0xc0107153                tcp_sock_init
                0xc01071f6                tcp_write
                0xc0107237                tcp_read
                0xc01072ea                tcp_close
                0xc01073a8                tcp_recv_notify
                0xc01073d3                tcp_v4_connect
                0xc0107623                tcp_lookup_sock
 .text          0xc01076d0      0x37e network/netdev.o
                0xc01077e2                netdev_init
                0xc0107829                netdev_transmit
                0xc0107959                netdev_rx_loop
                0xc01079c9                netdev_get
                0xc01079e6                free_netdev
                0xc0107a11                local_ipaddress
 .text          0xc0107a4e      0x448 network/tcp.o
                0xc0107c43                tcp_in
                0xc0107cf7                tcp_checksum
                0xc0107d23                __tcp_set_state
                0xc0107d32                tcp_generate_port
                0xc0107d7b                tcp_generate_isn
                0xc0107d85                tcp_done
                0xc0107dae                tcp_clear_timers
                0xc0107dbd                tcp_stop_retransmission_timer
                0xc0107dd6                tcp_release_retransmission_timer
                0xc0107def                tcp_stop_delack_timer
                0xc0107e02                tcp_release_delack_timer
                0xc0107e15                tcp_handle_fin_state
                0xc0107e7a                tcp_enter_time_wait
 .text          0xc0107e96      0x203 network/sock.o
                0xc0107fc8                sk_alloc
                0xc0107fef                sk_init
                0xc0108043                sk_init_with_socket
                0xc010806c                sk_free
 .text          0xc0108099      0xbb9 network/tcp_output.o
                0xc010855a                tcp_send_synack
                0xc01085fd                tcp_send_delack
                0xc0108638                tcp_send_ack
                0xc0108784                tcp_send_fin
                0xc01087f9                tcp_select_initial_window
                0xc01089ab                tcp_reset_retransmission_timer
                0xc01089c8                tcp_begin_connect
                0xc0108a72                tcp_send
                0xc0108b57                tcp_send_reset
                0xc0108bd7                tcp_queue_fin
 .text          0xc0108c52      0x6dc network/arp.o
                0xc0108e1f                arp_init
                0xc0108e25                arp_rcv
                0xc0108fd7                arp_request
                0xc0109141                arp_reply
                0xc0109291                arp_get_hwaddr
                0xc01092dd                free_arp
 .text          0xc010932e      0x295 network/route.o
                0xc010945b                route_add
                0xc01094a0                route_init
                0xc0109527                route_lookup
                0xc0109572                free_routes
 .text          0xc01095c3      0xcf0 network/ipc.o
                0xc010a14f                ipc_close
                0xc010a1a0                demux_ipc_socket_call
 .text          0xc010a2b3      0x234 network/icmpv4.o
                0xc010a2c1                icmpv4_incoming
                0xc010a335                icmpv4_reply
                0xc010a40e                icmpv4_timestamp
 .text          0xc010a4e7      0x1d3 network/ip_output.o
                0xc010a4f5                ip_output
 .text          0xc010a6ba      0x429 network/inet.o
                0xc010a6ba                inet_create
                0xc010a76a                inet_socket
                0xc010a774                inet_connect
                0xc010a7c8                inet_write
                0xc010a7f4                inet_read
                0xc010a820                inet_close
                0xc010a86f                inet_free
                0xc010a8a5                inet_bind
                0xc010a9ae                inet_listen
                0xc010a9f7                inet_accept
                0xc010aaa2                inet_sendto
                0xc010aacd                inet_recvfrom
 .text          0xc010aae3       0xd8 network/dst.o
                0xc010aaf1                dst_neigh_output
 .text          0xc010abbb      0xb6f network/tcp_input.o
                0xc010b2a2                tcp_process
                0xc010b668                tcp_receive
 .text          0xc010b72a       0xf6 network/task_network.o
                0xc010b72a                task_network
                0xc010b812                task_netdev_rx
 .text          0xc010b820      0x3e0 network/udp.o
                0xc010b92b                udp_generate_port
                0xc010b974                udp_checksum
                0xc010ba42                udp_in
                0xc010bad3                udp_data_dequeue
                0xc010bbdb                udp_data_enqueue
 .text          0xc010bc00      0x54a network/tcp_data.o
                0xc010beeb                tcp_data_dequeue
                0xc010c018                tcp_data_queue
 .text          0xc010c14a      0x1e7 network/utils.o
                0xc010c14a                run_cmd
                0xc010c157                print_err
                0xc010c16e                parse_ipv4_string
                0xc010c1cd                ip_pton
                0xc010c215                sum_every_16bits
                0xc010c26c                checksum
                0xc010c2ad                tcp_udp_checksum
 .text          0xc010c331      0xe63 hd/hd.o
                0xc010c331                TaskHD
                0xc010c376                init_hd
                0xc010c390                hd_handle
                0xc010c495                hd_cmd_out
                0xc010c597                hd_identify
                0xc010c64e                print_hdinfo
                0xc010c7dc                print_dpt_entry
                0xc010c848                get_partition_table
                0xc010c927                partition
                0xc010cb41                hd_open
                0xc010cbe8                get_hd_ioctl
                0xc010cc99                wait_for
                0xc010ccca                interrupt_wait
                0xc010cd1a                hd_rdwt
                0xc010cfb9                hd_handler
                0xc010cfe5                debug_ticks
                0xc010d023                net_handler
                0xc010d02b                waitfor
                0xc010d06f                print_hd_info
                0xc010d15c                is_empty
 .text          0xc010d194     0x204f fs/fs_main.o
                0xc010d194                task_fs
                0xc010d39f                rd_wt
                0xc010d478                mkfs
                0xc010da5a                init_fs
                0xc010daae                do_open
                0xc010dc9d                search_file
                0xc010ddcf                strip_path
                0xc010de9b                get_inode
                0xc010e05d                create_file
                0xc010e168                alloc_imap_bit
                0xc010e265                alloc_smap_bit
                0xc010e406                new_inode
                0xc010e524                new_dir_entry
                0xc010e730                do_unlink
                0xc010ec0c                do_rdwt
                0xc010ef97                sync_inode
                0xc010f0eb                put_inode
                0xc010f129                do_close
                0xc010f17b                get_super_block
 .text          0xc010f1e3      0x271 mm/forkexit.o
                0xc010f1e3                do_fork
                0xc010f251                do_exit
                0xc010f2db                do_wait
                0xc010f3fa                cleanup
 .text          0xc010f454      0x419 mm/exec.o
                0xc010f454                do_exec
 .text          0xc010f86d      0x148 mm/main.o
                0xc010f86d                TaskMM
                0xc010f996                alloc_mem
 .text          0xc010f9b5     0x1275 mem/mem.o
                0xc010f9b5                init_bitmap
                0xc010f9d8                test_bit_val
                0xc010fa41                set_bit_val
                0xc010fabc                set_bits
                0xc010faf6                get_first_free_bit
                0xc010fb3a                get_bits
                0xc010fc02                get_a_page
                0xc010fcb6                get_virtual_address_start_with_addr
                0xc010fd50                get_virtual_address
                0xc010fde0                ptr_pde
                0xc010fdf3                ptr_pte
                0xc010fe1a                add_map_entry
                0xc010feab                alloc_virtual_memory
                0xc010ff7e                get_physical_address_proc
                0xc010fffa                get_physical_address
                0xc011002c                alloc_physical_memory_of_proc
                0xc011011b                alloc_physical_memory
                0xc01101e3                alloc_memory
                0xc0110245                get_a_virtual_page
                0xc011027d                block2arena
                0xc0110293                sys_malloc2
                0xc0110549                remove_map_entry
                0xc011056a                free_a_page
                0xc0110611                sys_free2
                0xc0110799                init_memory_block_desc
                0xc011086a                init_memory2
                0xc0110ae1                init_memory
 .text          0xc0110c2a       0x49 lib/floor.o
                0xc0110c2a                floor
 .text          0xc0110c73      0x285 lib/exec.o
                0xc0110c73                exec
                0xc0110ce4                execv
                0xc0110ed3                execl
 .text          0xc0110ef8       0x2f lib/exit.o
                0xc0110ef8                exit
 .text          0xc0110f27       0x42 lib/unlink.o
                0xc0110f27                unlink
 .text          0xc0110f69       0x44 lib/wait.o
                0xc0110f69                wait
 .text          0xc0110fad       0x46 lib/calloc.o
                0xc0110fad                calloc
 .text          0xc0110ff3       0x4f lib/alloca.o
                0xc0110ff3                alloca
 .text          0xc0111042       0x48 lib/fork.o
                0xc0111042                fork
 .text          0xc011108a       0x2b lib/getpid.o
                0xc011108a                getpid
 .text          0xc01110b5       0x85 lib/string/strtok.o
                0xc01110b5                strtok
 .text          0xc011113a       0x8e lib/string/strcmp.o
                0xc011113a                strcmp
 .text          0xc01111c8       0xd4 lib/string/strncmp.o
                0xc01111c8                strncmp
 .text          0xc011129c       0x90 lib/string/strpbrk.o
                0xc011129c                strpbrk
 .text          0xc011132c      0x181 lib/stdio/read.o
                0xc011132c                read
 .text          0xc01114ad       0x17 lib/stdio/perror.o
                0xc01114ad                perror
 .text          0xc01114c4      0x2c1 lib/stdio/sscanf.o
                0xc01114c4                sscanf
 .text          0xc0111785       0x95 lib/stdio/open.o
                0xc0111785                open
 .text          0xc011181a       0x85 lib/stdio/write.o
                0xc011181a                write
 .text          0xc011189f       0x52 lib/stdio/close.o
                0xc011189f                close
 .text          0xc01118f1       0x38 lib/arpa/ntohs.o
                0xc01118f1                ntohs
 .text          0xc0111929       0x7c lib/arpa/htonl.o
                0xc0111929                htonl
 .text          0xc01119a5       0x38 lib/arpa/htons.o
                0xc01119a5                htons
 .text          0xc01119dd      0x295 lib/arpa/inet_pton.o
                0xc01119dd                isValidIPv4
                0xc0111b67                inet_pton
 .text          0xc0111c72       0x7c lib/arpa/ntohl.o
                0xc0111c72                ntohl
 .text          0xc0111cee       0xe3 lib/arpa/inet_ntop.o
                0xc0111cee                inet_ntop
 *(.gnu.warning)

.fini
 *(SORT_NONE(.fini))
                [!provide]                        PROVIDE (__etext = .)
                [!provide]                        PROVIDE (_etext = .)
                [!provide]                        PROVIDE (etext = .)
                0xc0112000                        . = ALIGN (CONSTANT (MAXPAGESIZE))
                0xc0112000                        . = SEGMENT_START ("rodata-segment", (ALIGN (CONSTANT (MAXPAGESIZE)) + (. & (CONSTANT (MAXPAGESIZE) - 0x1))))

.rodata         0xc0112000     0x1b73
 *(.rodata .rodata.* .gnu.linkonce.r.*)
 .rodata        0xc0112000       0x2c double_link_list.o
 *fill*         0xc011202c       0x14 
 .rodata        0xc0112040      0xb75 kernel_main_old.o
 *fill*         0xc0112bb5        0x3 
 .rodata        0xc0112bb8      0x174 kernel_main.o
 .rodata        0xc0112d2c       0x22 console.o
 .rodata        0xc0112d4e       0x26 process.o
 .rodata        0xc0112d74        0x9 network/skbuff.o
 *fill*         0xc0112d7d        0x3 
 .rodata        0xc0112d80      0x23d network/socket.o
 *fill*         0xc0112fbd        0x3 
 .rodata        0xc0112fc0       0xb5 network/ip_input.o
 *fill*         0xc0113075        0x3 
 .rodata        0xc0113078       0x2d network/udp_sock.o
 *fill*         0xc01130a5        0x3 
 .rodata        0xc01130a8       0xe8 network/tcp_sock.o
 .rodata        0xc0113190       0xa9 network/netdev.o
 *fill*         0xc0113239        0x3 
 .rodata        0xc011323c       0x31 network/tcp.o
 .rodata        0xc011326d        0x9 network/sock.o
 *fill*         0xc0113276        0x2 
 .rodata        0xc0113278       0xc3 network/tcp_output.o
 *fill*         0xc011333b        0x1 
 .rodata        0xc011333c       0x9c network/arp.o
 .rodata        0xc01133d8       0x37 network/route.o
 *fill*         0xc011340f        0x1 
 .rodata        0xc0113410      0x160 network/ipc.o
 .rodata        0xc0113570       0x32 network/icmpv4.o
 .rodata        0xc01135a2        0x9 network/ip_output.o
 *fill*         0xc01135ab        0x1 
 .rodata        0xc01135ac       0x48 network/inet.o
 .rodata        0xc01135f4        0x9 network/dst.o
 *fill*         0xc01135fd        0x3 
 .rodata        0xc0113600       0x60 network/tcp_input.o
 .rodata        0xc0113660       0x3f network/task_network.o
 .rodata        0xc011369f        0x9 network/udp.o
 .rodata        0xc01136a8       0x1e network/tcp_data.o
 *fill*         0xc01136c6        0x2 
 .rodata        0xc01136c8       0x41 network/utils.o
 *fill*         0xc0113709        0x3 
 .rodata        0xc011370c      0x19c hd/hd.o
 .rodata        0xc01138a8      0x1eb fs/fs_main.o
                0xc01138a8                FSBUF_SIZE
 .rodata        0xc0113a93       0x21 mm/forkexit.o
 .rodata        0xc0113ab4       0x10 mm/exec.o
 .rodata        0xc0113ac4       0x11 mm/main.o
 .rodata        0xc0113ad5       0x41 mem/mem.o
 .rodata        0xc0113b16       0x2d lib/exec.o
 .rodata        0xc0113b43       0x2a lib/stdio/close.o
 .rodata        0xc0113b6d        0x3 lib/arpa/inet_pton.o
 .rodata        0xc0113b70        0x3 lib/arpa/inet_ntop.o

.txt            0xc0113b73       0xaa
 .txt           0xc0113b73       0x82 string.o
                0xc0113b73                Memcpy2
                0xc0113ba1                Memset
                0xc0113bc0                Strcpy
                0xc0113bda                Strlen
 .txt           0xc0113bf5       0x28 hd/hd_rdwt.o
                0xc0113bf5                read_port
                0xc0113c09                write_port

.rodata1
 *(.rodata1)

.eh_frame_hdr
 *(.eh_frame_hdr)
 *(.eh_frame_entry .eh_frame_entry.*)

.eh_frame       0xc0113c20     0x40c4
 *(.eh_frame)
 .eh_frame      0xc0113c20       0xd8 double_link_list.o
 .eh_frame      0xc0113cf8      0x6cc kernel_main_old.o
                                0x6e4 (size before relaxing)
 .eh_frame      0xc01143c4       0xe4 kernel_main.o
                                 0xfc (size before relaxing)
 .eh_frame      0xc01144a8      0x100 protect.o
                                0x118 (size before relaxing)
 .eh_frame      0xc01145a8      0x1e0 console.o
                                0x1f8 (size before relaxing)
 .eh_frame      0xc0114788       0xa0 keyboard.o
                                 0xb8 (size before relaxing)
 .eh_frame      0xc0114828       0x80 process.o
                                 0x98 (size before relaxing)
 .eh_frame      0xc01148a8       0x80 thread.o
                                 0x98 (size before relaxing)
 .eh_frame      0xc0114928       0xe0 my_process.o
                                 0xf8 (size before relaxing)
 .eh_frame      0xc0114a08       0xe0 network/skbuff.o
                                 0xf8 (size before relaxing)
 .eh_frame      0xc0114ae8      0x2a0 network/socket.o
                                0x2b8 (size before relaxing)
 .eh_frame      0xc0114d88      0x104 network/ip_input.o
                                0x11c (size before relaxing)
 .eh_frame      0xc0114e8c      0x404 network/udp_sock.o
                                0x41c (size before relaxing)
 .eh_frame      0xc0115290      0x4c0 network/tcp_sock.o
                                0x4d8 (size before relaxing)
 .eh_frame      0xc0115750      0x14c network/netdev.o
                                0x164 (size before relaxing)
 .eh_frame      0xc011589c      0x268 network/tcp.o
                                0x280 (size before relaxing)
 .eh_frame      0xc0115b04      0x1a0 network/sock.o
                                0x1b8 (size before relaxing)
 .eh_frame      0xc0115ca4      0x3c4 network/tcp_output.o
                                0x3dc (size before relaxing)
 .eh_frame      0xc0116068      0x1c0 network/arp.o
                                0x1d8 (size before relaxing)
 .eh_frame      0xc0116228      0x124 network/route.o
                                0x13c (size before relaxing)
 .eh_frame      0xc011634c      0x250 network/ipc.o
                                0x268 (size before relaxing)
 .eh_frame      0xc011659c       0x80 network/icmpv4.o
                                 0x98 (size before relaxing)
 .eh_frame      0xc011661c       0x40 network/ip_output.o
                                 0x58 (size before relaxing)
 .eh_frame      0xc011665c      0x180 network/inet.o
                                0x198 (size before relaxing)
 .eh_frame      0xc01167dc       0x40 network/dst.o
                                 0x58 (size before relaxing)
 .eh_frame      0xc011681c      0x300 network/tcp_input.o
                                0x318 (size before relaxing)
 .eh_frame      0xc0116b1c       0x40 network/task_network.o
                                 0x58 (size before relaxing)
 .eh_frame      0xc0116b5c      0x1e4 network/udp.o
                                0x1fc (size before relaxing)
 .eh_frame      0xc0116d40      0x200 network/tcp_data.o
                                0x218 (size before relaxing)
 .eh_frame      0xc0116f40       0xe4 network/utils.o
                                 0xfc (size before relaxing)
 .eh_frame      0xc0117024      0x284 hd/hd.o
                                0x29c (size before relaxing)
 .eh_frame      0xc01172a8      0x27c fs/fs_main.o
                                0x294 (size before relaxing)
 .eh_frame      0xc0117524       0x80 mm/forkexit.o
                                 0x98 (size before relaxing)
 .eh_frame      0xc01175a4       0x20 mm/exec.o
                                 0x38 (size before relaxing)
 .eh_frame      0xc01175c4       0x3c mm/main.o
                                 0x54 (size before relaxing)
 .eh_frame      0xc0117600      0x364 mem/mem.o
                                0x37c (size before relaxing)
 .eh_frame      0xc0117964       0x20 lib/floor.o
                                 0x38 (size before relaxing)
 .eh_frame      0xc0117984       0x60 lib/exec.o
                                 0x78 (size before relaxing)
 .eh_frame      0xc01179e4       0x20 lib/exit.o
                                 0x38 (size before relaxing)
 .eh_frame      0xc0117a04       0x20 lib/unlink.o
                                 0x38 (size before relaxing)
 .eh_frame      0xc0117a24       0x20 lib/wait.o
                                 0x38 (size before relaxing)
 .eh_frame      0xc0117a44       0x20 lib/calloc.o
                                 0x38 (size before relaxing)
 .eh_frame      0xc0117a64       0x20 lib/alloca.o
                                 0x38 (size before relaxing)
 .eh_frame      0xc0117a84       0x20 lib/fork.o
                                 0x38 (size before relaxing)
 .eh_frame      0xc0117aa4       0x20 lib/getpid.o
                                 0x38 (size before relaxing)
 .eh_frame      0xc0117ac4       0x20 lib/string/strtok.o
                                 0x38 (size before relaxing)
 .eh_frame      0xc0117ae4       0x20 lib/string/strcmp.o
                                 0x38 (size before relaxing)
 .eh_frame      0xc0117b04       0x20 lib/string/strncmp.o
                                 0x38 (size before relaxing)
 .eh_frame      0xc0117b24       0x20 lib/string/strpbrk.o
                                 0x38 (size before relaxing)
 .eh_frame      0xc0117b44       0x20 lib/stdio/read.o
                                 0x38 (size before relaxing)
 .eh_frame      0xc0117b64       0x20 lib/stdio/perror.o
                                 0x38 (size before relaxing)
 .eh_frame      0xc0117b84       0x20 lib/stdio/sscanf.o
                                 0x38 (size before relaxing)
 .eh_frame      0xc0117ba4       0x20 lib/stdio/open.o
                                 0x38 (size before relaxing)
 .eh_frame      0xc0117bc4       0x20 lib/stdio/write.o
                                 0x38 (size before relaxing)
 .eh_frame      0xc0117be4       0x20 lib/stdio/close.o
                                 0x38 (size before relaxing)
 .eh_frame      0xc0117c04       0x20 lib/arpa/ntohs.o
                                 0x38 (size before relaxing)
 .eh_frame      0xc0117c24       0x20 lib/arpa/htonl.o
                                 0x38 (size before relaxing)
 .eh_frame      0xc0117c44       0x20 lib/arpa/htons.o
                                 0x38 (size before relaxing)
 .eh_frame      0xc0117c64       0x40 lib/arpa/inet_pton.o
                                 0x58 (size before relaxing)
 .eh_frame      0xc0117ca4       0x20 lib/arpa/ntohl.o
                                 0x38 (size before relaxing)
 .eh_frame      0xc0117cc4       0x20 lib/arpa/inet_ntop.o
                                 0x38 (size before relaxing)
 *(.eh_frame.*)

.sframe
 *(.sframe)
 *(.sframe.*)

.gcc_except_table
 *(.gcc_except_table .gcc_except_table.*)

.gnu_extab
 *(.gnu_extab*)

.exception_ranges
 *(.exception_ranges*)
                0xc0118000                        . = DATA_SEGMENT_ALIGN (CONSTANT (MAXPAGESIZE), CONSTANT (COMMONPAGESIZE))

.eh_frame
 *(.eh_frame)
 *(.eh_frame.*)

.sframe
 *(.sframe)
 *(.sframe.*)

.gnu_extab
 *(.gnu_extab)

.gcc_except_table
 *(.gcc_except_table .gcc_except_table.*)

.exception_ranges
 *(.exception_ranges*)

.tdata          0xc0118000        0x0
                [!provide]                        PROVIDE (__tdata_start = .)
 *(.tdata .tdata.* .gnu.linkonce.td.*)

.tbss
 *(.tbss .tbss.* .gnu.linkonce.tb.*)
 *(.tcommon)

.preinit_array  0xc0118000        0x0
                [!provide]                        PROVIDE (__preinit_array_start = .)
 *(.preinit_array)
                [!provide]                        PROVIDE (__preinit_array_end = .)

.init_array     0xc0118000        0x0
                [!provide]                        PROVIDE (__init_array_start = .)
 *(SORT_BY_INIT_PRIORITY(.init_array.*) SORT_BY_INIT_PRIORITY(.ctors.*))
 *(.init_array EXCLUDE_FILE(*crtend?.o *crtend.o *crtbegin?.o *crtbegin.o) .ctors)
                [!provide]                        PROVIDE (__init_array_end = .)

.fini_array     0xc0118000        0x0
                [!provide]                        PROVIDE (__fini_array_start = .)
 *(SORT_BY_INIT_PRIORITY(.fini_array.*) SORT_BY_INIT_PRIORITY(.dtors.*))
 *(.fini_array EXCLUDE_FILE(*crtend?.o *crtend.o *crtbegin?.o *crtbegin.o) .dtors)
                [!provide]                        PROVIDE (__fini_array_end = .)

.ctors
 *crtbegin.o(.ctors)
 *crtbegin?.o(.ctors)
 *(EXCLUDE_FILE(*crtend?.o *crtend.o) .ctors)
 *(SORT_BY_NAME(.ctors.*))
 *(.ctors)

.dtors
 *crtbegin.o(.dtors)
 *crtbegin?.o(.dtors)
 *(EXCLUDE_FILE(*crtend?.o *crtend.o) .dtors)
 *(SORT_BY_NAME(.dtors.*))
 *(.dtors)

.jcr
 *(.jcr)

.data.rel.ro
 *(.data.rel.ro.local* .gnu.linkonce.d.rel.ro.local.*)
 *(.data.rel.ro .data.rel.ro.* .gnu.linkonce.d.rel.ro.*)

.dynamic
 *(.dynamic)

.got            0xc0118000        0x0
 *(.got)
 .got           0xc0118000        0x0 kernel/kernel_sub.o
 *(.igot)
                0xc0118000                        . = DATA_SEGMENT_RELRO_END (., (SIZEOF (.got.plt) >= 0xc)?0xc:0x0)

.got.plt        0xc0118000        0x0
 *(.got.plt)
 .got.plt       0xc0118000        0x0 kernel/kernel_sub.o
 *(.igot.plt)
 .igot.plt      0xc0118000        0x0 kernel/kernel_sub.o

.data           0xc0118000      0xb78
 *(.data .data.* .gnu.linkonce.d.*)
 .data          0xc0118000        0xf kernel/kernel_sub.o
 *fill*         0xc011800f        0x1 
 .data          0xc0118010        0xf kernel/kernel.o
 *fill*         0xc011801f        0x1 
 .data          0xc0118020        0x0 syscall.o
 .data          0xc0118020        0x0 double_link_list.o
 .data          0xc0118020        0x0 kernel_main_old.o
 .data          0xc0118020        0x0 kernel_main.o
 .data          0xc0118020        0x0 protect.o
 .data          0xc0118020      0x160 global.o
                0xc0118020                user_task_table
                0xc01180a0                sys_task_table
                0xc0118164                sys_call_table
 .data          0xc0118180        0x0 console.o
 .data          0xc0118180      0x600 keyboard.o
                0xc0118180                keymap
 .data          0xc0118780        0x0 process.o
 .data          0xc0118780        0x0 thread.o
 .data          0xc0118780        0x0 my_process.o
 .data          0xc0118780        0x4 network/skbuff.o
 *fill*         0xc0118784       0x1c 
 .data          0xc01187a0      0x224 network/socket.o
 .data          0xc01189c4        0x4 network/ip_input.o
 *fill*         0xc01189c8       0x18 
 .data          0xc01189e0       0x54 network/udp_sock.o
                0xc0118a00                udp_ops
 *fill*         0xc0118a34        0xc 
 .data          0xc0118a40       0x54 network/tcp_sock.o
                0xc0118a60                tcp_ops
 .data          0xc0118a94        0x4 network/netdev.o
 .data          0xc0118a98        0x8 network/tcp.o
 .data          0xc0118aa0        0x4 network/sock.o
 .data          0xc0118aa4        0x4 network/tcp_output.o
 .data          0xc0118aa8       0x14 network/arp.o
 .data          0xc0118abc        0xc network/route.o
 .data          0xc0118ac8        0xc network/ipc.o
 .data          0xc0118ad4        0x4 network/icmpv4.o
 .data          0xc0118ad8        0x4 network/ip_output.o
 *fill*         0xc0118adc        0x4 
 .data          0xc0118ae0       0x80 network/inet.o
                0xc0118ae8                inet
 .data          0xc0118b60        0x4 network/dst.o
 .data          0xc0118b64        0x4 network/tcp_input.o
 .data          0xc0118b68        0x0 network/task_network.o
 .data          0xc0118b68        0x8 network/udp.o
 .data          0xc0118b70        0x4 network/tcp_data.o
 .data          0xc0118b74        0x4 network/utils.o
 .data          0xc0118b78        0x0 hd/hd.o
 .data          0xc0118b78        0x0 fs/fs_main.o
 .data          0xc0118b78        0x0 mm/forkexit.o
 .data          0xc0118b78        0x0 mm/exec.o
 .data          0xc0118b78        0x0 mm/main.o
 .data          0xc0118b78        0x0 mem/mem.o
 .data          0xc0118b78        0x0 lib/floor.o
 .data          0xc0118b78        0x0 lib/exec.o
 .data          0xc0118b78        0x0 lib/exit.o
 .data          0xc0118b78        0x0 lib/unlink.o
 .data          0xc0118b78        0x0 lib/wait.o
 .data          0xc0118b78        0x0 lib/calloc.o
 .data          0xc0118b78        0x0 lib/alloca.o
 .data          0xc0118b78        0x0 lib/fork.o
 .data          0xc0118b78        0x0 lib/getpid.o
 .data          0xc0118b78        0x0 lib/string/strtok.o
 .data          0xc0118b78        0x0 lib/string/strcmp.o
 .data          0xc0118b78        0x0 lib/string/strncmp.o
 .data          0xc0118b78        0x0 lib/string/strpbrk.o
 .data          0xc0118b78        0x0 lib/stdio/read.o
 .data          0xc0118b78        0x0 lib/stdio/perror.o
 .data          0xc0118b78        0x0 lib/stdio/sscanf.o
 .data          0xc0118b78        0x0 lib/stdio/open.o
 .data          0xc0118b78        0x0 lib/stdio/write.o
 .data          0xc0118b78        0x0 lib/stdio/close.o
 .data          0xc0118b78        0x0 lib/arpa/ntohs.o
 .data          0xc0118b78        0x0 lib/arpa/htonl.o
 .data          0xc0118b78        0x0 lib/arpa/htons.o
 .data          0xc0118b78        0x0 lib/arpa/inet_pton.o
 .data          0xc0118b78        0x0 lib/arpa/ntohl.o
 .data          0xc0118b78        0x0 lib/arpa/inet_ntop.o

.data1
 *(.data1)
                0xc0118b78                        _edata = .
                [!provide]                        PROVIDE (edata = .)
                0xc0118b78                        . = .
                0xc0118b78                        __bss_start = .

.bss            0xc0118b80    0x959b0
 *(.dynbss)
 *(.bss .bss.* .gnu.linkonce.b.*)
 .bss           0xc0118b80      0x800 kernel/kernel_sub.o
 .bss           0xc0119380      0x800 kernel/kernel.o
 .bss           0xc0119b80        0x0 double_link_list.o
 .bss           0xc0119b80        0x0 kernel_main_old.o
 .bss           0xc0119b80        0x0 kernel_main.o
 .bss           0xc0119b80        0x0 protect.o
 .bss           0xc0119b80        0x0 global.o
 .bss           0xc0119b80        0x0 console.o
 .bss           0xc0119b80        0x0 keyboard.o
 .bss           0xc0119b80        0x0 process.o
 .bss           0xc0119b80        0x0 thread.o
 .bss           0xc0119b80        0x0 my_process.o
 .bss           0xc0119b80        0x0 network/skbuff.o
 .bss           0xc0119b80        0x4 network/socket.o
 .bss           0xc0119b84        0x0 network/ip_input.o
 .bss           0xc0119b84        0x4 network/udp_sock.o
 .bss           0xc0119b88        0x0 network/tcp_sock.o
 .bss           0xc0119b88        0x0 network/netdev.o
 .bss           0xc0119b88        0x0 network/tcp.o
 .bss           0xc0119b88        0x0 network/sock.o
 .bss           0xc0119b88        0x0 network/tcp_output.o
 .bss           0xc0119b88        0x0 network/arp.o
 .bss           0xc0119b88        0x0 network/route.o
 .bss           0xc0119b88        0x4 network/ipc.o
 .bss           0xc0119b8c        0x0 network/icmpv4.o
 .bss           0xc0119b8c        0x0 network/ip_output.o
 .bss           0xc0119b8c        0x0 network/inet.o
 .bss           0xc0119b8c        0x0 network/dst.o
 .bss           0xc0119b8c        0x0 network/tcp_input.o
 .bss           0xc0119b8c        0x0 network/task_network.o
 .bss           0xc0119b8c        0x0 network/udp.o
 .bss           0xc0119b8c        0x0 network/tcp_data.o
 .bss           0xc0119b8c        0x0 network/utils.o
 .bss           0xc0119b8c        0x0 hd/hd.o
 .bss           0xc0119b8c        0x4 fs/fs_main.o
                0xc0119b8c                c
 .bss           0xc0119b90        0x0 mm/forkexit.o
 .bss           0xc0119b90        0x0 mm/exec.o
 .bss           0xc0119b90        0x0 mm/main.o
 .bss           0xc0119b90        0x0 mem/mem.o
 .bss           0xc0119b90        0x0 lib/floor.o
 .bss           0xc0119b90        0x0 lib/exec.o
 .bss           0xc0119b90        0x0 lib/exit.o
 .bss           0xc0119b90        0x0 lib/unlink.o
 .bss           0xc0119b90        0x0 lib/wait.o
 .bss           0xc0119b90        0x0 lib/calloc.o
 .bss           0xc0119b90        0x0 lib/alloca.o
 .bss           0xc0119b90        0x0 lib/fork.o
 .bss           0xc0119b90        0x0 lib/getpid.o
 .bss           0xc0119b90        0x4 lib/string/strtok.o
 .bss           0xc0119b94        0x0 lib/string/strcmp.o
 .bss           0xc0119b94        0x0 lib/string/strncmp.o
 .bss           0xc0119b94        0x0 lib/string/strpbrk.o
 .bss           0xc0119b94        0x0 lib/stdio/read.o
 .bss           0xc0119b94        0x0 lib/stdio/perror.o
 .bss           0xc0119b94        0x0 lib/stdio/sscanf.o
 .bss           0xc0119b94        0x0 lib/stdio/open.o
 .bss           0xc0119b94        0x0 lib/stdio/write.o
 .bss           0xc0119b94        0x0 lib/stdio/close.o
 .bss           0xc0119b94        0x0 lib/arpa/ntohs.o
 .bss           0xc0119b94        0x0 lib/arpa/htonl.o
 .bss           0xc0119b94        0x0 lib/arpa/htons.o
 .bss           0xc0119b94        0x0 lib/arpa/inet_pton.o
 .bss           0xc0119b94        0x0 lib/arpa/ntohl.o
 .bss           0xc0119b94        0x0 lib/arpa/inet_ntop.o
 *(COMMON)
 *fill*         0xc0119b94        0xc 
 COMMON         0xc0119ba0     0x17b8 double_link_list.o
                0xc0119ba0                current_tty
                0xc0119ba4                is_e0
                0xc0119ba8                idt_ptr
                0xc0119bb0                pid
                0xc0119bb4                KernelVirtualMemory
                0xc0119bc0                current_dis_pos
                0xc0119bc4                dis_pos
                0xc0119bc8                k_reenter
                0xc0119be0                gdt
                0xc0119fe0                proc_ready_table
                0xc0119fe4                test_ticks
                0xc0119fe8                pcaller
                0xc011a000                keyboard_buffer
                0xc011a20c                pcb_list
                0xc011a21c                gdt_index
                0xc011a220                tty_table
                0xc011aa60                tss
                0xc011aacc                KernelPool
                0xc011aadc                net_buf
                0xc011aae0                nic_current_page
                0xc011aae4                counter
                0xc011aae8                key_pressed
                0xc011aaec                fork_pid
                0xc011aaf0                is_shift
                0xc011aaf1                net_data
                0xc011aaf4                gdt_ptr
                0xc011ab00                idt
                0xc011b300                main_thread
                0xc011b308                ticks
                0xc011b310                is_init
                0xc011b314                UserPool
                0xc011b324                all_pcb_list
                0xc011b334                console_table
                0xc011b344                is_disp
                0xc011b348                MAIN_THREAD_PAGE_DIRECTORY
                0xc011b34c                helloStr
 *fill*         0xc011b358        0x8 
 COMMON         0xc011b360    0x91e14 global.o
                0xc011b360                proc_stack
                0xc01ab360                proc_table
 COMMON         0xc01ad174        0x8 network/netdev.o
                0xc01ad174                loop
                0xc01ad178                netdev
 *fill*         0xc01ad17c        0x4 
 COMMON         0xc01ad180      0x440 hd/hd.o
                0xc01ad180                hd_info
                0xc01ad3c0                hd_cache
 COMMON         0xc01ad5c0      0xe68 fs/fs_main.o
                0xc01ad5c0                file_desc_table
                0xc01ad9c0                phy_super_block_buf
                0xc01ad9c4                phy_fsbuf
                0xc01ad9e0                inode_table
                0xc01ae3e0                super_block_buf
                0xc01ae3e4                fsbuf
                0xc01ae400                root
 *fill*         0xc01ae428       0x18 
 COMMON         0xc01ae440       0xf0 mem/mem.o
                0xc01ae440                kernel_mem_block_decs_array
                0xc01ae530                        . = ALIGN ((. != 0x0)?0x4:0x1)
                0xc01ae530                        . = ALIGN (0x4)
                0xc01ae530                        . = SEGMENT_START ("ldata-segment", .)
                0xc01ae530                        . = ALIGN (0x4)
                0xc01ae530                        _end = .
                [!provide]                        PROVIDE (end = .)
                0xc01ae530                        . = DATA_SEGMENT_END (.)

.stab
 *(.stab)

.stabstr
 *(.stabstr)

.stab.excl
 *(.stab.excl)

.stab.exclstr
 *(.stab.exclstr)

.stab.index
 *(.stab.index)

.stab.indexstr
 *(.stab.indexstr)

.comment        0x00000000       0x2c
 *(.comment)
 .comment       0x00000000       0x2c double_link_list.o
                                 0x2d (size before relaxing)
 .comment       0x0000002c       0x2d kernel_main_old.o
 .comment       0x0000002c       0x2d kernel_main.o
 .comment       0x0000002c       0x2d protect.o
 .comment       0x0000002c       0x2d global.o
 .comment       0x0000002c       0x2d console.o
 .comment       0x0000002c       0x2d keyboard.o
 .comment       0x0000002c       0x2d process.o
 .comment       0x0000002c       0x2d thread.o
 .comment       0x0000002c       0x2d my_process.o
 .comment       0x0000002c       0x2d network/skbuff.o
 .comment       0x0000002c       0x2d network/socket.o
 .comment       0x0000002c       0x2d network/ip_input.o
 .comment       0x0000002c       0x2d network/udp_sock.o
 .comment       0x0000002c       0x2d network/tcp_sock.o
 .comment       0x0000002c       0x2d network/netdev.o
 .comment       0x0000002c       0x2d network/tcp.o
 .comment       0x0000002c       0x2d network/sock.o
 .comment       0x0000002c       0x2d network/tcp_output.o
 .comment       0x0000002c       0x2d network/arp.o
 .comment       0x0000002c       0x2d network/route.o
 .comment       0x0000002c       0x2d network/ipc.o
 .comment       0x0000002c       0x2d network/icmpv4.o
 .comment       0x0000002c       0x2d network/ip_output.o
 .comment       0x0000002c       0x2d network/inet.o
 .comment       0x0000002c       0x2d network/dst.o
 .comment       0x0000002c       0x2d network/tcp_input.o
 .comment       0x0000002c       0x2d network/task_network.o
 .comment       0x0000002c       0x2d network/udp.o
 .comment       0x0000002c       0x2d network/tcp_data.o
 .comment       0x0000002c       0x2d network/utils.o
 .comment       0x0000002c       0x2d hd/hd.o
 .comment       0x0000002c       0x2d fs/fs_main.o
 .comment       0x0000002c       0x2d mm/forkexit.o
 .comment       0x0000002c       0x2d mm/exec.o
 .comment       0x0000002c       0x2d mm/main.o
 .comment       0x0000002c       0x2d mem/mem.o
 .comment       0x0000002c       0x2d lib/floor.o
 .comment       0x0000002c       0x2d lib/exec.o
 .comment       0x0000002c       0x2d lib/exit.o
 .comment       0x0000002c       0x2d lib/unlink.o
 .comment       0x0000002c       0x2d lib/wait.o
 .comment       0x0000002c       0x2d lib/calloc.o
 .comment       0x0000002c       0x2d lib/alloca.o
 .comment       0x0000002c       0x2d lib/fork.o
 .comment       0x0000002c       0x2d lib/getpid.o
 .comment       0x0000002c       0x2d lib/string/strtok.o
 .comment       0x0000002c       0x2d lib/string/strcmp.o
 .comment       0x0000002c       0x2d lib/string/strncmp.o
 .comment       0x0000002c       0x2d lib/string/strpbrk.o
 .comment       0x0000002c       0x2d lib/stdio/read.o
 .comment       0x0000002c       0x2d lib/stdio/perror.o
 .comment       0x0000002c       0x2d lib/stdio/sscanf.o
 .comment       0x0000002c       0x2d lib/stdio/open.o
 .comment       0x0000002c       0x2d lib/stdio/write.o
 .comment       0x0000002c       0x2d lib/stdio/close.o
 .comment       0x0000002c       0x2d lib/arpa/ntohs.o
 .comment       0x0000002c       0x2d lib/arpa/htonl.o
 .comment       0x0000002c       0x2d lib/arpa/htons.o
 .comment       0x0000002c       0x2d lib/arpa/inet_pton.o
 .comment       0x0000002c       0x2d lib/arpa/ntohl.o
 .comment       0x0000002c       0x2d lib/arpa/inet_ntop.o

.gnu.build.attributes
 *(.gnu.build.attributes .gnu.build.attributes.*)

.debug
 *(.debug)

.line
 *(.line)

.debug_srcinfo
 *(.debug_srcinfo)

.debug_sfnames
 *(.debug_sfnames)

.debug_aranges  0x00000000      0x7b8
 *(.debug_aranges)
 .debug_aranges
                0x00000000       0x20 double_link_list.o
 .debug_aranges
                0x00000020       0x20 kernel_main_old.o
 .debug_aranges
                0x00000040       0x20 kernel_main.o
 .debug_aranges
                0x00000060       0x20 protect.o
 .debug_aranges
                0x00000080       0x18 global.o
 .debug_aranges
                0x00000098       0x20 console.o
 .debug_aranges
                0x000000b8       0x20 keyboard.o
 .debug_aranges
                0x000000d8       0x20 process.o
 .debug_aranges
                0x000000f8       0x20 thread.o
 .debug_aranges
                0x00000118       0x20 my_process.o
 .debug_aranges
                0x00000138       0x20 network/skbuff.o
 .debug_aranges
                0x00000158       0x20 network/socket.o
 .debug_aranges
                0x00000178       0x20 network/ip_input.o
 .debug_aranges
                0x00000198       0x20 network/udp_sock.o
 .debug_aranges
                0x000001b8       0x20 network/tcp_sock.o
 .debug_aranges
                0x000001d8       0x20 network/netdev.o
 .debug_aranges
                0x000001f8       0x20 network/tcp.o
 .debug_aranges
                0x00000218       0x20 network/sock.o
 .debug_aranges
                0x00000238       0x20 network/tcp_output.o
 .debug_aranges
                0x00000258       0x20 network/arp.o
 .debug_aranges
                0x00000278       0x20 network/route.o
 .debug_aranges
                0x00000298       0x20 network/ipc.o
 .debug_aranges
                0x000002b8       0x20 network/icmpv4.o
 .debug_aranges
                0x000002d8       0x20 network/ip_output.o
 .debug_aranges
                0x000002f8       0x20 network/inet.o
 .debug_aranges
                0x00000318       0x20 network/dst.o
 .debug_aranges
                0x00000338       0x20 network/tcp_input.o
 .debug_aranges
                0x00000358       0x20 network/task_network.o
 .debug_aranges
                0x00000378       0x20 network/udp.o
 .debug_aranges
                0x00000398       0x20 network/tcp_data.o
 .debug_aranges
                0x000003b8       0x20 network/utils.o
 .debug_aranges
                0x000003d8       0x20 hd/hd.o
 .debug_aranges
                0x000003f8       0x20 fs/fs_main.o
 .debug_aranges
                0x00000418       0x20 mm/forkexit.o
 .debug_aranges
                0x00000438       0x20 mm/exec.o
 .debug_aranges
                0x00000458       0x20 mm/main.o
 .debug_aranges
                0x00000478       0x20 mem/mem.o
 .debug_aranges
                0x00000498       0x20 lib/floor.o
 .debug_aranges
                0x000004b8       0x20 lib/exec.o
 .debug_aranges
                0x000004d8       0x20 lib/exit.o
 .debug_aranges
                0x000004f8       0x20 lib/unlink.o
 .debug_aranges
                0x00000518       0x20 lib/wait.o
 .debug_aranges
                0x00000538       0x20 lib/calloc.o
 .debug_aranges
                0x00000558       0x20 lib/alloca.o
 .debug_aranges
                0x00000578       0x20 lib/fork.o
 .debug_aranges
                0x00000598       0x20 lib/getpid.o
 .debug_aranges
                0x000005b8       0x20 lib/string/strtok.o
 .debug_aranges
                0x000005d8       0x20 lib/string/strcmp.o
 .debug_aranges
                0x000005f8       0x20 lib/string/strncmp.o
 .debug_aranges
                0x00000618       0x20 lib/string/strpbrk.o
 .debug_aranges
                0x00000638       0x20 lib/stdio/read.o
 .debug_aranges
                0x00000658       0x20 lib/stdio/perror.o
 .debug_aranges
                0x00000678       0x20 lib/stdio/sscanf.o
 .debug_aranges
                0x00000698       0x20 lib/stdio/open.o
 .debug_aranges
                0x000006b8       0x20 lib/stdio/write.o
 .debug_aranges
                0x000006d8       0x20 lib/stdio/close.o
 .debug_aranges
                0x000006f8       0x20 lib/arpa/ntohs.o
 .debug_aranges
                0x00000718       0x20 lib/arpa/htonl.o
 .debug_aranges
                0x00000738       0x20 lib/arpa/htons.o
 .debug_aranges
                0x00000758       0x20 lib/arpa/inet_pton.o
 .debug_aranges
                0x00000778       0x20 lib/arpa/ntohl.o
 .debug_aranges
                0x00000798       0x20 lib/arpa/inet_ntop.o

.debug_pubnames
 *(.debug_pubnames)

.debug_info     0x00000000    0x3d466
 *(.debug_info .gnu.linkonce.wi.*)
 .debug_info    0x00000000     0x1044 double_link_list.o
 .debug_info    0x00001044     0x2820 kernel_main_old.o
 .debug_info    0x00003864      0xfea kernel_main.o
 .debug_info    0x0000484e     0x11b5 protect.o
 .debug_info    0x00005a03      0xe8a global.o
 .debug_info    0x0000688d     0x128a console.o
 .debug_info    0x00007b17      0xfde keyboard.o
 .debug_info    0x00008af5      0xf73 process.o
 .debug_info    0x00009a68     0x1069 thread.o
 .debug_info    0x0000aad1     0x149d my_process.o
 .debug_info    0x0000bf6e      0x39f network/skbuff.o
 .debug_info    0x0000c30d     0x1ba7 network/socket.o
 .debug_info    0x0000deb4     0x1aab network/ip_input.o
 .debug_info    0x0000f95f     0x1edd network/udp_sock.o
 .debug_info    0x0001183c     0x21ff network/tcp_sock.o
 .debug_info    0x00013a3b     0x132e network/netdev.o
 .debug_info    0x00014d69     0x1e0e network/tcp.o
 .debug_info    0x00016b77     0x1860 network/sock.o
 .debug_info    0x000183d7     0x2329 network/tcp_output.o
 .debug_info    0x0001a700      0x76e network/arp.o
 .debug_info    0x0001ae6e     0x1282 network/route.o
 .debug_info    0x0001c0f0     0x1c38 network/ipc.o
 .debug_info    0x0001dd28     0x1909 network/icmpv4.o
 .debug_info    0x0001f631     0x1745 network/ip_output.o
 .debug_info    0x00020d76     0x1a0c network/inet.o
 .debug_info    0x00022782     0x11ea network/dst.o
 .debug_info    0x0002396c     0x2111 network/tcp_input.o
 .debug_info    0x00025a7d      0xf22 network/task_network.o
 .debug_info    0x0002699f     0x1b0e network/udp.o
 .debug_info    0x000284ad     0x1d77 network/tcp_data.o
 .debug_info    0x0002a224      0x367 network/utils.o
 .debug_info    0x0002a58b     0x19f3 hd/hd.o
 .debug_info    0x0002bf7e     0x1f3b fs/fs_main.o
 .debug_info    0x0002deb9      0xfbc mm/forkexit.o
 .debug_info    0x0002ee75     0x11ca mm/exec.o
 .debug_info    0x0003003f      0xdcc mm/main.o
 .debug_info    0x00030e0b     0x1cfa mem/mem.o
 .debug_info    0x00032b05       0x6b lib/floor.o
 .debug_info    0x00032b70      0xf40 lib/exec.o
 .debug_info    0x00033ab0      0xdb3 lib/exit.o
 .debug_info    0x00034863      0xe91 lib/unlink.o
 .debug_info    0x000356f4      0xdc1 lib/wait.o
 .debug_info    0x000364b5      0xeb9 lib/calloc.o
 .debug_info    0x0003736e       0x98 lib/alloca.o
 .debug_info    0x00037406      0xda8 lib/fork.o
 .debug_info    0x000381ae      0xda8 lib/getpid.o
 .debug_info    0x00038f56       0xae lib/string/strtok.o
 .debug_info    0x00039004       0xc1 lib/string/strcmp.o
 .debug_info    0x000390c5      0x110 lib/string/strncmp.o
 .debug_info    0x000391d5       0xcf lib/string/strpbrk.o
 .debug_info    0x000392a4      0xea1 lib/stdio/read.o
 .debug_info    0x0003a145       0x5c lib/stdio/perror.o
 .debug_info    0x0003a1a1      0x20e lib/stdio/sscanf.o
 .debug_info    0x0003a3af      0xe02 lib/stdio/open.o
 .debug_info    0x0003b1b1      0xe2f lib/stdio/write.o
 .debug_info    0x0003bfe0      0xdb6 lib/stdio/close.o
 .debug_info    0x0003cd96       0xa8 lib/arpa/ntohs.o
 .debug_info    0x0003ce3e       0xcb lib/arpa/htonl.o
 .debug_info    0x0003cf09       0xa8 lib/arpa/htons.o
 .debug_info    0x0003cfb1      0x260 lib/arpa/inet_pton.o
 .debug_info    0x0003d211       0xcb lib/arpa/ntohl.o
 .debug_info    0x0003d2dc      0x18a lib/arpa/inet_ntop.o

.debug_abbrev   0x00000000     0x77f7
 *(.debug_abbrev)
 .debug_abbrev  0x00000000      0x216 double_link_list.o
 .debug_abbrev  0x00000216      0x452 kernel_main_old.o
 .debug_abbrev  0x00000668      0x21d kernel_main.o
 .debug_abbrev  0x00000885      0x227 protect.o
 .debug_abbrev  0x00000aac      0x157 global.o
 .debug_abbrev  0x00000c03      0x2ac console.o
 .debug_abbrev  0x00000eaf      0x1fb keyboard.o
 .debug_abbrev  0x000010aa      0x1e0 process.o
 .debug_abbrev  0x0000128a      0x222 thread.o
 .debug_abbrev  0x000014ac      0x260 my_process.o
 .debug_abbrev  0x0000170c      0x15f network/skbuff.o
 .debug_abbrev  0x0000186b      0x327 network/socket.o
 .debug_abbrev  0x00001b92      0x2d1 network/ip_input.o
 .debug_abbrev  0x00001e63      0x3b1 network/udp_sock.o
 .debug_abbrev  0x00002214      0x3e6 network/tcp_sock.o
 .debug_abbrev  0x000025fa      0x289 network/netdev.o
 .debug_abbrev  0x00002883      0x332 network/tcp.o
 .debug_abbrev  0x00002bb5      0x273 network/sock.o
 .debug_abbrev  0x00002e28      0x39b network/tcp_output.o
 .debug_abbrev  0x000031c3      0x210 network/arp.o
 .debug_abbrev  0x000033d3      0x24e network/route.o
 .debug_abbrev  0x00003621      0x2ee network/ipc.o
 .debug_abbrev  0x0000390f      0x236 network/icmpv4.o
 .debug_abbrev  0x00003b45      0x213 network/ip_output.o
 .debug_abbrev  0x00003d58      0x24b network/inet.o
 .debug_abbrev  0x00003fa3      0x204 network/dst.o
 .debug_abbrev  0x000041a7      0x355 network/tcp_input.o
 .debug_abbrev  0x000044fc      0x1bc network/task_network.o
 .debug_abbrev  0x000046b8      0x2d3 network/udp.o
 .debug_abbrev  0x0000498b      0x2a6 network/tcp_data.o
 .debug_abbrev  0x00004c31      0x17a network/utils.o
 .debug_abbrev  0x00004dab      0x33e hd/hd.o
 .debug_abbrev  0x000050e9      0x2ef fs/fs_main.o
 .debug_abbrev  0x000053d8      0x204 mm/forkexit.o
 .debug_abbrev  0x000055dc      0x1c4 mm/exec.o
 .debug_abbrev  0x000057a0      0x208 mm/main.o
 .debug_abbrev  0x000059a8      0x2ea mem/mem.o
 .debug_abbrev  0x00005c92       0x6a lib/floor.o
 .debug_abbrev  0x00005cfc      0x1e8 lib/exec.o
 .debug_abbrev  0x00005ee4      0x19b lib/exit.o
 .debug_abbrev  0x0000607f      0x193 lib/unlink.o
 .debug_abbrev  0x00006212      0x19f lib/wait.o
 .debug_abbrev  0x000063b1      0x191 lib/calloc.o
 .debug_abbrev  0x00006542       0x86 lib/alloca.o
 .debug_abbrev  0x000065c8      0x18a lib/fork.o
 .debug_abbrev  0x00006752      0x18a lib/getpid.o
 .debug_abbrev  0x000068dc       0x91 lib/string/strtok.o
 .debug_abbrev  0x0000696d       0x94 lib/string/strcmp.o
 .debug_abbrev  0x00006a01       0xbe lib/string/strncmp.o
 .debug_abbrev  0x00006abf       0xa5 lib/string/strpbrk.o
 .debug_abbrev  0x00006b64      0x1ef lib/stdio/read.o
 .debug_abbrev  0x00006d53       0x5c lib/stdio/perror.o
 .debug_abbrev  0x00006daf       0xdd lib/stdio/sscanf.o
 .debug_abbrev  0x00006e8c      0x1c5 lib/stdio/open.o
 .debug_abbrev  0x00007051      0x1db lib/stdio/write.o
 .debug_abbrev  0x0000722c      0x19d lib/stdio/close.o
 .debug_abbrev  0x000073c9       0x6c lib/arpa/ntohs.o
 .debug_abbrev  0x00007435       0xa5 lib/arpa/htonl.o
 .debug_abbrev  0x000074da       0x6c lib/arpa/htons.o
 .debug_abbrev  0x00007546      0x116 lib/arpa/inet_pton.o
 .debug_abbrev  0x0000765c       0xa5 lib/arpa/ntohl.o
 .debug_abbrev  0x00007701       0xf6 lib/arpa/inet_ntop.o

.debug_line     0x00000000     0x9614
 *(.debug_line .debug_line.* .debug_line_end)
 .debug_line    0x00000000      0x253 double_link_list.o
 .debug_line    0x00000253      0xe0f kernel_main_old.o
 .debug_line    0x00001062      0x1f7 kernel_main.o
 .debug_line    0x00001259      0x1ff protect.o
 .debug_line    0x00001458       0x95 global.o
 .debug_line    0x000014ed      0x54e console.o
 .debug_line    0x00001a3b      0x296 keyboard.o
 .debug_line    0x00001cd1      0x180 process.o
 .debug_line    0x00001e51      0x145 thread.o
 .debug_line    0x00001f96      0x33b my_process.o
 .debug_line    0x000022d1      0x121 network/skbuff.o
 .debug_line    0x000023f2      0x3a6 network/socket.o
 .debug_line    0x00002798      0x272 network/ip_input.o
 .debug_line    0x00002a0a      0x4b0 network/udp_sock.o
 .debug_line    0x00002eba      0x57b network/tcp_sock.o
 .debug_line    0x00003435      0x24e network/netdev.o
 .debug_line    0x00003683      0x2f5 network/tcp.o
 .debug_line    0x00003978      0x222 network/sock.o
 .debug_line    0x00003b9a      0x58a network/tcp_output.o
 .debug_line    0x00004124      0x34c network/arp.o
 .debug_line    0x00004470      0x209 network/route.o
 .debug_line    0x00004679      0x5ab network/ipc.o
 .debug_line    0x00004c24      0x225 network/icmpv4.o
 .debug_line    0x00004e49      0x1fe network/ip_output.o
 .debug_line    0x00005047      0x30e network/inet.o
 .debug_line    0x00005355      0x15e network/dst.o
 .debug_line    0x000054b3      0x658 network/tcp_input.o
 .debug_line    0x00005b0b      0x105 network/task_network.o
 .debug_line    0x00005c10      0x2ec network/udp.o
 .debug_line    0x00005efc      0x3e9 network/tcp_data.o
 .debug_line    0x000062e5      0x13c network/utils.o
 .debug_line    0x00006421      0x639 hd/hd.o
 .debug_line    0x00006a5a      0xc1a fs/fs_main.o
 .debug_line    0x00007674      0x17a mm/forkexit.o
 .debug_line    0x000077ee      0x20c mm/exec.o
 .debug_line    0x000079fa       0xec mm/main.o
 .debug_line    0x00007ae6      0x7e6 mem/mem.o
 .debug_line    0x000082cc       0x5a lib/floor.o
 .debug_line    0x00008326      0x18b lib/exec.o
 .debug_line    0x000084b1       0xa0 lib/exit.o
 .debug_line    0x00008551       0xc0 lib/unlink.o
 .debug_line    0x00008611       0xb7 lib/wait.o
 .debug_line    0x000086c8       0xe3 lib/calloc.o
 .debug_line    0x000087ab       0x6b lib/alloca.o
 .debug_line    0x00008816       0xa5 lib/fork.o
 .debug_line    0x000088bb       0xa0 lib/getpid.o
 .debug_line    0x0000895b       0x6e lib/string/strtok.o
 .debug_line    0x000089c9       0x8a lib/string/strcmp.o
 .debug_line    0x00008a53       0xcc lib/string/strncmp.o
 .debug_line    0x00008b1f       0xb0 lib/string/strpbrk.o
 .debug_line    0x00008bcf      0x15b lib/stdio/read.o
 .debug_line    0x00008d2a       0x48 lib/stdio/perror.o
 .debug_line    0x00008d72      0x1d2 lib/stdio/sscanf.o
 .debug_line    0x00008f44       0xc3 lib/stdio/open.o
 .debug_line    0x00009007       0xc2 lib/stdio/write.o
 .debug_line    0x000090c9       0xb3 lib/stdio/close.o
 .debug_line    0x0000917c       0x6c lib/arpa/ntohs.o
 .debug_line    0x000091e8       0xc1 lib/arpa/htonl.o
 .debug_line    0x000092a9       0x6c lib/arpa/htons.o
 .debug_line    0x00009315      0x167 lib/arpa/inet_pton.o
 .debug_line    0x0000947c       0xc1 lib/arpa/ntohl.o
 .debug_line    0x0000953d       0xd7 lib/arpa/inet_ntop.o

.debug_frame
 *(.debug_frame)

.debug_str      0x00000000     0x35b4
 *(.debug_str)
 .debug_str     0x00000000     0x35b4 double_link_list.o
                                0x6d1 (size before relaxing)
 .debug_str     0x000035b4      0xb73 kernel_main_old.o
 .debug_str     0x000035b4      0x69c kernel_main.o
 .debug_str     0x000035b4      0x76b protect.o
 .debug_str     0x000035b4      0x610 global.o
 .debug_str     0x000035b4      0x75f console.o
 .debug_str     0x000035b4      0x69c keyboard.o
 .debug_str     0x000035b4      0x64a process.o
 .debug_str     0x000035b4      0x717 thread.o
 .debug_str     0x000035b4      0x8fe my_process.o
 .debug_str     0x000035b4      0x1d8 network/skbuff.o
 .debug_str     0x000035b4      0x928 network/socket.o
 .debug_str     0x000035b4      0x99b network/ip_input.o
 .debug_str     0x000035b4      0xa71 network/udp_sock.o
 .debug_str     0x000035b4      0xcc0 network/tcp_sock.o
 .debug_str     0x000035b4      0x77d network/netdev.o
 .debug_str     0x000035b4      0xb2d network/tcp.o
 .debug_str     0x000035b4      0x8b6 network/sock.o
 .debug_str     0x000035b4      0xc1d network/tcp_output.o
 .debug_str     0x000035b4      0x2f6 network/arp.o
 .debug_str     0x000035b4      0x743 network/route.o
 .debug_str     0x000035b4      0x8d2 network/ipc.o
 .debug_str     0x000035b4      0x91a network/icmpv4.o
 .debug_str     0x000035b4      0x856 network/ip_output.o
 .debug_str     0x000035b4      0x8e7 network/inet.o
 .debug_str     0x000035b4      0x722 network/dst.o
 .debug_str     0x000035b4      0xb8d network/tcp_input.o
 .debug_str     0x000035b4      0x67a network/task_network.o
 .debug_str     0x000035b4      0x94d network/udp.o
 .debug_str     0x000035b4      0xa49 network/tcp_data.o
 .debug_str     0x000035b4      0x1b8 network/utils.o
 .debug_str     0x000035b4      0x9c5 hd/hd.o
 .debug_str     0x000035b4      0xafa fs/fs_main.o
 .debug_str     0x000035b4      0x617 mm/forkexit.o
 .debug_str     0x000035b4      0x86d mm/exec.o
 .debug_str     0x000035b4      0x598 mm/main.o
 .debug_str     0x000035b4      0xa6d mem/mem.o
 .debug_str     0x000035b4       0xa2 lib/floor.o
 .debug_str     0x000035b4      0x62c lib/exec.o
 .debug_str     0x000035b4      0x5a5 lib/exit.o
 .debug_str     0x000035b4      0x624 lib/unlink.o
 .debug_str     0x000035b4      0x5a5 lib/wait.o
 .debug_str     0x000035b4      0x631 lib/calloc.o
 .debug_str     0x000035b4       0xb6 lib/alloca.o
 .debug_str     0x000035b4      0x59e lib/fork.o
 .debug_str     0x000035b4      0x5a2 lib/getpid.o
 .debug_str     0x000035b4       0xb9 lib/string/strtok.o
 .debug_str     0x000035b4       0xb1 lib/string/strcmp.o
 .debug_str     0x000035b4       0xba lib/string/strncmp.o
 .debug_str     0x000035b4       0xc1 lib/string/strpbrk.o
 .debug_str     0x000035b4      0x617 lib/stdio/read.o
 .debug_str     0x000035b4       0x99 lib/stdio/perror.o
 .debug_str     0x000035b4      0x102 lib/stdio/sscanf.o
 .debug_str     0x000035b4      0x5de lib/stdio/open.o
 .debug_str     0x000035b4      0x5db lib/stdio/write.o
 .debug_str     0x000035b4      0x5a6 lib/stdio/close.o
 .debug_str     0x000035b4      0x101 lib/arpa/ntohs.o
 .debug_str     0x000035b4       0xf4 lib/arpa/htonl.o
 .debug_str     0x000035b4      0x102 lib/arpa/htons.o
 .debug_str     0x000035b4      0x14c lib/arpa/inet_pton.o
 .debug_str     0x000035b4       0xf3 lib/arpa/ntohl.o
 .debug_str     0x000035b4      0x10f lib/arpa/inet_ntop.o

.debug_loc
 *(.debug_loc)

.debug_macinfo
 *(.debug_macinfo)

.debug_weaknames
 *(.debug_weaknames)

.debug_funcnames
 *(.debug_funcnames)

.debug_typenames
 *(.debug_typenames)

.debug_varnames
 *(.debug_varnames)

.debug_pubtypes
 *(.debug_pubtypes)

.debug_ranges   0x00000000       0x90
 *(.debug_ranges)
 .debug_ranges  0x00000000       0x30 kernel_main_old.o
 .debug_ranges  0x00000030       0x48 hd/hd.o
 .debug_ranges  0x00000078       0x18 mm/exec.o

.debug_addr
 *(.debug_addr)

.debug_line_str
 *(.debug_line_str)

.debug_loclists
 *(.debug_loclists)

.debug_macro
 *(.debug_macro)

.debug_names
 *(.debug_names)

.debug_rnglists
 *(.debug_rnglists)

.debug_str_offsets
 *(.debug_str_offsets)

.debug_sup
 *(.debug_sup)

.gnu.attributes
 *(.gnu.attributes)

/DISCARD/
 *(.note.GNU-stack)
 *(.gnu_debuglink)
 *(.gnu.lto_*)
OUTPUT(kernel.bin elf32-i386)
