
Merging program properties

Removed property 0xc0010001 to merge double_link_list.o (0x1) and kernel/kernel_sub.o (not found)
Removed property 0xc0010002 to merge double_link_list.o (0x0) and kernel/kernel_sub.o (not found)
Removed property 0xc0010001 to merge double_link_list.o (not found) and kernel_main_old.o (0x1)
Removed property 0xc0010002 to merge double_link_list.o (not found) and kernel_main_old.o (0x1)
Removed property 0xc0010001 to merge double_link_list.o (not found) and kernel_main.o (0x1)
Removed property 0xc0010002 to merge double_link_list.o (not found) and kernel_main.o (0x0)
Removed property 0xc0010001 to merge double_link_list.o (not found) and protect.o (0x1)
Removed property 0xc0010002 to merge double_link_list.o (not found) and protect.o (0x0)
Removed property 0xc0010001 to merge double_link_list.o (not found) and console.o (0x1)
Removed property 0xc0010002 to merge double_link_list.o (not found) and console.o (0x1)
Removed property 0xc0010001 to merge double_link_list.o (not found) and process.o (0x1)
Removed property 0xc0010002 to merge double_link_list.o (not found) and process.o (0x0)
Removed property 0xc0010001 to merge double_link_list.o (not found) and global.o (0x1)
Removed property 0xc0010002 to merge double_link_list.o (not found) and global.o (0x0)
Removed property 0xc0010001 to merge double_link_list.o (not found) and keyboard.o (0x1)
Removed property 0xc0010002 to merge double_link_list.o (not found) and keyboard.o (0x0)
Removed property 0xc0010001 to merge double_link_list.o (not found) and thread.o (0x1)
Removed property 0xc0010002 to merge double_link_list.o (not found) and thread.o (0x0)
Removed property 0xc0010001 to merge double_link_list.o (not found) and my_process.o (0x1)
Removed property 0xc0010002 to merge double_link_list.o (not found) and my_process.o (0x1)
Removed property 0xc0010001 to merge double_link_list.o (not found) and network/socket.o (0x1)
Removed property 0xc0010002 to merge double_link_list.o (not found) and network/socket.o (0x0)
Removed property 0xc0010001 to merge double_link_list.o (not found) and network/ip_input.o (0x1)
Removed property 0xc0010002 to merge double_link_list.o (not found) and network/ip_input.o (0x0)
Removed property 0xc0010001 to merge double_link_list.o (not found) and network/udp_sock.o (0x1)
Removed property 0xc0010002 to merge double_link_list.o (not found) and network/udp_sock.o (0x0)
Removed property 0xc0010001 to merge double_link_list.o (not found) and network/dst.o (0x1)
Removed property 0xc0010002 to merge double_link_list.o (not found) and network/dst.o (0x0)
Removed property 0xc0010001 to merge double_link_list.o (not found) and network/netdev.o (0x1)
Removed property 0xc0010002 to merge double_link_list.o (not found) and network/netdev.o (0x0)
Removed property 0xc0010001 to merge double_link_list.o (not found) and network/ip_output.o (0x1)
Removed property 0xc0010002 to merge double_link_list.o (not found) and network/ip_output.o (0x0)
Removed property 0xc0010001 to merge double_link_list.o (not found) and network/tcp.o (0x1)
Removed property 0xc0010002 to merge double_link_list.o (not found) and network/tcp.o (0x0)
Removed property 0xc0010001 to merge double_link_list.o (not found) and network/sock.o (0x1)
Removed property 0xc0010002 to merge double_link_list.o (not found) and network/sock.o (0x0)
Removed property 0xc0010001 to merge double_link_list.o (not found) and network/tcp_output.o (0x1)
Removed property 0xc0010002 to merge double_link_list.o (not found) and network/tcp_output.o (0x1)
Removed property 0xc0010001 to merge double_link_list.o (not found) and network/arp.o (0x1)
Removed property 0xc0010002 to merge double_link_list.o (not found) and network/arp.o (0x0)
Removed property 0xc0010001 to merge double_link_list.o (not found) and network/tcp_sock.o (0x1)
Removed property 0xc0010002 to merge double_link_list.o (not found) and network/tcp_sock.o (0x0)
Removed property 0xc0010001 to merge double_link_list.o (not found) and network/ipc.o (0x1)
Removed property 0xc0010002 to merge double_link_list.o (not found) and network/ipc.o (0x1)
Removed property 0xc0010001 to merge double_link_list.o (not found) and network/icmpv4.o (0x1)
Removed property 0xc0010002 to merge double_link_list.o (not found) and network/icmpv4.o (0x0)
Removed property 0xc0010001 to merge double_link_list.o (not found) and network/skbuff.o (0x1)
Removed property 0xc0010002 to merge double_link_list.o (not found) and network/skbuff.o (0x0)
Removed property 0xc0010001 to merge double_link_list.o (not found) and network/inet.o (0x1)
Removed property 0xc0010002 to merge double_link_list.o (not found) and network/inet.o (0x0)
Removed property 0xc0010001 to merge double_link_list.o (not found) and network/tcp_input.o (0x1)
Removed property 0xc0010002 to merge double_link_list.o (not found) and network/tcp_input.o (0x0)
Removed property 0xc0010001 to merge double_link_list.o (not found) and network/task_network.o (0x1)
[...]
Memory Configuration

Name             Origin             Length             Attributes
*default*        0x00000000         0xffffffff

Linker script and memory map

Address of section .text set to 0xc0600000
LOAD kernel/kernel_sub.o
LOAD kernel/kernel.o
LOAD switch_to.o
LOAD string.o
LOAD syscall.o
LOAD hd/hd_rdwt.o
LOAD network/ne2000.o
LOAD double_link_list.o
LOAD kernel_main_old.o
LOAD kernel_main.o
LOAD protect.o
LOAD console.o
LOAD process.o
LOAD global.o
LOAD keyboard.o
LOAD thread.o
LOAD my_process.o
LOAD network/socket.o
LOAD network/ip_input.o
LOAD network/udp_sock.o
LOAD network/dst.o
LOAD network/netdev.o
LOAD network/ip_output.o
LOAD network/tcp.o
LOAD network/sock.o
LOAD network/tcp_output.o
LOAD network/arp.o
LOAD network/tcp_sock.o
LOAD network/ipc.o
LOAD network/icmpv4.o
LOAD network/skbuff.o
LOAD network/inet.o
LOAD network/tcp_input.o
LOAD network/task_network.o
LOAD network/route.o
LOAD network/udp.o
LOAD network/tcp_data.o
LOAD network/utils.o
LOAD hd/hd.o
LOAD fs/fs_main.o
LOAD mm/forkexit.o
LOAD mm/exec.o
LOAD mm/main.o
LOAD mem/mem.o
LOAD lib/floor.o
LOAD lib/exec.o
LOAD lib/exit.o
LOAD lib/unlink.o
LOAD lib/wait.o
LOAD lib/calloc.o
LOAD lib/alloca.o
LOAD lib/fork.o
LOAD lib/getpid.o
LOAD lib/stdlib/atoi.o
LOAD lib/string/strtok.o
LOAD lib/string/strcmp.o
LOAD lib/string/strncmp.o
LOAD lib/string/strpbrk.o
LOAD lib/stdio/read.o
LOAD lib/stdio/perror.o
LOAD lib/stdio/sscanf.o
LOAD lib/stdio/open.o
LOAD lib/stdio/write.o
LOAD lib/stdio/close.o
LOAD lib/arpa/ntohs.o
LOAD lib/arpa/htonl.o
LOAD lib/arpa/htons.o
LOAD lib/arpa/inet_pton.o
LOAD lib/arpa/ntohl.o
LOAD lib/arpa/inet_ntop.o
                [!provide]                        PROVIDE (__executable_start = SEGMENT_START ("text-segment", 0x8048000))
                0x080480d4                        . = (SEGMENT_START ("text-segment", 0x8048000) + SIZEOF_HEADERS)

.interp
 *(.interp)

.note.gnu.build-id
 *(.note.gnu.build-id)

.hash
 *(.hash)

.gnu.hash
 *(.gnu.hash)

.dynsym
 *(.dynsym)

.dynstr
 *(.dynstr)

.gnu.version
 *(.gnu.version)

.gnu.version_d
 *(.gnu.version_d)

.gnu.version_r
 *(.gnu.version_r)

.rel.dyn        0x080480d4        0x0
 *(.rel.init)
 *(.rel.text .rel.text.* .rel.gnu.linkonce.t.*)
 .rel.text      0x080480d4        0x0 kernel/kernel_sub.o
 *(.rel.fini)
 *(.rel.rodata .rel.rodata.* .rel.gnu.linkonce.r.*)
 *(.rel.data.rel.ro .rel.data.rel.ro.* .rel.gnu.linkonce.d.rel.ro.*)
 *(.rel.data .rel.data.* .rel.gnu.linkonce.d.*)
 *(.rel.tdata .rel.tdata.* .rel.gnu.linkonce.td.*)
 *(.rel.tbss .rel.tbss.* .rel.gnu.linkonce.tb.*)
 *(.rel.ctors)
 *(.rel.dtors)
 *(.rel.got)
 .rel.got       0x080480d4        0x0 kernel/kernel_sub.o
 *(.rel.bss .rel.bss.* .rel.gnu.linkonce.b.*)
 *(.rel.ifunc)

.rel.plt        0x080480d4        0x0
 *(.rel.plt)
                [!provide]                        PROVIDE (__rel_iplt_start = .)
 *(.rel.iplt)
 .rel.iplt      0x080480d4        0x0 kernel/kernel_sub.o
                [!provide]                        PROVIDE (__rel_iplt_end = .)

.relr.dyn
 *(.relr.dyn)
                0x08049000                        . = ALIGN (CONSTANT (MAXPAGESIZE))

.init
 *(SORT_NONE(.init))

.plt            0x08049000        0x0
 *(.plt)
 *(.iplt)
 .iplt          0x08049000        0x0 kernel/kernel_sub.o

.plt.got
 *(.plt.got)

.plt.sec
 *(.plt.sec)

.text           0xc0600000    0x11ef8
 *(.text.unlikely .text.*_unlikely .text.unlikely.*)
 *(.text.exit .text.exit.*)
 *(.text.startup .text.startup.*)
 *(.text.hot .text.hot.*)
 *(SORT_BY_NAME(.text.sorted.*))
 *(.text .stub .text.* .gnu.linkonce.t.*)
 .text          0xc0600000       0x74 kernel/kernel_sub.o
                0xc0600000                _start
 *fill*         0xc0600074        0xc 
 .text          0xc0600080      0x3d5 kernel/kernel.o
                0xc0600080                InterruptTest
                0xc060008c                disp_str_len
                0xc06000d9                disp_str
                0xc0600114                disp_str_colour
                0xc0600150                divide_zero_fault
                0xc0600156                single_step_fault
                0xc060015c                non_maskable_interrupt
                0xc0600162                breakpoint_trap
                0xc0600168                overflow_trap
                0xc060016e                bound_range_exceeded_fault
                0xc0600174                invalid_opcode_fault
                0xc060017a                coprocessor_not_available_fault
                0xc0600180                double_fault_exception_abort
                0xc0600184                coprocessor_segment_overrun
                0xc060018a                invalid_task_state_segment_fault
                0xc060018e                segment_not_present_fault
                0xc0600192                stack_exception_fault
                0xc0600196                general_protection_exception_fault
                0xc06001a1                page_fault
                0xc06001a5                coprocessor_error_fault
                0xc06001ab                align_check_fault
                0xc06001af                simd_float_exception_fault
                0xc06001be                hwint0
                0xc06001ee                hwint1
                0xc0600231                hwint14
                0xc0600277                hwint10
                0xc06002ba                sys_call
                0xc0600300                fork_restart
                0xc060030f                restart
                0xc0600332                in_byte
                0xc060033e                out_byte
                0xc0600360                disable_int
                0xc0600362                enable_int
                0xc06003f8                enable_8259A_casecade_irq
                0xc0600402                disable_8259A_casecade_irq
                0xc060040c                enable_8259A_slave_winchester_irq
                0xc0600416                disable_8259A_slave_winchester_irq
                0xc0600420                update_cr3
                0xc060042d                update_tss
                0xc060043c                get_running_thread_pcb
                0xc0600442                sys_call_test
                0xc0600445                enable_8259A_slave_net_irq
 *fill*         0xc0600455        0xb 
 .text          0xc0600460       0x15 switch_to.o
                0xc0600460                switch_to
 *fill*         0xc0600475        0xb 
 .text          0xc0600480       0x6a syscall.o
                0xc0600480                write_debug
                0xc0600490                send_msg
                0xc06004a6                receive_msg
                0xc06004bc                sys_malloc
                0xc06004d1                sys_free
 *fill*         0xc06004ea        0x6 
 .text          0xc06004f0      0x259 network/ne2000.o
                0xc0600513                DriverInitialize
                0xc060059d                SetPageStart
                0xc06005c5                DriverSend
                0xc060063a                PCtoNIC
                0xc06006a8                get_interrupt_status
                0xc06006be                set_interrupt_status
                0xc06006d7                get_curr_page
                0xc06006f4                NICtoPC
 .text          0xc0600749      0x302 double_link_list.o
                0xc0600749                initDoubleLinkList
                0xc0600799                isListEmpty
                0xc06007c7                findElementInList
                0xc060085e                appendToDoubleLinkList
                0xc0600924                insertToDoubleLinkList
                0xc06009a8                popFromDoubleLinkList
 .text          0xc0600a4b     0x2de1 kernel_main_old.o
                0xc0600a4b                stop_here
                0xc0600a8f                catch_error
                0xc0600af4                intr_enable
                0xc0600b1d                intr_disable
                0xc0600b46                intr_set_status
                0xc0600b64                intr_get_status
                0xc0600b81                Memcpy
                0xc0600bb4                untar
                0xc0600ec4                num_to_string
                0xc0600f6a                disp_int
                0xc0600f93                do_page_fault
                0xc06010d0                exception_handler
                0xc06012bb                init_internal_interrupt
                0xc0601430                spurious_irq
                0xc06014be                init_keyboard
                0xc0601501                TestTTY
                0xc06015a0                TestReadReturnValue
                0xc060161d                TestWriteReturnValue
                0xc06016f1                TestFS2
                0xc06016ff                TestFS
                0xc0601ba1                wait_exit
                0xc0601c9f                INIT_fork
                0xc0601f92                simple_shell
                0xc0602119                test_shell
                0xc0602181                test_exec
                0xc0602274                INIT
                0xc0602281                TestA
                0xc06022b6                delay
                0xc06022fa                TestB
                0xc0602312                TestC
                0xc0602345                sys_get_ticks
                0xc0602355                sys_write
                0xc06023a9                milli_delay
                0xc06023e5                TaskSys
                0xc06023ea                Printf
                0xc06024bc                sprintf
                0xc06024e8                vsprintf
                0xc0602694                printx
                0xc06026d7                sys_printx
                0xc06027a3                spin
                0xc06027c9                panic
                0xc06027e7                assertion_failure
                0xc0602859                assertion_failure2
                0xc06028ce                dead_lock
                0xc06028d8                sys_send_msg
                0xc0602df7                sys_receive_msg
                0xc0603457                send_rec
                0xc0603552                block
                0xc060358e                unblock
                0xc06035de                get_ticks_ipc
                0xc0603635                itoa
                0xc060368b                i2a
                0xc06036f1                inform_int
                0xc06037bd                deprecate_strcmp
 .text          0xc060382c      0x3b2 kernel_main.o
                0xc060382c                kernel_main
                0xc06039e6                init
                0xc0603a7b                kernel_thread_a
                0xc0603ac8                kernel_thread_b
                0xc0603b15                kernel_thread_c
                0xc0603b2b                kernel_thread_d
                0xc0603b41                user_proc_a
                0xc0603bc6                user_proc_b
 .text          0xc0603bde      0x3b3 protect.o
                0xc0603bde                InitDescriptor
                0xc0603c4b                Seg2PhyAddr
                0xc0603c8c                Seg2PhyAddrLDT
                0xc0603cd0                VirAddr2PhyAddr
                0xc0603ce6                v2l
                0xc0603d29                init_propt
                0xc0603eaa                InitInterruptDesc
                0xc0603f06                ReloadGDT
 .text          0xc0603f91      0xaca console.o
                0xc0603f91                select_console
                0xc0603fcd                flush
                0xc0604006                set_cursor
                0xc0604064                set_console_start_video_addr
                0xc06040c2                put_key
                0xc060412e                scroll_up
                0xc0604170                scroll_down
                0xc06041db                out_char
                0xc0604398                tty_dev_read
                0xc06043c2                tty_dev_write
                0xc06045ef                tty_do_read
                0xc06046b7                tty_do_write
                0xc060481a                init_screen
                0xc06048a3                init_tty
                0xc0604958                TaskTTY
 .text          0xc0604a5b      0x289 process.o
                0xc0604a5b                schedule_process
                0xc0604bf3                clock_handler
                0xc0604c69                pid2proc
                0xc0604ccd                proc2pid
 .text          0xc0604ce4        0x0 global.o
 .text          0xc0604ce4      0x40f keyboard.o
                0xc0604ce4                keyboard_handler
                0xc0604d68                read_from_keyboard_buf
                0xc0604dce                keyboard_read
                0xc0604f4d                init_keyboard_handler
                0xc0604f61                in_process
 .text          0xc06050f3      0x1b2 thread.o
                0xc06050f3                kernel_thread
                0xc060510b                thread_init
                0xc06051b8                thread_create
                0xc06051ed                thread_start
 .text          0xc06052a5      0x730 my_process.o
                0xc06052a5                create_user_process_address_space
                0xc0605335                user_process
                0xc0605462                clone_pcb
                0xc06055d4                build_body_stack
                0xc0605707                build_process_kernel_stack
                0xc06057ca                fork_process
                0xc060585b                process_execute
 .text          0xc06059d5      0x66c network/socket.o
                0xc0605a85                test
                0xc0605ae1                socket_debug
                0xc0605b42                free_socket
                0xc0605bfe                _socket
                0xc0605cbd                _bind
                0xc0605d10                _connect
                0xc0605d62                _write
                0xc0605db9                _read
                0xc0605e10                _recvfrom
                0xc0605e51                _sendto
                0xc0605ea8                _close
                0xc0605f27                _listen
                0xc0605f8d                _accept
 .text          0xc0606041      0x2da network/ip_input.o
                0xc06061cb                ip_rcv
 .text          0xc060631b      0x8c4 network/udp_sock.o
                0xc0606550                udp_lookup_sock
                0xc0606597                udp_init
                0xc06065c8                udp_close
                0xc06065ee                udp_sock_init
                0xc06065f8                udp_recvfrom
                0xc0606691                udp_connect
                0xc060676a                udp_write
                0xc0606796                udp_alloc_skb
                0xc06067e0                udp_sendto
                0xc06068d4                udp_send
                0xc0606a12                udp_alloc_sock
                0xc0606a53                udp_free_sock
                0xc0606a77                udp_read
 .text          0xc0606bdf       0xd8 network/dst.o
                0xc0606bed                dst_neigh_output
 .text          0xc0606cb7      0x555 network/netdev.o
                0xc0606e3c                netdev_init
                0xc0606e83                netdev_transmit
                0xc0606fc9                interrupt_wait2
                0xc0607019                netdev_rx_loop
                0xc060703d                netdev_get
                0xc060705a                free_netdev
                0xc0607085                local_ipaddress
                0xc06070c2                receive_msg_from_nic
                0xc06071e7                net_handler
 .text          0xc060720c      0x1d3 network/ip_output.o
                0xc060721a                ip_output
 .text          0xc06073df      0x448 network/tcp.o
                0xc06075d4                tcp_in
                0xc0607688                tcp_checksum
                0xc06076b4                __tcp_set_state
                0xc06076c3                tcp_generate_port
                0xc060770c                tcp_generate_isn
                0xc0607716                tcp_done
                0xc060773f                tcp_clear_timers
                0xc060774e                tcp_stop_retransmission_timer
                0xc0607767                tcp_release_retransmission_timer
                0xc0607780                tcp_stop_delack_timer
                0xc0607793                tcp_release_delack_timer
                0xc06077a6                tcp_handle_fin_state
                0xc060780b                tcp_enter_time_wait
 .text          0xc0607827      0x203 network/sock.o
                0xc0607959                sk_alloc
                0xc0607980                sk_init
                0xc06079d4                sk_init_with_socket
                0xc06079fd                sk_free
 .text          0xc0607a2a      0xbbe network/tcp_output.o
                0xc0607ef0                tcp_send_synack
                0xc0607f93                tcp_send_delack
                0xc0607fce                tcp_send_ack
                0xc060811a                tcp_send_fin
                0xc060818f                tcp_select_initial_window
                0xc0608341                tcp_reset_retransmission_timer
                0xc060835e                tcp_begin_connect
                0xc0608408                tcp_send
                0xc06084ed                tcp_send_reset
                0xc060856d                tcp_queue_fin
 .text          0xc06085e8      0x6dc network/arp.o
                0xc06087b5                arp_init
                0xc06087bb                arp_rcv
                0xc060896d                arp_request
                0xc0608ad7                arp_reply
                0xc0608c27                arp_get_hwaddr
                0xc0608c73                free_arp
 .text          0xc0608cc4      0xa1e network/tcp_sock.o
                0xc0608f7a                tcp_established_or_syn_recvd_socks_enqueue
                0xc0608f91                tcp_established_or_syn_recvd_socks_remove
                0xc0608fa3                tcp_connecting_or_listening_socks_enqueue
                0xc0608fba                tcp_connecting_or_listening_socks_remove
                0xc0608fcc                tcp_alloc_sock
                0xc06090e2                tcp_free_sock
                0xc060915b                tcp_init
                0xc0609165                tcp_sock_init
                0xc0609208                tcp_write
                0xc0609249                tcp_read
                0xc06092fc                tcp_close
                0xc06093ba                tcp_recv_notify
                0xc06093e5                tcp_v4_connect
                0xc0609635                tcp_lookup_sock
 .text          0xc06096e2      0xcf0 network/ipc.o
                0xc060a26e                ipc_close
                0xc060a2bf                demux_ipc_socket_call
 .text          0xc060a3d2      0x234 network/icmpv4.o
                0xc060a3e0                icmpv4_incoming
                0xc060a454                icmpv4_reply
                0xc060a52d                icmpv4_timestamp
 .text          0xc060a606      0x12e network/skbuff.o
                0xc060a61f                alloc_skb
                0xc060a6b0                free_skb
                0xc060a6b6                skb_reserve
                0xc060a6d2                skb_push
                0xc060a701                skb_head
                0xc060a70c                skb_reset_header
 .text          0xc060a734      0x429 network/inet.o
                0xc060a734                inet_create
                0xc060a7e4                inet_socket
                0xc060a7ee                inet_connect
                0xc060a842                inet_write
                0xc060a86e                inet_read
                0xc060a89a                inet_close
                0xc060a8e9                inet_free
                0xc060a91f                inet_bind
                0xc060aa28                inet_listen
                0xc060aa71                inet_accept
                0xc060ab1c                inet_sendto
                0xc060ab47                inet_recvfrom
 .text          0xc060ab5d      0xb77 network/tcp_input.o
                0xc060b24c                tcp_process
                0xc060b612                tcp_receive
 .text          0xc060b6d4       0x89 network/task_network.o
                0xc060b6d4                task_network
                0xc060b6ec                task_netdev_rx
 .text          0xc060b75d      0x295 network/route.o
                0xc060b88a                route_add
                0xc060b8cf                route_init
                0xc060b956                route_lookup
                0xc060b9a1                free_routes
 .text          0xc060b9f2      0x3e0 network/udp.o
                0xc060bafd                udp_generate_port
                0xc060bb46                udp_checksum
                0xc060bc14                udp_in
                0xc060bca5                udp_data_dequeue
                0xc060bdad                udp_data_enqueue
 .text          0xc060bdd2      0x54a network/tcp_data.o
                0xc060c0bd                tcp_data_dequeue
                0xc060c1ea                tcp_data_queue
 .text          0xc060c31c      0x1e7 network/utils.o
                0xc060c31c                run_cmd
                0xc060c329                print_err
                0xc060c340                parse_ipv4_string
                0xc060c39f                ip_pton
                0xc060c3e7                sum_every_16bits
                0xc060c43e                checksum
                0xc060c47f                tcp_udp_checksum
 .text          0xc060c503      0xe60 hd/hd.o
                0xc060c503                TaskHD
                0xc060c548                init_hd
                0xc060c562                hd_handle
                0xc060c667                hd_cmd_out
                0xc060c769                hd_identify
                0xc060c820                print_hdinfo
                0xc060c9ae                print_dpt_entry
                0xc060ca1a                get_partition_table
                0xc060caf9                partition
                0xc060cd13                hd_open
                0xc060cdba                get_hd_ioctl
                0xc060ce6b                wait_for
                0xc060ce9c                interrupt_wait
                0xc060ceec                hd_rdwt
                0xc060d18b                hd_handler
                0xc060d1bc                debug_ticks
                0xc060d1fa                waitfor
                0xc060d23e                print_hd_info
                0xc060d32b                is_empty
 .text          0xc060d363     0x2069 fs/fs_main.o
                0xc060d363                task_fs
                0xc060d56e                rd_wt
                0xc060d647                mkfs
                0xc060dc29                init_fs
                0xc060dc7d                do_open
                0xc060de86                search_file
                0xc060dfb8                strip_path
                0xc060e084                get_inode
                0xc060e246                create_file
                0xc060e351                alloc_imap_bit
                0xc060e44e                alloc_smap_bit
                0xc060e5ef                new_inode
                0xc060e70d                new_dir_entry
                0xc060e919                do_unlink
                0xc060edf5                do_rdwt
                0xc060f180                sync_inode
                0xc060f2d4                put_inode
                0xc060f312                do_close
                0xc060f364                get_super_block
 .text          0xc060f3cc      0x24f mm/forkexit.o
                0xc060f3cc                do_fork
                0xc060f43a                do_exit
                0xc060f4c4                do_wait
                0xc060f5c1                cleanup
 .text          0xc060f61b      0x419 mm/exec.o
                0xc060f61b                do_exec
 .text          0xc060fa34      0x148 mm/main.o
                0xc060fa34                TaskMM
                0xc060fb5d                alloc_mem
 .text          0xc060fb7c     0x111f mem/mem.o
                0xc060fb7c                init_bitmap
                0xc060fb9f                test_bit_val
                0xc060fc08                set_bit_val
                0xc060fc83                set_bits
                0xc060fcbd                get_first_free_bit
                0xc060fd01                get_bits
                0xc060fdc9                get_a_page
                0xc060fe7d                get_virtual_address_start_with_addr
                0xc060ff17                get_virtual_address
                0xc060ffa7                ptr_pde
                0xc060ffba                ptr_pte
                0xc060ffe1                add_map_entry
                0xc0610072                alloc_virtual_memory
                0xc0610145                get_physical_address_proc
                0xc06101c1                get_physical_address
                0xc06101f3                alloc_physical_memory_of_proc
                0xc06102e2                alloc_physical_memory
                0xc06103aa                alloc_memory
                0xc061040c                get_a_virtual_page
                0xc0610444                block2arena
                0xc061045a                sys_malloc2
                0xc0610787                remove_map_entry
                0xc06107a8                free_a_page
                0xc061084f                sys_free2
                0xc0610855                init_memory_block_desc
                0xc0610926                init_memory2
                0xc0610b5b                init_memory
 .text          0xc0610c9b       0x49 lib/floor.o
                0xc0610c9b                floor
 .text          0xc0610ce4      0x285 lib/exec.o
                0xc0610ce4                exec
                0xc0610d55                execv
                0xc0610f44                execl
 .text          0xc0610f69       0x2f lib/exit.o
                0xc0610f69                exit
 .text          0xc0610f98       0x42 lib/unlink.o
                0xc0610f98                unlink
 .text          0xc0610fda       0x44 lib/wait.o
                0xc0610fda                wait
 .text          0xc061101e       0x46 lib/calloc.o
                0xc061101e                calloc
 .text          0xc0611064       0x4f lib/alloca.o
                0xc0611064                alloca
 .text          0xc06110b3       0x48 lib/fork.o
                0xc06110b3                fork
 .text          0xc06110fb       0x2b lib/getpid.o
                0xc06110fb                getpid
 .text          0xc0611126       0x9c lib/stdlib/atoi.o
                0xc0611126                atoi
 .text          0xc06111c2       0x85 lib/string/strtok.o
                0xc06111c2                strtok
 .text          0xc0611247       0xa8 lib/string/strcmp.o
                0xc0611247                strcmp
 .text          0xc06112ef       0xd4 lib/string/strncmp.o
                0xc06112ef                strncmp
 .text          0xc06113c3       0x90 lib/string/strpbrk.o
                0xc06113c3                strpbrk
 .text          0xc0611453      0x181 lib/stdio/read.o
                0xc0611453                read
 .text          0xc06115d4       0x17 lib/stdio/perror.o
                0xc06115d4                perror
 .text          0xc06115eb      0x2c1 lib/stdio/sscanf.o
                0xc06115eb                sscanf
 .text          0xc06118ac       0x95 lib/stdio/open.o
                0xc06118ac                open
 .text          0xc0611941       0x85 lib/stdio/write.o
                0xc0611941                write
 .text          0xc06119c6       0x52 lib/stdio/close.o
                0xc06119c6                close
 .text          0xc0611a18       0x38 lib/arpa/ntohs.o
                0xc0611a18                ntohs
 .text          0xc0611a50       0x7c lib/arpa/htonl.o
                0xc0611a50                htonl
 .text          0xc0611acc       0x38 lib/arpa/htons.o
                0xc0611acc                htons
 .text          0xc0611b04      0x295 lib/arpa/inet_pton.o
                0xc0611b04                isValidIPv4
                0xc0611c8e                inet_pton
 .text          0xc0611d99       0x7c lib/arpa/ntohl.o
                0xc0611d99                ntohl
 .text          0xc0611e15       0xe3 lib/arpa/inet_ntop.o
                0xc0611e15                inet_ntop
 *(.gnu.warning)

.fini
 *(SORT_NONE(.fini))
                [!provide]                        PROVIDE (__etext = .)
                [!provide]                        PROVIDE (_etext = .)
                [!provide]                        PROVIDE (etext = .)
                0xc0612000                        . = ALIGN (CONSTANT (MAXPAGESIZE))
                0xc0612000                        . = SEGMENT_START ("rodata-segment", (ALIGN (CONSTANT (MAXPAGESIZE)) + (. & (CONSTANT (MAXPAGESIZE) - 0x1))))

.rodata         0xc0612000     0x1bec
 *(.rodata .rodata.* .gnu.linkonce.r.*)
 .rodata        0xc0612000       0x3c double_link_list.o
 *fill*         0xc061203c        0x4 
 .rodata        0xc0612040      0xb61 kernel_main_old.o
 *fill*         0xc0612ba1        0x3 
 .rodata        0xc0612ba4      0x120 kernel_main.o
 .rodata        0xc0612cc4       0x22 console.o
 *fill*         0xc0612ce6        0x2 
 .rodata        0xc0612ce8       0x48 process.o
 .rodata        0xc0612d30      0x23d network/socket.o
 *fill*         0xc0612f6d        0x3 
 .rodata        0xc0612f70       0xb5 network/ip_input.o
 *fill*         0xc0613025        0x3 
 .rodata        0xc0613028       0x2d network/udp_sock.o
 .rodata        0xc0613055        0x9 network/dst.o
 *fill*         0xc061305e        0x2 
 .rodata        0xc0613060       0xf1 network/netdev.o
 .rodata        0xc0613151        0x9 network/ip_output.o
 *fill*         0xc061315a        0x2 
 .rodata        0xc061315c       0x31 network/tcp.o
 .rodata        0xc061318d        0x9 network/sock.o
 *fill*         0xc0613196        0x2 
 .rodata        0xc0613198       0xc3 network/tcp_output.o
 *fill*         0xc061325b        0x1 
 .rodata        0xc061325c       0x9c network/arp.o
 .rodata        0xc06132f8       0xe8 network/tcp_sock.o
 .rodata        0xc06133e0      0x160 network/ipc.o
 .rodata        0xc0613540       0x32 network/icmpv4.o
 .rodata        0xc0613572        0x9 network/skbuff.o
 *fill*         0xc061357b        0x1 
 .rodata        0xc061357c       0x48 network/inet.o
 .rodata        0xc06135c4       0x60 network/tcp_input.o
 .rodata        0xc0613624       0x91 network/task_network.o
 *fill*         0xc06136b5        0x3 
 .rodata        0xc06136b8       0x37 network/route.o
 .rodata        0xc06136ef        0x9 network/udp.o
 .rodata        0xc06136f8       0x1e network/tcp_data.o
 *fill*         0xc0613716        0x2 
 .rodata        0xc0613718       0x41 network/utils.o
 *fill*         0xc0613759        0x3 
 .rodata        0xc061375c      0x19c hd/hd.o
 .rodata        0xc06138f8      0x1fb fs/fs_main.o
                0xc06138f8                FSBUF_SIZE
 .rodata        0xc0613af3       0x21 mm/forkexit.o
 .rodata        0xc0613b14       0x10 mm/exec.o
 .rodata        0xc0613b24       0x11 mm/main.o
 .rodata        0xc0613b35       0x5a mem/mem.o
 .rodata        0xc0613b8f       0x2d lib/exec.o
 .rodata        0xc0613bbc       0x2a lib/stdio/close.o
 .rodata        0xc0613be6        0x3 lib/arpa/inet_pton.o
 .rodata        0xc0613be9        0x3 lib/arpa/inet_ntop.o

.txt            0xc0613bec       0xaa
 .txt           0xc0613bec       0x82 string.o
                0xc0613bec                Memcpy2
                0xc0613c1a                Memset
                0xc0613c39                Strcpy
                0xc0613c53                Strlen
 .txt           0xc0613c6e       0x28 hd/hd_rdwt.o
                0xc0613c6e                read_port
                0xc0613c82                write_port

.rodata1
 *(.rodata1)

.eh_frame_hdr
 *(.eh_frame_hdr)
 *(.eh_frame_entry .eh_frame_entry.*)

.eh_frame       0xc0613c98     0x415c
 *(.eh_frame)
 .eh_frame      0xc0613c98       0xd8 double_link_list.o
 .eh_frame      0xc0613d70      0x6cc kernel_main_old.o
                                0x6e4 (size before relaxing)
 .eh_frame      0xc061443c       0xe4 kernel_main.o
                                 0xfc (size before relaxing)
 .eh_frame      0xc0614520      0x100 protect.o
                                0x118 (size before relaxing)
 .eh_frame      0xc0614620      0x1e0 console.o
                                0x1f8 (size before relaxing)
 .eh_frame      0xc0614800       0x80 process.o
                                 0x98 (size before relaxing)
 .eh_frame      0xc0614880       0xa0 keyboard.o
                                 0xb8 (size before relaxing)
 .eh_frame      0xc0614920       0x80 thread.o
                                 0x98 (size before relaxing)
 .eh_frame      0xc06149a0       0xe0 my_process.o
                                 0xf8 (size before relaxing)
 .eh_frame      0xc0614a80      0x2a0 network/socket.o
                                0x2b8 (size before relaxing)
 .eh_frame      0xc0614d20      0x104 network/ip_input.o
                                0x11c (size before relaxing)
 .eh_frame      0xc0614e24      0x404 network/udp_sock.o
                                0x41c (size before relaxing)
 .eh_frame      0xc0615228       0x40 network/dst.o
                                 0x58 (size before relaxing)
 .eh_frame      0xc0615268      0x1e8 network/netdev.o
                                0x200 (size before relaxing)
 .eh_frame      0xc0615450       0x40 network/ip_output.o
                                 0x58 (size before relaxing)
 .eh_frame      0xc0615490      0x268 network/tcp.o
                                0x280 (size before relaxing)
 .eh_frame      0xc06156f8      0x1a0 network/sock.o
                                0x1b8 (size before relaxing)
 .eh_frame      0xc0615898      0x3c4 network/tcp_output.o
                                0x3dc (size before relaxing)
 .eh_frame      0xc0615c5c      0x1c0 network/arp.o
                                0x1d8 (size before relaxing)
 .eh_frame      0xc0615e1c      0x4c0 network/tcp_sock.o
                                0x4d8 (size before relaxing)
 .eh_frame      0xc06162dc      0x250 network/ipc.o
                                0x268 (size before relaxing)
 .eh_frame      0xc061652c       0x80 network/icmpv4.o
                                 0x98 (size before relaxing)
 .eh_frame      0xc06165ac       0xe0 network/skbuff.o
                                 0xf8 (size before relaxing)
 .eh_frame      0xc061668c      0x180 network/inet.o
                                0x198 (size before relaxing)
 .eh_frame      0xc061680c      0x300 network/tcp_input.o
                                0x318 (size before relaxing)
 .eh_frame      0xc0616b0c       0x3c network/task_network.o
                                 0x54 (size before relaxing)
 .eh_frame      0xc0616b48      0x124 network/route.o
                                0x13c (size before relaxing)
 .eh_frame      0xc0616c6c      0x1e4 network/udp.o
                                0x1fc (size before relaxing)
 .eh_frame      0xc0616e50      0x200 network/tcp_data.o
                                0x218 (size before relaxing)
 .eh_frame      0xc0617050       0xe4 network/utils.o
                                 0xfc (size before relaxing)
 .eh_frame      0xc0617134      0x264 hd/hd.o
                                0x27c (size before relaxing)
 .eh_frame      0xc0617398      0x27c fs/fs_main.o
                                0x294 (size before relaxing)
 .eh_frame      0xc0617614       0x80 mm/forkexit.o
                                 0x98 (size before relaxing)
 .eh_frame      0xc0617694       0x20 mm/exec.o
                                 0x38 (size before relaxing)
 .eh_frame      0xc06176b4       0x3c mm/main.o
                                 0x54 (size before relaxing)
 .eh_frame      0xc06176f0      0x364 mem/mem.o
                                0x37c (size before relaxing)
 .eh_frame      0xc0617a54       0x20 lib/floor.o
                                 0x38 (size before relaxing)
 .eh_frame      0xc0617a74       0x60 lib/exec.o
                                 0x78 (size before relaxing)
 .eh_frame      0xc0617ad4       0x20 lib/exit.o
                                 0x38 (size before relaxing)
 .eh_frame      0xc0617af4       0x20 lib/unlink.o
                                 0x38 (size before relaxing)
 .eh_frame      0xc0617b14       0x20 lib/wait.o
                                 0x38 (size before relaxing)
 .eh_frame      0xc0617b34       0x20 lib/calloc.o
                                 0x38 (size before relaxing)
 .eh_frame      0xc0617b54       0x20 lib/alloca.o
                                 0x38 (size before relaxing)
 .eh_frame      0xc0617b74       0x20 lib/fork.o
                                 0x38 (size before relaxing)
 .eh_frame      0xc0617b94       0x20 lib/getpid.o
                                 0x38 (size before relaxing)
 .eh_frame      0xc0617bb4       0x20 lib/stdlib/atoi.o
                                 0x38 (size before relaxing)
 .eh_frame      0xc0617bd4       0x20 lib/string/strtok.o
                                 0x38 (size before relaxing)
 .eh_frame      0xc0617bf4       0x20 lib/string/strcmp.o
                                 0x38 (size before relaxing)
 .eh_frame      0xc0617c14       0x20 lib/string/strncmp.o
                                 0x38 (size before relaxing)
 .eh_frame      0xc0617c34       0x20 lib/string/strpbrk.o
                                 0x38 (size before relaxing)
 .eh_frame      0xc0617c54       0x20 lib/stdio/read.o
                                 0x38 (size before relaxing)
 .eh_frame      0xc0617c74       0x20 lib/stdio/perror.o
                                 0x38 (size before relaxing)
 .eh_frame      0xc0617c94       0x20 lib/stdio/sscanf.o
                                 0x38 (size before relaxing)
 .eh_frame      0xc0617cb4       0x20 lib/stdio/open.o
                                 0x38 (size before relaxing)
 .eh_frame      0xc0617cd4       0x20 lib/stdio/write.o
                                 0x38 (size before relaxing)
 .eh_frame      0xc0617cf4       0x20 lib/stdio/close.o
                                 0x38 (size before relaxing)
 .eh_frame      0xc0617d14       0x20 lib/arpa/ntohs.o
                                 0x38 (size before relaxing)
 .eh_frame      0xc0617d34       0x20 lib/arpa/htonl.o
                                 0x38 (size before relaxing)
 .eh_frame      0xc0617d54       0x20 lib/arpa/htons.o
                                 0x38 (size before relaxing)
 .eh_frame      0xc0617d74       0x40 lib/arpa/inet_pton.o
                                 0x58 (size before relaxing)
 .eh_frame      0xc0617db4       0x20 lib/arpa/ntohl.o
                                 0x38 (size before relaxing)
 .eh_frame      0xc0617dd4       0x20 lib/arpa/inet_ntop.o
                                 0x38 (size before relaxing)
 *(.eh_frame.*)

.sframe
 *(.sframe)
 *(.sframe.*)

.gcc_except_table
 *(.gcc_except_table .gcc_except_table.*)

.gnu_extab
 *(.gnu_extab*)

.exception_ranges
 *(.exception_ranges*)
                0xc0618000                        . = DATA_SEGMENT_ALIGN (CONSTANT (MAXPAGESIZE), CONSTANT (COMMONPAGESIZE))

.eh_frame
 *(.eh_frame)
 *(.eh_frame.*)

.sframe
 *(.sframe)
 *(.sframe.*)

.gnu_extab
 *(.gnu_extab)

.gcc_except_table
 *(.gcc_except_table .gcc_except_table.*)

.exception_ranges
 *(.exception_ranges*)

.tdata          0xc0618000        0x0
                [!provide]                        PROVIDE (__tdata_start = .)
 *(.tdata .tdata.* .gnu.linkonce.td.*)

.tbss
 *(.tbss .tbss.* .gnu.linkonce.tb.*)
 *(.tcommon)

.preinit_array  0xc0618000        0x0
                [!provide]                        PROVIDE (__preinit_array_start = .)
 *(.preinit_array)
                [!provide]                        PROVIDE (__preinit_array_end = .)

.init_array     0xc0618000        0x0
                [!provide]                        PROVIDE (__init_array_start = .)
 *(SORT_BY_INIT_PRIORITY(.init_array.*) SORT_BY_INIT_PRIORITY(.ctors.*))
 *(.init_array EXCLUDE_FILE(*crtend?.o *crtend.o *crtbegin?.o *crtbegin.o) .ctors)
                [!provide]                        PROVIDE (__init_array_end = .)

.fini_array     0xc0618000        0x0
                [!provide]                        PROVIDE (__fini_array_start = .)
 *(SORT_BY_INIT_PRIORITY(.fini_array.*) SORT_BY_INIT_PRIORITY(.dtors.*))
 *(.fini_array EXCLUDE_FILE(*crtend?.o *crtend.o *crtbegin?.o *crtbegin.o) .dtors)
                [!provide]                        PROVIDE (__fini_array_end = .)

.ctors
 *crtbegin.o(.ctors)
 *crtbegin?.o(.ctors)
 *(EXCLUDE_FILE(*crtend?.o *crtend.o) .ctors)
 *(SORT_BY_NAME(.ctors.*))
 *(.ctors)

.dtors
 *crtbegin.o(.dtors)
 *crtbegin?.o(.dtors)
 *(EXCLUDE_FILE(*crtend?.o *crtend.o) .dtors)
 *(SORT_BY_NAME(.dtors.*))
 *(.dtors)

.jcr
 *(.jcr)

.data.rel.ro
 *(.data.rel.ro.local* .gnu.linkonce.d.rel.ro.local.*)
 *(.data.rel.ro .data.rel.ro.* .gnu.linkonce.d.rel.ro.*)

.dynamic
 *(.dynamic)

.got            0xc0618000        0x0
 *(.got)
 .got           0xc0618000        0x0 kernel/kernel_sub.o
 *(.igot)
                0xc0618000                        . = DATA_SEGMENT_RELRO_END (., (SIZEOF (.got.plt) >= 0xc)?0xc:0x0)

.got.plt        0xc0618000        0x0
 *(.got.plt)
 .got.plt       0xc0618000        0x0 kernel/kernel_sub.o
 *(.igot.plt)
 .igot.plt      0xc0618000        0x0 kernel/kernel_sub.o

.data           0xc0618000      0xb80
 *(.data .data.* .gnu.linkonce.d.*)
 .data          0xc0618000        0xf kernel/kernel_sub.o
 *fill*         0xc061800f        0x1 
 .data          0xc0618010        0xf kernel/kernel.o
 *fill*         0xc061801f        0x1 
 .data          0xc0618020        0x0 syscall.o
 .data          0xc0618020        0x0 double_link_list.o
 .data          0xc0618020        0x0 kernel_main_old.o
 .data          0xc0618020        0x0 kernel_main.o
 .data          0xc0618020        0x0 protect.o
 .data          0xc0618020        0x0 console.o
 .data          0xc0618020        0x0 process.o
 .data          0xc0618020      0x160 global.o
                0xc0618020                user_task_table
                0xc06180a0                sys_task_table
                0xc0618164                sys_call_table
 .data          0xc0618180      0x600 keyboard.o
                0xc0618180                keymap
 .data          0xc0618780        0x0 thread.o
 .data          0xc0618780        0x0 my_process.o
 .data          0xc0618780      0x224 network/socket.o
 .data          0xc06189a4        0x4 network/ip_input.o
 *fill*         0xc06189a8       0x18 
 .data          0xc06189c0       0x54 network/udp_sock.o
                0xc06189e0                udp_ops
 .data          0xc0618a14        0x4 network/dst.o
 .data          0xc0618a18        0x4 network/netdev.o
 .data          0xc0618a1c        0x4 network/ip_output.o
 .data          0xc0618a20        0x8 network/tcp.o
 .data          0xc0618a28        0x4 network/sock.o
 .data          0xc0618a2c        0x4 network/tcp_output.o
 .data          0xc0618a30       0x14 network/arp.o
 *fill*         0xc0618a44       0x1c 
 .data          0xc0618a60       0x54 network/tcp_sock.o
                0xc0618a80                tcp_ops
 .data          0xc0618ab4        0xc network/ipc.o
 .data          0xc0618ac0        0x4 network/icmpv4.o
 .data          0xc0618ac4        0x4 network/skbuff.o
 *fill*         0xc0618ac8       0x18 
 .data          0xc0618ae0       0x80 network/inet.o
                0xc0618ae8                inet
 .data          0xc0618b60        0x4 network/tcp_input.o
 .data          0xc0618b64        0x0 network/task_network.o
 .data          0xc0618b64        0xc network/route.o
 .data          0xc0618b70        0x8 network/udp.o
 .data          0xc0618b78        0x4 network/tcp_data.o
 .data          0xc0618b7c        0x4 network/utils.o
 .data          0xc0618b80        0x0 hd/hd.o
 .data          0xc0618b80        0x0 fs/fs_main.o
 .data          0xc0618b80        0x0 mm/forkexit.o
 .data          0xc0618b80        0x0 mm/exec.o
 .data          0xc0618b80        0x0 mm/main.o
 .data          0xc0618b80        0x0 mem/mem.o
 .data          0xc0618b80        0x0 lib/floor.o
 .data          0xc0618b80        0x0 lib/exec.o
 .data          0xc0618b80        0x0 lib/exit.o
 .data          0xc0618b80        0x0 lib/unlink.o
 .data          0xc0618b80        0x0 lib/wait.o
 .data          0xc0618b80        0x0 lib/calloc.o
 .data          0xc0618b80        0x0 lib/alloca.o
 .data          0xc0618b80        0x0 lib/fork.o
 .data          0xc0618b80        0x0 lib/getpid.o
 .data          0xc0618b80        0x0 lib/stdlib/atoi.o
 .data          0xc0618b80        0x0 lib/string/strtok.o
 .data          0xc0618b80        0x0 lib/string/strcmp.o
 .data          0xc0618b80        0x0 lib/string/strncmp.o
 .data          0xc0618b80        0x0 lib/string/strpbrk.o
 .data          0xc0618b80        0x0 lib/stdio/read.o
 .data          0xc0618b80        0x0 lib/stdio/perror.o
 .data          0xc0618b80        0x0 lib/stdio/sscanf.o
 .data          0xc0618b80        0x0 lib/stdio/open.o
 .data          0xc0618b80        0x0 lib/stdio/write.o
 .data          0xc0618b80        0x0 lib/stdio/close.o
 .data          0xc0618b80        0x0 lib/arpa/ntohs.o
 .data          0xc0618b80        0x0 lib/arpa/htonl.o
 .data          0xc0618b80        0x0 lib/arpa/htons.o
 .data          0xc0618b80        0x0 lib/arpa/inet_pton.o
 .data          0xc0618b80        0x0 lib/arpa/ntohl.o
 .data          0xc0618b80        0x0 lib/arpa/inet_ntop.o

.data1
 *(.data1)
                0xc0618b80                        _edata = .
                [!provide]                        PROVIDE (edata = .)
                0xc0618b80                        . = .
                0xc0618b80                        __bss_start = .

.bss            0xc0618b80    0x95628
 *(.dynbss)
 *(.bss .bss.* .gnu.linkonce.b.*)
 .bss           0xc0618b80      0x800 kernel/kernel_sub.o
 .bss           0xc0619380      0x800 kernel/kernel.o
 .bss           0xc0619b80        0x0 double_link_list.o
 .bss           0xc0619b80        0x0 kernel_main_old.o
 .bss           0xc0619b80        0x0 kernel_main.o
 .bss           0xc0619b80        0x0 protect.o
 .bss           0xc0619b80        0x0 console.o
 .bss           0xc0619b80        0x0 process.o
 .bss           0xc0619b80        0x0 global.o
 .bss           0xc0619b80        0x0 keyboard.o
 .bss           0xc0619b80        0x0 thread.o
 .bss           0xc0619b80        0x0 my_process.o
 .bss           0xc0619b80        0x4 network/socket.o
 .bss           0xc0619b84        0x0 network/ip_input.o
 .bss           0xc0619b84        0x4 network/udp_sock.o
 .bss           0xc0619b88        0x0 network/dst.o
 .bss           0xc0619b88        0x0 network/netdev.o
 .bss           0xc0619b88        0x0 network/ip_output.o
 .bss           0xc0619b88        0x0 network/tcp.o
 .bss           0xc0619b88        0x0 network/sock.o
 .bss           0xc0619b88        0x0 network/tcp_output.o
 .bss           0xc0619b88        0x0 network/arp.o
 .bss           0xc0619b88        0x0 network/tcp_sock.o
 .bss           0xc0619b88        0x4 network/ipc.o
 .bss           0xc0619b8c        0x0 network/icmpv4.o
 .bss           0xc0619b8c        0x0 network/skbuff.o
 .bss           0xc0619b8c        0x0 network/inet.o
 .bss           0xc0619b8c        0x0 network/tcp_input.o
 .bss           0xc0619b8c        0x0 network/task_network.o
 .bss           0xc0619b8c        0x0 network/route.o
 .bss           0xc0619b8c        0x0 network/udp.o
 .bss           0xc0619b8c        0x0 network/tcp_data.o
 .bss           0xc0619b8c        0x0 network/utils.o
 .bss           0xc0619b8c        0x0 hd/hd.o
 .bss           0xc0619b8c        0x4 fs/fs_main.o
                0xc0619b8c                c
 .bss           0xc0619b90        0x0 mm/forkexit.o
 .bss           0xc0619b90        0x0 mm/exec.o
 .bss           0xc0619b90        0x0 mm/main.o
 .bss           0xc0619b90        0x0 mem/mem.o
 .bss           0xc0619b90        0x0 lib/floor.o
 .bss           0xc0619b90        0x0 lib/exec.o
 .bss           0xc0619b90        0x0 lib/exit.o
 .bss           0xc0619b90        0x0 lib/unlink.o
 .bss           0xc0619b90        0x0 lib/wait.o
 .bss           0xc0619b90        0x0 lib/calloc.o
 .bss           0xc0619b90        0x0 lib/alloca.o
 .bss           0xc0619b90        0x0 lib/fork.o
 .bss           0xc0619b90        0x0 lib/getpid.o
 .bss           0xc0619b90        0x0 lib/stdlib/atoi.o
 .bss           0xc0619b90        0x4 lib/string/strtok.o
 .bss           0xc0619b94        0x0 lib/string/strcmp.o
 .bss           0xc0619b94        0x0 lib/string/strncmp.o
 .bss           0xc0619b94        0x0 lib/string/strpbrk.o
 .bss           0xc0619b94        0x0 lib/stdio/read.o
 .bss           0xc0619b94        0x0 lib/stdio/perror.o
 .bss           0xc0619b94        0x0 lib/stdio/sscanf.o
 .bss           0xc0619b94        0x0 lib/stdio/open.o
 .bss           0xc0619b94        0x0 lib/stdio/write.o
 .bss           0xc0619b94        0x0 lib/stdio/close.o
 .bss           0xc0619b94        0x0 lib/arpa/ntohs.o
 .bss           0xc0619b94        0x0 lib/arpa/htonl.o
 .bss           0xc0619b94        0x0 lib/arpa/htons.o
 .bss           0xc0619b94        0x0 lib/arpa/inet_pton.o
 .bss           0xc0619b94        0x0 lib/arpa/ntohl.o
 .bss           0xc0619b94        0x0 lib/arpa/inet_ntop.o
 *(COMMON)
 *fill*         0xc0619b94        0xc 
 COMMON         0xc0619ba0     0x17b8 double_link_list.o
                0xc0619ba0                current_tty
                0xc0619ba4                is_e0
                0xc0619ba8                idt_ptr
                0xc0619bb0                pid
                0xc0619bb4                KernelVirtualMemory
                0xc0619bc0                current_dis_pos
                0xc0619bc4                dis_pos
                0xc0619bc8                k_reenter
                0xc0619be0                gdt
                0xc0619fe0                proc_ready_table
                0xc0619fe4                test_ticks
                0xc0619fe8                pcaller
                0xc061a000                keyboard_buffer
                0xc061a20c                pcb_list
                0xc061a21c                gdt_index
                0xc061a220                tty_table
                0xc061aa60                tss
                0xc061aacc                KernelPool
                0xc061aadc                net_buf
                0xc061aae0                nic_current_page
                0xc061aae4                counter
                0xc061aae8                key_pressed
                0xc061aaec                fork_pid
                0xc061aaf0                is_shift
                0xc061aaf1                net_data
                0xc061aaf4                gdt_ptr
                0xc061ab00                idt
                0xc061b300                main_thread
                0xc061b308                ticks
                0xc061b310                is_init
                0xc061b314                UserPool
                0xc061b324                all_pcb_list
                0xc061b334                console_table
                0xc061b344                is_disp
                0xc061b348                MAIN_THREAD_PAGE_DIRECTORY
                0xc061b34c                helloStr
 *fill*         0xc061b358        0x8 
 COMMON         0xc061b360    0x91ad0 global.o
                0xc061b360                proc_stack
                0xc06ab360                proc_table
 COMMON         0xc06ace30        0x8 network/netdev.o
                0xc06ace30                loop
                0xc06ace34                netdev
 *fill*         0xc06ace38        0x8 
 COMMON         0xc06ace40      0x440 hd/hd.o
                0xc06ace40                hd_info
                0xc06ad080                hd_cache
 COMMON         0xc06ad280      0xe68 fs/fs_main.o
                0xc06ad280                file_desc_table
                0xc06ad680                phy_super_block_buf
                0xc06ad684                phy_fsbuf
                0xc06ad6a0                inode_table
                0xc06ae0a0                super_block_buf
                0xc06ae0a4                fsbuf
                0xc06ae0c0                root
 *fill*         0xc06ae0e8       0x18 
 COMMON         0xc06ae100       0xa8 mem/mem.o
                0xc06ae100                kernel_mem_block_decs_array
                0xc06ae1a8                        . = ALIGN ((. != 0x0)?0x4:0x1)
                0xc06ae1a8                        . = ALIGN (0x4)
                0xc06ae1a8                        . = SEGMENT_START ("ldata-segment", .)
                0xc06ae1a8                        . = ALIGN (0x4)
                0xc06ae1a8                        _end = .
                [!provide]                        PROVIDE (end = .)
                0xc06ae1a8                        . = DATA_SEGMENT_END (.)

.stab
 *(.stab)

.stabstr
 *(.stabstr)

.stab.excl
 *(.stab.excl)

.stab.exclstr
 *(.stab.exclstr)

.stab.index
 *(.stab.index)

.stab.indexstr
 *(.stab.indexstr)

.comment        0x00000000       0x2c
 *(.comment)
 .comment       0x00000000       0x2c double_link_list.o
                                 0x2d (size before relaxing)
 .comment       0x0000002c       0x2d kernel_main_old.o
 .comment       0x0000002c       0x2d kernel_main.o
 .comment       0x0000002c       0x2d protect.o
 .comment       0x0000002c       0x2d console.o
 .comment       0x0000002c       0x2d process.o
 .comment       0x0000002c       0x2d global.o
 .comment       0x0000002c       0x2d keyboard.o
 .comment       0x0000002c       0x2d thread.o
 .comment       0x0000002c       0x2d my_process.o
 .comment       0x0000002c       0x2d network/socket.o
 .comment       0x0000002c       0x2d network/ip_input.o
 .comment       0x0000002c       0x2d network/udp_sock.o
 .comment       0x0000002c       0x2d network/dst.o
 .comment       0x0000002c       0x2d network/netdev.o
 .comment       0x0000002c       0x2d network/ip_output.o
 .comment       0x0000002c       0x2d network/tcp.o
 .comment       0x0000002c       0x2d network/sock.o
 .comment       0x0000002c       0x2d network/tcp_output.o
 .comment       0x0000002c       0x2d network/arp.o
 .comment       0x0000002c       0x2d network/tcp_sock.o
 .comment       0x0000002c       0x2d network/ipc.o
 .comment       0x0000002c       0x2d network/icmpv4.o
 .comment       0x0000002c       0x2d network/skbuff.o
 .comment       0x0000002c       0x2d network/inet.o
 .comment       0x0000002c       0x2d network/tcp_input.o
 .comment       0x0000002c       0x2d network/task_network.o
 .comment       0x0000002c       0x2d network/route.o
 .comment       0x0000002c       0x2d network/udp.o
 .comment       0x0000002c       0x2d network/tcp_data.o
 .comment       0x0000002c       0x2d network/utils.o
 .comment       0x0000002c       0x2d hd/hd.o
 .comment       0x0000002c       0x2d fs/fs_main.o
 .comment       0x0000002c       0x2d mm/forkexit.o
 .comment       0x0000002c       0x2d mm/exec.o
 .comment       0x0000002c       0x2d mm/main.o
 .comment       0x0000002c       0x2d mem/mem.o
 .comment       0x0000002c       0x2d lib/floor.o
 .comment       0x0000002c       0x2d lib/exec.o
 .comment       0x0000002c       0x2d lib/exit.o
 .comment       0x0000002c       0x2d lib/unlink.o
 .comment       0x0000002c       0x2d lib/wait.o
 .comment       0x0000002c       0x2d lib/calloc.o
 .comment       0x0000002c       0x2d lib/alloca.o
 .comment       0x0000002c       0x2d lib/fork.o
 .comment       0x0000002c       0x2d lib/getpid.o
 .comment       0x0000002c       0x2d lib/stdlib/atoi.o
 .comment       0x0000002c       0x2d lib/string/strtok.o
 .comment       0x0000002c       0x2d lib/string/strcmp.o
 .comment       0x0000002c       0x2d lib/string/strncmp.o
 .comment       0x0000002c       0x2d lib/string/strpbrk.o
 .comment       0x0000002c       0x2d lib/stdio/read.o
 .comment       0x0000002c       0x2d lib/stdio/perror.o
 .comment       0x0000002c       0x2d lib/stdio/sscanf.o
 .comment       0x0000002c       0x2d lib/stdio/open.o
 .comment       0x0000002c       0x2d lib/stdio/write.o
 .comment       0x0000002c       0x2d lib/stdio/close.o
 .comment       0x0000002c       0x2d lib/arpa/ntohs.o
 .comment       0x0000002c       0x2d lib/arpa/htonl.o
 .comment       0x0000002c       0x2d lib/arpa/htons.o
 .comment       0x0000002c       0x2d lib/arpa/inet_pton.o
 .comment       0x0000002c       0x2d lib/arpa/ntohl.o
 .comment       0x0000002c       0x2d lib/arpa/inet_ntop.o

.gnu.build.attributes
 *(.gnu.build.attributes .gnu.build.attributes.*)

.debug
 *(.debug)

.line
 *(.line)

.debug_srcinfo
 *(.debug_srcinfo)

.debug_sfnames
 *(.debug_sfnames)

.debug_aranges  0x00000000      0x7d8
 *(.debug_aranges)
 .debug_aranges
                0x00000000       0x20 double_link_list.o
 .debug_aranges
                0x00000020       0x20 kernel_main_old.o
 .debug_aranges
                0x00000040       0x20 kernel_main.o
 .debug_aranges
                0x00000060       0x20 protect.o
 .debug_aranges
                0x00000080       0x20 console.o
 .debug_aranges
                0x000000a0       0x20 process.o
 .debug_aranges
                0x000000c0       0x18 global.o
 .debug_aranges
                0x000000d8       0x20 keyboard.o
 .debug_aranges
                0x000000f8       0x20 thread.o
 .debug_aranges
                0x00000118       0x20 my_process.o
 .debug_aranges
                0x00000138       0x20 network/socket.o
 .debug_aranges
                0x00000158       0x20 network/ip_input.o
 .debug_aranges
                0x00000178       0x20 network/udp_sock.o
 .debug_aranges
                0x00000198       0x20 network/dst.o
 .debug_aranges
                0x000001b8       0x20 network/netdev.o
 .debug_aranges
                0x000001d8       0x20 network/ip_output.o
 .debug_aranges
                0x000001f8       0x20 network/tcp.o
 .debug_aranges
                0x00000218       0x20 network/sock.o
 .debug_aranges
                0x00000238       0x20 network/tcp_output.o
 .debug_aranges
                0x00000258       0x20 network/arp.o
 .debug_aranges
                0x00000278       0x20 network/tcp_sock.o
 .debug_aranges
                0x00000298       0x20 network/ipc.o
 .debug_aranges
                0x000002b8       0x20 network/icmpv4.o
 .debug_aranges
                0x000002d8       0x20 network/skbuff.o
 .debug_aranges
                0x000002f8       0x20 network/inet.o
 .debug_aranges
                0x00000318       0x20 network/tcp_input.o
 .debug_aranges
                0x00000338       0x20 network/task_network.o
 .debug_aranges
                0x00000358       0x20 network/route.o
 .debug_aranges
                0x00000378       0x20 network/udp.o
 .debug_aranges
                0x00000398       0x20 network/tcp_data.o
 .debug_aranges
                0x000003b8       0x20 network/utils.o
 .debug_aranges
                0x000003d8       0x20 hd/hd.o
 .debug_aranges
                0x000003f8       0x20 fs/fs_main.o
 .debug_aranges
                0x00000418       0x20 mm/forkexit.o
 .debug_aranges
                0x00000438       0x20 mm/exec.o
 .debug_aranges
                0x00000458       0x20 mm/main.o
 .debug_aranges
                0x00000478       0x20 mem/mem.o
 .debug_aranges
                0x00000498       0x20 lib/floor.o
 .debug_aranges
                0x000004b8       0x20 lib/exec.o
 .debug_aranges
                0x000004d8       0x20 lib/exit.o
 .debug_aranges
                0x000004f8       0x20 lib/unlink.o
 .debug_aranges
                0x00000518       0x20 lib/wait.o
 .debug_aranges
                0x00000538       0x20 lib/calloc.o
 .debug_aranges
                0x00000558       0x20 lib/alloca.o
 .debug_aranges
                0x00000578       0x20 lib/fork.o
 .debug_aranges
                0x00000598       0x20 lib/getpid.o
 .debug_aranges
                0x000005b8       0x20 lib/stdlib/atoi.o
 .debug_aranges
                0x000005d8       0x20 lib/string/strtok.o
 .debug_aranges
                0x000005f8       0x20 lib/string/strcmp.o
 .debug_aranges
                0x00000618       0x20 lib/string/strncmp.o
 .debug_aranges
                0x00000638       0x20 lib/string/strpbrk.o
 .debug_aranges
                0x00000658       0x20 lib/stdio/read.o
 .debug_aranges
                0x00000678       0x20 lib/stdio/perror.o
 .debug_aranges
                0x00000698       0x20 lib/stdio/sscanf.o
 .debug_aranges
                0x000006b8       0x20 lib/stdio/open.o
 .debug_aranges
                0x000006d8       0x20 lib/stdio/write.o
 .debug_aranges
                0x000006f8       0x20 lib/stdio/close.o
 .debug_aranges
                0x00000718       0x20 lib/arpa/ntohs.o
 .debug_aranges
                0x00000738       0x20 lib/arpa/htonl.o
 .debug_aranges
                0x00000758       0x20 lib/arpa/htons.o
 .debug_aranges
                0x00000778       0x20 lib/arpa/inet_pton.o
 .debug_aranges
                0x00000798       0x20 lib/arpa/ntohl.o
 .debug_aranges
                0x000007b8       0x20 lib/arpa/inet_ntop.o

.debug_pubnames
 *(.debug_pubnames)

.debug_info     0x00000000    0x3cbcc
 *(.debug_info .gnu.linkonce.wi.*)
 .debug_info    0x00000000     0x1043 double_link_list.o
 .debug_info    0x00001043     0x2854 kernel_main_old.o
 .debug_info    0x00003897      0xfbf kernel_main.o
 .debug_info    0x00004856     0x11a8 protect.o
 .debug_info    0x000059fe     0x127d console.o
 .debug_info    0x00006c7b      0xf55 process.o
 .debug_info    0x00007bd0      0xe7d global.o
 .debug_info    0x00008a4d      0xfd1 keyboard.o
 .debug_info    0x00009a1e     0x105c thread.o
 .debug_info    0x0000aa7a     0x1490 my_process.o
 .debug_info    0x0000bf0a     0x1b9a network/socket.o
 .debug_info    0x0000daa4     0x1a9e network/ip_input.o
 .debug_info    0x0000f542     0x1ed0 network/udp_sock.o
 .debug_info    0x00011412     0x11dd network/dst.o
 .debug_info    0x000125ef     0x1612 network/netdev.o
 .debug_info    0x00013c01     0x1738 network/ip_output.o
 .debug_info    0x00015339     0x1e01 network/tcp.o
 .debug_info    0x0001713a     0x1853 network/sock.o
 .debug_info    0x0001898d     0x231c network/tcp_output.o
 .debug_info    0x0001aca9      0x76e network/arp.o
 .debug_info    0x0001b417     0x21f2 network/tcp_sock.o
 .debug_info    0x0001d609     0x1c2b network/ipc.o
 .debug_info    0x0001f234     0x18fc network/icmpv4.o
 .debug_info    0x00020b30      0x39f network/skbuff.o
 .debug_info    0x00020ecf     0x19ff network/inet.o
 .debug_info    0x000228ce     0x2104 network/tcp_input.o
 .debug_info    0x000249d2      0x65c network/task_network.o
 .debug_info    0x0002502e     0x1275 network/route.o
 .debug_info    0x000262a3     0x1b01 network/udp.o
 .debug_info    0x00027da4     0x1d6a network/tcp_data.o
 .debug_info    0x00029b0e      0x367 network/utils.o
 .debug_info    0x00029e75     0x17ec hd/hd.o
 .debug_info    0x0002b661     0x1f2e fs/fs_main.o
 .debug_info    0x0002d58f      0xf91 mm/forkexit.o
 .debug_info    0x0002e520     0x11cd mm/exec.o
 .debug_info    0x0002f6ed      0xdbf mm/main.o
 .debug_info    0x000304ac     0x1d51 mem/mem.o
 .debug_info    0x000321fd       0x6b lib/floor.o
 .debug_info    0x00032268      0xf33 lib/exec.o
 .debug_info    0x0003319b      0xda6 lib/exit.o
 .debug_info    0x00033f41      0xe84 lib/unlink.o
 .debug_info    0x00034dc5      0xdb4 lib/wait.o
 .debug_info    0x00035b79      0xeac lib/calloc.o
 .debug_info    0x00036a25       0x98 lib/alloca.o
 .debug_info    0x00036abd      0xd9b lib/fork.o
 .debug_info    0x00037858      0xd9b lib/getpid.o
 .debug_info    0x000385f3       0xc9 lib/stdlib/atoi.o
 .debug_info    0x000386bc       0xae lib/string/strtok.o
 .debug_info    0x0003876a       0xc1 lib/string/strcmp.o
 .debug_info    0x0003882b      0x110 lib/string/strncmp.o
 .debug_info    0x0003893b       0xcf lib/string/strpbrk.o
 .debug_info    0x00038a0a      0xea1 lib/stdio/read.o
 .debug_info    0x000398ab       0x5c lib/stdio/perror.o
 .debug_info    0x00039907      0x20e lib/stdio/sscanf.o
 .debug_info    0x00039b15      0xe02 lib/stdio/open.o
 .debug_info    0x0003a917      0xe2f lib/stdio/write.o
 .debug_info    0x0003b746      0xdb6 lib/stdio/close.o
 .debug_info    0x0003c4fc       0xa8 lib/arpa/ntohs.o
 .debug_info    0x0003c5a4       0xcb lib/arpa/htonl.o
 .debug_info    0x0003c66f       0xa8 lib/arpa/htons.o
 .debug_info    0x0003c717      0x260 lib/arpa/inet_pton.o
 .debug_info    0x0003c977       0xcb lib/arpa/ntohl.o
 .debug_info    0x0003ca42      0x18a lib/arpa/inet_ntop.o

.debug_abbrev   0x00000000     0x7889
 *(.debug_abbrev)
 .debug_abbrev  0x00000000      0x229 double_link_list.o
 .debug_abbrev  0x00000229      0x43a kernel_main_old.o
 .debug_abbrev  0x00000663      0x217 kernel_main.o
 .debug_abbrev  0x0000087a      0x227 protect.o
 .debug_abbrev  0x00000aa1      0x2ac console.o
 .debug_abbrev  0x00000d4d      0x1e0 process.o
 .debug_abbrev  0x00000f2d      0x157 global.o
 .debug_abbrev  0x00001084      0x1fb keyboard.o
 .debug_abbrev  0x0000127f      0x222 thread.o
 .debug_abbrev  0x000014a1      0x260 my_process.o
 .debug_abbrev  0x00001701      0x327 network/socket.o
 .debug_abbrev  0x00001a28      0x2d1 network/ip_input.o
 .debug_abbrev  0x00001cf9      0x3b1 network/udp_sock.o
 .debug_abbrev  0x000020aa      0x204 network/dst.o
 .debug_abbrev  0x000022ae      0x2e6 network/netdev.o
 .debug_abbrev  0x00002594      0x213 network/ip_output.o
 .debug_abbrev  0x000027a7      0x332 network/tcp.o
 .debug_abbrev  0x00002ad9      0x273 network/sock.o
 .debug_abbrev  0x00002d4c      0x39b network/tcp_output.o
 .debug_abbrev  0x000030e7      0x210 network/arp.o
 .debug_abbrev  0x000032f7      0x3e6 network/tcp_sock.o
 .debug_abbrev  0x000036dd      0x2ee network/ipc.o
 .debug_abbrev  0x000039cb      0x236 network/icmpv4.o
 .debug_abbrev  0x00003c01      0x15f network/skbuff.o
 .debug_abbrev  0x00003d60      0x24b network/inet.o
 .debug_abbrev  0x00003fab      0x355 network/tcp_input.o
 .debug_abbrev  0x00004300      0x17d network/task_network.o
 .debug_abbrev  0x0000447d      0x24e network/route.o
 .debug_abbrev  0x000046cb      0x2d3 network/udp.o
 .debug_abbrev  0x0000499e      0x2a6 network/tcp_data.o
 .debug_abbrev  0x00004c44      0x17a network/utils.o
 .debug_abbrev  0x00004dbe      0x2e3 hd/hd.o
 .debug_abbrev  0x000050a1      0x2ef fs/fs_main.o
 .debug_abbrev  0x00005390      0x204 mm/forkexit.o
 .debug_abbrev  0x00005594      0x1c4 mm/exec.o
 .debug_abbrev  0x00005758      0x208 mm/main.o
 .debug_abbrev  0x00005960      0x330 mem/mem.o
 .debug_abbrev  0x00005c90       0x6a lib/floor.o
 .debug_abbrev  0x00005cfa      0x1e8 lib/exec.o
 .debug_abbrev  0x00005ee2      0x19b lib/exit.o
 .debug_abbrev  0x0000607d      0x193 lib/unlink.o
 .debug_abbrev  0x00006210      0x19f lib/wait.o
 .debug_abbrev  0x000063af      0x191 lib/calloc.o
 .debug_abbrev  0x00006540       0x86 lib/alloca.o
 .debug_abbrev  0x000065c6      0x18a lib/fork.o
 .debug_abbrev  0x00006750      0x18a lib/getpid.o
 .debug_abbrev  0x000068da       0x94 lib/stdlib/atoi.o
 .debug_abbrev  0x0000696e       0x91 lib/string/strtok.o
 .debug_abbrev  0x000069ff       0x94 lib/string/strcmp.o
 .debug_abbrev  0x00006a93       0xbe lib/string/strncmp.o
 .debug_abbrev  0x00006b51       0xa5 lib/string/strpbrk.o
 .debug_abbrev  0x00006bf6      0x1ef lib/stdio/read.o
 .debug_abbrev  0x00006de5       0x5c lib/stdio/perror.o
 .debug_abbrev  0x00006e41       0xdd lib/stdio/sscanf.o
 .debug_abbrev  0x00006f1e      0x1c5 lib/stdio/open.o
 .debug_abbrev  0x000070e3      0x1db lib/stdio/write.o
 .debug_abbrev  0x000072be      0x19d lib/stdio/close.o
 .debug_abbrev  0x0000745b       0x6c lib/arpa/ntohs.o
 .debug_abbrev  0x000074c7       0xa5 lib/arpa/htonl.o
 .debug_abbrev  0x0000756c       0x6c lib/arpa/htons.o
 .debug_abbrev  0x000075d8      0x116 lib/arpa/inet_pton.o
 .debug_abbrev  0x000076ee       0xa5 lib/arpa/ntohl.o
 .debug_abbrev  0x00007793       0xf6 lib/arpa/inet_ntop.o

.debug_line     0x00000000     0x96dc
 *(.debug_line .debug_line.* .debug_line_end)
 .debug_line    0x00000000      0x223 double_link_list.o
 .debug_line    0x00000223      0xe2f kernel_main_old.o
 .debug_line    0x00001052      0x1ce kernel_main.o
 .debug_line    0x00001220      0x1ff protect.o
 .debug_line    0x0000141f      0x54e console.o
 .debug_line    0x0000196d      0x1b0 process.o
 .debug_line    0x00001b1d       0x95 global.o
 .debug_line    0x00001bb2      0x296 keyboard.o
 .debug_line    0x00001e48      0x145 thread.o
 .debug_line    0x00001f8d      0x33b my_process.o
 .debug_line    0x000022c8      0x3a6 network/socket.o
 .debug_line    0x0000266e      0x272 network/ip_input.o
 .debug_line    0x000028e0      0x4b1 network/udp_sock.o
 .debug_line    0x00002d91      0x15e network/dst.o
 .debug_line    0x00002eef      0x30a network/netdev.o
 .debug_line    0x000031f9      0x1fe network/ip_output.o
 .debug_line    0x000033f7      0x2f5 network/tcp.o
 .debug_line    0x000036ec      0x222 network/sock.o
 .debug_line    0x0000390e      0x58b network/tcp_output.o
 .debug_line    0x00003e99      0x34c network/arp.o
 .debug_line    0x000041e5      0x57c network/tcp_sock.o
 .debug_line    0x00004761      0x5ab network/ipc.o
 .debug_line    0x00004d0c      0x225 network/icmpv4.o
 .debug_line    0x00004f31      0x121 network/skbuff.o
 .debug_line    0x00005052      0x30e network/inet.o
 .debug_line    0x00005360      0x659 network/tcp_input.o
 .debug_line    0x000059b9       0xcc network/task_network.o
 .debug_line    0x00005a85      0x209 network/route.o
 .debug_line    0x00005c8e      0x2ec network/udp.o
 .debug_line    0x00005f7a      0x3e9 network/tcp_data.o
 .debug_line    0x00006363      0x13c network/utils.o
 .debug_line    0x0000649f      0x62c hd/hd.o
 .debug_line    0x00006acb      0xc23 fs/fs_main.o
 .debug_line    0x000076ee      0x174 mm/forkexit.o
 .debug_line    0x00007862      0x20c mm/exec.o
 .debug_line    0x00007a6e       0xec mm/main.o
 .debug_line    0x00007b5a      0x77b mem/mem.o
 .debug_line    0x000082d5       0x5a lib/floor.o
 .debug_line    0x0000832f      0x18b lib/exec.o
 .debug_line    0x000084ba       0xa0 lib/exit.o
 .debug_line    0x0000855a       0xc0 lib/unlink.o
 .debug_line    0x0000861a       0xb7 lib/wait.o
 .debug_line    0x000086d1       0xe3 lib/calloc.o
 .debug_line    0x000087b4       0x6b lib/alloca.o
 .debug_line    0x0000881f       0xa5 lib/fork.o
 .debug_line    0x000088c4       0xa0 lib/getpid.o
 .debug_line    0x00008964       0xad lib/stdlib/atoi.o
 .debug_line    0x00008a11       0x6e lib/string/strtok.o
 .debug_line    0x00008a7f       0x9c lib/string/strcmp.o
 .debug_line    0x00008b1b       0xcc lib/string/strncmp.o
 .debug_line    0x00008be7       0xb0 lib/string/strpbrk.o
 .debug_line    0x00008c97      0x15b lib/stdio/read.o
 .debug_line    0x00008df2       0x48 lib/stdio/perror.o
 .debug_line    0x00008e3a      0x1d2 lib/stdio/sscanf.o
 .debug_line    0x0000900c       0xc3 lib/stdio/open.o
 .debug_line    0x000090cf       0xc2 lib/stdio/write.o
 .debug_line    0x00009191       0xb3 lib/stdio/close.o
 .debug_line    0x00009244       0x6c lib/arpa/ntohs.o
 .debug_line    0x000092b0       0xc1 lib/arpa/htonl.o
 .debug_line    0x00009371       0x6c lib/arpa/htons.o
 .debug_line    0x000093dd      0x167 lib/arpa/inet_pton.o
 .debug_line    0x00009544       0xc1 lib/arpa/ntohl.o
 .debug_line    0x00009605       0xd7 lib/arpa/inet_ntop.o

.debug_frame
 *(.debug_frame)

.debug_str      0x00000000     0x3624
 *(.debug_str)
 .debug_str     0x00000000     0x3624 double_link_list.o
                                0x6e9 (size before relaxing)
 .debug_str     0x00003624      0xb86 kernel_main_old.o
 .debug_str     0x00003624      0x697 kernel_main.o
 .debug_str     0x00003624      0x766 protect.o
 .debug_str     0x00003624      0x75a console.o
 .debug_str     0x00003624      0x645 process.o
 .debug_str     0x00003624      0x60b global.o
 .debug_str     0x00003624      0x697 keyboard.o
 .debug_str     0x00003624      0x712 thread.o
 .debug_str     0x00003624      0x8f9 my_process.o
 .debug_str     0x00003624      0x923 network/socket.o
 .debug_str     0x00003624      0x996 network/ip_input.o
 .debug_str     0x00003624      0xa6c network/udp_sock.o
 .debug_str     0x00003624      0x71d network/dst.o
 .debug_str     0x00003624      0x85e network/netdev.o
 .debug_str     0x00003624      0x851 network/ip_output.o
 .debug_str     0x00003624      0xb28 network/tcp.o
 .debug_str     0x00003624      0x8b1 network/sock.o
 .debug_str     0x00003624      0xc18 network/tcp_output.o
 .debug_str     0x00003624      0x2f6 network/arp.o
 .debug_str     0x00003624      0xcbb network/tcp_sock.o
 .debug_str     0x00003624      0x8cd network/ipc.o
 .debug_str     0x00003624      0x915 network/icmpv4.o
 .debug_str     0x00003624      0x1d8 network/skbuff.o
 .debug_str     0x00003624      0x8e2 network/inet.o
 .debug_str     0x00003624      0xb88 network/tcp_input.o
 .debug_str     0x00003624      0x28f network/task_network.o
 .debug_str     0x00003624      0x73e network/route.o
 .debug_str     0x00003624      0x948 network/udp.o
 .debug_str     0x00003624      0xa44 network/tcp_data.o
 .debug_str     0x00003624      0x1b8 network/utils.o
 .debug_str     0x00003624      0x914 hd/hd.o
 .debug_str     0x00003624      0xaf5 fs/fs_main.o
 .debug_str     0x00003624      0x612 mm/forkexit.o
 .debug_str     0x00003624      0x868 mm/exec.o
 .debug_str     0x00003624      0x593 mm/main.o
 .debug_str     0x00003624      0xab9 mem/mem.o
 .debug_str     0x00003624       0xa2 lib/floor.o
 .debug_str     0x00003624      0x627 lib/exec.o
 .debug_str     0x00003624      0x5a0 lib/exit.o
 .debug_str     0x00003624      0x61f lib/unlink.o
 .debug_str     0x00003624      0x5a0 lib/wait.o
 .debug_str     0x00003624      0x62c lib/calloc.o
 .debug_str     0x00003624       0xb6 lib/alloca.o
 .debug_str     0x00003624      0x599 lib/fork.o
 .debug_str     0x00003624      0x59d lib/getpid.o
 .debug_str     0x00003624       0xad lib/stdlib/atoi.o
 .debug_str     0x00003624       0xb9 lib/string/strtok.o
 .debug_str     0x00003624       0xb1 lib/string/strcmp.o
 .debug_str     0x00003624       0xba lib/string/strncmp.o
 .debug_str     0x00003624       0xc1 lib/string/strpbrk.o
 .debug_str     0x00003624      0x617 lib/stdio/read.o
 .debug_str     0x00003624       0x99 lib/stdio/perror.o
 .debug_str     0x00003624      0x102 lib/stdio/sscanf.o
 .debug_str     0x00003624      0x5de lib/stdio/open.o
 .debug_str     0x00003624      0x5db lib/stdio/write.o
 .debug_str     0x00003624      0x5a6 lib/stdio/close.o
 .debug_str     0x00003624      0x101 lib/arpa/ntohs.o
 .debug_str     0x00003624       0xf4 lib/arpa/htonl.o
 .debug_str     0x00003624      0x102 lib/arpa/htons.o
 .debug_str     0x00003624      0x14c lib/arpa/inet_pton.o
 .debug_str     0x00003624       0xf3 lib/arpa/ntohl.o
 .debug_str     0x00003624      0x10f lib/arpa/inet_ntop.o

.debug_loc
 *(.debug_loc)

.debug_macinfo
 *(.debug_macinfo)

.debug_weaknames
 *(.debug_weaknames)

.debug_funcnames
 *(.debug_funcnames)

.debug_typenames
 *(.debug_typenames)

.debug_varnames
 *(.debug_varnames)

.debug_pubtypes
 *(.debug_pubtypes)

.debug_ranges   0x00000000       0x90
 *(.debug_ranges)
 .debug_ranges  0x00000000       0x30 kernel_main_old.o
 .debug_ranges  0x00000030       0x48 hd/hd.o
 .debug_ranges  0x00000078       0x18 mm/exec.o

.debug_addr
 *(.debug_addr)

.debug_line_str
 *(.debug_line_str)

.debug_loclists
 *(.debug_loclists)

.debug_macro
 *(.debug_macro)

.debug_names
 *(.debug_names)

.debug_rnglists
 *(.debug_rnglists)

.debug_str_offsets
 *(.debug_str_offsets)

.debug_sup
 *(.debug_sup)

.gnu.attributes
 *(.gnu.attributes)

/DISCARD/
 *(.note.GNU-stack)
 *(.gnu_debuglink)
 *(.gnu.lto_*)
OUTPUT(kernel.bin elf32-i386)
