
Allocating common symbols
Common symbol       size              file

current_tty         0x4               kernel_main.o
file_desc_table     0x400             fs_main.o
is_e0               0x1               kernel_main.o
phy_super_block_buf
                    0x4               fs_main.o
phy_fsbuf           0x4               fs_main.o
idt_ptr             0x6               kernel_main.o
pid                 0x4               kernel_main.o
KernelVirtualMemory
                    0xc               kernel_main.o
inode_table         0xa00             fs_main.o
current_dis_pos     0x4               kernel_main.o
dis_pos             0x4               kernel_main.o
k_reenter           0x4               kernel_main.o
super_block_buf     0x4               fs_main.o
gdt                 0x400             kernel_main.o
proc_ready_table    0x4               kernel_main.o
test_ticks          0x4               kernel_main.o
hd_info             0x224             hd.o
proc_stack          0x70000           global.o
pcaller             0x4               kernel_main.o
keyboard_buffer     0x20c             kernel_main.o
pcb_list            0x10              kernel_main.o
gdt_index           0x4               kernel_main.o
tty_table           0x828             kernel_main.o
tss                 0x6c              kernel_main.o
KernelPool          0x10              kernel_main.o
fsbuf               0x4               fs_main.o
root                0x28              fs_main.o
kernel_mem_block_decs_array
                    0xf0              mem/mem.o
counter             0x4               kernel_main.o
key_pressed         0x4               kernel_main.o
is_shift            0x1               kernel_main.o
gdt_ptr             0x6               kernel_main.o
idt                 0x800             kernel_main.o
main_thread         0x4               kernel_main.o
ticks               0x8               kernel_main.o
is_init             0x1               kernel_main.o
UserPool            0x10              kernel_main.o
all_pcb_list        0x10              kernel_main.o
console_table       0x10              kernel_main.o
is_disp             0x1               kernel_main.o
proc_table          0x15a0            global.o
hd_cache            0x200             hd.o

Discarded input sections

 .note.GNU-stack
                0x0000000000000000        0x0 kernel_main.o
 .note.GNU-stack
                0x0000000000000000        0x0 hd.o
 .note.GNU-stack
                0x0000000000000000        0x0 fs_main.o
 .note.GNU-stack
                0x0000000000000000        0x0 global.o
 .note.GNU-stack
                0x0000000000000000        0x0 process.o
 .note.GNU-stack
                0x0000000000000000        0x0 protect.o
 .note.GNU-stack
                0x0000000000000000        0x0 console.o
 .note.GNU-stack
                0x0000000000000000        0x0 keyboard.o
 .note.GNU-stack
                0x0000000000000000        0x0 open.o
 .note.GNU-stack
                0x0000000000000000        0x0 read.o
 .note.GNU-stack
                0x0000000000000000        0x0 write.o
 .note.GNU-stack
                0x0000000000000000        0x0 close.o
 .note.GNU-stack
                0x0000000000000000        0x0 wait.o
 .note.GNU-stack
                0x0000000000000000        0x0 exit.o
 .note.GNU-stack
                0x0000000000000000        0x0 fork.o
 .note.GNU-stack
                0x0000000000000000        0x0 getpid.o
 .note.GNU-stack
                0x0000000000000000        0x0 exec.o
 .note.GNU-stack
                0x0000000000000000        0x0 mm/main.o
 .note.GNU-stack
                0x0000000000000000        0x0 mm/exec.o
 .note.GNU-stack
                0x0000000000000000        0x0 mm/forkexit.o
 .note.GNU-stack
                0x0000000000000000        0x0 mem/mem.o
 .note.GNU-stack
                0x0000000000000000        0x0 kernel_main_old.o
 .note.GNU-stack
                0x0000000000000000        0x0 my_process.o
 .note.GNU-stack
                0x0000000000000000        0x0 double_link_list.o
 .note.GNU-stack
                0x0000000000000000        0x0 thread.o

Memory Configuration

Name             Origin             Length             Attributes
*default*        0x0000000000000000 0xffffffffffffffff

Linker script and memory map

Address of section .text set to 0xc0001000
LOAD kernel_sub.o
LOAD kernel.o
LOAD string.o
LOAD kernel_main.o
LOAD hd.o
LOAD syscall.o
LOAD fs_main.o
LOAD global.o
LOAD hd_rdwt.o
LOAD process.o
LOAD protect.o
LOAD console.o
LOAD keyboard.o
LOAD open.o
LOAD read.o
LOAD write.o
LOAD close.o
LOAD wait.o
LOAD exit.o
LOAD fork.o
LOAD getpid.o
LOAD exec.o
LOAD mm/main.o
LOAD mm/exec.o
LOAD mm/forkexit.o
LOAD mem/mem.o
LOAD kernel_main_old.o
LOAD my_process.o
LOAD switch_to.o
LOAD double_link_list.o
LOAD thread.o
                [!provide]                        PROVIDE (__executable_start = SEGMENT_START ("text-segment", 0x8048000))
                0x0000000008048094                . = (SEGMENT_START ("text-segment", 0x8048000) + SIZEOF_HEADERS)

.interp
 *(.interp)

.note.gnu.build-id
 *(.note.gnu.build-id)

.hash
 *(.hash)

.gnu.hash
 *(.gnu.hash)

.dynsym
 *(.dynsym)

.dynstr
 *(.dynstr)

.gnu.version
 *(.gnu.version)

.gnu.version_d
 *(.gnu.version_d)

.gnu.version_r
 *(.gnu.version_r)

.rel.dyn        0x0000000008048094        0x0
 *(.rel.init)
 *(.rel.text .rel.text.* .rel.gnu.linkonce.t.*)
 .rel.text      0x0000000008048094        0x0 kernel_sub.o
 *(.rel.fini)
 *(.rel.rodata .rel.rodata.* .rel.gnu.linkonce.r.*)
 *(.rel.data.rel.ro .rel.data.rel.ro.* .rel.gnu.linkonce.d.rel.ro.*)
 *(.rel.data .rel.data.* .rel.gnu.linkonce.d.*)
 *(.rel.tdata .rel.tdata.* .rel.gnu.linkonce.td.*)
 *(.rel.tbss .rel.tbss.* .rel.gnu.linkonce.tb.*)
 *(.rel.ctors)
 *(.rel.dtors)
 *(.rel.got)
 .rel.got       0x0000000008048094        0x0 kernel_sub.o
 *(.rel.bss .rel.bss.* .rel.gnu.linkonce.b.*)
 *(.rel.ifunc)

.rel.plt        0x0000000008048094        0x0
 *(.rel.plt)
                [!provide]                        PROVIDE (__rel_iplt_start = .)
 *(.rel.iplt)
 .rel.iplt      0x0000000008048094        0x0 kernel_sub.o
                [!provide]                        PROVIDE (__rel_iplt_end = .)

.init
 *(SORT_NONE(.init))

.plt            0x0000000008048098        0x0
 *(.plt)
 *(.iplt)
 .iplt          0x0000000008048098        0x0 kernel_sub.o

.plt.got
 *(.plt.got)

.plt.sec
 *(.plt.sec)

.text           0x00000000c0001000     0x9e70
 *(.text.unlikely .text.*_unlikely .text.unlikely.*)
 *(.text.exit .text.exit.*)
 *(.text.startup .text.startup.*)
 *(.text.hot .text.hot.*)
 *(.text .stub .text.* .gnu.linkonce.t.*)
 .text          0x00000000c0001000       0x71 kernel_sub.o
                0x00000000c0001000                _start
 *fill*         0x00000000c0001071        0xf 
 .text          0x00000000c0001080      0x325 kernel.o
                0x00000000c0001080                InterruptTest
                0x00000000c000108c                disp_str
                0x00000000c00010c7                disp_str_colour
                0x00000000c0001103                divide_zero_fault
                0x00000000c0001109                single_step_fault
                0x00000000c000110f                non_maskable_interrupt
                0x00000000c0001115                breakpoint_trap
                0x00000000c000111b                overflow_trap
                0x00000000c0001121                bound_range_exceeded_fault
                0x00000000c0001127                invalid_opcode_fault
                0x00000000c000112d                coprocessor_not_available_fault
                0x00000000c0001133                double_fault_exception_abort
                0x00000000c0001137                coprocessor_segment_overrun
                0x00000000c000113d                invalid_task_state_segment_fault
                0x00000000c0001141                segment_not_present_fault
                0x00000000c0001145                stack_exception_fault
                0x00000000c0001149                general_protection_exception_fault
                0x00000000c0001154                page_fault
                0x00000000c0001158                coprocessor_error_fault
                0x00000000c000115e                align_check_fault
                0x00000000c0001162                simd_float_exception_fault
                0x00000000c0001171                hwint0
                0x00000000c000119e                hwint1
                0x00000000c00011e0                hwint14
                0x00000000c000121e                sys_call
                0x00000000c0001263                fork_restart
                0x00000000c000126c                restart
                0x00000000c000128d                in_byte
                0x00000000c0001299                out_byte
                0x00000000c00012bb                disable_int
                0x00000000c00012bd                enable_int
                0x00000000c0001353                enable_8259A_casecade_irq
                0x00000000c000135d                disable_8259A_casecade_irq
                0x00000000c0001367                enable_8259A_slave_winchester_irq
                0x00000000c0001371                disable_8259A_slave_winchester_irq
                0x00000000c000137b                update_cr3
                0x00000000c0001388                update_tss
                0x00000000c0001397                get_running_thread_pcb
                0x00000000c000139f                sys_call_test
 .text          0x00000000c00013a5      0x26e kernel_main.o
                0x00000000c00013a5                kernel_main
                0x00000000c0001480                init
                0x00000000c0001530                kernel_thread_a
                0x00000000c000157d                kernel_thread_b
                0x00000000c00015ca                kernel_thread_c
                0x00000000c00015e0                kernel_thread_d
                0x00000000c00015f6                user_proc_a
 .text          0x00000000c0001613      0xe1d hd.o
                0x00000000c0001613                TaskHD
                0x00000000c0001658                init_hd
                0x00000000c0001672                hd_handle
                0x00000000c0001777                hd_cmd_out
                0x00000000c0001879                hd_identify
                0x00000000c0001930                print_hdinfo
                0x00000000c0001abe                print_dpt_entry
                0x00000000c0001b2a                get_partition_table
                0x00000000c0001c09                partition
                0x00000000c0001e23                hd_open
                0x00000000c0001eca                get_hd_ioctl
                0x00000000c0001f7b                wait_for
                0x00000000c0001fac                interrupt_wait
                0x00000000c0001ffc                hd_rdwt
                0x00000000c000229b                hd_handler
                0x00000000c00022c7                waitfor
                0x00000000c000230b                print_hd_info
                0x00000000c00023f8                is_empty
 .text          0x00000000c0002430       0x69 syscall.o
                0x00000000c0002430                write_debug
                0x00000000c0002440                send_msg
                0x00000000c0002456                receive_msg
                0x00000000c000246c                sys_malloc
                0x00000000c0002481                sys_free
 .text          0x00000000c0002499     0x202f fs_main.o
                0x00000000c0002499                task_fs
                0x00000000c00026a4                rd_wt
                0x00000000c000277d                mkfs
                0x00000000c0002d5f                init_fs
                0x00000000c0002db3                do_open
                0x00000000c0002f82                search_file
                0x00000000c00030b4                strip_path
                0x00000000c0003180                get_inode
                0x00000000c0003342                create_file
                0x00000000c000344d                alloc_imap_bit
                0x00000000c000354a                alloc_smap_bit
                0x00000000c00036eb                new_inode
                0x00000000c0003809                new_dir_entry
                0x00000000c0003a15                do_unlink
                0x00000000c0003ef1                do_rdwt
                0x00000000c000427c                sync_inode
                0x00000000c00043d0                put_inode
                0x00000000c000440e                do_close
                0x00000000c0004460                get_super_block
 .text          0x00000000c00044c8        0x0 global.o
 .text          0x00000000c00044c8      0x1dd process.o
                0x00000000c00044c8                schedule_process
                0x00000000c00045cd                clock_handler
                0x00000000c000461c                pid2proc
                0x00000000c000468e                proc2pid
 .text          0x00000000c00046a5      0x3a0 protect.o
                0x00000000c00046a5                InitDescriptor
                0x00000000c0004712                Seg2PhyAddr
                0x00000000c0004753                Seg2PhyAddrLDT
                0x00000000c0004797                VirAddr2PhyAddr
                0x00000000c00047ad                v2l
                0x00000000c00047f0                init_propt
                0x00000000c000495e                InitInterruptDesc
                0x00000000c00049ba                ReloadGDT
 .text          0x00000000c0004a45      0xaca console.o
                0x00000000c0004a45                select_console
                0x00000000c0004a81                flush
                0x00000000c0004aba                set_cursor
                0x00000000c0004b18                set_console_start_video_addr
                0x00000000c0004b76                put_key
                0x00000000c0004be2                scroll_up
                0x00000000c0004c24                scroll_down
                0x00000000c0004c8f                out_char
                0x00000000c0004e4c                tty_dev_read
                0x00000000c0004e76                tty_dev_write
                0x00000000c00050a3                tty_do_read
                0x00000000c000516b                tty_do_write
                0x00000000c00052ce                init_screen
                0x00000000c0005357                init_tty
                0x00000000c000540c                TaskTTY
 .text          0x00000000c000550f      0x40f keyboard.o
                0x00000000c000550f                keyboard_handler
                0x00000000c0005593                read_from_keyboard_buf
                0x00000000c00055f9                keyboard_read
                0x00000000c0005778                init_keyboard_handler
                0x00000000c000578c                in_process
 .text          0x00000000c000591e       0x95 open.o
                0x00000000c000591e                open
 .text          0x00000000c00059b3      0x181 read.o
                0x00000000c00059b3                read
 .text          0x00000000c0005b34       0x85 write.o
                0x00000000c0005b34                write
 .text          0x00000000c0005bb9       0x52 close.o
                0x00000000c0005bb9                close
 .text          0x00000000c0005c0b       0x44 wait.o
                0x00000000c0005c0b                wait
 .text          0x00000000c0005c4f       0x2f exit.o
                0x00000000c0005c4f                exit
 .text          0x00000000c0005c7e       0x48 fork.o
                0x00000000c0005c7e                fork
 .text          0x00000000c0005cc6       0x2b getpid.o
                0x00000000c0005cc6                getpid
 .text          0x00000000c0005cf1      0x27b exec.o
                0x00000000c0005cf1                exec
                0x00000000c0005d62                execv
                0x00000000c0005f47                execl
 .text          0x00000000c0005f6c      0x148 mm/main.o
                0x00000000c0005f6c                TaskMM
                0x00000000c0006095                alloc_mem
 .text          0x00000000c00060b4      0x419 mm/exec.o
                0x00000000c00060b4                do_exec
 .text          0x00000000c00064cd      0x291 mm/forkexit.o
                0x00000000c00064cd                do_fork
                0x00000000c000653b                do_exit
                0x00000000c0006637                do_wait
                0x00000000c0006704                cleanup
 .text          0x00000000c000675e     0x1266 mem/mem.o
                0x00000000c000675e                init_bitmap
                0x00000000c0006781                test_bit_val
                0x00000000c00067ea                set_bit_val
                0x00000000c0006865                set_bits
                0x00000000c000689f                get_first_free_bit
                0x00000000c00068e3                get_bits
                0x00000000c00069ab                get_a_page
                0x00000000c0006a5f                get_virtual_address_start_with_addr
                0x00000000c0006af9                get_virtual_address
                0x00000000c0006b89                ptr_pde
                0x00000000c0006b9c                ptr_pte
                0x00000000c0006bc3                add_map_entry
                0x00000000c0006c54                alloc_virtual_memory
                0x00000000c0006d22                get_physical_address_proc
                0x00000000c0006d9e                get_physical_address
                0x00000000c0006dd0                alloc_physical_memory_of_proc
                0x00000000c0006ebf                alloc_physical_memory
                0x00000000c0006f87                alloc_memory
                0x00000000c0006fe9                get_a_virtual_page
                0x00000000c0007021                block2arena
                0x00000000c0007037                sys_malloc2
                0x00000000c00072e8                remove_map_entry
                0x00000000c0007309                free_a_page
                0x00000000c00073b0                sys_free2
                0x00000000c0007533                init_memory_block_desc
                0x00000000c0007604                init_memory2
                0x00000000c000787b                init_memory
 .text          0x00000000c00079c4     0x2876 kernel_main_old.o
                0x00000000c00079c4                catch_error
                0x00000000c00079e1                intr_enable
                0x00000000c0007a0a                intr_disable
                0x00000000c0007a33                intr_set_status
                0x00000000c0007a51                intr_get_status
                0x00000000c0007a6e                Memcpy
                0x00000000c0007aa1                untar
                0x00000000c0007db1                atoi
                0x00000000c0007e57                disp_int
                0x00000000c0007e80                do_page_fault
                0x00000000c0007fbd                exception_handler
                0x00000000c00081a4                init_internal_interrupt
                0x00000000c0008319                spurious_irq
                0x00000000c00083a7                init_keyboard
                0x00000000c0008414                TestTTY
                0x00000000c00084b3                TestFS
                0x00000000c00088bb                wait_exit
                0x00000000c0008989                INIT_fork
                0x00000000c0008c66                simple_shell
                0x00000000c0008e64                test_shell
                0x00000000c0008ecc                test_exec
                0x00000000c0008f74                INIT
                0x00000000c0008f81                TestA
                0x00000000c0008fb6                delay
                0x00000000c0008ffa                TestB
                0x00000000c0009012                TestC
                0x00000000c0009045                sys_get_ticks
                0x00000000c0009055                sys_write
                0x00000000c00090a9                milli_delay
                0x00000000c00090e5                TaskSys
                0x00000000c00090ea                Printf
                0x00000000c0009148                vsprintf
                0x00000000c00092f4                printx
                0x00000000c0009337                sys_printx
                0x00000000c0009403                spin
                0x00000000c0009429                panic
                0x00000000c0009447                assertion_failure
                0x00000000c00094b9                dead_lock
                0x00000000c00094c3                sys_send_msg
                0x00000000c0009901                sys_receive_msg
                0x00000000c0009e64                send_rec
                0x00000000c0009f5f                block
                0x00000000c0009f9b                unblock
                0x00000000c0009feb                get_ticks_ipc
                0x00000000c000a042                itoa
                0x00000000c000a098                i2a
                0x00000000c000a0fe                inform_int
                0x00000000c000a1cb                strcmp
 .text          0x00000000c000a23a      0x73e my_process.o
                0x00000000c000a23a                create_user_process_address_space
                0x00000000c000a2ca                user_process
                0x00000000c000a3d9                clone_pcb
                0x00000000c000a550                build_body_stack
                0x00000000c000a683                build_process_kernel_stack
                0x00000000c000a746                fork_process
                0x00000000c000a807                process_execute
 *fill*         0x00000000c000a978        0x8 
 .text          0x00000000c000a980       0x15 switch_to.o
                0x00000000c000a980                switch_to
 .text          0x00000000c000a995      0x329 double_link_list.o
                0x00000000c000a995                initDoubleLinkList
                0x00000000c000a9c3                isListEmpty
                0x00000000c000a9e4                findElementInList
                0x00000000c000aac0                appendToDoubleLinkList
                0x00000000c000aba7                insertToDoubleLinkList
                0x00000000c000ac2a                popFromDoubleLinkList
 .text          0x00000000c000acbe      0x1b2 thread.o
                0x00000000c000acbe                kernel_thread
                0x00000000c000acd6                thread_init
                0x00000000c000ad83                thread_create
                0x00000000c000adb8                thread_start
 *(.gnu.warning)

.fini
 *(SORT_NONE(.fini))
                [!provide]                        PROVIDE (__etext = .)
                [!provide]                        PROVIDE (_etext = .)
                [!provide]                        PROVIDE (etext = .)

.rodata         0x00000000c000ae80      0xd71
 *(.rodata .rodata.* .gnu.linkonce.r.*)
 .rodata        0x00000000c000ae80       0x91 kernel_main.o
 *fill*         0x00000000c000af11        0x3 
 .rodata        0x00000000c000af14      0x19c hd.o
 .rodata        0x00000000c000b0b0      0x1eb fs_main.o
                0x00000000c000b0b0                FSBUF_SIZE
 .rodata        0x00000000c000b29b       0x26 process.o
 .rodata        0x00000000c000b2c1       0x22 console.o
 .rodata        0x00000000c000b2e3       0x24 close.o
 .rodata        0x00000000c000b307       0x2d exec.o
 .rodata        0x00000000c000b334       0x11 mm/main.o
 .rodata        0x00000000c000b345       0x10 mm/exec.o
 .rodata        0x00000000c000b355       0x41 mem/mem.o
 *fill*         0x00000000c000b396        0xa 
 .rodata        0x00000000c000b3a0      0x825 kernel_main_old.o
 .rodata        0x00000000c000bbc5       0x2c double_link_list.o

.txt            0x00000000c000bbf1       0xaa
 .txt           0x00000000c000bbf1       0x82 string.o
                0x00000000c000bbf1                Memcpy2
                0x00000000c000bc1f                Memset
                0x00000000c000bc3e                Strcpy
                0x00000000c000bc58                Strlen
 .txt           0x00000000c000bc73       0x28 hd_rdwt.o
                0x00000000c000bc73                read_port
                0x00000000c000bc87                write_port

.rodata1
 *(.rodata1)

.eh_frame_hdr
 *(.eh_frame_hdr)
 *(.eh_frame_entry .eh_frame_entry.*)

.eh_frame       0x00000000c000bc9c     0x1750
 *(.eh_frame)
 .eh_frame      0x00000000c000bc9c       0xe0 kernel_main.o
 .eh_frame      0x00000000c000bd7c      0x244 hd.o
                                        0x25c (size before relaxing)
 .eh_frame      0x00000000c000bfc0      0x27c fs_main.o
                                        0x294 (size before relaxing)
 .eh_frame      0x00000000c000c23c       0x80 process.o
                                         0x98 (size before relaxing)
 .eh_frame      0x00000000c000c2bc      0x100 protect.o
                                        0x118 (size before relaxing)
 .eh_frame      0x00000000c000c3bc      0x1e0 console.o
                                        0x1f8 (size before relaxing)
 .eh_frame      0x00000000c000c59c       0xa0 keyboard.o
                                         0xb8 (size before relaxing)
 .eh_frame      0x00000000c000c63c       0x20 open.o
                                         0x38 (size before relaxing)
 .eh_frame      0x00000000c000c65c       0x20 read.o
                                         0x38 (size before relaxing)
 .eh_frame      0x00000000c000c67c       0x20 write.o
                                         0x38 (size before relaxing)
 .eh_frame      0x00000000c000c69c       0x20 close.o
                                         0x38 (size before relaxing)
 .eh_frame      0x00000000c000c6bc       0x20 wait.o
                                         0x38 (size before relaxing)
 .eh_frame      0x00000000c000c6dc       0x20 exit.o
                                         0x38 (size before relaxing)
 .eh_frame      0x00000000c000c6fc       0x20 fork.o
                                         0x38 (size before relaxing)
 .eh_frame      0x00000000c000c71c       0x20 getpid.o
                                         0x38 (size before relaxing)
 .eh_frame      0x00000000c000c73c       0x60 exec.o
                                         0x78 (size before relaxing)
 .eh_frame      0x00000000c000c79c       0x3c mm/main.o
                                         0x54 (size before relaxing)
 .eh_frame      0x00000000c000c7d8       0x20 mm/exec.o
                                         0x38 (size before relaxing)
 .eh_frame      0x00000000c000c7f8       0x80 mm/forkexit.o
                                         0x98 (size before relaxing)
 .eh_frame      0x00000000c000c878      0x364 mem/mem.o
                                        0x37c (size before relaxing)
 .eh_frame      0x00000000c000cbdc      0x5f0 kernel_main_old.o
                                        0x608 (size before relaxing)
 .eh_frame      0x00000000c000d1cc       0xe0 my_process.o
                                         0xf8 (size before relaxing)
 .eh_frame      0x00000000c000d2ac       0xc0 double_link_list.o
                                         0xd8 (size before relaxing)
 .eh_frame      0x00000000c000d36c       0x80 thread.o
                                         0x98 (size before relaxing)
 *(.eh_frame.*)

.gcc_except_table
 *(.gcc_except_table .gcc_except_table.*)

.gnu_extab
 *(.gnu_extab*)

.exception_ranges
 *(.exception_ranges .exception_ranges*)
                0x00000000c000f000                . = DATA_SEGMENT_ALIGN (CONSTANT (MAXPAGESIZE), CONSTANT (COMMONPAGESIZE))

.eh_frame
 *(.eh_frame)
 *(.eh_frame.*)

.gnu_extab
 *(.gnu_extab)

.gcc_except_table
 *(.gcc_except_table .gcc_except_table.*)

.exception_ranges
 *(.exception_ranges .exception_ranges*)

.tdata
 *(.tdata .tdata.* .gnu.linkonce.td.*)

.tbss
 *(.tbss .tbss.* .gnu.linkonce.tb.*)
 *(.tcommon)

.preinit_array  0x00000000c000f000        0x0
                [!provide]                        PROVIDE (__preinit_array_start = .)
 *(.preinit_array)
                [!provide]                        PROVIDE (__preinit_array_end = .)

.init_array     0x00000000c000f000        0x0
                [!provide]                        PROVIDE (__init_array_start = .)
 *(SORT_BY_INIT_PRIORITY(.init_array.*) SORT_BY_INIT_PRIORITY(.ctors.*))
 *(.init_array EXCLUDE_FILE(*crtend?.o *crtend.o *crtbegin?.o *crtbegin.o) .ctors)
                [!provide]                        PROVIDE (__init_array_end = .)

.fini_array     0x00000000c000f000        0x0
                [!provide]                        PROVIDE (__fini_array_start = .)
 *(SORT_BY_INIT_PRIORITY(.fini_array.*) SORT_BY_INIT_PRIORITY(.dtors.*))
 *(.fini_array EXCLUDE_FILE(*crtend?.o *crtend.o *crtbegin?.o *crtbegin.o) .dtors)
                [!provide]                        PROVIDE (__fini_array_end = .)

.ctors
 *crtbegin.o(.ctors)
 *crtbegin?.o(.ctors)
 *(EXCLUDE_FILE(*crtend?.o *crtend.o) .ctors)
 *(SORT_BY_NAME(.ctors.*))
 *(.ctors)

.dtors
 *crtbegin.o(.dtors)
 *crtbegin?.o(.dtors)
 *(EXCLUDE_FILE(*crtend?.o *crtend.o) .dtors)
 *(SORT_BY_NAME(.dtors.*))
 *(.dtors)

.jcr
 *(.jcr)

.data.rel.ro
 *(.data.rel.ro.local* .gnu.linkonce.d.rel.ro.local.*)
 *(.data.rel.ro .data.rel.ro.* .gnu.linkonce.d.rel.ro.*)

.dynamic
 *(.dynamic)

.got            0x00000000c000f000        0x0
 *(.got)
 .got           0x00000000c000f000        0x0 kernel_sub.o
 *(.igot)
                0x00000000c000f000                . = DATA_SEGMENT_RELRO_END (., (SIZEOF (.got.plt) >= 0xc)?0xc:0x0)

.got.plt        0x00000000c000f000        0x0
 *(.got.plt)
 .got.plt       0x00000000c000f000        0x0 kernel_sub.o
 *(.igot.plt)
 .igot.plt      0x00000000c000f000        0x0 kernel_sub.o

.data           0x00000000c000f000      0x760
 *(.data .data.* .gnu.linkonce.d.*)
 .data          0x00000000c000f000        0xf kernel_sub.o
 *fill*         0x00000000c000f00f        0x1 
 .data          0x00000000c000f010        0xf kernel.o
 .data          0x00000000c000f01f        0x0 kernel_main.o
 .data          0x00000000c000f01f        0x0 hd.o
 *fill*         0x00000000c000f01f        0x1 
 .data          0x00000000c000f020        0x0 syscall.o
 .data          0x00000000c000f020        0x0 fs_main.o
 .data          0x00000000c000f020      0x128 global.o
                0x00000000c000f020                user_task_table
                0x00000000c000f0a0                sys_task_table
                0x00000000c000f12c                sys_call_table
 .data          0x00000000c000f148        0x0 process.o
 .data          0x00000000c000f148        0x0 protect.o
 .data          0x00000000c000f148        0x0 console.o
 *fill*         0x00000000c000f148       0x18 
 .data          0x00000000c000f160      0x600 keyboard.o
                0x00000000c000f160                keymap
 .data          0x00000000c000f760        0x0 open.o
 .data          0x00000000c000f760        0x0 read.o
 .data          0x00000000c000f760        0x0 write.o
 .data          0x00000000c000f760        0x0 close.o
 .data          0x00000000c000f760        0x0 wait.o
 .data          0x00000000c000f760        0x0 exit.o
 .data          0x00000000c000f760        0x0 fork.o
 .data          0x00000000c000f760        0x0 getpid.o
 .data          0x00000000c000f760        0x0 exec.o
 .data          0x00000000c000f760        0x0 mm/main.o
 .data          0x00000000c000f760        0x0 mm/exec.o
 .data          0x00000000c000f760        0x0 mm/forkexit.o
 .data          0x00000000c000f760        0x0 mem/mem.o
 .data          0x00000000c000f760        0x0 kernel_main_old.o
 .data          0x00000000c000f760        0x0 my_process.o
 .data          0x00000000c000f760        0x0 double_link_list.o
 .data          0x00000000c000f760        0x0 thread.o

.data1
 *(.data1)
                0x00000000c000f760                _edata = .
                [!provide]                        PROVIDE (edata = .)
                0x00000000c000f760                . = .
                0x00000000c000f760                __bss_start = .

.bss            0x00000000c000f760    0x75130
 *(.dynbss)
 *(.bss .bss.* .gnu.linkonce.b.*)
 .bss           0x00000000c000f760      0x800 kernel_sub.o
 .bss           0x00000000c000ff60      0x800 kernel.o
 .bss           0x00000000c0010760        0x0 kernel_main.o
 .bss           0x00000000c0010760        0x0 hd.o
 .bss           0x00000000c0010760        0x4 fs_main.o
                0x00000000c0010760                c
 .bss           0x00000000c0010764        0x0 global.o
 .bss           0x00000000c0010764        0x0 process.o
 .bss           0x00000000c0010764        0x0 protect.o
 .bss           0x00000000c0010764        0x0 console.o
 .bss           0x00000000c0010764        0x0 keyboard.o
 .bss           0x00000000c0010764        0x0 open.o
 .bss           0x00000000c0010764        0x0 read.o
 .bss           0x00000000c0010764        0x0 write.o
 .bss           0x00000000c0010764        0x0 close.o
 .bss           0x00000000c0010764        0x0 wait.o
 .bss           0x00000000c0010764        0x0 exit.o
 .bss           0x00000000c0010764        0x0 fork.o
 .bss           0x00000000c0010764        0x0 getpid.o
 .bss           0x00000000c0010764        0x0 exec.o
 .bss           0x00000000c0010764        0x0 mm/main.o
 .bss           0x00000000c0010764        0x0 mm/exec.o
 .bss           0x00000000c0010764        0x0 mm/forkexit.o
 .bss           0x00000000c0010764        0x0 mem/mem.o
 .bss           0x00000000c0010764        0x0 kernel_main_old.o
 .bss           0x00000000c0010764        0x0 my_process.o
 .bss           0x00000000c0010764        0x0 double_link_list.o
 .bss           0x00000000c0010764        0x0 thread.o
 *(COMMON)
 *fill*         0x00000000c0010764       0x1c 
 COMMON         0x00000000c0010780     0x17a5 kernel_main.o
                0x00000000c0010780                current_tty
                0x00000000c0010784                is_e0
                0x00000000c0010788                idt_ptr
                0x00000000c0010790                pid
                0x00000000c0010794                KernelVirtualMemory
                0x00000000c00107a0                current_dis_pos
                0x00000000c00107a4                dis_pos
                0x00000000c00107a8                k_reenter
                0x00000000c00107c0                gdt
                0x00000000c0010bc0                proc_ready_table
                0x00000000c0010bc4                test_ticks
                0x00000000c0010bc8                pcaller
                0x00000000c0010be0                keyboard_buffer
                0x00000000c0010dec                pcb_list
                0x00000000c0010dfc                gdt_index
                0x00000000c0010e00                tty_table
                0x00000000c0011640                tss
                0x00000000c00116ac                KernelPool
                0x00000000c00116bc                counter
                0x00000000c00116c0                key_pressed
                0x00000000c00116c4                is_shift
                0x00000000c00116c8                gdt_ptr
                0x00000000c00116e0                idt
                0x00000000c0011ee0                main_thread
                0x00000000c0011ee8                ticks
                0x00000000c0011ef0                is_init
                0x00000000c0011ef4                UserPool
                0x00000000c0011f04                all_pcb_list
                0x00000000c0011f14                console_table
                0x00000000c0011f24                is_disp
 *fill*         0x00000000c0011f25       0x1b 
 COMMON         0x00000000c0011f40      0x440 hd.o
                0x00000000c0011f40                hd_info
                0x00000000c0012180                hd_cache
 COMMON         0x00000000c0012380      0xe68 fs_main.o
                0x00000000c0012380                file_desc_table
                0x00000000c0012780                phy_super_block_buf
                0x00000000c0012784                phy_fsbuf
                0x00000000c00127a0                inode_table
                0x00000000c00131a0                super_block_buf
                0x00000000c00131a4                fsbuf
                0x00000000c00131c0                root
 *fill*         0x00000000c00131e8       0x18 
 COMMON         0x00000000c0013200    0x715a0 global.o
                0x00000000c0013200                proc_stack
                0x00000000c0083200                proc_table
 COMMON         0x00000000c00847a0       0xf0 mem/mem.o
                0x00000000c00847a0                kernel_mem_block_decs_array
                0x00000000c0084890                . = ALIGN ((. != 0x0)?0x4:0x1)
                0x00000000c0084890                . = ALIGN (0x4)
                0x00000000c0084890                . = SEGMENT_START ("ldata-segment", .)
                0x00000000c0084890                . = ALIGN (0x4)
                0x00000000c0084890                _end = .
                [!provide]                        PROVIDE (end = .)
                0x00000000c0084890                . = DATA_SEGMENT_END (.)

.stab
 *(.stab)

.stabstr
 *(.stabstr)

.stab.excl
 *(.stab.excl)

.stab.exclstr
 *(.stab.exclstr)

.stab.index
 *(.stab.index)

.stab.indexstr
 *(.stab.indexstr)

.comment        0x0000000000000000       0x2c
 *(.comment)
 .comment       0x0000000000000000       0x2c kernel_main.o
                                         0x2d (size before relaxing)
 .comment       0x000000000000002c       0x2d hd.o
 .comment       0x000000000000002c       0x2d fs_main.o
 .comment       0x000000000000002c       0x2d global.o
 .comment       0x000000000000002c       0x2d process.o
 .comment       0x000000000000002c       0x2d protect.o
 .comment       0x000000000000002c       0x2d console.o
 .comment       0x000000000000002c       0x2d keyboard.o
 .comment       0x000000000000002c       0x2d open.o
 .comment       0x000000000000002c       0x2d read.o
 .comment       0x000000000000002c       0x2d write.o
 .comment       0x000000000000002c       0x2d close.o
 .comment       0x000000000000002c       0x2d wait.o
 .comment       0x000000000000002c       0x2d exit.o
 .comment       0x000000000000002c       0x2d fork.o
 .comment       0x000000000000002c       0x2d getpid.o
 .comment       0x000000000000002c       0x2d exec.o
 .comment       0x000000000000002c       0x2d mm/main.o
 .comment       0x000000000000002c       0x2d mm/exec.o
 .comment       0x000000000000002c       0x2d mm/forkexit.o
 .comment       0x000000000000002c       0x2d mem/mem.o
 .comment       0x000000000000002c       0x2d kernel_main_old.o
 .comment       0x000000000000002c       0x2d my_process.o
 .comment       0x000000000000002c       0x2d double_link_list.o
 .comment       0x000000000000002c       0x2d thread.o

.gnu.build.attributes
 *(.gnu.build.attributes .gnu.build.attributes.*)

.debug
 *(.debug)

.line
 *(.line)

.debug_srcinfo
 *(.debug_srcinfo)

.debug_sfnames
 *(.debug_sfnames)

.debug_aranges  0x0000000000000000      0x318
 *(.debug_aranges)
 .debug_aranges
                0x0000000000000000       0x20 kernel_main.o
 .debug_aranges
                0x0000000000000020       0x20 hd.o
 .debug_aranges
                0x0000000000000040       0x20 fs_main.o
 .debug_aranges
                0x0000000000000060       0x18 global.o
 .debug_aranges
                0x0000000000000078       0x20 process.o
 .debug_aranges
                0x0000000000000098       0x20 protect.o
 .debug_aranges
                0x00000000000000b8       0x20 console.o
 .debug_aranges
                0x00000000000000d8       0x20 keyboard.o
 .debug_aranges
                0x00000000000000f8       0x20 open.o
 .debug_aranges
                0x0000000000000118       0x20 read.o
 .debug_aranges
                0x0000000000000138       0x20 write.o
 .debug_aranges
                0x0000000000000158       0x20 close.o
 .debug_aranges
                0x0000000000000178       0x20 wait.o
 .debug_aranges
                0x0000000000000198       0x20 exit.o
 .debug_aranges
                0x00000000000001b8       0x20 fork.o
 .debug_aranges
                0x00000000000001d8       0x20 getpid.o
 .debug_aranges
                0x00000000000001f8       0x20 exec.o
 .debug_aranges
                0x0000000000000218       0x20 mm/main.o
 .debug_aranges
                0x0000000000000238       0x20 mm/exec.o
 .debug_aranges
                0x0000000000000258       0x20 mm/forkexit.o
 .debug_aranges
                0x0000000000000278       0x20 mem/mem.o
 .debug_aranges
                0x0000000000000298       0x20 kernel_main_old.o
 .debug_aranges
                0x00000000000002b8       0x20 my_process.o
 .debug_aranges
                0x00000000000002d8       0x20 double_link_list.o
 .debug_aranges
                0x00000000000002f8       0x20 thread.o

.debug_pubnames
 *(.debug_pubnames)

.debug_info     0x0000000000000000    0x1b1d1
 *(.debug_info .gnu.linkonce.wi.*)
 .debug_info    0x0000000000000000      0xef5 kernel_main.o
 .debug_info    0x0000000000000ef5     0x1758 hd.o
 .debug_info    0x000000000000264d     0x1eab fs_main.o
 .debug_info    0x00000000000044f8      0xe00 global.o
 .debug_info    0x00000000000052f8      0xedc process.o
 .debug_info    0x00000000000061d4     0x112b protect.o
 .debug_info    0x00000000000072ff     0x1200 console.o
 .debug_info    0x00000000000084ff      0xf54 keyboard.o
 .debug_info    0x0000000000009453      0xd78 open.o
 .debug_info    0x000000000000a1cb      0xe17 read.o
 .debug_info    0x000000000000afe2      0xda5 write.o
 .debug_info    0x000000000000bd87      0xd2c close.o
 .debug_info    0x000000000000cab3      0xd37 wait.o
 .debug_info    0x000000000000d7ea      0xd29 exit.o
 .debug_info    0x000000000000e513      0xd1e fork.o
 .debug_info    0x000000000000f231      0xd1e getpid.o
 .debug_info    0x000000000000ff4f      0xea7 exec.o
 .debug_info    0x0000000000010df6      0xd3c mm/main.o
 .debug_info    0x0000000000011b32     0x114a mm/exec.o
 .debug_info    0x0000000000012c7c      0xef8 mm/forkexit.o
 .debug_info    0x0000000000013b74     0x1cb6 mem/mem.o
 .debug_info    0x000000000001582a     0x2634 kernel_main_old.o
 .debug_info    0x0000000000017e5e     0x13e7 my_process.o
 .debug_info    0x0000000000019245      0xfba double_link_list.o
 .debug_info    0x000000000001a1ff      0xfd2 thread.o

.debug_abbrev   0x0000000000000000     0x34a4
 *(.debug_abbrev)
 .debug_abbrev  0x0000000000000000      0x1df kernel_main.o
 .debug_abbrev  0x00000000000001df      0x2e3 hd.o
 .debug_abbrev  0x00000000000004c2      0x2ef fs_main.o
 .debug_abbrev  0x00000000000007b1      0x157 global.o
 .debug_abbrev  0x0000000000000908      0x1e0 process.o
 .debug_abbrev  0x0000000000000ae8      0x227 protect.o
 .debug_abbrev  0x0000000000000d0f      0x2ac console.o
 .debug_abbrev  0x0000000000000fbb      0x1fb keyboard.o
 .debug_abbrev  0x00000000000011b6      0x1c5 open.o
 .debug_abbrev  0x000000000000137b      0x1ef read.o
 .debug_abbrev  0x000000000000156a      0x1db write.o
 .debug_abbrev  0x0000000000001745      0x19d close.o
 .debug_abbrev  0x00000000000018e2      0x19f wait.o
 .debug_abbrev  0x0000000000001a81      0x19b exit.o
 .debug_abbrev  0x0000000000001c1c      0x18a fork.o
 .debug_abbrev  0x0000000000001da6      0x18a getpid.o
 .debug_abbrev  0x0000000000001f30      0x1e8 exec.o
 .debug_abbrev  0x0000000000002118      0x208 mm/main.o
 .debug_abbrev  0x0000000000002320      0x1c4 mm/exec.o
 .debug_abbrev  0x00000000000024e4      0x204 mm/forkexit.o
 .debug_abbrev  0x00000000000026e8      0x2ea mem/mem.o
 .debug_abbrev  0x00000000000029d2      0x43a kernel_main_old.o
 .debug_abbrev  0x0000000000002e0c      0x260 my_process.o
 .debug_abbrev  0x000000000000306c      0x216 double_link_list.o
 .debug_abbrev  0x0000000000003282      0x222 thread.o

.debug_line     0x0000000000000000     0x4760
 *(.debug_line .debug_line.* .debug_line_end)
 .debug_line    0x0000000000000000      0x17a kernel_main.o
 .debug_line    0x000000000000017a      0x613 hd.o
 .debug_line    0x000000000000078d      0xc11 fs_main.o
 .debug_line    0x000000000000139e       0x95 global.o
 .debug_line    0x0000000000001433      0x15a process.o
 .debug_line    0x000000000000158d      0x1fb protect.o
 .debug_line    0x0000000000001788      0x54e console.o
 .debug_line    0x0000000000001cd6      0x296 keyboard.o
 .debug_line    0x0000000000001f6c       0xbd open.o
 .debug_line    0x0000000000002029      0x155 read.o
 .debug_line    0x000000000000217e       0xbc write.o
 .debug_line    0x000000000000223a       0xad close.o
 .debug_line    0x00000000000022e7       0xb7 wait.o
 .debug_line    0x000000000000239e       0xa0 exit.o
 .debug_line    0x000000000000243e       0xa5 fork.o
 .debug_line    0x00000000000024e3       0xa0 getpid.o
 .debug_line    0x0000000000002583      0x187 exec.o
 .debug_line    0x000000000000270a       0xec mm/main.o
 .debug_line    0x00000000000027f6      0x20c mm/exec.o
 .debug_line    0x0000000000002a02      0x18a mm/forkexit.o
 .debug_line    0x0000000000002b8c      0x7dd mem/mem.o
 .debug_line    0x0000000000003369      0xd23 kernel_main_old.o
 .debug_line    0x000000000000408c      0x33c my_process.o
 .debug_line    0x00000000000043c8      0x253 double_link_list.o
 .debug_line    0x000000000000461b      0x145 thread.o

.debug_frame
 *(.debug_frame)

.debug_str      0x0000000000000000     0x1de2
 *(.debug_str)
 .debug_str     0x0000000000000000      0x52c kernel_main.o
                                        0x61b (size before relaxing)
 .debug_str     0x000000000000052c      0x2c2 hd.o
                                        0x8b3 (size before relaxing)
 .debug_str     0x00000000000007ee      0x47c fs_main.o
                                        0xaa0 (size before relaxing)
 .debug_str     0x0000000000000c6a        0x9 global.o
                                        0x5b6 (size before relaxing)
 .debug_str     0x0000000000000c73       0x39 process.o
                                        0x5f0 (size before relaxing)
 .debug_str     0x0000000000000cac      0x134 protect.o
                                        0x711 (size before relaxing)
 .debug_str     0x0000000000000de0      0x13e console.o
                                        0x705 (size before relaxing)
 .debug_str     0x0000000000000f1e       0x84 keyboard.o
                                        0x642 (size before relaxing)
 .debug_str     0x0000000000000fa2       0x29 open.o
                                        0x57e (size before relaxing)
 .debug_str     0x0000000000000fcb       0x51 read.o
                                        0x5b7 (size before relaxing)
 .debug_str     0x000000000000101c        0xc write.o
                                        0x57b (size before relaxing)
 .debug_str     0x0000000000001028        0xc close.o
                                        0x546 (size before relaxing)
 .debug_str     0x0000000000001034        0xb wait.o
                                        0x54b (size before relaxing)
 .debug_str     0x000000000000103f        0xb exit.o
                                        0x54b (size before relaxing)
 .debug_str     0x000000000000104a        0xb fork.o
                                        0x544 (size before relaxing)
 .debug_str     0x0000000000001055       0x14 getpid.o
                                        0x548 (size before relaxing)
 .debug_str     0x0000000000001069       0x3e exec.o
                                        0x5c2 (size before relaxing)
 .debug_str     0x00000000000010a7       0x32 mm/main.o
                                        0x53e (size before relaxing)
 .debug_str     0x00000000000010d9      0x29b mm/exec.o
                                        0x813 (size before relaxing)
 .debug_str     0x0000000000001374       0x74 mm/forkexit.o
                                        0x5a8 (size before relaxing)
 .debug_str     0x00000000000013e8      0x316 mem/mem.o
                                        0xa2e (size before relaxing)
 .debug_str     0x00000000000016fe      0x3e9 kernel_main_old.o
                                        0xace (size before relaxing)
 .debug_str     0x0000000000001ae7      0x200 my_process.o
                                        0x8a4 (size before relaxing)
 .debug_str     0x0000000000001ce7       0x8f double_link_list.o
                                        0x677 (size before relaxing)
 .debug_str     0x0000000000001d76       0x6c thread.o
                                        0x6bd (size before relaxing)

.debug_loc
 *(.debug_loc)

.debug_macinfo
 *(.debug_macinfo)

.debug_weaknames
 *(.debug_weaknames)

.debug_funcnames
 *(.debug_funcnames)

.debug_typenames
 *(.debug_typenames)

.debug_varnames
 *(.debug_varnames)

.debug_pubtypes
 *(.debug_pubtypes)

.debug_ranges   0x0000000000000000       0x78
 *(.debug_ranges)
 .debug_ranges  0x0000000000000000       0x48 hd.o
 .debug_ranges  0x0000000000000048       0x18 mm/exec.o
 .debug_ranges  0x0000000000000060       0x18 kernel_main_old.o

.debug_macro
 *(.debug_macro)

.debug_addr
 *(.debug_addr)

.gnu.attributes
 *(.gnu.attributes)

/DISCARD/
 *(.note.GNU-stack)
 *(.gnu_debuglink)
 *(.gnu.lto_*)
 *(.gnu_object_only)
OUTPUT(kernel.bin elf32-i386)
