
Merging program properties

Removed property 0xc0010001 to merge double_link_list.o (0x1) and kernel/kernel_sub.o (not found)
Removed property 0xc0010002 to merge double_link_list.o (0x0) and kernel/kernel_sub.o (not found)
Removed property 0xc0010001 to merge double_link_list.o (not found) and global.o (0x1)
Removed property 0xc0010002 to merge double_link_list.o (not found) and global.o (0x0)
Removed property 0xc0010001 to merge double_link_list.o (not found) and kernel_main_old.o (0x1)
Removed property 0xc0010002 to merge double_link_list.o (not found) and kernel_main_old.o (0x1)
Removed property 0xc0010001 to merge double_link_list.o (not found) and kernel_main.o (0x1)
Removed property 0xc0010002 to merge double_link_list.o (not found) and kernel_main.o (0x0)
Removed property 0xc0010001 to merge double_link_list.o (not found) and protect.o (0x1)
Removed property 0xc0010002 to merge double_link_list.o (not found) and protect.o (0x0)
Removed property 0xc0010001 to merge double_link_list.o (not found) and console.o (0x1)
Removed property 0xc0010002 to merge double_link_list.o (not found) and console.o (0x1)
Removed property 0xc0010001 to merge double_link_list.o (not found) and process.o (0x1)
Removed property 0xc0010002 to merge double_link_list.o (not found) and process.o (0x0)
Removed property 0xc0010001 to merge double_link_list.o (not found) and keyboard.o (0x1)
Removed property 0xc0010002 to merge double_link_list.o (not found) and keyboard.o (0x0)
Removed property 0xc0010001 to merge double_link_list.o (not found) and thread.o (0x1)
Removed property 0xc0010002 to merge double_link_list.o (not found) and thread.o (0x0)
Removed property 0xc0010001 to merge double_link_list.o (not found) and my_process.o (0x1)
Removed property 0xc0010002 to merge double_link_list.o (not found) and my_process.o (0x1)
Removed property 0xc0010001 to merge double_link_list.o (not found) and network/skbuff.o (0x1)
Removed property 0xc0010002 to merge double_link_list.o (not found) and network/skbuff.o (0x0)
Removed property 0xc0010001 to merge double_link_list.o (not found) and network/socket.o (0x1)
Removed property 0xc0010002 to merge double_link_list.o (not found) and network/socket.o (0x0)
Removed property 0xc0010001 to merge double_link_list.o (not found) and network/ip_input.o (0x1)
Removed property 0xc0010002 to merge double_link_list.o (not found) and network/ip_input.o (0x0)
Removed property 0xc0010001 to merge double_link_list.o (not found) and network/udp_sock.o (0x1)
Removed property 0xc0010002 to merge double_link_list.o (not found) and network/udp_sock.o (0x0)
Removed property 0xc0010001 to merge double_link_list.o (not found) and network/netdev.o (0x1)
Removed property 0xc0010002 to merge double_link_list.o (not found) and network/netdev.o (0x0)
Removed property 0xc0010001 to merge double_link_list.o (not found) and network/ip_output.o (0x1)
Removed property 0xc0010002 to merge double_link_list.o (not found) and network/ip_output.o (0x0)
Removed property 0xc0010001 to merge double_link_list.o (not found) and network/tcp.o (0x1)
Removed property 0xc0010002 to merge double_link_list.o (not found) and network/tcp.o (0x0)
Removed property 0xc0010001 to merge double_link_list.o (not found) and network/sock.o (0x1)
Removed property 0xc0010002 to merge double_link_list.o (not found) and network/sock.o (0x0)
Removed property 0xc0010001 to merge double_link_list.o (not found) and network/tcp_output.o (0x1)
Removed property 0xc0010002 to merge double_link_list.o (not found) and network/tcp_output.o (0x1)
Removed property 0xc0010001 to merge double_link_list.o (not found) and network/arp.o (0x1)
Removed property 0xc0010002 to merge double_link_list.o (not found) and network/arp.o (0x0)
Removed property 0xc0010001 to merge double_link_list.o (not found) and network/tcp_sock.o (0x1)
Removed property 0xc0010002 to merge double_link_list.o (not found) and network/tcp_sock.o (0x0)
Removed property 0xc0010001 to merge double_link_list.o (not found) and network/ipc.o (0x1)
Removed property 0xc0010002 to merge double_link_list.o (not found) and network/ipc.o (0x1)
Removed property 0xc0010001 to merge double_link_list.o (not found) and network/icmpv4.o (0x1)
Removed property 0xc0010002 to merge double_link_list.o (not found) and network/icmpv4.o (0x0)
Removed property 0xc0010001 to merge double_link_list.o (not found) and network/inet.o (0x1)
Removed property 0xc0010002 to merge double_link_list.o (not found) and network/inet.o (0x0)
Removed property 0xc0010001 to merge double_link_list.o (not found) and network/dst.o (0x1)
Removed property 0xc0010002 to merge double_link_list.o (not found) and network/dst.o (0x0)
Removed property 0xc0010001 to merge double_link_list.o (not found) and network/tcp_input.o (0x1)
Removed property 0xc0010002 to merge double_link_list.o (not found) and network/tcp_input.o (0x0)
Removed property 0xc0010001 to merge double_link_list.o (not found) and network/task_network.o (0x1)
[...]
Memory Configuration

Name             Origin             Length             Attributes
*default*        0x00000000         0xffffffff

Linker script and memory map

Address of section .text set to 0xc0600000
LOAD kernel/kernel_sub.o
LOAD kernel/kernel.o
LOAD switch_to.o
LOAD string.o
LOAD syscall.o
LOAD hd/hd_rdwt.o
LOAD network/ne2000.o
LOAD double_link_list.o
LOAD global.o
LOAD kernel_main_old.o
LOAD kernel_main.o
LOAD protect.o
LOAD console.o
LOAD process.o
LOAD keyboard.o
LOAD thread.o
LOAD my_process.o
LOAD network/skbuff.o
LOAD network/socket.o
LOAD network/ip_input.o
LOAD network/udp_sock.o
LOAD network/netdev.o
LOAD network/ip_output.o
LOAD network/tcp.o
LOAD network/sock.o
LOAD network/tcp_output.o
LOAD network/arp.o
LOAD network/tcp_sock.o
LOAD network/ipc.o
LOAD network/icmpv4.o
LOAD network/inet.o
LOAD network/dst.o
LOAD network/tcp_input.o
LOAD network/task_network.o
LOAD network/route.o
LOAD network/udp.o
LOAD network/tcp_data.o
LOAD network/utils.o
LOAD hd/hd.o
LOAD fs/fs_main.o
LOAD mm/forkexit.o
LOAD mm/exec.o
LOAD mm/main.o
LOAD mem/mem.o
LOAD lib/floor.o
LOAD lib/exec.o
LOAD lib/exit.o
LOAD lib/unlink.o
LOAD lib/wait.o
LOAD lib/socket_close.o
LOAD lib/socket_read.o
LOAD lib/alloca.o
LOAD lib/calloc.o
LOAD lib/fork.o
LOAD lib/socket_write.o
LOAD lib/getpid.o
LOAD lib/stdlib/atoi.o
LOAD lib/string/strtok.o
LOAD lib/string/strcmp.o
LOAD lib/string/strncmp.o
LOAD lib/string/strpbrk.o
LOAD lib/stdio/read.o
LOAD lib/stdio/perror.o
LOAD lib/stdio/sscanf.o
LOAD lib/stdio/open.o
LOAD lib/stdio/write.o
LOAD lib/stdio/close.o
LOAD lib/sys/socket.o
LOAD lib/sys/connect.o
LOAD lib/arpa/ntohs.o
LOAD lib/arpa/htonl.o
LOAD lib/arpa/htons.o
LOAD lib/arpa/inet_pton.o
LOAD lib/arpa/ntohl.o
LOAD lib/arpa/inet_ntop.o
                [!provide]                        PROVIDE (__executable_start = SEGMENT_START ("text-segment", 0x8048000))
                0x080480d4                        . = (SEGMENT_START ("text-segment", 0x8048000) + SIZEOF_HEADERS)

.interp
 *(.interp)

.note.gnu.build-id
 *(.note.gnu.build-id)

.hash
 *(.hash)

.gnu.hash
 *(.gnu.hash)

.dynsym
 *(.dynsym)

.dynstr
 *(.dynstr)

.gnu.version
 *(.gnu.version)

.gnu.version_d
 *(.gnu.version_d)

.gnu.version_r
 *(.gnu.version_r)

.rel.dyn        0x080480d4        0x0
 *(.rel.init)
 *(.rel.text .rel.text.* .rel.gnu.linkonce.t.*)
 .rel.text      0x080480d4        0x0 kernel/kernel_sub.o
 *(.rel.fini)
 *(.rel.rodata .rel.rodata.* .rel.gnu.linkonce.r.*)
 *(.rel.data.rel.ro .rel.data.rel.ro.* .rel.gnu.linkonce.d.rel.ro.*)
 *(.rel.data .rel.data.* .rel.gnu.linkonce.d.*)
 *(.rel.tdata .rel.tdata.* .rel.gnu.linkonce.td.*)
 *(.rel.tbss .rel.tbss.* .rel.gnu.linkonce.tb.*)
 *(.rel.ctors)
 *(.rel.dtors)
 *(.rel.got)
 .rel.got       0x080480d4        0x0 kernel/kernel_sub.o
 *(.rel.bss .rel.bss.* .rel.gnu.linkonce.b.*)
 *(.rel.ifunc)

.rel.plt        0x080480d4        0x0
 *(.rel.plt)
                [!provide]                        PROVIDE (__rel_iplt_start = .)
 *(.rel.iplt)
 .rel.iplt      0x080480d4        0x0 kernel/kernel_sub.o
                [!provide]                        PROVIDE (__rel_iplt_end = .)

.relr.dyn
 *(.relr.dyn)
                0x08049000                        . = ALIGN (CONSTANT (MAXPAGESIZE))

.init
 *(SORT_NONE(.init))

.plt            0x08049000        0x0
 *(.plt)
 *(.iplt)
 .iplt          0x08049000        0x0 kernel/kernel_sub.o

.plt.got
 *(.plt.got)

.plt.sec
 *(.plt.sec)

.text           0xc0600000    0x12b90
 *(.text.unlikely .text.*_unlikely .text.unlikely.*)
 *(.text.exit .text.exit.*)
 *(.text.startup .text.startup.*)
 *(.text.hot .text.hot.*)
 *(SORT_BY_NAME(.text.sorted.*))
 *(.text .stub .text.* .gnu.linkonce.t.*)
 .text          0xc0600000       0x74 kernel/kernel_sub.o
                0xc0600000                _start
 *fill*         0xc0600074        0xc 
 .text          0xc0600080      0x3d5 kernel/kernel.o
                0xc0600080                InterruptTest
                0xc060008c                disp_str_len
                0xc06000d9                disp_str
                0xc0600114                disp_str_colour
                0xc0600150                divide_zero_fault
                0xc0600156                single_step_fault
                0xc060015c                non_maskable_interrupt
                0xc0600162                breakpoint_trap
                0xc0600168                overflow_trap
                0xc060016e                bound_range_exceeded_fault
                0xc0600174                invalid_opcode_fault
                0xc060017a                coprocessor_not_available_fault
                0xc0600180                double_fault_exception_abort
                0xc0600184                coprocessor_segment_overrun
                0xc060018a                invalid_task_state_segment_fault
                0xc060018e                segment_not_present_fault
                0xc0600192                stack_exception_fault
                0xc0600196                general_protection_exception_fault
                0xc06001a1                page_fault
                0xc06001a5                coprocessor_error_fault
                0xc06001ab                align_check_fault
                0xc06001af                simd_float_exception_fault
                0xc06001be                hwint0
                0xc06001ee                hwint1
                0xc0600231                hwint14
                0xc0600277                hwint10
                0xc06002ba                sys_call
                0xc0600300                fork_restart
                0xc060030f                restart
                0xc0600332                in_byte
                0xc060033e                out_byte
                0xc0600360                disable_int
                0xc0600362                enable_int
                0xc06003f8                enable_8259A_casecade_irq
                0xc0600402                disable_8259A_casecade_irq
                0xc060040c                enable_8259A_slave_winchester_irq
                0xc0600416                disable_8259A_slave_winchester_irq
                0xc0600420                update_cr3
                0xc060042d                update_tss
                0xc060043c                get_running_thread_pcb
                0xc0600442                sys_call_test
                0xc0600445                enable_8259A_slave_net_irq
 *fill*         0xc0600455        0xb 
 .text          0xc0600460       0x15 switch_to.o
                0xc0600460                switch_to
 *fill*         0xc0600475        0xb 
 .text          0xc0600480       0x6a syscall.o
                0xc0600480                write_debug
                0xc0600490                send_msg
                0xc06004a6                receive_msg
                0xc06004bc                sys_malloc
                0xc06004d1                sys_free
 *fill*         0xc06004ea        0x6 
 .text          0xc06004f0      0x26d network/ne2000.o
                0xc0600513                DriverInitialize
                0xc060059d                SetPageStart
                0xc06005c5                DriverSend
                0xc0600641                PCtoNIC
                0xc06006ac                get_interrupt_status
                0xc06006c9                set_interrupt_status
                0xc06006e9                get_curr_page
                0xc0600706                NICtoPC
 .text          0xc060075d      0x2ee double_link_list.o
                0xc060075d                initDoubleLinkList
                0xc06007ad                isListEmpty
                0xc06007db                findElementInList
                0xc0600872                appendToDoubleLinkList
                0xc0600938                insertToDoubleLinkList
                0xc06009bc                popFromDoubleLinkList
 .text          0xc0600a4b        0x0 global.o
 .text          0xc0600a4b     0x2de4 kernel_main_old.o
                0xc0600a4b                stop_here
                0xc0600a8f                catch_error
                0xc0600af4                intr_enable
                0xc0600b1d                intr_disable
                0xc0600b46                intr_set_status
                0xc0600b64                intr_get_status
                0xc0600b81                Memcpy
                0xc0600bb4                untar
                0xc0600ec4                num_to_string
                0xc0600f6a                disp_int
                0xc0600f93                do_page_fault
                0xc06010d0                exception_handler
                0xc06012bb                init_internal_interrupt
                0xc0601430                spurious_irq
                0xc06014be                init_keyboard
                0xc0601501                TestTTY
                0xc06015a0                TestReadReturnValue
                0xc060161d                TestWriteReturnValue
                0xc06016f1                TestFS2
                0xc06016ff                TestFS
                0xc0601ba1                wait_exit
                0xc0601c9f                INIT_fork
                0xc0601f92                simple_shell
                0xc0602119                test_shell
                0xc0602181                test_exec
                0xc0602274                INIT
                0xc0602281                TestA
                0xc06022b6                delay
                0xc06022fa                TestB
                0xc0602312                TestC
                0xc0602345                sys_get_ticks
                0xc0602355                sys_write
                0xc06023a9                milli_delay
                0xc06023e5                TaskSys
                0xc06023ea                Printf
                0xc06024bc                sprintf
                0xc06024e8                vsprintf
                0xc0602694                printx
                0xc06026d7                sys_printx
                0xc06027a3                spin
                0xc06027c9                panic
                0xc06027e7                assertion_failure
                0xc0602859                assertion_failure2
                0xc06028ce                dead_lock
                0xc06028d8                sys_send_msg
                0xc0602df7                sys_receive_msg
                0xc0603457                send_rec
                0xc0603552                block
                0xc060358e                unblock
                0xc06035de                get_ticks_ipc
                0xc0603638                itoa
                0xc060368e                i2a
                0xc06036f4                inform_int
                0xc06037c0                deprecate_strcmp
 .text          0xc060382f      0x51d kernel_main.o
                0xc060382f                kernel_main
                0xc06039e9                init
                0xc0603a80                kernel_thread_a
                0xc0603acd                kernel_thread_b
                0xc0603b1a                kernel_thread_c
                0xc0603b30                kernel_thread_d
                0xc0603b46                user_proc_a
                0xc0603d2f                user_proc_b
 .text          0xc0603d4c      0x3b3 protect.o
                0xc0603d4c                InitDescriptor
                0xc0603db9                Seg2PhyAddr
                0xc0603dfa                Seg2PhyAddrLDT
                0xc0603e3e                VirAddr2PhyAddr
                0xc0603e54                v2l
                0xc0603e97                init_propt
                0xc0604018                InitInterruptDesc
                0xc0604074                ReloadGDT
 .text          0xc06040ff      0xad3 console.o
                0xc06040ff                select_console
                0xc060413b                flush
                0xc0604174                set_cursor
                0xc06041d2                set_console_start_video_addr
                0xc0604230                put_key
                0xc060429c                scroll_up
                0xc06042de                scroll_down
                0xc0604349                out_char
                0xc0604506                tty_dev_read
                0xc0604530                tty_dev_write
                0xc060475d                tty_do_read
                0xc0604825                tty_do_write
                0xc060498e                init_screen
                0xc0604a17                init_tty
                0xc0604acc                TaskTTY
 .text          0xc0604bd2      0x2b7 process.o
                0xc0604bd2                schedule_process
                0xc0604d98                clock_handler
                0xc0604e0e                pid2proc
                0xc0604e72                proc2pid
 .text          0xc0604e89      0x40f keyboard.o
                0xc0604e89                keyboard_handler
                0xc0604f0d                read_from_keyboard_buf
                0xc0604f73                keyboard_read
                0xc06050f2                init_keyboard_handler
                0xc0605106                in_process
 .text          0xc0605298      0x1b2 thread.o
                0xc0605298                kernel_thread
                0xc06052b0                thread_init
                0xc060535d                thread_create
                0xc0605392                thread_start
 .text          0xc060544a      0x730 my_process.o
                0xc060544a                create_user_process_address_space
                0xc06054da                user_process
                0xc0605607                clone_pcb
                0xc0605779                build_body_stack
                0xc06058ac                build_process_kernel_stack
                0xc060596f                fork_process
                0xc0605a00                process_execute
 .text          0xc0605b7a      0x15b network/skbuff.o
                0xc0605b93                alloc_skb
                0xc0605c24                free_skb
                0xc0605c57                skb_reserve
                0xc0605c73                skb_push
                0xc0605ca2                skb_head
                0xc0605cad                skb_reset_header
 .text          0xc0605cd5      0x66c network/socket.o
                0xc0605d85                test
                0xc0605de1                socket_debug
                0xc0605e42                free_socket
                0xc0605efe                _socket
                0xc0605fbd                _bind
                0xc0606010                _connect
                0xc0606062                _write
                0xc06060b9                _read
                0xc0606110                _recvfrom
                0xc0606151                _sendto
                0xc06061a8                _close
                0xc0606227                _listen
                0xc060628d                _accept
 .text          0xc0606341      0x2ed network/ip_input.o
                0xc06064cb                ip_rcv
 .text          0xc060662e      0x8cd network/udp_sock.o
                0xc060686c                udp_lookup_sock
                0xc06068b3                udp_init
                0xc06068e4                udp_close
                0xc060690a                udp_sock_init
                0xc0606914                udp_recvfrom
                0xc06069ad                udp_connect
                0xc0606a86                udp_write
                0xc0606ab2                udp_alloc_skb
                0xc0606afc                udp_sendto
                0xc0606bf0                udp_send
                0xc0606d2e                udp_alloc_sock
                0xc0606d6f                udp_free_sock
                0xc0606d93                udp_read
 .text          0xc0606efb      0x878 network/netdev.o
                0xc0607089                netdev_init
                0xc06070d0                netdev_transmit
                0xc060722b                interrupt_wait2
                0xc0607284                netdev_rx_loop
                0xc06073ab                netdev_get
                0xc06073e6                free_netdev
                0xc0607411                local_ipaddress
                0xc060744e                receive_msg_from_nic
                0xc0607631                receive_msg_from_nic2
                0xc060775d                net_handler
 .text          0xc0607773      0x1d3 network/ip_output.o
                0xc0607781                ip_output
 .text          0xc0607946      0x448 network/tcp.o
                0xc0607b3b                tcp_in
                0xc0607bef                tcp_checksum
                0xc0607c1b                __tcp_set_state
                0xc0607c2a                tcp_generate_port
                0xc0607c73                tcp_generate_isn
                0xc0607c7d                tcp_done
                0xc0607ca6                tcp_clear_timers
                0xc0607cb5                tcp_stop_retransmission_timer
                0xc0607cce                tcp_release_retransmission_timer
                0xc0607ce7                tcp_stop_delack_timer
                0xc0607cfa                tcp_release_delack_timer
                0xc0607d0d                tcp_handle_fin_state
                0xc0607d72                tcp_enter_time_wait
 .text          0xc0607d8e      0x203 network/sock.o
                0xc0607ec0                sk_alloc
                0xc0607ee7                sk_init
                0xc0607f3b                sk_init_with_socket
                0xc0607f64                sk_free
 .text          0xc0607f91      0xbbe network/tcp_output.o
                0xc0608457                tcp_send_synack
                0xc06084fa                tcp_send_delack
                0xc0608535                tcp_send_ack
                0xc0608681                tcp_send_fin
                0xc06086f6                tcp_select_initial_window
                0xc06088a8                tcp_reset_retransmission_timer
                0xc06088c5                tcp_begin_connect
                0xc060896f                tcp_send
                0xc0608a54                tcp_send_reset
                0xc0608ad4                tcp_queue_fin
 .text          0xc0608b4f      0x70c network/arp.o
                0xc0608d1c                arp_init
                0xc0608d22                arp_rcv
                0xc0608ef1                arp_request
                0xc060905b                arp_reply
                0xc06091be                arp_get_hwaddr
                0xc060920a                free_arp
 .text          0xc060925b      0xa27 network/tcp_sock.o
                0xc060951a                tcp_established_or_syn_recvd_socks_enqueue
                0xc0609531                tcp_established_or_syn_recvd_socks_remove
                0xc0609543                tcp_connecting_or_listening_socks_enqueue
                0xc060955a                tcp_connecting_or_listening_socks_remove
                0xc060956c                tcp_alloc_sock
                0xc0609682                tcp_free_sock
                0xc06096fb                tcp_init
                0xc0609705                tcp_sock_init
                0xc06097a8                tcp_write
                0xc06097e9                tcp_read
                0xc060989c                tcp_close
                0xc060995a                tcp_recv_notify
                0xc0609985                tcp_v4_connect
                0xc0609bd5                tcp_lookup_sock
 .text          0xc0609c82      0xd76 network/ipc.o
                0xc060a83c                ipc_close
                0xc060a88d                demux_ipc_socket_call
 .text          0xc060a9f8      0x234 network/icmpv4.o
                0xc060aa06                icmpv4_incoming
                0xc060aa7a                icmpv4_reply
                0xc060ab53                icmpv4_timestamp
 .text          0xc060ac2c      0x429 network/inet.o
                0xc060ac2c                inet_create
                0xc060acdc                inet_socket
                0xc060ace6                inet_connect
                0xc060ad3a                inet_write
                0xc060ad66                inet_read
                0xc060ad92                inet_close
                0xc060ade1                inet_free
                0xc060ae17                inet_bind
                0xc060af20                inet_listen
                0xc060af69                inet_accept
                0xc060b014                inet_sendto
                0xc060b03f                inet_recvfrom
 .text          0xc060b055       0xd8 network/dst.o
                0xc060b063                dst_neigh_output
 .text          0xc060b12d      0xb80 network/tcp_input.o
                0xc060b825                tcp_process
                0xc060bbeb                tcp_receive
 .text          0xc060bcad      0x132 network/task_network.o
                0xc060bcad                task_network
                0xc060bdc1                task_netdev_rx
 .text          0xc060bddf      0x2ee network/route.o
                0xc060bf0c                route_add
                0xc060bf53                route_init
                0xc060c02b                route_lookup
                0xc060c079                free_routes
 .text          0xc060c0cd      0x3e0 network/udp.o
                0xc060c1d8                udp_generate_port
                0xc060c221                udp_checksum
                0xc060c2ef                udp_in
                0xc060c380                udp_data_dequeue
                0xc060c488                udp_data_enqueue
 .text          0xc060c4ad      0x54a network/tcp_data.o
                0xc060c798                tcp_data_dequeue
                0xc060c8c5                tcp_data_queue
 .text          0xc060c9f7      0x1e7 network/utils.o
                0xc060c9f7                run_cmd
                0xc060ca04                print_err
                0xc060ca1b                parse_ipv4_string
                0xc060ca7a                ip_pton
                0xc060cac2                sum_every_16bits
                0xc060cb19                checksum
                0xc060cb5a                tcp_udp_checksum
 .text          0xc060cbde      0xe84 hd/hd.o
                0xc060cbde                TaskHD
                0xc060cc29                init_hd
                0xc060cc43                hd_handle
                0xc060cd48                hd_cmd_out
                0xc060ce4a                hd_identify
                0xc060cf01                print_hdinfo
                0xc060d08f                print_dpt_entry
                0xc060d0fb                get_partition_table
                0xc060d1da                partition
                0xc060d3f4                hd_open
                0xc060d4a4                get_hd_ioctl
                0xc060d55e                wait_for
                0xc060d58f                interrupt_wait
                0xc060d5e8                hd_rdwt
                0xc060d88a                hd_handler
                0xc060d8bb                debug_ticks
                0xc060d8f9                waitfor
                0xc060d93d                print_hd_info
                0xc060da2a                is_empty
 .text          0xc060da62     0x2081 fs/fs_main.o
                0xc060da62                task_fs
                0xc060dc76                rd_wt
                0xc060dd58                mkfs
                0xc060e33a                init_fs
                0xc060e394                do_open
                0xc060e59d                search_file
                0xc060e6cf                strip_path
                0xc060e79b                get_inode
                0xc060e95d                create_file
                0xc060ea68                alloc_imap_bit
                0xc060eb65                alloc_smap_bit
                0xc060ed06                new_inode
                0xc060ee24                new_dir_entry
                0xc060f030                do_unlink
                0xc060f50c                do_rdwt
                0xc060f897                sync_inode
                0xc060f9eb                put_inode
                0xc060fa29                do_close
                0xc060fa7b                get_super_block
 .text          0xc060fae3      0x24f mm/forkexit.o
                0xc060fae3                do_fork
                0xc060fb51                do_exit
                0xc060fbdb                do_wait
                0xc060fcd8                cleanup
 .text          0xc060fd32      0x419 mm/exec.o
                0xc060fd32                do_exec
 .text          0xc061014b      0x14e mm/main.o
                0xc061014b                TaskMM
                0xc061027a                alloc_mem
 .text          0xc0610299     0x1118 mem/mem.o
                0xc0610299                init_bitmap
                0xc06102bc                test_bit_val
                0xc0610325                set_bit_val
                0xc06103a0                set_bits
                0xc06103da                get_first_free_bit
                0xc061041e                get_bits
                0xc06104e6                get_a_page
                0xc061059a                get_virtual_address_start_with_addr
                0xc0610634                get_virtual_address
                0xc06106c4                ptr_pde
                0xc06106d7                ptr_pte
                0xc06106fe                add_map_entry
                0xc061078f                alloc_virtual_memory
                0xc061085b                get_physical_address_proc
                0xc06108d7                get_physical_address
                0xc0610909                alloc_physical_memory_of_proc
                0xc06109f8                alloc_physical_memory
                0xc0610ac0                alloc_memory
                0xc0610b22                get_a_virtual_page
                0xc0610b5a                block2arena
                0xc0610b70                sys_malloc2
                0xc0610e9d                remove_map_entry
                0xc0610ebe                free_a_page
                0xc0610f65                sys_free2
                0xc0610f6b                init_memory_block_desc
                0xc061103c                init_memory2
                0xc0611271                init_memory
 .text          0xc06113b1       0x49 lib/floor.o
                0xc06113b1                floor
 .text          0xc06113fa      0x285 lib/exec.o
                0xc06113fa                exec
                0xc061146b                execv
                0xc061165a                execl
 .text          0xc061167f       0x2f lib/exit.o
                0xc061167f                exit
 .text          0xc06116ae       0x42 lib/unlink.o
                0xc06116ae                unlink
 .text          0xc06116f0       0x44 lib/wait.o
                0xc06116f0                wait
 .text          0xc0611734       0xbe lib/socket_close.o
                0xc0611734                socket_close
 .text          0xc06117f2      0x12a lib/socket_read.o
                0xc06117f2                socket_read
 .text          0xc061191c       0x29 lib/alloca.o
                0xc061191c                alloca
 .text          0xc0611945       0x46 lib/calloc.o
                0xc0611945                calloc
 .text          0xc061198b       0x4b lib/fork.o
                0xc061198b                fork
 .text          0xc06119d6      0x12a lib/socket_write.o
                0xc06119d6                socket_write
 .text          0xc0611b00       0x2b lib/getpid.o
                0xc0611b00                getpid
 .text          0xc0611b2b       0x9c lib/stdlib/atoi.o
                0xc0611b2b                atoi
 .text          0xc0611bc7       0x85 lib/string/strtok.o
                0xc0611bc7                strtok
 .text          0xc0611c4c       0xa8 lib/string/strcmp.o
                0xc0611c4c                strcmp
 .text          0xc0611cf4       0xd4 lib/string/strncmp.o
                0xc0611cf4                strncmp
 .text          0xc0611dc8       0x90 lib/string/strpbrk.o
                0xc0611dc8                strpbrk
 .text          0xc0611e58      0x181 lib/stdio/read.o
                0xc0611e58                read
 .text          0xc0611fd9       0x17 lib/stdio/perror.o
                0xc0611fd9                perror
 .text          0xc0611ff0      0x2c1 lib/stdio/sscanf.o
                0xc0611ff0                sscanf
 .text          0xc06122b1       0x95 lib/stdio/open.o
                0xc06122b1                open
 .text          0xc0612346       0x85 lib/stdio/write.o
                0xc0612346                write
 .text          0xc06123cb       0x52 lib/stdio/close.o
                0xc06123cb                close
 .text          0xc061241d      0x193 lib/sys/socket.o
                0xc061241d                socket
 .text          0xc06125b0      0x100 lib/sys/connect.o
                0xc06125b0                connect
 .text          0xc06126b0       0x38 lib/arpa/ntohs.o
                0xc06126b0                ntohs
 .text          0xc06126e8       0x7c lib/arpa/htonl.o
                0xc06126e8                htonl
 .text          0xc0612764       0x38 lib/arpa/htons.o
                0xc0612764                htons
 .text          0xc061279c      0x295 lib/arpa/inet_pton.o
                0xc061279c                isValidIPv4
                0xc0612926                inet_pton
 .text          0xc0612a31       0x7c lib/arpa/ntohl.o
                0xc0612a31                ntohl
 .text          0xc0612aad       0xe3 lib/arpa/inet_ntop.o
                0xc0612aad                inet_ntop
 *(.gnu.warning)

.fini
 *(SORT_NONE(.fini))
                [!provide]                        PROVIDE (__etext = .)
                [!provide]                        PROVIDE (_etext = .)
                [!provide]                        PROVIDE (etext = .)
                0xc0613000                        . = ALIGN (CONSTANT (MAXPAGESIZE))
                0xc0613000                        . = SEGMENT_START ("rodata-segment", (ALIGN (CONSTANT (MAXPAGESIZE)) + (. & (CONSTANT (MAXPAGESIZE) - 0x1))))

.rodata         0xc0613000     0x1d9b
 *(.rodata .rodata.* .gnu.linkonce.r.*)
 .rodata        0xc0613000       0x3c double_link_list.o
 *fill*         0xc061303c        0x4 
 .rodata        0xc0613040      0xb61 kernel_main_old.o
 *fill*         0xc0613ba1        0x3 
 .rodata        0xc0613ba4      0x1b4 kernel_main.o
 .rodata        0xc0613d58       0x22 console.o
 *fill*         0xc0613d7a        0x2 
 .rodata        0xc0613d7c       0x4c process.o
 .rodata        0xc0613dc8        0x9 network/skbuff.o
 *fill*         0xc0613dd1        0x3 
 .rodata        0xc0613dd4      0x23d network/socket.o
 *fill*         0xc0614011        0x3 
 .rodata        0xc0614014       0xbd network/ip_input.o
 *fill*         0xc06140d1        0x3 
 .rodata        0xc06140d4       0x2d network/udp_sock.o
 *fill*         0xc0614101        0x3 
 .rodata        0xc0614104      0x1a6 network/netdev.o
 .rodata        0xc06142aa        0x9 network/ip_output.o
 *fill*         0xc06142b3        0x1 
 .rodata        0xc06142b4       0x31 network/tcp.o
 .rodata        0xc06142e5        0x9 network/sock.o
 *fill*         0xc06142ee        0x2 
 .rodata        0xc06142f0       0xc3 network/tcp_output.o
 *fill*         0xc06143b3        0x1 
 .rodata        0xc06143b4       0xc7 network/arp.o
 *fill*         0xc061447b        0x1 
 .rodata        0xc061447c       0xe8 network/tcp_sock.o
 .rodata        0xc0614564      0x160 network/ipc.o
 .rodata        0xc06146c4       0x32 network/icmpv4.o
 *fill*         0xc06146f6        0x2 
 .rodata        0xc06146f8       0x48 network/inet.o
 .rodata        0xc0614740        0x9 network/dst.o
 *fill*         0xc0614749        0x3 
 .rodata        0xc061474c       0x60 network/tcp_input.o
 .rodata        0xc06147ac       0x61 network/task_network.o
 *fill*         0xc061480d        0x3 
 .rodata        0xc0614810       0x37 network/route.o
 .rodata        0xc0614847        0x9 network/udp.o
 .rodata        0xc0614850       0x1e network/tcp_data.o
 *fill*         0xc061486e        0x2 
 .rodata        0xc0614870       0x41 network/utils.o
 *fill*         0xc06148b1        0x3 
 .rodata        0xc06148b4      0x19c hd/hd.o
 .rodata        0xc0614a50      0x1fb fs/fs_main.o
                0xc0614a50                FSBUF_SIZE
 .rodata        0xc0614c4b       0x21 mm/forkexit.o
 .rodata        0xc0614c6c       0x10 mm/exec.o
 .rodata        0xc0614c7c       0x11 mm/main.o
 .rodata        0xc0614c8d       0x5a mem/mem.o
 .rodata        0xc0614ce7       0x2d lib/exec.o
 .rodata        0xc0614d14        0x9 lib/socket_close.o
 .rodata        0xc0614d1d        0x9 lib/socket_read.o
 .rodata        0xc0614d26        0x9 lib/socket_write.o
 .rodata        0xc0614d2f       0x2a lib/stdio/close.o
 .rodata        0xc0614d59       0x33 lib/sys/socket.o
 .rodata        0xc0614d8c        0x9 lib/sys/connect.o
 .rodata        0xc0614d95        0x3 lib/arpa/inet_pton.o
 .rodata        0xc0614d98        0x3 lib/arpa/inet_ntop.o

.txt            0xc0614d9b       0xaa
 .txt           0xc0614d9b       0x82 string.o
                0xc0614d9b                Memcpy2
                0xc0614dc9                Memset
                0xc0614de8                Strcpy
                0xc0614e02                Strlen
 .txt           0xc0614e1d       0x28 hd/hd_rdwt.o
                0xc0614e1d                read_port
                0xc0614e31                write_port

.rodata1
 *(.rodata1)

.eh_frame_hdr
 *(.eh_frame_hdr)
 *(.eh_frame_entry .eh_frame_entry.*)

.eh_frame       0xc0614e48     0x4254
 *(.eh_frame)
 .eh_frame      0xc0614e48       0xd8 double_link_list.o
 .eh_frame      0xc0614f20      0x6cc kernel_main_old.o
                                0x6e4 (size before relaxing)
 .eh_frame      0xc06155ec      0x108 kernel_main.o
                                0x120 (size before relaxing)
 .eh_frame      0xc06156f4      0x100 protect.o
                                0x118 (size before relaxing)
 .eh_frame      0xc06157f4      0x1e0 console.o
                                0x1f8 (size before relaxing)
 .eh_frame      0xc06159d4       0x80 process.o
                                 0x98 (size before relaxing)
 .eh_frame      0xc0615a54       0xa0 keyboard.o
                                 0xb8 (size before relaxing)
 .eh_frame      0xc0615af4       0x80 thread.o
                                 0x98 (size before relaxing)
 .eh_frame      0xc0615b74       0xe0 my_process.o
                                 0xf8 (size before relaxing)
 .eh_frame      0xc0615c54       0xe0 network/skbuff.o
                                 0xf8 (size before relaxing)
 .eh_frame      0xc0615d34      0x2a0 network/socket.o
                                0x2b8 (size before relaxing)
 .eh_frame      0xc0615fd4      0x104 network/ip_input.o
                                0x11c (size before relaxing)
 .eh_frame      0xc06160d8      0x404 network/udp_sock.o
                                0x41c (size before relaxing)
 .eh_frame      0xc06164dc      0x214 network/netdev.o
                                0x22c (size before relaxing)
 .eh_frame      0xc06166f0       0x40 network/ip_output.o
                                 0x58 (size before relaxing)
 .eh_frame      0xc0616730      0x268 network/tcp.o
                                0x280 (size before relaxing)
 .eh_frame      0xc0616998      0x1a0 network/sock.o
                                0x1b8 (size before relaxing)
 .eh_frame      0xc0616b38      0x3c4 network/tcp_output.o
                                0x3dc (size before relaxing)
 .eh_frame      0xc0616efc      0x1c0 network/arp.o
                                0x1d8 (size before relaxing)
 .eh_frame      0xc06170bc      0x4c0 network/tcp_sock.o
                                0x4d8 (size before relaxing)
 .eh_frame      0xc061757c      0x254 network/ipc.o
                                0x26c (size before relaxing)
 .eh_frame      0xc06177d0       0x80 network/icmpv4.o
                                 0x98 (size before relaxing)
 .eh_frame      0xc0617850      0x180 network/inet.o
                                0x198 (size before relaxing)
 .eh_frame      0xc06179d0       0x40 network/dst.o
                                 0x58 (size before relaxing)
 .eh_frame      0xc0617a10      0x300 network/tcp_input.o
                                0x318 (size before relaxing)
 .eh_frame      0xc0617d10       0x40 network/task_network.o
                                 0x58 (size before relaxing)
 .eh_frame      0xc0617d50      0x124 network/route.o
                                0x13c (size before relaxing)
 .eh_frame      0xc0617e74      0x1e4 network/udp.o
                                0x1fc (size before relaxing)
 .eh_frame      0xc0618058      0x200 network/tcp_data.o
                                0x218 (size before relaxing)
 .eh_frame      0xc0618258       0xe4 network/utils.o
                                 0xfc (size before relaxing)
 .eh_frame      0xc061833c      0x264 hd/hd.o
                                0x27c (size before relaxing)
 .eh_frame      0xc06185a0      0x27c fs/fs_main.o
                                0x294 (size before relaxing)
 .eh_frame      0xc061881c       0x80 mm/forkexit.o
                                 0x98 (size before relaxing)
 .eh_frame      0xc061889c       0x20 mm/exec.o
                                 0x38 (size before relaxing)
 .eh_frame      0xc06188bc       0x3c mm/main.o
                                 0x54 (size before relaxing)
 .eh_frame      0xc06188f8      0x364 mem/mem.o
                                0x37c (size before relaxing)
 .eh_frame      0xc0618c5c       0x20 lib/floor.o
                                 0x38 (size before relaxing)
 .eh_frame      0xc0618c7c       0x60 lib/exec.o
                                 0x78 (size before relaxing)
 .eh_frame      0xc0618cdc       0x20 lib/exit.o
                                 0x38 (size before relaxing)
 .eh_frame      0xc0618cfc       0x20 lib/unlink.o
                                 0x38 (size before relaxing)
 .eh_frame      0xc0618d1c       0x20 lib/wait.o
                                 0x38 (size before relaxing)
 .eh_frame      0xc0618d3c       0x20 lib/socket_close.o
                                 0x38 (size before relaxing)
 .eh_frame      0xc0618d5c       0x20 lib/socket_read.o
                                 0x38 (size before relaxing)
 .eh_frame      0xc0618d7c       0x20 lib/alloca.o
                                 0x38 (size before relaxing)
 .eh_frame      0xc0618d9c       0x20 lib/calloc.o
                                 0x38 (size before relaxing)
 .eh_frame      0xc0618dbc       0x20 lib/fork.o
                                 0x38 (size before relaxing)
 .eh_frame      0xc0618ddc       0x20 lib/socket_write.o
                                 0x38 (size before relaxing)
 .eh_frame      0xc0618dfc       0x20 lib/getpid.o
                                 0x38 (size before relaxing)
 .eh_frame      0xc0618e1c       0x20 lib/stdlib/atoi.o
                                 0x38 (size before relaxing)
 .eh_frame      0xc0618e3c       0x20 lib/string/strtok.o
                                 0x38 (size before relaxing)
 .eh_frame      0xc0618e5c       0x20 lib/string/strcmp.o
                                 0x38 (size before relaxing)
 .eh_frame      0xc0618e7c       0x20 lib/string/strncmp.o
                                 0x38 (size before relaxing)
 .eh_frame      0xc0618e9c       0x20 lib/string/strpbrk.o
                                 0x38 (size before relaxing)
 .eh_frame      0xc0618ebc       0x20 lib/stdio/read.o
                                 0x38 (size before relaxing)
 .eh_frame      0xc0618edc       0x20 lib/stdio/perror.o
                                 0x38 (size before relaxing)
 .eh_frame      0xc0618efc       0x20 lib/stdio/sscanf.o
                                 0x38 (size before relaxing)
 .eh_frame      0xc0618f1c       0x20 lib/stdio/open.o
                                 0x38 (size before relaxing)
 .eh_frame      0xc0618f3c       0x20 lib/stdio/write.o
                                 0x38 (size before relaxing)
 .eh_frame      0xc0618f5c       0x20 lib/stdio/close.o
                                 0x38 (size before relaxing)
 .eh_frame      0xc0618f7c       0x20 lib/sys/socket.o
                                 0x38 (size before relaxing)
 .eh_frame      0xc0618f9c       0x20 lib/sys/connect.o
                                 0x38 (size before relaxing)
 .eh_frame      0xc0618fbc       0x20 lib/arpa/ntohs.o
                                 0x38 (size before relaxing)
 .eh_frame      0xc0618fdc       0x20 lib/arpa/htonl.o
                                 0x38 (size before relaxing)
 .eh_frame      0xc0618ffc       0x20 lib/arpa/htons.o
                                 0x38 (size before relaxing)
 .eh_frame      0xc061901c       0x40 lib/arpa/inet_pton.o
                                 0x58 (size before relaxing)
 .eh_frame      0xc061905c       0x20 lib/arpa/ntohl.o
                                 0x38 (size before relaxing)
 .eh_frame      0xc061907c       0x20 lib/arpa/inet_ntop.o
                                 0x38 (size before relaxing)
 *(.eh_frame.*)

.sframe
 *(.sframe)
 *(.sframe.*)

.gcc_except_table
 *(.gcc_except_table .gcc_except_table.*)

.gnu_extab
 *(.gnu_extab*)

.exception_ranges
 *(.exception_ranges*)
                0xc061a000                        . = DATA_SEGMENT_ALIGN (CONSTANT (MAXPAGESIZE), CONSTANT (COMMONPAGESIZE))

.eh_frame
 *(.eh_frame)
 *(.eh_frame.*)

.sframe
 *(.sframe)
 *(.sframe.*)

.gnu_extab
 *(.gnu_extab)

.gcc_except_table
 *(.gcc_except_table .gcc_except_table.*)

.exception_ranges
 *(.exception_ranges*)

.tdata          0xc061a000        0x0
                [!provide]                        PROVIDE (__tdata_start = .)
 *(.tdata .tdata.* .gnu.linkonce.td.*)

.tbss
 *(.tbss .tbss.* .gnu.linkonce.tb.*)
 *(.tcommon)

.preinit_array  0xc061a000        0x0
                [!provide]                        PROVIDE (__preinit_array_start = .)
 *(.preinit_array)
                [!provide]                        PROVIDE (__preinit_array_end = .)

.init_array     0xc061a000        0x0
                [!provide]                        PROVIDE (__init_array_start = .)
 *(SORT_BY_INIT_PRIORITY(.init_array.*) SORT_BY_INIT_PRIORITY(.ctors.*))
 *(.init_array EXCLUDE_FILE(*crtend?.o *crtend.o *crtbegin?.o *crtbegin.o) .ctors)
                [!provide]                        PROVIDE (__init_array_end = .)

.fini_array     0xc061a000        0x0
                [!provide]                        PROVIDE (__fini_array_start = .)
 *(SORT_BY_INIT_PRIORITY(.fini_array.*) SORT_BY_INIT_PRIORITY(.dtors.*))
 *(.fini_array EXCLUDE_FILE(*crtend?.o *crtend.o *crtbegin?.o *crtbegin.o) .dtors)
                [!provide]                        PROVIDE (__fini_array_end = .)

.ctors
 *crtbegin.o(.ctors)
 *crtbegin?.o(.ctors)
 *(EXCLUDE_FILE(*crtend?.o *crtend.o) .ctors)
 *(SORT_BY_NAME(.ctors.*))
 *(.ctors)

.dtors
 *crtbegin.o(.dtors)
 *crtbegin?.o(.dtors)
 *(EXCLUDE_FILE(*crtend?.o *crtend.o) .dtors)
 *(SORT_BY_NAME(.dtors.*))
 *(.dtors)

.jcr
 *(.jcr)

.data.rel.ro
 *(.data.rel.ro.local* .gnu.linkonce.d.rel.ro.local.*)
 *(.data.rel.ro .data.rel.ro.* .gnu.linkonce.d.rel.ro.*)

.dynamic
 *(.dynamic)

.got            0xc061a000        0x0
 *(.got)
 .got           0xc061a000        0x0 kernel/kernel_sub.o
 *(.igot)
                0xc061a000                        . = DATA_SEGMENT_RELRO_END (., (SIZEOF (.got.plt) >= 0xc)?0xc:0x0)

.got.plt        0xc061a000        0x0
 *(.got.plt)
 .got.plt       0xc061a000        0x0 kernel/kernel_sub.o
 *(.igot.plt)
 .igot.plt      0xc061a000        0x0 kernel/kernel_sub.o

.data           0xc061a000      0xb90
 *(.data .data.* .gnu.linkonce.d.*)
 .data          0xc061a000        0xf kernel/kernel_sub.o
 *fill*         0xc061a00f        0x1 
 .data          0xc061a010        0xf kernel/kernel.o
 *fill*         0xc061a01f        0x1 
 .data          0xc061a020        0x0 syscall.o
 .data          0xc061a020        0x0 double_link_list.o
 .data          0xc061a020      0x160 global.o
                0xc061a020                user_task_table
                0xc061a0a0                sys_task_table
                0xc061a164                sys_call_table
 .data          0xc061a180        0x0 kernel_main_old.o
 .data          0xc061a180        0x0 kernel_main.o
 .data          0xc061a180        0x0 protect.o
 .data          0xc061a180        0x0 console.o
 .data          0xc061a180        0x0 process.o
 .data          0xc061a180      0x600 keyboard.o
                0xc061a180                keymap
 .data          0xc061a780        0x0 thread.o
 .data          0xc061a780        0x0 my_process.o
 .data          0xc061a780        0x4 network/skbuff.o
 *fill*         0xc061a784       0x1c 
 .data          0xc061a7a0      0x224 network/socket.o
 .data          0xc061a9c4        0x4 network/ip_input.o
 *fill*         0xc061a9c8       0x18 
 .data          0xc061a9e0       0x54 network/udp_sock.o
                0xc061aa00                udp_ops
 .data          0xc061aa34        0x4 network/netdev.o
 .data          0xc061aa38        0x4 network/ip_output.o
 .data          0xc061aa3c        0x8 network/tcp.o
 .data          0xc061aa44        0x4 network/sock.o
 .data          0xc061aa48        0x4 network/tcp_output.o
 .data          0xc061aa4c       0x14 network/arp.o
 .data          0xc061aa60       0x54 network/tcp_sock.o
                0xc061aa80                tcp_ops
 .data          0xc061aab4        0xc network/ipc.o
 .data          0xc061aac0        0x4 network/icmpv4.o
 *fill*         0xc061aac4       0x1c 
 .data          0xc061aae0       0x80 network/inet.o
                0xc061aae8                inet
 .data          0xc061ab60        0x4 network/dst.o
 .data          0xc061ab64        0x4 network/tcp_input.o
 .data          0xc061ab68        0x0 network/task_network.o
 .data          0xc061ab68        0x4 network/route.o
 .data          0xc061ab6c        0x8 network/udp.o
 .data          0xc061ab74        0x4 network/tcp_data.o
 .data          0xc061ab78        0x4 network/utils.o
 .data          0xc061ab7c        0x0 hd/hd.o
 .data          0xc061ab7c        0x0 fs/fs_main.o
 .data          0xc061ab7c        0x0 mm/forkexit.o
 .data          0xc061ab7c        0x0 mm/exec.o
 .data          0xc061ab7c        0x0 mm/main.o
 .data          0xc061ab7c        0x0 mem/mem.o
 .data          0xc061ab7c        0x0 lib/floor.o
 .data          0xc061ab7c        0x0 lib/exec.o
 .data          0xc061ab7c        0x0 lib/exit.o
 .data          0xc061ab7c        0x0 lib/unlink.o
 .data          0xc061ab7c        0x0 lib/wait.o
 .data          0xc061ab7c        0x4 lib/socket_close.o
 .data          0xc061ab80        0x4 lib/socket_read.o
 .data          0xc061ab84        0x0 lib/alloca.o
 .data          0xc061ab84        0x0 lib/calloc.o
 .data          0xc061ab84        0x0 lib/fork.o
 .data          0xc061ab84        0x4 lib/socket_write.o
 .data          0xc061ab88        0x0 lib/getpid.o
 .data          0xc061ab88        0x0 lib/stdlib/atoi.o
 .data          0xc061ab88        0x0 lib/string/strtok.o
 .data          0xc061ab88        0x0 lib/string/strcmp.o
 .data          0xc061ab88        0x0 lib/string/strncmp.o
 .data          0xc061ab88        0x0 lib/string/strpbrk.o
 .data          0xc061ab88        0x0 lib/stdio/read.o
 .data          0xc061ab88        0x0 lib/stdio/perror.o
 .data          0xc061ab88        0x0 lib/stdio/sscanf.o
 .data          0xc061ab88        0x0 lib/stdio/open.o
 .data          0xc061ab88        0x0 lib/stdio/write.o
 .data          0xc061ab88        0x0 lib/stdio/close.o
 .data          0xc061ab88        0x4 lib/sys/socket.o
 .data          0xc061ab8c        0x4 lib/sys/connect.o
 .data          0xc061ab90        0x0 lib/arpa/ntohs.o
 .data          0xc061ab90        0x0 lib/arpa/htonl.o
 .data          0xc061ab90        0x0 lib/arpa/htons.o
 .data          0xc061ab90        0x0 lib/arpa/inet_pton.o
 .data          0xc061ab90        0x0 lib/arpa/ntohl.o
 .data          0xc061ab90        0x0 lib/arpa/inet_ntop.o

.data1
 *(.data1)
                0xc061ab90                        _edata = .
                [!provide]                        PROVIDE (edata = .)
                0xc061ab90                        . = .
                0xc061ab90                        __bss_start = .

.bss            0xc061aba0    0x95628
 *(.dynbss)
 *(.bss .bss.* .gnu.linkonce.b.*)
 .bss           0xc061aba0      0x800 kernel/kernel_sub.o
 .bss           0xc061b3a0      0x800 kernel/kernel.o
 .bss           0xc061bba0        0x0 double_link_list.o
 .bss           0xc061bba0        0x0 global.o
 .bss           0xc061bba0        0x0 kernel_main_old.o
 .bss           0xc061bba0        0x0 kernel_main.o
 .bss           0xc061bba0        0x0 protect.o
 .bss           0xc061bba0        0x0 console.o
 .bss           0xc061bba0        0x0 process.o
 .bss           0xc061bba0        0x0 keyboard.o
 .bss           0xc061bba0        0x0 thread.o
 .bss           0xc061bba0        0x0 my_process.o
 .bss           0xc061bba0        0x0 network/skbuff.o
 .bss           0xc061bba0        0x4 network/socket.o
 .bss           0xc061bba4        0x0 network/ip_input.o
 .bss           0xc061bba4        0x4 network/udp_sock.o
 .bss           0xc061bba8        0x0 network/netdev.o
 .bss           0xc061bba8        0x0 network/ip_output.o
 .bss           0xc061bba8        0x0 network/tcp.o
 .bss           0xc061bba8        0x0 network/sock.o
 .bss           0xc061bba8        0x0 network/tcp_output.o
 .bss           0xc061bba8        0x0 network/arp.o
 .bss           0xc061bba8        0x0 network/tcp_sock.o
 .bss           0xc061bba8        0x4 network/ipc.o
 .bss           0xc061bbac        0x0 network/icmpv4.o
 .bss           0xc061bbac        0x0 network/inet.o
 .bss           0xc061bbac        0x0 network/dst.o
 .bss           0xc061bbac        0x0 network/tcp_input.o
 .bss           0xc061bbac        0x0 network/task_network.o
 .bss           0xc061bbac        0x0 network/route.o
 .bss           0xc061bbac        0x0 network/udp.o
 .bss           0xc061bbac        0x0 network/tcp_data.o
 .bss           0xc061bbac        0x0 network/utils.o
 .bss           0xc061bbac        0x0 hd/hd.o
 .bss           0xc061bbac        0x4 fs/fs_main.o
                0xc061bbac                c
 .bss           0xc061bbb0        0x0 mm/forkexit.o
 .bss           0xc061bbb0        0x0 mm/exec.o
 .bss           0xc061bbb0        0x0 mm/main.o
 .bss           0xc061bbb0        0x0 mem/mem.o
 .bss           0xc061bbb0        0x0 lib/floor.o
 .bss           0xc061bbb0        0x0 lib/exec.o
 .bss           0xc061bbb0        0x0 lib/exit.o
 .bss           0xc061bbb0        0x0 lib/unlink.o
 .bss           0xc061bbb0        0x0 lib/wait.o
 .bss           0xc061bbb0        0x0 lib/socket_close.o
 .bss           0xc061bbb0        0x0 lib/socket_read.o
 .bss           0xc061bbb0        0x0 lib/alloca.o
 .bss           0xc061bbb0        0x0 lib/calloc.o
 .bss           0xc061bbb0        0x0 lib/fork.o
 .bss           0xc061bbb0        0x0 lib/socket_write.o
 .bss           0xc061bbb0        0x0 lib/getpid.o
 .bss           0xc061bbb0        0x0 lib/stdlib/atoi.o
 .bss           0xc061bbb0        0x4 lib/string/strtok.o
 .bss           0xc061bbb4        0x0 lib/string/strcmp.o
 .bss           0xc061bbb4        0x0 lib/string/strncmp.o
 .bss           0xc061bbb4        0x0 lib/string/strpbrk.o
 .bss           0xc061bbb4        0x0 lib/stdio/read.o
 .bss           0xc061bbb4        0x0 lib/stdio/perror.o
 .bss           0xc061bbb4        0x0 lib/stdio/sscanf.o
 .bss           0xc061bbb4        0x0 lib/stdio/open.o
 .bss           0xc061bbb4        0x0 lib/stdio/write.o
 .bss           0xc061bbb4        0x0 lib/stdio/close.o
 .bss           0xc061bbb4        0x0 lib/sys/socket.o
 .bss           0xc061bbb4        0x0 lib/sys/connect.o
 .bss           0xc061bbb4        0x0 lib/arpa/ntohs.o
 .bss           0xc061bbb4        0x0 lib/arpa/htonl.o
 .bss           0xc061bbb4        0x0 lib/arpa/htons.o
 .bss           0xc061bbb4        0x0 lib/arpa/inet_pton.o
 .bss           0xc061bbb4        0x0 lib/arpa/ntohl.o
 .bss           0xc061bbb4        0x0 lib/arpa/inet_ntop.o
 *(COMMON)
 *fill*         0xc061bbb4        0xc 
 COMMON         0xc061bbc0     0x17b8 double_link_list.o
                0xc061bbc0                current_tty
                0xc061bbc4                is_e0
                0xc061bbc8                idt_ptr
                0xc061bbd0                pid
                0xc061bbd4                KernelVirtualMemory
                0xc061bbe0                loop
                0xc061bbe4                current_dis_pos
                0xc061bbe8                dis_pos
                0xc061bbec                netdev
                0xc061bbf0                k_reenter
                0xc061bc00                gdt
                0xc061c000                proc_ready_table
                0xc061c004                test_ticks
                0xc061c008                pcaller
                0xc061c020                keyboard_buffer
                0xc061c22c                pcb_list
                0xc061c23c                gdt_index
                0xc061c240                tty_table
                0xc061ca80                tss
                0xc061caec                KernelPool
                0xc061cafc                net_buf
                0xc061cb00                nic_current_page
                0xc061cb04                counter
                0xc061cb08                key_pressed
                0xc061cb0c                fork_pid
                0xc061cb10                is_shift
                0xc061cb11                net_data
                0xc061cb14                routes
                0xc061cb18                gdt_ptr
                0xc061cb20                idt
                0xc061d320                main_thread
                0xc061d328                ticks
                0xc061d330                is_init
                0xc061d334                UserPool
                0xc061d344                all_pcb_list
                0xc061d354                console_table
                0xc061d364                is_disp
                0xc061d368                MAIN_THREAD_PAGE_DIRECTORY
                0xc061d36c                helloStr
 *fill*         0xc061d378        0x8 
 COMMON         0xc061d380    0x91ad0 global.o
                0xc061d380                proc_stack
                0xc06ad380                proc_table
 *fill*         0xc06aee50       0x10 
 COMMON         0xc06aee60      0x440 hd/hd.o
                0xc06aee60                hd_info
                0xc06af0a0                hd_cache
 COMMON         0xc06af2a0      0xe68 fs/fs_main.o
                0xc06af2a0                file_desc_table
                0xc06af6a0                phy_super_block_buf
                0xc06af6a4                phy_fsbuf
                0xc06af6c0                inode_table
                0xc06b00c0                super_block_buf
                0xc06b00c4                fsbuf
                0xc06b00e0                root
 *fill*         0xc06b0108       0x18 
 COMMON         0xc06b0120       0xa8 mem/mem.o
                0xc06b0120                kernel_mem_block_decs_array
                0xc06b01c8                        . = ALIGN ((. != 0x0)?0x4:0x1)
                0xc06b01c8                        . = ALIGN (0x4)
                0xc06b01c8                        . = SEGMENT_START ("ldata-segment", .)
                0xc06b01c8                        . = ALIGN (0x4)
                0xc06b01c8                        _end = .
                [!provide]                        PROVIDE (end = .)
                0xc06b01c8                        . = DATA_SEGMENT_END (.)

.stab
 *(.stab)

.stabstr
 *(.stabstr)

.stab.excl
 *(.stab.excl)

.stab.exclstr
 *(.stab.exclstr)

.stab.index
 *(.stab.index)

.stab.indexstr
 *(.stab.indexstr)

.comment        0x00000000       0x2c
 *(.comment)
 .comment       0x00000000       0x2c double_link_list.o
                                 0x2d (size before relaxing)
 .comment       0x0000002c       0x2d global.o
 .comment       0x0000002c       0x2d kernel_main_old.o
 .comment       0x0000002c       0x2d kernel_main.o
 .comment       0x0000002c       0x2d protect.o
 .comment       0x0000002c       0x2d console.o
 .comment       0x0000002c       0x2d process.o
 .comment       0x0000002c       0x2d keyboard.o
 .comment       0x0000002c       0x2d thread.o
 .comment       0x0000002c       0x2d my_process.o
 .comment       0x0000002c       0x2d network/skbuff.o
 .comment       0x0000002c       0x2d network/socket.o
 .comment       0x0000002c       0x2d network/ip_input.o
 .comment       0x0000002c       0x2d network/udp_sock.o
 .comment       0x0000002c       0x2d network/netdev.o
 .comment       0x0000002c       0x2d network/ip_output.o
 .comment       0x0000002c       0x2d network/tcp.o
 .comment       0x0000002c       0x2d network/sock.o
 .comment       0x0000002c       0x2d network/tcp_output.o
 .comment       0x0000002c       0x2d network/arp.o
 .comment       0x0000002c       0x2d network/tcp_sock.o
 .comment       0x0000002c       0x2d network/ipc.o
 .comment       0x0000002c       0x2d network/icmpv4.o
 .comment       0x0000002c       0x2d network/inet.o
 .comment       0x0000002c       0x2d network/dst.o
 .comment       0x0000002c       0x2d network/tcp_input.o
 .comment       0x0000002c       0x2d network/task_network.o
 .comment       0x0000002c       0x2d network/route.o
 .comment       0x0000002c       0x2d network/udp.o
 .comment       0x0000002c       0x2d network/tcp_data.o
 .comment       0x0000002c       0x2d network/utils.o
 .comment       0x0000002c       0x2d hd/hd.o
 .comment       0x0000002c       0x2d fs/fs_main.o
 .comment       0x0000002c       0x2d mm/forkexit.o
 .comment       0x0000002c       0x2d mm/exec.o
 .comment       0x0000002c       0x2d mm/main.o
 .comment       0x0000002c       0x2d mem/mem.o
 .comment       0x0000002c       0x2d lib/floor.o
 .comment       0x0000002c       0x2d lib/exec.o
 .comment       0x0000002c       0x2d lib/exit.o
 .comment       0x0000002c       0x2d lib/unlink.o
 .comment       0x0000002c       0x2d lib/wait.o
 .comment       0x0000002c       0x2d lib/socket_close.o
 .comment       0x0000002c       0x2d lib/socket_read.o
 .comment       0x0000002c       0x2d lib/alloca.o
 .comment       0x0000002c       0x2d lib/calloc.o
 .comment       0x0000002c       0x2d lib/fork.o
 .comment       0x0000002c       0x2d lib/socket_write.o
 .comment       0x0000002c       0x2d lib/getpid.o
 .comment       0x0000002c       0x2d lib/stdlib/atoi.o
 .comment       0x0000002c       0x2d lib/string/strtok.o
 .comment       0x0000002c       0x2d lib/string/strcmp.o
 .comment       0x0000002c       0x2d lib/string/strncmp.o
 .comment       0x0000002c       0x2d lib/string/strpbrk.o
 .comment       0x0000002c       0x2d lib/stdio/read.o
 .comment       0x0000002c       0x2d lib/stdio/perror.o
 .comment       0x0000002c       0x2d lib/stdio/sscanf.o
 .comment       0x0000002c       0x2d lib/stdio/open.o
 .comment       0x0000002c       0x2d lib/stdio/write.o
 .comment       0x0000002c       0x2d lib/stdio/close.o
 .comment       0x0000002c       0x2d lib/sys/socket.o
 .comment       0x0000002c       0x2d lib/sys/connect.o
 .comment       0x0000002c       0x2d lib/arpa/ntohs.o
 .comment       0x0000002c       0x2d lib/arpa/htonl.o
 .comment       0x0000002c       0x2d lib/arpa/htons.o
 .comment       0x0000002c       0x2d lib/arpa/inet_pton.o
 .comment       0x0000002c       0x2d lib/arpa/ntohl.o
 .comment       0x0000002c       0x2d lib/arpa/inet_ntop.o

.gnu.build.attributes
 *(.gnu.build.attributes .gnu.build.attributes.*)

.debug
 *(.debug)

.line
 *(.line)

.debug_srcinfo
 *(.debug_srcinfo)

.debug_sfnames
 *(.debug_sfnames)

.debug_aranges  0x00000000      0x878
 *(.debug_aranges)
 .debug_aranges
                0x00000000       0x20 double_link_list.o
 .debug_aranges
                0x00000020       0x18 global.o
 .debug_aranges
                0x00000038       0x20 kernel_main_old.o
 .debug_aranges
                0x00000058       0x20 kernel_main.o
 .debug_aranges
                0x00000078       0x20 protect.o
 .debug_aranges
                0x00000098       0x20 console.o
 .debug_aranges
                0x000000b8       0x20 process.o
 .debug_aranges
                0x000000d8       0x20 keyboard.o
 .debug_aranges
                0x000000f8       0x20 thread.o
 .debug_aranges
                0x00000118       0x20 my_process.o
 .debug_aranges
                0x00000138       0x20 network/skbuff.o
 .debug_aranges
                0x00000158       0x20 network/socket.o
 .debug_aranges
                0x00000178       0x20 network/ip_input.o
 .debug_aranges
                0x00000198       0x20 network/udp_sock.o
 .debug_aranges
                0x000001b8       0x20 network/netdev.o
 .debug_aranges
                0x000001d8       0x20 network/ip_output.o
 .debug_aranges
                0x000001f8       0x20 network/tcp.o
 .debug_aranges
                0x00000218       0x20 network/sock.o
 .debug_aranges
                0x00000238       0x20 network/tcp_output.o
 .debug_aranges
                0x00000258       0x20 network/arp.o
 .debug_aranges
                0x00000278       0x20 network/tcp_sock.o
 .debug_aranges
                0x00000298       0x20 network/ipc.o
 .debug_aranges
                0x000002b8       0x20 network/icmpv4.o
 .debug_aranges
                0x000002d8       0x20 network/inet.o
 .debug_aranges
                0x000002f8       0x20 network/dst.o
 .debug_aranges
                0x00000318       0x20 network/tcp_input.o
 .debug_aranges
                0x00000338       0x20 network/task_network.o
 .debug_aranges
                0x00000358       0x20 network/route.o
 .debug_aranges
                0x00000378       0x20 network/udp.o
 .debug_aranges
                0x00000398       0x20 network/tcp_data.o
 .debug_aranges
                0x000003b8       0x20 network/utils.o
 .debug_aranges
                0x000003d8       0x20 hd/hd.o
 .debug_aranges
                0x000003f8       0x20 fs/fs_main.o
 .debug_aranges
                0x00000418       0x20 mm/forkexit.o
 .debug_aranges
                0x00000438       0x20 mm/exec.o
 .debug_aranges
                0x00000458       0x20 mm/main.o
 .debug_aranges
                0x00000478       0x20 mem/mem.o
 .debug_aranges
                0x00000498       0x20 lib/floor.o
 .debug_aranges
                0x000004b8       0x20 lib/exec.o
 .debug_aranges
                0x000004d8       0x20 lib/exit.o
 .debug_aranges
                0x000004f8       0x20 lib/unlink.o
 .debug_aranges
                0x00000518       0x20 lib/wait.o
 .debug_aranges
                0x00000538       0x20 lib/socket_close.o
 .debug_aranges
                0x00000558       0x20 lib/socket_read.o
 .debug_aranges
                0x00000578       0x20 lib/alloca.o
 .debug_aranges
                0x00000598       0x20 lib/calloc.o
 .debug_aranges
                0x000005b8       0x20 lib/fork.o
 .debug_aranges
                0x000005d8       0x20 lib/socket_write.o
 .debug_aranges
                0x000005f8       0x20 lib/getpid.o
 .debug_aranges
                0x00000618       0x20 lib/stdlib/atoi.o
 .debug_aranges
                0x00000638       0x20 lib/string/strtok.o
 .debug_aranges
                0x00000658       0x20 lib/string/strcmp.o
 .debug_aranges
                0x00000678       0x20 lib/string/strncmp.o
 .debug_aranges
                0x00000698       0x20 lib/string/strpbrk.o
 .debug_aranges
                0x000006b8       0x20 lib/stdio/read.o
 .debug_aranges
                0x000006d8       0x20 lib/stdio/perror.o
 .debug_aranges
                0x000006f8       0x20 lib/stdio/sscanf.o
 .debug_aranges
                0x00000718       0x20 lib/stdio/open.o
 .debug_aranges
                0x00000738       0x20 lib/stdio/write.o
 .debug_aranges
                0x00000758       0x20 lib/stdio/close.o
 .debug_aranges
                0x00000778       0x20 lib/sys/socket.o
 .debug_aranges
                0x00000798       0x20 lib/sys/connect.o
 .debug_aranges
                0x000007b8       0x20 lib/arpa/ntohs.o
 .debug_aranges
                0x000007d8       0x20 lib/arpa/htonl.o
 .debug_aranges
                0x000007f8       0x20 lib/arpa/htons.o
 .debug_aranges
                0x00000818       0x20 lib/arpa/inet_pton.o
 .debug_aranges
                0x00000838       0x20 lib/arpa/ntohl.o
 .debug_aranges
                0x00000858       0x20 lib/arpa/inet_ntop.o

.debug_pubnames
 *(.debug_pubnames)

.debug_info     0x00000000    0x44dc6
 *(.debug_info .gnu.linkonce.wi.*)
 .debug_info    0x00000000     0x10b1 double_link_list.o
 .debug_info    0x000010b1      0xef9 global.o
 .debug_info    0x00001faa     0x28d0 kernel_main_old.o
 .debug_info    0x0000487a     0x11d5 kernel_main.o
 .debug_info    0x00005a4f     0x1224 protect.o
 .debug_info    0x00006c73     0x12f9 console.o
 .debug_info    0x00007f6c      0xfd1 process.o
 .debug_info    0x00008f3d     0x104d keyboard.o
 .debug_info    0x00009f8a     0x10d8 thread.o
 .debug_info    0x0000b062     0x150c my_process.o
 .debug_info    0x0000c56e     0x11cc network/skbuff.o
 .debug_info    0x0000d73a     0x1c35 network/socket.o
 .debug_info    0x0000f36f     0x1ae1 network/ip_input.o
 .debug_info    0x00010e50     0x1f13 network/udp_sock.o
 .debug_info    0x00012d63     0x1788 network/netdev.o
 .debug_info    0x000144eb     0x177b network/ip_output.o
 .debug_info    0x00015c66     0x1e44 network/tcp.o
 .debug_info    0x00017aaa     0x1896 network/sock.o
 .debug_info    0x00019340     0x235f network/tcp_output.o
 .debug_info    0x0001b69f     0x1593 network/arp.o
 .debug_info    0x0001cc32     0x2235 network/tcp_sock.o
 .debug_info    0x0001ee67     0x1d2c network/ipc.o
 .debug_info    0x00020b93     0x193f network/icmpv4.o
 .debug_info    0x000224d2     0x1a9a network/inet.o
 .debug_info    0x00023f6c     0x1220 network/dst.o
 .debug_info    0x0002518c     0x2147 network/tcp_input.o
 .debug_info    0x000272d3      0x6ad network/task_network.o
 .debug_info    0x00027980     0x12a0 network/route.o
 .debug_info    0x00028c20     0x1b44 network/udp.o
 .debug_info    0x0002a764     0x1dad network/tcp_data.o
 .debug_info    0x0002c511      0x367 network/utils.o
 .debug_info    0x0002c878     0x1868 hd/hd.o
 .debug_info    0x0002e0e0     0x1faa fs/fs_main.o
 .debug_info    0x0003008a     0x100d mm/forkexit.o
 .debug_info    0x00031097     0x1249 mm/exec.o
 .debug_info    0x000322e0      0xe3b mm/main.o
 .debug_info    0x0003311b     0x1d5e mem/mem.o
 .debug_info    0x00034e79       0x6b lib/floor.o
 .debug_info    0x00034ee4      0xfaf lib/exec.o
 .debug_info    0x00035e93      0xe22 lib/exit.o
 .debug_info    0x00036cb5      0xf00 lib/unlink.o
 .debug_info    0x00037bb5      0xe30 lib/wait.o
 .debug_info    0x000389e5      0xff6 lib/socket_close.o
 .debug_info    0x000399db     0x10fe lib/socket_read.o
 .debug_info    0x0003aad9       0xb6 lib/alloca.o
 .debug_info    0x0003ab8f      0xf28 lib/calloc.o
 .debug_info    0x0003bab7      0xe17 lib/fork.o
 .debug_info    0x0003c8ce     0x1103 lib/socket_write.o
 .debug_info    0x0003d9d1      0xe17 lib/getpid.o
 .debug_info    0x0003e7e8       0xc9 lib/stdlib/atoi.o
 .debug_info    0x0003e8b1       0xae lib/string/strtok.o
 .debug_info    0x0003e95f       0xc1 lib/string/strcmp.o
 .debug_info    0x0003ea20      0x110 lib/string/strncmp.o
 .debug_info    0x0003eb30       0xcf lib/string/strpbrk.o
 .debug_info    0x0003ebff      0xea1 lib/stdio/read.o
 .debug_info    0x0003faa0       0x5c lib/stdio/perror.o
 .debug_info    0x0003fafc      0x20e lib/stdio/sscanf.o
 .debug_info    0x0003fd0a      0xe02 lib/stdio/open.o
 .debug_info    0x00040b0c      0xe9e lib/stdio/write.o
 .debug_info    0x000419aa      0xdb6 lib/stdio/close.o
 .debug_info    0x00042760      0xfd7 lib/sys/socket.o
 .debug_info    0x00043737      0xfbf lib/sys/connect.o
 .debug_info    0x000446f6       0xa8 lib/arpa/ntohs.o
 .debug_info    0x0004479e       0xcb lib/arpa/htonl.o
 .debug_info    0x00044869       0xa8 lib/arpa/htons.o
 .debug_info    0x00044911      0x260 lib/arpa/inet_pton.o
 .debug_info    0x00044b71       0xcb lib/arpa/ntohl.o
 .debug_info    0x00044c3c      0x18a lib/arpa/inet_ntop.o

.debug_abbrev   0x00000000     0x83a9
 *(.debug_abbrev)
 .debug_abbrev  0x00000000      0x216 double_link_list.o
 .debug_abbrev  0x00000216      0x157 global.o
 .debug_abbrev  0x0000036d      0x43a kernel_main_old.o
 .debug_abbrev  0x000007a7      0x25e kernel_main.o
 .debug_abbrev  0x00000a05      0x227 protect.o
 .debug_abbrev  0x00000c2c      0x2ac console.o
 .debug_abbrev  0x00000ed8      0x1e0 process.o
 .debug_abbrev  0x000010b8      0x1fb keyboard.o
 .debug_abbrev  0x000012b3      0x222 thread.o
 .debug_abbrev  0x000014d5      0x260 my_process.o
 .debug_abbrev  0x00001735      0x23f network/skbuff.o
 .debug_abbrev  0x00001974      0x327 network/socket.o
 .debug_abbrev  0x00001c9b      0x2d1 network/ip_input.o
 .debug_abbrev  0x00001f6c      0x3b1 network/udp_sock.o
 .debug_abbrev  0x0000231d      0x2f4 network/netdev.o
 .debug_abbrev  0x00002611      0x213 network/ip_output.o
 .debug_abbrev  0x00002824      0x332 network/tcp.o
 .debug_abbrev  0x00002b56      0x273 network/sock.o
 .debug_abbrev  0x00002dc9      0x39b network/tcp_output.o
 .debug_abbrev  0x00003164      0x2d0 network/arp.o
 .debug_abbrev  0x00003434      0x3e6 network/tcp_sock.o
 .debug_abbrev  0x0000381a      0x2ee network/ipc.o
 .debug_abbrev  0x00003b08      0x236 network/icmpv4.o
 .debug_abbrev  0x00003d3e      0x24b network/inet.o
 .debug_abbrev  0x00003f89      0x204 network/dst.o
 .debug_abbrev  0x0000418d      0x355 network/tcp_input.o
 .debug_abbrev  0x000044e2      0x16b network/task_network.o
 .debug_abbrev  0x0000464d      0x24e network/route.o
 .debug_abbrev  0x0000489b      0x2d3 network/udp.o
 .debug_abbrev  0x00004b6e      0x2a6 network/tcp_data.o
 .debug_abbrev  0x00004e14      0x17a network/utils.o
 .debug_abbrev  0x00004f8e      0x2e3 hd/hd.o
 .debug_abbrev  0x00005271      0x2f8 fs/fs_main.o
 .debug_abbrev  0x00005569      0x204 mm/forkexit.o
 .debug_abbrev  0x0000576d      0x1c4 mm/exec.o
 .debug_abbrev  0x00005931      0x208 mm/main.o
 .debug_abbrev  0x00005b39      0x330 mem/mem.o
 .debug_abbrev  0x00005e69       0x6a lib/floor.o
 .debug_abbrev  0x00005ed3      0x1e8 lib/exec.o
 .debug_abbrev  0x000060bb      0x19b lib/exit.o
 .debug_abbrev  0x00006256      0x193 lib/unlink.o
 .debug_abbrev  0x000063e9      0x19f lib/wait.o
 .debug_abbrev  0x00006588      0x1b0 lib/socket_close.o
 .debug_abbrev  0x00006738      0x1dd lib/socket_read.o
 .debug_abbrev  0x00006915       0xcd lib/alloca.o
 .debug_abbrev  0x000069e2      0x191 lib/calloc.o
 .debug_abbrev  0x00006b73      0x18a lib/fork.o
 .debug_abbrev  0x00006cfd      0x1db lib/socket_write.o
 .debug_abbrev  0x00006ed8      0x18a lib/getpid.o
 .debug_abbrev  0x00007062       0x94 lib/stdlib/atoi.o
 .debug_abbrev  0x000070f6       0x91 lib/string/strtok.o
 .debug_abbrev  0x00007187       0x94 lib/string/strcmp.o
 .debug_abbrev  0x0000721b       0xbe lib/string/strncmp.o
 .debug_abbrev  0x000072d9       0xa5 lib/string/strpbrk.o
 .debug_abbrev  0x0000737e      0x1ef lib/stdio/read.o
 .debug_abbrev  0x0000756d       0x5c lib/stdio/perror.o
 .debug_abbrev  0x000075c9       0xdd lib/stdio/sscanf.o
 .debug_abbrev  0x000076a6      0x1c5 lib/stdio/open.o
 .debug_abbrev  0x0000786b      0x1db lib/stdio/write.o
 .debug_abbrev  0x00007a46      0x19d lib/stdio/close.o
 .debug_abbrev  0x00007be3      0x1cc lib/sys/socket.o
 .debug_abbrev  0x00007daf      0x1cc lib/sys/connect.o
 .debug_abbrev  0x00007f7b       0x6c lib/arpa/ntohs.o
 .debug_abbrev  0x00007fe7       0xa5 lib/arpa/htonl.o
 .debug_abbrev  0x0000808c       0x6c lib/arpa/htons.o
 .debug_abbrev  0x000080f8      0x116 lib/arpa/inet_pton.o
 .debug_abbrev  0x0000820e       0xa5 lib/arpa/ntohl.o
 .debug_abbrev  0x000082b3       0xf6 lib/arpa/inet_ntop.o

.debug_line     0x00000000     0xa4f3
 *(.debug_line .debug_line.* .debug_line_end)
 .debug_line    0x00000000      0x235 double_link_list.o
 .debug_line    0x00000235       0xb3 global.o
 .debug_line    0x000002e8      0xe4d kernel_main_old.o
 .debug_line    0x00001135      0x26b kernel_main.o
 .debug_line    0x000013a0      0x21d protect.o
 .debug_line    0x000015bd      0x56c console.o
 .debug_line    0x00001b29      0x1d8 process.o
 .debug_line    0x00001d01      0x2b4 keyboard.o
 .debug_line    0x00001fb5      0x163 thread.o
 .debug_line    0x00002118      0x359 my_process.o
 .debug_line    0x00002471      0x1ab network/skbuff.o
 .debug_line    0x0000261c      0x3c8 network/socket.o
 .debug_line    0x000029e4      0x28e network/ip_input.o
 .debug_line    0x00002c72      0x4c8 network/udp_sock.o
 .debug_line    0x0000313a      0x419 network/netdev.o
 .debug_line    0x00003553      0x20b network/ip_output.o
 .debug_line    0x0000375e      0x30d network/tcp.o
 .debug_line    0x00003a6b      0x238 network/sock.o
 .debug_line    0x00003ca3      0x5a1 network/tcp_output.o
 .debug_line    0x00004244      0x3d6 network/arp.o
 .debug_line    0x0000461a      0x594 network/tcp_sock.o
 .debug_line    0x00004bae      0x5fb network/ipc.o
 .debug_line    0x000051a9      0x232 network/icmpv4.o
 .debug_line    0x000053db      0x326 network/inet.o
 .debug_line    0x00005701      0x16b network/dst.o
 .debug_line    0x0000586c      0x671 network/tcp_input.o
 .debug_line    0x00005edd       0xe8 network/task_network.o
 .debug_line    0x00005fc5      0x240 network/route.o
 .debug_line    0x00006205      0x302 network/udp.o
 .debug_line    0x00006507      0x3ff network/tcp_data.o
 .debug_line    0x00006906      0x13c network/utils.o
 .debug_line    0x00006a42      0x64d hd/hd.o
 .debug_line    0x0000708f      0xc43 fs/fs_main.o
 .debug_line    0x00007cd2      0x192 mm/forkexit.o
 .debug_line    0x00007e64      0x22a mm/exec.o
 .debug_line    0x0000808e      0x10a mm/main.o
 .debug_line    0x00008198      0x778 mem/mem.o
 .debug_line    0x00008910       0x5a lib/floor.o
 .debug_line    0x0000896a      0x1a9 lib/exec.o
 .debug_line    0x00008b13       0xbe lib/exit.o
 .debug_line    0x00008bd1       0xde lib/unlink.o
 .debug_line    0x00008caf       0xd5 lib/wait.o
 .debug_line    0x00008d84      0x145 lib/socket_close.o
 .debug_line    0x00008ec9      0x186 lib/socket_read.o
 .debug_line    0x0000904f       0x5f lib/alloca.o
 .debug_line    0x000090ae       0xf9 lib/calloc.o
 .debug_line    0x000091a7       0xc3 lib/fork.o
 .debug_line    0x0000926a      0x189 lib/socket_write.o
 .debug_line    0x000093f3       0xbe lib/getpid.o
 .debug_line    0x000094b1       0xad lib/stdlib/atoi.o
 .debug_line    0x0000955e       0x6e lib/string/strtok.o
 .debug_line    0x000095cc       0x9c lib/string/strcmp.o
 .debug_line    0x00009668       0xcc lib/string/strncmp.o
 .debug_line    0x00009734       0xb0 lib/string/strpbrk.o
 .debug_line    0x000097e4      0x15b lib/stdio/read.o
 .debug_line    0x0000993f       0x48 lib/stdio/perror.o
 .debug_line    0x00009987      0x1d2 lib/stdio/sscanf.o
 .debug_line    0x00009b59       0xc3 lib/stdio/open.o
 .debug_line    0x00009c1c       0xe0 lib/stdio/write.o
 .debug_line    0x00009cfc       0xb3 lib/stdio/close.o
 .debug_line    0x00009daf      0x165 lib/sys/socket.o
 .debug_line    0x00009f14      0x147 lib/sys/connect.o
 .debug_line    0x0000a05b       0x6c lib/arpa/ntohs.o
 .debug_line    0x0000a0c7       0xc1 lib/arpa/htonl.o
 .debug_line    0x0000a188       0x6c lib/arpa/htons.o
 .debug_line    0x0000a1f4      0x167 lib/arpa/inet_pton.o
 .debug_line    0x0000a35b       0xc1 lib/arpa/ntohl.o
 .debug_line    0x0000a41c       0xd7 lib/arpa/inet_ntop.o

.debug_frame
 *(.debug_frame)

.debug_str      0x00000000     0x379f
 *(.debug_str)
 .debug_str     0x00000000     0x379f double_link_list.o
                                0x6fa (size before relaxing)
 .debug_str     0x0000379f      0x628 global.o
 .debug_str     0x0000379f      0xba3 kernel_main_old.o
 .debug_str     0x0000379f      0x771 kernel_main.o
 .debug_str     0x0000379f      0x783 protect.o
 .debug_str     0x0000379f      0x777 console.o
 .debug_str     0x0000379f      0x662 process.o
 .debug_str     0x0000379f      0x6b4 keyboard.o
 .debug_str     0x0000379f      0x72f thread.o
 .debug_str     0x0000379f      0x916 my_process.o
 .debug_str     0x0000379f      0x71a network/skbuff.o
 .debug_str     0x0000379f      0x946 network/socket.o
 .debug_str     0x0000379f      0x9a2 network/ip_input.o
 .debug_str     0x0000379f      0xa78 network/udp_sock.o
 .debug_str     0x0000379f      0x89c network/netdev.o
 .debug_str     0x0000379f      0x85d network/ip_output.o
 .debug_str     0x0000379f      0xb34 network/tcp.o
 .debug_str     0x0000379f      0x8bd network/sock.o
 .debug_str     0x0000379f      0xc24 network/tcp_output.o
 .debug_str     0x0000379f      0x838 network/arp.o
 .debug_str     0x0000379f      0xcc7 network/tcp_sock.o
 .debug_str     0x0000379f      0x910 network/ipc.o
 .debug_str     0x0000379f      0x921 network/icmpv4.o
 .debug_str     0x0000379f      0x905 network/inet.o
 .debug_str     0x0000379f      0x729 network/dst.o
 .debug_str     0x0000379f      0xb94 network/tcp_input.o
 .debug_str     0x0000379f      0x2b8 network/task_network.o
 .debug_str     0x0000379f      0x74c network/route.o
 .debug_str     0x0000379f      0x954 network/udp.o
 .debug_str     0x0000379f      0xa50 network/tcp_data.o
 .debug_str     0x0000379f      0x1b8 network/utils.o
 .debug_str     0x0000379f      0x931 hd/hd.o
 .debug_str     0x0000379f      0xb12 fs/fs_main.o
 .debug_str     0x0000379f      0x62f mm/forkexit.o
 .debug_str     0x0000379f      0x885 mm/exec.o
 .debug_str     0x0000379f      0x5b0 mm/main.o
 .debug_str     0x0000379f      0xab9 mem/mem.o
 .debug_str     0x0000379f       0xa2 lib/floor.o
 .debug_str     0x0000379f      0x644 lib/exec.o
 .debug_str     0x0000379f      0x5bd lib/exit.o
 .debug_str     0x0000379f      0x63c lib/unlink.o
 .debug_str     0x0000379f      0x5bd lib/wait.o
 .debug_str     0x0000379f      0x6c6 lib/socket_close.o
 .debug_str     0x0000379f      0x742 lib/socket_read.o
 .debug_str     0x0000379f       0xce lib/alloca.o
 .debug_str     0x0000379f      0x649 lib/calloc.o
 .debug_str     0x0000379f      0x5b6 lib/fork.o
 .debug_str     0x0000379f      0x745 lib/socket_write.o
 .debug_str     0x0000379f      0x5ba lib/getpid.o
 .debug_str     0x0000379f       0xad lib/stdlib/atoi.o
 .debug_str     0x0000379f       0xb9 lib/string/strtok.o
 .debug_str     0x0000379f       0xb1 lib/string/strcmp.o
 .debug_str     0x0000379f       0xba lib/string/strncmp.o
 .debug_str     0x0000379f       0xc1 lib/string/strpbrk.o
 .debug_str     0x0000379f      0x617 lib/stdio/read.o
 .debug_str     0x0000379f       0x99 lib/stdio/perror.o
 .debug_str     0x0000379f      0x102 lib/stdio/sscanf.o
 .debug_str     0x0000379f      0x5de lib/stdio/open.o
 .debug_str     0x0000379f      0x5f3 lib/stdio/write.o
 .debug_str     0x0000379f      0x5a6 lib/stdio/close.o
 .debug_str     0x0000379f      0x6aa lib/sys/socket.o
 .debug_str     0x0000379f      0x6b4 lib/sys/connect.o
 .debug_str     0x0000379f      0x101 lib/arpa/ntohs.o
 .debug_str     0x0000379f       0xf4 lib/arpa/htonl.o
 .debug_str     0x0000379f      0x102 lib/arpa/htons.o
 .debug_str     0x0000379f      0x14c lib/arpa/inet_pton.o
 .debug_str     0x0000379f       0xf3 lib/arpa/ntohl.o
 .debug_str     0x0000379f      0x10f lib/arpa/inet_ntop.o

.debug_loc
 *(.debug_loc)

.debug_macinfo
 *(.debug_macinfo)

.debug_weaknames
 *(.debug_weaknames)

.debug_funcnames
 *(.debug_funcnames)

.debug_typenames
 *(.debug_typenames)

.debug_varnames
 *(.debug_varnames)

.debug_pubtypes
 *(.debug_pubtypes)

.debug_ranges   0x00000000       0x90
 *(.debug_ranges)
 .debug_ranges  0x00000000       0x30 kernel_main_old.o
 .debug_ranges  0x00000030       0x48 hd/hd.o
 .debug_ranges  0x00000078       0x18 mm/exec.o

.debug_addr
 *(.debug_addr)

.debug_line_str
 *(.debug_line_str)

.debug_loclists
 *(.debug_loclists)

.debug_macro
 *(.debug_macro)

.debug_names
 *(.debug_names)

.debug_rnglists
 *(.debug_rnglists)

.debug_str_offsets
 *(.debug_str_offsets)

.debug_sup
 *(.debug_sup)

.gnu.attributes
 *(.gnu.attributes)

/DISCARD/
 *(.note.GNU-stack)
 *(.gnu_debuglink)
 *(.gnu.lto_*)
OUTPUT(kernel.bin elf32-i386)
