
Merging program properties

Removed property 0xc0010001 to merge double_link_list.o (0x1) and kernel/kernel_sub.o (not found)
Removed property 0xc0010002 to merge double_link_list.o (0x0) and kernel/kernel_sub.o (not found)
Removed property 0xc0010001 to merge double_link_list.o (not found) and global.o (0x1)
Removed property 0xc0010002 to merge double_link_list.o (not found) and global.o (0x0)
Removed property 0xc0010001 to merge double_link_list.o (not found) and kernel_main_old.o (0x1)
Removed property 0xc0010002 to merge double_link_list.o (not found) and kernel_main_old.o (0x1)
Removed property 0xc0010001 to merge double_link_list.o (not found) and kernel_main.o (0x1)
Removed property 0xc0010002 to merge double_link_list.o (not found) and kernel_main.o (0x0)
Removed property 0xc0010001 to merge double_link_list.o (not found) and protect.o (0x1)
Removed property 0xc0010002 to merge double_link_list.o (not found) and protect.o (0x0)
Removed property 0xc0010001 to merge double_link_list.o (not found) and console.o (0x1)
Removed property 0xc0010002 to merge double_link_list.o (not found) and console.o (0x1)
Removed property 0xc0010001 to merge double_link_list.o (not found) and process.o (0x1)
Removed property 0xc0010002 to merge double_link_list.o (not found) and process.o (0x0)
Removed property 0xc0010001 to merge double_link_list.o (not found) and keyboard.o (0x1)
Removed property 0xc0010002 to merge double_link_list.o (not found) and keyboard.o (0x0)
Removed property 0xc0010001 to merge double_link_list.o (not found) and thread.o (0x1)
Removed property 0xc0010002 to merge double_link_list.o (not found) and thread.o (0x0)
Removed property 0xc0010001 to merge double_link_list.o (not found) and my_process.o (0x1)
Removed property 0xc0010002 to merge double_link_list.o (not found) and my_process.o (0x1)
Removed property 0xc0010001 to merge double_link_list.o (not found) and network/skbuff.o (0x1)
Removed property 0xc0010002 to merge double_link_list.o (not found) and network/skbuff.o (0x0)
Removed property 0xc0010001 to merge double_link_list.o (not found) and network/socket.o (0x1)
Removed property 0xc0010002 to merge double_link_list.o (not found) and network/socket.o (0x0)
Removed property 0xc0010001 to merge double_link_list.o (not found) and network/ip_input.o (0x1)
Removed property 0xc0010002 to merge double_link_list.o (not found) and network/ip_input.o (0x0)
Removed property 0xc0010001 to merge double_link_list.o (not found) and network/udp_sock.o (0x1)
Removed property 0xc0010002 to merge double_link_list.o (not found) and network/udp_sock.o (0x0)
Removed property 0xc0010001 to merge double_link_list.o (not found) and network/netdev.o (0x1)
Removed property 0xc0010002 to merge double_link_list.o (not found) and network/netdev.o (0x0)
Removed property 0xc0010001 to merge double_link_list.o (not found) and network/tcp.o (0x1)
Removed property 0xc0010002 to merge double_link_list.o (not found) and network/tcp.o (0x0)
Removed property 0xc0010001 to merge double_link_list.o (not found) and network/sock.o (0x1)
Removed property 0xc0010002 to merge double_link_list.o (not found) and network/sock.o (0x0)
Removed property 0xc0010001 to merge double_link_list.o (not found) and network/tcp_output.o (0x1)
Removed property 0xc0010002 to merge double_link_list.o (not found) and network/tcp_output.o (0x1)
Removed property 0xc0010001 to merge double_link_list.o (not found) and network/arp.o (0x1)
Removed property 0xc0010002 to merge double_link_list.o (not found) and network/arp.o (0x0)
Removed property 0xc0010001 to merge double_link_list.o (not found) and network/tcp_sock.o (0x1)
Removed property 0xc0010002 to merge double_link_list.o (not found) and network/tcp_sock.o (0x0)
Removed property 0xc0010001 to merge double_link_list.o (not found) and network/ipc.o (0x1)
Removed property 0xc0010002 to merge double_link_list.o (not found) and network/ipc.o (0x1)
Removed property 0xc0010001 to merge double_link_list.o (not found) and network/icmpv4.o (0x1)
Removed property 0xc0010002 to merge double_link_list.o (not found) and network/icmpv4.o (0x0)
Removed property 0xc0010001 to merge double_link_list.o (not found) and network/ip_output.o (0x1)
Removed property 0xc0010002 to merge double_link_list.o (not found) and network/ip_output.o (0x0)
Removed property 0xc0010001 to merge double_link_list.o (not found) and network/inet.o (0x1)
Removed property 0xc0010002 to merge double_link_list.o (not found) and network/inet.o (0x0)
Removed property 0xc0010001 to merge double_link_list.o (not found) and network/dst.o (0x1)
Removed property 0xc0010002 to merge double_link_list.o (not found) and network/dst.o (0x0)
Removed property 0xc0010001 to merge double_link_list.o (not found) and network/tcp_input.o (0x1)
Removed property 0xc0010002 to merge double_link_list.o (not found) and network/tcp_input.o (0x0)
Removed property 0xc0010001 to merge double_link_list.o (not found) and network/task_network.o (0x1)
[...]
Memory Configuration

Name             Origin             Length             Attributes
*default*        0x00000000         0xffffffff

Linker script and memory map

Address of section .text set to 0xc0600000
LOAD kernel/kernel_sub.o
LOAD kernel/kernel.o
LOAD switch_to.o
LOAD string.o
LOAD syscall.o
LOAD hd/hd_rdwt.o
LOAD network/ne2000.o
LOAD double_link_list.o
LOAD global.o
LOAD kernel_main_old.o
LOAD kernel_main.o
LOAD protect.o
LOAD console.o
LOAD process.o
LOAD keyboard.o
LOAD thread.o
LOAD my_process.o
LOAD network/skbuff.o
LOAD network/socket.o
LOAD network/ip_input.o
LOAD network/udp_sock.o
LOAD network/netdev.o
LOAD network/tcp.o
LOAD network/sock.o
LOAD network/tcp_output.o
LOAD network/arp.o
LOAD network/tcp_sock.o
LOAD network/ipc.o
LOAD network/icmpv4.o
LOAD network/ip_output.o
LOAD network/inet.o
LOAD network/dst.o
LOAD network/tcp_input.o
LOAD network/task_network.o
LOAD network/route.o
LOAD network/udp.o
LOAD network/tcp_data.o
LOAD network/utils.o
LOAD hd/hd.o
LOAD fs/fs_main.o
LOAD mm/forkexit.o
LOAD mm/exec.o
LOAD mm/main.o
LOAD mem/mem.o
LOAD lib/floor.o
LOAD lib/exec.o
LOAD lib/exit.o
LOAD lib/unlink.o
LOAD lib/wait.o
LOAD lib/calloc.o
LOAD lib/alloca.o
LOAD lib/fork.o
LOAD lib/getpid.o
LOAD lib/stdlib/atoi.o
LOAD lib/string/strtok.o
LOAD lib/string/strcmp.o
LOAD lib/string/strncmp.o
LOAD lib/string/strpbrk.o
LOAD lib/stdio/read.o
LOAD lib/stdio/perror.o
LOAD lib/stdio/sscanf.o
LOAD lib/stdio/open.o
LOAD lib/stdio/write.o
LOAD lib/stdio/close.o
LOAD lib/arpa/ntohs.o
LOAD lib/arpa/htonl.o
LOAD lib/arpa/htons.o
LOAD lib/arpa/inet_pton.o
LOAD lib/arpa/ntohl.o
LOAD lib/arpa/inet_ntop.o
                [!provide]                        PROVIDE (__executable_start = SEGMENT_START ("text-segment", 0x8048000))
                0x080480d4                        . = (SEGMENT_START ("text-segment", 0x8048000) + SIZEOF_HEADERS)

.interp
 *(.interp)

.note.gnu.build-id
 *(.note.gnu.build-id)

.hash
 *(.hash)

.gnu.hash
 *(.gnu.hash)

.dynsym
 *(.dynsym)

.dynstr
 *(.dynstr)

.gnu.version
 *(.gnu.version)

.gnu.version_d
 *(.gnu.version_d)

.gnu.version_r
 *(.gnu.version_r)

.rel.dyn        0x080480d4        0x0
 *(.rel.init)
 *(.rel.text .rel.text.* .rel.gnu.linkonce.t.*)
 .rel.text      0x080480d4        0x0 kernel/kernel_sub.o
 *(.rel.fini)
 *(.rel.rodata .rel.rodata.* .rel.gnu.linkonce.r.*)
 *(.rel.data.rel.ro .rel.data.rel.ro.* .rel.gnu.linkonce.d.rel.ro.*)
 *(.rel.data .rel.data.* .rel.gnu.linkonce.d.*)
 *(.rel.tdata .rel.tdata.* .rel.gnu.linkonce.td.*)
 *(.rel.tbss .rel.tbss.* .rel.gnu.linkonce.tb.*)
 *(.rel.ctors)
 *(.rel.dtors)
 *(.rel.got)
 .rel.got       0x080480d4        0x0 kernel/kernel_sub.o
 *(.rel.bss .rel.bss.* .rel.gnu.linkonce.b.*)
 *(.rel.ifunc)

.rel.plt        0x080480d4        0x0
 *(.rel.plt)
                [!provide]                        PROVIDE (__rel_iplt_start = .)
 *(.rel.iplt)
 .rel.iplt      0x080480d4        0x0 kernel/kernel_sub.o
                [!provide]                        PROVIDE (__rel_iplt_end = .)

.relr.dyn
 *(.relr.dyn)
                0x08049000                        . = ALIGN (CONSTANT (MAXPAGESIZE))

.init
 *(SORT_NONE(.init))

.plt            0x08049000        0x0
 *(.plt)
 *(.iplt)
 .iplt          0x08049000        0x0 kernel/kernel_sub.o

.plt.got
 *(.plt.got)

.plt.sec
 *(.plt.sec)

.text           0xc0600000    0x11e30
 *(.text.unlikely .text.*_unlikely .text.unlikely.*)
 *(.text.exit .text.exit.*)
 *(.text.startup .text.startup.*)
 *(.text.hot .text.hot.*)
 *(SORT_BY_NAME(.text.sorted.*))
 *(.text .stub .text.* .gnu.linkonce.t.*)
 .text          0xc0600000       0x74 kernel/kernel_sub.o
                0xc0600000                _start
 *fill*         0xc0600074        0xc 
 .text          0xc0600080      0x3d7 kernel/kernel.o
                0xc0600080                InterruptTest
                0xc060008c                disp_str_len
                0xc06000d9                disp_str
                0xc0600114                disp_str_colour
                0xc0600150                divide_zero_fault
                0xc0600156                single_step_fault
                0xc060015c                non_maskable_interrupt
                0xc0600162                breakpoint_trap
                0xc0600168                overflow_trap
                0xc060016e                bound_range_exceeded_fault
                0xc0600174                invalid_opcode_fault
                0xc060017a                coprocessor_not_available_fault
                0xc0600180                double_fault_exception_abort
                0xc0600184                coprocessor_segment_overrun
                0xc060018a                invalid_task_state_segment_fault
                0xc060018e                segment_not_present_fault
                0xc0600192                stack_exception_fault
                0xc0600196                general_protection_exception_fault
                0xc06001a1                page_fault
                0xc06001a5                coprocessor_error_fault
                0xc06001ab                align_check_fault
                0xc06001af                simd_float_exception_fault
                0xc06001be                hwint0
                0xc06001ee                hwint1
                0xc0600231                hwint14
                0xc0600277                hwint10
                0xc06002ba                sys_call
                0xc0600300                fork_restart
                0xc060030f                restart
                0xc0600332                in_byte
                0xc060033e                out_byte
                0xc0600360                disable_int
                0xc0600362                enable_int
                0xc06003f8                enable_8259A_casecade_irq
                0xc0600402                disable_8259A_casecade_irq
                0xc060040c                enable_8259A_slave_winchester_irq
                0xc0600416                disable_8259A_slave_winchester_irq
                0xc0600420                update_cr3
                0xc060042d                update_tss
                0xc060043c                get_running_thread_pcb
                0xc0600444                sys_call_test
                0xc0600447                enable_8259A_slave_net_irq
 *fill*         0xc0600457        0x9 
 .text          0xc0600460       0x15 switch_to.o
                0xc0600460                switch_to
 *fill*         0xc0600475        0xb 
 .text          0xc0600480       0x6a syscall.o
                0xc0600480                write_debug
                0xc0600490                send_msg
                0xc06004a6                receive_msg
                0xc06004bc                sys_malloc
                0xc06004d1                sys_free
 *fill*         0xc06004ea        0x6 
 .text          0xc06004f0      0x259 network/ne2000.o
                0xc0600513                DriverInitialize
                0xc060059d                SetPageStart
                0xc06005c5                DriverSend
                0xc060063a                PCtoNIC
                0xc06006a8                get_interrupt_status
                0xc06006be                set_interrupt_status
                0xc06006d7                get_curr_page
                0xc06006f4                NICtoPC
 .text          0xc0600749      0x2d4 double_link_list.o
                0xc0600749                initDoubleLinkList
                0xc0600799                isListEmpty
                0xc06007c7                findElementInList
                0xc060085e                appendToDoubleLinkList
                0xc0600924                insertToDoubleLinkList
                0xc06009a8                popFromDoubleLinkList
 .text          0xc0600a1d        0x0 global.o
 .text          0xc0600a1d     0x2e4c kernel_main_old.o
                0xc0600a1d                stop_here
                0xc0600a61                catch_error
                0xc0600ac6                intr_enable
                0xc0600aef                intr_disable
                0xc0600b18                intr_set_status
                0xc0600b36                intr_get_status
                0xc0600b53                Memcpy
                0xc0600b86                untar
                0xc0600e9b                num_to_string
                0xc0600f41                disp_int
                0xc0600f6a                do_page_fault
                0xc06010a7                exception_handler
                0xc060128e                init_internal_interrupt
                0xc0601403                spurious_irq
                0xc0601491                init_keyboard
                0xc06014d4                TestTTY
                0xc0601573                TestReadReturnValue
                0xc06015f0                TestWriteReturnValue
                0xc06016c4                TestFS2
                0xc06016d2                TestFS
                0xc0601b74                wait_exit
                0xc0601c72                INIT_fork
                0xc0601f6a                simple_shell
                0xc06020f1                test_shell
                0xc0602159                test_exec
                0xc060224c                INIT
                0xc0602259                TestA
                0xc060228e                delay
                0xc06022d2                TestB
                0xc06022ea                TestC
                0xc060231d                sys_get_ticks
                0xc060232d                sys_write
                0xc0602381                milli_delay
                0xc06023bd                TaskSys
                0xc06023c2                Printf
                0xc0602494                sprintf
                0xc06024c0                vsprintf
                0xc060266c                printx
                0xc06026af                sys_printx
                0xc060277b                spin
                0xc06027a1                panic
                0xc06027bf                assertion_failure
                0xc0602831                assertion_failure2
                0xc06028a6                dead_lock
                0xc06028b0                sys_send_msg
                0xc0602e34                sys_receive_msg
                0xc0603494                send_rec
                0xc060358f                block
                0xc06035cb                unblock
                0xc060361b                get_ticks_ipc
                0xc0603672                itoa
                0xc06036c8                i2a
                0xc060372e                inform_int
                0xc06037fa                deprecate_strcmp
 .text          0xc0603869      0x3b0 kernel_main.o
                0xc0603869                kernel_main
                0xc0603a2f                init
                0xc0603ac9                kernel_thread_a
                0xc0603b16                kernel_thread_b
                0xc0603b63                kernel_thread_c
                0xc0603b79                kernel_thread_d
                0xc0603b8f                user_proc_a
                0xc0603c01                user_proc_b
 .text          0xc0603c19      0x3b3 protect.o
                0xc0603c19                InitDescriptor
                0xc0603c86                Seg2PhyAddr
                0xc0603cc7                Seg2PhyAddrLDT
                0xc0603d0b                VirAddr2PhyAddr
                0xc0603d21                v2l
                0xc0603d64                init_propt
                0xc0603ee5                InitInterruptDesc
                0xc0603f41                ReloadGDT
 .text          0xc0603fcc      0xaca console.o
                0xc0603fcc                select_console
                0xc0604008                flush
                0xc0604041                set_cursor
                0xc060409f                set_console_start_video_addr
                0xc06040fd                put_key
                0xc0604169                scroll_up
                0xc06041ab                scroll_down
                0xc0604216                out_char
                0xc06043d3                tty_dev_read
                0xc06043fd                tty_dev_write
                0xc060462a                tty_do_read
                0xc06046f2                tty_do_write
                0xc0604855                init_screen
                0xc06048de                init_tty
                0xc0604993                TaskTTY
 .text          0xc0604a96      0x260 process.o
                0xc0604a96                schedule_process
                0xc0604c05                clock_handler
                0xc0604c7b                pid2proc
                0xc0604cdf                proc2pid
 .text          0xc0604cf6      0x40f keyboard.o
                0xc0604cf6                keyboard_handler
                0xc0604d7a                read_from_keyboard_buf
                0xc0604de0                keyboard_read
                0xc0604f5f                init_keyboard_handler
                0xc0604f73                in_process
 .text          0xc0605105      0x1b2 thread.o
                0xc0605105                kernel_thread
                0xc060511d                thread_init
                0xc06051ca                thread_create
                0xc06051ff                thread_start
 .text          0xc06052b7      0x730 my_process.o
                0xc06052b7                create_user_process_address_space
                0xc0605347                user_process
                0xc0605474                clone_pcb
                0xc06055e6                build_body_stack
                0xc0605719                build_process_kernel_stack
                0xc06057dc                fork_process
                0xc060586d                process_execute
 .text          0xc06059e7      0x12e network/skbuff.o
                0xc0605a00                alloc_skb
                0xc0605a91                free_skb
                0xc0605a97                skb_reserve
                0xc0605ab3                skb_push
                0xc0605ae2                skb_head
                0xc0605aed                skb_reset_header
 .text          0xc0605b15      0x66c network/socket.o
                0xc0605bc5                test
                0xc0605c21                socket_debug
                0xc0605c82                free_socket
                0xc0605d3e                _socket
                0xc0605dfd                _bind
                0xc0605e50                _connect
                0xc0605ea2                _write
                0xc0605ef9                _read
                0xc0605f50                _recvfrom
                0xc0605f91                _sendto
                0xc0605fe8                _close
                0xc0606067                _listen
                0xc06060cd                _accept
 .text          0xc0606181      0x2da network/ip_input.o
                0xc060630b                ip_rcv
 .text          0xc060645b      0x8c4 network/udp_sock.o
                0xc0606690                udp_lookup_sock
                0xc06066d7                udp_init
                0xc0606708                udp_close
                0xc060672e                udp_sock_init
                0xc0606738                udp_recvfrom
                0xc06067d1                udp_connect
                0xc06068aa                udp_write
                0xc06068d6                udp_alloc_skb
                0xc0606920                udp_sendto
                0xc0606a14                udp_send
                0xc0606b52                udp_alloc_sock
                0xc0606b93                udp_free_sock
                0xc0606bb7                udp_read
 .text          0xc0606d1f      0x49e network/netdev.o
                0xc0606ea4                netdev_init
                0xc0606eeb                netdev_transmit
                0xc0607031                interrupt_wait2
                0xc0607081                netdev_rx_loop
                0xc0607108                netdev_get
                0xc0607125                free_netdev
                0xc0607150                local_ipaddress
                0xc060718d                receive_msg_from_nic
                0xc0607198                net_handler
 .text          0xc06071bd      0x448 network/tcp.o
                0xc06073b2                tcp_in
                0xc0607466                tcp_checksum
                0xc0607492                __tcp_set_state
                0xc06074a1                tcp_generate_port
                0xc06074ea                tcp_generate_isn
                0xc06074f4                tcp_done
                0xc060751d                tcp_clear_timers
                0xc060752c                tcp_stop_retransmission_timer
                0xc0607545                tcp_release_retransmission_timer
                0xc060755e                tcp_stop_delack_timer
                0xc0607571                tcp_release_delack_timer
                0xc0607584                tcp_handle_fin_state
                0xc06075e9                tcp_enter_time_wait
 .text          0xc0607605      0x203 network/sock.o
                0xc0607737                sk_alloc
                0xc060775e                sk_init
                0xc06077b2                sk_init_with_socket
                0xc06077db                sk_free
 .text          0xc0607808      0xbbe network/tcp_output.o
                0xc0607cce                tcp_send_synack
                0xc0607d71                tcp_send_delack
                0xc0607dac                tcp_send_ack
                0xc0607ef8                tcp_send_fin
                0xc0607f6d                tcp_select_initial_window
                0xc060811f                tcp_reset_retransmission_timer
                0xc060813c                tcp_begin_connect
                0xc06081e6                tcp_send
                0xc06082cb                tcp_send_reset
                0xc060834b                tcp_queue_fin
 .text          0xc06083c6      0x6dc network/arp.o
                0xc0608593                arp_init
                0xc0608599                arp_rcv
                0xc060874b                arp_request
                0xc06088b5                arp_reply
                0xc0608a05                arp_get_hwaddr
                0xc0608a51                free_arp
 .text          0xc0608aa2      0xa1e network/tcp_sock.o
                0xc0608d58                tcp_established_or_syn_recvd_socks_enqueue
                0xc0608d6f                tcp_established_or_syn_recvd_socks_remove
                0xc0608d81                tcp_connecting_or_listening_socks_enqueue
                0xc0608d98                tcp_connecting_or_listening_socks_remove
                0xc0608daa                tcp_alloc_sock
                0xc0608ec0                tcp_free_sock
                0xc0608f39                tcp_init
                0xc0608f43                tcp_sock_init
                0xc0608fe6                tcp_write
                0xc0609027                tcp_read
                0xc06090da                tcp_close
                0xc0609198                tcp_recv_notify
                0xc06091c3                tcp_v4_connect
                0xc0609413                tcp_lookup_sock
 .text          0xc06094c0      0xcf0 network/ipc.o
                0xc060a04c                ipc_close
                0xc060a09d                demux_ipc_socket_call
 .text          0xc060a1b0      0x234 network/icmpv4.o
                0xc060a1be                icmpv4_incoming
                0xc060a232                icmpv4_reply
                0xc060a30b                icmpv4_timestamp
 .text          0xc060a3e4      0x1d3 network/ip_output.o
                0xc060a3f2                ip_output
 .text          0xc060a5b7      0x429 network/inet.o
                0xc060a5b7                inet_create
                0xc060a667                inet_socket
                0xc060a671                inet_connect
                0xc060a6c5                inet_write
                0xc060a6f1                inet_read
                0xc060a71d                inet_close
                0xc060a76c                inet_free
                0xc060a7a2                inet_bind
                0xc060a8ab                inet_listen
                0xc060a8f4                inet_accept
                0xc060a99f                inet_sendto
                0xc060a9ca                inet_recvfrom
 .text          0xc060a9e0       0xd8 network/dst.o
                0xc060a9ee                dst_neigh_output
 .text          0xc060aab8      0xb77 network/tcp_input.o
                0xc060b1a7                tcp_process
                0xc060b56d                tcp_receive
 .text          0xc060b62f       0x83 network/task_network.o
                0xc060b62f                task_network
                0xc060b647                task_netdev_rx
 .text          0xc060b6b2      0x295 network/route.o
                0xc060b7df                route_add
                0xc060b824                route_init
                0xc060b8ab                route_lookup
                0xc060b8f6                free_routes
 .text          0xc060b947      0x3e0 network/udp.o
                0xc060ba52                udp_generate_port
                0xc060ba9b                udp_checksum
                0xc060bb69                udp_in
                0xc060bbfa                udp_data_dequeue
                0xc060bd02                udp_data_enqueue
 .text          0xc060bd27      0x54a network/tcp_data.o
                0xc060c012                tcp_data_dequeue
                0xc060c13f                tcp_data_queue
 .text          0xc060c271      0x1e7 network/utils.o
                0xc060c271                run_cmd
                0xc060c27e                print_err
                0xc060c295                parse_ipv4_string
                0xc060c2f4                ip_pton
                0xc060c33c                sum_every_16bits
                0xc060c393                checksum
                0xc060c3d4                tcp_udp_checksum
 .text          0xc060c458      0xe60 hd/hd.o
                0xc060c458                TaskHD
                0xc060c49d                init_hd
                0xc060c4b7                hd_handle
                0xc060c5bc                hd_cmd_out
                0xc060c6be                hd_identify
                0xc060c775                print_hdinfo
                0xc060c903                print_dpt_entry
                0xc060c96f                get_partition_table
                0xc060ca4e                partition
                0xc060cc68                hd_open
                0xc060cd0f                get_hd_ioctl
                0xc060cdc0                wait_for
                0xc060cdf1                interrupt_wait
                0xc060ce41                hd_rdwt
                0xc060d0e0                hd_handler
                0xc060d111                debug_ticks
                0xc060d14f                waitfor
                0xc060d193                print_hd_info
                0xc060d280                is_empty
 .text          0xc060d2b8     0x2069 fs/fs_main.o
                0xc060d2b8                task_fs
                0xc060d4c3                rd_wt
                0xc060d59c                mkfs
                0xc060db7e                init_fs
                0xc060dbd2                do_open
                0xc060dddb                search_file
                0xc060df0d                strip_path
                0xc060dfd9                get_inode
                0xc060e19b                create_file
                0xc060e2a6                alloc_imap_bit
                0xc060e3a3                alloc_smap_bit
                0xc060e544                new_inode
                0xc060e662                new_dir_entry
                0xc060e86e                do_unlink
                0xc060ed4a                do_rdwt
                0xc060f0d5                sync_inode
                0xc060f229                put_inode
                0xc060f267                do_close
                0xc060f2b9                get_super_block
 .text          0xc060f321      0x24f mm/forkexit.o
                0xc060f321                do_fork
                0xc060f38f                do_exit
                0xc060f419                do_wait
                0xc060f516                cleanup
 .text          0xc060f570      0x419 mm/exec.o
                0xc060f570                do_exec
 .text          0xc060f989      0x148 mm/main.o
                0xc060f989                TaskMM
                0xc060fab2                alloc_mem
 .text          0xc060fad1     0x1102 mem/mem.o
                0xc060fad1                init_bitmap
                0xc060faf4                test_bit_val
                0xc060fb5d                set_bit_val
                0xc060fbd8                set_bits
                0xc060fc12                get_first_free_bit
                0xc060fc56                get_bits
                0xc060fd1e                get_a_page
                0xc060fdd2                get_virtual_address_start_with_addr
                0xc060fe6c                get_virtual_address
                0xc060fefc                ptr_pde
                0xc060ff0f                ptr_pte
                0xc060ff36                add_map_entry
                0xc060ffc7                alloc_virtual_memory
                0xc061009a                get_physical_address_proc
                0xc0610116                get_physical_address
                0xc0610148                alloc_physical_memory_of_proc
                0xc0610237                alloc_physical_memory
                0xc06102ff                alloc_memory
                0xc0610361                get_a_virtual_page
                0xc0610399                block2arena
                0xc06103af                sys_malloc2
                0xc06106bf                remove_map_entry
                0xc06106e0                free_a_page
                0xc0610787                sys_free2
                0xc061078d                init_memory_block_desc
                0xc061085e                init_memory2
                0xc0610a93                init_memory
 .text          0xc0610bd3       0x49 lib/floor.o
                0xc0610bd3                floor
 .text          0xc0610c1c      0x285 lib/exec.o
                0xc0610c1c                exec
                0xc0610c8d                execv
                0xc0610e7c                execl
 .text          0xc0610ea1       0x2f lib/exit.o
                0xc0610ea1                exit
 .text          0xc0610ed0       0x42 lib/unlink.o
                0xc0610ed0                unlink
 .text          0xc0610f12       0x44 lib/wait.o
                0xc0610f12                wait
 .text          0xc0610f56       0x46 lib/calloc.o
                0xc0610f56                calloc
 .text          0xc0610f9c       0x4f lib/alloca.o
                0xc0610f9c                alloca
 .text          0xc0610feb       0x48 lib/fork.o
                0xc0610feb                fork
 .text          0xc0611033       0x2b lib/getpid.o
                0xc0611033                getpid
 .text          0xc061105e       0x9c lib/stdlib/atoi.o
                0xc061105e                atoi
 .text          0xc06110fa       0x85 lib/string/strtok.o
                0xc06110fa                strtok
 .text          0xc061117f       0xa8 lib/string/strcmp.o
                0xc061117f                strcmp
 .text          0xc0611227       0xd4 lib/string/strncmp.o
                0xc0611227                strncmp
 .text          0xc06112fb       0x90 lib/string/strpbrk.o
                0xc06112fb                strpbrk
 .text          0xc061138b      0x181 lib/stdio/read.o
                0xc061138b                read
 .text          0xc061150c       0x17 lib/stdio/perror.o
                0xc061150c                perror
 .text          0xc0611523      0x2c1 lib/stdio/sscanf.o
                0xc0611523                sscanf
 .text          0xc06117e4       0x95 lib/stdio/open.o
                0xc06117e4                open
 .text          0xc0611879       0x85 lib/stdio/write.o
                0xc0611879                write
 .text          0xc06118fe       0x52 lib/stdio/close.o
                0xc06118fe                close
 .text          0xc0611950       0x38 lib/arpa/ntohs.o
                0xc0611950                ntohs
 .text          0xc0611988       0x7c lib/arpa/htonl.o
                0xc0611988                htonl
 .text          0xc0611a04       0x38 lib/arpa/htons.o
                0xc0611a04                htons
 .text          0xc0611a3c      0x295 lib/arpa/inet_pton.o
                0xc0611a3c                isValidIPv4
                0xc0611bc6                inet_pton
 .text          0xc0611cd1       0x7c lib/arpa/ntohl.o
                0xc0611cd1                ntohl
 .text          0xc0611d4d       0xe3 lib/arpa/inet_ntop.o
                0xc0611d4d                inet_ntop
 *(.gnu.warning)

.fini
 *(SORT_NONE(.fini))
                [!provide]                        PROVIDE (__etext = .)
                [!provide]                        PROVIDE (_etext = .)
                [!provide]                        PROVIDE (etext = .)
                0xc0612000                        . = ALIGN (CONSTANT (MAXPAGESIZE))
                0xc0612000                        . = SEGMENT_START ("rodata-segment", (ALIGN (CONSTANT (MAXPAGESIZE)) + (. & (CONSTANT (MAXPAGESIZE) - 0x1))))

.rodata         0xc0612000     0x1bac
 *(.rodata .rodata.* .gnu.linkonce.r.*)
 .rodata        0xc0612000       0x36 double_link_list.o
 *fill*         0xc0612036        0xa 
 .rodata        0xc0612040      0xb61 kernel_main_old.o
 *fill*         0xc0612ba1        0x3 
 .rodata        0xc0612ba4      0x138 kernel_main.o
 .rodata        0xc0612cdc       0x22 console.o
 .rodata        0xc0612cfe       0x26 process.o
 .rodata        0xc0612d24        0x9 network/skbuff.o
 *fill*         0xc0612d2d        0x3 
 .rodata        0xc0612d30      0x23d network/socket.o
 *fill*         0xc0612f6d        0x3 
 .rodata        0xc0612f70       0xb5 network/ip_input.o
 *fill*         0xc0613025        0x3 
 .rodata        0xc0613028       0x2d network/udp_sock.o
 *fill*         0xc0613055        0x3 
 .rodata        0xc0613058       0xb8 network/netdev.o
 .rodata        0xc0613110       0x31 network/tcp.o
 .rodata        0xc0613141        0x9 network/sock.o
 *fill*         0xc061314a        0x2 
 .rodata        0xc061314c       0xc3 network/tcp_output.o
 *fill*         0xc061320f        0x1 
 .rodata        0xc0613210       0x9c network/arp.o
 .rodata        0xc06132ac       0xe8 network/tcp_sock.o
 .rodata        0xc0613394      0x160 network/ipc.o
 .rodata        0xc06134f4       0x32 network/icmpv4.o
 .rodata        0xc0613526        0x9 network/ip_output.o
 *fill*         0xc061352f        0x1 
 .rodata        0xc0613530       0x48 network/inet.o
 .rodata        0xc0613578        0x9 network/dst.o
 *fill*         0xc0613581        0x3 
 .rodata        0xc0613584       0x60 network/tcp_input.o
 .rodata        0xc06135e4       0x91 network/task_network.o
 *fill*         0xc0613675        0x3 
 .rodata        0xc0613678       0x37 network/route.o
 .rodata        0xc06136af        0x9 network/udp.o
 .rodata        0xc06136b8       0x1e network/tcp_data.o
 *fill*         0xc06136d6        0x2 
 .rodata        0xc06136d8       0x41 network/utils.o
 *fill*         0xc0613719        0x3 
 .rodata        0xc061371c      0x19c hd/hd.o
 .rodata        0xc06138b8      0x1fb fs/fs_main.o
                0xc06138b8                FSBUF_SIZE
 .rodata        0xc0613ab3       0x21 mm/forkexit.o
 .rodata        0xc0613ad4       0x10 mm/exec.o
 .rodata        0xc0613ae4       0x11 mm/main.o
 .rodata        0xc0613af5       0x5a mem/mem.o
 .rodata        0xc0613b4f       0x2d lib/exec.o
 .rodata        0xc0613b7c       0x2a lib/stdio/close.o
 .rodata        0xc0613ba6        0x3 lib/arpa/inet_pton.o
 .rodata        0xc0613ba9        0x3 lib/arpa/inet_ntop.o

.txt            0xc0613bac       0xaa
 .txt           0xc0613bac       0x82 string.o
                0xc0613bac                Memcpy2
                0xc0613bda                Memset
                0xc0613bf9                Strcpy
                0xc0613c13                Strlen
 .txt           0xc0613c2e       0x28 hd/hd_rdwt.o
                0xc0613c2e                read_port
                0xc0613c42                write_port

.rodata1
 *(.rodata1)

.eh_frame_hdr
 *(.eh_frame_hdr)
 *(.eh_frame_entry .eh_frame_entry.*)

.eh_frame       0xc0613c58     0x415c
 *(.eh_frame)
 .eh_frame      0xc0613c58       0xd8 double_link_list.o
 .eh_frame      0xc0613d30      0x6cc kernel_main_old.o
                                0x6e4 (size before relaxing)
 .eh_frame      0xc06143fc       0xe4 kernel_main.o
                                 0xfc (size before relaxing)
 .eh_frame      0xc06144e0      0x100 protect.o
                                0x118 (size before relaxing)
 .eh_frame      0xc06145e0      0x1e0 console.o
                                0x1f8 (size before relaxing)
 .eh_frame      0xc06147c0       0x80 process.o
                                 0x98 (size before relaxing)
 .eh_frame      0xc0614840       0xa0 keyboard.o
                                 0xb8 (size before relaxing)
 .eh_frame      0xc06148e0       0x80 thread.o
                                 0x98 (size before relaxing)
 .eh_frame      0xc0614960       0xe0 my_process.o
                                 0xf8 (size before relaxing)
 .eh_frame      0xc0614a40       0xe0 network/skbuff.o
                                 0xf8 (size before relaxing)
 .eh_frame      0xc0614b20      0x2a0 network/socket.o
                                0x2b8 (size before relaxing)
 .eh_frame      0xc0614dc0      0x104 network/ip_input.o
                                0x11c (size before relaxing)
 .eh_frame      0xc0614ec4      0x404 network/udp_sock.o
                                0x41c (size before relaxing)
 .eh_frame      0xc06152c8      0x1ec network/netdev.o
                                0x204 (size before relaxing)
 .eh_frame      0xc06154b4      0x268 network/tcp.o
                                0x280 (size before relaxing)
 .eh_frame      0xc061571c      0x1a0 network/sock.o
                                0x1b8 (size before relaxing)
 .eh_frame      0xc06158bc      0x3c4 network/tcp_output.o
                                0x3dc (size before relaxing)
 .eh_frame      0xc0615c80      0x1c0 network/arp.o
                                0x1d8 (size before relaxing)
 .eh_frame      0xc0615e40      0x4c0 network/tcp_sock.o
                                0x4d8 (size before relaxing)
 .eh_frame      0xc0616300      0x250 network/ipc.o
                                0x268 (size before relaxing)
 .eh_frame      0xc0616550       0x80 network/icmpv4.o
                                 0x98 (size before relaxing)
 .eh_frame      0xc06165d0       0x40 network/ip_output.o
                                 0x58 (size before relaxing)
 .eh_frame      0xc0616610      0x180 network/inet.o
                                0x198 (size before relaxing)
 .eh_frame      0xc0616790       0x40 network/dst.o
                                 0x58 (size before relaxing)
 .eh_frame      0xc06167d0      0x300 network/tcp_input.o
                                0x318 (size before relaxing)
 .eh_frame      0xc0616ad0       0x38 network/task_network.o
                                 0x50 (size before relaxing)
 .eh_frame      0xc0616b08      0x124 network/route.o
                                0x13c (size before relaxing)
 .eh_frame      0xc0616c2c      0x1e4 network/udp.o
                                0x1fc (size before relaxing)
 .eh_frame      0xc0616e10      0x200 network/tcp_data.o
                                0x218 (size before relaxing)
 .eh_frame      0xc0617010       0xe4 network/utils.o
                                 0xfc (size before relaxing)
 .eh_frame      0xc06170f4      0x264 hd/hd.o
                                0x27c (size before relaxing)
 .eh_frame      0xc0617358      0x27c fs/fs_main.o
                                0x294 (size before relaxing)
 .eh_frame      0xc06175d4       0x80 mm/forkexit.o
                                 0x98 (size before relaxing)
 .eh_frame      0xc0617654       0x20 mm/exec.o
                                 0x38 (size before relaxing)
 .eh_frame      0xc0617674       0x3c mm/main.o
                                 0x54 (size before relaxing)
 .eh_frame      0xc06176b0      0x364 mem/mem.o
                                0x37c (size before relaxing)
 .eh_frame      0xc0617a14       0x20 lib/floor.o
                                 0x38 (size before relaxing)
 .eh_frame      0xc0617a34       0x60 lib/exec.o
                                 0x78 (size before relaxing)
 .eh_frame      0xc0617a94       0x20 lib/exit.o
                                 0x38 (size before relaxing)
 .eh_frame      0xc0617ab4       0x20 lib/unlink.o
                                 0x38 (size before relaxing)
 .eh_frame      0xc0617ad4       0x20 lib/wait.o
                                 0x38 (size before relaxing)
 .eh_frame      0xc0617af4       0x20 lib/calloc.o
                                 0x38 (size before relaxing)
 .eh_frame      0xc0617b14       0x20 lib/alloca.o
                                 0x38 (size before relaxing)
 .eh_frame      0xc0617b34       0x20 lib/fork.o
                                 0x38 (size before relaxing)
 .eh_frame      0xc0617b54       0x20 lib/getpid.o
                                 0x38 (size before relaxing)
 .eh_frame      0xc0617b74       0x20 lib/stdlib/atoi.o
                                 0x38 (size before relaxing)
 .eh_frame      0xc0617b94       0x20 lib/string/strtok.o
                                 0x38 (size before relaxing)
 .eh_frame      0xc0617bb4       0x20 lib/string/strcmp.o
                                 0x38 (size before relaxing)
 .eh_frame      0xc0617bd4       0x20 lib/string/strncmp.o
                                 0x38 (size before relaxing)
 .eh_frame      0xc0617bf4       0x20 lib/string/strpbrk.o
                                 0x38 (size before relaxing)
 .eh_frame      0xc0617c14       0x20 lib/stdio/read.o
                                 0x38 (size before relaxing)
 .eh_frame      0xc0617c34       0x20 lib/stdio/perror.o
                                 0x38 (size before relaxing)
 .eh_frame      0xc0617c54       0x20 lib/stdio/sscanf.o
                                 0x38 (size before relaxing)
 .eh_frame      0xc0617c74       0x20 lib/stdio/open.o
                                 0x38 (size before relaxing)
 .eh_frame      0xc0617c94       0x20 lib/stdio/write.o
                                 0x38 (size before relaxing)
 .eh_frame      0xc0617cb4       0x20 lib/stdio/close.o
                                 0x38 (size before relaxing)
 .eh_frame      0xc0617cd4       0x20 lib/arpa/ntohs.o
                                 0x38 (size before relaxing)
 .eh_frame      0xc0617cf4       0x20 lib/arpa/htonl.o
                                 0x38 (size before relaxing)
 .eh_frame      0xc0617d14       0x20 lib/arpa/htons.o
                                 0x38 (size before relaxing)
 .eh_frame      0xc0617d34       0x40 lib/arpa/inet_pton.o
                                 0x58 (size before relaxing)
 .eh_frame      0xc0617d74       0x20 lib/arpa/ntohl.o
                                 0x38 (size before relaxing)
 .eh_frame      0xc0617d94       0x20 lib/arpa/inet_ntop.o
                                 0x38 (size before relaxing)
 *(.eh_frame.*)

.sframe
 *(.sframe)
 *(.sframe.*)

.gcc_except_table
 *(.gcc_except_table .gcc_except_table.*)

.gnu_extab
 *(.gnu_extab*)

.exception_ranges
 *(.exception_ranges*)
                0xc0618000                        . = DATA_SEGMENT_ALIGN (CONSTANT (MAXPAGESIZE), CONSTANT (COMMONPAGESIZE))

.eh_frame
 *(.eh_frame)
 *(.eh_frame.*)

.sframe
 *(.sframe)
 *(.sframe.*)

.gnu_extab
 *(.gnu_extab)

.gcc_except_table
 *(.gcc_except_table .gcc_except_table.*)

.exception_ranges
 *(.exception_ranges*)

.tdata          0xc0618000        0x0
                [!provide]                        PROVIDE (__tdata_start = .)
 *(.tdata .tdata.* .gnu.linkonce.td.*)

.tbss
 *(.tbss .tbss.* .gnu.linkonce.tb.*)
 *(.tcommon)

.preinit_array  0xc0618000        0x0
                [!provide]                        PROVIDE (__preinit_array_start = .)
 *(.preinit_array)
                [!provide]                        PROVIDE (__preinit_array_end = .)

.init_array     0xc0618000        0x0
                [!provide]                        PROVIDE (__init_array_start = .)
 *(SORT_BY_INIT_PRIORITY(.init_array.*) SORT_BY_INIT_PRIORITY(.ctors.*))
 *(.init_array EXCLUDE_FILE(*crtend?.o *crtend.o *crtbegin?.o *crtbegin.o) .ctors)
                [!provide]                        PROVIDE (__init_array_end = .)

.fini_array     0xc0618000        0x0
                [!provide]                        PROVIDE (__fini_array_start = .)
 *(SORT_BY_INIT_PRIORITY(.fini_array.*) SORT_BY_INIT_PRIORITY(.dtors.*))
 *(.fini_array EXCLUDE_FILE(*crtend?.o *crtend.o *crtbegin?.o *crtbegin.o) .dtors)
                [!provide]                        PROVIDE (__fini_array_end = .)

.ctors
 *crtbegin.o(.ctors)
 *crtbegin?.o(.ctors)
 *(EXCLUDE_FILE(*crtend?.o *crtend.o) .ctors)
 *(SORT_BY_NAME(.ctors.*))
 *(.ctors)

.dtors
 *crtbegin.o(.dtors)
 *crtbegin?.o(.dtors)
 *(EXCLUDE_FILE(*crtend?.o *crtend.o) .dtors)
 *(SORT_BY_NAME(.dtors.*))
 *(.dtors)

.jcr
 *(.jcr)

.data.rel.ro
 *(.data.rel.ro.local* .gnu.linkonce.d.rel.ro.local.*)
 *(.data.rel.ro .data.rel.ro.* .gnu.linkonce.d.rel.ro.*)

.dynamic
 *(.dynamic)

.got            0xc0618000        0x0
 *(.got)
 .got           0xc0618000        0x0 kernel/kernel_sub.o
 *(.igot)
                0xc0618000                        . = DATA_SEGMENT_RELRO_END (., (SIZEOF (.got.plt) >= 0xc)?0xc:0x0)

.got.plt        0xc0618000        0x0
 *(.got.plt)
 .got.plt       0xc0618000        0x0 kernel/kernel_sub.o
 *(.igot.plt)
 .igot.plt      0xc0618000        0x0 kernel/kernel_sub.o

.data           0xc0618000      0xb84
 *(.data .data.* .gnu.linkonce.d.*)
 .data          0xc0618000        0xf kernel/kernel_sub.o
 *fill*         0xc061800f        0x1 
 .data          0xc0618010        0xf kernel/kernel.o
 *fill*         0xc061801f        0x1 
 .data          0xc0618020        0x0 syscall.o
 .data          0xc0618020        0x0 double_link_list.o
 .data          0xc0618020      0x160 global.o
                0xc0618020                user_task_table
                0xc06180a0                sys_task_table
                0xc0618164                sys_call_table
 .data          0xc0618180        0x0 kernel_main_old.o
 .data          0xc0618180        0x0 kernel_main.o
 .data          0xc0618180        0x0 protect.o
 .data          0xc0618180        0x0 console.o
 .data          0xc0618180        0x0 process.o
 .data          0xc0618180      0x600 keyboard.o
                0xc0618180                keymap
 .data          0xc0618780        0x0 thread.o
 .data          0xc0618780        0x0 my_process.o
 .data          0xc0618780        0x4 network/skbuff.o
 *fill*         0xc0618784       0x1c 
 .data          0xc06187a0      0x224 network/socket.o
 .data          0xc06189c4        0x4 network/ip_input.o
 *fill*         0xc06189c8       0x18 
 .data          0xc06189e0       0x54 network/udp_sock.o
                0xc0618a00                udp_ops
 .data          0xc0618a34        0x4 network/netdev.o
 .data          0xc0618a38        0x8 network/tcp.o
 .data          0xc0618a40        0x4 network/sock.o
 .data          0xc0618a44        0x4 network/tcp_output.o
 .data          0xc0618a48       0x14 network/arp.o
 *fill*         0xc0618a5c        0x4 
 .data          0xc0618a60       0x54 network/tcp_sock.o
                0xc0618a80                tcp_ops
 .data          0xc0618ab4        0xc network/ipc.o
 .data          0xc0618ac0        0x4 network/icmpv4.o
 .data          0xc0618ac4        0x4 network/ip_output.o
 *fill*         0xc0618ac8       0x18 
 .data          0xc0618ae0       0x80 network/inet.o
                0xc0618ae8                inet
 .data          0xc0618b60        0x4 network/dst.o
 .data          0xc0618b64        0x4 network/tcp_input.o
 .data          0xc0618b68        0x0 network/task_network.o
 .data          0xc0618b68        0xc network/route.o
 .data          0xc0618b74        0x8 network/udp.o
 .data          0xc0618b7c        0x4 network/tcp_data.o
 .data          0xc0618b80        0x4 network/utils.o
 .data          0xc0618b84        0x0 hd/hd.o
 .data          0xc0618b84        0x0 fs/fs_main.o
 .data          0xc0618b84        0x0 mm/forkexit.o
 .data          0xc0618b84        0x0 mm/exec.o
 .data          0xc0618b84        0x0 mm/main.o
 .data          0xc0618b84        0x0 mem/mem.o
 .data          0xc0618b84        0x0 lib/floor.o
 .data          0xc0618b84        0x0 lib/exec.o
 .data          0xc0618b84        0x0 lib/exit.o
 .data          0xc0618b84        0x0 lib/unlink.o
 .data          0xc0618b84        0x0 lib/wait.o
 .data          0xc0618b84        0x0 lib/calloc.o
 .data          0xc0618b84        0x0 lib/alloca.o
 .data          0xc0618b84        0x0 lib/fork.o
 .data          0xc0618b84        0x0 lib/getpid.o
 .data          0xc0618b84        0x0 lib/stdlib/atoi.o
 .data          0xc0618b84        0x0 lib/string/strtok.o
 .data          0xc0618b84        0x0 lib/string/strcmp.o
 .data          0xc0618b84        0x0 lib/string/strncmp.o
 .data          0xc0618b84        0x0 lib/string/strpbrk.o
 .data          0xc0618b84        0x0 lib/stdio/read.o
 .data          0xc0618b84        0x0 lib/stdio/perror.o
 .data          0xc0618b84        0x0 lib/stdio/sscanf.o
 .data          0xc0618b84        0x0 lib/stdio/open.o
 .data          0xc0618b84        0x0 lib/stdio/write.o
 .data          0xc0618b84        0x0 lib/stdio/close.o
 .data          0xc0618b84        0x0 lib/arpa/ntohs.o
 .data          0xc0618b84        0x0 lib/arpa/htonl.o
 .data          0xc0618b84        0x0 lib/arpa/htons.o
 .data          0xc0618b84        0x0 lib/arpa/inet_pton.o
 .data          0xc0618b84        0x0 lib/arpa/ntohl.o
 .data          0xc0618b84        0x0 lib/arpa/inet_ntop.o

.data1
 *(.data1)
                0xc0618b84                        _edata = .
                [!provide]                        PROVIDE (edata = .)
                0xc0618b84                        . = .
                0xc0618b84                        __bss_start = .

.bss            0xc0618ba0    0x95628
 *(.dynbss)
 *(.bss .bss.* .gnu.linkonce.b.*)
 .bss           0xc0618ba0      0x800 kernel/kernel_sub.o
 .bss           0xc06193a0      0x800 kernel/kernel.o
 .bss           0xc0619ba0        0x0 double_link_list.o
 .bss           0xc0619ba0        0x0 global.o
 .bss           0xc0619ba0        0x0 kernel_main_old.o
 .bss           0xc0619ba0        0x0 kernel_main.o
 .bss           0xc0619ba0        0x0 protect.o
 .bss           0xc0619ba0        0x0 console.o
 .bss           0xc0619ba0        0x0 process.o
 .bss           0xc0619ba0        0x0 keyboard.o
 .bss           0xc0619ba0        0x0 thread.o
 .bss           0xc0619ba0        0x0 my_process.o
 .bss           0xc0619ba0        0x0 network/skbuff.o
 .bss           0xc0619ba0        0x4 network/socket.o
 .bss           0xc0619ba4        0x0 network/ip_input.o
 .bss           0xc0619ba4        0x4 network/udp_sock.o
 .bss           0xc0619ba8        0x0 network/netdev.o
 .bss           0xc0619ba8        0x0 network/tcp.o
 .bss           0xc0619ba8        0x0 network/sock.o
 .bss           0xc0619ba8        0x0 network/tcp_output.o
 .bss           0xc0619ba8        0x0 network/arp.o
 .bss           0xc0619ba8        0x0 network/tcp_sock.o
 .bss           0xc0619ba8        0x4 network/ipc.o
 .bss           0xc0619bac        0x0 network/icmpv4.o
 .bss           0xc0619bac        0x0 network/ip_output.o
 .bss           0xc0619bac        0x0 network/inet.o
 .bss           0xc0619bac        0x0 network/dst.o
 .bss           0xc0619bac        0x0 network/tcp_input.o
 .bss           0xc0619bac        0x0 network/task_network.o
 .bss           0xc0619bac        0x0 network/route.o
 .bss           0xc0619bac        0x0 network/udp.o
 .bss           0xc0619bac        0x0 network/tcp_data.o
 .bss           0xc0619bac        0x0 network/utils.o
 .bss           0xc0619bac        0x0 hd/hd.o
 .bss           0xc0619bac        0x4 fs/fs_main.o
                0xc0619bac                c
 .bss           0xc0619bb0        0x0 mm/forkexit.o
 .bss           0xc0619bb0        0x0 mm/exec.o
 .bss           0xc0619bb0        0x0 mm/main.o
 .bss           0xc0619bb0        0x0 mem/mem.o
 .bss           0xc0619bb0        0x0 lib/floor.o
 .bss           0xc0619bb0        0x0 lib/exec.o
 .bss           0xc0619bb0        0x0 lib/exit.o
 .bss           0xc0619bb0        0x0 lib/unlink.o
 .bss           0xc0619bb0        0x0 lib/wait.o
 .bss           0xc0619bb0        0x0 lib/calloc.o
 .bss           0xc0619bb0        0x0 lib/alloca.o
 .bss           0xc0619bb0        0x0 lib/fork.o
 .bss           0xc0619bb0        0x0 lib/getpid.o
 .bss           0xc0619bb0        0x0 lib/stdlib/atoi.o
 .bss           0xc0619bb0        0x4 lib/string/strtok.o
 .bss           0xc0619bb4        0x0 lib/string/strcmp.o
 .bss           0xc0619bb4        0x0 lib/string/strncmp.o
 .bss           0xc0619bb4        0x0 lib/string/strpbrk.o
 .bss           0xc0619bb4        0x0 lib/stdio/read.o
 .bss           0xc0619bb4        0x0 lib/stdio/perror.o
 .bss           0xc0619bb4        0x0 lib/stdio/sscanf.o
 .bss           0xc0619bb4        0x0 lib/stdio/open.o
 .bss           0xc0619bb4        0x0 lib/stdio/write.o
 .bss           0xc0619bb4        0x0 lib/stdio/close.o
 .bss           0xc0619bb4        0x0 lib/arpa/ntohs.o
 .bss           0xc0619bb4        0x0 lib/arpa/htonl.o
 .bss           0xc0619bb4        0x0 lib/arpa/htons.o
 .bss           0xc0619bb4        0x0 lib/arpa/inet_pton.o
 .bss           0xc0619bb4        0x0 lib/arpa/ntohl.o
 .bss           0xc0619bb4        0x0 lib/arpa/inet_ntop.o
 *(COMMON)
 *fill*         0xc0619bb4        0xc 
 COMMON         0xc0619bc0     0x17b8 double_link_list.o
                0xc0619bc0                current_tty
                0xc0619bc4                is_e0
                0xc0619bc8                idt_ptr
                0xc0619bd0                pid
                0xc0619bd4                KernelVirtualMemory
                0xc0619be0                current_dis_pos
                0xc0619be4                dis_pos
                0xc0619be8                k_reenter
                0xc0619c00                gdt
                0xc061a000                proc_ready_table
                0xc061a004                test_ticks
                0xc061a008                pcaller
                0xc061a020                keyboard_buffer
                0xc061a22c                pcb_list
                0xc061a23c                gdt_index
                0xc061a240                tty_table
                0xc061aa80                tss
                0xc061aaec                KernelPool
                0xc061aafc                net_buf
                0xc061ab00                nic_current_page
                0xc061ab04                counter
                0xc061ab08                key_pressed
                0xc061ab0c                fork_pid
                0xc061ab10                is_shift
                0xc061ab11                net_data
                0xc061ab14                gdt_ptr
                0xc061ab20                idt
                0xc061b320                main_thread
                0xc061b328                ticks
                0xc061b330                is_init
                0xc061b334                UserPool
                0xc061b344                all_pcb_list
                0xc061b354                console_table
                0xc061b364                is_disp
                0xc061b368                MAIN_THREAD_PAGE_DIRECTORY
                0xc061b36c                helloStr
 *fill*         0xc061b378        0x8 
 COMMON         0xc061b380    0x91ad0 global.o
                0xc061b380                proc_stack
                0xc06ab380                proc_table
 COMMON         0xc06ace50        0x8 network/netdev.o
                0xc06ace50                loop
                0xc06ace54                netdev
 *fill*         0xc06ace58        0x8 
 COMMON         0xc06ace60      0x440 hd/hd.o
                0xc06ace60                hd_info
                0xc06ad0a0                hd_cache
 COMMON         0xc06ad2a0      0xe68 fs/fs_main.o
                0xc06ad2a0                file_desc_table
                0xc06ad6a0                phy_super_block_buf
                0xc06ad6a4                phy_fsbuf
                0xc06ad6c0                inode_table
                0xc06ae0c0                super_block_buf
                0xc06ae0c4                fsbuf
                0xc06ae0e0                root
 *fill*         0xc06ae108       0x18 
 COMMON         0xc06ae120       0xa8 mem/mem.o
                0xc06ae120                kernel_mem_block_decs_array
                0xc06ae1c8                        . = ALIGN ((. != 0x0)?0x4:0x1)
                0xc06ae1c8                        . = ALIGN (0x4)
                0xc06ae1c8                        . = SEGMENT_START ("ldata-segment", .)
                0xc06ae1c8                        . = ALIGN (0x4)
                0xc06ae1c8                        _end = .
                [!provide]                        PROVIDE (end = .)
                0xc06ae1c8                        . = DATA_SEGMENT_END (.)

.stab
 *(.stab)

.stabstr
 *(.stabstr)

.stab.excl
 *(.stab.excl)

.stab.exclstr
 *(.stab.exclstr)

.stab.index
 *(.stab.index)

.stab.indexstr
 *(.stab.indexstr)

.comment        0x00000000       0x2c
 *(.comment)
 .comment       0x00000000       0x2c double_link_list.o
                                 0x2d (size before relaxing)
 .comment       0x0000002c       0x2d global.o
 .comment       0x0000002c       0x2d kernel_main_old.o
 .comment       0x0000002c       0x2d kernel_main.o
 .comment       0x0000002c       0x2d protect.o
 .comment       0x0000002c       0x2d console.o
 .comment       0x0000002c       0x2d process.o
 .comment       0x0000002c       0x2d keyboard.o
 .comment       0x0000002c       0x2d thread.o
 .comment       0x0000002c       0x2d my_process.o
 .comment       0x0000002c       0x2d network/skbuff.o
 .comment       0x0000002c       0x2d network/socket.o
 .comment       0x0000002c       0x2d network/ip_input.o
 .comment       0x0000002c       0x2d network/udp_sock.o
 .comment       0x0000002c       0x2d network/netdev.o
 .comment       0x0000002c       0x2d network/tcp.o
 .comment       0x0000002c       0x2d network/sock.o
 .comment       0x0000002c       0x2d network/tcp_output.o
 .comment       0x0000002c       0x2d network/arp.o
 .comment       0x0000002c       0x2d network/tcp_sock.o
 .comment       0x0000002c       0x2d network/ipc.o
 .comment       0x0000002c       0x2d network/icmpv4.o
 .comment       0x0000002c       0x2d network/ip_output.o
 .comment       0x0000002c       0x2d network/inet.o
 .comment       0x0000002c       0x2d network/dst.o
 .comment       0x0000002c       0x2d network/tcp_input.o
 .comment       0x0000002c       0x2d network/task_network.o
 .comment       0x0000002c       0x2d network/route.o
 .comment       0x0000002c       0x2d network/udp.o
 .comment       0x0000002c       0x2d network/tcp_data.o
 .comment       0x0000002c       0x2d network/utils.o
 .comment       0x0000002c       0x2d hd/hd.o
 .comment       0x0000002c       0x2d fs/fs_main.o
 .comment       0x0000002c       0x2d mm/forkexit.o
 .comment       0x0000002c       0x2d mm/exec.o
 .comment       0x0000002c       0x2d mm/main.o
 .comment       0x0000002c       0x2d mem/mem.o
 .comment       0x0000002c       0x2d lib/floor.o
 .comment       0x0000002c       0x2d lib/exec.o
 .comment       0x0000002c       0x2d lib/exit.o
 .comment       0x0000002c       0x2d lib/unlink.o
 .comment       0x0000002c       0x2d lib/wait.o
 .comment       0x0000002c       0x2d lib/calloc.o
 .comment       0x0000002c       0x2d lib/alloca.o
 .comment       0x0000002c       0x2d lib/fork.o
 .comment       0x0000002c       0x2d lib/getpid.o
 .comment       0x0000002c       0x2d lib/stdlib/atoi.o
 .comment       0x0000002c       0x2d lib/string/strtok.o
 .comment       0x0000002c       0x2d lib/string/strcmp.o
 .comment       0x0000002c       0x2d lib/string/strncmp.o
 .comment       0x0000002c       0x2d lib/string/strpbrk.o
 .comment       0x0000002c       0x2d lib/stdio/read.o
 .comment       0x0000002c       0x2d lib/stdio/perror.o
 .comment       0x0000002c       0x2d lib/stdio/sscanf.o
 .comment       0x0000002c       0x2d lib/stdio/open.o
 .comment       0x0000002c       0x2d lib/stdio/write.o
 .comment       0x0000002c       0x2d lib/stdio/close.o
 .comment       0x0000002c       0x2d lib/arpa/ntohs.o
 .comment       0x0000002c       0x2d lib/arpa/htonl.o
 .comment       0x0000002c       0x2d lib/arpa/htons.o
 .comment       0x0000002c       0x2d lib/arpa/inet_pton.o
 .comment       0x0000002c       0x2d lib/arpa/ntohl.o
 .comment       0x0000002c       0x2d lib/arpa/inet_ntop.o

.gnu.build.attributes
 *(.gnu.build.attributes .gnu.build.attributes.*)

.debug
 *(.debug)

.line
 *(.line)

.debug_srcinfo
 *(.debug_srcinfo)

.debug_sfnames
 *(.debug_sfnames)

.debug_aranges  0x00000000      0x7d8
 *(.debug_aranges)
 .debug_aranges
                0x00000000       0x20 double_link_list.o
 .debug_aranges
                0x00000020       0x18 global.o
 .debug_aranges
                0x00000038       0x20 kernel_main_old.o
 .debug_aranges
                0x00000058       0x20 kernel_main.o
 .debug_aranges
                0x00000078       0x20 protect.o
 .debug_aranges
                0x00000098       0x20 console.o
 .debug_aranges
                0x000000b8       0x20 process.o
 .debug_aranges
                0x000000d8       0x20 keyboard.o
 .debug_aranges
                0x000000f8       0x20 thread.o
 .debug_aranges
                0x00000118       0x20 my_process.o
 .debug_aranges
                0x00000138       0x20 network/skbuff.o
 .debug_aranges
                0x00000158       0x20 network/socket.o
 .debug_aranges
                0x00000178       0x20 network/ip_input.o
 .debug_aranges
                0x00000198       0x20 network/udp_sock.o
 .debug_aranges
                0x000001b8       0x20 network/netdev.o
 .debug_aranges
                0x000001d8       0x20 network/tcp.o
 .debug_aranges
                0x000001f8       0x20 network/sock.o
 .debug_aranges
                0x00000218       0x20 network/tcp_output.o
 .debug_aranges
                0x00000238       0x20 network/arp.o
 .debug_aranges
                0x00000258       0x20 network/tcp_sock.o
 .debug_aranges
                0x00000278       0x20 network/ipc.o
 .debug_aranges
                0x00000298       0x20 network/icmpv4.o
 .debug_aranges
                0x000002b8       0x20 network/ip_output.o
 .debug_aranges
                0x000002d8       0x20 network/inet.o
 .debug_aranges
                0x000002f8       0x20 network/dst.o
 .debug_aranges
                0x00000318       0x20 network/tcp_input.o
 .debug_aranges
                0x00000338       0x20 network/task_network.o
 .debug_aranges
                0x00000358       0x20 network/route.o
 .debug_aranges
                0x00000378       0x20 network/udp.o
 .debug_aranges
                0x00000398       0x20 network/tcp_data.o
 .debug_aranges
                0x000003b8       0x20 network/utils.o
 .debug_aranges
                0x000003d8       0x20 hd/hd.o
 .debug_aranges
                0x000003f8       0x20 fs/fs_main.o
 .debug_aranges
                0x00000418       0x20 mm/forkexit.o
 .debug_aranges
                0x00000438       0x20 mm/exec.o
 .debug_aranges
                0x00000458       0x20 mm/main.o
 .debug_aranges
                0x00000478       0x20 mem/mem.o
 .debug_aranges
                0x00000498       0x20 lib/floor.o
 .debug_aranges
                0x000004b8       0x20 lib/exec.o
 .debug_aranges
                0x000004d8       0x20 lib/exit.o
 .debug_aranges
                0x000004f8       0x20 lib/unlink.o
 .debug_aranges
                0x00000518       0x20 lib/wait.o
 .debug_aranges
                0x00000538       0x20 lib/calloc.o
 .debug_aranges
                0x00000558       0x20 lib/alloca.o
 .debug_aranges
                0x00000578       0x20 lib/fork.o
 .debug_aranges
                0x00000598       0x20 lib/getpid.o
 .debug_aranges
                0x000005b8       0x20 lib/stdlib/atoi.o
 .debug_aranges
                0x000005d8       0x20 lib/string/strtok.o
 .debug_aranges
                0x000005f8       0x20 lib/string/strcmp.o
 .debug_aranges
                0x00000618       0x20 lib/string/strncmp.o
 .debug_aranges
                0x00000638       0x20 lib/string/strpbrk.o
 .debug_aranges
                0x00000658       0x20 lib/stdio/read.o
 .debug_aranges
                0x00000678       0x20 lib/stdio/perror.o
 .debug_aranges
                0x00000698       0x20 lib/stdio/sscanf.o
 .debug_aranges
                0x000006b8       0x20 lib/stdio/open.o
 .debug_aranges
                0x000006d8       0x20 lib/stdio/write.o
 .debug_aranges
                0x000006f8       0x20 lib/stdio/close.o
 .debug_aranges
                0x00000718       0x20 lib/arpa/ntohs.o
 .debug_aranges
                0x00000738       0x20 lib/arpa/htonl.o
 .debug_aranges
                0x00000758       0x20 lib/arpa/htons.o
 .debug_aranges
                0x00000778       0x20 lib/arpa/inet_pton.o
 .debug_aranges
                0x00000798       0x20 lib/arpa/ntohl.o
 .debug_aranges
                0x000007b8       0x20 lib/arpa/inet_ntop.o

.debug_pubnames
 *(.debug_pubnames)

.debug_info     0x00000000    0x3cb5f
 *(.debug_info .gnu.linkonce.wi.*)
 .debug_info    0x00000000     0x1033 double_link_list.o
 .debug_info    0x00001033      0xe7d global.o
 .debug_info    0x00001eb0     0x2871 kernel_main_old.o
 .debug_info    0x00004721      0xfc2 kernel_main.o
 .debug_info    0x000056e3     0x11a8 protect.o
 .debug_info    0x0000688b     0x127d console.o
 .debug_info    0x00007b08      0xf55 process.o
 .debug_info    0x00008a5d      0xfd1 keyboard.o
 .debug_info    0x00009a2e     0x105c thread.o
 .debug_info    0x0000aa8a     0x1490 my_process.o
 .debug_info    0x0000bf1a      0x39f network/skbuff.o
 .debug_info    0x0000c2b9     0x1b9a network/socket.o
 .debug_info    0x0000de53     0x1a9e network/ip_input.o
 .debug_info    0x0000f8f1     0x1ed0 network/udp_sock.o
 .debug_info    0x000117c1     0x15d5 network/netdev.o
 .debug_info    0x00012d96     0x1e01 network/tcp.o
 .debug_info    0x00014b97     0x1853 network/sock.o
 .debug_info    0x000163ea     0x231c network/tcp_output.o
 .debug_info    0x00018706      0x76e network/arp.o
 .debug_info    0x00018e74     0x21f2 network/tcp_sock.o
 .debug_info    0x0001b066     0x1c2b network/ipc.o
 .debug_info    0x0001cc91     0x18fc network/icmpv4.o
 .debug_info    0x0001e58d     0x1738 network/ip_output.o
 .debug_info    0x0001fcc5     0x19ff network/inet.o
 .debug_info    0x000216c4     0x11dd network/dst.o
 .debug_info    0x000228a1     0x2104 network/tcp_input.o
 .debug_info    0x000249a5      0x65c network/task_network.o
 .debug_info    0x00025001     0x1275 network/route.o
 .debug_info    0x00026276     0x1b01 network/udp.o
 .debug_info    0x00027d77     0x1d6a network/tcp_data.o
 .debug_info    0x00029ae1      0x367 network/utils.o
 .debug_info    0x00029e48     0x17ec hd/hd.o
 .debug_info    0x0002b634     0x1f2e fs/fs_main.o
 .debug_info    0x0002d562      0xf91 mm/forkexit.o
 .debug_info    0x0002e4f3     0x11cd mm/exec.o
 .debug_info    0x0002f6c0      0xdbf mm/main.o
 .debug_info    0x0003047f     0x1d11 mem/mem.o
 .debug_info    0x00032190       0x6b lib/floor.o
 .debug_info    0x000321fb      0xf33 lib/exec.o
 .debug_info    0x0003312e      0xda6 lib/exit.o
 .debug_info    0x00033ed4      0xe84 lib/unlink.o
 .debug_info    0x00034d58      0xdb4 lib/wait.o
 .debug_info    0x00035b0c      0xeac lib/calloc.o
 .debug_info    0x000369b8       0x98 lib/alloca.o
 .debug_info    0x00036a50      0xd9b lib/fork.o
 .debug_info    0x000377eb      0xd9b lib/getpid.o
 .debug_info    0x00038586       0xc9 lib/stdlib/atoi.o
 .debug_info    0x0003864f       0xae lib/string/strtok.o
 .debug_info    0x000386fd       0xc1 lib/string/strcmp.o
 .debug_info    0x000387be      0x110 lib/string/strncmp.o
 .debug_info    0x000388ce       0xcf lib/string/strpbrk.o
 .debug_info    0x0003899d      0xea1 lib/stdio/read.o
 .debug_info    0x0003983e       0x5c lib/stdio/perror.o
 .debug_info    0x0003989a      0x20e lib/stdio/sscanf.o
 .debug_info    0x00039aa8      0xe02 lib/stdio/open.o
 .debug_info    0x0003a8aa      0xe2f lib/stdio/write.o
 .debug_info    0x0003b6d9      0xdb6 lib/stdio/close.o
 .debug_info    0x0003c48f       0xa8 lib/arpa/ntohs.o
 .debug_info    0x0003c537       0xcb lib/arpa/htonl.o
 .debug_info    0x0003c602       0xa8 lib/arpa/htons.o
 .debug_info    0x0003c6aa      0x260 lib/arpa/inet_pton.o
 .debug_info    0x0003c90a       0xcb lib/arpa/ntohl.o
 .debug_info    0x0003c9d5      0x18a lib/arpa/inet_ntop.o

.debug_abbrev   0x00000000     0x7880
 *(.debug_abbrev)
 .debug_abbrev  0x00000000      0x216 double_link_list.o
 .debug_abbrev  0x00000216      0x157 global.o
 .debug_abbrev  0x0000036d      0x43a kernel_main_old.o
 .debug_abbrev  0x000007a7      0x208 kernel_main.o
 .debug_abbrev  0x000009af      0x227 protect.o
 .debug_abbrev  0x00000bd6      0x2ac console.o
 .debug_abbrev  0x00000e82      0x1e0 process.o
 .debug_abbrev  0x00001062      0x1fb keyboard.o
 .debug_abbrev  0x0000125d      0x222 thread.o
 .debug_abbrev  0x0000147f      0x260 my_process.o
 .debug_abbrev  0x000016df      0x15f network/skbuff.o
 .debug_abbrev  0x0000183e      0x327 network/socket.o
 .debug_abbrev  0x00001b65      0x2d1 network/ip_input.o
 .debug_abbrev  0x00001e36      0x3b1 network/udp_sock.o
 .debug_abbrev  0x000021e7      0x2ff network/netdev.o
 .debug_abbrev  0x000024e6      0x332 network/tcp.o
 .debug_abbrev  0x00002818      0x273 network/sock.o
 .debug_abbrev  0x00002a8b      0x39b network/tcp_output.o
 .debug_abbrev  0x00002e26      0x210 network/arp.o
 .debug_abbrev  0x00003036      0x3e6 network/tcp_sock.o
 .debug_abbrev  0x0000341c      0x2ee network/ipc.o
 .debug_abbrev  0x0000370a      0x236 network/icmpv4.o
 .debug_abbrev  0x00003940      0x213 network/ip_output.o
 .debug_abbrev  0x00003b53      0x24b network/inet.o
 .debug_abbrev  0x00003d9e      0x204 network/dst.o
 .debug_abbrev  0x00003fa2      0x355 network/tcp_input.o
 .debug_abbrev  0x000042f7      0x17d network/task_network.o
 .debug_abbrev  0x00004474      0x24e network/route.o
 .debug_abbrev  0x000046c2      0x2d3 network/udp.o
 .debug_abbrev  0x00004995      0x2a6 network/tcp_data.o
 .debug_abbrev  0x00004c3b      0x17a network/utils.o
 .debug_abbrev  0x00004db5      0x2e3 hd/hd.o
 .debug_abbrev  0x00005098      0x2ef fs/fs_main.o
 .debug_abbrev  0x00005387      0x204 mm/forkexit.o
 .debug_abbrev  0x0000558b      0x1c4 mm/exec.o
 .debug_abbrev  0x0000574f      0x208 mm/main.o
 .debug_abbrev  0x00005957      0x330 mem/mem.o
 .debug_abbrev  0x00005c87       0x6a lib/floor.o
 .debug_abbrev  0x00005cf1      0x1e8 lib/exec.o
 .debug_abbrev  0x00005ed9      0x19b lib/exit.o
 .debug_abbrev  0x00006074      0x193 lib/unlink.o
 .debug_abbrev  0x00006207      0x19f lib/wait.o
 .debug_abbrev  0x000063a6      0x191 lib/calloc.o
 .debug_abbrev  0x00006537       0x86 lib/alloca.o
 .debug_abbrev  0x000065bd      0x18a lib/fork.o
 .debug_abbrev  0x00006747      0x18a lib/getpid.o
 .debug_abbrev  0x000068d1       0x94 lib/stdlib/atoi.o
 .debug_abbrev  0x00006965       0x91 lib/string/strtok.o
 .debug_abbrev  0x000069f6       0x94 lib/string/strcmp.o
 .debug_abbrev  0x00006a8a       0xbe lib/string/strncmp.o
 .debug_abbrev  0x00006b48       0xa5 lib/string/strpbrk.o
 .debug_abbrev  0x00006bed      0x1ef lib/stdio/read.o
 .debug_abbrev  0x00006ddc       0x5c lib/stdio/perror.o
 .debug_abbrev  0x00006e38       0xdd lib/stdio/sscanf.o
 .debug_abbrev  0x00006f15      0x1c5 lib/stdio/open.o
 .debug_abbrev  0x000070da      0x1db lib/stdio/write.o
 .debug_abbrev  0x000072b5      0x19d lib/stdio/close.o
 .debug_abbrev  0x00007452       0x6c lib/arpa/ntohs.o
 .debug_abbrev  0x000074be       0xa5 lib/arpa/htonl.o
 .debug_abbrev  0x00007563       0x6c lib/arpa/htons.o
 .debug_abbrev  0x000075cf      0x116 lib/arpa/inet_pton.o
 .debug_abbrev  0x000076e5       0xa5 lib/arpa/ntohl.o
 .debug_abbrev  0x0000778a       0xf6 lib/arpa/inet_ntop.o

.debug_line     0x00000000     0x968f
 *(.debug_line .debug_line.* .debug_line_end)
 .debug_line    0x00000000      0x20d double_link_list.o
 .debug_line    0x0000020d       0x95 global.o
 .debug_line    0x000002a2      0xe5b kernel_main_old.o
 .debug_line    0x000010fd      0x1d8 kernel_main.o
 .debug_line    0x000012d5      0x1ff protect.o
 .debug_line    0x000014d4      0x54e console.o
 .debug_line    0x00001a22      0x1a5 process.o
 .debug_line    0x00001bc7      0x296 keyboard.o
 .debug_line    0x00001e5d      0x145 thread.o
 .debug_line    0x00001fa2      0x33b my_process.o
 .debug_line    0x000022dd      0x121 network/skbuff.o
 .debug_line    0x000023fe      0x3a6 network/socket.o
 .debug_line    0x000027a4      0x272 network/ip_input.o
 .debug_line    0x00002a16      0x4b1 network/udp_sock.o
 .debug_line    0x00002ec7      0x2b1 network/netdev.o
 .debug_line    0x00003178      0x2f5 network/tcp.o
 .debug_line    0x0000346d      0x222 network/sock.o
 .debug_line    0x0000368f      0x58b network/tcp_output.o
 .debug_line    0x00003c1a      0x34c network/arp.o
 .debug_line    0x00003f66      0x57c network/tcp_sock.o
 .debug_line    0x000044e2      0x5ab network/ipc.o
 .debug_line    0x00004a8d      0x225 network/icmpv4.o
 .debug_line    0x00004cb2      0x1fe network/ip_output.o
 .debug_line    0x00004eb0      0x30e network/inet.o
 .debug_line    0x000051be      0x15e network/dst.o
 .debug_line    0x0000531c      0x659 network/tcp_input.o
 .debug_line    0x00005975       0xcf network/task_network.o
 .debug_line    0x00005a44      0x209 network/route.o
 .debug_line    0x00005c4d      0x2ec network/udp.o
 .debug_line    0x00005f39      0x3e9 network/tcp_data.o
 .debug_line    0x00006322      0x13c network/utils.o
 .debug_line    0x0000645e      0x62c hd/hd.o
 .debug_line    0x00006a8a      0xc23 fs/fs_main.o
 .debug_line    0x000076ad      0x174 mm/forkexit.o
 .debug_line    0x00007821      0x20c mm/exec.o
 .debug_line    0x00007a2d       0xec mm/main.o
 .debug_line    0x00007b19      0x76f mem/mem.o
 .debug_line    0x00008288       0x5a lib/floor.o
 .debug_line    0x000082e2      0x18b lib/exec.o
 .debug_line    0x0000846d       0xa0 lib/exit.o
 .debug_line    0x0000850d       0xc0 lib/unlink.o
 .debug_line    0x000085cd       0xb7 lib/wait.o
 .debug_line    0x00008684       0xe3 lib/calloc.o
 .debug_line    0x00008767       0x6b lib/alloca.o
 .debug_line    0x000087d2       0xa5 lib/fork.o
 .debug_line    0x00008877       0xa0 lib/getpid.o
 .debug_line    0x00008917       0xad lib/stdlib/atoi.o
 .debug_line    0x000089c4       0x6e lib/string/strtok.o
 .debug_line    0x00008a32       0x9c lib/string/strcmp.o
 .debug_line    0x00008ace       0xcc lib/string/strncmp.o
 .debug_line    0x00008b9a       0xb0 lib/string/strpbrk.o
 .debug_line    0x00008c4a      0x15b lib/stdio/read.o
 .debug_line    0x00008da5       0x48 lib/stdio/perror.o
 .debug_line    0x00008ded      0x1d2 lib/stdio/sscanf.o
 .debug_line    0x00008fbf       0xc3 lib/stdio/open.o
 .debug_line    0x00009082       0xc2 lib/stdio/write.o
 .debug_line    0x00009144       0xb3 lib/stdio/close.o
 .debug_line    0x000091f7       0x6c lib/arpa/ntohs.o
 .debug_line    0x00009263       0xc1 lib/arpa/htonl.o
 .debug_line    0x00009324       0x6c lib/arpa/htons.o
 .debug_line    0x00009390      0x167 lib/arpa/inet_pton.o
 .debug_line    0x000094f7       0xc1 lib/arpa/ntohl.o
 .debug_line    0x000095b8       0xd7 lib/arpa/inet_ntop.o

.debug_frame
 *(.debug_frame)

.debug_str      0x00000000     0x360b
 *(.debug_str)
 .debug_str     0x00000000     0x360b double_link_list.o
                                0x6dc (size before relaxing)
 .debug_str     0x0000360b      0x60b global.o
 .debug_str     0x0000360b      0xb86 kernel_main_old.o
 .debug_str     0x0000360b      0x697 kernel_main.o
 .debug_str     0x0000360b      0x766 protect.o
 .debug_str     0x0000360b      0x75a console.o
 .debug_str     0x0000360b      0x645 process.o
 .debug_str     0x0000360b      0x697 keyboard.o
 .debug_str     0x0000360b      0x712 thread.o
 .debug_str     0x0000360b      0x8f9 my_process.o
 .debug_str     0x0000360b      0x1d8 network/skbuff.o
 .debug_str     0x0000360b      0x923 network/socket.o
 .debug_str     0x0000360b      0x996 network/ip_input.o
 .debug_str     0x0000360b      0xa6c network/udp_sock.o
 .debug_str     0x0000360b      0x85e network/netdev.o
 .debug_str     0x0000360b      0xb28 network/tcp.o
 .debug_str     0x0000360b      0x8b1 network/sock.o
 .debug_str     0x0000360b      0xc18 network/tcp_output.o
 .debug_str     0x0000360b      0x2f6 network/arp.o
 .debug_str     0x0000360b      0xcbb network/tcp_sock.o
 .debug_str     0x0000360b      0x8cd network/ipc.o
 .debug_str     0x0000360b      0x915 network/icmpv4.o
 .debug_str     0x0000360b      0x851 network/ip_output.o
 .debug_str     0x0000360b      0x8e2 network/inet.o
 .debug_str     0x0000360b      0x71d network/dst.o
 .debug_str     0x0000360b      0xb88 network/tcp_input.o
 .debug_str     0x0000360b      0x28f network/task_network.o
 .debug_str     0x0000360b      0x73e network/route.o
 .debug_str     0x0000360b      0x948 network/udp.o
 .debug_str     0x0000360b      0xa44 network/tcp_data.o
 .debug_str     0x0000360b      0x1b8 network/utils.o
 .debug_str     0x0000360b      0x914 hd/hd.o
 .debug_str     0x0000360b      0xaf5 fs/fs_main.o
 .debug_str     0x0000360b      0x612 mm/forkexit.o
 .debug_str     0x0000360b      0x868 mm/exec.o
 .debug_str     0x0000360b      0x593 mm/main.o
 .debug_str     0x0000360b      0xa9a mem/mem.o
 .debug_str     0x0000360b       0xa2 lib/floor.o
 .debug_str     0x0000360b      0x627 lib/exec.o
 .debug_str     0x0000360b      0x5a0 lib/exit.o
 .debug_str     0x0000360b      0x61f lib/unlink.o
 .debug_str     0x0000360b      0x5a0 lib/wait.o
 .debug_str     0x0000360b      0x62c lib/calloc.o
 .debug_str     0x0000360b       0xb6 lib/alloca.o
 .debug_str     0x0000360b      0x599 lib/fork.o
 .debug_str     0x0000360b      0x59d lib/getpid.o
 .debug_str     0x0000360b       0xad lib/stdlib/atoi.o
 .debug_str     0x0000360b       0xb9 lib/string/strtok.o
 .debug_str     0x0000360b       0xb1 lib/string/strcmp.o
 .debug_str     0x0000360b       0xba lib/string/strncmp.o
 .debug_str     0x0000360b       0xc1 lib/string/strpbrk.o
 .debug_str     0x0000360b      0x617 lib/stdio/read.o
 .debug_str     0x0000360b       0x99 lib/stdio/perror.o
 .debug_str     0x0000360b      0x102 lib/stdio/sscanf.o
 .debug_str     0x0000360b      0x5de lib/stdio/open.o
 .debug_str     0x0000360b      0x5db lib/stdio/write.o
 .debug_str     0x0000360b      0x5a6 lib/stdio/close.o
 .debug_str     0x0000360b      0x101 lib/arpa/ntohs.o
 .debug_str     0x0000360b       0xf4 lib/arpa/htonl.o
 .debug_str     0x0000360b      0x102 lib/arpa/htons.o
 .debug_str     0x0000360b      0x14c lib/arpa/inet_pton.o
 .debug_str     0x0000360b       0xf3 lib/arpa/ntohl.o
 .debug_str     0x0000360b      0x10f lib/arpa/inet_ntop.o

.debug_loc
 *(.debug_loc)

.debug_macinfo
 *(.debug_macinfo)

.debug_weaknames
 *(.debug_weaknames)

.debug_funcnames
 *(.debug_funcnames)

.debug_typenames
 *(.debug_typenames)

.debug_varnames
 *(.debug_varnames)

.debug_pubtypes
 *(.debug_pubtypes)

.debug_ranges   0x00000000       0x90
 *(.debug_ranges)
 .debug_ranges  0x00000000       0x30 kernel_main_old.o
 .debug_ranges  0x00000030       0x48 hd/hd.o
 .debug_ranges  0x00000078       0x18 mm/exec.o

.debug_addr
 *(.debug_addr)

.debug_line_str
 *(.debug_line_str)

.debug_loclists
 *(.debug_loclists)

.debug_macro
 *(.debug_macro)

.debug_names
 *(.debug_names)

.debug_rnglists
 *(.debug_rnglists)

.debug_str_offsets
 *(.debug_str_offsets)

.debug_sup
 *(.debug_sup)

.gnu.attributes
 *(.gnu.attributes)

/DISCARD/
 *(.note.GNU-stack)
 *(.gnu_debuglink)
 *(.gnu.lto_*)
OUTPUT(kernel.bin elf32-i386)
