
Merging program properties

Removed property 0xc0010001 to merge double_link_list.o (0x1) and kernel/kernel_sub.o (not found)
Removed property 0xc0010002 to merge double_link_list.o (0x0) and kernel/kernel_sub.o (not found)
Removed property 0xc0010001 to merge double_link_list.o (not found) and kernel_main_old.o (0x1)
Removed property 0xc0010002 to merge double_link_list.o (not found) and kernel_main_old.o (0x1)
Removed property 0xc0010001 to merge double_link_list.o (not found) and kernel_main.o (0x1)
Removed property 0xc0010002 to merge double_link_list.o (not found) and kernel_main.o (0x0)
Removed property 0xc0010001 to merge double_link_list.o (not found) and protect.o (0x1)
Removed property 0xc0010002 to merge double_link_list.o (not found) and protect.o (0x0)
Removed property 0xc0010001 to merge double_link_list.o (not found) and console.o (0x1)
Removed property 0xc0010002 to merge double_link_list.o (not found) and console.o (0x1)
Removed property 0xc0010001 to merge double_link_list.o (not found) and process.o (0x1)
Removed property 0xc0010002 to merge double_link_list.o (not found) and process.o (0x0)
Removed property 0xc0010001 to merge double_link_list.o (not found) and global.o (0x1)
Removed property 0xc0010002 to merge double_link_list.o (not found) and global.o (0x0)
Removed property 0xc0010001 to merge double_link_list.o (not found) and keyboard.o (0x1)
Removed property 0xc0010002 to merge double_link_list.o (not found) and keyboard.o (0x0)
Removed property 0xc0010001 to merge double_link_list.o (not found) and thread.o (0x1)
Removed property 0xc0010002 to merge double_link_list.o (not found) and thread.o (0x0)
Removed property 0xc0010001 to merge double_link_list.o (not found) and my_process.o (0x1)
Removed property 0xc0010002 to merge double_link_list.o (not found) and my_process.o (0x1)
Removed property 0xc0010001 to merge double_link_list.o (not found) and network/socket.o (0x1)
Removed property 0xc0010002 to merge double_link_list.o (not found) and network/socket.o (0x0)
Removed property 0xc0010001 to merge double_link_list.o (not found) and network/ip_input.o (0x1)
Removed property 0xc0010002 to merge double_link_list.o (not found) and network/ip_input.o (0x0)
Removed property 0xc0010001 to merge double_link_list.o (not found) and network/udp_sock.o (0x1)
Removed property 0xc0010002 to merge double_link_list.o (not found) and network/udp_sock.o (0x0)
Removed property 0xc0010001 to merge double_link_list.o (not found) and network/dst.o (0x1)
Removed property 0xc0010002 to merge double_link_list.o (not found) and network/dst.o (0x0)
Removed property 0xc0010001 to merge double_link_list.o (not found) and network/netdev.o (0x1)
Removed property 0xc0010002 to merge double_link_list.o (not found) and network/netdev.o (0x0)
Removed property 0xc0010001 to merge double_link_list.o (not found) and network/ip_output.o (0x1)
Removed property 0xc0010002 to merge double_link_list.o (not found) and network/ip_output.o (0x0)
Removed property 0xc0010001 to merge double_link_list.o (not found) and network/tcp.o (0x1)
Removed property 0xc0010002 to merge double_link_list.o (not found) and network/tcp.o (0x0)
Removed property 0xc0010001 to merge double_link_list.o (not found) and network/sock.o (0x1)
Removed property 0xc0010002 to merge double_link_list.o (not found) and network/sock.o (0x0)
Removed property 0xc0010001 to merge double_link_list.o (not found) and network/tcp_output.o (0x1)
Removed property 0xc0010002 to merge double_link_list.o (not found) and network/tcp_output.o (0x1)
Removed property 0xc0010001 to merge double_link_list.o (not found) and network/arp.o (0x1)
Removed property 0xc0010002 to merge double_link_list.o (not found) and network/arp.o (0x0)
Removed property 0xc0010001 to merge double_link_list.o (not found) and network/tcp_sock.o (0x1)
Removed property 0xc0010002 to merge double_link_list.o (not found) and network/tcp_sock.o (0x0)
Removed property 0xc0010001 to merge double_link_list.o (not found) and network/ipc.o (0x1)
Removed property 0xc0010002 to merge double_link_list.o (not found) and network/ipc.o (0x1)
Removed property 0xc0010001 to merge double_link_list.o (not found) and network/icmpv4.o (0x1)
Removed property 0xc0010002 to merge double_link_list.o (not found) and network/icmpv4.o (0x0)
Removed property 0xc0010001 to merge double_link_list.o (not found) and network/skbuff.o (0x1)
Removed property 0xc0010002 to merge double_link_list.o (not found) and network/skbuff.o (0x0)
Removed property 0xc0010001 to merge double_link_list.o (not found) and network/inet.o (0x1)
Removed property 0xc0010002 to merge double_link_list.o (not found) and network/inet.o (0x0)
Removed property 0xc0010001 to merge double_link_list.o (not found) and network/tcp_input.o (0x1)
Removed property 0xc0010002 to merge double_link_list.o (not found) and network/tcp_input.o (0x0)
Removed property 0xc0010001 to merge double_link_list.o (not found) and network/task_network.o (0x1)
[...]
Memory Configuration

Name             Origin             Length             Attributes
*default*        0x00000000         0xffffffff

Linker script and memory map

Address of section .text set to 0xc0600000
LOAD kernel/kernel_sub.o
LOAD kernel/kernel.o
LOAD switch_to.o
LOAD string.o
LOAD syscall.o
LOAD hd/hd_rdwt.o
LOAD network/ne2000.o
LOAD double_link_list.o
LOAD kernel_main_old.o
LOAD kernel_main.o
LOAD protect.o
LOAD console.o
LOAD process.o
LOAD global.o
LOAD keyboard.o
LOAD thread.o
LOAD my_process.o
LOAD network/socket.o
LOAD network/ip_input.o
LOAD network/udp_sock.o
LOAD network/dst.o
LOAD network/netdev.o
LOAD network/ip_output.o
LOAD network/tcp.o
LOAD network/sock.o
LOAD network/tcp_output.o
LOAD network/arp.o
LOAD network/tcp_sock.o
LOAD network/ipc.o
LOAD network/icmpv4.o
LOAD network/skbuff.o
LOAD network/inet.o
LOAD network/tcp_input.o
LOAD network/task_network.o
LOAD network/route.o
LOAD network/udp.o
LOAD network/tcp_data.o
LOAD network/utils.o
LOAD hd/hd.o
LOAD fs/fs_main.o
LOAD mm/forkexit.o
LOAD mm/exec.o
LOAD mm/main.o
LOAD mem/mem.o
LOAD lib/floor.o
LOAD lib/exec.o
LOAD lib/exit.o
LOAD lib/unlink.o
LOAD lib/wait.o
LOAD lib/calloc.o
LOAD lib/alloca.o
LOAD lib/fork.o
LOAD lib/getpid.o
LOAD lib/stdlib/atoi.o
LOAD lib/string/strtok.o
LOAD lib/string/strcmp.o
LOAD lib/string/strncmp.o
LOAD lib/string/strpbrk.o
LOAD lib/stdio/read.o
LOAD lib/stdio/perror.o
LOAD lib/stdio/sscanf.o
LOAD lib/stdio/open.o
LOAD lib/stdio/write.o
LOAD lib/stdio/close.o
LOAD lib/arpa/ntohs.o
LOAD lib/arpa/htonl.o
LOAD lib/arpa/htons.o
LOAD lib/arpa/inet_pton.o
LOAD lib/arpa/ntohl.o
LOAD lib/arpa/inet_ntop.o
                [!provide]                        PROVIDE (__executable_start = SEGMENT_START ("text-segment", 0x8048000))
                0x080480d4                        . = (SEGMENT_START ("text-segment", 0x8048000) + SIZEOF_HEADERS)

.interp
 *(.interp)

.note.gnu.build-id
 *(.note.gnu.build-id)

.hash
 *(.hash)

.gnu.hash
 *(.gnu.hash)

.dynsym
 *(.dynsym)

.dynstr
 *(.dynstr)

.gnu.version
 *(.gnu.version)

.gnu.version_d
 *(.gnu.version_d)

.gnu.version_r
 *(.gnu.version_r)

.rel.dyn        0x080480d4        0x0
 *(.rel.init)
 *(.rel.text .rel.text.* .rel.gnu.linkonce.t.*)
 .rel.text      0x080480d4        0x0 kernel/kernel_sub.o
 *(.rel.fini)
 *(.rel.rodata .rel.rodata.* .rel.gnu.linkonce.r.*)
 *(.rel.data.rel.ro .rel.data.rel.ro.* .rel.gnu.linkonce.d.rel.ro.*)
 *(.rel.data .rel.data.* .rel.gnu.linkonce.d.*)
 *(.rel.tdata .rel.tdata.* .rel.gnu.linkonce.td.*)
 *(.rel.tbss .rel.tbss.* .rel.gnu.linkonce.tb.*)
 *(.rel.ctors)
 *(.rel.dtors)
 *(.rel.got)
 .rel.got       0x080480d4        0x0 kernel/kernel_sub.o
 *(.rel.bss .rel.bss.* .rel.gnu.linkonce.b.*)
 *(.rel.ifunc)

.rel.plt        0x080480d4        0x0
 *(.rel.plt)
                [!provide]                        PROVIDE (__rel_iplt_start = .)
 *(.rel.iplt)
 .rel.iplt      0x080480d4        0x0 kernel/kernel_sub.o
                [!provide]                        PROVIDE (__rel_iplt_end = .)

.relr.dyn
 *(.relr.dyn)
                0x08049000                        . = ALIGN (CONSTANT (MAXPAGESIZE))

.init
 *(SORT_NONE(.init))

.plt            0x08049000        0x0
 *(.plt)
 *(.iplt)
 .iplt          0x08049000        0x0 kernel/kernel_sub.o

.plt.got
 *(.plt.got)

.plt.sec
 *(.plt.sec)

.text           0xc0600000    0x11ee1
 *(.text.unlikely .text.*_unlikely .text.unlikely.*)
 *(.text.exit .text.exit.*)
 *(.text.startup .text.startup.*)
 *(.text.hot .text.hot.*)
 *(SORT_BY_NAME(.text.sorted.*))
 *(.text .stub .text.* .gnu.linkonce.t.*)
 .text          0xc0600000       0x74 kernel/kernel_sub.o
                0xc0600000                _start
 *fill*         0xc0600074        0xc 
 .text          0xc0600080      0x3d5 kernel/kernel.o
                0xc0600080                InterruptTest
                0xc060008c                disp_str_len
                0xc06000d9                disp_str
                0xc0600114                disp_str_colour
                0xc0600150                divide_zero_fault
                0xc0600156                single_step_fault
                0xc060015c                non_maskable_interrupt
                0xc0600162                breakpoint_trap
                0xc0600168                overflow_trap
                0xc060016e                bound_range_exceeded_fault
                0xc0600174                invalid_opcode_fault
                0xc060017a                coprocessor_not_available_fault
                0xc0600180                double_fault_exception_abort
                0xc0600184                coprocessor_segment_overrun
                0xc060018a                invalid_task_state_segment_fault
                0xc060018e                segment_not_present_fault
                0xc0600192                stack_exception_fault
                0xc0600196                general_protection_exception_fault
                0xc06001a1                page_fault
                0xc06001a5                coprocessor_error_fault
                0xc06001ab                align_check_fault
                0xc06001af                simd_float_exception_fault
                0xc06001be                hwint0
                0xc06001ee                hwint1
                0xc0600231                hwint14
                0xc0600277                hwint10
                0xc06002ba                sys_call
                0xc0600300                fork_restart
                0xc060030f                restart
                0xc0600332                in_byte
                0xc060033e                out_byte
                0xc0600360                disable_int
                0xc0600362                enable_int
                0xc06003f8                enable_8259A_casecade_irq
                0xc0600402                disable_8259A_casecade_irq
                0xc060040c                enable_8259A_slave_winchester_irq
                0xc0600416                disable_8259A_slave_winchester_irq
                0xc0600420                update_cr3
                0xc060042d                update_tss
                0xc060043c                get_running_thread_pcb
                0xc0600442                sys_call_test
                0xc0600445                enable_8259A_slave_net_irq
 *fill*         0xc0600455        0xb 
 .text          0xc0600460       0x15 switch_to.o
                0xc0600460                switch_to
 *fill*         0xc0600475        0xb 
 .text          0xc0600480       0x6a syscall.o
                0xc0600480                write_debug
                0xc0600490                send_msg
                0xc06004a6                receive_msg
                0xc06004bc                sys_malloc
                0xc06004d1                sys_free
 *fill*         0xc06004ea        0x6 
 .text          0xc06004f0      0x259 network/ne2000.o
                0xc0600513                DriverInitialize
                0xc060059d                SetPageStart
                0xc06005c5                DriverSend
                0xc060063a                PCtoNIC
                0xc06006a8                get_interrupt_status
                0xc06006be                set_interrupt_status
                0xc06006d7                get_curr_page
                0xc06006f4                NICtoPC
 .text          0xc0600749      0x2ee double_link_list.o
                0xc0600749                initDoubleLinkList
                0xc0600799                isListEmpty
                0xc06007c7                findElementInList
                0xc060085e                appendToDoubleLinkList
                0xc0600924                insertToDoubleLinkList
                0xc06009a8                popFromDoubleLinkList
 .text          0xc0600a37     0x2de1 kernel_main_old.o
                0xc0600a37                stop_here
                0xc0600a7b                catch_error
                0xc0600ae0                intr_enable
                0xc0600b09                intr_disable
                0xc0600b32                intr_set_status
                0xc0600b50                intr_get_status
                0xc0600b6d                Memcpy
                0xc0600ba0                untar
                0xc0600eb0                num_to_string
                0xc0600f56                disp_int
                0xc0600f7f                do_page_fault
                0xc06010bc                exception_handler
                0xc06012a7                init_internal_interrupt
                0xc060141c                spurious_irq
                0xc06014aa                init_keyboard
                0xc06014ed                TestTTY
                0xc060158c                TestReadReturnValue
                0xc0601609                TestWriteReturnValue
                0xc06016dd                TestFS2
                0xc06016eb                TestFS
                0xc0601b8d                wait_exit
                0xc0601c8b                INIT_fork
                0xc0601f7e                simple_shell
                0xc0602105                test_shell
                0xc060216d                test_exec
                0xc0602260                INIT
                0xc060226d                TestA
                0xc06022a2                delay
                0xc06022e6                TestB
                0xc06022fe                TestC
                0xc0602331                sys_get_ticks
                0xc0602341                sys_write
                0xc0602395                milli_delay
                0xc06023d1                TaskSys
                0xc06023d6                Printf
                0xc06024a8                sprintf
                0xc06024d4                vsprintf
                0xc0602680                printx
                0xc06026c3                sys_printx
                0xc060278f                spin
                0xc06027b5                panic
                0xc06027d3                assertion_failure
                0xc0602845                assertion_failure2
                0xc06028ba                dead_lock
                0xc06028c4                sys_send_msg
                0xc0602de3                sys_receive_msg
                0xc0603443                send_rec
                0xc060353e                block
                0xc060357a                unblock
                0xc06035ca                get_ticks_ipc
                0xc0603621                itoa
                0xc0603677                i2a
                0xc06036dd                inform_int
                0xc06037a9                deprecate_strcmp
 .text          0xc0603818      0x3af kernel_main.o
                0xc0603818                kernel_main
                0xc06039d2                init
                0xc0603a64                kernel_thread_a
                0xc0603ab1                kernel_thread_b
                0xc0603afe                kernel_thread_c
                0xc0603b14                kernel_thread_d
                0xc0603b2a                user_proc_a
                0xc0603baf                user_proc_b
 .text          0xc0603bc7      0x3b3 protect.o
                0xc0603bc7                InitDescriptor
                0xc0603c34                Seg2PhyAddr
                0xc0603c75                Seg2PhyAddrLDT
                0xc0603cb9                VirAddr2PhyAddr
                0xc0603ccf                v2l
                0xc0603d12                init_propt
                0xc0603e93                InitInterruptDesc
                0xc0603eef                ReloadGDT
 .text          0xc0603f7a      0xaca console.o
                0xc0603f7a                select_console
                0xc0603fb6                flush
                0xc0603fef                set_cursor
                0xc060404d                set_console_start_video_addr
                0xc06040ab                put_key
                0xc0604117                scroll_up
                0xc0604159                scroll_down
                0xc06041c4                out_char
                0xc0604381                tty_dev_read
                0xc06043ab                tty_dev_write
                0xc06045d8                tty_do_read
                0xc06046a0                tty_do_write
                0xc0604803                init_screen
                0xc060488c                init_tty
                0xc0604941                TaskTTY
 .text          0xc0604a44      0x289 process.o
                0xc0604a44                schedule_process
                0xc0604bdc                clock_handler
                0xc0604c52                pid2proc
                0xc0604cb6                proc2pid
 .text          0xc0604ccd        0x0 global.o
 .text          0xc0604ccd      0x40f keyboard.o
                0xc0604ccd                keyboard_handler
                0xc0604d51                read_from_keyboard_buf
                0xc0604db7                keyboard_read
                0xc0604f36                init_keyboard_handler
                0xc0604f4a                in_process
 .text          0xc06050dc      0x1b2 thread.o
                0xc06050dc                kernel_thread
                0xc06050f4                thread_init
                0xc06051a1                thread_create
                0xc06051d6                thread_start
 .text          0xc060528e      0x730 my_process.o
                0xc060528e                create_user_process_address_space
                0xc060531e                user_process
                0xc060544b                clone_pcb
                0xc06055bd                build_body_stack
                0xc06056f0                build_process_kernel_stack
                0xc06057b3                fork_process
                0xc0605844                process_execute
 .text          0xc06059be      0x66c network/socket.o
                0xc0605a6e                test
                0xc0605aca                socket_debug
                0xc0605b2b                free_socket
                0xc0605be7                _socket
                0xc0605ca6                _bind
                0xc0605cf9                _connect
                0xc0605d4b                _write
                0xc0605da2                _read
                0xc0605df9                _recvfrom
                0xc0605e3a                _sendto
                0xc0605e91                _close
                0xc0605f10                _listen
                0xc0605f76                _accept
 .text          0xc060602a      0x2da network/ip_input.o
                0xc06061b4                ip_rcv
 .text          0xc0606304      0x8c4 network/udp_sock.o
                0xc0606539                udp_lookup_sock
                0xc0606580                udp_init
                0xc06065b1                udp_close
                0xc06065d7                udp_sock_init
                0xc06065e1                udp_recvfrom
                0xc060667a                udp_connect
                0xc0606753                udp_write
                0xc060677f                udp_alloc_skb
                0xc06067c9                udp_sendto
                0xc06068bd                udp_send
                0xc06069fb                udp_alloc_sock
                0xc0606a3c                udp_free_sock
                0xc0606a60                udp_read
 .text          0xc0606bc8       0xd8 network/dst.o
                0xc0606bd6                dst_neigh_output
 .text          0xc0606ca0      0x555 network/netdev.o
                0xc0606e25                netdev_init
                0xc0606e6c                netdev_transmit
                0xc0606fb2                interrupt_wait2
                0xc0607002                netdev_rx_loop
                0xc0607026                netdev_get
                0xc0607043                free_netdev
                0xc060706e                local_ipaddress
                0xc06070ab                receive_msg_from_nic
                0xc06071d0                net_handler
 .text          0xc06071f5      0x1d3 network/ip_output.o
                0xc0607203                ip_output
 .text          0xc06073c8      0x448 network/tcp.o
                0xc06075bd                tcp_in
                0xc0607671                tcp_checksum
                0xc060769d                __tcp_set_state
                0xc06076ac                tcp_generate_port
                0xc06076f5                tcp_generate_isn
                0xc06076ff                tcp_done
                0xc0607728                tcp_clear_timers
                0xc0607737                tcp_stop_retransmission_timer
                0xc0607750                tcp_release_retransmission_timer
                0xc0607769                tcp_stop_delack_timer
                0xc060777c                tcp_release_delack_timer
                0xc060778f                tcp_handle_fin_state
                0xc06077f4                tcp_enter_time_wait
 .text          0xc0607810      0x203 network/sock.o
                0xc0607942                sk_alloc
                0xc0607969                sk_init
                0xc06079bd                sk_init_with_socket
                0xc06079e6                sk_free
 .text          0xc0607a13      0xbbe network/tcp_output.o
                0xc0607ed9                tcp_send_synack
                0xc0607f7c                tcp_send_delack
                0xc0607fb7                tcp_send_ack
                0xc0608103                tcp_send_fin
                0xc0608178                tcp_select_initial_window
                0xc060832a                tcp_reset_retransmission_timer
                0xc0608347                tcp_begin_connect
                0xc06083f1                tcp_send
                0xc06084d6                tcp_send_reset
                0xc0608556                tcp_queue_fin
 .text          0xc06085d1      0x6dc network/arp.o
                0xc060879e                arp_init
                0xc06087a4                arp_rcv
                0xc0608956                arp_request
                0xc0608ac0                arp_reply
                0xc0608c10                arp_get_hwaddr
                0xc0608c5c                free_arp
 .text          0xc0608cad      0xa1e network/tcp_sock.o
                0xc0608f63                tcp_established_or_syn_recvd_socks_enqueue
                0xc0608f7a                tcp_established_or_syn_recvd_socks_remove
                0xc0608f8c                tcp_connecting_or_listening_socks_enqueue
                0xc0608fa3                tcp_connecting_or_listening_socks_remove
                0xc0608fb5                tcp_alloc_sock
                0xc06090cb                tcp_free_sock
                0xc0609144                tcp_init
                0xc060914e                tcp_sock_init
                0xc06091f1                tcp_write
                0xc0609232                tcp_read
                0xc06092e5                tcp_close
                0xc06093a3                tcp_recv_notify
                0xc06093ce                tcp_v4_connect
                0xc060961e                tcp_lookup_sock
 .text          0xc06096cb      0xcf0 network/ipc.o
                0xc060a257                ipc_close
                0xc060a2a8                demux_ipc_socket_call
 .text          0xc060a3bb      0x234 network/icmpv4.o
                0xc060a3c9                icmpv4_incoming
                0xc060a43d                icmpv4_reply
                0xc060a516                icmpv4_timestamp
 .text          0xc060a5ef      0x12e network/skbuff.o
                0xc060a608                alloc_skb
                0xc060a699                free_skb
                0xc060a69f                skb_reserve
                0xc060a6bb                skb_push
                0xc060a6ea                skb_head
                0xc060a6f5                skb_reset_header
 .text          0xc060a71d      0x429 network/inet.o
                0xc060a71d                inet_create
                0xc060a7cd                inet_socket
                0xc060a7d7                inet_connect
                0xc060a82b                inet_write
                0xc060a857                inet_read
                0xc060a883                inet_close
                0xc060a8d2                inet_free
                0xc060a908                inet_bind
                0xc060aa11                inet_listen
                0xc060aa5a                inet_accept
                0xc060ab05                inet_sendto
                0xc060ab30                inet_recvfrom
 .text          0xc060ab46      0xb77 network/tcp_input.o
                0xc060b235                tcp_process
                0xc060b5fb                tcp_receive
 .text          0xc060b6bd       0x89 network/task_network.o
                0xc060b6bd                task_network
                0xc060b6d5                task_netdev_rx
 .text          0xc060b746      0x295 network/route.o
                0xc060b873                route_add
                0xc060b8b8                route_init
                0xc060b93f                route_lookup
                0xc060b98a                free_routes
 .text          0xc060b9db      0x3e0 network/udp.o
                0xc060bae6                udp_generate_port
                0xc060bb2f                udp_checksum
                0xc060bbfd                udp_in
                0xc060bc8e                udp_data_dequeue
                0xc060bd96                udp_data_enqueue
 .text          0xc060bdbb      0x54a network/tcp_data.o
                0xc060c0a6                tcp_data_dequeue
                0xc060c1d3                tcp_data_queue
 .text          0xc060c305      0x1e7 network/utils.o
                0xc060c305                run_cmd
                0xc060c312                print_err
                0xc060c329                parse_ipv4_string
                0xc060c388                ip_pton
                0xc060c3d0                sum_every_16bits
                0xc060c427                checksum
                0xc060c468                tcp_udp_checksum
 .text          0xc060c4ec      0xe60 hd/hd.o
                0xc060c4ec                TaskHD
                0xc060c531                init_hd
                0xc060c54b                hd_handle
                0xc060c650                hd_cmd_out
                0xc060c752                hd_identify
                0xc060c809                print_hdinfo
                0xc060c997                print_dpt_entry
                0xc060ca03                get_partition_table
                0xc060cae2                partition
                0xc060ccfc                hd_open
                0xc060cda3                get_hd_ioctl
                0xc060ce54                wait_for
                0xc060ce85                interrupt_wait
                0xc060ced5                hd_rdwt
                0xc060d174                hd_handler
                0xc060d1a5                debug_ticks
                0xc060d1e3                waitfor
                0xc060d227                print_hd_info
                0xc060d314                is_empty
 .text          0xc060d34c     0x2069 fs/fs_main.o
                0xc060d34c                task_fs
                0xc060d557                rd_wt
                0xc060d630                mkfs
                0xc060dc12                init_fs
                0xc060dc66                do_open
                0xc060de6f                search_file
                0xc060dfa1                strip_path
                0xc060e06d                get_inode
                0xc060e22f                create_file
                0xc060e33a                alloc_imap_bit
                0xc060e437                alloc_smap_bit
                0xc060e5d8                new_inode
                0xc060e6f6                new_dir_entry
                0xc060e902                do_unlink
                0xc060edde                do_rdwt
                0xc060f169                sync_inode
                0xc060f2bd                put_inode
                0xc060f2fb                do_close
                0xc060f34d                get_super_block
 .text          0xc060f3b5      0x24f mm/forkexit.o
                0xc060f3b5                do_fork
                0xc060f423                do_exit
                0xc060f4ad                do_wait
                0xc060f5aa                cleanup
 .text          0xc060f604      0x419 mm/exec.o
                0xc060f604                do_exec
 .text          0xc060fa1d      0x148 mm/main.o
                0xc060fa1d                TaskMM
                0xc060fb46                alloc_mem
 .text          0xc060fb65     0x111f mem/mem.o
                0xc060fb65                init_bitmap
                0xc060fb88                test_bit_val
                0xc060fbf1                set_bit_val
                0xc060fc6c                set_bits
                0xc060fca6                get_first_free_bit
                0xc060fcea                get_bits
                0xc060fdb2                get_a_page
                0xc060fe66                get_virtual_address_start_with_addr
                0xc060ff00                get_virtual_address
                0xc060ff90                ptr_pde
                0xc060ffa3                ptr_pte
                0xc060ffca                add_map_entry
                0xc061005b                alloc_virtual_memory
                0xc061012e                get_physical_address_proc
                0xc06101aa                get_physical_address
                0xc06101dc                alloc_physical_memory_of_proc
                0xc06102cb                alloc_physical_memory
                0xc0610393                alloc_memory
                0xc06103f5                get_a_virtual_page
                0xc061042d                block2arena
                0xc0610443                sys_malloc2
                0xc0610770                remove_map_entry
                0xc0610791                free_a_page
                0xc0610838                sys_free2
                0xc061083e                init_memory_block_desc
                0xc061090f                init_memory2
                0xc0610b44                init_memory
 .text          0xc0610c84       0x49 lib/floor.o
                0xc0610c84                floor
 .text          0xc0610ccd      0x285 lib/exec.o
                0xc0610ccd                exec
                0xc0610d3e                execv
                0xc0610f2d                execl
 .text          0xc0610f52       0x2f lib/exit.o
                0xc0610f52                exit
 .text          0xc0610f81       0x42 lib/unlink.o
                0xc0610f81                unlink
 .text          0xc0610fc3       0x44 lib/wait.o
                0xc0610fc3                wait
 .text          0xc0611007       0x46 lib/calloc.o
                0xc0611007                calloc
 .text          0xc061104d       0x4f lib/alloca.o
                0xc061104d                alloca
 .text          0xc061109c       0x48 lib/fork.o
                0xc061109c                fork
 .text          0xc06110e4       0x2b lib/getpid.o
                0xc06110e4                getpid
 .text          0xc061110f       0x9c lib/stdlib/atoi.o
                0xc061110f                atoi
 .text          0xc06111ab       0x85 lib/string/strtok.o
                0xc06111ab                strtok
 .text          0xc0611230       0xa8 lib/string/strcmp.o
                0xc0611230                strcmp
 .text          0xc06112d8       0xd4 lib/string/strncmp.o
                0xc06112d8                strncmp
 .text          0xc06113ac       0x90 lib/string/strpbrk.o
                0xc06113ac                strpbrk
 .text          0xc061143c      0x181 lib/stdio/read.o
                0xc061143c                read
 .text          0xc06115bd       0x17 lib/stdio/perror.o
                0xc06115bd                perror
 .text          0xc06115d4      0x2c1 lib/stdio/sscanf.o
                0xc06115d4                sscanf
 .text          0xc0611895       0x95 lib/stdio/open.o
                0xc0611895                open
 .text          0xc061192a       0x85 lib/stdio/write.o
                0xc061192a                write
 .text          0xc06119af       0x52 lib/stdio/close.o
                0xc06119af                close
 .text          0xc0611a01       0x38 lib/arpa/ntohs.o
                0xc0611a01                ntohs
 .text          0xc0611a39       0x7c lib/arpa/htonl.o
                0xc0611a39                htonl
 .text          0xc0611ab5       0x38 lib/arpa/htons.o
                0xc0611ab5                htons
 .text          0xc0611aed      0x295 lib/arpa/inet_pton.o
                0xc0611aed                isValidIPv4
                0xc0611c77                inet_pton
 .text          0xc0611d82       0x7c lib/arpa/ntohl.o
                0xc0611d82                ntohl
 .text          0xc0611dfe       0xe3 lib/arpa/inet_ntop.o
                0xc0611dfe                inet_ntop
 *(.gnu.warning)

.fini
 *(SORT_NONE(.fini))
                [!provide]                        PROVIDE (__etext = .)
                [!provide]                        PROVIDE (_etext = .)
                [!provide]                        PROVIDE (etext = .)
                0xc0612000                        . = ALIGN (CONSTANT (MAXPAGESIZE))
                0xc0612000                        . = SEGMENT_START ("rodata-segment", (ALIGN (CONSTANT (MAXPAGESIZE)) + (. & (CONSTANT (MAXPAGESIZE) - 0x1))))

.rodata         0xc0612000     0x1bec
 *(.rodata .rodata.* .gnu.linkonce.r.*)
 .rodata        0xc0612000       0x3c double_link_list.o
 *fill*         0xc061203c        0x4 
 .rodata        0xc0612040      0xb61 kernel_main_old.o
 *fill*         0xc0612ba1        0x3 
 .rodata        0xc0612ba4      0x120 kernel_main.o
 .rodata        0xc0612cc4       0x22 console.o
 *fill*         0xc0612ce6        0x2 
 .rodata        0xc0612ce8       0x48 process.o
 .rodata        0xc0612d30      0x23d network/socket.o
 *fill*         0xc0612f6d        0x3 
 .rodata        0xc0612f70       0xb5 network/ip_input.o
 *fill*         0xc0613025        0x3 
 .rodata        0xc0613028       0x2d network/udp_sock.o
 .rodata        0xc0613055        0x9 network/dst.o
 *fill*         0xc061305e        0x2 
 .rodata        0xc0613060       0xf1 network/netdev.o
 .rodata        0xc0613151        0x9 network/ip_output.o
 *fill*         0xc061315a        0x2 
 .rodata        0xc061315c       0x31 network/tcp.o
 .rodata        0xc061318d        0x9 network/sock.o
 *fill*         0xc0613196        0x2 
 .rodata        0xc0613198       0xc3 network/tcp_output.o
 *fill*         0xc061325b        0x1 
 .rodata        0xc061325c       0x9c network/arp.o
 .rodata        0xc06132f8       0xe8 network/tcp_sock.o
 .rodata        0xc06133e0      0x160 network/ipc.o
 .rodata        0xc0613540       0x32 network/icmpv4.o
 .rodata        0xc0613572        0x9 network/skbuff.o
 *fill*         0xc061357b        0x1 
 .rodata        0xc061357c       0x48 network/inet.o
 .rodata        0xc06135c4       0x60 network/tcp_input.o
 .rodata        0xc0613624       0x91 network/task_network.o
 *fill*         0xc06136b5        0x3 
 .rodata        0xc06136b8       0x37 network/route.o
 .rodata        0xc06136ef        0x9 network/udp.o
 .rodata        0xc06136f8       0x1e network/tcp_data.o
 *fill*         0xc0613716        0x2 
 .rodata        0xc0613718       0x41 network/utils.o
 *fill*         0xc0613759        0x3 
 .rodata        0xc061375c      0x19c hd/hd.o
 .rodata        0xc06138f8      0x1fb fs/fs_main.o
                0xc06138f8                FSBUF_SIZE
 .rodata        0xc0613af3       0x21 mm/forkexit.o
 .rodata        0xc0613b14       0x10 mm/exec.o
 .rodata        0xc0613b24       0x11 mm/main.o
 .rodata        0xc0613b35       0x5a mem/mem.o
 .rodata        0xc0613b8f       0x2d lib/exec.o
 .rodata        0xc0613bbc       0x2a lib/stdio/close.o
 .rodata        0xc0613be6        0x3 lib/arpa/inet_pton.o
 .rodata        0xc0613be9        0x3 lib/arpa/inet_ntop.o

.txt            0xc0613bec       0xaa
 .txt           0xc0613bec       0x82 string.o
                0xc0613bec                Memcpy2
                0xc0613c1a                Memset
                0xc0613c39                Strcpy
                0xc0613c53                Strlen
 .txt           0xc0613c6e       0x28 hd/hd_rdwt.o
                0xc0613c6e                read_port
                0xc0613c82                write_port

.rodata1
 *(.rodata1)

.eh_frame_hdr
 *(.eh_frame_hdr)
 *(.eh_frame_entry .eh_frame_entry.*)

.eh_frame       0xc0613c98     0x415c
 *(.eh_frame)
 .eh_frame      0xc0613c98       0xd8 double_link_list.o
 .eh_frame      0xc0613d70      0x6cc kernel_main_old.o
                                0x6e4 (size before relaxing)
 .eh_frame      0xc061443c       0xe4 kernel_main.o
                                 0xfc (size before relaxing)
 .eh_frame      0xc0614520      0x100 protect.o
                                0x118 (size before relaxing)
 .eh_frame      0xc0614620      0x1e0 console.o
                                0x1f8 (size before relaxing)
 .eh_frame      0xc0614800       0x80 process.o
                                 0x98 (size before relaxing)
 .eh_frame      0xc0614880       0xa0 keyboard.o
                                 0xb8 (size before relaxing)
 .eh_frame      0xc0614920       0x80 thread.o
                                 0x98 (size before relaxing)
 .eh_frame      0xc06149a0       0xe0 my_process.o
                                 0xf8 (size before relaxing)
 .eh_frame      0xc0614a80      0x2a0 network/socket.o
                                0x2b8 (size before relaxing)
 .eh_frame      0xc0614d20      0x104 network/ip_input.o
                                0x11c (size before relaxing)
 .eh_frame      0xc0614e24      0x404 network/udp_sock.o
                                0x41c (size before relaxing)
 .eh_frame      0xc0615228       0x40 network/dst.o
                                 0x58 (size before relaxing)
 .eh_frame      0xc0615268      0x1e8 network/netdev.o
                                0x200 (size before relaxing)
 .eh_frame      0xc0615450       0x40 network/ip_output.o
                                 0x58 (size before relaxing)
 .eh_frame      0xc0615490      0x268 network/tcp.o
                                0x280 (size before relaxing)
 .eh_frame      0xc06156f8      0x1a0 network/sock.o
                                0x1b8 (size before relaxing)
 .eh_frame      0xc0615898      0x3c4 network/tcp_output.o
                                0x3dc (size before relaxing)
 .eh_frame      0xc0615c5c      0x1c0 network/arp.o
                                0x1d8 (size before relaxing)
 .eh_frame      0xc0615e1c      0x4c0 network/tcp_sock.o
                                0x4d8 (size before relaxing)
 .eh_frame      0xc06162dc      0x250 network/ipc.o
                                0x268 (size before relaxing)
 .eh_frame      0xc061652c       0x80 network/icmpv4.o
                                 0x98 (size before relaxing)
 .eh_frame      0xc06165ac       0xe0 network/skbuff.o
                                 0xf8 (size before relaxing)
 .eh_frame      0xc061668c      0x180 network/inet.o
                                0x198 (size before relaxing)
 .eh_frame      0xc061680c      0x300 network/tcp_input.o
                                0x318 (size before relaxing)
 .eh_frame      0xc0616b0c       0x3c network/task_network.o
                                 0x54 (size before relaxing)
 .eh_frame      0xc0616b48      0x124 network/route.o
                                0x13c (size before relaxing)
 .eh_frame      0xc0616c6c      0x1e4 network/udp.o
                                0x1fc (size before relaxing)
 .eh_frame      0xc0616e50      0x200 network/tcp_data.o
                                0x218 (size before relaxing)
 .eh_frame      0xc0617050       0xe4 network/utils.o
                                 0xfc (size before relaxing)
 .eh_frame      0xc0617134      0x264 hd/hd.o
                                0x27c (size before relaxing)
 .eh_frame      0xc0617398      0x27c fs/fs_main.o
                                0x294 (size before relaxing)
 .eh_frame      0xc0617614       0x80 mm/forkexit.o
                                 0x98 (size before relaxing)
 .eh_frame      0xc0617694       0x20 mm/exec.o
                                 0x38 (size before relaxing)
 .eh_frame      0xc06176b4       0x3c mm/main.o
                                 0x54 (size before relaxing)
 .eh_frame      0xc06176f0      0x364 mem/mem.o
                                0x37c (size before relaxing)
 .eh_frame      0xc0617a54       0x20 lib/floor.o
                                 0x38 (size before relaxing)
 .eh_frame      0xc0617a74       0x60 lib/exec.o
                                 0x78 (size before relaxing)
 .eh_frame      0xc0617ad4       0x20 lib/exit.o
                                 0x38 (size before relaxing)
 .eh_frame      0xc0617af4       0x20 lib/unlink.o
                                 0x38 (size before relaxing)
 .eh_frame      0xc0617b14       0x20 lib/wait.o
                                 0x38 (size before relaxing)
 .eh_frame      0xc0617b34       0x20 lib/calloc.o
                                 0x38 (size before relaxing)
 .eh_frame      0xc0617b54       0x20 lib/alloca.o
                                 0x38 (size before relaxing)
 .eh_frame      0xc0617b74       0x20 lib/fork.o
                                 0x38 (size before relaxing)
 .eh_frame      0xc0617b94       0x20 lib/getpid.o
                                 0x38 (size before relaxing)
 .eh_frame      0xc0617bb4       0x20 lib/stdlib/atoi.o
                                 0x38 (size before relaxing)
 .eh_frame      0xc0617bd4       0x20 lib/string/strtok.o
                                 0x38 (size before relaxing)
 .eh_frame      0xc0617bf4       0x20 lib/string/strcmp.o
                                 0x38 (size before relaxing)
 .eh_frame      0xc0617c14       0x20 lib/string/strncmp.o
                                 0x38 (size before relaxing)
 .eh_frame      0xc0617c34       0x20 lib/string/strpbrk.o
                                 0x38 (size before relaxing)
 .eh_frame      0xc0617c54       0x20 lib/stdio/read.o
                                 0x38 (size before relaxing)
 .eh_frame      0xc0617c74       0x20 lib/stdio/perror.o
                                 0x38 (size before relaxing)
 .eh_frame      0xc0617c94       0x20 lib/stdio/sscanf.o
                                 0x38 (size before relaxing)
 .eh_frame      0xc0617cb4       0x20 lib/stdio/open.o
                                 0x38 (size before relaxing)
 .eh_frame      0xc0617cd4       0x20 lib/stdio/write.o
                                 0x38 (size before relaxing)
 .eh_frame      0xc0617cf4       0x20 lib/stdio/close.o
                                 0x38 (size before relaxing)
 .eh_frame      0xc0617d14       0x20 lib/arpa/ntohs.o
                                 0x38 (size before relaxing)
 .eh_frame      0xc0617d34       0x20 lib/arpa/htonl.o
                                 0x38 (size before relaxing)
 .eh_frame      0xc0617d54       0x20 lib/arpa/htons.o
                                 0x38 (size before relaxing)
 .eh_frame      0xc0617d74       0x40 lib/arpa/inet_pton.o
                                 0x58 (size before relaxing)
 .eh_frame      0xc0617db4       0x20 lib/arpa/ntohl.o
                                 0x38 (size before relaxing)
 .eh_frame      0xc0617dd4       0x20 lib/arpa/inet_ntop.o
                                 0x38 (size before relaxing)
 *(.eh_frame.*)

.sframe
 *(.sframe)
 *(.sframe.*)

.gcc_except_table
 *(.gcc_except_table .gcc_except_table.*)

.gnu_extab
 *(.gnu_extab*)

.exception_ranges
 *(.exception_ranges*)
                0xc0618000                        . = DATA_SEGMENT_ALIGN (CONSTANT (MAXPAGESIZE), CONSTANT (COMMONPAGESIZE))

.eh_frame
 *(.eh_frame)
 *(.eh_frame.*)

.sframe
 *(.sframe)
 *(.sframe.*)

.gnu_extab
 *(.gnu_extab)

.gcc_except_table
 *(.gcc_except_table .gcc_except_table.*)

.exception_ranges
 *(.exception_ranges*)

.tdata          0xc0618000        0x0
                [!provide]                        PROVIDE (__tdata_start = .)
 *(.tdata .tdata.* .gnu.linkonce.td.*)

.tbss
 *(.tbss .tbss.* .gnu.linkonce.tb.*)
 *(.tcommon)

.preinit_array  0xc0618000        0x0
                [!provide]                        PROVIDE (__preinit_array_start = .)
 *(.preinit_array)
                [!provide]                        PROVIDE (__preinit_array_end = .)

.init_array     0xc0618000        0x0
                [!provide]                        PROVIDE (__init_array_start = .)
 *(SORT_BY_INIT_PRIORITY(.init_array.*) SORT_BY_INIT_PRIORITY(.ctors.*))
 *(.init_array EXCLUDE_FILE(*crtend?.o *crtend.o *crtbegin?.o *crtbegin.o) .ctors)
                [!provide]                        PROVIDE (__init_array_end = .)

.fini_array     0xc0618000        0x0
                [!provide]                        PROVIDE (__fini_array_start = .)
 *(SORT_BY_INIT_PRIORITY(.fini_array.*) SORT_BY_INIT_PRIORITY(.dtors.*))
 *(.fini_array EXCLUDE_FILE(*crtend?.o *crtend.o *crtbegin?.o *crtbegin.o) .dtors)
                [!provide]                        PROVIDE (__fini_array_end = .)

.ctors
 *crtbegin.o(.ctors)
 *crtbegin?.o(.ctors)
 *(EXCLUDE_FILE(*crtend?.o *crtend.o) .ctors)
 *(SORT_BY_NAME(.ctors.*))
 *(.ctors)

.dtors
 *crtbegin.o(.dtors)
 *crtbegin?.o(.dtors)
 *(EXCLUDE_FILE(*crtend?.o *crtend.o) .dtors)
 *(SORT_BY_NAME(.dtors.*))
 *(.dtors)

.jcr
 *(.jcr)

.data.rel.ro
 *(.data.rel.ro.local* .gnu.linkonce.d.rel.ro.local.*)
 *(.data.rel.ro .data.rel.ro.* .gnu.linkonce.d.rel.ro.*)

.dynamic
 *(.dynamic)

.got            0xc0618000        0x0
 *(.got)
 .got           0xc0618000        0x0 kernel/kernel_sub.o
 *(.igot)
                0xc0618000                        . = DATA_SEGMENT_RELRO_END (., (SIZEOF (.got.plt) >= 0xc)?0xc:0x0)

.got.plt        0xc0618000        0x0
 *(.got.plt)
 .got.plt       0xc0618000        0x0 kernel/kernel_sub.o
 *(.igot.plt)
 .igot.plt      0xc0618000        0x0 kernel/kernel_sub.o

.data           0xc0618000      0xb80
 *(.data .data.* .gnu.linkonce.d.*)
 .data          0xc0618000        0xf kernel/kernel_sub.o
 *fill*         0xc061800f        0x1 
 .data          0xc0618010        0xf kernel/kernel.o
 *fill*         0xc061801f        0x1 
 .data          0xc0618020        0x0 syscall.o
 .data          0xc0618020        0x0 double_link_list.o
 .data          0xc0618020        0x0 kernel_main_old.o
 .data          0xc0618020        0x0 kernel_main.o
 .data          0xc0618020        0x0 protect.o
 .data          0xc0618020        0x0 console.o
 .data          0xc0618020        0x0 process.o
 .data          0xc0618020      0x160 global.o
                0xc0618020                user_task_table
                0xc06180a0                sys_task_table
                0xc0618164                sys_call_table
 .data          0xc0618180      0x600 keyboard.o
                0xc0618180                keymap
 .data          0xc0618780        0x0 thread.o
 .data          0xc0618780        0x0 my_process.o
 .data          0xc0618780      0x224 network/socket.o
 .data          0xc06189a4        0x4 network/ip_input.o
 *fill*         0xc06189a8       0x18 
 .data          0xc06189c0       0x54 network/udp_sock.o
                0xc06189e0                udp_ops
 .data          0xc0618a14        0x4 network/dst.o
 .data          0xc0618a18        0x4 network/netdev.o
 .data          0xc0618a1c        0x4 network/ip_output.o
 .data          0xc0618a20        0x8 network/tcp.o
 .data          0xc0618a28        0x4 network/sock.o
 .data          0xc0618a2c        0x4 network/tcp_output.o
 .data          0xc0618a30       0x14 network/arp.o
 *fill*         0xc0618a44       0x1c 
 .data          0xc0618a60       0x54 network/tcp_sock.o
                0xc0618a80                tcp_ops
 .data          0xc0618ab4        0xc network/ipc.o
 .data          0xc0618ac0        0x4 network/icmpv4.o
 .data          0xc0618ac4        0x4 network/skbuff.o
 *fill*         0xc0618ac8       0x18 
 .data          0xc0618ae0       0x80 network/inet.o
                0xc0618ae8                inet
 .data          0xc0618b60        0x4 network/tcp_input.o
 .data          0xc0618b64        0x0 network/task_network.o
 .data          0xc0618b64        0xc network/route.o
 .data          0xc0618b70        0x8 network/udp.o
 .data          0xc0618b78        0x4 network/tcp_data.o
 .data          0xc0618b7c        0x4 network/utils.o
 .data          0xc0618b80        0x0 hd/hd.o
 .data          0xc0618b80        0x0 fs/fs_main.o
 .data          0xc0618b80        0x0 mm/forkexit.o
 .data          0xc0618b80        0x0 mm/exec.o
 .data          0xc0618b80        0x0 mm/main.o
 .data          0xc0618b80        0x0 mem/mem.o
 .data          0xc0618b80        0x0 lib/floor.o
 .data          0xc0618b80        0x0 lib/exec.o
 .data          0xc0618b80        0x0 lib/exit.o
 .data          0xc0618b80        0x0 lib/unlink.o
 .data          0xc0618b80        0x0 lib/wait.o
 .data          0xc0618b80        0x0 lib/calloc.o
 .data          0xc0618b80        0x0 lib/alloca.o
 .data          0xc0618b80        0x0 lib/fork.o
 .data          0xc0618b80        0x0 lib/getpid.o
 .data          0xc0618b80        0x0 lib/stdlib/atoi.o
 .data          0xc0618b80        0x0 lib/string/strtok.o
 .data          0xc0618b80        0x0 lib/string/strcmp.o
 .data          0xc0618b80        0x0 lib/string/strncmp.o
 .data          0xc0618b80        0x0 lib/string/strpbrk.o
 .data          0xc0618b80        0x0 lib/stdio/read.o
 .data          0xc0618b80        0x0 lib/stdio/perror.o
 .data          0xc0618b80        0x0 lib/stdio/sscanf.o
 .data          0xc0618b80        0x0 lib/stdio/open.o
 .data          0xc0618b80        0x0 lib/stdio/write.o
 .data          0xc0618b80        0x0 lib/stdio/close.o
 .data          0xc0618b80        0x0 lib/arpa/ntohs.o
 .data          0xc0618b80        0x0 lib/arpa/htonl.o
 .data          0xc0618b80        0x0 lib/arpa/htons.o
 .data          0xc0618b80        0x0 lib/arpa/inet_pton.o
 .data          0xc0618b80        0x0 lib/arpa/ntohl.o
 .data          0xc0618b80        0x0 lib/arpa/inet_ntop.o

.data1
 *(.data1)
                0xc0618b80                        _edata = .
                [!provide]                        PROVIDE (edata = .)
                0xc0618b80                        . = .
                0xc0618b80                        __bss_start = .

.bss            0xc0618b80    0x95628
 *(.dynbss)
 *(.bss .bss.* .gnu.linkonce.b.*)
 .bss           0xc0618b80      0x800 kernel/kernel_sub.o
 .bss           0xc0619380      0x800 kernel/kernel.o
 .bss           0xc0619b80        0x0 double_link_list.o
 .bss           0xc0619b80        0x0 kernel_main_old.o
 .bss           0xc0619b80        0x0 kernel_main.o
 .bss           0xc0619b80        0x0 protect.o
 .bss           0xc0619b80        0x0 console.o
 .bss           0xc0619b80        0x0 process.o
 .bss           0xc0619b80        0x0 global.o
 .bss           0xc0619b80        0x0 keyboard.o
 .bss           0xc0619b80        0x0 thread.o
 .bss           0xc0619b80        0x0 my_process.o
 .bss           0xc0619b80        0x4 network/socket.o
 .bss           0xc0619b84        0x0 network/ip_input.o
 .bss           0xc0619b84        0x4 network/udp_sock.o
 .bss           0xc0619b88        0x0 network/dst.o
 .bss           0xc0619b88        0x0 network/netdev.o
 .bss           0xc0619b88        0x0 network/ip_output.o
 .bss           0xc0619b88        0x0 network/tcp.o
 .bss           0xc0619b88        0x0 network/sock.o
 .bss           0xc0619b88        0x0 network/tcp_output.o
 .bss           0xc0619b88        0x0 network/arp.o
 .bss           0xc0619b88        0x0 network/tcp_sock.o
 .bss           0xc0619b88        0x4 network/ipc.o
 .bss           0xc0619b8c        0x0 network/icmpv4.o
 .bss           0xc0619b8c        0x0 network/skbuff.o
 .bss           0xc0619b8c        0x0 network/inet.o
 .bss           0xc0619b8c        0x0 network/tcp_input.o
 .bss           0xc0619b8c        0x0 network/task_network.o
 .bss           0xc0619b8c        0x0 network/route.o
 .bss           0xc0619b8c        0x0 network/udp.o
 .bss           0xc0619b8c        0x0 network/tcp_data.o
 .bss           0xc0619b8c        0x0 network/utils.o
 .bss           0xc0619b8c        0x0 hd/hd.o
 .bss           0xc0619b8c        0x4 fs/fs_main.o
                0xc0619b8c                c
 .bss           0xc0619b90        0x0 mm/forkexit.o
 .bss           0xc0619b90        0x0 mm/exec.o
 .bss           0xc0619b90        0x0 mm/main.o
 .bss           0xc0619b90        0x0 mem/mem.o
 .bss           0xc0619b90        0x0 lib/floor.o
 .bss           0xc0619b90        0x0 lib/exec.o
 .bss           0xc0619b90        0x0 lib/exit.o
 .bss           0xc0619b90        0x0 lib/unlink.o
 .bss           0xc0619b90        0x0 lib/wait.o
 .bss           0xc0619b90        0x0 lib/calloc.o
 .bss           0xc0619b90        0x0 lib/alloca.o
 .bss           0xc0619b90        0x0 lib/fork.o
 .bss           0xc0619b90        0x0 lib/getpid.o
 .bss           0xc0619b90        0x0 lib/stdlib/atoi.o
 .bss           0xc0619b90        0x4 lib/string/strtok.o
 .bss           0xc0619b94        0x0 lib/string/strcmp.o
 .bss           0xc0619b94        0x0 lib/string/strncmp.o
 .bss           0xc0619b94        0x0 lib/string/strpbrk.o
 .bss           0xc0619b94        0x0 lib/stdio/read.o
 .bss           0xc0619b94        0x0 lib/stdio/perror.o
 .bss           0xc0619b94        0x0 lib/stdio/sscanf.o
 .bss           0xc0619b94        0x0 lib/stdio/open.o
 .bss           0xc0619b94        0x0 lib/stdio/write.o
 .bss           0xc0619b94        0x0 lib/stdio/close.o
 .bss           0xc0619b94        0x0 lib/arpa/ntohs.o
 .bss           0xc0619b94        0x0 lib/arpa/htonl.o
 .bss           0xc0619b94        0x0 lib/arpa/htons.o
 .bss           0xc0619b94        0x0 lib/arpa/inet_pton.o
 .bss           0xc0619b94        0x0 lib/arpa/ntohl.o
 .bss           0xc0619b94        0x0 lib/arpa/inet_ntop.o
 *(COMMON)
 *fill*         0xc0619b94        0xc 
 COMMON         0xc0619ba0     0x17b8 double_link_list.o
                0xc0619ba0                current_tty
                0xc0619ba4                is_e0
                0xc0619ba8                idt_ptr
                0xc0619bb0                pid
                0xc0619bb4                KernelVirtualMemory
                0xc0619bc0                current_dis_pos
                0xc0619bc4                dis_pos
                0xc0619bc8                k_reenter
                0xc0619be0                gdt
                0xc0619fe0                proc_ready_table
                0xc0619fe4                test_ticks
                0xc0619fe8                pcaller
                0xc061a000                keyboard_buffer
                0xc061a20c                pcb_list
                0xc061a21c                gdt_index
                0xc061a220                tty_table
                0xc061aa60                tss
                0xc061aacc                KernelPool
                0xc061aadc                net_buf
                0xc061aae0                nic_current_page
                0xc061aae4                counter
                0xc061aae8                key_pressed
                0xc061aaec                fork_pid
                0xc061aaf0                is_shift
                0xc061aaf1                net_data
                0xc061aaf4                gdt_ptr
                0xc061ab00                idt
                0xc061b300                main_thread
                0xc061b308                ticks
                0xc061b310                is_init
                0xc061b314                UserPool
                0xc061b324                all_pcb_list
                0xc061b334                console_table
                0xc061b344                is_disp
                0xc061b348                MAIN_THREAD_PAGE_DIRECTORY
                0xc061b34c                helloStr
 *fill*         0xc061b358        0x8 
 COMMON         0xc061b360    0x91ad0 global.o
                0xc061b360                proc_stack
                0xc06ab360                proc_table
 COMMON         0xc06ace30        0x8 network/netdev.o
                0xc06ace30                loop
                0xc06ace34                netdev
 *fill*         0xc06ace38        0x8 
 COMMON         0xc06ace40      0x440 hd/hd.o
                0xc06ace40                hd_info
                0xc06ad080                hd_cache
 COMMON         0xc06ad280      0xe68 fs/fs_main.o
                0xc06ad280                file_desc_table
                0xc06ad680                phy_super_block_buf
                0xc06ad684                phy_fsbuf
                0xc06ad6a0                inode_table
                0xc06ae0a0                super_block_buf
                0xc06ae0a4                fsbuf
                0xc06ae0c0                root
 *fill*         0xc06ae0e8       0x18 
 COMMON         0xc06ae100       0xa8 mem/mem.o
                0xc06ae100                kernel_mem_block_decs_array
                0xc06ae1a8                        . = ALIGN ((. != 0x0)?0x4:0x1)
                0xc06ae1a8                        . = ALIGN (0x4)
                0xc06ae1a8                        . = SEGMENT_START ("ldata-segment", .)
                0xc06ae1a8                        . = ALIGN (0x4)
                0xc06ae1a8                        _end = .
                [!provide]                        PROVIDE (end = .)
                0xc06ae1a8                        . = DATA_SEGMENT_END (.)

.stab
 *(.stab)

.stabstr
 *(.stabstr)

.stab.excl
 *(.stab.excl)

.stab.exclstr
 *(.stab.exclstr)

.stab.index
 *(.stab.index)

.stab.indexstr
 *(.stab.indexstr)

.comment        0x00000000       0x2c
 *(.comment)
 .comment       0x00000000       0x2c double_link_list.o
                                 0x2d (size before relaxing)
 .comment       0x0000002c       0x2d kernel_main_old.o
 .comment       0x0000002c       0x2d kernel_main.o
 .comment       0x0000002c       0x2d protect.o
 .comment       0x0000002c       0x2d console.o
 .comment       0x0000002c       0x2d process.o
 .comment       0x0000002c       0x2d global.o
 .comment       0x0000002c       0x2d keyboard.o
 .comment       0x0000002c       0x2d thread.o
 .comment       0x0000002c       0x2d my_process.o
 .comment       0x0000002c       0x2d network/socket.o
 .comment       0x0000002c       0x2d network/ip_input.o
 .comment       0x0000002c       0x2d network/udp_sock.o
 .comment       0x0000002c       0x2d network/dst.o
 .comment       0x0000002c       0x2d network/netdev.o
 .comment       0x0000002c       0x2d network/ip_output.o
 .comment       0x0000002c       0x2d network/tcp.o
 .comment       0x0000002c       0x2d network/sock.o
 .comment       0x0000002c       0x2d network/tcp_output.o
 .comment       0x0000002c       0x2d network/arp.o
 .comment       0x0000002c       0x2d network/tcp_sock.o
 .comment       0x0000002c       0x2d network/ipc.o
 .comment       0x0000002c       0x2d network/icmpv4.o
 .comment       0x0000002c       0x2d network/skbuff.o
 .comment       0x0000002c       0x2d network/inet.o
 .comment       0x0000002c       0x2d network/tcp_input.o
 .comment       0x0000002c       0x2d network/task_network.o
 .comment       0x0000002c       0x2d network/route.o
 .comment       0x0000002c       0x2d network/udp.o
 .comment       0x0000002c       0x2d network/tcp_data.o
 .comment       0x0000002c       0x2d network/utils.o
 .comment       0x0000002c       0x2d hd/hd.o
 .comment       0x0000002c       0x2d fs/fs_main.o
 .comment       0x0000002c       0x2d mm/forkexit.o
 .comment       0x0000002c       0x2d mm/exec.o
 .comment       0x0000002c       0x2d mm/main.o
 .comment       0x0000002c       0x2d mem/mem.o
 .comment       0x0000002c       0x2d lib/floor.o
 .comment       0x0000002c       0x2d lib/exec.o
 .comment       0x0000002c       0x2d lib/exit.o
 .comment       0x0000002c       0x2d lib/unlink.o
 .comment       0x0000002c       0x2d lib/wait.o
 .comment       0x0000002c       0x2d lib/calloc.o
 .comment       0x0000002c       0x2d lib/alloca.o
 .comment       0x0000002c       0x2d lib/fork.o
 .comment       0x0000002c       0x2d lib/getpid.o
 .comment       0x0000002c       0x2d lib/stdlib/atoi.o
 .comment       0x0000002c       0x2d lib/string/strtok.o
 .comment       0x0000002c       0x2d lib/string/strcmp.o
 .comment       0x0000002c       0x2d lib/string/strncmp.o
 .comment       0x0000002c       0x2d lib/string/strpbrk.o
 .comment       0x0000002c       0x2d lib/stdio/read.o
 .comment       0x0000002c       0x2d lib/stdio/perror.o
 .comment       0x0000002c       0x2d lib/stdio/sscanf.o
 .comment       0x0000002c       0x2d lib/stdio/open.o
 .comment       0x0000002c       0x2d lib/stdio/write.o
 .comment       0x0000002c       0x2d lib/stdio/close.o
 .comment       0x0000002c       0x2d lib/arpa/ntohs.o
 .comment       0x0000002c       0x2d lib/arpa/htonl.o
 .comment       0x0000002c       0x2d lib/arpa/htons.o
 .comment       0x0000002c       0x2d lib/arpa/inet_pton.o
 .comment       0x0000002c       0x2d lib/arpa/ntohl.o
 .comment       0x0000002c       0x2d lib/arpa/inet_ntop.o

.gnu.build.attributes
 *(.gnu.build.attributes .gnu.build.attributes.*)

.debug
 *(.debug)

.line
 *(.line)

.debug_srcinfo
 *(.debug_srcinfo)

.debug_sfnames
 *(.debug_sfnames)

.debug_aranges  0x00000000      0x7d8
 *(.debug_aranges)
 .debug_aranges
                0x00000000       0x20 double_link_list.o
 .debug_aranges
                0x00000020       0x20 kernel_main_old.o
 .debug_aranges
                0x00000040       0x20 kernel_main.o
 .debug_aranges
                0x00000060       0x20 protect.o
 .debug_aranges
                0x00000080       0x20 console.o
 .debug_aranges
                0x000000a0       0x20 process.o
 .debug_aranges
                0x000000c0       0x18 global.o
 .debug_aranges
                0x000000d8       0x20 keyboard.o
 .debug_aranges
                0x000000f8       0x20 thread.o
 .debug_aranges
                0x00000118       0x20 my_process.o
 .debug_aranges
                0x00000138       0x20 network/socket.o
 .debug_aranges
                0x00000158       0x20 network/ip_input.o
 .debug_aranges
                0x00000178       0x20 network/udp_sock.o
 .debug_aranges
                0x00000198       0x20 network/dst.o
 .debug_aranges
                0x000001b8       0x20 network/netdev.o
 .debug_aranges
                0x000001d8       0x20 network/ip_output.o
 .debug_aranges
                0x000001f8       0x20 network/tcp.o
 .debug_aranges
                0x00000218       0x20 network/sock.o
 .debug_aranges
                0x00000238       0x20 network/tcp_output.o
 .debug_aranges
                0x00000258       0x20 network/arp.o
 .debug_aranges
                0x00000278       0x20 network/tcp_sock.o
 .debug_aranges
                0x00000298       0x20 network/ipc.o
 .debug_aranges
                0x000002b8       0x20 network/icmpv4.o
 .debug_aranges
                0x000002d8       0x20 network/skbuff.o
 .debug_aranges
                0x000002f8       0x20 network/inet.o
 .debug_aranges
                0x00000318       0x20 network/tcp_input.o
 .debug_aranges
                0x00000338       0x20 network/task_network.o
 .debug_aranges
                0x00000358       0x20 network/route.o
 .debug_aranges
                0x00000378       0x20 network/udp.o
 .debug_aranges
                0x00000398       0x20 network/tcp_data.o
 .debug_aranges
                0x000003b8       0x20 network/utils.o
 .debug_aranges
                0x000003d8       0x20 hd/hd.o
 .debug_aranges
                0x000003f8       0x20 fs/fs_main.o
 .debug_aranges
                0x00000418       0x20 mm/forkexit.o
 .debug_aranges
                0x00000438       0x20 mm/exec.o
 .debug_aranges
                0x00000458       0x20 mm/main.o
 .debug_aranges
                0x00000478       0x20 mem/mem.o
 .debug_aranges
                0x00000498       0x20 lib/floor.o
 .debug_aranges
                0x000004b8       0x20 lib/exec.o
 .debug_aranges
                0x000004d8       0x20 lib/exit.o
 .debug_aranges
                0x000004f8       0x20 lib/unlink.o
 .debug_aranges
                0x00000518       0x20 lib/wait.o
 .debug_aranges
                0x00000538       0x20 lib/calloc.o
 .debug_aranges
                0x00000558       0x20 lib/alloca.o
 .debug_aranges
                0x00000578       0x20 lib/fork.o
 .debug_aranges
                0x00000598       0x20 lib/getpid.o
 .debug_aranges
                0x000005b8       0x20 lib/stdlib/atoi.o
 .debug_aranges
                0x000005d8       0x20 lib/string/strtok.o
 .debug_aranges
                0x000005f8       0x20 lib/string/strcmp.o
 .debug_aranges
                0x00000618       0x20 lib/string/strncmp.o
 .debug_aranges
                0x00000638       0x20 lib/string/strpbrk.o
 .debug_aranges
                0x00000658       0x20 lib/stdio/read.o
 .debug_aranges
                0x00000678       0x20 lib/stdio/perror.o
 .debug_aranges
                0x00000698       0x20 lib/stdio/sscanf.o
 .debug_aranges
                0x000006b8       0x20 lib/stdio/open.o
 .debug_aranges
                0x000006d8       0x20 lib/stdio/write.o
 .debug_aranges
                0x000006f8       0x20 lib/stdio/close.o
 .debug_aranges
                0x00000718       0x20 lib/arpa/ntohs.o
 .debug_aranges
                0x00000738       0x20 lib/arpa/htonl.o
 .debug_aranges
                0x00000758       0x20 lib/arpa/htons.o
 .debug_aranges
                0x00000778       0x20 lib/arpa/inet_pton.o
 .debug_aranges
                0x00000798       0x20 lib/arpa/ntohl.o
 .debug_aranges
                0x000007b8       0x20 lib/arpa/inet_ntop.o

.debug_pubnames
 *(.debug_pubnames)

.debug_info     0x00000000    0x3cbbd
 *(.debug_info .gnu.linkonce.wi.*)
 .debug_info    0x00000000     0x1035 double_link_list.o
 .debug_info    0x00001035     0x2854 kernel_main_old.o
 .debug_info    0x00003889      0xfbf kernel_main.o
 .debug_info    0x00004848     0x11a8 protect.o
 .debug_info    0x000059f0     0x127d console.o
 .debug_info    0x00006c6d      0xf55 process.o
 .debug_info    0x00007bc2      0xe7d global.o
 .debug_info    0x00008a3f      0xfd1 keyboard.o
 .debug_info    0x00009a10     0x105c thread.o
 .debug_info    0x0000aa6c     0x1490 my_process.o
 .debug_info    0x0000befc     0x1b9a network/socket.o
 .debug_info    0x0000da96     0x1a9e network/ip_input.o
 .debug_info    0x0000f534     0x1ed0 network/udp_sock.o
 .debug_info    0x00011404     0x11dd network/dst.o
 .debug_info    0x000125e1     0x1611 network/netdev.o
 .debug_info    0x00013bf2     0x1738 network/ip_output.o
 .debug_info    0x0001532a     0x1e01 network/tcp.o
 .debug_info    0x0001712b     0x1853 network/sock.o
 .debug_info    0x0001897e     0x231c network/tcp_output.o
 .debug_info    0x0001ac9a      0x76e network/arp.o
 .debug_info    0x0001b408     0x21f2 network/tcp_sock.o
 .debug_info    0x0001d5fa     0x1c2b network/ipc.o
 .debug_info    0x0001f225     0x18fc network/icmpv4.o
 .debug_info    0x00020b21      0x39f network/skbuff.o
 .debug_info    0x00020ec0     0x19ff network/inet.o
 .debug_info    0x000228bf     0x2104 network/tcp_input.o
 .debug_info    0x000249c3      0x65c network/task_network.o
 .debug_info    0x0002501f     0x1275 network/route.o
 .debug_info    0x00026294     0x1b01 network/udp.o
 .debug_info    0x00027d95     0x1d6a network/tcp_data.o
 .debug_info    0x00029aff      0x367 network/utils.o
 .debug_info    0x00029e66     0x17ec hd/hd.o
 .debug_info    0x0002b652     0x1f2e fs/fs_main.o
 .debug_info    0x0002d580      0xf91 mm/forkexit.o
 .debug_info    0x0002e511     0x11cd mm/exec.o
 .debug_info    0x0002f6de      0xdbf mm/main.o
 .debug_info    0x0003049d     0x1d51 mem/mem.o
 .debug_info    0x000321ee       0x6b lib/floor.o
 .debug_info    0x00032259      0xf33 lib/exec.o
 .debug_info    0x0003318c      0xda6 lib/exit.o
 .debug_info    0x00033f32      0xe84 lib/unlink.o
 .debug_info    0x00034db6      0xdb4 lib/wait.o
 .debug_info    0x00035b6a      0xeac lib/calloc.o
 .debug_info    0x00036a16       0x98 lib/alloca.o
 .debug_info    0x00036aae      0xd9b lib/fork.o
 .debug_info    0x00037849      0xd9b lib/getpid.o
 .debug_info    0x000385e4       0xc9 lib/stdlib/atoi.o
 .debug_info    0x000386ad       0xae lib/string/strtok.o
 .debug_info    0x0003875b       0xc1 lib/string/strcmp.o
 .debug_info    0x0003881c      0x110 lib/string/strncmp.o
 .debug_info    0x0003892c       0xcf lib/string/strpbrk.o
 .debug_info    0x000389fb      0xea1 lib/stdio/read.o
 .debug_info    0x0003989c       0x5c lib/stdio/perror.o
 .debug_info    0x000398f8      0x20e lib/stdio/sscanf.o
 .debug_info    0x00039b06      0xe02 lib/stdio/open.o
 .debug_info    0x0003a908      0xe2f lib/stdio/write.o
 .debug_info    0x0003b737      0xdb6 lib/stdio/close.o
 .debug_info    0x0003c4ed       0xa8 lib/arpa/ntohs.o
 .debug_info    0x0003c595       0xcb lib/arpa/htonl.o
 .debug_info    0x0003c660       0xa8 lib/arpa/htons.o
 .debug_info    0x0003c708      0x260 lib/arpa/inet_pton.o
 .debug_info    0x0003c968       0xcb lib/arpa/ntohl.o
 .debug_info    0x0003ca33      0x18a lib/arpa/inet_ntop.o

.debug_abbrev   0x00000000     0x7865
 *(.debug_abbrev)
 .debug_abbrev  0x00000000      0x216 double_link_list.o
 .debug_abbrev  0x00000216      0x43a kernel_main_old.o
 .debug_abbrev  0x00000650      0x217 kernel_main.o
 .debug_abbrev  0x00000867      0x227 protect.o
 .debug_abbrev  0x00000a8e      0x2ac console.o
 .debug_abbrev  0x00000d3a      0x1e0 process.o
 .debug_abbrev  0x00000f1a      0x157 global.o
 .debug_abbrev  0x00001071      0x1fb keyboard.o
 .debug_abbrev  0x0000126c      0x222 thread.o
 .debug_abbrev  0x0000148e      0x260 my_process.o
 .debug_abbrev  0x000016ee      0x327 network/socket.o
 .debug_abbrev  0x00001a15      0x2d1 network/ip_input.o
 .debug_abbrev  0x00001ce6      0x3b1 network/udp_sock.o
 .debug_abbrev  0x00002097      0x204 network/dst.o
 .debug_abbrev  0x0000229b      0x2d5 network/netdev.o
 .debug_abbrev  0x00002570      0x213 network/ip_output.o
 .debug_abbrev  0x00002783      0x332 network/tcp.o
 .debug_abbrev  0x00002ab5      0x273 network/sock.o
 .debug_abbrev  0x00002d28      0x39b network/tcp_output.o
 .debug_abbrev  0x000030c3      0x210 network/arp.o
 .debug_abbrev  0x000032d3      0x3e6 network/tcp_sock.o
 .debug_abbrev  0x000036b9      0x2ee network/ipc.o
 .debug_abbrev  0x000039a7      0x236 network/icmpv4.o
 .debug_abbrev  0x00003bdd      0x15f network/skbuff.o
 .debug_abbrev  0x00003d3c      0x24b network/inet.o
 .debug_abbrev  0x00003f87      0x355 network/tcp_input.o
 .debug_abbrev  0x000042dc      0x17d network/task_network.o
 .debug_abbrev  0x00004459      0x24e network/route.o
 .debug_abbrev  0x000046a7      0x2d3 network/udp.o
 .debug_abbrev  0x0000497a      0x2a6 network/tcp_data.o
 .debug_abbrev  0x00004c20      0x17a network/utils.o
 .debug_abbrev  0x00004d9a      0x2e3 hd/hd.o
 .debug_abbrev  0x0000507d      0x2ef fs/fs_main.o
 .debug_abbrev  0x0000536c      0x204 mm/forkexit.o
 .debug_abbrev  0x00005570      0x1c4 mm/exec.o
 .debug_abbrev  0x00005734      0x208 mm/main.o
 .debug_abbrev  0x0000593c      0x330 mem/mem.o
 .debug_abbrev  0x00005c6c       0x6a lib/floor.o
 .debug_abbrev  0x00005cd6      0x1e8 lib/exec.o
 .debug_abbrev  0x00005ebe      0x19b lib/exit.o
 .debug_abbrev  0x00006059      0x193 lib/unlink.o
 .debug_abbrev  0x000061ec      0x19f lib/wait.o
 .debug_abbrev  0x0000638b      0x191 lib/calloc.o
 .debug_abbrev  0x0000651c       0x86 lib/alloca.o
 .debug_abbrev  0x000065a2      0x18a lib/fork.o
 .debug_abbrev  0x0000672c      0x18a lib/getpid.o
 .debug_abbrev  0x000068b6       0x94 lib/stdlib/atoi.o
 .debug_abbrev  0x0000694a       0x91 lib/string/strtok.o
 .debug_abbrev  0x000069db       0x94 lib/string/strcmp.o
 .debug_abbrev  0x00006a6f       0xbe lib/string/strncmp.o
 .debug_abbrev  0x00006b2d       0xa5 lib/string/strpbrk.o
 .debug_abbrev  0x00006bd2      0x1ef lib/stdio/read.o
 .debug_abbrev  0x00006dc1       0x5c lib/stdio/perror.o
 .debug_abbrev  0x00006e1d       0xdd lib/stdio/sscanf.o
 .debug_abbrev  0x00006efa      0x1c5 lib/stdio/open.o
 .debug_abbrev  0x000070bf      0x1db lib/stdio/write.o
 .debug_abbrev  0x0000729a      0x19d lib/stdio/close.o
 .debug_abbrev  0x00007437       0x6c lib/arpa/ntohs.o
 .debug_abbrev  0x000074a3       0xa5 lib/arpa/htonl.o
 .debug_abbrev  0x00007548       0x6c lib/arpa/htons.o
 .debug_abbrev  0x000075b4      0x116 lib/arpa/inet_pton.o
 .debug_abbrev  0x000076ca       0xa5 lib/arpa/ntohl.o
 .debug_abbrev  0x0000776f       0xf6 lib/arpa/inet_ntop.o

.debug_line     0x00000000     0x96cd
 *(.debug_line .debug_line.* .debug_line_end)
 .debug_line    0x00000000      0x217 double_link_list.o
 .debug_line    0x00000217      0xe2f kernel_main_old.o
 .debug_line    0x00001046      0x1cb kernel_main.o
 .debug_line    0x00001211      0x1ff protect.o
 .debug_line    0x00001410      0x54e console.o
 .debug_line    0x0000195e      0x1b0 process.o
 .debug_line    0x00001b0e       0x95 global.o
 .debug_line    0x00001ba3      0x296 keyboard.o
 .debug_line    0x00001e39      0x145 thread.o
 .debug_line    0x00001f7e      0x33b my_process.o
 .debug_line    0x000022b9      0x3a6 network/socket.o
 .debug_line    0x0000265f      0x272 network/ip_input.o
 .debug_line    0x000028d1      0x4b1 network/udp_sock.o
 .debug_line    0x00002d82      0x15e network/dst.o
 .debug_line    0x00002ee0      0x30a network/netdev.o
 .debug_line    0x000031ea      0x1fe network/ip_output.o
 .debug_line    0x000033e8      0x2f5 network/tcp.o
 .debug_line    0x000036dd      0x222 network/sock.o
 .debug_line    0x000038ff      0x58b network/tcp_output.o
 .debug_line    0x00003e8a      0x34c network/arp.o
 .debug_line    0x000041d6      0x57c network/tcp_sock.o
 .debug_line    0x00004752      0x5ab network/ipc.o
 .debug_line    0x00004cfd      0x225 network/icmpv4.o
 .debug_line    0x00004f22      0x121 network/skbuff.o
 .debug_line    0x00005043      0x30e network/inet.o
 .debug_line    0x00005351      0x659 network/tcp_input.o
 .debug_line    0x000059aa       0xcc network/task_network.o
 .debug_line    0x00005a76      0x209 network/route.o
 .debug_line    0x00005c7f      0x2ec network/udp.o
 .debug_line    0x00005f6b      0x3e9 network/tcp_data.o
 .debug_line    0x00006354      0x13c network/utils.o
 .debug_line    0x00006490      0x62c hd/hd.o
 .debug_line    0x00006abc      0xc23 fs/fs_main.o
 .debug_line    0x000076df      0x174 mm/forkexit.o
 .debug_line    0x00007853      0x20c mm/exec.o
 .debug_line    0x00007a5f       0xec mm/main.o
 .debug_line    0x00007b4b      0x77b mem/mem.o
 .debug_line    0x000082c6       0x5a lib/floor.o
 .debug_line    0x00008320      0x18b lib/exec.o
 .debug_line    0x000084ab       0xa0 lib/exit.o
 .debug_line    0x0000854b       0xc0 lib/unlink.o
 .debug_line    0x0000860b       0xb7 lib/wait.o
 .debug_line    0x000086c2       0xe3 lib/calloc.o
 .debug_line    0x000087a5       0x6b lib/alloca.o
 .debug_line    0x00008810       0xa5 lib/fork.o
 .debug_line    0x000088b5       0xa0 lib/getpid.o
 .debug_line    0x00008955       0xad lib/stdlib/atoi.o
 .debug_line    0x00008a02       0x6e lib/string/strtok.o
 .debug_line    0x00008a70       0x9c lib/string/strcmp.o
 .debug_line    0x00008b0c       0xcc lib/string/strncmp.o
 .debug_line    0x00008bd8       0xb0 lib/string/strpbrk.o
 .debug_line    0x00008c88      0x15b lib/stdio/read.o
 .debug_line    0x00008de3       0x48 lib/stdio/perror.o
 .debug_line    0x00008e2b      0x1d2 lib/stdio/sscanf.o
 .debug_line    0x00008ffd       0xc3 lib/stdio/open.o
 .debug_line    0x000090c0       0xc2 lib/stdio/write.o
 .debug_line    0x00009182       0xb3 lib/stdio/close.o
 .debug_line    0x00009235       0x6c lib/arpa/ntohs.o
 .debug_line    0x000092a1       0xc1 lib/arpa/htonl.o
 .debug_line    0x00009362       0x6c lib/arpa/htons.o
 .debug_line    0x000093ce      0x167 lib/arpa/inet_pton.o
 .debug_line    0x00009535       0xc1 lib/arpa/ntohl.o
 .debug_line    0x000095f6       0xd7 lib/arpa/inet_ntop.o

.debug_frame
 *(.debug_frame)

.debug_str      0x00000000     0x3624
 *(.debug_str)
 .debug_str     0x00000000     0x3624 double_link_list.o
                                0x6dd (size before relaxing)
 .debug_str     0x00003624      0xb86 kernel_main_old.o
 .debug_str     0x00003624      0x697 kernel_main.o
 .debug_str     0x00003624      0x766 protect.o
 .debug_str     0x00003624      0x75a console.o
 .debug_str     0x00003624      0x645 process.o
 .debug_str     0x00003624      0x60b global.o
 .debug_str     0x00003624      0x697 keyboard.o
 .debug_str     0x00003624      0x712 thread.o
 .debug_str     0x00003624      0x8f9 my_process.o
 .debug_str     0x00003624      0x923 network/socket.o
 .debug_str     0x00003624      0x996 network/ip_input.o
 .debug_str     0x00003624      0xa6c network/udp_sock.o
 .debug_str     0x00003624      0x71d network/dst.o
 .debug_str     0x00003624      0x85e network/netdev.o
 .debug_str     0x00003624      0x851 network/ip_output.o
 .debug_str     0x00003624      0xb28 network/tcp.o
 .debug_str     0x00003624      0x8b1 network/sock.o
 .debug_str     0x00003624      0xc18 network/tcp_output.o
 .debug_str     0x00003624      0x2f6 network/arp.o
 .debug_str     0x00003624      0xcbb network/tcp_sock.o
 .debug_str     0x00003624      0x8cd network/ipc.o
 .debug_str     0x00003624      0x915 network/icmpv4.o
 .debug_str     0x00003624      0x1d8 network/skbuff.o
 .debug_str     0x00003624      0x8e2 network/inet.o
 .debug_str     0x00003624      0xb88 network/tcp_input.o
 .debug_str     0x00003624      0x28f network/task_network.o
 .debug_str     0x00003624      0x73e network/route.o
 .debug_str     0x00003624      0x948 network/udp.o
 .debug_str     0x00003624      0xa44 network/tcp_data.o
 .debug_str     0x00003624      0x1b8 network/utils.o
 .debug_str     0x00003624      0x914 hd/hd.o
 .debug_str     0x00003624      0xaf5 fs/fs_main.o
 .debug_str     0x00003624      0x612 mm/forkexit.o
 .debug_str     0x00003624      0x868 mm/exec.o
 .debug_str     0x00003624      0x593 mm/main.o
 .debug_str     0x00003624      0xab9 mem/mem.o
 .debug_str     0x00003624       0xa2 lib/floor.o
 .debug_str     0x00003624      0x627 lib/exec.o
 .debug_str     0x00003624      0x5a0 lib/exit.o
 .debug_str     0x00003624      0x61f lib/unlink.o
 .debug_str     0x00003624      0x5a0 lib/wait.o
 .debug_str     0x00003624      0x62c lib/calloc.o
 .debug_str     0x00003624       0xb6 lib/alloca.o
 .debug_str     0x00003624      0x599 lib/fork.o
 .debug_str     0x00003624      0x59d lib/getpid.o
 .debug_str     0x00003624       0xad lib/stdlib/atoi.o
 .debug_str     0x00003624       0xb9 lib/string/strtok.o
 .debug_str     0x00003624       0xb1 lib/string/strcmp.o
 .debug_str     0x00003624       0xba lib/string/strncmp.o
 .debug_str     0x00003624       0xc1 lib/string/strpbrk.o
 .debug_str     0x00003624      0x617 lib/stdio/read.o
 .debug_str     0x00003624       0x99 lib/stdio/perror.o
 .debug_str     0x00003624      0x102 lib/stdio/sscanf.o
 .debug_str     0x00003624      0x5de lib/stdio/open.o
 .debug_str     0x00003624      0x5db lib/stdio/write.o
 .debug_str     0x00003624      0x5a6 lib/stdio/close.o
 .debug_str     0x00003624      0x101 lib/arpa/ntohs.o
 .debug_str     0x00003624       0xf4 lib/arpa/htonl.o
 .debug_str     0x00003624      0x102 lib/arpa/htons.o
 .debug_str     0x00003624      0x14c lib/arpa/inet_pton.o
 .debug_str     0x00003624       0xf3 lib/arpa/ntohl.o
 .debug_str     0x00003624      0x10f lib/arpa/inet_ntop.o

.debug_loc
 *(.debug_loc)

.debug_macinfo
 *(.debug_macinfo)

.debug_weaknames
 *(.debug_weaknames)

.debug_funcnames
 *(.debug_funcnames)

.debug_typenames
 *(.debug_typenames)

.debug_varnames
 *(.debug_varnames)

.debug_pubtypes
 *(.debug_pubtypes)

.debug_ranges   0x00000000       0x90
 *(.debug_ranges)
 .debug_ranges  0x00000000       0x30 kernel_main_old.o
 .debug_ranges  0x00000030       0x48 hd/hd.o
 .debug_ranges  0x00000078       0x18 mm/exec.o

.debug_addr
 *(.debug_addr)

.debug_line_str
 *(.debug_line_str)

.debug_loclists
 *(.debug_loclists)

.debug_macro
 *(.debug_macro)

.debug_names
 *(.debug_names)

.debug_rnglists
 *(.debug_rnglists)

.debug_str_offsets
 *(.debug_str_offsets)

.debug_sup
 *(.debug_sup)

.gnu.attributes
 *(.gnu.attributes)

/DISCARD/
 *(.note.GNU-stack)
 *(.gnu_debuglink)
 *(.gnu.lto_*)
OUTPUT(kernel.bin elf32-i386)
