
Merging program properties

Removed property 0xc0010001 to merge double_link_list.o (0x1) and kernel/kernel_sub.o (not found)
Removed property 0xc0010002 to merge double_link_list.o (0x0) and kernel/kernel_sub.o (not found)
Removed property 0xc0010001 to merge double_link_list.o (not found) and kernel_main.o (0x1)
Removed property 0xc0010002 to merge double_link_list.o (not found) and kernel_main.o (0x0)
Removed property 0xc0010001 to merge double_link_list.o (not found) and protect.o (0x1)
Removed property 0xc0010002 to merge double_link_list.o (not found) and protect.o (0x0)
Removed property 0xc0010001 to merge double_link_list.o (not found) and global.o (0x1)
Removed property 0xc0010002 to merge double_link_list.o (not found) and global.o (0x0)
Removed property 0xc0010001 to merge double_link_list.o (not found) and console.o (0x1)
Removed property 0xc0010002 to merge double_link_list.o (not found) and console.o (0x1)
Removed property 0xc0010001 to merge double_link_list.o (not found) and kernel_main_old.o (0x1)
Removed property 0xc0010002 to merge double_link_list.o (not found) and kernel_main_old.o (0x1)
Removed property 0xc0010001 to merge double_link_list.o (not found) and keyboard.o (0x1)
Removed property 0xc0010002 to merge double_link_list.o (not found) and keyboard.o (0x0)
Removed property 0xc0010001 to merge double_link_list.o (not found) and process.o (0x1)
Removed property 0xc0010002 to merge double_link_list.o (not found) and process.o (0x0)
Removed property 0xc0010001 to merge double_link_list.o (not found) and thread.o (0x1)
Removed property 0xc0010002 to merge double_link_list.o (not found) and thread.o (0x0)
Removed property 0xc0010001 to merge double_link_list.o (not found) and my_process.o (0x1)
Removed property 0xc0010002 to merge double_link_list.o (not found) and my_process.o (0x1)
Removed property 0xc0010001 to merge double_link_list.o (not found) and network/skbuff.o (0x1)
Removed property 0xc0010002 to merge double_link_list.o (not found) and network/skbuff.o (0x0)
Removed property 0xc0010001 to merge double_link_list.o (not found) and network/socket.o (0x1)
Removed property 0xc0010002 to merge double_link_list.o (not found) and network/socket.o (0x0)
Removed property 0xc0010001 to merge double_link_list.o (not found) and network/ip_input.o (0x1)
Removed property 0xc0010002 to merge double_link_list.o (not found) and network/ip_input.o (0x0)
Removed property 0xc0010001 to merge double_link_list.o (not found) and network/udp_sock.o (0x1)
Removed property 0xc0010002 to merge double_link_list.o (not found) and network/udp_sock.o (0x0)
Removed property 0xc0010001 to merge double_link_list.o (not found) and network/icmpv4.o (0x1)
Removed property 0xc0010002 to merge double_link_list.o (not found) and network/icmpv4.o (0x0)
Removed property 0xc0010001 to merge double_link_list.o (not found) and network/inet.o (0x1)
Removed property 0xc0010002 to merge double_link_list.o (not found) and network/inet.o (0x0)
Removed property 0xc0010001 to merge double_link_list.o (not found) and network/ip_output.o (0x1)
Removed property 0xc0010002 to merge double_link_list.o (not found) and network/ip_output.o (0x0)
Removed property 0xc0010001 to merge double_link_list.o (not found) and network/tcp.o (0x1)
Removed property 0xc0010002 to merge double_link_list.o (not found) and network/tcp.o (0x0)
Removed property 0xc0010001 to merge double_link_list.o (not found) and network/sock.o (0x1)
Removed property 0xc0010002 to merge double_link_list.o (not found) and network/sock.o (0x0)
Removed property 0xc0010001 to merge double_link_list.o (not found) and network/tcp_output.o (0x1)
Removed property 0xc0010002 to merge double_link_list.o (not found) and network/tcp_output.o (0x1)
Removed property 0xc0010001 to merge double_link_list.o (not found) and network/arp.o (0x1)
Removed property 0xc0010002 to merge double_link_list.o (not found) and network/arp.o (0x0)
Removed property 0xc0010001 to merge double_link_list.o (not found) and network/tcp_sock.o (0x1)
Removed property 0xc0010002 to merge double_link_list.o (not found) and network/tcp_sock.o (0x0)
Removed property 0xc0010001 to merge double_link_list.o (not found) and network/utils.o (0x1)
Removed property 0xc0010002 to merge double_link_list.o (not found) and network/utils.o (0x0)
Removed property 0xc0010001 to merge double_link_list.o (not found) and network/ipc.o (0x1)
Removed property 0xc0010002 to merge double_link_list.o (not found) and network/ipc.o (0x1)
Removed property 0xc0010001 to merge double_link_list.o (not found) and network/netdev.o (0x1)
Removed property 0xc0010002 to merge double_link_list.o (not found) and network/netdev.o (0x0)
Removed property 0xc0010001 to merge double_link_list.o (not found) and network/dst.o (0x1)
Removed property 0xc0010002 to merge double_link_list.o (not found) and network/dst.o (0x0)
Removed property 0xc0010001 to merge double_link_list.o (not found) and network/tcp_input.o (0x1)
Removed property 0xc0010002 to merge double_link_list.o (not found) and network/tcp_input.o (0x0)
Removed property 0xc0010001 to merge double_link_list.o (not found) and network/task_network.o (0x1)
Removed property 0xc0010002 to merge double_link_list.o (not found) and network/task_network.o (0x0)
Removed property 0xc0010001 to merge double_link_list.o (not found) and network/udp.o (0x1)
Removed property 0xc0010002 to merge double_link_list.o (not found) and network/udp.o (0x1)
Removed property 0xc0010001 to merge double_link_list.o (not found) and network/tcp_data.o (0x1)
Removed property 0xc0010002 to merge double_link_list.o (not found) and network/tcp_data.o (0x0)
Removed property 0xc0010001 to merge double_link_list.o (not found) and network/route.o (0x1)
Removed property 0xc0010002 to merge double_link_list.o (not found) and network/route.o (0x0)
Removed property 0xc0010001 to merge double_link_list.o (not found) and hd/hd.o (0x1)
Removed property 0xc0010002 to merge double_link_list.o (not found) and hd/hd.o (0x1)
Removed property 0xc0010001 to merge double_link_list.o (not found) and fs/fs_main.o (0x1)
Removed property 0xc0010002 to merge double_link_list.o (not found) and fs/fs_main.o (0x1)
Removed property 0xc0010001 to merge double_link_list.o (not found) and mm/forkexit.o (0x1)
Removed property 0xc0010002 to merge double_link_list.o (not found) and mm/forkexit.o (0x0)
Removed property 0xc0010001 to merge double_link_list.o (not found) and mm/exec.o (0x1)
Removed property 0xc0010002 to merge double_link_list.o (not found) and mm/exec.o (0x0)
Removed property 0xc0010001 to merge double_link_list.o (not found) and mm/main.o (0x1)
Removed property 0xc0010002 to merge double_link_list.o (not found) and mm/main.o (0x0)
Removed property 0xc0010001 to merge double_link_list.o (not found) and lib/floor.o (0xb)
Removed property 0xc0010002 to merge double_link_list.o (not found) and lib/floor.o (0x1)
Removed property 0xc0010001 to merge double_link_list.o (not found) and lib/exec.o (0x1)
Removed property 0xc0010002 to merge double_link_list.o (not found) and lib/exec.o (0x0)
Removed property 0xc0010001 to merge double_link_list.o (not found) and lib/exit.o (0x1)
Removed property 0xc0010002 to merge double_link_list.o (not found) and lib/exit.o (0x0)
Removed property 0xc0010001 to merge double_link_list.o (not found) and lib/unlink.o (0x1)
Removed property 0xc0010002 to merge double_link_list.o (not found) and lib/unlink.o (0x0)
Removed property 0xc0010001 to merge double_link_list.o (not found) and lib/wait.o (0x1)
Removed property 0xc0010002 to merge double_link_list.o (not found) and lib/wait.o (0x0)
Removed property 0xc0010001 to merge double_link_list.o (not found) and lib/alloca.o (0xb)
Removed property 0xc0010002 to merge double_link_list.o (not found) and lib/alloca.o (0x1)
Removed property 0xc0010001 to merge double_link_list.o (not found) and lib/calloc.o (0x1)
Removed property 0xc0010002 to merge double_link_list.o (not found) and lib/calloc.o (0x0)
Removed property 0xc0010001 to merge double_link_list.o (not found) and lib/fork.o (0x1)
Removed property 0xc0010002 to merge double_link_list.o (not found) and lib/fork.o (0x0)
Removed property 0xc0010001 to merge double_link_list.o (not found) and lib/getpid.o (0x1)
Removed property 0xc0010002 to merge double_link_list.o (not found) and lib/getpid.o (0x0)
Removed property 0xc0010001 to merge double_link_list.o (not found) and lib/string/strtok.o (0x1)
Removed property 0xc0010002 to merge double_link_list.o (not found) and lib/string/strtok.o (0x0)
Removed property 0xc0010001 to merge double_link_list.o (not found) and lib/string/strcmp.o (0x1)
Removed property 0xc0010002 to merge double_link_list.o (not found) and lib/string/strcmp.o (0x1)
Removed property 0xc0010001 to merge double_link_list.o (not found) and lib/string/strncmp.o (0x1)
Removed property 0xc0010002 to merge double_link_list.o (not found) and lib/string/strncmp.o (0x0)
Removed property 0xc0010001 to merge double_link_list.o (not found) and lib/string/strpbrk.o (0x1)
Removed property 0xc0010002 to merge double_link_list.o (not found) and lib/string/strpbrk.o (0x0)
Removed property 0xc0010001 to merge double_link_list.o (not found) and lib/stdio/read.o (0x1)
Removed property 0xc0010002 to merge double_link_list.o (not found) and lib/stdio/read.o (0x0)
Removed property 0xc0010001 to merge double_link_list.o (not found) and lib/stdio/perror.o (0x1)
Removed property 0xc0010002 to merge double_link_list.o (not found) and lib/stdio/perror.o (0x0)
Removed property 0xc0010001 to merge double_link_list.o (not found) and lib/stdio/sscanf.o (0x1)
Removed property 0xc0010002 to merge double_link_list.o (not found) and lib/stdio/sscanf.o (0x0)
Removed property 0xc0010001 to merge double_link_list.o (not found) and lib/stdio/open.o (0x1)
Removed property 0xc0010002 to merge double_link_list.o (not found) and lib/stdio/open.o (0x0)
Removed property 0xc0010001 to merge double_link_list.o (not found) and lib/stdio/write.o (0x1)
Removed property 0xc0010002 to merge double_link_list.o (not found) and lib/stdio/write.o (0x0)
Removed property 0xc0010001 to merge double_link_list.o (not found) and lib/stdio/close.o (0x1)
Removed property 0xc0010002 to merge double_link_list.o (not found) and lib/stdio/close.o (0x0)
Removed property 0xc0010001 to merge double_link_list.o (not found) and lib/arpa/ntohs.o (0x1)
Removed property 0xc0010002 to merge double_link_list.o (not found) and lib/arpa/ntohs.o (0x0)
Removed property 0xc0010001 to merge double_link_list.o (not found) and lib/arpa/htonl.o (0x1)
Removed property 0xc0010002 to merge double_link_list.o (not found) and lib/arpa/htonl.o (0x0)
Removed property 0xc0010001 to merge double_link_list.o (not found) and lib/arpa/htons.o (0x1)
Removed property 0xc0010002 to merge double_link_list.o (not found) and lib/arpa/htons.o (0x0)
Removed property 0xc0010001 to merge double_link_list.o (not found) and lib/arpa/inet_pton.o (0x1)
Removed property 0xc0010002 to merge double_link_list.o (not found) and lib/arpa/inet_pton.o (0x0)
Removed property 0xc0010001 to merge double_link_list.o (not found) and lib/arpa/ntohl.o (0x1)
Removed property 0xc0010002 to merge double_link_list.o (not found) and lib/arpa/ntohl.o (0x0)
Removed property 0xc0010001 to merge double_link_list.o (not found) and lib/arpa/inet_ntop.o (0x1)
Removed property 0xc0010002 to merge double_link_list.o (not found) and lib/arpa/inet_ntop.o (0x0)

Allocating common symbols
Common symbol       size              file

current_tty         0x4               double_link_list.o
file_desc_table     0x400             fs/fs_main.o
is_e0               0x1               double_link_list.o
phy_super_block_buf
                    0x4               fs/fs_main.o
phy_fsbuf           0x4               fs/fs_main.o
idt_ptr             0x6               double_link_list.o
pid                 0x4               double_link_list.o
KernelVirtualMemory
                    0xc               double_link_list.o
inode_table         0xa00             fs/fs_main.o
loop                0x4               network/netdev.o
current_dis_pos     0x4               double_link_list.o
dis_pos             0x4               double_link_list.o
netdev              0x4               network/netdev.o
k_reenter           0x4               double_link_list.o
super_block_buf     0x4               fs/fs_main.o
gdt                 0x400             double_link_list.o
proc_ready_table    0x4               double_link_list.o
test_ticks          0x4               double_link_list.o
hd_info             0x224             hd/hd.o
proc_stack          0x90000           global.o
pcaller             0x4               double_link_list.o
keyboard_buffer     0x20c             double_link_list.o
pcb_list            0x10              double_link_list.o
gdt_index           0x4               double_link_list.o
tty_table           0x828             double_link_list.o
tss                 0x6c              double_link_list.o
KernelPool          0x10              double_link_list.o
net_buf             0x4               double_link_list.o
fsbuf               0x4               fs/fs_main.o
nic_current_page    0x1               double_link_list.o
root                0x28              fs/fs_main.o
kernel_mem_block_decs_array
                    0xf0              mem/mem.o
counter             0x4               double_link_list.o
key_pressed         0x4               double_link_list.o
fork_pid            0x4               double_link_list.o
is_shift            0x1               double_link_list.o
net_data            0x1               double_link_list.o
gdt_ptr             0x6               double_link_list.o
idt                 0x800             double_link_list.o
main_thread         0x4               double_link_list.o
ticks               0x8               double_link_list.o
is_init             0x1               double_link_list.o
UserPool            0x10              double_link_list.o
all_pcb_list        0x10              double_link_list.o
console_table       0x10              double_link_list.o
is_disp             0x1               double_link_list.o
MAIN_THREAD_PAGE_DIRECTORY
                    0x4               double_link_list.o
helloStr            0xc               double_link_list.o
proc_table          0x1e14            global.o
hd_cache            0x200             hd/hd.o

Discarded input sections

 .note.GNU-stack
                0x00000000        0x0 double_link_list.o
 .note.gnu.property
                0x00000000       0x28 double_link_list.o
 .note.GNU-stack
                0x00000000        0x0 kernel_main.o
 .note.gnu.property
                0x00000000       0x28 kernel_main.o
 .note.GNU-stack
                0x00000000        0x0 protect.o
 .note.gnu.property
                0x00000000       0x28 protect.o
 .note.GNU-stack
                0x00000000        0x0 global.o
 .note.gnu.property
                0x00000000       0x28 global.o
 .note.GNU-stack
                0x00000000        0x0 console.o
 .note.gnu.property
                0x00000000       0x28 console.o
 .note.GNU-stack
                0x00000000        0x0 kernel_main_old.o
 .note.gnu.property
                0x00000000       0x28 kernel_main_old.o
 .note.GNU-stack
                0x00000000        0x0 keyboard.o
 .note.gnu.property
                0x00000000       0x28 keyboard.o
 .note.GNU-stack
                0x00000000        0x0 process.o
 .note.gnu.property
                0x00000000       0x28 process.o
 .note.GNU-stack
                0x00000000        0x0 thread.o
 .note.gnu.property
                0x00000000       0x28 thread.o
 .note.GNU-stack
                0x00000000        0x0 my_process.o
 .note.gnu.property
                0x00000000       0x28 my_process.o
 .note.GNU-stack
                0x00000000        0x0 network/skbuff.o
 .note.gnu.property
                0x00000000       0x28 network/skbuff.o
 .note.GNU-stack
                0x00000000        0x0 network/socket.o
 .note.gnu.property
                0x00000000       0x28 network/socket.o
 .note.GNU-stack
                0x00000000        0x0 network/ip_input.o
 .note.gnu.property
                0x00000000       0x28 network/ip_input.o
 .note.GNU-stack
                0x00000000        0x0 network/udp_sock.o
 .note.gnu.property
                0x00000000       0x28 network/udp_sock.o
 .note.GNU-stack
                0x00000000        0x0 network/icmpv4.o
 .note.gnu.property
                0x00000000       0x28 network/icmpv4.o
 .note.GNU-stack
                0x00000000        0x0 network/inet.o
 .note.gnu.property
                0x00000000       0x28 network/inet.o
 .note.GNU-stack
                0x00000000        0x0 network/ip_output.o
 .note.gnu.property
                0x00000000       0x28 network/ip_output.o
 .note.GNU-stack
                0x00000000        0x0 network/tcp.o
 .note.gnu.property
                0x00000000       0x28 network/tcp.o
 .note.GNU-stack
                0x00000000        0x0 network/sock.o
 .note.gnu.property
                0x00000000       0x28 network/sock.o
 .note.GNU-stack
                0x00000000        0x0 network/tcp_output.o
 .note.gnu.property
                0x00000000       0x28 network/tcp_output.o
 .note.GNU-stack
                0x00000000        0x0 network/arp.o
 .note.gnu.property
                0x00000000       0x28 network/arp.o
 .note.GNU-stack
                0x00000000        0x0 network/tcp_sock.o
 .note.gnu.property
                0x00000000       0x28 network/tcp_sock.o
 .note.GNU-stack
                0x00000000        0x0 network/utils.o
 .note.gnu.property
                0x00000000       0x28 network/utils.o
 .note.GNU-stack
                0x00000000        0x0 network/ipc.o
 .note.gnu.property
                0x00000000       0x28 network/ipc.o
 .note.GNU-stack
                0x00000000        0x0 network/netdev.o
 .note.gnu.property
                0x00000000       0x28 network/netdev.o
 .note.GNU-stack
                0x00000000        0x0 network/dst.o
 .note.gnu.property
                0x00000000       0x28 network/dst.o
 .note.GNU-stack
                0x00000000        0x0 network/tcp_input.o
 .note.gnu.property
                0x00000000       0x28 network/tcp_input.o
 .note.GNU-stack
                0x00000000        0x0 network/task_network.o
 .note.gnu.property
                0x00000000       0x28 network/task_network.o
 .note.GNU-stack
                0x00000000        0x0 network/udp.o
 .note.gnu.property
                0x00000000       0x28 network/udp.o
 .note.GNU-stack
                0x00000000        0x0 network/tcp_data.o
 .note.gnu.property
                0x00000000       0x28 network/tcp_data.o
 .note.GNU-stack
                0x00000000        0x0 network/route.o
 .note.gnu.property
                0x00000000       0x28 network/route.o
 .note.GNU-stack
                0x00000000        0x0 hd/hd.o
 .note.gnu.property
                0x00000000       0x28 hd/hd.o
 .note.GNU-stack
                0x00000000        0x0 fs/fs_main.o
 .note.gnu.property
                0x00000000       0x28 fs/fs_main.o
 .note.GNU-stack
                0x00000000        0x0 mm/forkexit.o
 .note.gnu.property
                0x00000000       0x28 mm/forkexit.o
 .note.GNU-stack
                0x00000000        0x0 mm/exec.o
 .note.gnu.property
                0x00000000       0x28 mm/exec.o
 .note.GNU-stack
                0x00000000        0x0 mm/main.o
 .note.gnu.property
                0x00000000       0x28 mm/main.o
 .note.GNU-stack
                0x00000000        0x0 mem/mem.o
 .note.GNU-stack
                0x00000000        0x0 lib/floor.o
 .note.gnu.property
                0x00000000       0x28 lib/floor.o
 .note.GNU-stack
                0x00000000        0x0 lib/exec.o
 .note.gnu.property
                0x00000000       0x28 lib/exec.o
 .note.GNU-stack
                0x00000000        0x0 lib/exit.o
 .note.gnu.property
                0x00000000       0x28 lib/exit.o
 .note.GNU-stack
                0x00000000        0x0 lib/unlink.o
 .note.gnu.property
                0x00000000       0x28 lib/unlink.o
 .note.GNU-stack
                0x00000000        0x0 lib/wait.o
 .note.gnu.property
                0x00000000       0x28 lib/wait.o
 .note.GNU-stack
                0x00000000        0x0 lib/alloca.o
 .note.gnu.property
                0x00000000       0x28 lib/alloca.o
 .note.GNU-stack
                0x00000000        0x0 lib/calloc.o
 .note.gnu.property
                0x00000000       0x28 lib/calloc.o
 .note.GNU-stack
                0x00000000        0x0 lib/fork.o
 .note.gnu.property
                0x00000000       0x28 lib/fork.o
 .note.GNU-stack
                0x00000000        0x0 lib/getpid.o
 .note.gnu.property
                0x00000000       0x28 lib/getpid.o
 .note.GNU-stack
                0x00000000        0x0 lib/string/strtok.o
 .note.gnu.property
                0x00000000       0x28 lib/string/strtok.o
 .note.GNU-stack
                0x00000000        0x0 lib/string/strcmp.o
 .note.gnu.property
                0x00000000       0x28 lib/string/strcmp.o
 .note.GNU-stack
                0x00000000        0x0 lib/string/strncmp.o
 .note.gnu.property
                0x00000000       0x28 lib/string/strncmp.o
 .note.GNU-stack
                0x00000000        0x0 lib/string/strpbrk.o
 .note.gnu.property
                0x00000000       0x28 lib/string/strpbrk.o
 .note.GNU-stack
                0x00000000        0x0 lib/stdio/read.o
 .note.gnu.property
                0x00000000       0x28 lib/stdio/read.o
 .note.GNU-stack
                0x00000000        0x0 lib/stdio/perror.o
 .note.gnu.property
                0x00000000       0x28 lib/stdio/perror.o
 .note.GNU-stack
                0x00000000        0x0 lib/stdio/sscanf.o
 .note.gnu.property
                0x00000000       0x28 lib/stdio/sscanf.o
 .note.GNU-stack
                0x00000000        0x0 lib/stdio/open.o
 .note.gnu.property
                0x00000000       0x28 lib/stdio/open.o
 .note.GNU-stack
                0x00000000        0x0 lib/stdio/write.o
 .note.gnu.property
                0x00000000       0x28 lib/stdio/write.o
 .note.GNU-stack
                0x00000000        0x0 lib/stdio/close.o
 .note.gnu.property
                0x00000000       0x28 lib/stdio/close.o
 .note.GNU-stack
                0x00000000        0x0 lib/arpa/ntohs.o
 .note.gnu.property
                0x00000000       0x28 lib/arpa/ntohs.o
 .note.GNU-stack
                0x00000000        0x0 lib/arpa/htonl.o
 .note.gnu.property
                0x00000000       0x28 lib/arpa/htonl.o
 .note.GNU-stack
                0x00000000        0x0 lib/arpa/htons.o
 .note.gnu.property
                0x00000000       0x28 lib/arpa/htons.o
 .note.GNU-stack
                0x00000000        0x0 lib/arpa/inet_pton.o
 .note.gnu.property
                0x00000000       0x28 lib/arpa/inet_pton.o
 .note.GNU-stack
                0x00000000        0x0 lib/arpa/ntohl.o
 .note.gnu.property
                0x00000000       0x28 lib/arpa/ntohl.o
 .note.GNU-stack
                0x00000000        0x0 lib/arpa/inet_ntop.o
 .note.gnu.property
                0x00000000       0x28 lib/arpa/inet_ntop.o

Memory Configuration

Name             Origin             Length             Attributes
*default*        0x00000000         0xffffffff

Linker script and memory map

Address of section .text set to 0xc0100000
LOAD kernel/kernel_sub.o
LOAD kernel/kernel.o
LOAD syscall.o
LOAD switch_to.o
LOAD string.o
LOAD hd/hd_rdwt.o
LOAD network/ne2000.o
LOAD double_link_list.o
LOAD kernel_main.o
LOAD protect.o
LOAD global.o
LOAD console.o
LOAD kernel_main_old.o
LOAD keyboard.o
LOAD process.o
LOAD thread.o
LOAD my_process.o
LOAD network/skbuff.o
LOAD network/socket.o
LOAD network/ip_input.o
LOAD network/udp_sock.o
LOAD network/icmpv4.o
LOAD network/inet.o
LOAD network/ip_output.o
LOAD network/tcp.o
LOAD network/sock.o
LOAD network/tcp_output.o
LOAD network/arp.o
LOAD network/tcp_sock.o
LOAD network/utils.o
LOAD network/ipc.o
LOAD network/netdev.o
LOAD network/dst.o
LOAD network/tcp_input.o
LOAD network/task_network.o
LOAD network/udp.o
LOAD network/tcp_data.o
LOAD network/route.o
LOAD hd/hd.o
LOAD fs/fs_main.o
LOAD mm/forkexit.o
LOAD mm/exec.o
LOAD mm/main.o
LOAD mem/mem.o
LOAD lib/floor.o
LOAD lib/exec.o
LOAD lib/exit.o
LOAD lib/unlink.o
LOAD lib/wait.o
LOAD lib/alloca.o
LOAD lib/calloc.o
LOAD lib/fork.o
LOAD lib/getpid.o
LOAD lib/string/strtok.o
LOAD lib/string/strcmp.o
LOAD lib/string/strncmp.o
LOAD lib/string/strpbrk.o
LOAD lib/stdio/read.o
LOAD lib/stdio/perror.o
LOAD lib/stdio/sscanf.o
LOAD lib/stdio/open.o
LOAD lib/stdio/write.o
LOAD lib/stdio/close.o
LOAD lib/arpa/ntohs.o
LOAD lib/arpa/htonl.o
LOAD lib/arpa/htons.o
LOAD lib/arpa/inet_pton.o
LOAD lib/arpa/ntohl.o
LOAD lib/arpa/inet_ntop.o
                [!provide]                        PROVIDE (__executable_start = SEGMENT_START ("text-segment", 0x8048000))
                0x080480d4                        . = (SEGMENT_START ("text-segment", 0x8048000) + SIZEOF_HEADERS)

.interp
 *(.interp)

.note.gnu.build-id
 *(.note.gnu.build-id)

.hash
 *(.hash)

.gnu.hash
 *(.gnu.hash)

.dynsym
 *(.dynsym)

.dynstr
 *(.dynstr)

.gnu.version
 *(.gnu.version)

.gnu.version_d
 *(.gnu.version_d)

.gnu.version_r
 *(.gnu.version_r)

.rel.dyn        0x080480d4        0x0
 *(.rel.init)
 *(.rel.text .rel.text.* .rel.gnu.linkonce.t.*)
 .rel.text      0x080480d4        0x0 kernel/kernel_sub.o
 *(.rel.fini)
 *(.rel.rodata .rel.rodata.* .rel.gnu.linkonce.r.*)
 *(.rel.data.rel.ro .rel.data.rel.ro.* .rel.gnu.linkonce.d.rel.ro.*)
 *(.rel.data .rel.data.* .rel.gnu.linkonce.d.*)
 *(.rel.tdata .rel.tdata.* .rel.gnu.linkonce.td.*)
 *(.rel.tbss .rel.tbss.* .rel.gnu.linkonce.tb.*)
 *(.rel.ctors)
 *(.rel.dtors)
 *(.rel.got)
 .rel.got       0x080480d4        0x0 kernel/kernel_sub.o
 *(.rel.bss .rel.bss.* .rel.gnu.linkonce.b.*)
 *(.rel.ifunc)

.rel.plt        0x080480d4        0x0
 *(.rel.plt)
                [!provide]                        PROVIDE (__rel_iplt_start = .)
 *(.rel.iplt)
 .rel.iplt      0x080480d4        0x0 kernel/kernel_sub.o
                [!provide]                        PROVIDE (__rel_iplt_end = .)

.relr.dyn
 *(.relr.dyn)
                0x08049000                        . = ALIGN (CONSTANT (MAXPAGESIZE))

.init
 *(SORT_NONE(.init))

.plt            0x08049000        0x0
 *(.plt)
 *(.iplt)
 .iplt          0x08049000        0x0 kernel/kernel_sub.o

.plt.got
 *(.plt.got)

.plt.sec
 *(.plt.sec)

.text           0xc0100000    0x11dd1
 *(.text.unlikely .text.*_unlikely .text.unlikely.*)
 *(.text.exit .text.exit.*)
 *(.text.startup .text.startup.*)
 *(.text.hot .text.hot.*)
 *(SORT_BY_NAME(.text.sorted.*))
 *(.text .stub .text.* .gnu.linkonce.t.*)
 .text          0xc0100000       0x74 kernel/kernel_sub.o
                0xc0100000                _start
 *fill*         0xc0100074        0xc 
 .text          0xc0100080      0x3d7 kernel/kernel.o
                0xc0100080                InterruptTest
                0xc010008c                disp_str_len
                0xc01000d9                disp_str
                0xc0100114                disp_str_colour
                0xc0100150                divide_zero_fault
                0xc0100156                single_step_fault
                0xc010015c                non_maskable_interrupt
                0xc0100162                breakpoint_trap
                0xc0100168                overflow_trap
                0xc010016e                bound_range_exceeded_fault
                0xc0100174                invalid_opcode_fault
                0xc010017a                coprocessor_not_available_fault
                0xc0100180                double_fault_exception_abort
                0xc0100184                coprocessor_segment_overrun
                0xc010018a                invalid_task_state_segment_fault
                0xc010018e                segment_not_present_fault
                0xc0100192                stack_exception_fault
                0xc0100196                general_protection_exception_fault
                0xc01001a1                page_fault
                0xc01001a5                coprocessor_error_fault
                0xc01001ab                align_check_fault
                0xc01001af                simd_float_exception_fault
                0xc01001be                hwint0
                0xc01001ee                hwint1
                0xc0100231                hwint14
                0xc0100277                hwint10
                0xc01002ba                sys_call
                0xc0100300                fork_restart
                0xc010030f                restart
                0xc0100332                in_byte
                0xc010033e                out_byte
                0xc0100360                disable_int
                0xc0100362                enable_int
                0xc01003f8                enable_8259A_casecade_irq
                0xc0100402                disable_8259A_casecade_irq
                0xc010040c                enable_8259A_slave_winchester_irq
                0xc0100416                disable_8259A_slave_winchester_irq
                0xc0100420                update_cr3
                0xc010042d                update_tss
                0xc010043c                get_running_thread_pcb
                0xc0100444                sys_call_test
                0xc0100447                enable_8259A_slave_net_irq
 *fill*         0xc0100457        0x9 
 .text          0xc0100460       0x69 syscall.o
                0xc0100460                write_debug
                0xc0100470                send_msg
                0xc0100486                receive_msg
                0xc010049c                sys_malloc
                0xc01004b1                sys_free
 *fill*         0xc01004c9        0x7 
 .text          0xc01004d0       0x15 switch_to.o
                0xc01004d0                switch_to
 *fill*         0xc01004e5        0xb 
 .text          0xc01004f0      0x25b network/ne2000.o
                0xc0100513                DriverInitialize
                0xc010059d                SetPageStart
                0xc01005c5                DriverSend
                0xc010063a                PCtoNIC
                0xc01006a8                get_interrupt_status
                0xc01006be                set_interrupt_status
                0xc01006d7                get_curr_page
                0xc01006f4                NICtoPC
 .text          0xc010074b      0x329 double_link_list.o
                0xc010074b                initDoubleLinkList
                0xc0100779                isListEmpty
                0xc010079a                findElementInList
                0xc0100876                appendToDoubleLinkList
                0xc010095d                insertToDoubleLinkList
                0xc01009e0                popFromDoubleLinkList
 .text          0xc0100a74      0x414 kernel_main.o
                0xc0100a74                kernel_main
                0xc0100c3a                init
                0xc0100cdc                kernel_thread_a
                0xc0100d29                kernel_thread_b
                0xc0100d76                kernel_thread_c
                0xc0100d8c                kernel_thread_d
                0xc0100da2                user_proc_a
                0xc0100e70                user_proc_b
 .text          0xc0100e88      0x3b3 protect.o
                0xc0100e88                InitDescriptor
                0xc0100ef5                Seg2PhyAddr
                0xc0100f36                Seg2PhyAddrLDT
                0xc0100f7a                VirAddr2PhyAddr
                0xc0100f90                v2l
                0xc0100fd3                init_propt
                0xc0101154                InitInterruptDesc
                0xc01011b0                ReloadGDT
 .text          0xc010123b        0x0 global.o
 .text          0xc010123b      0xaca console.o
                0xc010123b                select_console
                0xc0101277                flush
                0xc01012b0                set_cursor
                0xc010130e                set_console_start_video_addr
                0xc010136c                put_key
                0xc01013d8                scroll_up
                0xc010141a                scroll_down
                0xc0101485                out_char
                0xc0101642                tty_dev_read
                0xc010166c                tty_dev_write
                0xc0101899                tty_do_read
                0xc0101961                tty_do_write
                0xc0101ac4                init_screen
                0xc0101b4d                init_tty
                0xc0101c02                TaskTTY
 .text          0xc0101d05     0x2d79 kernel_main_old.o
                0xc0101d05                stop_here
                0xc0101d49                catch_error
                0xc0101d66                intr_enable
                0xc0101d8f                intr_disable
                0xc0101db8                intr_set_status
                0xc0101dd6                intr_get_status
                0xc0101df3                Memcpy
                0xc0101e26                untar
                0xc010213b                atoi
                0xc01021e1                disp_int
                0xc010220a                do_page_fault
                0xc0102347                exception_handler
                0xc010252e                init_internal_interrupt
                0xc01026a3                spurious_irq
                0xc0102731                init_keyboard
                0xc0102774                TestTTY
                0xc0102813                TestReadReturnValue
                0xc0102890                TestWriteReturnValue
                0xc0102964                TestFS2
                0xc0102972                TestFS
                0xc0102e14                wait_exit
                0xc0102f12                INIT_fork
                0xc010320a                simple_shell
                0xc0103391                test_shell
                0xc01033f9                test_exec
                0xc0103539                INIT
                0xc0103546                TestA
                0xc010357b                delay
                0xc01035bf                TestB
                0xc01035d7                TestC
                0xc010360a                sys_get_ticks
                0xc010361a                sys_write
                0xc010366e                milli_delay
                0xc01036aa                TaskSys
                0xc01036af                Printf
                0xc010370d                sprintf
                0xc0103739                vsprintf
                0xc01038e5                printx
                0xc0103928                sys_printx
                0xc01039f4                spin
                0xc0103a1a                panic
                0xc0103a38                assertion_failure
                0xc0103aaa                assertion_failure2
                0xc0103b1f                dead_lock
                0xc0103b29                sys_send_msg
                0xc0104048                sys_receive_msg
                0xc01046a8                send_rec
                0xc01047a3                block
                0xc01047df                unblock
                0xc010482f                get_ticks_ipc
                0xc0104886                itoa
                0xc01048dc                i2a
                0xc0104942                inform_int
                0xc0104a0f                deprecate_strcmp
 .text          0xc0104a7e      0x40f keyboard.o
                0xc0104a7e                keyboard_handler
                0xc0104b02                read_from_keyboard_buf
                0xc0104b68                keyboard_read
                0xc0104ce7                init_keyboard_handler
                0xc0104cfb                in_process
 .text          0xc0104e8d      0x21b process.o
                0xc0104e8d                schedule_process
                0xc0104f9a                clock_handler
                0xc010500b                pid2proc
                0xc0105091                proc2pid
 .text          0xc01050a8      0x1b2 thread.o
                0xc01050a8                kernel_thread
                0xc01050c0                thread_init
                0xc010516d                thread_create
                0xc01051a2                thread_start
 .text          0xc010525a      0x730 my_process.o
                0xc010525a                create_user_process_address_space
                0xc01052ea                user_process
                0xc0105417                clone_pcb
                0xc0105589                build_body_stack
                0xc01056bc                build_process_kernel_stack
                0xc010577f                fork_process
                0xc0105810                process_execute
 .text          0xc010598a      0x12e network/skbuff.o
                0xc01059a3                alloc_skb
                0xc0105a34                free_skb
                0xc0105a3a                skb_reserve
                0xc0105a56                skb_push
                0xc0105a85                skb_head
                0xc0105a90                skb_reset_header
 .text          0xc0105ab8      0x66c network/socket.o
                0xc0105b68                test
                0xc0105bc4                socket_debug
                0xc0105c25                free_socket
                0xc0105ce1                _socket
                0xc0105da0                _bind
                0xc0105df3                _connect
                0xc0105e45                _write
                0xc0105e9c                _read
                0xc0105ef3                _recvfrom
                0xc0105f34                _sendto
                0xc0105f8b                _close
                0xc010600a                _listen
                0xc0106070                _accept
 .text          0xc0106124      0x2da network/ip_input.o
                0xc01062ae                ip_rcv
 .text          0xc01063fe      0x8bc network/udp_sock.o
                0xc010662b                udp_lookup_sock
                0xc0106672                udp_init
                0xc01066a3                udp_close
                0xc01066c9                udp_sock_init
                0xc01066d3                udp_recvfrom
                0xc010676c                udp_connect
                0xc0106845                udp_write
                0xc0106871                udp_alloc_skb
                0xc01068bb                udp_sendto
                0xc01069af                udp_send
                0xc0106aed                udp_alloc_sock
                0xc0106b2e                udp_free_sock
                0xc0106b52                udp_read
 .text          0xc0106cba      0x234 network/icmpv4.o
                0xc0106cc8                icmpv4_incoming
                0xc0106d3c                icmpv4_reply
                0xc0106e15                icmpv4_timestamp
 .text          0xc0106eee      0x429 network/inet.o
                0xc0106eee                inet_create
                0xc0106f9e                inet_socket
                0xc0106fa8                inet_connect
                0xc0106ffc                inet_write
                0xc0107028                inet_read
                0xc0107054                inet_close
                0xc01070a3                inet_free
                0xc01070d9                inet_bind
                0xc01071e2                inet_listen
                0xc010722b                inet_accept
                0xc01072d6                inet_sendto
                0xc0107301                inet_recvfrom
 .text          0xc0107317      0x1d3 network/ip_output.o
                0xc0107325                ip_output
 .text          0xc01074ea      0x448 network/tcp.o
                0xc01076df                tcp_in
                0xc0107793                tcp_checksum
                0xc01077bf                __tcp_set_state
                0xc01077ce                tcp_generate_port
                0xc0107817                tcp_generate_isn
                0xc0107821                tcp_done
                0xc010784a                tcp_clear_timers
                0xc0107859                tcp_stop_retransmission_timer
                0xc0107872                tcp_release_retransmission_timer
                0xc010788b                tcp_stop_delack_timer
                0xc010789e                tcp_release_delack_timer
                0xc01078b1                tcp_handle_fin_state
                0xc0107916                tcp_enter_time_wait
 .text          0xc0107932      0x203 network/sock.o
                0xc0107a64                sk_alloc
                0xc0107a8b                sk_init
                0xc0107adf                sk_init_with_socket
                0xc0107b08                sk_free
 .text          0xc0107b35      0xbb9 network/tcp_output.o
                0xc0107ff6                tcp_send_synack
                0xc0108099                tcp_send_delack
                0xc01080d4                tcp_send_ack
                0xc0108220                tcp_send_fin
                0xc0108295                tcp_select_initial_window
                0xc0108447                tcp_reset_retransmission_timer
                0xc0108464                tcp_begin_connect
                0xc010850e                tcp_send
                0xc01085f3                tcp_send_reset
                0xc0108673                tcp_queue_fin
 .text          0xc01086ee      0x6dc network/arp.o
                0xc01088bb                arp_init
                0xc01088c1                arp_rcv
                0xc0108a73                arp_request
                0xc0108bdd                arp_reply
                0xc0108d2d                arp_get_hwaddr
                0xc0108d79                free_arp
 .text          0xc0108dca      0xa16 network/tcp_sock.o
                0xc0109078                tcp_established_or_syn_recvd_socks_enqueue
                0xc010908f                tcp_established_or_syn_recvd_socks_remove
                0xc01090a1                tcp_connecting_or_listening_socks_enqueue
                0xc01090b8                tcp_connecting_or_listening_socks_remove
                0xc01090ca                tcp_alloc_sock
                0xc01091e0                tcp_free_sock
                0xc0109259                tcp_init
                0xc0109263                tcp_sock_init
                0xc0109306                tcp_write
                0xc0109347                tcp_read
                0xc01093fa                tcp_close
                0xc01094b8                tcp_recv_notify
                0xc01094e3                tcp_v4_connect
                0xc0109733                tcp_lookup_sock
 .text          0xc01097e0      0x1e7 network/utils.o
                0xc01097e0                run_cmd
                0xc01097ed                print_err
                0xc0109804                parse_ipv4_string
                0xc0109863                ip_pton
                0xc01098ab                sum_every_16bits
                0xc0109902                checksum
                0xc0109943                tcp_udp_checksum
 .text          0xc01099c7      0xcf0 network/ipc.o
                0xc010a553                ipc_close
                0xc010a5a4                demux_ipc_socket_call
 .text          0xc010a6b7      0x37e network/netdev.o
                0xc010a7c9                netdev_init
                0xc010a810                netdev_transmit
                0xc010a940                netdev_rx_loop
                0xc010a9b0                netdev_get
                0xc010a9cd                free_netdev
                0xc010a9f8                local_ipaddress
 .text          0xc010aa35       0xd8 network/dst.o
                0xc010aa43                dst_neigh_output
 .text          0xc010ab0d      0xb6f network/tcp_input.o
                0xc010b1f4                tcp_process
                0xc010b5ba                tcp_receive
 .text          0xc010b67c       0xf6 network/task_network.o
                0xc010b67c                task_network
                0xc010b764                task_netdev_rx
 .text          0xc010b772      0x3e0 network/udp.o
                0xc010b87d                udp_generate_port
                0xc010b8c6                udp_checksum
                0xc010b994                udp_in
                0xc010ba25                udp_data_dequeue
                0xc010bb2d                udp_data_enqueue
 .text          0xc010bb52      0x54a network/tcp_data.o
                0xc010be3d                tcp_data_dequeue
                0xc010bf6a                tcp_data_queue
 .text          0xc010c09c      0x295 network/route.o
                0xc010c1c9                route_add
                0xc010c20e                route_init
                0xc010c295                route_lookup
                0xc010c2e0                free_routes
 .text          0xc010c331      0xe63 hd/hd.o
                0xc010c331                TaskHD
                0xc010c376                init_hd
                0xc010c390                hd_handle
                0xc010c495                hd_cmd_out
                0xc010c597                hd_identify
                0xc010c64e                print_hdinfo
                0xc010c7dc                print_dpt_entry
                0xc010c848                get_partition_table
                0xc010c927                partition
                0xc010cb41                hd_open
                0xc010cbe8                get_hd_ioctl
                0xc010cc99                wait_for
                0xc010ccca                interrupt_wait
                0xc010cd1a                hd_rdwt
                0xc010cfb9                hd_handler
                0xc010cfe5                debug_ticks
                0xc010d023                net_handler
                0xc010d02b                waitfor
                0xc010d06f                print_hd_info
                0xc010d15c                is_empty
 .text          0xc010d194     0x204f fs/fs_main.o
                0xc010d194                task_fs
                0xc010d39f                rd_wt
                0xc010d478                mkfs
                0xc010da5a                init_fs
                0xc010daae                do_open
                0xc010dc9d                search_file
                0xc010ddcf                strip_path
                0xc010de9b                get_inode
                0xc010e05d                create_file
                0xc010e168                alloc_imap_bit
                0xc010e265                alloc_smap_bit
                0xc010e406                new_inode
                0xc010e524                new_dir_entry
                0xc010e730                do_unlink
                0xc010ec0c                do_rdwt
                0xc010ef97                sync_inode
                0xc010f0eb                put_inode
                0xc010f129                do_close
                0xc010f17b                get_super_block
 .text          0xc010f1e3      0x271 mm/forkexit.o
                0xc010f1e3                do_fork
                0xc010f251                do_exit
                0xc010f2db                do_wait
                0xc010f3fa                cleanup
 .text          0xc010f454      0x419 mm/exec.o
                0xc010f454                do_exec
 .text          0xc010f86d      0x148 mm/main.o
                0xc010f86d                TaskMM
                0xc010f996                alloc_mem
 .text          0xc010f9b5     0x1275 mem/mem.o
                0xc010f9b5                init_bitmap
                0xc010f9d8                test_bit_val
                0xc010fa41                set_bit_val
                0xc010fabc                set_bits
                0xc010faf6                get_first_free_bit
                0xc010fb3a                get_bits
                0xc010fc02                get_a_page
                0xc010fcb6                get_virtual_address_start_with_addr
                0xc010fd50                get_virtual_address
                0xc010fde0                ptr_pde
                0xc010fdf3                ptr_pte
                0xc010fe1a                add_map_entry
                0xc010feab                alloc_virtual_memory
                0xc010ff7e                get_physical_address_proc
                0xc010fffa                get_physical_address
                0xc011002c                alloc_physical_memory_of_proc
                0xc011011b                alloc_physical_memory
                0xc01101e3                alloc_memory
                0xc0110245                get_a_virtual_page
                0xc011027d                block2arena
                0xc0110293                sys_malloc2
                0xc0110549                remove_map_entry
                0xc011056a                free_a_page
                0xc0110611                sys_free2
                0xc0110799                init_memory_block_desc
                0xc011086a                init_memory2
                0xc0110ae1                init_memory
 .text          0xc0110c2a       0x49 lib/floor.o
                0xc0110c2a                floor
 .text          0xc0110c73      0x285 lib/exec.o
                0xc0110c73                exec
                0xc0110ce4                execv
                0xc0110ed3                execl
 .text          0xc0110ef8       0x2f lib/exit.o
                0xc0110ef8                exit
 .text          0xc0110f27       0x42 lib/unlink.o
                0xc0110f27                unlink
 .text          0xc0110f69       0x44 lib/wait.o
                0xc0110f69                wait
 .text          0xc0110fad       0x4f lib/alloca.o
                0xc0110fad                alloca
 .text          0xc0110ffc       0x46 lib/calloc.o
                0xc0110ffc                calloc
 .text          0xc0111042       0x48 lib/fork.o
                0xc0111042                fork
 .text          0xc011108a       0x2b lib/getpid.o
                0xc011108a                getpid
 .text          0xc01110b5       0x85 lib/string/strtok.o
                0xc01110b5                strtok
 .text          0xc011113a       0x8e lib/string/strcmp.o
                0xc011113a                strcmp
 .text          0xc01111c8       0xd4 lib/string/strncmp.o
                0xc01111c8                strncmp
 .text          0xc011129c       0x90 lib/string/strpbrk.o
                0xc011129c                strpbrk
 .text          0xc011132c      0x181 lib/stdio/read.o
                0xc011132c                read
 .text          0xc01114ad       0x17 lib/stdio/perror.o
                0xc01114ad                perror
 .text          0xc01114c4      0x2c1 lib/stdio/sscanf.o
                0xc01114c4                sscanf
 .text          0xc0111785       0x95 lib/stdio/open.o
                0xc0111785                open
 .text          0xc011181a       0x85 lib/stdio/write.o
                0xc011181a                write
 .text          0xc011189f       0x52 lib/stdio/close.o
                0xc011189f                close
 .text          0xc01118f1       0x38 lib/arpa/ntohs.o
                0xc01118f1                ntohs
 .text          0xc0111929       0x7c lib/arpa/htonl.o
                0xc0111929                htonl
 .text          0xc01119a5       0x38 lib/arpa/htons.o
                0xc01119a5                htons
 .text          0xc01119dd      0x295 lib/arpa/inet_pton.o
                0xc01119dd                isValidIPv4
                0xc0111b67                inet_pton
 .text          0xc0111c72       0x7c lib/arpa/ntohl.o
                0xc0111c72                ntohl
 .text          0xc0111cee       0xe3 lib/arpa/inet_ntop.o
                0xc0111cee                inet_ntop
 *(.gnu.warning)

.fini
 *(SORT_NONE(.fini))
                [!provide]                        PROVIDE (__etext = .)
                [!provide]                        PROVIDE (_etext = .)
                [!provide]                        PROVIDE (etext = .)
                0xc0112000                        . = ALIGN (CONSTANT (MAXPAGESIZE))
                0xc0112000                        . = SEGMENT_START ("rodata-segment", (ALIGN (CONSTANT (MAXPAGESIZE)) + (. & (CONSTANT (MAXPAGESIZE) - 0x1))))

.rodata         0xc0112000     0x1b77
 *(.rodata .rodata.* .gnu.linkonce.r.*)
 .rodata        0xc0112000       0x2c double_link_list.o
 .rodata        0xc011202c      0x174 kernel_main.o
 .rodata        0xc01121a0       0x22 console.o
 *fill*         0xc01121c2       0x1e 
 .rodata        0xc01121e0      0xb75 kernel_main_old.o
 .rodata        0xc0112d55       0x26 process.o
 .rodata        0xc0112d7b        0x9 network/skbuff.o
 .rodata        0xc0112d84      0x23d network/socket.o
 *fill*         0xc0112fc1        0x3 
 .rodata        0xc0112fc4       0xb5 network/ip_input.o
 *fill*         0xc0113079        0x3 
 .rodata        0xc011307c       0x2d network/udp_sock.o
 *fill*         0xc01130a9        0x3 
 .rodata        0xc01130ac       0x32 network/icmpv4.o
 *fill*         0xc01130de        0x2 
 .rodata        0xc01130e0       0x48 network/inet.o
 .rodata        0xc0113128        0x9 network/ip_output.o
 *fill*         0xc0113131        0x3 
 .rodata        0xc0113134       0x31 network/tcp.o
 .rodata        0xc0113165        0x9 network/sock.o
 *fill*         0xc011316e        0x2 
 .rodata        0xc0113170       0xc3 network/tcp_output.o
 *fill*         0xc0113233        0x1 
 .rodata        0xc0113234       0x9c network/arp.o
 .rodata        0xc01132d0       0xe8 network/tcp_sock.o
 .rodata        0xc01133b8       0x41 network/utils.o
 *fill*         0xc01133f9        0x3 
 .rodata        0xc01133fc      0x160 network/ipc.o
 .rodata        0xc011355c       0xa9 network/netdev.o
 .rodata        0xc0113605        0x9 network/dst.o
 *fill*         0xc011360e        0x2 
 .rodata        0xc0113610       0x60 network/tcp_input.o
 .rodata        0xc0113670       0x3f network/task_network.o
 .rodata        0xc01136af        0x9 network/udp.o
 .rodata        0xc01136b8       0x1e network/tcp_data.o
 *fill*         0xc01136d6        0x2 
 .rodata        0xc01136d8       0x37 network/route.o
 *fill*         0xc011370f        0x1 
 .rodata        0xc0113710      0x19c hd/hd.o
 .rodata        0xc01138ac      0x1eb fs/fs_main.o
                0xc01138ac                FSBUF_SIZE
 .rodata        0xc0113a97       0x21 mm/forkexit.o
 .rodata        0xc0113ab8       0x10 mm/exec.o
 .rodata        0xc0113ac8       0x11 mm/main.o
 .rodata        0xc0113ad9       0x41 mem/mem.o
 .rodata        0xc0113b1a       0x2d lib/exec.o
 .rodata        0xc0113b47       0x2a lib/stdio/close.o
 .rodata        0xc0113b71        0x3 lib/arpa/inet_pton.o
 .rodata        0xc0113b74        0x3 lib/arpa/inet_ntop.o

.txt            0xc0113b77       0xaa
 .txt           0xc0113b77       0x82 string.o
                0xc0113b77                Memcpy2
                0xc0113ba5                Memset
                0xc0113bc4                Strcpy
                0xc0113bde                Strlen
 .txt           0xc0113bf9       0x28 hd/hd_rdwt.o
                0xc0113bf9                read_port
                0xc0113c0d                write_port

.rodata1
 *(.rodata1)

.eh_frame_hdr
 *(.eh_frame_hdr)
 *(.eh_frame_entry .eh_frame_entry.*)

.eh_frame       0xc0113c24     0x40c4
 *(.eh_frame)
 .eh_frame      0xc0113c24       0xd8 double_link_list.o
 .eh_frame      0xc0113cfc       0xe4 kernel_main.o
                                 0xfc (size before relaxing)
 .eh_frame      0xc0113de0      0x100 protect.o
                                0x118 (size before relaxing)
 .eh_frame      0xc0113ee0      0x1e0 console.o
                                0x1f8 (size before relaxing)
 .eh_frame      0xc01140c0      0x6cc kernel_main_old.o
                                0x6e4 (size before relaxing)
 .eh_frame      0xc011478c       0xa0 keyboard.o
                                 0xb8 (size before relaxing)
 .eh_frame      0xc011482c       0x80 process.o
                                 0x98 (size before relaxing)
 .eh_frame      0xc01148ac       0x80 thread.o
                                 0x98 (size before relaxing)
 .eh_frame      0xc011492c       0xe0 my_process.o
                                 0xf8 (size before relaxing)
 .eh_frame      0xc0114a0c       0xe0 network/skbuff.o
                                 0xf8 (size before relaxing)
 .eh_frame      0xc0114aec      0x2a0 network/socket.o
                                0x2b8 (size before relaxing)
 .eh_frame      0xc0114d8c      0x104 network/ip_input.o
                                0x11c (size before relaxing)
 .eh_frame      0xc0114e90      0x404 network/udp_sock.o
                                0x41c (size before relaxing)
 .eh_frame      0xc0115294       0x80 network/icmpv4.o
                                 0x98 (size before relaxing)
 .eh_frame      0xc0115314      0x180 network/inet.o
                                0x198 (size before relaxing)
 .eh_frame      0xc0115494       0x40 network/ip_output.o
                                 0x58 (size before relaxing)
 .eh_frame      0xc01154d4      0x268 network/tcp.o
                                0x280 (size before relaxing)
 .eh_frame      0xc011573c      0x1a0 network/sock.o
                                0x1b8 (size before relaxing)
 .eh_frame      0xc01158dc      0x3c4 network/tcp_output.o
                                0x3dc (size before relaxing)
 .eh_frame      0xc0115ca0      0x1c0 network/arp.o
                                0x1d8 (size before relaxing)
 .eh_frame      0xc0115e60      0x4c0 network/tcp_sock.o
                                0x4d8 (size before relaxing)
 .eh_frame      0xc0116320       0xe4 network/utils.o
                                 0xfc (size before relaxing)
 .eh_frame      0xc0116404      0x250 network/ipc.o
                                0x268 (size before relaxing)
 .eh_frame      0xc0116654      0x14c network/netdev.o
                                0x164 (size before relaxing)
 .eh_frame      0xc01167a0       0x40 network/dst.o
                                 0x58 (size before relaxing)
 .eh_frame      0xc01167e0      0x300 network/tcp_input.o
                                0x318 (size before relaxing)
 .eh_frame      0xc0116ae0       0x40 network/task_network.o
                                 0x58 (size before relaxing)
 .eh_frame      0xc0116b20      0x1e4 network/udp.o
                                0x1fc (size before relaxing)
 .eh_frame      0xc0116d04      0x200 network/tcp_data.o
                                0x218 (size before relaxing)
 .eh_frame      0xc0116f04      0x124 network/route.o
                                0x13c (size before relaxing)
 .eh_frame      0xc0117028      0x284 hd/hd.o
                                0x29c (size before relaxing)
 .eh_frame      0xc01172ac      0x27c fs/fs_main.o
                                0x294 (size before relaxing)
 .eh_frame      0xc0117528       0x80 mm/forkexit.o
                                 0x98 (size before relaxing)
 .eh_frame      0xc01175a8       0x20 mm/exec.o
                                 0x38 (size before relaxing)
 .eh_frame      0xc01175c8       0x3c mm/main.o
                                 0x54 (size before relaxing)
 .eh_frame      0xc0117604      0x364 mem/mem.o
                                0x37c (size before relaxing)
 .eh_frame      0xc0117968       0x20 lib/floor.o
                                 0x38 (size before relaxing)
 .eh_frame      0xc0117988       0x60 lib/exec.o
                                 0x78 (size before relaxing)
 .eh_frame      0xc01179e8       0x20 lib/exit.o
                                 0x38 (size before relaxing)
 .eh_frame      0xc0117a08       0x20 lib/unlink.o
                                 0x38 (size before relaxing)
 .eh_frame      0xc0117a28       0x20 lib/wait.o
                                 0x38 (size before relaxing)
 .eh_frame      0xc0117a48       0x20 lib/alloca.o
                                 0x38 (size before relaxing)
 .eh_frame      0xc0117a68       0x20 lib/calloc.o
                                 0x38 (size before relaxing)
 .eh_frame      0xc0117a88       0x20 lib/fork.o
                                 0x38 (size before relaxing)
 .eh_frame      0xc0117aa8       0x20 lib/getpid.o
                                 0x38 (size before relaxing)
 .eh_frame      0xc0117ac8       0x20 lib/string/strtok.o
                                 0x38 (size before relaxing)
 .eh_frame      0xc0117ae8       0x20 lib/string/strcmp.o
                                 0x38 (size before relaxing)
 .eh_frame      0xc0117b08       0x20 lib/string/strncmp.o
                                 0x38 (size before relaxing)
 .eh_frame      0xc0117b28       0x20 lib/string/strpbrk.o
                                 0x38 (size before relaxing)
 .eh_frame      0xc0117b48       0x20 lib/stdio/read.o
                                 0x38 (size before relaxing)
 .eh_frame      0xc0117b68       0x20 lib/stdio/perror.o
                                 0x38 (size before relaxing)
 .eh_frame      0xc0117b88       0x20 lib/stdio/sscanf.o
                                 0x38 (size before relaxing)
 .eh_frame      0xc0117ba8       0x20 lib/stdio/open.o
                                 0x38 (size before relaxing)
 .eh_frame      0xc0117bc8       0x20 lib/stdio/write.o
                                 0x38 (size before relaxing)
 .eh_frame      0xc0117be8       0x20 lib/stdio/close.o
                                 0x38 (size before relaxing)
 .eh_frame      0xc0117c08       0x20 lib/arpa/ntohs.o
                                 0x38 (size before relaxing)
 .eh_frame      0xc0117c28       0x20 lib/arpa/htonl.o
                                 0x38 (size before relaxing)
 .eh_frame      0xc0117c48       0x20 lib/arpa/htons.o
                                 0x38 (size before relaxing)
 .eh_frame      0xc0117c68       0x40 lib/arpa/inet_pton.o
                                 0x58 (size before relaxing)
 .eh_frame      0xc0117ca8       0x20 lib/arpa/ntohl.o
                                 0x38 (size before relaxing)
 .eh_frame      0xc0117cc8       0x20 lib/arpa/inet_ntop.o
                                 0x38 (size before relaxing)
 *(.eh_frame.*)

.sframe
 *(.sframe)
 *(.sframe.*)

.gcc_except_table
 *(.gcc_except_table .gcc_except_table.*)

.gnu_extab
 *(.gnu_extab*)

.exception_ranges
 *(.exception_ranges*)
                0xc0118000                        . = DATA_SEGMENT_ALIGN (CONSTANT (MAXPAGESIZE), CONSTANT (COMMONPAGESIZE))

.eh_frame
 *(.eh_frame)
 *(.eh_frame.*)

.sframe
 *(.sframe)
 *(.sframe.*)

.gnu_extab
 *(.gnu_extab)

.gcc_except_table
 *(.gcc_except_table .gcc_except_table.*)

.exception_ranges
 *(.exception_ranges*)

.tdata          0xc0118000        0x0
                [!provide]                        PROVIDE (__tdata_start = .)
 *(.tdata .tdata.* .gnu.linkonce.td.*)

.tbss
 *(.tbss .tbss.* .gnu.linkonce.tb.*)
 *(.tcommon)

.preinit_array  0xc0118000        0x0
                [!provide]                        PROVIDE (__preinit_array_start = .)
 *(.preinit_array)
                [!provide]                        PROVIDE (__preinit_array_end = .)

.init_array     0xc0118000        0x0
                [!provide]                        PROVIDE (__init_array_start = .)
 *(SORT_BY_INIT_PRIORITY(.init_array.*) SORT_BY_INIT_PRIORITY(.ctors.*))
 *(.init_array EXCLUDE_FILE(*crtend?.o *crtend.o *crtbegin?.o *crtbegin.o) .ctors)
                [!provide]                        PROVIDE (__init_array_end = .)

.fini_array     0xc0118000        0x0
                [!provide]                        PROVIDE (__fini_array_start = .)
 *(SORT_BY_INIT_PRIORITY(.fini_array.*) SORT_BY_INIT_PRIORITY(.dtors.*))
 *(.fini_array EXCLUDE_FILE(*crtend?.o *crtend.o *crtbegin?.o *crtbegin.o) .dtors)
                [!provide]                        PROVIDE (__fini_array_end = .)

.ctors
 *crtbegin.o(.ctors)
 *crtbegin?.o(.ctors)
 *(EXCLUDE_FILE(*crtend?.o *crtend.o) .ctors)
 *(SORT_BY_NAME(.ctors.*))
 *(.ctors)

.dtors
 *crtbegin.o(.dtors)
 *crtbegin?.o(.dtors)
 *(EXCLUDE_FILE(*crtend?.o *crtend.o) .dtors)
 *(SORT_BY_NAME(.dtors.*))
 *(.dtors)

.jcr
 *(.jcr)

.data.rel.ro
 *(.data.rel.ro.local* .gnu.linkonce.d.rel.ro.local.*)
 *(.data.rel.ro .data.rel.ro.* .gnu.linkonce.d.rel.ro.*)

.dynamic
 *(.dynamic)

.got            0xc0118000        0x0
 *(.got)
 .got           0xc0118000        0x0 kernel/kernel_sub.o
 *(.igot)
                0xc0118000                        . = DATA_SEGMENT_RELRO_END (., (SIZEOF (.got.plt) >= 0xc)?0xc:0x0)

.got.plt        0xc0118000        0x0
 *(.got.plt)
 .got.plt       0xc0118000        0x0 kernel/kernel_sub.o
 *(.igot.plt)
 .igot.plt      0xc0118000        0x0 kernel/kernel_sub.o

.data           0xc0118000      0xb88
 *(.data .data.* .gnu.linkonce.d.*)
 .data          0xc0118000        0xf kernel/kernel_sub.o
 *fill*         0xc011800f        0x1 
 .data          0xc0118010        0xf kernel/kernel.o
 *fill*         0xc011801f        0x1 
 .data          0xc0118020        0x0 syscall.o
 .data          0xc0118020        0x0 double_link_list.o
 .data          0xc0118020        0x0 kernel_main.o
 .data          0xc0118020        0x0 protect.o
 .data          0xc0118020      0x160 global.o
                0xc0118020                user_task_table
                0xc01180a0                sys_task_table
                0xc0118164                sys_call_table
 .data          0xc0118180        0x0 console.o
 .data          0xc0118180        0x0 kernel_main_old.o
 .data          0xc0118180      0x600 keyboard.o
                0xc0118180                keymap
 .data          0xc0118780        0x0 process.o
 .data          0xc0118780        0x0 thread.o
 .data          0xc0118780        0x0 my_process.o
 .data          0xc0118780        0x4 network/skbuff.o
 *fill*         0xc0118784       0x1c 
 .data          0xc01187a0      0x224 network/socket.o
 .data          0xc01189c4        0x4 network/ip_input.o
 *fill*         0xc01189c8       0x18 
 .data          0xc01189e0       0x54 network/udp_sock.o
                0xc0118a00                udp_ops
 .data          0xc0118a34        0x4 network/icmpv4.o
 *fill*         0xc0118a38        0x8 
 .data          0xc0118a40       0x80 network/inet.o
                0xc0118a48                inet
 .data          0xc0118ac0        0x4 network/ip_output.o
 .data          0xc0118ac4        0x8 network/tcp.o
 .data          0xc0118acc        0x4 network/sock.o
 .data          0xc0118ad0        0x4 network/tcp_output.o
 .data          0xc0118ad4       0x14 network/arp.o
 *fill*         0xc0118ae8       0x18 
 .data          0xc0118b00       0x54 network/tcp_sock.o
                0xc0118b20                tcp_ops
 .data          0xc0118b54        0x4 network/utils.o
 .data          0xc0118b58        0xc network/ipc.o
 .data          0xc0118b64        0x4 network/netdev.o
 .data          0xc0118b68        0x4 network/dst.o
 .data          0xc0118b6c        0x4 network/tcp_input.o
 .data          0xc0118b70        0x0 network/task_network.o
 .data          0xc0118b70        0x8 network/udp.o
 .data          0xc0118b78        0x4 network/tcp_data.o
 .data          0xc0118b7c        0xc network/route.o
 .data          0xc0118b88        0x0 hd/hd.o
 .data          0xc0118b88        0x0 fs/fs_main.o
 .data          0xc0118b88        0x0 mm/forkexit.o
 .data          0xc0118b88        0x0 mm/exec.o
 .data          0xc0118b88        0x0 mm/main.o
 .data          0xc0118b88        0x0 mem/mem.o
 .data          0xc0118b88        0x0 lib/floor.o
 .data          0xc0118b88        0x0 lib/exec.o
 .data          0xc0118b88        0x0 lib/exit.o
 .data          0xc0118b88        0x0 lib/unlink.o
 .data          0xc0118b88        0x0 lib/wait.o
 .data          0xc0118b88        0x0 lib/alloca.o
 .data          0xc0118b88        0x0 lib/calloc.o
 .data          0xc0118b88        0x0 lib/fork.o
 .data          0xc0118b88        0x0 lib/getpid.o
 .data          0xc0118b88        0x0 lib/string/strtok.o
 .data          0xc0118b88        0x0 lib/string/strcmp.o
 .data          0xc0118b88        0x0 lib/string/strncmp.o
 .data          0xc0118b88        0x0 lib/string/strpbrk.o
 .data          0xc0118b88        0x0 lib/stdio/read.o
 .data          0xc0118b88        0x0 lib/stdio/perror.o
 .data          0xc0118b88        0x0 lib/stdio/sscanf.o
 .data          0xc0118b88        0x0 lib/stdio/open.o
 .data          0xc0118b88        0x0 lib/stdio/write.o
 .data          0xc0118b88        0x0 lib/stdio/close.o
 .data          0xc0118b88        0x0 lib/arpa/ntohs.o
 .data          0xc0118b88        0x0 lib/arpa/htonl.o
 .data          0xc0118b88        0x0 lib/arpa/htons.o
 .data          0xc0118b88        0x0 lib/arpa/inet_pton.o
 .data          0xc0118b88        0x0 lib/arpa/ntohl.o
 .data          0xc0118b88        0x0 lib/arpa/inet_ntop.o

.data1
 *(.data1)
                0xc0118b88                        _edata = .
                [!provide]                        PROVIDE (edata = .)
                0xc0118b88                        . = .
                0xc0118b88                        __bss_start = .

.bss            0xc0118ba0    0x959b0
 *(.dynbss)
 *(.bss .bss.* .gnu.linkonce.b.*)
 .bss           0xc0118ba0      0x800 kernel/kernel_sub.o
 .bss           0xc01193a0      0x800 kernel/kernel.o
 .bss           0xc0119ba0        0x0 double_link_list.o
 .bss           0xc0119ba0        0x0 kernel_main.o
 .bss           0xc0119ba0        0x0 protect.o
 .bss           0xc0119ba0        0x0 global.o
 .bss           0xc0119ba0        0x0 console.o
 .bss           0xc0119ba0        0x0 kernel_main_old.o
 .bss           0xc0119ba0        0x0 keyboard.o
 .bss           0xc0119ba0        0x0 process.o
 .bss           0xc0119ba0        0x0 thread.o
 .bss           0xc0119ba0        0x0 my_process.o
 .bss           0xc0119ba0        0x0 network/skbuff.o
 .bss           0xc0119ba0        0x4 network/socket.o
 .bss           0xc0119ba4        0x0 network/ip_input.o
 .bss           0xc0119ba4        0x4 network/udp_sock.o
 .bss           0xc0119ba8        0x0 network/icmpv4.o
 .bss           0xc0119ba8        0x0 network/inet.o
 .bss           0xc0119ba8        0x0 network/ip_output.o
 .bss           0xc0119ba8        0x0 network/tcp.o
 .bss           0xc0119ba8        0x0 network/sock.o
 .bss           0xc0119ba8        0x0 network/tcp_output.o
 .bss           0xc0119ba8        0x0 network/arp.o
 .bss           0xc0119ba8        0x0 network/tcp_sock.o
 .bss           0xc0119ba8        0x0 network/utils.o
 .bss           0xc0119ba8        0x4 network/ipc.o
 .bss           0xc0119bac        0x0 network/netdev.o
 .bss           0xc0119bac        0x0 network/dst.o
 .bss           0xc0119bac        0x0 network/tcp_input.o
 .bss           0xc0119bac        0x0 network/task_network.o
 .bss           0xc0119bac        0x0 network/udp.o
 .bss           0xc0119bac        0x0 network/tcp_data.o
 .bss           0xc0119bac        0x0 network/route.o
 .bss           0xc0119bac        0x0 hd/hd.o
 .bss           0xc0119bac        0x4 fs/fs_main.o
                0xc0119bac                c
 .bss           0xc0119bb0        0x0 mm/forkexit.o
 .bss           0xc0119bb0        0x0 mm/exec.o
 .bss           0xc0119bb0        0x0 mm/main.o
 .bss           0xc0119bb0        0x0 mem/mem.o
 .bss           0xc0119bb0        0x0 lib/floor.o
 .bss           0xc0119bb0        0x0 lib/exec.o
 .bss           0xc0119bb0        0x0 lib/exit.o
 .bss           0xc0119bb0        0x0 lib/unlink.o
 .bss           0xc0119bb0        0x0 lib/wait.o
 .bss           0xc0119bb0        0x0 lib/alloca.o
 .bss           0xc0119bb0        0x0 lib/calloc.o
 .bss           0xc0119bb0        0x0 lib/fork.o
 .bss           0xc0119bb0        0x0 lib/getpid.o
 .bss           0xc0119bb0        0x4 lib/string/strtok.o
 .bss           0xc0119bb4        0x0 lib/string/strcmp.o
 .bss           0xc0119bb4        0x0 lib/string/strncmp.o
 .bss           0xc0119bb4        0x0 lib/string/strpbrk.o
 .bss           0xc0119bb4        0x0 lib/stdio/read.o
 .bss           0xc0119bb4        0x0 lib/stdio/perror.o
 .bss           0xc0119bb4        0x0 lib/stdio/sscanf.o
 .bss           0xc0119bb4        0x0 lib/stdio/open.o
 .bss           0xc0119bb4        0x0 lib/stdio/write.o
 .bss           0xc0119bb4        0x0 lib/stdio/close.o
 .bss           0xc0119bb4        0x0 lib/arpa/ntohs.o
 .bss           0xc0119bb4        0x0 lib/arpa/htonl.o
 .bss           0xc0119bb4        0x0 lib/arpa/htons.o
 .bss           0xc0119bb4        0x0 lib/arpa/inet_pton.o
 .bss           0xc0119bb4        0x0 lib/arpa/ntohl.o
 .bss           0xc0119bb4        0x0 lib/arpa/inet_ntop.o
 *(COMMON)
 *fill*         0xc0119bb4        0xc 
 COMMON         0xc0119bc0     0x17b8 double_link_list.o
                0xc0119bc0                current_tty
                0xc0119bc4                is_e0
                0xc0119bc8                idt_ptr
                0xc0119bd0                pid
                0xc0119bd4                KernelVirtualMemory
                0xc0119be0                current_dis_pos
                0xc0119be4                dis_pos
                0xc0119be8                k_reenter
                0xc0119c00                gdt
                0xc011a000                proc_ready_table
                0xc011a004                test_ticks
                0xc011a008                pcaller
                0xc011a020                keyboard_buffer
                0xc011a22c                pcb_list
                0xc011a23c                gdt_index
                0xc011a240                tty_table
                0xc011aa80                tss
                0xc011aaec                KernelPool
                0xc011aafc                net_buf
                0xc011ab00                nic_current_page
                0xc011ab04                counter
                0xc011ab08                key_pressed
                0xc011ab0c                fork_pid
                0xc011ab10                is_shift
                0xc011ab11                net_data
                0xc011ab14                gdt_ptr
                0xc011ab20                idt
                0xc011b320                main_thread
                0xc011b328                ticks
                0xc011b330                is_init
                0xc011b334                UserPool
                0xc011b344                all_pcb_list
                0xc011b354                console_table
                0xc011b364                is_disp
                0xc011b368                MAIN_THREAD_PAGE_DIRECTORY
                0xc011b36c                helloStr
 *fill*         0xc011b378        0x8 
 COMMON         0xc011b380    0x91e14 global.o
                0xc011b380                proc_stack
                0xc01ab380                proc_table
 COMMON         0xc01ad194        0x8 network/netdev.o
                0xc01ad194                loop
                0xc01ad198                netdev
 *fill*         0xc01ad19c        0x4 
 COMMON         0xc01ad1a0      0x440 hd/hd.o
                0xc01ad1a0                hd_info
                0xc01ad3e0                hd_cache
 COMMON         0xc01ad5e0      0xe68 fs/fs_main.o
                0xc01ad5e0                file_desc_table
                0xc01ad9e0                phy_super_block_buf
                0xc01ad9e4                phy_fsbuf
                0xc01ada00                inode_table
                0xc01ae400                super_block_buf
                0xc01ae404                fsbuf
                0xc01ae420                root
 *fill*         0xc01ae448       0x18 
 COMMON         0xc01ae460       0xf0 mem/mem.o
                0xc01ae460                kernel_mem_block_decs_array
                0xc01ae550                        . = ALIGN ((. != 0x0)?0x4:0x1)
                0xc01ae550                        . = ALIGN (0x4)
                0xc01ae550                        . = SEGMENT_START ("ldata-segment", .)
                0xc01ae550                        . = ALIGN (0x4)
                0xc01ae550                        _end = .
                [!provide]                        PROVIDE (end = .)
                0xc01ae550                        . = DATA_SEGMENT_END (.)

.stab
 *(.stab)

.stabstr
 *(.stabstr)

.stab.excl
 *(.stab.excl)

.stab.exclstr
 *(.stab.exclstr)

.stab.index
 *(.stab.index)

.stab.indexstr
 *(.stab.indexstr)

.comment        0x00000000       0x2c
 *(.comment)
 .comment       0x00000000       0x2c double_link_list.o
                                 0x2d (size before relaxing)
 .comment       0x0000002c       0x2d kernel_main.o
 .comment       0x0000002c       0x2d protect.o
 .comment       0x0000002c       0x2d global.o
 .comment       0x0000002c       0x2d console.o
 .comment       0x0000002c       0x2d kernel_main_old.o
 .comment       0x0000002c       0x2d keyboard.o
 .comment       0x0000002c       0x2d process.o
 .comment       0x0000002c       0x2d thread.o
 .comment       0x0000002c       0x2d my_process.o
 .comment       0x0000002c       0x2d network/skbuff.o
 .comment       0x0000002c       0x2d network/socket.o
 .comment       0x0000002c       0x2d network/ip_input.o
 .comment       0x0000002c       0x2d network/udp_sock.o
 .comment       0x0000002c       0x2d network/icmpv4.o
 .comment       0x0000002c       0x2d network/inet.o
 .comment       0x0000002c       0x2d network/ip_output.o
 .comment       0x0000002c       0x2d network/tcp.o
 .comment       0x0000002c       0x2d network/sock.o
 .comment       0x0000002c       0x2d network/tcp_output.o
 .comment       0x0000002c       0x2d network/arp.o
 .comment       0x0000002c       0x2d network/tcp_sock.o
 .comment       0x0000002c       0x2d network/utils.o
 .comment       0x0000002c       0x2d network/ipc.o
 .comment       0x0000002c       0x2d network/netdev.o
 .comment       0x0000002c       0x2d network/dst.o
 .comment       0x0000002c       0x2d network/tcp_input.o
 .comment       0x0000002c       0x2d network/task_network.o
 .comment       0x0000002c       0x2d network/udp.o
 .comment       0x0000002c       0x2d network/tcp_data.o
 .comment       0x0000002c       0x2d network/route.o
 .comment       0x0000002c       0x2d hd/hd.o
 .comment       0x0000002c       0x2d fs/fs_main.o
 .comment       0x0000002c       0x2d mm/forkexit.o
 .comment       0x0000002c       0x2d mm/exec.o
 .comment       0x0000002c       0x2d mm/main.o
 .comment       0x0000002c       0x2d mem/mem.o
 .comment       0x0000002c       0x2d lib/floor.o
 .comment       0x0000002c       0x2d lib/exec.o
 .comment       0x0000002c       0x2d lib/exit.o
 .comment       0x0000002c       0x2d lib/unlink.o
 .comment       0x0000002c       0x2d lib/wait.o
 .comment       0x0000002c       0x2d lib/alloca.o
 .comment       0x0000002c       0x2d lib/calloc.o
 .comment       0x0000002c       0x2d lib/fork.o
 .comment       0x0000002c       0x2d lib/getpid.o
 .comment       0x0000002c       0x2d lib/string/strtok.o
 .comment       0x0000002c       0x2d lib/string/strcmp.o
 .comment       0x0000002c       0x2d lib/string/strncmp.o
 .comment       0x0000002c       0x2d lib/string/strpbrk.o
 .comment       0x0000002c       0x2d lib/stdio/read.o
 .comment       0x0000002c       0x2d lib/stdio/perror.o
 .comment       0x0000002c       0x2d lib/stdio/sscanf.o
 .comment       0x0000002c       0x2d lib/stdio/open.o
 .comment       0x0000002c       0x2d lib/stdio/write.o
 .comment       0x0000002c       0x2d lib/stdio/close.o
 .comment       0x0000002c       0x2d lib/arpa/ntohs.o
 .comment       0x0000002c       0x2d lib/arpa/htonl.o
 .comment       0x0000002c       0x2d lib/arpa/htons.o
 .comment       0x0000002c       0x2d lib/arpa/inet_pton.o
 .comment       0x0000002c       0x2d lib/arpa/ntohl.o
 .comment       0x0000002c       0x2d lib/arpa/inet_ntop.o

.gnu.build.attributes
 *(.gnu.build.attributes .gnu.build.attributes.*)

.debug
 *(.debug)

.line
 *(.line)

.debug_srcinfo
 *(.debug_srcinfo)

.debug_sfnames
 *(.debug_sfnames)

.debug_aranges  0x00000000      0x7b8
 *(.debug_aranges)
 .debug_aranges
                0x00000000       0x20 double_link_list.o
 .debug_aranges
                0x00000020       0x20 kernel_main.o
 .debug_aranges
                0x00000040       0x20 protect.o
 .debug_aranges
                0x00000060       0x18 global.o
 .debug_aranges
                0x00000078       0x20 console.o
 .debug_aranges
                0x00000098       0x20 kernel_main_old.o
 .debug_aranges
                0x000000b8       0x20 keyboard.o
 .debug_aranges
                0x000000d8       0x20 process.o
 .debug_aranges
                0x000000f8       0x20 thread.o
 .debug_aranges
                0x00000118       0x20 my_process.o
 .debug_aranges
                0x00000138       0x20 network/skbuff.o
 .debug_aranges
                0x00000158       0x20 network/socket.o
 .debug_aranges
                0x00000178       0x20 network/ip_input.o
 .debug_aranges
                0x00000198       0x20 network/udp_sock.o
 .debug_aranges
                0x000001b8       0x20 network/icmpv4.o
 .debug_aranges
                0x000001d8       0x20 network/inet.o
 .debug_aranges
                0x000001f8       0x20 network/ip_output.o
 .debug_aranges
                0x00000218       0x20 network/tcp.o
 .debug_aranges
                0x00000238       0x20 network/sock.o
 .debug_aranges
                0x00000258       0x20 network/tcp_output.o
 .debug_aranges
                0x00000278       0x20 network/arp.o
 .debug_aranges
                0x00000298       0x20 network/tcp_sock.o
 .debug_aranges
                0x000002b8       0x20 network/utils.o
 .debug_aranges
                0x000002d8       0x20 network/ipc.o
 .debug_aranges
                0x000002f8       0x20 network/netdev.o
 .debug_aranges
                0x00000318       0x20 network/dst.o
 .debug_aranges
                0x00000338       0x20 network/tcp_input.o
 .debug_aranges
                0x00000358       0x20 network/task_network.o
 .debug_aranges
                0x00000378       0x20 network/udp.o
 .debug_aranges
                0x00000398       0x20 network/tcp_data.o
 .debug_aranges
                0x000003b8       0x20 network/route.o
 .debug_aranges
                0x000003d8       0x20 hd/hd.o
 .debug_aranges
                0x000003f8       0x20 fs/fs_main.o
 .debug_aranges
                0x00000418       0x20 mm/forkexit.o
 .debug_aranges
                0x00000438       0x20 mm/exec.o
 .debug_aranges
                0x00000458       0x20 mm/main.o
 .debug_aranges
                0x00000478       0x20 mem/mem.o
 .debug_aranges
                0x00000498       0x20 lib/floor.o
 .debug_aranges
                0x000004b8       0x20 lib/exec.o
 .debug_aranges
                0x000004d8       0x20 lib/exit.o
 .debug_aranges
                0x000004f8       0x20 lib/unlink.o
 .debug_aranges
                0x00000518       0x20 lib/wait.o
 .debug_aranges
                0x00000538       0x20 lib/alloca.o
 .debug_aranges
                0x00000558       0x20 lib/calloc.o
 .debug_aranges
                0x00000578       0x20 lib/fork.o
 .debug_aranges
                0x00000598       0x20 lib/getpid.o
 .debug_aranges
                0x000005b8       0x20 lib/string/strtok.o
 .debug_aranges
                0x000005d8       0x20 lib/string/strcmp.o
 .debug_aranges
                0x000005f8       0x20 lib/string/strncmp.o
 .debug_aranges
                0x00000618       0x20 lib/string/strpbrk.o
 .debug_aranges
                0x00000638       0x20 lib/stdio/read.o
 .debug_aranges
                0x00000658       0x20 lib/stdio/perror.o
 .debug_aranges
                0x00000678       0x20 lib/stdio/sscanf.o
 .debug_aranges
                0x00000698       0x20 lib/stdio/open.o
 .debug_aranges
                0x000006b8       0x20 lib/stdio/write.o
 .debug_aranges
                0x000006d8       0x20 lib/stdio/close.o
 .debug_aranges
                0x000006f8       0x20 lib/arpa/ntohs.o
 .debug_aranges
                0x00000718       0x20 lib/arpa/htonl.o
 .debug_aranges
                0x00000738       0x20 lib/arpa/htons.o
 .debug_aranges
                0x00000758       0x20 lib/arpa/inet_pton.o
 .debug_aranges
                0x00000778       0x20 lib/arpa/ntohl.o
 .debug_aranges
                0x00000798       0x20 lib/arpa/inet_ntop.o

.debug_pubnames
 *(.debug_pubnames)

.debug_info     0x00000000    0x3d40c
 *(.debug_info .gnu.linkonce.wi.*)
 .debug_info    0x00000000     0x1044 double_link_list.o
 .debug_info    0x00001044      0xfea kernel_main.o
 .debug_info    0x0000202e     0x11b5 protect.o
 .debug_info    0x000031e3      0xe8a global.o
 .debug_info    0x0000406d     0x128a console.o
 .debug_info    0x000052f7     0x2820 kernel_main_old.o
 .debug_info    0x00007b17      0xfde keyboard.o
 .debug_info    0x00008af5      0xf73 process.o
 .debug_info    0x00009a68     0x1069 thread.o
 .debug_info    0x0000aad1     0x149d my_process.o
 .debug_info    0x0000bf6e      0x39f network/skbuff.o
 .debug_info    0x0000c30d     0x1ba7 network/socket.o
 .debug_info    0x0000deb4     0x1aab network/ip_input.o
 .debug_info    0x0000f95f     0x1edd network/udp_sock.o
 .debug_info    0x0001183c     0x1909 network/icmpv4.o
 .debug_info    0x00013145     0x19c2 network/inet.o
 .debug_info    0x00014b07     0x1745 network/ip_output.o
 .debug_info    0x0001624c     0x1e0e network/tcp.o
 .debug_info    0x0001805a     0x1860 network/sock.o
 .debug_info    0x000198ba     0x2329 network/tcp_output.o
 .debug_info    0x0001bbe3      0x76e network/arp.o
 .debug_info    0x0001c351     0x21ff network/tcp_sock.o
 .debug_info    0x0001e550      0x367 network/utils.o
 .debug_info    0x0001e8b7     0x1c38 network/ipc.o
 .debug_info    0x000204ef     0x132e network/netdev.o
 .debug_info    0x0002181d     0x11ea network/dst.o
 .debug_info    0x00022a07     0x2111 network/tcp_input.o
 .debug_info    0x00024b18      0xf22 network/task_network.o
 .debug_info    0x00025a3a     0x1b0e network/udp.o
 .debug_info    0x00027548     0x1d77 network/tcp_data.o
 .debug_info    0x000292bf     0x1282 network/route.o
 .debug_info    0x0002a541     0x19f3 hd/hd.o
 .debug_info    0x0002bf34     0x1f3b fs/fs_main.o
 .debug_info    0x0002de6f      0xfbc mm/forkexit.o
 .debug_info    0x0002ee2b     0x11ca mm/exec.o
 .debug_info    0x0002fff5      0xdcc mm/main.o
 .debug_info    0x00030dc1     0x1cfa mem/mem.o
 .debug_info    0x00032abb       0x6b lib/floor.o
 .debug_info    0x00032b26      0xf40 lib/exec.o
 .debug_info    0x00033a66      0xdb3 lib/exit.o
 .debug_info    0x00034819      0xe91 lib/unlink.o
 .debug_info    0x000356aa      0xdc1 lib/wait.o
 .debug_info    0x0003646b       0x98 lib/alloca.o
 .debug_info    0x00036503      0xeb9 lib/calloc.o
 .debug_info    0x000373bc      0xda8 lib/fork.o
 .debug_info    0x00038164      0xda8 lib/getpid.o
 .debug_info    0x00038f0c       0xae lib/string/strtok.o
 .debug_info    0x00038fba       0xc1 lib/string/strcmp.o
 .debug_info    0x0003907b      0x110 lib/string/strncmp.o
 .debug_info    0x0003918b       0xe1 lib/string/strpbrk.o
 .debug_info    0x0003926c      0xea1 lib/stdio/read.o
 .debug_info    0x0003a10d       0x5c lib/stdio/perror.o
 .debug_info    0x0003a169      0x220 lib/stdio/sscanf.o
 .debug_info    0x0003a389      0xe02 lib/stdio/open.o
 .debug_info    0x0003b18b      0xe2f lib/stdio/write.o
 .debug_info    0x0003bfba      0xdb6 lib/stdio/close.o
 .debug_info    0x0003cd70       0x9a lib/arpa/ntohs.o
 .debug_info    0x0003ce0a       0xbd lib/arpa/htonl.o
 .debug_info    0x0003cec7       0x9a lib/arpa/htons.o
 .debug_info    0x0003cf61      0x26b lib/arpa/inet_pton.o
 .debug_info    0x0003d1cc       0xbd lib/arpa/ntohl.o
 .debug_info    0x0003d289      0x183 lib/arpa/inet_ntop.o

.debug_abbrev   0x00000000     0x77fc
 *(.debug_abbrev)
 .debug_abbrev  0x00000000      0x216 double_link_list.o
 .debug_abbrev  0x00000216      0x21d kernel_main.o
 .debug_abbrev  0x00000433      0x227 protect.o
 .debug_abbrev  0x0000065a      0x157 global.o
 .debug_abbrev  0x000007b1      0x2ac console.o
 .debug_abbrev  0x00000a5d      0x452 kernel_main_old.o
 .debug_abbrev  0x00000eaf      0x1fb keyboard.o
 .debug_abbrev  0x000010aa      0x1e0 process.o
 .debug_abbrev  0x0000128a      0x222 thread.o
 .debug_abbrev  0x000014ac      0x260 my_process.o
 .debug_abbrev  0x0000170c      0x15f network/skbuff.o
 .debug_abbrev  0x0000186b      0x327 network/socket.o
 .debug_abbrev  0x00001b92      0x2d1 network/ip_input.o
 .debug_abbrev  0x00001e63      0x3b1 network/udp_sock.o
 .debug_abbrev  0x00002214      0x236 network/icmpv4.o
 .debug_abbrev  0x0000244a      0x236 network/inet.o
 .debug_abbrev  0x00002680      0x213 network/ip_output.o
 .debug_abbrev  0x00002893      0x332 network/tcp.o
 .debug_abbrev  0x00002bc5      0x273 network/sock.o
 .debug_abbrev  0x00002e38      0x39b network/tcp_output.o
 .debug_abbrev  0x000031d3      0x210 network/arp.o
 .debug_abbrev  0x000033e3      0x3e6 network/tcp_sock.o
 .debug_abbrev  0x000037c9      0x17a network/utils.o
 .debug_abbrev  0x00003943      0x2ee network/ipc.o
 .debug_abbrev  0x00003c31      0x289 network/netdev.o
 .debug_abbrev  0x00003eba      0x204 network/dst.o
 .debug_abbrev  0x000040be      0x355 network/tcp_input.o
 .debug_abbrev  0x00004413      0x1bc network/task_network.o
 .debug_abbrev  0x000045cf      0x2d3 network/udp.o
 .debug_abbrev  0x000048a2      0x2a6 network/tcp_data.o
 .debug_abbrev  0x00004b48      0x24e network/route.o
 .debug_abbrev  0x00004d96      0x33e hd/hd.o
 .debug_abbrev  0x000050d4      0x2ef fs/fs_main.o
 .debug_abbrev  0x000053c3      0x204 mm/forkexit.o
 .debug_abbrev  0x000055c7      0x1c4 mm/exec.o
 .debug_abbrev  0x0000578b      0x208 mm/main.o
 .debug_abbrev  0x00005993      0x2ea mem/mem.o
 .debug_abbrev  0x00005c7d       0x6a lib/floor.o
 .debug_abbrev  0x00005ce7      0x1e8 lib/exec.o
 .debug_abbrev  0x00005ecf      0x19b lib/exit.o
 .debug_abbrev  0x0000606a      0x193 lib/unlink.o
 .debug_abbrev  0x000061fd      0x19f lib/wait.o
 .debug_abbrev  0x0000639c       0x86 lib/alloca.o
 .debug_abbrev  0x00006422      0x191 lib/calloc.o
 .debug_abbrev  0x000065b3      0x18a lib/fork.o
 .debug_abbrev  0x0000673d      0x18a lib/getpid.o
 .debug_abbrev  0x000068c7       0x91 lib/string/strtok.o
 .debug_abbrev  0x00006958       0x94 lib/string/strcmp.o
 .debug_abbrev  0x000069ec       0xbe lib/string/strncmp.o
 .debug_abbrev  0x00006aaa       0xbf lib/string/strpbrk.o
 .debug_abbrev  0x00006b69      0x1ef lib/stdio/read.o
 .debug_abbrev  0x00006d58       0x5c lib/stdio/perror.o
 .debug_abbrev  0x00006db4       0xdd lib/stdio/sscanf.o
 .debug_abbrev  0x00006e91      0x1c5 lib/stdio/open.o
 .debug_abbrev  0x00007056      0x1db lib/stdio/write.o
 .debug_abbrev  0x00007231      0x19d lib/stdio/close.o
 .debug_abbrev  0x000073ce       0x6c lib/arpa/ntohs.o
 .debug_abbrev  0x0000743a       0xa5 lib/arpa/htonl.o
 .debug_abbrev  0x000074df       0x6c lib/arpa/htons.o
 .debug_abbrev  0x0000754b      0x116 lib/arpa/inet_pton.o
 .debug_abbrev  0x00007661       0xa5 lib/arpa/ntohl.o
 .debug_abbrev  0x00007706       0xf6 lib/arpa/inet_ntop.o

.debug_line     0x00000000     0x9610
 *(.debug_line .debug_line.* .debug_line_end)
 .debug_line    0x00000000      0x253 double_link_list.o
 .debug_line    0x00000253      0x1f7 kernel_main.o
 .debug_line    0x0000044a      0x1ff protect.o
 .debug_line    0x00000649       0x95 global.o
 .debug_line    0x000006de      0x54e console.o
 .debug_line    0x00000c2c      0xe0f kernel_main_old.o
 .debug_line    0x00001a3b      0x296 keyboard.o
 .debug_line    0x00001cd1      0x180 process.o
 .debug_line    0x00001e51      0x145 thread.o
 .debug_line    0x00001f96      0x33b my_process.o
 .debug_line    0x000022d1      0x121 network/skbuff.o
 .debug_line    0x000023f2      0x3a6 network/socket.o
 .debug_line    0x00002798      0x272 network/ip_input.o
 .debug_line    0x00002a0a      0x4b0 network/udp_sock.o
 .debug_line    0x00002eba      0x225 network/icmpv4.o
 .debug_line    0x000030df      0x30a network/inet.o
 .debug_line    0x000033e9      0x1fe network/ip_output.o
 .debug_line    0x000035e7      0x2f5 network/tcp.o
 .debug_line    0x000038dc      0x222 network/sock.o
 .debug_line    0x00003afe      0x58a network/tcp_output.o
 .debug_line    0x00004088      0x34c network/arp.o
 .debug_line    0x000043d4      0x57b network/tcp_sock.o
 .debug_line    0x0000494f      0x13c network/utils.o
 .debug_line    0x00004a8b      0x5ab network/ipc.o
 .debug_line    0x00005036      0x24e network/netdev.o
 .debug_line    0x00005284      0x15e network/dst.o
 .debug_line    0x000053e2      0x658 network/tcp_input.o
 .debug_line    0x00005a3a      0x105 network/task_network.o
 .debug_line    0x00005b3f      0x2ec network/udp.o
 .debug_line    0x00005e2b      0x3e9 network/tcp_data.o
 .debug_line    0x00006214      0x209 network/route.o
 .debug_line    0x0000641d      0x639 hd/hd.o
 .debug_line    0x00006a56      0xc1a fs/fs_main.o
 .debug_line    0x00007670      0x17a mm/forkexit.o
 .debug_line    0x000077ea      0x20c mm/exec.o
 .debug_line    0x000079f6       0xec mm/main.o
 .debug_line    0x00007ae2      0x7e6 mem/mem.o
 .debug_line    0x000082c8       0x5a lib/floor.o
 .debug_line    0x00008322      0x18b lib/exec.o
 .debug_line    0x000084ad       0xa0 lib/exit.o
 .debug_line    0x0000854d       0xc0 lib/unlink.o
 .debug_line    0x0000860d       0xb7 lib/wait.o
 .debug_line    0x000086c4       0x6b lib/alloca.o
 .debug_line    0x0000872f       0xe3 lib/calloc.o
 .debug_line    0x00008812       0xa5 lib/fork.o
 .debug_line    0x000088b7       0xa0 lib/getpid.o
 .debug_line    0x00008957       0x6e lib/string/strtok.o
 .debug_line    0x000089c5       0x8a lib/string/strcmp.o
 .debug_line    0x00008a4f       0xcc lib/string/strncmp.o
 .debug_line    0x00008b1b       0xb0 lib/string/strpbrk.o
 .debug_line    0x00008bcb      0x15b lib/stdio/read.o
 .debug_line    0x00008d26       0x48 lib/stdio/perror.o
 .debug_line    0x00008d6e      0x1d2 lib/stdio/sscanf.o
 .debug_line    0x00008f40       0xc3 lib/stdio/open.o
 .debug_line    0x00009003       0xc2 lib/stdio/write.o
 .debug_line    0x000090c5       0xb3 lib/stdio/close.o
 .debug_line    0x00009178       0x6c lib/arpa/ntohs.o
 .debug_line    0x000091e4       0xc1 lib/arpa/htonl.o
 .debug_line    0x000092a5       0x6c lib/arpa/htons.o
 .debug_line    0x00009311      0x167 lib/arpa/inet_pton.o
 .debug_line    0x00009478       0xc1 lib/arpa/ntohl.o
 .debug_line    0x00009539       0xd7 lib/arpa/inet_ntop.o

.debug_frame
 *(.debug_frame)

.debug_str      0x00000000     0x35b4
 *(.debug_str)
 .debug_str     0x00000000     0x35b4 double_link_list.o
                                0x6d1 (size before relaxing)
 .debug_str     0x000035b4      0x69c kernel_main.o
 .debug_str     0x000035b4      0x76b protect.o
 .debug_str     0x000035b4      0x610 global.o
 .debug_str     0x000035b4      0x75f console.o
 .debug_str     0x000035b4      0xb73 kernel_main_old.o
 .debug_str     0x000035b4      0x69c keyboard.o
 .debug_str     0x000035b4      0x64a process.o
 .debug_str     0x000035b4      0x717 thread.o
 .debug_str     0x000035b4      0x8fe my_process.o
 .debug_str     0x000035b4      0x1d8 network/skbuff.o
 .debug_str     0x000035b4      0x928 network/socket.o
 .debug_str     0x000035b4      0x99b network/ip_input.o
 .debug_str     0x000035b4      0xa71 network/udp_sock.o
 .debug_str     0x000035b4      0x91a network/icmpv4.o
 .debug_str     0x000035b4      0x8cf network/inet.o
 .debug_str     0x000035b4      0x856 network/ip_output.o
 .debug_str     0x000035b4      0xb2d network/tcp.o
 .debug_str     0x000035b4      0x8b6 network/sock.o
 .debug_str     0x000035b4      0xc1d network/tcp_output.o
 .debug_str     0x000035b4      0x2f6 network/arp.o
 .debug_str     0x000035b4      0xcc0 network/tcp_sock.o
 .debug_str     0x000035b4      0x1b8 network/utils.o
 .debug_str     0x000035b4      0x8d2 network/ipc.o
 .debug_str     0x000035b4      0x77d network/netdev.o
 .debug_str     0x000035b4      0x722 network/dst.o
 .debug_str     0x000035b4      0xb8d network/tcp_input.o
 .debug_str     0x000035b4      0x67a network/task_network.o
 .debug_str     0x000035b4      0x94d network/udp.o
 .debug_str     0x000035b4      0xa49 network/tcp_data.o
 .debug_str     0x000035b4      0x743 network/route.o
 .debug_str     0x000035b4      0x9c5 hd/hd.o
 .debug_str     0x000035b4      0xafa fs/fs_main.o
 .debug_str     0x000035b4      0x617 mm/forkexit.o
 .debug_str     0x000035b4      0x86d mm/exec.o
 .debug_str     0x000035b4      0x598 mm/main.o
 .debug_str     0x000035b4      0xa6d mem/mem.o
 .debug_str     0x000035b4       0xa2 lib/floor.o
 .debug_str     0x000035b4      0x62c lib/exec.o
 .debug_str     0x000035b4      0x5a5 lib/exit.o
 .debug_str     0x000035b4      0x624 lib/unlink.o
 .debug_str     0x000035b4      0x5a5 lib/wait.o
 .debug_str     0x000035b4       0xb6 lib/alloca.o
 .debug_str     0x000035b4      0x631 lib/calloc.o
 .debug_str     0x000035b4      0x59e lib/fork.o
 .debug_str     0x000035b4      0x5a2 lib/getpid.o
 .debug_str     0x000035b4       0xb9 lib/string/strtok.o
 .debug_str     0x000035b4       0xb1 lib/string/strcmp.o
 .debug_str     0x000035b4       0xba lib/string/strncmp.o
 .debug_str     0x000035b4       0xc8 lib/string/strpbrk.o
 .debug_str     0x000035b4      0x617 lib/stdio/read.o
 .debug_str     0x000035b4       0x99 lib/stdio/perror.o
 .debug_str     0x000035b4      0x109 lib/stdio/sscanf.o
 .debug_str     0x000035b4      0x5de lib/stdio/open.o
 .debug_str     0x000035b4      0x5db lib/stdio/write.o
 .debug_str     0x000035b4      0x5a6 lib/stdio/close.o
 .debug_str     0x000035b4       0xf2 lib/arpa/ntohs.o
 .debug_str     0x000035b4       0xe5 lib/arpa/htonl.o
 .debug_str     0x000035b4       0xf3 lib/arpa/htons.o
 .debug_str     0x000035b4      0x149 lib/arpa/inet_pton.o
 .debug_str     0x000035b4       0xe4 lib/arpa/ntohl.o
 .debug_str     0x000035b4      0x105 lib/arpa/inet_ntop.o

.debug_loc
 *(.debug_loc)

.debug_macinfo
 *(.debug_macinfo)

.debug_weaknames
 *(.debug_weaknames)

.debug_funcnames
 *(.debug_funcnames)

.debug_typenames
 *(.debug_typenames)

.debug_varnames
 *(.debug_varnames)

.debug_pubtypes
 *(.debug_pubtypes)

.debug_ranges   0x00000000       0x90
 *(.debug_ranges)
 .debug_ranges  0x00000000       0x30 kernel_main_old.o
 .debug_ranges  0x00000030       0x48 hd/hd.o
 .debug_ranges  0x00000078       0x18 mm/exec.o

.debug_addr
 *(.debug_addr)

.debug_line_str
 *(.debug_line_str)

.debug_loclists
 *(.debug_loclists)

.debug_macro
 *(.debug_macro)

.debug_names
 *(.debug_names)

.debug_rnglists
 *(.debug_rnglists)

.debug_str_offsets
 *(.debug_str_offsets)

.debug_sup
 *(.debug_sup)

.gnu.attributes
 *(.gnu.attributes)

/DISCARD/
 *(.note.GNU-stack)
 *(.gnu_debuglink)
 *(.gnu.lto_*)
OUTPUT(kernel.bin elf32-i386)
