
Allocating common symbols
Common symbol       size              file

current_tty         0x4               kernel_main.o
file_desc_table     0x400             fs_main.o
is_e0               0x1               kernel_main.o
idt_ptr             0x6               kernel_main.o
KernelVirtualMemory
                    0xc               kernel_main.o
inode_table         0xa00             fs_main.o
dis_pos             0x4               kernel_main.o
k_reenter           0x4               kernel_main.o
gdt                 0x400             kernel_main.o
proc_ready_table    0x4               kernel_main.o
hd_info             0x224             hd.o
proc_stack          0x70000           global.o
pcaller             0x4               kernel_main.o
keyboard_buffer     0x20c             kernel_main.o
pcb_list            0x4               kernel_main.o
tty_table           0x186c            kernel_main.o
tss                 0x6c              kernel_main.o
KernelPool          0x10              kernel_main.o
root                0x28              fs_main.o
counter             0x4               kernel_main.o
key_pressed         0x4               kernel_main.o
is_shift            0x1               kernel_main.o
gdt_ptr             0x6               kernel_main.o
idt                 0x800             kernel_main.o
ticks               0x4               kernel_main.o
UserPool            0x10              kernel_main.o
console_table       0x30              kernel_main.o
is_disp             0x1               kernel_main.o
proc_table          0x6b0             global.o
hd_cache            0x200             hd.o

Discarded input sections

 .note.GNU-stack
                0x0000000000000000        0x0 kernel_main.o
 .note.GNU-stack
                0x0000000000000000        0x0 hd.o
 .note.GNU-stack
                0x0000000000000000        0x0 fs_main.o
 .note.GNU-stack
                0x0000000000000000        0x0 global.o
 .note.GNU-stack
                0x0000000000000000        0x0 process.o
 .note.GNU-stack
                0x0000000000000000        0x0 protect.o
 .note.GNU-stack
                0x0000000000000000        0x0 console.o
 .note.GNU-stack
                0x0000000000000000        0x0 keyboard.o
 .note.GNU-stack
                0x0000000000000000        0x0 open.o
 .note.GNU-stack
                0x0000000000000000        0x0 read.o
 .note.GNU-stack
                0x0000000000000000        0x0 write.o
 .note.GNU-stack
                0x0000000000000000        0x0 close.o
 .note.GNU-stack
                0x0000000000000000        0x0 wait.o
 .note.GNU-stack
                0x0000000000000000        0x0 exit.o
 .note.GNU-stack
                0x0000000000000000        0x0 fork.o
 .note.GNU-stack
                0x0000000000000000        0x0 getpid.o
 .note.GNU-stack
                0x0000000000000000        0x0 exec.o
 .note.GNU-stack
                0x0000000000000000        0x0 mm/main.o
 .note.GNU-stack
                0x0000000000000000        0x0 mm/exec.o
 .note.GNU-stack
                0x0000000000000000        0x0 mm/forkexit.o
 .note.GNU-stack
                0x0000000000000000        0x0 mem/mem.o
 .note.GNU-stack
                0x0000000000000000        0x0 kernel_main_old.o
 .note.GNU-stack
                0x0000000000000000        0x0 double_link_list.o
 .note.GNU-stack
                0x0000000000000000        0x0 thread.o

Memory Configuration

Name             Origin             Length             Attributes
*default*        0x0000000000000000 0xffffffffffffffff

Linker script and memory map

Address of section .text set to 0xc0001500
LOAD kernel_sub.o
LOAD kernel.o
LOAD string.o
LOAD kernel_main.o
LOAD hd.o
LOAD syscall.o
LOAD fs_main.o
LOAD global.o
LOAD hd_rdwt.o
LOAD process.o
LOAD protect.o
LOAD console.o
LOAD keyboard.o
LOAD open.o
LOAD read.o
LOAD write.o
LOAD close.o
LOAD wait.o
LOAD exit.o
LOAD fork.o
LOAD getpid.o
LOAD exec.o
LOAD mm/main.o
LOAD mm/exec.o
LOAD mm/forkexit.o
LOAD mem/mem.o
LOAD kernel_main_old.o
LOAD switch_to.o
LOAD double_link_list.o
LOAD thread.o
                [!provide]                        PROVIDE (__executable_start = SEGMENT_START ("text-segment", 0x8048000))
                0x0000000008048094                . = (SEGMENT_START ("text-segment", 0x8048000) + SIZEOF_HEADERS)

.interp
 *(.interp)

.note.gnu.build-id
 *(.note.gnu.build-id)

.hash
 *(.hash)

.gnu.hash
 *(.gnu.hash)

.dynsym
 *(.dynsym)

.dynstr
 *(.dynstr)

.gnu.version
 *(.gnu.version)

.gnu.version_d
 *(.gnu.version_d)

.gnu.version_r
 *(.gnu.version_r)

.rel.dyn        0x0000000008048094        0x0
 *(.rel.init)
 *(.rel.text .rel.text.* .rel.gnu.linkonce.t.*)
 .rel.text      0x0000000008048094        0x0 kernel_sub.o
 *(.rel.fini)
 *(.rel.rodata .rel.rodata.* .rel.gnu.linkonce.r.*)
 *(.rel.data.rel.ro .rel.data.rel.ro.* .rel.gnu.linkonce.d.rel.ro.*)
 *(.rel.data .rel.data.* .rel.gnu.linkonce.d.*)
 *(.rel.tdata .rel.tdata.* .rel.gnu.linkonce.td.*)
 *(.rel.tbss .rel.tbss.* .rel.gnu.linkonce.tb.*)
 *(.rel.ctors)
 *(.rel.dtors)
 *(.rel.got)
 .rel.got       0x0000000008048094        0x0 kernel_sub.o
 *(.rel.bss .rel.bss.* .rel.gnu.linkonce.b.*)
 *(.rel.ifunc)

.rel.plt        0x0000000008048094        0x0
 *(.rel.plt)
                [!provide]                        PROVIDE (__rel_iplt_start = .)
 *(.rel.iplt)
 .rel.iplt      0x0000000008048094        0x0 kernel_sub.o
                [!provide]                        PROVIDE (__rel_iplt_end = .)

.init
 *(SORT_NONE(.init))

.plt            0x0000000008048098        0x0
 *(.plt)
 *(.iplt)
 .iplt          0x0000000008048098        0x0 kernel_sub.o

.plt.got
 *(.plt.got)

.plt.sec
 *(.plt.sec)

.text           0x00000000c0001500     0x84b4
 *(.text.unlikely .text.*_unlikely .text.unlikely.*)
 *(.text.exit .text.exit.*)
 *(.text.startup .text.startup.*)
 *(.text.hot .text.hot.*)
 *(.text .stub .text.* .gnu.linkonce.t.*)
 .text          0x00000000c0001500       0x6c kernel_sub.o
                0x00000000c0001500                _start
 *fill*         0x00000000c000156c        0x4 
 .text          0x00000000c0001570      0x30e kernel.o
                0x00000000c0001570                InterruptTest
                0x00000000c000157c                disp_str
                0x00000000c00015b7                disp_str_colour
                0x00000000c00015f3                divide_zero_fault
                0x00000000c00015f9                single_step_fault
                0x00000000c00015ff                non_maskable_interrupt
                0x00000000c0001605                breakpoint_trap
                0x00000000c000160b                overflow_trap
                0x00000000c0001611                bound_range_exceeded_fault
                0x00000000c0001617                invalid_opcode_fault
                0x00000000c000161d                coprocessor_not_available_fault
                0x00000000c0001623                double_fault_exception_abort
                0x00000000c0001627                coprocessor_segment_overrun
                0x00000000c000162d                invalid_task_state_segment_fault
                0x00000000c0001631                segment_not_present_fault
                0x00000000c0001635                stack_exception_fault
                0x00000000c0001639                general_protection_exception_fault
                0x00000000c000163d                page_fault
                0x00000000c0001641                coprocessor_error_fault
                0x00000000c0001647                align_check_fault
                0x00000000c000164b                simd_float_exception_fault
                0x00000000c000165a                hwint0
                0x00000000c0001688                hwint1
                0x00000000c00016d1                hwint14
                0x00000000c0001716                sys_call
                0x00000000c0001760                restart
                0x00000000c0001790                in_byte
                0x00000000c000179c                out_byte
                0x00000000c00017be                disable_int
                0x00000000c00017c0                enable_int
                0x00000000c0001856                enable_8259A_casecade_irq
                0x00000000c0001860                disable_8259A_casecade_irq
                0x00000000c000186a                enable_8259A_slave_winchester_irq
                0x00000000c0001874                disable_8259A_slave_winchester_irq
 .text          0x00000000c000187e      0x168 kernel_main.o
                0x00000000c000187e                kernel_main
                0x00000000c0001900                init
                0x00000000c0001942                kernel_thread_a
                0x00000000c00019a4                kernel_thread_b
                0x00000000c00019ba                kernel_thread_c
                0x00000000c00019d0                kernel_thread_d
 .text          0x00000000c00019e6      0xc69 hd.o
                0x00000000c00019e6                TaskHD
                0x00000000c00019f8                init_hd
                0x00000000c0001a12                hd_handle
                0x00000000c0001ad7                hd_cmd_out
                0x00000000c0001bd9                hd_identify
                0x00000000c0001c90                print_hdinfo
                0x00000000c0001e1e                print_dpt_entry
                0x00000000c0001e8a                get_partition_table
                0x00000000c0001f69                partition
                0x00000000c0002183                hd_open
                0x00000000c00021d2                get_hd_ioctl
                0x00000000c000222b                wait_for
                0x00000000c000225c                interrupt_wait
                0x00000000c000227b                hd_rdwt
                0x00000000c00024ad                hd_handler
                0x00000000c00024d9                waitfor
                0x00000000c000252a                print_hd_info
                0x00000000c0002617                is_empty
 *fill*         0x00000000c000264f        0x1 
 .text          0x00000000c0002650       0x74 syscall.o
                0x00000000c0002650                get_ticks
                0x00000000c0002658                write2
                0x00000000c0002668                write_debug
                0x00000000c0002688                send_msg
                0x00000000c00026ae                receive_msg
 .text          0x00000000c00026c4     0x1ecb fs_main.o
                0x00000000c00026c4                task_fs
                0x00000000c00027ff                rd_wt
                0x00000000c00028a3                mkfs
                0x00000000c0002e63                init_fs
                0x00000000c0002e92                do_open
                0x00000000c0003073                search_file
                0x00000000c00031a3                strip_path
                0x00000000c000326f                get_inode
                0x00000000c0003431                create_file
                0x00000000c000353c                alloc_imap_bit
                0x00000000c0003639                alloc_smap_bit
                0x00000000c00037da                new_inode
                0x00000000c00038f8                new_dir_entry
                0x00000000c0003b00                do_unlink
                0x00000000c0003fd0                do_rdwt
                0x00000000c0004343                sync_inode
                0x00000000c0004497                put_inode
                0x00000000c00044d5                do_close
                0x00000000c0004527                get_super_block
 .text          0x00000000c000458f        0x0 global.o
 .text          0x00000000c000458f      0x19a process.o
                0x00000000c000458f                check
                0x00000000c0004604                schedule_process
                0x00000000c00046af                clock_handler
                0x00000000c00046ee                pid2proc
                0x00000000c000470a                proc2pid
 .text          0x00000000c0004729      0x316 protect.o
                0x00000000c0004729                InitDescriptor
                0x00000000c0004796                Seg2PhyAddr
                0x00000000c00047d7                Seg2PhyAddrLDT
                0x00000000c0004818                VirAddr2PhyAddr
                0x00000000c000482e                v2l
                0x00000000c0004871                init_propt
                0x00000000c0004958                InitInterruptDesc
                0x00000000c00049b4                ReloadGDT
 .text          0x00000000c0004a3f      0x941 console.o
                0x00000000c0004a3f                select_console
                0x00000000c0004a7b                flush
                0x00000000c0004ab4                set_cursor
                0x00000000c0004b12                set_console_start_video_addr
                0x00000000c0004b70                put_key
                0x00000000c0004bdc                scroll_up
                0x00000000c0004c1e                scroll_down
                0x00000000c0004c89                out_char
                0x00000000c0004e30                tty_dev_read
                0x00000000c0004e5a                tty_dev_write
                0x00000000c0005061                tty_do_read
                0x00000000c00050f2                tty_do_write
                0x00000000c000523a                init_screen
                0x00000000c00052ce                init_tty
                0x00000000c0005368                TaskTTY
 .text          0x00000000c0005380      0x407 keyboard.o
                0x00000000c0005380                keyboard_handler
                0x00000000c0005402                read_from_keyboard_buf
                0x00000000c0005462                keyboard_read
                0x00000000c00055e1                init_keyboard_handler
                0x00000000c00055f5                in_process
 .text          0x00000000c0005787       0x55 open.o
                0x00000000c0005787                open
 .text          0x00000000c00057dc       0x37 read.o
                0x00000000c00057dc                read
 .text          0x00000000c0005813       0x37 write.o
                0x00000000c0005813                write
 .text          0x00000000c000584a       0x4c close.o
                0x00000000c000584a                close
 .text          0x00000000c0005896       0x3e wait.o
                0x00000000c0005896                wait
 .text          0x00000000c00058d4       0x29 exit.o
                0x00000000c00058d4                exit
 .text          0x00000000c00058fd       0x5f fork.o
                0x00000000c00058fd                fork
 .text          0x00000000c000595c       0x25 getpid.o
                0x00000000c000595c                getpid
 .text          0x00000000c0005981      0x235 exec.o
                0x00000000c0005981                exec
                0x00000000c00059ec                execv
                0x00000000c0005b91                execl
 .text          0x00000000c0005bb6      0x130 mm/main.o
                0x00000000c0005bb6                TaskMM
                0x00000000c0005cc7                alloc_mem
 .text          0x00000000c0005ce6      0x344 mm/exec.o
                0x00000000c0005ce6                do_exec2
                0x00000000c0005cfa                do_exec
 .text          0x00000000c000602a      0x41e mm/forkexit.o
                0x00000000c000602a                do_fork
                0x00000000c000622e                do_exit
                0x00000000c000632a                do_wait
                0x00000000c00063f4                cleanup
 .text          0x00000000c0006448      0x832 mem/mem.o
                0x00000000c0006448                test_bit_val
                0x00000000c00064b1                set_bit_val
                0x00000000c000652c                set_bits
                0x00000000c0006566                get_first_free_bit
                0x00000000c00065aa                get_bits
                0x00000000c0006664                get_a_page2
                0x00000000c0006693                get_a_page
                0x00000000c0006722                get_virtual_address
                0x00000000c0006790                ptr_pde
                0x00000000c00067a3                ptr_pte
                0x00000000c00067ca                add_map_entry
                0x00000000c0006858                get_physical_address
                0x00000000c000688a                alloc_memory
                0x00000000c00068e6                init_memory2
                0x00000000c0006b5d                init_memory
 .text          0x00000000c0006c7a     0x29fe kernel_main_old.o
                0x00000000c0006c7a                untar
                0x00000000c0006e84                atoi
                0x00000000c0006f2a                disp_int
                0x00000000c0006f53                do_page_fault
                0x00000000c00070ac                exception_handler
                0x00000000c0007233                exception_handler2
                0x00000000c00073d4                init_internal_interrupt
                0x00000000c0007549                test
                0x00000000c000757f                disp_str_colour3
                0x00000000c0007585                spurious_irq
                0x00000000c00075fe                init_keyboard
                0x00000000c000766b                init2
                0x00000000c0007699                u_thread_a
                0x00000000c00076b1                kernel_main2
                0x00000000c0007913                TestFS
                0x00000000c0007ce7                wait_exit
                0x00000000c0007db5                INIT_fork
                0x00000000c00080a5                simple_shell
                0x00000000c000827c                test_split_str
                0x00000000c0008409                test_shell
                0x00000000c00084e7                test_exec
                0x00000000c00085af                INIT
                0x00000000c00085bc                TestA
                0x00000000c00085f1                delay
                0x00000000c0008638                TestB
                0x00000000c0008650                TestC
                0x00000000c0008683                sys_get_ticks
                0x00000000c000868d                sys_write
                0x00000000c00086de                milli_delay
                0x00000000c000871a                TaskSys
                0x00000000c0008752                Printf
                0x00000000c00087b0                vsprintf
                0x00000000c000895c                printx
                0x00000000c000899f                sys_printx
                0x00000000c0008a7f                spin
                0x00000000c0008a84                panic
                0x00000000c0008aa2                assertion_failure
                0x00000000c0008ad9                dead_lock
                0x00000000c0008ae3                sys_send_msg
                0x00000000c0008e4f                sys_receive_msg
                0x00000000c0009314                disp_str_colour_debug
                0x00000000c000931a                send_rec
                0x00000000c0009400                block
                0x00000000c0009412                unblock
                0x00000000c0009449                get_ticks_ipc
                0x00000000c0009494                itoa
                0x00000000c00094ea                i2a
                0x00000000c0009550                inform_int
                0x00000000c0009609                strcmp
 *fill*         0x00000000c0009678        0x8 
 .text          0x00000000c0009680       0x15 switch_to.o
                0x00000000c0009680                switch_to
 .text          0x00000000c0009695      0x20c double_link_list.o
                0x00000000c0009695                initDoubleLinkList
                0x00000000c0009737                isListEmpty
                0x00000000c000976b                appendToDoubleLinkList
                0x00000000c00097df                insertToDoubleLinkList
                0x00000000c000983f                popFromDoubleLinkList
 .text          0x00000000c00098a1      0x113 thread.o
                0x00000000c00098a1                kernel_thread
                0x00000000c00098b9                thread_create
                0x00000000c0009933                thread_start
 *(.gnu.warning)

.fini
 *(SORT_NONE(.fini))
                [!provide]                        PROVIDE (__etext = .)
                [!provide]                        PROVIDE (_etext = .)
                [!provide]                        PROVIDE (etext = .)

.rodata         0x00000000c00099c0      0xb51
 *(.rodata .rodata.* .gnu.linkonce.r.*)
 .rodata        0x00000000c00099c0       0x4f kernel_main.o
 .rodata        0x00000000c0009a0f      0x10e hd.o
 *fill*         0x00000000c0009b1d        0x3 
 .rodata        0x00000000c0009b20      0x173 fs_main.o
                0x00000000c0009b20                FSBUF_SIZE
 .rodata        0x00000000c0009c93       0x52 process.o
 .rodata        0x00000000c0009ce5        0xa console.o
 .rodata        0x00000000c0009cef       0x24 close.o
 .rodata        0x00000000c0009d13       0x1b fork.o
 .rodata        0x00000000c0009d2e       0x31 exec.o
 .rodata        0x00000000c0009d5f       0x11 mm/main.o
 .rodata        0x00000000c0009d70       0x37 mm/forkexit.o
 .rodata        0x00000000c0009da7        0x2 mem/mem.o
 *fill*         0x00000000c0009da9       0x17 
 .rodata        0x00000000c0009dc0      0x751 kernel_main_old.o

.txt            0x00000000c000a511       0xaa
 .txt           0x00000000c000a511       0x82 string.o
                0x00000000c000a511                Memcpy
                0x00000000c000a53f                Memset
                0x00000000c000a55e                Strcpy
                0x00000000c000a578                Strlen
 .txt           0x00000000c000a593       0x28 hd_rdwt.o
                0x00000000c000a593                read_port
                0x00000000c000a5a7                write_port

.rodata1
 *(.rodata1)

.eh_frame_hdr
 *(.eh_frame_hdr)
 *(.eh_frame_entry .eh_frame_entry.*)

.eh_frame       0x00000000c000a5bc     0x1530
 *(.eh_frame)
 .eh_frame      0x00000000c000a5bc       0xc4 kernel_main.o
 .eh_frame      0x00000000c000a680      0x244 hd.o
                                        0x25c (size before relaxing)
 .eh_frame      0x00000000c000a8c4      0x288 fs_main.o
                                        0x2a0 (size before relaxing)
 .eh_frame      0x00000000c000ab4c       0xa0 process.o
                                         0xb8 (size before relaxing)
 .eh_frame      0x00000000c000abec      0x100 protect.o
                                        0x118 (size before relaxing)
 .eh_frame      0x00000000c000acec      0x1e0 console.o
                                        0x1f8 (size before relaxing)
 .eh_frame      0x00000000c000aecc       0xa0 keyboard.o
                                         0xb8 (size before relaxing)
 .eh_frame      0x00000000c000af6c       0x20 open.o
                                         0x38 (size before relaxing)
 .eh_frame      0x00000000c000af8c       0x20 read.o
                                         0x38 (size before relaxing)
 .eh_frame      0x00000000c000afac       0x20 write.o
                                         0x38 (size before relaxing)
 .eh_frame      0x00000000c000afcc       0x20 close.o
                                         0x38 (size before relaxing)
 .eh_frame      0x00000000c000afec       0x20 wait.o
                                         0x38 (size before relaxing)
 .eh_frame      0x00000000c000b00c       0x20 exit.o
                                         0x38 (size before relaxing)
 .eh_frame      0x00000000c000b02c       0x20 fork.o
                                         0x38 (size before relaxing)
 .eh_frame      0x00000000c000b04c       0x20 getpid.o
                                         0x38 (size before relaxing)
 .eh_frame      0x00000000c000b06c       0x64 exec.o
                                         0x7c (size before relaxing)
 .eh_frame      0x00000000c000b0d0       0x3c mm/main.o
                                         0x54 (size before relaxing)
 .eh_frame      0x00000000c000b10c       0x4c mm/exec.o
                                         0x64 (size before relaxing)
 .eh_frame      0x00000000c000b158       0x90 mm/forkexit.o
                                         0xa8 (size before relaxing)
 .eh_frame      0x00000000c000b1e8      0x1e4 mem/mem.o
                                        0x1fc (size before relaxing)
 .eh_frame      0x00000000c000b3cc      0x620 kernel_main_old.o
                                        0x638 (size before relaxing)
 .eh_frame      0x00000000c000b9ec       0xa0 double_link_list.o
                                         0xb8 (size before relaxing)
 .eh_frame      0x00000000c000ba8c       0x60 thread.o
                                         0x78 (size before relaxing)
 *(.eh_frame.*)

.gcc_except_table
 *(.gcc_except_table .gcc_except_table.*)

.gnu_extab
 *(.gnu_extab*)

.exception_ranges
 *(.exception_ranges .exception_ranges*)
                0x00000000c000d000                . = DATA_SEGMENT_ALIGN (CONSTANT (MAXPAGESIZE), CONSTANT (COMMONPAGESIZE))

.eh_frame
 *(.eh_frame)
 *(.eh_frame.*)

.gnu_extab
 *(.gnu_extab)

.gcc_except_table
 *(.gcc_except_table .gcc_except_table.*)

.exception_ranges
 *(.exception_ranges .exception_ranges*)

.tdata
 *(.tdata .tdata.* .gnu.linkonce.td.*)

.tbss
 *(.tbss .tbss.* .gnu.linkonce.tb.*)
 *(.tcommon)

.preinit_array  0x00000000c000d000        0x0
                [!provide]                        PROVIDE (__preinit_array_start = .)
 *(.preinit_array)
                [!provide]                        PROVIDE (__preinit_array_end = .)

.init_array     0x00000000c000d000        0x0
                [!provide]                        PROVIDE (__init_array_start = .)
 *(SORT_BY_INIT_PRIORITY(.init_array.*) SORT_BY_INIT_PRIORITY(.ctors.*))
 *(.init_array EXCLUDE_FILE(*crtend?.o *crtend.o *crtbegin?.o *crtbegin.o) .ctors)
                [!provide]                        PROVIDE (__init_array_end = .)

.fini_array     0x00000000c000d000        0x0
                [!provide]                        PROVIDE (__fini_array_start = .)
 *(SORT_BY_INIT_PRIORITY(.fini_array.*) SORT_BY_INIT_PRIORITY(.dtors.*))
 *(.fini_array EXCLUDE_FILE(*crtend?.o *crtend.o *crtbegin?.o *crtbegin.o) .dtors)
                [!provide]                        PROVIDE (__fini_array_end = .)

.ctors
 *crtbegin.o(.ctors)
 *crtbegin?.o(.ctors)
 *(EXCLUDE_FILE(*crtend?.o *crtend.o) .ctors)
 *(SORT_BY_NAME(.ctors.*))
 *(.ctors)

.dtors
 *crtbegin.o(.dtors)
 *crtbegin?.o(.dtors)
 *(EXCLUDE_FILE(*crtend?.o *crtend.o) .dtors)
 *(SORT_BY_NAME(.dtors.*))
 *(.dtors)

.jcr
 *(.jcr)

.data.rel.ro
 *(.data.rel.ro.local* .gnu.linkonce.d.rel.ro.local.*)
 *(.data.rel.ro .data.rel.ro.* .gnu.linkonce.d.rel.ro.*)

.dynamic
 *(.dynamic)

.got            0x00000000c000d000        0x0
 *(.got)
 .got           0x00000000c000d000        0x0 kernel_sub.o
 *(.igot)
                0x00000000c000d000                . = DATA_SEGMENT_RELRO_END (., (SIZEOF (.got.plt) >= 0xc)?0xc:0x0)

.got.plt        0x00000000c000d000        0x0
 *(.got.plt)
 .got.plt       0x00000000c000d000        0x0 kernel_sub.o
 *(.igot.plt)
 .igot.plt      0x00000000c000d000        0x0 kernel_sub.o

.data           0x00000000c000d000      0x720
 *(.data .data.* .gnu.linkonce.d.*)
 .data          0x00000000c000d000        0xf kernel_sub.o
 *fill*         0x00000000c000d00f        0x1 
 .data          0x00000000c000d010        0xf kernel.o
 .data          0x00000000c000d01f        0x0 kernel_main.o
 .data          0x00000000c000d01f        0x0 hd.o
 *fill*         0x00000000c000d01f        0x1 
 .data          0x00000000c000d020        0x0 syscall.o
 .data          0x00000000c000d020        0x8 fs_main.o
                0x00000000c000d020                fsbuf
                0x00000000c000d024                super_block_buf
 *fill*         0x00000000c000d028       0x18 
 .data          0x00000000c000d040       0xe0 global.o
                0x00000000c000d040                user_task_table
                0x00000000c000d080                sys_task_table
                0x00000000c000d10c                sys_call_table
 .data          0x00000000c000d120        0x0 process.o
 .data          0x00000000c000d120        0x0 protect.o
 .data          0x00000000c000d120        0x0 console.o
 .data          0x00000000c000d120      0x600 keyboard.o
                0x00000000c000d120                keymap
 .data          0x00000000c000d720        0x0 open.o
 .data          0x00000000c000d720        0x0 read.o
 .data          0x00000000c000d720        0x0 write.o
 .data          0x00000000c000d720        0x0 close.o
 .data          0x00000000c000d720        0x0 wait.o
 .data          0x00000000c000d720        0x0 exit.o
 .data          0x00000000c000d720        0x0 fork.o
 .data          0x00000000c000d720        0x0 getpid.o
 .data          0x00000000c000d720        0x0 exec.o
 .data          0x00000000c000d720        0x0 mm/main.o
 .data          0x00000000c000d720        0x0 mm/exec.o
 .data          0x00000000c000d720        0x0 mm/forkexit.o
 .data          0x00000000c000d720        0x0 mem/mem.o
 .data          0x00000000c000d720        0x0 kernel_main_old.o
 .data          0x00000000c000d720        0x0 double_link_list.o
 .data          0x00000000c000d720        0x0 thread.o

.data1
 *(.data1)
                0x00000000c000d720                _edata = .
                [!provide]                        PROVIDE (edata = .)
                0x00000000c000d720                . = .
                0x00000000c000d720                __bss_start = .

.bss            0x00000000c000d720    0x75150
 *(.dynbss)
 *(.bss .bss.* .gnu.linkonce.b.*)
 .bss           0x00000000c000d720      0x800 kernel_sub.o
 .bss           0x00000000c000df20      0x800 kernel.o
 .bss           0x00000000c000e720        0x0 kernel_main.o
 .bss           0x00000000c000e720        0x0 hd.o
 .bss           0x00000000c000e720        0x4 fs_main.o
                0x00000000c000e720                c
 .bss           0x00000000c000e724        0x0 global.o
 .bss           0x00000000c000e724        0x0 process.o
 .bss           0x00000000c000e724        0x0 protect.o
 .bss           0x00000000c000e724        0x0 console.o
 .bss           0x00000000c000e724        0x0 keyboard.o
 .bss           0x00000000c000e724        0x0 open.o
 .bss           0x00000000c000e724        0x0 read.o
 .bss           0x00000000c000e724        0x0 write.o
 .bss           0x00000000c000e724        0x0 close.o
 .bss           0x00000000c000e724        0x0 wait.o
 .bss           0x00000000c000e724        0x0 exit.o
 .bss           0x00000000c000e724        0x0 fork.o
 .bss           0x00000000c000e724        0x0 getpid.o
 .bss           0x00000000c000e724        0x0 exec.o
 .bss           0x00000000c000e724        0x0 mm/main.o
 .bss           0x00000000c000e724        0x0 mm/exec.o
 .bss           0x00000000c000e724        0x0 mm/forkexit.o
 .bss           0x00000000c000e724        0x0 mem/mem.o
 .bss           0x00000000c000e724        0x0 kernel_main_old.o
 .bss           0x00000000c000e724        0x0 double_link_list.o
 .bss           0x00000000c000e724        0x0 thread.o
 *(COMMON)
 *fill*         0x00000000c000e724       0x1c 
 COMMON         0x00000000c000e740     0x27f1 kernel_main.o
                0x00000000c000e740                current_tty
                0x00000000c000e744                is_e0
                0x00000000c000e748                idt_ptr
                0x00000000c000e750                KernelVirtualMemory
                0x00000000c000e75c                dis_pos
                0x00000000c000e760                k_reenter
                0x00000000c000e780                gdt
                0x00000000c000eb80                proc_ready_table
                0x00000000c000eb84                pcaller
                0x00000000c000eba0                keyboard_buffer
                0x00000000c000edac                pcb_list
                0x00000000c000edc0                tty_table
                0x00000000c0010640                tss
                0x00000000c00106ac                KernelPool
                0x00000000c00106bc                counter
                0x00000000c00106c0                key_pressed
                0x00000000c00106c4                is_shift
                0x00000000c00106c8                gdt_ptr
                0x00000000c00106e0                idt
                0x00000000c0010ee0                ticks
                0x00000000c0010ee4                UserPool
                0x00000000c0010f00                console_table
                0x00000000c0010f30                is_disp
 *fill*         0x00000000c0010f31        0xf 
 COMMON         0x00000000c0010f40      0x440 hd.o
                0x00000000c0010f40                hd_info
                0x00000000c0011180                hd_cache
 COMMON         0x00000000c0011380      0xe28 fs_main.o
                0x00000000c0011380                file_desc_table
                0x00000000c0011780                inode_table
                0x00000000c0012180                root
 *fill*         0x00000000c00121a8       0x18 
 COMMON         0x00000000c00121c0    0x706b0 global.o
                0x00000000c00121c0                proc_stack
                0x00000000c00821c0                proc_table
                0x00000000c0082870                . = ALIGN ((. != 0x0)?0x4:0x1)
                0x00000000c0082870                . = ALIGN (0x4)
                0x00000000c0082870                . = SEGMENT_START ("ldata-segment", .)
                0x00000000c0082870                . = ALIGN (0x4)
                0x00000000c0082870                _end = .
                [!provide]                        PROVIDE (end = .)
                0x00000000c0082870                . = DATA_SEGMENT_END (.)

.stab
 *(.stab)

.stabstr
 *(.stabstr)

.stab.excl
 *(.stab.excl)

.stab.exclstr
 *(.stab.exclstr)

.stab.index
 *(.stab.index)

.stab.indexstr
 *(.stab.indexstr)

.comment        0x0000000000000000       0x2c
 *(.comment)
 .comment       0x0000000000000000       0x2c kernel_main.o
                                         0x2d (size before relaxing)
 .comment       0x000000000000002c       0x2d hd.o
 .comment       0x000000000000002c       0x2d fs_main.o
 .comment       0x000000000000002c       0x2d global.o
 .comment       0x000000000000002c       0x2d process.o
 .comment       0x000000000000002c       0x2d protect.o
 .comment       0x000000000000002c       0x2d console.o
 .comment       0x000000000000002c       0x2d keyboard.o
 .comment       0x000000000000002c       0x2d open.o
 .comment       0x000000000000002c       0x2d read.o
 .comment       0x000000000000002c       0x2d write.o
 .comment       0x000000000000002c       0x2d close.o
 .comment       0x000000000000002c       0x2d wait.o
 .comment       0x000000000000002c       0x2d exit.o
 .comment       0x000000000000002c       0x2d fork.o
 .comment       0x000000000000002c       0x2d getpid.o
 .comment       0x000000000000002c       0x2d exec.o
 .comment       0x000000000000002c       0x2d mm/main.o
 .comment       0x000000000000002c       0x2d mm/exec.o
 .comment       0x000000000000002c       0x2d mm/forkexit.o
 .comment       0x000000000000002c       0x2d mem/mem.o
 .comment       0x000000000000002c       0x2d kernel_main_old.o
 .comment       0x000000000000002c       0x2d double_link_list.o
 .comment       0x000000000000002c       0x2d thread.o

.gnu.build.attributes
 *(.gnu.build.attributes .gnu.build.attributes.*)

.debug
 *(.debug)

.line
 *(.line)

.debug_srcinfo
 *(.debug_srcinfo)

.debug_sfnames
 *(.debug_sfnames)

.debug_aranges  0x0000000000000000      0x2f8
 *(.debug_aranges)
 .debug_aranges
                0x0000000000000000       0x20 kernel_main.o
 .debug_aranges
                0x0000000000000020       0x20 hd.o
 .debug_aranges
                0x0000000000000040       0x20 fs_main.o
 .debug_aranges
                0x0000000000000060       0x18 global.o
 .debug_aranges
                0x0000000000000078       0x20 process.o
 .debug_aranges
                0x0000000000000098       0x20 protect.o
 .debug_aranges
                0x00000000000000b8       0x20 console.o
 .debug_aranges
                0x00000000000000d8       0x20 keyboard.o
 .debug_aranges
                0x00000000000000f8       0x20 open.o
 .debug_aranges
                0x0000000000000118       0x20 read.o
 .debug_aranges
                0x0000000000000138       0x20 write.o
 .debug_aranges
                0x0000000000000158       0x20 close.o
 .debug_aranges
                0x0000000000000178       0x20 wait.o
 .debug_aranges
                0x0000000000000198       0x20 exit.o
 .debug_aranges
                0x00000000000001b8       0x20 fork.o
 .debug_aranges
                0x00000000000001d8       0x20 getpid.o
 .debug_aranges
                0x00000000000001f8       0x20 exec.o
 .debug_aranges
                0x0000000000000218       0x20 mm/main.o
 .debug_aranges
                0x0000000000000238       0x20 mm/exec.o
 .debug_aranges
                0x0000000000000258       0x20 mm/forkexit.o
 .debug_aranges
                0x0000000000000278       0x20 mem/mem.o
 .debug_aranges
                0x0000000000000298       0x20 kernel_main_old.o
 .debug_aranges
                0x00000000000002b8       0x20 double_link_list.o
 .debug_aranges
                0x00000000000002d8       0x20 thread.o

.debug_pubnames
 *(.debug_pubnames)

.debug_info     0x0000000000000000    0x16b01
 *(.debug_info .gnu.linkonce.wi.*)
 .debug_info    0x0000000000000000      0xd3b kernel_main.o
 .debug_info    0x0000000000000d3b     0x1489 hd.o
 .debug_info    0x00000000000021c4     0x1c4e fs_main.o
 .debug_info    0x0000000000003e12      0xbca global.o
 .debug_info    0x00000000000049dc      0xca9 process.o
 .debug_info    0x0000000000005685      0xe96 protect.o
 .debug_info    0x000000000000651b      0xf34 console.o
 .debug_info    0x000000000000744f      0xd28 keyboard.o
 .debug_info    0x0000000000008177      0xbdb open.o
 .debug_info    0x0000000000008d52      0xbdf read.o
 .debug_info    0x0000000000009931      0xbea write.o
 .debug_info    0x000000000000a51b      0xbc1 close.o
 .debug_info    0x000000000000b0dc      0xbcc wait.o
 .debug_info    0x000000000000bca8      0xbbe exit.o
 .debug_info    0x000000000000c866      0xbb3 fork.o
 .debug_info    0x000000000000d419      0xbb3 getpid.o
 .debug_info    0x000000000000dfcc      0xd10 exec.o
 .debug_info    0x000000000000ecdc      0xbca mm/main.o
 .debug_info    0x000000000000f8a6      0xeb4 mm/exec.o
 .debug_info    0x000000000001075a      0xe1e mm/forkexit.o
 .debug_info    0x0000000000011578     0x12d3 mem/mem.o
 .debug_info    0x000000000001284b     0x26df kernel_main_old.o
 .debug_info    0x0000000000014f2a      0xd95 double_link_list.o
 .debug_info    0x0000000000015cbf      0xe42 thread.o

.debug_abbrev   0x0000000000000000     0x2e88
 *(.debug_abbrev)
 .debug_abbrev  0x0000000000000000      0x198 kernel_main.o
 .debug_abbrev  0x0000000000000198      0x2c6 hd.o
 .debug_abbrev  0x000000000000045e      0x2d2 fs_main.o
 .debug_abbrev  0x0000000000000730      0x14d global.o
 .debug_abbrev  0x000000000000087d      0x20c process.o
 .debug_abbrev  0x0000000000000a89      0x201 protect.o
 .debug_abbrev  0x0000000000000c8a      0x292 console.o
 .debug_abbrev  0x0000000000000f1c      0x1f1 keyboard.o
 .debug_abbrev  0x000000000000110d      0x182 open.o
 .debug_abbrev  0x000000000000128f      0x191 read.o
 .debug_abbrev  0x0000000000001420      0x198 write.o
 .debug_abbrev  0x00000000000015b8      0x180 close.o
 .debug_abbrev  0x0000000000001738      0x182 wait.o
 .debug_abbrev  0x00000000000018ba      0x17e exit.o
 .debug_abbrev  0x0000000000001a38      0x16d fork.o
 .debug_abbrev  0x0000000000001ba5      0x16d getpid.o
 .debug_abbrev  0x0000000000001d12      0x1b6 exec.o
 .debug_abbrev  0x0000000000001ec8      0x1d6 mm/main.o
 .debug_abbrev  0x000000000000209e      0x1c1 mm/exec.o
 .debug_abbrev  0x000000000000225f      0x1fc mm/forkexit.o
 .debug_abbrev  0x000000000000245b      0x28a mem/mem.o
 .debug_abbrev  0x00000000000026e5      0x3b8 kernel_main_old.o
 .debug_abbrev  0x0000000000002a9d      0x1f4 double_link_list.o
 .debug_abbrev  0x0000000000002c91      0x1f7 thread.o

.debug_line     0x0000000000000000     0x3cfa
 *(.debug_line .debug_line.* .debug_line_end)
 .debug_line    0x0000000000000000      0x11c kernel_main.o
 .debug_line    0x000000000000011c      0x546 hd.o
 .debug_line    0x0000000000000662      0xbca fs_main.o
 .debug_line    0x000000000000122c       0x80 global.o
 .debug_line    0x00000000000012ac      0x130 process.o
 .debug_line    0x00000000000013dc      0x1cd protect.o
 .debug_line    0x00000000000015a9      0x4a9 console.o
 .debug_line    0x0000000000001a52      0x275 keyboard.o
 .debug_line    0x0000000000001cc7       0xb0 open.o
 .debug_line    0x0000000000001d77       0xa7 read.o
 .debug_line    0x0000000000001e1e       0xa8 write.o
 .debug_line    0x0000000000001ec6       0xad close.o
 .debug_line    0x0000000000001f73       0xb7 wait.o
 .debug_line    0x000000000000202a       0xa0 exit.o
 .debug_line    0x00000000000020ca       0xae fork.o
 .debug_line    0x0000000000002178       0xa0 getpid.o
 .debug_line    0x0000000000002218      0x15b exec.o
 .debug_line    0x0000000000002373       0xe4 mm/main.o
 .debug_line    0x0000000000002457      0x1df mm/exec.o
 .debug_line    0x0000000000002636      0x202 mm/forkexit.o
 .debug_line    0x0000000000002838      0x3bd mem/mem.o
 .debug_line    0x0000000000002bf5      0xdf6 kernel_main_old.o
 .debug_line    0x00000000000039eb      0x1f9 double_link_list.o
 .debug_line    0x0000000000003be4      0x116 thread.o

.debug_frame
 *(.debug_frame)

.debug_str      0x0000000000000000     0x1893
 *(.debug_str)
 .debug_str     0x0000000000000000      0x47e kernel_main.o
                                        0x53e (size before relaxing)
 .debug_str     0x000000000000047e      0x2a8 hd.o
                                        0x75b (size before relaxing)
 .debug_str     0x0000000000000726      0x458 fs_main.o
                                        0x915 (size before relaxing)
 .debug_str     0x0000000000000b7e        0x9 global.o
                                        0x46d (size before relaxing)
 .debug_str     0x0000000000000b87       0x4d process.o
                                        0x4b1 (size before relaxing)
 .debug_str     0x0000000000000bd4       0xf4 protect.o
                                        0x588 (size before relaxing)
 .debug_str     0x0000000000000cc8      0x103 console.o
                                        0x573 (size before relaxing)
 .debug_str     0x0000000000000dcb       0x84 keyboard.o
                                        0x4f9 (size before relaxing)
 .debug_str     0x0000000000000e4f        0xb open.o
                                        0x483 (size before relaxing)
 .debug_str     0x0000000000000e5a        0xb read.o
                                        0x47a (size before relaxing)
 .debug_str     0x0000000000000e65        0xc write.o
                                        0x47c (size before relaxing)
 .debug_str     0x0000000000000e71        0xc close.o
                                        0x476 (size before relaxing)
 .debug_str     0x0000000000000e7d        0xb wait.o
                                        0x47b (size before relaxing)
 .debug_str     0x0000000000000e88        0xb exit.o
                                        0x47b (size before relaxing)
 .debug_str     0x0000000000000e93        0xb fork.o
                                        0x474 (size before relaxing)
 .debug_str     0x0000000000000e9e       0x14 getpid.o
                                        0x478 (size before relaxing)
 .debug_str     0x0000000000000eb2       0x2b exec.o
                                        0x49d (size before relaxing)
 .debug_str     0x0000000000000edd       0x32 mm/main.o
                                        0x468 (size before relaxing)
 .debug_str     0x0000000000000f0f      0x18f mm/exec.o
                                        0x5e8 (size before relaxing)
 .debug_str     0x000000000000109e       0xb8 mm/forkexit.o
                                        0x526 (size before relaxing)
 .debug_str     0x0000000000001156      0x1fc mem/mem.o
                                        0x73e (size before relaxing)
 .debug_str     0x0000000000001352      0x48d kernel_main_old.o
                                        0xa67 (size before relaxing)
 .debug_str     0x00000000000017df       0x72 double_link_list.o
                                        0x58d (size before relaxing)
 .debug_str     0x0000000000001851       0x42 thread.o
                                        0x5cb (size before relaxing)

.debug_loc
 *(.debug_loc)

.debug_macinfo
 *(.debug_macinfo)

.debug_weaknames
 *(.debug_weaknames)

.debug_funcnames
 *(.debug_funcnames)

.debug_typenames
 *(.debug_typenames)

.debug_varnames
 *(.debug_varnames)

.debug_pubtypes
 *(.debug_pubtypes)

.debug_ranges   0x0000000000000000       0x78
 *(.debug_ranges)
 .debug_ranges  0x0000000000000000       0x48 hd.o
 .debug_ranges  0x0000000000000048       0x18 mm/exec.o
 .debug_ranges  0x0000000000000060       0x18 kernel_main_old.o

.debug_macro
 *(.debug_macro)

.debug_addr
 *(.debug_addr)

.gnu.attributes
 *(.gnu.attributes)

/DISCARD/
 *(.note.GNU-stack)
 *(.gnu_debuglink)
 *(.gnu.lto_*)
 *(.gnu_object_only)
OUTPUT(kernel.bin elf32-i386)
