Archive member included to satisfy reference by file (symbol)

../lib/pegasus_crt.a(exit.o)  start.o (exit)
../lib/pegasus_crt.a(kernel_main_old.o)
                              test.o (Printf)
../lib/pegasus_crt.a(double_link_list.o)
                              ../lib/pegasus_crt.a(kernel_main_old.o) (appendToDoubleLinkList)
../lib/pegasus_crt.a(kernel.o)
                              ../lib/pegasus_crt.a(kernel_main_old.o) (disp_str)
../lib/pegasus_crt.a(string.o)
                              ../lib/pegasus_crt.a(kernel_main_old.o) (Memcpy2)
../lib/pegasus_crt.a(kernel_main.o)
                              ../lib/pegasus_crt.a(kernel_main_old.o) (init)
../lib/pegasus_crt.a(hd.o)    ../lib/pegasus_crt.a(kernel_main.o) (TaskHD)
../lib/pegasus_crt.a(syscall.o)
                              ../lib/pegasus_crt.a(kernel_main_old.o) (write_debug)
../lib/pegasus_crt.a(fs_main.o)
                              ../lib/pegasus_crt.a(kernel_main.o) (task_fs)
../lib/pegasus_crt.a(global.o)
                              ../lib/pegasus_crt.a(kernel_main_old.o) (proc_table)
../lib/pegasus_crt.a(hd_rdwt.o)
                              ../lib/pegasus_crt.a(hd.o) (read_port)
../lib/pegasus_crt.a(process.o)
                              ../lib/pegasus_crt.a(kernel_main_old.o) (schedule_process)
../lib/pegasus_crt.a(protect.o)
                              ../lib/pegasus_crt.a(kernel_main_old.o) (InitInterruptDesc)
../lib/pegasus_crt.a(console.o)
                              ../lib/pegasus_crt.a(kernel_main_old.o) (out_char)
../lib/pegasus_crt.a(keyboard.o)
                              ../lib/pegasus_crt.a(kernel.o) (keyboard_handler)
../lib/pegasus_crt.a(open.o)  ../lib/pegasus_crt.a(kernel_main_old.o) (open)
../lib/pegasus_crt.a(read.o)  ../lib/pegasus_crt.a(kernel_main_old.o) (read)
../lib/pegasus_crt.a(write.o)
                              ../lib/pegasus_crt.a(kernel_main_old.o) (write)
../lib/pegasus_crt.a(close.o)
                              ../lib/pegasus_crt.a(kernel_main_old.o) (close)
../lib/pegasus_crt.a(wait.o)  ../lib/pegasus_crt.a(kernel_main_old.o) (wait)
../lib/pegasus_crt.a(fork.o)  ../lib/pegasus_crt.a(kernel_main_old.o) (fork)
../lib/pegasus_crt.a(exec.o)  ../lib/pegasus_crt.a(kernel_main_old.o) (execv)
../lib/pegasus_crt.a(main.o)  ../lib/pegasus_crt.a(kernel_main.o) (TaskMM)
../lib/pegasus_crt.a(exec.o)  ../lib/pegasus_crt.a(main.o) (do_exec)
../lib/pegasus_crt.a(forkexit.o)
                              ../lib/pegasus_crt.a(main.o) (do_fork)
../lib/pegasus_crt.a(mem.o)   ../lib/pegasus_crt.a(kernel_main_old.o) (ptr_pde)
../lib/pegasus_crt.a(my_process.o)
                              ../lib/pegasus_crt.a(forkexit.o) (fork_process)
../lib/pegasus_crt.a(switch_to.o)
                              ../lib/pegasus_crt.a(process.o) (switch_to)
../lib/pegasus_crt.a(thread.o)
                              ../lib/pegasus_crt.a(my_process.o) (thread_init)

Allocating common symbols
Common symbol       size              file

current_tty         0x4               ../lib/pegasus_crt.a(exit.o)
file_desc_table     0x400             ../lib/pegasus_crt.a(fs_main.o)
is_e0               0x1               ../lib/pegasus_crt.a(exit.o)
phy_super_block_buf
                    0x4               ../lib/pegasus_crt.a(fs_main.o)
phy_fsbuf           0x4               ../lib/pegasus_crt.a(fs_main.o)
idt_ptr             0x6               ../lib/pegasus_crt.a(exit.o)
pid                 0x4               ../lib/pegasus_crt.a(exit.o)
KernelVirtualMemory
                    0xc               ../lib/pegasus_crt.a(kernel_main_old.o)
inode_table         0xa00             ../lib/pegasus_crt.a(fs_main.o)
dis_pos             0x4               ../lib/pegasus_crt.a(exit.o)
k_reenter           0x4               ../lib/pegasus_crt.a(exit.o)
super_block_buf     0x4               ../lib/pegasus_crt.a(fs_main.o)
gdt                 0x400             ../lib/pegasus_crt.a(exit.o)
proc_ready_table    0x4               ../lib/pegasus_crt.a(exit.o)
test_ticks          0x4               ../lib/pegasus_crt.a(exit.o)
hd_info             0x224             ../lib/pegasus_crt.a(hd.o)
proc_stack          0x70000           ../lib/pegasus_crt.a(global.o)
pcaller             0x4               ../lib/pegasus_crt.a(exit.o)
keyboard_buffer     0x20c             ../lib/pegasus_crt.a(exit.o)
pcb_list            0x10              ../lib/pegasus_crt.a(exit.o)
gdt_index           0x4               ../lib/pegasus_crt.a(exit.o)
tty_table           0x828             ../lib/pegasus_crt.a(exit.o)
tss                 0x6c              ../lib/pegasus_crt.a(exit.o)
KernelPool          0x10              ../lib/pegasus_crt.a(kernel_main_old.o)
fsbuf               0x4               ../lib/pegasus_crt.a(fs_main.o)
root                0x28              ../lib/pegasus_crt.a(fs_main.o)
kernel_mem_block_decs_array
                    0xf0              ../lib/pegasus_crt.a(mem.o)
counter             0x4               ../lib/pegasus_crt.a(exit.o)
key_pressed         0x4               ../lib/pegasus_crt.a(exit.o)
is_shift            0x1               ../lib/pegasus_crt.a(exit.o)
gdt_ptr             0x6               ../lib/pegasus_crt.a(exit.o)
idt                 0x800             ../lib/pegasus_crt.a(exit.o)
main_thread         0x4               ../lib/pegasus_crt.a(exit.o)
ticks               0x8               ../lib/pegasus_crt.a(exit.o)
is_init             0x1               ../lib/pegasus_crt.a(exit.o)
UserPool            0x10              ../lib/pegasus_crt.a(kernel_main_old.o)
all_pcb_list        0x10              ../lib/pegasus_crt.a(exit.o)
console_table       0x10              ../lib/pegasus_crt.a(exit.o)
is_disp             0x1               ../lib/pegasus_crt.a(exit.o)
proc_table          0x15a0            ../lib/pegasus_crt.a(global.o)
hd_cache            0x200             ../lib/pegasus_crt.a(hd.o)

Discarded input sections

 .note.GNU-stack
                0x0000000000000000        0x0 test.o
 .note.GNU-stack
                0x0000000000000000        0x0 ../lib/pegasus_crt.a(exit.o)
 .note.GNU-stack
                0x0000000000000000        0x0 ../lib/pegasus_crt.a(kernel_main_old.o)
 .note.GNU-stack
                0x0000000000000000        0x0 ../lib/pegasus_crt.a(double_link_list.o)
 .note.GNU-stack
                0x0000000000000000        0x0 ../lib/pegasus_crt.a(kernel_main.o)
 .note.GNU-stack
                0x0000000000000000        0x0 ../lib/pegasus_crt.a(hd.o)
 .note.GNU-stack
                0x0000000000000000        0x0 ../lib/pegasus_crt.a(fs_main.o)
 .note.GNU-stack
                0x0000000000000000        0x0 ../lib/pegasus_crt.a(global.o)
 .note.GNU-stack
                0x0000000000000000        0x0 ../lib/pegasus_crt.a(process.o)
 .note.GNU-stack
                0x0000000000000000        0x0 ../lib/pegasus_crt.a(protect.o)
 .note.GNU-stack
                0x0000000000000000        0x0 ../lib/pegasus_crt.a(console.o)
 .note.GNU-stack
                0x0000000000000000        0x0 ../lib/pegasus_crt.a(keyboard.o)
 .note.GNU-stack
                0x0000000000000000        0x0 ../lib/pegasus_crt.a(open.o)
 .note.GNU-stack
                0x0000000000000000        0x0 ../lib/pegasus_crt.a(read.o)
 .note.GNU-stack
                0x0000000000000000        0x0 ../lib/pegasus_crt.a(write.o)
 .note.GNU-stack
                0x0000000000000000        0x0 ../lib/pegasus_crt.a(close.o)
 .note.GNU-stack
                0x0000000000000000        0x0 ../lib/pegasus_crt.a(wait.o)
 .note.GNU-stack
                0x0000000000000000        0x0 ../lib/pegasus_crt.a(fork.o)
 .note.GNU-stack
                0x0000000000000000        0x0 ../lib/pegasus_crt.a(exec.o)
 .note.GNU-stack
                0x0000000000000000        0x0 ../lib/pegasus_crt.a(main.o)
 .note.GNU-stack
                0x0000000000000000        0x0 ../lib/pegasus_crt.a(exec.o)
 .note.GNU-stack
                0x0000000000000000        0x0 ../lib/pegasus_crt.a(forkexit.o)
 .note.GNU-stack
                0x0000000000000000        0x0 ../lib/pegasus_crt.a(mem.o)
 .note.GNU-stack
                0x0000000000000000        0x0 ../lib/pegasus_crt.a(my_process.o)
 .note.GNU-stack
                0x0000000000000000        0x0 ../lib/pegasus_crt.a(thread.o)

Memory Configuration

Name             Origin             Length             Attributes
*default*        0x0000000000000000 0xffffffffffffffff

Linker script and memory map

Address of section .text set to 0xc0001500
LOAD test.o
LOAD start.o
LOAD ../lib/pegasus_crt.a
                [!provide]                        PROVIDE (__executable_start = SEGMENT_START ("text-segment", 0x8048000))
                0x0000000008048094                . = (SEGMENT_START ("text-segment", 0x8048000) + SIZEOF_HEADERS)

.interp
 *(.interp)

.note.gnu.build-id
 *(.note.gnu.build-id)

.hash
 *(.hash)

.gnu.hash
 *(.gnu.hash)

.dynsym
 *(.dynsym)

.dynstr
 *(.dynstr)

.gnu.version
 *(.gnu.version)

.gnu.version_d
 *(.gnu.version_d)

.gnu.version_r
 *(.gnu.version_r)

.rel.dyn        0x0000000008048094        0x0
 *(.rel.init)
 *(.rel.text .rel.text.* .rel.gnu.linkonce.t.*)
 .rel.text      0x0000000008048094        0x0 test.o
 *(.rel.fini)
 *(.rel.rodata .rel.rodata.* .rel.gnu.linkonce.r.*)
 *(.rel.data.rel.ro .rel.data.rel.ro.* .rel.gnu.linkonce.d.rel.ro.*)
 *(.rel.data .rel.data.* .rel.gnu.linkonce.d.*)
 *(.rel.tdata .rel.tdata.* .rel.gnu.linkonce.td.*)
 *(.rel.tbss .rel.tbss.* .rel.gnu.linkonce.tb.*)
 *(.rel.ctors)
 *(.rel.dtors)
 *(.rel.got)
 .rel.got       0x0000000008048094        0x0 test.o
 *(.rel.bss .rel.bss.* .rel.gnu.linkonce.b.*)
 *(.rel.ifunc)

.rel.plt        0x0000000008048094        0x0
 *(.rel.plt)
                [!provide]                        PROVIDE (__rel_iplt_start = .)
 *(.rel.iplt)
 .rel.iplt      0x0000000008048094        0x0 test.o
                [!provide]                        PROVIDE (__rel_iplt_end = .)

.init
 *(SORT_NONE(.init))

.plt            0x0000000008048098        0x0
 *(.plt)
 *(.iplt)
 .iplt          0x0000000008048098        0x0 test.o

.plt.got
 *(.plt.got)

.plt.sec
 *(.plt.sec)

.text           0x00000000c0001500     0x9ea7
 *(.text.unlikely .text.*_unlikely .text.unlikely.*)
 *(.text.exit .text.exit.*)
 *(.text.startup .text.startup.*)
 *(.text.hot .text.hot.*)
 *(.text .stub .text.* .gnu.linkonce.t.*)
 .text          0x00000000c0001500       0x3e test.o
                0x00000000c0001500                main
 *fill*         0x00000000c000153e        0x2 
 .text          0x00000000c0001540       0x10 start.o
                0x00000000c0001540                _start
 .text          0x00000000c0001550       0x29 ../lib/pegasus_crt.a(exit.o)
                0x00000000c0001550                exit
 .text          0x00000000c0001579     0x2c63 ../lib/pegasus_crt.a(kernel_main_old.o)
                0x00000000c0001579                intr_enable
                0x00000000c00015a2                intr_disable
                0x00000000c00015cb                intr_set_status
                0x00000000c00015e9                intr_get_status
                0x00000000c0001606                Memcpy
                0x00000000c0001639                untar
                0x00000000c0001843                atoi
                0x00000000c00018e9                disp_int
                0x00000000c0001912                do_page_fault
                0x00000000c0001a4f                exception_handler
                0x00000000c0001c20                exception_handler2
                0x00000000c0001dc1                init_internal_interrupt
                0x00000000c0001f36                test
                0x00000000c0001f5f                disp_str_colour3
                0x00000000c0001f65                spurious_irq
                0x00000000c0001ff3                init_keyboard
                0x00000000c0002060                init2
                0x00000000c000208e                u_thread_a
                0x00000000c00020a6                kernel_main2
                0x00000000c0002316                TestTTY
                0x00000000c00023b5                TestFS
                0x00000000c00027bd                wait_exit
                0x00000000c000288b                INIT_fork
                0x00000000c0002b6e                simple_shell
                0x00000000c0002d45                test_split_str
                0x00000000c0002ed2                test_shell
                0x00000000c0002f4a                test_exec
                0x00000000c0003012                INIT
                0x00000000c000301f                TestA
                0x00000000c0003054                delay
                0x00000000c0003098                TestB
                0x00000000c00030b0                TestC
                0x00000000c00030e3                sys_get_ticks
                0x00000000c00030f3                sys_write
                0x00000000c0003147                milli_delay
                0x00000000c0003183                TaskSys
                0x00000000c0003188                Printf
                0x00000000c00031e6                vsprintf
                0x00000000c0003392                printx
                0x00000000c00033d5                sys_printx
                0x00000000c00034a1                spin
                0x00000000c00034c7                panic
                0x00000000c00034e5                assertion_failure
                0x00000000c000351c                dead_lock
                0x00000000c0003526                sys_send_msg
                0x00000000c000390d                sys_receive_msg
                0x00000000c0003e0b                disp_str_colour_debug
                0x00000000c0003e11                send_rec
                0x00000000c0003f0d                block
                0x00000000c0003f49                unblock
                0x00000000c0003f99                get_ticks_ipc
                0x00000000c0003fe4                itoa
                0x00000000c000403a                i2a
                0x00000000c00040a0                inform_int
                0x00000000c000416d                strcmp
 .text          0x00000000c00041dc      0x329 ../lib/pegasus_crt.a(double_link_list.o)
                0x00000000c00041dc                initDoubleLinkList
                0x00000000c000420a                isListEmpty
                0x00000000c000422b                findElementInList
                0x00000000c0004307                appendToDoubleLinkList
                0x00000000c00043ee                insertToDoubleLinkList
                0x00000000c0004471                popFromDoubleLinkList
 *fill*         0x00000000c0004505        0xb 
 .text          0x00000000c0004510      0x318 ../lib/pegasus_crt.a(kernel.o)
                0x00000000c0004510                InterruptTest
                0x00000000c000451c                disp_str
                0x00000000c0004557                disp_str_colour
                0x00000000c0004593                divide_zero_fault
                0x00000000c0004599                single_step_fault
                0x00000000c000459f                non_maskable_interrupt
                0x00000000c00045a5                breakpoint_trap
                0x00000000c00045ab                overflow_trap
                0x00000000c00045b1                bound_range_exceeded_fault
                0x00000000c00045b7                invalid_opcode_fault
                0x00000000c00045bd                coprocessor_not_available_fault
                0x00000000c00045c3                double_fault_exception_abort
                0x00000000c00045c7                coprocessor_segment_overrun
                0x00000000c00045cd                invalid_task_state_segment_fault
                0x00000000c00045d1                segment_not_present_fault
                0x00000000c00045d5                stack_exception_fault
                0x00000000c00045d9                general_protection_exception_fault
                0x00000000c00045dd                page_fault
                0x00000000c00045e1                coprocessor_error_fault
                0x00000000c00045e7                align_check_fault
                0x00000000c00045eb                simd_float_exception_fault
                0x00000000c00045fa                hwint0
                0x00000000c0004627                hwint1
                0x00000000c0004669                hwint14
                0x00000000c00046a7                sys_call
                0x00000000c00046ec                fork_restart
                0x00000000c00046f5                restart
                0x00000000c0004716                in_byte
                0x00000000c0004722                out_byte
                0x00000000c0004744                disable_int
                0x00000000c0004746                enable_int
                0x00000000c00047dc                enable_8259A_casecade_irq
                0x00000000c00047e6                disable_8259A_casecade_irq
                0x00000000c00047f0                enable_8259A_slave_winchester_irq
                0x00000000c00047fa                disable_8259A_slave_winchester_irq
                0x00000000c0004804                update_cr3
                0x00000000c0004811                update_tss
                0x00000000c0004820                get_running_thread_pcb
 .text          0x00000000c0004828      0x286 ../lib/pegasus_crt.a(kernel_main.o)
                0x00000000c0004828                kernel_main
                0x00000000c0004903                init
                0x00000000c00049b3                kernel_thread_a
                0x00000000c0004a00                kernel_thread_b
                0x00000000c0004a4d                kernel_thread_c
                0x00000000c0004a63                kernel_thread_d
                0x00000000c0004a79                user_proc_a
                0x00000000c0004a96                user_proc_b
 .text          0x00000000c0004aae      0xe06 ../lib/pegasus_crt.a(hd.o)
                0x00000000c0004aae                TaskHD
                0x00000000c0004af3                init_hd
                0x00000000c0004b0d                hd_handle
                0x00000000c0004c12                hd_cmd_out
                0x00000000c0004d14                hd_identify
                0x00000000c0004dcb                print_hdinfo
                0x00000000c0004f59                print_dpt_entry
                0x00000000c0004fc5                get_partition_table
                0x00000000c00050a4                partition
                0x00000000c00052be                hd_open
                0x00000000c0005355                get_hd_ioctl
                0x00000000c00053f6                wait_for
                0x00000000c0005427                interrupt_wait
                0x00000000c0005478                hd_rdwt
                0x00000000c000571f                hd_handler
                0x00000000c000574b                waitfor
                0x00000000c000578f                print_hd_info
                0x00000000c000587c                is_empty
 *fill*         0x00000000c00058b4        0xc 
 .text          0x00000000c00058c0       0x89 ../lib/pegasus_crt.a(syscall.o)
                0x00000000c00058c0                get_ticks
                0x00000000c00058c8                write2
                0x00000000c00058d8                write_debug
                0x00000000c00058f8                send_msg
                0x00000000c000591e                receive_msg
                0x00000000c0005934                sys_malloc
 .text          0x00000000c0005949     0x200a ../lib/pegasus_crt.a(fs_main.o)
                0x00000000c0005949                task_fs
                0x00000000c0005b26                rd_wt
                0x00000000c0005c00                mkfs
                0x00000000c00061e2                init_fs
                0x00000000c0006237                do_open
                0x00000000c0006406                search_file
                0x00000000c0006538                strip_path
                0x00000000c0006604                get_inode
                0x00000000c00067c6                create_file
                0x00000000c00068d1                alloc_imap_bit
                0x00000000c00069ce                alloc_smap_bit
                0x00000000c0006b6f                new_inode
                0x00000000c0006c8d                new_dir_entry
                0x00000000c0006e99                do_unlink
                0x00000000c0007375                do_rdwt
                0x00000000c0007707                sync_inode
                0x00000000c000785b                put_inode
                0x00000000c0007899                do_close
                0x00000000c00078eb                get_super_block
 .text          0x00000000c0007953        0x0 ../lib/pegasus_crt.a(global.o)
 .text          0x00000000c0007953      0x540 ../lib/pegasus_crt.a(process.o)
                0x00000000c0007953                check
                0x00000000c000799d                schedule_process
                0x00000000c0007db2                clock_handler
                0x00000000c0007e0a                pid2proc
                0x00000000c0007e7c                proc2pid
 .text          0x00000000c0007e93      0x3a0 ../lib/pegasus_crt.a(protect.o)
                0x00000000c0007e93                InitDescriptor
                0x00000000c0007f00                Seg2PhyAddr
                0x00000000c0007f41                Seg2PhyAddrLDT
                0x00000000c0007f85                VirAddr2PhyAddr
                0x00000000c0007f9b                v2l
                0x00000000c0007fde                init_propt
                0x00000000c000814c                InitInterruptDesc
                0x00000000c00081a8                ReloadGDT
 .text          0x00000000c0008233      0xaba ../lib/pegasus_crt.a(console.o)
                0x00000000c0008233                select_console
                0x00000000c000826f                flush
                0x00000000c00082a8                set_cursor
                0x00000000c0008306                set_console_start_video_addr
                0x00000000c0008364                put_key
                0x00000000c00083d0                scroll_up
                0x00000000c0008412                scroll_down
                0x00000000c000847d                out_char
                0x00000000c000863a                tty_dev_read
                0x00000000c0008664                tty_dev_write
                0x00000000c0008880                tty_do_read
                0x00000000c0008948                tty_do_write
                0x00000000c0008aac                init_screen
                0x00000000c0008b35                init_tty
                0x00000000c0008bea                TaskTTY
 .text          0x00000000c0008ced      0x40f ../lib/pegasus_crt.a(keyboard.o)
                0x00000000c0008ced                keyboard_handler
                0x00000000c0008d71                read_from_keyboard_buf
                0x00000000c0008dd7                keyboard_read
                0x00000000c0008f56                init_keyboard_handler
                0x00000000c0008f6a                in_process
 .text          0x00000000c00090fc       0x85 ../lib/pegasus_crt.a(open.o)
                0x00000000c00090fc                open
 .text          0x00000000c0009181       0x74 ../lib/pegasus_crt.a(read.o)
                0x00000000c0009181                read
 .text          0x00000000c00091f5       0x74 ../lib/pegasus_crt.a(write.o)
                0x00000000c00091f5                write
 .text          0x00000000c0009269       0x4c ../lib/pegasus_crt.a(close.o)
                0x00000000c0009269                close
 .text          0x00000000c00092b5       0x3e ../lib/pegasus_crt.a(wait.o)
                0x00000000c00092b5                wait
 .text          0x00000000c00092f3       0x5f ../lib/pegasus_crt.a(fork.o)
                0x00000000c00092f3                fork
 .text          0x00000000c0009352      0x235 ../lib/pegasus_crt.a(exec.o)
                0x00000000c0009352                exec
                0x00000000c00093bd                execv
                0x00000000c0009562                execl
 .text          0x00000000c0009587      0x145 ../lib/pegasus_crt.a(main.o)
                0x00000000c0009587                TaskMM
                0x00000000c00096ad                alloc_mem
 .text          0x00000000c00096cc      0x345 ../lib/pegasus_crt.a(exec.o)
                0x00000000c00096cc                do_exec2
                0x00000000c00096e0                do_exec
 .text          0x00000000c0009a11      0x285 ../lib/pegasus_crt.a(forkexit.o)
                0x00000000c0009a11                do_fork
                0x00000000c0009a7c                do_exit
                0x00000000c0009b78                do_wait
                0x00000000c0009c42                cleanup
 .text          0x00000000c0009c96      0xe87 ../lib/pegasus_crt.a(mem.o)
                0x00000000c0009c96                init_bitmap
                0x00000000c0009cb9                test_bit_val
                0x00000000c0009d22                set_bit_val
                0x00000000c0009d9d                set_bits
                0x00000000c0009dd7                get_first_free_bit
                0x00000000c0009e1b                get_bits
                0x00000000c0009ee3                get_a_page2
                0x00000000c0009f12                get_a_page
                0x00000000c0009fa1                get_virtual_address
                0x00000000c000a031                ptr_pde
                0x00000000c000a044                ptr_pte
                0x00000000c000a06b                add_map_entry
                0x00000000c000a0f9                alloc_virtual_memory
                0x00000000c000a1c0                get_physical_address
                0x00000000c000a1f2                alloc_physical_memory
                0x00000000c000a2a8                alloc_memory
                0x00000000c000a30a                get_a_virtual_page
                0x00000000c000a334                block2arena
                0x00000000c000a34a                sys_malloc2
                0x00000000c000a5bb                remove_map_entry
                0x00000000c000a5dc                free_a_page
                0x00000000c000a683                sys_free
                0x00000000c000a68c                init_memory_block_desc
                0x00000000c000a75d                init_memory2
                0x00000000c000a9d4                init_memory
 .text          0x00000000c000ab1d      0x6b5 ../lib/pegasus_crt.a(my_process.o)
                0x00000000c000ab1d                create_user_process_address_space
                0x00000000c000abad                user_process
                0x00000000c000acbc                clone_pcb
                0x00000000c000adc0                build_body_stack
                0x00000000c000aef3                build_process_kernel_stack
                0x00000000c000afb6                fork_process
                0x00000000c000b061                process_execute
 *fill*         0x00000000c000b1d2        0xe 
 .text          0x00000000c000b1e0       0x15 ../lib/pegasus_crt.a(switch_to.o)
                0x00000000c000b1e0                switch_to
 .text          0x00000000c000b1f5      0x1b2 ../lib/pegasus_crt.a(thread.o)
                0x00000000c000b1f5                kernel_thread
                0x00000000c000b20d                thread_init
                0x00000000c000b2ba                thread_create
                0x00000000c000b2ef                thread_start
 *(.gnu.warning)

.fini
 *(SORT_NONE(.fini))
                [!provide]                        PROVIDE (__etext = .)
                [!provide]                        PROVIDE (_etext = .)
                [!provide]                        PROVIDE (etext = .)

.rodata         0x00000000c000b3c0      0xcf0
 *(.rodata .rodata.* .gnu.linkonce.r.*)
 .rodata        0x00000000c000b3c0       0x10 test.o
 *fill*         0x00000000c000b3d0       0x10 
 .rodata        0x00000000c000b3e0      0x7ad ../lib/pegasus_crt.a(kernel_main_old.o)
 .rodata        0x00000000c000bb8d       0x2c ../lib/pegasus_crt.a(double_link_list.o)
 .rodata        0x00000000c000bbb9       0xa3 ../lib/pegasus_crt.a(kernel_main.o)
 .rodata        0x00000000c000bc5c      0x19c ../lib/pegasus_crt.a(hd.o)
 .rodata        0x00000000c000bdf8      0x1eb ../lib/pegasus_crt.a(fs_main.o)
                0x00000000c000bdf8                FSBUF_SIZE
 .rodata        0x00000000c000bfe3       0x22 ../lib/pegasus_crt.a(console.o)
 .rodata        0x00000000c000c005       0x24 ../lib/pegasus_crt.a(close.o)
 .rodata        0x00000000c000c029       0x1b ../lib/pegasus_crt.a(fork.o)
 .rodata        0x00000000c000c044       0x31 ../lib/pegasus_crt.a(exec.o)
 .rodata        0x00000000c000c075       0x11 ../lib/pegasus_crt.a(main.o)
 .rodata        0x00000000c000c086       0x2a ../lib/pegasus_crt.a(mem.o)

.txt            0x00000000c000c0b0       0xaa
 .txt           0x00000000c000c0b0       0x82 ../lib/pegasus_crt.a(string.o)
                0x00000000c000c0b0                Memcpy2
                0x00000000c000c0de                Memset
                0x00000000c000c0fd                Strcpy
                0x00000000c000c117                Strlen
 .txt           0x00000000c000c132       0x28 ../lib/pegasus_crt.a(hd_rdwt.o)
                0x00000000c000c132                read_port
                0x00000000c000c146                write_port

.rodata1
 *(.rodata1)

.eh_frame_hdr
 *(.eh_frame_hdr)
 *(.eh_frame_entry .eh_frame_entry.*)

.eh_frame       0x00000000c000c15c     0x1878
 *(.eh_frame)
 .eh_frame      0x00000000c000c15c       0x44 test.o
 .eh_frame      0x00000000c000c1a0       0x20 ../lib/pegasus_crt.a(exit.o)
                                         0x38 (size before relaxing)
 .eh_frame      0x00000000c000c1c0      0x6e0 ../lib/pegasus_crt.a(kernel_main_old.o)
                                        0x6f8 (size before relaxing)
 .eh_frame      0x00000000c000c8a0       0xc0 ../lib/pegasus_crt.a(double_link_list.o)
                                         0xd8 (size before relaxing)
 .eh_frame      0x00000000c000c960       0xe4 ../lib/pegasus_crt.a(kernel_main.o)
                                         0xfc (size before relaxing)
 .eh_frame      0x00000000c000ca44      0x244 ../lib/pegasus_crt.a(hd.o)
                                        0x25c (size before relaxing)
 .eh_frame      0x00000000c000cc88      0x27c ../lib/pegasus_crt.a(fs_main.o)
                                        0x294 (size before relaxing)
 .eh_frame      0x00000000c000cf04       0xa0 ../lib/pegasus_crt.a(process.o)
                                         0xb8 (size before relaxing)
 .eh_frame      0x00000000c000cfa4      0x100 ../lib/pegasus_crt.a(protect.o)
                                        0x118 (size before relaxing)
 .eh_frame      0x00000000c000d0a4      0x1e0 ../lib/pegasus_crt.a(console.o)
                                        0x1f8 (size before relaxing)
 .eh_frame      0x00000000c000d284       0xa0 ../lib/pegasus_crt.a(keyboard.o)
                                         0xb8 (size before relaxing)
 .eh_frame      0x00000000c000d324       0x20 ../lib/pegasus_crt.a(open.o)
                                         0x38 (size before relaxing)
 .eh_frame      0x00000000c000d344       0x20 ../lib/pegasus_crt.a(read.o)
                                         0x38 (size before relaxing)
 .eh_frame      0x00000000c000d364       0x20 ../lib/pegasus_crt.a(write.o)
                                         0x38 (size before relaxing)
 .eh_frame      0x00000000c000d384       0x20 ../lib/pegasus_crt.a(close.o)
                                         0x38 (size before relaxing)
 .eh_frame      0x00000000c000d3a4       0x20 ../lib/pegasus_crt.a(wait.o)
                                         0x38 (size before relaxing)
 .eh_frame      0x00000000c000d3c4       0x20 ../lib/pegasus_crt.a(fork.o)
                                         0x38 (size before relaxing)
 .eh_frame      0x00000000c000d3e4       0x64 ../lib/pegasus_crt.a(exec.o)
                                         0x7c (size before relaxing)
 .eh_frame      0x00000000c000d448       0x3c ../lib/pegasus_crt.a(main.o)
                                         0x54 (size before relaxing)
 .eh_frame      0x00000000c000d484       0x4c ../lib/pegasus_crt.a(exec.o)
                                         0x64 (size before relaxing)
 .eh_frame      0x00000000c000d4d0       0x80 ../lib/pegasus_crt.a(forkexit.o)
                                         0x98 (size before relaxing)
 .eh_frame      0x00000000c000d550      0x324 ../lib/pegasus_crt.a(mem.o)
                                        0x33c (size before relaxing)
 .eh_frame      0x00000000c000d874       0xe0 ../lib/pegasus_crt.a(my_process.o)
                                         0xf8 (size before relaxing)
 .eh_frame      0x00000000c000d954       0x80 ../lib/pegasus_crt.a(thread.o)
                                         0x98 (size before relaxing)
 *(.eh_frame.*)

.gcc_except_table
 *(.gcc_except_table .gcc_except_table.*)

.gnu_extab
 *(.gnu_extab*)

.exception_ranges
 *(.exception_ranges .exception_ranges*)
                0x00000000c000f000                . = DATA_SEGMENT_ALIGN (CONSTANT (MAXPAGESIZE), CONSTANT (COMMONPAGESIZE))

.eh_frame
 *(.eh_frame)
 *(.eh_frame.*)

.gnu_extab
 *(.gnu_extab)

.gcc_except_table
 *(.gcc_except_table .gcc_except_table.*)

.exception_ranges
 *(.exception_ranges .exception_ranges*)

.tdata
 *(.tdata .tdata.* .gnu.linkonce.td.*)

.tbss
 *(.tbss .tbss.* .gnu.linkonce.tb.*)
 *(.tcommon)

.preinit_array  0x00000000c000f000        0x0
                [!provide]                        PROVIDE (__preinit_array_start = .)
 *(.preinit_array)
                [!provide]                        PROVIDE (__preinit_array_end = .)

.init_array     0x00000000c000f000        0x0
                [!provide]                        PROVIDE (__init_array_start = .)
 *(SORT_BY_INIT_PRIORITY(.init_array.*) SORT_BY_INIT_PRIORITY(.ctors.*))
 *(.init_array EXCLUDE_FILE(*crtend?.o *crtend.o *crtbegin?.o *crtbegin.o) .ctors)
                [!provide]                        PROVIDE (__init_array_end = .)

.fini_array     0x00000000c000f000        0x0
                [!provide]                        PROVIDE (__fini_array_start = .)
 *(SORT_BY_INIT_PRIORITY(.fini_array.*) SORT_BY_INIT_PRIORITY(.dtors.*))
 *(.fini_array EXCLUDE_FILE(*crtend?.o *crtend.o *crtbegin?.o *crtbegin.o) .dtors)
                [!provide]                        PROVIDE (__fini_array_end = .)

.ctors
 *crtbegin.o(.ctors)
 *crtbegin?.o(.ctors)
 *(EXCLUDE_FILE(*crtend?.o *crtend.o) .ctors)
 *(SORT_BY_NAME(.ctors.*))
 *(.ctors)

.dtors
 *crtbegin.o(.dtors)
 *crtbegin?.o(.dtors)
 *(EXCLUDE_FILE(*crtend?.o *crtend.o) .dtors)
 *(SORT_BY_NAME(.dtors.*))
 *(.dtors)

.jcr
 *(.jcr)

.data.rel.ro
 *(.data.rel.ro.local* .gnu.linkonce.d.rel.ro.local.*)
 *(.data.rel.ro .data.rel.ro.* .gnu.linkonce.d.rel.ro.*)

.dynamic
 *(.dynamic)

.got            0x00000000c000f000        0x0
 *(.got)
 .got           0x00000000c000f000        0x0 test.o
 *(.igot)
                0x00000000c000f000                . = DATA_SEGMENT_RELRO_END (., (SIZEOF (.got.plt) >= 0xc)?0xc:0x0)

.got.plt        0x00000000c000f000        0x0
 *(.got.plt)
 .got.plt       0x00000000c000f000        0x0 test.o
 *(.igot.plt)
 .igot.plt      0x00000000c000f000        0x0 test.o

.data           0x00000000c000f000      0x760
 *(.data .data.* .gnu.linkonce.d.*)
 .data          0x00000000c000f000        0x0 test.o
 .data          0x00000000c000f000        0x0 ../lib/pegasus_crt.a(exit.o)
 .data          0x00000000c000f000        0x0 ../lib/pegasus_crt.a(kernel_main_old.o)
 .data          0x00000000c000f000        0x0 ../lib/pegasus_crt.a(double_link_list.o)
 .data          0x00000000c000f000        0xf ../lib/pegasus_crt.a(kernel.o)
 .data          0x00000000c000f00f        0x0 ../lib/pegasus_crt.a(kernel_main.o)
 .data          0x00000000c000f00f        0x0 ../lib/pegasus_crt.a(hd.o)
 *fill*         0x00000000c000f00f        0x1 
 .data          0x00000000c000f010        0x0 ../lib/pegasus_crt.a(syscall.o)
 .data          0x00000000c000f010        0x0 ../lib/pegasus_crt.a(fs_main.o)
 *fill*         0x00000000c000f010       0x10 
 .data          0x00000000c000f020      0x124 ../lib/pegasus_crt.a(global.o)
                0x00000000c000f020                user_task_table
                0x00000000c000f0a0                sys_task_table
                0x00000000c000f12c                sys_call_table
 .data          0x00000000c000f144        0x0 ../lib/pegasus_crt.a(process.o)
 .data          0x00000000c000f144        0x0 ../lib/pegasus_crt.a(protect.o)
 .data          0x00000000c000f144        0x0 ../lib/pegasus_crt.a(console.o)
 *fill*         0x00000000c000f144       0x1c 
 .data          0x00000000c000f160      0x600 ../lib/pegasus_crt.a(keyboard.o)
                0x00000000c000f160                keymap
 .data          0x00000000c000f760        0x0 ../lib/pegasus_crt.a(open.o)
 .data          0x00000000c000f760        0x0 ../lib/pegasus_crt.a(read.o)
 .data          0x00000000c000f760        0x0 ../lib/pegasus_crt.a(write.o)
 .data          0x00000000c000f760        0x0 ../lib/pegasus_crt.a(close.o)
 .data          0x00000000c000f760        0x0 ../lib/pegasus_crt.a(wait.o)
 .data          0x00000000c000f760        0x0 ../lib/pegasus_crt.a(fork.o)
 .data          0x00000000c000f760        0x0 ../lib/pegasus_crt.a(exec.o)
 .data          0x00000000c000f760        0x0 ../lib/pegasus_crt.a(main.o)
 .data          0x00000000c000f760        0x0 ../lib/pegasus_crt.a(exec.o)
 .data          0x00000000c000f760        0x0 ../lib/pegasus_crt.a(forkexit.o)
 .data          0x00000000c000f760        0x0 ../lib/pegasus_crt.a(mem.o)
 .data          0x00000000c000f760        0x0 ../lib/pegasus_crt.a(my_process.o)
 .data          0x00000000c000f760        0x0 ../lib/pegasus_crt.a(thread.o)

.data1
 *(.data1)
                0x00000000c000f760                _edata = .
                [!provide]                        PROVIDE (edata = .)
                0x00000000c000f760                . = .
                0x00000000c000f760                __bss_start = .

.bss            0x00000000c000f760    0x74910
 *(.dynbss)
 *(.bss .bss.* .gnu.linkonce.b.*)
 .bss           0x00000000c000f760        0x0 test.o
 .bss           0x00000000c000f760        0x0 ../lib/pegasus_crt.a(exit.o)
 .bss           0x00000000c000f760        0x0 ../lib/pegasus_crt.a(kernel_main_old.o)
 .bss           0x00000000c000f760        0x0 ../lib/pegasus_crt.a(double_link_list.o)
 .bss           0x00000000c000f760      0x800 ../lib/pegasus_crt.a(kernel.o)
 .bss           0x00000000c000ff60        0x0 ../lib/pegasus_crt.a(kernel_main.o)
 .bss           0x00000000c000ff60        0x0 ../lib/pegasus_crt.a(hd.o)
 .bss           0x00000000c000ff60        0x4 ../lib/pegasus_crt.a(fs_main.o)
                0x00000000c000ff60                c
 .bss           0x00000000c000ff64        0x0 ../lib/pegasus_crt.a(global.o)
 .bss           0x00000000c000ff64        0x0 ../lib/pegasus_crt.a(process.o)
 .bss           0x00000000c000ff64        0x0 ../lib/pegasus_crt.a(protect.o)
 .bss           0x00000000c000ff64        0x0 ../lib/pegasus_crt.a(console.o)
 .bss           0x00000000c000ff64        0x0 ../lib/pegasus_crt.a(keyboard.o)
 .bss           0x00000000c000ff64        0x0 ../lib/pegasus_crt.a(open.o)
 .bss           0x00000000c000ff64        0x0 ../lib/pegasus_crt.a(read.o)
 .bss           0x00000000c000ff64        0x0 ../lib/pegasus_crt.a(write.o)
 .bss           0x00000000c000ff64        0x0 ../lib/pegasus_crt.a(close.o)
 .bss           0x00000000c000ff64        0x0 ../lib/pegasus_crt.a(wait.o)
 .bss           0x00000000c000ff64        0x0 ../lib/pegasus_crt.a(fork.o)
 .bss           0x00000000c000ff64        0x0 ../lib/pegasus_crt.a(exec.o)
 .bss           0x00000000c000ff64        0x0 ../lib/pegasus_crt.a(main.o)
 .bss           0x00000000c000ff64        0x0 ../lib/pegasus_crt.a(exec.o)
 .bss           0x00000000c000ff64        0x0 ../lib/pegasus_crt.a(forkexit.o)
 .bss           0x00000000c000ff64        0x0 ../lib/pegasus_crt.a(mem.o)
 .bss           0x00000000c000ff64        0x0 ../lib/pegasus_crt.a(my_process.o)
 .bss           0x00000000c000ff64        0x0 ../lib/pegasus_crt.a(thread.o)
 *(COMMON)
 *fill*         0x00000000c000ff64       0x1c 
 COMMON         0x00000000c000ff80     0x1755 ../lib/pegasus_crt.a(exit.o)
                0x00000000c000ff80                current_tty
                0x00000000c000ff84                is_e0
                0x00000000c000ff88                idt_ptr
                0x00000000c000ff90                pid
                0x00000000c000ff94                dis_pos
                0x00000000c000ff98                k_reenter
                0x00000000c000ffa0                gdt
                0x00000000c00103a0                proc_ready_table
                0x00000000c00103a4                test_ticks
                0x00000000c00103a8                pcaller
                0x00000000c00103c0                keyboard_buffer
                0x00000000c00105cc                pcb_list
                0x00000000c00105dc                gdt_index
                0x00000000c00105e0                tty_table
                0x00000000c0010e20                tss
                0x00000000c0010e8c                counter
                0x00000000c0010e90                key_pressed
                0x00000000c0010e94                is_shift
                0x00000000c0010e98                gdt_ptr
                0x00000000c0010ea0                idt
                0x00000000c00116a0                main_thread
                0x00000000c00116a8                ticks
                0x00000000c00116b0                is_init
                0x00000000c00116b4                all_pcb_list
                0x00000000c00116c4                console_table
                0x00000000c00116d4                is_disp
 *fill*         0x00000000c00116d5        0x3 
 COMMON         0x00000000c00116d8       0x2c ../lib/pegasus_crt.a(kernel_main_old.o)
                0x00000000c00116d8                KernelVirtualMemory
                0x00000000c00116e4                KernelPool
                0x00000000c00116f4                UserPool
 *fill*         0x00000000c0011704       0x1c 
 COMMON         0x00000000c0011720      0x440 ../lib/pegasus_crt.a(hd.o)
                0x00000000c0011720                hd_info
                0x00000000c0011960                hd_cache
 COMMON         0x00000000c0011b60      0xe68 ../lib/pegasus_crt.a(fs_main.o)
                0x00000000c0011b60                file_desc_table
                0x00000000c0011f60                phy_super_block_buf
                0x00000000c0011f64                phy_fsbuf
                0x00000000c0011f80                inode_table
                0x00000000c0012980                super_block_buf
                0x00000000c0012984                fsbuf
                0x00000000c00129a0                root
 *fill*         0x00000000c00129c8       0x18 
 COMMON         0x00000000c00129e0    0x715a0 ../lib/pegasus_crt.a(global.o)
                0x00000000c00129e0                proc_stack
                0x00000000c00829e0                proc_table
 COMMON         0x00000000c0083f80       0xf0 ../lib/pegasus_crt.a(mem.o)
                0x00000000c0083f80                kernel_mem_block_decs_array
                0x00000000c0084070                . = ALIGN ((. != 0x0)?0x4:0x1)
                0x00000000c0084070                . = ALIGN (0x4)
                0x00000000c0084070                . = SEGMENT_START ("ldata-segment", .)
                0x00000000c0084070                . = ALIGN (0x4)
                0x00000000c0084070                _end = .
                [!provide]                        PROVIDE (end = .)
                0x00000000c0084070                . = DATA_SEGMENT_END (.)

.stab
 *(.stab)

.stabstr
 *(.stabstr)

.stab.excl
 *(.stab.excl)

.stab.exclstr
 *(.stab.exclstr)

.stab.index
 *(.stab.index)

.stab.indexstr
 *(.stab.indexstr)

.comment        0x0000000000000000       0x2c
 *(.comment)
 .comment       0x0000000000000000       0x2c test.o
                                         0x2d (size before relaxing)
 .comment       0x000000000000002c       0x2d ../lib/pegasus_crt.a(exit.o)
 .comment       0x000000000000002c       0x2d ../lib/pegasus_crt.a(kernel_main_old.o)
 .comment       0x000000000000002c       0x2d ../lib/pegasus_crt.a(double_link_list.o)
 .comment       0x000000000000002c       0x2d ../lib/pegasus_crt.a(kernel_main.o)
 .comment       0x000000000000002c       0x2d ../lib/pegasus_crt.a(hd.o)
 .comment       0x000000000000002c       0x2d ../lib/pegasus_crt.a(fs_main.o)
 .comment       0x000000000000002c       0x2d ../lib/pegasus_crt.a(global.o)
 .comment       0x000000000000002c       0x2d ../lib/pegasus_crt.a(process.o)
 .comment       0x000000000000002c       0x2d ../lib/pegasus_crt.a(protect.o)
 .comment       0x000000000000002c       0x2d ../lib/pegasus_crt.a(console.o)
 .comment       0x000000000000002c       0x2d ../lib/pegasus_crt.a(keyboard.o)
 .comment       0x000000000000002c       0x2d ../lib/pegasus_crt.a(open.o)
 .comment       0x000000000000002c       0x2d ../lib/pegasus_crt.a(read.o)
 .comment       0x000000000000002c       0x2d ../lib/pegasus_crt.a(write.o)
 .comment       0x000000000000002c       0x2d ../lib/pegasus_crt.a(close.o)
 .comment       0x000000000000002c       0x2d ../lib/pegasus_crt.a(wait.o)
 .comment       0x000000000000002c       0x2d ../lib/pegasus_crt.a(fork.o)
 .comment       0x000000000000002c       0x2d ../lib/pegasus_crt.a(exec.o)
 .comment       0x000000000000002c       0x2d ../lib/pegasus_crt.a(main.o)
 .comment       0x000000000000002c       0x2d ../lib/pegasus_crt.a(exec.o)
 .comment       0x000000000000002c       0x2d ../lib/pegasus_crt.a(forkexit.o)
 .comment       0x000000000000002c       0x2d ../lib/pegasus_crt.a(mem.o)
 .comment       0x000000000000002c       0x2d ../lib/pegasus_crt.a(my_process.o)
 .comment       0x000000000000002c       0x2d ../lib/pegasus_crt.a(thread.o)

.gnu.build.attributes
 *(.gnu.build.attributes .gnu.build.attributes.*)

.debug
 *(.debug)

.line
 *(.line)

.debug_srcinfo
 *(.debug_srcinfo)

.debug_sfnames
 *(.debug_sfnames)

.debug_aranges  0x0000000000000000      0x318
 *(.debug_aranges)
 .debug_aranges
                0x0000000000000000       0x20 test.o
 .debug_aranges
                0x0000000000000020       0x20 ../lib/pegasus_crt.a(exit.o)
 .debug_aranges
                0x0000000000000040       0x20 ../lib/pegasus_crt.a(kernel_main_old.o)
 .debug_aranges
                0x0000000000000060       0x20 ../lib/pegasus_crt.a(double_link_list.o)
 .debug_aranges
                0x0000000000000080       0x20 ../lib/pegasus_crt.a(kernel_main.o)
 .debug_aranges
                0x00000000000000a0       0x20 ../lib/pegasus_crt.a(hd.o)
 .debug_aranges
                0x00000000000000c0       0x20 ../lib/pegasus_crt.a(fs_main.o)
 .debug_aranges
                0x00000000000000e0       0x18 ../lib/pegasus_crt.a(global.o)
 .debug_aranges
                0x00000000000000f8       0x20 ../lib/pegasus_crt.a(process.o)
 .debug_aranges
                0x0000000000000118       0x20 ../lib/pegasus_crt.a(protect.o)
 .debug_aranges
                0x0000000000000138       0x20 ../lib/pegasus_crt.a(console.o)
 .debug_aranges
                0x0000000000000158       0x20 ../lib/pegasus_crt.a(keyboard.o)
 .debug_aranges
                0x0000000000000178       0x20 ../lib/pegasus_crt.a(open.o)
 .debug_aranges
                0x0000000000000198       0x20 ../lib/pegasus_crt.a(read.o)
 .debug_aranges
                0x00000000000001b8       0x20 ../lib/pegasus_crt.a(write.o)
 .debug_aranges
                0x00000000000001d8       0x20 ../lib/pegasus_crt.a(close.o)
 .debug_aranges
                0x00000000000001f8       0x20 ../lib/pegasus_crt.a(wait.o)
 .debug_aranges
                0x0000000000000218       0x20 ../lib/pegasus_crt.a(fork.o)
 .debug_aranges
                0x0000000000000238       0x20 ../lib/pegasus_crt.a(exec.o)
 .debug_aranges
                0x0000000000000258       0x20 ../lib/pegasus_crt.a(main.o)
 .debug_aranges
                0x0000000000000278       0x20 ../lib/pegasus_crt.a(exec.o)
 .debug_aranges
                0x0000000000000298       0x20 ../lib/pegasus_crt.a(forkexit.o)
 .debug_aranges
                0x00000000000002b8       0x20 ../lib/pegasus_crt.a(mem.o)
 .debug_aranges
                0x00000000000002d8       0x20 ../lib/pegasus_crt.a(my_process.o)
 .debug_aranges
                0x00000000000002f8       0x20 ../lib/pegasus_crt.a(thread.o)

.debug_pubnames
 *(.debug_pubnames)

.debug_info     0x0000000000000000    0x19e05
 *(.debug_info .gnu.linkonce.wi.*)
 .debug_info    0x0000000000000000       0x79 test.o
 .debug_info    0x0000000000000079      0xce3 ../lib/pegasus_crt.a(exit.o)
 .debug_info    0x0000000000000d5c     0x294f ../lib/pegasus_crt.a(kernel_main_old.o)
 .debug_info    0x00000000000036ab      0xf74 ../lib/pegasus_crt.a(double_link_list.o)
 .debug_info    0x000000000000461f      0xec1 ../lib/pegasus_crt.a(kernel_main.o)
 .debug_info    0x00000000000054e0     0x16e5 ../lib/pegasus_crt.a(hd.o)
 .debug_info    0x0000000000006bc5     0x1e49 ../lib/pegasus_crt.a(fs_main.o)
 .debug_info    0x0000000000008a0e      0xdba ../lib/pegasus_crt.a(global.o)
 .debug_info    0x00000000000097c8      0xf7a ../lib/pegasus_crt.a(process.o)
 .debug_info    0x000000000000a742     0x10e5 ../lib/pegasus_crt.a(protect.o)
 .debug_info    0x000000000000b827     0x1194 ../lib/pegasus_crt.a(console.o)
 .debug_info    0x000000000000c9bb      0xf0e ../lib/pegasus_crt.a(keyboard.o)
 .debug_info    0x000000000000d8c9      0xd20 ../lib/pegasus_crt.a(open.o)
 .debug_info    0x000000000000e5e9      0xd48 ../lib/pegasus_crt.a(read.o)
 .debug_info    0x000000000000f331      0xd51 ../lib/pegasus_crt.a(write.o)
 .debug_info    0x0000000000010082      0xce6 ../lib/pegasus_crt.a(close.o)
 .debug_info    0x0000000000010d68      0xcf1 ../lib/pegasus_crt.a(wait.o)
 .debug_info    0x0000000000011a59      0xcd8 ../lib/pegasus_crt.a(fork.o)
 .debug_info    0x0000000000012731      0xe43 ../lib/pegasus_crt.a(exec.o)
 .debug_info    0x0000000000013574      0xcf6 ../lib/pegasus_crt.a(main.o)
 .debug_info    0x000000000001426a      0xfef ../lib/pegasus_crt.a(exec.o)
 .debug_info    0x0000000000015259      0xeb2 ../lib/pegasus_crt.a(forkexit.o)
 .debug_info    0x000000000001610b     0x1a3d ../lib/pegasus_crt.a(mem.o)
 .debug_info    0x0000000000017b48     0x1331 ../lib/pegasus_crt.a(my_process.o)
 .debug_info    0x0000000000018e79      0xf8c ../lib/pegasus_crt.a(thread.o)

.debug_abbrev   0x0000000000000000     0x338b
 *(.debug_abbrev)
 .debug_abbrev  0x0000000000000000       0x62 test.o
 .debug_abbrev  0x0000000000000062      0x19b ../lib/pegasus_crt.a(exit.o)
 .debug_abbrev  0x00000000000001fd      0x466 ../lib/pegasus_crt.a(kernel_main_old.o)
 .debug_abbrev  0x0000000000000663      0x216 ../lib/pegasus_crt.a(double_link_list.o)
 .debug_abbrev  0x0000000000000879      0x1df ../lib/pegasus_crt.a(kernel_main.o)
 .debug_abbrev  0x0000000000000a58      0x2d0 ../lib/pegasus_crt.a(hd.o)
 .debug_abbrev  0x0000000000000d28      0x2dc ../lib/pegasus_crt.a(fs_main.o)
 .debug_abbrev  0x0000000000001004      0x157 ../lib/pegasus_crt.a(global.o)
 .debug_abbrev  0x000000000000115b      0x203 ../lib/pegasus_crt.a(process.o)
 .debug_abbrev  0x000000000000135e      0x227 ../lib/pegasus_crt.a(protect.o)
 .debug_abbrev  0x0000000000001585      0x297 ../lib/pegasus_crt.a(console.o)
 .debug_abbrev  0x000000000000181c      0x1fb ../lib/pegasus_crt.a(keyboard.o)
 .debug_abbrev  0x0000000000001a17      0x1c5 ../lib/pegasus_crt.a(open.o)
 .debug_abbrev  0x0000000000001bdc      0x1c8 ../lib/pegasus_crt.a(read.o)
 .debug_abbrev  0x0000000000001da4      0x1c8 ../lib/pegasus_crt.a(write.o)
 .debug_abbrev  0x0000000000001f6c      0x19d ../lib/pegasus_crt.a(close.o)
 .debug_abbrev  0x0000000000002109      0x19f ../lib/pegasus_crt.a(wait.o)
 .debug_abbrev  0x00000000000022a8      0x18a ../lib/pegasus_crt.a(fork.o)
 .debug_abbrev  0x0000000000002432      0x1d3 ../lib/pegasus_crt.a(exec.o)
 .debug_abbrev  0x0000000000002605      0x208 ../lib/pegasus_crt.a(main.o)
 .debug_abbrev  0x000000000000280d      0x1f5 ../lib/pegasus_crt.a(exec.o)
 .debug_abbrev  0x0000000000002a02      0x204 ../lib/pegasus_crt.a(forkexit.o)
 .debug_abbrev  0x0000000000002c06      0x330 ../lib/pegasus_crt.a(mem.o)
 .debug_abbrev  0x0000000000002f36      0x233 ../lib/pegasus_crt.a(my_process.o)
 .debug_abbrev  0x0000000000003169      0x222 ../lib/pegasus_crt.a(thread.o)

.debug_line     0x0000000000000000     0x4770
 *(.debug_line .debug_line.* .debug_line_end)
 .debug_line    0x0000000000000000       0x41 test.o
 .debug_line    0x0000000000000041       0xa0 ../lib/pegasus_crt.a(exit.o)
 .debug_line    0x00000000000000e1      0xeb5 ../lib/pegasus_crt.a(kernel_main_old.o)
 .debug_line    0x0000000000000f96      0x253 ../lib/pegasus_crt.a(double_link_list.o)
 .debug_line    0x00000000000011e9      0x187 ../lib/pegasus_crt.a(kernel_main.o)
 .debug_line    0x0000000000001370      0x610 ../lib/pegasus_crt.a(hd.o)
 .debug_line    0x0000000000001980      0xc0a ../lib/pegasus_crt.a(fs_main.o)
 .debug_line    0x000000000000258a       0x95 ../lib/pegasus_crt.a(global.o)
 .debug_line    0x000000000000261f      0x2d7 ../lib/pegasus_crt.a(process.o)
 .debug_line    0x00000000000028f6      0x1fb ../lib/pegasus_crt.a(protect.o)
 .debug_line    0x0000000000002af1      0x54c ../lib/pegasus_crt.a(console.o)
 .debug_line    0x000000000000303d      0x296 ../lib/pegasus_crt.a(keyboard.o)
 .debug_line    0x00000000000032d3       0xbc ../lib/pegasus_crt.a(open.o)
 .debug_line    0x000000000000338f       0xb7 ../lib/pegasus_crt.a(read.o)
 .debug_line    0x0000000000003446       0xb8 ../lib/pegasus_crt.a(write.o)
 .debug_line    0x00000000000034fe       0xad ../lib/pegasus_crt.a(close.o)
 .debug_line    0x00000000000035ab       0xb7 ../lib/pegasus_crt.a(wait.o)
 .debug_line    0x0000000000003662       0xae ../lib/pegasus_crt.a(fork.o)
 .debug_line    0x0000000000003710      0x15b ../lib/pegasus_crt.a(exec.o)
 .debug_line    0x000000000000386b       0xeb ../lib/pegasus_crt.a(main.o)
 .debug_line    0x0000000000003956      0x1d3 ../lib/pegasus_crt.a(exec.o)
 .debug_line    0x0000000000003b29      0x18a ../lib/pegasus_crt.a(forkexit.o)
 .debug_line    0x0000000000003cb3      0x66a ../lib/pegasus_crt.a(mem.o)
 .debug_line    0x000000000000431d      0x30e ../lib/pegasus_crt.a(my_process.o)
 .debug_line    0x000000000000462b      0x145 ../lib/pegasus_crt.a(thread.o)

.debug_frame
 *(.debug_frame)

.debug_str      0x0000000000000000     0x1d13
 *(.debug_str)
 .debug_str     0x0000000000000000       0x93 test.o
                                         0x9d (size before relaxing)
 .debug_str     0x0000000000000093      0x421 ../lib/pegasus_crt.a(exit.o)
                                        0x53b (size before relaxing)
 .debug_str     0x00000000000004b4      0x5c6 ../lib/pegasus_crt.a(kernel_main_old.o)
                                        0xba3 (size before relaxing)
 .debug_str     0x0000000000000a7a       0x97 ../lib/pegasus_crt.a(double_link_list.o)
                                        0x667 (size before relaxing)
 .debug_str     0x0000000000000b11       0x64 ../lib/pegasus_crt.a(kernel_main.o)
                                        0x618 (size before relaxing)
 .debug_str     0x0000000000000b75      0x299 ../lib/pegasus_crt.a(hd.o)
                                        0x89a (size before relaxing)
 .debug_str     0x0000000000000e0e      0x460 ../lib/pegasus_crt.a(fs_main.o)
                                        0xa87 (size before relaxing)
 .debug_str     0x000000000000126e        0x9 ../lib/pegasus_crt.a(global.o)
                                        0x5a6 (size before relaxing)
 .debug_str     0x0000000000001277       0x5c ../lib/pegasus_crt.a(process.o)
                                        0x60b (size before relaxing)
 .debug_str     0x00000000000012d3      0x11b ../lib/pegasus_crt.a(protect.o)
                                        0x701 (size before relaxing)
 .debug_str     0x00000000000013ee      0x10d ../lib/pegasus_crt.a(console.o)
                                        0x6ec (size before relaxing)
 .debug_str     0x00000000000014fb       0x84 ../lib/pegasus_crt.a(keyboard.o)
                                        0x632 (size before relaxing)
 .debug_str     0x000000000000157f       0x20 ../lib/pegasus_crt.a(open.o)
                                        0x565 (size before relaxing)
 .debug_str     0x000000000000159f       0x13 ../lib/pegasus_crt.a(read.o)
                                        0x560 (size before relaxing)
 .debug_str     0x00000000000015b2        0xc ../lib/pegasus_crt.a(write.o)
                                        0x562 (size before relaxing)
 .debug_str     0x00000000000015be        0xc ../lib/pegasus_crt.a(close.o)
                                        0x536 (size before relaxing)
 .debug_str     0x00000000000015ca        0xb ../lib/pegasus_crt.a(wait.o)
                                        0x53b (size before relaxing)
 .debug_str     0x00000000000015d5        0xb ../lib/pegasus_crt.a(fork.o)
                                        0x534 (size before relaxing)
 .debug_str     0x00000000000015e0       0x1a ../lib/pegasus_crt.a(exec.o)
                                        0x55d (size before relaxing)
 .debug_str     0x00000000000015fa       0x32 ../lib/pegasus_crt.a(main.o)
                                        0x52e (size before relaxing)
 .debug_str     0x000000000000162c      0x17b ../lib/pegasus_crt.a(exec.o)
                                        0x6a8 (size before relaxing)
 .debug_str     0x00000000000017a7       0x74 ../lib/pegasus_crt.a(forkexit.o)
                                        0x598 (size before relaxing)
 .debug_str     0x000000000000181b      0x324 ../lib/pegasus_crt.a(mem.o)
                                        0x9c3 (size before relaxing)
 .debug_str     0x0000000000001b3f      0x18a ../lib/pegasus_crt.a(my_process.o)
                                        0x858 (size before relaxing)
 .debug_str     0x0000000000001cc9       0x4a ../lib/pegasus_crt.a(thread.o)
                                        0x6ad (size before relaxing)

.debug_loc
 *(.debug_loc)

.debug_macinfo
 *(.debug_macinfo)

.debug_weaknames
 *(.debug_weaknames)

.debug_funcnames
 *(.debug_funcnames)

.debug_typenames
 *(.debug_typenames)

.debug_varnames
 *(.debug_varnames)

.debug_pubtypes
 *(.debug_pubtypes)

.debug_ranges   0x0000000000000000       0x78
 *(.debug_ranges)
 .debug_ranges  0x0000000000000000       0x18 ../lib/pegasus_crt.a(kernel_main_old.o)
 .debug_ranges  0x0000000000000018       0x48 ../lib/pegasus_crt.a(hd.o)
 .debug_ranges  0x0000000000000060       0x18 ../lib/pegasus_crt.a(exec.o)

.debug_macro
 *(.debug_macro)

.debug_addr
 *(.debug_addr)

.gnu.attributes
 *(.gnu.attributes)

/DISCARD/
 *(.note.GNU-stack)
 *(.gnu_debuglink)
 *(.gnu.lto_*)
 *(.gnu_object_only)
OUTPUT(test elf32-i386)
