
Discarded input sections

 .note.GNU-stack
                0x0000000000000000        0x0 main.o
 .note.GNU-stack
                0x0000000000000000        0x0 a.o
 .note.GNU-stack
                0x0000000000000000        0x0 b.o

Memory Configuration

Name             Origin             Length             Attributes
*default*        0x0000000000000000 0xffffffffffffffff

Linker script and memory map

Address of section .text set to 0x30400
LOAD //lib/libc.so
START GROUP
LOAD /lib/libc.so.6
LOAD /usr/lib/libc_nonshared.a
LOAD /lib/ld-linux.so.2
END GROUP
LOAD main.o
LOAD a.o
LOAD b.o
LOAD kernel.o
                [!provide]                        PROVIDE (__executable_start = SEGMENT_START ("text-segment", 0x8048000))
                0x0000000008048134                . = (SEGMENT_START ("text-segment", 0x8048000) + SIZEOF_HEADERS)

.interp         0x0000000008048134       0x13
 *(.interp)
 .interp        0x0000000008048134       0x13 /lib/libc.so.6

.note.gnu.build-id
 *(.note.gnu.build-id)

.hash           0x0000000008048148       0x18
 *(.hash)
 .hash          0x0000000008048148       0x18 /lib/libc.so.6

.gnu.hash       0x0000000008048160       0x18
 *(.gnu.hash)
 .gnu.hash      0x0000000008048160       0x18 /lib/libc.so.6

.dynsym         0x0000000008048178       0x30
 *(.dynsym)
 .dynsym        0x0000000008048178       0x30 /lib/libc.so.6

.dynstr         0x00000000080481a8       0x21
 *(.dynstr)
 .dynstr        0x00000000080481a8       0x21 /lib/libc.so.6

.gnu.version    0x00000000080481ca        0x6
 *(.gnu.version)
 .gnu.version   0x00000000080481ca        0x6 /lib/libc.so.6

.gnu.version_d  0x00000000080481d0        0x0
 *(.gnu.version_d)
 .gnu.version_d
                0x00000000080481d0        0x0 /lib/libc.so.6

.gnu.version_r  0x00000000080481d0       0x20
 *(.gnu.version_r)
 .gnu.version_r
                0x00000000080481d0       0x20 /lib/libc.so.6

.rel.dyn        0x00000000080481f0        0x0
 *(.rel.init)
 *(.rel.text .rel.text.* .rel.gnu.linkonce.t.*)
 .rel.text      0x00000000080481f0        0x0 /lib/libc.so.6
 *(.rel.fini)
 *(.rel.rodata .rel.rodata.* .rel.gnu.linkonce.r.*)
 *(.rel.data.rel.ro .rel.data.rel.ro.* .rel.gnu.linkonce.d.rel.ro.*)
 .rel.data.rel.ro
                0x00000000080481f0        0x0 /lib/libc.so.6
 *(.rel.data .rel.data.* .rel.gnu.linkonce.d.*)
 *(.rel.tdata .rel.tdata.* .rel.gnu.linkonce.td.*)
 *(.rel.tbss .rel.tbss.* .rel.gnu.linkonce.tb.*)
 *(.rel.ctors)
 *(.rel.dtors)
 *(.rel.got)
 .rel.got       0x00000000080481f0        0x0 /lib/libc.so.6
 *(.rel.bss .rel.bss.* .rel.gnu.linkonce.b.*)
 .rel.bss       0x00000000080481f0        0x0 /lib/libc.so.6
 *(.rel.ifunc)

.rel.plt        0x00000000080481f0       0x10
 *(.rel.plt)
 .rel.plt       0x00000000080481f0       0x10 /lib/libc.so.6
                [!provide]                        PROVIDE (__rel_iplt_start = .)
 *(.rel.iplt)
 .rel.iplt      0x0000000008048200        0x0 /lib/libc.so.6
                [!provide]                        PROVIDE (__rel_iplt_end = .)

.init
 *(SORT_NONE(.init))

.plt            0x0000000008048200       0x30
 *(.plt)
 .plt           0x0000000008048200       0x30 /lib/libc.so.6
                0x0000000008048210                printf@@GLIBC_2.0
                0x0000000008048220                exit@@GLIBC_2.0
 *(.iplt)
 .iplt          0x0000000008048230        0x0 /lib/libc.so.6

.plt.got        0x0000000008048230        0x0
 *(.plt.got)
 .plt.got       0x0000000008048230        0x0 /lib/libc.so.6

.plt.sec
 *(.plt.sec)

.text           0x0000000000030400       0x7b
 *(.text.unlikely .text.*_unlikely .text.unlikely.*)
 *(.text.exit .text.exit.*)
 *(.text.startup .text.startup.*)
 *(.text.hot .text.hot.*)
 *(.text .stub .text.* .gnu.linkonce.t.*)
 .text          0x0000000000030400       0x40 main.o
                0x0000000000030400                main
                0x0000000000030412                say1
                0x0000000000030425                say5
 .text          0x0000000000030440        0x6 a.o
                0x0000000000030440                say2
 .text          0x0000000000030446       0x27 b.o
                0x0000000000030446                say3
 *fill*         0x000000000003046d        0x3 
 .text          0x0000000000030470        0xb kernel.o
                0x0000000000030470                _start
 *(.gnu.warning)

.fini
 *(SORT_NONE(.fini))
                [!provide]                        PROVIDE (__etext = .)
                [!provide]                        PROVIDE (_etext = .)
                [!provide]                        PROVIDE (etext = .)

.rodata         0x000000000003047b        0x8
 *(.rodata .rodata.* .gnu.linkonce.r.*)
 .rodata        0x000000000003047b        0x4 main.o
 .rodata        0x000000000003047f        0x4 b.o

.rodata1
 *(.rodata1)

.eh_frame_hdr
 *(.eh_frame_hdr)
 *(.eh_frame_entry .eh_frame_entry.*)

.eh_frame       0x0000000000030484       0xd8
 *(.eh_frame)
 .eh_frame      0x0000000000030484       0x3c /lib/libc.so.6
                                         0x40 (size before relaxing)
 .eh_frame      0x00000000000304c0        0x0 /lib/libc.so.6
 .eh_frame      0x00000000000304c0       0x60 main.o
                                         0x78 (size before relaxing)
 .eh_frame      0x0000000000030520       0x20 a.o
                                         0x38 (size before relaxing)
 .eh_frame      0x0000000000030540       0x1c b.o
                                         0x34 (size before relaxing)
 *(.eh_frame.*)

.gcc_except_table
 *(.gcc_except_table .gcc_except_table.*)

.gnu_extab
 *(.gnu_extab*)

.exception_ranges
 *(.exception_ranges .exception_ranges*)
                0x0000000000031f58                . = DATA_SEGMENT_ALIGN (CONSTANT (MAXPAGESIZE), CONSTANT (COMMONPAGESIZE))

.eh_frame
 *(.eh_frame)
 *(.eh_frame.*)

.gnu_extab
 *(.gnu_extab)

.gcc_except_table
 *(.gcc_except_table .gcc_except_table.*)

.exception_ranges
 *(.exception_ranges .exception_ranges*)

.tdata
 *(.tdata .tdata.* .gnu.linkonce.td.*)

.tbss
 *(.tbss .tbss.* .gnu.linkonce.tb.*)
 *(.tcommon)

.preinit_array  0x0000000000031f58        0x0
                [!provide]                        PROVIDE (__preinit_array_start = .)
 *(.preinit_array)
                [!provide]                        PROVIDE (__preinit_array_end = .)

.init_array     0x0000000000031f58        0x0
                [!provide]                        PROVIDE (__init_array_start = .)
 *(SORT_BY_INIT_PRIORITY(.init_array.*) SORT_BY_INIT_PRIORITY(.ctors.*))
 *(.init_array EXCLUDE_FILE(*crtend?.o *crtend.o *crtbegin?.o *crtbegin.o) .ctors)
                [!provide]                        PROVIDE (__init_array_end = .)

.fini_array     0x0000000000031f58        0x0
                [!provide]                        PROVIDE (__fini_array_start = .)
 *(SORT_BY_INIT_PRIORITY(.fini_array.*) SORT_BY_INIT_PRIORITY(.dtors.*))
 *(.fini_array EXCLUDE_FILE(*crtend?.o *crtend.o *crtbegin?.o *crtbegin.o) .dtors)
                [!provide]                        PROVIDE (__fini_array_end = .)

.ctors
 *crtbegin.o(.ctors)
 *crtbegin?.o(.ctors)
 *(EXCLUDE_FILE(*crtend?.o *crtend.o) .ctors)
 *(SORT_BY_NAME(.ctors.*))
 *(.ctors)

.dtors
 *crtbegin.o(.dtors)
 *crtbegin?.o(.dtors)
 *(EXCLUDE_FILE(*crtend?.o *crtend.o) .dtors)
 *(SORT_BY_NAME(.dtors.*))
 *(.dtors)

.jcr
 *(.jcr)

.data.rel.ro    0x0000000000031f58        0x0
 *(.data.rel.ro.local* .gnu.linkonce.d.rel.ro.local.*)
 *(.data.rel.ro .data.rel.ro.* .gnu.linkonce.d.rel.ro.*)
 .data.rel.ro   0x0000000000031f58        0x0 /lib/libc.so.6

.dynamic        0x0000000000031f58       0xa8
 *(.dynamic)
 .dynamic       0x0000000000031f58       0xa8 /lib/libc.so.6
                0x0000000000031f58                _DYNAMIC

.got            0x0000000000032000        0x0
 *(.got)
 .got           0x0000000000032000        0x0 /lib/libc.so.6
 *(.igot)
                0x0000000000032ff4                . = DATA_SEGMENT_RELRO_END (., (SIZEOF (.got.plt) >= 0xc)?0xc:0x0)

.got.plt        0x0000000000032000       0x14
 *(.got.plt)
 .got.plt       0x0000000000032000       0x14 /lib/libc.so.6
                0x0000000000032000                _GLOBAL_OFFSET_TABLE_
 *(.igot.plt)
 .igot.plt      0x0000000000032014        0x0 /lib/libc.so.6

.data           0x0000000000032014        0x0
 *(.data .data.* .gnu.linkonce.d.*)
 .data          0x0000000000032014        0x0 main.o
 .data          0x0000000000032014        0x0 a.o
 .data          0x0000000000032014        0x0 b.o

.data1
 *(.data1)
                0x0000000000032014                _edata = .
                [!provide]                        PROVIDE (edata = .)
                0x0000000000032014                . = .
                0x0000000000032014                __bss_start = .

.bss            0x0000000000032014        0x0
 *(.dynbss)
 .dynbss        0x0000000000032014        0x0 /lib/libc.so.6
 *(.bss .bss.* .gnu.linkonce.b.*)
 .bss           0x0000000000032014        0x0 main.o
 .bss           0x0000000000032014        0x0 a.o
 .bss           0x0000000000032014        0x0 b.o
 *(COMMON)
                0x0000000000032014                . = ALIGN ((. != 0x0)?0x4:0x1)
                0x0000000000032014                . = ALIGN (0x4)
                0x0000000000032014                . = SEGMENT_START ("ldata-segment", .)
                0x0000000000032014                . = ALIGN (0x4)
                0x0000000000032014                _end = .
                [!provide]                        PROVIDE (end = .)
                0x0000000000032014                . = DATA_SEGMENT_END (.)

.stab
 *(.stab)

.stabstr
 *(.stabstr)

.stab.excl
 *(.stab.excl)

.stab.exclstr
 *(.stab.exclstr)

.stab.index
 *(.stab.index)

.stab.indexstr
 *(.stab.indexstr)

.comment        0x0000000000000000       0x2c
 *(.comment)
 .comment       0x0000000000000000       0x2c main.o
                                         0x2d (size before relaxing)
 .comment       0x000000000000002c       0x2d a.o
 .comment       0x000000000000002c       0x2d b.o

.gnu.build.attributes
 *(.gnu.build.attributes .gnu.build.attributes.*)

.debug
 *(.debug)

.line
 *(.line)

.debug_srcinfo
 *(.debug_srcinfo)

.debug_sfnames
 *(.debug_sfnames)

.debug_aranges
 *(.debug_aranges)

.debug_pubnames
 *(.debug_pubnames)

.debug_info
 *(.debug_info .gnu.linkonce.wi.*)

.debug_abbrev
 *(.debug_abbrev)

.debug_line
 *(.debug_line .debug_line.* .debug_line_end)

.debug_frame
 *(.debug_frame)

.debug_str
 *(.debug_str)

.debug_loc
 *(.debug_loc)

.debug_macinfo
 *(.debug_macinfo)

.debug_weaknames
 *(.debug_weaknames)

.debug_funcnames
 *(.debug_funcnames)

.debug_typenames
 *(.debug_typenames)

.debug_varnames
 *(.debug_varnames)

.debug_pubtypes
 *(.debug_pubtypes)

.debug_ranges
 *(.debug_ranges)

.debug_macro
 *(.debug_macro)

.debug_addr
 *(.debug_addr)

.gnu.attributes
 *(.gnu.attributes)

/DISCARD/
 *(.note.GNU-stack)
 *(.gnu_debuglink)
 *(.gnu.lto_*)
 *(.gnu_object_only)
OUTPUT(kernel.bin elf32-i386)
