
Allocating common symbols
Common symbol       size              file

current_tty         0x4               kernel_main.o
is_e0               0x1               kernel_main.o
idt_ptr             0x6               kernel_main.o
dis_pos             0x4               kernel_main.o
k_reenter           0x4               kernel_main.o
gdt                 0x400             kernel_main.o
proc_ready_table    0x4               kernel_main.o
hd_info             0x224             hd.o
proc_stack          0x7000            global.o
keyboard_buffer     0x32c             kernel_main.o
tty_table           0x25b0            kernel_main.o
tss                 0x6c              kernel_main.o
counter             0x4               kernel_main.o
is_shift            0x1               kernel_main.o
gdt_ptr             0x6               kernel_main.o
idt                 0x800             kernel_main.o
ticks               0x4               kernel_main.o
console_table       0x30              kernel_main.o
is_disp             0x1               kernel_main.o
proc_table          0x3f0             global.o

Discarded input sections

 .note.GNU-stack
                0x0000000000000000        0x0 kernel_main.o
 .note.GNU-stack
                0x0000000000000000        0x0 hd.o
 .note.GNU-stack
                0x0000000000000000        0x0 fs_main.o
 .note.GNU-stack
                0x0000000000000000        0x0 global.o
 .note.GNU-stack
                0x0000000000000000        0x0 process.o
 .note.GNU-stack
                0x0000000000000000        0x0 protect.o
 .note.GNU-stack
                0x0000000000000000        0x0 console.o
 .note.GNU-stack
                0x0000000000000000        0x0 keyboard.o

Memory Configuration

Name             Origin             Length             Attributes
*default*        0x0000000000000000 0xffffffffffffffff

Linker script and memory map

Address of section .text set to 0x30400
LOAD kernel.o
LOAD string.o
LOAD kernel_main.o
LOAD hd.o
LOAD syscall.o
LOAD fs_main.o
LOAD global.o
LOAD hd_rdwt.o
LOAD process.o
LOAD protect.o
LOAD console.o
LOAD keyboard.o
                [!provide]                        PROVIDE (__executable_start = SEGMENT_START ("text-segment", 0x8048000))
                0x0000000008048094                . = (SEGMENT_START ("text-segment", 0x8048000) + SIZEOF_HEADERS)

.interp
 *(.interp)

.note.gnu.build-id
 *(.note.gnu.build-id)

.hash
 *(.hash)

.gnu.hash
 *(.gnu.hash)

.dynsym
 *(.dynsym)

.dynstr
 *(.dynstr)

.gnu.version
 *(.gnu.version)

.gnu.version_d
 *(.gnu.version_d)

.gnu.version_r
 *(.gnu.version_r)

.rel.dyn        0x0000000008048094        0x0
 *(.rel.init)
 *(.rel.text .rel.text.* .rel.gnu.linkonce.t.*)
 .rel.text      0x0000000008048094        0x0 kernel.o
 *(.rel.fini)
 *(.rel.rodata .rel.rodata.* .rel.gnu.linkonce.r.*)
 *(.rel.data.rel.ro .rel.data.rel.ro.* .rel.gnu.linkonce.d.rel.ro.*)
 *(.rel.data .rel.data.* .rel.gnu.linkonce.d.*)
 *(.rel.tdata .rel.tdata.* .rel.gnu.linkonce.td.*)
 *(.rel.tbss .rel.tbss.* .rel.gnu.linkonce.tb.*)
 *(.rel.ctors)
 *(.rel.dtors)
 *(.rel.got)
 .rel.got       0x0000000008048094        0x0 kernel.o
 *(.rel.bss .rel.bss.* .rel.gnu.linkonce.b.*)
 *(.rel.ifunc)

.rel.plt        0x0000000008048094        0x0
 *(.rel.plt)
                [!provide]                        PROVIDE (__rel_iplt_start = .)
 *(.rel.iplt)
 .rel.iplt      0x0000000008048094        0x0 kernel.o
                [!provide]                        PROVIDE (__rel_iplt_end = .)

.init
 *(SORT_NONE(.init))

.plt            0x0000000008048098        0x0
 *(.plt)
 *(.iplt)
 .iplt          0x0000000008048098        0x0 kernel.o

.plt.got
 *(.plt.got)

.plt.sec
 *(.plt.sec)

.text           0x0000000000030400     0x322c
 *(.text.unlikely .text.*_unlikely .text.unlikely.*)
 *(.text.exit .text.exit.*)
 *(.text.startup .text.startup.*)
 *(.text.hot .text.hot.*)
 *(.text .stub .text.* .gnu.linkonce.t.*)
 .text          0x0000000000030400      0x3c0 kernel.o
                0x0000000000030400                _start
                0x0000000000030477                InterruptTest
                0x0000000000030483                disp_str
                0x00000000000304be                disp_str_colour
                0x00000000000304fa                divide_zero_fault
                0x0000000000030500                single_step_fault
                0x0000000000030506                non_maskable_interrupt
                0x000000000003050c                breakpoint_trap
                0x0000000000030512                overflow_trap
                0x0000000000030518                bound_range_exceeded_fault
                0x000000000003051e                invalid_opcode_fault
                0x0000000000030524                coprocessor_not_available_fault
                0x000000000003052a                double_fault_exception_abort
                0x000000000003052e                coprocessor_segment_overrun
                0x0000000000030534                invalid_task_state_segment_fault
                0x0000000000030538                segment_not_present_fault
                0x000000000003053c                stack_exception_fault
                0x0000000000030540                general_protection_exception_fault
                0x0000000000030544                page_fault
                0x0000000000030548                coprocessor_error_fault
                0x000000000003054e                align_check_fault
                0x0000000000030552                simd_float_exception_fault
                0x0000000000030561                hwint0
                0x00000000000305aa                hwint1
                0x00000000000305f3                hwint14
                0x000000000003063f                sys_call
                0x0000000000030688                restart
                0x00000000000306cc                in_byte
                0x00000000000306d8                out_byte
                0x00000000000306fc                disable_int
                0x00000000000306fe                enable_int
                0x0000000000030794                enable_8259A_casecade_irq
                0x000000000003079f                disable_8259A_casecade_irq
                0x00000000000307aa                enable_8259A_slave_winchester_irq
                0x00000000000307b5                disable_8259A_slave_winchester_irq
 .text          0x00000000000307c0     0x165c kernel_main.o
                0x00000000000307c0                atoi
                0x0000000000030866                disp_int
                0x000000000003088f                exception_handler
                0x0000000000030a1d                init_internal_interrupt
                0x0000000000030b92                test
                0x0000000000030ce7                disp_str_colour3
                0x0000000000030ced                spurious_irq
                0x0000000000030d66                kernel_main
                0x0000000000030fc0                TestA
                0x0000000000031011                delay
                0x0000000000031058                TestB
                0x0000000000031087                TestC
                0x00000000000310ba                sys_get_ticks
                0x00000000000310c4                sys_write
                0x0000000000031115                milli_delay
                0x0000000000031151                TaskSys
                0x00000000000311bb                Printf
                0x0000000000031217                vsprintf
                0x00000000000313c0                printx
                0x0000000000031403                sys_printx
                0x00000000000314e2                spin
                0x00000000000314e7                panic
                0x0000000000031505                assertion_failure
                0x000000000003153e                dead_lock
                0x00000000000315d3                sys_send_msg
                0x0000000000031916                sys_receive_msg
                0x0000000000031c4b                send_rec
                0x0000000000031d03                block
                0x0000000000031d15                unblock
                0x0000000000031d1f                get_ticks_ipc
                0x0000000000031d60                itoa
                0x0000000000031db6                i2a
 .text          0x0000000000031e1c      0x8c8 hd.o
                0x0000000000031e1c                TaskHD
                0x0000000000031e43                init_hd
                0x0000000000031e77                hd_handle
                0x0000000000031ef9                hd_cmd_out
                0x0000000000032098                hd_identify
                0x000000000003216c                print_hdinfo
                0x000000000003236a                print_dpt_entry
                0x000000000003238e                get_partition_table
                0x0000000000032444                partition
                0x000000000003268d                hd_open
 *fill*         0x00000000000326e4        0xc 
 .text          0x00000000000326f0       0x48 syscall.o
                0x00000000000326f0                get_ticks
                0x00000000000326f8                write
                0x0000000000032708                write_debug
                0x0000000000032718                send_msg
                0x0000000000032728                receive_msg
 .text          0x0000000000032738       0x63 fs_main.o
                0x0000000000032738                task_fs
 .text          0x000000000003279b        0x0 global.o
 .text          0x000000000003279b      0x11b process.o
                0x000000000003279b                schedule_process
                0x000000000003282b                clock_handler
                0x0000000000032877                pid2proc
                0x0000000000032897                proc2pid
 .text          0x00000000000328b6      0x35d protect.o
                0x00000000000328b6                InitDescriptor
                0x0000000000032923                Seg2PhyAddr
                0x0000000000032964                Seg2PhyAddrLDT
                0x00000000000329a8                VirAddr2PhyAddr
                0x00000000000329be                init_propt
                0x0000000000032b2c                InitInterruptDesc
                0x0000000000032b88                ReloadGDT
 .text          0x0000000000032c13      0x61c console.o
                0x0000000000032c13                select_console
                0x0000000000032c4f                flush
                0x0000000000032c88                set_cursor
                0x0000000000032ce6                set_console_start_video_addr
                0x0000000000032d44                put_key
                0x0000000000032db0                scroll_up
                0x0000000000032df1                scroll_down
                0x0000000000032e64                out_char
                0x000000000003300b                tty_do_read
                0x0000000000033035                tty_do_write
                0x00000000000330b1                init_screen
                0x0000000000033145                init_tty
                0x00000000000331df                TaskTTY
 .text          0x000000000003322f      0x3fd keyboard.o
                0x000000000003322f                keyboard_handler
                0x00000000000332a7                read_from_keyboard_buf
                0x0000000000033307                keyboard_read
                0x0000000000033486                init_keyboard_handler
                0x000000000003349a                in_process
 *(.gnu.warning)

.fini
 *(SORT_NONE(.fini))
                [!provide]                        PROVIDE (__etext = .)
                [!provide]                        PROVIDE (_etext = .)
                [!provide]                        PROVIDE (etext = .)

.rodata         0x0000000000033640      0x624
 *(.rodata .rodata.* .gnu.linkonce.r.*)
 .rodata        0x0000000000033640      0x51b kernel_main.o
 .rodata        0x0000000000033b5b       0xe4 hd.o
 .rodata        0x0000000000033c3f       0x25 fs_main.o

.txt            0x0000000000033c64       0xaa
 .txt           0x0000000000033c64       0x82 string.o
                0x0000000000033c64                Memcpy
                0x0000000000033c92                Memset
                0x0000000000033cb1                Strcpy
                0x0000000000033ccb                Strlen
 .txt           0x0000000000033ce6       0x28 hd_rdwt.o
                0x0000000000033ce6                read_port
                0x0000000000033cfa                write_port

.rodata1
 *(.rodata1)

.eh_frame_hdr
 *(.eh_frame_hdr)
 *(.eh_frame_entry .eh_frame_entry.*)

.eh_frame       0x0000000000033d10      0x918
 *(.eh_frame)
 .eh_frame      0x0000000000033d10      0x41c kernel_main.o
 .eh_frame      0x000000000003412c      0x13c hd.o
                                        0x154 (size before relaxing)
 .eh_frame      0x0000000000034268       0x20 fs_main.o
                                         0x38 (size before relaxing)
 .eh_frame      0x0000000000034288       0x80 process.o
                                         0x98 (size before relaxing)
 .eh_frame      0x0000000000034308       0xe4 protect.o
                                         0xfc (size before relaxing)
 .eh_frame      0x00000000000343ec      0x19c console.o
                                        0x1b4 (size before relaxing)
 .eh_frame      0x0000000000034588       0xa0 keyboard.o
                                         0xb8 (size before relaxing)
 *(.eh_frame.*)

.gcc_except_table
 *(.gcc_except_table .gcc_except_table.*)

.gnu_extab
 *(.gnu_extab*)

.exception_ranges
 *(.exception_ranges .exception_ranges*)
                0x0000000000036000                . = DATA_SEGMENT_ALIGN (CONSTANT (MAXPAGESIZE), CONSTANT (COMMONPAGESIZE))

.eh_frame
 *(.eh_frame)
 *(.eh_frame.*)

.gnu_extab
 *(.gnu_extab)

.gcc_except_table
 *(.gcc_except_table .gcc_except_table.*)

.exception_ranges
 *(.exception_ranges .exception_ranges*)

.tdata
 *(.tdata .tdata.* .gnu.linkonce.td.*)

.tbss
 *(.tbss .tbss.* .gnu.linkonce.tb.*)
 *(.tcommon)

.preinit_array  0x0000000000036000        0x0
                [!provide]                        PROVIDE (__preinit_array_start = .)
 *(.preinit_array)
                [!provide]                        PROVIDE (__preinit_array_end = .)

.init_array     0x0000000000036000        0x0
                [!provide]                        PROVIDE (__init_array_start = .)
 *(SORT_BY_INIT_PRIORITY(.init_array.*) SORT_BY_INIT_PRIORITY(.ctors.*))
 *(.init_array EXCLUDE_FILE(*crtend?.o *crtend.o *crtbegin?.o *crtbegin.o) .ctors)
                [!provide]                        PROVIDE (__init_array_end = .)

.fini_array     0x0000000000036000        0x0
                [!provide]                        PROVIDE (__fini_array_start = .)
 *(SORT_BY_INIT_PRIORITY(.fini_array.*) SORT_BY_INIT_PRIORITY(.dtors.*))
 *(.fini_array EXCLUDE_FILE(*crtend?.o *crtend.o *crtbegin?.o *crtbegin.o) .dtors)
                [!provide]                        PROVIDE (__fini_array_end = .)

.ctors
 *crtbegin.o(.ctors)
 *crtbegin?.o(.ctors)
 *(EXCLUDE_FILE(*crtend?.o *crtend.o) .ctors)
 *(SORT_BY_NAME(.ctors.*))
 *(.ctors)

.dtors
 *crtbegin.o(.dtors)
 *crtbegin?.o(.dtors)
 *(EXCLUDE_FILE(*crtend?.o *crtend.o) .dtors)
 *(SORT_BY_NAME(.dtors.*))
 *(.dtors)

.jcr
 *(.jcr)

.data.rel.ro
 *(.data.rel.ro.local* .gnu.linkonce.d.rel.ro.local.*)
 *(.data.rel.ro .data.rel.ro.* .gnu.linkonce.d.rel.ro.*)

.dynamic
 *(.dynamic)

.got            0x0000000000036000        0x0
 *(.got)
 .got           0x0000000000036000        0x0 kernel.o
 *(.igot)
                0x0000000000036000                . = DATA_SEGMENT_RELRO_END (., (SIZEOF (.got.plt) >= 0xc)?0xc:0x0)

.got.plt        0x0000000000036000        0x0
 *(.got.plt)
 .got.plt       0x0000000000036000        0x0 kernel.o
 *(.igot.plt)
 .igot.plt      0x0000000000036000        0x0 kernel.o

.data           0x0000000000036000      0x680
 *(.data .data.* .gnu.linkonce.d.*)
 .data          0x0000000000036000        0xf kernel.o
 .data          0x000000000003600f        0x0 kernel_main.o
 .data          0x000000000003600f        0x0 hd.o
 *fill*         0x000000000003600f        0x1 
 .data          0x0000000000036010        0x0 syscall.o
 .data          0x0000000000036010        0x0 fs_main.o
 *fill*         0x0000000000036010       0x10 
 .data          0x0000000000036020       0x54 global.o
                0x0000000000036020                user_task_table
                0x0000000000036040                sys_task_table
                0x0000000000036060                sys_call_table
 .data          0x0000000000036074        0x0 process.o
 .data          0x0000000000036074        0x0 protect.o
 .data          0x0000000000036074        0x0 console.o
 *fill*         0x0000000000036074        0xc 
 .data          0x0000000000036080      0x600 keyboard.o
                0x0000000000036080                keymap

.data1
 *(.data1)
                0x0000000000036680                _edata = .
                [!provide]                        PROVIDE (edata = .)
                0x0000000000036680                . = .
                0x0000000000036680                __bss_start = .

.bss            0x0000000000036680     0xb450
 *(.dynbss)
 *(.bss .bss.* .gnu.linkonce.b.*)
 .bss           0x0000000000036680      0x800 kernel.o
 .bss           0x0000000000036e80        0x0 kernel_main.o
 .bss           0x0000000000036e80        0x0 hd.o
 .bss           0x0000000000036e80        0x0 fs_main.o
 .bss           0x0000000000036e80        0x0 global.o
 .bss           0x0000000000036e80        0x0 process.o
 .bss           0x0000000000036e80        0x0 protect.o
 .bss           0x0000000000036e80        0x0 console.o
 .bss           0x0000000000036e80        0x0 keyboard.o
 *(COMMON)
 COMMON         0x0000000000036e80     0x3611 kernel_main.o
                0x0000000000036e80                current_tty
                0x0000000000036e84                is_e0
                0x0000000000036e88                idt_ptr
                0x0000000000036e90                dis_pos
                0x0000000000036e94                k_reenter
                0x0000000000036ea0                gdt
                0x00000000000372a0                proc_ready_table
                0x00000000000372c0                keyboard_buffer
                0x0000000000037600                tty_table
                0x0000000000039bc0                tss
                0x0000000000039c2c                counter
                0x0000000000039c30                is_shift
                0x0000000000039c34                gdt_ptr
                0x0000000000039c40                idt
                0x000000000003a440                ticks
                0x000000000003a460                console_table
                0x000000000003a490                is_disp
 *fill*         0x000000000003a491        0xf 
 COMMON         0x000000000003a4a0      0x224 hd.o
                0x000000000003a4a0                hd_info
 *fill*         0x000000000003a6c4       0x1c 
 COMMON         0x000000000003a6e0     0x73f0 global.o
                0x000000000003a6e0                proc_stack
                0x00000000000416e0                proc_table
                0x0000000000041ad0                . = ALIGN ((. != 0x0)?0x4:0x1)
                0x0000000000041ad0                . = ALIGN (0x4)
                0x0000000000041ad0                . = SEGMENT_START ("ldata-segment", .)
                0x0000000000041ad0                . = ALIGN (0x4)
                0x0000000000041ad0                _end = .
                [!provide]                        PROVIDE (end = .)
                0x0000000000041ad0                . = DATA_SEGMENT_END (.)

.stab
 *(.stab)

.stabstr
 *(.stabstr)

.stab.excl
 *(.stab.excl)

.stab.exclstr
 *(.stab.exclstr)

.stab.index
 *(.stab.index)

.stab.indexstr
 *(.stab.indexstr)

.comment        0x0000000000000000       0x2c
 *(.comment)
 .comment       0x0000000000000000       0x2c kernel_main.o
                                         0x2d (size before relaxing)
 .comment       0x000000000000002c       0x2d hd.o
 .comment       0x000000000000002c       0x2d fs_main.o
 .comment       0x000000000000002c       0x2d global.o
 .comment       0x000000000000002c       0x2d process.o
 .comment       0x000000000000002c       0x2d protect.o
 .comment       0x000000000000002c       0x2d console.o
 .comment       0x000000000000002c       0x2d keyboard.o

.gnu.build.attributes
 *(.gnu.build.attributes .gnu.build.attributes.*)

.debug
 *(.debug)

.line
 *(.line)

.debug_srcinfo
 *(.debug_srcinfo)

.debug_sfnames
 *(.debug_sfnames)

.debug_aranges  0x0000000000000000       0xf8
 *(.debug_aranges)
 .debug_aranges
                0x0000000000000000       0x20 kernel_main.o
 .debug_aranges
                0x0000000000000020       0x20 hd.o
 .debug_aranges
                0x0000000000000040       0x20 fs_main.o
 .debug_aranges
                0x0000000000000060       0x18 global.o
 .debug_aranges
                0x0000000000000078       0x20 process.o
 .debug_aranges
                0x0000000000000098       0x20 protect.o
 .debug_aranges
                0x00000000000000b8       0x20 console.o
 .debug_aranges
                0x00000000000000d8       0x20 keyboard.o

.debug_pubnames
 *(.debug_pubnames)

.debug_info     0x0000000000000000     0x54b8
 *(.debug_info .gnu.linkonce.wi.*)
 .debug_info    0x0000000000000000     0x1483 kernel_main.o
 .debug_info    0x0000000000001483      0xe0b hd.o
 .debug_info    0x000000000000228e      0x7a0 fs_main.o
 .debug_info    0x0000000000002a2e      0x866 global.o
 .debug_info    0x0000000000003294      0x8db process.o
 .debug_info    0x0000000000003b6f      0xaff protect.o
 .debug_info    0x000000000000466e      0xa8e console.o
 .debug_info    0x00000000000050fc      0x3bc keyboard.o

.debug_abbrev   0x0000000000000000      0xe51
 *(.debug_abbrev)
 .debug_abbrev  0x0000000000000000      0x321 kernel_main.o
 .debug_abbrev  0x0000000000000321      0x212 hd.o
 .debug_abbrev  0x0000000000000533      0x141 fs_main.o
 .debug_abbrev  0x0000000000000674      0x123 global.o
 .debug_abbrev  0x0000000000000797      0x1aa process.o
 .debug_abbrev  0x0000000000000941      0x1af protect.o
 .debug_abbrev  0x0000000000000af0      0x1e2 console.o
 .debug_abbrev  0x0000000000000cd2      0x17f keyboard.o

.debug_line     0x0000000000000000     0x1646
 *(.debug_line .debug_line.* .debug_line_end)
 .debug_line    0x0000000000000000      0x8d9 kernel_main.o
 .debug_line    0x00000000000008d9      0x350 hd.o
 .debug_line    0x0000000000000c29       0x9b fs_main.o
 .debug_line    0x0000000000000cc4       0x80 global.o
 .debug_line    0x0000000000000d44      0x145 process.o
 .debug_line    0x0000000000000e89      0x213 protect.o
 .debug_line    0x000000000000109c      0x368 console.o
 .debug_line    0x0000000000001404      0x242 keyboard.o

.debug_frame
 *(.debug_frame)

.debug_str      0x0000000000000000      0xa1a
 *(.debug_str)
 .debug_str     0x0000000000000000      0x563 kernel_main.o
                                        0x601 (size before relaxing)
 .debug_str     0x0000000000000563      0x1f7 hd.o
                                        0x5a8 (size before relaxing)
 .debug_str     0x000000000000075a       0x15 fs_main.o
                                        0x363 (size before relaxing)
 .debug_str     0x000000000000076f        0x9 global.o
                                        0x38d (size before relaxing)
 .debug_str     0x0000000000000778       0x4a process.o
                                        0x3ce (size before relaxing)
 .debug_str     0x00000000000007c2      0x10e protect.o
                                        0x4b3 (size before relaxing)
 .debug_str     0x00000000000008d0       0xc6 console.o
                                        0x450 (size before relaxing)
 .debug_str     0x0000000000000996       0x84 keyboard.o
                                        0x1eb (size before relaxing)

.debug_loc
 *(.debug_loc)

.debug_macinfo
 *(.debug_macinfo)

.debug_weaknames
 *(.debug_weaknames)

.debug_funcnames
 *(.debug_funcnames)

.debug_typenames
 *(.debug_typenames)

.debug_varnames
 *(.debug_varnames)

.debug_pubtypes
 *(.debug_pubtypes)

.debug_ranges   0x0000000000000000       0x60
 *(.debug_ranges)
 .debug_ranges  0x0000000000000000       0x18 kernel_main.o
 .debug_ranges  0x0000000000000018       0x48 hd.o

.debug_macro
 *(.debug_macro)

.debug_addr
 *(.debug_addr)

.gnu.attributes
 *(.gnu.attributes)

/DISCARD/
 *(.note.GNU-stack)
 *(.gnu_debuglink)
 *(.gnu.lto_*)
 *(.gnu_object_only)
OUTPUT(kernel.bin elf32-i386)
