
Allocating common symbols
Common symbol       size              file

current_tty         0x4               kernel_main.o
file_desc_table     0x400             fs_main.o
is_e0               0x1               kernel_main.o
phy_super_block_buf
                    0x4               fs_main.o
phy_fsbuf           0x4               fs_main.o
idt_ptr             0x6               kernel_main.o
pid                 0x4               kernel_main.o
KernelVirtualMemory
                    0xc               kernel_main.o
inode_table         0xa00             fs_main.o
dis_pos             0x4               kernel_main.o
k_reenter           0x4               kernel_main.o
super_block_buf     0x4               fs_main.o
gdt                 0x400             kernel_main.o
proc_ready_table    0x4               kernel_main.o
hd_info             0x224             hd.o
proc_stack          0x70000           global.o
pcaller             0x4               kernel_main.o
keyboard_buffer     0x20c             kernel_main.o
pcb_list            0x10              kernel_main.o
tty_table           0x1878            kernel_main.o
tss                 0x6c              kernel_main.o
KernelPool          0x10              kernel_main.o
fsbuf               0x4               fs_main.o
root                0x28              fs_main.o
kernel_mem_block_decs_array
                    0xf0              global.o
counter             0x4               kernel_main.o
key_pressed         0x4               kernel_main.o
is_shift            0x1               kernel_main.o
gdt_ptr             0x6               kernel_main.o
idt                 0x800             kernel_main.o
ticks               0x4               kernel_main.o
UserPool            0x10              kernel_main.o
all_pcb_list        0x10              kernel_main.o
console_table       0x30              kernel_main.o
is_disp             0x1               kernel_main.o
proc_table          0xab0             global.o
hd_cache            0x200             hd.o

Discarded input sections

 .note.GNU-stack
                0x0000000000000000        0x0 kernel_main.o
 .note.GNU-stack
                0x0000000000000000        0x0 hd.o
 .note.GNU-stack
                0x0000000000000000        0x0 fs_main.o
 .note.GNU-stack
                0x0000000000000000        0x0 global.o
 .note.GNU-stack
                0x0000000000000000        0x0 process.o
 .note.GNU-stack
                0x0000000000000000        0x0 protect.o
 .note.GNU-stack
                0x0000000000000000        0x0 console.o
 .note.GNU-stack
                0x0000000000000000        0x0 keyboard.o
 .note.GNU-stack
                0x0000000000000000        0x0 open.o
 .note.GNU-stack
                0x0000000000000000        0x0 read.o
 .note.GNU-stack
                0x0000000000000000        0x0 write.o
 .note.GNU-stack
                0x0000000000000000        0x0 close.o
 .note.GNU-stack
                0x0000000000000000        0x0 wait.o
 .note.GNU-stack
                0x0000000000000000        0x0 exit.o
 .note.GNU-stack
                0x0000000000000000        0x0 fork.o
 .note.GNU-stack
                0x0000000000000000        0x0 getpid.o
 .note.GNU-stack
                0x0000000000000000        0x0 exec.o
 .note.GNU-stack
                0x0000000000000000        0x0 mm/main.o
 .note.GNU-stack
                0x0000000000000000        0x0 mm/exec.o
 .note.GNU-stack
                0x0000000000000000        0x0 mm/forkexit.o
 .note.GNU-stack
                0x0000000000000000        0x0 mem/mem.o
 .note.GNU-stack
                0x0000000000000000        0x0 kernel_main_old.o
 .note.GNU-stack
                0x0000000000000000        0x0 my_process.o
 .note.GNU-stack
                0x0000000000000000        0x0 double_link_list.o
 .note.GNU-stack
                0x0000000000000000        0x0 thread.o

Memory Configuration

Name             Origin             Length             Attributes
*default*        0x0000000000000000 0xffffffffffffffff

Linker script and memory map

Address of section .text set to 0xc0001500
LOAD kernel_sub.o
LOAD kernel.o
LOAD string.o
LOAD kernel_main.o
LOAD hd.o
LOAD syscall.o
LOAD fs_main.o
LOAD global.o
LOAD hd_rdwt.o
LOAD process.o
LOAD protect.o
LOAD console.o
LOAD keyboard.o
LOAD open.o
LOAD read.o
LOAD write.o
LOAD close.o
LOAD wait.o
LOAD exit.o
LOAD fork.o
LOAD getpid.o
LOAD exec.o
LOAD mm/main.o
LOAD mm/exec.o
LOAD mm/forkexit.o
LOAD mem/mem.o
LOAD kernel_main_old.o
LOAD my_process.o
LOAD switch_to.o
LOAD double_link_list.o
LOAD thread.o
                [!provide]                        PROVIDE (__executable_start = SEGMENT_START ("text-segment", 0x8048000))
                0x0000000008048094                . = (SEGMENT_START ("text-segment", 0x8048000) + SIZEOF_HEADERS)

.interp
 *(.interp)

.note.gnu.build-id
 *(.note.gnu.build-id)

.hash
 *(.hash)

.gnu.hash
 *(.gnu.hash)

.dynsym
 *(.dynsym)

.dynstr
 *(.dynstr)

.gnu.version
 *(.gnu.version)

.gnu.version_d
 *(.gnu.version_d)

.gnu.version_r
 *(.gnu.version_r)

.rel.dyn        0x0000000008048094        0x0
 *(.rel.init)
 *(.rel.text .rel.text.* .rel.gnu.linkonce.t.*)
 .rel.text      0x0000000008048094        0x0 kernel_sub.o
 *(.rel.fini)
 *(.rel.rodata .rel.rodata.* .rel.gnu.linkonce.r.*)
 *(.rel.data.rel.ro .rel.data.rel.ro.* .rel.gnu.linkonce.d.rel.ro.*)
 *(.rel.data .rel.data.* .rel.gnu.linkonce.d.*)
 *(.rel.tdata .rel.tdata.* .rel.gnu.linkonce.td.*)
 *(.rel.tbss .rel.tbss.* .rel.gnu.linkonce.tb.*)
 *(.rel.ctors)
 *(.rel.dtors)
 *(.rel.got)
 .rel.got       0x0000000008048094        0x0 kernel_sub.o
 *(.rel.bss .rel.bss.* .rel.gnu.linkonce.b.*)
 *(.rel.ifunc)

.rel.plt        0x0000000008048094        0x0
 *(.rel.plt)
                [!provide]                        PROVIDE (__rel_iplt_start = .)
 *(.rel.iplt)
 .rel.iplt      0x0000000008048094        0x0 kernel_sub.o
                [!provide]                        PROVIDE (__rel_iplt_end = .)

.init
 *(SORT_NONE(.init))

.plt            0x0000000008048098        0x0
 *(.plt)
 *(.iplt)
 .iplt          0x0000000008048098        0x0 kernel_sub.o

.plt.got
 *(.plt.got)

.plt.sec
 *(.plt.sec)

.text           0x00000000c0001500     0x92ab
 *(.text.unlikely .text.*_unlikely .text.unlikely.*)
 *(.text.exit .text.exit.*)
 *(.text.startup .text.startup.*)
 *(.text.hot .text.hot.*)
 *(.text .stub .text.* .gnu.linkonce.t.*)
 .text          0x00000000c0001500       0x76 kernel_sub.o
                0x00000000c0001500                _start
 *fill*         0x00000000c0001576        0xa 
 .text          0x00000000c0001580      0x31e kernel.o
                0x00000000c0001580                InterruptTest
                0x00000000c000158c                disp_str
                0x00000000c00015c7                disp_str_colour
                0x00000000c0001603                divide_zero_fault
                0x00000000c0001609                single_step_fault
                0x00000000c000160f                non_maskable_interrupt
                0x00000000c0001615                breakpoint_trap
                0x00000000c000161b                overflow_trap
                0x00000000c0001621                bound_range_exceeded_fault
                0x00000000c0001627                invalid_opcode_fault
                0x00000000c000162d                coprocessor_not_available_fault
                0x00000000c0001633                double_fault_exception_abort
                0x00000000c0001637                coprocessor_segment_overrun
                0x00000000c000163d                invalid_task_state_segment_fault
                0x00000000c0001641                segment_not_present_fault
                0x00000000c0001645                stack_exception_fault
                0x00000000c0001649                general_protection_exception_fault
                0x00000000c000164d                page_fault
                0x00000000c0001651                coprocessor_error_fault
                0x00000000c0001657                align_check_fault
                0x00000000c000165b                simd_float_exception_fault
                0x00000000c000166a                hwint0
                0x00000000c0001698                hwint1
                0x00000000c00016dc                hwint14
                0x00000000c000171c                sys_call
                0x00000000c0001761                fork_restart
                0x00000000c0001769                restart
                0x00000000c000178a                in_byte
                0x00000000c0001796                out_byte
                0x00000000c00017b8                disable_int
                0x00000000c00017ba                enable_int
                0x00000000c0001850                enable_8259A_casecade_irq
                0x00000000c000185a                disable_8259A_casecade_irq
                0x00000000c0001864                enable_8259A_slave_winchester_irq
                0x00000000c000186e                disable_8259A_slave_winchester_irq
                0x00000000c0001878                update_cr3
                0x00000000c0001885                update_tss
                0x00000000c0001896                get_running_thread_pcb
 .text          0x00000000c000189e      0x227 kernel_main.o
                0x00000000c000189e                kernel_main
                0x00000000c000193e                init
                0x00000000c00019a0                kernel_thread_a
                0x00000000c0001a02                kernel_thread_b
                0x00000000c0001a64                kernel_thread_c
                0x00000000c0001a7a                kernel_thread_d
                0x00000000c0001a90                user_proc_a
                0x00000000c0001aad                user_proc_b
 .text          0x00000000c0001ac5      0xd11 hd.o
                0x00000000c0001ac5                TaskHD
                0x00000000c0001af8                init_hd
                0x00000000c0001b12                hd_handle
                0x00000000c0001c0c                hd_cmd_out
                0x00000000c0001d0e                hd_identify
                0x00000000c0001dc5                print_hdinfo
                0x00000000c0001f53                print_dpt_entry
                0x00000000c0001fbf                get_partition_table
                0x00000000c000209e                partition
                0x00000000c00022b8                hd_open
                0x00000000c0002307                get_hd_ioctl
                0x00000000c0002360                wait_for
                0x00000000c0002391                interrupt_wait
                0x00000000c00023e2                hd_rdwt
                0x00000000c0002641                hd_handler
                0x00000000c000266d                waitfor
                0x00000000c00026b1                print_hd_info
                0x00000000c000279e                is_empty
 *fill*         0x00000000c00027d6        0xa 
 .text          0x00000000c00027e0       0x74 syscall.o
                0x00000000c00027e0                get_ticks
                0x00000000c00027e8                write2
                0x00000000c00027f8                write_debug
                0x00000000c0002818                send_msg
                0x00000000c000283e                receive_msg
 .text          0x00000000c0002854     0x200b fs_main.o
                0x00000000c0002854                task_fs
                0x00000000c0002a32                rd_wt
                0x00000000c0002b0c                mkfs
                0x00000000c00030ee                init_fs
                0x00000000c0003143                do_open
                0x00000000c0003312                search_file
                0x00000000c0003444                strip_path
                0x00000000c0003510                get_inode
                0x00000000c00036d2                create_file
                0x00000000c00037dd                alloc_imap_bit
                0x00000000c00038da                alloc_smap_bit
                0x00000000c0003a7b                new_inode
                0x00000000c0003b99                new_dir_entry
                0x00000000c0003da5                do_unlink
                0x00000000c0004281                do_rdwt
                0x00000000c0004613                sync_inode
                0x00000000c0004767                put_inode
                0x00000000c00047a5                do_close
                0x00000000c00047f7                get_super_block
 .text          0x00000000c000485f        0x0 global.o
 .text          0x00000000c000485f      0x24a process.o
                0x00000000c000485f                check
                0x00000000c00048d4                schedule_process
                0x00000000c00049fe                clock_handler
                0x00000000c0004a22                pid2proc
                0x00000000c0004a92                proc2pid
 .text          0x00000000c0004aa9      0x360 protect.o
                0x00000000c0004aa9                InitDescriptor
                0x00000000c0004b16                Seg2PhyAddr
                0x00000000c0004b57                Seg2PhyAddrLDT
                0x00000000c0004b9b                VirAddr2PhyAddr
                0x00000000c0004bb1                v2l
                0x00000000c0004bf4                init_propt
                0x00000000c0004d22                InitInterruptDesc
                0x00000000c0004d7e                ReloadGDT
 .text          0x00000000c0004e09      0xaaf console.o
                0x00000000c0004e09                select_console
                0x00000000c0004e45                flush
                0x00000000c0004e7e                set_cursor
                0x00000000c0004edc                set_console_start_video_addr
                0x00000000c0004f3a                put_key
                0x00000000c0004fa6                scroll_up
                0x00000000c0004fe8                scroll_down
                0x00000000c0005053                out_char
                0x00000000c00051fa                tty_dev_read
                0x00000000c0005224                tty_dev_write
                0x00000000c0005440                tty_do_read
                0x00000000c0005508                tty_do_write
                0x00000000c000566c                init_screen
                0x00000000c0005700                init_tty
                0x00000000c00057b5                TaskTTY
 .text          0x00000000c00058b8      0x40f keyboard.o
                0x00000000c00058b8                keyboard_handler
                0x00000000c000593c                read_from_keyboard_buf
                0x00000000c00059a2                keyboard_read
                0x00000000c0005b21                init_keyboard_handler
                0x00000000c0005b35                in_process
 .text          0x00000000c0005cc7       0x85 open.o
                0x00000000c0005cc7                open
 .text          0x00000000c0005d4c       0x74 read.o
                0x00000000c0005d4c                read
 .text          0x00000000c0005dc0       0x85 write.o
                0x00000000c0005dc0                write
 .text          0x00000000c0005e45       0x4c close.o
                0x00000000c0005e45                close
 .text          0x00000000c0005e91       0x3e wait.o
                0x00000000c0005e91                wait
 .text          0x00000000c0005ecf       0x29 exit.o
                0x00000000c0005ecf                exit
 .text          0x00000000c0005ef8       0x5f fork.o
                0x00000000c0005ef8                fork
 .text          0x00000000c0005f57       0x25 getpid.o
                0x00000000c0005f57                getpid
 .text          0x00000000c0005f7c      0x235 exec.o
                0x00000000c0005f7c                exec
                0x00000000c0005fe7                execv
                0x00000000c000618c                execl
 .text          0x00000000c00061b1      0x1b5 mm/main.o
                0x00000000c00061b1                TaskMM
                0x00000000c0006347                alloc_mem
 .text          0x00000000c0006366      0x345 mm/exec.o
                0x00000000c0006366                do_exec2
                0x00000000c000637a                do_exec
 .text          0x00000000c00066ab      0x28f mm/forkexit.o
                0x00000000c00066ab                do_fork
                0x00000000c0006720                do_exit
                0x00000000c000681c                do_wait
                0x00000000c00068e6                cleanup
 .text          0x00000000c000693a      0xe6d mem/mem.o
                0x00000000c000693a                init_bitmap
                0x00000000c000695d                test_bit_val
                0x00000000c00069c6                set_bit_val
                0x00000000c0006a41                set_bits
                0x00000000c0006a7b                get_first_free_bit
                0x00000000c0006abf                get_bits
                0x00000000c0006b87                get_a_page2
                0x00000000c0006bb6                get_a_page
                0x00000000c0006c45                get_virtual_address
                0x00000000c0006cd5                ptr_pde
                0x00000000c0006ce8                ptr_pte
                0x00000000c0006d0f                add_map_entry
                0x00000000c0006d9d                alloc_virtual_memory
                0x00000000c0006e0a                get_physical_address
                0x00000000c0006e3c                alloc_memory
                0x00000000c0006e9e                get_a_virtual_page
                0x00000000c0006ec8                block2arena
                0x00000000c0006ede                sys_malloc
                0x00000000c00070f5                remove_map_entry
                0x00000000c0007116                free_a_page
                0x00000000c00071bd                sys_free
                0x00000000c000732d                init_memory_block_desc
                0x00000000c00073fe                init_memory2
                0x00000000c0007675                init_memory
 .text          0x00000000c00077a7     0x2702 kernel_main_old.o
                0x00000000c00077a7                untar
                0x00000000c00079b1                atoi
                0x00000000c0007a57                disp_int
                0x00000000c0007a80                do_page_fault
                0x00000000c0007bbd                exception_handler
                0x00000000c0007d8e                exception_handler2
                0x00000000c0007f2f                init_internal_interrupt
                0x00000000c00080a4                test
                0x00000000c00080da                disp_str_colour3
                0x00000000c00080e0                spurious_irq
                0x00000000c0008159                init_keyboard
                0x00000000c00081c6                init2
                0x00000000c00081f4                u_thread_a
                0x00000000c000820c                kernel_main2
                0x00000000c0008472                TestTTY
                0x00000000c0008511                TestFS
                0x00000000c0008579                wait_exit
                0x00000000c0008647                INIT_fork
                0x00000000c00088a2                simple_shell
                0x00000000c0008a79                test_split_str
                0x00000000c0008c06                test_shell
                0x00000000c0008ce4                test_exec
                0x00000000c0008dac                INIT
                0x00000000c0008db9                TestA
                0x00000000c0008dee                delay
                0x00000000c0008e35                TestB
                0x00000000c0008e4d                TestC
                0x00000000c0008e80                sys_get_ticks
                0x00000000c0008e8a                sys_write
                0x00000000c0008ede                milli_delay
                0x00000000c0008f1a                TaskSys
                0x00000000c0008f1f                Printf
                0x00000000c0008f7d                vsprintf
                0x00000000c0009129                printx
                0x00000000c000916c                sys_printx
                0x00000000c000924f                spin
                0x00000000c0009275                panic
                0x00000000c0009293                assertion_failure
                0x00000000c00092ca                dead_lock
                0x00000000c00092d4                sys_send_msg
                0x00000000c0009626                sys_receive_msg
                0x00000000c0009ad8                disp_str_colour_debug
                0x00000000c0009ade                send_rec
                0x00000000c0009bda                block
                0x00000000c0009c16                unblock
                0x00000000c0009c66                get_ticks_ipc
                0x00000000c0009cb1                itoa
                0x00000000c0009d07                i2a
                0x00000000c0009d6d                inform_int
                0x00000000c0009e3a                strcmp
 .text          0x00000000c0009ea9      0x64b my_process.o
                0x00000000c0009ea9                create_user_process_address_space
                0x00000000c0009f39                user_process
                0x00000000c000a001                clone_pcb
                0x00000000c000a103                build_body_stack
                0x00000000c000a269                build_process_kernel_stack
                0x00000000c000a2e0                fork_process
                0x00000000c000a3b2                process_execute
 *fill*         0x00000000c000a4f4        0xc 
 .text          0x00000000c000a500       0x15 switch_to.o
                0x00000000c000a500                switch_to
 .text          0x00000000c000a515      0x12a double_link_list.o
                0x00000000c000a515                initDoubleLinkList
                0x00000000c000a543                isListEmpty
                0x00000000c000a564                appendToDoubleLinkList
                0x00000000c000a5a9                insertToDoubleLinkList
                0x00000000c000a5ea                popFromDoubleLinkList
 .text          0x00000000c000a63f      0x16c thread.o
                0x00000000c000a63f                kernel_thread
                0x00000000c000a657                thread_init
                0x00000000c000a6be                thread_create
                0x00000000c000a6f3                thread_start
 *(.gnu.warning)

.fini
 *(SORT_NONE(.fini))
                [!provide]                        PROVIDE (__etext = .)
                [!provide]                        PROVIDE (_etext = .)
                [!provide]                        PROVIDE (etext = .)

.rodata         0x00000000c000a7c0      0xc04
 *(.rodata .rodata.* .gnu.linkonce.r.*)
 .rodata        0x00000000c000a7c0       0xa2 kernel_main.o
 *fill*         0x00000000c000a862        0x2 
 .rodata        0x00000000c000a864      0x188 hd.o
 .rodata        0x00000000c000a9ec      0x1eb fs_main.o
                0x00000000c000a9ec                FSBUF_SIZE
 .rodata        0x00000000c000abd7        0xe process.o
 .rodata        0x00000000c000abe5       0x22 console.o
 .rodata        0x00000000c000ac07       0x24 close.o
 .rodata        0x00000000c000ac2b       0x1b fork.o
 .rodata        0x00000000c000ac46       0x31 exec.o
 .rodata        0x00000000c000ac77       0x3f mm/main.o
 .rodata        0x00000000c000acb6        0x2 mem/mem.o
 *fill*         0x00000000c000acb8        0x8 
 .rodata        0x00000000c000acc0      0x6fd kernel_main_old.o
 .rodata        0x00000000c000b3bd        0x7 my_process.o

.txt            0x00000000c000b3c4       0xaa
 .txt           0x00000000c000b3c4       0x82 string.o
                0x00000000c000b3c4                Memcpy
                0x00000000c000b3f2                Memset
                0x00000000c000b411                Strcpy
                0x00000000c000b42b                Strlen
 .txt           0x00000000c000b446       0x28 hd_rdwt.o
                0x00000000c000b446                read_port
                0x00000000c000b45a                write_port

.rodata1
 *(.rodata1)

.eh_frame_hdr
 *(.eh_frame_hdr)
 *(.eh_frame_entry .eh_frame_entry.*)

.eh_frame       0x00000000c000b470     0x178c
 *(.eh_frame)
 .eh_frame      0x00000000c000b470       0xfc kernel_main.o
 .eh_frame      0x00000000c000b56c      0x244 hd.o
                                        0x25c (size before relaxing)
 .eh_frame      0x00000000c000b7b0      0x27c fs_main.o
                                        0x294 (size before relaxing)
 .eh_frame      0x00000000c000ba2c       0xa0 process.o
                                         0xb8 (size before relaxing)
 .eh_frame      0x00000000c000bacc      0x100 protect.o
                                        0x118 (size before relaxing)
 .eh_frame      0x00000000c000bbcc      0x1e0 console.o
                                        0x1f8 (size before relaxing)
 .eh_frame      0x00000000c000bdac       0xa0 keyboard.o
                                         0xb8 (size before relaxing)
 .eh_frame      0x00000000c000be4c       0x20 open.o
                                         0x38 (size before relaxing)
 .eh_frame      0x00000000c000be6c       0x20 read.o
                                         0x38 (size before relaxing)
 .eh_frame      0x00000000c000be8c       0x20 write.o
                                         0x38 (size before relaxing)
 .eh_frame      0x00000000c000beac       0x20 close.o
                                         0x38 (size before relaxing)
 .eh_frame      0x00000000c000becc       0x20 wait.o
                                         0x38 (size before relaxing)
 .eh_frame      0x00000000c000beec       0x20 exit.o
                                         0x38 (size before relaxing)
 .eh_frame      0x00000000c000bf0c       0x20 fork.o
                                         0x38 (size before relaxing)
 .eh_frame      0x00000000c000bf2c       0x20 getpid.o
                                         0x38 (size before relaxing)
 .eh_frame      0x00000000c000bf4c       0x64 exec.o
                                         0x7c (size before relaxing)
 .eh_frame      0x00000000c000bfb0       0x3c mm/main.o
                                         0x54 (size before relaxing)
 .eh_frame      0x00000000c000bfec       0x4c mm/exec.o
                                         0x64 (size before relaxing)
 .eh_frame      0x00000000c000c038       0x80 mm/forkexit.o
                                         0x98 (size before relaxing)
 .eh_frame      0x00000000c000c0b8      0x304 mem/mem.o
                                        0x31c (size before relaxing)
 .eh_frame      0x00000000c000c3bc      0x640 kernel_main_old.o
                                        0x658 (size before relaxing)
 .eh_frame      0x00000000c000c9fc       0xe0 my_process.o
                                         0xf8 (size before relaxing)
 .eh_frame      0x00000000c000cadc       0xa0 double_link_list.o
                                         0xb8 (size before relaxing)
 .eh_frame      0x00000000c000cb7c       0x80 thread.o
                                         0x98 (size before relaxing)
 *(.eh_frame.*)

.gcc_except_table
 *(.gcc_except_table .gcc_except_table.*)

.gnu_extab
 *(.gnu_extab*)

.exception_ranges
 *(.exception_ranges .exception_ranges*)
                0x00000000c000e000                . = DATA_SEGMENT_ALIGN (CONSTANT (MAXPAGESIZE), CONSTANT (COMMONPAGESIZE))

.eh_frame
 *(.eh_frame)
 *(.eh_frame.*)

.gnu_extab
 *(.gnu_extab)

.gcc_except_table
 *(.gcc_except_table .gcc_except_table.*)

.exception_ranges
 *(.exception_ranges .exception_ranges*)

.tdata
 *(.tdata .tdata.* .gnu.linkonce.td.*)

.tbss
 *(.tbss .tbss.* .gnu.linkonce.tb.*)
 *(.tcommon)

.preinit_array  0x00000000c000e000        0x0
                [!provide]                        PROVIDE (__preinit_array_start = .)
 *(.preinit_array)
                [!provide]                        PROVIDE (__preinit_array_end = .)

.init_array     0x00000000c000e000        0x0
                [!provide]                        PROVIDE (__init_array_start = .)
 *(SORT_BY_INIT_PRIORITY(.init_array.*) SORT_BY_INIT_PRIORITY(.ctors.*))
 *(.init_array EXCLUDE_FILE(*crtend?.o *crtend.o *crtbegin?.o *crtbegin.o) .ctors)
                [!provide]                        PROVIDE (__init_array_end = .)

.fini_array     0x00000000c000e000        0x0
                [!provide]                        PROVIDE (__fini_array_start = .)
 *(SORT_BY_INIT_PRIORITY(.fini_array.*) SORT_BY_INIT_PRIORITY(.dtors.*))
 *(.fini_array EXCLUDE_FILE(*crtend?.o *crtend.o *crtbegin?.o *crtbegin.o) .dtors)
                [!provide]                        PROVIDE (__fini_array_end = .)

.ctors
 *crtbegin.o(.ctors)
 *crtbegin?.o(.ctors)
 *(EXCLUDE_FILE(*crtend?.o *crtend.o) .ctors)
 *(SORT_BY_NAME(.ctors.*))
 *(.ctors)

.dtors
 *crtbegin.o(.dtors)
 *crtbegin?.o(.dtors)
 *(EXCLUDE_FILE(*crtend?.o *crtend.o) .dtors)
 *(SORT_BY_NAME(.dtors.*))
 *(.dtors)

.jcr
 *(.jcr)

.data.rel.ro
 *(.data.rel.ro.local* .gnu.linkonce.d.rel.ro.local.*)
 *(.data.rel.ro .data.rel.ro.* .gnu.linkonce.d.rel.ro.*)

.dynamic
 *(.dynamic)

.got            0x00000000c000e000        0x0
 *(.got)
 .got           0x00000000c000e000        0x0 kernel_sub.o
 *(.igot)
                0x00000000c000e000                . = DATA_SEGMENT_RELRO_END (., (SIZEOF (.got.plt) >= 0xc)?0xc:0x0)

.got.plt        0x00000000c000e000        0x0
 *(.got.plt)
 .got.plt       0x00000000c000e000        0x0 kernel_sub.o
 *(.igot.plt)
 .igot.plt      0x00000000c000e000        0x0 kernel_sub.o

.data           0x00000000c000e000      0x700
 *(.data .data.* .gnu.linkonce.d.*)
 .data          0x00000000c000e000        0xf kernel_sub.o
 *fill*         0x00000000c000e00f        0x1 
 .data          0x00000000c000e010        0xf kernel.o
 .data          0x00000000c000e01f        0x0 kernel_main.o
 .data          0x00000000c000e01f        0x0 hd.o
 *fill*         0x00000000c000e01f        0x1 
 .data          0x00000000c000e020        0x0 syscall.o
 .data          0x00000000c000e020        0x0 fs_main.o
 .data          0x00000000c000e020       0xe0 global.o
                0x00000000c000e020                user_task_table
                0x00000000c000e060                sys_task_table
                0x00000000c000e0ec                sys_call_table
 .data          0x00000000c000e100        0x0 process.o
 .data          0x00000000c000e100        0x0 protect.o
 .data          0x00000000c000e100        0x0 console.o
 .data          0x00000000c000e100      0x600 keyboard.o
                0x00000000c000e100                keymap
 .data          0x00000000c000e700        0x0 open.o
 .data          0x00000000c000e700        0x0 read.o
 .data          0x00000000c000e700        0x0 write.o
 .data          0x00000000c000e700        0x0 close.o
 .data          0x00000000c000e700        0x0 wait.o
 .data          0x00000000c000e700        0x0 exit.o
 .data          0x00000000c000e700        0x0 fork.o
 .data          0x00000000c000e700        0x0 getpid.o
 .data          0x00000000c000e700        0x0 exec.o
 .data          0x00000000c000e700        0x0 mm/main.o
 .data          0x00000000c000e700        0x0 mm/exec.o
 .data          0x00000000c000e700        0x0 mm/forkexit.o
 .data          0x00000000c000e700        0x0 mem/mem.o
 .data          0x00000000c000e700        0x0 kernel_main_old.o
 .data          0x00000000c000e700        0x0 my_process.o
 .data          0x00000000c000e700        0x0 double_link_list.o
 .data          0x00000000c000e700        0x0 thread.o

.data1
 *(.data1)
                0x00000000c000e700                _edata = .
                [!provide]                        PROVIDE (edata = .)
                0x00000000c000e700                . = .
                0x00000000c000e700                __bss_start = .

.bss            0x00000000c000e700    0x756b0
 *(.dynbss)
 *(.bss .bss.* .gnu.linkonce.b.*)
 .bss           0x00000000c000e700      0x800 kernel_sub.o
 .bss           0x00000000c000ef00      0x800 kernel.o
 .bss           0x00000000c000f700        0x0 kernel_main.o
 .bss           0x00000000c000f700        0x0 hd.o
 .bss           0x00000000c000f700        0x4 fs_main.o
                0x00000000c000f700                c
 .bss           0x00000000c000f704        0x0 global.o
 .bss           0x00000000c000f704        0x0 process.o
 .bss           0x00000000c000f704        0x0 protect.o
 .bss           0x00000000c000f704        0x0 console.o
 .bss           0x00000000c000f704        0x0 keyboard.o
 .bss           0x00000000c000f704        0x0 open.o
 .bss           0x00000000c000f704        0x0 read.o
 .bss           0x00000000c000f704        0x0 write.o
 .bss           0x00000000c000f704        0x0 close.o
 .bss           0x00000000c000f704        0x0 wait.o
 .bss           0x00000000c000f704        0x0 exit.o
 .bss           0x00000000c000f704        0x0 fork.o
 .bss           0x00000000c000f704        0x0 getpid.o
 .bss           0x00000000c000f704        0x0 exec.o
 .bss           0x00000000c000f704        0x0 mm/main.o
 .bss           0x00000000c000f704        0x0 mm/exec.o
 .bss           0x00000000c000f704        0x0 mm/forkexit.o
 .bss           0x00000000c000f704        0x0 mem/mem.o
 .bss           0x00000000c000f704        0x0 kernel_main_old.o
 .bss           0x00000000c000f704        0x0 my_process.o
 .bss           0x00000000c000f704        0x0 double_link_list.o
 .bss           0x00000000c000f704        0x0 thread.o
 *(COMMON)
 *fill*         0x00000000c000f704       0x1c 
 COMMON         0x00000000c000f720     0x2811 kernel_main.o
                0x00000000c000f720                current_tty
                0x00000000c000f724                is_e0
                0x00000000c000f728                idt_ptr
                0x00000000c000f730                pid
                0x00000000c000f734                KernelVirtualMemory
                0x00000000c000f740                dis_pos
                0x00000000c000f744                k_reenter
                0x00000000c000f760                gdt
                0x00000000c000fb60                proc_ready_table
                0x00000000c000fb64                pcaller
                0x00000000c000fb80                keyboard_buffer
                0x00000000c000fd8c                pcb_list
                0x00000000c000fda0                tty_table
                0x00000000c0011620                tss
                0x00000000c001168c                KernelPool
                0x00000000c001169c                counter
                0x00000000c00116a0                key_pressed
                0x00000000c00116a4                is_shift
                0x00000000c00116a8                gdt_ptr
                0x00000000c00116c0                idt
                0x00000000c0011ec0                ticks
                0x00000000c0011ec4                UserPool
                0x00000000c0011ed4                all_pcb_list
                0x00000000c0011f00                console_table
                0x00000000c0011f30                is_disp
 *fill*         0x00000000c0011f31        0xf 
 COMMON         0x00000000c0011f40      0x440 hd.o
                0x00000000c0011f40                hd_info
                0x00000000c0012180                hd_cache
 COMMON         0x00000000c0012380      0xe68 fs_main.o
                0x00000000c0012380                file_desc_table
                0x00000000c0012780                phy_super_block_buf
                0x00000000c0012784                phy_fsbuf
                0x00000000c00127a0                inode_table
                0x00000000c00131a0                super_block_buf
                0x00000000c00131a4                fsbuf
                0x00000000c00131c0                root
 *fill*         0x00000000c00131e8       0x18 
 COMMON         0x00000000c0013200    0x70bb0 global.o
                0x00000000c0013200                proc_stack
                0x00000000c0083200                kernel_mem_block_decs_array
                0x00000000c0083300                proc_table
                0x00000000c0083db0                . = ALIGN ((. != 0x0)?0x4:0x1)
                0x00000000c0083db0                . = ALIGN (0x4)
                0x00000000c0083db0                . = SEGMENT_START ("ldata-segment", .)
                0x00000000c0083db0                . = ALIGN (0x4)
                0x00000000c0083db0                _end = .
                [!provide]                        PROVIDE (end = .)
                0x00000000c0083db0                . = DATA_SEGMENT_END (.)

.stab
 *(.stab)

.stabstr
 *(.stabstr)

.stab.excl
 *(.stab.excl)

.stab.exclstr
 *(.stab.exclstr)

.stab.index
 *(.stab.index)

.stab.indexstr
 *(.stab.indexstr)

.comment        0x0000000000000000       0x2c
 *(.comment)
 .comment       0x0000000000000000       0x2c kernel_main.o
                                         0x2d (size before relaxing)
 .comment       0x000000000000002c       0x2d hd.o
 .comment       0x000000000000002c       0x2d fs_main.o
 .comment       0x000000000000002c       0x2d global.o
 .comment       0x000000000000002c       0x2d process.o
 .comment       0x000000000000002c       0x2d protect.o
 .comment       0x000000000000002c       0x2d console.o
 .comment       0x000000000000002c       0x2d keyboard.o
 .comment       0x000000000000002c       0x2d open.o
 .comment       0x000000000000002c       0x2d read.o
 .comment       0x000000000000002c       0x2d write.o
 .comment       0x000000000000002c       0x2d close.o
 .comment       0x000000000000002c       0x2d wait.o
 .comment       0x000000000000002c       0x2d exit.o
 .comment       0x000000000000002c       0x2d fork.o
 .comment       0x000000000000002c       0x2d getpid.o
 .comment       0x000000000000002c       0x2d exec.o
 .comment       0x000000000000002c       0x2d mm/main.o
 .comment       0x000000000000002c       0x2d mm/exec.o
 .comment       0x000000000000002c       0x2d mm/forkexit.o
 .comment       0x000000000000002c       0x2d mem/mem.o
 .comment       0x000000000000002c       0x2d kernel_main_old.o
 .comment       0x000000000000002c       0x2d my_process.o
 .comment       0x000000000000002c       0x2d double_link_list.o
 .comment       0x000000000000002c       0x2d thread.o

.gnu.build.attributes
 *(.gnu.build.attributes .gnu.build.attributes.*)

.debug
 *(.debug)

.line
 *(.line)

.debug_srcinfo
 *(.debug_srcinfo)

.debug_sfnames
 *(.debug_sfnames)

.debug_aranges  0x0000000000000000      0x318
 *(.debug_aranges)
 .debug_aranges
                0x0000000000000000       0x20 kernel_main.o
 .debug_aranges
                0x0000000000000020       0x20 hd.o
 .debug_aranges
                0x0000000000000040       0x20 fs_main.o
 .debug_aranges
                0x0000000000000060       0x18 global.o
 .debug_aranges
                0x0000000000000078       0x20 process.o
 .debug_aranges
                0x0000000000000098       0x20 protect.o
 .debug_aranges
                0x00000000000000b8       0x20 console.o
 .debug_aranges
                0x00000000000000d8       0x20 keyboard.o
 .debug_aranges
                0x00000000000000f8       0x20 open.o
 .debug_aranges
                0x0000000000000118       0x20 read.o
 .debug_aranges
                0x0000000000000138       0x20 write.o
 .debug_aranges
                0x0000000000000158       0x20 close.o
 .debug_aranges
                0x0000000000000178       0x20 wait.o
 .debug_aranges
                0x0000000000000198       0x20 exit.o
 .debug_aranges
                0x00000000000001b8       0x20 fork.o
 .debug_aranges
                0x00000000000001d8       0x20 getpid.o
 .debug_aranges
                0x00000000000001f8       0x20 exec.o
 .debug_aranges
                0x0000000000000218       0x20 mm/main.o
 .debug_aranges
                0x0000000000000238       0x20 mm/exec.o
 .debug_aranges
                0x0000000000000258       0x20 mm/forkexit.o
 .debug_aranges
                0x0000000000000278       0x20 mem/mem.o
 .debug_aranges
                0x0000000000000298       0x20 kernel_main_old.o
 .debug_aranges
                0x00000000000002b8       0x20 my_process.o
 .debug_aranges
                0x00000000000002d8       0x20 double_link_list.o
 .debug_aranges
                0x00000000000002f8       0x20 thread.o

.debug_pubnames
 *(.debug_pubnames)

.debug_info     0x0000000000000000    0x19b0c
 *(.debug_info .gnu.linkonce.wi.*)
 .debug_info    0x0000000000000000      0xe3a kernel_main.o
 .debug_info    0x0000000000000e3a     0x1629 hd.o
 .debug_info    0x0000000000002463     0x1dec fs_main.o
 .debug_info    0x000000000000424f      0xd61 global.o
 .debug_info    0x0000000000004fb0      0xe54 process.o
 .debug_info    0x0000000000005e04     0x104a protect.o
 .debug_info    0x0000000000006e4e     0x10fb console.o
 .debug_info    0x0000000000007f49      0xea3 keyboard.o
 .debug_info    0x0000000000008dec      0xcb5 open.o
 .debug_info    0x0000000000009aa1      0xcdd read.o
 .debug_info    0x000000000000a77e      0xcf4 write.o
 .debug_info    0x000000000000b472      0xc7b close.o
 .debug_info    0x000000000000c0ed      0xc86 wait.o
 .debug_info    0x000000000000cd73      0xc78 exit.o
 .debug_info    0x000000000000d9eb      0xc6d fork.o
 .debug_info    0x000000000000e658      0xc6d getpid.o
 .debug_info    0x000000000000f2c5      0xdd8 exec.o
 .debug_info    0x000000000001009d      0xca6 mm/main.o
 .debug_info    0x0000000000010d43      0xf84 mm/exec.o
 .debug_info    0x0000000000011cc7      0xe6b mm/forkexit.o
 .debug_info    0x0000000000012b32     0x18f6 mem/mem.o
 .debug_info    0x0000000000014428     0x2796 kernel_main_old.o
 .debug_info    0x0000000000016bbe     0x120e my_process.o
 .debug_info    0x0000000000017dcc      0xe2c double_link_list.o
 .debug_info    0x0000000000018bf8      0xf14 thread.o

.debug_abbrev   0x0000000000000000     0x3388
 *(.debug_abbrev)
 .debug_abbrev  0x0000000000000000      0x1d6 kernel_main.o
 .debug_abbrev  0x00000000000001d6      0x2d0 hd.o
 .debug_abbrev  0x00000000000004a6      0x2dc fs_main.o
 .debug_abbrev  0x0000000000000782      0x157 global.o
 .debug_abbrev  0x00000000000008d9      0x201 process.o
 .debug_abbrev  0x0000000000000ada      0x212 protect.o
 .debug_abbrev  0x0000000000000cec      0x279 console.o
 .debug_abbrev  0x0000000000000f65      0x1fb keyboard.o
 .debug_abbrev  0x0000000000001160      0x1c5 open.o
 .debug_abbrev  0x0000000000001325      0x1c8 read.o
 .debug_abbrev  0x00000000000014ed      0x1db write.o
 .debug_abbrev  0x00000000000016c8      0x19d close.o
 .debug_abbrev  0x0000000000001865      0x19f wait.o
 .debug_abbrev  0x0000000000001a04      0x19b exit.o
 .debug_abbrev  0x0000000000001b9f      0x18a fork.o
 .debug_abbrev  0x0000000000001d29      0x18a getpid.o
 .debug_abbrev  0x0000000000001eb3      0x1d3 exec.o
 .debug_abbrev  0x0000000000002086      0x1f5 mm/main.o
 .debug_abbrev  0x000000000000227b      0x1f5 mm/exec.o
 .debug_abbrev  0x0000000000002470      0x204 mm/forkexit.o
 .debug_abbrev  0x0000000000002674      0x2ea mem/mem.o
 .debug_abbrev  0x000000000000295e      0x3e3 kernel_main_old.o
 .debug_abbrev  0x0000000000002d41      0x23e my_process.o
 .debug_abbrev  0x0000000000002f7f      0x1e7 double_link_list.o
 .debug_abbrev  0x0000000000003166      0x222 thread.o

.debug_line     0x0000000000000000     0x43a1
 *(.debug_line .debug_line.* .debug_line_end)
 .debug_line    0x0000000000000000      0x154 kernel_main.o
 .debug_line    0x0000000000000154      0x590 hd.o
 .debug_line    0x00000000000006e4      0xc27 fs_main.o
 .debug_line    0x000000000000130b       0x95 global.o
 .debug_line    0x00000000000013a0      0x1a3 process.o
 .debug_line    0x0000000000001543      0x1ef protect.o
 .debug_line    0x0000000000001732      0x53c console.o
 .debug_line    0x0000000000001c6e      0x296 keyboard.o
 .debug_line    0x0000000000001f04       0xbc open.o
 .debug_line    0x0000000000001fc0       0xb7 read.o
 .debug_line    0x0000000000002077       0xbc write.o
 .debug_line    0x0000000000002133       0xad close.o
 .debug_line    0x00000000000021e0       0xb7 wait.o
 .debug_line    0x0000000000002297       0xa0 exit.o
 .debug_line    0x0000000000002337       0xae fork.o
 .debug_line    0x00000000000023e5       0xa0 getpid.o
 .debug_line    0x0000000000002485      0x15b exec.o
 .debug_line    0x00000000000025e0      0x100 mm/main.o
 .debug_line    0x00000000000026e0      0x1d3 mm/exec.o
 .debug_line    0x00000000000028b3      0x190 mm/forkexit.o
 .debug_line    0x0000000000002a43      0x67a mem/mem.o
 .debug_line    0x00000000000030bd      0xd7d kernel_main_old.o
 .debug_line    0x0000000000003e3a      0x2cc my_process.o
 .debug_line    0x0000000000004106      0x168 double_link_list.o
 .debug_line    0x000000000000426e      0x133 thread.o

.debug_frame
 *(.debug_frame)

.debug_str      0x0000000000000000     0x1bdd
 *(.debug_str)
 .debug_str     0x0000000000000000      0x4e0 kernel_main.o
                                        0x5c2 (size before relaxing)
 .debug_str     0x00000000000004e0      0x2b4 hd.o
                                        0x840 (size before relaxing)
 .debug_str     0x0000000000000794      0x47c fs_main.o
                                        0xa32 (size before relaxing)
 .debug_str     0x0000000000000c10       0x25 global.o
                                        0x56d (size before relaxing)
 .debug_str     0x0000000000000c35       0x3f process.o
                                        0x591 (size before relaxing)
 .debug_str     0x0000000000000c74      0x10e protect.o
                                        0x686 (size before relaxing)
 .debug_str     0x0000000000000d82      0x116 console.o
                                        0x66f (size before relaxing)
 .debug_str     0x0000000000000e98       0x84 keyboard.o
                                        0x5dd (size before relaxing)
 .debug_str     0x0000000000000f1c       0x29 open.o
                                        0x510 (size before relaxing)
 .debug_str     0x0000000000000f45       0x13 read.o
                                        0x50b (size before relaxing)
 .debug_str     0x0000000000000f58       0x15 write.o
                                        0x516 (size before relaxing)
 .debug_str     0x0000000000000f6d        0xc close.o
                                        0x4e1 (size before relaxing)
 .debug_str     0x0000000000000f79        0xb wait.o
                                        0x4e6 (size before relaxing)
 .debug_str     0x0000000000000f84        0xb exit.o
                                        0x4e6 (size before relaxing)
 .debug_str     0x0000000000000f8f        0xb fork.o
                                        0x4df (size before relaxing)
 .debug_str     0x0000000000000f9a       0x14 getpid.o
                                        0x4e3 (size before relaxing)
 .debug_str     0x0000000000000fae       0x2b exec.o
                                        0x508 (size before relaxing)
 .debug_str     0x0000000000000fd9       0x52 mm/main.o
                                        0x4f3 (size before relaxing)
 .debug_str     0x000000000000102b      0x18f mm/exec.o
                                        0x653 (size before relaxing)
 .debug_str     0x00000000000011ba       0x8b mm/forkexit.o
                                        0x55a (size before relaxing)
 .debug_str     0x0000000000001245      0x2de mem/mem.o
                                        0x907 (size before relaxing)
 .debug_str     0x0000000000001523      0x477 kernel_main_old.o
                                        0xad3 (size before relaxing)
 .debug_str     0x000000000000199a      0x183 my_process.o
                                        0x79c (size before relaxing)
 .debug_str     0x0000000000001b1d       0x76 double_link_list.o
                                        0x5d1 (size before relaxing)
 .debug_str     0x0000000000001b93       0x4a thread.o
                                        0x64e (size before relaxing)

.debug_loc
 *(.debug_loc)

.debug_macinfo
 *(.debug_macinfo)

.debug_weaknames
 *(.debug_weaknames)

.debug_funcnames
 *(.debug_funcnames)

.debug_typenames
 *(.debug_typenames)

.debug_varnames
 *(.debug_varnames)

.debug_pubtypes
 *(.debug_pubtypes)

.debug_ranges   0x0000000000000000       0x78
 *(.debug_ranges)
 .debug_ranges  0x0000000000000000       0x48 hd.o
 .debug_ranges  0x0000000000000048       0x18 mm/exec.o
 .debug_ranges  0x0000000000000060       0x18 kernel_main_old.o

.debug_macro
 *(.debug_macro)

.debug_addr
 *(.debug_addr)

.gnu.attributes
 *(.gnu.attributes)

/DISCARD/
 *(.note.GNU-stack)
 *(.gnu_debuglink)
 *(.gnu.lto_*)
 *(.gnu_object_only)
OUTPUT(kernel.bin elf32-i386)
