Archive member included to satisfy reference by file (symbol)

pegasus_crt.a(kernel_main_old.o)
                              test.o (Printf)
pegasus_crt.a(protect.o)      pegasus_crt.a(kernel_main_old.o) (InitInterruptDesc)
pegasus_crt.a(console.o)      pegasus_crt.a(kernel_main_old.o) (out_char)
pegasus_crt.a(process.o)      pegasus_crt.a(kernel_main_old.o) (schedule_process)
pegasus_crt.a(keyboard.o)     pegasus_crt.a(console.o) (keyboard_read)
pegasus_crt.a(mem.o)          pegasus_crt.a(kernel_main_old.o) (ptr_pde)
pegasus_crt.a(exec.o)         pegasus_crt.a(kernel_main_old.o) (execl)
pegasus_crt.a(fork.o)         pegasus_crt.a(kernel_main_old.o) (fork)
pegasus_crt.a(exit.o)         start.o (exit)
pegasus_crt.a(wait.o)         pegasus_crt.a(kernel_main_old.o) (wait)
pegasus_crt.a(read.o)         pegasus_crt.a(kernel_main_old.o) (read)
pegasus_crt.a(open.o)         pegasus_crt.a(kernel_main_old.o) (open)
pegasus_crt.a(write.o)        pegasus_crt.a(kernel_main_old.o) (write)
pegasus_crt.a(close.o)        pegasus_crt.a(kernel_main_old.o) (close)
pegasus_crt.a(kernel.o)       pegasus_crt.a(kernel_main_old.o) (disp_str)
pegasus_crt.a(switch_to.o)    pegasus_crt.a(process.o) (switch_to)
pegasus_crt.a(string.o)       pegasus_crt.a(kernel_main_old.o) (Memcpy2)
pegasus_crt.a(syscall.o)      pegasus_crt.a(kernel_main_old.o) (write_debug)
pegasus_crt.a(double_link_list.o)
                              pegasus_crt.a(mem.o) (initDoubleLinkList)
pegasus_crt.a(global.o)       pegasus_crt.a(protect.o) (proc_table)
pegasus_crt.a(netdev.o)       pegasus_crt.a(kernel.o) (net_handler)
pegasus_crt.a(arp.o)          pegasus_crt.a(netdev.o) (arp_rcv)
pegasus_crt.a(task_network.o)
                              pegasus_crt.a(global.o) (task_network)
pegasus_crt.a(utils.o)        pegasus_crt.a(arp.o) (print_err)
pegasus_crt.a(hd.o)           pegasus_crt.a(global.o) (TaskHD)
pegasus_crt.a(fs_main.o)      pegasus_crt.a(global.o) (task_fs)
pegasus_crt.a(main.o)         pegasus_crt.a(global.o) (TaskMM)
pegasus_crt.a(strcmp.o)       pegasus_crt.a(fs_main.o) (strcmp)
pegasus_crt.a(perror.o)       pegasus_crt.a(netdev.o) (perror)
pegasus_crt.a(sscanf.o)       pegasus_crt.a(netdev.o) (sscanf)
pegasus_crt.a(ntohs.o)        pegasus_crt.a(netdev.o) (ntohs)
pegasus_crt.a(htonl.o)        pegasus_crt.a(arp.o) (htonl)
pegasus_crt.a(htons.o)        pegasus_crt.a(netdev.o) (htons)
pegasus_crt.a(inet_pton.o)    pegasus_crt.a(netdev.o) (inet_pton)
pegasus_crt.a(ntohl.o)        pegasus_crt.a(netdev.o) (ntohl)
pegasus_crt.a(hd_rdwt.o)      pegasus_crt.a(hd.o) (read_port)
pegasus_crt.a(ne2000.o)       pegasus_crt.a(netdev.o) (StartSendToPhysicalLink)
pegasus_crt.a(skbuff.o)       pegasus_crt.a(netdev.o) (alloc_skb)
pegasus_crt.a(ip_input.o)     pegasus_crt.a(netdev.o) (ip_rcv)
pegasus_crt.a(icmpv4.o)       pegasus_crt.a(ip_input.o) (icmpv4_incoming)
pegasus_crt.a(ip_output.o)    pegasus_crt.a(icmpv4.o) (ip_output)
pegasus_crt.a(tcp.o)          pegasus_crt.a(ip_input.o) (tcp_in)
pegasus_crt.a(route.o)        pegasus_crt.a(task_network.o) (route_init)
pegasus_crt.a(tcp_sock.o)     pegasus_crt.a(tcp.o) (tcp_established_or_syn_recvd_socks_remove)
pegasus_crt.a(ipc.o)          pegasus_crt.a(task_network.o) (demux_ipc_socket_call)
pegasus_crt.a(dst.o)          pegasus_crt.a(ip_output.o) (dst_neigh_output)
pegasus_crt.a(tcp_input.o)    pegasus_crt.a(tcp.o) (tcp_process)
pegasus_crt.a(udp.o)          pegasus_crt.a(ip_input.o) (udp_in)
pegasus_crt.a(tcp_data.o)     pegasus_crt.a(tcp_input.o) (tcp_data_dequeue)
pegasus_crt.a(forkexit.o)     pegasus_crt.a(main.o) (do_fork)
pegasus_crt.a(exec.o)         pegasus_crt.a(main.o) (do_exec)
pegasus_crt.a(alloca.o)       pegasus_crt.a(ipc.o) (alloca)
pegasus_crt.a(calloc.o)       pegasus_crt.a(ipc.o) (calloc)
pegasus_crt.a(atoi.o)         pegasus_crt.a(sscanf.o) (atoi)
pegasus_crt.a(strtol.o)       pegasus_crt.a(sscanf.o) (strtol)
pegasus_crt.a(strtok.o)       pegasus_crt.a(inet_pton.o) (strtok)
pegasus_crt.a(strpbrk.o)      pegasus_crt.a(strtok.o) (strpbrk)
pegasus_crt.a(my_process.o)   pegasus_crt.a(forkexit.o) (fork_process)
pegasus_crt.a(socket.o)       pegasus_crt.a(ipc.o) (_socket)
pegasus_crt.a(udp_sock.o)     pegasus_crt.a(udp.o) (udp_lookup_sock)
pegasus_crt.a(sock.o)         pegasus_crt.a(tcp_sock.o) (sk_free)
pegasus_crt.a(tcp_output.o)   pegasus_crt.a(tcp_input.o) (tcp_send_synack)
pegasus_crt.a(inet.o)         pegasus_crt.a(socket.o) (inet)
pegasus_crt.a(thread.o)       pegasus_crt.a(my_process.o) (thread_init)

Merging program properties

Removed property 0xc0010001 to merge test.o (0x1) and start.o (not found)
Removed property 0xc0010002 to merge test.o (0x0) and start.o (not found)
Removed property 0xc0010001 to merge test.o (not found) and pegasus_crt.a(kernel_main_old.o) (0x1)
Removed property 0xc0010002 to merge test.o (not found) and pegasus_crt.a(kernel_main_old.o) (0x1)
Removed property 0xc0010001 to merge test.o (not found) and pegasus_crt.a(protect.o) (0x1)
[...]
Memory Configuration

Name             Origin             Length             Attributes
*default*        0x00000000         0xffffffff

Linker script and memory map

Address of section .text set to 0xb0800000
LOAD test.o
LOAD start.o
LOAD pegasus_crt.a
                [!provide]                        PROVIDE (__executable_start = SEGMENT_START ("text-segment", 0x8048000))
                0x080480d4                        . = (SEGMENT_START ("text-segment", 0x8048000) + SIZEOF_HEADERS)

.interp
 *(.interp)

.note.gnu.build-id
 *(.note.gnu.build-id)

.hash
 *(.hash)

.gnu.hash
 *(.gnu.hash)

.dynsym
 *(.dynsym)

.dynstr
 *(.dynstr)

.gnu.version
 *(.gnu.version)

.gnu.version_d
 *(.gnu.version_d)

.gnu.version_r
 *(.gnu.version_r)

.rel.dyn        0x080480d4        0x0
 *(.rel.init)
 *(.rel.text .rel.text.* .rel.gnu.linkonce.t.*)
 .rel.text      0x080480d4        0x0 test.o
 *(.rel.fini)
 *(.rel.rodata .rel.rodata.* .rel.gnu.linkonce.r.*)
 *(.rel.data.rel.ro .rel.data.rel.ro.* .rel.gnu.linkonce.d.rel.ro.*)
 *(.rel.data .rel.data.* .rel.gnu.linkonce.d.*)
 *(.rel.tdata .rel.tdata.* .rel.gnu.linkonce.td.*)
 *(.rel.tbss .rel.tbss.* .rel.gnu.linkonce.tb.*)
 *(.rel.ctors)
 *(.rel.dtors)
 *(.rel.got)
 .rel.got       0x080480d4        0x0 test.o
 *(.rel.bss .rel.bss.* .rel.gnu.linkonce.b.*)
 *(.rel.ifunc)

.rel.plt        0x080480d4        0x0
 *(.rel.plt)
                [!provide]                        PROVIDE (__rel_iplt_start = .)
 *(.rel.iplt)
 .rel.iplt      0x080480d4        0x0 test.o
                [!provide]                        PROVIDE (__rel_iplt_end = .)

.relr.dyn
 *(.relr.dyn)
                0x08049000                        . = ALIGN (CONSTANT (MAXPAGESIZE))

.init
 *(SORT_NONE(.init))

.plt            0x08049000        0x0
 *(.plt)
 *(.iplt)
 .iplt          0x08049000        0x0 test.o

.plt.got
 *(.plt.got)

.plt.sec
 *(.plt.sec)

.text           0xb0800000    0x12a1b
 *(.text.unlikely .text.*_unlikely .text.unlikely.*)
 *(.text.exit .text.exit.*)
 *(.text.startup .text.startup.*)
 *(.text.hot .text.hot.*)
 *(SORT_BY_NAME(.text.sorted.*))
 *(.text .stub .text.* .gnu.linkonce.t.*)
 .text          0xb0800000       0x3e test.o
                0xb0800000                main
 *fill*         0xb080003e        0x2 
 .text          0xb0800040       0x15 start.o
                0xb0800040                _start
 .text          0xb0800055     0x2df3 pegasus_crt.a(kernel_main_old.o)
                0xb0800055                stop_here
                0xb0800099                catch_error
                0xb08000fe                intr_enable
                0xb0800127                intr_disable
                0xb0800150                intr_set_status
                0xb080016e                intr_get_status
                0xb080018b                Memcpy
                0xb08001be                untar
                0xb08004ce                num_to_string
                0xb0800574                disp_int
                0xb080059d                do_page_fault
                0xb08006da                exception_handler
                0xb08008c5                init_internal_interrupt
                0xb0800a3a                spurious_irq
                0xb0800ac8                init_keyboard
                0xb0800b0b                TestTTY
                0xb0800baa                TestReadReturnValue
                0xb0800c27                TestWriteReturnValue
                0xb0800cfb                TestFS2
                0xb0800d09                TestFS
                0xb08011ab                wait_exit
                0xb08012a9                INIT_fork
                0xb080159c                simple_shell
                0xb0801723                test_shell
                0xb080178b                test_exec
                0xb080187e                INIT
                0xb080188b                TestA
                0xb08018c0                delay
                0xb0801904                TestB
                0xb080191c                TestC
                0xb080194f                sys_get_ticks
                0xb080195f                sys_write
                0xb08019b3                milli_delay
                0xb08019ef                TaskSys
                0xb08019f4                Printf
                0xb0801ac6                sprintf
                0xb0801af2                vsprintf
                0xb0801c9e                printx
                0xb0801ce1                sys_printx
                0xb0801dad                spin
                0xb0801dd3                panic
                0xb0801df1                assertion_failure
                0xb0801e63                assertion_failure2
                0xb0801ed8                dead_lock
                0xb0801ee2                sys_send_msg
                0xb0802410                sys_receive_msg
                0xb0802a70                send_rec
                0xb0802b6b                block
                0xb0802ba7                unblock
                0xb0802bf7                get_ticks_ipc
                0xb0802c51                itoa
                0xb0802ca7                i2a
                0xb0802d0d                inform_int
                0xb0802dd9                deprecate_strcmp
 .text          0xb0802e48      0x3b3 pegasus_crt.a(protect.o)
                0xb0802e48                InitDescriptor
                0xb0802eb5                Seg2PhyAddr
                0xb0802ef6                Seg2PhyAddrLDT
                0xb0802f3a                VirAddr2PhyAddr
                0xb0802f50                v2l
                0xb0802f93                init_propt
                0xb0803114                InitInterruptDesc
                0xb0803170                ReloadGDT
 .text          0xb08031fb      0xad3 pegasus_crt.a(console.o)
                0xb08031fb                select_console
                0xb0803237                flush
                0xb0803270                set_cursor
                0xb08032ce                set_console_start_video_addr
                0xb080332c                put_key
                0xb0803398                scroll_up
                0xb08033da                scroll_down
                0xb0803445                out_char
                0xb0803602                tty_dev_read
                0xb080362c                tty_dev_write
                0xb0803859                tty_do_read
                0xb0803921                tty_do_write
                0xb0803a8a                init_screen
                0xb0803b13                init_tty
                0xb0803bc8                TaskTTY
 .text          0xb0803cce      0x2b7 pegasus_crt.a(process.o)
                0xb0803cce                schedule_process
                0xb0803e94                clock_handler
                0xb0803f0a                pid2proc
                0xb0803f6e                proc2pid
 .text          0xb0803f85      0x40f pegasus_crt.a(keyboard.o)
                0xb0803f85                keyboard_handler
                0xb0804009                read_from_keyboard_buf
                0xb080406f                keyboard_read
                0xb08041ee                init_keyboard_handler
                0xb0804202                in_process
 .text          0xb0804394     0x1118 pegasus_crt.a(mem.o)
                0xb0804394                init_bitmap
                0xb08043b7                test_bit_val
                0xb0804420                set_bit_val
                0xb080449b                set_bits
                0xb08044d5                get_first_free_bit
                0xb0804519                get_bits
                0xb08045e1                get_a_page
                0xb0804695                get_virtual_address_start_with_addr
                0xb080472f                get_virtual_address
                0xb08047bf                ptr_pde
                0xb08047d2                ptr_pte
                0xb08047f9                add_map_entry
                0xb080488a                alloc_virtual_memory
                0xb0804956                get_physical_address_proc
                0xb08049d2                get_physical_address
                0xb0804a04                alloc_physical_memory_of_proc
                0xb0804af3                alloc_physical_memory
                0xb0804bbb                alloc_memory
                0xb0804c1d                get_a_virtual_page
                0xb0804c55                block2arena
                0xb0804c6b                sys_malloc2
                0xb0804f98                remove_map_entry
                0xb0804fb9                free_a_page
                0xb0805060                sys_free2
                0xb0805066                init_memory_block_desc
                0xb0805137                init_memory2
                0xb080536c                init_memory
 .text          0xb08054ac      0x285 pegasus_crt.a(exec.o)
                0xb08054ac                exec
                0xb080551d                execv
                0xb080570c                execl
 .text          0xb0805731       0x4b pegasus_crt.a(fork.o)
                0xb0805731                fork
 .text          0xb080577c       0x2f pegasus_crt.a(exit.o)
                0xb080577c                exit
 .text          0xb08057ab       0x44 pegasus_crt.a(wait.o)
                0xb08057ab                wait
 .text          0xb08057ef      0x181 pegasus_crt.a(read.o)
                0xb08057ef                read
 .text          0xb0805970       0x95 pegasus_crt.a(open.o)
                0xb0805970                open
 .text          0xb0805a05       0x85 pegasus_crt.a(write.o)
                0xb0805a05                write
 .text          0xb0805a8a       0x52 pegasus_crt.a(close.o)
                0xb0805a8a                close
 *fill*         0xb0805adc        0x4 
 .text          0xb0805ae0      0x3d2 pegasus_crt.a(kernel.o)
                0xb0805ae0                InterruptTest
                0xb0805aec                disp_str_len
                0xb0805b39                disp_str
                0xb0805b74                disp_str_colour
                0xb0805bb0                divide_zero_fault
                0xb0805bb6                single_step_fault
                0xb0805bbc                non_maskable_interrupt
                0xb0805bc2                breakpoint_trap
                0xb0805bc8                overflow_trap
                0xb0805bce                bound_range_exceeded_fault
                0xb0805bd4                invalid_opcode_fault
                0xb0805bda                coprocessor_not_available_fault
                0xb0805be0                double_fault_exception_abort
                0xb0805be4                coprocessor_segment_overrun
                0xb0805bea                invalid_task_state_segment_fault
                0xb0805bee                segment_not_present_fault
                0xb0805bf2                stack_exception_fault
                0xb0805bf6                general_protection_exception_fault
                0xb0805c01                page_fault
                0xb0805c05                coprocessor_error_fault
                0xb0805c0b                align_check_fault
                0xb0805c0f                simd_float_exception_fault
                0xb0805c1e                hwint0
                0xb0805c4e                hwint1
                0xb0805c91                hwint14
                0xb0805cd7                hwint10
                0xb0805d1a                sys_call
                0xb0805d60                fork_restart
                0xb0805d6f                restart
                0xb0805d92                in_byte
                0xb0805d9e                out_byte
                0xb0805dc0                disable_int
                0xb0805dc2                enable_int
                0xb0805e58                enable_8259A_casecade_irq
                0xb0805e62                disable_8259A_casecade_irq
                0xb0805e6c                enable_8259A_slave_winchester_irq
                0xb0805e76                disable_8259A_slave_winchester_irq
                0xb0805e80                update_cr3
                0xb0805e8d                update_tss
                0xb0805e9c                get_running_thread_pcb
                0xb0805ea2                sys_call_test
                0xb0805ea5                enable_8259A_slave_net_irq
 *fill*         0xb0805eb2        0xe 
 .text          0xb0805ec0       0x15 pegasus_crt.a(switch_to.o)
                0xb0805ec0                switch_to
 *fill*         0xb0805ed5        0xb 
 .text          0xb0805ee0       0x6a pegasus_crt.a(syscall.o)
                0xb0805ee0                write_debug
                0xb0805ef0                send_msg
                0xb0805f06                receive_msg
                0xb0805f1c                sys_malloc
                0xb0805f31                sys_free
 .text          0xb0805f4a      0x2ee pegasus_crt.a(double_link_list.o)
                0xb0805f4a                initDoubleLinkList
                0xb0805f9a                isListEmpty
                0xb0805fc8                findElementInList
                0xb080605f                appendToDoubleLinkList
                0xb0806125                insertToDoubleLinkList
                0xb08061a9                popFromDoubleLinkList
 .text          0xb0806238        0x0 pegasus_crt.a(global.o)
 .text          0xb0806238      0x9f6 pegasus_crt.a(netdev.o)
                0xb08063c6                netdev_init
                0xb080640d                netdev_transmit
                0xb0806558                interrupt_wait2
                0xb08065b1                netdev_rx_loop
                0xb08066a2                call_netdev_get
                0xb08067ec                netdev_get
                0xb08068a1                free_netdev
                0xb08068cc                local_ipaddress
                0xb0806909                receive_msg_from_nic
                0xb0806aec                receive_msg_from_nic2
                0xb0806c18                net_handler
 .text          0xb0806c2e      0xb74 pegasus_crt.a(arp.o)
                0xb0806d57                call_update_arp_translation_table
                0xb0806f8f                insert_arp_translation_table
                0xb0807011                update_arp_translation_table
                0xb08070d0                arp_init
                0xb08070d6                arp_rcv
                0xb08072de                arp_request
                0xb0807448                arp_reply
                0xb08075ab                call_arp_get_hwaddr
                0xb08076a4                arp_get_hwaddr
                0xb0807751                free_arp
 .text          0xb08077a2      0x2cd pegasus_crt.a(task_network.o)
                0xb08077f6                init_dev
                0xb0807900                task_network
                0xb0807a51                task_netdev_rx
 .text          0xb0807a6f      0x1e7 pegasus_crt.a(utils.o)
                0xb0807a6f                run_cmd
                0xb0807a7c                print_err
                0xb0807a93                parse_ipv4_string
                0xb0807af2                ip_pton
                0xb0807b3a                sum_every_16bits
                0xb0807b91                checksum
                0xb0807bd2                tcp_udp_checksum
 .text          0xb0807c56      0xe84 pegasus_crt.a(hd.o)
                0xb0807c56                TaskHD
                0xb0807ca1                init_hd
                0xb0807cbb                hd_handle
                0xb0807dc0                hd_cmd_out
                0xb0807ec2                hd_identify
                0xb0807f79                print_hdinfo
                0xb0808107                print_dpt_entry
                0xb0808173                get_partition_table
                0xb0808252                partition
                0xb080846c                hd_open
                0xb080851c                get_hd_ioctl
                0xb08085d6                wait_for
                0xb0808607                interrupt_wait
                0xb0808660                hd_rdwt
                0xb0808902                hd_handler
                0xb0808933                debug_ticks
                0xb0808971                waitfor
                0xb08089b5                print_hd_info
                0xb0808aa2                is_empty
 .text          0xb0808ada     0x2081 pegasus_crt.a(fs_main.o)
                0xb0808ada                task_fs
                0xb0808cee                rd_wt
                0xb0808dd0                mkfs
                0xb08093b2                init_fs
                0xb080940c                do_open
                0xb0809615                search_file
                0xb0809747                strip_path
                0xb0809813                get_inode
                0xb08099d5                create_file
                0xb0809ae0                alloc_imap_bit
                0xb0809bdd                alloc_smap_bit
                0xb0809d7e                new_inode
                0xb0809e9c                new_dir_entry
                0xb080a0a8                do_unlink
                0xb080a584                do_rdwt
                0xb080a90f                sync_inode
                0xb080aa63                put_inode
                0xb080aaa1                do_close
                0xb080aaf3                get_super_block
 .text          0xb080ab5b      0x14e pegasus_crt.a(main.o)
                0xb080ab5b                TaskMM
                0xb080ac8a                alloc_mem
 .text          0xb080aca9       0xa8 pegasus_crt.a(strcmp.o)
                0xb080aca9                strcmp
 .text          0xb080ad51       0x17 pegasus_crt.a(perror.o)
                0xb080ad51                perror
 .text          0xb080ad68      0x335 pegasus_crt.a(sscanf.o)
                0xb080ad68                sscanf
 .text          0xb080b09d       0x38 pegasus_crt.a(ntohs.o)
                0xb080b09d                ntohs
 .text          0xb080b0d5       0x7c pegasus_crt.a(htonl.o)
                0xb080b0d5                htonl
 .text          0xb080b151       0x38 pegasus_crt.a(htons.o)
                0xb080b151                htons
 .text          0xb080b189      0x295 pegasus_crt.a(inet_pton.o)
                0xb080b189                isValidIPv4
                0xb080b313                inet_pton
 .text          0xb080b41e       0x7c pegasus_crt.a(ntohl.o)
                0xb080b41e                ntohl
 *fill*         0xb080b49a        0x6 
 .text          0xb080b4a0      0x286 pegasus_crt.a(ne2000.o)
                0xb080b4c3                DriverInitialize
                0xb080b54d                StartSendToPhysicalLink
                0xb080b568                SetPageStart
                0xb080b590                DriverSend
                0xb080b60a                PCtoNIC
                0xb080b675                get_interrupt_status
                0xb080b692                set_interrupt_status
                0xb080b6b2                get_curr_page
                0xb080b6cf                NICtoPC
 .text          0xb080b726      0x15b pegasus_crt.a(skbuff.o)
                0xb080b73f                alloc_skb
                0xb080b7d0                free_skb
                0xb080b803                skb_reserve
                0xb080b81f                skb_push
                0xb080b84e                skb_head
                0xb080b859                skb_reset_header
 .text          0xb080b881      0x2ed pegasus_crt.a(ip_input.o)
                0xb080ba0b                ip_rcv
 .text          0xb080bb6e      0x234 pegasus_crt.a(icmpv4.o)
                0xb080bb7c                icmpv4_incoming
                0xb080bbf0                icmpv4_reply
                0xb080bcc9                icmpv4_timestamp
 .text          0xb080bda2      0x208 pegasus_crt.a(ip_output.o)
                0xb080bdb0                ip_output
 .text          0xb080bfaa      0x448 pegasus_crt.a(tcp.o)
                0xb080c19f                tcp_in
                0xb080c253                tcp_checksum
                0xb080c27f                __tcp_set_state
                0xb080c28e                tcp_generate_port
                0xb080c2d7                tcp_generate_isn
                0xb080c2e1                tcp_done
                0xb080c30a                tcp_clear_timers
                0xb080c319                tcp_stop_retransmission_timer
                0xb080c332                tcp_release_retransmission_timer
                0xb080c34b                tcp_stop_delack_timer
                0xb080c35e                tcp_release_delack_timer
                0xb080c371                tcp_handle_fin_state
                0xb080c3d6                tcp_enter_time_wait
 .text          0xb080c3f2      0x42e pegasus_crt.a(route.o)
                0xb080c502                route_add
                0xb080c549                route_init
                0xb080c5fb                call_route_lookup
                0xb080c745                route_lookup
 .text          0xb080c820      0xa58 pegasus_crt.a(tcp_sock.o)
                0xb080cadf                tcp_established_or_syn_recvd_socks_enqueue
                0xb080caf6                tcp_established_or_syn_recvd_socks_remove
                0xb080cb08                tcp_connecting_or_listening_socks_enqueue
                0xb080cb1f                tcp_connecting_or_listening_socks_remove
                0xb080cb31                tcp_alloc_sock
                0xb080cc47                tcp_free_sock
                0xb080ccc0                tcp_init
                0xb080ccca                tcp_sock_init
                0xb080cd6d                tcp_write
                0xb080cdae                tcp_read
                0xb080ce61                tcp_close
                0xb080cf1f                tcp_recv_notify
                0xb080cf4a                tcp_v4_connect
                0xb080d1cb                tcp_lookup_sock
 .text          0xb080d278      0xe07 pegasus_crt.a(ipc.o)
                0xb080de2c                ipc_close
                0xb080de7d                ipc_call_from_netdev_rx
                0xb080deb5                demux_ipc_socket_call
 .text          0xb080e07f      0x19b pegasus_crt.a(dst.o)
                0xb080e08d                print_array
                0xb080e0ea                dst_neigh_output
 .text          0xb080e21a      0xb80 pegasus_crt.a(tcp_input.o)
                0xb080e912                tcp_process
                0xb080ecd8                tcp_receive
 .text          0xb080ed9a      0x3e0 pegasus_crt.a(udp.o)
                0xb080eea5                udp_generate_port
                0xb080eeee                udp_checksum
                0xb080efbc                udp_in
                0xb080f04d                udp_data_dequeue
                0xb080f155                udp_data_enqueue
 .text          0xb080f17a      0x54a pegasus_crt.a(tcp_data.o)
                0xb080f465                tcp_data_dequeue
                0xb080f592                tcp_data_queue
 .text          0xb080f6c4      0x24f pegasus_crt.a(forkexit.o)
                0xb080f6c4                do_fork
                0xb080f732                do_exit
                0xb080f7bc                do_wait
                0xb080f8b9                cleanup
 .text          0xb080f913      0x419 pegasus_crt.a(exec.o)
                0xb080f913                do_exec
 .text          0xb080fd2c       0x29 pegasus_crt.a(alloca.o)
                0xb080fd2c                alloca
 .text          0xb080fd55       0x46 pegasus_crt.a(calloc.o)
                0xb080fd55                calloc
 .text          0xb080fd9b       0x9c pegasus_crt.a(atoi.o)
                0xb080fd9b                atoi
 .text          0xb080fe37       0xca pegasus_crt.a(strtol.o)
                0xb080fe37                strtol
 .text          0xb080ff01       0x85 pegasus_crt.a(strtok.o)
                0xb080ff01                strtok
 .text          0xb080ff86       0x90 pegasus_crt.a(strpbrk.o)
                0xb080ff86                strpbrk
 .text          0xb0810016      0x730 pegasus_crt.a(my_process.o)
                0xb0810016                create_user_process_address_space
                0xb08100a6                user_process
                0xb08101d3                clone_pcb
                0xb0810345                build_body_stack
                0xb0810478                build_process_kernel_stack
                0xb081053b                fork_process
                0xb08105cc                process_execute
 .text          0xb0810746      0x66c pegasus_crt.a(socket.o)
                0xb08107f6                test
                0xb0810852                socket_debug
                0xb08108b3                free_socket
                0xb081096f                _socket
                0xb0810a2e                _bind
                0xb0810a81                _connect
                0xb0810ad3                _write
                0xb0810b2a                _read
                0xb0810b81                _recvfrom
                0xb0810bc2                _sendto
                0xb0810c19                _close
                0xb0810c98                _listen
                0xb0810cfe                _accept
 .text          0xb0810db2      0x8cd pegasus_crt.a(udp_sock.o)
                0xb0810ff0                udp_lookup_sock
                0xb0811037                udp_init
                0xb0811068                udp_close
                0xb081108e                udp_sock_init
                0xb0811098                udp_recvfrom
                0xb0811131                udp_connect
                0xb081120a                udp_write
                0xb0811236                udp_alloc_skb
                0xb0811280                udp_sendto
                0xb0811374                udp_send
                0xb08114b2                udp_alloc_sock
                0xb08114f3                udp_free_sock
                0xb0811517                udp_read
 .text          0xb081167f      0x203 pegasus_crt.a(sock.o)
                0xb08117b1                sk_alloc
                0xb08117d8                sk_init
                0xb081182c                sk_init_with_socket
                0xb0811855                sk_free
 .text          0xb0811882      0xbbe pegasus_crt.a(tcp_output.o)
                0xb0811d48                tcp_send_synack
                0xb0811deb                tcp_send_delack
                0xb0811e26                tcp_send_ack
                0xb0811f72                tcp_send_fin
                0xb0811fe7                tcp_select_initial_window
                0xb0812199                tcp_reset_retransmission_timer
                0xb08121b6                tcp_begin_connect
                0xb0812260                tcp_send
                0xb0812345                tcp_send_reset
                0xb08123c5                tcp_queue_fin
 .text          0xb0812440      0x429 pegasus_crt.a(inet.o)
                0xb0812440                inet_create
                0xb08124f0                inet_socket
                0xb08124fa                inet_connect
                0xb081254e                inet_write
                0xb081257a                inet_read
                0xb08125a6                inet_close
                0xb08125f5                inet_free
                0xb081262b                inet_bind
                0xb0812734                inet_listen
                0xb081277d                inet_accept
                0xb0812828                inet_sendto
                0xb0812853                inet_recvfrom
 .text          0xb0812869      0x1b2 pegasus_crt.a(thread.o)
                0xb0812869                kernel_thread
                0xb0812881                thread_init
                0xb081292e                thread_create
                0xb0812963                thread_start
 *(.gnu.warning)

.fini
 *(SORT_NONE(.fini))
                [!provide]                        PROVIDE (__etext = .)
                [!provide]                        PROVIDE (_etext = .)
                [!provide]                        PROVIDE (etext = .)
                0xb0813000                        . = ALIGN (CONSTANT (MAXPAGESIZE))
                0xb0813000                        . = SEGMENT_START ("rodata-segment", (ALIGN (CONSTANT (MAXPAGESIZE)) + (. & (CONSTANT (MAXPAGESIZE) - 0x1))))

.rodata         0xb0813000     0x1c58
 *(.rodata .rodata.* .gnu.linkonce.r.*)
 .rodata        0xb0813000       0x10 test.o
 *fill*         0xb0813010       0x10 
 .rodata        0xb0813020      0xb61 pegasus_crt.a(kernel_main_old.o)
 .rodata        0xb0813b81       0x22 pegasus_crt.a(console.o)
 *fill*         0xb0813ba3        0x1 
 .rodata        0xb0813ba4       0x4c pegasus_crt.a(process.o)
 .rodata        0xb0813bf0       0x5a pegasus_crt.a(mem.o)
 .rodata        0xb0813c4a       0x2d pegasus_crt.a(exec.o)
 .rodata        0xb0813c77       0x2a pegasus_crt.a(close.o)
 .rodata        0xb0813ca1       0x3c pegasus_crt.a(double_link_list.o)
 *fill*         0xb0813cdd        0x3 
 .rodata        0xb0813ce0      0x156 pegasus_crt.a(netdev.o)
 *fill*         0xb0813e36        0x2 
 .rodata        0xb0813e38       0xe8 pegasus_crt.a(arp.o)
 .rodata        0xb0813f20       0x99 pegasus_crt.a(task_network.o)
 *fill*         0xb0813fb9        0x3 
 .rodata        0xb0813fbc       0x41 pegasus_crt.a(utils.o)
 *fill*         0xb0813ffd        0x3 
 .rodata        0xb0814000      0x19c pegasus_crt.a(hd.o)
 .rodata        0xb081419c      0x1fb pegasus_crt.a(fs_main.o)
                0xb081419c                FSBUF_SIZE
 .rodata        0xb0814397       0x11 pegasus_crt.a(main.o)
 .rodata        0xb08143a8        0x3 pegasus_crt.a(inet_pton.o)
 .rodata        0xb08143ab        0x9 pegasus_crt.a(skbuff.o)
 .rodata        0xb08143b4       0xbd pegasus_crt.a(ip_input.o)
 *fill*         0xb0814471        0x3 
 .rodata        0xb0814474       0x32 pegasus_crt.a(icmpv4.o)
 *fill*         0xb08144a6        0x2 
 .rodata        0xb08144a8       0x3d pegasus_crt.a(ip_output.o)
 *fill*         0xb08144e5        0x3 
 .rodata        0xb08144e8       0x31 pegasus_crt.a(tcp.o)
 *fill*         0xb0814519        0x3 
 .rodata        0xb081451c       0x36 pegasus_crt.a(route.o)
 *fill*         0xb0814552        0x2 
 .rodata        0xb0814554      0x118 pegasus_crt.a(tcp_sock.o)
 .rodata        0xb081466c      0x174 pegasus_crt.a(ipc.o)
 .rodata        0xb08147e0       0x39 pegasus_crt.a(dst.o)
 *fill*         0xb0814819        0x3 
 .rodata        0xb081481c       0x60 pegasus_crt.a(tcp_input.o)
 .rodata        0xb081487c        0x9 pegasus_crt.a(udp.o)
 .rodata        0xb0814885       0x1e pegasus_crt.a(tcp_data.o)
 .rodata        0xb08148a3       0x21 pegasus_crt.a(forkexit.o)
 .rodata        0xb08148c4       0x10 pegasus_crt.a(exec.o)
 .rodata        0xb08148d4      0x23d pegasus_crt.a(socket.o)
 *fill*         0xb0814b11        0x3 
 .rodata        0xb0814b14       0x2d pegasus_crt.a(udp_sock.o)
 .rodata        0xb0814b41        0x9 pegasus_crt.a(sock.o)
 *fill*         0xb0814b4a        0x2 
 .rodata        0xb0814b4c       0xc3 pegasus_crt.a(tcp_output.o)
 *fill*         0xb0814c0f        0x1 
 .rodata        0xb0814c10       0x48 pegasus_crt.a(inet.o)

.txt            0xb0814c58       0xaa
 .txt           0xb0814c58       0x82 pegasus_crt.a(string.o)
                0xb0814c58                Memcpy2
                0xb0814c86                Memset
                0xb0814ca5                Strcpy
                0xb0814cbf                Strlen
 .txt           0xb0814cda       0x28 pegasus_crt.a(hd_rdwt.o)
                0xb0814cda                read_port
                0xb0814cee                write_port

.rodata1
 *(.rodata1)

.eh_frame_hdr
 *(.eh_frame_hdr)
 *(.eh_frame_entry .eh_frame_entry.*)

.eh_frame       0xb0814d04     0x4134
 *(.eh_frame)
 .eh_frame      0xb0814d04       0x44 test.o
 .eh_frame      0xb0814d48      0x6cc pegasus_crt.a(kernel_main_old.o)
                                0x6e4 (size before relaxing)
 .eh_frame      0xb0815414      0x100 pegasus_crt.a(protect.o)
                                0x118 (size before relaxing)
 .eh_frame      0xb0815514      0x1e0 pegasus_crt.a(console.o)
                                0x1f8 (size before relaxing)
 .eh_frame      0xb08156f4       0x80 pegasus_crt.a(process.o)
                                 0x98 (size before relaxing)
 .eh_frame      0xb0815774       0xa0 pegasus_crt.a(keyboard.o)
                                 0xb8 (size before relaxing)
 .eh_frame      0xb0815814      0x364 pegasus_crt.a(mem.o)
                                0x37c (size before relaxing)
 .eh_frame      0xb0815b78       0x60 pegasus_crt.a(exec.o)
                                 0x78 (size before relaxing)
 .eh_frame      0xb0815bd8       0x20 pegasus_crt.a(fork.o)
                                 0x38 (size before relaxing)
 .eh_frame      0xb0815bf8       0x20 pegasus_crt.a(exit.o)
                                 0x38 (size before relaxing)
 .eh_frame      0xb0815c18       0x20 pegasus_crt.a(wait.o)
                                 0x38 (size before relaxing)
 .eh_frame      0xb0815c38       0x20 pegasus_crt.a(read.o)
                                 0x38 (size before relaxing)
 .eh_frame      0xb0815c58       0x20 pegasus_crt.a(open.o)
                                 0x38 (size before relaxing)
 .eh_frame      0xb0815c78       0x20 pegasus_crt.a(write.o)
                                 0x38 (size before relaxing)
 .eh_frame      0xb0815c98       0x20 pegasus_crt.a(close.o)
                                 0x38 (size before relaxing)
 .eh_frame      0xb0815cb8       0xc0 pegasus_crt.a(double_link_list.o)
                                 0xd8 (size before relaxing)
 .eh_frame      0xb0815d78      0x230 pegasus_crt.a(netdev.o)
                                0x248 (size before relaxing)
 .eh_frame      0xb0815fa8      0x220 pegasus_crt.a(arp.o)
                                0x238 (size before relaxing)
 .eh_frame      0xb08161c8       0x80 pegasus_crt.a(task_network.o)
                                 0x98 (size before relaxing)
 .eh_frame      0xb0816248       0xe4 pegasus_crt.a(utils.o)
                                 0xfc (size before relaxing)
 .eh_frame      0xb081632c      0x264 pegasus_crt.a(hd.o)
                                0x27c (size before relaxing)
 .eh_frame      0xb0816590      0x27c pegasus_crt.a(fs_main.o)
                                0x294 (size before relaxing)
 .eh_frame      0xb081680c       0x3c pegasus_crt.a(main.o)
                                 0x54 (size before relaxing)
 .eh_frame      0xb0816848       0x20 pegasus_crt.a(strcmp.o)
                                 0x38 (size before relaxing)
 .eh_frame      0xb0816868       0x20 pegasus_crt.a(perror.o)
                                 0x38 (size before relaxing)
 .eh_frame      0xb0816888       0x20 pegasus_crt.a(sscanf.o)
                                 0x38 (size before relaxing)
 .eh_frame      0xb08168a8       0x20 pegasus_crt.a(ntohs.o)
                                 0x38 (size before relaxing)
 .eh_frame      0xb08168c8       0x20 pegasus_crt.a(htonl.o)
                                 0x38 (size before relaxing)
 .eh_frame      0xb08168e8       0x20 pegasus_crt.a(htons.o)
                                 0x38 (size before relaxing)
 .eh_frame      0xb0816908       0x40 pegasus_crt.a(inet_pton.o)
                                 0x58 (size before relaxing)
 .eh_frame      0xb0816948       0x20 pegasus_crt.a(ntohl.o)
                                 0x38 (size before relaxing)
 .eh_frame      0xb0816968       0xe0 pegasus_crt.a(skbuff.o)
                                 0xf8 (size before relaxing)
 .eh_frame      0xb0816a48      0x104 pegasus_crt.a(ip_input.o)
                                0x11c (size before relaxing)
 .eh_frame      0xb0816b4c       0x80 pegasus_crt.a(icmpv4.o)
                                 0x98 (size before relaxing)
 .eh_frame      0xb0816bcc       0x40 pegasus_crt.a(ip_output.o)
                                 0x58 (size before relaxing)
 .eh_frame      0xb0816c0c      0x268 pegasus_crt.a(tcp.o)
                                0x280 (size before relaxing)
 .eh_frame      0xb0816e74      0x104 pegasus_crt.a(route.o)
                                0x11c (size before relaxing)
 .eh_frame      0xb0816f78      0x4c0 pegasus_crt.a(tcp_sock.o)
                                0x4d8 (size before relaxing)
 .eh_frame      0xb0817438      0x274 pegasus_crt.a(ipc.o)
                                0x28c (size before relaxing)
 .eh_frame      0xb08176ac       0x60 pegasus_crt.a(dst.o)
                                 0x78 (size before relaxing)
 .eh_frame      0xb081770c      0x300 pegasus_crt.a(tcp_input.o)
                                0x318 (size before relaxing)
 .eh_frame      0xb0817a0c      0x1e4 pegasus_crt.a(udp.o)
                                0x1fc (size before relaxing)
 .eh_frame      0xb0817bf0      0x200 pegasus_crt.a(tcp_data.o)
                                0x218 (size before relaxing)
 .eh_frame      0xb0817df0       0x80 pegasus_crt.a(forkexit.o)
                                 0x98 (size before relaxing)
 .eh_frame      0xb0817e70       0x20 pegasus_crt.a(exec.o)
                                 0x38 (size before relaxing)
 .eh_frame      0xb0817e90       0x20 pegasus_crt.a(alloca.o)
                                 0x38 (size before relaxing)
 .eh_frame      0xb0817eb0       0x20 pegasus_crt.a(calloc.o)
                                 0x38 (size before relaxing)
 .eh_frame      0xb0817ed0       0x20 pegasus_crt.a(atoi.o)
                                 0x38 (size before relaxing)
 .eh_frame      0xb0817ef0       0x20 pegasus_crt.a(strtol.o)
                                 0x38 (size before relaxing)
 .eh_frame      0xb0817f10       0x20 pegasus_crt.a(strtok.o)
                                 0x38 (size before relaxing)
 .eh_frame      0xb0817f30       0x20 pegasus_crt.a(strpbrk.o)
                                 0x38 (size before relaxing)
 .eh_frame      0xb0817f50       0xe0 pegasus_crt.a(my_process.o)
                                 0xf8 (size before relaxing)
 .eh_frame      0xb0818030      0x2a0 pegasus_crt.a(socket.o)
                                0x2b8 (size before relaxing)
 .eh_frame      0xb08182d0      0x404 pegasus_crt.a(udp_sock.o)
                                0x41c (size before relaxing)
 .eh_frame      0xb08186d4      0x1a0 pegasus_crt.a(sock.o)
                                0x1b8 (size before relaxing)
 .eh_frame      0xb0818874      0x3c4 pegasus_crt.a(tcp_output.o)
                                0x3dc (size before relaxing)
 .eh_frame      0xb0818c38      0x180 pegasus_crt.a(inet.o)
                                0x198 (size before relaxing)
 .eh_frame      0xb0818db8       0x80 pegasus_crt.a(thread.o)
                                 0x98 (size before relaxing)
 *(.eh_frame.*)

.sframe
 *(.sframe)
 *(.sframe.*)

.gcc_except_table
 *(.gcc_except_table .gcc_except_table.*)

.gnu_extab
 *(.gnu_extab*)

.exception_ranges
 *(.exception_ranges*)
                0xb0819000                        . = DATA_SEGMENT_ALIGN (CONSTANT (MAXPAGESIZE), CONSTANT (COMMONPAGESIZE))

.eh_frame
 *(.eh_frame)
 *(.eh_frame.*)

.sframe
 *(.sframe)
 *(.sframe.*)

.gnu_extab
 *(.gnu_extab)

.gcc_except_table
 *(.gcc_except_table .gcc_except_table.*)

.exception_ranges
 *(.exception_ranges*)

.tdata          0xb0819000        0x0
                [!provide]                        PROVIDE (__tdata_start = .)
 *(.tdata .tdata.* .gnu.linkonce.td.*)

.tbss
 *(.tbss .tbss.* .gnu.linkonce.tb.*)
 *(.tcommon)

.preinit_array  0xb0819000        0x0
                [!provide]                        PROVIDE (__preinit_array_start = .)
 *(.preinit_array)
                [!provide]                        PROVIDE (__preinit_array_end = .)

.init_array     0xb0819000        0x0
                [!provide]                        PROVIDE (__init_array_start = .)
 *(SORT_BY_INIT_PRIORITY(.init_array.*) SORT_BY_INIT_PRIORITY(.ctors.*))
 *(.init_array EXCLUDE_FILE(*crtend?.o *crtend.o *crtbegin?.o *crtbegin.o) .ctors)
                [!provide]                        PROVIDE (__init_array_end = .)

.fini_array     0xb0819000        0x0
                [!provide]                        PROVIDE (__fini_array_start = .)
 *(SORT_BY_INIT_PRIORITY(.fini_array.*) SORT_BY_INIT_PRIORITY(.dtors.*))
 *(.fini_array EXCLUDE_FILE(*crtend?.o *crtend.o *crtbegin?.o *crtbegin.o) .dtors)
                [!provide]                        PROVIDE (__fini_array_end = .)

.ctors
 *crtbegin.o(.ctors)
 *crtbegin?.o(.ctors)
 *(EXCLUDE_FILE(*crtend?.o *crtend.o) .ctors)
 *(SORT_BY_NAME(.ctors.*))
 *(.ctors)

.dtors
 *crtbegin.o(.dtors)
 *crtbegin?.o(.dtors)
 *(EXCLUDE_FILE(*crtend?.o *crtend.o) .dtors)
 *(SORT_BY_NAME(.dtors.*))
 *(.dtors)

.jcr
 *(.jcr)

.data.rel.ro
 *(.data.rel.ro.local* .gnu.linkonce.d.rel.ro.local.*)
 *(.data.rel.ro .data.rel.ro.* .gnu.linkonce.d.rel.ro.*)

.dynamic
 *(.dynamic)

.got            0xb0819000        0x0
 *(.got)
 .got           0xb0819000        0x0 test.o
 *(.igot)
                0xb0819000                        . = DATA_SEGMENT_RELRO_END (., (SIZEOF (.got.plt) >= 0xc)?0xc:0x0)

.got.plt        0xb0819000        0x0
 *(.got.plt)
 .got.plt       0xb0819000        0x0 test.o
 *(.igot.plt)
 .igot.plt      0xb0819000        0x0 test.o

.data           0xb0819000      0xb80
 *(.data .data.* .gnu.linkonce.d.*)
 .data          0xb0819000        0x0 test.o
 .data          0xb0819000        0x0 pegasus_crt.a(kernel_main_old.o)
 .data          0xb0819000        0x0 pegasus_crt.a(protect.o)
 .data          0xb0819000        0x0 pegasus_crt.a(console.o)
 .data          0xb0819000        0x0 pegasus_crt.a(process.o)
 .data          0xb0819000      0x600 pegasus_crt.a(keyboard.o)
                0xb0819000                keymap
 .data          0xb0819600        0x0 pegasus_crt.a(mem.o)
 .data          0xb0819600        0x0 pegasus_crt.a(exec.o)
 .data          0xb0819600        0x0 pegasus_crt.a(fork.o)
 .data          0xb0819600        0x0 pegasus_crt.a(exit.o)
 .data          0xb0819600        0x0 pegasus_crt.a(wait.o)
 .data          0xb0819600        0x0 pegasus_crt.a(read.o)
 .data          0xb0819600        0x0 pegasus_crt.a(open.o)
 .data          0xb0819600        0x0 pegasus_crt.a(write.o)
 .data          0xb0819600        0x0 pegasus_crt.a(close.o)
 .data          0xb0819600        0xf pegasus_crt.a(kernel.o)
 *fill*         0xb081960f        0x1 
 .data          0xb0819610        0x0 pegasus_crt.a(syscall.o)
 .data          0xb0819610        0x0 pegasus_crt.a(double_link_list.o)
 *fill*         0xb0819610       0x10 
 .data          0xb0819620      0x17c pegasus_crt.a(global.o)
                0xb0819620                user_task_table
                0xb08196a0                sys_task_table
                0xb0819780                sys_call_table
 .data          0xb081979c        0x4 pegasus_crt.a(netdev.o)
 .data          0xb08197a0       0x14 pegasus_crt.a(arp.o)
 .data          0xb08197b4        0x4 pegasus_crt.a(task_network.o)
 .data          0xb08197b8        0x4 pegasus_crt.a(utils.o)
 .data          0xb08197bc        0x0 pegasus_crt.a(hd.o)
 .data          0xb08197bc        0x0 pegasus_crt.a(fs_main.o)
 .data          0xb08197bc        0x0 pegasus_crt.a(main.o)
 .data          0xb08197bc        0x0 pegasus_crt.a(strcmp.o)
 .data          0xb08197bc        0x0 pegasus_crt.a(perror.o)
 .data          0xb08197bc        0x0 pegasus_crt.a(sscanf.o)
 .data          0xb08197bc        0x0 pegasus_crt.a(ntohs.o)
 .data          0xb08197bc        0x0 pegasus_crt.a(htonl.o)
 .data          0xb08197bc        0x0 pegasus_crt.a(htons.o)
 .data          0xb08197bc        0x0 pegasus_crt.a(inet_pton.o)
 .data          0xb08197bc        0x0 pegasus_crt.a(ntohl.o)
 .data          0xb08197bc        0x4 pegasus_crt.a(skbuff.o)
 .data          0xb08197c0        0x4 pegasus_crt.a(ip_input.o)
 .data          0xb08197c4        0x4 pegasus_crt.a(icmpv4.o)
 .data          0xb08197c8        0x4 pegasus_crt.a(ip_output.o)
 .data          0xb08197cc        0x8 pegasus_crt.a(tcp.o)
 .data          0xb08197d4        0x4 pegasus_crt.a(route.o)
 *fill*         0xb08197d8        0x8 
 .data          0xb08197e0       0x54 pegasus_crt.a(tcp_sock.o)
                0xb0819800                tcp_ops
 .data          0xb0819834        0xc pegasus_crt.a(ipc.o)
 .data          0xb0819840        0x4 pegasus_crt.a(dst.o)
 .data          0xb0819844        0x4 pegasus_crt.a(tcp_input.o)
 .data          0xb0819848        0x8 pegasus_crt.a(udp.o)
 .data          0xb0819850        0x4 pegasus_crt.a(tcp_data.o)
 .data          0xb0819854        0x0 pegasus_crt.a(forkexit.o)
 .data          0xb0819854        0x0 pegasus_crt.a(exec.o)
 .data          0xb0819854        0x0 pegasus_crt.a(alloca.o)
 .data          0xb0819854        0x0 pegasus_crt.a(calloc.o)
 .data          0xb0819854        0x0 pegasus_crt.a(atoi.o)
 .data          0xb0819854        0x0 pegasus_crt.a(strtol.o)
 .data          0xb0819854        0x0 pegasus_crt.a(strtok.o)
 .data          0xb0819854        0x0 pegasus_crt.a(strpbrk.o)
 .data          0xb0819854        0x0 pegasus_crt.a(my_process.o)
 *fill*         0xb0819854        0xc 
 .data          0xb0819860      0x224 pegasus_crt.a(socket.o)
 *fill*         0xb0819a84       0x1c 
 .data          0xb0819aa0       0x54 pegasus_crt.a(udp_sock.o)
                0xb0819ac0                udp_ops
 .data          0xb0819af4        0x4 pegasus_crt.a(sock.o)
 .data          0xb0819af8        0x4 pegasus_crt.a(tcp_output.o)
 *fill*         0xb0819afc        0x4 
 .data          0xb0819b00       0x80 pegasus_crt.a(inet.o)
                0xb0819b08                inet
 .data          0xb0819b80        0x0 pegasus_crt.a(thread.o)

.data1
 *(.data1)
                0xb0819b80                        _edata = .
                [!provide]                        PROVIDE (edata = .)
                0xb0819b80                        . = .
                0xb0819b80                        __bss_start = .

.bss            0xb0819b80    0xa5088
 *(.dynbss)
 *(.bss .bss.* .gnu.linkonce.b.*)
 .bss           0xb0819b80        0x0 test.o
 .bss           0xb0819b80        0x0 pegasus_crt.a(kernel_main_old.o)
 .bss           0xb0819b80        0x0 pegasus_crt.a(protect.o)
 .bss           0xb0819b80        0x0 pegasus_crt.a(console.o)
 .bss           0xb0819b80        0x0 pegasus_crt.a(process.o)
 .bss           0xb0819b80        0x0 pegasus_crt.a(keyboard.o)
 .bss           0xb0819b80        0x0 pegasus_crt.a(mem.o)
 .bss           0xb0819b80        0x0 pegasus_crt.a(exec.o)
 .bss           0xb0819b80        0x0 pegasus_crt.a(fork.o)
 .bss           0xb0819b80        0x0 pegasus_crt.a(exit.o)
 .bss           0xb0819b80        0x0 pegasus_crt.a(wait.o)
 .bss           0xb0819b80        0x0 pegasus_crt.a(read.o)
 .bss           0xb0819b80        0x0 pegasus_crt.a(open.o)
 .bss           0xb0819b80        0x0 pegasus_crt.a(write.o)
 .bss           0xb0819b80        0x0 pegasus_crt.a(close.o)
 .bss           0xb0819b80      0x800 pegasus_crt.a(kernel.o)
 .bss           0xb081a380        0x0 pegasus_crt.a(double_link_list.o)
 .bss           0xb081a380        0x0 pegasus_crt.a(global.o)
 .bss           0xb081a380        0x0 pegasus_crt.a(netdev.o)
 .bss           0xb081a380        0x0 pegasus_crt.a(arp.o)
 .bss           0xb081a380        0x0 pegasus_crt.a(task_network.o)
 .bss           0xb081a380        0x0 pegasus_crt.a(utils.o)
 .bss           0xb081a380        0x0 pegasus_crt.a(hd.o)
 .bss           0xb081a380        0x4 pegasus_crt.a(fs_main.o)
                0xb081a380                c
 .bss           0xb081a384        0x0 pegasus_crt.a(main.o)
 .bss           0xb081a384        0x0 pegasus_crt.a(strcmp.o)
 .bss           0xb081a384        0x0 pegasus_crt.a(perror.o)
 .bss           0xb081a384        0x0 pegasus_crt.a(sscanf.o)
 .bss           0xb081a384        0x0 pegasus_crt.a(ntohs.o)
 .bss           0xb081a384        0x0 pegasus_crt.a(htonl.o)
 .bss           0xb081a384        0x0 pegasus_crt.a(htons.o)
 .bss           0xb081a384        0x0 pegasus_crt.a(inet_pton.o)
 .bss           0xb081a384        0x0 pegasus_crt.a(ntohl.o)
 .bss           0xb081a384        0x0 pegasus_crt.a(skbuff.o)
 .bss           0xb081a384        0x0 pegasus_crt.a(ip_input.o)
 .bss           0xb081a384        0x0 pegasus_crt.a(icmpv4.o)
 .bss           0xb081a384        0x0 pegasus_crt.a(ip_output.o)
 .bss           0xb081a384        0x0 pegasus_crt.a(tcp.o)
 .bss           0xb081a384        0x0 pegasus_crt.a(route.o)
 .bss           0xb081a384        0x0 pegasus_crt.a(tcp_sock.o)
 .bss           0xb081a384        0x4 pegasus_crt.a(ipc.o)
 .bss           0xb081a388        0x0 pegasus_crt.a(dst.o)
 .bss           0xb081a388        0x0 pegasus_crt.a(tcp_input.o)
 .bss           0xb081a388        0x0 pegasus_crt.a(udp.o)
 .bss           0xb081a388        0x0 pegasus_crt.a(tcp_data.o)
 .bss           0xb081a388        0x0 pegasus_crt.a(forkexit.o)
 .bss           0xb081a388        0x0 pegasus_crt.a(exec.o)
 .bss           0xb081a388        0x0 pegasus_crt.a(alloca.o)
 .bss           0xb081a388        0x0 pegasus_crt.a(calloc.o)
 .bss           0xb081a388        0x0 pegasus_crt.a(atoi.o)
 .bss           0xb081a388        0x0 pegasus_crt.a(strtol.o)
 .bss           0xb081a388        0x4 pegasus_crt.a(strtok.o)
 .bss           0xb081a38c        0x0 pegasus_crt.a(strpbrk.o)
 .bss           0xb081a38c        0x0 pegasus_crt.a(my_process.o)
 .bss           0xb081a38c        0x4 pegasus_crt.a(socket.o)
 .bss           0xb081a390        0x4 pegasus_crt.a(udp_sock.o)
 .bss           0xb081a394        0x0 pegasus_crt.a(sock.o)
 .bss           0xb081a394        0x0 pegasus_crt.a(tcp_output.o)
 .bss           0xb081a394        0x0 pegasus_crt.a(inet.o)
 .bss           0xb081a394        0x0 pegasus_crt.a(thread.o)
 *(COMMON)
 *fill*         0xb081a394        0xc 
 COMMON         0xb081a3a0     0x17b8 pegasus_crt.a(kernel_main_old.o)
                0xb081a3a0                current_tty
                0xb081a3a4                is_e0
                0xb081a3a8                idt_ptr
                0xb081a3b0                pid
                0xb081a3b4                KernelVirtualMemory
                0xb081a3c0                loop
                0xb081a3c4                current_dis_pos
                0xb081a3c8                dis_pos
                0xb081a3cc                netdev
                0xb081a3d0                k_reenter
                0xb081a3e0                gdt
                0xb081a7e0                proc_ready_table
                0xb081a7e4                test_ticks
                0xb081a7e8                pcaller
                0xb081a800                keyboard_buffer
                0xb081aa0c                pcb_list
                0xb081aa1c                gdt_index
                0xb081aa20                tty_table
                0xb081b260                tss
                0xb081b2cc                KernelPool
                0xb081b2dc                net_buf
                0xb081b2e0                nic_current_page
                0xb081b2e4                counter
                0xb081b2e8                key_pressed
                0xb081b2ec                fork_pid
                0xb081b2f0                is_shift
                0xb081b2f1                net_data
                0xb081b2f4                routes
                0xb081b2f8                gdt_ptr
                0xb081b300                idt
                0xb081bb00                main_thread
                0xb081bb08                ticks
                0xb081bb10                is_init
                0xb081bb14                UserPool
                0xb081bb24                all_pcb_list
                0xb081bb34                console_table
                0xb081bb44                is_disp
                0xb081bb48                MAIN_THREAD_PAGE_DIRECTORY
                0xb081bb4c                helloStr
 *fill*         0xb081bb58        0x8 
 COMMON         0xb081bb60       0xa8 pegasus_crt.a(mem.o)
                0xb081bb60                kernel_mem_block_decs_array
 *fill*         0xb081bc08       0x18 
 COMMON         0xb081bc20    0xa1d40 pegasus_crt.a(global.o)
                0xb081bc20                proc_stack
                0xb08bbc20                proc_table
 COMMON         0xb08bd960      0x440 pegasus_crt.a(hd.o)
                0xb08bd960                hd_info
                0xb08bdba0                hd_cache
 COMMON         0xb08bdda0      0xe68 pegasus_crt.a(fs_main.o)
                0xb08bdda0                file_desc_table
                0xb08be1a0                phy_super_block_buf
                0xb08be1a4                phy_fsbuf
                0xb08be1c0                inode_table
                0xb08bebc0                super_block_buf
                0xb08bebc4                fsbuf
                0xb08bebe0                root
                0xb08bec08                        . = ALIGN ((. != 0x0)?0x4:0x1)
                0xb08bec08                        . = ALIGN (0x4)
                0xb08bec08                        . = SEGMENT_START ("ldata-segment", .)
                0xb08bec08                        . = ALIGN (0x4)
                0xb08bec08                        _end = .
                [!provide]                        PROVIDE (end = .)
                0xb08bec08                        . = DATA_SEGMENT_END (.)

.stab
 *(.stab)

.stabstr
 *(.stabstr)

.stab.excl
 *(.stab.excl)

.stab.exclstr
 *(.stab.exclstr)

.stab.index
 *(.stab.index)

.stab.indexstr
 *(.stab.indexstr)

.comment        0x00000000       0x2c
 *(.comment)
 .comment       0x00000000       0x2c test.o
                                 0x2d (size before relaxing)
 .comment       0x0000002c       0x2d pegasus_crt.a(kernel_main_old.o)
 .comment       0x0000002c       0x2d pegasus_crt.a(protect.o)
 .comment       0x0000002c       0x2d pegasus_crt.a(console.o)
 .comment       0x0000002c       0x2d pegasus_crt.a(process.o)
 .comment       0x0000002c       0x2d pegasus_crt.a(keyboard.o)
 .comment       0x0000002c       0x2d pegasus_crt.a(mem.o)
 .comment       0x0000002c       0x2d pegasus_crt.a(exec.o)
 .comment       0x0000002c       0x2d pegasus_crt.a(fork.o)
 .comment       0x0000002c       0x2d pegasus_crt.a(exit.o)
 .comment       0x0000002c       0x2d pegasus_crt.a(wait.o)
 .comment       0x0000002c       0x2d pegasus_crt.a(read.o)
 .comment       0x0000002c       0x2d pegasus_crt.a(open.o)
 .comment       0x0000002c       0x2d pegasus_crt.a(write.o)
 .comment       0x0000002c       0x2d pegasus_crt.a(close.o)
 .comment       0x0000002c       0x2d pegasus_crt.a(double_link_list.o)
 .comment       0x0000002c       0x2d pegasus_crt.a(global.o)
 .comment       0x0000002c       0x2d pegasus_crt.a(netdev.o)
 .comment       0x0000002c       0x2d pegasus_crt.a(arp.o)
 .comment       0x0000002c       0x2d pegasus_crt.a(task_network.o)
 .comment       0x0000002c       0x2d pegasus_crt.a(utils.o)
 .comment       0x0000002c       0x2d pegasus_crt.a(hd.o)
 .comment       0x0000002c       0x2d pegasus_crt.a(fs_main.o)
 .comment       0x0000002c       0x2d pegasus_crt.a(main.o)
 .comment       0x0000002c       0x2d pegasus_crt.a(strcmp.o)
 .comment       0x0000002c       0x2d pegasus_crt.a(perror.o)
 .comment       0x0000002c       0x2d pegasus_crt.a(sscanf.o)
 .comment       0x0000002c       0x2d pegasus_crt.a(ntohs.o)
 .comment       0x0000002c       0x2d pegasus_crt.a(htonl.o)
 .comment       0x0000002c       0x2d pegasus_crt.a(htons.o)
 .comment       0x0000002c       0x2d pegasus_crt.a(inet_pton.o)
 .comment       0x0000002c       0x2d pegasus_crt.a(ntohl.o)
 .comment       0x0000002c       0x2d pegasus_crt.a(skbuff.o)
 .comment       0x0000002c       0x2d pegasus_crt.a(ip_input.o)
 .comment       0x0000002c       0x2d pegasus_crt.a(icmpv4.o)
 .comment       0x0000002c       0x2d pegasus_crt.a(ip_output.o)
 .comment       0x0000002c       0x2d pegasus_crt.a(tcp.o)
 .comment       0x0000002c       0x2d pegasus_crt.a(route.o)
 .comment       0x0000002c       0x2d pegasus_crt.a(tcp_sock.o)
 .comment       0x0000002c       0x2d pegasus_crt.a(ipc.o)
 .comment       0x0000002c       0x2d pegasus_crt.a(dst.o)
 .comment       0x0000002c       0x2d pegasus_crt.a(tcp_input.o)
 .comment       0x0000002c       0x2d pegasus_crt.a(udp.o)
 .comment       0x0000002c       0x2d pegasus_crt.a(tcp_data.o)
 .comment       0x0000002c       0x2d pegasus_crt.a(forkexit.o)
 .comment       0x0000002c       0x2d pegasus_crt.a(exec.o)
 .comment       0x0000002c       0x2d pegasus_crt.a(alloca.o)
 .comment       0x0000002c       0x2d pegasus_crt.a(calloc.o)
 .comment       0x0000002c       0x2d pegasus_crt.a(atoi.o)
 .comment       0x0000002c       0x2d pegasus_crt.a(strtol.o)
 .comment       0x0000002c       0x2d pegasus_crt.a(strtok.o)
 .comment       0x0000002c       0x2d pegasus_crt.a(strpbrk.o)
 .comment       0x0000002c       0x2d pegasus_crt.a(my_process.o)
 .comment       0x0000002c       0x2d pegasus_crt.a(socket.o)
 .comment       0x0000002c       0x2d pegasus_crt.a(udp_sock.o)
 .comment       0x0000002c       0x2d pegasus_crt.a(sock.o)
 .comment       0x0000002c       0x2d pegasus_crt.a(tcp_output.o)
 .comment       0x0000002c       0x2d pegasus_crt.a(inet.o)
 .comment       0x0000002c       0x2d pegasus_crt.a(thread.o)

.gnu.build.attributes
 *(.gnu.build.attributes .gnu.build.attributes.*)

.debug
 *(.debug)

.line
 *(.line)

.debug_srcinfo
 *(.debug_srcinfo)

.debug_sfnames
 *(.debug_sfnames)

.debug_aranges  0x00000000      0x738
 *(.debug_aranges)
 .debug_aranges
                0x00000000       0x20 pegasus_crt.a(kernel_main_old.o)
 .debug_aranges
                0x00000020       0x20 pegasus_crt.a(protect.o)
 .debug_aranges
                0x00000040       0x20 pegasus_crt.a(console.o)
 .debug_aranges
                0x00000060       0x20 pegasus_crt.a(process.o)
 .debug_aranges
                0x00000080       0x20 pegasus_crt.a(keyboard.o)
 .debug_aranges
                0x000000a0       0x20 pegasus_crt.a(mem.o)
 .debug_aranges
                0x000000c0       0x20 pegasus_crt.a(exec.o)
 .debug_aranges
                0x000000e0       0x20 pegasus_crt.a(fork.o)
 .debug_aranges
                0x00000100       0x20 pegasus_crt.a(exit.o)
 .debug_aranges
                0x00000120       0x20 pegasus_crt.a(wait.o)
 .debug_aranges
                0x00000140       0x20 pegasus_crt.a(read.o)
 .debug_aranges
                0x00000160       0x20 pegasus_crt.a(open.o)
 .debug_aranges
                0x00000180       0x20 pegasus_crt.a(write.o)
 .debug_aranges
                0x000001a0       0x20 pegasus_crt.a(close.o)
 .debug_aranges
                0x000001c0       0x20 pegasus_crt.a(double_link_list.o)
 .debug_aranges
                0x000001e0       0x18 pegasus_crt.a(global.o)
 .debug_aranges
                0x000001f8       0x20 pegasus_crt.a(netdev.o)
 .debug_aranges
                0x00000218       0x20 pegasus_crt.a(arp.o)
 .debug_aranges
                0x00000238       0x20 pegasus_crt.a(task_network.o)
 .debug_aranges
                0x00000258       0x20 pegasus_crt.a(utils.o)
 .debug_aranges
                0x00000278       0x20 pegasus_crt.a(hd.o)
 .debug_aranges
                0x00000298       0x20 pegasus_crt.a(fs_main.o)
 .debug_aranges
                0x000002b8       0x20 pegasus_crt.a(main.o)
 .debug_aranges
                0x000002d8       0x20 pegasus_crt.a(strcmp.o)
 .debug_aranges
                0x000002f8       0x20 pegasus_crt.a(perror.o)
 .debug_aranges
                0x00000318       0x20 pegasus_crt.a(sscanf.o)
 .debug_aranges
                0x00000338       0x20 pegasus_crt.a(ntohs.o)
 .debug_aranges
                0x00000358       0x20 pegasus_crt.a(htonl.o)
 .debug_aranges
                0x00000378       0x20 pegasus_crt.a(htons.o)
 .debug_aranges
                0x00000398       0x20 pegasus_crt.a(inet_pton.o)
 .debug_aranges
                0x000003b8       0x20 pegasus_crt.a(ntohl.o)
 .debug_aranges
                0x000003d8       0x20 pegasus_crt.a(skbuff.o)
 .debug_aranges
                0x000003f8       0x20 pegasus_crt.a(ip_input.o)
 .debug_aranges
                0x00000418       0x20 pegasus_crt.a(icmpv4.o)
 .debug_aranges
                0x00000438       0x20 pegasus_crt.a(ip_output.o)
 .debug_aranges
                0x00000458       0x20 pegasus_crt.a(tcp.o)
 .debug_aranges
                0x00000478       0x20 pegasus_crt.a(route.o)
 .debug_aranges
                0x00000498       0x20 pegasus_crt.a(tcp_sock.o)
 .debug_aranges
                0x000004b8       0x20 pegasus_crt.a(ipc.o)
 .debug_aranges
                0x000004d8       0x20 pegasus_crt.a(dst.o)
 .debug_aranges
                0x000004f8       0x20 pegasus_crt.a(tcp_input.o)
 .debug_aranges
                0x00000518       0x20 pegasus_crt.a(udp.o)
 .debug_aranges
                0x00000538       0x20 pegasus_crt.a(tcp_data.o)
 .debug_aranges
                0x00000558       0x20 pegasus_crt.a(forkexit.o)
 .debug_aranges
                0x00000578       0x20 pegasus_crt.a(exec.o)
 .debug_aranges
                0x00000598       0x20 pegasus_crt.a(alloca.o)
 .debug_aranges
                0x000005b8       0x20 pegasus_crt.a(calloc.o)
 .debug_aranges
                0x000005d8       0x20 pegasus_crt.a(atoi.o)
 .debug_aranges
                0x000005f8       0x20 pegasus_crt.a(strtol.o)
 .debug_aranges
                0x00000618       0x20 pegasus_crt.a(strtok.o)
 .debug_aranges
                0x00000638       0x20 pegasus_crt.a(strpbrk.o)
 .debug_aranges
                0x00000658       0x20 pegasus_crt.a(my_process.o)
 .debug_aranges
                0x00000678       0x20 pegasus_crt.a(socket.o)
 .debug_aranges
                0x00000698       0x20 pegasus_crt.a(udp_sock.o)
 .debug_aranges
                0x000006b8       0x20 pegasus_crt.a(sock.o)
 .debug_aranges
                0x000006d8       0x20 pegasus_crt.a(tcp_output.o)
 .debug_aranges
                0x000006f8       0x20 pegasus_crt.a(inet.o)
 .debug_aranges
                0x00000718       0x20 pegasus_crt.a(thread.o)

.debug_pubnames
 *(.debug_pubnames)

.debug_info     0x00000000    0x3dd1a
 *(.debug_info .gnu.linkonce.wi.*)
 .debug_info    0x00000000     0x28d0 pegasus_crt.a(kernel_main_old.o)
 .debug_info    0x000028d0     0x1224 pegasus_crt.a(protect.o)
 .debug_info    0x00003af4     0x12f9 pegasus_crt.a(console.o)
 .debug_info    0x00004ded      0xfd1 pegasus_crt.a(process.o)
 .debug_info    0x00005dbe     0x104d pegasus_crt.a(keyboard.o)
 .debug_info    0x00006e0b     0x1dcd pegasus_crt.a(mem.o)
 .debug_info    0x00008bd8      0xfaf pegasus_crt.a(exec.o)
 .debug_info    0x00009b87      0xe17 pegasus_crt.a(fork.o)
 .debug_info    0x0000a99e      0xe22 pegasus_crt.a(exit.o)
 .debug_info    0x0000b7c0      0xe30 pegasus_crt.a(wait.o)
 .debug_info    0x0000c5f0      0xea1 pegasus_crt.a(read.o)
 .debug_info    0x0000d491      0xe02 pegasus_crt.a(open.o)
 .debug_info    0x0000e293      0xe9e pegasus_crt.a(write.o)
 .debug_info    0x0000f131      0xdb6 pegasus_crt.a(close.o)
 .debug_info    0x0000fee7     0x10b1 pegasus_crt.a(double_link_list.o)
 .debug_info    0x00010f98      0xef9 pegasus_crt.a(global.o)
 .debug_info    0x00011e91     0x1948 pegasus_crt.a(netdev.o)
 .debug_info    0x000137d9     0x195f pegasus_crt.a(arp.o)
 .debug_info    0x00015138     0x1117 pegasus_crt.a(task_network.o)
 .debug_info    0x0001624f      0x367 pegasus_crt.a(utils.o)
 .debug_info    0x000165b6     0x1868 pegasus_crt.a(hd.o)
 .debug_info    0x00017e1e     0x1faa pegasus_crt.a(fs_main.o)
 .debug_info    0x00019dc8      0xe3b pegasus_crt.a(main.o)
 .debug_info    0x0001ac03       0xc1 pegasus_crt.a(strcmp.o)
 .debug_info    0x0001acc4       0x5c pegasus_crt.a(perror.o)
 .debug_info    0x0001ad20      0x202 pegasus_crt.a(sscanf.o)
 .debug_info    0x0001af22       0xa8 pegasus_crt.a(ntohs.o)
 .debug_info    0x0001afca       0xcb pegasus_crt.a(htonl.o)
 .debug_info    0x0001b095       0xa8 pegasus_crt.a(htons.o)
 .debug_info    0x0001b13d      0x260 pegasus_crt.a(inet_pton.o)
 .debug_info    0x0001b39d       0xcb pegasus_crt.a(ntohl.o)
 .debug_info    0x0001b468     0x11cc pegasus_crt.a(skbuff.o)
 .debug_info    0x0001c634     0x1ae1 pegasus_crt.a(ip_input.o)
 .debug_info    0x0001e115     0x193f pegasus_crt.a(icmpv4.o)
 .debug_info    0x0001fa54     0x177b pegasus_crt.a(ip_output.o)
 .debug_info    0x000211cf     0x1e44 pegasus_crt.a(tcp.o)
 .debug_info    0x00023013     0x1390 pegasus_crt.a(route.o)
 .debug_info    0x000243a3     0x2235 pegasus_crt.a(tcp_sock.o)
 .debug_info    0x000265d8     0x1d7c pegasus_crt.a(ipc.o)
 .debug_info    0x00028354     0x1283 pegasus_crt.a(dst.o)
 .debug_info    0x000295d7     0x2147 pegasus_crt.a(tcp_input.o)
 .debug_info    0x0002b71e     0x1b44 pegasus_crt.a(udp.o)
 .debug_info    0x0002d262     0x1dad pegasus_crt.a(tcp_data.o)
 .debug_info    0x0002f00f     0x100d pegasus_crt.a(forkexit.o)
 .debug_info    0x0003001c     0x1249 pegasus_crt.a(exec.o)
 .debug_info    0x00031265       0xb6 pegasus_crt.a(alloca.o)
 .debug_info    0x0003131b      0xf28 pegasus_crt.a(calloc.o)
 .debug_info    0x00032243       0xc9 pegasus_crt.a(atoi.o)
 .debug_info    0x0003230c       0xd6 pegasus_crt.a(strtol.o)
 .debug_info    0x000323e2       0xae pegasus_crt.a(strtok.o)
 .debug_info    0x00032490       0xcf pegasus_crt.a(strpbrk.o)
 .debug_info    0x0003255f     0x150c pegasus_crt.a(my_process.o)
 .debug_info    0x00033a6b     0x1c35 pegasus_crt.a(socket.o)
 .debug_info    0x000356a0     0x1f13 pegasus_crt.a(udp_sock.o)
 .debug_info    0x000375b3     0x1896 pegasus_crt.a(sock.o)
 .debug_info    0x00038e49     0x235f pegasus_crt.a(tcp_output.o)
 .debug_info    0x0003b1a8     0x1a9a pegasus_crt.a(inet.o)
 .debug_info    0x0003cc42     0x10d8 pegasus_crt.a(thread.o)

.debug_abbrev   0x00000000     0x7514
 *(.debug_abbrev)
 .debug_abbrev  0x00000000      0x43a pegasus_crt.a(kernel_main_old.o)
 .debug_abbrev  0x0000043a      0x227 pegasus_crt.a(protect.o)
 .debug_abbrev  0x00000661      0x2ac pegasus_crt.a(console.o)
 .debug_abbrev  0x0000090d      0x1e0 pegasus_crt.a(process.o)
 .debug_abbrev  0x00000aed      0x1fb pegasus_crt.a(keyboard.o)
 .debug_abbrev  0x00000ce8      0x330 pegasus_crt.a(mem.o)
 .debug_abbrev  0x00001018      0x1e8 pegasus_crt.a(exec.o)
 .debug_abbrev  0x00001200      0x18a pegasus_crt.a(fork.o)
 .debug_abbrev  0x0000138a      0x19b pegasus_crt.a(exit.o)
 .debug_abbrev  0x00001525      0x19f pegasus_crt.a(wait.o)
 .debug_abbrev  0x000016c4      0x1ef pegasus_crt.a(read.o)
 .debug_abbrev  0x000018b3      0x1c5 pegasus_crt.a(open.o)
 .debug_abbrev  0x00001a78      0x1db pegasus_crt.a(write.o)
 .debug_abbrev  0x00001c53      0x19d pegasus_crt.a(close.o)
 .debug_abbrev  0x00001df0      0x216 pegasus_crt.a(double_link_list.o)
 .debug_abbrev  0x00002006      0x157 pegasus_crt.a(global.o)
 .debug_abbrev  0x0000215d      0x336 pegasus_crt.a(netdev.o)
 .debug_abbrev  0x00002493      0x330 pegasus_crt.a(arp.o)
 .debug_abbrev  0x000027c3      0x1e7 pegasus_crt.a(task_network.o)
 .debug_abbrev  0x000029aa      0x17a pegasus_crt.a(utils.o)
 .debug_abbrev  0x00002b24      0x2e3 pegasus_crt.a(hd.o)
 .debug_abbrev  0x00002e07      0x2f8 pegasus_crt.a(fs_main.o)
 .debug_abbrev  0x000030ff      0x208 pegasus_crt.a(main.o)
 .debug_abbrev  0x00003307       0x94 pegasus_crt.a(strcmp.o)
 .debug_abbrev  0x0000339b       0x5c pegasus_crt.a(perror.o)
 .debug_abbrev  0x000033f7       0xca pegasus_crt.a(sscanf.o)
 .debug_abbrev  0x000034c1       0x6c pegasus_crt.a(ntohs.o)
 .debug_abbrev  0x0000352d       0xa5 pegasus_crt.a(htonl.o)
 .debug_abbrev  0x000035d2       0x6c pegasus_crt.a(htons.o)
 .debug_abbrev  0x0000363e      0x116 pegasus_crt.a(inet_pton.o)
 .debug_abbrev  0x00003754       0xa5 pegasus_crt.a(ntohl.o)
 .debug_abbrev  0x000037f9      0x23f pegasus_crt.a(skbuff.o)
 .debug_abbrev  0x00003a38      0x2d1 pegasus_crt.a(ip_input.o)
 .debug_abbrev  0x00003d09      0x236 pegasus_crt.a(icmpv4.o)
 .debug_abbrev  0x00003f3f      0x213 pegasus_crt.a(ip_output.o)
 .debug_abbrev  0x00004152      0x332 pegasus_crt.a(tcp.o)
 .debug_abbrev  0x00004484      0x263 pegasus_crt.a(route.o)
 .debug_abbrev  0x000046e7      0x3e6 pegasus_crt.a(tcp_sock.o)
 .debug_abbrev  0x00004acd      0x311 pegasus_crt.a(ipc.o)
 .debug_abbrev  0x00004dde      0x23a pegasus_crt.a(dst.o)
 .debug_abbrev  0x00005018      0x355 pegasus_crt.a(tcp_input.o)
 .debug_abbrev  0x0000536d      0x2d3 pegasus_crt.a(udp.o)
 .debug_abbrev  0x00005640      0x2a6 pegasus_crt.a(tcp_data.o)
 .debug_abbrev  0x000058e6      0x204 pegasus_crt.a(forkexit.o)
 .debug_abbrev  0x00005aea      0x1c4 pegasus_crt.a(exec.o)
 .debug_abbrev  0x00005cae       0xcd pegasus_crt.a(alloca.o)
 .debug_abbrev  0x00005d7b      0x191 pegasus_crt.a(calloc.o)
 .debug_abbrev  0x00005f0c       0x94 pegasus_crt.a(atoi.o)
 .debug_abbrev  0x00005fa0       0x8b pegasus_crt.a(strtol.o)
 .debug_abbrev  0x0000602b       0x91 pegasus_crt.a(strtok.o)
 .debug_abbrev  0x000060bc       0xa5 pegasus_crt.a(strpbrk.o)
 .debug_abbrev  0x00006161      0x260 pegasus_crt.a(my_process.o)
 .debug_abbrev  0x000063c1      0x327 pegasus_crt.a(socket.o)
 .debug_abbrev  0x000066e8      0x3b1 pegasus_crt.a(udp_sock.o)
 .debug_abbrev  0x00006a99      0x273 pegasus_crt.a(sock.o)
 .debug_abbrev  0x00006d0c      0x39b pegasus_crt.a(tcp_output.o)
 .debug_abbrev  0x000070a7      0x24b pegasus_crt.a(inet.o)
 .debug_abbrev  0x000072f2      0x222 pegasus_crt.a(thread.o)

.debug_line     0x00000000     0x9d0d
 *(.debug_line .debug_line.* .debug_line_end)
 .debug_line    0x00000000      0xe5a pegasus_crt.a(kernel_main_old.o)
 .debug_line    0x00000e5a      0x21d pegasus_crt.a(protect.o)
 .debug_line    0x00001077      0x56c pegasus_crt.a(console.o)
 .debug_line    0x000015e3      0x1d8 pegasus_crt.a(process.o)
 .debug_line    0x000017bb      0x2b4 pegasus_crt.a(keyboard.o)
 .debug_line    0x00001a6f      0x78e pegasus_crt.a(mem.o)
 .debug_line    0x000021fd      0x1a9 pegasus_crt.a(exec.o)
 .debug_line    0x000023a6       0xc3 pegasus_crt.a(fork.o)
 .debug_line    0x00002469       0xbe pegasus_crt.a(exit.o)
 .debug_line    0x00002527       0xd5 pegasus_crt.a(wait.o)
 .debug_line    0x000025fc      0x15b pegasus_crt.a(read.o)
 .debug_line    0x00002757       0xc3 pegasus_crt.a(open.o)
 .debug_line    0x0000281a       0xe0 pegasus_crt.a(write.o)
 .debug_line    0x000028fa       0xb3 pegasus_crt.a(close.o)
 .debug_line    0x000029ad      0x235 pegasus_crt.a(double_link_list.o)
 .debug_line    0x00002be2       0xb3 pegasus_crt.a(global.o)
 .debug_line    0x00002c95      0x4ae pegasus_crt.a(netdev.o)
 .debug_line    0x00003143      0x54b pegasus_crt.a(arp.o)
 .debug_line    0x0000368e      0x1ef pegasus_crt.a(task_network.o)
 .debug_line    0x0000387d      0x13c pegasus_crt.a(utils.o)
 .debug_line    0x000039b9      0x64d pegasus_crt.a(hd.o)
 .debug_line    0x00004006      0xc43 pegasus_crt.a(fs_main.o)
 .debug_line    0x00004c49      0x10a pegasus_crt.a(main.o)
 .debug_line    0x00004d53       0x9c pegasus_crt.a(strcmp.o)
 .debug_line    0x00004def       0x48 pegasus_crt.a(perror.o)
 .debug_line    0x00004e37      0x220 pegasus_crt.a(sscanf.o)
 .debug_line    0x00005057       0x6c pegasus_crt.a(ntohs.o)
 .debug_line    0x000050c3       0xc1 pegasus_crt.a(htonl.o)
 .debug_line    0x00005184       0x6c pegasus_crt.a(htons.o)
 .debug_line    0x000051f0      0x167 pegasus_crt.a(inet_pton.o)
 .debug_line    0x00005357       0xc1 pegasus_crt.a(ntohl.o)
 .debug_line    0x00005418      0x1ab pegasus_crt.a(skbuff.o)
 .debug_line    0x000055c3      0x28e pegasus_crt.a(ip_input.o)
 .debug_line    0x00005851      0x232 pegasus_crt.a(icmpv4.o)
 .debug_line    0x00005a83      0x213 pegasus_crt.a(ip_output.o)
 .debug_line    0x00005c96      0x30d pegasus_crt.a(tcp.o)
 .debug_line    0x00005fa3      0x2a9 pegasus_crt.a(route.o)
 .debug_line    0x0000624c      0x59a pegasus_crt.a(tcp_sock.o)
 .debug_line    0x000067e6      0x60d pegasus_crt.a(ipc.o)
 .debug_line    0x00006df3      0x1c3 pegasus_crt.a(dst.o)
 .debug_line    0x00006fb6      0x671 pegasus_crt.a(tcp_input.o)
 .debug_line    0x00007627      0x302 pegasus_crt.a(udp.o)
 .debug_line    0x00007929      0x3ff pegasus_crt.a(tcp_data.o)
 .debug_line    0x00007d28      0x192 pegasus_crt.a(forkexit.o)
 .debug_line    0x00007eba      0x22a pegasus_crt.a(exec.o)
 .debug_line    0x000080e4       0x5f pegasus_crt.a(alloca.o)
 .debug_line    0x00008143       0xf9 pegasus_crt.a(calloc.o)
 .debug_line    0x0000823c       0xad pegasus_crt.a(atoi.o)
 .debug_line    0x000082e9       0xbb pegasus_crt.a(strtol.o)
 .debug_line    0x000083a4       0x6e pegasus_crt.a(strtok.o)
 .debug_line    0x00008412       0xb0 pegasus_crt.a(strpbrk.o)
 .debug_line    0x000084c2      0x359 pegasus_crt.a(my_process.o)
 .debug_line    0x0000881b      0x3c8 pegasus_crt.a(socket.o)
 .debug_line    0x00008be3      0x4c8 pegasus_crt.a(udp_sock.o)
 .debug_line    0x000090ab      0x238 pegasus_crt.a(sock.o)
 .debug_line    0x000092e3      0x5a1 pegasus_crt.a(tcp_output.o)
 .debug_line    0x00009884      0x326 pegasus_crt.a(inet.o)
 .debug_line    0x00009baa      0x163 pegasus_crt.a(thread.o)

.debug_frame
 *(.debug_frame)

.debug_str      0x00000000     0x36b0
 *(.debug_str)
 .debug_str     0x00000000     0x36b0 pegasus_crt.a(kernel_main_old.o)
                                0xba3 (size before relaxing)
 .debug_str     0x000036b0      0x783 pegasus_crt.a(protect.o)
 .debug_str     0x000036b0      0x777 pegasus_crt.a(console.o)
 .debug_str     0x000036b0      0x662 pegasus_crt.a(process.o)
 .debug_str     0x000036b0      0x6b4 pegasus_crt.a(keyboard.o)
 .debug_str     0x000036b0      0xad6 pegasus_crt.a(mem.o)
 .debug_str     0x000036b0      0x644 pegasus_crt.a(exec.o)
 .debug_str     0x000036b0      0x5b6 pegasus_crt.a(fork.o)
 .debug_str     0x000036b0      0x5bd pegasus_crt.a(exit.o)
 .debug_str     0x000036b0      0x5bd pegasus_crt.a(wait.o)
 .debug_str     0x000036b0      0x617 pegasus_crt.a(read.o)
 .debug_str     0x000036b0      0x5de pegasus_crt.a(open.o)
 .debug_str     0x000036b0      0x5f3 pegasus_crt.a(write.o)
 .debug_str     0x000036b0      0x5a6 pegasus_crt.a(close.o)
 .debug_str     0x000036b0      0x6fa pegasus_crt.a(double_link_list.o)
 .debug_str     0x000036b0      0x628 pegasus_crt.a(global.o)
 .debug_str     0x000036b0      0x92f pegasus_crt.a(netdev.o)
 .debug_str     0x000036b0      0x90e pegasus_crt.a(arp.o)
 .debug_str     0x000036b0      0x6d7 pegasus_crt.a(task_network.o)
 .debug_str     0x000036b0      0x1b8 pegasus_crt.a(utils.o)
 .debug_str     0x000036b0      0x931 pegasus_crt.a(hd.o)
 .debug_str     0x000036b0      0xb12 pegasus_crt.a(fs_main.o)
 .debug_str     0x000036b0      0x5b0 pegasus_crt.a(main.o)
 .debug_str     0x000036b0       0xb1 pegasus_crt.a(strcmp.o)
 .debug_str     0x000036b0       0x99 pegasus_crt.a(perror.o)
 .debug_str     0x000036b0      0x109 pegasus_crt.a(sscanf.o)
 .debug_str     0x000036b0      0x101 pegasus_crt.a(ntohs.o)
 .debug_str     0x000036b0       0xf4 pegasus_crt.a(htonl.o)
 .debug_str     0x000036b0      0x102 pegasus_crt.a(htons.o)
 .debug_str     0x000036b0      0x14c pegasus_crt.a(inet_pton.o)
 .debug_str     0x000036b0       0xf3 pegasus_crt.a(ntohl.o)
 .debug_str     0x000036b0      0x71a pegasus_crt.a(skbuff.o)
 .debug_str     0x000036b0      0x9a2 pegasus_crt.a(ip_input.o)
 .debug_str     0x000036b0      0x921 pegasus_crt.a(icmpv4.o)
 .debug_str     0x000036b0      0x85d pegasus_crt.a(ip_output.o)
 .debug_str     0x000036b0      0xb34 pegasus_crt.a(tcp.o)
 .debug_str     0x000036b0      0x7ce pegasus_crt.a(route.o)
 .debug_str     0x000036b0      0xcc7 pegasus_crt.a(tcp_sock.o)
 .debug_str     0x000036b0      0x935 pegasus_crt.a(ipc.o)
 .debug_str     0x000036b0      0x735 pegasus_crt.a(dst.o)
 .debug_str     0x000036b0      0xb94 pegasus_crt.a(tcp_input.o)
 .debug_str     0x000036b0      0x954 pegasus_crt.a(udp.o)
 .debug_str     0x000036b0      0xa50 pegasus_crt.a(tcp_data.o)
 .debug_str     0x000036b0      0x62f pegasus_crt.a(forkexit.o)
 .debug_str     0x000036b0      0x885 pegasus_crt.a(exec.o)
 .debug_str     0x000036b0       0xce pegasus_crt.a(alloca.o)
 .debug_str     0x000036b0      0x649 pegasus_crt.a(calloc.o)
 .debug_str     0x000036b0       0xad pegasus_crt.a(atoi.o)
 .debug_str     0x000036b0       0xc6 pegasus_crt.a(strtol.o)
 .debug_str     0x000036b0       0xb9 pegasus_crt.a(strtok.o)
 .debug_str     0x000036b0       0xc1 pegasus_crt.a(strpbrk.o)
 .debug_str     0x000036b0      0x916 pegasus_crt.a(my_process.o)
 .debug_str     0x000036b0      0x946 pegasus_crt.a(socket.o)
 .debug_str     0x000036b0      0xa78 pegasus_crt.a(udp_sock.o)
 .debug_str     0x000036b0      0x8bd pegasus_crt.a(sock.o)
 .debug_str     0x000036b0      0xc24 pegasus_crt.a(tcp_output.o)
 .debug_str     0x000036b0      0x905 pegasus_crt.a(inet.o)
 .debug_str     0x000036b0      0x72f pegasus_crt.a(thread.o)

.debug_loc
 *(.debug_loc)

.debug_macinfo
 *(.debug_macinfo)

.debug_weaknames
 *(.debug_weaknames)

.debug_funcnames
 *(.debug_funcnames)

.debug_typenames
 *(.debug_typenames)

.debug_varnames
 *(.debug_varnames)

.debug_pubtypes
 *(.debug_pubtypes)

.debug_ranges   0x00000000       0x90
 *(.debug_ranges)
 .debug_ranges  0x00000000       0x30 pegasus_crt.a(kernel_main_old.o)
 .debug_ranges  0x00000030       0x48 pegasus_crt.a(hd.o)
 .debug_ranges  0x00000078       0x18 pegasus_crt.a(exec.o)

.debug_addr
 *(.debug_addr)

.debug_line_str
 *(.debug_line_str)

.debug_loclists
 *(.debug_loclists)

.debug_macro
 *(.debug_macro)

.debug_names
 *(.debug_names)

.debug_rnglists
 *(.debug_rnglists)

.debug_str_offsets
 *(.debug_str_offsets)

.debug_sup
 *(.debug_sup)

.gnu.attributes
 *(.gnu.attributes)

/DISCARD/
 *(.note.GNU-stack)
 *(.gnu_debuglink)
 *(.gnu.lto_*)
OUTPUT(test elf32-i386)
