Archive member included to satisfy reference by file (symbol)

../lib/pegasus_crt.a(exit.o)  start.o (exit)
../lib/pegasus_crt.a(kernel_main_old.o)
                              test.o (Printf)
../lib/pegasus_crt.a(double_link_list.o)
                              ../lib/pegasus_crt.a(kernel_main_old.o) (appendToDoubleLinkList)
../lib/pegasus_crt.a(kernel.o)
                              ../lib/pegasus_crt.a(kernel_main_old.o) (disp_str)
../lib/pegasus_crt.a(string.o)
                              ../lib/pegasus_crt.a(kernel_main_old.o) (Memcpy2)
../lib/pegasus_crt.a(kernel_main.o)
                              ../lib/pegasus_crt.a(kernel_main_old.o) (init)
../lib/pegasus_crt.a(hd.o)    ../lib/pegasus_crt.a(kernel_main.o) (TaskHD)
../lib/pegasus_crt.a(syscall.o)
                              ../lib/pegasus_crt.a(kernel_main_old.o) (write_debug)
../lib/pegasus_crt.a(fs_main.o)
                              ../lib/pegasus_crt.a(kernel_main.o) (task_fs)
../lib/pegasus_crt.a(global.o)
                              ../lib/pegasus_crt.a(kernel_main_old.o) (proc_table)
../lib/pegasus_crt.a(hd_rdwt.o)
                              ../lib/pegasus_crt.a(hd.o) (read_port)
../lib/pegasus_crt.a(process.o)
                              ../lib/pegasus_crt.a(kernel_main_old.o) (schedule_process)
../lib/pegasus_crt.a(protect.o)
                              ../lib/pegasus_crt.a(kernel_main_old.o) (InitInterruptDesc)
../lib/pegasus_crt.a(console.o)
                              ../lib/pegasus_crt.a(kernel_main_old.o) (out_char)
../lib/pegasus_crt.a(keyboard.o)
                              ../lib/pegasus_crt.a(kernel.o) (keyboard_handler)
../lib/pegasus_crt.a(open.o)  ../lib/pegasus_crt.a(kernel_main_old.o) (open)
../lib/pegasus_crt.a(read.o)  ../lib/pegasus_crt.a(kernel_main_old.o) (read)
../lib/pegasus_crt.a(write.o)
                              ../lib/pegasus_crt.a(kernel_main_old.o) (write)
../lib/pegasus_crt.a(close.o)
                              ../lib/pegasus_crt.a(kernel_main_old.o) (close)
../lib/pegasus_crt.a(wait.o)  ../lib/pegasus_crt.a(kernel_main_old.o) (wait)
../lib/pegasus_crt.a(fork.o)  ../lib/pegasus_crt.a(kernel_main_old.o) (fork)
../lib/pegasus_crt.a(exec.o)  ../lib/pegasus_crt.a(kernel_main_old.o) (execv)
../lib/pegasus_crt.a(main.o)  ../lib/pegasus_crt.a(kernel_main.o) (TaskMM)
../lib/pegasus_crt.a(exec.o)  ../lib/pegasus_crt.a(main.o) (do_exec)
../lib/pegasus_crt.a(forkexit.o)
                              ../lib/pegasus_crt.a(main.o) (do_fork)
../lib/pegasus_crt.a(mem.o)   ../lib/pegasus_crt.a(kernel_main_old.o) (ptr_pde)
../lib/pegasus_crt.a(my_process.o)
                              ../lib/pegasus_crt.a(forkexit.o) (fork_process)
../lib/pegasus_crt.a(switch_to.o)
                              ../lib/pegasus_crt.a(process.o) (switch_to)
../lib/pegasus_crt.a(thread.o)
                              ../lib/pegasus_crt.a(my_process.o) (thread_init)

Allocating common symbols
Common symbol       size              file

current_tty         0x4               ../lib/pegasus_crt.a(exit.o)
file_desc_table     0x400             ../lib/pegasus_crt.a(fs_main.o)
is_e0               0x1               ../lib/pegasus_crt.a(exit.o)
phy_super_block_buf
                    0x4               ../lib/pegasus_crt.a(fs_main.o)
phy_fsbuf           0x4               ../lib/pegasus_crt.a(fs_main.o)
idt_ptr             0x6               ../lib/pegasus_crt.a(exit.o)
pid                 0x4               ../lib/pegasus_crt.a(exit.o)
KernelVirtualMemory
                    0xc               ../lib/pegasus_crt.a(kernel_main_old.o)
inode_table         0xa00             ../lib/pegasus_crt.a(fs_main.o)
dis_pos             0x4               ../lib/pegasus_crt.a(exit.o)
k_reenter           0x4               ../lib/pegasus_crt.a(exit.o)
super_block_buf     0x4               ../lib/pegasus_crt.a(fs_main.o)
gdt                 0x400             ../lib/pegasus_crt.a(exit.o)
proc_ready_table    0x4               ../lib/pegasus_crt.a(exit.o)
test_ticks          0x4               ../lib/pegasus_crt.a(exit.o)
hd_info             0x224             ../lib/pegasus_crt.a(hd.o)
proc_stack          0x70000           ../lib/pegasus_crt.a(global.o)
pcaller             0x4               ../lib/pegasus_crt.a(exit.o)
keyboard_buffer     0x20c             ../lib/pegasus_crt.a(exit.o)
pcb_list            0x10              ../lib/pegasus_crt.a(exit.o)
gdt_index           0x4               ../lib/pegasus_crt.a(exit.o)
tty_table           0x828             ../lib/pegasus_crt.a(exit.o)
tss                 0x6c              ../lib/pegasus_crt.a(exit.o)
KernelPool          0x10              ../lib/pegasus_crt.a(kernel_main_old.o)
fsbuf               0x4               ../lib/pegasus_crt.a(fs_main.o)
root                0x28              ../lib/pegasus_crt.a(fs_main.o)
kernel_mem_block_decs_array
                    0xf0              ../lib/pegasus_crt.a(mem.o)
counter             0x4               ../lib/pegasus_crt.a(exit.o)
key_pressed         0x4               ../lib/pegasus_crt.a(exit.o)
is_shift            0x1               ../lib/pegasus_crt.a(exit.o)
gdt_ptr             0x6               ../lib/pegasus_crt.a(exit.o)
idt                 0x800             ../lib/pegasus_crt.a(exit.o)
main_thread         0x4               ../lib/pegasus_crt.a(exit.o)
ticks               0x8               ../lib/pegasus_crt.a(exit.o)
is_init             0x1               ../lib/pegasus_crt.a(exit.o)
UserPool            0x10              ../lib/pegasus_crt.a(kernel_main_old.o)
all_pcb_list        0x10              ../lib/pegasus_crt.a(exit.o)
console_table       0x10              ../lib/pegasus_crt.a(exit.o)
is_disp             0x1               ../lib/pegasus_crt.a(exit.o)
proc_table          0x15a0            ../lib/pegasus_crt.a(global.o)
hd_cache            0x200             ../lib/pegasus_crt.a(hd.o)

Discarded input sections

 .note.GNU-stack
                0x0000000000000000        0x0 test.o
 .note.GNU-stack
                0x0000000000000000        0x0 ../lib/pegasus_crt.a(exit.o)
 .note.GNU-stack
                0x0000000000000000        0x0 ../lib/pegasus_crt.a(kernel_main_old.o)
 .note.GNU-stack
                0x0000000000000000        0x0 ../lib/pegasus_crt.a(double_link_list.o)
 .note.GNU-stack
                0x0000000000000000        0x0 ../lib/pegasus_crt.a(kernel_main.o)
 .note.GNU-stack
                0x0000000000000000        0x0 ../lib/pegasus_crt.a(hd.o)
 .note.GNU-stack
                0x0000000000000000        0x0 ../lib/pegasus_crt.a(fs_main.o)
 .note.GNU-stack
                0x0000000000000000        0x0 ../lib/pegasus_crt.a(global.o)
 .note.GNU-stack
                0x0000000000000000        0x0 ../lib/pegasus_crt.a(process.o)
 .note.GNU-stack
                0x0000000000000000        0x0 ../lib/pegasus_crt.a(protect.o)
 .note.GNU-stack
                0x0000000000000000        0x0 ../lib/pegasus_crt.a(console.o)
 .note.GNU-stack
                0x0000000000000000        0x0 ../lib/pegasus_crt.a(keyboard.o)
 .note.GNU-stack
                0x0000000000000000        0x0 ../lib/pegasus_crt.a(open.o)
 .note.GNU-stack
                0x0000000000000000        0x0 ../lib/pegasus_crt.a(read.o)
 .note.GNU-stack
                0x0000000000000000        0x0 ../lib/pegasus_crt.a(write.o)
 .note.GNU-stack
                0x0000000000000000        0x0 ../lib/pegasus_crt.a(close.o)
 .note.GNU-stack
                0x0000000000000000        0x0 ../lib/pegasus_crt.a(wait.o)
 .note.GNU-stack
                0x0000000000000000        0x0 ../lib/pegasus_crt.a(fork.o)
 .note.GNU-stack
                0x0000000000000000        0x0 ../lib/pegasus_crt.a(exec.o)
 .note.GNU-stack
                0x0000000000000000        0x0 ../lib/pegasus_crt.a(main.o)
 .note.GNU-stack
                0x0000000000000000        0x0 ../lib/pegasus_crt.a(exec.o)
 .note.GNU-stack
                0x0000000000000000        0x0 ../lib/pegasus_crt.a(forkexit.o)
 .note.GNU-stack
                0x0000000000000000        0x0 ../lib/pegasus_crt.a(mem.o)
 .note.GNU-stack
                0x0000000000000000        0x0 ../lib/pegasus_crt.a(my_process.o)
 .note.GNU-stack
                0x0000000000000000        0x0 ../lib/pegasus_crt.a(thread.o)

Memory Configuration

Name             Origin             Length             Attributes
*default*        0x0000000000000000 0xffffffffffffffff

Linker script and memory map

Address of section .text set to 0xc0001500
LOAD test.o
LOAD start.o
LOAD ../lib/pegasus_crt.a
                [!provide]                        PROVIDE (__executable_start = SEGMENT_START ("text-segment", 0x8048000))
                0x0000000008048094                . = (SEGMENT_START ("text-segment", 0x8048000) + SIZEOF_HEADERS)

.interp
 *(.interp)

.note.gnu.build-id
 *(.note.gnu.build-id)

.hash
 *(.hash)

.gnu.hash
 *(.gnu.hash)

.dynsym
 *(.dynsym)

.dynstr
 *(.dynstr)

.gnu.version
 *(.gnu.version)

.gnu.version_d
 *(.gnu.version_d)

.gnu.version_r
 *(.gnu.version_r)

.rel.dyn        0x0000000008048094        0x0
 *(.rel.init)
 *(.rel.text .rel.text.* .rel.gnu.linkonce.t.*)
 .rel.text      0x0000000008048094        0x0 test.o
 *(.rel.fini)
 *(.rel.rodata .rel.rodata.* .rel.gnu.linkonce.r.*)
 *(.rel.data.rel.ro .rel.data.rel.ro.* .rel.gnu.linkonce.d.rel.ro.*)
 *(.rel.data .rel.data.* .rel.gnu.linkonce.d.*)
 *(.rel.tdata .rel.tdata.* .rel.gnu.linkonce.td.*)
 *(.rel.tbss .rel.tbss.* .rel.gnu.linkonce.tb.*)
 *(.rel.ctors)
 *(.rel.dtors)
 *(.rel.got)
 .rel.got       0x0000000008048094        0x0 test.o
 *(.rel.bss .rel.bss.* .rel.gnu.linkonce.b.*)
 *(.rel.ifunc)

.rel.plt        0x0000000008048094        0x0
 *(.rel.plt)
                [!provide]                        PROVIDE (__rel_iplt_start = .)
 *(.rel.iplt)
 .rel.iplt      0x0000000008048094        0x0 test.o
                [!provide]                        PROVIDE (__rel_iplt_end = .)

.init
 *(SORT_NONE(.init))

.plt            0x0000000008048098        0x0
 *(.plt)
 *(.iplt)
 .iplt          0x0000000008048098        0x0 test.o

.plt.got
 *(.plt.got)

.plt.sec
 *(.plt.sec)

.text           0x00000000c0001500     0xa217
 *(.text.unlikely .text.*_unlikely .text.unlikely.*)
 *(.text.exit .text.exit.*)
 *(.text.startup .text.startup.*)
 *(.text.hot .text.hot.*)
 *(.text .stub .text.* .gnu.linkonce.t.*)
 .text          0x00000000c0001500       0x3e test.o
                0x00000000c0001500                main
 *fill*         0x00000000c000153e        0x2 
 .text          0x00000000c0001540       0x10 start.o
                0x00000000c0001540                _start
 .text          0x00000000c0001550       0x2f ../lib/pegasus_crt.a(exit.o)
                0x00000000c0001550                exit
 .text          0x00000000c000157f     0x2d58 ../lib/pegasus_crt.a(kernel_main_old.o)
                0x00000000c000157f                intr_enable
                0x00000000c00015a8                intr_disable
                0x00000000c00015d1                intr_set_status
                0x00000000c00015ef                intr_get_status
                0x00000000c000160c                Memcpy
                0x00000000c000163f                untar
                0x00000000c000194f                atoi
                0x00000000c00019f5                disp_int
                0x00000000c0001a1e                do_page_fault
                0x00000000c0001b5b                exception_handler
                0x00000000c0001d42                exception_handler2
                0x00000000c0001ee3                init_internal_interrupt
                0x00000000c0002058                test
                0x00000000c0002081                disp_str_colour3
                0x00000000c0002087                spurious_irq
                0x00000000c0002115                init_keyboard
                0x00000000c0002182                u_thread_a
                0x00000000c000219a                kernel_main2
                0x00000000c000240a                TestTTY
                0x00000000c00024a9                TestFS
                0x00000000c00028b1                wait_exit
                0x00000000c000297f                INIT_fork
                0x00000000c0002c62                simple_shell
                0x00000000c0002e60                test_split_str
                0x00000000c0002fed                test_shell
                0x00000000c0003055                test_exec
                0x00000000c00030f0                INIT
                0x00000000c00030fd                TestA
                0x00000000c0003132                delay
                0x00000000c0003176                TestB
                0x00000000c000318e                TestC
                0x00000000c00031c1                sys_get_ticks
                0x00000000c00031d1                sys_write
                0x00000000c0003225                milli_delay
                0x00000000c0003261                TaskSys
                0x00000000c0003266                Printf
                0x00000000c00032c4                vsprintf
                0x00000000c0003470                printx
                0x00000000c00034b3                sys_printx
                0x00000000c000357f                spin
                0x00000000c00035a5                panic
                0x00000000c00035c3                assertion_failure
                0x00000000c00035fa                dead_lock
                0x00000000c0003604                sys_send_msg
                0x00000000c00039eb                sys_receive_msg
                0x00000000c0003efa                disp_str_colour_debug
                0x00000000c0003f00                send_rec
                0x00000000c0003ffc                block
                0x00000000c0004038                unblock
                0x00000000c0004088                get_ticks_ipc
                0x00000000c00040df                itoa
                0x00000000c0004135                i2a
                0x00000000c000419b                inform_int
                0x00000000c0004268                strcmp
 .text          0x00000000c00042d7      0x329 ../lib/pegasus_crt.a(double_link_list.o)
                0x00000000c00042d7                initDoubleLinkList
                0x00000000c0004305                isListEmpty
                0x00000000c0004326                findElementInList
                0x00000000c0004402                appendToDoubleLinkList
                0x00000000c00044e9                insertToDoubleLinkList
                0x00000000c000456c                popFromDoubleLinkList
 .text          0x00000000c0004600      0x325 ../lib/pegasus_crt.a(kernel.o)
                0x00000000c0004600                InterruptTest
                0x00000000c000460c                disp_str
                0x00000000c0004647                disp_str_colour
                0x00000000c0004683                divide_zero_fault
                0x00000000c0004689                single_step_fault
                0x00000000c000468f                non_maskable_interrupt
                0x00000000c0004695                breakpoint_trap
                0x00000000c000469b                overflow_trap
                0x00000000c00046a1                bound_range_exceeded_fault
                0x00000000c00046a7                invalid_opcode_fault
                0x00000000c00046ad                coprocessor_not_available_fault
                0x00000000c00046b3                double_fault_exception_abort
                0x00000000c00046b7                coprocessor_segment_overrun
                0x00000000c00046bd                invalid_task_state_segment_fault
                0x00000000c00046c1                segment_not_present_fault
                0x00000000c00046c5                stack_exception_fault
                0x00000000c00046c9                general_protection_exception_fault
                0x00000000c00046d4                page_fault
                0x00000000c00046d8                coprocessor_error_fault
                0x00000000c00046de                align_check_fault
                0x00000000c00046e2                simd_float_exception_fault
                0x00000000c00046f1                hwint0
                0x00000000c000471e                hwint1
                0x00000000c0004760                hwint14
                0x00000000c000479e                sys_call
                0x00000000c00047e3                fork_restart
                0x00000000c00047ec                restart
                0x00000000c000480d                in_byte
                0x00000000c0004819                out_byte
                0x00000000c000483b                disable_int
                0x00000000c000483d                enable_int
                0x00000000c00048d3                enable_8259A_casecade_irq
                0x00000000c00048dd                disable_8259A_casecade_irq
                0x00000000c00048e7                enable_8259A_slave_winchester_irq
                0x00000000c00048f1                disable_8259A_slave_winchester_irq
                0x00000000c00048fb                update_cr3
                0x00000000c0004908                update_tss
                0x00000000c0004917                get_running_thread_pcb
                0x00000000c000491f                sys_call_test
 .text          0x00000000c0004925      0x286 ../lib/pegasus_crt.a(kernel_main.o)
                0x00000000c0004925                kernel_main
                0x00000000c0004a00                init
                0x00000000c0004ab0                kernel_thread_a
                0x00000000c0004afd                kernel_thread_b
                0x00000000c0004b4a                kernel_thread_c
                0x00000000c0004b60                kernel_thread_d
                0x00000000c0004b76                user_proc_a
                0x00000000c0004b93                user_proc_b
 .text          0x00000000c0004bab      0xe1d ../lib/pegasus_crt.a(hd.o)
                0x00000000c0004bab                TaskHD
                0x00000000c0004bf0                init_hd
                0x00000000c0004c0a                hd_handle
                0x00000000c0004d0f                hd_cmd_out
                0x00000000c0004e11                hd_identify
                0x00000000c0004ec8                print_hdinfo
                0x00000000c0005056                print_dpt_entry
                0x00000000c00050c2                get_partition_table
                0x00000000c00051a1                partition
                0x00000000c00053bb                hd_open
                0x00000000c0005462                get_hd_ioctl
                0x00000000c0005513                wait_for
                0x00000000c0005544                interrupt_wait
                0x00000000c0005594                hd_rdwt
                0x00000000c0005833                hd_handler
                0x00000000c000585f                waitfor
                0x00000000c00058a3                print_hd_info
                0x00000000c0005990                is_empty
 *fill*         0x00000000c00059c8        0x8 
 .text          0x00000000c00059d0       0xa1 ../lib/pegasus_crt.a(syscall.o)
                0x00000000c00059d0                get_ticks
                0x00000000c00059d8                write2
                0x00000000c00059e8                write_debug
                0x00000000c0005a08                send_msg
                0x00000000c0005a2e                receive_msg
                0x00000000c0005a44                sys_malloc
                0x00000000c0005a59                sys_free
 .text          0x00000000c0005a71     0x202f ../lib/pegasus_crt.a(fs_main.o)
                0x00000000c0005a71                task_fs
                0x00000000c0005c7c                rd_wt
                0x00000000c0005d55                mkfs
                0x00000000c0006337                init_fs
                0x00000000c000638b                do_open
                0x00000000c000655a                search_file
                0x00000000c000668c                strip_path
                0x00000000c0006758                get_inode
                0x00000000c000691a                create_file
                0x00000000c0006a25                alloc_imap_bit
                0x00000000c0006b22                alloc_smap_bit
                0x00000000c0006cc3                new_inode
                0x00000000c0006de1                new_dir_entry
                0x00000000c0006fed                do_unlink
                0x00000000c00074c9                do_rdwt
                0x00000000c0007854                sync_inode
                0x00000000c00079a8                put_inode
                0x00000000c00079e6                do_close
                0x00000000c0007a38                get_super_block
 .text          0x00000000c0007aa0        0x0 ../lib/pegasus_crt.a(global.o)
 .text          0x00000000c0007aa0      0x225 ../lib/pegasus_crt.a(process.o)
                0x00000000c0007aa0                check
                0x00000000c0007ac7                schedule_process
                0x00000000c0007bcc                clock_handler
                0x00000000c0007c3c                pid2proc
                0x00000000c0007cae                proc2pid
 .text          0x00000000c0007cc5      0x3a0 ../lib/pegasus_crt.a(protect.o)
                0x00000000c0007cc5                InitDescriptor
                0x00000000c0007d32                Seg2PhyAddr
                0x00000000c0007d73                Seg2PhyAddrLDT
                0x00000000c0007db7                VirAddr2PhyAddr
                0x00000000c0007dcd                v2l
                0x00000000c0007e10                init_propt
                0x00000000c0007f7e                InitInterruptDesc
                0x00000000c0007fda                ReloadGDT
 .text          0x00000000c0008065      0xaca ../lib/pegasus_crt.a(console.o)
                0x00000000c0008065                select_console
                0x00000000c00080a1                flush
                0x00000000c00080da                set_cursor
                0x00000000c0008138                set_console_start_video_addr
                0x00000000c0008196                put_key
                0x00000000c0008202                scroll_up
                0x00000000c0008244                scroll_down
                0x00000000c00082af                out_char
                0x00000000c000846c                tty_dev_read
                0x00000000c0008496                tty_dev_write
                0x00000000c00086c3                tty_do_read
                0x00000000c000878b                tty_do_write
                0x00000000c00088ee                init_screen
                0x00000000c0008977                init_tty
                0x00000000c0008a2c                TaskTTY
 .text          0x00000000c0008b2f      0x40f ../lib/pegasus_crt.a(keyboard.o)
                0x00000000c0008b2f                keyboard_handler
                0x00000000c0008bb3                read_from_keyboard_buf
                0x00000000c0008c19                keyboard_read
                0x00000000c0008d98                init_keyboard_handler
                0x00000000c0008dac                in_process
 .text          0x00000000c0008f3e       0x95 ../lib/pegasus_crt.a(open.o)
                0x00000000c0008f3e                open
 .text          0x00000000c0008fd3      0x181 ../lib/pegasus_crt.a(read.o)
                0x00000000c0008fd3                read
 .text          0x00000000c0009154       0x85 ../lib/pegasus_crt.a(write.o)
                0x00000000c0009154                write
 .text          0x00000000c00091d9       0x52 ../lib/pegasus_crt.a(close.o)
                0x00000000c00091d9                close
 .text          0x00000000c000922b       0x44 ../lib/pegasus_crt.a(wait.o)
                0x00000000c000922b                wait
 .text          0x00000000c000926f       0x68 ../lib/pegasus_crt.a(fork.o)
                0x00000000c000926f                fork
 .text          0x00000000c00092d7      0x2ef ../lib/pegasus_crt.a(exec.o)
                0x00000000c00092d7                exec
                0x00000000c0009348                execv
                0x00000000c00095a1                execl
 .text          0x00000000c00095c6      0x148 ../lib/pegasus_crt.a(main.o)
                0x00000000c00095c6                TaskMM
                0x00000000c00096ef                alloc_mem
 .text          0x00000000c000970e      0x3c2 ../lib/pegasus_crt.a(exec.o)
                0x00000000c000970e                do_exec
 .text          0x00000000c0009ad0      0x291 ../lib/pegasus_crt.a(forkexit.o)
                0x00000000c0009ad0                do_fork
                0x00000000c0009b3e                do_exit
                0x00000000c0009c3a                do_wait
                0x00000000c0009d07                cleanup
 .text          0x00000000c0009d61     0x113a ../lib/pegasus_crt.a(mem.o)
                0x00000000c0009d61                init_bitmap
                0x00000000c0009d84                test_bit_val
                0x00000000c0009ded                set_bit_val
                0x00000000c0009e68                set_bits
                0x00000000c0009ea2                get_first_free_bit
                0x00000000c0009ee6                get_bits
                0x00000000c0009fae                get_a_page2
                0x00000000c0009fdd                get_a_page
                0x00000000c000a091                get_virtual_address
                0x00000000c000a121                ptr_pde
                0x00000000c000a134                ptr_pte
                0x00000000c000a15b                add_map_entry
                0x00000000c000a1ec                alloc_virtual_memory
                0x00000000c000a2ba                get_physical_address
                0x00000000c000a2ec                alloc_physical_memory_of_proc
                0x00000000c000a3a3                alloc_physical_memory
                0x00000000c000a469                alloc_memory
                0x00000000c000a4cb                get_a_virtual_page
                0x00000000c000a4f8                block2arena
                0x00000000c000a50e                sys_malloc2
                0x00000000c000a7bf                remove_map_entry
                0x00000000c000a7e0                free_a_page
                0x00000000c000a887                sys_free2
                0x00000000c000aa0a                init_memory_block_desc
                0x00000000c000aadb                init_memory2
                0x00000000c000ad52                init_memory
 .text          0x00000000c000ae9b      0x6b5 ../lib/pegasus_crt.a(my_process.o)
                0x00000000c000ae9b                create_user_process_address_space
                0x00000000c000af2b                user_process
                0x00000000c000b03a                clone_pcb
                0x00000000c000b13e                build_body_stack
                0x00000000c000b271                build_process_kernel_stack
                0x00000000c000b334                fork_process
                0x00000000c000b3df                process_execute
 .text          0x00000000c000b550       0x15 ../lib/pegasus_crt.a(switch_to.o)
                0x00000000c000b550                switch_to
 .text          0x00000000c000b565      0x1b2 ../lib/pegasus_crt.a(thread.o)
                0x00000000c000b565                kernel_thread
                0x00000000c000b57d                thread_init
                0x00000000c000b62a                thread_create
                0x00000000c000b65f                thread_start
 *(.gnu.warning)

.fini
 *(SORT_NONE(.fini))
                [!provide]                        PROVIDE (__etext = .)
                [!provide]                        PROVIDE (_etext = .)
                [!provide]                        PROVIDE (etext = .)

.rodata         0x00000000c000b720      0xe6f
 *(.rodata .rodata.* .gnu.linkonce.r.*)
 .rodata        0x00000000c000b720       0x10 test.o
 *fill*         0x00000000c000b730       0x10 
 .rodata        0x00000000c000b740      0x8ad ../lib/pegasus_crt.a(kernel_main_old.o)
 .rodata        0x00000000c000bfed       0x2c ../lib/pegasus_crt.a(double_link_list.o)
 .rodata        0x00000000c000c019       0xa3 ../lib/pegasus_crt.a(kernel_main.o)
 .rodata        0x00000000c000c0bc      0x19c ../lib/pegasus_crt.a(hd.o)
 .rodata        0x00000000c000c258      0x1eb ../lib/pegasus_crt.a(fs_main.o)
                0x00000000c000c258                FSBUF_SIZE
 .rodata        0x00000000c000c443       0x26 ../lib/pegasus_crt.a(process.o)
 .rodata        0x00000000c000c469       0x22 ../lib/pegasus_crt.a(console.o)
 .rodata        0x00000000c000c48b       0x24 ../lib/pegasus_crt.a(close.o)
 .rodata        0x00000000c000c4af       0x1b ../lib/pegasus_crt.a(fork.o)
 .rodata        0x00000000c000c4ca       0x6e ../lib/pegasus_crt.a(exec.o)
 .rodata        0x00000000c000c538       0x11 ../lib/pegasus_crt.a(main.o)
 .rodata        0x00000000c000c549       0x10 ../lib/pegasus_crt.a(exec.o)
 .rodata        0x00000000c000c559       0x36 ../lib/pegasus_crt.a(mem.o)

.txt            0x00000000c000c58f       0xaa
 .txt           0x00000000c000c58f       0x82 ../lib/pegasus_crt.a(string.o)
                0x00000000c000c58f                Memcpy2
                0x00000000c000c5bd                Memset
                0x00000000c000c5dc                Strcpy
                0x00000000c000c5f6                Strlen
 .txt           0x00000000c000c611       0x28 ../lib/pegasus_crt.a(hd_rdwt.o)
                0x00000000c000c611                read_port
                0x00000000c000c625                write_port

.rodata1
 *(.rodata1)

.eh_frame_hdr
 *(.eh_frame_hdr)
 *(.eh_frame_entry .eh_frame_entry.*)

.eh_frame       0x00000000c000c63c     0x1848
 *(.eh_frame)
 .eh_frame      0x00000000c000c63c       0x44 test.o
 .eh_frame      0x00000000c000c680       0x20 ../lib/pegasus_crt.a(exit.o)
                                         0x38 (size before relaxing)
 .eh_frame      0x00000000c000c6a0      0x6bc ../lib/pegasus_crt.a(kernel_main_old.o)
                                        0x6d4 (size before relaxing)
 .eh_frame      0x00000000c000cd5c       0xc0 ../lib/pegasus_crt.a(double_link_list.o)
                                         0xd8 (size before relaxing)
 .eh_frame      0x00000000c000ce1c       0xe4 ../lib/pegasus_crt.a(kernel_main.o)
                                         0xfc (size before relaxing)
 .eh_frame      0x00000000c000cf00      0x244 ../lib/pegasus_crt.a(hd.o)
                                        0x25c (size before relaxing)
 .eh_frame      0x00000000c000d144      0x27c ../lib/pegasus_crt.a(fs_main.o)
                                        0x294 (size before relaxing)
 .eh_frame      0x00000000c000d3c0       0xa0 ../lib/pegasus_crt.a(process.o)
                                         0xb8 (size before relaxing)
 .eh_frame      0x00000000c000d460      0x100 ../lib/pegasus_crt.a(protect.o)
                                        0x118 (size before relaxing)
 .eh_frame      0x00000000c000d560      0x1e0 ../lib/pegasus_crt.a(console.o)
                                        0x1f8 (size before relaxing)
 .eh_frame      0x00000000c000d740       0xa0 ../lib/pegasus_crt.a(keyboard.o)
                                         0xb8 (size before relaxing)
 .eh_frame      0x00000000c000d7e0       0x20 ../lib/pegasus_crt.a(open.o)
                                         0x38 (size before relaxing)
 .eh_frame      0x00000000c000d800       0x20 ../lib/pegasus_crt.a(read.o)
                                         0x38 (size before relaxing)
 .eh_frame      0x00000000c000d820       0x20 ../lib/pegasus_crt.a(write.o)
                                         0x38 (size before relaxing)
 .eh_frame      0x00000000c000d840       0x20 ../lib/pegasus_crt.a(close.o)
                                         0x38 (size before relaxing)
 .eh_frame      0x00000000c000d860       0x20 ../lib/pegasus_crt.a(wait.o)
                                         0x38 (size before relaxing)
 .eh_frame      0x00000000c000d880       0x20 ../lib/pegasus_crt.a(fork.o)
                                         0x38 (size before relaxing)
 .eh_frame      0x00000000c000d8a0       0x64 ../lib/pegasus_crt.a(exec.o)
                                         0x7c (size before relaxing)
 .eh_frame      0x00000000c000d904       0x3c ../lib/pegasus_crt.a(main.o)
                                         0x54 (size before relaxing)
 .eh_frame      0x00000000c000d940       0x20 ../lib/pegasus_crt.a(exec.o)
                                         0x38 (size before relaxing)
 .eh_frame      0x00000000c000d960       0x80 ../lib/pegasus_crt.a(forkexit.o)
                                         0x98 (size before relaxing)
 .eh_frame      0x00000000c000d9e0      0x344 ../lib/pegasus_crt.a(mem.o)
                                        0x35c (size before relaxing)
 .eh_frame      0x00000000c000dd24       0xe0 ../lib/pegasus_crt.a(my_process.o)
                                         0xf8 (size before relaxing)
 .eh_frame      0x00000000c000de04       0x80 ../lib/pegasus_crt.a(thread.o)
                                         0x98 (size before relaxing)
 *(.eh_frame.*)

.gcc_except_table
 *(.gcc_except_table .gcc_except_table.*)

.gnu_extab
 *(.gnu_extab*)

.exception_ranges
 *(.exception_ranges .exception_ranges*)
                0x00000000c000f000                . = DATA_SEGMENT_ALIGN (CONSTANT (MAXPAGESIZE), CONSTANT (COMMONPAGESIZE))

.eh_frame
 *(.eh_frame)
 *(.eh_frame.*)

.gnu_extab
 *(.gnu_extab)

.gcc_except_table
 *(.gcc_except_table .gcc_except_table.*)

.exception_ranges
 *(.exception_ranges .exception_ranges*)

.tdata
 *(.tdata .tdata.* .gnu.linkonce.td.*)

.tbss
 *(.tbss .tbss.* .gnu.linkonce.tb.*)
 *(.tcommon)

.preinit_array  0x00000000c000f000        0x0
                [!provide]                        PROVIDE (__preinit_array_start = .)
 *(.preinit_array)
                [!provide]                        PROVIDE (__preinit_array_end = .)

.init_array     0x00000000c000f000        0x0
                [!provide]                        PROVIDE (__init_array_start = .)
 *(SORT_BY_INIT_PRIORITY(.init_array.*) SORT_BY_INIT_PRIORITY(.ctors.*))
 *(.init_array EXCLUDE_FILE(*crtend?.o *crtend.o *crtbegin?.o *crtbegin.o) .ctors)
                [!provide]                        PROVIDE (__init_array_end = .)

.fini_array     0x00000000c000f000        0x0
                [!provide]                        PROVIDE (__fini_array_start = .)
 *(SORT_BY_INIT_PRIORITY(.fini_array.*) SORT_BY_INIT_PRIORITY(.dtors.*))
 *(.fini_array EXCLUDE_FILE(*crtend?.o *crtend.o *crtbegin?.o *crtbegin.o) .dtors)
                [!provide]                        PROVIDE (__fini_array_end = .)

.ctors
 *crtbegin.o(.ctors)
 *crtbegin?.o(.ctors)
 *(EXCLUDE_FILE(*crtend?.o *crtend.o) .ctors)
 *(SORT_BY_NAME(.ctors.*))
 *(.ctors)

.dtors
 *crtbegin.o(.dtors)
 *crtbegin?.o(.dtors)
 *(EXCLUDE_FILE(*crtend?.o *crtend.o) .dtors)
 *(SORT_BY_NAME(.dtors.*))
 *(.dtors)

.jcr
 *(.jcr)

.data.rel.ro
 *(.data.rel.ro.local* .gnu.linkonce.d.rel.ro.local.*)
 *(.data.rel.ro .data.rel.ro.* .gnu.linkonce.d.rel.ro.*)

.dynamic
 *(.dynamic)

.got            0x00000000c000f000        0x0
 *(.got)
 .got           0x00000000c000f000        0x0 test.o
 *(.igot)
                0x00000000c000f000                . = DATA_SEGMENT_RELRO_END (., (SIZEOF (.got.plt) >= 0xc)?0xc:0x0)

.got.plt        0x00000000c000f000        0x0
 *(.got.plt)
 .got.plt       0x00000000c000f000        0x0 test.o
 *(.igot.plt)
 .igot.plt      0x00000000c000f000        0x0 test.o

.data           0x00000000c000f000      0x760
 *(.data .data.* .gnu.linkonce.d.*)
 .data          0x00000000c000f000        0x0 test.o
 .data          0x00000000c000f000        0x0 ../lib/pegasus_crt.a(exit.o)
 .data          0x00000000c000f000        0x0 ../lib/pegasus_crt.a(kernel_main_old.o)
 .data          0x00000000c000f000        0x0 ../lib/pegasus_crt.a(double_link_list.o)
 .data          0x00000000c000f000        0xf ../lib/pegasus_crt.a(kernel.o)
 .data          0x00000000c000f00f        0x0 ../lib/pegasus_crt.a(kernel_main.o)
 .data          0x00000000c000f00f        0x0 ../lib/pegasus_crt.a(hd.o)
 *fill*         0x00000000c000f00f        0x1 
 .data          0x00000000c000f010        0x0 ../lib/pegasus_crt.a(syscall.o)
 .data          0x00000000c000f010        0x0 ../lib/pegasus_crt.a(fs_main.o)
 *fill*         0x00000000c000f010       0x10 
 .data          0x00000000c000f020      0x128 ../lib/pegasus_crt.a(global.o)
                0x00000000c000f020                user_task_table
                0x00000000c000f0a0                sys_task_table
                0x00000000c000f12c                sys_call_table
 .data          0x00000000c000f148        0x0 ../lib/pegasus_crt.a(process.o)
 .data          0x00000000c000f148        0x0 ../lib/pegasus_crt.a(protect.o)
 .data          0x00000000c000f148        0x0 ../lib/pegasus_crt.a(console.o)
 *fill*         0x00000000c000f148       0x18 
 .data          0x00000000c000f160      0x600 ../lib/pegasus_crt.a(keyboard.o)
                0x00000000c000f160                keymap
 .data          0x00000000c000f760        0x0 ../lib/pegasus_crt.a(open.o)
 .data          0x00000000c000f760        0x0 ../lib/pegasus_crt.a(read.o)
 .data          0x00000000c000f760        0x0 ../lib/pegasus_crt.a(write.o)
 .data          0x00000000c000f760        0x0 ../lib/pegasus_crt.a(close.o)
 .data          0x00000000c000f760        0x0 ../lib/pegasus_crt.a(wait.o)
 .data          0x00000000c000f760        0x0 ../lib/pegasus_crt.a(fork.o)
 .data          0x00000000c000f760        0x0 ../lib/pegasus_crt.a(exec.o)
 .data          0x00000000c000f760        0x0 ../lib/pegasus_crt.a(main.o)
 .data          0x00000000c000f760        0x0 ../lib/pegasus_crt.a(exec.o)
 .data          0x00000000c000f760        0x0 ../lib/pegasus_crt.a(forkexit.o)
 .data          0x00000000c000f760        0x0 ../lib/pegasus_crt.a(mem.o)
 .data          0x00000000c000f760        0x0 ../lib/pegasus_crt.a(my_process.o)
 .data          0x00000000c000f760        0x0 ../lib/pegasus_crt.a(thread.o)

.data1
 *(.data1)
                0x00000000c000f760                _edata = .
                [!provide]                        PROVIDE (edata = .)
                0x00000000c000f760                . = .
                0x00000000c000f760                __bss_start = .

.bss            0x00000000c000f760    0x74910
 *(.dynbss)
 *(.bss .bss.* .gnu.linkonce.b.*)
 .bss           0x00000000c000f760        0x0 test.o
 .bss           0x00000000c000f760        0x0 ../lib/pegasus_crt.a(exit.o)
 .bss           0x00000000c000f760        0x0 ../lib/pegasus_crt.a(kernel_main_old.o)
 .bss           0x00000000c000f760        0x0 ../lib/pegasus_crt.a(double_link_list.o)
 .bss           0x00000000c000f760      0x800 ../lib/pegasus_crt.a(kernel.o)
 .bss           0x00000000c000ff60        0x0 ../lib/pegasus_crt.a(kernel_main.o)
 .bss           0x00000000c000ff60        0x0 ../lib/pegasus_crt.a(hd.o)
 .bss           0x00000000c000ff60        0x4 ../lib/pegasus_crt.a(fs_main.o)
                0x00000000c000ff60                c
 .bss           0x00000000c000ff64        0x0 ../lib/pegasus_crt.a(global.o)
 .bss           0x00000000c000ff64        0x0 ../lib/pegasus_crt.a(process.o)
 .bss           0x00000000c000ff64        0x0 ../lib/pegasus_crt.a(protect.o)
 .bss           0x00000000c000ff64        0x0 ../lib/pegasus_crt.a(console.o)
 .bss           0x00000000c000ff64        0x0 ../lib/pegasus_crt.a(keyboard.o)
 .bss           0x00000000c000ff64        0x0 ../lib/pegasus_crt.a(open.o)
 .bss           0x00000000c000ff64        0x0 ../lib/pegasus_crt.a(read.o)
 .bss           0x00000000c000ff64        0x0 ../lib/pegasus_crt.a(write.o)
 .bss           0x00000000c000ff64        0x0 ../lib/pegasus_crt.a(close.o)
 .bss           0x00000000c000ff64        0x0 ../lib/pegasus_crt.a(wait.o)
 .bss           0x00000000c000ff64        0x0 ../lib/pegasus_crt.a(fork.o)
 .bss           0x00000000c000ff64        0x0 ../lib/pegasus_crt.a(exec.o)
 .bss           0x00000000c000ff64        0x0 ../lib/pegasus_crt.a(main.o)
 .bss           0x00000000c000ff64        0x0 ../lib/pegasus_crt.a(exec.o)
 .bss           0x00000000c000ff64        0x0 ../lib/pegasus_crt.a(forkexit.o)
 .bss           0x00000000c000ff64        0x0 ../lib/pegasus_crt.a(mem.o)
 .bss           0x00000000c000ff64        0x0 ../lib/pegasus_crt.a(my_process.o)
 .bss           0x00000000c000ff64        0x0 ../lib/pegasus_crt.a(thread.o)
 *(COMMON)
 *fill*         0x00000000c000ff64       0x1c 
 COMMON         0x00000000c000ff80     0x1755 ../lib/pegasus_crt.a(exit.o)
                0x00000000c000ff80                current_tty
                0x00000000c000ff84                is_e0
                0x00000000c000ff88                idt_ptr
                0x00000000c000ff90                pid
                0x00000000c000ff94                dis_pos
                0x00000000c000ff98                k_reenter
                0x00000000c000ffa0                gdt
                0x00000000c00103a0                proc_ready_table
                0x00000000c00103a4                test_ticks
                0x00000000c00103a8                pcaller
                0x00000000c00103c0                keyboard_buffer
                0x00000000c00105cc                pcb_list
                0x00000000c00105dc                gdt_index
                0x00000000c00105e0                tty_table
                0x00000000c0010e20                tss
                0x00000000c0010e8c                counter
                0x00000000c0010e90                key_pressed
                0x00000000c0010e94                is_shift
                0x00000000c0010e98                gdt_ptr
                0x00000000c0010ea0                idt
                0x00000000c00116a0                main_thread
                0x00000000c00116a8                ticks
                0x00000000c00116b0                is_init
                0x00000000c00116b4                all_pcb_list
                0x00000000c00116c4                console_table
                0x00000000c00116d4                is_disp
 *fill*         0x00000000c00116d5        0x3 
 COMMON         0x00000000c00116d8       0x2c ../lib/pegasus_crt.a(kernel_main_old.o)
                0x00000000c00116d8                KernelVirtualMemory
                0x00000000c00116e4                KernelPool
                0x00000000c00116f4                UserPool
 *fill*         0x00000000c0011704       0x1c 
 COMMON         0x00000000c0011720      0x440 ../lib/pegasus_crt.a(hd.o)
                0x00000000c0011720                hd_info
                0x00000000c0011960                hd_cache
 COMMON         0x00000000c0011b60      0xe68 ../lib/pegasus_crt.a(fs_main.o)
                0x00000000c0011b60                file_desc_table
                0x00000000c0011f60                phy_super_block_buf
                0x00000000c0011f64                phy_fsbuf
                0x00000000c0011f80                inode_table
                0x00000000c0012980                super_block_buf
                0x00000000c0012984                fsbuf
                0x00000000c00129a0                root
 *fill*         0x00000000c00129c8       0x18 
 COMMON         0x00000000c00129e0    0x715a0 ../lib/pegasus_crt.a(global.o)
                0x00000000c00129e0                proc_stack
                0x00000000c00829e0                proc_table
 COMMON         0x00000000c0083f80       0xf0 ../lib/pegasus_crt.a(mem.o)
                0x00000000c0083f80                kernel_mem_block_decs_array
                0x00000000c0084070                . = ALIGN ((. != 0x0)?0x4:0x1)
                0x00000000c0084070                . = ALIGN (0x4)
                0x00000000c0084070                . = SEGMENT_START ("ldata-segment", .)
                0x00000000c0084070                . = ALIGN (0x4)
                0x00000000c0084070                _end = .
                [!provide]                        PROVIDE (end = .)
                0x00000000c0084070                . = DATA_SEGMENT_END (.)

.stab
 *(.stab)

.stabstr
 *(.stabstr)

.stab.excl
 *(.stab.excl)

.stab.exclstr
 *(.stab.exclstr)

.stab.index
 *(.stab.index)

.stab.indexstr
 *(.stab.indexstr)

.comment        0x0000000000000000       0x2c
 *(.comment)
 .comment       0x0000000000000000       0x2c test.o
                                         0x2d (size before relaxing)
 .comment       0x000000000000002c       0x2d ../lib/pegasus_crt.a(exit.o)
 .comment       0x000000000000002c       0x2d ../lib/pegasus_crt.a(kernel_main_old.o)
 .comment       0x000000000000002c       0x2d ../lib/pegasus_crt.a(double_link_list.o)
 .comment       0x000000000000002c       0x2d ../lib/pegasus_crt.a(kernel_main.o)
 .comment       0x000000000000002c       0x2d ../lib/pegasus_crt.a(hd.o)
 .comment       0x000000000000002c       0x2d ../lib/pegasus_crt.a(fs_main.o)
 .comment       0x000000000000002c       0x2d ../lib/pegasus_crt.a(global.o)
 .comment       0x000000000000002c       0x2d ../lib/pegasus_crt.a(process.o)
 .comment       0x000000000000002c       0x2d ../lib/pegasus_crt.a(protect.o)
 .comment       0x000000000000002c       0x2d ../lib/pegasus_crt.a(console.o)
 .comment       0x000000000000002c       0x2d ../lib/pegasus_crt.a(keyboard.o)
 .comment       0x000000000000002c       0x2d ../lib/pegasus_crt.a(open.o)
 .comment       0x000000000000002c       0x2d ../lib/pegasus_crt.a(read.o)
 .comment       0x000000000000002c       0x2d ../lib/pegasus_crt.a(write.o)
 .comment       0x000000000000002c       0x2d ../lib/pegasus_crt.a(close.o)
 .comment       0x000000000000002c       0x2d ../lib/pegasus_crt.a(wait.o)
 .comment       0x000000000000002c       0x2d ../lib/pegasus_crt.a(fork.o)
 .comment       0x000000000000002c       0x2d ../lib/pegasus_crt.a(exec.o)
 .comment       0x000000000000002c       0x2d ../lib/pegasus_crt.a(main.o)
 .comment       0x000000000000002c       0x2d ../lib/pegasus_crt.a(exec.o)
 .comment       0x000000000000002c       0x2d ../lib/pegasus_crt.a(forkexit.o)
 .comment       0x000000000000002c       0x2d ../lib/pegasus_crt.a(mem.o)
 .comment       0x000000000000002c       0x2d ../lib/pegasus_crt.a(my_process.o)
 .comment       0x000000000000002c       0x2d ../lib/pegasus_crt.a(thread.o)

.gnu.build.attributes
 *(.gnu.build.attributes .gnu.build.attributes.*)

.debug
 *(.debug)

.line
 *(.line)

.debug_srcinfo
 *(.debug_srcinfo)

.debug_sfnames
 *(.debug_sfnames)

.debug_aranges  0x0000000000000000      0x2f8
 *(.debug_aranges)
 .debug_aranges
                0x0000000000000000       0x20 ../lib/pegasus_crt.a(exit.o)
 .debug_aranges
                0x0000000000000020       0x20 ../lib/pegasus_crt.a(kernel_main_old.o)
 .debug_aranges
                0x0000000000000040       0x20 ../lib/pegasus_crt.a(double_link_list.o)
 .debug_aranges
                0x0000000000000060       0x20 ../lib/pegasus_crt.a(kernel_main.o)
 .debug_aranges
                0x0000000000000080       0x20 ../lib/pegasus_crt.a(hd.o)
 .debug_aranges
                0x00000000000000a0       0x20 ../lib/pegasus_crt.a(fs_main.o)
 .debug_aranges
                0x00000000000000c0       0x18 ../lib/pegasus_crt.a(global.o)
 .debug_aranges
                0x00000000000000d8       0x20 ../lib/pegasus_crt.a(process.o)
 .debug_aranges
                0x00000000000000f8       0x20 ../lib/pegasus_crt.a(protect.o)
 .debug_aranges
                0x0000000000000118       0x20 ../lib/pegasus_crt.a(console.o)
 .debug_aranges
                0x0000000000000138       0x20 ../lib/pegasus_crt.a(keyboard.o)
 .debug_aranges
                0x0000000000000158       0x20 ../lib/pegasus_crt.a(open.o)
 .debug_aranges
                0x0000000000000178       0x20 ../lib/pegasus_crt.a(read.o)
 .debug_aranges
                0x0000000000000198       0x20 ../lib/pegasus_crt.a(write.o)
 .debug_aranges
                0x00000000000001b8       0x20 ../lib/pegasus_crt.a(close.o)
 .debug_aranges
                0x00000000000001d8       0x20 ../lib/pegasus_crt.a(wait.o)
 .debug_aranges
                0x00000000000001f8       0x20 ../lib/pegasus_crt.a(fork.o)
 .debug_aranges
                0x0000000000000218       0x20 ../lib/pegasus_crt.a(exec.o)
 .debug_aranges
                0x0000000000000238       0x20 ../lib/pegasus_crt.a(main.o)
 .debug_aranges
                0x0000000000000258       0x20 ../lib/pegasus_crt.a(exec.o)
 .debug_aranges
                0x0000000000000278       0x20 ../lib/pegasus_crt.a(forkexit.o)
 .debug_aranges
                0x0000000000000298       0x20 ../lib/pegasus_crt.a(mem.o)
 .debug_aranges
                0x00000000000002b8       0x20 ../lib/pegasus_crt.a(my_process.o)
 .debug_aranges
                0x00000000000002d8       0x20 ../lib/pegasus_crt.a(thread.o)

.debug_pubnames
 *(.debug_pubnames)

.debug_info     0x0000000000000000    0x1a53c
 *(.debug_info .gnu.linkonce.wi.*)
 .debug_info    0x0000000000000000      0xd17 ../lib/pegasus_crt.a(exit.o)
 .debug_info    0x0000000000000d17     0x298a ../lib/pegasus_crt.a(kernel_main_old.o)
 .debug_info    0x00000000000036a1      0xfa8 ../lib/pegasus_crt.a(double_link_list.o)
 .debug_info    0x0000000000004649      0xef5 ../lib/pegasus_crt.a(kernel_main.o)
 .debug_info    0x000000000000553e     0x1746 ../lib/pegasus_crt.a(hd.o)
 .debug_info    0x0000000000006c84     0x1e99 ../lib/pegasus_crt.a(fs_main.o)
 .debug_info    0x0000000000008b1d      0xdee ../lib/pegasus_crt.a(global.o)
 .debug_info    0x000000000000990b      0xf05 ../lib/pegasus_crt.a(process.o)
 .debug_info    0x000000000000a810     0x1119 ../lib/pegasus_crt.a(protect.o)
 .debug_info    0x000000000000b929     0x11ee ../lib/pegasus_crt.a(console.o)
 .debug_info    0x000000000000cb17      0xf42 ../lib/pegasus_crt.a(keyboard.o)
 .debug_info    0x000000000000da59      0xd66 ../lib/pegasus_crt.a(open.o)
 .debug_info    0x000000000000e7bf      0xe05 ../lib/pegasus_crt.a(read.o)
 .debug_info    0x000000000000f5c4      0xd93 ../lib/pegasus_crt.a(write.o)
 .debug_info    0x0000000000010357      0xd1a ../lib/pegasus_crt.a(close.o)
 .debug_info    0x0000000000011071      0xd25 ../lib/pegasus_crt.a(wait.o)
 .debug_info    0x0000000000011d96      0xd0c ../lib/pegasus_crt.a(fork.o)
 .debug_info    0x0000000000012aa2      0xeb3 ../lib/pegasus_crt.a(exec.o)
 .debug_info    0x0000000000013955      0xd2a ../lib/pegasus_crt.a(main.o)
 .debug_info    0x000000000001467f     0x10f6 ../lib/pegasus_crt.a(exec.o)
 .debug_info    0x0000000000015775      0xee6 ../lib/pegasus_crt.a(forkexit.o)
 .debug_info    0x000000000001665b     0x1bbc ../lib/pegasus_crt.a(mem.o)
 .debug_info    0x0000000000018217     0x1365 ../lib/pegasus_crt.a(my_process.o)
 .debug_info    0x000000000001957c      0xfc0 ../lib/pegasus_crt.a(thread.o)

.debug_abbrev   0x0000000000000000     0x3308
 *(.debug_abbrev)
 .debug_abbrev  0x0000000000000000      0x19b ../lib/pegasus_crt.a(exit.o)
 .debug_abbrev  0x000000000000019b      0x44c ../lib/pegasus_crt.a(kernel_main_old.o)
 .debug_abbrev  0x00000000000005e7      0x216 ../lib/pegasus_crt.a(double_link_list.o)
 .debug_abbrev  0x00000000000007fd      0x1df ../lib/pegasus_crt.a(kernel_main.o)
 .debug_abbrev  0x00000000000009dc      0x2e3 ../lib/pegasus_crt.a(hd.o)
 .debug_abbrev  0x0000000000000cbf      0x2ef ../lib/pegasus_crt.a(fs_main.o)
 .debug_abbrev  0x0000000000000fae      0x157 ../lib/pegasus_crt.a(global.o)
 .debug_abbrev  0x0000000000001105      0x1e9 ../lib/pegasus_crt.a(process.o)
 .debug_abbrev  0x00000000000012ee      0x227 ../lib/pegasus_crt.a(protect.o)
 .debug_abbrev  0x0000000000001515      0x2ac ../lib/pegasus_crt.a(console.o)
 .debug_abbrev  0x00000000000017c1      0x1fb ../lib/pegasus_crt.a(keyboard.o)
 .debug_abbrev  0x00000000000019bc      0x1c5 ../lib/pegasus_crt.a(open.o)
 .debug_abbrev  0x0000000000001b81      0x1ef ../lib/pegasus_crt.a(read.o)
 .debug_abbrev  0x0000000000001d70      0x1db ../lib/pegasus_crt.a(write.o)
 .debug_abbrev  0x0000000000001f4b      0x19d ../lib/pegasus_crt.a(close.o)
 .debug_abbrev  0x00000000000020e8      0x19f ../lib/pegasus_crt.a(wait.o)
 .debug_abbrev  0x0000000000002287      0x18a ../lib/pegasus_crt.a(fork.o)
 .debug_abbrev  0x0000000000002411      0x1e8 ../lib/pegasus_crt.a(exec.o)
 .debug_abbrev  0x00000000000025f9      0x208 ../lib/pegasus_crt.a(main.o)
 .debug_abbrev  0x0000000000002801      0x1c4 ../lib/pegasus_crt.a(exec.o)
 .debug_abbrev  0x00000000000029c5      0x204 ../lib/pegasus_crt.a(forkexit.o)
 .debug_abbrev  0x0000000000002bc9      0x2ea ../lib/pegasus_crt.a(mem.o)
 .debug_abbrev  0x0000000000002eb3      0x233 ../lib/pegasus_crt.a(my_process.o)
 .debug_abbrev  0x00000000000030e6      0x222 ../lib/pegasus_crt.a(thread.o)

.debug_line     0x0000000000000000     0x4839
 *(.debug_line .debug_line.* .debug_line_end)
 .debug_line    0x0000000000000000       0xa0 ../lib/pegasus_crt.a(exit.o)
 .debug_line    0x00000000000000a0      0xecf ../lib/pegasus_crt.a(kernel_main_old.o)
 .debug_line    0x0000000000000f6f      0x253 ../lib/pegasus_crt.a(double_link_list.o)
 .debug_line    0x00000000000011c2      0x187 ../lib/pegasus_crt.a(kernel_main.o)
 .debug_line    0x0000000000001349      0x613 ../lib/pegasus_crt.a(hd.o)
 .debug_line    0x000000000000195c      0xc11 ../lib/pegasus_crt.a(fs_main.o)
 .debug_line    0x000000000000256d       0x95 ../lib/pegasus_crt.a(global.o)
 .debug_line    0x0000000000002602      0x193 ../lib/pegasus_crt.a(process.o)
 .debug_line    0x0000000000002795      0x1fb ../lib/pegasus_crt.a(protect.o)
 .debug_line    0x0000000000002990      0x54e ../lib/pegasus_crt.a(console.o)
 .debug_line    0x0000000000002ede      0x296 ../lib/pegasus_crt.a(keyboard.o)
 .debug_line    0x0000000000003174       0xbd ../lib/pegasus_crt.a(open.o)
 .debug_line    0x0000000000003231      0x155 ../lib/pegasus_crt.a(read.o)
 .debug_line    0x0000000000003386       0xbc ../lib/pegasus_crt.a(write.o)
 .debug_line    0x0000000000003442       0xad ../lib/pegasus_crt.a(close.o)
 .debug_line    0x00000000000034ef       0xb7 ../lib/pegasus_crt.a(wait.o)
 .debug_line    0x00000000000035a6       0xae ../lib/pegasus_crt.a(fork.o)
 .debug_line    0x0000000000003654      0x19d ../lib/pegasus_crt.a(exec.o)
 .debug_line    0x00000000000037f1       0xec ../lib/pegasus_crt.a(main.o)
 .debug_line    0x00000000000038dd      0x206 ../lib/pegasus_crt.a(exec.o)
 .debug_line    0x0000000000003ae3      0x18a ../lib/pegasus_crt.a(forkexit.o)
 .debug_line    0x0000000000003c6d      0x779 ../lib/pegasus_crt.a(mem.o)
 .debug_line    0x00000000000043e6      0x30e ../lib/pegasus_crt.a(my_process.o)
 .debug_line    0x00000000000046f4      0x145 ../lib/pegasus_crt.a(thread.o)

.debug_frame
 *(.debug_frame)

.debug_str      0x0000000000000000     0x1d75
 *(.debug_str)
 .debug_str     0x0000000000000000      0x47c ../lib/pegasus_crt.a(exit.o)
                                        0x53b (size before relaxing)
 .debug_str     0x000000000000047c      0x5d3 ../lib/pegasus_crt.a(kernel_main_old.o)
                                        0xba6 (size before relaxing)
 .debug_str     0x0000000000000a4f       0x97 ../lib/pegasus_crt.a(double_link_list.o)
                                        0x667 (size before relaxing)
 .debug_str     0x0000000000000ae6       0x64 ../lib/pegasus_crt.a(kernel_main.o)
                                        0x617 (size before relaxing)
 .debug_str     0x0000000000000b4a      0x2a1 ../lib/pegasus_crt.a(hd.o)
                                        0x8a3 (size before relaxing)
 .debug_str     0x0000000000000deb      0x460 ../lib/pegasus_crt.a(fs_main.o)
                                        0xa90 (size before relaxing)
 .debug_str     0x000000000000124b        0x9 ../lib/pegasus_crt.a(global.o)
                                        0x5a6 (size before relaxing)
 .debug_str     0x0000000000001254       0x37 ../lib/pegasus_crt.a(process.o)
                                        0x5e6 (size before relaxing)
 .debug_str     0x000000000000128b      0x11b ../lib/pegasus_crt.a(protect.o)
                                        0x701 (size before relaxing)
 .debug_str     0x00000000000013a6      0x10d ../lib/pegasus_crt.a(console.o)
                                        0x6f5 (size before relaxing)
 .debug_str     0x00000000000014b3       0x84 ../lib/pegasus_crt.a(keyboard.o)
                                        0x632 (size before relaxing)
 .debug_str     0x0000000000001537       0x20 ../lib/pegasus_crt.a(open.o)
                                        0x56e (size before relaxing)
 .debug_str     0x0000000000001557       0x51 ../lib/pegasus_crt.a(read.o)
                                        0x5a7 (size before relaxing)
 .debug_str     0x00000000000015a8        0xc ../lib/pegasus_crt.a(write.o)
                                        0x56b (size before relaxing)
 .debug_str     0x00000000000015b4        0xc ../lib/pegasus_crt.a(close.o)
                                        0x536 (size before relaxing)
 .debug_str     0x00000000000015c0        0xb ../lib/pegasus_crt.a(wait.o)
                                        0x53b (size before relaxing)
 .debug_str     0x00000000000015cb        0xb ../lib/pegasus_crt.a(fork.o)
                                        0x534 (size before relaxing)
 .debug_str     0x00000000000015d6       0x1e ../lib/pegasus_crt.a(exec.o)
                                        0x5a3 (size before relaxing)
 .debug_str     0x00000000000015f4       0x32 ../lib/pegasus_crt.a(main.o)
                                        0x52e (size before relaxing)
 .debug_str     0x0000000000001626      0x1f7 ../lib/pegasus_crt.a(exec.o)
                                        0x788 (size before relaxing)
 .debug_str     0x000000000000181d       0x74 ../lib/pegasus_crt.a(forkexit.o)
                                        0x598 (size before relaxing)
 .debug_str     0x0000000000001891      0x310 ../lib/pegasus_crt.a(mem.o)
                                        0x9e7 (size before relaxing)
 .debug_str     0x0000000000001ba1      0x18a ../lib/pegasus_crt.a(my_process.o)
                                        0x858 (size before relaxing)
 .debug_str     0x0000000000001d2b       0x4a ../lib/pegasus_crt.a(thread.o)
                                        0x6ad (size before relaxing)

.debug_loc
 *(.debug_loc)

.debug_macinfo
 *(.debug_macinfo)

.debug_weaknames
 *(.debug_weaknames)

.debug_funcnames
 *(.debug_funcnames)

.debug_typenames
 *(.debug_typenames)

.debug_varnames
 *(.debug_varnames)

.debug_pubtypes
 *(.debug_pubtypes)

.debug_ranges   0x0000000000000000       0x78
 *(.debug_ranges)
 .debug_ranges  0x0000000000000000       0x18 ../lib/pegasus_crt.a(kernel_main_old.o)
 .debug_ranges  0x0000000000000018       0x48 ../lib/pegasus_crt.a(hd.o)
 .debug_ranges  0x0000000000000060       0x18 ../lib/pegasus_crt.a(exec.o)

.debug_macro
 *(.debug_macro)

.debug_addr
 *(.debug_addr)

.gnu.attributes
 *(.gnu.attributes)

/DISCARD/
 *(.note.GNU-stack)
 *(.gnu_debuglink)
 *(.gnu.lto_*)
 *(.gnu_object_only)
OUTPUT(test elf32-i386)
