Archive member included to satisfy reference by file (symbol)

pegasus_crt.a(kernel_main_old.o)
                              test.o (Printf)
pegasus_crt.a(protect.o)      pegasus_crt.a(kernel_main_old.o) (InitInterruptDesc)
pegasus_crt.a(console.o)      pegasus_crt.a(kernel_main_old.o) (out_char)
pegasus_crt.a(global.o)       pegasus_crt.a(protect.o) (proc_table)
pegasus_crt.a(keyboard.o)     pegasus_crt.a(console.o) (keyboard_read)
pegasus_crt.a(process.o)      pegasus_crt.a(kernel_main_old.o) (schedule_process)
pegasus_crt.a(task_network.o)
                              pegasus_crt.a(global.o) (task_network)
pegasus_crt.a(hd.o)           pegasus_crt.a(global.o) (TaskHD)
pegasus_crt.a(fs_main.o)      pegasus_crt.a(global.o) (task_fs)
pegasus_crt.a(main.o)         pegasus_crt.a(global.o) (TaskMM)
pegasus_crt.a(mem.o)          pegasus_crt.a(kernel_main_old.o) (ptr_pde)
pegasus_crt.a(exec.o)         pegasus_crt.a(kernel_main_old.o) (execl)
pegasus_crt.a(fork.o)         pegasus_crt.a(kernel_main_old.o) (fork)
pegasus_crt.a(exit.o)         start.o (exit)
pegasus_crt.a(wait.o)         pegasus_crt.a(kernel_main_old.o) (wait)
pegasus_crt.a(strcmp.o)       pegasus_crt.a(fs_main.o) (strcmp)
pegasus_crt.a(read.o)         pegasus_crt.a(kernel_main_old.o) (read)
pegasus_crt.a(perror.o)       pegasus_crt.a(task_network.o) (perror)
pegasus_crt.a(open.o)         pegasus_crt.a(kernel_main_old.o) (open)
pegasus_crt.a(write.o)        pegasus_crt.a(kernel_main_old.o) (write)
pegasus_crt.a(close.o)        pegasus_crt.a(kernel_main_old.o) (close)
pegasus_crt.a(inet_pton.o)    pegasus_crt.a(task_network.o) (inet_pton)
pegasus_crt.a(ntohl.o)        pegasus_crt.a(task_network.o) (ntohl)
pegasus_crt.a(kernel.o)       pegasus_crt.a(kernel_main_old.o) (disp_str)
pegasus_crt.a(syscall.o)      pegasus_crt.a(kernel_main_old.o) (write_debug)
pegasus_crt.a(switch_to.o)    pegasus_crt.a(process.o) (switch_to)
pegasus_crt.a(string.o)       pegasus_crt.a(kernel_main_old.o) (Memcpy2)
pegasus_crt.a(hd_rdwt.o)      pegasus_crt.a(hd.o) (read_port)
pegasus_crt.a(double_link_list.o)
                              pegasus_crt.a(mem.o) (initDoubleLinkList)
pegasus_crt.a(route.o)        pegasus_crt.a(task_network.o) (route_init)
pegasus_crt.a(ipc.o)          pegasus_crt.a(task_network.o) (demux_ipc_socket_call)
pegasus_crt.a(netdev.o)       pegasus_crt.a(task_network.o) (netdev_init)
pegasus_crt.a(utils.o)        pegasus_crt.a(ipc.o) (print_err)
pegasus_crt.a(forkexit.o)     pegasus_crt.a(main.o) (do_fork)
pegasus_crt.a(exec.o)         pegasus_crt.a(main.o) (do_exec)
pegasus_crt.a(alloca.o)       pegasus_crt.a(ipc.o) (alloca)
pegasus_crt.a(calloc.o)       pegasus_crt.a(ipc.o) (calloc)
pegasus_crt.a(atoi.o)         pegasus_crt.a(inet_pton.o) (atoi)
pegasus_crt.a(strtok.o)       pegasus_crt.a(inet_pton.o) (strtok)
pegasus_crt.a(strpbrk.o)      pegasus_crt.a(strtok.o) (strpbrk)
pegasus_crt.a(sscanf.o)       pegasus_crt.a(netdev.o) (sscanf)
pegasus_crt.a(ntohs.o)        pegasus_crt.a(netdev.o) (ntohs)
pegasus_crt.a(htons.o)        pegasus_crt.a(netdev.o) (htons)
pegasus_crt.a(ne2000.o)       pegasus_crt.a(netdev.o) (StartSendToPhysicalLink)
pegasus_crt.a(my_process.o)   pegasus_crt.a(forkexit.o) (fork_process)
pegasus_crt.a(skbuff.o)       pegasus_crt.a(netdev.o) (alloc_skb)
pegasus_crt.a(socket.o)       pegasus_crt.a(ipc.o) (_socket)
pegasus_crt.a(ip_input.o)     pegasus_crt.a(netdev.o) (call_ip_rcv)
pegasus_crt.a(icmpv4.o)       pegasus_crt.a(ip_input.o) (icmpv4_incoming)
pegasus_crt.a(inet.o)         pegasus_crt.a(socket.o) (inet)
pegasus_crt.a(tcp.o)          pegasus_crt.a(ip_input.o) (tcp_in)
pegasus_crt.a(sock.o)         pegasus_crt.a(inet.o) (sk_alloc)
pegasus_crt.a(tcp_output.o)   pegasus_crt.a(ipc.o) (tcp_begin_connect)
pegasus_crt.a(arp.o)          pegasus_crt.a(ipc.o) (insert_arp_translation_table)
pegasus_crt.a(tcp_sock.o)     pegasus_crt.a(tcp.o) (tcp_established_or_syn_recvd_socks_remove)
pegasus_crt.a(ip_output.o)    pegasus_crt.a(icmpv4.o) (ip_output)
pegasus_crt.a(dst.o)          pegasus_crt.a(ip_output.o) (dst_neigh_output)
pegasus_crt.a(tcp_input.o)    pegasus_crt.a(tcp.o) (tcp_process)
pegasus_crt.a(udp.o)          pegasus_crt.a(ip_input.o) (udp_in)
pegasus_crt.a(tcp_data.o)     pegasus_crt.a(tcp_input.o) (tcp_data_dequeue)
pegasus_crt.a(strtol.o)       pegasus_crt.a(sscanf.o) (strtol)
pegasus_crt.a(htonl.o)        pegasus_crt.a(inet.o) (htonl)
pegasus_crt.a(thread.o)       pegasus_crt.a(my_process.o) (thread_init)
pegasus_crt.a(udp_sock.o)     pegasus_crt.a(udp.o) (udp_lookup_sock)

Merging program properties

Removed property 0xc0010001 to merge test.o (0x1) and start.o (not found)
Removed property 0xc0010002 to merge test.o (0x0) and start.o (not found)
Removed property 0xc0010001 to merge test.o (not found) and pegasus_crt.a(kernel_main_old.o) (0x1)
Removed property 0xc0010002 to merge test.o (not found) and pegasus_crt.a(kernel_main_old.o) (0x1)
[...]
Memory Configuration

Name             Origin             Length             Attributes
*default*        0x00000000         0xffffffff

Linker script and memory map

Address of section .text set to 0xb0800000
LOAD test.o
LOAD start.o
LOAD pegasus_crt.a
                [!provide]                        PROVIDE (__executable_start = SEGMENT_START ("text-segment", 0x8048000))
                0x080480d4                        . = (SEGMENT_START ("text-segment", 0x8048000) + SIZEOF_HEADERS)

.interp
 *(.interp)

.note.gnu.build-id
 *(.note.gnu.build-id)

.hash
 *(.hash)

.gnu.hash
 *(.gnu.hash)

.dynsym
 *(.dynsym)

.dynstr
 *(.dynstr)

.gnu.version
 *(.gnu.version)

.gnu.version_d
 *(.gnu.version_d)

.gnu.version_r
 *(.gnu.version_r)

.rel.dyn        0x080480d4        0x0
 *(.rel.init)
 *(.rel.text .rel.text.* .rel.gnu.linkonce.t.*)
 .rel.text      0x080480d4        0x0 test.o
 *(.rel.fini)
 *(.rel.rodata .rel.rodata.* .rel.gnu.linkonce.r.*)
 *(.rel.data.rel.ro .rel.data.rel.ro.* .rel.gnu.linkonce.d.rel.ro.*)
 *(.rel.data .rel.data.* .rel.gnu.linkonce.d.*)
 *(.rel.tdata .rel.tdata.* .rel.gnu.linkonce.td.*)
 *(.rel.tbss .rel.tbss.* .rel.gnu.linkonce.tb.*)
 *(.rel.ctors)
 *(.rel.dtors)
 *(.rel.got)
 .rel.got       0x080480d4        0x0 test.o
 *(.rel.bss .rel.bss.* .rel.gnu.linkonce.b.*)
 *(.rel.ifunc)

.rel.plt        0x080480d4        0x0
 *(.rel.plt)
                [!provide]                        PROVIDE (__rel_iplt_start = .)
 *(.rel.iplt)
 .rel.iplt      0x080480d4        0x0 test.o
                [!provide]                        PROVIDE (__rel_iplt_end = .)

.relr.dyn
 *(.relr.dyn)
                0x08049000                        . = ALIGN (CONSTANT (MAXPAGESIZE))

.init
 *(SORT_NONE(.init))

.plt            0x08049000        0x0
 *(.plt)
 *(.iplt)
 .iplt          0x08049000        0x0 test.o

.plt.got
 *(.plt.got)

.plt.sec
 *(.plt.sec)

.text           0xb0800000    0x137a5
 *(.text.unlikely .text.*_unlikely .text.unlikely.*)
 *(.text.exit .text.exit.*)
 *(.text.startup .text.startup.*)
 *(.text.hot .text.hot.*)
 *(SORT_BY_NAME(.text.sorted.*))
 *(.text .stub .text.* .gnu.linkonce.t.*)
 .text          0xb0800000       0x3e test.o
                0xb0800000                main
 *fill*         0xb080003e        0x2 
 .text          0xb0800040       0x15 start.o
                0xb0800040                _start
 .text          0xb0800055     0x2d8b pegasus_crt.a(kernel_main_old.o)
                0xb0800055                stop_here
                0xb0800099                catch_error
                0xb08000fe                intr_enable
                0xb0800127                intr_disable
                0xb0800150                intr_set_status
                0xb080016e                intr_get_status
                0xb080018b                Memcpy
                0xb08001be                untar
                0xb08004ce                num_to_string
                0xb0800574                disp_int
                0xb080059d                do_page_fault
                0xb08006da                exception_handler
                0xb08008c5                init_internal_interrupt
                0xb0800a3a                spurious_irq
                0xb0800ac8                init_keyboard
                0xb0800b0b                TestTTY
                0xb0800baa                TestReadReturnValue
                0xb0800c27                TestWriteReturnValue
                0xb0800cfb                TestFS2
                0xb0800d09                TestFS
                0xb08011ab                wait_exit
                0xb08012a9                INIT_fork
                0xb080159c                simple_shell
                0xb0801723                test_shell
                0xb080178b                test_exec
                0xb080187e                INIT
                0xb080188b                TestA
                0xb08018c0                delay
                0xb0801904                TestB
                0xb080191c                TestC
                0xb080194f                sys_get_ticks
                0xb080195f                sys_write
                0xb08019b3                milli_delay
                0xb08019dd                TaskSys
                0xb08019e2                Printf
                0xb0801ab4                sprintf
                0xb0801ae0                vsprintf
                0xb0801c8c                printx
                0xb0801ccf                sys_printx
                0xb0801d9b                spin
                0xb0801dc1                panic
                0xb0801ddf                assertion_failure
                0xb0801e51                assertion_failure2
                0xb0801ec6                dead_lock
                0xb0801ed0                sys_send_msg
                0xb08023ef                sys_receive_msg
                0xb0802a4f                send_rec
                0xb0802b4a                block
                0xb0802b86                unblock
                0xb0802bd6                get_ticks_ipc
                0xb0802be9                itoa
                0xb0802c3f                i2a
                0xb0802ca5                inform_int
                0xb0802d71                deprecate_strcmp
 .text          0xb0802de0      0x3b3 pegasus_crt.a(protect.o)
                0xb0802de0                InitDescriptor
                0xb0802e4d                Seg2PhyAddr
                0xb0802e8e                Seg2PhyAddrLDT
                0xb0802ed2                VirAddr2PhyAddr
                0xb0802ee8                v2l
                0xb0802f2b                init_propt
                0xb08030ac                InitInterruptDesc
                0xb0803108                ReloadGDT
 .text          0xb0803193      0xad3 pegasus_crt.a(console.o)
                0xb0803193                select_console
                0xb08031cf                flush
                0xb0803208                set_cursor
                0xb0803266                set_console_start_video_addr
                0xb08032c4                put_key
                0xb0803330                scroll_up
                0xb0803372                scroll_down
                0xb08033dd                out_char
                0xb080359a                tty_dev_read
                0xb08035c4                tty_dev_write
                0xb08037f1                tty_do_read
                0xb08038b9                tty_do_write
                0xb0803a22                init_screen
                0xb0803aab                init_tty
                0xb0803b60                TaskTTY
 .text          0xb0803c66        0x0 pegasus_crt.a(global.o)
 .text          0xb0803c66      0x40f pegasus_crt.a(keyboard.o)
                0xb0803c66                keyboard_handler
                0xb0803cea                read_from_keyboard_buf
                0xb0803d50                keyboard_read
                0xb0803ecf                init_keyboard_handler
                0xb0803ee3                in_process
 .text          0xb0804075      0x2d3 pegasus_crt.a(process.o)
                0xb0804075                schedule_process
                0xb080423b                clock_handler
                0xb08042cd                pid2proc
                0xb0804331                proc2pid
 .text          0xb0804348      0x356 pegasus_crt.a(task_network.o)
                0xb080439c                init_dev
                0xb0804503                task_network
                0xb0804654                task_netdev_rx
 .text          0xb080469e      0xe84 pegasus_crt.a(hd.o)
                0xb080469e                TaskHD
                0xb08046e9                init_hd
                0xb0804703                hd_handle
                0xb0804808                hd_cmd_out
                0xb080490a                hd_identify
                0xb08049c1                print_hdinfo
                0xb0804b4f                print_dpt_entry
                0xb0804bbb                get_partition_table
                0xb0804c9a                partition
                0xb0804eb4                hd_open
                0xb0804f64                get_hd_ioctl
                0xb080501e                wait_for
                0xb080504f                interrupt_wait
                0xb08050a8                hd_rdwt
                0xb080534a                hd_handler
                0xb080537b                debug_ticks
                0xb08053b9                waitfor
                0xb08053fd                print_hd_info
                0xb08054ea                is_empty
 .text          0xb0805522     0x2081 pegasus_crt.a(fs_main.o)
                0xb0805522                task_fs
                0xb0805736                rd_wt
                0xb0805818                mkfs
                0xb0805dfa                init_fs
                0xb0805e54                do_open
                0xb080605d                search_file
                0xb080618f                strip_path
                0xb080625b                get_inode
                0xb080641d                create_file
                0xb0806528                alloc_imap_bit
                0xb0806625                alloc_smap_bit
                0xb08067c6                new_inode
                0xb08068e4                new_dir_entry
                0xb0806af0                do_unlink
                0xb0806fcc                do_rdwt
                0xb0807357                sync_inode
                0xb08074ab                put_inode
                0xb08074e9                do_close
                0xb080753b                get_super_block
 .text          0xb08075a3      0x14e pegasus_crt.a(main.o)
                0xb08075a3                TaskMM
                0xb08076d2                alloc_mem
 .text          0xb08076f1     0x1118 pegasus_crt.a(mem.o)
                0xb08076f1                init_bitmap
                0xb0807714                test_bit_val
                0xb080777d                set_bit_val
                0xb08077f8                set_bits
                0xb0807832                get_first_free_bit
                0xb0807876                get_bits
                0xb080793e                get_a_page
                0xb08079f2                get_virtual_address_start_with_addr
                0xb0807a8c                get_virtual_address
                0xb0807b1c                ptr_pde
                0xb0807b2f                ptr_pte
                0xb0807b56                add_map_entry
                0xb0807be7                alloc_virtual_memory
                0xb0807cb3                get_physical_address_proc
                0xb0807d2f                get_physical_address
                0xb0807d61                alloc_physical_memory_of_proc
                0xb0807e50                alloc_physical_memory
                0xb0807f18                alloc_memory
                0xb0807f7a                get_a_virtual_page
                0xb0807fb2                block2arena
                0xb0807fc8                sys_malloc2
                0xb08082f5                remove_map_entry
                0xb0808316                free_a_page
                0xb08083bd                sys_free2
                0xb08083c3                init_memory_block_desc
                0xb0808494                init_memory2
                0xb08086c9                init_memory
 .text          0xb0808809      0x285 pegasus_crt.a(exec.o)
                0xb0808809                exec
                0xb080887a                execv
                0xb0808a69                execl
 .text          0xb0808a8e       0x4b pegasus_crt.a(fork.o)
                0xb0808a8e                fork
 .text          0xb0808ad9       0x2f pegasus_crt.a(exit.o)
                0xb0808ad9                exit
 .text          0xb0808b08       0x44 pegasus_crt.a(wait.o)
                0xb0808b08                wait
 .text          0xb0808b4c       0xa8 pegasus_crt.a(strcmp.o)
                0xb0808b4c                strcmp
 .text          0xb0808bf4      0x181 pegasus_crt.a(read.o)
                0xb0808bf4                read
 .text          0xb0808d75       0x17 pegasus_crt.a(perror.o)
                0xb0808d75                perror
 .text          0xb0808d8c       0x95 pegasus_crt.a(open.o)
                0xb0808d8c                open
 .text          0xb0808e21       0x85 pegasus_crt.a(write.o)
                0xb0808e21                write
 .text          0xb0808ea6       0x52 pegasus_crt.a(close.o)
                0xb0808ea6                close
 .text          0xb0808ef8      0x295 pegasus_crt.a(inet_pton.o)
                0xb0808ef8                isValidIPv4
                0xb0809082                inet_pton
 .text          0xb080918d       0x7c pegasus_crt.a(ntohl.o)
                0xb080918d                ntohl
 *fill*         0xb0809209        0x7 
 .text          0xb0809210      0x3d2 pegasus_crt.a(kernel.o)
                0xb0809210                InterruptTest
                0xb080921c                disp_str_len
                0xb0809269                disp_str
                0xb08092a4                disp_str_colour
                0xb08092e0                divide_zero_fault
                0xb08092e6                single_step_fault
                0xb08092ec                non_maskable_interrupt
                0xb08092f2                breakpoint_trap
                0xb08092f8                overflow_trap
                0xb08092fe                bound_range_exceeded_fault
                0xb0809304                invalid_opcode_fault
                0xb080930a                coprocessor_not_available_fault
                0xb0809310                double_fault_exception_abort
                0xb0809314                coprocessor_segment_overrun
                0xb080931a                invalid_task_state_segment_fault
                0xb080931e                segment_not_present_fault
                0xb0809322                stack_exception_fault
                0xb0809326                general_protection_exception_fault
                0xb0809331                page_fault
                0xb0809335                coprocessor_error_fault
                0xb080933b                align_check_fault
                0xb080933f                simd_float_exception_fault
                0xb080934e                hwint0
                0xb080937e                hwint1
                0xb08093c1                hwint14
                0xb0809407                hwint10
                0xb080944a                sys_call
                0xb0809490                fork_restart
                0xb080949f                restart
                0xb08094c2                in_byte
                0xb08094ce                out_byte
                0xb08094f0                disable_int
                0xb08094f2                enable_int
                0xb0809588                enable_8259A_casecade_irq
                0xb0809592                disable_8259A_casecade_irq
                0xb080959c                enable_8259A_slave_winchester_irq
                0xb08095a6                disable_8259A_slave_winchester_irq
                0xb08095b0                update_cr3
                0xb08095bd                update_tss
                0xb08095cc                get_running_thread_pcb
                0xb08095d2                sys_call_test
                0xb08095d5                enable_8259A_slave_net_irq
 *fill*         0xb08095e2        0xe 
 .text          0xb08095f0       0x6a pegasus_crt.a(syscall.o)
                0xb08095f0                write_debug
                0xb0809600                send_msg
                0xb0809616                receive_msg
                0xb080962c                sys_malloc
                0xb0809641                sys_free
 *fill*         0xb080965a        0x6 
 .text          0xb0809660       0x15 pegasus_crt.a(switch_to.o)
                0xb0809660                switch_to
 .text          0xb0809675      0x2ee pegasus_crt.a(double_link_list.o)
                0xb0809675                initDoubleLinkList
                0xb08096c5                isListEmpty
                0xb08096f3                findElementInList
                0xb080978a                appendToDoubleLinkList
                0xb0809850                insertToDoubleLinkList
                0xb08098d4                popFromDoubleLinkList
 .text          0xb0809963      0x42e pegasus_crt.a(route.o)
                0xb0809a73                route_add
                0xb0809aba                route_init
                0xb0809b6c                call_route_lookup
                0xb0809cb6                route_lookup
 .text          0xb0809d91      0xe9e pegasus_crt.a(ipc.o)
                0xb080a97d                ipc_close
                0xb080a9ce                ipc_call_from_netdev_rx
                0xb080aa06                demux_ipc_socket_call
 .text          0xb080ac2f      0xa11 pegasus_crt.a(netdev.o)
                0xb080adbd                netdev_init
                0xb080ae04                netdev_transmit
                0xb080af66                interrupt_wait2
                0xb080afbf                netdev_rx_loop
                0xb080b0b0                call_netdev_get
                0xb080b1fa                netdev_get
                0xb080b2af                free_netdev
                0xb080b2da                local_ipaddress
                0xb080b317                receive_msg_from_nic
                0xb080b4fe                receive_msg_from_nic2
                0xb080b62a                net_handler
 .text          0xb080b640      0x1e7 pegasus_crt.a(utils.o)
                0xb080b640                run_cmd
                0xb080b64d                print_err
                0xb080b664                parse_ipv4_string
                0xb080b6c3                ip_pton
                0xb080b70b                sum_every_16bits
                0xb080b762                checksum
                0xb080b7a3                tcp_udp_checksum
 .text          0xb080b827      0x24f pegasus_crt.a(forkexit.o)
                0xb080b827                do_fork
                0xb080b895                do_exit
                0xb080b91f                do_wait
                0xb080ba1c                cleanup
 .text          0xb080ba76      0x419 pegasus_crt.a(exec.o)
                0xb080ba76                do_exec
 .text          0xb080be8f       0x29 pegasus_crt.a(alloca.o)
                0xb080be8f                alloca
 .text          0xb080beb8       0x46 pegasus_crt.a(calloc.o)
                0xb080beb8                calloc
 .text          0xb080befe       0x9c pegasus_crt.a(atoi.o)
                0xb080befe                atoi
 .text          0xb080bf9a       0x85 pegasus_crt.a(strtok.o)
                0xb080bf9a                strtok
 .text          0xb080c01f       0x90 pegasus_crt.a(strpbrk.o)
                0xb080c01f                strpbrk
 .text          0xb080c0af      0x335 pegasus_crt.a(sscanf.o)
                0xb080c0af                sscanf
 .text          0xb080c3e4       0x38 pegasus_crt.a(ntohs.o)
                0xb080c3e4                ntohs
 .text          0xb080c41c       0x38 pegasus_crt.a(htons.o)
                0xb080c41c                htons
 *fill*         0xb080c454        0xc 
 .text          0xb080c460      0x28d pegasus_crt.a(ne2000.o)
                0xb080c483                DriverInitialize
                0xb080c50d                StartSendToPhysicalLink
                0xb080c528                SetPageStart
                0xb080c557                DriverSend
                0xb080c5d1                PCtoNIC
                0xb080c63c                get_interrupt_status
                0xb080c659                set_interrupt_status
                0xb080c679                get_curr_page
                0xb080c696                NICtoPC
 .text          0xb080c6ed      0x730 pegasus_crt.a(my_process.o)
                0xb080c6ed                create_user_process_address_space
                0xb080c77d                user_process
                0xb080c8aa                clone_pcb
                0xb080ca1c                build_body_stack
                0xb080cb4f                build_process_kernel_stack
                0xb080cc12                fork_process
                0xb080cca3                process_execute
 .text          0xb080ce1d      0x15b pegasus_crt.a(skbuff.o)
                0xb080ce36                alloc_skb
                0xb080cec7                free_skb
                0xb080cefa                skb_reserve
                0xb080cf16                skb_push
                0xb080cf45                skb_head
                0xb080cf50                skb_reset_header
 .text          0xb080cf78      0x66c pegasus_crt.a(socket.o)
                0xb080d028                test
                0xb080d084                socket_debug
                0xb080d0e5                free_socket
                0xb080d1a1                _socket
                0xb080d260                _bind
                0xb080d2b3                _connect
                0xb080d305                _write
                0xb080d35c                _read
                0xb080d3b3                _recvfrom
                0xb080d3f4                _sendto
                0xb080d44b                _close
                0xb080d4ca                _listen
                0xb080d530                _accept
 .text          0xb080d5e4      0x53f pegasus_crt.a(ip_input.o)
                0xb080d7bd                call_ip_rcv
                0xb080d8d7                ip_rcv
 .text          0xb080db23      0x234 pegasus_crt.a(icmpv4.o)
                0xb080db31                icmpv4_incoming
                0xb080dba5                icmpv4_reply
                0xb080dc7e                icmpv4_timestamp
 .text          0xb080dd57      0x429 pegasus_crt.a(inet.o)
                0xb080dd57                inet_create
                0xb080de07                inet_socket
                0xb080de11                inet_connect
                0xb080de65                inet_write
                0xb080de91                inet_read
                0xb080debd                inet_close
                0xb080df0c                inet_free
                0xb080df42                inet_bind
                0xb080e04b                inet_listen
                0xb080e094                inet_accept
                0xb080e13f                inet_sendto
                0xb080e16a                inet_recvfrom
 .text          0xb080e180      0x49f pegasus_crt.a(tcp.o)
                0xb080e3c4                tcp_in
                0xb080e478                tcp_checksum
                0xb080e4a4                __tcp_set_state
                0xb080e4b3                tcp_generate_port
                0xb080e4fc                tcp_generate_isn
                0xb080e50e                tcp_done
                0xb080e537                tcp_clear_timers
                0xb080e546                tcp_stop_retransmission_timer
                0xb080e55f                tcp_release_retransmission_timer
                0xb080e578                tcp_stop_delack_timer
                0xb080e58b                tcp_release_delack_timer
                0xb080e59e                tcp_handle_fin_state
                0xb080e603                tcp_enter_time_wait
 .text          0xb080e61f      0x203 pegasus_crt.a(sock.o)
                0xb080e751                sk_alloc
                0xb080e778                sk_init
                0xb080e7cc                sk_init_with_socket
                0xb080e7f5                sk_free
 .text          0xb080e822      0xfb0 pegasus_crt.a(tcp_output.o)
                0xb080ec45                tcp_send_synack
                0xb080ece8                tcp_send_delack
                0xb080ed23                tcp_send_ack
                0xb080eea2                tcp_send_fin
                0xb080ef17                tcp_select_initial_window
                0xb080f0c9                tcp_reset_retransmission_timer
                0xb080f0e6                call_tcp_begin_connect
                0xb080f225                tcp_begin_connect
                0xb080f43f                call_tcp_write
                0xb080f580                ipc_tcp_write
                0xb080f6d7                tcp_send_reset
                0xb080f757                tcp_queue_fin
 .text          0xb080f7d2      0xbdd pegasus_crt.a(arp.o)
                0xb080f8fb                call_update_arp_translation_table
                0xb080fb33                insert_arp_translation_table
                0xb080fbb5                update_arp_translation_table
                0xb080fc74                arp_init
                0xb080fc7a                arp_rcv
                0xb080fe63                arp_request
                0xb080ffd0                arp_reply
                0xb0810133                call_arp_get_hwaddr
                0xb081027d                arp_get_hwaddr
                0xb081035e                free_arp
 .text          0xb08103af      0xf35 pegasus_crt.a(tcp_sock.o)
                0xb08106cb                tcp_established_or_syn_recvd_socks_enqueue
                0xb08106e4                tcp_established_or_syn_recvd_socks_remove
                0xb08106f6                call_tcp_connecting_or_listening_socks_enqueue
                0xb08107f2                tcp_connecting_or_listening_socks_enqueue
                0xb0810871                tcp_connecting_or_listening_socks_remove
                0xb0810883                tcp_alloc_sock
                0xb0810999                tcp_free_sock
                0xb0810a12                tcp_init
                0xb0810a1c                tcp_sock_init
                0xb0810ac2                tcp_write
                0xb0810bc3                ipc_tcp_write2
                0xb0810bec                tcp_read
                0xb0810c9f                tcp_close
                0xb0810d5d                tcp_recv_notify
                0xb0810db5                tcp_v4_connect
                0xb0811050                call_tcp_lookup_sock
                0xb08111bb                tcp_lookup_sock
                0xb0811234                tcp_lookup_sock2
 .text          0xb08112e4      0x1d3 pegasus_crt.a(ip_output.o)
                0xb08112f2                ip_output
 .text          0xb08114b7      0x181 pegasus_crt.a(dst.o)
                0xb08114c5                print_array
                0xb0811539                dst_neigh_output
 .text          0xb0811638      0xc2f pegasus_crt.a(tcp_input.o)
                0xb0811dc8                tcp_process
                0xb08121a5                tcp_receive
 .text          0xb0812267      0x3e0 pegasus_crt.a(udp.o)
                0xb0812372                udp_generate_port
                0xb08123bb                udp_checksum
                0xb0812489                udp_in
                0xb081251a                udp_data_dequeue
                0xb0812622                udp_data_enqueue
 .text          0xb0812647      0x599 pegasus_crt.a(tcp_data.o)
                0xb0812981                tcp_data_dequeue
                0xb0812aae                tcp_data_queue
 .text          0xb0812be0       0xca pegasus_crt.a(strtol.o)
                0xb0812be0                strtol
 .text          0xb0812caa       0x7c pegasus_crt.a(htonl.o)
                0xb0812caa                htonl
 .text          0xb0812d26      0x1b2 pegasus_crt.a(thread.o)
                0xb0812d26                kernel_thread
                0xb0812d3e                thread_init
                0xb0812deb                thread_create
                0xb0812e20                thread_start
 .text          0xb0812ed8      0x8cd pegasus_crt.a(udp_sock.o)
                0xb0813116                udp_lookup_sock
                0xb081315d                udp_init
                0xb081318e                udp_close
                0xb08131b4                udp_sock_init
                0xb08131be                udp_recvfrom
                0xb0813257                udp_connect
                0xb0813330                udp_write
                0xb081335c                udp_alloc_skb
                0xb08133a6                udp_sendto
                0xb081349a                udp_send
                0xb08135d8                udp_alloc_sock
                0xb0813619                udp_free_sock
                0xb081363d                udp_read
 *(.gnu.warning)

.fini
 *(SORT_NONE(.fini))
                [!provide]                        PROVIDE (__etext = .)
                [!provide]                        PROVIDE (_etext = .)
                [!provide]                        PROVIDE (etext = .)
                0xb0814000                        . = ALIGN (CONSTANT (MAXPAGESIZE))
                0xb0814000                        . = SEGMENT_START ("rodata-segment", (ALIGN (CONSTANT (MAXPAGESIZE)) + (. & (CONSTANT (MAXPAGESIZE) - 0x1))))

.rodata         0xb0814000     0x1c41
 *(.rodata .rodata.* .gnu.linkonce.r.*)
 .rodata        0xb0814000       0x10 test.o
 *fill*         0xb0814010       0x10 
 .rodata        0xb0814020      0xb61 pegasus_crt.a(kernel_main_old.o)
 .rodata        0xb0814b81       0x22 pegasus_crt.a(console.o)
 *fill*         0xb0814ba3        0x1 
 .rodata        0xb0814ba4       0x4c pegasus_crt.a(process.o)
 .rodata        0xb0814bf0       0x91 pegasus_crt.a(task_network.o)
 *fill*         0xb0814c81        0x3 
 .rodata        0xb0814c84      0x19c pegasus_crt.a(hd.o)
 .rodata        0xb0814e20      0x1fb pegasus_crt.a(fs_main.o)
                0xb0814e20                FSBUF_SIZE
 .rodata        0xb081501b       0x11 pegasus_crt.a(main.o)
 .rodata        0xb081502c       0x5a pegasus_crt.a(mem.o)
 .rodata        0xb0815086       0x2d pegasus_crt.a(exec.o)
 .rodata        0xb08150b3       0x2a pegasus_crt.a(close.o)
 .rodata        0xb08150dd        0x3 pegasus_crt.a(inet_pton.o)
 .rodata        0xb08150e0       0x3c pegasus_crt.a(double_link_list.o)
 .rodata        0xb081511c       0x36 pegasus_crt.a(route.o)
 *fill*         0xb0815152        0x2 
 .rodata        0xb0815154      0x188 pegasus_crt.a(ipc.o)
 .rodata        0xb08152dc      0x16e pegasus_crt.a(netdev.o)
 *fill*         0xb081544a        0x2 
 .rodata        0xb081544c       0x41 pegasus_crt.a(utils.o)
 .rodata        0xb081548d       0x21 pegasus_crt.a(forkexit.o)
 .rodata        0xb08154ae       0x10 pegasus_crt.a(exec.o)
 .rodata        0xb08154be        0x9 pegasus_crt.a(skbuff.o)
 *fill*         0xb08154c7        0x1 
 .rodata        0xb08154c8      0x23d pegasus_crt.a(socket.o)
 *fill*         0xb0815705        0x3 
 .rodata        0xb0815708       0xde pegasus_crt.a(ip_input.o)
 *fill*         0xb08157e6        0x2 
 .rodata        0xb08157e8       0x32 pegasus_crt.a(icmpv4.o)
 *fill*         0xb081581a        0x2 
 .rodata        0xb081581c       0x48 pegasus_crt.a(inet.o)
 .rodata        0xb0815864       0x31 pegasus_crt.a(tcp.o)
 .rodata        0xb0815895        0x9 pegasus_crt.a(sock.o)
 *fill*         0xb081589e        0x2 
 .rodata        0xb08158a0       0xa9 pegasus_crt.a(tcp_output.o)
 *fill*         0xb0815949        0x3 
 .rodata        0xb081594c       0xbd pegasus_crt.a(arp.o)
 *fill*         0xb0815a09        0x3 
 .rodata        0xb0815a0c       0xe8 pegasus_crt.a(tcp_sock.o)
 .rodata        0xb0815af4        0x9 pegasus_crt.a(ip_output.o)
 .rodata        0xb0815afd       0x1c pegasus_crt.a(dst.o)
 *fill*         0xb0815b19        0x3 
 .rodata        0xb0815b1c       0xd0 pegasus_crt.a(tcp_input.o)
 .rodata        0xb0815bec        0x9 pegasus_crt.a(udp.o)
 .rodata        0xb0815bf5       0x1e pegasus_crt.a(tcp_data.o)
 *fill*         0xb0815c13        0x1 
 .rodata        0xb0815c14       0x2d pegasus_crt.a(udp_sock.o)

.txt            0xb0815c41       0xaa
 .txt           0xb0815c41       0x82 pegasus_crt.a(string.o)
                0xb0815c41                Memcpy2
                0xb0815c6f                Memset
                0xb0815c8e                Strcpy
                0xb0815ca8                Strlen
 .txt           0xb0815cc3       0x28 pegasus_crt.a(hd_rdwt.o)
                0xb0815cc3                read_port
                0xb0815cd7                write_port

.rodata1
 *(.rodata1)

.eh_frame_hdr
 *(.eh_frame_hdr)
 *(.eh_frame_entry .eh_frame_entry.*)

.eh_frame       0xb0815cec     0x42d8
 *(.eh_frame)
 .eh_frame      0xb0815cec       0x44 test.o
 .eh_frame      0xb0815d30      0x6cc pegasus_crt.a(kernel_main_old.o)
                                0x6e4 (size before relaxing)
 .eh_frame      0xb08163fc      0x100 pegasus_crt.a(protect.o)
                                0x118 (size before relaxing)
 .eh_frame      0xb08164fc      0x1e0 pegasus_crt.a(console.o)
                                0x1f8 (size before relaxing)
 .eh_frame      0xb08166dc       0xa0 pegasus_crt.a(keyboard.o)
                                 0xb8 (size before relaxing)
 .eh_frame      0xb081677c       0x80 pegasus_crt.a(process.o)
                                 0x98 (size before relaxing)
 .eh_frame      0xb08167fc       0x80 pegasus_crt.a(task_network.o)
                                 0x98 (size before relaxing)
 .eh_frame      0xb081687c      0x264 pegasus_crt.a(hd.o)
                                0x27c (size before relaxing)
 .eh_frame      0xb0816ae0      0x27c pegasus_crt.a(fs_main.o)
                                0x294 (size before relaxing)
 .eh_frame      0xb0816d5c       0x3c pegasus_crt.a(main.o)
                                 0x54 (size before relaxing)
 .eh_frame      0xb0816d98      0x364 pegasus_crt.a(mem.o)
                                0x37c (size before relaxing)
 .eh_frame      0xb08170fc       0x60 pegasus_crt.a(exec.o)
                                 0x78 (size before relaxing)
 .eh_frame      0xb081715c       0x20 pegasus_crt.a(fork.o)
                                 0x38 (size before relaxing)
 .eh_frame      0xb081717c       0x20 pegasus_crt.a(exit.o)
                                 0x38 (size before relaxing)
 .eh_frame      0xb081719c       0x20 pegasus_crt.a(wait.o)
                                 0x38 (size before relaxing)
 .eh_frame      0xb08171bc       0x20 pegasus_crt.a(strcmp.o)
                                 0x38 (size before relaxing)
 .eh_frame      0xb08171dc       0x20 pegasus_crt.a(read.o)
                                 0x38 (size before relaxing)
 .eh_frame      0xb08171fc       0x20 pegasus_crt.a(perror.o)
                                 0x38 (size before relaxing)
 .eh_frame      0xb081721c       0x20 pegasus_crt.a(open.o)
                                 0x38 (size before relaxing)
 .eh_frame      0xb081723c       0x20 pegasus_crt.a(write.o)
                                 0x38 (size before relaxing)
 .eh_frame      0xb081725c       0x20 pegasus_crt.a(close.o)
                                 0x38 (size before relaxing)
 .eh_frame      0xb081727c       0x40 pegasus_crt.a(inet_pton.o)
                                 0x58 (size before relaxing)
 .eh_frame      0xb08172bc       0x20 pegasus_crt.a(ntohl.o)
                                 0x38 (size before relaxing)
 .eh_frame      0xb08172dc       0xc0 pegasus_crt.a(double_link_list.o)
                                 0xd8 (size before relaxing)
 .eh_frame      0xb081739c      0x104 pegasus_crt.a(route.o)
                                0x11c (size before relaxing)
 .eh_frame      0xb08174a0      0x274 pegasus_crt.a(ipc.o)
                                0x28c (size before relaxing)
 .eh_frame      0xb0817714      0x230 pegasus_crt.a(netdev.o)
                                0x248 (size before relaxing)
 .eh_frame      0xb0817944       0xe4 pegasus_crt.a(utils.o)
                                 0xfc (size before relaxing)
 .eh_frame      0xb0817a28       0x80 pegasus_crt.a(forkexit.o)
                                 0x98 (size before relaxing)
 .eh_frame      0xb0817aa8       0x20 pegasus_crt.a(exec.o)
                                 0x38 (size before relaxing)
 .eh_frame      0xb0817ac8       0x20 pegasus_crt.a(alloca.o)
                                 0x38 (size before relaxing)
 .eh_frame      0xb0817ae8       0x20 pegasus_crt.a(calloc.o)
                                 0x38 (size before relaxing)
 .eh_frame      0xb0817b08       0x20 pegasus_crt.a(atoi.o)
                                 0x38 (size before relaxing)
 .eh_frame      0xb0817b28       0x20 pegasus_crt.a(strtok.o)
                                 0x38 (size before relaxing)
 .eh_frame      0xb0817b48       0x20 pegasus_crt.a(strpbrk.o)
                                 0x38 (size before relaxing)
 .eh_frame      0xb0817b68       0x20 pegasus_crt.a(sscanf.o)
                                 0x38 (size before relaxing)
 .eh_frame      0xb0817b88       0x20 pegasus_crt.a(ntohs.o)
                                 0x38 (size before relaxing)
 .eh_frame      0xb0817ba8       0x20 pegasus_crt.a(htons.o)
                                 0x38 (size before relaxing)
 .eh_frame      0xb0817bc8       0xe0 pegasus_crt.a(my_process.o)
                                 0xf8 (size before relaxing)
 .eh_frame      0xb0817ca8       0xe0 pegasus_crt.a(skbuff.o)
                                 0xf8 (size before relaxing)
 .eh_frame      0xb0817d88      0x2a0 pegasus_crt.a(socket.o)
                                0x2b8 (size before relaxing)
 .eh_frame      0xb0818028      0x144 pegasus_crt.a(ip_input.o)
                                0x15c (size before relaxing)
 .eh_frame      0xb081816c       0x80 pegasus_crt.a(icmpv4.o)
                                 0x98 (size before relaxing)
 .eh_frame      0xb08181ec      0x180 pegasus_crt.a(inet.o)
                                0x198 (size before relaxing)
 .eh_frame      0xb081836c      0x288 pegasus_crt.a(tcp.o)
                                0x2a0 (size before relaxing)
 .eh_frame      0xb08185f4      0x1a0 pegasus_crt.a(sock.o)
                                0x1b8 (size before relaxing)
 .eh_frame      0xb0818794      0x3e4 pegasus_crt.a(tcp_output.o)
                                0x3fc (size before relaxing)
 .eh_frame      0xb0818b78      0x220 pegasus_crt.a(arp.o)
                                0x238 (size before relaxing)
 .eh_frame      0xb0818d98      0x5a0 pegasus_crt.a(tcp_sock.o)
                                0x5b8 (size before relaxing)
 .eh_frame      0xb0819338       0x40 pegasus_crt.a(ip_output.o)
                                 0x58 (size before relaxing)
 .eh_frame      0xb0819378       0x60 pegasus_crt.a(dst.o)
                                 0x78 (size before relaxing)
 .eh_frame      0xb08193d8      0x324 pegasus_crt.a(tcp_input.o)
                                0x33c (size before relaxing)
 .eh_frame      0xb08196fc      0x1e4 pegasus_crt.a(udp.o)
                                0x1fc (size before relaxing)
 .eh_frame      0xb08198e0      0x220 pegasus_crt.a(tcp_data.o)
                                0x238 (size before relaxing)
 .eh_frame      0xb0819b00       0x20 pegasus_crt.a(strtol.o)
                                 0x38 (size before relaxing)
 .eh_frame      0xb0819b20       0x20 pegasus_crt.a(htonl.o)
                                 0x38 (size before relaxing)
 .eh_frame      0xb0819b40       0x80 pegasus_crt.a(thread.o)
                                 0x98 (size before relaxing)
 .eh_frame      0xb0819bc0      0x404 pegasus_crt.a(udp_sock.o)
                                0x41c (size before relaxing)
 *(.eh_frame.*)

.sframe
 *(.sframe)
 *(.sframe.*)

.gcc_except_table
 *(.gcc_except_table .gcc_except_table.*)

.gnu_extab
 *(.gnu_extab*)

.exception_ranges
 *(.exception_ranges*)
                0xb081a000                        . = DATA_SEGMENT_ALIGN (CONSTANT (MAXPAGESIZE), CONSTANT (COMMONPAGESIZE))

.eh_frame
 *(.eh_frame)
 *(.eh_frame.*)

.sframe
 *(.sframe)
 *(.sframe.*)

.gnu_extab
 *(.gnu_extab)

.gcc_except_table
 *(.gcc_except_table .gcc_except_table.*)

.exception_ranges
 *(.exception_ranges*)

.tdata          0xb081a000        0x0
                [!provide]                        PROVIDE (__tdata_start = .)
 *(.tdata .tdata.* .gnu.linkonce.td.*)

.tbss
 *(.tbss .tbss.* .gnu.linkonce.tb.*)
 *(.tcommon)

.preinit_array  0xb081a000        0x0
                [!provide]                        PROVIDE (__preinit_array_start = .)
 *(.preinit_array)
                [!provide]                        PROVIDE (__preinit_array_end = .)

.init_array     0xb081a000        0x0
                [!provide]                        PROVIDE (__init_array_start = .)
 *(SORT_BY_INIT_PRIORITY(.init_array.*) SORT_BY_INIT_PRIORITY(.ctors.*))
 *(.init_array EXCLUDE_FILE(*crtend?.o *crtend.o *crtbegin?.o *crtbegin.o) .ctors)
                [!provide]                        PROVIDE (__init_array_end = .)

.fini_array     0xb081a000        0x0
                [!provide]                        PROVIDE (__fini_array_start = .)
 *(SORT_BY_INIT_PRIORITY(.fini_array.*) SORT_BY_INIT_PRIORITY(.dtors.*))
 *(.fini_array EXCLUDE_FILE(*crtend?.o *crtend.o *crtbegin?.o *crtbegin.o) .dtors)
                [!provide]                        PROVIDE (__fini_array_end = .)

.ctors
 *crtbegin.o(.ctors)
 *crtbegin?.o(.ctors)
 *(EXCLUDE_FILE(*crtend?.o *crtend.o) .ctors)
 *(SORT_BY_NAME(.ctors.*))
 *(.ctors)

.dtors
 *crtbegin.o(.dtors)
 *crtbegin?.o(.dtors)
 *(EXCLUDE_FILE(*crtend?.o *crtend.o) .dtors)
 *(SORT_BY_NAME(.dtors.*))
 *(.dtors)

.jcr
 *(.jcr)

.data.rel.ro
 *(.data.rel.ro.local* .gnu.linkonce.d.rel.ro.local.*)
 *(.data.rel.ro .data.rel.ro.* .gnu.linkonce.d.rel.ro.*)

.dynamic
 *(.dynamic)

.got            0xb081a000        0x0
 *(.got)
 .got           0xb081a000        0x0 test.o
 *(.igot)
                0xb081a000                        . = DATA_SEGMENT_RELRO_END (., (SIZEOF (.got.plt) >= 0xc)?0xc:0x0)

.got.plt        0xb081a000        0x0
 *(.got.plt)
 .got.plt       0xb081a000        0x0 test.o
 *(.igot.plt)
 .igot.plt      0xb081a000        0x0 test.o

.data           0xb081a000      0xb94
 *(.data .data.* .gnu.linkonce.d.*)
 .data          0xb081a000        0x0 test.o
 .data          0xb081a000        0x0 pegasus_crt.a(kernel_main_old.o)
 .data          0xb081a000        0x0 pegasus_crt.a(protect.o)
 .data          0xb081a000        0x0 pegasus_crt.a(console.o)
 .data          0xb081a000      0x17c pegasus_crt.a(global.o)
                0xb081a000                user_task_table
                0xb081a080                sys_task_table
                0xb081a160                sys_call_table
 *fill*         0xb081a17c        0x4 
 .data          0xb081a180      0x600 pegasus_crt.a(keyboard.o)
                0xb081a180                keymap
 .data          0xb081a780        0x0 pegasus_crt.a(process.o)
 .data          0xb081a780        0x4 pegasus_crt.a(task_network.o)
 .data          0xb081a784        0x0 pegasus_crt.a(hd.o)
 .data          0xb081a784        0x0 pegasus_crt.a(fs_main.o)
 .data          0xb081a784        0x0 pegasus_crt.a(main.o)
 .data          0xb081a784        0x0 pegasus_crt.a(mem.o)
 .data          0xb081a784        0x0 pegasus_crt.a(exec.o)
 .data          0xb081a784        0x0 pegasus_crt.a(fork.o)
 .data          0xb081a784        0x0 pegasus_crt.a(exit.o)
 .data          0xb081a784        0x0 pegasus_crt.a(wait.o)
 .data          0xb081a784        0x0 pegasus_crt.a(strcmp.o)
 .data          0xb081a784        0x0 pegasus_crt.a(read.o)
 .data          0xb081a784        0x0 pegasus_crt.a(perror.o)
 .data          0xb081a784        0x0 pegasus_crt.a(open.o)
 .data          0xb081a784        0x0 pegasus_crt.a(write.o)
 .data          0xb081a784        0x0 pegasus_crt.a(close.o)
 .data          0xb081a784        0x0 pegasus_crt.a(inet_pton.o)
 .data          0xb081a784        0x0 pegasus_crt.a(ntohl.o)
 .data          0xb081a784        0xf pegasus_crt.a(kernel.o)
 *fill*         0xb081a793        0x1 
 .data          0xb081a794        0x0 pegasus_crt.a(syscall.o)
 .data          0xb081a794        0x0 pegasus_crt.a(double_link_list.o)
 .data          0xb081a794        0x4 pegasus_crt.a(route.o)
 .data          0xb081a798        0xc pegasus_crt.a(ipc.o)
 .data          0xb081a7a4        0x4 pegasus_crt.a(netdev.o)
 .data          0xb081a7a8        0x4 pegasus_crt.a(utils.o)
 .data          0xb081a7ac        0x0 pegasus_crt.a(forkexit.o)
 .data          0xb081a7ac        0x0 pegasus_crt.a(exec.o)
 .data          0xb081a7ac        0x0 pegasus_crt.a(alloca.o)
 .data          0xb081a7ac        0x0 pegasus_crt.a(calloc.o)
 .data          0xb081a7ac        0x0 pegasus_crt.a(atoi.o)
 .data          0xb081a7ac        0x0 pegasus_crt.a(strtok.o)
 .data          0xb081a7ac        0x0 pegasus_crt.a(strpbrk.o)
 .data          0xb081a7ac        0x0 pegasus_crt.a(sscanf.o)
 .data          0xb081a7ac        0x0 pegasus_crt.a(ntohs.o)
 .data          0xb081a7ac        0x0 pegasus_crt.a(htons.o)
 .data          0xb081a7ac        0x0 pegasus_crt.a(my_process.o)
 .data          0xb081a7ac        0x4 pegasus_crt.a(skbuff.o)
 *fill*         0xb081a7b0       0x10 
 .data          0xb081a7c0      0x224 pegasus_crt.a(socket.o)
 .data          0xb081a9e4        0x4 pegasus_crt.a(ip_input.o)
 .data          0xb081a9e8        0x4 pegasus_crt.a(icmpv4.o)
 *fill*         0xb081a9ec       0x14 
 .data          0xb081aa00       0x80 pegasus_crt.a(inet.o)
                0xb081aa08                inet
 .data          0xb081aa80        0x8 pegasus_crt.a(tcp.o)
 .data          0xb081aa88        0x4 pegasus_crt.a(sock.o)
 .data          0xb081aa8c        0x4 pegasus_crt.a(tcp_output.o)
 .data          0xb081aa90       0x14 pegasus_crt.a(arp.o)
 *fill*         0xb081aaa4       0x1c 
 .data          0xb081aac0       0x54 pegasus_crt.a(tcp_sock.o)
                0xb081aae0                tcp_ops
 .data          0xb081ab14        0x4 pegasus_crt.a(ip_output.o)
 .data          0xb081ab18        0x4 pegasus_crt.a(dst.o)
 .data          0xb081ab1c        0x4 pegasus_crt.a(tcp_input.o)
 .data          0xb081ab20        0x8 pegasus_crt.a(udp.o)
 .data          0xb081ab28        0x4 pegasus_crt.a(tcp_data.o)
 .data          0xb081ab2c        0x0 pegasus_crt.a(strtol.o)
 .data          0xb081ab2c        0x0 pegasus_crt.a(htonl.o)
 .data          0xb081ab2c        0x0 pegasus_crt.a(thread.o)
 *fill*         0xb081ab2c       0x14 
 .data          0xb081ab40       0x54 pegasus_crt.a(udp_sock.o)
                0xb081ab60                udp_ops

.data1
 *(.data1)
                0xb081ab94                        _edata = .
                [!provide]                        PROVIDE (edata = .)
                0xb081ab94                        . = .
                0xb081ab94                        __bss_start = .

.bss            0xb081aba0    0xa50a8
 *(.dynbss)
 *(.bss .bss.* .gnu.linkonce.b.*)
 .bss           0xb081aba0        0x0 test.o
 .bss           0xb081aba0        0x0 pegasus_crt.a(kernel_main_old.o)
 .bss           0xb081aba0        0x0 pegasus_crt.a(protect.o)
 .bss           0xb081aba0        0x0 pegasus_crt.a(console.o)
 .bss           0xb081aba0        0x0 pegasus_crt.a(global.o)
 .bss           0xb081aba0        0x0 pegasus_crt.a(keyboard.o)
 .bss           0xb081aba0        0x0 pegasus_crt.a(process.o)
 .bss           0xb081aba0        0x0 pegasus_crt.a(task_network.o)
 .bss           0xb081aba0        0x0 pegasus_crt.a(hd.o)
 .bss           0xb081aba0        0x4 pegasus_crt.a(fs_main.o)
                0xb081aba0                c
 .bss           0xb081aba4        0x0 pegasus_crt.a(main.o)
 .bss           0xb081aba4        0x0 pegasus_crt.a(mem.o)
 .bss           0xb081aba4        0x0 pegasus_crt.a(exec.o)
 .bss           0xb081aba4        0x0 pegasus_crt.a(fork.o)
 .bss           0xb081aba4        0x0 pegasus_crt.a(exit.o)
 .bss           0xb081aba4        0x0 pegasus_crt.a(wait.o)
 .bss           0xb081aba4        0x0 pegasus_crt.a(strcmp.o)
 .bss           0xb081aba4        0x0 pegasus_crt.a(read.o)
 .bss           0xb081aba4        0x0 pegasus_crt.a(perror.o)
 .bss           0xb081aba4        0x0 pegasus_crt.a(open.o)
 .bss           0xb081aba4        0x0 pegasus_crt.a(write.o)
 .bss           0xb081aba4        0x0 pegasus_crt.a(close.o)
 .bss           0xb081aba4        0x0 pegasus_crt.a(inet_pton.o)
 .bss           0xb081aba4        0x0 pegasus_crt.a(ntohl.o)
 .bss           0xb081aba4      0x800 pegasus_crt.a(kernel.o)
 .bss           0xb081b3a4        0x0 pegasus_crt.a(double_link_list.o)
 .bss           0xb081b3a4        0x0 pegasus_crt.a(route.o)
 .bss           0xb081b3a4        0x4 pegasus_crt.a(ipc.o)
 .bss           0xb081b3a8        0x0 pegasus_crt.a(netdev.o)
 .bss           0xb081b3a8        0x0 pegasus_crt.a(utils.o)
 .bss           0xb081b3a8        0x0 pegasus_crt.a(forkexit.o)
 .bss           0xb081b3a8        0x0 pegasus_crt.a(exec.o)
 .bss           0xb081b3a8        0x0 pegasus_crt.a(alloca.o)
 .bss           0xb081b3a8        0x0 pegasus_crt.a(calloc.o)
 .bss           0xb081b3a8        0x0 pegasus_crt.a(atoi.o)
 .bss           0xb081b3a8        0x4 pegasus_crt.a(strtok.o)
 .bss           0xb081b3ac        0x0 pegasus_crt.a(strpbrk.o)
 .bss           0xb081b3ac        0x0 pegasus_crt.a(sscanf.o)
 .bss           0xb081b3ac        0x0 pegasus_crt.a(ntohs.o)
 .bss           0xb081b3ac        0x0 pegasus_crt.a(htons.o)
 .bss           0xb081b3ac        0x0 pegasus_crt.a(my_process.o)
 .bss           0xb081b3ac        0x0 pegasus_crt.a(skbuff.o)
 .bss           0xb081b3ac        0x4 pegasus_crt.a(socket.o)
 .bss           0xb081b3b0        0x0 pegasus_crt.a(ip_input.o)
 .bss           0xb081b3b0        0x0 pegasus_crt.a(icmpv4.o)
 .bss           0xb081b3b0        0x0 pegasus_crt.a(inet.o)
 .bss           0xb081b3b0        0x0 pegasus_crt.a(tcp.o)
 .bss           0xb081b3b0        0x0 pegasus_crt.a(sock.o)
 .bss           0xb081b3b0        0x0 pegasus_crt.a(tcp_output.o)
 .bss           0xb081b3b0        0x0 pegasus_crt.a(arp.o)
 .bss           0xb081b3b0        0x0 pegasus_crt.a(tcp_sock.o)
 .bss           0xb081b3b0        0x0 pegasus_crt.a(ip_output.o)
 .bss           0xb081b3b0        0x0 pegasus_crt.a(dst.o)
 .bss           0xb081b3b0        0x0 pegasus_crt.a(tcp_input.o)
 .bss           0xb081b3b0        0x0 pegasus_crt.a(udp.o)
 .bss           0xb081b3b0        0x0 pegasus_crt.a(tcp_data.o)
 .bss           0xb081b3b0        0x0 pegasus_crt.a(strtol.o)
 .bss           0xb081b3b0        0x0 pegasus_crt.a(htonl.o)
 .bss           0xb081b3b0        0x0 pegasus_crt.a(thread.o)
 .bss           0xb081b3b0        0x4 pegasus_crt.a(udp_sock.o)
 *(COMMON)
 *fill*         0xb081b3b4        0xc 
 COMMON         0xb081b3c0     0x17dc pegasus_crt.a(kernel_main_old.o)
                0xb081b3c0                current_tty
                0xb081b3c4                is_e0
                0xb081b3c8                idt_ptr
                0xb081b3d0                pid
                0xb081b3d4                KernelVirtualMemory
                0xb081b3e0                loop
                0xb081b3e4                current_dis_pos
                0xb081b3e8                dis_pos
                0xb081b3ec                netdev
                0xb081b3f0                k_reenter
                0xb081b400                gdt
                0xb081b800                proc_ready_table
                0xb081b804                test_ticks
                0xb081b808                pcaller
                0xb081b820                keyboard_buffer
                0xb081ba2c                pcb_list
                0xb081ba3c                gdt_index
                0xb081ba40                tty_table
                0xb081c280                tss
                0xb081c2ec                KernelPool
                0xb081c2fc                net_buf
                0xb081c300                nic_current_page
                0xb081c304                counter
                0xb081c308                key_pressed
                0xb081c30c                fork_pid
                0xb081c310                is_shift
                0xb081c311                net_data
                0xb081c314                tcp_connecting_or_listening_socks
                0xb081c318                routes
                0xb081c31c                gdt_ptr
                0xb081c340                idt
                0xb081cb40                main_thread
                0xb081cb48                ticks
                0xb081cb50                is_init
                0xb081cb54                UserPool
                0xb081cb64                tcp_establised_or_syn_recvd_socks
                0xb081cb68                all_pcb_list
                0xb081cb78                console_table
                0xb081cb88                is_disp
                0xb081cb8c                MAIN_THREAD_PAGE_DIRECTORY
                0xb081cb90                helloStr
 *fill*         0xb081cb9c        0x4 
 COMMON         0xb081cba0    0xa1d40 pegasus_crt.a(global.o)
                0xb081cba0                proc_stack
                0xb08bcba0                proc_table
 COMMON         0xb08be8e0      0x440 pegasus_crt.a(hd.o)
                0xb08be8e0                hd_info
                0xb08beb20                hd_cache
 COMMON         0xb08bed20      0xe68 pegasus_crt.a(fs_main.o)
                0xb08bed20                file_desc_table
                0xb08bf120                phy_super_block_buf
                0xb08bf124                phy_fsbuf
                0xb08bf140                inode_table
                0xb08bfb40                super_block_buf
                0xb08bfb44                fsbuf
                0xb08bfb60                root
 *fill*         0xb08bfb88       0x18 
 COMMON         0xb08bfba0       0xa8 pegasus_crt.a(mem.o)
                0xb08bfba0                kernel_mem_block_decs_array
                0xb08bfc48                        . = ALIGN ((. != 0x0)?0x4:0x1)
                0xb08bfc48                        . = ALIGN (0x4)
                0xb08bfc48                        . = SEGMENT_START ("ldata-segment", .)
                0xb08bfc48                        . = ALIGN (0x4)
                0xb08bfc48                        _end = .
                [!provide]                        PROVIDE (end = .)
                0xb08bfc48                        . = DATA_SEGMENT_END (.)

.stab
 *(.stab)

.stabstr
 *(.stabstr)

.stab.excl
 *(.stab.excl)

.stab.exclstr
 *(.stab.exclstr)

.stab.index
 *(.stab.index)

.stab.indexstr
 *(.stab.indexstr)

.comment        0x00000000       0x2c
 *(.comment)
 .comment       0x00000000       0x2c test.o
                                 0x2d (size before relaxing)
 .comment       0x0000002c       0x2d pegasus_crt.a(kernel_main_old.o)
 .comment       0x0000002c       0x2d pegasus_crt.a(protect.o)
 .comment       0x0000002c       0x2d pegasus_crt.a(console.o)
 .comment       0x0000002c       0x2d pegasus_crt.a(global.o)
 .comment       0x0000002c       0x2d pegasus_crt.a(keyboard.o)
 .comment       0x0000002c       0x2d pegasus_crt.a(process.o)
 .comment       0x0000002c       0x2d pegasus_crt.a(task_network.o)
 .comment       0x0000002c       0x2d pegasus_crt.a(hd.o)
 .comment       0x0000002c       0x2d pegasus_crt.a(fs_main.o)
 .comment       0x0000002c       0x2d pegasus_crt.a(main.o)
 .comment       0x0000002c       0x2d pegasus_crt.a(mem.o)
 .comment       0x0000002c       0x2d pegasus_crt.a(exec.o)
 .comment       0x0000002c       0x2d pegasus_crt.a(fork.o)
 .comment       0x0000002c       0x2d pegasus_crt.a(exit.o)
 .comment       0x0000002c       0x2d pegasus_crt.a(wait.o)
 .comment       0x0000002c       0x2d pegasus_crt.a(strcmp.o)
 .comment       0x0000002c       0x2d pegasus_crt.a(read.o)
 .comment       0x0000002c       0x2d pegasus_crt.a(perror.o)
 .comment       0x0000002c       0x2d pegasus_crt.a(open.o)
 .comment       0x0000002c       0x2d pegasus_crt.a(write.o)
 .comment       0x0000002c       0x2d pegasus_crt.a(close.o)
 .comment       0x0000002c       0x2d pegasus_crt.a(inet_pton.o)
 .comment       0x0000002c       0x2d pegasus_crt.a(ntohl.o)
 .comment       0x0000002c       0x2d pegasus_crt.a(double_link_list.o)
 .comment       0x0000002c       0x2d pegasus_crt.a(route.o)
 .comment       0x0000002c       0x2d pegasus_crt.a(ipc.o)
 .comment       0x0000002c       0x2d pegasus_crt.a(netdev.o)
 .comment       0x0000002c       0x2d pegasus_crt.a(utils.o)
 .comment       0x0000002c       0x2d pegasus_crt.a(forkexit.o)
 .comment       0x0000002c       0x2d pegasus_crt.a(exec.o)
 .comment       0x0000002c       0x2d pegasus_crt.a(alloca.o)
 .comment       0x0000002c       0x2d pegasus_crt.a(calloc.o)
 .comment       0x0000002c       0x2d pegasus_crt.a(atoi.o)
 .comment       0x0000002c       0x2d pegasus_crt.a(strtok.o)
 .comment       0x0000002c       0x2d pegasus_crt.a(strpbrk.o)
 .comment       0x0000002c       0x2d pegasus_crt.a(sscanf.o)
 .comment       0x0000002c       0x2d pegasus_crt.a(ntohs.o)
 .comment       0x0000002c       0x2d pegasus_crt.a(htons.o)
 .comment       0x0000002c       0x2d pegasus_crt.a(my_process.o)
 .comment       0x0000002c       0x2d pegasus_crt.a(skbuff.o)
 .comment       0x0000002c       0x2d pegasus_crt.a(socket.o)
 .comment       0x0000002c       0x2d pegasus_crt.a(ip_input.o)
 .comment       0x0000002c       0x2d pegasus_crt.a(icmpv4.o)
 .comment       0x0000002c       0x2d pegasus_crt.a(inet.o)
 .comment       0x0000002c       0x2d pegasus_crt.a(tcp.o)
 .comment       0x0000002c       0x2d pegasus_crt.a(sock.o)
 .comment       0x0000002c       0x2d pegasus_crt.a(tcp_output.o)
 .comment       0x0000002c       0x2d pegasus_crt.a(arp.o)
 .comment       0x0000002c       0x2d pegasus_crt.a(tcp_sock.o)
 .comment       0x0000002c       0x2d pegasus_crt.a(ip_output.o)
 .comment       0x0000002c       0x2d pegasus_crt.a(dst.o)
 .comment       0x0000002c       0x2d pegasus_crt.a(tcp_input.o)
 .comment       0x0000002c       0x2d pegasus_crt.a(udp.o)
 .comment       0x0000002c       0x2d pegasus_crt.a(tcp_data.o)
 .comment       0x0000002c       0x2d pegasus_crt.a(strtol.o)
 .comment       0x0000002c       0x2d pegasus_crt.a(htonl.o)
 .comment       0x0000002c       0x2d pegasus_crt.a(thread.o)
 .comment       0x0000002c       0x2d pegasus_crt.a(udp_sock.o)

.gnu.build.attributes
 *(.gnu.build.attributes .gnu.build.attributes.*)

.debug
 *(.debug)

.line
 *(.line)

.debug_srcinfo
 *(.debug_srcinfo)

.debug_sfnames
 *(.debug_sfnames)

.debug_aranges  0x00000000      0x738
 *(.debug_aranges)
 .debug_aranges
                0x00000000       0x20 pegasus_crt.a(kernel_main_old.o)
 .debug_aranges
                0x00000020       0x20 pegasus_crt.a(protect.o)
 .debug_aranges
                0x00000040       0x20 pegasus_crt.a(console.o)
 .debug_aranges
                0x00000060       0x18 pegasus_crt.a(global.o)
 .debug_aranges
                0x00000078       0x20 pegasus_crt.a(keyboard.o)
 .debug_aranges
                0x00000098       0x20 pegasus_crt.a(process.o)
 .debug_aranges
                0x000000b8       0x20 pegasus_crt.a(task_network.o)
 .debug_aranges
                0x000000d8       0x20 pegasus_crt.a(hd.o)
 .debug_aranges
                0x000000f8       0x20 pegasus_crt.a(fs_main.o)
 .debug_aranges
                0x00000118       0x20 pegasus_crt.a(main.o)
 .debug_aranges
                0x00000138       0x20 pegasus_crt.a(mem.o)
 .debug_aranges
                0x00000158       0x20 pegasus_crt.a(exec.o)
 .debug_aranges
                0x00000178       0x20 pegasus_crt.a(fork.o)
 .debug_aranges
                0x00000198       0x20 pegasus_crt.a(exit.o)
 .debug_aranges
                0x000001b8       0x20 pegasus_crt.a(wait.o)
 .debug_aranges
                0x000001d8       0x20 pegasus_crt.a(strcmp.o)
 .debug_aranges
                0x000001f8       0x20 pegasus_crt.a(read.o)
 .debug_aranges
                0x00000218       0x20 pegasus_crt.a(perror.o)
 .debug_aranges
                0x00000238       0x20 pegasus_crt.a(open.o)
 .debug_aranges
                0x00000258       0x20 pegasus_crt.a(write.o)
 .debug_aranges
                0x00000278       0x20 pegasus_crt.a(close.o)
 .debug_aranges
                0x00000298       0x20 pegasus_crt.a(inet_pton.o)
 .debug_aranges
                0x000002b8       0x20 pegasus_crt.a(ntohl.o)
 .debug_aranges
                0x000002d8       0x20 pegasus_crt.a(double_link_list.o)
 .debug_aranges
                0x000002f8       0x20 pegasus_crt.a(route.o)
 .debug_aranges
                0x00000318       0x20 pegasus_crt.a(ipc.o)
 .debug_aranges
                0x00000338       0x20 pegasus_crt.a(netdev.o)
 .debug_aranges
                0x00000358       0x20 pegasus_crt.a(utils.o)
 .debug_aranges
                0x00000378       0x20 pegasus_crt.a(forkexit.o)
 .debug_aranges
                0x00000398       0x20 pegasus_crt.a(exec.o)
 .debug_aranges
                0x000003b8       0x20 pegasus_crt.a(alloca.o)
 .debug_aranges
                0x000003d8       0x20 pegasus_crt.a(calloc.o)
 .debug_aranges
                0x000003f8       0x20 pegasus_crt.a(atoi.o)
 .debug_aranges
                0x00000418       0x20 pegasus_crt.a(strtok.o)
 .debug_aranges
                0x00000438       0x20 pegasus_crt.a(strpbrk.o)
 .debug_aranges
                0x00000458       0x20 pegasus_crt.a(sscanf.o)
 .debug_aranges
                0x00000478       0x20 pegasus_crt.a(ntohs.o)
 .debug_aranges
                0x00000498       0x20 pegasus_crt.a(htons.o)
 .debug_aranges
                0x000004b8       0x20 pegasus_crt.a(my_process.o)
 .debug_aranges
                0x000004d8       0x20 pegasus_crt.a(skbuff.o)
 .debug_aranges
                0x000004f8       0x20 pegasus_crt.a(socket.o)
 .debug_aranges
                0x00000518       0x20 pegasus_crt.a(ip_input.o)
 .debug_aranges
                0x00000538       0x20 pegasus_crt.a(icmpv4.o)
 .debug_aranges
                0x00000558       0x20 pegasus_crt.a(inet.o)
 .debug_aranges
                0x00000578       0x20 pegasus_crt.a(tcp.o)
 .debug_aranges
                0x00000598       0x20 pegasus_crt.a(sock.o)
 .debug_aranges
                0x000005b8       0x20 pegasus_crt.a(tcp_output.o)
 .debug_aranges
                0x000005d8       0x20 pegasus_crt.a(arp.o)
 .debug_aranges
                0x000005f8       0x20 pegasus_crt.a(tcp_sock.o)
 .debug_aranges
                0x00000618       0x20 pegasus_crt.a(ip_output.o)
 .debug_aranges
                0x00000638       0x20 pegasus_crt.a(dst.o)
 .debug_aranges
                0x00000658       0x20 pegasus_crt.a(tcp_input.o)
 .debug_aranges
                0x00000678       0x20 pegasus_crt.a(udp.o)
 .debug_aranges
                0x00000698       0x20 pegasus_crt.a(tcp_data.o)
 .debug_aranges
                0x000006b8       0x20 pegasus_crt.a(strtol.o)
 .debug_aranges
                0x000006d8       0x20 pegasus_crt.a(htonl.o)
 .debug_aranges
                0x000006f8       0x20 pegasus_crt.a(thread.o)
 .debug_aranges
                0x00000718       0x20 pegasus_crt.a(udp_sock.o)

.debug_pubnames
 *(.debug_pubnames)

.debug_info     0x00000000    0x3f15a
 *(.debug_info .gnu.linkonce.wi.*)
 .debug_info    0x00000000     0x28ee pegasus_crt.a(kernel_main_old.o)
 .debug_info    0x000028ee     0x1248 pegasus_crt.a(protect.o)
 .debug_info    0x00003b36     0x131d pegasus_crt.a(console.o)
 .debug_info    0x00004e53      0xf1d pegasus_crt.a(global.o)
 .debug_info    0x00005d70     0x1071 pegasus_crt.a(keyboard.o)
 .debug_info    0x00006de1      0xff5 pegasus_crt.a(process.o)
 .debug_info    0x00007dd6     0x115e pegasus_crt.a(task_network.o)
 .debug_info    0x00008f34     0x188c pegasus_crt.a(hd.o)
 .debug_info    0x0000a7c0     0x1fce pegasus_crt.a(fs_main.o)
 .debug_info    0x0000c78e      0xe5f pegasus_crt.a(main.o)
 .debug_info    0x0000d5ed     0x1df1 pegasus_crt.a(mem.o)
 .debug_info    0x0000f3de      0xfd3 pegasus_crt.a(exec.o)
 .debug_info    0x000103b1      0xe3b pegasus_crt.a(fork.o)
 .debug_info    0x000111ec      0xe46 pegasus_crt.a(exit.o)
 .debug_info    0x00012032      0xe54 pegasus_crt.a(wait.o)
 .debug_info    0x00012e86       0xc1 pegasus_crt.a(strcmp.o)
 .debug_info    0x00012f47      0xea1 pegasus_crt.a(read.o)
 .debug_info    0x00013de8       0x5c pegasus_crt.a(perror.o)
 .debug_info    0x00013e44      0xe02 pegasus_crt.a(open.o)
 .debug_info    0x00014c46      0xe9e pegasus_crt.a(write.o)
 .debug_info    0x00015ae4      0xdb6 pegasus_crt.a(close.o)
 .debug_info    0x0001689a      0x260 pegasus_crt.a(inet_pton.o)
 .debug_info    0x00016afa       0xcb pegasus_crt.a(ntohl.o)
 .debug_info    0x00016bc5     0x10d5 pegasus_crt.a(double_link_list.o)
 .debug_info    0x00017c9a     0x13b4 pegasus_crt.a(route.o)
 .debug_info    0x0001904e     0x1e6e pegasus_crt.a(ipc.o)
 .debug_info    0x0001aebc     0x1976 pegasus_crt.a(netdev.o)
 .debug_info    0x0001c832      0x367 pegasus_crt.a(utils.o)
 .debug_info    0x0001cb99     0x1031 pegasus_crt.a(forkexit.o)
 .debug_info    0x0001dbca     0x126d pegasus_crt.a(exec.o)
 .debug_info    0x0001ee37       0xb6 pegasus_crt.a(alloca.o)
 .debug_info    0x0001eeed      0xf4c pegasus_crt.a(calloc.o)
 .debug_info    0x0001fe39       0xc9 pegasus_crt.a(atoi.o)
 .debug_info    0x0001ff02       0xae pegasus_crt.a(strtok.o)
 .debug_info    0x0001ffb0       0xcf pegasus_crt.a(strpbrk.o)
 .debug_info    0x0002007f      0x202 pegasus_crt.a(sscanf.o)
 .debug_info    0x00020281       0xa8 pegasus_crt.a(ntohs.o)
 .debug_info    0x00020329       0xa8 pegasus_crt.a(htons.o)
 .debug_info    0x000203d1     0x1530 pegasus_crt.a(my_process.o)
 .debug_info    0x00021901     0x11f0 pegasus_crt.a(skbuff.o)
 .debug_info    0x00022af1     0x1c59 pegasus_crt.a(socket.o)
 .debug_info    0x0002474a     0x1cde pegasus_crt.a(ip_input.o)
 .debug_info    0x00026428     0x1963 pegasus_crt.a(icmpv4.o)
 .debug_info    0x00027d8b     0x1abe pegasus_crt.a(inet.o)
 .debug_info    0x00029849     0x1ebf pegasus_crt.a(tcp.o)
 .debug_info    0x0002b708     0x18ba pegasus_crt.a(sock.o)
 .debug_info    0x0002cfc2     0x2793 pegasus_crt.a(tcp_output.o)
 .debug_info    0x0002f755     0x19da pegasus_crt.a(arp.o)
 .debug_info    0x0003112f     0x28a0 pegasus_crt.a(tcp_sock.o)
 .debug_info    0x000339cf     0x179f pegasus_crt.a(ip_output.o)
 .debug_info    0x0003516e     0x12c6 pegasus_crt.a(dst.o)
 .debug_info    0x00036434     0x21c2 pegasus_crt.a(tcp_input.o)
 .debug_info    0x000385f6     0x1b68 pegasus_crt.a(udp.o)
 .debug_info    0x0003a15e     0x1e28 pegasus_crt.a(tcp_data.o)
 .debug_info    0x0003bf86       0xd6 pegasus_crt.a(strtol.o)
 .debug_info    0x0003c05c       0xcb pegasus_crt.a(htonl.o)
 .debug_info    0x0003c127     0x10fc pegasus_crt.a(thread.o)
 .debug_info    0x0003d223     0x1f37 pegasus_crt.a(udp_sock.o)

.debug_abbrev   0x00000000     0x7597
 *(.debug_abbrev)
 .debug_abbrev  0x00000000      0x43a pegasus_crt.a(kernel_main_old.o)
 .debug_abbrev  0x0000043a      0x227 pegasus_crt.a(protect.o)
 .debug_abbrev  0x00000661      0x2ac pegasus_crt.a(console.o)
 .debug_abbrev  0x0000090d      0x157 pegasus_crt.a(global.o)
 .debug_abbrev  0x00000a64      0x1fb pegasus_crt.a(keyboard.o)
 .debug_abbrev  0x00000c5f      0x1e0 pegasus_crt.a(process.o)
 .debug_abbrev  0x00000e3f      0x1cf pegasus_crt.a(task_network.o)
 .debug_abbrev  0x0000100e      0x2e3 pegasus_crt.a(hd.o)
 .debug_abbrev  0x000012f1      0x2f8 pegasus_crt.a(fs_main.o)
 .debug_abbrev  0x000015e9      0x208 pegasus_crt.a(main.o)
 .debug_abbrev  0x000017f1      0x330 pegasus_crt.a(mem.o)
 .debug_abbrev  0x00001b21      0x1e8 pegasus_crt.a(exec.o)
 .debug_abbrev  0x00001d09      0x18a pegasus_crt.a(fork.o)
 .debug_abbrev  0x00001e93      0x19b pegasus_crt.a(exit.o)
 .debug_abbrev  0x0000202e      0x19f pegasus_crt.a(wait.o)
 .debug_abbrev  0x000021cd       0x94 pegasus_crt.a(strcmp.o)
 .debug_abbrev  0x00002261      0x1ef pegasus_crt.a(read.o)
 .debug_abbrev  0x00002450       0x5c pegasus_crt.a(perror.o)
 .debug_abbrev  0x000024ac      0x1c5 pegasus_crt.a(open.o)
 .debug_abbrev  0x00002671      0x1db pegasus_crt.a(write.o)
 .debug_abbrev  0x0000284c      0x19d pegasus_crt.a(close.o)
 .debug_abbrev  0x000029e9      0x116 pegasus_crt.a(inet_pton.o)
 .debug_abbrev  0x00002aff       0xa5 pegasus_crt.a(ntohl.o)
 .debug_abbrev  0x00002ba4      0x216 pegasus_crt.a(double_link_list.o)
 .debug_abbrev  0x00002dba      0x263 pegasus_crt.a(route.o)
 .debug_abbrev  0x0000301d      0x311 pegasus_crt.a(ipc.o)
 .debug_abbrev  0x0000332e      0x325 pegasus_crt.a(netdev.o)
 .debug_abbrev  0x00003653      0x17a pegasus_crt.a(utils.o)
 .debug_abbrev  0x000037cd      0x204 pegasus_crt.a(forkexit.o)
 .debug_abbrev  0x000039d1      0x1c4 pegasus_crt.a(exec.o)
 .debug_abbrev  0x00003b95       0xcd pegasus_crt.a(alloca.o)
 .debug_abbrev  0x00003c62      0x191 pegasus_crt.a(calloc.o)
 .debug_abbrev  0x00003df3       0x94 pegasus_crt.a(atoi.o)
 .debug_abbrev  0x00003e87       0x91 pegasus_crt.a(strtok.o)
 .debug_abbrev  0x00003f18       0xa5 pegasus_crt.a(strpbrk.o)
 .debug_abbrev  0x00003fbd       0xca pegasus_crt.a(sscanf.o)
 .debug_abbrev  0x00004087       0x6c pegasus_crt.a(ntohs.o)
 .debug_abbrev  0x000040f3       0x6c pegasus_crt.a(htons.o)
 .debug_abbrev  0x0000415f      0x260 pegasus_crt.a(my_process.o)
 .debug_abbrev  0x000043bf      0x23f pegasus_crt.a(skbuff.o)
 .debug_abbrev  0x000045fe      0x327 pegasus_crt.a(socket.o)
 .debug_abbrev  0x00004925      0x2d1 pegasus_crt.a(ip_input.o)
 .debug_abbrev  0x00004bf6      0x236 pegasus_crt.a(icmpv4.o)
 .debug_abbrev  0x00004e2c      0x24b pegasus_crt.a(inet.o)
 .debug_abbrev  0x00005077      0x332 pegasus_crt.a(tcp.o)
 .debug_abbrev  0x000053a9      0x273 pegasus_crt.a(sock.o)
 .debug_abbrev  0x0000561c      0x3bf pegasus_crt.a(tcp_output.o)
 .debug_abbrev  0x000059db      0x345 pegasus_crt.a(arp.o)
 .debug_abbrev  0x00005d20      0x44e pegasus_crt.a(tcp_sock.o)
 .debug_abbrev  0x0000616e      0x213 pegasus_crt.a(ip_output.o)
 .debug_abbrev  0x00006381      0x245 pegasus_crt.a(dst.o)
 .debug_abbrev  0x000065c6      0x355 pegasus_crt.a(tcp_input.o)
 .debug_abbrev  0x0000691b      0x2d3 pegasus_crt.a(udp.o)
 .debug_abbrev  0x00006bee      0x2a6 pegasus_crt.a(tcp_data.o)
 .debug_abbrev  0x00006e94       0x8b pegasus_crt.a(strtol.o)
 .debug_abbrev  0x00006f1f       0xa5 pegasus_crt.a(htonl.o)
 .debug_abbrev  0x00006fc4      0x222 pegasus_crt.a(thread.o)
 .debug_abbrev  0x000071e6      0x3b1 pegasus_crt.a(udp_sock.o)

.debug_line     0x00000000     0xa159
 *(.debug_line .debug_line.* .debug_line_end)
 .debug_line    0x00000000      0xe38 pegasus_crt.a(kernel_main_old.o)
 .debug_line    0x00000e38      0x21d pegasus_crt.a(protect.o)
 .debug_line    0x00001055      0x56c pegasus_crt.a(console.o)
 .debug_line    0x000015c1       0xb3 pegasus_crt.a(global.o)
 .debug_line    0x00001674      0x2b4 pegasus_crt.a(keyboard.o)
 .debug_line    0x00001928      0x1dc pegasus_crt.a(process.o)
 .debug_line    0x00001b04      0x22d pegasus_crt.a(task_network.o)
 .debug_line    0x00001d31      0x64d pegasus_crt.a(hd.o)
 .debug_line    0x0000237e      0xc43 pegasus_crt.a(fs_main.o)
 .debug_line    0x00002fc1      0x10a pegasus_crt.a(main.o)
 .debug_line    0x000030cb      0x78e pegasus_crt.a(mem.o)
 .debug_line    0x00003859      0x1a9 pegasus_crt.a(exec.o)
 .debug_line    0x00003a02       0xc3 pegasus_crt.a(fork.o)
 .debug_line    0x00003ac5       0xbe pegasus_crt.a(exit.o)
 .debug_line    0x00003b83       0xd5 pegasus_crt.a(wait.o)
 .debug_line    0x00003c58       0x9c pegasus_crt.a(strcmp.o)
 .debug_line    0x00003cf4      0x15b pegasus_crt.a(read.o)
 .debug_line    0x00003e4f       0x48 pegasus_crt.a(perror.o)
 .debug_line    0x00003e97       0xc3 pegasus_crt.a(open.o)
 .debug_line    0x00003f5a       0xe0 pegasus_crt.a(write.o)
 .debug_line    0x0000403a       0xb3 pegasus_crt.a(close.o)
 .debug_line    0x000040ed      0x167 pegasus_crt.a(inet_pton.o)
 .debug_line    0x00004254       0xc1 pegasus_crt.a(ntohl.o)
 .debug_line    0x00004315      0x235 pegasus_crt.a(double_link_list.o)
 .debug_line    0x0000454a      0x2aa pegasus_crt.a(route.o)
 .debug_line    0x000047f4      0x627 pegasus_crt.a(ipc.o)
 .debug_line    0x00004e1b      0x4b3 pegasus_crt.a(netdev.o)
 .debug_line    0x000052ce      0x13c pegasus_crt.a(utils.o)
 .debug_line    0x0000540a      0x192 pegasus_crt.a(forkexit.o)
 .debug_line    0x0000559c      0x22a pegasus_crt.a(exec.o)
 .debug_line    0x000057c6       0x5f pegasus_crt.a(alloca.o)
 .debug_line    0x00005825       0xf9 pegasus_crt.a(calloc.o)
 .debug_line    0x0000591e       0xad pegasus_crt.a(atoi.o)
 .debug_line    0x000059cb       0x6e pegasus_crt.a(strtok.o)
 .debug_line    0x00005a39       0xb0 pegasus_crt.a(strpbrk.o)
 .debug_line    0x00005ae9      0x220 pegasus_crt.a(sscanf.o)
 .debug_line    0x00005d09       0x6c pegasus_crt.a(ntohs.o)
 .debug_line    0x00005d75       0x6c pegasus_crt.a(htons.o)
 .debug_line    0x00005de1      0x359 pegasus_crt.a(my_process.o)
 .debug_line    0x0000613a      0x1ab pegasus_crt.a(skbuff.o)
 .debug_line    0x000062e5      0x3c8 pegasus_crt.a(socket.o)
 .debug_line    0x000066ad      0x34c pegasus_crt.a(ip_input.o)
 .debug_line    0x000069f9      0x232 pegasus_crt.a(icmpv4.o)
 .debug_line    0x00006c2b      0x326 pegasus_crt.a(inet.o)
 .debug_line    0x00006f51      0x32d pegasus_crt.a(tcp.o)
 .debug_line    0x0000727e      0x238 pegasus_crt.a(sock.o)
 .debug_line    0x000074b6      0x6e9 pegasus_crt.a(tcp_output.o)
 .debug_line    0x00007b9f      0x572 pegasus_crt.a(arp.o)
 .debug_line    0x00008111      0x731 pegasus_crt.a(tcp_sock.o)
 .debug_line    0x00008842      0x20b pegasus_crt.a(ip_output.o)
 .debug_line    0x00008a4d      0x1ac pegasus_crt.a(dst.o)
 .debug_line    0x00008bf9      0x69b pegasus_crt.a(tcp_input.o)
 .debug_line    0x00009294      0x302 pegasus_crt.a(udp.o)
 .debug_line    0x00009596      0x41c pegasus_crt.a(tcp_data.o)
 .debug_line    0x000099b2       0xbb pegasus_crt.a(strtol.o)
 .debug_line    0x00009a6d       0xc1 pegasus_crt.a(htonl.o)
 .debug_line    0x00009b2e      0x163 pegasus_crt.a(thread.o)
 .debug_line    0x00009c91      0x4c8 pegasus_crt.a(udp_sock.o)

.debug_frame
 *(.debug_frame)

.debug_str      0x00000000     0x37f1
 *(.debug_str)
 .debug_str     0x00000000     0x37f1 pegasus_crt.a(kernel_main_old.o)
                                0xbe7 (size before relaxing)
 .debug_str     0x000037f1      0x7c7 pegasus_crt.a(protect.o)
 .debug_str     0x000037f1      0x7bb pegasus_crt.a(console.o)
 .debug_str     0x000037f1      0x66c pegasus_crt.a(global.o)
 .debug_str     0x000037f1      0x6f8 pegasus_crt.a(keyboard.o)
 .debug_str     0x000037f1      0x6a6 pegasus_crt.a(process.o)
 .debug_str     0x000037f1      0x71b pegasus_crt.a(task_network.o)
 .debug_str     0x000037f1      0x975 pegasus_crt.a(hd.o)
 .debug_str     0x000037f1      0xb56 pegasus_crt.a(fs_main.o)
 .debug_str     0x000037f1      0x5f4 pegasus_crt.a(main.o)
 .debug_str     0x000037f1      0xb1a pegasus_crt.a(mem.o)
 .debug_str     0x000037f1      0x688 pegasus_crt.a(exec.o)
 .debug_str     0x000037f1      0x5fa pegasus_crt.a(fork.o)
 .debug_str     0x000037f1      0x601 pegasus_crt.a(exit.o)
 .debug_str     0x000037f1      0x601 pegasus_crt.a(wait.o)
 .debug_str     0x000037f1       0xb1 pegasus_crt.a(strcmp.o)
 .debug_str     0x000037f1      0x617 pegasus_crt.a(read.o)
 .debug_str     0x000037f1       0x99 pegasus_crt.a(perror.o)
 .debug_str     0x000037f1      0x5de pegasus_crt.a(open.o)
 .debug_str     0x000037f1      0x5f3 pegasus_crt.a(write.o)
 .debug_str     0x000037f1      0x5a6 pegasus_crt.a(close.o)
 .debug_str     0x000037f1      0x14c pegasus_crt.a(inet_pton.o)
 .debug_str     0x000037f1       0xf3 pegasus_crt.a(ntohl.o)
 .debug_str     0x000037f1      0x73e pegasus_crt.a(double_link_list.o)
 .debug_str     0x000037f1      0x812 pegasus_crt.a(route.o)
 .debug_str     0x000037f1      0xa3e pegasus_crt.a(ipc.o)
 .debug_str     0x000037f1      0x973 pegasus_crt.a(netdev.o)
 .debug_str     0x000037f1      0x1b8 pegasus_crt.a(utils.o)
 .debug_str     0x000037f1      0x673 pegasus_crt.a(forkexit.o)
 .debug_str     0x000037f1      0x8c9 pegasus_crt.a(exec.o)
 .debug_str     0x000037f1       0xce pegasus_crt.a(alloca.o)
 .debug_str     0x000037f1      0x68d pegasus_crt.a(calloc.o)
 .debug_str     0x000037f1       0xad pegasus_crt.a(atoi.o)
 .debug_str     0x000037f1       0xb9 pegasus_crt.a(strtok.o)
 .debug_str     0x000037f1       0xc1 pegasus_crt.a(strpbrk.o)
 .debug_str     0x000037f1      0x109 pegasus_crt.a(sscanf.o)
 .debug_str     0x000037f1      0x101 pegasus_crt.a(ntohs.o)
 .debug_str     0x000037f1      0x102 pegasus_crt.a(htons.o)
 .debug_str     0x000037f1      0x95a pegasus_crt.a(my_process.o)
 .debug_str     0x000037f1      0x75e pegasus_crt.a(skbuff.o)
 .debug_str     0x000037f1      0x98a pegasus_crt.a(socket.o)
 .debug_str     0x000037f1      0xab2 pegasus_crt.a(ip_input.o)
 .debug_str     0x000037f1      0x965 pegasus_crt.a(icmpv4.o)
 .debug_str     0x000037f1      0x949 pegasus_crt.a(inet.o)
 .debug_str     0x000037f1      0xb96 pegasus_crt.a(tcp.o)
 .debug_str     0x000037f1      0x901 pegasus_crt.a(sock.o)
 .debug_str     0x000037f1      0xd6d pegasus_crt.a(tcp_output.o)
 .debug_str     0x000037f1      0x971 pegasus_crt.a(arp.o)
 .debug_str     0x000037f1      0xe18 pegasus_crt.a(tcp_sock.o)
 .debug_str     0x000037f1      0x8a1 pegasus_crt.a(ip_output.o)
 .debug_str     0x000037f1      0x779 pegasus_crt.a(dst.o)
 .debug_str     0x000037f1      0xbf6 pegasus_crt.a(tcp_input.o)
 .debug_str     0x000037f1      0x998 pegasus_crt.a(udp.o)
 .debug_str     0x000037f1      0xab2 pegasus_crt.a(tcp_data.o)
 .debug_str     0x000037f1       0xc6 pegasus_crt.a(strtol.o)
 .debug_str     0x000037f1       0xf4 pegasus_crt.a(htonl.o)
 .debug_str     0x000037f1      0x773 pegasus_crt.a(thread.o)
 .debug_str     0x000037f1      0xabc pegasus_crt.a(udp_sock.o)

.debug_loc
 *(.debug_loc)

.debug_macinfo
 *(.debug_macinfo)

.debug_weaknames
 *(.debug_weaknames)

.debug_funcnames
 *(.debug_funcnames)

.debug_typenames
 *(.debug_typenames)

.debug_varnames
 *(.debug_varnames)

.debug_pubtypes
 *(.debug_pubtypes)

.debug_ranges   0x00000000       0x90
 *(.debug_ranges)
 .debug_ranges  0x00000000       0x30 pegasus_crt.a(kernel_main_old.o)
 .debug_ranges  0x00000030       0x48 pegasus_crt.a(hd.o)
 .debug_ranges  0x00000078       0x18 pegasus_crt.a(exec.o)

.debug_addr
 *(.debug_addr)

.debug_line_str
 *(.debug_line_str)

.debug_loclists
 *(.debug_loclists)

.debug_macro
 *(.debug_macro)

.debug_names
 *(.debug_names)

.debug_rnglists
 *(.debug_rnglists)

.debug_str_offsets
 *(.debug_str_offsets)

.debug_sup
 *(.debug_sup)

.gnu.attributes
 *(.gnu.attributes)

/DISCARD/
 *(.note.GNU-stack)
 *(.gnu_debuglink)
 *(.gnu.lto_*)
OUTPUT(test elf32-i386)
