Archive member included to satisfy reference by file (symbol)

../lib/pegasus_crt.a(exit.o)  start.o (exit)
../lib/pegasus_crt.a(kernel_main_old.o)
                              test.o (Printf)
../lib/pegasus_crt.a(double_link_list.o)
                              ../lib/pegasus_crt.a(kernel_main_old.o) (appendToDoubleLinkList)
../lib/pegasus_crt.a(kernel.o)
                              ../lib/pegasus_crt.a(kernel_main_old.o) (disp_str)
../lib/pegasus_crt.a(string.o)
                              ../lib/pegasus_crt.a(kernel_main_old.o) (Memcpy2)
../lib/pegasus_crt.a(kernel_main.o)
                              ../lib/pegasus_crt.a(kernel_main_old.o) (init)
../lib/pegasus_crt.a(hd.o)    ../lib/pegasus_crt.a(kernel_main.o) (TaskHD)
../lib/pegasus_crt.a(syscall.o)
                              ../lib/pegasus_crt.a(kernel_main_old.o) (write_debug)
../lib/pegasus_crt.a(fs_main.o)
                              ../lib/pegasus_crt.a(kernel_main.o) (task_fs)
../lib/pegasus_crt.a(global.o)
                              ../lib/pegasus_crt.a(kernel_main_old.o) (proc_table)
../lib/pegasus_crt.a(hd_rdwt.o)
                              ../lib/pegasus_crt.a(hd.o) (read_port)
../lib/pegasus_crt.a(process.o)
                              ../lib/pegasus_crt.a(kernel_main_old.o) (schedule_process)
../lib/pegasus_crt.a(protect.o)
                              ../lib/pegasus_crt.a(kernel_main_old.o) (InitInterruptDesc)
../lib/pegasus_crt.a(console.o)
                              ../lib/pegasus_crt.a(kernel_main_old.o) (out_char)
../lib/pegasus_crt.a(keyboard.o)
                              ../lib/pegasus_crt.a(kernel.o) (keyboard_handler)
../lib/pegasus_crt.a(open.o)  ../lib/pegasus_crt.a(kernel_main_old.o) (open)
../lib/pegasus_crt.a(read.o)  ../lib/pegasus_crt.a(kernel_main_old.o) (read)
../lib/pegasus_crt.a(write.o)
                              ../lib/pegasus_crt.a(kernel_main_old.o) (write)
../lib/pegasus_crt.a(close.o)
                              ../lib/pegasus_crt.a(kernel_main_old.o) (close)
../lib/pegasus_crt.a(wait.o)  ../lib/pegasus_crt.a(kernel_main_old.o) (wait)
../lib/pegasus_crt.a(fork.o)  ../lib/pegasus_crt.a(kernel_main_old.o) (fork)
../lib/pegasus_crt.a(exec.o)  ../lib/pegasus_crt.a(kernel_main_old.o) (execv)
../lib/pegasus_crt.a(main.o)  ../lib/pegasus_crt.a(kernel_main.o) (TaskMM)
../lib/pegasus_crt.a(exec.o)  ../lib/pegasus_crt.a(main.o) (do_exec)
../lib/pegasus_crt.a(forkexit.o)
                              ../lib/pegasus_crt.a(main.o) (do_fork)
../lib/pegasus_crt.a(mem.o)   ../lib/pegasus_crt.a(kernel_main_old.o) (ptr_pde)
../lib/pegasus_crt.a(my_process.o)
                              ../lib/pegasus_crt.a(forkexit.o) (fork_process)
../lib/pegasus_crt.a(switch_to.o)
                              ../lib/pegasus_crt.a(process.o) (switch_to)
../lib/pegasus_crt.a(thread.o)
                              ../lib/pegasus_crt.a(my_process.o) (thread_init)

Allocating common symbols
Common symbol       size              file

current_tty         0x4               ../lib/pegasus_crt.a(exit.o)
file_desc_table     0x400             ../lib/pegasus_crt.a(fs_main.o)
is_e0               0x1               ../lib/pegasus_crt.a(exit.o)
phy_super_block_buf
                    0x4               ../lib/pegasus_crt.a(fs_main.o)
phy_fsbuf           0x4               ../lib/pegasus_crt.a(fs_main.o)
idt_ptr             0x6               ../lib/pegasus_crt.a(exit.o)
pid                 0x4               ../lib/pegasus_crt.a(exit.o)
KernelVirtualMemory
                    0xc               ../lib/pegasus_crt.a(kernel_main_old.o)
inode_table         0xa00             ../lib/pegasus_crt.a(fs_main.o)
dis_pos             0x4               ../lib/pegasus_crt.a(exit.o)
k_reenter           0x4               ../lib/pegasus_crt.a(exit.o)
super_block_buf     0x4               ../lib/pegasus_crt.a(fs_main.o)
gdt                 0x400             ../lib/pegasus_crt.a(exit.o)
proc_ready_table    0x4               ../lib/pegasus_crt.a(exit.o)
test_ticks          0x4               ../lib/pegasus_crt.a(exit.o)
hd_info             0x224             ../lib/pegasus_crt.a(hd.o)
proc_stack          0x70000           ../lib/pegasus_crt.a(global.o)
pcaller             0x4               ../lib/pegasus_crt.a(exit.o)
keyboard_buffer     0x20c             ../lib/pegasus_crt.a(exit.o)
pcb_list            0x10              ../lib/pegasus_crt.a(exit.o)
gdt_index           0x4               ../lib/pegasus_crt.a(exit.o)
tty_table           0x828             ../lib/pegasus_crt.a(exit.o)
tss                 0x6c              ../lib/pegasus_crt.a(exit.o)
KernelPool          0x10              ../lib/pegasus_crt.a(kernel_main_old.o)
fsbuf               0x4               ../lib/pegasus_crt.a(fs_main.o)
root                0x28              ../lib/pegasus_crt.a(fs_main.o)
kernel_mem_block_decs_array
                    0xf0              ../lib/pegasus_crt.a(mem.o)
counter             0x4               ../lib/pegasus_crt.a(exit.o)
key_pressed         0x4               ../lib/pegasus_crt.a(exit.o)
is_shift            0x1               ../lib/pegasus_crt.a(exit.o)
gdt_ptr             0x6               ../lib/pegasus_crt.a(exit.o)
idt                 0x800             ../lib/pegasus_crt.a(exit.o)
main_thread         0x4               ../lib/pegasus_crt.a(exit.o)
ticks               0x8               ../lib/pegasus_crt.a(exit.o)
is_init             0x1               ../lib/pegasus_crt.a(exit.o)
UserPool            0x10              ../lib/pegasus_crt.a(kernel_main_old.o)
all_pcb_list        0x10              ../lib/pegasus_crt.a(exit.o)
console_table       0x10              ../lib/pegasus_crt.a(exit.o)
is_disp             0x1               ../lib/pegasus_crt.a(exit.o)
proc_table          0x15a0            ../lib/pegasus_crt.a(global.o)
hd_cache            0x200             ../lib/pegasus_crt.a(hd.o)

Discarded input sections

 .note.GNU-stack
                0x0000000000000000        0x0 test.o
 .note.GNU-stack
                0x0000000000000000        0x0 ../lib/pegasus_crt.a(exit.o)
 .note.GNU-stack
                0x0000000000000000        0x0 ../lib/pegasus_crt.a(kernel_main_old.o)
 .note.GNU-stack
                0x0000000000000000        0x0 ../lib/pegasus_crt.a(double_link_list.o)
 .note.GNU-stack
                0x0000000000000000        0x0 ../lib/pegasus_crt.a(kernel_main.o)
 .note.GNU-stack
                0x0000000000000000        0x0 ../lib/pegasus_crt.a(hd.o)
 .note.GNU-stack
                0x0000000000000000        0x0 ../lib/pegasus_crt.a(fs_main.o)
 .note.GNU-stack
                0x0000000000000000        0x0 ../lib/pegasus_crt.a(global.o)
 .note.GNU-stack
                0x0000000000000000        0x0 ../lib/pegasus_crt.a(process.o)
 .note.GNU-stack
                0x0000000000000000        0x0 ../lib/pegasus_crt.a(protect.o)
 .note.GNU-stack
                0x0000000000000000        0x0 ../lib/pegasus_crt.a(console.o)
 .note.GNU-stack
                0x0000000000000000        0x0 ../lib/pegasus_crt.a(keyboard.o)
 .note.GNU-stack
                0x0000000000000000        0x0 ../lib/pegasus_crt.a(open.o)
 .note.GNU-stack
                0x0000000000000000        0x0 ../lib/pegasus_crt.a(read.o)
 .note.GNU-stack
                0x0000000000000000        0x0 ../lib/pegasus_crt.a(write.o)
 .note.GNU-stack
                0x0000000000000000        0x0 ../lib/pegasus_crt.a(close.o)
 .note.GNU-stack
                0x0000000000000000        0x0 ../lib/pegasus_crt.a(wait.o)
 .note.GNU-stack
                0x0000000000000000        0x0 ../lib/pegasus_crt.a(fork.o)
 .note.GNU-stack
                0x0000000000000000        0x0 ../lib/pegasus_crt.a(exec.o)
 .note.GNU-stack
                0x0000000000000000        0x0 ../lib/pegasus_crt.a(main.o)
 .note.GNU-stack
                0x0000000000000000        0x0 ../lib/pegasus_crt.a(exec.o)
 .note.GNU-stack
                0x0000000000000000        0x0 ../lib/pegasus_crt.a(forkexit.o)
 .note.GNU-stack
                0x0000000000000000        0x0 ../lib/pegasus_crt.a(mem.o)
 .note.GNU-stack
                0x0000000000000000        0x0 ../lib/pegasus_crt.a(my_process.o)
 .note.GNU-stack
                0x0000000000000000        0x0 ../lib/pegasus_crt.a(thread.o)

Memory Configuration

Name             Origin             Length             Attributes
*default*        0x0000000000000000 0xffffffffffffffff

Linker script and memory map

Address of section .text set to 0xc0001500
LOAD test.o
LOAD start.o
LOAD ../lib/pegasus_crt.a
                [!provide]                        PROVIDE (__executable_start = SEGMENT_START ("text-segment", 0x8048000))
                0x0000000008048094                . = (SEGMENT_START ("text-segment", 0x8048000) + SIZEOF_HEADERS)

.interp
 *(.interp)

.note.gnu.build-id
 *(.note.gnu.build-id)

.hash
 *(.hash)

.gnu.hash
 *(.gnu.hash)

.dynsym
 *(.dynsym)

.dynstr
 *(.dynstr)

.gnu.version
 *(.gnu.version)

.gnu.version_d
 *(.gnu.version_d)

.gnu.version_r
 *(.gnu.version_r)

.rel.dyn        0x0000000008048094        0x0
 *(.rel.init)
 *(.rel.text .rel.text.* .rel.gnu.linkonce.t.*)
 .rel.text      0x0000000008048094        0x0 test.o
 *(.rel.fini)
 *(.rel.rodata .rel.rodata.* .rel.gnu.linkonce.r.*)
 *(.rel.data.rel.ro .rel.data.rel.ro.* .rel.gnu.linkonce.d.rel.ro.*)
 *(.rel.data .rel.data.* .rel.gnu.linkonce.d.*)
 *(.rel.tdata .rel.tdata.* .rel.gnu.linkonce.td.*)
 *(.rel.tbss .rel.tbss.* .rel.gnu.linkonce.tb.*)
 *(.rel.ctors)
 *(.rel.dtors)
 *(.rel.got)
 .rel.got       0x0000000008048094        0x0 test.o
 *(.rel.bss .rel.bss.* .rel.gnu.linkonce.b.*)
 *(.rel.ifunc)

.rel.plt        0x0000000008048094        0x0
 *(.rel.plt)
                [!provide]                        PROVIDE (__rel_iplt_start = .)
 *(.rel.iplt)
 .rel.iplt      0x0000000008048094        0x0 test.o
                [!provide]                        PROVIDE (__rel_iplt_end = .)

.init
 *(SORT_NONE(.init))

.plt            0x0000000008048098        0x0
 *(.plt)
 *(.iplt)
 .iplt          0x0000000008048098        0x0 test.o

.plt.got
 *(.plt.got)

.plt.sec
 *(.plt.sec)

.text           0x00000000c0001500     0xa267
 *(.text.unlikely .text.*_unlikely .text.unlikely.*)
 *(.text.exit .text.exit.*)
 *(.text.startup .text.startup.*)
 *(.text.hot .text.hot.*)
 *(.text .stub .text.* .gnu.linkonce.t.*)
 .text          0x00000000c0001500       0x3e test.o
                0x00000000c0001500                main
 *fill*         0x00000000c000153e        0x2 
 .text          0x00000000c0001540       0x10 start.o
                0x00000000c0001540                _start
 .text          0x00000000c0001550       0x2f ../lib/pegasus_crt.a(exit.o)
                0x00000000c0001550                exit
 .text          0x00000000c000157f     0x2d47 ../lib/pegasus_crt.a(kernel_main_old.o)
                0x00000000c000157f                intr_enable
                0x00000000c00015a8                intr_disable
                0x00000000c00015d1                intr_set_status
                0x00000000c00015ef                intr_get_status
                0x00000000c000160c                Memcpy
                0x00000000c000163f                untar
                0x00000000c000194f                atoi
                0x00000000c00019f5                disp_int
                0x00000000c0001a1e                do_page_fault
                0x00000000c0001b5b                exception_handler
                0x00000000c0001d42                exception_handler2
                0x00000000c0001ee3                init_internal_interrupt
                0x00000000c0002058                test
                0x00000000c0002081                disp_str_colour3
                0x00000000c0002087                spurious_irq
                0x00000000c0002115                init_keyboard
                0x00000000c0002182                u_thread_a
                0x00000000c000219a                kernel_main2
                0x00000000c000240a                TestTTY
                0x00000000c00024a9                TestFS
                0x00000000c00028b1                wait_exit
                0x00000000c000297f                INIT_fork
                0x00000000c0002c62                simple_shell
                0x00000000c0002e60                test_split_str
                0x00000000c0002fed                test_shell
                0x00000000c0003055                test_exec
                0x00000000c00030f0                INIT
                0x00000000c00030fd                TestA
                0x00000000c0003132                delay
                0x00000000c0003176                TestB
                0x00000000c000318e                TestC
                0x00000000c00031c1                sys_get_ticks
                0x00000000c00031d1                sys_write
                0x00000000c0003225                milli_delay
                0x00000000c0003261                TaskSys
                0x00000000c0003266                Printf
                0x00000000c00032c4                vsprintf
                0x00000000c0003470                printx
                0x00000000c00034b3                sys_printx
                0x00000000c000357f                spin
                0x00000000c00035a5                panic
                0x00000000c00035c3                assertion_failure
                0x00000000c00035fa                dead_lock
                0x00000000c0003604                sys_send_msg
                0x00000000c00039eb                sys_receive_msg
                0x00000000c0003ee9                disp_str_colour_debug
                0x00000000c0003eef                send_rec
                0x00000000c0003feb                block
                0x00000000c0004027                unblock
                0x00000000c0004077                get_ticks_ipc
                0x00000000c00040ce                itoa
                0x00000000c0004124                i2a
                0x00000000c000418a                inform_int
                0x00000000c0004257                strcmp
 .text          0x00000000c00042c6      0x329 ../lib/pegasus_crt.a(double_link_list.o)
                0x00000000c00042c6                initDoubleLinkList
                0x00000000c00042f4                isListEmpty
                0x00000000c0004315                findElementInList
                0x00000000c00043f1                appendToDoubleLinkList
                0x00000000c00044d8                insertToDoubleLinkList
                0x00000000c000455b                popFromDoubleLinkList
 *fill*         0x00000000c00045ef        0x1 
 .text          0x00000000c00045f0      0x325 ../lib/pegasus_crt.a(kernel.o)
                0x00000000c00045f0                InterruptTest
                0x00000000c00045fc                disp_str
                0x00000000c0004637                disp_str_colour
                0x00000000c0004673                divide_zero_fault
                0x00000000c0004679                single_step_fault
                0x00000000c000467f                non_maskable_interrupt
                0x00000000c0004685                breakpoint_trap
                0x00000000c000468b                overflow_trap
                0x00000000c0004691                bound_range_exceeded_fault
                0x00000000c0004697                invalid_opcode_fault
                0x00000000c000469d                coprocessor_not_available_fault
                0x00000000c00046a3                double_fault_exception_abort
                0x00000000c00046a7                coprocessor_segment_overrun
                0x00000000c00046ad                invalid_task_state_segment_fault
                0x00000000c00046b1                segment_not_present_fault
                0x00000000c00046b5                stack_exception_fault
                0x00000000c00046b9                general_protection_exception_fault
                0x00000000c00046c4                page_fault
                0x00000000c00046c8                coprocessor_error_fault
                0x00000000c00046ce                align_check_fault
                0x00000000c00046d2                simd_float_exception_fault
                0x00000000c00046e1                hwint0
                0x00000000c000470e                hwint1
                0x00000000c0004750                hwint14
                0x00000000c000478e                sys_call
                0x00000000c00047d3                fork_restart
                0x00000000c00047dc                restart
                0x00000000c00047fd                in_byte
                0x00000000c0004809                out_byte
                0x00000000c000482b                disable_int
                0x00000000c000482d                enable_int
                0x00000000c00048c3                enable_8259A_casecade_irq
                0x00000000c00048cd                disable_8259A_casecade_irq
                0x00000000c00048d7                enable_8259A_slave_winchester_irq
                0x00000000c00048e1                disable_8259A_slave_winchester_irq
                0x00000000c00048eb                update_cr3
                0x00000000c00048f8                update_tss
                0x00000000c0004907                get_running_thread_pcb
                0x00000000c000490f                sys_call_test
 .text          0x00000000c0004915      0x286 ../lib/pegasus_crt.a(kernel_main.o)
                0x00000000c0004915                kernel_main
                0x00000000c00049f0                init
                0x00000000c0004aa0                kernel_thread_a
                0x00000000c0004aed                kernel_thread_b
                0x00000000c0004b3a                kernel_thread_c
                0x00000000c0004b50                kernel_thread_d
                0x00000000c0004b66                user_proc_a
                0x00000000c0004b83                user_proc_b
 .text          0x00000000c0004b9b      0xdfd ../lib/pegasus_crt.a(hd.o)
                0x00000000c0004b9b                TaskHD
                0x00000000c0004be0                init_hd
                0x00000000c0004bfa                hd_handle
                0x00000000c0004cff                hd_cmd_out
                0x00000000c0004e01                hd_identify
                0x00000000c0004eb8                print_hdinfo
                0x00000000c0005046                print_dpt_entry
                0x00000000c00050b2                get_partition_table
                0x00000000c0005191                partition
                0x00000000c00053ab                hd_open
                0x00000000c0005442                get_hd_ioctl
                0x00000000c00054e3                wait_for
                0x00000000c0005514                interrupt_wait
                0x00000000c0005564                hd_rdwt
                0x00000000c0005803                hd_handler
                0x00000000c000582f                waitfor
                0x00000000c0005873                print_hd_info
                0x00000000c0005960                is_empty
 *fill*         0x00000000c0005998        0x8 
 .text          0x00000000c00059a0       0xa1 ../lib/pegasus_crt.a(syscall.o)
                0x00000000c00059a0                get_ticks
                0x00000000c00059a8                write2
                0x00000000c00059b8                write_debug
                0x00000000c00059d8                send_msg
                0x00000000c00059fe                receive_msg
                0x00000000c0005a14                sys_malloc
                0x00000000c0005a29                sys_free
 .text          0x00000000c0005a41     0x202f ../lib/pegasus_crt.a(fs_main.o)
                0x00000000c0005a41                task_fs
                0x00000000c0005c4c                rd_wt
                0x00000000c0005d25                mkfs
                0x00000000c0006307                init_fs
                0x00000000c000635b                do_open
                0x00000000c000652a                search_file
                0x00000000c000665c                strip_path
                0x00000000c0006728                get_inode
                0x00000000c00068ea                create_file
                0x00000000c00069f5                alloc_imap_bit
                0x00000000c0006af2                alloc_smap_bit
                0x00000000c0006c93                new_inode
                0x00000000c0006db1                new_dir_entry
                0x00000000c0006fbd                do_unlink
                0x00000000c0007499                do_rdwt
                0x00000000c0007824                sync_inode
                0x00000000c0007978                put_inode
                0x00000000c00079b6                do_close
                0x00000000c0007a08                get_super_block
 .text          0x00000000c0007a70        0x0 ../lib/pegasus_crt.a(global.o)
 .text          0x00000000c0007a70      0x225 ../lib/pegasus_crt.a(process.o)
                0x00000000c0007a70                check
                0x00000000c0007a97                schedule_process
                0x00000000c0007b9c                clock_handler
                0x00000000c0007c0c                pid2proc
                0x00000000c0007c7e                proc2pid
 .text          0x00000000c0007c95      0x3a0 ../lib/pegasus_crt.a(protect.o)
                0x00000000c0007c95                InitDescriptor
                0x00000000c0007d02                Seg2PhyAddr
                0x00000000c0007d43                Seg2PhyAddrLDT
                0x00000000c0007d87                VirAddr2PhyAddr
                0x00000000c0007d9d                v2l
                0x00000000c0007de0                init_propt
                0x00000000c0007f4e                InitInterruptDesc
                0x00000000c0007faa                ReloadGDT
 .text          0x00000000c0008035      0xab9 ../lib/pegasus_crt.a(console.o)
                0x00000000c0008035                select_console
                0x00000000c0008071                flush
                0x00000000c00080aa                set_cursor
                0x00000000c0008108                set_console_start_video_addr
                0x00000000c0008166                put_key
                0x00000000c00081d2                scroll_up
                0x00000000c0008214                scroll_down
                0x00000000c000827f                out_char
                0x00000000c000843c                tty_dev_read
                0x00000000c0008466                tty_dev_write
                0x00000000c0008682                tty_do_read
                0x00000000c000874a                tty_do_write
                0x00000000c00088ad                init_screen
                0x00000000c0008936                init_tty
                0x00000000c00089eb                TaskTTY
 .text          0x00000000c0008aee      0x40f ../lib/pegasus_crt.a(keyboard.o)
                0x00000000c0008aee                keyboard_handler
                0x00000000c0008b72                read_from_keyboard_buf
                0x00000000c0008bd8                keyboard_read
                0x00000000c0008d57                init_keyboard_handler
                0x00000000c0008d6b                in_process
 .text          0x00000000c0008efd       0x85 ../lib/pegasus_crt.a(open.o)
                0x00000000c0008efd                open
 .text          0x00000000c0008f82      0x181 ../lib/pegasus_crt.a(read.o)
                0x00000000c0008f82                read
 .text          0x00000000c0009103       0x74 ../lib/pegasus_crt.a(write.o)
                0x00000000c0009103                write
 .text          0x00000000c0009177       0x52 ../lib/pegasus_crt.a(close.o)
                0x00000000c0009177                close
 .text          0x00000000c00091c9       0x44 ../lib/pegasus_crt.a(wait.o)
                0x00000000c00091c9                wait
 .text          0x00000000c000920d       0x68 ../lib/pegasus_crt.a(fork.o)
                0x00000000c000920d                fork
 .text          0x00000000c0009275      0x2fb ../lib/pegasus_crt.a(exec.o)
                0x00000000c0009275                exec
                0x00000000c00092e6                execv
                0x00000000c000954b                execl
 .text          0x00000000c0009570      0x148 ../lib/pegasus_crt.a(main.o)
                0x00000000c0009570                TaskMM
                0x00000000c0009699                alloc_mem
 .text          0x00000000c00096b8      0x468 ../lib/pegasus_crt.a(exec.o)
                0x00000000c00096b8                do_exec2
                0x00000000c00096cc                do_exec
 .text          0x00000000c0009b20      0x291 ../lib/pegasus_crt.a(forkexit.o)
                0x00000000c0009b20                do_fork
                0x00000000c0009b8e                do_exit
                0x00000000c0009c8a                do_wait
                0x00000000c0009d57                cleanup
 .text          0x00000000c0009db1     0x113a ../lib/pegasus_crt.a(mem.o)
                0x00000000c0009db1                init_bitmap
                0x00000000c0009dd4                test_bit_val
                0x00000000c0009e3d                set_bit_val
                0x00000000c0009eb8                set_bits
                0x00000000c0009ef2                get_first_free_bit
                0x00000000c0009f36                get_bits
                0x00000000c0009ffe                get_a_page2
                0x00000000c000a02d                get_a_page
                0x00000000c000a0e1                get_virtual_address
                0x00000000c000a171                ptr_pde
                0x00000000c000a184                ptr_pte
                0x00000000c000a1ab                add_map_entry
                0x00000000c000a23c                alloc_virtual_memory
                0x00000000c000a30a                get_physical_address
                0x00000000c000a33c                alloc_physical_memory_of_proc
                0x00000000c000a3f3                alloc_physical_memory
                0x00000000c000a4b9                alloc_memory
                0x00000000c000a51b                get_a_virtual_page
                0x00000000c000a548                block2arena
                0x00000000c000a55e                sys_malloc2
                0x00000000c000a80f                remove_map_entry
                0x00000000c000a830                free_a_page
                0x00000000c000a8d7                sys_free2
                0x00000000c000aa5a                init_memory_block_desc
                0x00000000c000ab2b                init_memory2
                0x00000000c000ada2                init_memory
 .text          0x00000000c000aeeb      0x6b5 ../lib/pegasus_crt.a(my_process.o)
                0x00000000c000aeeb                create_user_process_address_space
                0x00000000c000af7b                user_process
                0x00000000c000b08a                clone_pcb
                0x00000000c000b18e                build_body_stack
                0x00000000c000b2c1                build_process_kernel_stack
                0x00000000c000b384                fork_process
                0x00000000c000b42f                process_execute
 .text          0x00000000c000b5a0       0x15 ../lib/pegasus_crt.a(switch_to.o)
                0x00000000c000b5a0                switch_to
 .text          0x00000000c000b5b5      0x1b2 ../lib/pegasus_crt.a(thread.o)
                0x00000000c000b5b5                kernel_thread
                0x00000000c000b5cd                thread_init
                0x00000000c000b67a                thread_create
                0x00000000c000b6af                thread_start
 *(.gnu.warning)

.fini
 *(SORT_NONE(.fini))
                [!provide]                        PROVIDE (__etext = .)
                [!provide]                        PROVIDE (_etext = .)
                [!provide]                        PROVIDE (etext = .)

.rodata         0x00000000c000b780      0xea8
 *(.rodata .rodata.* .gnu.linkonce.r.*)
 .rodata        0x00000000c000b780       0x10 test.o
 *fill*         0x00000000c000b790       0x10 
 .rodata        0x00000000c000b7a0      0x8ad ../lib/pegasus_crt.a(kernel_main_old.o)
 .rodata        0x00000000c000c04d       0x2c ../lib/pegasus_crt.a(double_link_list.o)
 .rodata        0x00000000c000c079       0xa3 ../lib/pegasus_crt.a(kernel_main.o)
 .rodata        0x00000000c000c11c      0x19c ../lib/pegasus_crt.a(hd.o)
 .rodata        0x00000000c000c2b8      0x1eb ../lib/pegasus_crt.a(fs_main.o)
                0x00000000c000c2b8                FSBUF_SIZE
 .rodata        0x00000000c000c4a3       0x26 ../lib/pegasus_crt.a(process.o)
 .rodata        0x00000000c000c4c9       0x22 ../lib/pegasus_crt.a(console.o)
 .rodata        0x00000000c000c4eb       0x24 ../lib/pegasus_crt.a(close.o)
 .rodata        0x00000000c000c50f       0x1b ../lib/pegasus_crt.a(fork.o)
 .rodata        0x00000000c000c52a       0x6e ../lib/pegasus_crt.a(exec.o)
 .rodata        0x00000000c000c598       0x11 ../lib/pegasus_crt.a(main.o)
 *fill*         0x00000000c000c5a9        0x3 
 .rodata        0x00000000c000c5ac       0x46 ../lib/pegasus_crt.a(exec.o)
 .rodata        0x00000000c000c5f2       0x36 ../lib/pegasus_crt.a(mem.o)

.txt            0x00000000c000c628       0xaa
 .txt           0x00000000c000c628       0x82 ../lib/pegasus_crt.a(string.o)
                0x00000000c000c628                Memcpy2
                0x00000000c000c656                Memset
                0x00000000c000c675                Strcpy
                0x00000000c000c68f                Strlen
 .txt           0x00000000c000c6aa       0x28 ../lib/pegasus_crt.a(hd_rdwt.o)
                0x00000000c000c6aa                read_port
                0x00000000c000c6be                write_port

.rodata1
 *(.rodata1)

.eh_frame_hdr
 *(.eh_frame_hdr)
 *(.eh_frame_entry .eh_frame_entry.*)

.eh_frame       0x00000000c000c6d4     0x1868
 *(.eh_frame)
 .eh_frame      0x00000000c000c6d4       0x44 test.o
 .eh_frame      0x00000000c000c718       0x20 ../lib/pegasus_crt.a(exit.o)
                                         0x38 (size before relaxing)
 .eh_frame      0x00000000c000c738      0x6bc ../lib/pegasus_crt.a(kernel_main_old.o)
                                        0x6d4 (size before relaxing)
 .eh_frame      0x00000000c000cdf4       0xc0 ../lib/pegasus_crt.a(double_link_list.o)
                                         0xd8 (size before relaxing)
 .eh_frame      0x00000000c000ceb4       0xe4 ../lib/pegasus_crt.a(kernel_main.o)
                                         0xfc (size before relaxing)
 .eh_frame      0x00000000c000cf98      0x244 ../lib/pegasus_crt.a(hd.o)
                                        0x25c (size before relaxing)
 .eh_frame      0x00000000c000d1dc      0x27c ../lib/pegasus_crt.a(fs_main.o)
                                        0x294 (size before relaxing)
 .eh_frame      0x00000000c000d458       0xa0 ../lib/pegasus_crt.a(process.o)
                                         0xb8 (size before relaxing)
 .eh_frame      0x00000000c000d4f8      0x100 ../lib/pegasus_crt.a(protect.o)
                                        0x118 (size before relaxing)
 .eh_frame      0x00000000c000d5f8      0x1e0 ../lib/pegasus_crt.a(console.o)
                                        0x1f8 (size before relaxing)
 .eh_frame      0x00000000c000d7d8       0xa0 ../lib/pegasus_crt.a(keyboard.o)
                                         0xb8 (size before relaxing)
 .eh_frame      0x00000000c000d878       0x20 ../lib/pegasus_crt.a(open.o)
                                         0x38 (size before relaxing)
 .eh_frame      0x00000000c000d898       0x20 ../lib/pegasus_crt.a(read.o)
                                         0x38 (size before relaxing)
 .eh_frame      0x00000000c000d8b8       0x20 ../lib/pegasus_crt.a(write.o)
                                         0x38 (size before relaxing)
 .eh_frame      0x00000000c000d8d8       0x20 ../lib/pegasus_crt.a(close.o)
                                         0x38 (size before relaxing)
 .eh_frame      0x00000000c000d8f8       0x20 ../lib/pegasus_crt.a(wait.o)
                                         0x38 (size before relaxing)
 .eh_frame      0x00000000c000d918       0x20 ../lib/pegasus_crt.a(fork.o)
                                         0x38 (size before relaxing)
 .eh_frame      0x00000000c000d938       0x64 ../lib/pegasus_crt.a(exec.o)
                                         0x7c (size before relaxing)
 .eh_frame      0x00000000c000d99c       0x3c ../lib/pegasus_crt.a(main.o)
                                         0x54 (size before relaxing)
 .eh_frame      0x00000000c000d9d8       0x40 ../lib/pegasus_crt.a(exec.o)
                                         0x58 (size before relaxing)
 .eh_frame      0x00000000c000da18       0x80 ../lib/pegasus_crt.a(forkexit.o)
                                         0x98 (size before relaxing)
 .eh_frame      0x00000000c000da98      0x344 ../lib/pegasus_crt.a(mem.o)
                                        0x35c (size before relaxing)
 .eh_frame      0x00000000c000dddc       0xe0 ../lib/pegasus_crt.a(my_process.o)
                                         0xf8 (size before relaxing)
 .eh_frame      0x00000000c000debc       0x80 ../lib/pegasus_crt.a(thread.o)
                                         0x98 (size before relaxing)
 *(.eh_frame.*)

.gcc_except_table
 *(.gcc_except_table .gcc_except_table.*)

.gnu_extab
 *(.gnu_extab*)

.exception_ranges
 *(.exception_ranges .exception_ranges*)
                0x00000000c000f000                . = DATA_SEGMENT_ALIGN (CONSTANT (MAXPAGESIZE), CONSTANT (COMMONPAGESIZE))

.eh_frame
 *(.eh_frame)
 *(.eh_frame.*)

.gnu_extab
 *(.gnu_extab)

.gcc_except_table
 *(.gcc_except_table .gcc_except_table.*)

.exception_ranges
 *(.exception_ranges .exception_ranges*)

.tdata
 *(.tdata .tdata.* .gnu.linkonce.td.*)

.tbss
 *(.tbss .tbss.* .gnu.linkonce.tb.*)
 *(.tcommon)

.preinit_array  0x00000000c000f000        0x0
                [!provide]                        PROVIDE (__preinit_array_start = .)
 *(.preinit_array)
                [!provide]                        PROVIDE (__preinit_array_end = .)

.init_array     0x00000000c000f000        0x0
                [!provide]                        PROVIDE (__init_array_start = .)
 *(SORT_BY_INIT_PRIORITY(.init_array.*) SORT_BY_INIT_PRIORITY(.ctors.*))
 *(.init_array EXCLUDE_FILE(*crtend?.o *crtend.o *crtbegin?.o *crtbegin.o) .ctors)
                [!provide]                        PROVIDE (__init_array_end = .)

.fini_array     0x00000000c000f000        0x0
                [!provide]                        PROVIDE (__fini_array_start = .)
 *(SORT_BY_INIT_PRIORITY(.fini_array.*) SORT_BY_INIT_PRIORITY(.dtors.*))
 *(.fini_array EXCLUDE_FILE(*crtend?.o *crtend.o *crtbegin?.o *crtbegin.o) .dtors)
                [!provide]                        PROVIDE (__fini_array_end = .)

.ctors
 *crtbegin.o(.ctors)
 *crtbegin?.o(.ctors)
 *(EXCLUDE_FILE(*crtend?.o *crtend.o) .ctors)
 *(SORT_BY_NAME(.ctors.*))
 *(.ctors)

.dtors
 *crtbegin.o(.dtors)
 *crtbegin?.o(.dtors)
 *(EXCLUDE_FILE(*crtend?.o *crtend.o) .dtors)
 *(SORT_BY_NAME(.dtors.*))
 *(.dtors)

.jcr
 *(.jcr)

.data.rel.ro
 *(.data.rel.ro.local* .gnu.linkonce.d.rel.ro.local.*)
 *(.data.rel.ro .data.rel.ro.* .gnu.linkonce.d.rel.ro.*)

.dynamic
 *(.dynamic)

.got            0x00000000c000f000        0x0
 *(.got)
 .got           0x00000000c000f000        0x0 test.o
 *(.igot)
                0x00000000c000f000                . = DATA_SEGMENT_RELRO_END (., (SIZEOF (.got.plt) >= 0xc)?0xc:0x0)

.got.plt        0x00000000c000f000        0x0
 *(.got.plt)
 .got.plt       0x00000000c000f000        0x0 test.o
 *(.igot.plt)
 .igot.plt      0x00000000c000f000        0x0 test.o

.data           0x00000000c000f000      0x764
 *(.data .data.* .gnu.linkonce.d.*)
 .data          0x00000000c000f000        0x0 test.o
 .data          0x00000000c000f000        0x0 ../lib/pegasus_crt.a(exit.o)
 .data          0x00000000c000f000        0x0 ../lib/pegasus_crt.a(kernel_main_old.o)
 .data          0x00000000c000f000        0x0 ../lib/pegasus_crt.a(double_link_list.o)
 .data          0x00000000c000f000        0xf ../lib/pegasus_crt.a(kernel.o)
 .data          0x00000000c000f00f        0x0 ../lib/pegasus_crt.a(kernel_main.o)
 .data          0x00000000c000f00f        0x0 ../lib/pegasus_crt.a(hd.o)
 *fill*         0x00000000c000f00f        0x1 
 .data          0x00000000c000f010        0x0 ../lib/pegasus_crt.a(syscall.o)
 .data          0x00000000c000f010        0x0 ../lib/pegasus_crt.a(fs_main.o)
 *fill*         0x00000000c000f010       0x10 
 .data          0x00000000c000f020      0x128 ../lib/pegasus_crt.a(global.o)
                0x00000000c000f020                user_task_table
                0x00000000c000f0a0                sys_task_table
                0x00000000c000f12c                sys_call_table
 .data          0x00000000c000f148        0x0 ../lib/pegasus_crt.a(process.o)
 .data          0x00000000c000f148        0x0 ../lib/pegasus_crt.a(protect.o)
 .data          0x00000000c000f148        0x0 ../lib/pegasus_crt.a(console.o)
 *fill*         0x00000000c000f148       0x18 
 .data          0x00000000c000f160      0x600 ../lib/pegasus_crt.a(keyboard.o)
                0x00000000c000f160                keymap
 .data          0x00000000c000f760        0x0 ../lib/pegasus_crt.a(open.o)
 .data          0x00000000c000f760        0x0 ../lib/pegasus_crt.a(read.o)
 .data          0x00000000c000f760        0x0 ../lib/pegasus_crt.a(write.o)
 .data          0x00000000c000f760        0x0 ../lib/pegasus_crt.a(close.o)
 .data          0x00000000c000f760        0x0 ../lib/pegasus_crt.a(wait.o)
 .data          0x00000000c000f760        0x0 ../lib/pegasus_crt.a(fork.o)
 .data          0x00000000c000f760        0x0 ../lib/pegasus_crt.a(exec.o)
 .data          0x00000000c000f760        0x0 ../lib/pegasus_crt.a(main.o)
 .data          0x00000000c000f760        0x4 ../lib/pegasus_crt.a(exec.o)
                0x00000000c000f760                test_str
 .data          0x00000000c000f764        0x0 ../lib/pegasus_crt.a(forkexit.o)
 .data          0x00000000c000f764        0x0 ../lib/pegasus_crt.a(mem.o)
 .data          0x00000000c000f764        0x0 ../lib/pegasus_crt.a(my_process.o)
 .data          0x00000000c000f764        0x0 ../lib/pegasus_crt.a(thread.o)

.data1
 *(.data1)
                0x00000000c000f764                _edata = .
                [!provide]                        PROVIDE (edata = .)
                0x00000000c000f764                . = .
                0x00000000c000f764                __bss_start = .

.bss            0x00000000c000f780    0x74910
 *(.dynbss)
 *(.bss .bss.* .gnu.linkonce.b.*)
 .bss           0x00000000c000f780        0x0 test.o
 .bss           0x00000000c000f780        0x0 ../lib/pegasus_crt.a(exit.o)
 .bss           0x00000000c000f780        0x0 ../lib/pegasus_crt.a(kernel_main_old.o)
 .bss           0x00000000c000f780        0x0 ../lib/pegasus_crt.a(double_link_list.o)
 .bss           0x00000000c000f780      0x800 ../lib/pegasus_crt.a(kernel.o)
 .bss           0x00000000c000ff80        0x0 ../lib/pegasus_crt.a(kernel_main.o)
 .bss           0x00000000c000ff80        0x0 ../lib/pegasus_crt.a(hd.o)
 .bss           0x00000000c000ff80        0x4 ../lib/pegasus_crt.a(fs_main.o)
                0x00000000c000ff80                c
 .bss           0x00000000c000ff84        0x0 ../lib/pegasus_crt.a(global.o)
 .bss           0x00000000c000ff84        0x0 ../lib/pegasus_crt.a(process.o)
 .bss           0x00000000c000ff84        0x0 ../lib/pegasus_crt.a(protect.o)
 .bss           0x00000000c000ff84        0x0 ../lib/pegasus_crt.a(console.o)
 .bss           0x00000000c000ff84        0x0 ../lib/pegasus_crt.a(keyboard.o)
 .bss           0x00000000c000ff84        0x0 ../lib/pegasus_crt.a(open.o)
 .bss           0x00000000c000ff84        0x0 ../lib/pegasus_crt.a(read.o)
 .bss           0x00000000c000ff84        0x0 ../lib/pegasus_crt.a(write.o)
 .bss           0x00000000c000ff84        0x0 ../lib/pegasus_crt.a(close.o)
 .bss           0x00000000c000ff84        0x0 ../lib/pegasus_crt.a(wait.o)
 .bss           0x00000000c000ff84        0x0 ../lib/pegasus_crt.a(fork.o)
 .bss           0x00000000c000ff84        0x0 ../lib/pegasus_crt.a(exec.o)
 .bss           0x00000000c000ff84        0x0 ../lib/pegasus_crt.a(main.o)
 .bss           0x00000000c000ff84        0x0 ../lib/pegasus_crt.a(exec.o)
 .bss           0x00000000c000ff84        0x0 ../lib/pegasus_crt.a(forkexit.o)
 .bss           0x00000000c000ff84        0x0 ../lib/pegasus_crt.a(mem.o)
 .bss           0x00000000c000ff84        0x0 ../lib/pegasus_crt.a(my_process.o)
 .bss           0x00000000c000ff84        0x0 ../lib/pegasus_crt.a(thread.o)
 *(COMMON)
 *fill*         0x00000000c000ff84       0x1c 
 COMMON         0x00000000c000ffa0     0x1755 ../lib/pegasus_crt.a(exit.o)
                0x00000000c000ffa0                current_tty
                0x00000000c000ffa4                is_e0
                0x00000000c000ffa8                idt_ptr
                0x00000000c000ffb0                pid
                0x00000000c000ffb4                dis_pos
                0x00000000c000ffb8                k_reenter
                0x00000000c000ffc0                gdt
                0x00000000c00103c0                proc_ready_table
                0x00000000c00103c4                test_ticks
                0x00000000c00103c8                pcaller
                0x00000000c00103e0                keyboard_buffer
                0x00000000c00105ec                pcb_list
                0x00000000c00105fc                gdt_index
                0x00000000c0010600                tty_table
                0x00000000c0010e40                tss
                0x00000000c0010eac                counter
                0x00000000c0010eb0                key_pressed
                0x00000000c0010eb4                is_shift
                0x00000000c0010eb8                gdt_ptr
                0x00000000c0010ec0                idt
                0x00000000c00116c0                main_thread
                0x00000000c00116c8                ticks
                0x00000000c00116d0                is_init
                0x00000000c00116d4                all_pcb_list
                0x00000000c00116e4                console_table
                0x00000000c00116f4                is_disp
 *fill*         0x00000000c00116f5        0x3 
 COMMON         0x00000000c00116f8       0x2c ../lib/pegasus_crt.a(kernel_main_old.o)
                0x00000000c00116f8                KernelVirtualMemory
                0x00000000c0011704                KernelPool
                0x00000000c0011714                UserPool
 *fill*         0x00000000c0011724       0x1c 
 COMMON         0x00000000c0011740      0x440 ../lib/pegasus_crt.a(hd.o)
                0x00000000c0011740                hd_info
                0x00000000c0011980                hd_cache
 COMMON         0x00000000c0011b80      0xe68 ../lib/pegasus_crt.a(fs_main.o)
                0x00000000c0011b80                file_desc_table
                0x00000000c0011f80                phy_super_block_buf
                0x00000000c0011f84                phy_fsbuf
                0x00000000c0011fa0                inode_table
                0x00000000c00129a0                super_block_buf
                0x00000000c00129a4                fsbuf
                0x00000000c00129c0                root
 *fill*         0x00000000c00129e8       0x18 
 COMMON         0x00000000c0012a00    0x715a0 ../lib/pegasus_crt.a(global.o)
                0x00000000c0012a00                proc_stack
                0x00000000c0082a00                proc_table
 COMMON         0x00000000c0083fa0       0xf0 ../lib/pegasus_crt.a(mem.o)
                0x00000000c0083fa0                kernel_mem_block_decs_array
                0x00000000c0084090                . = ALIGN ((. != 0x0)?0x4:0x1)
                0x00000000c0084090                . = ALIGN (0x4)
                0x00000000c0084090                . = SEGMENT_START ("ldata-segment", .)
                0x00000000c0084090                . = ALIGN (0x4)
                0x00000000c0084090                _end = .
                [!provide]                        PROVIDE (end = .)
                0x00000000c0084090                . = DATA_SEGMENT_END (.)

.stab
 *(.stab)

.stabstr
 *(.stabstr)

.stab.excl
 *(.stab.excl)

.stab.exclstr
 *(.stab.exclstr)

.stab.index
 *(.stab.index)

.stab.indexstr
 *(.stab.indexstr)

.comment        0x0000000000000000       0x2c
 *(.comment)
 .comment       0x0000000000000000       0x2c test.o
                                         0x2d (size before relaxing)
 .comment       0x000000000000002c       0x2d ../lib/pegasus_crt.a(exit.o)
 .comment       0x000000000000002c       0x2d ../lib/pegasus_crt.a(kernel_main_old.o)
 .comment       0x000000000000002c       0x2d ../lib/pegasus_crt.a(double_link_list.o)
 .comment       0x000000000000002c       0x2d ../lib/pegasus_crt.a(kernel_main.o)
 .comment       0x000000000000002c       0x2d ../lib/pegasus_crt.a(hd.o)
 .comment       0x000000000000002c       0x2d ../lib/pegasus_crt.a(fs_main.o)
 .comment       0x000000000000002c       0x2d ../lib/pegasus_crt.a(global.o)
 .comment       0x000000000000002c       0x2d ../lib/pegasus_crt.a(process.o)
 .comment       0x000000000000002c       0x2d ../lib/pegasus_crt.a(protect.o)
 .comment       0x000000000000002c       0x2d ../lib/pegasus_crt.a(console.o)
 .comment       0x000000000000002c       0x2d ../lib/pegasus_crt.a(keyboard.o)
 .comment       0x000000000000002c       0x2d ../lib/pegasus_crt.a(open.o)
 .comment       0x000000000000002c       0x2d ../lib/pegasus_crt.a(read.o)
 .comment       0x000000000000002c       0x2d ../lib/pegasus_crt.a(write.o)
 .comment       0x000000000000002c       0x2d ../lib/pegasus_crt.a(close.o)
 .comment       0x000000000000002c       0x2d ../lib/pegasus_crt.a(wait.o)
 .comment       0x000000000000002c       0x2d ../lib/pegasus_crt.a(fork.o)
 .comment       0x000000000000002c       0x2d ../lib/pegasus_crt.a(exec.o)
 .comment       0x000000000000002c       0x2d ../lib/pegasus_crt.a(main.o)
 .comment       0x000000000000002c       0x2d ../lib/pegasus_crt.a(exec.o)
 .comment       0x000000000000002c       0x2d ../lib/pegasus_crt.a(forkexit.o)
 .comment       0x000000000000002c       0x2d ../lib/pegasus_crt.a(mem.o)
 .comment       0x000000000000002c       0x2d ../lib/pegasus_crt.a(my_process.o)
 .comment       0x000000000000002c       0x2d ../lib/pegasus_crt.a(thread.o)

.gnu.build.attributes
 *(.gnu.build.attributes .gnu.build.attributes.*)

.debug
 *(.debug)

.line
 *(.line)

.debug_srcinfo
 *(.debug_srcinfo)

.debug_sfnames
 *(.debug_sfnames)

.debug_aranges  0x0000000000000000      0x2f8
 *(.debug_aranges)
 .debug_aranges
                0x0000000000000000       0x20 ../lib/pegasus_crt.a(exit.o)
 .debug_aranges
                0x0000000000000020       0x20 ../lib/pegasus_crt.a(kernel_main_old.o)
 .debug_aranges
                0x0000000000000040       0x20 ../lib/pegasus_crt.a(double_link_list.o)
 .debug_aranges
                0x0000000000000060       0x20 ../lib/pegasus_crt.a(kernel_main.o)
 .debug_aranges
                0x0000000000000080       0x20 ../lib/pegasus_crt.a(hd.o)
 .debug_aranges
                0x00000000000000a0       0x20 ../lib/pegasus_crt.a(fs_main.o)
 .debug_aranges
                0x00000000000000c0       0x18 ../lib/pegasus_crt.a(global.o)
 .debug_aranges
                0x00000000000000d8       0x20 ../lib/pegasus_crt.a(process.o)
 .debug_aranges
                0x00000000000000f8       0x20 ../lib/pegasus_crt.a(protect.o)
 .debug_aranges
                0x0000000000000118       0x20 ../lib/pegasus_crt.a(console.o)
 .debug_aranges
                0x0000000000000138       0x20 ../lib/pegasus_crt.a(keyboard.o)
 .debug_aranges
                0x0000000000000158       0x20 ../lib/pegasus_crt.a(open.o)
 .debug_aranges
                0x0000000000000178       0x20 ../lib/pegasus_crt.a(read.o)
 .debug_aranges
                0x0000000000000198       0x20 ../lib/pegasus_crt.a(write.o)
 .debug_aranges
                0x00000000000001b8       0x20 ../lib/pegasus_crt.a(close.o)
 .debug_aranges
                0x00000000000001d8       0x20 ../lib/pegasus_crt.a(wait.o)
 .debug_aranges
                0x00000000000001f8       0x20 ../lib/pegasus_crt.a(fork.o)
 .debug_aranges
                0x0000000000000218       0x20 ../lib/pegasus_crt.a(exec.o)
 .debug_aranges
                0x0000000000000238       0x20 ../lib/pegasus_crt.a(main.o)
 .debug_aranges
                0x0000000000000258       0x20 ../lib/pegasus_crt.a(exec.o)
 .debug_aranges
                0x0000000000000278       0x20 ../lib/pegasus_crt.a(forkexit.o)
 .debug_aranges
                0x0000000000000298       0x20 ../lib/pegasus_crt.a(mem.o)
 .debug_aranges
                0x00000000000002b8       0x20 ../lib/pegasus_crt.a(my_process.o)
 .debug_aranges
                0x00000000000002d8       0x20 ../lib/pegasus_crt.a(thread.o)

.debug_pubnames
 *(.debug_pubnames)

.debug_info     0x0000000000000000    0x1a561
 *(.debug_info .gnu.linkonce.wi.*)
 .debug_info    0x0000000000000000      0xd17 ../lib/pegasus_crt.a(exit.o)
 .debug_info    0x0000000000000d17     0x297b ../lib/pegasus_crt.a(kernel_main_old.o)
 .debug_info    0x0000000000003692      0xfa8 ../lib/pegasus_crt.a(double_link_list.o)
 .debug_info    0x000000000000463a      0xef5 ../lib/pegasus_crt.a(kernel_main.o)
 .debug_info    0x000000000000552f     0x1728 ../lib/pegasus_crt.a(hd.o)
 .debug_info    0x0000000000006c57     0x1e99 ../lib/pegasus_crt.a(fs_main.o)
 .debug_info    0x0000000000008af0      0xdee ../lib/pegasus_crt.a(global.o)
 .debug_info    0x00000000000098de      0xf05 ../lib/pegasus_crt.a(process.o)
 .debug_info    0x000000000000a7e3     0x1119 ../lib/pegasus_crt.a(protect.o)
 .debug_info    0x000000000000b8fc     0x11db ../lib/pegasus_crt.a(console.o)
 .debug_info    0x000000000000cad7      0xf42 ../lib/pegasus_crt.a(keyboard.o)
 .debug_info    0x000000000000da19      0xd54 ../lib/pegasus_crt.a(open.o)
 .debug_info    0x000000000000e76d      0xe05 ../lib/pegasus_crt.a(read.o)
 .debug_info    0x000000000000f572      0xd85 ../lib/pegasus_crt.a(write.o)
 .debug_info    0x00000000000102f7      0xd1a ../lib/pegasus_crt.a(close.o)
 .debug_info    0x0000000000011011      0xd25 ../lib/pegasus_crt.a(wait.o)
 .debug_info    0x0000000000011d36      0xd0c ../lib/pegasus_crt.a(fork.o)
 .debug_info    0x0000000000012a42      0xeb3 ../lib/pegasus_crt.a(exec.o)
 .debug_info    0x00000000000138f5      0xd2a ../lib/pegasus_crt.a(main.o)
 .debug_info    0x000000000001461f     0x117b ../lib/pegasus_crt.a(exec.o)
 .debug_info    0x000000000001579a      0xee6 ../lib/pegasus_crt.a(forkexit.o)
 .debug_info    0x0000000000016680     0x1bbc ../lib/pegasus_crt.a(mem.o)
 .debug_info    0x000000000001823c     0x1365 ../lib/pegasus_crt.a(my_process.o)
 .debug_info    0x00000000000195a1      0xfc0 ../lib/pegasus_crt.a(thread.o)

.debug_abbrev   0x0000000000000000     0x3311
 *(.debug_abbrev)
 .debug_abbrev  0x0000000000000000      0x19b ../lib/pegasus_crt.a(exit.o)
 .debug_abbrev  0x000000000000019b      0x44c ../lib/pegasus_crt.a(kernel_main_old.o)
 .debug_abbrev  0x00000000000005e7      0x216 ../lib/pegasus_crt.a(double_link_list.o)
 .debug_abbrev  0x00000000000007fd      0x1df ../lib/pegasus_crt.a(kernel_main.o)
 .debug_abbrev  0x00000000000009dc      0x2e3 ../lib/pegasus_crt.a(hd.o)
 .debug_abbrev  0x0000000000000cbf      0x2ef ../lib/pegasus_crt.a(fs_main.o)
 .debug_abbrev  0x0000000000000fae      0x157 ../lib/pegasus_crt.a(global.o)
 .debug_abbrev  0x0000000000001105      0x1e9 ../lib/pegasus_crt.a(process.o)
 .debug_abbrev  0x00000000000012ee      0x227 ../lib/pegasus_crt.a(protect.o)
 .debug_abbrev  0x0000000000001515      0x2ac ../lib/pegasus_crt.a(console.o)
 .debug_abbrev  0x00000000000017c1      0x1fb ../lib/pegasus_crt.a(keyboard.o)
 .debug_abbrev  0x00000000000019bc      0x1c5 ../lib/pegasus_crt.a(open.o)
 .debug_abbrev  0x0000000000001b81      0x1ef ../lib/pegasus_crt.a(read.o)
 .debug_abbrev  0x0000000000001d70      0x1c8 ../lib/pegasus_crt.a(write.o)
 .debug_abbrev  0x0000000000001f38      0x19d ../lib/pegasus_crt.a(close.o)
 .debug_abbrev  0x00000000000020d5      0x19f ../lib/pegasus_crt.a(wait.o)
 .debug_abbrev  0x0000000000002274      0x18a ../lib/pegasus_crt.a(fork.o)
 .debug_abbrev  0x00000000000023fe      0x1e8 ../lib/pegasus_crt.a(exec.o)
 .debug_abbrev  0x00000000000025e6      0x208 ../lib/pegasus_crt.a(main.o)
 .debug_abbrev  0x00000000000027ee      0x1e0 ../lib/pegasus_crt.a(exec.o)
 .debug_abbrev  0x00000000000029ce      0x204 ../lib/pegasus_crt.a(forkexit.o)
 .debug_abbrev  0x0000000000002bd2      0x2ea ../lib/pegasus_crt.a(mem.o)
 .debug_abbrev  0x0000000000002ebc      0x233 ../lib/pegasus_crt.a(my_process.o)
 .debug_abbrev  0x00000000000030ef      0x222 ../lib/pegasus_crt.a(thread.o)

.debug_line     0x0000000000000000     0x485b
 *(.debug_line .debug_line.* .debug_line_end)
 .debug_line    0x0000000000000000       0xa0 ../lib/pegasus_crt.a(exit.o)
 .debug_line    0x00000000000000a0      0xecd ../lib/pegasus_crt.a(kernel_main_old.o)
 .debug_line    0x0000000000000f6d      0x253 ../lib/pegasus_crt.a(double_link_list.o)
 .debug_line    0x00000000000011c0      0x187 ../lib/pegasus_crt.a(kernel_main.o)
 .debug_line    0x0000000000001347      0x609 ../lib/pegasus_crt.a(hd.o)
 .debug_line    0x0000000000001950      0xc11 ../lib/pegasus_crt.a(fs_main.o)
 .debug_line    0x0000000000002561       0x95 ../lib/pegasus_crt.a(global.o)
 .debug_line    0x00000000000025f6      0x193 ../lib/pegasus_crt.a(process.o)
 .debug_line    0x0000000000002789      0x1fb ../lib/pegasus_crt.a(protect.o)
 .debug_line    0x0000000000002984      0x54c ../lib/pegasus_crt.a(console.o)
 .debug_line    0x0000000000002ed0      0x296 ../lib/pegasus_crt.a(keyboard.o)
 .debug_line    0x0000000000003166       0xbc ../lib/pegasus_crt.a(open.o)
 .debug_line    0x0000000000003222      0x155 ../lib/pegasus_crt.a(read.o)
 .debug_line    0x0000000000003377       0xb8 ../lib/pegasus_crt.a(write.o)
 .debug_line    0x000000000000342f       0xad ../lib/pegasus_crt.a(close.o)
 .debug_line    0x00000000000034dc       0xb7 ../lib/pegasus_crt.a(wait.o)
 .debug_line    0x0000000000003593       0xae ../lib/pegasus_crt.a(fork.o)
 .debug_line    0x0000000000003641      0x190 ../lib/pegasus_crt.a(exec.o)
 .debug_line    0x00000000000037d1       0xec ../lib/pegasus_crt.a(main.o)
 .debug_line    0x00000000000038bd      0x248 ../lib/pegasus_crt.a(exec.o)
 .debug_line    0x0000000000003b05      0x18a ../lib/pegasus_crt.a(forkexit.o)
 .debug_line    0x0000000000003c8f      0x779 ../lib/pegasus_crt.a(mem.o)
 .debug_line    0x0000000000004408      0x30e ../lib/pegasus_crt.a(my_process.o)
 .debug_line    0x0000000000004716      0x145 ../lib/pegasus_crt.a(thread.o)

.debug_frame
 *(.debug_frame)

.debug_str      0x0000000000000000     0x1dad
 *(.debug_str)
 .debug_str     0x0000000000000000      0x47c ../lib/pegasus_crt.a(exit.o)
                                        0x53b (size before relaxing)
 .debug_str     0x000000000000047c      0x5ca ../lib/pegasus_crt.a(kernel_main_old.o)
                                        0xb9d (size before relaxing)
 .debug_str     0x0000000000000a46       0x97 ../lib/pegasus_crt.a(double_link_list.o)
                                        0x667 (size before relaxing)
 .debug_str     0x0000000000000add       0x64 ../lib/pegasus_crt.a(kernel_main.o)
                                        0x617 (size before relaxing)
 .debug_str     0x0000000000000b41      0x2aa ../lib/pegasus_crt.a(hd.o)
                                        0x8a3 (size before relaxing)
 .debug_str     0x0000000000000deb      0x460 ../lib/pegasus_crt.a(fs_main.o)
                                        0xa90 (size before relaxing)
 .debug_str     0x000000000000124b        0x9 ../lib/pegasus_crt.a(global.o)
                                        0x5a6 (size before relaxing)
 .debug_str     0x0000000000001254       0x37 ../lib/pegasus_crt.a(process.o)
                                        0x5e6 (size before relaxing)
 .debug_str     0x000000000000128b      0x11b ../lib/pegasus_crt.a(protect.o)
                                        0x701 (size before relaxing)
 .debug_str     0x00000000000013a6      0x10d ../lib/pegasus_crt.a(console.o)
                                        0x6f5 (size before relaxing)
 .debug_str     0x00000000000014b3       0x84 ../lib/pegasus_crt.a(keyboard.o)
                                        0x632 (size before relaxing)
 .debug_str     0x0000000000001537       0x20 ../lib/pegasus_crt.a(open.o)
                                        0x565 (size before relaxing)
 .debug_str     0x0000000000001557       0x51 ../lib/pegasus_crt.a(read.o)
                                        0x5a7 (size before relaxing)
 .debug_str     0x00000000000015a8        0xc ../lib/pegasus_crt.a(write.o)
                                        0x562 (size before relaxing)
 .debug_str     0x00000000000015b4        0xc ../lib/pegasus_crt.a(close.o)
                                        0x536 (size before relaxing)
 .debug_str     0x00000000000015c0        0xb ../lib/pegasus_crt.a(wait.o)
                                        0x53b (size before relaxing)
 .debug_str     0x00000000000015cb        0xb ../lib/pegasus_crt.a(fork.o)
                                        0x534 (size before relaxing)
 .debug_str     0x00000000000015d6       0x1e ../lib/pegasus_crt.a(exec.o)
                                        0x59a (size before relaxing)
 .debug_str     0x00000000000015f4       0x32 ../lib/pegasus_crt.a(main.o)
                                        0x52e (size before relaxing)
 .debug_str     0x0000000000001626      0x22f ../lib/pegasus_crt.a(exec.o)
                                        0x7c0 (size before relaxing)
 .debug_str     0x0000000000001855       0x74 ../lib/pegasus_crt.a(forkexit.o)
                                        0x598 (size before relaxing)
 .debug_str     0x00000000000018c9      0x310 ../lib/pegasus_crt.a(mem.o)
                                        0x9e7 (size before relaxing)
 .debug_str     0x0000000000001bd9      0x18a ../lib/pegasus_crt.a(my_process.o)
                                        0x858 (size before relaxing)
 .debug_str     0x0000000000001d63       0x4a ../lib/pegasus_crt.a(thread.o)
                                        0x6ad (size before relaxing)

.debug_loc
 *(.debug_loc)

.debug_macinfo
 *(.debug_macinfo)

.debug_weaknames
 *(.debug_weaknames)

.debug_funcnames
 *(.debug_funcnames)

.debug_typenames
 *(.debug_typenames)

.debug_varnames
 *(.debug_varnames)

.debug_pubtypes
 *(.debug_pubtypes)

.debug_ranges   0x0000000000000000       0x78
 *(.debug_ranges)
 .debug_ranges  0x0000000000000000       0x18 ../lib/pegasus_crt.a(kernel_main_old.o)
 .debug_ranges  0x0000000000000018       0x48 ../lib/pegasus_crt.a(hd.o)
 .debug_ranges  0x0000000000000060       0x18 ../lib/pegasus_crt.a(exec.o)

.debug_macro
 *(.debug_macro)

.debug_addr
 *(.debug_addr)

.gnu.attributes
 *(.gnu.attributes)

/DISCARD/
 *(.note.GNU-stack)
 *(.gnu_debuglink)
 *(.gnu.lto_*)
 *(.gnu_object_only)
OUTPUT(test elf32-i386)
