Archive member included to satisfy reference by file (symbol)

pegasus_crt.a(kernel_main_old.o)
                              test.o (Printf)
pegasus_crt.a(protect.o)      pegasus_crt.a(kernel_main_old.o) (InitInterruptDesc)
pegasus_crt.a(console.o)      pegasus_crt.a(kernel_main_old.o) (out_char)
pegasus_crt.a(process.o)      pegasus_crt.a(kernel_main_old.o) (schedule_process)
pegasus_crt.a(keyboard.o)     pegasus_crt.a(console.o) (keyboard_read)
pegasus_crt.a(mem.o)          pegasus_crt.a(kernel_main_old.o) (ptr_pde)
pegasus_crt.a(exec.o)         pegasus_crt.a(kernel_main_old.o) (execl)
pegasus_crt.a(exit.o)         start.o (exit)
pegasus_crt.a(wait.o)         pegasus_crt.a(kernel_main_old.o) (wait)
pegasus_crt.a(fork.o)         pegasus_crt.a(kernel_main_old.o) (fork)
pegasus_crt.a(read.o)         pegasus_crt.a(kernel_main_old.o) (read)
pegasus_crt.a(open.o)         pegasus_crt.a(kernel_main_old.o) (open)
pegasus_crt.a(write.o)        pegasus_crt.a(kernel_main_old.o) (write)
pegasus_crt.a(close.o)        pegasus_crt.a(kernel_main_old.o) (close)
pegasus_crt.a(kernel.o)       pegasus_crt.a(kernel_main_old.o) (disp_str)
pegasus_crt.a(switch_to.o)    pegasus_crt.a(process.o) (switch_to)
pegasus_crt.a(string.o)       pegasus_crt.a(kernel_main_old.o) (Memcpy2)
pegasus_crt.a(syscall.o)      pegasus_crt.a(kernel_main_old.o) (write_debug)
pegasus_crt.a(double_link_list.o)
                              pegasus_crt.a(mem.o) (initDoubleLinkList)
pegasus_crt.a(global.o)       pegasus_crt.a(protect.o) (proc_table)
pegasus_crt.a(netdev.o)       pegasus_crt.a(kernel.o) (net_handler)
pegasus_crt.a(task_network.o)
                              pegasus_crt.a(global.o) (task_network)
pegasus_crt.a(route.o)        pegasus_crt.a(netdev.o) (route_init)
pegasus_crt.a(hd.o)           pegasus_crt.a(global.o) (TaskHD)
pegasus_crt.a(fs_main.o)      pegasus_crt.a(global.o) (task_fs)
pegasus_crt.a(main.o)         pegasus_crt.a(global.o) (TaskMM)
pegasus_crt.a(strcmp.o)       pegasus_crt.a(fs_main.o) (strcmp)
pegasus_crt.a(perror.o)       pegasus_crt.a(netdev.o) (perror)
pegasus_crt.a(sscanf.o)       pegasus_crt.a(netdev.o) (sscanf)
pegasus_crt.a(ntohs.o)        pegasus_crt.a(netdev.o) (ntohs)
pegasus_crt.a(htons.o)        pegasus_crt.a(netdev.o) (htons)
pegasus_crt.a(inet_pton.o)    pegasus_crt.a(netdev.o) (inet_pton)
pegasus_crt.a(ntohl.o)        pegasus_crt.a(netdev.o) (ntohl)
pegasus_crt.a(hd_rdwt.o)      pegasus_crt.a(hd.o) (read_port)
pegasus_crt.a(ne2000.o)       pegasus_crt.a(netdev.o) (SetPageStart)
pegasus_crt.a(skbuff.o)       pegasus_crt.a(netdev.o) (alloc_skb)
pegasus_crt.a(forkexit.o)     pegasus_crt.a(main.o) (do_fork)
pegasus_crt.a(exec.o)         pegasus_crt.a(main.o) (do_exec)
pegasus_crt.a(atoi.o)         pegasus_crt.a(sscanf.o) (atoi)
pegasus_crt.a(strtok.o)       pegasus_crt.a(inet_pton.o) (strtok)
pegasus_crt.a(strpbrk.o)      pegasus_crt.a(strtok.o) (strpbrk)
pegasus_crt.a(my_process.o)   pegasus_crt.a(forkexit.o) (fork_process)
pegasus_crt.a(thread.o)       pegasus_crt.a(my_process.o) (thread_init)

Merging program properties

Removed property 0xc0010001 to merge test.o (0x1) and start.o (not found)
Removed property 0xc0010002 to merge test.o (0x0) and start.o (not found)
Removed property 0xc0010001 to merge test.o (not found) and pegasus_crt.a(kernel_main_old.o) (0x1)
Removed property 0xc0010002 to merge test.o (not found) and pegasus_crt.a(kernel_main_old.o) (0x1)
Removed property 0xc0010001 to merge test.o (not found) and pegasus_crt.a(protect.o) (0x1)
Removed property 0xc0010002 to merge test.o (not found) and pegasus_crt.a(protect.o) (0x0)
Removed property 0xc0010001 to merge test.o (not found) and pegasus_crt.a(console.o) (0x1)
Removed property 0xc0010002 to merge test.o (not found) and pegasus_crt.a(console.o) (0x1)
Removed property 0xc0010001 to merge test.o (not found) and pegasus_crt.a(process.o) (0x1)
Removed property 0xc0010002 to merge test.o (not found) and pegasus_crt.a(process.o) (0x0)
Removed property 0xc0010001 to merge test.o (not found) and pegasus_crt.a(keyboard.o) (0x1)
Removed property 0xc0010002 to merge test.o (not found) and pegasus_crt.a(keyboard.o) (0x0)
Removed property 0xc0010001 to merge test.o (not found) and pegasus_crt.a(mem.o) (0x1)
Removed property 0xc0010002 to merge test.o (not found) and pegasus_crt.a(mem.o) (0x1)
Removed property 0xc0010001 to merge test.o (not found) and pegasus_crt.a(exec.o) (0x1)
Removed property 0xc0010002 to merge test.o (not found) and pegasus_crt.a(exec.o) (0x0)
Removed property 0xc0010001 to merge test.o (not found) and pegasus_crt.a(exit.o) (0x1)
Removed property 0xc0010002 to merge test.o (not found) and pegasus_crt.a(exit.o) (0x0)
Removed property 0xc0010001 to merge test.o (not found) and pegasus_crt.a(wait.o) (0x1)
Removed property 0xc0010002 to merge test.o (not found) and pegasus_crt.a(wait.o) (0x0)
Removed property 0xc0010001 to merge test.o (not found) and pegasus_crt.a(fork.o) (0x1)
Removed property 0xc0010002 to merge test.o (not found) and pegasus_crt.a(fork.o) (0x0)
Removed property 0xc0010001 to merge test.o (not found) and pegasus_crt.a(read.o) (0x1)
Removed property 0xc0010002 to merge test.o (not found) and pegasus_crt.a(read.o) (0x0)
Removed property 0xc0010001 to merge test.o (not found) and pegasus_crt.a(open.o) (0x1)
Removed property 0xc0010002 to merge test.o (not found) and pegasus_crt.a(open.o) (0x0)
Removed property 0xc0010001 to merge test.o (not found) and pegasus_crt.a(write.o) (0x1)
Removed property 0xc0010002 to merge test.o (not found) and pegasus_crt.a(write.o) (0x0)
Removed property 0xc0010001 to merge test.o (not found) and pegasus_crt.a(close.o) (0x1)
Removed property 0xc0010002 to merge test.o (not found) and pegasus_crt.a(close.o) (0x0)
Removed property 0xc0010001 to merge test.o (not found) and pegasus_crt.a(double_link_list.o) (0x1)
Removed property 0xc0010002 to merge test.o (not found) and pegasus_crt.a(double_link_list.o) (0x0)
Removed property 0xc0010001 to merge test.o (not found) and pegasus_crt.a(global.o) (0x1)
Removed property 0xc0010002 to merge test.o (not found) and pegasus_crt.a(global.o) (0x0)
Removed property 0xc0010001 to merge test.o (not found) and pegasus_crt.a(netdev.o) (0x1)
Removed property 0xc0010002 to merge test.o (not found) and pegasus_crt.a(netdev.o) (0x0)
Removed property 0xc0010001 to merge test.o (not found) and pegasus_crt.a(task_network.o) (0x1)
Removed property 0xc0010002 to merge test.o (not found) and pegasus_crt.a(task_network.o) (0x0)
Removed property 0xc0010001 to merge test.o (not found) and pegasus_crt.a(route.o) (0x1)
Removed property 0xc0010002 to merge test.o (not found) and pegasus_crt.a(route.o) (0x0)
Removed property 0xc0010001 to merge test.o (not found) and pegasus_crt.a(hd.o) (0x1)
Removed property 0xc0010002 to merge test.o (not found) and pegasus_crt.a(hd.o) (0x1)
Removed property 0xc0010001 to merge test.o (not found) and pegasus_crt.a(fs_main.o) (0x1)
Removed property 0xc0010002 to merge test.o (not found) and pegasus_crt.a(fs_main.o) (0x1)
Removed property 0xc0010001 to merge test.o (not found) and pegasus_crt.a(main.o) (0x1)
Removed property 0xc0010002 to merge test.o (not found) and pegasus_crt.a(main.o) (0x0)
Removed property 0xc0010001 to merge test.o (not found) and pegasus_crt.a(strcmp.o) (0x1)
Removed property 0xc0010002 to merge test.o (not found) and pegasus_crt.a(strcmp.o) (0x1)
Removed property 0xc0010001 to merge test.o (not found) and pegasus_crt.a(perror.o) (0x1)
Removed property 0xc0010002 to merge test.o (not found) and pegasus_crt.a(perror.o) (0x0)
Removed property 0xc0010001 to merge test.o (not found) and pegasus_crt.a(sscanf.o) (0x1)
Removed property 0xc0010002 to merge test.o (not found) and pegasus_crt.a(sscanf.o) (0x0)
Removed property 0xc0010001 to merge test.o (not found) and pegasus_crt.a(ntohs.o) (0x1)
Removed property 0xc0010002 to merge test.o (not found) and pegasus_crt.a(ntohs.o) (0x0)
Removed property 0xc0010001 to merge test.o (not found) and pegasus_crt.a(htons.o) (0x1)
Removed property 0xc0010002 to merge test.o (not found) and pegasus_crt.a(htons.o) (0x0)
Removed property 0xc0010001 to merge test.o (not found) and pegasus_crt.a(inet_pton.o) (0x1)
Removed property 0xc0010002 to merge test.o (not found) and pegasus_crt.a(inet_pton.o) (0x0)
Removed property 0xc0010001 to merge test.o (not found) and pegasus_crt.a(ntohl.o) (0x1)
Removed property 0xc0010002 to merge test.o (not found) and pegasus_crt.a(ntohl.o) (0x0)
Removed property 0xc0010001 to merge test.o (not found) and pegasus_crt.a(skbuff.o) (0x1)
Removed property 0xc0010002 to merge test.o (not found) and pegasus_crt.a(skbuff.o) (0x0)
Removed property 0xc0010001 to merge test.o (not found) and pegasus_crt.a(forkexit.o) (0x1)
Removed property 0xc0010002 to merge test.o (not found) and pegasus_crt.a(forkexit.o) (0x0)
Removed property 0xc0010001 to merge test.o (not found) and pegasus_crt.a(exec.o) (0x1)
Removed property 0xc0010002 to merge test.o (not found) and pegasus_crt.a(exec.o) (0x0)
Removed property 0xc0010001 to merge test.o (not found) and pegasus_crt.a(atoi.o) (0x1)
Removed property 0xc0010002 to merge test.o (not found) and pegasus_crt.a(atoi.o) (0x0)
Removed property 0xc0010001 to merge test.o (not found) and pegasus_crt.a(strtok.o) (0x1)
Removed property 0xc0010002 to merge test.o (not found) and pegasus_crt.a(strtok.o) (0x0)
Removed property 0xc0010001 to merge test.o (not found) and pegasus_crt.a(strpbrk.o) (0x1)
Removed property 0xc0010002 to merge test.o (not found) and pegasus_crt.a(strpbrk.o) (0x0)
Removed property 0xc0010001 to merge test.o (not found) and pegasus_crt.a(my_process.o) (0x1)
Removed property 0xc0010002 to merge test.o (not found) and pegasus_crt.a(my_process.o) (0x1)
Removed property 0xc0010001 to merge test.o (not found) and pegasus_crt.a(thread.o) (0x1)
Removed property 0xc0010002 to merge test.o (not found) and pegasus_crt.a(thread.o) (0x0)

Allocating common symbols
Common symbol       size              file

current_tty         0x4               pegasus_crt.a(kernel_main_old.o)
file_desc_table     0x400             pegasus_crt.a(fs_main.o)
is_e0               0x1               pegasus_crt.a(kernel_main_old.o)
phy_super_block_buf
                    0x4               pegasus_crt.a(fs_main.o)
phy_fsbuf           0x4               pegasus_crt.a(fs_main.o)
idt_ptr             0x6               pegasus_crt.a(kernel_main_old.o)
pid                 0x4               pegasus_crt.a(kernel_main_old.o)
KernelVirtualMemory
                    0xc               pegasus_crt.a(kernel_main_old.o)
inode_table         0xa00             pegasus_crt.a(fs_main.o)
loop                0x4               pegasus_crt.a(netdev.o)
current_dis_pos     0x4               pegasus_crt.a(kernel_main_old.o)
dis_pos             0x4               pegasus_crt.a(kernel_main_old.o)
netdev              0x4               pegasus_crt.a(netdev.o)
k_reenter           0x4               pegasus_crt.a(kernel_main_old.o)
super_block_buf     0x4               pegasus_crt.a(fs_main.o)
gdt                 0x400             pegasus_crt.a(kernel_main_old.o)
proc_ready_table    0x4               pegasus_crt.a(kernel_main_old.o)
test_ticks          0x4               pegasus_crt.a(kernel_main_old.o)
hd_info             0x224             pegasus_crt.a(hd.o)
proc_stack          0x90000           pegasus_crt.a(global.o)
pcaller             0x4               pegasus_crt.a(kernel_main_old.o)
keyboard_buffer     0x20c             pegasus_crt.a(kernel_main_old.o)
pcb_list            0x10              pegasus_crt.a(kernel_main_old.o)
gdt_index           0x4               pegasus_crt.a(kernel_main_old.o)
tty_table           0x828             pegasus_crt.a(kernel_main_old.o)
tss                 0x6c              pegasus_crt.a(kernel_main_old.o)
KernelPool          0x10              pegasus_crt.a(kernel_main_old.o)
net_buf             0x4               pegasus_crt.a(kernel_main_old.o)
fsbuf               0x4               pegasus_crt.a(fs_main.o)
nic_current_page    0x1               pegasus_crt.a(kernel_main_old.o)
root                0x28              pegasus_crt.a(fs_main.o)
kernel_mem_block_decs_array
                    0xa8              pegasus_crt.a(mem.o)
counter             0x4               pegasus_crt.a(kernel_main_old.o)
key_pressed         0x4               pegasus_crt.a(kernel_main_old.o)
fork_pid            0x4               pegasus_crt.a(kernel_main_old.o)
is_shift            0x1               pegasus_crt.a(kernel_main_old.o)
net_data            0x1               pegasus_crt.a(kernel_main_old.o)
gdt_ptr             0x6               pegasus_crt.a(kernel_main_old.o)
idt                 0x800             pegasus_crt.a(kernel_main_old.o)
main_thread         0x4               pegasus_crt.a(kernel_main_old.o)
ticks               0x8               pegasus_crt.a(kernel_main_old.o)
is_init             0x1               pegasus_crt.a(kernel_main_old.o)
UserPool            0x10              pegasus_crt.a(kernel_main_old.o)
all_pcb_list        0x10              pegasus_crt.a(kernel_main_old.o)
console_table       0x10              pegasus_crt.a(kernel_main_old.o)
is_disp             0x1               pegasus_crt.a(kernel_main_old.o)
MAIN_THREAD_PAGE_DIRECTORY
                    0x4               pegasus_crt.a(kernel_main_old.o)
helloStr            0xc               pegasus_crt.a(kernel_main_old.o)
proc_table          0x1ad0            pegasus_crt.a(global.o)
hd_cache            0x200             pegasus_crt.a(hd.o)

Discarded input sections

 .note.GNU-stack
                0x00000000        0x0 test.o
 .note.gnu.property
                0x00000000       0x28 test.o
 .note.GNU-stack
                0x00000000        0x0 pegasus_crt.a(kernel_main_old.o)
 .note.gnu.property
                0x00000000       0x28 pegasus_crt.a(kernel_main_old.o)
 .note.GNU-stack
                0x00000000        0x0 pegasus_crt.a(protect.o)
 .note.gnu.property
                0x00000000       0x28 pegasus_crt.a(protect.o)
 .note.GNU-stack
                0x00000000        0x0 pegasus_crt.a(console.o)
 .note.gnu.property
                0x00000000       0x28 pegasus_crt.a(console.o)
 .note.GNU-stack
                0x00000000        0x0 pegasus_crt.a(process.o)
 .note.gnu.property
                0x00000000       0x28 pegasus_crt.a(process.o)
 .note.GNU-stack
                0x00000000        0x0 pegasus_crt.a(keyboard.o)
 .note.gnu.property
                0x00000000       0x28 pegasus_crt.a(keyboard.o)
 .note.GNU-stack
                0x00000000        0x0 pegasus_crt.a(mem.o)
 .note.gnu.property
                0x00000000       0x28 pegasus_crt.a(mem.o)
 .note.GNU-stack
                0x00000000        0x0 pegasus_crt.a(exec.o)
 .note.gnu.property
                0x00000000       0x28 pegasus_crt.a(exec.o)
 .note.GNU-stack
                0x00000000        0x0 pegasus_crt.a(exit.o)
 .note.gnu.property
                0x00000000       0x28 pegasus_crt.a(exit.o)
 .note.GNU-stack
                0x00000000        0x0 pegasus_crt.a(wait.o)
 .note.gnu.property
                0x00000000       0x28 pegasus_crt.a(wait.o)
 .note.GNU-stack
                0x00000000        0x0 pegasus_crt.a(fork.o)
 .note.gnu.property
                0x00000000       0x28 pegasus_crt.a(fork.o)
 .note.GNU-stack
                0x00000000        0x0 pegasus_crt.a(read.o)
 .note.gnu.property
                0x00000000       0x28 pegasus_crt.a(read.o)
 .note.GNU-stack
                0x00000000        0x0 pegasus_crt.a(open.o)
 .note.gnu.property
                0x00000000       0x28 pegasus_crt.a(open.o)
 .note.GNU-stack
                0x00000000        0x0 pegasus_crt.a(write.o)
 .note.gnu.property
                0x00000000       0x28 pegasus_crt.a(write.o)
 .note.GNU-stack
                0x00000000        0x0 pegasus_crt.a(close.o)
 .note.gnu.property
                0x00000000       0x28 pegasus_crt.a(close.o)
 .note.GNU-stack
                0x00000000        0x0 pegasus_crt.a(double_link_list.o)
 .note.gnu.property
                0x00000000       0x28 pegasus_crt.a(double_link_list.o)
 .note.GNU-stack
                0x00000000        0x0 pegasus_crt.a(global.o)
 .note.gnu.property
                0x00000000       0x28 pegasus_crt.a(global.o)
 .note.GNU-stack
                0x00000000        0x0 pegasus_crt.a(netdev.o)
 .note.gnu.property
                0x00000000       0x28 pegasus_crt.a(netdev.o)
 .note.GNU-stack
                0x00000000        0x0 pegasus_crt.a(task_network.o)
 .note.gnu.property
                0x00000000       0x28 pegasus_crt.a(task_network.o)
 .note.GNU-stack
                0x00000000        0x0 pegasus_crt.a(route.o)
 .note.gnu.property
                0x00000000       0x28 pegasus_crt.a(route.o)
 .note.GNU-stack
                0x00000000        0x0 pegasus_crt.a(hd.o)
 .note.gnu.property
                0x00000000       0x28 pegasus_crt.a(hd.o)
 .note.GNU-stack
                0x00000000        0x0 pegasus_crt.a(fs_main.o)
 .note.gnu.property
                0x00000000       0x28 pegasus_crt.a(fs_main.o)
 .note.GNU-stack
                0x00000000        0x0 pegasus_crt.a(main.o)
 .note.gnu.property
                0x00000000       0x28 pegasus_crt.a(main.o)
 .note.GNU-stack
                0x00000000        0x0 pegasus_crt.a(strcmp.o)
 .note.gnu.property
                0x00000000       0x28 pegasus_crt.a(strcmp.o)
 .note.GNU-stack
                0x00000000        0x0 pegasus_crt.a(perror.o)
 .note.gnu.property
                0x00000000       0x28 pegasus_crt.a(perror.o)
 .note.GNU-stack
                0x00000000        0x0 pegasus_crt.a(sscanf.o)
 .note.gnu.property
                0x00000000       0x28 pegasus_crt.a(sscanf.o)
 .note.GNU-stack
                0x00000000        0x0 pegasus_crt.a(ntohs.o)
 .note.gnu.property
                0x00000000       0x28 pegasus_crt.a(ntohs.o)
 .note.GNU-stack
                0x00000000        0x0 pegasus_crt.a(htons.o)
 .note.gnu.property
                0x00000000       0x28 pegasus_crt.a(htons.o)
 .note.GNU-stack
                0x00000000        0x0 pegasus_crt.a(inet_pton.o)
 .note.gnu.property
                0x00000000       0x28 pegasus_crt.a(inet_pton.o)
 .note.GNU-stack
                0x00000000        0x0 pegasus_crt.a(ntohl.o)
 .note.gnu.property
                0x00000000       0x28 pegasus_crt.a(ntohl.o)
 .note.GNU-stack
                0x00000000        0x0 pegasus_crt.a(skbuff.o)
 .note.gnu.property
                0x00000000       0x28 pegasus_crt.a(skbuff.o)
 .note.GNU-stack
                0x00000000        0x0 pegasus_crt.a(forkexit.o)
 .note.gnu.property
                0x00000000       0x28 pegasus_crt.a(forkexit.o)
 .note.GNU-stack
                0x00000000        0x0 pegasus_crt.a(exec.o)
 .note.gnu.property
                0x00000000       0x28 pegasus_crt.a(exec.o)
 .note.GNU-stack
                0x00000000        0x0 pegasus_crt.a(atoi.o)
 .note.gnu.property
                0x00000000       0x28 pegasus_crt.a(atoi.o)
 .note.GNU-stack
                0x00000000        0x0 pegasus_crt.a(strtok.o)
 .note.gnu.property
                0x00000000       0x28 pegasus_crt.a(strtok.o)
 .note.GNU-stack
                0x00000000        0x0 pegasus_crt.a(strpbrk.o)
 .note.gnu.property
                0x00000000       0x28 pegasus_crt.a(strpbrk.o)
 .note.GNU-stack
                0x00000000        0x0 pegasus_crt.a(my_process.o)
 .note.gnu.property
                0x00000000       0x28 pegasus_crt.a(my_process.o)
 .note.GNU-stack
                0x00000000        0x0 pegasus_crt.a(thread.o)
 .note.gnu.property
                0x00000000       0x28 pegasus_crt.a(thread.o)

Memory Configuration

Name             Origin             Length             Attributes
*default*        0x00000000         0xffffffff

Linker script and memory map

Address of section .text set to 0xb0800000
LOAD test.o
LOAD start.o
LOAD pegasus_crt.a
                [!provide]                        PROVIDE (__executable_start = SEGMENT_START ("text-segment", 0x8048000))
                0x080480d4                        . = (SEGMENT_START ("text-segment", 0x8048000) + SIZEOF_HEADERS)

.interp
 *(.interp)

.note.gnu.build-id
 *(.note.gnu.build-id)

.hash
 *(.hash)

.gnu.hash
 *(.gnu.hash)

.dynsym
 *(.dynsym)

.dynstr
 *(.dynstr)

.gnu.version
 *(.gnu.version)

.gnu.version_d
 *(.gnu.version_d)

.gnu.version_r
 *(.gnu.version_r)

.rel.dyn        0x080480d4        0x0
 *(.rel.init)
 *(.rel.text .rel.text.* .rel.gnu.linkonce.t.*)
 .rel.text      0x080480d4        0x0 test.o
 *(.rel.fini)
 *(.rel.rodata .rel.rodata.* .rel.gnu.linkonce.r.*)
 *(.rel.data.rel.ro .rel.data.rel.ro.* .rel.gnu.linkonce.d.rel.ro.*)
 *(.rel.data .rel.data.* .rel.gnu.linkonce.d.*)
 *(.rel.tdata .rel.tdata.* .rel.gnu.linkonce.td.*)
 *(.rel.tbss .rel.tbss.* .rel.gnu.linkonce.tb.*)
 *(.rel.ctors)
 *(.rel.dtors)
 *(.rel.got)
 .rel.got       0x080480d4        0x0 test.o
 *(.rel.bss .rel.bss.* .rel.gnu.linkonce.b.*)
 *(.rel.ifunc)

.rel.plt        0x080480d4        0x0
 *(.rel.plt)
                [!provide]                        PROVIDE (__rel_iplt_start = .)
 *(.rel.iplt)
 .rel.iplt      0x080480d4        0x0 test.o
                [!provide]                        PROVIDE (__rel_iplt_end = .)

.relr.dyn
 *(.relr.dyn)
                0x08049000                        . = ALIGN (CONSTANT (MAXPAGESIZE))

.init
 *(SORT_NONE(.init))

.plt            0x08049000        0x0
 *(.plt)
 *(.iplt)
 .iplt          0x08049000        0x0 test.o

.plt.got
 *(.plt.got)

.plt.sec
 *(.plt.sec)

.text           0xb0800000     0xb934
 *(.text.unlikely .text.*_unlikely .text.unlikely.*)
 *(.text.exit .text.exit.*)
 *(.text.startup .text.startup.*)
 *(.text.hot .text.hot.*)
 *(SORT_BY_NAME(.text.sorted.*))
 *(.text .stub .text.* .gnu.linkonce.t.*)
 .text          0xb0800000       0x3e test.o
                0xb0800000                main
 *fill*         0xb080003e        0x2 
 .text          0xb0800040       0x15 start.o
                0xb0800040                _start
 .text          0xb0800055     0x2de1 pegasus_crt.a(kernel_main_old.o)
                0xb0800055                stop_here
                0xb0800099                catch_error
                0xb08000fe                intr_enable
                0xb0800127                intr_disable
                0xb0800150                intr_set_status
                0xb080016e                intr_get_status
                0xb080018b                Memcpy
                0xb08001be                untar
                0xb08004ce                num_to_string
                0xb0800574                disp_int
                0xb080059d                do_page_fault
                0xb08006da                exception_handler
                0xb08008c5                init_internal_interrupt
                0xb0800a3a                spurious_irq
                0xb0800ac8                init_keyboard
                0xb0800b0b                TestTTY
                0xb0800baa                TestReadReturnValue
                0xb0800c27                TestWriteReturnValue
                0xb0800cfb                TestFS2
                0xb0800d09                TestFS
                0xb08011ab                wait_exit
                0xb08012a9                INIT_fork
                0xb080159c                simple_shell
                0xb0801723                test_shell
                0xb080178b                test_exec
                0xb080187e                INIT
                0xb080188b                TestA
                0xb08018c0                delay
                0xb0801904                TestB
                0xb080191c                TestC
                0xb080194f                sys_get_ticks
                0xb080195f                sys_write
                0xb08019b3                milli_delay
                0xb08019ef                TaskSys
                0xb08019f4                Printf
                0xb0801ac6                sprintf
                0xb0801af2                vsprintf
                0xb0801c9e                printx
                0xb0801ce1                sys_printx
                0xb0801dad                spin
                0xb0801dd3                panic
                0xb0801df1                assertion_failure
                0xb0801e63                assertion_failure2
                0xb0801ed8                dead_lock
                0xb0801ee2                sys_send_msg
                0xb0802401                sys_receive_msg
                0xb0802a61                send_rec
                0xb0802b5c                block
                0xb0802b98                unblock
                0xb0802be8                get_ticks_ipc
                0xb0802c3f                itoa
                0xb0802c95                i2a
                0xb0802cfb                inform_int
                0xb0802dc7                deprecate_strcmp
 .text          0xb0802e36      0x3b3 pegasus_crt.a(protect.o)
                0xb0802e36                InitDescriptor
                0xb0802ea3                Seg2PhyAddr
                0xb0802ee4                Seg2PhyAddrLDT
                0xb0802f28                VirAddr2PhyAddr
                0xb0802f3e                v2l
                0xb0802f81                init_propt
                0xb0803102                InitInterruptDesc
                0xb080315e                ReloadGDT
 .text          0xb08031e9      0xaca pegasus_crt.a(console.o)
                0xb08031e9                select_console
                0xb0803225                flush
                0xb080325e                set_cursor
                0xb08032bc                set_console_start_video_addr
                0xb080331a                put_key
                0xb0803386                scroll_up
                0xb08033c8                scroll_down
                0xb0803433                out_char
                0xb08035f0                tty_dev_read
                0xb080361a                tty_dev_write
                0xb0803847                tty_do_read
                0xb080390f                tty_do_write
                0xb0803a72                init_screen
                0xb0803afb                init_tty
                0xb0803bb0                TaskTTY
 .text          0xb0803cb3      0x2b7 pegasus_crt.a(process.o)
                0xb0803cb3                schedule_process
                0xb0803e79                clock_handler
                0xb0803eef                pid2proc
                0xb0803f53                proc2pid
 .text          0xb0803f6a      0x40f pegasus_crt.a(keyboard.o)
                0xb0803f6a                keyboard_handler
                0xb0803fee                read_from_keyboard_buf
                0xb0804054                keyboard_read
                0xb08041d3                init_keyboard_handler
                0xb08041e7                in_process
 .text          0xb0804379     0x111f pegasus_crt.a(mem.o)
                0xb0804379                init_bitmap
                0xb080439c                test_bit_val
                0xb0804405                set_bit_val
                0xb0804480                set_bits
                0xb08044ba                get_first_free_bit
                0xb08044fe                get_bits
                0xb08045c6                get_a_page
                0xb080467a                get_virtual_address_start_with_addr
                0xb0804714                get_virtual_address
                0xb08047a4                ptr_pde
                0xb08047b7                ptr_pte
                0xb08047de                add_map_entry
                0xb080486f                alloc_virtual_memory
                0xb0804942                get_physical_address_proc
                0xb08049be                get_physical_address
                0xb08049f0                alloc_physical_memory_of_proc
                0xb0804adf                alloc_physical_memory
                0xb0804ba7                alloc_memory
                0xb0804c09                get_a_virtual_page
                0xb0804c41                block2arena
                0xb0804c57                sys_malloc2
                0xb0804f84                remove_map_entry
                0xb0804fa5                free_a_page
                0xb080504c                sys_free2
                0xb0805052                init_memory_block_desc
                0xb0805123                init_memory2
                0xb0805358                init_memory
 .text          0xb0805498      0x285 pegasus_crt.a(exec.o)
                0xb0805498                exec
                0xb0805509                execv
                0xb08056f8                execl
 .text          0xb080571d       0x2f pegasus_crt.a(exit.o)
                0xb080571d                exit
 .text          0xb080574c       0x44 pegasus_crt.a(wait.o)
                0xb080574c                wait
 .text          0xb0805790       0x48 pegasus_crt.a(fork.o)
                0xb0805790                fork
 .text          0xb08057d8      0x181 pegasus_crt.a(read.o)
                0xb08057d8                read
 .text          0xb0805959       0x95 pegasus_crt.a(open.o)
                0xb0805959                open
 .text          0xb08059ee       0x85 pegasus_crt.a(write.o)
                0xb08059ee                write
 .text          0xb0805a73       0x52 pegasus_crt.a(close.o)
                0xb0805a73                close
 *fill*         0xb0805ac5        0xb 
 .text          0xb0805ad0      0x3d5 pegasus_crt.a(kernel.o)
                0xb0805ad0                InterruptTest
                0xb0805adc                disp_str_len
                0xb0805b29                disp_str
                0xb0805b64                disp_str_colour
                0xb0805ba0                divide_zero_fault
                0xb0805ba6                single_step_fault
                0xb0805bac                non_maskable_interrupt
                0xb0805bb2                breakpoint_trap
                0xb0805bb8                overflow_trap
                0xb0805bbe                bound_range_exceeded_fault
                0xb0805bc4                invalid_opcode_fault
                0xb0805bca                coprocessor_not_available_fault
                0xb0805bd0                double_fault_exception_abort
                0xb0805bd4                coprocessor_segment_overrun
                0xb0805bda                invalid_task_state_segment_fault
                0xb0805bde                segment_not_present_fault
                0xb0805be2                stack_exception_fault
                0xb0805be6                general_protection_exception_fault
                0xb0805bf1                page_fault
                0xb0805bf5                coprocessor_error_fault
                0xb0805bfb                align_check_fault
                0xb0805bff                simd_float_exception_fault
                0xb0805c0e                hwint0
                0xb0805c3e                hwint1
                0xb0805c81                hwint14
                0xb0805cc7                hwint10
                0xb0805d0a                sys_call
                0xb0805d50                fork_restart
                0xb0805d5f                restart
                0xb0805d82                in_byte
                0xb0805d8e                out_byte
                0xb0805db0                disable_int
                0xb0805db2                enable_int
                0xb0805e48                enable_8259A_casecade_irq
                0xb0805e52                disable_8259A_casecade_irq
                0xb0805e5c                enable_8259A_slave_winchester_irq
                0xb0805e66                disable_8259A_slave_winchester_irq
                0xb0805e70                update_cr3
                0xb0805e7d                update_tss
                0xb0805e8c                get_running_thread_pcb
                0xb0805e92                sys_call_test
                0xb0805e95                enable_8259A_slave_net_irq
 *fill*         0xb0805ea5        0xb 
 .text          0xb0805eb0       0x15 pegasus_crt.a(switch_to.o)
                0xb0805eb0                switch_to
 *fill*         0xb0805ec5        0xb 
 .text          0xb0805ed0       0x6a pegasus_crt.a(syscall.o)
                0xb0805ed0                write_debug
                0xb0805ee0                send_msg
                0xb0805ef6                receive_msg
                0xb0805f0c                sys_malloc
                0xb0805f21                sys_free
 .text          0xb0805f3a      0x2ee pegasus_crt.a(double_link_list.o)
                0xb0805f3a                initDoubleLinkList
                0xb0805f8a                isListEmpty
                0xb0805fb8                findElementInList
                0xb080604f                appendToDoubleLinkList
                0xb0806115                insertToDoubleLinkList
                0xb0806199                popFromDoubleLinkList
 .text          0xb0806228        0x0 pegasus_crt.a(global.o)
 .text          0xb0806228      0x804 pegasus_crt.a(netdev.o)
                0xb08063ad                netdev_init
                0xb08063f4                netdev_transmit
                0xb08064dd                interrupt_wait2
                0xb080652d                netdev_rx_loop
                0xb0806664                netdev_get
                0xb080669f                free_netdev
                0xb08066ca                local_ipaddress
                0xb0806707                receive_msg_from_nic
                0xb08068ea                receive_msg_from_nic2
                0xb0806a16                net_handler
 .text          0xb0806a2c       0x9e pegasus_crt.a(task_network.o)
                0xb0806a2c                task_network
                0xb0806aac                task_netdev_rx
 .text          0xb0806aca      0x295 pegasus_crt.a(route.o)
                0xb0806bf7                route_add
                0xb0806c3c                route_init
                0xb0806cc3                route_lookup
                0xb0806d0e                free_routes
 .text          0xb0806d5f      0xe60 pegasus_crt.a(hd.o)
                0xb0806d5f                TaskHD
                0xb0806da4                init_hd
                0xb0806dbe                hd_handle
                0xb0806ec3                hd_cmd_out
                0xb0806fc5                hd_identify
                0xb080707c                print_hdinfo
                0xb080720a                print_dpt_entry
                0xb0807276                get_partition_table
                0xb0807355                partition
                0xb080756f                hd_open
                0xb0807616                get_hd_ioctl
                0xb08076c7                wait_for
                0xb08076f8                interrupt_wait
                0xb0807748                hd_rdwt
                0xb08079e7                hd_handler
                0xb0807a18                debug_ticks
                0xb0807a56                waitfor
                0xb0807a9a                print_hd_info
                0xb0807b87                is_empty
 .text          0xb0807bbf     0x2069 pegasus_crt.a(fs_main.o)
                0xb0807bbf                task_fs
                0xb0807dca                rd_wt
                0xb0807ea3                mkfs
                0xb0808485                init_fs
                0xb08084d9                do_open
                0xb08086e2                search_file
                0xb0808814                strip_path
                0xb08088e0                get_inode
                0xb0808aa2                create_file
                0xb0808bad                alloc_imap_bit
                0xb0808caa                alloc_smap_bit
                0xb0808e4b                new_inode
                0xb0808f69                new_dir_entry
                0xb0809175                do_unlink
                0xb0809651                do_rdwt
                0xb08099dc                sync_inode
                0xb0809b30                put_inode
                0xb0809b6e                do_close
                0xb0809bc0                get_super_block
 .text          0xb0809c28      0x148 pegasus_crt.a(main.o)
                0xb0809c28                TaskMM
                0xb0809d51                alloc_mem
 .text          0xb0809d70       0xa8 pegasus_crt.a(strcmp.o)
                0xb0809d70                strcmp
 .text          0xb0809e18       0x17 pegasus_crt.a(perror.o)
                0xb0809e18                perror
 .text          0xb0809e2f      0x2c1 pegasus_crt.a(sscanf.o)
                0xb0809e2f                sscanf
 .text          0xb080a0f0       0x38 pegasus_crt.a(ntohs.o)
                0xb080a0f0                ntohs
 .text          0xb080a128       0x38 pegasus_crt.a(htons.o)
                0xb080a128                htons
 .text          0xb080a160      0x295 pegasus_crt.a(inet_pton.o)
                0xb080a160                isValidIPv4
                0xb080a2ea                inet_pton
 .text          0xb080a3f5       0x7c pegasus_crt.a(ntohl.o)
                0xb080a3f5                ntohl
 *fill*         0xb080a471        0xf 
 .text          0xb080a480      0x25e pegasus_crt.a(ne2000.o)
                0xb080a4a3                DriverInitialize
                0xb080a52d                SetPageStart
                0xb080a555                DriverSend
                0xb080a5cd                PCtoNIC
                0xb080a63b                get_interrupt_status
                0xb080a651                set_interrupt_status
                0xb080a66a                get_curr_page
                0xb080a687                NICtoPC
 .text          0xb080a6de      0x15b pegasus_crt.a(skbuff.o)
                0xb080a6f7                alloc_skb
                0xb080a788                free_skb
                0xb080a7bb                skb_reserve
                0xb080a7d7                skb_push
                0xb080a806                skb_head
                0xb080a811                skb_reset_header
 .text          0xb080a839      0x24f pegasus_crt.a(forkexit.o)
                0xb080a839                do_fork
                0xb080a8a7                do_exit
                0xb080a931                do_wait
                0xb080aa2e                cleanup
 .text          0xb080aa88      0x419 pegasus_crt.a(exec.o)
                0xb080aa88                do_exec
 .text          0xb080aea1       0x9c pegasus_crt.a(atoi.o)
                0xb080aea1                atoi
 .text          0xb080af3d       0x85 pegasus_crt.a(strtok.o)
                0xb080af3d                strtok
 .text          0xb080afc2       0x90 pegasus_crt.a(strpbrk.o)
                0xb080afc2                strpbrk
 .text          0xb080b052      0x730 pegasus_crt.a(my_process.o)
                0xb080b052                create_user_process_address_space
                0xb080b0e2                user_process
                0xb080b20f                clone_pcb
                0xb080b381                build_body_stack
                0xb080b4b4                build_process_kernel_stack
                0xb080b577                fork_process
                0xb080b608                process_execute
 .text          0xb080b782      0x1b2 pegasus_crt.a(thread.o)
                0xb080b782                kernel_thread
                0xb080b79a                thread_init
                0xb080b847                thread_create
                0xb080b87c                thread_start
 *(.gnu.warning)

.fini
 *(SORT_NONE(.fini))
                [!provide]                        PROVIDE (__etext = .)
                [!provide]                        PROVIDE (_etext = .)
                [!provide]                        PROVIDE (etext = .)
                0xb080c000                        . = ALIGN (CONSTANT (MAXPAGESIZE))
                0xb080c000                        . = SEGMENT_START ("rodata-segment", (ALIGN (CONSTANT (MAXPAGESIZE)) + (. & (CONSTANT (MAXPAGESIZE) - 0x1))))

.rodata         0xb080c000     0x12b9
 *(.rodata .rodata.* .gnu.linkonce.r.*)
 .rodata        0xb080c000       0x10 test.o
 *fill*         0xb080c010       0x10 
 .rodata        0xb080c020      0xb61 pegasus_crt.a(kernel_main_old.o)
 .rodata        0xb080cb81       0x22 pegasus_crt.a(console.o)
 *fill*         0xb080cba3        0x1 
 .rodata        0xb080cba4       0x4c pegasus_crt.a(process.o)
 .rodata        0xb080cbf0       0x5a pegasus_crt.a(mem.o)
 .rodata        0xb080cc4a       0x2d pegasus_crt.a(exec.o)
 .rodata        0xb080cc77       0x2a pegasus_crt.a(close.o)
 .rodata        0xb080cca1       0x3c pegasus_crt.a(double_link_list.o)
 *fill*         0xb080ccdd        0x3 
 .rodata        0xb080cce0      0x17a pegasus_crt.a(netdev.o)
 *fill*         0xb080ce5a        0x2 
 .rodata        0xb080ce5c       0x3d pegasus_crt.a(task_network.o)
 *fill*         0xb080ce99        0x3 
 .rodata        0xb080ce9c       0x37 pegasus_crt.a(route.o)
 *fill*         0xb080ced3        0x1 
 .rodata        0xb080ced4      0x19c pegasus_crt.a(hd.o)
 .rodata        0xb080d070      0x1fb pegasus_crt.a(fs_main.o)
                0xb080d070                FSBUF_SIZE
 .rodata        0xb080d26b       0x11 pegasus_crt.a(main.o)
 .rodata        0xb080d27c        0x3 pegasus_crt.a(inet_pton.o)
 .rodata        0xb080d27f        0x9 pegasus_crt.a(skbuff.o)
 .rodata        0xb080d288       0x21 pegasus_crt.a(forkexit.o)
 .rodata        0xb080d2a9       0x10 pegasus_crt.a(exec.o)

.txt            0xb080d2b9       0xaa
 .txt           0xb080d2b9       0x82 pegasus_crt.a(string.o)
                0xb080d2b9                Memcpy2
                0xb080d2e7                Memset
                0xb080d306                Strcpy
                0xb080d320                Strlen
 .txt           0xb080d33b       0x28 pegasus_crt.a(hd_rdwt.o)
                0xb080d33b                read_port
                0xb080d34f                write_port

.rodata1
 *(.rodata1)

.eh_frame_hdr
 *(.eh_frame_hdr)
 *(.eh_frame_entry .eh_frame_entry.*)

.eh_frame       0xb080d364     0x1d44
 *(.eh_frame)
 .eh_frame      0xb080d364       0x44 test.o
 .eh_frame      0xb080d3a8      0x6cc pegasus_crt.a(kernel_main_old.o)
                                0x6e4 (size before relaxing)
 .eh_frame      0xb080da74      0x100 pegasus_crt.a(protect.o)
                                0x118 (size before relaxing)
 .eh_frame      0xb080db74      0x1e0 pegasus_crt.a(console.o)
                                0x1f8 (size before relaxing)
 .eh_frame      0xb080dd54       0x80 pegasus_crt.a(process.o)
                                 0x98 (size before relaxing)
 .eh_frame      0xb080ddd4       0xa0 pegasus_crt.a(keyboard.o)
                                 0xb8 (size before relaxing)
 .eh_frame      0xb080de74      0x364 pegasus_crt.a(mem.o)
                                0x37c (size before relaxing)
 .eh_frame      0xb080e1d8       0x60 pegasus_crt.a(exec.o)
                                 0x78 (size before relaxing)
 .eh_frame      0xb080e238       0x20 pegasus_crt.a(exit.o)
                                 0x38 (size before relaxing)
 .eh_frame      0xb080e258       0x20 pegasus_crt.a(wait.o)
                                 0x38 (size before relaxing)
 .eh_frame      0xb080e278       0x20 pegasus_crt.a(fork.o)
                                 0x38 (size before relaxing)
 .eh_frame      0xb080e298       0x20 pegasus_crt.a(read.o)
                                 0x38 (size before relaxing)
 .eh_frame      0xb080e2b8       0x20 pegasus_crt.a(open.o)
                                 0x38 (size before relaxing)
 .eh_frame      0xb080e2d8       0x20 pegasus_crt.a(write.o)
                                 0x38 (size before relaxing)
 .eh_frame      0xb080e2f8       0x20 pegasus_crt.a(close.o)
                                 0x38 (size before relaxing)
 .eh_frame      0xb080e318       0xc0 pegasus_crt.a(double_link_list.o)
                                 0xd8 (size before relaxing)
 .eh_frame      0xb080e3d8      0x214 pegasus_crt.a(netdev.o)
                                0x22c (size before relaxing)
 .eh_frame      0xb080e5ec       0x3c pegasus_crt.a(task_network.o)
                                 0x54 (size before relaxing)
 .eh_frame      0xb080e628      0x124 pegasus_crt.a(route.o)
                                0x13c (size before relaxing)
 .eh_frame      0xb080e74c      0x264 pegasus_crt.a(hd.o)
                                0x27c (size before relaxing)
 .eh_frame      0xb080e9b0      0x27c pegasus_crt.a(fs_main.o)
                                0x294 (size before relaxing)
 .eh_frame      0xb080ec2c       0x3c pegasus_crt.a(main.o)
                                 0x54 (size before relaxing)
 .eh_frame      0xb080ec68       0x20 pegasus_crt.a(strcmp.o)
                                 0x38 (size before relaxing)
 .eh_frame      0xb080ec88       0x20 pegasus_crt.a(perror.o)
                                 0x38 (size before relaxing)
 .eh_frame      0xb080eca8       0x20 pegasus_crt.a(sscanf.o)
                                 0x38 (size before relaxing)
 .eh_frame      0xb080ecc8       0x20 pegasus_crt.a(ntohs.o)
                                 0x38 (size before relaxing)
 .eh_frame      0xb080ece8       0x20 pegasus_crt.a(htons.o)
                                 0x38 (size before relaxing)
 .eh_frame      0xb080ed08       0x40 pegasus_crt.a(inet_pton.o)
                                 0x58 (size before relaxing)
 .eh_frame      0xb080ed48       0x20 pegasus_crt.a(ntohl.o)
                                 0x38 (size before relaxing)
 .eh_frame      0xb080ed68       0xe0 pegasus_crt.a(skbuff.o)
                                 0xf8 (size before relaxing)
 .eh_frame      0xb080ee48       0x80 pegasus_crt.a(forkexit.o)
                                 0x98 (size before relaxing)
 .eh_frame      0xb080eec8       0x20 pegasus_crt.a(exec.o)
                                 0x38 (size before relaxing)
 .eh_frame      0xb080eee8       0x20 pegasus_crt.a(atoi.o)
                                 0x38 (size before relaxing)
 .eh_frame      0xb080ef08       0x20 pegasus_crt.a(strtok.o)
                                 0x38 (size before relaxing)
 .eh_frame      0xb080ef28       0x20 pegasus_crt.a(strpbrk.o)
                                 0x38 (size before relaxing)
 .eh_frame      0xb080ef48       0xe0 pegasus_crt.a(my_process.o)
                                 0xf8 (size before relaxing)
 .eh_frame      0xb080f028       0x80 pegasus_crt.a(thread.o)
                                 0x98 (size before relaxing)
 *(.eh_frame.*)

.sframe
 *(.sframe)
 *(.sframe.*)

.gcc_except_table
 *(.gcc_except_table .gcc_except_table.*)

.gnu_extab
 *(.gnu_extab*)

.exception_ranges
 *(.exception_ranges*)
                0xb0810000                        . = DATA_SEGMENT_ALIGN (CONSTANT (MAXPAGESIZE), CONSTANT (COMMONPAGESIZE))

.eh_frame
 *(.eh_frame)
 *(.eh_frame.*)

.sframe
 *(.sframe)
 *(.sframe.*)

.gnu_extab
 *(.gnu_extab)

.gcc_except_table
 *(.gcc_except_table .gcc_except_table.*)

.exception_ranges
 *(.exception_ranges*)

.tdata          0xb0810000        0x0
                [!provide]                        PROVIDE (__tdata_start = .)
 *(.tdata .tdata.* .gnu.linkonce.td.*)

.tbss
 *(.tbss .tbss.* .gnu.linkonce.tb.*)
 *(.tcommon)

.preinit_array  0xb0810000        0x0
                [!provide]                        PROVIDE (__preinit_array_start = .)
 *(.preinit_array)
                [!provide]                        PROVIDE (__preinit_array_end = .)

.init_array     0xb0810000        0x0
                [!provide]                        PROVIDE (__init_array_start = .)
 *(SORT_BY_INIT_PRIORITY(.init_array.*) SORT_BY_INIT_PRIORITY(.ctors.*))
 *(.init_array EXCLUDE_FILE(*crtend?.o *crtend.o *crtbegin?.o *crtbegin.o) .ctors)
                [!provide]                        PROVIDE (__init_array_end = .)

.fini_array     0xb0810000        0x0
                [!provide]                        PROVIDE (__fini_array_start = .)
 *(SORT_BY_INIT_PRIORITY(.fini_array.*) SORT_BY_INIT_PRIORITY(.dtors.*))
 *(.fini_array EXCLUDE_FILE(*crtend?.o *crtend.o *crtbegin?.o *crtbegin.o) .dtors)
                [!provide]                        PROVIDE (__fini_array_end = .)

.ctors
 *crtbegin.o(.ctors)
 *crtbegin?.o(.ctors)
 *(EXCLUDE_FILE(*crtend?.o *crtend.o) .ctors)
 *(SORT_BY_NAME(.ctors.*))
 *(.ctors)

.dtors
 *crtbegin.o(.dtors)
 *crtbegin?.o(.dtors)
 *(EXCLUDE_FILE(*crtend?.o *crtend.o) .dtors)
 *(SORT_BY_NAME(.dtors.*))
 *(.dtors)

.jcr
 *(.jcr)

.data.rel.ro
 *(.data.rel.ro.local* .gnu.linkonce.d.rel.ro.local.*)
 *(.data.rel.ro .data.rel.ro.* .gnu.linkonce.d.rel.ro.*)

.dynamic
 *(.dynamic)

.got            0xb0810000        0x0
 *(.got)
 .got           0xb0810000        0x0 test.o
 *(.igot)
                0xb0810000                        . = DATA_SEGMENT_RELRO_END (., (SIZEOF (.got.plt) >= 0xc)?0xc:0x0)

.got.plt        0xb0810000        0x0
 *(.got.plt)
 .got.plt       0xb0810000        0x0 test.o
 *(.igot.plt)
 .igot.plt      0xb0810000        0x0 test.o

.data           0xb0810000      0x794
 *(.data .data.* .gnu.linkonce.d.*)
 .data          0xb0810000        0x0 test.o
 .data          0xb0810000        0x0 pegasus_crt.a(kernel_main_old.o)
 .data          0xb0810000        0x0 pegasus_crt.a(protect.o)
 .data          0xb0810000        0x0 pegasus_crt.a(console.o)
 .data          0xb0810000        0x0 pegasus_crt.a(process.o)
 .data          0xb0810000      0x600 pegasus_crt.a(keyboard.o)
                0xb0810000                keymap
 .data          0xb0810600        0x0 pegasus_crt.a(mem.o)
 .data          0xb0810600        0x0 pegasus_crt.a(exec.o)
 .data          0xb0810600        0x0 pegasus_crt.a(exit.o)
 .data          0xb0810600        0x0 pegasus_crt.a(wait.o)
 .data          0xb0810600        0x0 pegasus_crt.a(fork.o)
 .data          0xb0810600        0x0 pegasus_crt.a(read.o)
 .data          0xb0810600        0x0 pegasus_crt.a(open.o)
 .data          0xb0810600        0x0 pegasus_crt.a(write.o)
 .data          0xb0810600        0x0 pegasus_crt.a(close.o)
 .data          0xb0810600        0xf pegasus_crt.a(kernel.o)
 *fill*         0xb081060f        0x1 
 .data          0xb0810610        0x0 pegasus_crt.a(syscall.o)
 .data          0xb0810610        0x0 pegasus_crt.a(double_link_list.o)
 *fill*         0xb0810610       0x10 
 .data          0xb0810620      0x160 pegasus_crt.a(global.o)
                0xb0810620                user_task_table
                0xb08106a0                sys_task_table
                0xb0810764                sys_call_table
 .data          0xb0810780        0x4 pegasus_crt.a(netdev.o)
 .data          0xb0810784        0x0 pegasus_crt.a(task_network.o)
 .data          0xb0810784        0xc pegasus_crt.a(route.o)
 .data          0xb0810790        0x0 pegasus_crt.a(hd.o)
 .data          0xb0810790        0x0 pegasus_crt.a(fs_main.o)
 .data          0xb0810790        0x0 pegasus_crt.a(main.o)
 .data          0xb0810790        0x0 pegasus_crt.a(strcmp.o)
 .data          0xb0810790        0x0 pegasus_crt.a(perror.o)
 .data          0xb0810790        0x0 pegasus_crt.a(sscanf.o)
 .data          0xb0810790        0x0 pegasus_crt.a(ntohs.o)
 .data          0xb0810790        0x0 pegasus_crt.a(htons.o)
 .data          0xb0810790        0x0 pegasus_crt.a(inet_pton.o)
 .data          0xb0810790        0x0 pegasus_crt.a(ntohl.o)
 .data          0xb0810790        0x4 pegasus_crt.a(skbuff.o)
 .data          0xb0810794        0x0 pegasus_crt.a(forkexit.o)
 .data          0xb0810794        0x0 pegasus_crt.a(exec.o)
 .data          0xb0810794        0x0 pegasus_crt.a(atoi.o)
 .data          0xb0810794        0x0 pegasus_crt.a(strtok.o)
 .data          0xb0810794        0x0 pegasus_crt.a(strpbrk.o)
 .data          0xb0810794        0x0 pegasus_crt.a(my_process.o)
 .data          0xb0810794        0x0 pegasus_crt.a(thread.o)

.data1
 *(.data1)
                0xb0810794                        _edata = .
                [!provide]                        PROVIDE (edata = .)
                0xb0810794                        . = .
                0xb0810794                        __bss_start = .

.bss            0xb08107a0    0x94e28
 *(.dynbss)
 *(.bss .bss.* .gnu.linkonce.b.*)
 .bss           0xb08107a0        0x0 test.o
 .bss           0xb08107a0        0x0 pegasus_crt.a(kernel_main_old.o)
 .bss           0xb08107a0        0x0 pegasus_crt.a(protect.o)
 .bss           0xb08107a0        0x0 pegasus_crt.a(console.o)
 .bss           0xb08107a0        0x0 pegasus_crt.a(process.o)
 .bss           0xb08107a0        0x0 pegasus_crt.a(keyboard.o)
 .bss           0xb08107a0        0x0 pegasus_crt.a(mem.o)
 .bss           0xb08107a0        0x0 pegasus_crt.a(exec.o)
 .bss           0xb08107a0        0x0 pegasus_crt.a(exit.o)
 .bss           0xb08107a0        0x0 pegasus_crt.a(wait.o)
 .bss           0xb08107a0        0x0 pegasus_crt.a(fork.o)
 .bss           0xb08107a0        0x0 pegasus_crt.a(read.o)
 .bss           0xb08107a0        0x0 pegasus_crt.a(open.o)
 .bss           0xb08107a0        0x0 pegasus_crt.a(write.o)
 .bss           0xb08107a0        0x0 pegasus_crt.a(close.o)
 .bss           0xb08107a0      0x800 pegasus_crt.a(kernel.o)
 .bss           0xb0810fa0        0x0 pegasus_crt.a(double_link_list.o)
 .bss           0xb0810fa0        0x0 pegasus_crt.a(global.o)
 .bss           0xb0810fa0        0x0 pegasus_crt.a(netdev.o)
 .bss           0xb0810fa0        0x0 pegasus_crt.a(task_network.o)
 .bss           0xb0810fa0        0x0 pegasus_crt.a(route.o)
 .bss           0xb0810fa0        0x0 pegasus_crt.a(hd.o)
 .bss           0xb0810fa0        0x4 pegasus_crt.a(fs_main.o)
                0xb0810fa0                c
 .bss           0xb0810fa4        0x0 pegasus_crt.a(main.o)
 .bss           0xb0810fa4        0x0 pegasus_crt.a(strcmp.o)
 .bss           0xb0810fa4        0x0 pegasus_crt.a(perror.o)
 .bss           0xb0810fa4        0x0 pegasus_crt.a(sscanf.o)
 .bss           0xb0810fa4        0x0 pegasus_crt.a(ntohs.o)
 .bss           0xb0810fa4        0x0 pegasus_crt.a(htons.o)
 .bss           0xb0810fa4        0x0 pegasus_crt.a(inet_pton.o)
 .bss           0xb0810fa4        0x0 pegasus_crt.a(ntohl.o)
 .bss           0xb0810fa4        0x0 pegasus_crt.a(skbuff.o)
 .bss           0xb0810fa4        0x0 pegasus_crt.a(forkexit.o)
 .bss           0xb0810fa4        0x0 pegasus_crt.a(exec.o)
 .bss           0xb0810fa4        0x0 pegasus_crt.a(atoi.o)
 .bss           0xb0810fa4        0x4 pegasus_crt.a(strtok.o)
 .bss           0xb0810fa8        0x0 pegasus_crt.a(strpbrk.o)
 .bss           0xb0810fa8        0x0 pegasus_crt.a(my_process.o)
 .bss           0xb0810fa8        0x0 pegasus_crt.a(thread.o)
 *(COMMON)
 *fill*         0xb0810fa8       0x18 
 COMMON         0xb0810fc0     0x17b8 pegasus_crt.a(kernel_main_old.o)
                0xb0810fc0                current_tty
                0xb0810fc4                is_e0
                0xb0810fc8                idt_ptr
                0xb0810fd0                pid
                0xb0810fd4                KernelVirtualMemory
                0xb0810fe0                current_dis_pos
                0xb0810fe4                dis_pos
                0xb0810fe8                k_reenter
                0xb0811000                gdt
                0xb0811400                proc_ready_table
                0xb0811404                test_ticks
                0xb0811408                pcaller
                0xb0811420                keyboard_buffer
                0xb081162c                pcb_list
                0xb081163c                gdt_index
                0xb0811640                tty_table
                0xb0811e80                tss
                0xb0811eec                KernelPool
                0xb0811efc                net_buf
                0xb0811f00                nic_current_page
                0xb0811f04                counter
                0xb0811f08                key_pressed
                0xb0811f0c                fork_pid
                0xb0811f10                is_shift
                0xb0811f11                net_data
                0xb0811f14                gdt_ptr
                0xb0811f20                idt
                0xb0812720                main_thread
                0xb0812728                ticks
                0xb0812730                is_init
                0xb0812734                UserPool
                0xb0812744                all_pcb_list
                0xb0812754                console_table
                0xb0812764                is_disp
                0xb0812768                MAIN_THREAD_PAGE_DIRECTORY
                0xb081276c                helloStr
 *fill*         0xb0812778        0x8 
 COMMON         0xb0812780       0xa8 pegasus_crt.a(mem.o)
                0xb0812780                kernel_mem_block_decs_array
 *fill*         0xb0812828       0x18 
 COMMON         0xb0812840    0x91ad0 pegasus_crt.a(global.o)
                0xb0812840                proc_stack
                0xb08a2840                proc_table
 COMMON         0xb08a4310        0x8 pegasus_crt.a(netdev.o)
                0xb08a4310                loop
                0xb08a4314                netdev
 *fill*         0xb08a4318        0x8 
 COMMON         0xb08a4320      0x440 pegasus_crt.a(hd.o)
                0xb08a4320                hd_info
                0xb08a4560                hd_cache
 COMMON         0xb08a4760      0xe68 pegasus_crt.a(fs_main.o)
                0xb08a4760                file_desc_table
                0xb08a4b60                phy_super_block_buf
                0xb08a4b64                phy_fsbuf
                0xb08a4b80                inode_table
                0xb08a5580                super_block_buf
                0xb08a5584                fsbuf
                0xb08a55a0                root
                0xb08a55c8                        . = ALIGN ((. != 0x0)?0x4:0x1)
                0xb08a55c8                        . = ALIGN (0x4)
                0xb08a55c8                        . = SEGMENT_START ("ldata-segment", .)
                0xb08a55c8                        . = ALIGN (0x4)
                0xb08a55c8                        _end = .
                [!provide]                        PROVIDE (end = .)
                0xb08a55c8                        . = DATA_SEGMENT_END (.)

.stab
 *(.stab)

.stabstr
 *(.stabstr)

.stab.excl
 *(.stab.excl)

.stab.exclstr
 *(.stab.exclstr)

.stab.index
 *(.stab.index)

.stab.indexstr
 *(.stab.indexstr)

.comment        0x00000000       0x2c
 *(.comment)
 .comment       0x00000000       0x2c test.o
                                 0x2d (size before relaxing)
 .comment       0x0000002c       0x2d pegasus_crt.a(kernel_main_old.o)
 .comment       0x0000002c       0x2d pegasus_crt.a(protect.o)
 .comment       0x0000002c       0x2d pegasus_crt.a(console.o)
 .comment       0x0000002c       0x2d pegasus_crt.a(process.o)
 .comment       0x0000002c       0x2d pegasus_crt.a(keyboard.o)
 .comment       0x0000002c       0x2d pegasus_crt.a(mem.o)
 .comment       0x0000002c       0x2d pegasus_crt.a(exec.o)
 .comment       0x0000002c       0x2d pegasus_crt.a(exit.o)
 .comment       0x0000002c       0x2d pegasus_crt.a(wait.o)
 .comment       0x0000002c       0x2d pegasus_crt.a(fork.o)
 .comment       0x0000002c       0x2d pegasus_crt.a(read.o)
 .comment       0x0000002c       0x2d pegasus_crt.a(open.o)
 .comment       0x0000002c       0x2d pegasus_crt.a(write.o)
 .comment       0x0000002c       0x2d pegasus_crt.a(close.o)
 .comment       0x0000002c       0x2d pegasus_crt.a(double_link_list.o)
 .comment       0x0000002c       0x2d pegasus_crt.a(global.o)
 .comment       0x0000002c       0x2d pegasus_crt.a(netdev.o)
 .comment       0x0000002c       0x2d pegasus_crt.a(task_network.o)
 .comment       0x0000002c       0x2d pegasus_crt.a(route.o)
 .comment       0x0000002c       0x2d pegasus_crt.a(hd.o)
 .comment       0x0000002c       0x2d pegasus_crt.a(fs_main.o)
 .comment       0x0000002c       0x2d pegasus_crt.a(main.o)
 .comment       0x0000002c       0x2d pegasus_crt.a(strcmp.o)
 .comment       0x0000002c       0x2d pegasus_crt.a(perror.o)
 .comment       0x0000002c       0x2d pegasus_crt.a(sscanf.o)
 .comment       0x0000002c       0x2d pegasus_crt.a(ntohs.o)
 .comment       0x0000002c       0x2d pegasus_crt.a(htons.o)
 .comment       0x0000002c       0x2d pegasus_crt.a(inet_pton.o)
 .comment       0x0000002c       0x2d pegasus_crt.a(ntohl.o)
 .comment       0x0000002c       0x2d pegasus_crt.a(skbuff.o)
 .comment       0x0000002c       0x2d pegasus_crt.a(forkexit.o)
 .comment       0x0000002c       0x2d pegasus_crt.a(exec.o)
 .comment       0x0000002c       0x2d pegasus_crt.a(atoi.o)
 .comment       0x0000002c       0x2d pegasus_crt.a(strtok.o)
 .comment       0x0000002c       0x2d pegasus_crt.a(strpbrk.o)
 .comment       0x0000002c       0x2d pegasus_crt.a(my_process.o)
 .comment       0x0000002c       0x2d pegasus_crt.a(thread.o)

.gnu.build.attributes
 *(.gnu.build.attributes .gnu.build.attributes.*)

.debug
 *(.debug)

.line
 *(.line)

.debug_srcinfo
 *(.debug_srcinfo)

.debug_sfnames
 *(.debug_sfnames)

.debug_aranges  0x00000000      0x498
 *(.debug_aranges)
 .debug_aranges
                0x00000000       0x20 pegasus_crt.a(kernel_main_old.o)
 .debug_aranges
                0x00000020       0x20 pegasus_crt.a(protect.o)
 .debug_aranges
                0x00000040       0x20 pegasus_crt.a(console.o)
 .debug_aranges
                0x00000060       0x20 pegasus_crt.a(process.o)
 .debug_aranges
                0x00000080       0x20 pegasus_crt.a(keyboard.o)
 .debug_aranges
                0x000000a0       0x20 pegasus_crt.a(mem.o)
 .debug_aranges
                0x000000c0       0x20 pegasus_crt.a(exec.o)
 .debug_aranges
                0x000000e0       0x20 pegasus_crt.a(exit.o)
 .debug_aranges
                0x00000100       0x20 pegasus_crt.a(wait.o)
 .debug_aranges
                0x00000120       0x20 pegasus_crt.a(fork.o)
 .debug_aranges
                0x00000140       0x20 pegasus_crt.a(read.o)
 .debug_aranges
                0x00000160       0x20 pegasus_crt.a(open.o)
 .debug_aranges
                0x00000180       0x20 pegasus_crt.a(write.o)
 .debug_aranges
                0x000001a0       0x20 pegasus_crt.a(close.o)
 .debug_aranges
                0x000001c0       0x20 pegasus_crt.a(double_link_list.o)
 .debug_aranges
                0x000001e0       0x18 pegasus_crt.a(global.o)
 .debug_aranges
                0x000001f8       0x20 pegasus_crt.a(netdev.o)
 .debug_aranges
                0x00000218       0x20 pegasus_crt.a(task_network.o)
 .debug_aranges
                0x00000238       0x20 pegasus_crt.a(route.o)
 .debug_aranges
                0x00000258       0x20 pegasus_crt.a(hd.o)
 .debug_aranges
                0x00000278       0x20 pegasus_crt.a(fs_main.o)
 .debug_aranges
                0x00000298       0x20 pegasus_crt.a(main.o)
 .debug_aranges
                0x000002b8       0x20 pegasus_crt.a(strcmp.o)
 .debug_aranges
                0x000002d8       0x20 pegasus_crt.a(perror.o)
 .debug_aranges
                0x000002f8       0x20 pegasus_crt.a(sscanf.o)
 .debug_aranges
                0x00000318       0x20 pegasus_crt.a(ntohs.o)
 .debug_aranges
                0x00000338       0x20 pegasus_crt.a(htons.o)
 .debug_aranges
                0x00000358       0x20 pegasus_crt.a(inet_pton.o)
 .debug_aranges
                0x00000378       0x20 pegasus_crt.a(ntohl.o)
 .debug_aranges
                0x00000398       0x20 pegasus_crt.a(skbuff.o)
 .debug_aranges
                0x000003b8       0x20 pegasus_crt.a(forkexit.o)
 .debug_aranges
                0x000003d8       0x20 pegasus_crt.a(exec.o)
 .debug_aranges
                0x000003f8       0x20 pegasus_crt.a(atoi.o)
 .debug_aranges
                0x00000418       0x20 pegasus_crt.a(strtok.o)
 .debug_aranges
                0x00000438       0x20 pegasus_crt.a(strpbrk.o)
 .debug_aranges
                0x00000458       0x20 pegasus_crt.a(my_process.o)
 .debug_aranges
                0x00000478       0x20 pegasus_crt.a(thread.o)

.debug_pubnames
 *(.debug_pubnames)

.debug_info     0x00000000    0x1e141
 *(.debug_info .gnu.linkonce.wi.*)
 .debug_info    0x00000000     0x2854 pegasus_crt.a(kernel_main_old.o)
 .debug_info    0x00002854     0x11a8 pegasus_crt.a(protect.o)
 .debug_info    0x000039fc     0x127d pegasus_crt.a(console.o)
 .debug_info    0x00004c79      0xf55 pegasus_crt.a(process.o)
 .debug_info    0x00005bce      0xfd1 pegasus_crt.a(keyboard.o)
 .debug_info    0x00006b9f     0x1d51 pegasus_crt.a(mem.o)
 .debug_info    0x000088f0      0xf33 pegasus_crt.a(exec.o)
 .debug_info    0x00009823      0xda6 pegasus_crt.a(exit.o)
 .debug_info    0x0000a5c9      0xdb4 pegasus_crt.a(wait.o)
 .debug_info    0x0000b37d      0xd9b pegasus_crt.a(fork.o)
 .debug_info    0x0000c118      0xea1 pegasus_crt.a(read.o)
 .debug_info    0x0000cfb9      0xe02 pegasus_crt.a(open.o)
 .debug_info    0x0000ddbb      0xe2f pegasus_crt.a(write.o)
 .debug_info    0x0000ebea      0xdb6 pegasus_crt.a(close.o)
 .debug_info    0x0000f9a0     0x1035 pegasus_crt.a(double_link_list.o)
 .debug_info    0x000109d5      0xe7d pegasus_crt.a(global.o)
 .debug_info    0x00011852     0x1769 pegasus_crt.a(netdev.o)
 .debug_info    0x00012fbb      0x65b pegasus_crt.a(task_network.o)
 .debug_info    0x00013616     0x1275 pegasus_crt.a(route.o)
 .debug_info    0x0001488b     0x17ec pegasus_crt.a(hd.o)
 .debug_info    0x00016077     0x1f2e pegasus_crt.a(fs_main.o)
 .debug_info    0x00017fa5      0xdbf pegasus_crt.a(main.o)
 .debug_info    0x00018d64       0xc1 pegasus_crt.a(strcmp.o)
 .debug_info    0x00018e25       0x5c pegasus_crt.a(perror.o)
 .debug_info    0x00018e81      0x20e pegasus_crt.a(sscanf.o)
 .debug_info    0x0001908f       0xa8 pegasus_crt.a(ntohs.o)
 .debug_info    0x00019137       0xa8 pegasus_crt.a(htons.o)
 .debug_info    0x000191df      0x260 pegasus_crt.a(inet_pton.o)
 .debug_info    0x0001943f       0xcb pegasus_crt.a(ntohl.o)
 .debug_info    0x0001950a      0x3a7 pegasus_crt.a(skbuff.o)
 .debug_info    0x000198b1      0xf91 pegasus_crt.a(forkexit.o)
 .debug_info    0x0001a842     0x11cd pegasus_crt.a(exec.o)
 .debug_info    0x0001ba0f       0xc9 pegasus_crt.a(atoi.o)
 .debug_info    0x0001bad8       0xae pegasus_crt.a(strtok.o)
 .debug_info    0x0001bb86       0xcf pegasus_crt.a(strpbrk.o)
 .debug_info    0x0001bc55     0x1490 pegasus_crt.a(my_process.o)
 .debug_info    0x0001d0e5     0x105c pegasus_crt.a(thread.o)

.debug_abbrev   0x00000000     0x3fe6
 *(.debug_abbrev)
 .debug_abbrev  0x00000000      0x43a pegasus_crt.a(kernel_main_old.o)
 .debug_abbrev  0x0000043a      0x227 pegasus_crt.a(protect.o)
 .debug_abbrev  0x00000661      0x2ac pegasus_crt.a(console.o)
 .debug_abbrev  0x0000090d      0x1e0 pegasus_crt.a(process.o)
 .debug_abbrev  0x00000aed      0x1fb pegasus_crt.a(keyboard.o)
 .debug_abbrev  0x00000ce8      0x330 pegasus_crt.a(mem.o)
 .debug_abbrev  0x00001018      0x1e8 pegasus_crt.a(exec.o)
 .debug_abbrev  0x00001200      0x19b pegasus_crt.a(exit.o)
 .debug_abbrev  0x0000139b      0x19f pegasus_crt.a(wait.o)
 .debug_abbrev  0x0000153a      0x18a pegasus_crt.a(fork.o)
 .debug_abbrev  0x000016c4      0x1ef pegasus_crt.a(read.o)
 .debug_abbrev  0x000018b3      0x1c5 pegasus_crt.a(open.o)
 .debug_abbrev  0x00001a78      0x1db pegasus_crt.a(write.o)
 .debug_abbrev  0x00001c53      0x19d pegasus_crt.a(close.o)
 .debug_abbrev  0x00001df0      0x216 pegasus_crt.a(double_link_list.o)
 .debug_abbrev  0x00002006      0x157 pegasus_crt.a(global.o)
 .debug_abbrev  0x0000215d      0x2f4 pegasus_crt.a(netdev.o)
 .debug_abbrev  0x00002451      0x17a pegasus_crt.a(task_network.o)
 .debug_abbrev  0x000025cb      0x24e pegasus_crt.a(route.o)
 .debug_abbrev  0x00002819      0x2e3 pegasus_crt.a(hd.o)
 .debug_abbrev  0x00002afc      0x2ef pegasus_crt.a(fs_main.o)
 .debug_abbrev  0x00002deb      0x208 pegasus_crt.a(main.o)
 .debug_abbrev  0x00002ff3       0x94 pegasus_crt.a(strcmp.o)
 .debug_abbrev  0x00003087       0x5c pegasus_crt.a(perror.o)
 .debug_abbrev  0x000030e3       0xdd pegasus_crt.a(sscanf.o)
 .debug_abbrev  0x000031c0       0x6c pegasus_crt.a(ntohs.o)
 .debug_abbrev  0x0000322c       0x6c pegasus_crt.a(htons.o)
 .debug_abbrev  0x00003298      0x116 pegasus_crt.a(inet_pton.o)
 .debug_abbrev  0x000033ae       0xa5 pegasus_crt.a(ntohl.o)
 .debug_abbrev  0x00003453      0x17f pegasus_crt.a(skbuff.o)
 .debug_abbrev  0x000035d2      0x204 pegasus_crt.a(forkexit.o)
 .debug_abbrev  0x000037d6      0x1c4 pegasus_crt.a(exec.o)
 .debug_abbrev  0x0000399a       0x94 pegasus_crt.a(atoi.o)
 .debug_abbrev  0x00003a2e       0x91 pegasus_crt.a(strtok.o)
 .debug_abbrev  0x00003abf       0xa5 pegasus_crt.a(strpbrk.o)
 .debug_abbrev  0x00003b64      0x260 pegasus_crt.a(my_process.o)
 .debug_abbrev  0x00003dc4      0x222 pegasus_crt.a(thread.o)

.debug_line     0x00000000     0x55c1
 *(.debug_line .debug_line.* .debug_line_end)
 .debug_line    0x00000000      0xe2f pegasus_crt.a(kernel_main_old.o)
 .debug_line    0x00000e2f      0x1ff pegasus_crt.a(protect.o)
 .debug_line    0x0000102e      0x54e pegasus_crt.a(console.o)
 .debug_line    0x0000157c      0x1ba pegasus_crt.a(process.o)
 .debug_line    0x00001736      0x296 pegasus_crt.a(keyboard.o)
 .debug_line    0x000019cc      0x77b pegasus_crt.a(mem.o)
 .debug_line    0x00002147      0x18b pegasus_crt.a(exec.o)
 .debug_line    0x000022d2       0xa0 pegasus_crt.a(exit.o)
 .debug_line    0x00002372       0xb7 pegasus_crt.a(wait.o)
 .debug_line    0x00002429       0xa5 pegasus_crt.a(fork.o)
 .debug_line    0x000024ce      0x15b pegasus_crt.a(read.o)
 .debug_line    0x00002629       0xc3 pegasus_crt.a(open.o)
 .debug_line    0x000026ec       0xc2 pegasus_crt.a(write.o)
 .debug_line    0x000027ae       0xb3 pegasus_crt.a(close.o)
 .debug_line    0x00002861      0x217 pegasus_crt.a(double_link_list.o)
 .debug_line    0x00002a78       0x95 pegasus_crt.a(global.o)
 .debug_line    0x00002b0d      0x3fc pegasus_crt.a(netdev.o)
 .debug_line    0x00002f09       0xca pegasus_crt.a(task_network.o)
 .debug_line    0x00002fd3      0x209 pegasus_crt.a(route.o)
 .debug_line    0x000031dc      0x62c pegasus_crt.a(hd.o)
 .debug_line    0x00003808      0xc23 pegasus_crt.a(fs_main.o)
 .debug_line    0x0000442b       0xec pegasus_crt.a(main.o)
 .debug_line    0x00004517       0x9c pegasus_crt.a(strcmp.o)
 .debug_line    0x000045b3       0x48 pegasus_crt.a(perror.o)
 .debug_line    0x000045fb      0x1d2 pegasus_crt.a(sscanf.o)
 .debug_line    0x000047cd       0x6c pegasus_crt.a(ntohs.o)
 .debug_line    0x00004839       0x6c pegasus_crt.a(htons.o)
 .debug_line    0x000048a5      0x167 pegasus_crt.a(inet_pton.o)
 .debug_line    0x00004a0c       0xc1 pegasus_crt.a(ntohl.o)
 .debug_line    0x00004acd      0x129 pegasus_crt.a(skbuff.o)
 .debug_line    0x00004bf6      0x174 pegasus_crt.a(forkexit.o)
 .debug_line    0x00004d6a      0x20c pegasus_crt.a(exec.o)
 .debug_line    0x00004f76       0xad pegasus_crt.a(atoi.o)
 .debug_line    0x00005023       0x6e pegasus_crt.a(strtok.o)
 .debug_line    0x00005091       0xb0 pegasus_crt.a(strpbrk.o)
 .debug_line    0x00005141      0x33b pegasus_crt.a(my_process.o)
 .debug_line    0x0000547c      0x145 pegasus_crt.a(thread.o)

.debug_frame
 *(.debug_frame)

.debug_str      0x00000000     0x23e1
 *(.debug_str)
 .debug_str     0x00000000     0x23e1 pegasus_crt.a(kernel_main_old.o)
                                0xb86 (size before relaxing)
 .debug_str     0x000023e1      0x766 pegasus_crt.a(protect.o)
 .debug_str     0x000023e1      0x75a pegasus_crt.a(console.o)
 .debug_str     0x000023e1      0x645 pegasus_crt.a(process.o)
 .debug_str     0x000023e1      0x697 pegasus_crt.a(keyboard.o)
 .debug_str     0x000023e1      0xab9 pegasus_crt.a(mem.o)
 .debug_str     0x000023e1      0x627 pegasus_crt.a(exec.o)
 .debug_str     0x000023e1      0x5a0 pegasus_crt.a(exit.o)
 .debug_str     0x000023e1      0x5a0 pegasus_crt.a(wait.o)
 .debug_str     0x000023e1      0x599 pegasus_crt.a(fork.o)
 .debug_str     0x000023e1      0x617 pegasus_crt.a(read.o)
 .debug_str     0x000023e1      0x5de pegasus_crt.a(open.o)
 .debug_str     0x000023e1      0x5db pegasus_crt.a(write.o)
 .debug_str     0x000023e1      0x5a6 pegasus_crt.a(close.o)
 .debug_str     0x000023e1      0x6dd pegasus_crt.a(double_link_list.o)
 .debug_str     0x000023e1      0x60b pegasus_crt.a(global.o)
 .debug_str     0x000023e1      0x895 pegasus_crt.a(netdev.o)
 .debug_str     0x000023e1      0x28f pegasus_crt.a(task_network.o)
 .debug_str     0x000023e1      0x73e pegasus_crt.a(route.o)
 .debug_str     0x000023e1      0x914 pegasus_crt.a(hd.o)
 .debug_str     0x000023e1      0xaf5 pegasus_crt.a(fs_main.o)
 .debug_str     0x000023e1      0x593 pegasus_crt.a(main.o)
 .debug_str     0x000023e1       0xb1 pegasus_crt.a(strcmp.o)
 .debug_str     0x000023e1       0x99 pegasus_crt.a(perror.o)
 .debug_str     0x000023e1      0x102 pegasus_crt.a(sscanf.o)
 .debug_str     0x000023e1      0x101 pegasus_crt.a(ntohs.o)
 .debug_str     0x000023e1      0x102 pegasus_crt.a(htons.o)
 .debug_str     0x000023e1      0x14c pegasus_crt.a(inet_pton.o)
 .debug_str     0x000023e1       0xf3 pegasus_crt.a(ntohl.o)
 .debug_str     0x000023e1      0x1d8 pegasus_crt.a(skbuff.o)
 .debug_str     0x000023e1      0x612 pegasus_crt.a(forkexit.o)
 .debug_str     0x000023e1      0x868 pegasus_crt.a(exec.o)
 .debug_str     0x000023e1       0xad pegasus_crt.a(atoi.o)
 .debug_str     0x000023e1       0xb9 pegasus_crt.a(strtok.o)
 .debug_str     0x000023e1       0xc1 pegasus_crt.a(strpbrk.o)
 .debug_str     0x000023e1      0x8f9 pegasus_crt.a(my_process.o)
 .debug_str     0x000023e1      0x712 pegasus_crt.a(thread.o)

.debug_loc
 *(.debug_loc)

.debug_macinfo
 *(.debug_macinfo)

.debug_weaknames
 *(.debug_weaknames)

.debug_funcnames
 *(.debug_funcnames)

.debug_typenames
 *(.debug_typenames)

.debug_varnames
 *(.debug_varnames)

.debug_pubtypes
 *(.debug_pubtypes)

.debug_ranges   0x00000000       0x90
 *(.debug_ranges)
 .debug_ranges  0x00000000       0x30 pegasus_crt.a(kernel_main_old.o)
 .debug_ranges  0x00000030       0x48 pegasus_crt.a(hd.o)
 .debug_ranges  0x00000078       0x18 pegasus_crt.a(exec.o)

.debug_addr
 *(.debug_addr)

.debug_line_str
 *(.debug_line_str)

.debug_loclists
 *(.debug_loclists)

.debug_macro
 *(.debug_macro)

.debug_names
 *(.debug_names)

.debug_rnglists
 *(.debug_rnglists)

.debug_str_offsets
 *(.debug_str_offsets)

.debug_sup
 *(.debug_sup)

.gnu.attributes
 *(.gnu.attributes)

/DISCARD/
 *(.note.GNU-stack)
 *(.gnu_debuglink)
 *(.gnu.lto_*)
OUTPUT(test elf32-i386)
