Archive member included to satisfy reference by file (symbol)

pegasus_crt.a(kernel_main_old.o)
                              test.o (Printf)
pegasus_crt.a(protect.o)      pegasus_crt.a(kernel_main_old.o) (InitInterruptDesc)
pegasus_crt.a(console.o)      pegasus_crt.a(kernel_main_old.o) (out_char)
pegasus_crt.a(process.o)      pegasus_crt.a(kernel_main_old.o) (schedule_process)
pegasus_crt.a(global.o)       pegasus_crt.a(protect.o) (proc_table)
pegasus_crt.a(keyboard.o)     pegasus_crt.a(console.o) (keyboard_read)
pegasus_crt.a(task_network.o)
                              pegasus_crt.a(global.o) (task_network)
pegasus_crt.a(hd.o)           pegasus_crt.a(global.o) (TaskHD)
pegasus_crt.a(fs_main.o)      pegasus_crt.a(global.o) (task_fs)
pegasus_crt.a(main.o)         pegasus_crt.a(global.o) (TaskMM)
pegasus_crt.a(mem.o)          pegasus_crt.a(kernel_main_old.o) (ptr_pde)
pegasus_crt.a(exec.o)         pegasus_crt.a(kernel_main_old.o) (execl)
pegasus_crt.a(exit.o)         start.o (exit)
pegasus_crt.a(wait.o)         pegasus_crt.a(kernel_main_old.o) (wait)
pegasus_crt.a(fork.o)         pegasus_crt.a(kernel_main_old.o) (fork)
pegasus_crt.a(strcmp.o)       pegasus_crt.a(fs_main.o) (strcmp)
pegasus_crt.a(read.o)         pegasus_crt.a(kernel_main_old.o) (read)
pegasus_crt.a(open.o)         pegasus_crt.a(kernel_main_old.o) (open)
pegasus_crt.a(write.o)        pegasus_crt.a(kernel_main_old.o) (write)
pegasus_crt.a(close.o)        pegasus_crt.a(kernel_main_old.o) (close)
pegasus_crt.a(kernel.o)       pegasus_crt.a(kernel_main_old.o) (disp_str)
pegasus_crt.a(switch_to.o)    pegasus_crt.a(process.o) (switch_to)
pegasus_crt.a(string.o)       pegasus_crt.a(kernel_main_old.o) (Memcpy2)
pegasus_crt.a(syscall.o)      pegasus_crt.a(kernel_main_old.o) (write_debug)
pegasus_crt.a(hd_rdwt.o)      pegasus_crt.a(hd.o) (read_port)
pegasus_crt.a(double_link_list.o)
                              pegasus_crt.a(mem.o) (initDoubleLinkList)
pegasus_crt.a(netdev.o)       pegasus_crt.a(task_network.o) (netdev_rx_loop)
pegasus_crt.a(skbuff.o)       pegasus_crt.a(netdev.o) (alloc_skb)
pegasus_crt.a(route.o)        pegasus_crt.a(netdev.o) (route_init)
pegasus_crt.a(forkexit.o)     pegasus_crt.a(main.o) (do_fork)
pegasus_crt.a(exec.o)         pegasus_crt.a(main.o) (do_exec)
pegasus_crt.a(perror.o)       pegasus_crt.a(netdev.o) (perror)
pegasus_crt.a(sscanf.o)       pegasus_crt.a(netdev.o) (sscanf)
pegasus_crt.a(ntohs.o)        pegasus_crt.a(netdev.o) (ntohs)
pegasus_crt.a(htons.o)        pegasus_crt.a(netdev.o) (htons)
pegasus_crt.a(inet_pton.o)    pegasus_crt.a(netdev.o) (inet_pton)
pegasus_crt.a(ntohl.o)        pegasus_crt.a(netdev.o) (ntohl)
pegasus_crt.a(ne2000.o)       pegasus_crt.a(netdev.o) (SetPageStart)
pegasus_crt.a(my_process.o)   pegasus_crt.a(forkexit.o) (fork_process)
pegasus_crt.a(atoi.o)         pegasus_crt.a(sscanf.o) (atoi)
pegasus_crt.a(strtok.o)       pegasus_crt.a(inet_pton.o) (strtok)
pegasus_crt.a(strpbrk.o)      pegasus_crt.a(strtok.o) (strpbrk)
pegasus_crt.a(thread.o)       pegasus_crt.a(my_process.o) (thread_init)

Merging program properties

Removed property 0xc0010001 to merge test.o (0x1) and start.o (not found)
Removed property 0xc0010002 to merge test.o (0x0) and start.o (not found)
Removed property 0xc0010001 to merge test.o (not found) and pegasus_crt.a(kernel_main_old.o) (0x1)
Removed property 0xc0010002 to merge test.o (not found) and pegasus_crt.a(kernel_main_old.o) (0x1)
Removed property 0xc0010001 to merge test.o (not found) and pegasus_crt.a(protect.o) (0x1)
Removed property 0xc0010002 to merge test.o (not found) and pegasus_crt.a(protect.o) (0x0)
Removed property 0xc0010001 to merge test.o (not found) and pegasus_crt.a(console.o) (0x1)
Removed property 0xc0010002 to merge test.o (not found) and pegasus_crt.a(console.o) (0x1)
Removed property 0xc0010001 to merge test.o (not found) and pegasus_crt.a(process.o) (0x1)
Removed property 0xc0010002 to merge test.o (not found) and pegasus_crt.a(process.o) (0x0)
Removed property 0xc0010001 to merge test.o (not found) and pegasus_crt.a(global.o) (0x1)
Removed property 0xc0010002 to merge test.o (not found) and pegasus_crt.a(global.o) (0x0)
Removed property 0xc0010001 to merge test.o (not found) and pegasus_crt.a(keyboard.o) (0x1)
Removed property 0xc0010002 to merge test.o (not found) and pegasus_crt.a(keyboard.o) (0x0)
Removed property 0xc0010001 to merge test.o (not found) and pegasus_crt.a(task_network.o) (0x1)
Removed property 0xc0010002 to merge test.o (not found) and pegasus_crt.a(task_network.o) (0x0)
Removed property 0xc0010001 to merge test.o (not found) and pegasus_crt.a(hd.o) (0x1)
Removed property 0xc0010002 to merge test.o (not found) and pegasus_crt.a(hd.o) (0x1)
Removed property 0xc0010001 to merge test.o (not found) and pegasus_crt.a(fs_main.o) (0x1)
Removed property 0xc0010002 to merge test.o (not found) and pegasus_crt.a(fs_main.o) (0x1)
Removed property 0xc0010001 to merge test.o (not found) and pegasus_crt.a(main.o) (0x1)
Removed property 0xc0010002 to merge test.o (not found) and pegasus_crt.a(main.o) (0x0)
Removed property 0xc0010001 to merge test.o (not found) and pegasus_crt.a(mem.o) (0x1)
Removed property 0xc0010002 to merge test.o (not found) and pegasus_crt.a(mem.o) (0x1)
Removed property 0xc0010001 to merge test.o (not found) and pegasus_crt.a(exec.o) (0x1)
Removed property 0xc0010002 to merge test.o (not found) and pegasus_crt.a(exec.o) (0x0)
Removed property 0xc0010001 to merge test.o (not found) and pegasus_crt.a(exit.o) (0x1)
Removed property 0xc0010002 to merge test.o (not found) and pegasus_crt.a(exit.o) (0x0)
Removed property 0xc0010001 to merge test.o (not found) and pegasus_crt.a(wait.o) (0x1)
Removed property 0xc0010002 to merge test.o (not found) and pegasus_crt.a(wait.o) (0x0)
Removed property 0xc0010001 to merge test.o (not found) and pegasus_crt.a(fork.o) (0x1)
Removed property 0xc0010002 to merge test.o (not found) and pegasus_crt.a(fork.o) (0x0)
Removed property 0xc0010001 to merge test.o (not found) and pegasus_crt.a(strcmp.o) (0x1)
Removed property 0xc0010002 to merge test.o (not found) and pegasus_crt.a(strcmp.o) (0x1)
Removed property 0xc0010001 to merge test.o (not found) and pegasus_crt.a(read.o) (0x1)
Removed property 0xc0010002 to merge test.o (not found) and pegasus_crt.a(read.o) (0x0)
Removed property 0xc0010001 to merge test.o (not found) and pegasus_crt.a(open.o) (0x1)
Removed property 0xc0010002 to merge test.o (not found) and pegasus_crt.a(open.o) (0x0)
Removed property 0xc0010001 to merge test.o (not found) and pegasus_crt.a(write.o) (0x1)
Removed property 0xc0010002 to merge test.o (not found) and pegasus_crt.a(write.o) (0x0)
Removed property 0xc0010001 to merge test.o (not found) and pegasus_crt.a(close.o) (0x1)
Removed property 0xc0010002 to merge test.o (not found) and pegasus_crt.a(close.o) (0x0)
Removed property 0xc0010001 to merge test.o (not found) and pegasus_crt.a(double_link_list.o) (0x1)
Removed property 0xc0010002 to merge test.o (not found) and pegasus_crt.a(double_link_list.o) (0x0)
Removed property 0xc0010001 to merge test.o (not found) and pegasus_crt.a(netdev.o) (0x1)
Removed property 0xc0010002 to merge test.o (not found) and pegasus_crt.a(netdev.o) (0x0)
Removed property 0xc0010001 to merge test.o (not found) and pegasus_crt.a(skbuff.o) (0x1)
Removed property 0xc0010002 to merge test.o (not found) and pegasus_crt.a(skbuff.o) (0x0)
Removed property 0xc0010001 to merge test.o (not found) and pegasus_crt.a(route.o) (0x1)
Removed property 0xc0010002 to merge test.o (not found) and pegasus_crt.a(route.o) (0x0)
Removed property 0xc0010001 to merge test.o (not found) and pegasus_crt.a(forkexit.o) (0x1)
Removed property 0xc0010002 to merge test.o (not found) and pegasus_crt.a(forkexit.o) (0x0)
Removed property 0xc0010001 to merge test.o (not found) and pegasus_crt.a(exec.o) (0x1)
Removed property 0xc0010002 to merge test.o (not found) and pegasus_crt.a(exec.o) (0x0)
Removed property 0xc0010001 to merge test.o (not found) and pegasus_crt.a(perror.o) (0x1)
Removed property 0xc0010002 to merge test.o (not found) and pegasus_crt.a(perror.o) (0x0)
Removed property 0xc0010001 to merge test.o (not found) and pegasus_crt.a(sscanf.o) (0x1)
Removed property 0xc0010002 to merge test.o (not found) and pegasus_crt.a(sscanf.o) (0x0)
Removed property 0xc0010001 to merge test.o (not found) and pegasus_crt.a(ntohs.o) (0x1)
Removed property 0xc0010002 to merge test.o (not found) and pegasus_crt.a(ntohs.o) (0x0)
Removed property 0xc0010001 to merge test.o (not found) and pegasus_crt.a(htons.o) (0x1)
Removed property 0xc0010002 to merge test.o (not found) and pegasus_crt.a(htons.o) (0x0)
Removed property 0xc0010001 to merge test.o (not found) and pegasus_crt.a(inet_pton.o) (0x1)
Removed property 0xc0010002 to merge test.o (not found) and pegasus_crt.a(inet_pton.o) (0x0)
Removed property 0xc0010001 to merge test.o (not found) and pegasus_crt.a(ntohl.o) (0x1)
Removed property 0xc0010002 to merge test.o (not found) and pegasus_crt.a(ntohl.o) (0x0)
Removed property 0xc0010001 to merge test.o (not found) and pegasus_crt.a(my_process.o) (0x1)
Removed property 0xc0010002 to merge test.o (not found) and pegasus_crt.a(my_process.o) (0x1)
Removed property 0xc0010001 to merge test.o (not found) and pegasus_crt.a(atoi.o) (0x1)
Removed property 0xc0010002 to merge test.o (not found) and pegasus_crt.a(atoi.o) (0x0)
Removed property 0xc0010001 to merge test.o (not found) and pegasus_crt.a(strtok.o) (0x1)
Removed property 0xc0010002 to merge test.o (not found) and pegasus_crt.a(strtok.o) (0x0)
Removed property 0xc0010001 to merge test.o (not found) and pegasus_crt.a(strpbrk.o) (0x1)
Removed property 0xc0010002 to merge test.o (not found) and pegasus_crt.a(strpbrk.o) (0x0)
Removed property 0xc0010001 to merge test.o (not found) and pegasus_crt.a(thread.o) (0x1)
Removed property 0xc0010002 to merge test.o (not found) and pegasus_crt.a(thread.o) (0x0)

Allocating common symbols
Common symbol       size              file

current_tty         0x4               pegasus_crt.a(kernel_main_old.o)
file_desc_table     0x400             pegasus_crt.a(fs_main.o)
is_e0               0x1               pegasus_crt.a(kernel_main_old.o)
phy_super_block_buf
                    0x4               pegasus_crt.a(fs_main.o)
phy_fsbuf           0x4               pegasus_crt.a(fs_main.o)
idt_ptr             0x6               pegasus_crt.a(kernel_main_old.o)
pid                 0x4               pegasus_crt.a(kernel_main_old.o)
KernelVirtualMemory
                    0xc               pegasus_crt.a(kernel_main_old.o)
inode_table         0xa00             pegasus_crt.a(fs_main.o)
loop                0x4               pegasus_crt.a(netdev.o)
current_dis_pos     0x4               pegasus_crt.a(kernel_main_old.o)
dis_pos             0x4               pegasus_crt.a(kernel_main_old.o)
netdev              0x4               pegasus_crt.a(netdev.o)
k_reenter           0x4               pegasus_crt.a(kernel_main_old.o)
super_block_buf     0x4               pegasus_crt.a(fs_main.o)
gdt                 0x400             pegasus_crt.a(kernel_main_old.o)
proc_ready_table    0x4               pegasus_crt.a(kernel_main_old.o)
test_ticks          0x4               pegasus_crt.a(kernel_main_old.o)
hd_info             0x224             pegasus_crt.a(hd.o)
proc_stack          0x90000           pegasus_crt.a(global.o)
pcaller             0x4               pegasus_crt.a(kernel_main_old.o)
keyboard_buffer     0x20c             pegasus_crt.a(kernel_main_old.o)
pcb_list            0x10              pegasus_crt.a(kernel_main_old.o)
gdt_index           0x4               pegasus_crt.a(kernel_main_old.o)
tty_table           0x828             pegasus_crt.a(kernel_main_old.o)
tss                 0x6c              pegasus_crt.a(kernel_main_old.o)
KernelPool          0x10              pegasus_crt.a(kernel_main_old.o)
net_buf             0x4               pegasus_crt.a(kernel_main_old.o)
fsbuf               0x4               pegasus_crt.a(fs_main.o)
nic_current_page    0x1               pegasus_crt.a(kernel_main_old.o)
root                0x28              pegasus_crt.a(fs_main.o)
kernel_mem_block_decs_array
                    0xa8              pegasus_crt.a(mem.o)
counter             0x4               pegasus_crt.a(kernel_main_old.o)
key_pressed         0x4               pegasus_crt.a(kernel_main_old.o)
fork_pid            0x4               pegasus_crt.a(kernel_main_old.o)
is_shift            0x1               pegasus_crt.a(kernel_main_old.o)
net_data            0x1               pegasus_crt.a(kernel_main_old.o)
gdt_ptr             0x6               pegasus_crt.a(kernel_main_old.o)
idt                 0x800             pegasus_crt.a(kernel_main_old.o)
main_thread         0x4               pegasus_crt.a(kernel_main_old.o)
ticks               0x8               pegasus_crt.a(kernel_main_old.o)
is_init             0x1               pegasus_crt.a(kernel_main_old.o)
UserPool            0x10              pegasus_crt.a(kernel_main_old.o)
all_pcb_list        0x10              pegasus_crt.a(kernel_main_old.o)
console_table       0x10              pegasus_crt.a(kernel_main_old.o)
is_disp             0x1               pegasus_crt.a(kernel_main_old.o)
MAIN_THREAD_PAGE_DIRECTORY
                    0x4               pegasus_crt.a(kernel_main_old.o)
helloStr            0xc               pegasus_crt.a(kernel_main_old.o)
proc_table          0x1ad0            pegasus_crt.a(global.o)
hd_cache            0x200             pegasus_crt.a(hd.o)

Discarded input sections

 .note.GNU-stack
                0x00000000        0x0 test.o
 .note.gnu.property
                0x00000000       0x28 test.o
 .note.GNU-stack
                0x00000000        0x0 pegasus_crt.a(kernel_main_old.o)
 .note.gnu.property
                0x00000000       0x28 pegasus_crt.a(kernel_main_old.o)
 .note.GNU-stack
                0x00000000        0x0 pegasus_crt.a(protect.o)
 .note.gnu.property
                0x00000000       0x28 pegasus_crt.a(protect.o)
 .note.GNU-stack
                0x00000000        0x0 pegasus_crt.a(console.o)
 .note.gnu.property
                0x00000000       0x28 pegasus_crt.a(console.o)
 .note.GNU-stack
                0x00000000        0x0 pegasus_crt.a(process.o)
 .note.gnu.property
                0x00000000       0x28 pegasus_crt.a(process.o)
 .note.GNU-stack
                0x00000000        0x0 pegasus_crt.a(global.o)
 .note.gnu.property
                0x00000000       0x28 pegasus_crt.a(global.o)
 .note.GNU-stack
                0x00000000        0x0 pegasus_crt.a(keyboard.o)
 .note.gnu.property
                0x00000000       0x28 pegasus_crt.a(keyboard.o)
 .note.GNU-stack
                0x00000000        0x0 pegasus_crt.a(task_network.o)
 .note.gnu.property
                0x00000000       0x28 pegasus_crt.a(task_network.o)
 .note.GNU-stack
                0x00000000        0x0 pegasus_crt.a(hd.o)
 .note.gnu.property
                0x00000000       0x28 pegasus_crt.a(hd.o)
 .note.GNU-stack
                0x00000000        0x0 pegasus_crt.a(fs_main.o)
 .note.gnu.property
                0x00000000       0x28 pegasus_crt.a(fs_main.o)
 .note.GNU-stack
                0x00000000        0x0 pegasus_crt.a(main.o)
 .note.gnu.property
                0x00000000       0x28 pegasus_crt.a(main.o)
 .note.GNU-stack
                0x00000000        0x0 pegasus_crt.a(mem.o)
 .note.gnu.property
                0x00000000       0x28 pegasus_crt.a(mem.o)
 .note.GNU-stack
                0x00000000        0x0 pegasus_crt.a(exec.o)
 .note.gnu.property
                0x00000000       0x28 pegasus_crt.a(exec.o)
 .note.GNU-stack
                0x00000000        0x0 pegasus_crt.a(exit.o)
 .note.gnu.property
                0x00000000       0x28 pegasus_crt.a(exit.o)
 .note.GNU-stack
                0x00000000        0x0 pegasus_crt.a(wait.o)
 .note.gnu.property
                0x00000000       0x28 pegasus_crt.a(wait.o)
 .note.GNU-stack
                0x00000000        0x0 pegasus_crt.a(fork.o)
 .note.gnu.property
                0x00000000       0x28 pegasus_crt.a(fork.o)
 .note.GNU-stack
                0x00000000        0x0 pegasus_crt.a(strcmp.o)
 .note.gnu.property
                0x00000000       0x28 pegasus_crt.a(strcmp.o)
 .note.GNU-stack
                0x00000000        0x0 pegasus_crt.a(read.o)
 .note.gnu.property
                0x00000000       0x28 pegasus_crt.a(read.o)
 .note.GNU-stack
                0x00000000        0x0 pegasus_crt.a(open.o)
 .note.gnu.property
                0x00000000       0x28 pegasus_crt.a(open.o)
 .note.GNU-stack
                0x00000000        0x0 pegasus_crt.a(write.o)
 .note.gnu.property
                0x00000000       0x28 pegasus_crt.a(write.o)
 .note.GNU-stack
                0x00000000        0x0 pegasus_crt.a(close.o)
 .note.gnu.property
                0x00000000       0x28 pegasus_crt.a(close.o)
 .note.GNU-stack
                0x00000000        0x0 pegasus_crt.a(double_link_list.o)
 .note.gnu.property
                0x00000000       0x28 pegasus_crt.a(double_link_list.o)
 .note.GNU-stack
                0x00000000        0x0 pegasus_crt.a(netdev.o)
 .note.gnu.property
                0x00000000       0x28 pegasus_crt.a(netdev.o)
 .note.GNU-stack
                0x00000000        0x0 pegasus_crt.a(skbuff.o)
 .note.gnu.property
                0x00000000       0x28 pegasus_crt.a(skbuff.o)
 .note.GNU-stack
                0x00000000        0x0 pegasus_crt.a(route.o)
 .note.gnu.property
                0x00000000       0x28 pegasus_crt.a(route.o)
 .note.GNU-stack
                0x00000000        0x0 pegasus_crt.a(forkexit.o)
 .note.gnu.property
                0x00000000       0x28 pegasus_crt.a(forkexit.o)
 .note.GNU-stack
                0x00000000        0x0 pegasus_crt.a(exec.o)
 .note.gnu.property
                0x00000000       0x28 pegasus_crt.a(exec.o)
 .note.GNU-stack
                0x00000000        0x0 pegasus_crt.a(perror.o)
 .note.gnu.property
                0x00000000       0x28 pegasus_crt.a(perror.o)
 .note.GNU-stack
                0x00000000        0x0 pegasus_crt.a(sscanf.o)
 .note.gnu.property
                0x00000000       0x28 pegasus_crt.a(sscanf.o)
 .note.GNU-stack
                0x00000000        0x0 pegasus_crt.a(ntohs.o)
 .note.gnu.property
                0x00000000       0x28 pegasus_crt.a(ntohs.o)
 .note.GNU-stack
                0x00000000        0x0 pegasus_crt.a(htons.o)
 .note.gnu.property
                0x00000000       0x28 pegasus_crt.a(htons.o)
 .note.GNU-stack
                0x00000000        0x0 pegasus_crt.a(inet_pton.o)
 .note.gnu.property
                0x00000000       0x28 pegasus_crt.a(inet_pton.o)
 .note.GNU-stack
                0x00000000        0x0 pegasus_crt.a(ntohl.o)
 .note.gnu.property
                0x00000000       0x28 pegasus_crt.a(ntohl.o)
 .note.GNU-stack
                0x00000000        0x0 pegasus_crt.a(my_process.o)
 .note.gnu.property
                0x00000000       0x28 pegasus_crt.a(my_process.o)
 .note.GNU-stack
                0x00000000        0x0 pegasus_crt.a(atoi.o)
 .note.gnu.property
                0x00000000       0x28 pegasus_crt.a(atoi.o)
 .note.GNU-stack
                0x00000000        0x0 pegasus_crt.a(strtok.o)
 .note.gnu.property
                0x00000000       0x28 pegasus_crt.a(strtok.o)
 .note.GNU-stack
                0x00000000        0x0 pegasus_crt.a(strpbrk.o)
 .note.gnu.property
                0x00000000       0x28 pegasus_crt.a(strpbrk.o)
 .note.GNU-stack
                0x00000000        0x0 pegasus_crt.a(thread.o)
 .note.gnu.property
                0x00000000       0x28 pegasus_crt.a(thread.o)

Memory Configuration

Name             Origin             Length             Attributes
*default*        0x00000000         0xffffffff

Linker script and memory map

Address of section .text set to 0xb0800000
LOAD test.o
LOAD start.o
LOAD pegasus_crt.a
                [!provide]                        PROVIDE (__executable_start = SEGMENT_START ("text-segment", 0x8048000))
                0x080480d4                        . = (SEGMENT_START ("text-segment", 0x8048000) + SIZEOF_HEADERS)

.interp
 *(.interp)

.note.gnu.build-id
 *(.note.gnu.build-id)

.hash
 *(.hash)

.gnu.hash
 *(.gnu.hash)

.dynsym
 *(.dynsym)

.dynstr
 *(.dynstr)

.gnu.version
 *(.gnu.version)

.gnu.version_d
 *(.gnu.version_d)

.gnu.version_r
 *(.gnu.version_r)

.rel.dyn        0x080480d4        0x0
 *(.rel.init)
 *(.rel.text .rel.text.* .rel.gnu.linkonce.t.*)
 .rel.text      0x080480d4        0x0 test.o
 *(.rel.fini)
 *(.rel.rodata .rel.rodata.* .rel.gnu.linkonce.r.*)
 *(.rel.data.rel.ro .rel.data.rel.ro.* .rel.gnu.linkonce.d.rel.ro.*)
 *(.rel.data .rel.data.* .rel.gnu.linkonce.d.*)
 *(.rel.tdata .rel.tdata.* .rel.gnu.linkonce.td.*)
 *(.rel.tbss .rel.tbss.* .rel.gnu.linkonce.tb.*)
 *(.rel.ctors)
 *(.rel.dtors)
 *(.rel.got)
 .rel.got       0x080480d4        0x0 test.o
 *(.rel.bss .rel.bss.* .rel.gnu.linkonce.b.*)
 *(.rel.ifunc)

.rel.plt        0x080480d4        0x0
 *(.rel.plt)
                [!provide]                        PROVIDE (__rel_iplt_start = .)
 *(.rel.iplt)
 .rel.iplt      0x080480d4        0x0 test.o
                [!provide]                        PROVIDE (__rel_iplt_end = .)

.relr.dyn
 *(.relr.dyn)
                0x08049000                        . = ALIGN (CONSTANT (MAXPAGESIZE))

.init
 *(SORT_NONE(.init))

.plt            0x08049000        0x0
 *(.plt)
 *(.iplt)
 .iplt          0x08049000        0x0 test.o

.plt.got
 *(.plt.got)

.plt.sec
 *(.plt.sec)

.text           0xb0800000     0xb921
 *(.text.unlikely .text.*_unlikely .text.unlikely.*)
 *(.text.exit .text.exit.*)
 *(.text.startup .text.startup.*)
 *(.text.hot .text.hot.*)
 *(SORT_BY_NAME(.text.sorted.*))
 *(.text .stub .text.* .gnu.linkonce.t.*)
 .text          0xb0800000       0x3e test.o
                0xb0800000                main
 *fill*         0xb080003e        0x2 
 .text          0xb0800040       0x15 start.o
                0xb0800040                _start
 .text          0xb0800055     0x2de1 pegasus_crt.a(kernel_main_old.o)
                0xb0800055                stop_here
                0xb0800099                catch_error
                0xb08000fe                intr_enable
                0xb0800127                intr_disable
                0xb0800150                intr_set_status
                0xb080016e                intr_get_status
                0xb080018b                Memcpy
                0xb08001be                untar
                0xb08004ce                num_to_string
                0xb0800574                disp_int
                0xb080059d                do_page_fault
                0xb08006da                exception_handler
                0xb08008c5                init_internal_interrupt
                0xb0800a3a                spurious_irq
                0xb0800ac8                init_keyboard
                0xb0800b0b                TestTTY
                0xb0800baa                TestReadReturnValue
                0xb0800c27                TestWriteReturnValue
                0xb0800cfb                TestFS2
                0xb0800d09                TestFS
                0xb08011ab                wait_exit
                0xb08012a9                INIT_fork
                0xb080159c                simple_shell
                0xb0801723                test_shell
                0xb080178b                test_exec
                0xb080187e                INIT
                0xb080188b                TestA
                0xb08018c0                delay
                0xb0801904                TestB
                0xb080191c                TestC
                0xb080194f                sys_get_ticks
                0xb080195f                sys_write
                0xb08019b3                milli_delay
                0xb08019ef                TaskSys
                0xb08019f4                Printf
                0xb0801ac6                sprintf
                0xb0801af2                vsprintf
                0xb0801c9e                printx
                0xb0801ce1                sys_printx
                0xb0801dad                spin
                0xb0801dd3                panic
                0xb0801df1                assertion_failure
                0xb0801e63                assertion_failure2
                0xb0801ed8                dead_lock
                0xb0801ee2                sys_send_msg
                0xb0802401                sys_receive_msg
                0xb0802a61                send_rec
                0xb0802b5c                block
                0xb0802b98                unblock
                0xb0802be8                get_ticks_ipc
                0xb0802c3f                itoa
                0xb0802c95                i2a
                0xb0802cfb                inform_int
                0xb0802dc7                deprecate_strcmp
 .text          0xb0802e36      0x3b3 pegasus_crt.a(protect.o)
                0xb0802e36                InitDescriptor
                0xb0802ea3                Seg2PhyAddr
                0xb0802ee4                Seg2PhyAddrLDT
                0xb0802f28                VirAddr2PhyAddr
                0xb0802f3e                v2l
                0xb0802f81                init_propt
                0xb0803102                InitInterruptDesc
                0xb080315e                ReloadGDT
 .text          0xb08031e9      0xaca pegasus_crt.a(console.o)
                0xb08031e9                select_console
                0xb0803225                flush
                0xb080325e                set_cursor
                0xb08032bc                set_console_start_video_addr
                0xb080331a                put_key
                0xb0803386                scroll_up
                0xb08033c8                scroll_down
                0xb0803433                out_char
                0xb08035f0                tty_dev_read
                0xb080361a                tty_dev_write
                0xb0803847                tty_do_read
                0xb080390f                tty_do_write
                0xb0803a72                init_screen
                0xb0803afb                init_tty
                0xb0803bb0                TaskTTY
 .text          0xb0803cb3      0x2b7 pegasus_crt.a(process.o)
                0xb0803cb3                schedule_process
                0xb0803e79                clock_handler
                0xb0803eef                pid2proc
                0xb0803f53                proc2pid
 .text          0xb0803f6a        0x0 pegasus_crt.a(global.o)
 .text          0xb0803f6a      0x40f pegasus_crt.a(keyboard.o)
                0xb0803f6a                keyboard_handler
                0xb0803fee                read_from_keyboard_buf
                0xb0804054                keyboard_read
                0xb08041d3                init_keyboard_handler
                0xb08041e7                in_process
 .text          0xb0804379       0x9e pegasus_crt.a(task_network.o)
                0xb0804379                task_network
                0xb08043f9                task_netdev_rx
 .text          0xb0804417      0xe60 pegasus_crt.a(hd.o)
                0xb0804417                TaskHD
                0xb080445c                init_hd
                0xb0804476                hd_handle
                0xb080457b                hd_cmd_out
                0xb080467d                hd_identify
                0xb0804734                print_hdinfo
                0xb08048c2                print_dpt_entry
                0xb080492e                get_partition_table
                0xb0804a0d                partition
                0xb0804c27                hd_open
                0xb0804cce                get_hd_ioctl
                0xb0804d7f                wait_for
                0xb0804db0                interrupt_wait
                0xb0804e00                hd_rdwt
                0xb080509f                hd_handler
                0xb08050d0                debug_ticks
                0xb080510e                waitfor
                0xb0805152                print_hd_info
                0xb080523f                is_empty
 .text          0xb0805277     0x2069 pegasus_crt.a(fs_main.o)
                0xb0805277                task_fs
                0xb0805482                rd_wt
                0xb080555b                mkfs
                0xb0805b3d                init_fs
                0xb0805b91                do_open
                0xb0805d9a                search_file
                0xb0805ecc                strip_path
                0xb0805f98                get_inode
                0xb080615a                create_file
                0xb0806265                alloc_imap_bit
                0xb0806362                alloc_smap_bit
                0xb0806503                new_inode
                0xb0806621                new_dir_entry
                0xb080682d                do_unlink
                0xb0806d09                do_rdwt
                0xb0807094                sync_inode
                0xb08071e8                put_inode
                0xb0807226                do_close
                0xb0807278                get_super_block
 .text          0xb08072e0      0x148 pegasus_crt.a(main.o)
                0xb08072e0                TaskMM
                0xb0807409                alloc_mem
 .text          0xb0807428     0x111f pegasus_crt.a(mem.o)
                0xb0807428                init_bitmap
                0xb080744b                test_bit_val
                0xb08074b4                set_bit_val
                0xb080752f                set_bits
                0xb0807569                get_first_free_bit
                0xb08075ad                get_bits
                0xb0807675                get_a_page
                0xb0807729                get_virtual_address_start_with_addr
                0xb08077c3                get_virtual_address
                0xb0807853                ptr_pde
                0xb0807866                ptr_pte
                0xb080788d                add_map_entry
                0xb080791e                alloc_virtual_memory
                0xb08079f1                get_physical_address_proc
                0xb0807a6d                get_physical_address
                0xb0807a9f                alloc_physical_memory_of_proc
                0xb0807b8e                alloc_physical_memory
                0xb0807c56                alloc_memory
                0xb0807cb8                get_a_virtual_page
                0xb0807cf0                block2arena
                0xb0807d06                sys_malloc2
                0xb0808033                remove_map_entry
                0xb0808054                free_a_page
                0xb08080fb                sys_free2
                0xb0808101                init_memory_block_desc
                0xb08081d2                init_memory2
                0xb0808407                init_memory
 .text          0xb0808547      0x285 pegasus_crt.a(exec.o)
                0xb0808547                exec
                0xb08085b8                execv
                0xb08087a7                execl
 .text          0xb08087cc       0x2f pegasus_crt.a(exit.o)
                0xb08087cc                exit
 .text          0xb08087fb       0x44 pegasus_crt.a(wait.o)
                0xb08087fb                wait
 .text          0xb080883f       0x48 pegasus_crt.a(fork.o)
                0xb080883f                fork
 .text          0xb0808887       0xa8 pegasus_crt.a(strcmp.o)
                0xb0808887                strcmp
 .text          0xb080892f      0x181 pegasus_crt.a(read.o)
                0xb080892f                read
 .text          0xb0808ab0       0x95 pegasus_crt.a(open.o)
                0xb0808ab0                open
 .text          0xb0808b45       0x85 pegasus_crt.a(write.o)
                0xb0808b45                write
 .text          0xb0808bca       0x52 pegasus_crt.a(close.o)
                0xb0808bca                close
 *fill*         0xb0808c1c        0x4 
 .text          0xb0808c20      0x3d5 pegasus_crt.a(kernel.o)
                0xb0808c20                InterruptTest
                0xb0808c2c                disp_str_len
                0xb0808c79                disp_str
                0xb0808cb4                disp_str_colour
                0xb0808cf0                divide_zero_fault
                0xb0808cf6                single_step_fault
                0xb0808cfc                non_maskable_interrupt
                0xb0808d02                breakpoint_trap
                0xb0808d08                overflow_trap
                0xb0808d0e                bound_range_exceeded_fault
                0xb0808d14                invalid_opcode_fault
                0xb0808d1a                coprocessor_not_available_fault
                0xb0808d20                double_fault_exception_abort
                0xb0808d24                coprocessor_segment_overrun
                0xb0808d2a                invalid_task_state_segment_fault
                0xb0808d2e                segment_not_present_fault
                0xb0808d32                stack_exception_fault
                0xb0808d36                general_protection_exception_fault
                0xb0808d41                page_fault
                0xb0808d45                coprocessor_error_fault
                0xb0808d4b                align_check_fault
                0xb0808d4f                simd_float_exception_fault
                0xb0808d5e                hwint0
                0xb0808d8e                hwint1
                0xb0808dd1                hwint14
                0xb0808e17                hwint10
                0xb0808e5a                sys_call
                0xb0808ea0                fork_restart
                0xb0808eaf                restart
                0xb0808ed2                in_byte
                0xb0808ede                out_byte
                0xb0808f00                disable_int
                0xb0808f02                enable_int
                0xb0808f98                enable_8259A_casecade_irq
                0xb0808fa2                disable_8259A_casecade_irq
                0xb0808fac                enable_8259A_slave_winchester_irq
                0xb0808fb6                disable_8259A_slave_winchester_irq
                0xb0808fc0                update_cr3
                0xb0808fcd                update_tss
                0xb0808fdc                get_running_thread_pcb
                0xb0808fe2                sys_call_test
                0xb0808fe5                enable_8259A_slave_net_irq
 *fill*         0xb0808ff5        0xb 
 .text          0xb0809000       0x15 pegasus_crt.a(switch_to.o)
                0xb0809000                switch_to
 *fill*         0xb0809015        0xb 
 .text          0xb0809020       0x6a pegasus_crt.a(syscall.o)
                0xb0809020                write_debug
                0xb0809030                send_msg
                0xb0809046                receive_msg
                0xb080905c                sys_malloc
                0xb0809071                sys_free
 .text          0xb080908a      0x2ee pegasus_crt.a(double_link_list.o)
                0xb080908a                initDoubleLinkList
                0xb08090da                isListEmpty
                0xb0809108                findElementInList
                0xb080919f                appendToDoubleLinkList
                0xb0809265                insertToDoubleLinkList
                0xb08092e9                popFromDoubleLinkList
 .text          0xb0809378      0x804 pegasus_crt.a(netdev.o)
                0xb08094fd                netdev_init
                0xb0809544                netdev_transmit
                0xb080962d                interrupt_wait2
                0xb080967d                netdev_rx_loop
                0xb08097b4                netdev_get
                0xb08097ef                free_netdev
                0xb080981a                local_ipaddress
                0xb0809857                receive_msg_from_nic
                0xb0809a3a                receive_msg_from_nic2
                0xb0809b66                net_handler
 .text          0xb0809b7c      0x15b pegasus_crt.a(skbuff.o)
                0xb0809b95                alloc_skb
                0xb0809c26                free_skb
                0xb0809c59                skb_reserve
                0xb0809c75                skb_push
                0xb0809ca4                skb_head
                0xb0809caf                skb_reset_header
 .text          0xb0809cd7      0x295 pegasus_crt.a(route.o)
                0xb0809e04                route_add
                0xb0809e49                route_init
                0xb0809ed0                route_lookup
                0xb0809f1b                free_routes
 .text          0xb0809f6c      0x24f pegasus_crt.a(forkexit.o)
                0xb0809f6c                do_fork
                0xb0809fda                do_exit
                0xb080a064                do_wait
                0xb080a161                cleanup
 .text          0xb080a1bb      0x419 pegasus_crt.a(exec.o)
                0xb080a1bb                do_exec
 .text          0xb080a5d4       0x17 pegasus_crt.a(perror.o)
                0xb080a5d4                perror
 .text          0xb080a5eb      0x2c1 pegasus_crt.a(sscanf.o)
                0xb080a5eb                sscanf
 .text          0xb080a8ac       0x38 pegasus_crt.a(ntohs.o)
                0xb080a8ac                ntohs
 .text          0xb080a8e4       0x38 pegasus_crt.a(htons.o)
                0xb080a8e4                htons
 .text          0xb080a91c      0x295 pegasus_crt.a(inet_pton.o)
                0xb080a91c                isValidIPv4
                0xb080aaa6                inet_pton
 .text          0xb080abb1       0x7c pegasus_crt.a(ntohl.o)
                0xb080abb1                ntohl
 *fill*         0xb080ac2d        0x3 
 .text          0xb080ac30      0x25e pegasus_crt.a(ne2000.o)
                0xb080ac53                DriverInitialize
                0xb080acdd                SetPageStart
                0xb080ad05                DriverSend
                0xb080ad7d                PCtoNIC
                0xb080adeb                get_interrupt_status
                0xb080ae01                set_interrupt_status
                0xb080ae1a                get_curr_page
                0xb080ae37                NICtoPC
 .text          0xb080ae8e      0x730 pegasus_crt.a(my_process.o)
                0xb080ae8e                create_user_process_address_space
                0xb080af1e                user_process
                0xb080b04b                clone_pcb
                0xb080b1bd                build_body_stack
                0xb080b2f0                build_process_kernel_stack
                0xb080b3b3                fork_process
                0xb080b444                process_execute
 .text          0xb080b5be       0x9c pegasus_crt.a(atoi.o)
                0xb080b5be                atoi
 .text          0xb080b65a       0x85 pegasus_crt.a(strtok.o)
                0xb080b65a                strtok
 .text          0xb080b6df       0x90 pegasus_crt.a(strpbrk.o)
                0xb080b6df                strpbrk
 .text          0xb080b76f      0x1b2 pegasus_crt.a(thread.o)
                0xb080b76f                kernel_thread
                0xb080b787                thread_init
                0xb080b834                thread_create
                0xb080b869                thread_start
 *(.gnu.warning)

.fini
 *(SORT_NONE(.fini))
                [!provide]                        PROVIDE (__etext = .)
                [!provide]                        PROVIDE (_etext = .)
                [!provide]                        PROVIDE (etext = .)
                0xb080c000                        . = ALIGN (CONSTANT (MAXPAGESIZE))
                0xb080c000                        . = SEGMENT_START ("rodata-segment", (ALIGN (CONSTANT (MAXPAGESIZE)) + (. & (CONSTANT (MAXPAGESIZE) - 0x1))))

.rodata         0xb080c000     0x12b7
 *(.rodata .rodata.* .gnu.linkonce.r.*)
 .rodata        0xb080c000       0x10 test.o
 *fill*         0xb080c010       0x10 
 .rodata        0xb080c020      0xb61 pegasus_crt.a(kernel_main_old.o)
 .rodata        0xb080cb81       0x22 pegasus_crt.a(console.o)
 *fill*         0xb080cba3        0x1 
 .rodata        0xb080cba4       0x4c pegasus_crt.a(process.o)
 .rodata        0xb080cbf0       0x3d pegasus_crt.a(task_network.o)
 *fill*         0xb080cc2d        0x3 
 .rodata        0xb080cc30      0x19c pegasus_crt.a(hd.o)
 .rodata        0xb080cdcc      0x1fb pegasus_crt.a(fs_main.o)
                0xb080cdcc                FSBUF_SIZE
 .rodata        0xb080cfc7       0x11 pegasus_crt.a(main.o)
 .rodata        0xb080cfd8       0x5a pegasus_crt.a(mem.o)
 .rodata        0xb080d032       0x2d pegasus_crt.a(exec.o)
 .rodata        0xb080d05f       0x2a pegasus_crt.a(close.o)
 .rodata        0xb080d089       0x3c pegasus_crt.a(double_link_list.o)
 *fill*         0xb080d0c5        0x3 
 .rodata        0xb080d0c8      0x17a pegasus_crt.a(netdev.o)
 .rodata        0xb080d242        0x9 pegasus_crt.a(skbuff.o)
 *fill*         0xb080d24b        0x1 
 .rodata        0xb080d24c       0x37 pegasus_crt.a(route.o)
 .rodata        0xb080d283       0x21 pegasus_crt.a(forkexit.o)
 .rodata        0xb080d2a4       0x10 pegasus_crt.a(exec.o)
 .rodata        0xb080d2b4        0x3 pegasus_crt.a(inet_pton.o)

.txt            0xb080d2b7       0xaa
 .txt           0xb080d2b7       0x82 pegasus_crt.a(string.o)
                0xb080d2b7                Memcpy2
                0xb080d2e5                Memset
                0xb080d304                Strcpy
                0xb080d31e                Strlen
 .txt           0xb080d339       0x28 pegasus_crt.a(hd_rdwt.o)
                0xb080d339                read_port
                0xb080d34d                write_port

.rodata1
 *(.rodata1)

.eh_frame_hdr
 *(.eh_frame_hdr)
 *(.eh_frame_entry .eh_frame_entry.*)

.eh_frame       0xb080d364     0x1d44
 *(.eh_frame)
 .eh_frame      0xb080d364       0x44 test.o
 .eh_frame      0xb080d3a8      0x6cc pegasus_crt.a(kernel_main_old.o)
                                0x6e4 (size before relaxing)
 .eh_frame      0xb080da74      0x100 pegasus_crt.a(protect.o)
                                0x118 (size before relaxing)
 .eh_frame      0xb080db74      0x1e0 pegasus_crt.a(console.o)
                                0x1f8 (size before relaxing)
 .eh_frame      0xb080dd54       0x80 pegasus_crt.a(process.o)
                                 0x98 (size before relaxing)
 .eh_frame      0xb080ddd4       0xa0 pegasus_crt.a(keyboard.o)
                                 0xb8 (size before relaxing)
 .eh_frame      0xb080de74       0x3c pegasus_crt.a(task_network.o)
                                 0x54 (size before relaxing)
 .eh_frame      0xb080deb0      0x264 pegasus_crt.a(hd.o)
                                0x27c (size before relaxing)
 .eh_frame      0xb080e114      0x27c pegasus_crt.a(fs_main.o)
                                0x294 (size before relaxing)
 .eh_frame      0xb080e390       0x3c pegasus_crt.a(main.o)
                                 0x54 (size before relaxing)
 .eh_frame      0xb080e3cc      0x364 pegasus_crt.a(mem.o)
                                0x37c (size before relaxing)
 .eh_frame      0xb080e730       0x60 pegasus_crt.a(exec.o)
                                 0x78 (size before relaxing)
 .eh_frame      0xb080e790       0x20 pegasus_crt.a(exit.o)
                                 0x38 (size before relaxing)
 .eh_frame      0xb080e7b0       0x20 pegasus_crt.a(wait.o)
                                 0x38 (size before relaxing)
 .eh_frame      0xb080e7d0       0x20 pegasus_crt.a(fork.o)
                                 0x38 (size before relaxing)
 .eh_frame      0xb080e7f0       0x20 pegasus_crt.a(strcmp.o)
                                 0x38 (size before relaxing)
 .eh_frame      0xb080e810       0x20 pegasus_crt.a(read.o)
                                 0x38 (size before relaxing)
 .eh_frame      0xb080e830       0x20 pegasus_crt.a(open.o)
                                 0x38 (size before relaxing)
 .eh_frame      0xb080e850       0x20 pegasus_crt.a(write.o)
                                 0x38 (size before relaxing)
 .eh_frame      0xb080e870       0x20 pegasus_crt.a(close.o)
                                 0x38 (size before relaxing)
 .eh_frame      0xb080e890       0xc0 pegasus_crt.a(double_link_list.o)
                                 0xd8 (size before relaxing)
 .eh_frame      0xb080e950      0x214 pegasus_crt.a(netdev.o)
                                0x22c (size before relaxing)
 .eh_frame      0xb080eb64       0xe0 pegasus_crt.a(skbuff.o)
                                 0xf8 (size before relaxing)
 .eh_frame      0xb080ec44      0x124 pegasus_crt.a(route.o)
                                0x13c (size before relaxing)
 .eh_frame      0xb080ed68       0x80 pegasus_crt.a(forkexit.o)
                                 0x98 (size before relaxing)
 .eh_frame      0xb080ede8       0x20 pegasus_crt.a(exec.o)
                                 0x38 (size before relaxing)
 .eh_frame      0xb080ee08       0x20 pegasus_crt.a(perror.o)
                                 0x38 (size before relaxing)
 .eh_frame      0xb080ee28       0x20 pegasus_crt.a(sscanf.o)
                                 0x38 (size before relaxing)
 .eh_frame      0xb080ee48       0x20 pegasus_crt.a(ntohs.o)
                                 0x38 (size before relaxing)
 .eh_frame      0xb080ee68       0x20 pegasus_crt.a(htons.o)
                                 0x38 (size before relaxing)
 .eh_frame      0xb080ee88       0x40 pegasus_crt.a(inet_pton.o)
                                 0x58 (size before relaxing)
 .eh_frame      0xb080eec8       0x20 pegasus_crt.a(ntohl.o)
                                 0x38 (size before relaxing)
 .eh_frame      0xb080eee8       0xe0 pegasus_crt.a(my_process.o)
                                 0xf8 (size before relaxing)
 .eh_frame      0xb080efc8       0x20 pegasus_crt.a(atoi.o)
                                 0x38 (size before relaxing)
 .eh_frame      0xb080efe8       0x20 pegasus_crt.a(strtok.o)
                                 0x38 (size before relaxing)
 .eh_frame      0xb080f008       0x20 pegasus_crt.a(strpbrk.o)
                                 0x38 (size before relaxing)
 .eh_frame      0xb080f028       0x80 pegasus_crt.a(thread.o)
                                 0x98 (size before relaxing)
 *(.eh_frame.*)

.sframe
 *(.sframe)
 *(.sframe.*)

.gcc_except_table
 *(.gcc_except_table .gcc_except_table.*)

.gnu_extab
 *(.gnu_extab*)

.exception_ranges
 *(.exception_ranges*)
                0xb0810000                        . = DATA_SEGMENT_ALIGN (CONSTANT (MAXPAGESIZE), CONSTANT (COMMONPAGESIZE))

.eh_frame
 *(.eh_frame)
 *(.eh_frame.*)

.sframe
 *(.sframe)
 *(.sframe.*)

.gnu_extab
 *(.gnu_extab)

.gcc_except_table
 *(.gcc_except_table .gcc_except_table.*)

.exception_ranges
 *(.exception_ranges*)

.tdata          0xb0810000        0x0
                [!provide]                        PROVIDE (__tdata_start = .)
 *(.tdata .tdata.* .gnu.linkonce.td.*)

.tbss
 *(.tbss .tbss.* .gnu.linkonce.tb.*)
 *(.tcommon)

.preinit_array  0xb0810000        0x0
                [!provide]                        PROVIDE (__preinit_array_start = .)
 *(.preinit_array)
                [!provide]                        PROVIDE (__preinit_array_end = .)

.init_array     0xb0810000        0x0
                [!provide]                        PROVIDE (__init_array_start = .)
 *(SORT_BY_INIT_PRIORITY(.init_array.*) SORT_BY_INIT_PRIORITY(.ctors.*))
 *(.init_array EXCLUDE_FILE(*crtend?.o *crtend.o *crtbegin?.o *crtbegin.o) .ctors)
                [!provide]                        PROVIDE (__init_array_end = .)

.fini_array     0xb0810000        0x0
                [!provide]                        PROVIDE (__fini_array_start = .)
 *(SORT_BY_INIT_PRIORITY(.fini_array.*) SORT_BY_INIT_PRIORITY(.dtors.*))
 *(.fini_array EXCLUDE_FILE(*crtend?.o *crtend.o *crtbegin?.o *crtbegin.o) .dtors)
                [!provide]                        PROVIDE (__fini_array_end = .)

.ctors
 *crtbegin.o(.ctors)
 *crtbegin?.o(.ctors)
 *(EXCLUDE_FILE(*crtend?.o *crtend.o) .ctors)
 *(SORT_BY_NAME(.ctors.*))
 *(.ctors)

.dtors
 *crtbegin.o(.dtors)
 *crtbegin?.o(.dtors)
 *(EXCLUDE_FILE(*crtend?.o *crtend.o) .dtors)
 *(SORT_BY_NAME(.dtors.*))
 *(.dtors)

.jcr
 *(.jcr)

.data.rel.ro
 *(.data.rel.ro.local* .gnu.linkonce.d.rel.ro.local.*)
 *(.data.rel.ro .data.rel.ro.* .gnu.linkonce.d.rel.ro.*)

.dynamic
 *(.dynamic)

.got            0xb0810000        0x0
 *(.got)
 .got           0xb0810000        0x0 test.o
 *(.igot)
                0xb0810000                        . = DATA_SEGMENT_RELRO_END (., (SIZEOF (.got.plt) >= 0xc)?0xc:0x0)

.got.plt        0xb0810000        0x0
 *(.got.plt)
 .got.plt       0xb0810000        0x0 test.o
 *(.igot.plt)
 .igot.plt      0xb0810000        0x0 test.o

.data           0xb0810000      0x784
 *(.data .data.* .gnu.linkonce.d.*)
 .data          0xb0810000        0x0 test.o
 .data          0xb0810000        0x0 pegasus_crt.a(kernel_main_old.o)
 .data          0xb0810000        0x0 pegasus_crt.a(protect.o)
 .data          0xb0810000        0x0 pegasus_crt.a(console.o)
 .data          0xb0810000        0x0 pegasus_crt.a(process.o)
 .data          0xb0810000      0x160 pegasus_crt.a(global.o)
                0xb0810000                user_task_table
                0xb0810080                sys_task_table
                0xb0810144                sys_call_table
 .data          0xb0810160      0x600 pegasus_crt.a(keyboard.o)
                0xb0810160                keymap
 .data          0xb0810760        0x0 pegasus_crt.a(task_network.o)
 .data          0xb0810760        0x0 pegasus_crt.a(hd.o)
 .data          0xb0810760        0x0 pegasus_crt.a(fs_main.o)
 .data          0xb0810760        0x0 pegasus_crt.a(main.o)
 .data          0xb0810760        0x0 pegasus_crt.a(mem.o)
 .data          0xb0810760        0x0 pegasus_crt.a(exec.o)
 .data          0xb0810760        0x0 pegasus_crt.a(exit.o)
 .data          0xb0810760        0x0 pegasus_crt.a(wait.o)
 .data          0xb0810760        0x0 pegasus_crt.a(fork.o)
 .data          0xb0810760        0x0 pegasus_crt.a(strcmp.o)
 .data          0xb0810760        0x0 pegasus_crt.a(read.o)
 .data          0xb0810760        0x0 pegasus_crt.a(open.o)
 .data          0xb0810760        0x0 pegasus_crt.a(write.o)
 .data          0xb0810760        0x0 pegasus_crt.a(close.o)
 .data          0xb0810760        0xf pegasus_crt.a(kernel.o)
 *fill*         0xb081076f        0x1 
 .data          0xb0810770        0x0 pegasus_crt.a(syscall.o)
 .data          0xb0810770        0x0 pegasus_crt.a(double_link_list.o)
 .data          0xb0810770        0x4 pegasus_crt.a(netdev.o)
 .data          0xb0810774        0x4 pegasus_crt.a(skbuff.o)
 .data          0xb0810778        0xc pegasus_crt.a(route.o)
 .data          0xb0810784        0x0 pegasus_crt.a(forkexit.o)
 .data          0xb0810784        0x0 pegasus_crt.a(exec.o)
 .data          0xb0810784        0x0 pegasus_crt.a(perror.o)
 .data          0xb0810784        0x0 pegasus_crt.a(sscanf.o)
 .data          0xb0810784        0x0 pegasus_crt.a(ntohs.o)
 .data          0xb0810784        0x0 pegasus_crt.a(htons.o)
 .data          0xb0810784        0x0 pegasus_crt.a(inet_pton.o)
 .data          0xb0810784        0x0 pegasus_crt.a(ntohl.o)
 .data          0xb0810784        0x0 pegasus_crt.a(my_process.o)
 .data          0xb0810784        0x0 pegasus_crt.a(atoi.o)
 .data          0xb0810784        0x0 pegasus_crt.a(strtok.o)
 .data          0xb0810784        0x0 pegasus_crt.a(strpbrk.o)
 .data          0xb0810784        0x0 pegasus_crt.a(thread.o)

.data1
 *(.data1)
                0xb0810784                        _edata = .
                [!provide]                        PROVIDE (edata = .)
                0xb0810784                        . = .
                0xb0810784                        __bss_start = .

.bss            0xb08107a0    0x94e30
 *(.dynbss)
 *(.bss .bss.* .gnu.linkonce.b.*)
 .bss           0xb08107a0        0x0 test.o
 .bss           0xb08107a0        0x0 pegasus_crt.a(kernel_main_old.o)
 .bss           0xb08107a0        0x0 pegasus_crt.a(protect.o)
 .bss           0xb08107a0        0x0 pegasus_crt.a(console.o)
 .bss           0xb08107a0        0x0 pegasus_crt.a(process.o)
 .bss           0xb08107a0        0x0 pegasus_crt.a(global.o)
 .bss           0xb08107a0        0x0 pegasus_crt.a(keyboard.o)
 .bss           0xb08107a0        0x0 pegasus_crt.a(task_network.o)
 .bss           0xb08107a0        0x0 pegasus_crt.a(hd.o)
 .bss           0xb08107a0        0x4 pegasus_crt.a(fs_main.o)
                0xb08107a0                c
 .bss           0xb08107a4        0x0 pegasus_crt.a(main.o)
 .bss           0xb08107a4        0x0 pegasus_crt.a(mem.o)
 .bss           0xb08107a4        0x0 pegasus_crt.a(exec.o)
 .bss           0xb08107a4        0x0 pegasus_crt.a(exit.o)
 .bss           0xb08107a4        0x0 pegasus_crt.a(wait.o)
 .bss           0xb08107a4        0x0 pegasus_crt.a(fork.o)
 .bss           0xb08107a4        0x0 pegasus_crt.a(strcmp.o)
 .bss           0xb08107a4        0x0 pegasus_crt.a(read.o)
 .bss           0xb08107a4        0x0 pegasus_crt.a(open.o)
 .bss           0xb08107a4        0x0 pegasus_crt.a(write.o)
 .bss           0xb08107a4        0x0 pegasus_crt.a(close.o)
 .bss           0xb08107a4      0x800 pegasus_crt.a(kernel.o)
 .bss           0xb0810fa4        0x0 pegasus_crt.a(double_link_list.o)
 .bss           0xb0810fa4        0x0 pegasus_crt.a(netdev.o)
 .bss           0xb0810fa4        0x0 pegasus_crt.a(skbuff.o)
 .bss           0xb0810fa4        0x0 pegasus_crt.a(route.o)
 .bss           0xb0810fa4        0x0 pegasus_crt.a(forkexit.o)
 .bss           0xb0810fa4        0x0 pegasus_crt.a(exec.o)
 .bss           0xb0810fa4        0x0 pegasus_crt.a(perror.o)
 .bss           0xb0810fa4        0x0 pegasus_crt.a(sscanf.o)
 .bss           0xb0810fa4        0x0 pegasus_crt.a(ntohs.o)
 .bss           0xb0810fa4        0x0 pegasus_crt.a(htons.o)
 .bss           0xb0810fa4        0x0 pegasus_crt.a(inet_pton.o)
 .bss           0xb0810fa4        0x0 pegasus_crt.a(ntohl.o)
 .bss           0xb0810fa4        0x0 pegasus_crt.a(my_process.o)
 .bss           0xb0810fa4        0x0 pegasus_crt.a(atoi.o)
 .bss           0xb0810fa4        0x4 pegasus_crt.a(strtok.o)
 .bss           0xb0810fa8        0x0 pegasus_crt.a(strpbrk.o)
 .bss           0xb0810fa8        0x0 pegasus_crt.a(thread.o)
 *(COMMON)
 *fill*         0xb0810fa8       0x18 
 COMMON         0xb0810fc0     0x17b8 pegasus_crt.a(kernel_main_old.o)
                0xb0810fc0                current_tty
                0xb0810fc4                is_e0
                0xb0810fc8                idt_ptr
                0xb0810fd0                pid
                0xb0810fd4                KernelVirtualMemory
                0xb0810fe0                current_dis_pos
                0xb0810fe4                dis_pos
                0xb0810fe8                k_reenter
                0xb0811000                gdt
                0xb0811400                proc_ready_table
                0xb0811404                test_ticks
                0xb0811408                pcaller
                0xb0811420                keyboard_buffer
                0xb081162c                pcb_list
                0xb081163c                gdt_index
                0xb0811640                tty_table
                0xb0811e80                tss
                0xb0811eec                KernelPool
                0xb0811efc                net_buf
                0xb0811f00                nic_current_page
                0xb0811f04                counter
                0xb0811f08                key_pressed
                0xb0811f0c                fork_pid
                0xb0811f10                is_shift
                0xb0811f11                net_data
                0xb0811f14                gdt_ptr
                0xb0811f20                idt
                0xb0812720                main_thread
                0xb0812728                ticks
                0xb0812730                is_init
                0xb0812734                UserPool
                0xb0812744                all_pcb_list
                0xb0812754                console_table
                0xb0812764                is_disp
                0xb0812768                MAIN_THREAD_PAGE_DIRECTORY
                0xb081276c                helloStr
 *fill*         0xb0812778        0x8 
 COMMON         0xb0812780    0x91ad0 pegasus_crt.a(global.o)
                0xb0812780                proc_stack
                0xb08a2780                proc_table
 *fill*         0xb08a4250       0x10 
 COMMON         0xb08a4260      0x440 pegasus_crt.a(hd.o)
                0xb08a4260                hd_info
                0xb08a44a0                hd_cache
 COMMON         0xb08a46a0      0xe68 pegasus_crt.a(fs_main.o)
                0xb08a46a0                file_desc_table
                0xb08a4aa0                phy_super_block_buf
                0xb08a4aa4                phy_fsbuf
                0xb08a4ac0                inode_table
                0xb08a54c0                super_block_buf
                0xb08a54c4                fsbuf
                0xb08a54e0                root
 *fill*         0xb08a5508       0x18 
 COMMON         0xb08a5520       0xa8 pegasus_crt.a(mem.o)
                0xb08a5520                kernel_mem_block_decs_array
 COMMON         0xb08a55c8        0x8 pegasus_crt.a(netdev.o)
                0xb08a55c8                loop
                0xb08a55cc                netdev
                0xb08a55d0                        . = ALIGN ((. != 0x0)?0x4:0x1)
                0xb08a55d0                        . = ALIGN (0x4)
                0xb08a55d0                        . = SEGMENT_START ("ldata-segment", .)
                0xb08a55d0                        . = ALIGN (0x4)
                0xb08a55d0                        _end = .
                [!provide]                        PROVIDE (end = .)
                0xb08a55d0                        . = DATA_SEGMENT_END (.)

.stab
 *(.stab)

.stabstr
 *(.stabstr)

.stab.excl
 *(.stab.excl)

.stab.exclstr
 *(.stab.exclstr)

.stab.index
 *(.stab.index)

.stab.indexstr
 *(.stab.indexstr)

.comment        0x00000000       0x2c
 *(.comment)
 .comment       0x00000000       0x2c test.o
                                 0x2d (size before relaxing)
 .comment       0x0000002c       0x2d pegasus_crt.a(kernel_main_old.o)
 .comment       0x0000002c       0x2d pegasus_crt.a(protect.o)
 .comment       0x0000002c       0x2d pegasus_crt.a(console.o)
 .comment       0x0000002c       0x2d pegasus_crt.a(process.o)
 .comment       0x0000002c       0x2d pegasus_crt.a(global.o)
 .comment       0x0000002c       0x2d pegasus_crt.a(keyboard.o)
 .comment       0x0000002c       0x2d pegasus_crt.a(task_network.o)
 .comment       0x0000002c       0x2d pegasus_crt.a(hd.o)
 .comment       0x0000002c       0x2d pegasus_crt.a(fs_main.o)
 .comment       0x0000002c       0x2d pegasus_crt.a(main.o)
 .comment       0x0000002c       0x2d pegasus_crt.a(mem.o)
 .comment       0x0000002c       0x2d pegasus_crt.a(exec.o)
 .comment       0x0000002c       0x2d pegasus_crt.a(exit.o)
 .comment       0x0000002c       0x2d pegasus_crt.a(wait.o)
 .comment       0x0000002c       0x2d pegasus_crt.a(fork.o)
 .comment       0x0000002c       0x2d pegasus_crt.a(strcmp.o)
 .comment       0x0000002c       0x2d pegasus_crt.a(read.o)
 .comment       0x0000002c       0x2d pegasus_crt.a(open.o)
 .comment       0x0000002c       0x2d pegasus_crt.a(write.o)
 .comment       0x0000002c       0x2d pegasus_crt.a(close.o)
 .comment       0x0000002c       0x2d pegasus_crt.a(double_link_list.o)
 .comment       0x0000002c       0x2d pegasus_crt.a(netdev.o)
 .comment       0x0000002c       0x2d pegasus_crt.a(skbuff.o)
 .comment       0x0000002c       0x2d pegasus_crt.a(route.o)
 .comment       0x0000002c       0x2d pegasus_crt.a(forkexit.o)
 .comment       0x0000002c       0x2d pegasus_crt.a(exec.o)
 .comment       0x0000002c       0x2d pegasus_crt.a(perror.o)
 .comment       0x0000002c       0x2d pegasus_crt.a(sscanf.o)
 .comment       0x0000002c       0x2d pegasus_crt.a(ntohs.o)
 .comment       0x0000002c       0x2d pegasus_crt.a(htons.o)
 .comment       0x0000002c       0x2d pegasus_crt.a(inet_pton.o)
 .comment       0x0000002c       0x2d pegasus_crt.a(ntohl.o)
 .comment       0x0000002c       0x2d pegasus_crt.a(my_process.o)
 .comment       0x0000002c       0x2d pegasus_crt.a(atoi.o)
 .comment       0x0000002c       0x2d pegasus_crt.a(strtok.o)
 .comment       0x0000002c       0x2d pegasus_crt.a(strpbrk.o)
 .comment       0x0000002c       0x2d pegasus_crt.a(thread.o)

.gnu.build.attributes
 *(.gnu.build.attributes .gnu.build.attributes.*)

.debug
 *(.debug)

.line
 *(.line)

.debug_srcinfo
 *(.debug_srcinfo)

.debug_sfnames
 *(.debug_sfnames)

.debug_aranges  0x00000000      0x498
 *(.debug_aranges)
 .debug_aranges
                0x00000000       0x20 pegasus_crt.a(kernel_main_old.o)
 .debug_aranges
                0x00000020       0x20 pegasus_crt.a(protect.o)
 .debug_aranges
                0x00000040       0x20 pegasus_crt.a(console.o)
 .debug_aranges
                0x00000060       0x20 pegasus_crt.a(process.o)
 .debug_aranges
                0x00000080       0x18 pegasus_crt.a(global.o)
 .debug_aranges
                0x00000098       0x20 pegasus_crt.a(keyboard.o)
 .debug_aranges
                0x000000b8       0x20 pegasus_crt.a(task_network.o)
 .debug_aranges
                0x000000d8       0x20 pegasus_crt.a(hd.o)
 .debug_aranges
                0x000000f8       0x20 pegasus_crt.a(fs_main.o)
 .debug_aranges
                0x00000118       0x20 pegasus_crt.a(main.o)
 .debug_aranges
                0x00000138       0x20 pegasus_crt.a(mem.o)
 .debug_aranges
                0x00000158       0x20 pegasus_crt.a(exec.o)
 .debug_aranges
                0x00000178       0x20 pegasus_crt.a(exit.o)
 .debug_aranges
                0x00000198       0x20 pegasus_crt.a(wait.o)
 .debug_aranges
                0x000001b8       0x20 pegasus_crt.a(fork.o)
 .debug_aranges
                0x000001d8       0x20 pegasus_crt.a(strcmp.o)
 .debug_aranges
                0x000001f8       0x20 pegasus_crt.a(read.o)
 .debug_aranges
                0x00000218       0x20 pegasus_crt.a(open.o)
 .debug_aranges
                0x00000238       0x20 pegasus_crt.a(write.o)
 .debug_aranges
                0x00000258       0x20 pegasus_crt.a(close.o)
 .debug_aranges
                0x00000278       0x20 pegasus_crt.a(double_link_list.o)
 .debug_aranges
                0x00000298       0x20 pegasus_crt.a(netdev.o)
 .debug_aranges
                0x000002b8       0x20 pegasus_crt.a(skbuff.o)
 .debug_aranges
                0x000002d8       0x20 pegasus_crt.a(route.o)
 .debug_aranges
                0x000002f8       0x20 pegasus_crt.a(forkexit.o)
 .debug_aranges
                0x00000318       0x20 pegasus_crt.a(exec.o)
 .debug_aranges
                0x00000338       0x20 pegasus_crt.a(perror.o)
 .debug_aranges
                0x00000358       0x20 pegasus_crt.a(sscanf.o)
 .debug_aranges
                0x00000378       0x20 pegasus_crt.a(ntohs.o)
 .debug_aranges
                0x00000398       0x20 pegasus_crt.a(htons.o)
 .debug_aranges
                0x000003b8       0x20 pegasus_crt.a(inet_pton.o)
 .debug_aranges
                0x000003d8       0x20 pegasus_crt.a(ntohl.o)
 .debug_aranges
                0x000003f8       0x20 pegasus_crt.a(my_process.o)
 .debug_aranges
                0x00000418       0x20 pegasus_crt.a(atoi.o)
 .debug_aranges
                0x00000438       0x20 pegasus_crt.a(strtok.o)
 .debug_aranges
                0x00000458       0x20 pegasus_crt.a(strpbrk.o)
 .debug_aranges
                0x00000478       0x20 pegasus_crt.a(thread.o)

.debug_pubnames
 *(.debug_pubnames)

.debug_info     0x00000000    0x1e141
 *(.debug_info .gnu.linkonce.wi.*)
 .debug_info    0x00000000     0x2854 pegasus_crt.a(kernel_main_old.o)
 .debug_info    0x00002854     0x11a8 pegasus_crt.a(protect.o)
 .debug_info    0x000039fc     0x127d pegasus_crt.a(console.o)
 .debug_info    0x00004c79      0xf55 pegasus_crt.a(process.o)
 .debug_info    0x00005bce      0xe7d pegasus_crt.a(global.o)
 .debug_info    0x00006a4b      0xfd1 pegasus_crt.a(keyboard.o)
 .debug_info    0x00007a1c      0x65b pegasus_crt.a(task_network.o)
 .debug_info    0x00008077     0x17ec pegasus_crt.a(hd.o)
 .debug_info    0x00009863     0x1f2e pegasus_crt.a(fs_main.o)
 .debug_info    0x0000b791      0xdbf pegasus_crt.a(main.o)
 .debug_info    0x0000c550     0x1d51 pegasus_crt.a(mem.o)
 .debug_info    0x0000e2a1      0xf33 pegasus_crt.a(exec.o)
 .debug_info    0x0000f1d4      0xda6 pegasus_crt.a(exit.o)
 .debug_info    0x0000ff7a      0xdb4 pegasus_crt.a(wait.o)
 .debug_info    0x00010d2e      0xd9b pegasus_crt.a(fork.o)
 .debug_info    0x00011ac9       0xc1 pegasus_crt.a(strcmp.o)
 .debug_info    0x00011b8a      0xea1 pegasus_crt.a(read.o)
 .debug_info    0x00012a2b      0xe02 pegasus_crt.a(open.o)
 .debug_info    0x0001382d      0xe2f pegasus_crt.a(write.o)
 .debug_info    0x0001465c      0xdb6 pegasus_crt.a(close.o)
 .debug_info    0x00015412     0x1035 pegasus_crt.a(double_link_list.o)
 .debug_info    0x00016447     0x1769 pegasus_crt.a(netdev.o)
 .debug_info    0x00017bb0      0x3a7 pegasus_crt.a(skbuff.o)
 .debug_info    0x00017f57     0x1275 pegasus_crt.a(route.o)
 .debug_info    0x000191cc      0xf91 pegasus_crt.a(forkexit.o)
 .debug_info    0x0001a15d     0x11cd pegasus_crt.a(exec.o)
 .debug_info    0x0001b32a       0x5c pegasus_crt.a(perror.o)
 .debug_info    0x0001b386      0x20e pegasus_crt.a(sscanf.o)
 .debug_info    0x0001b594       0xa8 pegasus_crt.a(ntohs.o)
 .debug_info    0x0001b63c       0xa8 pegasus_crt.a(htons.o)
 .debug_info    0x0001b6e4      0x260 pegasus_crt.a(inet_pton.o)
 .debug_info    0x0001b944       0xcb pegasus_crt.a(ntohl.o)
 .debug_info    0x0001ba0f     0x1490 pegasus_crt.a(my_process.o)
 .debug_info    0x0001ce9f       0xc9 pegasus_crt.a(atoi.o)
 .debug_info    0x0001cf68       0xae pegasus_crt.a(strtok.o)
 .debug_info    0x0001d016       0xcf pegasus_crt.a(strpbrk.o)
 .debug_info    0x0001d0e5     0x105c pegasus_crt.a(thread.o)

.debug_abbrev   0x00000000     0x3fe6
 *(.debug_abbrev)
 .debug_abbrev  0x00000000      0x43a pegasus_crt.a(kernel_main_old.o)
 .debug_abbrev  0x0000043a      0x227 pegasus_crt.a(protect.o)
 .debug_abbrev  0x00000661      0x2ac pegasus_crt.a(console.o)
 .debug_abbrev  0x0000090d      0x1e0 pegasus_crt.a(process.o)
 .debug_abbrev  0x00000aed      0x157 pegasus_crt.a(global.o)
 .debug_abbrev  0x00000c44      0x1fb pegasus_crt.a(keyboard.o)
 .debug_abbrev  0x00000e3f      0x17a pegasus_crt.a(task_network.o)
 .debug_abbrev  0x00000fb9      0x2e3 pegasus_crt.a(hd.o)
 .debug_abbrev  0x0000129c      0x2ef pegasus_crt.a(fs_main.o)
 .debug_abbrev  0x0000158b      0x208 pegasus_crt.a(main.o)
 .debug_abbrev  0x00001793      0x330 pegasus_crt.a(mem.o)
 .debug_abbrev  0x00001ac3      0x1e8 pegasus_crt.a(exec.o)
 .debug_abbrev  0x00001cab      0x19b pegasus_crt.a(exit.o)
 .debug_abbrev  0x00001e46      0x19f pegasus_crt.a(wait.o)
 .debug_abbrev  0x00001fe5      0x18a pegasus_crt.a(fork.o)
 .debug_abbrev  0x0000216f       0x94 pegasus_crt.a(strcmp.o)
 .debug_abbrev  0x00002203      0x1ef pegasus_crt.a(read.o)
 .debug_abbrev  0x000023f2      0x1c5 pegasus_crt.a(open.o)
 .debug_abbrev  0x000025b7      0x1db pegasus_crt.a(write.o)
 .debug_abbrev  0x00002792      0x19d pegasus_crt.a(close.o)
 .debug_abbrev  0x0000292f      0x216 pegasus_crt.a(double_link_list.o)
 .debug_abbrev  0x00002b45      0x2f4 pegasus_crt.a(netdev.o)
 .debug_abbrev  0x00002e39      0x17f pegasus_crt.a(skbuff.o)
 .debug_abbrev  0x00002fb8      0x24e pegasus_crt.a(route.o)
 .debug_abbrev  0x00003206      0x204 pegasus_crt.a(forkexit.o)
 .debug_abbrev  0x0000340a      0x1c4 pegasus_crt.a(exec.o)
 .debug_abbrev  0x000035ce       0x5c pegasus_crt.a(perror.o)
 .debug_abbrev  0x0000362a       0xdd pegasus_crt.a(sscanf.o)
 .debug_abbrev  0x00003707       0x6c pegasus_crt.a(ntohs.o)
 .debug_abbrev  0x00003773       0x6c pegasus_crt.a(htons.o)
 .debug_abbrev  0x000037df      0x116 pegasus_crt.a(inet_pton.o)
 .debug_abbrev  0x000038f5       0xa5 pegasus_crt.a(ntohl.o)
 .debug_abbrev  0x0000399a      0x260 pegasus_crt.a(my_process.o)
 .debug_abbrev  0x00003bfa       0x94 pegasus_crt.a(atoi.o)
 .debug_abbrev  0x00003c8e       0x91 pegasus_crt.a(strtok.o)
 .debug_abbrev  0x00003d1f       0xa5 pegasus_crt.a(strpbrk.o)
 .debug_abbrev  0x00003dc4      0x222 pegasus_crt.a(thread.o)

.debug_line     0x00000000     0x55c1
 *(.debug_line .debug_line.* .debug_line_end)
 .debug_line    0x00000000      0xe2f pegasus_crt.a(kernel_main_old.o)
 .debug_line    0x00000e2f      0x1ff pegasus_crt.a(protect.o)
 .debug_line    0x0000102e      0x54e pegasus_crt.a(console.o)
 .debug_line    0x0000157c      0x1ba pegasus_crt.a(process.o)
 .debug_line    0x00001736       0x95 pegasus_crt.a(global.o)
 .debug_line    0x000017cb      0x296 pegasus_crt.a(keyboard.o)
 .debug_line    0x00001a61       0xca pegasus_crt.a(task_network.o)
 .debug_line    0x00001b2b      0x62c pegasus_crt.a(hd.o)
 .debug_line    0x00002157      0xc23 pegasus_crt.a(fs_main.o)
 .debug_line    0x00002d7a       0xec pegasus_crt.a(main.o)
 .debug_line    0x00002e66      0x77b pegasus_crt.a(mem.o)
 .debug_line    0x000035e1      0x18b pegasus_crt.a(exec.o)
 .debug_line    0x0000376c       0xa0 pegasus_crt.a(exit.o)
 .debug_line    0x0000380c       0xb7 pegasus_crt.a(wait.o)
 .debug_line    0x000038c3       0xa5 pegasus_crt.a(fork.o)
 .debug_line    0x00003968       0x9c pegasus_crt.a(strcmp.o)
 .debug_line    0x00003a04      0x15b pegasus_crt.a(read.o)
 .debug_line    0x00003b5f       0xc3 pegasus_crt.a(open.o)
 .debug_line    0x00003c22       0xc2 pegasus_crt.a(write.o)
 .debug_line    0x00003ce4       0xb3 pegasus_crt.a(close.o)
 .debug_line    0x00003d97      0x217 pegasus_crt.a(double_link_list.o)
 .debug_line    0x00003fae      0x3fc pegasus_crt.a(netdev.o)
 .debug_line    0x000043aa      0x129 pegasus_crt.a(skbuff.o)
 .debug_line    0x000044d3      0x209 pegasus_crt.a(route.o)
 .debug_line    0x000046dc      0x174 pegasus_crt.a(forkexit.o)
 .debug_line    0x00004850      0x20c pegasus_crt.a(exec.o)
 .debug_line    0x00004a5c       0x48 pegasus_crt.a(perror.o)
 .debug_line    0x00004aa4      0x1d2 pegasus_crt.a(sscanf.o)
 .debug_line    0x00004c76       0x6c pegasus_crt.a(ntohs.o)
 .debug_line    0x00004ce2       0x6c pegasus_crt.a(htons.o)
 .debug_line    0x00004d4e      0x167 pegasus_crt.a(inet_pton.o)
 .debug_line    0x00004eb5       0xc1 pegasus_crt.a(ntohl.o)
 .debug_line    0x00004f76      0x33b pegasus_crt.a(my_process.o)
 .debug_line    0x000052b1       0xad pegasus_crt.a(atoi.o)
 .debug_line    0x0000535e       0x6e pegasus_crt.a(strtok.o)
 .debug_line    0x000053cc       0xb0 pegasus_crt.a(strpbrk.o)
 .debug_line    0x0000547c      0x145 pegasus_crt.a(thread.o)

.debug_frame
 *(.debug_frame)

.debug_str      0x00000000     0x23e1
 *(.debug_str)
 .debug_str     0x00000000     0x23e1 pegasus_crt.a(kernel_main_old.o)
                                0xb86 (size before relaxing)
 .debug_str     0x000023e1      0x766 pegasus_crt.a(protect.o)
 .debug_str     0x000023e1      0x75a pegasus_crt.a(console.o)
 .debug_str     0x000023e1      0x645 pegasus_crt.a(process.o)
 .debug_str     0x000023e1      0x60b pegasus_crt.a(global.o)
 .debug_str     0x000023e1      0x697 pegasus_crt.a(keyboard.o)
 .debug_str     0x000023e1      0x28f pegasus_crt.a(task_network.o)
 .debug_str     0x000023e1      0x914 pegasus_crt.a(hd.o)
 .debug_str     0x000023e1      0xaf5 pegasus_crt.a(fs_main.o)
 .debug_str     0x000023e1      0x593 pegasus_crt.a(main.o)
 .debug_str     0x000023e1      0xab9 pegasus_crt.a(mem.o)
 .debug_str     0x000023e1      0x627 pegasus_crt.a(exec.o)
 .debug_str     0x000023e1      0x5a0 pegasus_crt.a(exit.o)
 .debug_str     0x000023e1      0x5a0 pegasus_crt.a(wait.o)
 .debug_str     0x000023e1      0x599 pegasus_crt.a(fork.o)
 .debug_str     0x000023e1       0xb1 pegasus_crt.a(strcmp.o)
 .debug_str     0x000023e1      0x617 pegasus_crt.a(read.o)
 .debug_str     0x000023e1      0x5de pegasus_crt.a(open.o)
 .debug_str     0x000023e1      0x5db pegasus_crt.a(write.o)
 .debug_str     0x000023e1      0x5a6 pegasus_crt.a(close.o)
 .debug_str     0x000023e1      0x6dd pegasus_crt.a(double_link_list.o)
 .debug_str     0x000023e1      0x895 pegasus_crt.a(netdev.o)
 .debug_str     0x000023e1      0x1d8 pegasus_crt.a(skbuff.o)
 .debug_str     0x000023e1      0x73e pegasus_crt.a(route.o)
 .debug_str     0x000023e1      0x612 pegasus_crt.a(forkexit.o)
 .debug_str     0x000023e1      0x868 pegasus_crt.a(exec.o)
 .debug_str     0x000023e1       0x99 pegasus_crt.a(perror.o)
 .debug_str     0x000023e1      0x102 pegasus_crt.a(sscanf.o)
 .debug_str     0x000023e1      0x101 pegasus_crt.a(ntohs.o)
 .debug_str     0x000023e1      0x102 pegasus_crt.a(htons.o)
 .debug_str     0x000023e1      0x14c pegasus_crt.a(inet_pton.o)
 .debug_str     0x000023e1       0xf3 pegasus_crt.a(ntohl.o)
 .debug_str     0x000023e1      0x8f9 pegasus_crt.a(my_process.o)
 .debug_str     0x000023e1       0xad pegasus_crt.a(atoi.o)
 .debug_str     0x000023e1       0xb9 pegasus_crt.a(strtok.o)
 .debug_str     0x000023e1       0xc1 pegasus_crt.a(strpbrk.o)
 .debug_str     0x000023e1      0x712 pegasus_crt.a(thread.o)

.debug_loc
 *(.debug_loc)

.debug_macinfo
 *(.debug_macinfo)

.debug_weaknames
 *(.debug_weaknames)

.debug_funcnames
 *(.debug_funcnames)

.debug_typenames
 *(.debug_typenames)

.debug_varnames
 *(.debug_varnames)

.debug_pubtypes
 *(.debug_pubtypes)

.debug_ranges   0x00000000       0x90
 *(.debug_ranges)
 .debug_ranges  0x00000000       0x30 pegasus_crt.a(kernel_main_old.o)
 .debug_ranges  0x00000030       0x48 pegasus_crt.a(hd.o)
 .debug_ranges  0x00000078       0x18 pegasus_crt.a(exec.o)

.debug_addr
 *(.debug_addr)

.debug_line_str
 *(.debug_line_str)

.debug_loclists
 *(.debug_loclists)

.debug_macro
 *(.debug_macro)

.debug_names
 *(.debug_names)

.debug_rnglists
 *(.debug_rnglists)

.debug_str_offsets
 *(.debug_str_offsets)

.debug_sup
 *(.debug_sup)

.gnu.attributes
 *(.gnu.attributes)

/DISCARD/
 *(.note.GNU-stack)
 *(.gnu_debuglink)
 *(.gnu.lto_*)
OUTPUT(test elf32-i386)
