Archive member included to satisfy reference by file (symbol)

pegasus_crt.a(kernel_main_old.o)
                              test.o (Printf)
pegasus_crt.a(keyboard.o)     pegasus_crt.a(kernel_main_old.o) (init_keyboard_handler)
pegasus_crt.a(process.o)      pegasus_crt.a(kernel_main_old.o) (schedule_process)
pegasus_crt.a(mem.o)          pegasus_crt.a(kernel_main_old.o) (ptr_pde)
pegasus_crt.a(exec.o)         pegasus_crt.a(kernel_main_old.o) (execl)
pegasus_crt.a(fork.o)         pegasus_crt.a(kernel_main_old.o) (fork)
pegasus_crt.a(exit.o)         start.o (exit)
pegasus_crt.a(wait.o)         pegasus_crt.a(kernel_main_old.o) (wait)
pegasus_crt.a(read.o)         pegasus_crt.a(kernel_main_old.o) (read)
pegasus_crt.a(open.o)         pegasus_crt.a(kernel_main_old.o) (open)
pegasus_crt.a(write.o)        pegasus_crt.a(kernel_main_old.o) (write)
pegasus_crt.a(close.o)        pegasus_crt.a(kernel_main_old.o) (close)
pegasus_crt.a(kernel.o)       pegasus_crt.a(kernel_main_old.o) (disp_str)
pegasus_crt.a(syscall.o)      pegasus_crt.a(kernel_main_old.o) (write_debug)
pegasus_crt.a(switch_to.o)    pegasus_crt.a(process.o) (switch_to)
pegasus_crt.a(string.o)       pegasus_crt.a(kernel_main_old.o) (Memcpy2)
pegasus_crt.a(double_link_list.o)
                              pegasus_crt.a(mem.o) (initDoubleLinkList)
pegasus_crt.a(protect.o)      pegasus_crt.a(kernel_main_old.o) (InitInterruptDesc)
pegasus_crt.a(console.o)      pegasus_crt.a(keyboard.o) (select_console)
pegasus_crt.a(global.o)       pegasus_crt.a(protect.o) (proc_table)
pegasus_crt.a(netdev.o)       pegasus_crt.a(kernel.o) (net_handler)
pegasus_crt.a(task_network.o)
                              pegasus_crt.a(global.o) (task_network)
pegasus_crt.a(hd.o)           pegasus_crt.a(global.o) (TaskHD)
pegasus_crt.a(fs_main.o)      pegasus_crt.a(global.o) (task_fs)
pegasus_crt.a(main.o)         pegasus_crt.a(global.o) (TaskMM)
pegasus_crt.a(strcmp.o)       pegasus_crt.a(fs_main.o) (strcmp)
pegasus_crt.a(perror.o)       pegasus_crt.a(netdev.o) (perror)
pegasus_crt.a(sscanf.o)       pegasus_crt.a(netdev.o) (sscanf)
pegasus_crt.a(ntohs.o)        pegasus_crt.a(netdev.o) (ntohs)
pegasus_crt.a(htons.o)        pegasus_crt.a(netdev.o) (htons)
pegasus_crt.a(inet_pton.o)    pegasus_crt.a(netdev.o) (inet_pton)
pegasus_crt.a(ntohl.o)        pegasus_crt.a(netdev.o) (ntohl)
pegasus_crt.a(hd_rdwt.o)      pegasus_crt.a(hd.o) (read_port)
pegasus_crt.a(ne2000.o)       pegasus_crt.a(netdev.o) (StartSendToPhysicalLink)
pegasus_crt.a(skbuff.o)       pegasus_crt.a(netdev.o) (alloc_skb)
pegasus_crt.a(ip_input.o)     pegasus_crt.a(netdev.o) (call_ip_rcv)
pegasus_crt.a(icmpv4.o)       pegasus_crt.a(ip_input.o) (icmpv4_incoming)
pegasus_crt.a(tcp.o)          pegasus_crt.a(ip_input.o) (tcp_in)
pegasus_crt.a(arp.o)          pegasus_crt.a(netdev.o) (arp_rcv)
pegasus_crt.a(ip_output.o)    pegasus_crt.a(icmpv4.o) (ip_output)
pegasus_crt.a(dst.o)          pegasus_crt.a(ip_output.o) (dst_neigh_output)
pegasus_crt.a(tcp_input.o)    pegasus_crt.a(tcp.o) (tcp_process)
pegasus_crt.a(udp.o)          pegasus_crt.a(ip_input.o) (udp_in)
pegasus_crt.a(tcp_data.o)     pegasus_crt.a(tcp_input.o) (tcp_data_dequeue)
pegasus_crt.a(utils.o)        pegasus_crt.a(ip_input.o) (print_err)
pegasus_crt.a(forkexit.o)     pegasus_crt.a(main.o) (do_fork)
pegasus_crt.a(exec.o)         pegasus_crt.a(main.o) (do_exec)
pegasus_crt.a(atoi.o)         pegasus_crt.a(sscanf.o) (atoi)
pegasus_crt.a(strtol.o)       pegasus_crt.a(sscanf.o) (strtol)
pegasus_crt.a(strtok.o)       pegasus_crt.a(inet_pton.o) (strtok)
pegasus_crt.a(strpbrk.o)      pegasus_crt.a(strtok.o) (strpbrk)
pegasus_crt.a(htonl.o)        pegasus_crt.a(arp.o) (htonl)
pegasus_crt.a(my_process.o)   pegasus_crt.a(forkexit.o) (fork_process)
pegasus_crt.a(udp_sock.o)     pegasus_crt.a(udp.o) (udp_lookup_sock)
pegasus_crt.a(tcp_sock.o)     pegasus_crt.a(tcp_input.o) (tcp_established_or_syn_recvd_socks_enqueue)
pegasus_crt.a(sock.o)         pegasus_crt.a(tcp_sock.o) (sk_free)
pegasus_crt.a(tcp_output.o)   pegasus_crt.a(tcp_input.o) (tcp_send_synack)
pegasus_crt.a(route.o)        pegasus_crt.a(ip_output.o) (call_route_lookup)
pegasus_crt.a(thread.o)       pegasus_crt.a(my_process.o) (thread_init)

Merging program properties

Removed property 0xc0010001 to merge test.o (0x1) and start.o (not found)
Removed property 0xc0010002 to merge test.o (0x0) and start.o (not found)
Removed property 0xc0010001 to merge test.o (not found) and pegasus_crt.a(kernel_main_old.o) (0x1)
Removed property 0xc0010002 to merge test.o (not found) and pegasus_crt.a(kernel_main_old.o) (0x1)
Removed property 0xc0010001 to merge test.o (not found) and pegasus_crt.a(keyboard.o) (0x1)
Removed property 0xc0010002 to merge test.o (not found) and pegasus_crt.a(keyboard.o) (0x0)
Removed property 0xc0010001 to merge test.o (not found) and pegasus_crt.a(process.o) (0x1)
Removed property 0xc0010002 to merge test.o (not found) and pegasus_crt.a(process.o) (0x0)
[...]
Memory Configuration

Name             Origin             Length             Attributes
*default*        0x00000000         0xffffffff

Linker script and memory map

Address of section .text set to 0xb0800000
LOAD test.o
LOAD start.o
LOAD pegasus_crt.a
                [!provide]                        PROVIDE (__executable_start = SEGMENT_START ("text-segment", 0x8048000))
                0x080480d4                        . = (SEGMENT_START ("text-segment", 0x8048000) + SIZEOF_HEADERS)

.interp
 *(.interp)

.note.gnu.build-id
 *(.note.gnu.build-id)

.hash
 *(.hash)

.gnu.hash
 *(.gnu.hash)

.dynsym
 *(.dynsym)

.dynstr
 *(.dynstr)

.gnu.version
 *(.gnu.version)

.gnu.version_d
 *(.gnu.version_d)

.gnu.version_r
 *(.gnu.version_r)

.rel.dyn        0x080480d4        0x0
 *(.rel.init)
 *(.rel.text .rel.text.* .rel.gnu.linkonce.t.*)
 .rel.text      0x080480d4        0x0 test.o
 *(.rel.fini)
 *(.rel.rodata .rel.rodata.* .rel.gnu.linkonce.r.*)
 *(.rel.data.rel.ro .rel.data.rel.ro.* .rel.gnu.linkonce.d.rel.ro.*)
 *(.rel.data .rel.data.* .rel.gnu.linkonce.d.*)
 *(.rel.tdata .rel.tdata.* .rel.gnu.linkonce.td.*)
 *(.rel.tbss .rel.tbss.* .rel.gnu.linkonce.tb.*)
 *(.rel.ctors)
 *(.rel.dtors)
 *(.rel.got)
 .rel.got       0x080480d4        0x0 test.o
 *(.rel.bss .rel.bss.* .rel.gnu.linkonce.b.*)
 *(.rel.ifunc)

.rel.plt        0x080480d4        0x0
 *(.rel.plt)
                [!provide]                        PROVIDE (__rel_iplt_start = .)
 *(.rel.iplt)
 .rel.iplt      0x080480d4        0x0 test.o
                [!provide]                        PROVIDE (__rel_iplt_end = .)

.relr.dyn
 *(.relr.dyn)
                0x08049000                        . = ALIGN (CONSTANT (MAXPAGESIZE))

.init
 *(SORT_NONE(.init))

.plt            0x08049000        0x0
 *(.plt)
 *(.iplt)
 .iplt          0x08049000        0x0 test.o

.plt.got
 *(.plt.got)

.plt.sec
 *(.plt.sec)

.text           0xb0800000    0x12106
 *(.text.unlikely .text.*_unlikely .text.unlikely.*)
 *(.text.exit .text.exit.*)
 *(.text.startup .text.startup.*)
 *(.text.hot .text.hot.*)
 *(SORT_BY_NAME(.text.sorted.*))
 *(.text .stub .text.* .gnu.linkonce.t.*)
 .text          0xb0800000       0x3e test.o
                0xb0800000                main
 *fill*         0xb080003e        0x2 
 .text          0xb0800040       0x15 start.o
                0xb0800040                _start
 .text          0xb0800055     0x2dff pegasus_crt.a(kernel_main_old.o)
                0xb0800055                stop_here
                0xb0800099                catch_error
                0xb08000fe                intr_enable
                0xb0800127                intr_disable
                0xb0800150                intr_set_status
                0xb080016e                intr_get_status
                0xb080018b                Memcpy
                0xb08001be                untar
                0xb08004ce                num_to_string
                0xb0800574                disp_int
                0xb080059d                do_page_fault
                0xb08006da                exception_handler
                0xb08008c5                init_internal_interrupt
                0xb0800a3a                spurious_irq
                0xb0800ac8                init_keyboard
                0xb0800b0b                TestTTY
                0xb0800baa                TestReadReturnValue
                0xb0800c27                TestWriteReturnValue
                0xb0800cfb                TestFS2
                0xb0800d09                TestFS
                0xb08011ab                wait_exit
                0xb08012a9                INIT_fork
                0xb080159c                simple_shell
                0xb0801723                test_shell
                0xb080178b                test_exec
                0xb080187e                INIT
                0xb080188b                TestA
                0xb08018c0                delay
                0xb0801904                TestB
                0xb080191c                TestC
                0xb080194f                sys_get_ticks
                0xb080195f                sys_write
                0xb08019b3                milli_delay
                0xb08019dd                TaskSys
                0xb08019e2                Printf
                0xb0801ab4                sprintf
                0xb0801ae0                vsprintf
                0xb0801c8c                printx
                0xb0801ccf                sys_printx
                0xb0801d9b                spin
                0xb0801dc1                panic
                0xb0801ddf                assertion_failure
                0xb0801e51                assertion_failure2
                0xb0801ec6                dead_lock
                0xb0801ed0                sys_send_msg
                0xb08023ef                sys_receive_msg
                0xb0802a4f                send_rec
                0xb0802b4a                block
                0xb0802b86                unblock
                0xb0802bd6                get_ticks_ipc
                0xb0802be9                itoa
                0xb0802c3f                i2a
                0xb0802ca5                inform_int
                0xb0802d71                deprecate_strcmp
                0xb0802de0                get_running_process_pcb
 .text          0xb0802e54      0x40f pegasus_crt.a(keyboard.o)
                0xb0802e54                keyboard_handler
                0xb0802ed8                read_from_keyboard_buf
                0xb0802f3e                keyboard_read
                0xb08030bd                init_keyboard_handler
                0xb08030d1                in_process
 .text          0xb0803263      0x37e pegasus_crt.a(process.o)
                0xb0803263                schedule_process
                0xb08034c3                clock_handler
                0xb0803566                pid2proc
                0xb08035ca                proc2pid
 .text          0xb08035e1     0x113e pegasus_crt.a(mem.o)
                0xb08035e1                init_bitmap
                0xb0803604                test_bit_val
                0xb080366d                set_bit_val
                0xb08036e8                set_bits
                0xb0803722                get_first_free_bit
                0xb0803766                get_bits
                0xb080382e                get_a_page
                0xb08038e2                get_virtual_address_start_with_addr
                0xb080397c                get_virtual_address
                0xb0803a0c                ptr_pde
                0xb0803a1f                ptr_pte
                0xb0803a46                add_map_entry
                0xb0803ad7                alloc_virtual_memory
                0xb0803ba3                get_physical_address_proc
                0xb0803c1f                get_physical_address
                0xb0803c51                alloc_physical_memory_of_proc
                0xb0803d40                alloc_physical_memory
                0xb0803e08                alloc_memory
                0xb0803e6a                get_a_virtual_page
                0xb0803ea2                block2arena
                0xb0803eb8                sys_malloc2
                0xb080420b                remove_map_entry
                0xb080422c                free_a_page
                0xb08042d3                sys_free2
                0xb08042d9                init_memory_block_desc
                0xb08043aa                init_memory2
                0xb08045df                init_memory
 .text          0xb080471f      0x285 pegasus_crt.a(exec.o)
                0xb080471f                exec
                0xb0804790                execv
                0xb080497f                execl
 .text          0xb08049a4       0x4b pegasus_crt.a(fork.o)
                0xb08049a4                fork
 .text          0xb08049ef       0x2f pegasus_crt.a(exit.o)
                0xb08049ef                exit
 .text          0xb0804a1e       0x44 pegasus_crt.a(wait.o)
                0xb0804a1e                wait
 .text          0xb0804a62      0x181 pegasus_crt.a(read.o)
                0xb0804a62                read
 .text          0xb0804be3       0x9e pegasus_crt.a(open.o)
                0xb0804be3                open
 .text          0xb0804c81       0x85 pegasus_crt.a(write.o)
                0xb0804c81                write
 .text          0xb0804d06       0x52 pegasus_crt.a(close.o)
                0xb0804d06                close
 *fill*         0xb0804d58        0x8 
 .text          0xb0804d60      0x3d2 pegasus_crt.a(kernel.o)
                0xb0804d60                InterruptTest
                0xb0804d6c                disp_str_len
                0xb0804db9                disp_str
                0xb0804df4                disp_str_colour
                0xb0804e30                divide_zero_fault
                0xb0804e36                single_step_fault
                0xb0804e3c                non_maskable_interrupt
                0xb0804e42                breakpoint_trap
                0xb0804e48                overflow_trap
                0xb0804e4e                bound_range_exceeded_fault
                0xb0804e54                invalid_opcode_fault
                0xb0804e5a                coprocessor_not_available_fault
                0xb0804e60                double_fault_exception_abort
                0xb0804e64                coprocessor_segment_overrun
                0xb0804e6a                invalid_task_state_segment_fault
                0xb0804e6e                segment_not_present_fault
                0xb0804e72                stack_exception_fault
                0xb0804e76                general_protection_exception_fault
                0xb0804e81                page_fault
                0xb0804e85                coprocessor_error_fault
                0xb0804e8b                align_check_fault
                0xb0804e8f                simd_float_exception_fault
                0xb0804e9e                hwint0
                0xb0804ece                hwint1
                0xb0804f11                hwint14
                0xb0804f57                hwint10
                0xb0804f9a                sys_call
                0xb0804fe0                fork_restart
                0xb0804fef                restart
                0xb0805012                in_byte
                0xb080501e                out_byte
                0xb0805040                disable_int
                0xb0805042                enable_int
                0xb08050d8                enable_8259A_casecade_irq
                0xb08050e2                disable_8259A_casecade_irq
                0xb08050ec                enable_8259A_slave_winchester_irq
                0xb08050f6                disable_8259A_slave_winchester_irq
                0xb0805100                update_cr3
                0xb080510d                update_tss
                0xb080511c                get_running_thread_pcb
                0xb0805122                sys_call_test
                0xb0805125                enable_8259A_slave_net_irq
 *fill*         0xb0805132        0xe 
 .text          0xb0805140       0x6a pegasus_crt.a(syscall.o)
                0xb0805140                write_debug
                0xb0805150                send_msg
                0xb0805166                receive_msg
                0xb080517c                sys_malloc
                0xb0805191                sys_free
 *fill*         0xb08051aa        0x6 
 .text          0xb08051b0       0x15 pegasus_crt.a(switch_to.o)
                0xb08051b0                switch_to
 .text          0xb08051c5      0x2ee pegasus_crt.a(double_link_list.o)
                0xb08051c5                initDoubleLinkList
                0xb0805215                isListEmpty
                0xb0805243                findElementInList
                0xb08052da                appendToDoubleLinkList
                0xb08053a0                insertToDoubleLinkList
                0xb0805424                popFromDoubleLinkList
 .text          0xb08054b3      0x3b3 pegasus_crt.a(protect.o)
                0xb08054b3                InitDescriptor
                0xb0805520                Seg2PhyAddr
                0xb0805561                Seg2PhyAddrLDT
                0xb08055a5                VirAddr2PhyAddr
                0xb08055bb                v2l
                0xb08055fe                init_propt
                0xb080577f                InitInterruptDesc
                0xb08057db                ReloadGDT
 .text          0xb0805866      0xad3 pegasus_crt.a(console.o)
                0xb0805866                select_console
                0xb08058a2                flush
                0xb08058db                set_cursor
                0xb0805939                set_console_start_video_addr
                0xb0805997                put_key
                0xb0805a03                scroll_up
                0xb0805a45                scroll_down
                0xb0805ab0                out_char
                0xb0805c6d                tty_dev_read
                0xb0805c97                tty_dev_write
                0xb0805ec4                tty_do_read
                0xb0805f8c                tty_do_write
                0xb08060f5                init_screen
                0xb080617e                init_tty
                0xb0806233                TaskTTY
 .text          0xb0806339        0x0 pegasus_crt.a(global.o)
 .text          0xb0806339      0x9a8 pegasus_crt.a(netdev.o)
                0xb08064c7                netdev_init
                0xb080650e                netdev_transmit
                0xb0806661                interrupt_wait2
                0xb08066ba                netdev_rx_loop
                0xb08067ab                call_netdev_get
                0xb08068f5                netdev_get
                0xb08069aa                free_netdev
                0xb08069d5                local_ipaddress
                0xb0806a12                receive_msg_from_nic
                0xb0806b9f                receive_msg_from_nic2
                0xb0806ccb                net_handler
 .text          0xb0806ce1        0xf pegasus_crt.a(task_network.o)
                0xb0806ce1                init_dev
                0xb0806ce6                task_network
                0xb0806ceb                task_netdev_rx
 .text          0xb0806cf0      0xe84 pegasus_crt.a(hd.o)
                0xb0806cf0                TaskHD
                0xb0806d3b                init_hd
                0xb0806d55                hd_handle
                0xb0806e5a                hd_cmd_out
                0xb0806f5c                hd_identify
                0xb0807013                print_hdinfo
                0xb08071a1                print_dpt_entry
                0xb080720d                get_partition_table
                0xb08072ec                partition
                0xb0807506                hd_open
                0xb08075b6                get_hd_ioctl
                0xb0807670                wait_for
                0xb08076a1                interrupt_wait
                0xb08076fa                hd_rdwt
                0xb080799c                hd_handler
                0xb08079cd                debug_ticks
                0xb0807a0b                waitfor
                0xb0807a4f                print_hd_info
                0xb0807b3c                is_empty
 .text          0xb0807b74     0x2081 pegasus_crt.a(fs_main.o)
                0xb0807b74                task_fs
                0xb0807d88                rd_wt
                0xb0807e6a                mkfs
                0xb080844c                init_fs
                0xb08084a6                do_open
                0xb08086af                search_file
                0xb08087e1                strip_path
                0xb08088ad                get_inode
                0xb0808a6f                create_file
                0xb0808b7a                alloc_imap_bit
                0xb0808c77                alloc_smap_bit
                0xb0808e18                new_inode
                0xb0808f36                new_dir_entry
                0xb0809142                do_unlink
                0xb080961e                do_rdwt
                0xb08099a9                sync_inode
                0xb0809afd                put_inode
                0xb0809b3b                do_close
                0xb0809b8d                get_super_block
 .text          0xb0809bf5      0x14e pegasus_crt.a(main.o)
                0xb0809bf5                TaskMM
                0xb0809d24                alloc_mem
 .text          0xb0809d43       0xa8 pegasus_crt.a(strcmp.o)
                0xb0809d43                strcmp
 .text          0xb0809deb       0x17 pegasus_crt.a(perror.o)
                0xb0809deb                perror
 .text          0xb0809e02      0x335 pegasus_crt.a(sscanf.o)
                0xb0809e02                sscanf
 .text          0xb080a137       0x38 pegasus_crt.a(ntohs.o)
                0xb080a137                ntohs
 .text          0xb080a16f       0x38 pegasus_crt.a(htons.o)
                0xb080a16f                htons
 .text          0xb080a1a7      0x295 pegasus_crt.a(inet_pton.o)
                0xb080a1a7                isValidIPv4
                0xb080a331                inet_pton
 .text          0xb080a43c       0x7c pegasus_crt.a(ntohl.o)
                0xb080a43c                ntohl
 *fill*         0xb080a4b8        0x8 
 .text          0xb080a4c0      0x28d pegasus_crt.a(ne2000.o)
                0xb080a4e3                DriverInitialize
                0xb080a56d                StartSendToPhysicalLink
                0xb080a588                SetPageStart
                0xb080a5b7                DriverSend
                0xb080a631                PCtoNIC
                0xb080a69c                get_interrupt_status
                0xb080a6b9                set_interrupt_status
                0xb080a6d9                get_curr_page
                0xb080a6f6                NICtoPC
 .text          0xb080a74d      0x164 pegasus_crt.a(skbuff.o)
                0xb080a766                alloc_skb
                0xb080a800                free_skb
                0xb080a833                skb_reserve
                0xb080a84f                skb_push
                0xb080a87e                skb_head
                0xb080a889                skb_reset_header
 .text          0xb080a8b1      0x538 pegasus_crt.a(ip_input.o)
                0xb080aa93                call_ip_rcv
                0xb080abad                ip_rcv
 .text          0xb080ade9      0x234 pegasus_crt.a(icmpv4.o)
                0xb080adf7                icmpv4_incoming
                0xb080ae6b                icmpv4_reply
                0xb080af44                icmpv4_timestamp
 .text          0xb080b01d      0x4a8 pegasus_crt.a(tcp.o)
                0xb080b26a                tcp_in
                0xb080b31e                tcp_checksum
                0xb080b34a                __tcp_set_state
                0xb080b359                tcp_generate_port
                0xb080b3a2                tcp_generate_isn
                0xb080b3b4                tcp_done
                0xb080b3dd                tcp_clear_timers
                0xb080b3ec                tcp_stop_retransmission_timer
                0xb080b405                tcp_release_retransmission_timer
                0xb080b41e                tcp_stop_delack_timer
                0xb080b431                tcp_release_delack_timer
                0xb080b444                tcp_handle_fin_state
                0xb080b4a9                tcp_enter_time_wait
 .text          0xb080b4c5      0xbf8 pegasus_crt.a(arp.o)
                0xb080b5ee                call_update_arp_translation_table
                0xb080b826                insert_arp_translation_table
                0xb080b8a8                update_arp_translation_table
                0xb080b967                arp_init
                0xb080b96d                arp_rcv
                0xb080bb56                arp_request
                0xb080bcde                arp_reply
                0xb080be41                call_arp_get_hwaddr
                0xb080bf8b                arp_get_hwaddr
                0xb080c06c                free_arp
 .text          0xb080c0bd      0x1d3 pegasus_crt.a(ip_output.o)
                0xb080c0cb                ip_output
 .text          0xb080c290      0x191 pegasus_crt.a(dst.o)
                0xb080c29e                print_array
                0xb080c312                dst_neigh_output
 .text          0xb080c421      0xc58 pegasus_crt.a(tcp_input.o)
                0xb080cbda                tcp_process
                0xb080cfb7                tcp_receive
 .text          0xb080d079      0x3fd pegasus_crt.a(udp.o)
                0xb080d1a1                udp_generate_port
                0xb080d1ea                udp_checksum
                0xb080d2b8                udp_in
                0xb080d349                udp_data_dequeue
                0xb080d451                udp_data_enqueue
 .text          0xb080d476      0x5c8 pegasus_crt.a(tcp_data.o)
                0xb080d7df                tcp_data_dequeue
                0xb080d90c                tcp_data_queue
 .text          0xb080da3e      0x1e7 pegasus_crt.a(utils.o)
                0xb080da3e                run_cmd
                0xb080da4b                print_err
                0xb080da62                parse_ipv4_string
                0xb080dac1                ip_pton
                0xb080db09                sum_every_16bits
                0xb080db60                checksum
                0xb080dba1                tcp_udp_checksum
 .text          0xb080dc25      0x24f pegasus_crt.a(forkexit.o)
                0xb080dc25                do_fork
                0xb080dc93                do_exit
                0xb080dd1d                do_wait
                0xb080de1a                cleanup
 .text          0xb080de74      0x419 pegasus_crt.a(exec.o)
                0xb080de74                do_exec
 .text          0xb080e28d       0x9c pegasus_crt.a(atoi.o)
                0xb080e28d                atoi
 .text          0xb080e329       0xca pegasus_crt.a(strtol.o)
                0xb080e329                strtol
 .text          0xb080e3f3       0x85 pegasus_crt.a(strtok.o)
                0xb080e3f3                strtok
 .text          0xb080e478       0x90 pegasus_crt.a(strpbrk.o)
                0xb080e478                strpbrk
 .text          0xb080e508       0x7c pegasus_crt.a(htonl.o)
                0xb080e508                htonl
 .text          0xb080e584      0x73d pegasus_crt.a(my_process.o)
                0xb080e584                create_user_process_address_space
                0xb080e614                user_process
                0xb080e741                clone_pcb
                0xb080e8b3                build_body_stack
                0xb080e9e6                build_process_kernel_stack
                0xb080eaa9                fork_process
                0xb080eb3a                process_execute
 .text          0xb080ecc1      0x8ed pegasus_crt.a(udp_sock.o)
                0xb080ef1c                udp_lookup_sock
                0xb080ef63                udp_init
                0xb080ef94                udp_close
                0xb080efba                udp_sock_init
                0xb080efc4                udp_recvfrom
                0xb080f060                udp_connect
                0xb080f139                udp_write
                0xb080f165                udp_alloc_skb
                0xb080f1af                udp_sendto
                0xb080f2a3                udp_send
                0xb080f3e1                udp_alloc_sock
                0xb080f422                udp_free_sock
                0xb080f446                udp_read
 .text          0xb080f5ae      0xe12 pegasus_crt.a(tcp_sock.o)
                0xb080f8f3                tcp_established_or_syn_recvd_socks_enqueue
                0xb080f90c                tcp_established_or_syn_recvd_socks_remove
                0xb080f91e                tcp_connecting_or_listening_socks_enqueue
                0xb080f937                tcp_connecting_or_listening_socks_remove
                0xb080f949                tcp_alloc_sock
                0xb080fa5f                tcp_free_sock
                0xb080fad8                tcp_init
                0xb080fae2                tcp_sock_init
                0xb080fb88                tcp_write
                0xb080fc89                ipc_tcp_write2
                0xb080fcb2                tcp_read
                0xb080fd65                tcp_close
                0xb080fe23                tcp_recv_notify
                0xb080fe7b                tcp_v4_connect
                0xb0810116                call_tcp_lookup_sock
                0xb0810281                tcp_lookup_sock
                0xb08102fa                tcp_lookup_sock2
 .text          0xb08103c0      0x223 pegasus_crt.a(sock.o)
                0xb0810512                sk_alloc
                0xb0810539                sk_init
                0xb081058d                sk_init_with_socket
                0xb08105b6                sk_free
 .text          0xb08105e3     0x14f2 pegasus_crt.a(tcp_output.o)
                0xb0810a2b                tcp_send_synack
                0xb0810ace                tcp_send_delack
                0xb0810b09                tcp_send_ack
                0xb0810c99                tcp_send_fin
                0xb0810d0e                tcp_select_initial_window
                0xb0810ec0                tcp_reset_retransmission_timer
                0xb0810edd                call_tcp_begin_connect
                0xb08111d2                tcp_begin_connect
                0xb0811522                call_tcp_write
                0xb08117a7                ipc_tcp_write
                0xb08119da                tcp_send_reset
                0xb0811a5a                tcp_queue_fin
 .text          0xb0811ad5      0x42e pegasus_crt.a(route.o)
                0xb0811be5                route_add
                0xb0811c2c                route_init
                0xb0811cde                call_route_lookup
                0xb0811e28                route_lookup
 .text          0xb0811f03      0x203 pegasus_crt.a(thread.o)
                0xb0811f03                kernel_thread
                0xb0811f1b                thread_init
                0xb0811fd5                thread_create
                0xb081200a                thread_start
 *(.gnu.warning)

.fini
 *(SORT_NONE(.fini))
                [!provide]                        PROVIDE (__etext = .)
                [!provide]                        PROVIDE (_etext = .)
                [!provide]                        PROVIDE (etext = .)
                0xb0813000                        . = ALIGN (CONSTANT (MAXPAGESIZE))
                0xb0813000                        . = SEGMENT_START ("rodata-segment", (ALIGN (CONSTANT (MAXPAGESIZE)) + (. & (CONSTANT (MAXPAGESIZE) - 0x1))))

.rodata         0xb0813000     0x18fe
 *(.rodata .rodata.* .gnu.linkonce.r.*)
 .rodata        0xb0813000       0x10 test.o
 *fill*         0xb0813010       0x10 
 .rodata        0xb0813020      0xbaa pegasus_crt.a(kernel_main_old.o)
 *fill*         0xb0813bca        0x2 
 .rodata        0xb0813bcc       0x94 pegasus_crt.a(process.o)
 .rodata        0xb0813c60       0x5a pegasus_crt.a(mem.o)
 .rodata        0xb0813cba       0x2d pegasus_crt.a(exec.o)
 .rodata        0xb0813ce7       0x2a pegasus_crt.a(close.o)
 .rodata        0xb0813d11       0x3c pegasus_crt.a(double_link_list.o)
 .rodata        0xb0813d4d       0x22 pegasus_crt.a(console.o)
 *fill*         0xb0813d6f        0x1 
 .rodata        0xb0813d70      0x117 pegasus_crt.a(netdev.o)
 .rodata        0xb0813e87        0x9 pegasus_crt.a(task_network.o)
 .rodata        0xb0813e90      0x19c pegasus_crt.a(hd.o)
 .rodata        0xb081402c      0x1fb pegasus_crt.a(fs_main.o)
                0xb081402c                FSBUF_SIZE
 .rodata        0xb0814227       0x11 pegasus_crt.a(main.o)
 .rodata        0xb0814238        0x3 pegasus_crt.a(inet_pton.o)
 .rodata        0xb081423b        0x9 pegasus_crt.a(skbuff.o)
 .rodata        0xb0814244       0xd6 pegasus_crt.a(ip_input.o)
 *fill*         0xb081431a        0x2 
 .rodata        0xb081431c       0x32 pegasus_crt.a(icmpv4.o)
 *fill*         0xb081434e        0x2 
 .rodata        0xb0814350       0x31 pegasus_crt.a(tcp.o)
 *fill*         0xb0814381        0x3 
 .rodata        0xb0814384       0xda pegasus_crt.a(arp.o)
 .rodata        0xb081445e        0x9 pegasus_crt.a(ip_output.o)
 .rodata        0xb0814467       0x1c pegasus_crt.a(dst.o)
 *fill*         0xb0814483        0x1 
 .rodata        0xb0814484       0xe8 pegasus_crt.a(tcp_input.o)
 .rodata        0xb081456c       0x24 pegasus_crt.a(udp.o)
 .rodata        0xb0814590       0x39 pegasus_crt.a(tcp_data.o)
 *fill*         0xb08145c9        0x3 
 .rodata        0xb08145cc       0x41 pegasus_crt.a(utils.o)
 .rodata        0xb081460d       0x21 pegasus_crt.a(forkexit.o)
 .rodata        0xb081462e       0x10 pegasus_crt.a(exec.o)
 *fill*         0xb081463e        0x2 
 .rodata        0xb0814640       0x45 pegasus_crt.a(udp_sock.o)
 *fill*         0xb0814685        0x3 
 .rodata        0xb0814688      0x114 pegasus_crt.a(tcp_sock.o)
 .rodata        0xb081479c       0x24 pegasus_crt.a(sock.o)
 .rodata        0xb08147c0      0x106 pegasus_crt.a(tcp_output.o)
 *fill*         0xb08148c6        0x2 
 .rodata        0xb08148c8       0x36 pegasus_crt.a(route.o)

.txt            0xb08148fe       0xaa
 .txt           0xb08148fe       0x82 pegasus_crt.a(string.o)
                0xb08148fe                Memcpy2
                0xb081492c                Memset
                0xb081494b                Strcpy
                0xb0814965                Strlen
 .txt           0xb0814980       0x28 pegasus_crt.a(hd_rdwt.o)
                0xb0814980                read_port
                0xb0814994                write_port

.rodata1
 *(.rodata1)

.eh_frame_hdr
 *(.eh_frame_hdr)
 *(.eh_frame_entry .eh_frame_entry.*)

.eh_frame       0xb08149a8     0x3c00
 *(.eh_frame)
 .eh_frame      0xb08149a8       0x44 test.o
 .eh_frame      0xb08149ec      0x6ec pegasus_crt.a(kernel_main_old.o)
                                0x704 (size before relaxing)
 .eh_frame      0xb08150d8       0xa0 pegasus_crt.a(keyboard.o)
                                 0xb8 (size before relaxing)
 .eh_frame      0xb0815178       0x80 pegasus_crt.a(process.o)
                                 0x98 (size before relaxing)
 .eh_frame      0xb08151f8      0x364 pegasus_crt.a(mem.o)
                                0x37c (size before relaxing)
 .eh_frame      0xb081555c       0x60 pegasus_crt.a(exec.o)
                                 0x78 (size before relaxing)
 .eh_frame      0xb08155bc       0x20 pegasus_crt.a(fork.o)
                                 0x38 (size before relaxing)
 .eh_frame      0xb08155dc       0x20 pegasus_crt.a(exit.o)
                                 0x38 (size before relaxing)
 .eh_frame      0xb08155fc       0x20 pegasus_crt.a(wait.o)
                                 0x38 (size before relaxing)
 .eh_frame      0xb081561c       0x20 pegasus_crt.a(read.o)
                                 0x38 (size before relaxing)
 .eh_frame      0xb081563c       0x20 pegasus_crt.a(open.o)
                                 0x38 (size before relaxing)
 .eh_frame      0xb081565c       0x20 pegasus_crt.a(write.o)
                                 0x38 (size before relaxing)
 .eh_frame      0xb081567c       0x20 pegasus_crt.a(close.o)
                                 0x38 (size before relaxing)
 .eh_frame      0xb081569c       0xc0 pegasus_crt.a(double_link_list.o)
                                 0xd8 (size before relaxing)
 .eh_frame      0xb081575c      0x100 pegasus_crt.a(protect.o)
                                0x118 (size before relaxing)
 .eh_frame      0xb081585c      0x1e0 pegasus_crt.a(console.o)
                                0x1f8 (size before relaxing)
 .eh_frame      0xb0815a3c      0x230 pegasus_crt.a(netdev.o)
                                0x248 (size before relaxing)
 .eh_frame      0xb0815c6c       0x54 pegasus_crt.a(task_network.o)
                                 0x6c (size before relaxing)
 .eh_frame      0xb0815cc0      0x264 pegasus_crt.a(hd.o)
                                0x27c (size before relaxing)
 .eh_frame      0xb0815f24      0x27c pegasus_crt.a(fs_main.o)
                                0x294 (size before relaxing)
 .eh_frame      0xb08161a0       0x3c pegasus_crt.a(main.o)
                                 0x54 (size before relaxing)
 .eh_frame      0xb08161dc       0x20 pegasus_crt.a(strcmp.o)
                                 0x38 (size before relaxing)
 .eh_frame      0xb08161fc       0x20 pegasus_crt.a(perror.o)
                                 0x38 (size before relaxing)
 .eh_frame      0xb081621c       0x20 pegasus_crt.a(sscanf.o)
                                 0x38 (size before relaxing)
 .eh_frame      0xb081623c       0x20 pegasus_crt.a(ntohs.o)
                                 0x38 (size before relaxing)
 .eh_frame      0xb081625c       0x20 pegasus_crt.a(htons.o)
                                 0x38 (size before relaxing)
 .eh_frame      0xb081627c       0x40 pegasus_crt.a(inet_pton.o)
                                 0x58 (size before relaxing)
 .eh_frame      0xb08162bc       0x20 pegasus_crt.a(ntohl.o)
                                 0x38 (size before relaxing)
 .eh_frame      0xb08162dc       0xe0 pegasus_crt.a(skbuff.o)
                                 0xf8 (size before relaxing)
 .eh_frame      0xb08163bc      0x144 pegasus_crt.a(ip_input.o)
                                0x15c (size before relaxing)
 .eh_frame      0xb0816500       0x80 pegasus_crt.a(icmpv4.o)
                                 0x98 (size before relaxing)
 .eh_frame      0xb0816580      0x288 pegasus_crt.a(tcp.o)
                                0x2a0 (size before relaxing)
 .eh_frame      0xb0816808      0x220 pegasus_crt.a(arp.o)
                                0x238 (size before relaxing)
 .eh_frame      0xb0816a28       0x40 pegasus_crt.a(ip_output.o)
                                 0x58 (size before relaxing)
 .eh_frame      0xb0816a68       0x60 pegasus_crt.a(dst.o)
                                 0x78 (size before relaxing)
 .eh_frame      0xb0816ac8      0x324 pegasus_crt.a(tcp_input.o)
                                0x33c (size before relaxing)
 .eh_frame      0xb0816dec      0x1e4 pegasus_crt.a(udp.o)
                                0x1fc (size before relaxing)
 .eh_frame      0xb0816fd0      0x220 pegasus_crt.a(tcp_data.o)
                                0x238 (size before relaxing)
 .eh_frame      0xb08171f0       0xe4 pegasus_crt.a(utils.o)
                                 0xfc (size before relaxing)
 .eh_frame      0xb08172d4       0x80 pegasus_crt.a(forkexit.o)
                                 0x98 (size before relaxing)
 .eh_frame      0xb0817354       0x20 pegasus_crt.a(exec.o)
                                 0x38 (size before relaxing)
 .eh_frame      0xb0817374       0x20 pegasus_crt.a(atoi.o)
                                 0x38 (size before relaxing)
 .eh_frame      0xb0817394       0x20 pegasus_crt.a(strtol.o)
                                 0x38 (size before relaxing)
 .eh_frame      0xb08173b4       0x20 pegasus_crt.a(strtok.o)
                                 0x38 (size before relaxing)
 .eh_frame      0xb08173d4       0x20 pegasus_crt.a(strpbrk.o)
                                 0x38 (size before relaxing)
 .eh_frame      0xb08173f4       0x20 pegasus_crt.a(htonl.o)
                                 0x38 (size before relaxing)
 .eh_frame      0xb0817414       0xe0 pegasus_crt.a(my_process.o)
                                 0xf8 (size before relaxing)
 .eh_frame      0xb08174f4      0x404 pegasus_crt.a(udp_sock.o)
                                0x41c (size before relaxing)
 .eh_frame      0xb08178f8      0x580 pegasus_crt.a(tcp_sock.o)
                                0x598 (size before relaxing)
 .eh_frame      0xb0817e78      0x1a0 pegasus_crt.a(sock.o)
                                0x1b8 (size before relaxing)
 .eh_frame      0xb0818018      0x40c pegasus_crt.a(tcp_output.o)
                                0x424 (size before relaxing)
 .eh_frame      0xb0818424      0x104 pegasus_crt.a(route.o)
                                0x11c (size before relaxing)
 .eh_frame      0xb0818528       0x80 pegasus_crt.a(thread.o)
                                 0x98 (size before relaxing)
 *(.eh_frame.*)

.sframe
 *(.sframe)
 *(.sframe.*)

.gcc_except_table
 *(.gcc_except_table .gcc_except_table.*)

.gnu_extab
 *(.gnu_extab*)

.exception_ranges
 *(.exception_ranges*)
                0xb0819000                        . = DATA_SEGMENT_ALIGN (CONSTANT (MAXPAGESIZE), CONSTANT (COMMONPAGESIZE))

.eh_frame
 *(.eh_frame)
 *(.eh_frame.*)

.sframe
 *(.sframe)
 *(.sframe.*)

.gnu_extab
 *(.gnu_extab)

.gcc_except_table
 *(.gcc_except_table .gcc_except_table.*)

.exception_ranges
 *(.exception_ranges*)

.tdata          0xb0819000        0x0
                [!provide]                        PROVIDE (__tdata_start = .)
 *(.tdata .tdata.* .gnu.linkonce.td.*)

.tbss
 *(.tbss .tbss.* .gnu.linkonce.tb.*)
 *(.tcommon)

.preinit_array  0xb0819000        0x0
                [!provide]                        PROVIDE (__preinit_array_start = .)
 *(.preinit_array)
                [!provide]                        PROVIDE (__preinit_array_end = .)

.init_array     0xb0819000        0x0
                [!provide]                        PROVIDE (__init_array_start = .)
 *(SORT_BY_INIT_PRIORITY(.init_array.*) SORT_BY_INIT_PRIORITY(.ctors.*))
 *(.init_array EXCLUDE_FILE(*crtend?.o *crtend.o *crtbegin?.o *crtbegin.o) .ctors)
                [!provide]                        PROVIDE (__init_array_end = .)

.fini_array     0xb0819000        0x0
                [!provide]                        PROVIDE (__fini_array_start = .)
 *(SORT_BY_INIT_PRIORITY(.fini_array.*) SORT_BY_INIT_PRIORITY(.dtors.*))
 *(.fini_array EXCLUDE_FILE(*crtend?.o *crtend.o *crtbegin?.o *crtbegin.o) .dtors)
                [!provide]                        PROVIDE (__fini_array_end = .)

.ctors
 *crtbegin.o(.ctors)
 *crtbegin?.o(.ctors)
 *(EXCLUDE_FILE(*crtend?.o *crtend.o) .ctors)
 *(SORT_BY_NAME(.ctors.*))
 *(.ctors)

.dtors
 *crtbegin.o(.dtors)
 *crtbegin?.o(.dtors)
 *(EXCLUDE_FILE(*crtend?.o *crtend.o) .dtors)
 *(SORT_BY_NAME(.dtors.*))
 *(.dtors)

.jcr
 *(.jcr)

.data.rel.ro
 *(.data.rel.ro.local* .gnu.linkonce.d.rel.ro.local.*)
 *(.data.rel.ro .data.rel.ro.* .gnu.linkonce.d.rel.ro.*)

.dynamic
 *(.dynamic)

.got            0xb0819000        0x0
 *(.got)
 .got           0xb0819000        0x0 test.o
 *(.igot)
                0xb0819000                        . = DATA_SEGMENT_RELRO_END (., (SIZEOF (.got.plt) >= 0xc)?0xc:0x0)

.got.plt        0xb0819000        0x0
 *(.got.plt)
 .got.plt       0xb0819000        0x0 test.o
 *(.igot.plt)
 .igot.plt      0xb0819000        0x0 test.o

.data           0xb0819000      0x8c0
 *(.data .data.* .gnu.linkonce.d.*)
 .data          0xb0819000        0x0 test.o
 .data          0xb0819000        0x0 pegasus_crt.a(kernel_main_old.o)
 .data          0xb0819000      0x600 pegasus_crt.a(keyboard.o)
                0xb0819000                keymap
 .data          0xb0819600        0x0 pegasus_crt.a(process.o)
 .data          0xb0819600        0x0 pegasus_crt.a(mem.o)
 .data          0xb0819600        0x0 pegasus_crt.a(exec.o)
 .data          0xb0819600        0x0 pegasus_crt.a(fork.o)
 .data          0xb0819600        0x0 pegasus_crt.a(exit.o)
 .data          0xb0819600        0x0 pegasus_crt.a(wait.o)
 .data          0xb0819600        0x0 pegasus_crt.a(read.o)
 .data          0xb0819600        0x0 pegasus_crt.a(open.o)
 .data          0xb0819600        0x0 pegasus_crt.a(write.o)
 .data          0xb0819600        0x0 pegasus_crt.a(close.o)
 .data          0xb0819600        0xf pegasus_crt.a(kernel.o)
 *fill*         0xb081960f        0x1 
 .data          0xb0819610        0x0 pegasus_crt.a(syscall.o)
 .data          0xb0819610        0x0 pegasus_crt.a(double_link_list.o)
 .data          0xb0819610        0x0 pegasus_crt.a(protect.o)
 .data          0xb0819610        0x0 pegasus_crt.a(console.o)
 *fill*         0xb0819610       0x10 
 .data          0xb0819620      0x17c pegasus_crt.a(global.o)
                0xb0819620                user_task_table
                0xb08196a0                sys_task_table
                0xb0819780                sys_call_table
 .data          0xb081979c        0x4 pegasus_crt.a(netdev.o)
 .data          0xb08197a0        0x4 pegasus_crt.a(task_network.o)
 .data          0xb08197a4        0x0 pegasus_crt.a(hd.o)
 .data          0xb08197a4        0x0 pegasus_crt.a(fs_main.o)
 .data          0xb08197a4        0x0 pegasus_crt.a(main.o)
 .data          0xb08197a4        0x0 pegasus_crt.a(strcmp.o)
 .data          0xb08197a4        0x0 pegasus_crt.a(perror.o)
 .data          0xb08197a4        0x0 pegasus_crt.a(sscanf.o)
 .data          0xb08197a4        0x0 pegasus_crt.a(ntohs.o)
 .data          0xb08197a4        0x0 pegasus_crt.a(htons.o)
 .data          0xb08197a4        0x0 pegasus_crt.a(inet_pton.o)
 .data          0xb08197a4        0x0 pegasus_crt.a(ntohl.o)
 .data          0xb08197a4        0x4 pegasus_crt.a(skbuff.o)
 .data          0xb08197a8        0x4 pegasus_crt.a(ip_input.o)
 .data          0xb08197ac        0x4 pegasus_crt.a(icmpv4.o)
 .data          0xb08197b0        0x8 pegasus_crt.a(tcp.o)
 .data          0xb08197b8       0x14 pegasus_crt.a(arp.o)
 .data          0xb08197cc        0x4 pegasus_crt.a(ip_output.o)
 .data          0xb08197d0        0x4 pegasus_crt.a(dst.o)
 .data          0xb08197d4        0x4 pegasus_crt.a(tcp_input.o)
 .data          0xb08197d8        0x8 pegasus_crt.a(udp.o)
 .data          0xb08197e0        0x4 pegasus_crt.a(tcp_data.o)
 .data          0xb08197e4        0x4 pegasus_crt.a(utils.o)
 .data          0xb08197e8        0x0 pegasus_crt.a(forkexit.o)
 .data          0xb08197e8        0x0 pegasus_crt.a(exec.o)
 .data          0xb08197e8        0x0 pegasus_crt.a(atoi.o)
 .data          0xb08197e8        0x0 pegasus_crt.a(strtol.o)
 .data          0xb08197e8        0x0 pegasus_crt.a(strtok.o)
 .data          0xb08197e8        0x0 pegasus_crt.a(strpbrk.o)
 .data          0xb08197e8        0x0 pegasus_crt.a(htonl.o)
 .data          0xb08197e8        0x0 pegasus_crt.a(my_process.o)
 *fill*         0xb08197e8       0x18 
 .data          0xb0819800       0x54 pegasus_crt.a(udp_sock.o)
                0xb0819820                udp_ops
 *fill*         0xb0819854        0xc 
 .data          0xb0819860       0x54 pegasus_crt.a(tcp_sock.o)
                0xb0819880                tcp_ops
 .data          0xb08198b4        0x4 pegasus_crt.a(sock.o)
 .data          0xb08198b8        0x4 pegasus_crt.a(tcp_output.o)
 .data          0xb08198bc        0x4 pegasus_crt.a(route.o)
 .data          0xb08198c0        0x0 pegasus_crt.a(thread.o)

.data1
 *(.data1)
                0xb08198c0                        _edata = .
                [!provide]                        PROVIDE (edata = .)
                0xb08198c0                        . = .
                0xb08198c0                        __bss_start = .

.bss            0xb08198c0    0xa5108
 *(.dynbss)
 *(.bss .bss.* .gnu.linkonce.b.*)
 .bss           0xb08198c0        0x0 test.o
 .bss           0xb08198c0        0x0 pegasus_crt.a(kernel_main_old.o)
 .bss           0xb08198c0        0x0 pegasus_crt.a(keyboard.o)
 .bss           0xb08198c0        0x0 pegasus_crt.a(process.o)
 .bss           0xb08198c0        0x0 pegasus_crt.a(mem.o)
 .bss           0xb08198c0        0x0 pegasus_crt.a(exec.o)
 .bss           0xb08198c0        0x0 pegasus_crt.a(fork.o)
 .bss           0xb08198c0        0x0 pegasus_crt.a(exit.o)
 .bss           0xb08198c0        0x0 pegasus_crt.a(wait.o)
 .bss           0xb08198c0        0x0 pegasus_crt.a(read.o)
 .bss           0xb08198c0        0x0 pegasus_crt.a(open.o)
 .bss           0xb08198c0        0x0 pegasus_crt.a(write.o)
 .bss           0xb08198c0        0x0 pegasus_crt.a(close.o)
 .bss           0xb08198c0      0x800 pegasus_crt.a(kernel.o)
 .bss           0xb081a0c0        0x0 pegasus_crt.a(double_link_list.o)
 .bss           0xb081a0c0        0x0 pegasus_crt.a(protect.o)
 .bss           0xb081a0c0        0x0 pegasus_crt.a(console.o)
 .bss           0xb081a0c0        0x0 pegasus_crt.a(global.o)
 .bss           0xb081a0c0        0x0 pegasus_crt.a(netdev.o)
 .bss           0xb081a0c0        0x0 pegasus_crt.a(task_network.o)
 .bss           0xb081a0c0        0x0 pegasus_crt.a(hd.o)
 .bss           0xb081a0c0        0x4 pegasus_crt.a(fs_main.o)
                0xb081a0c0                c
 .bss           0xb081a0c4        0x0 pegasus_crt.a(main.o)
 .bss           0xb081a0c4        0x0 pegasus_crt.a(strcmp.o)
 .bss           0xb081a0c4        0x0 pegasus_crt.a(perror.o)
 .bss           0xb081a0c4        0x0 pegasus_crt.a(sscanf.o)
 .bss           0xb081a0c4        0x0 pegasus_crt.a(ntohs.o)
 .bss           0xb081a0c4        0x0 pegasus_crt.a(htons.o)
 .bss           0xb081a0c4        0x0 pegasus_crt.a(inet_pton.o)
 .bss           0xb081a0c4        0x0 pegasus_crt.a(ntohl.o)
 .bss           0xb081a0c4        0x0 pegasus_crt.a(skbuff.o)
 .bss           0xb081a0c4        0x0 pegasus_crt.a(ip_input.o)
 .bss           0xb081a0c4        0x0 pegasus_crt.a(icmpv4.o)
 .bss           0xb081a0c4        0x0 pegasus_crt.a(tcp.o)
 .bss           0xb081a0c4        0x0 pegasus_crt.a(arp.o)
 .bss           0xb081a0c4        0x0 pegasus_crt.a(ip_output.o)
 .bss           0xb081a0c4        0x0 pegasus_crt.a(dst.o)
 .bss           0xb081a0c4        0x0 pegasus_crt.a(tcp_input.o)
 .bss           0xb081a0c4        0x0 pegasus_crt.a(udp.o)
 .bss           0xb081a0c4        0x0 pegasus_crt.a(tcp_data.o)
 .bss           0xb081a0c4        0x0 pegasus_crt.a(utils.o)
 .bss           0xb081a0c4        0x0 pegasus_crt.a(forkexit.o)
 .bss           0xb081a0c4        0x0 pegasus_crt.a(exec.o)
 .bss           0xb081a0c4        0x0 pegasus_crt.a(atoi.o)
 .bss           0xb081a0c4        0x0 pegasus_crt.a(strtol.o)
 .bss           0xb081a0c4        0x4 pegasus_crt.a(strtok.o)
 .bss           0xb081a0c8        0x0 pegasus_crt.a(strpbrk.o)
 .bss           0xb081a0c8        0x0 pegasus_crt.a(htonl.o)
 .bss           0xb081a0c8        0x0 pegasus_crt.a(my_process.o)
 .bss           0xb081a0c8        0x4 pegasus_crt.a(udp_sock.o)
 .bss           0xb081a0cc        0x0 pegasus_crt.a(tcp_sock.o)
 .bss           0xb081a0cc        0x0 pegasus_crt.a(sock.o)
 .bss           0xb081a0cc        0x0 pegasus_crt.a(tcp_output.o)
 .bss           0xb081a0cc        0x0 pegasus_crt.a(route.o)
 .bss           0xb081a0cc        0x0 pegasus_crt.a(thread.o)
 *(COMMON)
 *fill*         0xb081a0cc       0x14 
 COMMON         0xb081a0e0     0x17dc pegasus_crt.a(kernel_main_old.o)
                0xb081a0e0                current_tty
                0xb081a0e4                is_e0
                0xb081a0e8                idt_ptr
                0xb081a0f0                pid
                0xb081a0f4                KernelVirtualMemory
                0xb081a100                thread_id
                0xb081a104                loop
                0xb081a108                current_dis_pos
                0xb081a10c                dis_pos
                0xb081a110                netdev
                0xb081a114                k_reenter
                0xb081a120                gdt
                0xb081a520                proc_ready_table
                0xb081a524                test_ticks
                0xb081a528                pcaller
                0xb081a540                keyboard_buffer
                0xb081a74c                pcb_list
                0xb081a75c                gdt_index
                0xb081a760                tty_table
                0xb081afa0                tss
                0xb081b00c                KernelPool
                0xb081b01c                net_buf
                0xb081b020                nic_current_page
                0xb081b024                counter
                0xb081b028                key_pressed
                0xb081b02c                fork_pid
                0xb081b030                is_shift
                0xb081b031                net_data
                0xb081b034                tcp_connecting_or_listening_socks
                0xb081b038                routes
                0xb081b03c                gdt_ptr
                0xb081b060                idt
                0xb081b860                main_thread
                0xb081b868                ticks
                0xb081b870                is_init
                0xb081b874                UserPool
                0xb081b884                tcp_establised_or_syn_recvd_socks
                0xb081b888                all_pcb_list
                0xb081b898                console_table
                0xb081b8a8                is_disp
                0xb081b8ac                MAIN_THREAD_PAGE_DIRECTORY
                0xb081b8b0                helloStr
 *fill*         0xb081b8bc        0x4 
 COMMON         0xb081b8c0       0xa8 pegasus_crt.a(mem.o)
                0xb081b8c0                kernel_mem_block_decs_array
 *fill*         0xb081b968       0x18 
 COMMON         0xb081b980    0xa1da0 pegasus_crt.a(global.o)
                0xb081b980                proc_stack
                0xb08bb980                proc_table
 COMMON         0xb08bd720      0x440 pegasus_crt.a(hd.o)
                0xb08bd720                hd_info
                0xb08bd960                hd_cache
 COMMON         0xb08bdb60      0xe68 pegasus_crt.a(fs_main.o)
                0xb08bdb60                file_desc_table
                0xb08bdf60                phy_super_block_buf
                0xb08bdf64                phy_fsbuf
                0xb08bdf80                inode_table
                0xb08be980                super_block_buf
                0xb08be984                fsbuf
                0xb08be9a0                root
                0xb08be9c8                        . = ALIGN ((. != 0x0)?0x4:0x1)
                0xb08be9c8                        . = ALIGN (0x4)
                0xb08be9c8                        . = SEGMENT_START ("ldata-segment", .)
                0xb08be9c8                        . = ALIGN (0x4)
                0xb08be9c8                        _end = .
                [!provide]                        PROVIDE (end = .)
                0xb08be9c8                        . = DATA_SEGMENT_END (.)

.stab
 *(.stab)

.stabstr
 *(.stabstr)

.stab.excl
 *(.stab.excl)

.stab.exclstr
 *(.stab.exclstr)

.stab.index
 *(.stab.index)

.stab.indexstr
 *(.stab.indexstr)

.comment        0x00000000       0x2c
 *(.comment)
 .comment       0x00000000       0x2c test.o
                                 0x2d (size before relaxing)
 .comment       0x0000002c       0x2d pegasus_crt.a(kernel_main_old.o)
 .comment       0x0000002c       0x2d pegasus_crt.a(keyboard.o)
 .comment       0x0000002c       0x2d pegasus_crt.a(process.o)
 .comment       0x0000002c       0x2d pegasus_crt.a(mem.o)
 .comment       0x0000002c       0x2d pegasus_crt.a(exec.o)
 .comment       0x0000002c       0x2d pegasus_crt.a(fork.o)
 .comment       0x0000002c       0x2d pegasus_crt.a(exit.o)
 .comment       0x0000002c       0x2d pegasus_crt.a(wait.o)
 .comment       0x0000002c       0x2d pegasus_crt.a(read.o)
 .comment       0x0000002c       0x2d pegasus_crt.a(open.o)
 .comment       0x0000002c       0x2d pegasus_crt.a(write.o)
 .comment       0x0000002c       0x2d pegasus_crt.a(close.o)
 .comment       0x0000002c       0x2d pegasus_crt.a(double_link_list.o)
 .comment       0x0000002c       0x2d pegasus_crt.a(protect.o)
 .comment       0x0000002c       0x2d pegasus_crt.a(console.o)
 .comment       0x0000002c       0x2d pegasus_crt.a(global.o)
 .comment       0x0000002c       0x2d pegasus_crt.a(netdev.o)
 .comment       0x0000002c       0x2d pegasus_crt.a(task_network.o)
 .comment       0x0000002c       0x2d pegasus_crt.a(hd.o)
 .comment       0x0000002c       0x2d pegasus_crt.a(fs_main.o)
 .comment       0x0000002c       0x2d pegasus_crt.a(main.o)
 .comment       0x0000002c       0x2d pegasus_crt.a(strcmp.o)
 .comment       0x0000002c       0x2d pegasus_crt.a(perror.o)
 .comment       0x0000002c       0x2d pegasus_crt.a(sscanf.o)
 .comment       0x0000002c       0x2d pegasus_crt.a(ntohs.o)
 .comment       0x0000002c       0x2d pegasus_crt.a(htons.o)
 .comment       0x0000002c       0x2d pegasus_crt.a(inet_pton.o)
 .comment       0x0000002c       0x2d pegasus_crt.a(ntohl.o)
 .comment       0x0000002c       0x2d pegasus_crt.a(skbuff.o)
 .comment       0x0000002c       0x2d pegasus_crt.a(ip_input.o)
 .comment       0x0000002c       0x2d pegasus_crt.a(icmpv4.o)
 .comment       0x0000002c       0x2d pegasus_crt.a(tcp.o)
 .comment       0x0000002c       0x2d pegasus_crt.a(arp.o)
 .comment       0x0000002c       0x2d pegasus_crt.a(ip_output.o)
 .comment       0x0000002c       0x2d pegasus_crt.a(dst.o)
 .comment       0x0000002c       0x2d pegasus_crt.a(tcp_input.o)
 .comment       0x0000002c       0x2d pegasus_crt.a(udp.o)
 .comment       0x0000002c       0x2d pegasus_crt.a(tcp_data.o)
 .comment       0x0000002c       0x2d pegasus_crt.a(utils.o)
 .comment       0x0000002c       0x2d pegasus_crt.a(forkexit.o)
 .comment       0x0000002c       0x2d pegasus_crt.a(exec.o)
 .comment       0x0000002c       0x2d pegasus_crt.a(atoi.o)
 .comment       0x0000002c       0x2d pegasus_crt.a(strtol.o)
 .comment       0x0000002c       0x2d pegasus_crt.a(strtok.o)
 .comment       0x0000002c       0x2d pegasus_crt.a(strpbrk.o)
 .comment       0x0000002c       0x2d pegasus_crt.a(htonl.o)
 .comment       0x0000002c       0x2d pegasus_crt.a(my_process.o)
 .comment       0x0000002c       0x2d pegasus_crt.a(udp_sock.o)
 .comment       0x0000002c       0x2d pegasus_crt.a(tcp_sock.o)
 .comment       0x0000002c       0x2d pegasus_crt.a(sock.o)
 .comment       0x0000002c       0x2d pegasus_crt.a(tcp_output.o)
 .comment       0x0000002c       0x2d pegasus_crt.a(route.o)
 .comment       0x0000002c       0x2d pegasus_crt.a(thread.o)

.gnu.build.attributes
 *(.gnu.build.attributes .gnu.build.attributes.*)

.debug
 *(.debug)

.line
 *(.line)

.debug_srcinfo
 *(.debug_srcinfo)

.debug_sfnames
 *(.debug_sfnames)

.debug_aranges  0x00000000      0x698
 *(.debug_aranges)
 .debug_aranges
                0x00000000       0x20 pegasus_crt.a(kernel_main_old.o)
 .debug_aranges
                0x00000020       0x20 pegasus_crt.a(keyboard.o)
 .debug_aranges
                0x00000040       0x20 pegasus_crt.a(process.o)
 .debug_aranges
                0x00000060       0x20 pegasus_crt.a(mem.o)
 .debug_aranges
                0x00000080       0x20 pegasus_crt.a(exec.o)
 .debug_aranges
                0x000000a0       0x20 pegasus_crt.a(fork.o)
 .debug_aranges
                0x000000c0       0x20 pegasus_crt.a(exit.o)
 .debug_aranges
                0x000000e0       0x20 pegasus_crt.a(wait.o)
 .debug_aranges
                0x00000100       0x20 pegasus_crt.a(read.o)
 .debug_aranges
                0x00000120       0x20 pegasus_crt.a(open.o)
 .debug_aranges
                0x00000140       0x20 pegasus_crt.a(write.o)
 .debug_aranges
                0x00000160       0x20 pegasus_crt.a(close.o)
 .debug_aranges
                0x00000180       0x20 pegasus_crt.a(double_link_list.o)
 .debug_aranges
                0x000001a0       0x20 pegasus_crt.a(protect.o)
 .debug_aranges
                0x000001c0       0x20 pegasus_crt.a(console.o)
 .debug_aranges
                0x000001e0       0x18 pegasus_crt.a(global.o)
 .debug_aranges
                0x000001f8       0x20 pegasus_crt.a(netdev.o)
 .debug_aranges
                0x00000218       0x20 pegasus_crt.a(task_network.o)
 .debug_aranges
                0x00000238       0x20 pegasus_crt.a(hd.o)
 .debug_aranges
                0x00000258       0x20 pegasus_crt.a(fs_main.o)
 .debug_aranges
                0x00000278       0x20 pegasus_crt.a(main.o)
 .debug_aranges
                0x00000298       0x20 pegasus_crt.a(strcmp.o)
 .debug_aranges
                0x000002b8       0x20 pegasus_crt.a(perror.o)
 .debug_aranges
                0x000002d8       0x20 pegasus_crt.a(sscanf.o)
 .debug_aranges
                0x000002f8       0x20 pegasus_crt.a(ntohs.o)
 .debug_aranges
                0x00000318       0x20 pegasus_crt.a(htons.o)
 .debug_aranges
                0x00000338       0x20 pegasus_crt.a(inet_pton.o)
 .debug_aranges
                0x00000358       0x20 pegasus_crt.a(ntohl.o)
 .debug_aranges
                0x00000378       0x20 pegasus_crt.a(skbuff.o)
 .debug_aranges
                0x00000398       0x20 pegasus_crt.a(ip_input.o)
 .debug_aranges
                0x000003b8       0x20 pegasus_crt.a(icmpv4.o)
 .debug_aranges
                0x000003d8       0x20 pegasus_crt.a(tcp.o)
 .debug_aranges
                0x000003f8       0x20 pegasus_crt.a(arp.o)
 .debug_aranges
                0x00000418       0x20 pegasus_crt.a(ip_output.o)
 .debug_aranges
                0x00000438       0x20 pegasus_crt.a(dst.o)
 .debug_aranges
                0x00000458       0x20 pegasus_crt.a(tcp_input.o)
 .debug_aranges
                0x00000478       0x20 pegasus_crt.a(udp.o)
 .debug_aranges
                0x00000498       0x20 pegasus_crt.a(tcp_data.o)
 .debug_aranges
                0x000004b8       0x20 pegasus_crt.a(utils.o)
 .debug_aranges
                0x000004d8       0x20 pegasus_crt.a(forkexit.o)
 .debug_aranges
                0x000004f8       0x20 pegasus_crt.a(exec.o)
 .debug_aranges
                0x00000518       0x20 pegasus_crt.a(atoi.o)
 .debug_aranges
                0x00000538       0x20 pegasus_crt.a(strtol.o)
 .debug_aranges
                0x00000558       0x20 pegasus_crt.a(strtok.o)
 .debug_aranges
                0x00000578       0x20 pegasus_crt.a(strpbrk.o)
 .debug_aranges
                0x00000598       0x20 pegasus_crt.a(htonl.o)
 .debug_aranges
                0x000005b8       0x20 pegasus_crt.a(my_process.o)
 .debug_aranges
                0x000005d8       0x20 pegasus_crt.a(udp_sock.o)
 .debug_aranges
                0x000005f8       0x20 pegasus_crt.a(tcp_sock.o)
 .debug_aranges
                0x00000618       0x20 pegasus_crt.a(sock.o)
 .debug_aranges
                0x00000638       0x20 pegasus_crt.a(tcp_output.o)
 .debug_aranges
                0x00000658       0x20 pegasus_crt.a(route.o)
 .debug_aranges
                0x00000678       0x20 pegasus_crt.a(thread.o)

.debug_pubnames
 *(.debug_pubnames)

.debug_info     0x00000000    0x39ce2
 *(.debug_info .gnu.linkonce.wi.*)
 .debug_info    0x00000000     0x2989 pegasus_crt.a(kernel_main_old.o)
 .debug_info    0x00002989     0x10c6 pegasus_crt.a(keyboard.o)
 .debug_info    0x00003a4f     0x109c pegasus_crt.a(process.o)
 .debug_info    0x00004aeb     0x1e46 pegasus_crt.a(mem.o)
 .debug_info    0x00006931     0x1028 pegasus_crt.a(exec.o)
 .debug_info    0x00007959      0xe90 pegasus_crt.a(fork.o)
 .debug_info    0x000087e9      0xe9b pegasus_crt.a(exit.o)
 .debug_info    0x00009684      0xea9 pegasus_crt.a(wait.o)
 .debug_info    0x0000a52d      0xf34 pegasus_crt.a(read.o)
 .debug_info    0x0000b461      0xe95 pegasus_crt.a(open.o)
 .debug_info    0x0000c2f6      0xec2 pegasus_crt.a(write.o)
 .debug_info    0x0000d1b8      0xe49 pegasus_crt.a(close.o)
 .debug_info    0x0000e001     0x112a pegasus_crt.a(double_link_list.o)
 .debug_info    0x0000f12b     0x129d pegasus_crt.a(protect.o)
 .debug_info    0x000103c8     0x1372 pegasus_crt.a(console.o)
 .debug_info    0x0001173a      0xf72 pegasus_crt.a(global.o)
 .debug_info    0x000126ac     0x1ab2 pegasus_crt.a(netdev.o)
 .debug_info    0x0001415e     0x1113 pegasus_crt.a(task_network.o)
 .debug_info    0x00015271     0x18e1 pegasus_crt.a(hd.o)
 .debug_info    0x00016b52     0x2023 pegasus_crt.a(fs_main.o)
 .debug_info    0x00018b75      0xeb4 pegasus_crt.a(main.o)
 .debug_info    0x00019a29       0xc1 pegasus_crt.a(strcmp.o)
 .debug_info    0x00019aea       0x5c pegasus_crt.a(perror.o)
 .debug_info    0x00019b46      0x202 pegasus_crt.a(sscanf.o)
 .debug_info    0x00019d48       0xa8 pegasus_crt.a(ntohs.o)
 .debug_info    0x00019df0       0xa8 pegasus_crt.a(htons.o)
 .debug_info    0x00019e98      0x260 pegasus_crt.a(inet_pton.o)
 .debug_info    0x0001a0f8       0xcb pegasus_crt.a(ntohl.o)
 .debug_info    0x0001a1c3     0x1252 pegasus_crt.a(skbuff.o)
 .debug_info    0x0001b415     0x1d40 pegasus_crt.a(ip_input.o)
 .debug_info    0x0001d155     0x19c5 pegasus_crt.a(icmpv4.o)
 .debug_info    0x0001eb1a     0x1f21 pegasus_crt.a(tcp.o)
 .debug_info    0x00020a3b     0x1a3c pegasus_crt.a(arp.o)
 .debug_info    0x00022477     0x1801 pegasus_crt.a(ip_output.o)
 .debug_info    0x00023c78     0x1328 pegasus_crt.a(dst.o)
 .debug_info    0x00024fa0     0x2224 pegasus_crt.a(tcp_input.o)
 .debug_info    0x000271c4     0x1bca pegasus_crt.a(udp.o)
 .debug_info    0x00028d8e     0x1e8a pegasus_crt.a(tcp_data.o)
 .debug_info    0x0002ac18      0x367 pegasus_crt.a(utils.o)
 .debug_info    0x0002af7f     0x1086 pegasus_crt.a(forkexit.o)
 .debug_info    0x0002c005     0x12c2 pegasus_crt.a(exec.o)
 .debug_info    0x0002d2c7       0xc9 pegasus_crt.a(atoi.o)
 .debug_info    0x0002d390       0xd6 pegasus_crt.a(strtol.o)
 .debug_info    0x0002d466       0xb5 pegasus_crt.a(strtok.o)
 .debug_info    0x0002d51b       0xcf pegasus_crt.a(strpbrk.o)
 .debug_info    0x0002d5ea       0xcb pegasus_crt.a(htonl.o)
 .debug_info    0x0002d6b5     0x1585 pegasus_crt.a(my_process.o)
 .debug_info    0x0002ec3a     0x1f99 pegasus_crt.a(udp_sock.o)
 .debug_info    0x00030bd3     0x27ed pegasus_crt.a(tcp_sock.o)
 .debug_info    0x000333c0     0x191c pegasus_crt.a(sock.o)
 .debug_info    0x00034cdc     0x2a9d pegasus_crt.a(tcp_output.o)
 .debug_info    0x00037779     0x1409 pegasus_crt.a(route.o)
 .debug_info    0x00038b82     0x1160 pegasus_crt.a(thread.o)

.debug_abbrev   0x00000000     0x6e82
 *(.debug_abbrev)
 .debug_abbrev  0x00000000      0x469 pegasus_crt.a(kernel_main_old.o)
 .debug_abbrev  0x00000469      0x217 pegasus_crt.a(keyboard.o)
 .debug_abbrev  0x00000680      0x214 pegasus_crt.a(process.o)
 .debug_abbrev  0x00000894      0x343 pegasus_crt.a(mem.o)
 .debug_abbrev  0x00000bd7      0x204 pegasus_crt.a(exec.o)
 .debug_abbrev  0x00000ddb      0x1a6 pegasus_crt.a(fork.o)
 .debug_abbrev  0x00000f81      0x1b7 pegasus_crt.a(exit.o)
 .debug_abbrev  0x00001138      0x1bb pegasus_crt.a(wait.o)
 .debug_abbrev  0x000012f3      0x1ef pegasus_crt.a(read.o)
 .debug_abbrev  0x000014e2      0x1c5 pegasus_crt.a(open.o)
 .debug_abbrev  0x000016a7      0x1db pegasus_crt.a(write.o)
 .debug_abbrev  0x00001882      0x19d pegasus_crt.a(close.o)
 .debug_abbrev  0x00001a1f      0x229 pegasus_crt.a(double_link_list.o)
 .debug_abbrev  0x00001c48      0x243 pegasus_crt.a(protect.o)
 .debug_abbrev  0x00001e8b      0x2bf pegasus_crt.a(console.o)
 .debug_abbrev  0x0000214a      0x173 pegasus_crt.a(global.o)
 .debug_abbrev  0x000022bd      0x369 pegasus_crt.a(netdev.o)
 .debug_abbrev  0x00002626      0x1e1 pegasus_crt.a(task_network.o)
 .debug_abbrev  0x00002807      0x2ff pegasus_crt.a(hd.o)
 .debug_abbrev  0x00002b06      0x314 pegasus_crt.a(fs_main.o)
 .debug_abbrev  0x00002e1a      0x224 pegasus_crt.a(main.o)
 .debug_abbrev  0x0000303e       0x94 pegasus_crt.a(strcmp.o)
 .debug_abbrev  0x000030d2       0x5c pegasus_crt.a(perror.o)
 .debug_abbrev  0x0000312e       0xca pegasus_crt.a(sscanf.o)
 .debug_abbrev  0x000031f8       0x6c pegasus_crt.a(ntohs.o)
 .debug_abbrev  0x00003264       0x6c pegasus_crt.a(htons.o)
 .debug_abbrev  0x000032d0      0x116 pegasus_crt.a(inet_pton.o)
 .debug_abbrev  0x000033e6       0xa5 pegasus_crt.a(ntohl.o)
 .debug_abbrev  0x0000348b      0x25b pegasus_crt.a(skbuff.o)
 .debug_abbrev  0x000036e6      0x2ed pegasus_crt.a(ip_input.o)
 .debug_abbrev  0x000039d3      0x252 pegasus_crt.a(icmpv4.o)
 .debug_abbrev  0x00003c25      0x345 pegasus_crt.a(tcp.o)
 .debug_abbrev  0x00003f6a      0x361 pegasus_crt.a(arp.o)
 .debug_abbrev  0x000042cb      0x22f pegasus_crt.a(ip_output.o)
 .debug_abbrev  0x000044fa      0x261 pegasus_crt.a(dst.o)
 .debug_abbrev  0x0000475b      0x368 pegasus_crt.a(tcp_input.o)
 .debug_abbrev  0x00004ac3      0x2ef pegasus_crt.a(udp.o)
 .debug_abbrev  0x00004db2      0x2c2 pegasus_crt.a(tcp_data.o)
 .debug_abbrev  0x00005074      0x17a pegasus_crt.a(utils.o)
 .debug_abbrev  0x000051ee      0x220 pegasus_crt.a(forkexit.o)
 .debug_abbrev  0x0000540e      0x1e0 pegasus_crt.a(exec.o)
 .debug_abbrev  0x000055ee       0x94 pegasus_crt.a(atoi.o)
 .debug_abbrev  0x00005682       0x8b pegasus_crt.a(strtol.o)
 .debug_abbrev  0x0000570d       0x9c pegasus_crt.a(strtok.o)
 .debug_abbrev  0x000057a9       0xa5 pegasus_crt.a(strpbrk.o)
 .debug_abbrev  0x0000584e       0xa5 pegasus_crt.a(htonl.o)
 .debug_abbrev  0x000058f3      0x273 pegasus_crt.a(my_process.o)
 .debug_abbrev  0x00005b66      0x3c4 pegasus_crt.a(udp_sock.o)
 .debug_abbrev  0x00005f2a      0x443 pegasus_crt.a(tcp_sock.o)
 .debug_abbrev  0x0000636d      0x28f pegasus_crt.a(sock.o)
 .debug_abbrev  0x000065fc      0x3d2 pegasus_crt.a(tcp_output.o)
 .debug_abbrev  0x000069ce      0x27f pegasus_crt.a(route.o)
 .debug_abbrev  0x00006c4d      0x235 pegasus_crt.a(thread.o)

.debug_line     0x00000000     0x9430
 *(.debug_line .debug_line.* .debug_line_end)
 .debug_line    0x00000000      0xe64 pegasus_crt.a(kernel_main_old.o)
 .debug_line    0x00000e64      0x2b4 pegasus_crt.a(keyboard.o)
 .debug_line    0x00001118      0x220 pegasus_crt.a(process.o)
 .debug_line    0x00001338      0x79a pegasus_crt.a(mem.o)
 .debug_line    0x00001ad2      0x1a9 pegasus_crt.a(exec.o)
 .debug_line    0x00001c7b       0xc3 pegasus_crt.a(fork.o)
 .debug_line    0x00001d3e       0xbe pegasus_crt.a(exit.o)
 .debug_line    0x00001dfc       0xd5 pegasus_crt.a(wait.o)
 .debug_line    0x00001ed1      0x179 pegasus_crt.a(read.o)
 .debug_line    0x0000204a       0xe2 pegasus_crt.a(open.o)
 .debug_line    0x0000212c       0xe0 pegasus_crt.a(write.o)
 .debug_line    0x0000220c       0xd1 pegasus_crt.a(close.o)
 .debug_line    0x000022dd      0x235 pegasus_crt.a(double_link_list.o)
 .debug_line    0x00002512      0x21d pegasus_crt.a(protect.o)
 .debug_line    0x0000272f      0x56c pegasus_crt.a(console.o)
 .debug_line    0x00002c9b       0xb3 pegasus_crt.a(global.o)
 .debug_line    0x00002d4e      0x4a1 pegasus_crt.a(netdev.o)
 .debug_line    0x000031ef      0x126 pegasus_crt.a(task_network.o)
 .debug_line    0x00003315      0x64d pegasus_crt.a(hd.o)
 .debug_line    0x00003962      0xc43 pegasus_crt.a(fs_main.o)
 .debug_line    0x000045a5      0x10a pegasus_crt.a(main.o)
 .debug_line    0x000046af       0x9c pegasus_crt.a(strcmp.o)
 .debug_line    0x0000474b       0x48 pegasus_crt.a(perror.o)
 .debug_line    0x00004793      0x220 pegasus_crt.a(sscanf.o)
 .debug_line    0x000049b3       0x6c pegasus_crt.a(ntohs.o)
 .debug_line    0x00004a1f       0x6c pegasus_crt.a(htons.o)
 .debug_line    0x00004a8b      0x167 pegasus_crt.a(inet_pton.o)
 .debug_line    0x00004bf2       0xc1 pegasus_crt.a(ntohl.o)
 .debug_line    0x00004cb3      0x1ae pegasus_crt.a(skbuff.o)
 .debug_line    0x00004e61      0x34c pegasus_crt.a(ip_input.o)
 .debug_line    0x000051ad      0x232 pegasus_crt.a(icmpv4.o)
 .debug_line    0x000053df      0x330 pegasus_crt.a(tcp.o)
 .debug_line    0x0000570f      0x573 pegasus_crt.a(arp.o)
 .debug_line    0x00005c82      0x20b pegasus_crt.a(ip_output.o)
 .debug_line    0x00005e8d      0x1af pegasus_crt.a(dst.o)
 .debug_line    0x0000603c      0x6a2 pegasus_crt.a(tcp_input.o)
 .debug_line    0x000066de      0x305 pegasus_crt.a(udp.o)
 .debug_line    0x000069e3      0x422 pegasus_crt.a(tcp_data.o)
 .debug_line    0x00006e05      0x13c pegasus_crt.a(utils.o)
 .debug_line    0x00006f41      0x192 pegasus_crt.a(forkexit.o)
 .debug_line    0x000070d3      0x22a pegasus_crt.a(exec.o)
 .debug_line    0x000072fd       0xad pegasus_crt.a(atoi.o)
 .debug_line    0x000073aa       0xbb pegasus_crt.a(strtol.o)
 .debug_line    0x00007465       0x6e pegasus_crt.a(strtok.o)
 .debug_line    0x000074d3       0xb0 pegasus_crt.a(strpbrk.o)
 .debug_line    0x00007583       0xc1 pegasus_crt.a(htonl.o)
 .debug_line    0x00007644      0x35c pegasus_crt.a(my_process.o)
 .debug_line    0x000079a0      0x4cc pegasus_crt.a(udp_sock.o)
 .debug_line    0x00007e6c      0x6d5 pegasus_crt.a(tcp_sock.o)
 .debug_line    0x00008541      0x23b pegasus_crt.a(sock.o)
 .debug_line    0x0000877c      0x889 pegasus_crt.a(tcp_output.o)
 .debug_line    0x00009005      0x2aa pegasus_crt.a(route.o)
 .debug_line    0x000092af      0x181 pegasus_crt.a(thread.o)

.debug_frame
 *(.debug_frame)

.debug_str      0x00000000     0x35bd
 *(.debug_str)
 .debug_str     0x00000000     0x35bd pegasus_crt.a(kernel_main_old.o)
                                0xc3d (size before relaxing)
 .debug_str     0x000035bd      0x736 pegasus_crt.a(keyboard.o)
 .debug_str     0x000035bd      0x714 pegasus_crt.a(process.o)
 .debug_str     0x000035bd      0xb58 pegasus_crt.a(mem.o)
 .debug_str     0x000035bd      0x6c6 pegasus_crt.a(exec.o)
 .debug_str     0x000035bd      0x638 pegasus_crt.a(fork.o)
 .debug_str     0x000035bd      0x63f pegasus_crt.a(exit.o)
 .debug_str     0x000035bd      0x63f pegasus_crt.a(wait.o)
 .debug_str     0x000035bd      0x673 pegasus_crt.a(read.o)
 .debug_str     0x000035bd      0x63a pegasus_crt.a(open.o)
 .debug_str     0x000035bd      0x637 pegasus_crt.a(write.o)
 .debug_str     0x000035bd      0x602 pegasus_crt.a(close.o)
 .debug_str     0x000035bd      0x77c pegasus_crt.a(double_link_list.o)
 .debug_str     0x000035bd      0x805 pegasus_crt.a(protect.o)
 .debug_str     0x000035bd      0x7f9 pegasus_crt.a(console.o)
 .debug_str     0x000035bd      0x6aa pegasus_crt.a(global.o)
 .debug_str     0x000035bd      0x9ef pegasus_crt.a(netdev.o)
 .debug_str     0x000035bd      0x74b pegasus_crt.a(task_network.o)
 .debug_str     0x000035bd      0x9b3 pegasus_crt.a(hd.o)
 .debug_str     0x000035bd      0xb94 pegasus_crt.a(fs_main.o)
 .debug_str     0x000035bd      0x632 pegasus_crt.a(main.o)
 .debug_str     0x000035bd       0xb1 pegasus_crt.a(strcmp.o)
 .debug_str     0x000035bd       0x99 pegasus_crt.a(perror.o)
 .debug_str     0x000035bd      0x109 pegasus_crt.a(sscanf.o)
 .debug_str     0x000035bd      0x101 pegasus_crt.a(ntohs.o)
 .debug_str     0x000035bd      0x102 pegasus_crt.a(htons.o)
 .debug_str     0x000035bd      0x14c pegasus_crt.a(inet_pton.o)
 .debug_str     0x000035bd       0xf3 pegasus_crt.a(ntohl.o)
 .debug_str     0x000035bd      0x7a9 pegasus_crt.a(skbuff.o)
 .debug_str     0x000035bd      0xafd pegasus_crt.a(ip_input.o)
 .debug_str     0x000035bd      0x9b0 pegasus_crt.a(icmpv4.o)
 .debug_str     0x000035bd      0xbe1 pegasus_crt.a(tcp.o)
 .debug_str     0x000035bd      0x9bc pegasus_crt.a(arp.o)
 .debug_str     0x000035bd      0x8ec pegasus_crt.a(ip_output.o)
 .debug_str     0x000035bd      0x7c4 pegasus_crt.a(dst.o)
 .debug_str     0x000035bd      0xc41 pegasus_crt.a(tcp_input.o)
 .debug_str     0x000035bd      0x9e3 pegasus_crt.a(udp.o)
 .debug_str     0x000035bd      0xafd pegasus_crt.a(tcp_data.o)
 .debug_str     0x000035bd      0x1b8 pegasus_crt.a(utils.o)
 .debug_str     0x000035bd      0x6b1 pegasus_crt.a(forkexit.o)
 .debug_str     0x000035bd      0x907 pegasus_crt.a(exec.o)
 .debug_str     0x000035bd       0xad pegasus_crt.a(atoi.o)
 .debug_str     0x000035bd       0xc6 pegasus_crt.a(strtol.o)
 .debug_str     0x000035bd       0xb9 pegasus_crt.a(strtok.o)
 .debug_str     0x000035bd       0xc1 pegasus_crt.a(strpbrk.o)
 .debug_str     0x000035bd       0xf4 pegasus_crt.a(htonl.o)
 .debug_str     0x000035bd      0x998 pegasus_crt.a(my_process.o)
 .debug_str     0x000035bd      0xb07 pegasus_crt.a(udp_sock.o)
 .debug_str     0x000035bd      0xe1f pegasus_crt.a(tcp_sock.o)
 .debug_str     0x000035bd      0x94c pegasus_crt.a(sock.o)
 .debug_str     0x000035bd      0xeb3 pegasus_crt.a(tcp_output.o)
 .debug_str     0x000035bd      0x850 pegasus_crt.a(route.o)
 .debug_str     0x000035bd      0x7c1 pegasus_crt.a(thread.o)

.debug_loc
 *(.debug_loc)

.debug_macinfo
 *(.debug_macinfo)

.debug_weaknames
 *(.debug_weaknames)

.debug_funcnames
 *(.debug_funcnames)

.debug_typenames
 *(.debug_typenames)

.debug_varnames
 *(.debug_varnames)

.debug_pubtypes
 *(.debug_pubtypes)

.debug_ranges   0x00000000       0x90
 *(.debug_ranges)
 .debug_ranges  0x00000000       0x30 pegasus_crt.a(kernel_main_old.o)
 .debug_ranges  0x00000030       0x48 pegasus_crt.a(hd.o)
 .debug_ranges  0x00000078       0x18 pegasus_crt.a(exec.o)

.debug_addr
 *(.debug_addr)

.debug_line_str
 *(.debug_line_str)

.debug_loclists
 *(.debug_loclists)

.debug_macro
 *(.debug_macro)

.debug_names
 *(.debug_names)

.debug_rnglists
 *(.debug_rnglists)

.debug_str_offsets
 *(.debug_str_offsets)

.debug_sup
 *(.debug_sup)

.gnu.attributes
 *(.gnu.attributes)

/DISCARD/
 *(.note.GNU-stack)
 *(.gnu_debuglink)
 *(.gnu.lto_*)
OUTPUT(test elf32-i386)
