Archive member included to satisfy reference by file (symbol)

../lib/pegasus_crt.a(exit.o)  start.o (exit)
../lib/pegasus_crt.a(kernel_main_old.o)
                              test.o (Printf)
../lib/pegasus_crt.a(double_link_list.o)
                              ../lib/pegasus_crt.a(kernel_main_old.o) (appendToDoubleLinkList)
../lib/pegasus_crt.a(kernel.o)
                              ../lib/pegasus_crt.a(kernel_main_old.o) (disp_str)
../lib/pegasus_crt.a(string.o)
                              ../lib/pegasus_crt.a(kernel_main_old.o) (Memcpy2)
../lib/pegasus_crt.a(hd.o)    ../lib/pegasus_crt.a(kernel.o) (hd_handler)
../lib/pegasus_crt.a(syscall.o)
                              ../lib/pegasus_crt.a(kernel_main_old.o) (write_debug)
../lib/pegasus_crt.a(global.o)
                              ../lib/pegasus_crt.a(kernel.o) (sys_call_table)
../lib/pegasus_crt.a(hd_rdwt.o)
                              ../lib/pegasus_crt.a(hd.o) (read_port)
../lib/pegasus_crt.a(process.o)
                              ../lib/pegasus_crt.a(kernel_main_old.o) (schedule_process)
../lib/pegasus_crt.a(protect.o)
                              ../lib/pegasus_crt.a(kernel_main_old.o) (InitInterruptDesc)
../lib/pegasus_crt.a(console.o)
                              ../lib/pegasus_crt.a(kernel_main_old.o) (out_char)
../lib/pegasus_crt.a(keyboard.o)
                              ../lib/pegasus_crt.a(kernel.o) (keyboard_handler)
../lib/pegasus_crt.a(open.o)  ../lib/pegasus_crt.a(kernel_main_old.o) (open)
../lib/pegasus_crt.a(read.o)  ../lib/pegasus_crt.a(kernel_main_old.o) (read)
../lib/pegasus_crt.a(write.o)
                              ../lib/pegasus_crt.a(kernel_main_old.o) (write)
../lib/pegasus_crt.a(close.o)
                              ../lib/pegasus_crt.a(kernel_main_old.o) (close)
../lib/pegasus_crt.a(wait.o)  ../lib/pegasus_crt.a(kernel_main_old.o) (wait)
../lib/pegasus_crt.a(fork.o)  ../lib/pegasus_crt.a(kernel_main_old.o) (fork)
../lib/pegasus_crt.a(exec.o)  ../lib/pegasus_crt.a(kernel_main_old.o) (execv)
../lib/pegasus_crt.a(main.o)  ../lib/pegasus_crt.a(global.o) (TaskMM)
../lib/pegasus_crt.a(exec.o)  ../lib/pegasus_crt.a(main.o) (do_exec)
../lib/pegasus_crt.a(forkexit.o)
                              ../lib/pegasus_crt.a(main.o) (do_fork)
../lib/pegasus_crt.a(mem.o)   ../lib/pegasus_crt.a(kernel_main_old.o) (ptr_pde)
../lib/pegasus_crt.a(my_process.o)
                              ../lib/pegasus_crt.a(forkexit.o) (fork_process)
../lib/pegasus_crt.a(switch_to.o)
                              ../lib/pegasus_crt.a(process.o) (switch_to)
../lib/pegasus_crt.a(thread.o)
                              ../lib/pegasus_crt.a(my_process.o) (thread_init)
../lib/pegasus_crt.a(fs_main.o)
                              ../lib/pegasus_crt.a(global.o) (task_fs)

Allocating common symbols
Common symbol       size              file

current_tty         0x4               ../lib/pegasus_crt.a(exit.o)
file_desc_table     0x400             ../lib/pegasus_crt.a(fs_main.o)
is_e0               0x1               ../lib/pegasus_crt.a(exit.o)
phy_super_block_buf
                    0x4               ../lib/pegasus_crt.a(fs_main.o)
phy_fsbuf           0x4               ../lib/pegasus_crt.a(fs_main.o)
idt_ptr             0x6               ../lib/pegasus_crt.a(exit.o)
pid                 0x4               ../lib/pegasus_crt.a(exit.o)
KernelVirtualMemory
                    0xc               ../lib/pegasus_crt.a(kernel_main_old.o)
inode_table         0xa00             ../lib/pegasus_crt.a(fs_main.o)
dis_pos             0x4               ../lib/pegasus_crt.a(exit.o)
k_reenter           0x4               ../lib/pegasus_crt.a(exit.o)
super_block_buf     0x4               ../lib/pegasus_crt.a(fs_main.o)
gdt                 0x400             ../lib/pegasus_crt.a(exit.o)
proc_ready_table    0x4               ../lib/pegasus_crt.a(exit.o)
test_ticks          0x4               ../lib/pegasus_crt.a(exit.o)
hd_info             0x224             ../lib/pegasus_crt.a(hd.o)
proc_stack          0x70000           ../lib/pegasus_crt.a(global.o)
pcaller             0x4               ../lib/pegasus_crt.a(exit.o)
keyboard_buffer     0x20c             ../lib/pegasus_crt.a(exit.o)
pcb_list            0x10              ../lib/pegasus_crt.a(exit.o)
gdt_index           0x4               ../lib/pegasus_crt.a(exit.o)
tty_table           0x828             ../lib/pegasus_crt.a(exit.o)
tss                 0x6c              ../lib/pegasus_crt.a(exit.o)
KernelPool          0x10              ../lib/pegasus_crt.a(kernel_main_old.o)
fsbuf               0x4               ../lib/pegasus_crt.a(fs_main.o)
root                0x28              ../lib/pegasus_crt.a(fs_main.o)
kernel_mem_block_decs_array
                    0xf0              ../lib/pegasus_crt.a(mem.o)
counter             0x4               ../lib/pegasus_crt.a(exit.o)
key_pressed         0x4               ../lib/pegasus_crt.a(exit.o)
is_shift            0x1               ../lib/pegasus_crt.a(exit.o)
gdt_ptr             0x6               ../lib/pegasus_crt.a(exit.o)
idt                 0x800             ../lib/pegasus_crt.a(exit.o)
main_thread         0x4               ../lib/pegasus_crt.a(exit.o)
ticks               0x8               ../lib/pegasus_crt.a(exit.o)
is_init             0x1               ../lib/pegasus_crt.a(exit.o)
UserPool            0x10              ../lib/pegasus_crt.a(kernel_main_old.o)
all_pcb_list        0x10              ../lib/pegasus_crt.a(exit.o)
console_table       0x10              ../lib/pegasus_crt.a(exit.o)
is_disp             0x1               ../lib/pegasus_crt.a(exit.o)
proc_table          0x15a0            ../lib/pegasus_crt.a(global.o)
hd_cache            0x200             ../lib/pegasus_crt.a(hd.o)

Discarded input sections

 .note.GNU-stack
                0x0000000000000000        0x0 test.o
 .note.GNU-stack
                0x0000000000000000        0x0 ../lib/pegasus_crt.a(exit.o)
 .note.GNU-stack
                0x0000000000000000        0x0 ../lib/pegasus_crt.a(kernel_main_old.o)
 .note.GNU-stack
                0x0000000000000000        0x0 ../lib/pegasus_crt.a(double_link_list.o)
 .note.GNU-stack
                0x0000000000000000        0x0 ../lib/pegasus_crt.a(hd.o)
 .note.GNU-stack
                0x0000000000000000        0x0 ../lib/pegasus_crt.a(global.o)
 .note.GNU-stack
                0x0000000000000000        0x0 ../lib/pegasus_crt.a(process.o)
 .note.GNU-stack
                0x0000000000000000        0x0 ../lib/pegasus_crt.a(protect.o)
 .note.GNU-stack
                0x0000000000000000        0x0 ../lib/pegasus_crt.a(console.o)
 .note.GNU-stack
                0x0000000000000000        0x0 ../lib/pegasus_crt.a(keyboard.o)
 .note.GNU-stack
                0x0000000000000000        0x0 ../lib/pegasus_crt.a(open.o)
 .note.GNU-stack
                0x0000000000000000        0x0 ../lib/pegasus_crt.a(read.o)
 .note.GNU-stack
                0x0000000000000000        0x0 ../lib/pegasus_crt.a(write.o)
 .note.GNU-stack
                0x0000000000000000        0x0 ../lib/pegasus_crt.a(close.o)
 .note.GNU-stack
                0x0000000000000000        0x0 ../lib/pegasus_crt.a(wait.o)
 .note.GNU-stack
                0x0000000000000000        0x0 ../lib/pegasus_crt.a(fork.o)
 .note.GNU-stack
                0x0000000000000000        0x0 ../lib/pegasus_crt.a(exec.o)
 .note.GNU-stack
                0x0000000000000000        0x0 ../lib/pegasus_crt.a(main.o)
 .note.GNU-stack
                0x0000000000000000        0x0 ../lib/pegasus_crt.a(exec.o)
 .note.GNU-stack
                0x0000000000000000        0x0 ../lib/pegasus_crt.a(forkexit.o)
 .note.GNU-stack
                0x0000000000000000        0x0 ../lib/pegasus_crt.a(mem.o)
 .note.GNU-stack
                0x0000000000000000        0x0 ../lib/pegasus_crt.a(my_process.o)
 .note.GNU-stack
                0x0000000000000000        0x0 ../lib/pegasus_crt.a(thread.o)
 .note.GNU-stack
                0x0000000000000000        0x0 ../lib/pegasus_crt.a(fs_main.o)

Memory Configuration

Name             Origin             Length             Attributes
*default*        0x0000000000000000 0xffffffffffffffff

Linker script and memory map

Address of section .text set to 0xc0001800
LOAD test.o
LOAD start.o
LOAD ../lib/pegasus_crt.a
                [!provide]                        PROVIDE (__executable_start = SEGMENT_START ("text-segment", 0x8048000))
                0x0000000008048094                . = (SEGMENT_START ("text-segment", 0x8048000) + SIZEOF_HEADERS)

.interp
 *(.interp)

.note.gnu.build-id
 *(.note.gnu.build-id)

.hash
 *(.hash)

.gnu.hash
 *(.gnu.hash)

.dynsym
 *(.dynsym)

.dynstr
 *(.dynstr)

.gnu.version
 *(.gnu.version)

.gnu.version_d
 *(.gnu.version_d)

.gnu.version_r
 *(.gnu.version_r)

.rel.dyn        0x0000000008048094        0x0
 *(.rel.init)
 *(.rel.text .rel.text.* .rel.gnu.linkonce.t.*)
 .rel.text      0x0000000008048094        0x0 test.o
 *(.rel.fini)
 *(.rel.rodata .rel.rodata.* .rel.gnu.linkonce.r.*)
 *(.rel.data.rel.ro .rel.data.rel.ro.* .rel.gnu.linkonce.d.rel.ro.*)
 *(.rel.data .rel.data.* .rel.gnu.linkonce.d.*)
 *(.rel.tdata .rel.tdata.* .rel.gnu.linkonce.td.*)
 *(.rel.tbss .rel.tbss.* .rel.gnu.linkonce.tb.*)
 *(.rel.ctors)
 *(.rel.dtors)
 *(.rel.got)
 .rel.got       0x0000000008048094        0x0 test.o
 *(.rel.bss .rel.bss.* .rel.gnu.linkonce.b.*)
 *(.rel.ifunc)

.rel.plt        0x0000000008048094        0x0
 *(.rel.plt)
                [!provide]                        PROVIDE (__rel_iplt_start = .)
 *(.rel.iplt)
 .rel.iplt      0x0000000008048094        0x0 test.o
                [!provide]                        PROVIDE (__rel_iplt_end = .)

.init
 *(SORT_NONE(.init))

.plt            0x0000000008048098        0x0
 *(.plt)
 *(.iplt)
 .iplt          0x0000000008048098        0x0 test.o

.plt.got
 *(.plt.got)

.plt.sec
 *(.plt.sec)

.text           0x00000000c0001800     0x9ae6
 *(.text.unlikely .text.*_unlikely .text.unlikely.*)
 *(.text.exit .text.exit.*)
 *(.text.startup .text.startup.*)
 *(.text.hot .text.hot.*)
 *(.text .stub .text.* .gnu.linkonce.t.*)
 .text          0x00000000c0001800       0x3e test.o
                0x00000000c0001800                main
 *fill*         0x00000000c000183e        0x2 
 .text          0x00000000c0001840       0x10 start.o
                0x00000000c0001840                _start
 .text          0x00000000c0001850       0x2f ../lib/pegasus_crt.a(exit.o)
                0x00000000c0001850                exit
 .text          0x00000000c000187f     0x2918 ../lib/pegasus_crt.a(kernel_main_old.o)
                0x00000000c000187f                intr_enable
                0x00000000c00018a8                intr_disable
                0x00000000c00018d1                intr_set_status
                0x00000000c00018ef                intr_get_status
                0x00000000c000190c                Memcpy
                0x00000000c000193f                untar
                0x00000000c0001c4f                atoi
                0x00000000c0001cf5                disp_int
                0x00000000c0001d1e                do_page_fault
                0x00000000c0001e5b                exception_handler
                0x00000000c0002042                init_internal_interrupt
                0x00000000c00021b7                spurious_irq
                0x00000000c0002245                init_keyboard
                0x00000000c00022b2                u_thread_a
                0x00000000c00022ca                TestTTY
                0x00000000c0002369                TestFS
                0x00000000c0002771                wait_exit
                0x00000000c000283f                INIT_fork
                0x00000000c0002b22                simple_shell
                0x00000000c0002d20                test_split_str
                0x00000000c0002ead                test_shell
                0x00000000c0002f15                test_exec
                0x00000000c0002fb0                INIT
                0x00000000c0002fbd                TestA
                0x00000000c0002ff2                delay
                0x00000000c0003036                TestB
                0x00000000c000304e                TestC
                0x00000000c0003081                sys_get_ticks
                0x00000000c0003091                sys_write
                0x00000000c00030e5                milli_delay
                0x00000000c0003121                TaskSys
                0x00000000c0003126                Printf
                0x00000000c0003184                vsprintf
                0x00000000c0003330                printx
                0x00000000c0003373                sys_printx
                0x00000000c000343f                spin
                0x00000000c0003465                panic
                0x00000000c0003483                assertion_failure
                0x00000000c00034ba                dead_lock
                0x00000000c00034c4                sys_send_msg
                0x00000000c00038ab                sys_receive_msg
                0x00000000c0003dba                disp_str_colour_debug
                0x00000000c0003dc0                send_rec
                0x00000000c0003ebc                block
                0x00000000c0003ef8                unblock
                0x00000000c0003f48                get_ticks_ipc
                0x00000000c0003f9f                itoa
                0x00000000c0003ff5                i2a
                0x00000000c000405b                inform_int
                0x00000000c0004128                strcmp
 .text          0x00000000c0004197      0x329 ../lib/pegasus_crt.a(double_link_list.o)
                0x00000000c0004197                initDoubleLinkList
                0x00000000c00041c5                isListEmpty
                0x00000000c00041e6                findElementInList
                0x00000000c00042c2                appendToDoubleLinkList
                0x00000000c00043a9                insertToDoubleLinkList
                0x00000000c000442c                popFromDoubleLinkList
 .text          0x00000000c00044c0      0x325 ../lib/pegasus_crt.a(kernel.o)
                0x00000000c00044c0                InterruptTest
                0x00000000c00044cc                disp_str
                0x00000000c0004507                disp_str_colour
                0x00000000c0004543                divide_zero_fault
                0x00000000c0004549                single_step_fault
                0x00000000c000454f                non_maskable_interrupt
                0x00000000c0004555                breakpoint_trap
                0x00000000c000455b                overflow_trap
                0x00000000c0004561                bound_range_exceeded_fault
                0x00000000c0004567                invalid_opcode_fault
                0x00000000c000456d                coprocessor_not_available_fault
                0x00000000c0004573                double_fault_exception_abort
                0x00000000c0004577                coprocessor_segment_overrun
                0x00000000c000457d                invalid_task_state_segment_fault
                0x00000000c0004581                segment_not_present_fault
                0x00000000c0004585                stack_exception_fault
                0x00000000c0004589                general_protection_exception_fault
                0x00000000c0004594                page_fault
                0x00000000c0004598                coprocessor_error_fault
                0x00000000c000459e                align_check_fault
                0x00000000c00045a2                simd_float_exception_fault
                0x00000000c00045b1                hwint0
                0x00000000c00045de                hwint1
                0x00000000c0004620                hwint14
                0x00000000c000465e                sys_call
                0x00000000c00046a3                fork_restart
                0x00000000c00046ac                restart
                0x00000000c00046cd                in_byte
                0x00000000c00046d9                out_byte
                0x00000000c00046fb                disable_int
                0x00000000c00046fd                enable_int
                0x00000000c0004793                enable_8259A_casecade_irq
                0x00000000c000479d                disable_8259A_casecade_irq
                0x00000000c00047a7                enable_8259A_slave_winchester_irq
                0x00000000c00047b1                disable_8259A_slave_winchester_irq
                0x00000000c00047bb                update_cr3
                0x00000000c00047c8                update_tss
                0x00000000c00047d7                get_running_thread_pcb
                0x00000000c00047df                sys_call_test
 .text          0x00000000c00047e5      0xe1d ../lib/pegasus_crt.a(hd.o)
                0x00000000c00047e5                TaskHD
                0x00000000c000482a                init_hd
                0x00000000c0004844                hd_handle
                0x00000000c0004949                hd_cmd_out
                0x00000000c0004a4b                hd_identify
                0x00000000c0004b02                print_hdinfo
                0x00000000c0004c90                print_dpt_entry
                0x00000000c0004cfc                get_partition_table
                0x00000000c0004ddb                partition
                0x00000000c0004ff5                hd_open
                0x00000000c000509c                get_hd_ioctl
                0x00000000c000514d                wait_for
                0x00000000c000517e                interrupt_wait
                0x00000000c00051ce                hd_rdwt
                0x00000000c000546d                hd_handler
                0x00000000c0005499                waitfor
                0x00000000c00054dd                print_hd_info
                0x00000000c00055ca                is_empty
 *fill*         0x00000000c0005602        0xe 
 .text          0x00000000c0005610       0xa1 ../lib/pegasus_crt.a(syscall.o)
                0x00000000c0005610                get_ticks
                0x00000000c0005618                write2
                0x00000000c0005628                write_debug
                0x00000000c0005648                send_msg
                0x00000000c000566e                receive_msg
                0x00000000c0005684                sys_malloc
                0x00000000c0005699                sys_free
 .text          0x00000000c00056b1        0x0 ../lib/pegasus_crt.a(global.o)
 .text          0x00000000c00056b1      0x225 ../lib/pegasus_crt.a(process.o)
                0x00000000c00056b1                check
                0x00000000c00056d8                schedule_process
                0x00000000c00057dd                clock_handler
                0x00000000c000584d                pid2proc
                0x00000000c00058bf                proc2pid
 .text          0x00000000c00058d6      0x3a0 ../lib/pegasus_crt.a(protect.o)
                0x00000000c00058d6                InitDescriptor
                0x00000000c0005943                Seg2PhyAddr
                0x00000000c0005984                Seg2PhyAddrLDT
                0x00000000c00059c8                VirAddr2PhyAddr
                0x00000000c00059de                v2l
                0x00000000c0005a21                init_propt
                0x00000000c0005b8f                InitInterruptDesc
                0x00000000c0005beb                ReloadGDT
 .text          0x00000000c0005c76      0xaca ../lib/pegasus_crt.a(console.o)
                0x00000000c0005c76                select_console
                0x00000000c0005cb2                flush
                0x00000000c0005ceb                set_cursor
                0x00000000c0005d49                set_console_start_video_addr
                0x00000000c0005da7                put_key
                0x00000000c0005e13                scroll_up
                0x00000000c0005e55                scroll_down
                0x00000000c0005ec0                out_char
                0x00000000c000607d                tty_dev_read
                0x00000000c00060a7                tty_dev_write
                0x00000000c00062d4                tty_do_read
                0x00000000c000639c                tty_do_write
                0x00000000c00064ff                init_screen
                0x00000000c0006588                init_tty
                0x00000000c000663d                TaskTTY
 .text          0x00000000c0006740      0x40f ../lib/pegasus_crt.a(keyboard.o)
                0x00000000c0006740                keyboard_handler
                0x00000000c00067c4                read_from_keyboard_buf
                0x00000000c000682a                keyboard_read
                0x00000000c00069a9                init_keyboard_handler
                0x00000000c00069bd                in_process
 .text          0x00000000c0006b4f       0x95 ../lib/pegasus_crt.a(open.o)
                0x00000000c0006b4f                open
 .text          0x00000000c0006be4      0x181 ../lib/pegasus_crt.a(read.o)
                0x00000000c0006be4                read
 .text          0x00000000c0006d65       0x85 ../lib/pegasus_crt.a(write.o)
                0x00000000c0006d65                write
 .text          0x00000000c0006dea       0x52 ../lib/pegasus_crt.a(close.o)
                0x00000000c0006dea                close
 .text          0x00000000c0006e3c       0x44 ../lib/pegasus_crt.a(wait.o)
                0x00000000c0006e3c                wait
 .text          0x00000000c0006e80       0x68 ../lib/pegasus_crt.a(fork.o)
                0x00000000c0006e80                fork
 .text          0x00000000c0006ee8      0x27b ../lib/pegasus_crt.a(exec.o)
                0x00000000c0006ee8                exec
                0x00000000c0006f59                execv
                0x00000000c000713e                execl
 .text          0x00000000c0007163      0x148 ../lib/pegasus_crt.a(main.o)
                0x00000000c0007163                TaskMM
                0x00000000c000728c                alloc_mem
 .text          0x00000000c00072ab      0x3bc ../lib/pegasus_crt.a(exec.o)
                0x00000000c00072ab                do_exec
 .text          0x00000000c0007667      0x291 ../lib/pegasus_crt.a(forkexit.o)
                0x00000000c0007667                do_fork
                0x00000000c00076d5                do_exit
                0x00000000c00077d1                do_wait
                0x00000000c000789e                cleanup
 .text          0x00000000c00078f8     0x113a ../lib/pegasus_crt.a(mem.o)
                0x00000000c00078f8                init_bitmap
                0x00000000c000791b                test_bit_val
                0x00000000c0007984                set_bit_val
                0x00000000c00079ff                set_bits
                0x00000000c0007a39                get_first_free_bit
                0x00000000c0007a7d                get_bits
                0x00000000c0007b45                get_a_page2
                0x00000000c0007b74                get_a_page
                0x00000000c0007c28                get_virtual_address
                0x00000000c0007cb8                ptr_pde
                0x00000000c0007ccb                ptr_pte
                0x00000000c0007cf2                add_map_entry
                0x00000000c0007d83                alloc_virtual_memory
                0x00000000c0007e51                get_physical_address
                0x00000000c0007e83                alloc_physical_memory_of_proc
                0x00000000c0007f3a                alloc_physical_memory
                0x00000000c0008000                alloc_memory
                0x00000000c0008062                get_a_virtual_page
                0x00000000c000808f                block2arena
                0x00000000c00080a5                sys_malloc2
                0x00000000c0008356                remove_map_entry
                0x00000000c0008377                free_a_page
                0x00000000c000841e                sys_free2
                0x00000000c00085a1                init_memory_block_desc
                0x00000000c0008672                init_memory2
                0x00000000c00088e9                init_memory
 .text          0x00000000c0008a32      0x6b5 ../lib/pegasus_crt.a(my_process.o)
                0x00000000c0008a32                create_user_process_address_space
                0x00000000c0008ac2                user_process
                0x00000000c0008bd1                clone_pcb
                0x00000000c0008cd5                build_body_stack
                0x00000000c0008e08                build_process_kernel_stack
                0x00000000c0008ecb                fork_process
                0x00000000c0008f76                process_execute
 *fill*         0x00000000c00090e7        0x9 
 .text          0x00000000c00090f0       0x15 ../lib/pegasus_crt.a(switch_to.o)
                0x00000000c00090f0                switch_to
 .text          0x00000000c0009105      0x1b2 ../lib/pegasus_crt.a(thread.o)
                0x00000000c0009105                kernel_thread
                0x00000000c000911d                thread_init
                0x00000000c00091ca                thread_create
                0x00000000c00091ff                thread_start
 .text          0x00000000c00092b7     0x202f ../lib/pegasus_crt.a(fs_main.o)
                0x00000000c00092b7                task_fs
                0x00000000c00094c2                rd_wt
                0x00000000c000959b                mkfs
                0x00000000c0009b7d                init_fs
                0x00000000c0009bd1                do_open
                0x00000000c0009da0                search_file
                0x00000000c0009ed2                strip_path
                0x00000000c0009f9e                get_inode
                0x00000000c000a160                create_file
                0x00000000c000a26b                alloc_imap_bit
                0x00000000c000a368                alloc_smap_bit
                0x00000000c000a509                new_inode
                0x00000000c000a627                new_dir_entry
                0x00000000c000a833                do_unlink
                0x00000000c000ad0f                do_rdwt
                0x00000000c000b09a                sync_inode
                0x00000000c000b1ee                put_inode
                0x00000000c000b22c                do_close
                0x00000000c000b27e                get_super_block
 *(.gnu.warning)

.fini
 *(SORT_NONE(.fini))
                [!provide]                        PROVIDE (__etext = .)
                [!provide]                        PROVIDE (_etext = .)
                [!provide]                        PROVIDE (etext = .)

.rodata         0x00000000c000b300      0xd7f
 *(.rodata .rodata.* .gnu.linkonce.r.*)
 .rodata        0x00000000c000b300       0x10 test.o
 *fill*         0x00000000c000b310       0x10 
 .rodata        0x00000000c000b320      0x89d ../lib/pegasus_crt.a(kernel_main_old.o)
 .rodata        0x00000000c000bbbd       0x2c ../lib/pegasus_crt.a(double_link_list.o)
 *fill*         0x00000000c000bbe9        0x3 
 .rodata        0x00000000c000bbec      0x19c ../lib/pegasus_crt.a(hd.o)
 .rodata        0x00000000c000bd88       0x26 ../lib/pegasus_crt.a(process.o)
 .rodata        0x00000000c000bdae       0x22 ../lib/pegasus_crt.a(console.o)
 .rodata        0x00000000c000bdd0       0x24 ../lib/pegasus_crt.a(close.o)
 .rodata        0x00000000c000bdf4       0x1b ../lib/pegasus_crt.a(fork.o)
 .rodata        0x00000000c000be0f       0x2d ../lib/pegasus_crt.a(exec.o)
 .rodata        0x00000000c000be3c       0x11 ../lib/pegasus_crt.a(main.o)
 .rodata        0x00000000c000be4d       0x10 ../lib/pegasus_crt.a(exec.o)
 .rodata        0x00000000c000be5d       0x36 ../lib/pegasus_crt.a(mem.o)
 *fill*         0x00000000c000be93        0x1 
 .rodata        0x00000000c000be94      0x1eb ../lib/pegasus_crt.a(fs_main.o)
                0x00000000c000be94                FSBUF_SIZE

.txt            0x00000000c000c07f       0xaa
 .txt           0x00000000c000c07f       0x82 ../lib/pegasus_crt.a(string.o)
                0x00000000c000c07f                Memcpy2
                0x00000000c000c0ad                Memset
                0x00000000c000c0cc                Strcpy
                0x00000000c000c0e6                Strlen
 .txt           0x00000000c000c101       0x28 ../lib/pegasus_crt.a(hd_rdwt.o)
                0x00000000c000c101                read_port
                0x00000000c000c115                write_port

.rodata1
 *(.rodata1)

.eh_frame_hdr
 *(.eh_frame_hdr)
 *(.eh_frame_entry .eh_frame_entry.*)

.eh_frame       0x00000000c000c12c     0x16d0
 *(.eh_frame)
 .eh_frame      0x00000000c000c12c       0x44 test.o
 .eh_frame      0x00000000c000c170       0x20 ../lib/pegasus_crt.a(exit.o)
                                         0x38 (size before relaxing)
 .eh_frame      0x00000000c000c190      0x62c ../lib/pegasus_crt.a(kernel_main_old.o)
                                        0x644 (size before relaxing)
 .eh_frame      0x00000000c000c7bc       0xc0 ../lib/pegasus_crt.a(double_link_list.o)
                                         0xd8 (size before relaxing)
 .eh_frame      0x00000000c000c87c      0x244 ../lib/pegasus_crt.a(hd.o)
                                        0x25c (size before relaxing)
 .eh_frame      0x00000000c000cac0       0xa0 ../lib/pegasus_crt.a(process.o)
                                         0xb8 (size before relaxing)
 .eh_frame      0x00000000c000cb60      0x100 ../lib/pegasus_crt.a(protect.o)
                                        0x118 (size before relaxing)
 .eh_frame      0x00000000c000cc60      0x1e0 ../lib/pegasus_crt.a(console.o)
                                        0x1f8 (size before relaxing)
 .eh_frame      0x00000000c000ce40       0xa0 ../lib/pegasus_crt.a(keyboard.o)
                                         0xb8 (size before relaxing)
 .eh_frame      0x00000000c000cee0       0x20 ../lib/pegasus_crt.a(open.o)
                                         0x38 (size before relaxing)
 .eh_frame      0x00000000c000cf00       0x20 ../lib/pegasus_crt.a(read.o)
                                         0x38 (size before relaxing)
 .eh_frame      0x00000000c000cf20       0x20 ../lib/pegasus_crt.a(write.o)
                                         0x38 (size before relaxing)
 .eh_frame      0x00000000c000cf40       0x20 ../lib/pegasus_crt.a(close.o)
                                         0x38 (size before relaxing)
 .eh_frame      0x00000000c000cf60       0x20 ../lib/pegasus_crt.a(wait.o)
                                         0x38 (size before relaxing)
 .eh_frame      0x00000000c000cf80       0x20 ../lib/pegasus_crt.a(fork.o)
                                         0x38 (size before relaxing)
 .eh_frame      0x00000000c000cfa0       0x60 ../lib/pegasus_crt.a(exec.o)
                                         0x78 (size before relaxing)
 .eh_frame      0x00000000c000d000       0x3c ../lib/pegasus_crt.a(main.o)
                                         0x54 (size before relaxing)
 .eh_frame      0x00000000c000d03c       0x20 ../lib/pegasus_crt.a(exec.o)
                                         0x38 (size before relaxing)
 .eh_frame      0x00000000c000d05c       0x80 ../lib/pegasus_crt.a(forkexit.o)
                                         0x98 (size before relaxing)
 .eh_frame      0x00000000c000d0dc      0x344 ../lib/pegasus_crt.a(mem.o)
                                        0x35c (size before relaxing)
 .eh_frame      0x00000000c000d420       0xe0 ../lib/pegasus_crt.a(my_process.o)
                                         0xf8 (size before relaxing)
 .eh_frame      0x00000000c000d500       0x80 ../lib/pegasus_crt.a(thread.o)
                                         0x98 (size before relaxing)
 .eh_frame      0x00000000c000d580      0x27c ../lib/pegasus_crt.a(fs_main.o)
                                        0x294 (size before relaxing)
 *(.eh_frame.*)

.gcc_except_table
 *(.gcc_except_table .gcc_except_table.*)

.gnu_extab
 *(.gnu_extab*)

.exception_ranges
 *(.exception_ranges .exception_ranges*)
                0x00000000c000f000                . = DATA_SEGMENT_ALIGN (CONSTANT (MAXPAGESIZE), CONSTANT (COMMONPAGESIZE))

.eh_frame
 *(.eh_frame)
 *(.eh_frame.*)

.gnu_extab
 *(.gnu_extab)

.gcc_except_table
 *(.gcc_except_table .gcc_except_table.*)

.exception_ranges
 *(.exception_ranges .exception_ranges*)

.tdata
 *(.tdata .tdata.* .gnu.linkonce.td.*)

.tbss
 *(.tbss .tbss.* .gnu.linkonce.tb.*)
 *(.tcommon)

.preinit_array  0x00000000c000f000        0x0
                [!provide]                        PROVIDE (__preinit_array_start = .)
 *(.preinit_array)
                [!provide]                        PROVIDE (__preinit_array_end = .)

.init_array     0x00000000c000f000        0x0
                [!provide]                        PROVIDE (__init_array_start = .)
 *(SORT_BY_INIT_PRIORITY(.init_array.*) SORT_BY_INIT_PRIORITY(.ctors.*))
 *(.init_array EXCLUDE_FILE(*crtend?.o *crtend.o *crtbegin?.o *crtbegin.o) .ctors)
                [!provide]                        PROVIDE (__init_array_end = .)

.fini_array     0x00000000c000f000        0x0
                [!provide]                        PROVIDE (__fini_array_start = .)
 *(SORT_BY_INIT_PRIORITY(.fini_array.*) SORT_BY_INIT_PRIORITY(.dtors.*))
 *(.fini_array EXCLUDE_FILE(*crtend?.o *crtend.o *crtbegin?.o *crtbegin.o) .dtors)
                [!provide]                        PROVIDE (__fini_array_end = .)

.ctors
 *crtbegin.o(.ctors)
 *crtbegin?.o(.ctors)
 *(EXCLUDE_FILE(*crtend?.o *crtend.o) .ctors)
 *(SORT_BY_NAME(.ctors.*))
 *(.ctors)

.dtors
 *crtbegin.o(.dtors)
 *crtbegin?.o(.dtors)
 *(EXCLUDE_FILE(*crtend?.o *crtend.o) .dtors)
 *(SORT_BY_NAME(.dtors.*))
 *(.dtors)

.jcr
 *(.jcr)

.data.rel.ro
 *(.data.rel.ro.local* .gnu.linkonce.d.rel.ro.local.*)
 *(.data.rel.ro .data.rel.ro.* .gnu.linkonce.d.rel.ro.*)

.dynamic
 *(.dynamic)

.got            0x00000000c000f000        0x0
 *(.got)
 .got           0x00000000c000f000        0x0 test.o
 *(.igot)
                0x00000000c000f000                . = DATA_SEGMENT_RELRO_END (., (SIZEOF (.got.plt) >= 0xc)?0xc:0x0)

.got.plt        0x00000000c000f000        0x0
 *(.got.plt)
 .got.plt       0x00000000c000f000        0x0 test.o
 *(.igot.plt)
 .igot.plt      0x00000000c000f000        0x0 test.o

.data           0x00000000c000f000      0x760
 *(.data .data.* .gnu.linkonce.d.*)
 .data          0x00000000c000f000        0x0 test.o
 .data          0x00000000c000f000        0x0 ../lib/pegasus_crt.a(exit.o)
 .data          0x00000000c000f000        0x0 ../lib/pegasus_crt.a(kernel_main_old.o)
 .data          0x00000000c000f000        0x0 ../lib/pegasus_crt.a(double_link_list.o)
 .data          0x00000000c000f000        0xf ../lib/pegasus_crt.a(kernel.o)
 .data          0x00000000c000f00f        0x0 ../lib/pegasus_crt.a(hd.o)
 *fill*         0x00000000c000f00f        0x1 
 .data          0x00000000c000f010        0x0 ../lib/pegasus_crt.a(syscall.o)
 *fill*         0x00000000c000f010       0x10 
 .data          0x00000000c000f020      0x128 ../lib/pegasus_crt.a(global.o)
                0x00000000c000f020                user_task_table
                0x00000000c000f0a0                sys_task_table
                0x00000000c000f12c                sys_call_table
 .data          0x00000000c000f148        0x0 ../lib/pegasus_crt.a(process.o)
 .data          0x00000000c000f148        0x0 ../lib/pegasus_crt.a(protect.o)
 .data          0x00000000c000f148        0x0 ../lib/pegasus_crt.a(console.o)
 *fill*         0x00000000c000f148       0x18 
 .data          0x00000000c000f160      0x600 ../lib/pegasus_crt.a(keyboard.o)
                0x00000000c000f160                keymap
 .data          0x00000000c000f760        0x0 ../lib/pegasus_crt.a(open.o)
 .data          0x00000000c000f760        0x0 ../lib/pegasus_crt.a(read.o)
 .data          0x00000000c000f760        0x0 ../lib/pegasus_crt.a(write.o)
 .data          0x00000000c000f760        0x0 ../lib/pegasus_crt.a(close.o)
 .data          0x00000000c000f760        0x0 ../lib/pegasus_crt.a(wait.o)
 .data          0x00000000c000f760        0x0 ../lib/pegasus_crt.a(fork.o)
 .data          0x00000000c000f760        0x0 ../lib/pegasus_crt.a(exec.o)
 .data          0x00000000c000f760        0x0 ../lib/pegasus_crt.a(main.o)
 .data          0x00000000c000f760        0x0 ../lib/pegasus_crt.a(exec.o)
 .data          0x00000000c000f760        0x0 ../lib/pegasus_crt.a(forkexit.o)
 .data          0x00000000c000f760        0x0 ../lib/pegasus_crt.a(mem.o)
 .data          0x00000000c000f760        0x0 ../lib/pegasus_crt.a(my_process.o)
 .data          0x00000000c000f760        0x0 ../lib/pegasus_crt.a(thread.o)
 .data          0x00000000c000f760        0x0 ../lib/pegasus_crt.a(fs_main.o)

.data1
 *(.data1)
                0x00000000c000f760                _edata = .
                [!provide]                        PROVIDE (edata = .)
                0x00000000c000f760                . = .
                0x00000000c000f760                __bss_start = .

.bss            0x00000000c000f760    0x74908
 *(.dynbss)
 *(.bss .bss.* .gnu.linkonce.b.*)
 .bss           0x00000000c000f760        0x0 test.o
 .bss           0x00000000c000f760        0x0 ../lib/pegasus_crt.a(exit.o)
 .bss           0x00000000c000f760        0x0 ../lib/pegasus_crt.a(kernel_main_old.o)
 .bss           0x00000000c000f760        0x0 ../lib/pegasus_crt.a(double_link_list.o)
 .bss           0x00000000c000f760      0x800 ../lib/pegasus_crt.a(kernel.o)
 .bss           0x00000000c000ff60        0x0 ../lib/pegasus_crt.a(hd.o)
 .bss           0x00000000c000ff60        0x0 ../lib/pegasus_crt.a(global.o)
 .bss           0x00000000c000ff60        0x0 ../lib/pegasus_crt.a(process.o)
 .bss           0x00000000c000ff60        0x0 ../lib/pegasus_crt.a(protect.o)
 .bss           0x00000000c000ff60        0x0 ../lib/pegasus_crt.a(console.o)
 .bss           0x00000000c000ff60        0x0 ../lib/pegasus_crt.a(keyboard.o)
 .bss           0x00000000c000ff60        0x0 ../lib/pegasus_crt.a(open.o)
 .bss           0x00000000c000ff60        0x0 ../lib/pegasus_crt.a(read.o)
 .bss           0x00000000c000ff60        0x0 ../lib/pegasus_crt.a(write.o)
 .bss           0x00000000c000ff60        0x0 ../lib/pegasus_crt.a(close.o)
 .bss           0x00000000c000ff60        0x0 ../lib/pegasus_crt.a(wait.o)
 .bss           0x00000000c000ff60        0x0 ../lib/pegasus_crt.a(fork.o)
 .bss           0x00000000c000ff60        0x0 ../lib/pegasus_crt.a(exec.o)
 .bss           0x00000000c000ff60        0x0 ../lib/pegasus_crt.a(main.o)
 .bss           0x00000000c000ff60        0x0 ../lib/pegasus_crt.a(exec.o)
 .bss           0x00000000c000ff60        0x0 ../lib/pegasus_crt.a(forkexit.o)
 .bss           0x00000000c000ff60        0x0 ../lib/pegasus_crt.a(mem.o)
 .bss           0x00000000c000ff60        0x0 ../lib/pegasus_crt.a(my_process.o)
 .bss           0x00000000c000ff60        0x0 ../lib/pegasus_crt.a(thread.o)
 .bss           0x00000000c000ff60        0x4 ../lib/pegasus_crt.a(fs_main.o)
                0x00000000c000ff60                c
 *(COMMON)
 *fill*         0x00000000c000ff64       0x1c 
 COMMON         0x00000000c000ff80     0x1755 ../lib/pegasus_crt.a(exit.o)
                0x00000000c000ff80                current_tty
                0x00000000c000ff84                is_e0
                0x00000000c000ff88                idt_ptr
                0x00000000c000ff90                pid
                0x00000000c000ff94                dis_pos
                0x00000000c000ff98                k_reenter
                0x00000000c000ffa0                gdt
                0x00000000c00103a0                proc_ready_table
                0x00000000c00103a4                test_ticks
                0x00000000c00103a8                pcaller
                0x00000000c00103c0                keyboard_buffer
                0x00000000c00105cc                pcb_list
                0x00000000c00105dc                gdt_index
                0x00000000c00105e0                tty_table
                0x00000000c0010e20                tss
                0x00000000c0010e8c                counter
                0x00000000c0010e90                key_pressed
                0x00000000c0010e94                is_shift
                0x00000000c0010e98                gdt_ptr
                0x00000000c0010ea0                idt
                0x00000000c00116a0                main_thread
                0x00000000c00116a8                ticks
                0x00000000c00116b0                is_init
                0x00000000c00116b4                all_pcb_list
                0x00000000c00116c4                console_table
                0x00000000c00116d4                is_disp
 *fill*         0x00000000c00116d5        0x3 
 COMMON         0x00000000c00116d8       0x2c ../lib/pegasus_crt.a(kernel_main_old.o)
                0x00000000c00116d8                KernelVirtualMemory
                0x00000000c00116e4                KernelPool
                0x00000000c00116f4                UserPool
 *fill*         0x00000000c0011704       0x1c 
 COMMON         0x00000000c0011720      0x440 ../lib/pegasus_crt.a(hd.o)
                0x00000000c0011720                hd_info
                0x00000000c0011960                hd_cache
 COMMON         0x00000000c0011b60    0x715a0 ../lib/pegasus_crt.a(global.o)
                0x00000000c0011b60                proc_stack
                0x00000000c0081b60                proc_table
 COMMON         0x00000000c0083100       0xf0 ../lib/pegasus_crt.a(mem.o)
                0x00000000c0083100                kernel_mem_block_decs_array
 *fill*         0x00000000c00831f0       0x10 
 COMMON         0x00000000c0083200      0xe68 ../lib/pegasus_crt.a(fs_main.o)
                0x00000000c0083200                file_desc_table
                0x00000000c0083600                phy_super_block_buf
                0x00000000c0083604                phy_fsbuf
                0x00000000c0083620                inode_table
                0x00000000c0084020                super_block_buf
                0x00000000c0084024                fsbuf
                0x00000000c0084040                root
                0x00000000c0084068                . = ALIGN ((. != 0x0)?0x4:0x1)
                0x00000000c0084068                . = ALIGN (0x4)
                0x00000000c0084068                . = SEGMENT_START ("ldata-segment", .)
                0x00000000c0084068                . = ALIGN (0x4)
                0x00000000c0084068                _end = .
                [!provide]                        PROVIDE (end = .)
                0x00000000c0084068                . = DATA_SEGMENT_END (.)

.stab
 *(.stab)

.stabstr
 *(.stabstr)

.stab.excl
 *(.stab.excl)

.stab.exclstr
 *(.stab.exclstr)

.stab.index
 *(.stab.index)

.stab.indexstr
 *(.stab.indexstr)

.comment        0x0000000000000000       0x2c
 *(.comment)
 .comment       0x0000000000000000       0x2c test.o
                                         0x2d (size before relaxing)
 .comment       0x000000000000002c       0x2d ../lib/pegasus_crt.a(exit.o)
 .comment       0x000000000000002c       0x2d ../lib/pegasus_crt.a(kernel_main_old.o)
 .comment       0x000000000000002c       0x2d ../lib/pegasus_crt.a(double_link_list.o)
 .comment       0x000000000000002c       0x2d ../lib/pegasus_crt.a(hd.o)
 .comment       0x000000000000002c       0x2d ../lib/pegasus_crt.a(global.o)
 .comment       0x000000000000002c       0x2d ../lib/pegasus_crt.a(process.o)
 .comment       0x000000000000002c       0x2d ../lib/pegasus_crt.a(protect.o)
 .comment       0x000000000000002c       0x2d ../lib/pegasus_crt.a(console.o)
 .comment       0x000000000000002c       0x2d ../lib/pegasus_crt.a(keyboard.o)
 .comment       0x000000000000002c       0x2d ../lib/pegasus_crt.a(open.o)
 .comment       0x000000000000002c       0x2d ../lib/pegasus_crt.a(read.o)
 .comment       0x000000000000002c       0x2d ../lib/pegasus_crt.a(write.o)
 .comment       0x000000000000002c       0x2d ../lib/pegasus_crt.a(close.o)
 .comment       0x000000000000002c       0x2d ../lib/pegasus_crt.a(wait.o)
 .comment       0x000000000000002c       0x2d ../lib/pegasus_crt.a(fork.o)
 .comment       0x000000000000002c       0x2d ../lib/pegasus_crt.a(exec.o)
 .comment       0x000000000000002c       0x2d ../lib/pegasus_crt.a(main.o)
 .comment       0x000000000000002c       0x2d ../lib/pegasus_crt.a(exec.o)
 .comment       0x000000000000002c       0x2d ../lib/pegasus_crt.a(forkexit.o)
 .comment       0x000000000000002c       0x2d ../lib/pegasus_crt.a(mem.o)
 .comment       0x000000000000002c       0x2d ../lib/pegasus_crt.a(my_process.o)
 .comment       0x000000000000002c       0x2d ../lib/pegasus_crt.a(thread.o)
 .comment       0x000000000000002c       0x2d ../lib/pegasus_crt.a(fs_main.o)

.gnu.build.attributes
 *(.gnu.build.attributes .gnu.build.attributes.*)

.debug
 *(.debug)

.line
 *(.line)

.debug_srcinfo
 *(.debug_srcinfo)

.debug_sfnames
 *(.debug_sfnames)

.debug_aranges  0x0000000000000000      0x2d8
 *(.debug_aranges)
 .debug_aranges
                0x0000000000000000       0x20 ../lib/pegasus_crt.a(exit.o)
 .debug_aranges
                0x0000000000000020       0x20 ../lib/pegasus_crt.a(kernel_main_old.o)
 .debug_aranges
                0x0000000000000040       0x20 ../lib/pegasus_crt.a(double_link_list.o)
 .debug_aranges
                0x0000000000000060       0x20 ../lib/pegasus_crt.a(hd.o)
 .debug_aranges
                0x0000000000000080       0x18 ../lib/pegasus_crt.a(global.o)
 .debug_aranges
                0x0000000000000098       0x20 ../lib/pegasus_crt.a(process.o)
 .debug_aranges
                0x00000000000000b8       0x20 ../lib/pegasus_crt.a(protect.o)
 .debug_aranges
                0x00000000000000d8       0x20 ../lib/pegasus_crt.a(console.o)
 .debug_aranges
                0x00000000000000f8       0x20 ../lib/pegasus_crt.a(keyboard.o)
 .debug_aranges
                0x0000000000000118       0x20 ../lib/pegasus_crt.a(open.o)
 .debug_aranges
                0x0000000000000138       0x20 ../lib/pegasus_crt.a(read.o)
 .debug_aranges
                0x0000000000000158       0x20 ../lib/pegasus_crt.a(write.o)
 .debug_aranges
                0x0000000000000178       0x20 ../lib/pegasus_crt.a(close.o)
 .debug_aranges
                0x0000000000000198       0x20 ../lib/pegasus_crt.a(wait.o)
 .debug_aranges
                0x00000000000001b8       0x20 ../lib/pegasus_crt.a(fork.o)
 .debug_aranges
                0x00000000000001d8       0x20 ../lib/pegasus_crt.a(exec.o)
 .debug_aranges
                0x00000000000001f8       0x20 ../lib/pegasus_crt.a(main.o)
 .debug_aranges
                0x0000000000000218       0x20 ../lib/pegasus_crt.a(exec.o)
 .debug_aranges
                0x0000000000000238       0x20 ../lib/pegasus_crt.a(forkexit.o)
 .debug_aranges
                0x0000000000000258       0x20 ../lib/pegasus_crt.a(mem.o)
 .debug_aranges
                0x0000000000000278       0x20 ../lib/pegasus_crt.a(my_process.o)
 .debug_aranges
                0x0000000000000298       0x20 ../lib/pegasus_crt.a(thread.o)
 .debug_aranges
                0x00000000000002b8       0x20 ../lib/pegasus_crt.a(fs_main.o)

.debug_pubnames
 *(.debug_pubnames)

.debug_info     0x0000000000000000    0x19309
 *(.debug_info .gnu.linkonce.wi.*)
 .debug_info    0x0000000000000000      0xd17 ../lib/pegasus_crt.a(exit.o)
 .debug_info    0x0000000000000d17     0x2679 ../lib/pegasus_crt.a(kernel_main_old.o)
 .debug_info    0x0000000000003390      0xfa8 ../lib/pegasus_crt.a(double_link_list.o)
 .debug_info    0x0000000000004338     0x1746 ../lib/pegasus_crt.a(hd.o)
 .debug_info    0x0000000000005a7e      0xdee ../lib/pegasus_crt.a(global.o)
 .debug_info    0x000000000000686c      0xf05 ../lib/pegasus_crt.a(process.o)
 .debug_info    0x0000000000007771     0x1119 ../lib/pegasus_crt.a(protect.o)
 .debug_info    0x000000000000888a     0x11ee ../lib/pegasus_crt.a(console.o)
 .debug_info    0x0000000000009a78      0xf42 ../lib/pegasus_crt.a(keyboard.o)
 .debug_info    0x000000000000a9ba      0xd66 ../lib/pegasus_crt.a(open.o)
 .debug_info    0x000000000000b720      0xe05 ../lib/pegasus_crt.a(read.o)
 .debug_info    0x000000000000c525      0xd93 ../lib/pegasus_crt.a(write.o)
 .debug_info    0x000000000000d2b8      0xd1a ../lib/pegasus_crt.a(close.o)
 .debug_info    0x000000000000dfd2      0xd25 ../lib/pegasus_crt.a(wait.o)
 .debug_info    0x000000000000ecf7      0xd0c ../lib/pegasus_crt.a(fork.o)
 .debug_info    0x000000000000fa03      0xe86 ../lib/pegasus_crt.a(exec.o)
 .debug_info    0x0000000000010889      0xd2a ../lib/pegasus_crt.a(main.o)
 .debug_info    0x00000000000115b3     0x10f6 ../lib/pegasus_crt.a(exec.o)
 .debug_info    0x00000000000126a9      0xee6 ../lib/pegasus_crt.a(forkexit.o)
 .debug_info    0x000000000001358f     0x1bbc ../lib/pegasus_crt.a(mem.o)
 .debug_info    0x000000000001514b     0x1365 ../lib/pegasus_crt.a(my_process.o)
 .debug_info    0x00000000000164b0      0xfc0 ../lib/pegasus_crt.a(thread.o)
 .debug_info    0x0000000000017470     0x1e99 ../lib/pegasus_crt.a(fs_main.o)

.debug_abbrev   0x0000000000000000     0x3119
 *(.debug_abbrev)
 .debug_abbrev  0x0000000000000000      0x19b ../lib/pegasus_crt.a(exit.o)
 .debug_abbrev  0x000000000000019b      0x43c ../lib/pegasus_crt.a(kernel_main_old.o)
 .debug_abbrev  0x00000000000005d7      0x216 ../lib/pegasus_crt.a(double_link_list.o)
 .debug_abbrev  0x00000000000007ed      0x2e3 ../lib/pegasus_crt.a(hd.o)
 .debug_abbrev  0x0000000000000ad0      0x157 ../lib/pegasus_crt.a(global.o)
 .debug_abbrev  0x0000000000000c27      0x1e9 ../lib/pegasus_crt.a(process.o)
 .debug_abbrev  0x0000000000000e10      0x227 ../lib/pegasus_crt.a(protect.o)
 .debug_abbrev  0x0000000000001037      0x2ac ../lib/pegasus_crt.a(console.o)
 .debug_abbrev  0x00000000000012e3      0x1fb ../lib/pegasus_crt.a(keyboard.o)
 .debug_abbrev  0x00000000000014de      0x1c5 ../lib/pegasus_crt.a(open.o)
 .debug_abbrev  0x00000000000016a3      0x1ef ../lib/pegasus_crt.a(read.o)
 .debug_abbrev  0x0000000000001892      0x1db ../lib/pegasus_crt.a(write.o)
 .debug_abbrev  0x0000000000001a6d      0x19d ../lib/pegasus_crt.a(close.o)
 .debug_abbrev  0x0000000000001c0a      0x19f ../lib/pegasus_crt.a(wait.o)
 .debug_abbrev  0x0000000000001da9      0x18a ../lib/pegasus_crt.a(fork.o)
 .debug_abbrev  0x0000000000001f33      0x1e8 ../lib/pegasus_crt.a(exec.o)
 .debug_abbrev  0x000000000000211b      0x208 ../lib/pegasus_crt.a(main.o)
 .debug_abbrev  0x0000000000002323      0x1c4 ../lib/pegasus_crt.a(exec.o)
 .debug_abbrev  0x00000000000024e7      0x204 ../lib/pegasus_crt.a(forkexit.o)
 .debug_abbrev  0x00000000000026eb      0x2ea ../lib/pegasus_crt.a(mem.o)
 .debug_abbrev  0x00000000000029d5      0x233 ../lib/pegasus_crt.a(my_process.o)
 .debug_abbrev  0x0000000000002c08      0x222 ../lib/pegasus_crt.a(thread.o)
 .debug_abbrev  0x0000000000002e2a      0x2ef ../lib/pegasus_crt.a(fs_main.o)

.debug_line     0x0000000000000000     0x4557
 *(.debug_line .debug_line.* .debug_line_end)
 .debug_line    0x0000000000000000       0xa0 ../lib/pegasus_crt.a(exit.o)
 .debug_line    0x00000000000000a0      0xd9b ../lib/pegasus_crt.a(kernel_main_old.o)
 .debug_line    0x0000000000000e3b      0x253 ../lib/pegasus_crt.a(double_link_list.o)
 .debug_line    0x000000000000108e      0x613 ../lib/pegasus_crt.a(hd.o)
 .debug_line    0x00000000000016a1       0x95 ../lib/pegasus_crt.a(global.o)
 .debug_line    0x0000000000001736      0x193 ../lib/pegasus_crt.a(process.o)
 .debug_line    0x00000000000018c9      0x1fb ../lib/pegasus_crt.a(protect.o)
 .debug_line    0x0000000000001ac4      0x54e ../lib/pegasus_crt.a(console.o)
 .debug_line    0x0000000000002012      0x296 ../lib/pegasus_crt.a(keyboard.o)
 .debug_line    0x00000000000022a8       0xbd ../lib/pegasus_crt.a(open.o)
 .debug_line    0x0000000000002365      0x155 ../lib/pegasus_crt.a(read.o)
 .debug_line    0x00000000000024ba       0xbc ../lib/pegasus_crt.a(write.o)
 .debug_line    0x0000000000002576       0xad ../lib/pegasus_crt.a(close.o)
 .debug_line    0x0000000000002623       0xb7 ../lib/pegasus_crt.a(wait.o)
 .debug_line    0x00000000000026da       0xae ../lib/pegasus_crt.a(fork.o)
 .debug_line    0x0000000000002788      0x182 ../lib/pegasus_crt.a(exec.o)
 .debug_line    0x000000000000290a       0xec ../lib/pegasus_crt.a(main.o)
 .debug_line    0x00000000000029f6      0x1fa ../lib/pegasus_crt.a(exec.o)
 .debug_line    0x0000000000002bf0      0x18a ../lib/pegasus_crt.a(forkexit.o)
 .debug_line    0x0000000000002d7a      0x779 ../lib/pegasus_crt.a(mem.o)
 .debug_line    0x00000000000034f3      0x30e ../lib/pegasus_crt.a(my_process.o)
 .debug_line    0x0000000000003801      0x145 ../lib/pegasus_crt.a(thread.o)
 .debug_line    0x0000000000003946      0xc11 ../lib/pegasus_crt.a(fs_main.o)

.debug_frame
 *(.debug_frame)

.debug_str      0x0000000000000000     0x1cda
 *(.debug_str)
 .debug_str     0x0000000000000000      0x47c ../lib/pegasus_crt.a(exit.o)
                                        0x53b (size before relaxing)
 .debug_str     0x000000000000047c      0x4f7 ../lib/pegasus_crt.a(kernel_main_old.o)
                                        0xaaf (size before relaxing)
 .debug_str     0x0000000000000973       0x97 ../lib/pegasus_crt.a(double_link_list.o)
                                        0x667 (size before relaxing)
 .debug_str     0x0000000000000a0a      0x2a1 ../lib/pegasus_crt.a(hd.o)
                                        0x8a3 (size before relaxing)
 .debug_str     0x0000000000000cab        0x9 ../lib/pegasus_crt.a(global.o)
                                        0x5a6 (size before relaxing)
 .debug_str     0x0000000000000cb4       0x37 ../lib/pegasus_crt.a(process.o)
                                        0x5e6 (size before relaxing)
 .debug_str     0x0000000000000ceb      0x125 ../lib/pegasus_crt.a(protect.o)
                                        0x701 (size before relaxing)
 .debug_str     0x0000000000000e10      0x10d ../lib/pegasus_crt.a(console.o)
                                        0x6f5 (size before relaxing)
 .debug_str     0x0000000000000f1d       0x84 ../lib/pegasus_crt.a(keyboard.o)
                                        0x632 (size before relaxing)
 .debug_str     0x0000000000000fa1       0x2d ../lib/pegasus_crt.a(open.o)
                                        0x56e (size before relaxing)
 .debug_str     0x0000000000000fce       0x51 ../lib/pegasus_crt.a(read.o)
                                        0x5a7 (size before relaxing)
 .debug_str     0x000000000000101f        0xc ../lib/pegasus_crt.a(write.o)
                                        0x56b (size before relaxing)
 .debug_str     0x000000000000102b        0xc ../lib/pegasus_crt.a(close.o)
                                        0x536 (size before relaxing)
 .debug_str     0x0000000000001037        0xb ../lib/pegasus_crt.a(wait.o)
                                        0x53b (size before relaxing)
 .debug_str     0x0000000000001042        0xb ../lib/pegasus_crt.a(fork.o)
                                        0x534 (size before relaxing)
 .debug_str     0x000000000000104d       0x1e ../lib/pegasus_crt.a(exec.o)
                                        0x5a3 (size before relaxing)
 .debug_str     0x000000000000106b       0x32 ../lib/pegasus_crt.a(main.o)
                                        0x52e (size before relaxing)
 .debug_str     0x000000000000109d      0x221 ../lib/pegasus_crt.a(exec.o)
                                        0x799 (size before relaxing)
 .debug_str     0x00000000000012be       0x74 ../lib/pegasus_crt.a(forkexit.o)
                                        0x598 (size before relaxing)
 .debug_str     0x0000000000001332      0x32e ../lib/pegasus_crt.a(mem.o)
                                        0x9e7 (size before relaxing)
 .debug_str     0x0000000000001660      0x1d4 ../lib/pegasus_crt.a(my_process.o)
                                        0x858 (size before relaxing)
 .debug_str     0x0000000000001834       0x6c ../lib/pegasus_crt.a(thread.o)
                                        0x6ad (size before relaxing)
 .debug_str     0x00000000000018a0      0x43a ../lib/pegasus_crt.a(fs_main.o)
                                        0xa90 (size before relaxing)

.debug_loc
 *(.debug_loc)

.debug_macinfo
 *(.debug_macinfo)

.debug_weaknames
 *(.debug_weaknames)

.debug_funcnames
 *(.debug_funcnames)

.debug_typenames
 *(.debug_typenames)

.debug_varnames
 *(.debug_varnames)

.debug_pubtypes
 *(.debug_pubtypes)

.debug_ranges   0x0000000000000000       0x78
 *(.debug_ranges)
 .debug_ranges  0x0000000000000000       0x18 ../lib/pegasus_crt.a(kernel_main_old.o)
 .debug_ranges  0x0000000000000018       0x48 ../lib/pegasus_crt.a(hd.o)
 .debug_ranges  0x0000000000000060       0x18 ../lib/pegasus_crt.a(exec.o)

.debug_macro
 *(.debug_macro)

.debug_addr
 *(.debug_addr)

.gnu.attributes
 *(.gnu.attributes)

/DISCARD/
 *(.note.GNU-stack)
 *(.gnu_debuglink)
 *(.gnu.lto_*)
 *(.gnu_object_only)
OUTPUT(test elf32-i386)
