Archive member included to satisfy reference by file (symbol)

pegasus_crt.a(kernel_main_old.o)
                              test.o (Printf)
pegasus_crt.a(protect.o)      pegasus_crt.a(kernel_main_old.o) (InitInterruptDesc)
pegasus_crt.a(console.o)      pegasus_crt.a(kernel_main_old.o) (out_char)
pegasus_crt.a(process.o)      pegasus_crt.a(kernel_main_old.o) (schedule_process)
pegasus_crt.a(global.o)       pegasus_crt.a(protect.o) (proc_table)
pegasus_crt.a(keyboard.o)     pegasus_crt.a(console.o) (keyboard_read)
pegasus_crt.a(task_network.o)
                              pegasus_crt.a(global.o) (task_network)
pegasus_crt.a(hd.o)           pegasus_crt.a(global.o) (TaskHD)
pegasus_crt.a(fs_main.o)      pegasus_crt.a(global.o) (task_fs)
pegasus_crt.a(main.o)         pegasus_crt.a(global.o) (TaskMM)
pegasus_crt.a(mem.o)          pegasus_crt.a(kernel_main_old.o) (ptr_pde)
pegasus_crt.a(exec.o)         pegasus_crt.a(kernel_main_old.o) (execl)
pegasus_crt.a(exit.o)         start.o (exit)
pegasus_crt.a(wait.o)         pegasus_crt.a(kernel_main_old.o) (wait)
pegasus_crt.a(fork.o)         pegasus_crt.a(kernel_main_old.o) (fork)
pegasus_crt.a(strcmp.o)       pegasus_crt.a(fs_main.o) (strcmp)
pegasus_crt.a(read.o)         pegasus_crt.a(kernel_main_old.o) (read)
pegasus_crt.a(open.o)         pegasus_crt.a(kernel_main_old.o) (open)
pegasus_crt.a(write.o)        pegasus_crt.a(kernel_main_old.o) (write)
pegasus_crt.a(close.o)        pegasus_crt.a(kernel_main_old.o) (close)
pegasus_crt.a(kernel.o)       pegasus_crt.a(kernel_main_old.o) (disp_str)
pegasus_crt.a(switch_to.o)    pegasus_crt.a(process.o) (switch_to)
pegasus_crt.a(string.o)       pegasus_crt.a(kernel_main_old.o) (Memcpy2)
pegasus_crt.a(syscall.o)      pegasus_crt.a(kernel_main_old.o) (write_debug)
pegasus_crt.a(hd_rdwt.o)      pegasus_crt.a(hd.o) (read_port)
pegasus_crt.a(double_link_list.o)
                              pegasus_crt.a(mem.o) (initDoubleLinkList)
pegasus_crt.a(netdev.o)       pegasus_crt.a(task_network.o) (netdev_rx_loop)
pegasus_crt.a(arp.o)          pegasus_crt.a(netdev.o) (arp_rcv)
pegasus_crt.a(skbuff.o)       pegasus_crt.a(netdev.o) (alloc_skb)
pegasus_crt.a(utils.o)        pegasus_crt.a(arp.o) (print_err)
pegasus_crt.a(forkexit.o)     pegasus_crt.a(main.o) (do_fork)
pegasus_crt.a(exec.o)         pegasus_crt.a(main.o) (do_exec)
pegasus_crt.a(perror.o)       pegasus_crt.a(netdev.o) (perror)
pegasus_crt.a(sscanf.o)       pegasus_crt.a(netdev.o) (sscanf)
pegasus_crt.a(ntohs.o)        pegasus_crt.a(netdev.o) (ntohs)
pegasus_crt.a(htonl.o)        pegasus_crt.a(arp.o) (htonl)
pegasus_crt.a(htons.o)        pegasus_crt.a(netdev.o) (htons)
pegasus_crt.a(inet_pton.o)    pegasus_crt.a(netdev.o) (inet_pton)
pegasus_crt.a(ntohl.o)        pegasus_crt.a(netdev.o) (ntohl)
pegasus_crt.a(ne2000.o)       pegasus_crt.a(netdev.o) (DriverSend)
pegasus_crt.a(my_process.o)   pegasus_crt.a(forkexit.o) (fork_process)
pegasus_crt.a(ip_input.o)     pegasus_crt.a(netdev.o) (ip_rcv)
pegasus_crt.a(tcp.o)          pegasus_crt.a(ip_input.o) (tcp_in)
pegasus_crt.a(tcp_sock.o)     pegasus_crt.a(tcp.o) (tcp_established_or_syn_recvd_socks_remove)
pegasus_crt.a(icmpv4.o)       pegasus_crt.a(ip_input.o) (icmpv4_incoming)
pegasus_crt.a(ip_output.o)    pegasus_crt.a(icmpv4.o) (ip_output)
pegasus_crt.a(dst.o)          pegasus_crt.a(ip_output.o) (dst_neigh_output)
pegasus_crt.a(tcp_input.o)    pegasus_crt.a(tcp.o) (tcp_process)
pegasus_crt.a(route.o)        pegasus_crt.a(ip_output.o) (route_lookup)
pegasus_crt.a(udp.o)          pegasus_crt.a(ip_input.o) (udp_in)
pegasus_crt.a(tcp_data.o)     pegasus_crt.a(tcp_input.o) (tcp_data_dequeue)
pegasus_crt.a(atoi.o)         pegasus_crt.a(sscanf.o) (atoi)
pegasus_crt.a(strtok.o)       pegasus_crt.a(inet_pton.o) (strtok)
pegasus_crt.a(strpbrk.o)      pegasus_crt.a(strtok.o) (strpbrk)
pegasus_crt.a(thread.o)       pegasus_crt.a(my_process.o) (thread_init)
pegasus_crt.a(udp_sock.o)     pegasus_crt.a(udp.o) (udp_lookup_sock)
pegasus_crt.a(sock.o)         pegasus_crt.a(tcp_sock.o) (sk_free)
pegasus_crt.a(tcp_output.o)   pegasus_crt.a(tcp_input.o) (tcp_send_synack)

Merging program properties

Removed property 0xc0010001 to merge test.o (0x1) and start.o (not found)
Removed property 0xc0010002 to merge test.o (0x0) and start.o (not found)
Removed property 0xc0010001 to merge test.o (not found) and pegasus_crt.a(kernel_main_old.o) (0x1)
Removed property 0xc0010002 to merge test.o (not found) and pegasus_crt.a(kernel_main_old.o) (0x1)
Removed property 0xc0010001 to merge test.o (not found) and pegasus_crt.a(protect.o) (0x1)
Removed property 0xc0010002 to merge test.o (not found) and pegasus_crt.a(protect.o) (0x0)
Removed property 0xc0010001 to merge test.o (not found) and pegasus_crt.a(console.o) (0x1)
Removed property 0xc0010002 to merge test.o (not found) and pegasus_crt.a(console.o) (0x1)
Removed property 0xc0010001 to merge test.o (not found) and pegasus_crt.a(process.o) (0x1)
Removed property 0xc0010002 to merge test.o (not found) and pegasus_crt.a(process.o) (0x0)
Removed property 0xc0010001 to merge test.o (not found) and pegasus_crt.a(global.o) (0x1)
Removed property 0xc0010002 to merge test.o (not found) and pegasus_crt.a(global.o) (0x0)
Removed property 0xc0010001 to merge test.o (not found) and pegasus_crt.a(keyboard.o) (0x1)
Removed property 0xc0010002 to merge test.o (not found) and pegasus_crt.a(keyboard.o) (0x0)
Removed property 0xc0010001 to merge test.o (not found) and pegasus_crt.a(task_network.o) (0x1)
Removed property 0xc0010002 to merge test.o (not found) and pegasus_crt.a(task_network.o) (0x0)
Removed property 0xc0010001 to merge test.o (not found) and pegasus_crt.a(hd.o) (0x1)
Removed property 0xc0010002 to merge test.o (not found) and pegasus_crt.a(hd.o) (0x1)
Removed property 0xc0010001 to merge test.o (not found) and pegasus_crt.a(fs_main.o) (0x1)
Removed property 0xc0010002 to merge test.o (not found) and pegasus_crt.a(fs_main.o) (0x1)
Removed property 0xc0010001 to merge test.o (not found) and pegasus_crt.a(main.o) (0x1)
Removed property 0xc0010002 to merge test.o (not found) and pegasus_crt.a(main.o) (0x0)
Removed property 0xc0010001 to merge test.o (not found) and pegasus_crt.a(mem.o) (0x1)
Removed property 0xc0010002 to merge test.o (not found) and pegasus_crt.a(mem.o) (0x1)
Removed property 0xc0010001 to merge test.o (not found) and pegasus_crt.a(exec.o) (0x1)
Removed property 0xc0010002 to merge test.o (not found) and pegasus_crt.a(exec.o) (0x0)
Removed property 0xc0010001 to merge test.o (not found) and pegasus_crt.a(exit.o) (0x1)
Removed property 0xc0010002 to merge test.o (not found) and pegasus_crt.a(exit.o) (0x0)
Removed property 0xc0010001 to merge test.o (not found) and pegasus_crt.a(wait.o) (0x1)
Removed property 0xc0010002 to merge test.o (not found) and pegasus_crt.a(wait.o) (0x0)
Removed property 0xc0010001 to merge test.o (not found) and pegasus_crt.a(fork.o) (0x1)
Removed property 0xc0010002 to merge test.o (not found) and pegasus_crt.a(fork.o) (0x0)
Removed property 0xc0010001 to merge test.o (not found) and pegasus_crt.a(strcmp.o) (0x1)
Removed property 0xc0010002 to merge test.o (not found) and pegasus_crt.a(strcmp.o) (0x1)
Removed property 0xc0010001 to merge test.o (not found) and pegasus_crt.a(read.o) (0x1)
Removed property 0xc0010002 to merge test.o (not found) and pegasus_crt.a(read.o) (0x0)
Removed property 0xc0010001 to merge test.o (not found) and pegasus_crt.a(open.o) (0x1)
Removed property 0xc0010002 to merge test.o (not found) and pegasus_crt.a(open.o) (0x0)
Removed property 0xc0010001 to merge test.o (not found) and pegasus_crt.a(write.o) (0x1)
Removed property 0xc0010002 to merge test.o (not found) and pegasus_crt.a(write.o) (0x0)
Removed property 0xc0010001 to merge test.o (not found) and pegasus_crt.a(close.o) (0x1)
Removed property 0xc0010002 to merge test.o (not found) and pegasus_crt.a(close.o) (0x0)
Removed property 0xc0010001 to merge test.o (not found) and pegasus_crt.a(double_link_list.o) (0x1)
Removed property 0xc0010002 to merge test.o (not found) and pegasus_crt.a(double_link_list.o) (0x0)
Removed property 0xc0010001 to merge test.o (not found) and pegasus_crt.a(netdev.o) (0x1)
Removed property 0xc0010002 to merge test.o (not found) and pegasus_crt.a(netdev.o) (0x0)
Removed property 0xc0010001 to merge test.o (not found) and pegasus_crt.a(arp.o) (0x1)
Removed property 0xc0010002 to merge test.o (not found) and pegasus_crt.a(arp.o) (0x0)
Removed property 0xc0010001 to merge test.o (not found) and pegasus_crt.a(skbuff.o) (0x1)
Removed property 0xc0010002 to merge test.o (not found) and pegasus_crt.a(skbuff.o) (0x0)
Removed property 0xc0010001 to merge test.o (not found) and pegasus_crt.a(utils.o) (0x1)
Removed property 0xc0010002 to merge test.o (not found) and pegasus_crt.a(utils.o) (0x0)
Removed property 0xc0010001 to merge test.o (not found) and pegasus_crt.a(forkexit.o) (0x1)
Removed property 0xc0010002 to merge test.o (not found) and pegasus_crt.a(forkexit.o) (0x0)
Removed property 0xc0010001 to merge test.o (not found) and pegasus_crt.a(exec.o) (0x1)
Removed property 0xc0010002 to merge test.o (not found) and pegasus_crt.a(exec.o) (0x0)
Removed property 0xc0010001 to merge test.o (not found) and pegasus_crt.a(perror.o) (0x1)
Removed property 0xc0010002 to merge test.o (not found) and pegasus_crt.a(perror.o) (0x0)
Removed property 0xc0010001 to merge test.o (not found) and pegasus_crt.a(sscanf.o) (0x1)
Removed property 0xc0010002 to merge test.o (not found) and pegasus_crt.a(sscanf.o) (0x0)
Removed property 0xc0010001 to merge test.o (not found) and pegasus_crt.a(ntohs.o) (0x1)
Removed property 0xc0010002 to merge test.o (not found) and pegasus_crt.a(ntohs.o) (0x0)
Removed property 0xc0010001 to merge test.o (not found) and pegasus_crt.a(htonl.o) (0x1)
Removed property 0xc0010002 to merge test.o (not found) and pegasus_crt.a(htonl.o) (0x0)
Removed property 0xc0010001 to merge test.o (not found) and pegasus_crt.a(htons.o) (0x1)
Removed property 0xc0010002 to merge test.o (not found) and pegasus_crt.a(htons.o) (0x0)
Removed property 0xc0010001 to merge test.o (not found) and pegasus_crt.a(inet_pton.o) (0x1)
Removed property 0xc0010002 to merge test.o (not found) and pegasus_crt.a(inet_pton.o) (0x0)
Removed property 0xc0010001 to merge test.o (not found) and pegasus_crt.a(ntohl.o) (0x1)
Removed property 0xc0010002 to merge test.o (not found) and pegasus_crt.a(ntohl.o) (0x0)
Removed property 0xc0010001 to merge test.o (not found) and pegasus_crt.a(my_process.o) (0x1)
Removed property 0xc0010002 to merge test.o (not found) and pegasus_crt.a(my_process.o) (0x1)
Removed property 0xc0010001 to merge test.o (not found) and pegasus_crt.a(ip_input.o) (0x1)
Removed property 0xc0010002 to merge test.o (not found) and pegasus_crt.a(ip_input.o) (0x0)
Removed property 0xc0010001 to merge test.o (not found) and pegasus_crt.a(tcp.o) (0x1)
Removed property 0xc0010002 to merge test.o (not found) and pegasus_crt.a(tcp.o) (0x0)
Removed property 0xc0010001 to merge test.o (not found) and pegasus_crt.a(tcp_sock.o) (0x1)
Removed property 0xc0010002 to merge test.o (not found) and pegasus_crt.a(tcp_sock.o) (0x0)
Removed property 0xc0010001 to merge test.o (not found) and pegasus_crt.a(icmpv4.o) (0x1)
Removed property 0xc0010002 to merge test.o (not found) and pegasus_crt.a(icmpv4.o) (0x0)
Removed property 0xc0010001 to merge test.o (not found) and pegasus_crt.a(ip_output.o) (0x1)
Removed property 0xc0010002 to merge test.o (not found) and pegasus_crt.a(ip_output.o) (0x0)
Removed property 0xc0010001 to merge test.o (not found) and pegasus_crt.a(dst.o) (0x1)
Removed property 0xc0010002 to merge test.o (not found) and pegasus_crt.a(dst.o) (0x0)
Removed property 0xc0010001 to merge test.o (not found) and pegasus_crt.a(tcp_input.o) (0x1)
Removed property 0xc0010002 to merge test.o (not found) and pegasus_crt.a(tcp_input.o) (0x0)
Removed property 0xc0010001 to merge test.o (not found) and pegasus_crt.a(route.o) (0x1)
Removed property 0xc0010002 to merge test.o (not found) and pegasus_crt.a(route.o) (0x0)
Removed property 0xc0010001 to merge test.o (not found) and pegasus_crt.a(udp.o) (0x1)
Removed property 0xc0010002 to merge test.o (not found) and pegasus_crt.a(udp.o) (0x1)
Removed property 0xc0010001 to merge test.o (not found) and pegasus_crt.a(tcp_data.o) (0x1)
Removed property 0xc0010002 to merge test.o (not found) and pegasus_crt.a(tcp_data.o) (0x0)
Removed property 0xc0010001 to merge test.o (not found) and pegasus_crt.a(atoi.o) (0x1)
Removed property 0xc0010002 to merge test.o (not found) and pegasus_crt.a(atoi.o) (0x0)
Removed property 0xc0010001 to merge test.o (not found) and pegasus_crt.a(strtok.o) (0x1)
Removed property 0xc0010002 to merge test.o (not found) and pegasus_crt.a(strtok.o) (0x0)
Removed property 0xc0010001 to merge test.o (not found) and pegasus_crt.a(strpbrk.o) (0x1)
Removed property 0xc0010002 to merge test.o (not found) and pegasus_crt.a(strpbrk.o) (0x0)
Removed property 0xc0010001 to merge test.o (not found) and pegasus_crt.a(thread.o) (0x1)
Removed property 0xc0010002 to merge test.o (not found) and pegasus_crt.a(thread.o) (0x0)
Removed property 0xc0010001 to merge test.o (not found) and pegasus_crt.a(udp_sock.o) (0x1)
Removed property 0xc0010002 to merge test.o (not found) and pegasus_crt.a(udp_sock.o) (0x0)
Removed property 0xc0010001 to merge test.o (not found) and pegasus_crt.a(sock.o) (0x1)
Removed property 0xc0010002 to merge test.o (not found) and pegasus_crt.a(sock.o) (0x0)
Removed property 0xc0010001 to merge test.o (not found) and pegasus_crt.a(tcp_output.o) (0x1)
Removed property 0xc0010002 to merge test.o (not found) and pegasus_crt.a(tcp_output.o) (0x1)

Allocating common symbols
Common symbol       size              file

current_tty         0x4               pegasus_crt.a(kernel_main_old.o)
file_desc_table     0x400             pegasus_crt.a(fs_main.o)
is_e0               0x1               pegasus_crt.a(kernel_main_old.o)
phy_super_block_buf
                    0x4               pegasus_crt.a(fs_main.o)
phy_fsbuf           0x4               pegasus_crt.a(fs_main.o)
idt_ptr             0x6               pegasus_crt.a(kernel_main_old.o)
pid                 0x4               pegasus_crt.a(kernel_main_old.o)
KernelVirtualMemory
                    0xc               pegasus_crt.a(kernel_main_old.o)
inode_table         0xa00             pegasus_crt.a(fs_main.o)
loop                0x4               pegasus_crt.a(netdev.o)
current_dis_pos     0x4               pegasus_crt.a(kernel_main_old.o)
dis_pos             0x4               pegasus_crt.a(kernel_main_old.o)
netdev              0x4               pegasus_crt.a(netdev.o)
k_reenter           0x4               pegasus_crt.a(kernel_main_old.o)
super_block_buf     0x4               pegasus_crt.a(fs_main.o)
gdt                 0x400             pegasus_crt.a(kernel_main_old.o)
proc_ready_table    0x4               pegasus_crt.a(kernel_main_old.o)
test_ticks          0x4               pegasus_crt.a(kernel_main_old.o)
hd_info             0x224             pegasus_crt.a(hd.o)
proc_stack          0x90000           pegasus_crt.a(global.o)
pcaller             0x4               pegasus_crt.a(kernel_main_old.o)
keyboard_buffer     0x20c             pegasus_crt.a(kernel_main_old.o)
pcb_list            0x10              pegasus_crt.a(kernel_main_old.o)
gdt_index           0x4               pegasus_crt.a(kernel_main_old.o)
tty_table           0x828             pegasus_crt.a(kernel_main_old.o)
tss                 0x6c              pegasus_crt.a(kernel_main_old.o)
KernelPool          0x10              pegasus_crt.a(kernel_main_old.o)
net_buf             0x4               pegasus_crt.a(kernel_main_old.o)
fsbuf               0x4               pegasus_crt.a(fs_main.o)
nic_current_page    0x1               pegasus_crt.a(kernel_main_old.o)
root                0x28              pegasus_crt.a(fs_main.o)
kernel_mem_block_decs_array
                    0xf0              pegasus_crt.a(mem.o)
counter             0x4               pegasus_crt.a(kernel_main_old.o)
key_pressed         0x4               pegasus_crt.a(kernel_main_old.o)
fork_pid            0x4               pegasus_crt.a(kernel_main_old.o)
is_shift            0x1               pegasus_crt.a(kernel_main_old.o)
net_data            0x1               pegasus_crt.a(kernel_main_old.o)
gdt_ptr             0x6               pegasus_crt.a(kernel_main_old.o)
idt                 0x800             pegasus_crt.a(kernel_main_old.o)
main_thread         0x4               pegasus_crt.a(kernel_main_old.o)
ticks               0x8               pegasus_crt.a(kernel_main_old.o)
is_init             0x1               pegasus_crt.a(kernel_main_old.o)
UserPool            0x10              pegasus_crt.a(kernel_main_old.o)
all_pcb_list        0x10              pegasus_crt.a(kernel_main_old.o)
console_table       0x10              pegasus_crt.a(kernel_main_old.o)
is_disp             0x1               pegasus_crt.a(kernel_main_old.o)
MAIN_THREAD_PAGE_DIRECTORY
                    0x4               pegasus_crt.a(kernel_main_old.o)
helloStr            0xc               pegasus_crt.a(kernel_main_old.o)
proc_table          0x1e14            pegasus_crt.a(global.o)
hd_cache            0x200             pegasus_crt.a(hd.o)

Discarded input sections

 .note.GNU-stack
                0x00000000        0x0 test.o
 .note.gnu.property
                0x00000000       0x28 test.o
 .note.GNU-stack
                0x00000000        0x0 pegasus_crt.a(kernel_main_old.o)
 .note.gnu.property
                0x00000000       0x28 pegasus_crt.a(kernel_main_old.o)
 .note.GNU-stack
                0x00000000        0x0 pegasus_crt.a(protect.o)
 .note.gnu.property
                0x00000000       0x28 pegasus_crt.a(protect.o)
 .note.GNU-stack
                0x00000000        0x0 pegasus_crt.a(console.o)
 .note.gnu.property
                0x00000000       0x28 pegasus_crt.a(console.o)
 .note.GNU-stack
                0x00000000        0x0 pegasus_crt.a(process.o)
 .note.gnu.property
                0x00000000       0x28 pegasus_crt.a(process.o)
 .note.GNU-stack
                0x00000000        0x0 pegasus_crt.a(global.o)
 .note.gnu.property
                0x00000000       0x28 pegasus_crt.a(global.o)
 .note.GNU-stack
                0x00000000        0x0 pegasus_crt.a(keyboard.o)
 .note.gnu.property
                0x00000000       0x28 pegasus_crt.a(keyboard.o)
 .note.GNU-stack
                0x00000000        0x0 pegasus_crt.a(task_network.o)
 .note.gnu.property
                0x00000000       0x28 pegasus_crt.a(task_network.o)
 .note.GNU-stack
                0x00000000        0x0 pegasus_crt.a(hd.o)
 .note.gnu.property
                0x00000000       0x28 pegasus_crt.a(hd.o)
 .note.GNU-stack
                0x00000000        0x0 pegasus_crt.a(fs_main.o)
 .note.gnu.property
                0x00000000       0x28 pegasus_crt.a(fs_main.o)
 .note.GNU-stack
                0x00000000        0x0 pegasus_crt.a(main.o)
 .note.gnu.property
                0x00000000       0x28 pegasus_crt.a(main.o)
 .note.GNU-stack
                0x00000000        0x0 pegasus_crt.a(mem.o)
 .note.gnu.property
                0x00000000       0x28 pegasus_crt.a(mem.o)
 .note.GNU-stack
                0x00000000        0x0 pegasus_crt.a(exec.o)
 .note.gnu.property
                0x00000000       0x28 pegasus_crt.a(exec.o)
 .note.GNU-stack
                0x00000000        0x0 pegasus_crt.a(exit.o)
 .note.gnu.property
                0x00000000       0x28 pegasus_crt.a(exit.o)
 .note.GNU-stack
                0x00000000        0x0 pegasus_crt.a(wait.o)
 .note.gnu.property
                0x00000000       0x28 pegasus_crt.a(wait.o)
 .note.GNU-stack
                0x00000000        0x0 pegasus_crt.a(fork.o)
 .note.gnu.property
                0x00000000       0x28 pegasus_crt.a(fork.o)
 .note.GNU-stack
                0x00000000        0x0 pegasus_crt.a(strcmp.o)
 .note.gnu.property
                0x00000000       0x28 pegasus_crt.a(strcmp.o)
 .note.GNU-stack
                0x00000000        0x0 pegasus_crt.a(read.o)
 .note.gnu.property
                0x00000000       0x28 pegasus_crt.a(read.o)
 .note.GNU-stack
                0x00000000        0x0 pegasus_crt.a(open.o)
 .note.gnu.property
                0x00000000       0x28 pegasus_crt.a(open.o)
 .note.GNU-stack
                0x00000000        0x0 pegasus_crt.a(write.o)
 .note.gnu.property
                0x00000000       0x28 pegasus_crt.a(write.o)
 .note.GNU-stack
                0x00000000        0x0 pegasus_crt.a(close.o)
 .note.gnu.property
                0x00000000       0x28 pegasus_crt.a(close.o)
 .note.GNU-stack
                0x00000000        0x0 pegasus_crt.a(double_link_list.o)
 .note.gnu.property
                0x00000000       0x28 pegasus_crt.a(double_link_list.o)
 .note.GNU-stack
                0x00000000        0x0 pegasus_crt.a(netdev.o)
 .note.gnu.property
                0x00000000       0x28 pegasus_crt.a(netdev.o)
 .note.GNU-stack
                0x00000000        0x0 pegasus_crt.a(arp.o)
 .note.gnu.property
                0x00000000       0x28 pegasus_crt.a(arp.o)
 .note.GNU-stack
                0x00000000        0x0 pegasus_crt.a(skbuff.o)
 .note.gnu.property
                0x00000000       0x28 pegasus_crt.a(skbuff.o)
 .note.GNU-stack
                0x00000000        0x0 pegasus_crt.a(utils.o)
 .note.gnu.property
                0x00000000       0x28 pegasus_crt.a(utils.o)
 .note.GNU-stack
                0x00000000        0x0 pegasus_crt.a(forkexit.o)
 .note.gnu.property
                0x00000000       0x28 pegasus_crt.a(forkexit.o)
 .note.GNU-stack
                0x00000000        0x0 pegasus_crt.a(exec.o)
 .note.gnu.property
                0x00000000       0x28 pegasus_crt.a(exec.o)
 .note.GNU-stack
                0x00000000        0x0 pegasus_crt.a(perror.o)
 .note.gnu.property
                0x00000000       0x28 pegasus_crt.a(perror.o)
 .note.GNU-stack
                0x00000000        0x0 pegasus_crt.a(sscanf.o)
 .note.gnu.property
                0x00000000       0x28 pegasus_crt.a(sscanf.o)
 .note.GNU-stack
                0x00000000        0x0 pegasus_crt.a(ntohs.o)
 .note.gnu.property
                0x00000000       0x28 pegasus_crt.a(ntohs.o)
 .note.GNU-stack
                0x00000000        0x0 pegasus_crt.a(htonl.o)
 .note.gnu.property
                0x00000000       0x28 pegasus_crt.a(htonl.o)
 .note.GNU-stack
                0x00000000        0x0 pegasus_crt.a(htons.o)
 .note.gnu.property
                0x00000000       0x28 pegasus_crt.a(htons.o)
 .note.GNU-stack
                0x00000000        0x0 pegasus_crt.a(inet_pton.o)
 .note.gnu.property
                0x00000000       0x28 pegasus_crt.a(inet_pton.o)
 .note.GNU-stack
                0x00000000        0x0 pegasus_crt.a(ntohl.o)
 .note.gnu.property
                0x00000000       0x28 pegasus_crt.a(ntohl.o)
 .note.GNU-stack
                0x00000000        0x0 pegasus_crt.a(my_process.o)
 .note.gnu.property
                0x00000000       0x28 pegasus_crt.a(my_process.o)
 .note.GNU-stack
                0x00000000        0x0 pegasus_crt.a(ip_input.o)
 .note.gnu.property
                0x00000000       0x28 pegasus_crt.a(ip_input.o)
 .note.GNU-stack
                0x00000000        0x0 pegasus_crt.a(tcp.o)
 .note.gnu.property
                0x00000000       0x28 pegasus_crt.a(tcp.o)
 .note.GNU-stack
                0x00000000        0x0 pegasus_crt.a(tcp_sock.o)
 .note.gnu.property
                0x00000000       0x28 pegasus_crt.a(tcp_sock.o)
 .note.GNU-stack
                0x00000000        0x0 pegasus_crt.a(icmpv4.o)
 .note.gnu.property
                0x00000000       0x28 pegasus_crt.a(icmpv4.o)
 .note.GNU-stack
                0x00000000        0x0 pegasus_crt.a(ip_output.o)
 .note.gnu.property
                0x00000000       0x28 pegasus_crt.a(ip_output.o)
 .note.GNU-stack
                0x00000000        0x0 pegasus_crt.a(dst.o)
 .note.gnu.property
                0x00000000       0x28 pegasus_crt.a(dst.o)
 .note.GNU-stack
                0x00000000        0x0 pegasus_crt.a(tcp_input.o)
 .note.gnu.property
                0x00000000       0x28 pegasus_crt.a(tcp_input.o)
 .note.GNU-stack
                0x00000000        0x0 pegasus_crt.a(route.o)
 .note.gnu.property
                0x00000000       0x28 pegasus_crt.a(route.o)
 .note.GNU-stack
                0x00000000        0x0 pegasus_crt.a(udp.o)
 .note.gnu.property
                0x00000000       0x28 pegasus_crt.a(udp.o)
 .note.GNU-stack
                0x00000000        0x0 pegasus_crt.a(tcp_data.o)
 .note.gnu.property
                0x00000000       0x28 pegasus_crt.a(tcp_data.o)
 .note.GNU-stack
                0x00000000        0x0 pegasus_crt.a(atoi.o)
 .note.gnu.property
                0x00000000       0x28 pegasus_crt.a(atoi.o)
 .note.GNU-stack
                0x00000000        0x0 pegasus_crt.a(strtok.o)
 .note.gnu.property
                0x00000000       0x28 pegasus_crt.a(strtok.o)
 .note.GNU-stack
                0x00000000        0x0 pegasus_crt.a(strpbrk.o)
 .note.gnu.property
                0x00000000       0x28 pegasus_crt.a(strpbrk.o)
 .note.GNU-stack
                0x00000000        0x0 pegasus_crt.a(thread.o)
 .note.gnu.property
                0x00000000       0x28 pegasus_crt.a(thread.o)
 .note.GNU-stack
                0x00000000        0x0 pegasus_crt.a(udp_sock.o)
 .note.gnu.property
                0x00000000       0x28 pegasus_crt.a(udp_sock.o)
 .note.GNU-stack
                0x00000000        0x0 pegasus_crt.a(sock.o)
 .note.gnu.property
                0x00000000       0x28 pegasus_crt.a(sock.o)
 .note.GNU-stack
                0x00000000        0x0 pegasus_crt.a(tcp_output.o)
 .note.gnu.property
                0x00000000       0x28 pegasus_crt.a(tcp_output.o)

Memory Configuration

Name             Origin             Length             Attributes
*default*        0x00000000         0xffffffff

Linker script and memory map

Address of section .text set to 0xb0800000
LOAD test.o
LOAD start.o
LOAD pegasus_crt.a
                [!provide]                        PROVIDE (__executable_start = SEGMENT_START ("text-segment", 0x8048000))
                0x080480d4                        . = (SEGMENT_START ("text-segment", 0x8048000) + SIZEOF_HEADERS)

.interp
 *(.interp)

.note.gnu.build-id
 *(.note.gnu.build-id)

.hash
 *(.hash)

.gnu.hash
 *(.gnu.hash)

.dynsym
 *(.dynsym)

.dynstr
 *(.dynstr)

.gnu.version
 *(.gnu.version)

.gnu.version_d
 *(.gnu.version_d)

.gnu.version_r
 *(.gnu.version_r)

.rel.dyn        0x080480d4        0x0
 *(.rel.init)
 *(.rel.text .rel.text.* .rel.gnu.linkonce.t.*)
 .rel.text      0x080480d4        0x0 test.o
 *(.rel.fini)
 *(.rel.rodata .rel.rodata.* .rel.gnu.linkonce.r.*)
 *(.rel.data.rel.ro .rel.data.rel.ro.* .rel.gnu.linkonce.d.rel.ro.*)
 *(.rel.data .rel.data.* .rel.gnu.linkonce.d.*)
 *(.rel.tdata .rel.tdata.* .rel.gnu.linkonce.td.*)
 *(.rel.tbss .rel.tbss.* .rel.gnu.linkonce.tb.*)
 *(.rel.ctors)
 *(.rel.dtors)
 *(.rel.got)
 .rel.got       0x080480d4        0x0 test.o
 *(.rel.bss .rel.bss.* .rel.gnu.linkonce.b.*)
 *(.rel.ifunc)

.rel.plt        0x080480d4        0x0
 *(.rel.plt)
                [!provide]                        PROVIDE (__rel_iplt_start = .)
 *(.rel.iplt)
 .rel.iplt      0x080480d4        0x0 test.o
                [!provide]                        PROVIDE (__rel_iplt_end = .)

.relr.dyn
 *(.relr.dyn)
                0x08049000                        . = ALIGN (CONSTANT (MAXPAGESIZE))

.init
 *(SORT_NONE(.init))

.plt            0x08049000        0x0
 *(.plt)
 *(.iplt)
 .iplt          0x08049000        0x0 test.o

.plt.got
 *(.plt.got)

.plt.sec
 *(.plt.sec)

.text           0xb0800000     0xffeb
 *(.text.unlikely .text.*_unlikely .text.unlikely.*)
 *(.text.exit .text.exit.*)
 *(.text.startup .text.startup.*)
 *(.text.hot .text.hot.*)
 *(SORT_BY_NAME(.text.sorted.*))
 *(.text .stub .text.* .gnu.linkonce.t.*)
 .text          0xb0800000       0x3e test.o
                0xb0800000                main
 *fill*         0xb080003e        0x2 
 .text          0xb0800040       0x15 start.o
                0xb0800040                _start
 .text          0xb0800055     0x2ded pegasus_crt.a(kernel_main_old.o)
                0xb0800055                stop_here
                0xb0800099                catch_error
                0xb08000b6                intr_enable
                0xb08000df                intr_disable
                0xb0800108                intr_set_status
                0xb0800126                intr_get_status
                0xb0800143                Memcpy
                0xb0800176                untar
                0xb080048b                num_to_string
                0xb0800531                disp_int
                0xb080055a                do_page_fault
                0xb0800697                exception_handler
                0xb080087e                init_internal_interrupt
                0xb08009f3                spurious_irq
                0xb0800a81                init_keyboard
                0xb0800ac4                TestTTY
                0xb0800b63                TestReadReturnValue
                0xb0800be0                TestWriteReturnValue
                0xb0800cb4                TestFS2
                0xb0800cc2                TestFS
                0xb0801164                wait_exit
                0xb0801262                INIT_fork
                0xb080155a                simple_shell
                0xb08016e1                test_shell
                0xb0801749                test_exec
                0xb0801889                INIT
                0xb0801896                TestA
                0xb08018cb                delay
                0xb080190f                TestB
                0xb0801927                TestC
                0xb080195a                sys_get_ticks
                0xb080196a                sys_write
                0xb08019be                milli_delay
                0xb08019fa                TaskSys
                0xb08019ff                Printf
                0xb0801ad1                sprintf
                0xb0801afd                vsprintf
                0xb0801ca9                printx
                0xb0801cec                sys_printx
                0xb0801db8                spin
                0xb0801dde                panic
                0xb0801dfc                assertion_failure
                0xb0801e6e                assertion_failure2
                0xb0801ee3                dead_lock
                0xb0801eed                sys_send_msg
                0xb080240c                sys_receive_msg
                0xb0802a6c                send_rec
                0xb0802b67                block
                0xb0802ba3                unblock
                0xb0802bf3                get_ticks_ipc
                0xb0802c4a                itoa
                0xb0802ca0                i2a
                0xb0802d06                inform_int
                0xb0802dd3                deprecate_strcmp
 .text          0xb0802e42      0x3b3 pegasus_crt.a(protect.o)
                0xb0802e42                InitDescriptor
                0xb0802eaf                Seg2PhyAddr
                0xb0802ef0                Seg2PhyAddrLDT
                0xb0802f34                VirAddr2PhyAddr
                0xb0802f4a                v2l
                0xb0802f8d                init_propt
                0xb080310e                InitInterruptDesc
                0xb080316a                ReloadGDT
 .text          0xb08031f5      0xaca pegasus_crt.a(console.o)
                0xb08031f5                select_console
                0xb0803231                flush
                0xb080326a                set_cursor
                0xb08032c8                set_console_start_video_addr
                0xb0803326                put_key
                0xb0803392                scroll_up
                0xb08033d4                scroll_down
                0xb080343f                out_char
                0xb08035fc                tty_dev_read
                0xb0803626                tty_dev_write
                0xb0803853                tty_do_read
                0xb080391b                tty_do_write
                0xb0803a7e                init_screen
                0xb0803b07                init_tty
                0xb0803bbc                TaskTTY
 .text          0xb0803cbf      0x21b pegasus_crt.a(process.o)
                0xb0803cbf                schedule_process
                0xb0803dcc                clock_handler
                0xb0803e3d                pid2proc
                0xb0803ec3                proc2pid
 .text          0xb0803eda        0x0 pegasus_crt.a(global.o)
 .text          0xb0803eda      0x40f pegasus_crt.a(keyboard.o)
                0xb0803eda                keyboard_handler
                0xb0803f5e                read_from_keyboard_buf
                0xb0803fc4                keyboard_read
                0xb0804143                init_keyboard_handler
                0xb0804157                in_process
 .text          0xb08042e9       0x9e pegasus_crt.a(task_network.o)
                0xb08042e9                task_network
                0xb0804369                task_netdev_rx
 .text          0xb0804387      0xe63 pegasus_crt.a(hd.o)
                0xb0804387                TaskHD
                0xb08043cc                init_hd
                0xb08043e6                hd_handle
                0xb08044eb                hd_cmd_out
                0xb08045ed                hd_identify
                0xb08046a4                print_hdinfo
                0xb0804832                print_dpt_entry
                0xb080489e                get_partition_table
                0xb080497d                partition
                0xb0804b97                hd_open
                0xb0804c3e                get_hd_ioctl
                0xb0804cef                wait_for
                0xb0804d20                interrupt_wait
                0xb0804d70                hd_rdwt
                0xb080500f                hd_handler
                0xb080503b                debug_ticks
                0xb0805079                net_handler
                0xb0805081                waitfor
                0xb08050c5                print_hd_info
                0xb08051b2                is_empty
 .text          0xb08051ea     0x2069 pegasus_crt.a(fs_main.o)
                0xb08051ea                task_fs
                0xb08053f5                rd_wt
                0xb08054ce                mkfs
                0xb0805ab0                init_fs
                0xb0805b04                do_open
                0xb0805d0d                search_file
                0xb0805e3f                strip_path
                0xb0805f0b                get_inode
                0xb08060cd                create_file
                0xb08061d8                alloc_imap_bit
                0xb08062d5                alloc_smap_bit
                0xb0806476                new_inode
                0xb0806594                new_dir_entry
                0xb08067a0                do_unlink
                0xb0806c7c                do_rdwt
                0xb0807007                sync_inode
                0xb080715b                put_inode
                0xb0807199                do_close
                0xb08071eb                get_super_block
 .text          0xb0807253      0x148 pegasus_crt.a(main.o)
                0xb0807253                TaskMM
                0xb080737c                alloc_mem
 .text          0xb080739b     0x126c pegasus_crt.a(mem.o)
                0xb080739b                init_bitmap
                0xb08073be                test_bit_val
                0xb0807427                set_bit_val
                0xb08074a2                set_bits
                0xb08074dc                get_first_free_bit
                0xb0807520                get_bits
                0xb08075e8                get_a_page
                0xb080769c                get_virtual_address_start_with_addr
                0xb0807736                get_virtual_address
                0xb08077c6                ptr_pde
                0xb08077d9                ptr_pte
                0xb0807800                add_map_entry
                0xb0807891                alloc_virtual_memory
                0xb0807964                get_physical_address_proc
                0xb08079e0                get_physical_address
                0xb0807a12                alloc_physical_memory_of_proc
                0xb0807b01                alloc_physical_memory
                0xb0807bc9                alloc_memory
                0xb0807c2b                get_a_virtual_page
                0xb0807c63                block2arena
                0xb0807c79                sys_malloc2
                0xb0807f2f                remove_map_entry
                0xb0807f50                free_a_page
                0xb0807ff7                sys_free2
                0xb080817f                init_memory_block_desc
                0xb0808250                init_memory2
                0xb08084c7                init_memory
 .text          0xb0808607      0x285 pegasus_crt.a(exec.o)
                0xb0808607                exec
                0xb0808678                execv
                0xb0808867                execl
 .text          0xb080888c       0x2f pegasus_crt.a(exit.o)
                0xb080888c                exit
 .text          0xb08088bb       0x44 pegasus_crt.a(wait.o)
                0xb08088bb                wait
 .text          0xb08088ff       0x48 pegasus_crt.a(fork.o)
                0xb08088ff                fork
 .text          0xb0808947       0xa8 pegasus_crt.a(strcmp.o)
                0xb0808947                strcmp
 .text          0xb08089ef      0x181 pegasus_crt.a(read.o)
                0xb08089ef                read
 .text          0xb0808b70       0x95 pegasus_crt.a(open.o)
                0xb0808b70                open
 .text          0xb0808c05       0x85 pegasus_crt.a(write.o)
                0xb0808c05                write
 .text          0xb0808c8a       0x52 pegasus_crt.a(close.o)
                0xb0808c8a                close
 *fill*         0xb0808cdc        0x4 
 .text          0xb0808ce0      0x3d7 pegasus_crt.a(kernel.o)
                0xb0808ce0                InterruptTest
                0xb0808cec                disp_str_len
                0xb0808d39                disp_str
                0xb0808d74                disp_str_colour
                0xb0808db0                divide_zero_fault
                0xb0808db6                single_step_fault
                0xb0808dbc                non_maskable_interrupt
                0xb0808dc2                breakpoint_trap
                0xb0808dc8                overflow_trap
                0xb0808dce                bound_range_exceeded_fault
                0xb0808dd4                invalid_opcode_fault
                0xb0808dda                coprocessor_not_available_fault
                0xb0808de0                double_fault_exception_abort
                0xb0808de4                coprocessor_segment_overrun
                0xb0808dea                invalid_task_state_segment_fault
                0xb0808dee                segment_not_present_fault
                0xb0808df2                stack_exception_fault
                0xb0808df6                general_protection_exception_fault
                0xb0808e01                page_fault
                0xb0808e05                coprocessor_error_fault
                0xb0808e0b                align_check_fault
                0xb0808e0f                simd_float_exception_fault
                0xb0808e1e                hwint0
                0xb0808e4e                hwint1
                0xb0808e91                hwint14
                0xb0808ed7                hwint10
                0xb0808f1a                sys_call
                0xb0808f60                fork_restart
                0xb0808f6f                restart
                0xb0808f92                in_byte
                0xb0808f9e                out_byte
                0xb0808fc0                disable_int
                0xb0808fc2                enable_int
                0xb0809058                enable_8259A_casecade_irq
                0xb0809062                disable_8259A_casecade_irq
                0xb080906c                enable_8259A_slave_winchester_irq
                0xb0809076                disable_8259A_slave_winchester_irq
                0xb0809080                update_cr3
                0xb080908d                update_tss
                0xb080909c                get_running_thread_pcb
                0xb08090a4                sys_call_test
                0xb08090a7                enable_8259A_slave_net_irq
 *fill*         0xb08090b7        0x9 
 .text          0xb08090c0       0x15 pegasus_crt.a(switch_to.o)
                0xb08090c0                switch_to
 *fill*         0xb08090d5        0xb 
 .text          0xb08090e0       0x69 pegasus_crt.a(syscall.o)
                0xb08090e0                write_debug
                0xb08090f0                send_msg
                0xb0809106                receive_msg
                0xb080911c                sys_malloc
                0xb0809131                sys_free
 .text          0xb0809149      0x329 pegasus_crt.a(double_link_list.o)
                0xb0809149                initDoubleLinkList
                0xb0809177                isListEmpty
                0xb0809198                findElementInList
                0xb0809274                appendToDoubleLinkList
                0xb080935b                insertToDoubleLinkList
                0xb08093de                popFromDoubleLinkList
 .text          0xb0809472      0x37e pegasus_crt.a(netdev.o)
                0xb0809584                netdev_init
                0xb08095cb                netdev_transmit
                0xb08096fb                netdev_rx_loop
                0xb080976b                netdev_get
                0xb0809788                free_netdev
                0xb08097b3                local_ipaddress
 .text          0xb08097f0      0x6dc pegasus_crt.a(arp.o)
                0xb08099bd                arp_init
                0xb08099c3                arp_rcv
                0xb0809b75                arp_request
                0xb0809cdf                arp_reply
                0xb0809e2f                arp_get_hwaddr
                0xb0809e7b                free_arp
 .text          0xb0809ecc      0x12e pegasus_crt.a(skbuff.o)
                0xb0809ee5                alloc_skb
                0xb0809f76                free_skb
                0xb0809f7c                skb_reserve
                0xb0809f98                skb_push
                0xb0809fc7                skb_head
                0xb0809fd2                skb_reset_header
 .text          0xb0809ffa      0x1e7 pegasus_crt.a(utils.o)
                0xb0809ffa                run_cmd
                0xb080a007                print_err
                0xb080a01e                parse_ipv4_string
                0xb080a07d                ip_pton
                0xb080a0c5                sum_every_16bits
                0xb080a11c                checksum
                0xb080a15d                tcp_udp_checksum
 .text          0xb080a1e1      0x271 pegasus_crt.a(forkexit.o)
                0xb080a1e1                do_fork
                0xb080a24f                do_exit
                0xb080a2d9                do_wait
                0xb080a3f8                cleanup
 .text          0xb080a452      0x419 pegasus_crt.a(exec.o)
                0xb080a452                do_exec
 .text          0xb080a86b       0x17 pegasus_crt.a(perror.o)
                0xb080a86b                perror
 .text          0xb080a882      0x2c1 pegasus_crt.a(sscanf.o)
                0xb080a882                sscanf
 .text          0xb080ab43       0x38 pegasus_crt.a(ntohs.o)
                0xb080ab43                ntohs
 .text          0xb080ab7b       0x7c pegasus_crt.a(htonl.o)
                0xb080ab7b                htonl
 .text          0xb080abf7       0x38 pegasus_crt.a(htons.o)
                0xb080abf7                htons
 .text          0xb080ac2f      0x295 pegasus_crt.a(inet_pton.o)
                0xb080ac2f                isValidIPv4
                0xb080adb9                inet_pton
 .text          0xb080aec4       0x7c pegasus_crt.a(ntohl.o)
                0xb080aec4                ntohl
 .text          0xb080af40      0x25b pegasus_crt.a(ne2000.o)
                0xb080af63                DriverInitialize
                0xb080afed                SetPageStart
                0xb080b015                DriverSend
                0xb080b08a                PCtoNIC
                0xb080b0f8                get_interrupt_status
                0xb080b10e                set_interrupt_status
                0xb080b127                get_curr_page
                0xb080b144                NICtoPC
 .text          0xb080b19b      0x730 pegasus_crt.a(my_process.o)
                0xb080b19b                create_user_process_address_space
                0xb080b22b                user_process
                0xb080b358                clone_pcb
                0xb080b4ca                build_body_stack
                0xb080b5fd                build_process_kernel_stack
                0xb080b6c0                fork_process
                0xb080b751                process_execute
 .text          0xb080b8cb      0x2da pegasus_crt.a(ip_input.o)
                0xb080ba55                ip_rcv
 .text          0xb080bba5      0x448 pegasus_crt.a(tcp.o)
                0xb080bd9a                tcp_in
                0xb080be4e                tcp_checksum
                0xb080be7a                __tcp_set_state
                0xb080be89                tcp_generate_port
                0xb080bed2                tcp_generate_isn
                0xb080bedc                tcp_done
                0xb080bf05                tcp_clear_timers
                0xb080bf14                tcp_stop_retransmission_timer
                0xb080bf2d                tcp_release_retransmission_timer
                0xb080bf46                tcp_stop_delack_timer
                0xb080bf59                tcp_release_delack_timer
                0xb080bf6c                tcp_handle_fin_state
                0xb080bfd1                tcp_enter_time_wait
 .text          0xb080bfed      0xa16 pegasus_crt.a(tcp_sock.o)
                0xb080c29b                tcp_established_or_syn_recvd_socks_enqueue
                0xb080c2b2                tcp_established_or_syn_recvd_socks_remove
                0xb080c2c4                tcp_connecting_or_listening_socks_enqueue
                0xb080c2db                tcp_connecting_or_listening_socks_remove
                0xb080c2ed                tcp_alloc_sock
                0xb080c403                tcp_free_sock
                0xb080c47c                tcp_init
                0xb080c486                tcp_sock_init
                0xb080c529                tcp_write
                0xb080c56a                tcp_read
                0xb080c61d                tcp_close
                0xb080c6db                tcp_recv_notify
                0xb080c706                tcp_v4_connect
                0xb080c956                tcp_lookup_sock
 .text          0xb080ca03      0x234 pegasus_crt.a(icmpv4.o)
                0xb080ca11                icmpv4_incoming
                0xb080ca85                icmpv4_reply
                0xb080cb5e                icmpv4_timestamp
 .text          0xb080cc37      0x1d3 pegasus_crt.a(ip_output.o)
                0xb080cc45                ip_output
 .text          0xb080ce0a       0xd8 pegasus_crt.a(dst.o)
                0xb080ce18                dst_neigh_output
 .text          0xb080cee2      0xb6f pegasus_crt.a(tcp_input.o)
                0xb080d5c9                tcp_process
                0xb080d98f                tcp_receive
 .text          0xb080da51      0x295 pegasus_crt.a(route.o)
                0xb080db7e                route_add
                0xb080dbc3                route_init
                0xb080dc4a                route_lookup
                0xb080dc95                free_routes
 .text          0xb080dce6      0x3e0 pegasus_crt.a(udp.o)
                0xb080ddf1                udp_generate_port
                0xb080de3a                udp_checksum
                0xb080df08                udp_in
                0xb080df99                udp_data_dequeue
                0xb080e0a1                udp_data_enqueue
 .text          0xb080e0c6      0x54a pegasus_crt.a(tcp_data.o)
                0xb080e3b1                tcp_data_dequeue
                0xb080e4de                tcp_data_queue
 .text          0xb080e610       0x9c pegasus_crt.a(atoi.o)
                0xb080e610                atoi
 .text          0xb080e6ac       0x85 pegasus_crt.a(strtok.o)
                0xb080e6ac                strtok
 .text          0xb080e731       0x90 pegasus_crt.a(strpbrk.o)
                0xb080e731                strpbrk
 .text          0xb080e7c1      0x1b2 pegasus_crt.a(thread.o)
                0xb080e7c1                kernel_thread
                0xb080e7d9                thread_init
                0xb080e886                thread_create
                0xb080e8bb                thread_start
 .text          0xb080e973      0x8bc pegasus_crt.a(udp_sock.o)
                0xb080eba0                udp_lookup_sock
                0xb080ebe7                udp_init
                0xb080ec18                udp_close
                0xb080ec3e                udp_sock_init
                0xb080ec48                udp_recvfrom
                0xb080ece1                udp_connect
                0xb080edba                udp_write
                0xb080ede6                udp_alloc_skb
                0xb080ee30                udp_sendto
                0xb080ef24                udp_send
                0xb080f062                udp_alloc_sock
                0xb080f0a3                udp_free_sock
                0xb080f0c7                udp_read
 .text          0xb080f22f      0x203 pegasus_crt.a(sock.o)
                0xb080f361                sk_alloc
                0xb080f388                sk_init
                0xb080f3dc                sk_init_with_socket
                0xb080f405                sk_free
 .text          0xb080f432      0xbb9 pegasus_crt.a(tcp_output.o)
                0xb080f8f3                tcp_send_synack
                0xb080f996                tcp_send_delack
                0xb080f9d1                tcp_send_ack
                0xb080fb1d                tcp_send_fin
                0xb080fb92                tcp_select_initial_window
                0xb080fd44                tcp_reset_retransmission_timer
                0xb080fd61                tcp_begin_connect
                0xb080fe0b                tcp_send
                0xb080fef0                tcp_send_reset
                0xb080ff70                tcp_queue_fin
 *(.gnu.warning)

.fini
 *(SORT_NONE(.fini))
                [!provide]                        PROVIDE (__etext = .)
                [!provide]                        PROVIDE (_etext = .)
                [!provide]                        PROVIDE (etext = .)
                0xb0810000                        . = ALIGN (CONSTANT (MAXPAGESIZE))
                0xb0810000                        . = SEGMENT_START ("rodata-segment", (ALIGN (CONSTANT (MAXPAGESIZE)) + (. & (CONSTANT (MAXPAGESIZE) - 0x1))))

.rodata         0xb0810000     0x163b
 *(.rodata .rodata.* .gnu.linkonce.r.*)
 .rodata        0xb0810000       0x10 test.o
 *fill*         0xb0810010       0x10 
 .rodata        0xb0810020      0xb85 pegasus_crt.a(kernel_main_old.o)
 .rodata        0xb0810ba5       0x22 pegasus_crt.a(console.o)
 .rodata        0xb0810bc7       0x26 pegasus_crt.a(process.o)
 *fill*         0xb0810bed        0x3 
 .rodata        0xb0810bf0       0x3d pegasus_crt.a(task_network.o)
 *fill*         0xb0810c2d        0x3 
 .rodata        0xb0810c30      0x19c pegasus_crt.a(hd.o)
 .rodata        0xb0810dcc      0x1fb pegasus_crt.a(fs_main.o)
                0xb0810dcc                FSBUF_SIZE
 .rodata        0xb0810fc7       0x11 pegasus_crt.a(main.o)
 .rodata        0xb0810fd8       0x41 pegasus_crt.a(mem.o)
 .rodata        0xb0811019       0x2d pegasus_crt.a(exec.o)
 .rodata        0xb0811046       0x2a pegasus_crt.a(close.o)
 .rodata        0xb0811070       0x2c pegasus_crt.a(double_link_list.o)
 .rodata        0xb081109c       0xa9 pegasus_crt.a(netdev.o)
 *fill*         0xb0811145        0x3 
 .rodata        0xb0811148       0x9c pegasus_crt.a(arp.o)
 .rodata        0xb08111e4        0x9 pegasus_crt.a(skbuff.o)
 *fill*         0xb08111ed        0x3 
 .rodata        0xb08111f0       0x41 pegasus_crt.a(utils.o)
 .rodata        0xb0811231       0x21 pegasus_crt.a(forkexit.o)
 .rodata        0xb0811252       0x10 pegasus_crt.a(exec.o)
 .rodata        0xb0811262        0x3 pegasus_crt.a(inet_pton.o)
 *fill*         0xb0811265        0x3 
 .rodata        0xb0811268       0xb5 pegasus_crt.a(ip_input.o)
 *fill*         0xb081131d        0x3 
 .rodata        0xb0811320       0x31 pegasus_crt.a(tcp.o)
 *fill*         0xb0811351        0x3 
 .rodata        0xb0811354       0xe8 pegasus_crt.a(tcp_sock.o)
 .rodata        0xb081143c       0x32 pegasus_crt.a(icmpv4.o)
 .rodata        0xb081146e        0x9 pegasus_crt.a(ip_output.o)
 .rodata        0xb0811477        0x9 pegasus_crt.a(dst.o)
 .rodata        0xb0811480       0x60 pegasus_crt.a(tcp_input.o)
 .rodata        0xb08114e0       0x37 pegasus_crt.a(route.o)
 .rodata        0xb0811517        0x9 pegasus_crt.a(udp.o)
 .rodata        0xb0811520       0x1e pegasus_crt.a(tcp_data.o)
 *fill*         0xb081153e        0x2 
 .rodata        0xb0811540       0x2d pegasus_crt.a(udp_sock.o)
 .rodata        0xb081156d        0x9 pegasus_crt.a(sock.o)
 *fill*         0xb0811576        0x2 
 .rodata        0xb0811578       0xc3 pegasus_crt.a(tcp_output.o)

.txt            0xb081163b       0xaa
 .txt           0xb081163b       0x82 pegasus_crt.a(string.o)
                0xb081163b                Memcpy2
                0xb0811669                Memset
                0xb0811688                Strcpy
                0xb08116a2                Strlen
 .txt           0xb08116bd       0x28 pegasus_crt.a(hd_rdwt.o)
                0xb08116bd                read_port
                0xb08116d1                write_port

.rodata1
 *(.rodata1)

.eh_frame_hdr
 *(.eh_frame_hdr)
 *(.eh_frame_entry .eh_frame_entry.*)

.eh_frame       0xb08116e8     0x38d8
 *(.eh_frame)
 .eh_frame      0xb08116e8       0x44 test.o
 .eh_frame      0xb081172c      0x6cc pegasus_crt.a(kernel_main_old.o)
                                0x6e4 (size before relaxing)
 .eh_frame      0xb0811df8      0x100 pegasus_crt.a(protect.o)
                                0x118 (size before relaxing)
 .eh_frame      0xb0811ef8      0x1e0 pegasus_crt.a(console.o)
                                0x1f8 (size before relaxing)
 .eh_frame      0xb08120d8       0x80 pegasus_crt.a(process.o)
                                 0x98 (size before relaxing)
 .eh_frame      0xb0812158       0xa0 pegasus_crt.a(keyboard.o)
                                 0xb8 (size before relaxing)
 .eh_frame      0xb08121f8       0x3c pegasus_crt.a(task_network.o)
                                 0x54 (size before relaxing)
 .eh_frame      0xb0812234      0x284 pegasus_crt.a(hd.o)
                                0x29c (size before relaxing)
 .eh_frame      0xb08124b8      0x27c pegasus_crt.a(fs_main.o)
                                0x294 (size before relaxing)
 .eh_frame      0xb0812734       0x3c pegasus_crt.a(main.o)
                                 0x54 (size before relaxing)
 .eh_frame      0xb0812770      0x364 pegasus_crt.a(mem.o)
                                0x37c (size before relaxing)
 .eh_frame      0xb0812ad4       0x60 pegasus_crt.a(exec.o)
                                 0x78 (size before relaxing)
 .eh_frame      0xb0812b34       0x20 pegasus_crt.a(exit.o)
                                 0x38 (size before relaxing)
 .eh_frame      0xb0812b54       0x20 pegasus_crt.a(wait.o)
                                 0x38 (size before relaxing)
 .eh_frame      0xb0812b74       0x20 pegasus_crt.a(fork.o)
                                 0x38 (size before relaxing)
 .eh_frame      0xb0812b94       0x20 pegasus_crt.a(strcmp.o)
                                 0x38 (size before relaxing)
 .eh_frame      0xb0812bb4       0x20 pegasus_crt.a(read.o)
                                 0x38 (size before relaxing)
 .eh_frame      0xb0812bd4       0x20 pegasus_crt.a(open.o)
                                 0x38 (size before relaxing)
 .eh_frame      0xb0812bf4       0x20 pegasus_crt.a(write.o)
                                 0x38 (size before relaxing)
 .eh_frame      0xb0812c14       0x20 pegasus_crt.a(close.o)
                                 0x38 (size before relaxing)
 .eh_frame      0xb0812c34       0xc0 pegasus_crt.a(double_link_list.o)
                                 0xd8 (size before relaxing)
 .eh_frame      0xb0812cf4      0x14c pegasus_crt.a(netdev.o)
                                0x164 (size before relaxing)
 .eh_frame      0xb0812e40      0x1c0 pegasus_crt.a(arp.o)
                                0x1d8 (size before relaxing)
 .eh_frame      0xb0813000       0xe0 pegasus_crt.a(skbuff.o)
                                 0xf8 (size before relaxing)
 .eh_frame      0xb08130e0       0xe4 pegasus_crt.a(utils.o)
                                 0xfc (size before relaxing)
 .eh_frame      0xb08131c4       0x80 pegasus_crt.a(forkexit.o)
                                 0x98 (size before relaxing)
 .eh_frame      0xb0813244       0x20 pegasus_crt.a(exec.o)
                                 0x38 (size before relaxing)
 .eh_frame      0xb0813264       0x20 pegasus_crt.a(perror.o)
                                 0x38 (size before relaxing)
 .eh_frame      0xb0813284       0x20 pegasus_crt.a(sscanf.o)
                                 0x38 (size before relaxing)
 .eh_frame      0xb08132a4       0x20 pegasus_crt.a(ntohs.o)
                                 0x38 (size before relaxing)
 .eh_frame      0xb08132c4       0x20 pegasus_crt.a(htonl.o)
                                 0x38 (size before relaxing)
 .eh_frame      0xb08132e4       0x20 pegasus_crt.a(htons.o)
                                 0x38 (size before relaxing)
 .eh_frame      0xb0813304       0x40 pegasus_crt.a(inet_pton.o)
                                 0x58 (size before relaxing)
 .eh_frame      0xb0813344       0x20 pegasus_crt.a(ntohl.o)
                                 0x38 (size before relaxing)
 .eh_frame      0xb0813364       0xe0 pegasus_crt.a(my_process.o)
                                 0xf8 (size before relaxing)
 .eh_frame      0xb0813444      0x104 pegasus_crt.a(ip_input.o)
                                0x11c (size before relaxing)
 .eh_frame      0xb0813548      0x268 pegasus_crt.a(tcp.o)
                                0x280 (size before relaxing)
 .eh_frame      0xb08137b0      0x4c0 pegasus_crt.a(tcp_sock.o)
                                0x4d8 (size before relaxing)
 .eh_frame      0xb0813c70       0x80 pegasus_crt.a(icmpv4.o)
                                 0x98 (size before relaxing)
 .eh_frame      0xb0813cf0       0x40 pegasus_crt.a(ip_output.o)
                                 0x58 (size before relaxing)
 .eh_frame      0xb0813d30       0x40 pegasus_crt.a(dst.o)
                                 0x58 (size before relaxing)
 .eh_frame      0xb0813d70      0x300 pegasus_crt.a(tcp_input.o)
                                0x318 (size before relaxing)
 .eh_frame      0xb0814070      0x124 pegasus_crt.a(route.o)
                                0x13c (size before relaxing)
 .eh_frame      0xb0814194      0x1e4 pegasus_crt.a(udp.o)
                                0x1fc (size before relaxing)
 .eh_frame      0xb0814378      0x200 pegasus_crt.a(tcp_data.o)
                                0x218 (size before relaxing)
 .eh_frame      0xb0814578       0x20 pegasus_crt.a(atoi.o)
                                 0x38 (size before relaxing)
 .eh_frame      0xb0814598       0x20 pegasus_crt.a(strtok.o)
                                 0x38 (size before relaxing)
 .eh_frame      0xb08145b8       0x20 pegasus_crt.a(strpbrk.o)
                                 0x38 (size before relaxing)
 .eh_frame      0xb08145d8       0x80 pegasus_crt.a(thread.o)
                                 0x98 (size before relaxing)
 .eh_frame      0xb0814658      0x404 pegasus_crt.a(udp_sock.o)
                                0x41c (size before relaxing)
 .eh_frame      0xb0814a5c      0x1a0 pegasus_crt.a(sock.o)
                                0x1b8 (size before relaxing)
 .eh_frame      0xb0814bfc      0x3c4 pegasus_crt.a(tcp_output.o)
                                0x3dc (size before relaxing)
 *(.eh_frame.*)

.sframe
 *(.sframe)
 *(.sframe.*)

.gcc_except_table
 *(.gcc_except_table .gcc_except_table.*)

.gnu_extab
 *(.gnu_extab*)

.exception_ranges
 *(.exception_ranges*)
                0xb0815000                        . = DATA_SEGMENT_ALIGN (CONSTANT (MAXPAGESIZE), CONSTANT (COMMONPAGESIZE))

.eh_frame
 *(.eh_frame)
 *(.eh_frame.*)

.sframe
 *(.sframe)
 *(.sframe.*)

.gnu_extab
 *(.gnu_extab)

.gcc_except_table
 *(.gcc_except_table .gcc_except_table.*)

.exception_ranges
 *(.exception_ranges*)

.tdata          0xb0815000        0x0
                [!provide]                        PROVIDE (__tdata_start = .)
 *(.tdata .tdata.* .gnu.linkonce.td.*)

.tbss
 *(.tbss .tbss.* .gnu.linkonce.tb.*)
 *(.tcommon)

.preinit_array  0xb0815000        0x0
                [!provide]                        PROVIDE (__preinit_array_start = .)
 *(.preinit_array)
                [!provide]                        PROVIDE (__preinit_array_end = .)

.init_array     0xb0815000        0x0
                [!provide]                        PROVIDE (__init_array_start = .)
 *(SORT_BY_INIT_PRIORITY(.init_array.*) SORT_BY_INIT_PRIORITY(.ctors.*))
 *(.init_array EXCLUDE_FILE(*crtend?.o *crtend.o *crtbegin?.o *crtbegin.o) .ctors)
                [!provide]                        PROVIDE (__init_array_end = .)

.fini_array     0xb0815000        0x0
                [!provide]                        PROVIDE (__fini_array_start = .)
 *(SORT_BY_INIT_PRIORITY(.fini_array.*) SORT_BY_INIT_PRIORITY(.dtors.*))
 *(.fini_array EXCLUDE_FILE(*crtend?.o *crtend.o *crtbegin?.o *crtbegin.o) .dtors)
                [!provide]                        PROVIDE (__fini_array_end = .)

.ctors
 *crtbegin.o(.ctors)
 *crtbegin?.o(.ctors)
 *(EXCLUDE_FILE(*crtend?.o *crtend.o) .ctors)
 *(SORT_BY_NAME(.ctors.*))
 *(.ctors)

.dtors
 *crtbegin.o(.dtors)
 *crtbegin?.o(.dtors)
 *(EXCLUDE_FILE(*crtend?.o *crtend.o) .dtors)
 *(SORT_BY_NAME(.dtors.*))
 *(.dtors)

.jcr
 *(.jcr)

.data.rel.ro
 *(.data.rel.ro.local* .gnu.linkonce.d.rel.ro.local.*)
 *(.data.rel.ro .data.rel.ro.* .gnu.linkonce.d.rel.ro.*)

.dynamic
 *(.dynamic)

.got            0xb0815000        0x0
 *(.got)
 .got           0xb0815000        0x0 test.o
 *(.igot)
                0xb0815000                        . = DATA_SEGMENT_RELRO_END (., (SIZEOF (.got.plt) >= 0xc)?0xc:0x0)

.got.plt        0xb0815000        0x0
 *(.got.plt)
 .got.plt       0xb0815000        0x0 test.o
 *(.igot.plt)
 .igot.plt      0xb0815000        0x0 test.o

.data           0xb0815000      0x87c
 *(.data .data.* .gnu.linkonce.d.*)
 .data          0xb0815000        0x0 test.o
 .data          0xb0815000        0x0 pegasus_crt.a(kernel_main_old.o)
 .data          0xb0815000        0x0 pegasus_crt.a(protect.o)
 .data          0xb0815000        0x0 pegasus_crt.a(console.o)
 .data          0xb0815000        0x0 pegasus_crt.a(process.o)
 .data          0xb0815000      0x160 pegasus_crt.a(global.o)
                0xb0815000                user_task_table
                0xb0815080                sys_task_table
                0xb0815144                sys_call_table
 .data          0xb0815160      0x600 pegasus_crt.a(keyboard.o)
                0xb0815160                keymap
 .data          0xb0815760        0x0 pegasus_crt.a(task_network.o)
 .data          0xb0815760        0x0 pegasus_crt.a(hd.o)
 .data          0xb0815760        0x0 pegasus_crt.a(fs_main.o)
 .data          0xb0815760        0x0 pegasus_crt.a(main.o)
 .data          0xb0815760        0x0 pegasus_crt.a(mem.o)
 .data          0xb0815760        0x0 pegasus_crt.a(exec.o)
 .data          0xb0815760        0x0 pegasus_crt.a(exit.o)
 .data          0xb0815760        0x0 pegasus_crt.a(wait.o)
 .data          0xb0815760        0x0 pegasus_crt.a(fork.o)
 .data          0xb0815760        0x0 pegasus_crt.a(strcmp.o)
 .data          0xb0815760        0x0 pegasus_crt.a(read.o)
 .data          0xb0815760        0x0 pegasus_crt.a(open.o)
 .data          0xb0815760        0x0 pegasus_crt.a(write.o)
 .data          0xb0815760        0x0 pegasus_crt.a(close.o)
 .data          0xb0815760        0xf pegasus_crt.a(kernel.o)
 *fill*         0xb081576f        0x1 
 .data          0xb0815770        0x0 pegasus_crt.a(syscall.o)
 .data          0xb0815770        0x0 pegasus_crt.a(double_link_list.o)
 .data          0xb0815770        0x4 pegasus_crt.a(netdev.o)
 .data          0xb0815774       0x14 pegasus_crt.a(arp.o)
 .data          0xb0815788        0x4 pegasus_crt.a(skbuff.o)
 .data          0xb081578c        0x4 pegasus_crt.a(utils.o)
 .data          0xb0815790        0x0 pegasus_crt.a(forkexit.o)
 .data          0xb0815790        0x0 pegasus_crt.a(exec.o)
 .data          0xb0815790        0x0 pegasus_crt.a(perror.o)
 .data          0xb0815790        0x0 pegasus_crt.a(sscanf.o)
 .data          0xb0815790        0x0 pegasus_crt.a(ntohs.o)
 .data          0xb0815790        0x0 pegasus_crt.a(htonl.o)
 .data          0xb0815790        0x0 pegasus_crt.a(htons.o)
 .data          0xb0815790        0x0 pegasus_crt.a(inet_pton.o)
 .data          0xb0815790        0x0 pegasus_crt.a(ntohl.o)
 .data          0xb0815790        0x0 pegasus_crt.a(my_process.o)
 .data          0xb0815790        0x4 pegasus_crt.a(ip_input.o)
 .data          0xb0815794        0x8 pegasus_crt.a(tcp.o)
 *fill*         0xb081579c        0x4 
 .data          0xb08157a0       0x54 pegasus_crt.a(tcp_sock.o)
                0xb08157c0                tcp_ops
 .data          0xb08157f4        0x4 pegasus_crt.a(icmpv4.o)
 .data          0xb08157f8        0x4 pegasus_crt.a(ip_output.o)
 .data          0xb08157fc        0x4 pegasus_crt.a(dst.o)
 .data          0xb0815800        0x4 pegasus_crt.a(tcp_input.o)
 .data          0xb0815804        0xc pegasus_crt.a(route.o)
 .data          0xb0815810        0x8 pegasus_crt.a(udp.o)
 .data          0xb0815818        0x4 pegasus_crt.a(tcp_data.o)
 .data          0xb081581c        0x0 pegasus_crt.a(atoi.o)
 .data          0xb081581c        0x0 pegasus_crt.a(strtok.o)
 .data          0xb081581c        0x0 pegasus_crt.a(strpbrk.o)
 .data          0xb081581c        0x0 pegasus_crt.a(thread.o)
 *fill*         0xb081581c        0x4 
 .data          0xb0815820       0x54 pegasus_crt.a(udp_sock.o)
                0xb0815840                udp_ops
 .data          0xb0815874        0x4 pegasus_crt.a(sock.o)
 .data          0xb0815878        0x4 pegasus_crt.a(tcp_output.o)

.data1
 *(.data1)
                0xb081587c                        _edata = .
                [!provide]                        PROVIDE (edata = .)
                0xb081587c                        . = .
                0xb081587c                        __bss_start = .

.bss            0xb0815880    0x951b8
 *(.dynbss)
 *(.bss .bss.* .gnu.linkonce.b.*)
 .bss           0xb0815880        0x0 test.o
 .bss           0xb0815880        0x0 pegasus_crt.a(kernel_main_old.o)
 .bss           0xb0815880        0x0 pegasus_crt.a(protect.o)
 .bss           0xb0815880        0x0 pegasus_crt.a(console.o)
 .bss           0xb0815880        0x0 pegasus_crt.a(process.o)
 .bss           0xb0815880        0x0 pegasus_crt.a(global.o)
 .bss           0xb0815880        0x0 pegasus_crt.a(keyboard.o)
 .bss           0xb0815880        0x0 pegasus_crt.a(task_network.o)
 .bss           0xb0815880        0x0 pegasus_crt.a(hd.o)
 .bss           0xb0815880        0x4 pegasus_crt.a(fs_main.o)
                0xb0815880                c
 .bss           0xb0815884        0x0 pegasus_crt.a(main.o)
 .bss           0xb0815884        0x0 pegasus_crt.a(mem.o)
 .bss           0xb0815884        0x0 pegasus_crt.a(exec.o)
 .bss           0xb0815884        0x0 pegasus_crt.a(exit.o)
 .bss           0xb0815884        0x0 pegasus_crt.a(wait.o)
 .bss           0xb0815884        0x0 pegasus_crt.a(fork.o)
 .bss           0xb0815884        0x0 pegasus_crt.a(strcmp.o)
 .bss           0xb0815884        0x0 pegasus_crt.a(read.o)
 .bss           0xb0815884        0x0 pegasus_crt.a(open.o)
 .bss           0xb0815884        0x0 pegasus_crt.a(write.o)
 .bss           0xb0815884        0x0 pegasus_crt.a(close.o)
 .bss           0xb0815884      0x800 pegasus_crt.a(kernel.o)
 .bss           0xb0816084        0x0 pegasus_crt.a(double_link_list.o)
 .bss           0xb0816084        0x0 pegasus_crt.a(netdev.o)
 .bss           0xb0816084        0x0 pegasus_crt.a(arp.o)
 .bss           0xb0816084        0x0 pegasus_crt.a(skbuff.o)
 .bss           0xb0816084        0x0 pegasus_crt.a(utils.o)
 .bss           0xb0816084        0x0 pegasus_crt.a(forkexit.o)
 .bss           0xb0816084        0x0 pegasus_crt.a(exec.o)
 .bss           0xb0816084        0x0 pegasus_crt.a(perror.o)
 .bss           0xb0816084        0x0 pegasus_crt.a(sscanf.o)
 .bss           0xb0816084        0x0 pegasus_crt.a(ntohs.o)
 .bss           0xb0816084        0x0 pegasus_crt.a(htonl.o)
 .bss           0xb0816084        0x0 pegasus_crt.a(htons.o)
 .bss           0xb0816084        0x0 pegasus_crt.a(inet_pton.o)
 .bss           0xb0816084        0x0 pegasus_crt.a(ntohl.o)
 .bss           0xb0816084        0x0 pegasus_crt.a(my_process.o)
 .bss           0xb0816084        0x0 pegasus_crt.a(ip_input.o)
 .bss           0xb0816084        0x0 pegasus_crt.a(tcp.o)
 .bss           0xb0816084        0x0 pegasus_crt.a(tcp_sock.o)
 .bss           0xb0816084        0x0 pegasus_crt.a(icmpv4.o)
 .bss           0xb0816084        0x0 pegasus_crt.a(ip_output.o)
 .bss           0xb0816084        0x0 pegasus_crt.a(dst.o)
 .bss           0xb0816084        0x0 pegasus_crt.a(tcp_input.o)
 .bss           0xb0816084        0x0 pegasus_crt.a(route.o)
 .bss           0xb0816084        0x0 pegasus_crt.a(udp.o)
 .bss           0xb0816084        0x0 pegasus_crt.a(tcp_data.o)
 .bss           0xb0816084        0x0 pegasus_crt.a(atoi.o)
 .bss           0xb0816084        0x4 pegasus_crt.a(strtok.o)
 .bss           0xb0816088        0x0 pegasus_crt.a(strpbrk.o)
 .bss           0xb0816088        0x0 pegasus_crt.a(thread.o)
 .bss           0xb0816088        0x4 pegasus_crt.a(udp_sock.o)
 .bss           0xb081608c        0x0 pegasus_crt.a(sock.o)
 .bss           0xb081608c        0x0 pegasus_crt.a(tcp_output.o)
 *(COMMON)
 *fill*         0xb081608c       0x14 
 COMMON         0xb08160a0     0x17b8 pegasus_crt.a(kernel_main_old.o)
                0xb08160a0                current_tty
                0xb08160a4                is_e0
                0xb08160a8                idt_ptr
                0xb08160b0                pid
                0xb08160b4                KernelVirtualMemory
                0xb08160c0                current_dis_pos
                0xb08160c4                dis_pos
                0xb08160c8                k_reenter
                0xb08160e0                gdt
                0xb08164e0                proc_ready_table
                0xb08164e4                test_ticks
                0xb08164e8                pcaller
                0xb0816500                keyboard_buffer
                0xb081670c                pcb_list
                0xb081671c                gdt_index
                0xb0816720                tty_table
                0xb0816f60                tss
                0xb0816fcc                KernelPool
                0xb0816fdc                net_buf
                0xb0816fe0                nic_current_page
                0xb0816fe4                counter
                0xb0816fe8                key_pressed
                0xb0816fec                fork_pid
                0xb0816ff0                is_shift
                0xb0816ff1                net_data
                0xb0816ff4                gdt_ptr
                0xb0817000                idt
                0xb0817800                main_thread
                0xb0817808                ticks
                0xb0817810                is_init
                0xb0817814                UserPool
                0xb0817824                all_pcb_list
                0xb0817834                console_table
                0xb0817844                is_disp
                0xb0817848                MAIN_THREAD_PAGE_DIRECTORY
                0xb081784c                helloStr
 *fill*         0xb0817858        0x8 
 COMMON         0xb0817860    0x91e14 pegasus_crt.a(global.o)
                0xb0817860                proc_stack
                0xb08a7860                proc_table
 *fill*         0xb08a9674        0xc 
 COMMON         0xb08a9680      0x440 pegasus_crt.a(hd.o)
                0xb08a9680                hd_info
                0xb08a98c0                hd_cache
 COMMON         0xb08a9ac0      0xe68 pegasus_crt.a(fs_main.o)
                0xb08a9ac0                file_desc_table
                0xb08a9ec0                phy_super_block_buf
                0xb08a9ec4                phy_fsbuf
                0xb08a9ee0                inode_table
                0xb08aa8e0                super_block_buf
                0xb08aa8e4                fsbuf
                0xb08aa900                root
 *fill*         0xb08aa928       0x18 
 COMMON         0xb08aa940       0xf0 pegasus_crt.a(mem.o)
                0xb08aa940                kernel_mem_block_decs_array
 COMMON         0xb08aaa30        0x8 pegasus_crt.a(netdev.o)
                0xb08aaa30                loop
                0xb08aaa34                netdev
                0xb08aaa38                        . = ALIGN ((. != 0x0)?0x4:0x1)
                0xb08aaa38                        . = ALIGN (0x4)
                0xb08aaa38                        . = SEGMENT_START ("ldata-segment", .)
                0xb08aaa38                        . = ALIGN (0x4)
                0xb08aaa38                        _end = .
                [!provide]                        PROVIDE (end = .)
                0xb08aaa38                        . = DATA_SEGMENT_END (.)

.stab
 *(.stab)

.stabstr
 *(.stabstr)

.stab.excl
 *(.stab.excl)

.stab.exclstr
 *(.stab.exclstr)

.stab.index
 *(.stab.index)

.stab.indexstr
 *(.stab.indexstr)

.comment        0x00000000       0x2c
 *(.comment)
 .comment       0x00000000       0x2c test.o
                                 0x2d (size before relaxing)
 .comment       0x0000002c       0x2d pegasus_crt.a(kernel_main_old.o)
 .comment       0x0000002c       0x2d pegasus_crt.a(protect.o)
 .comment       0x0000002c       0x2d pegasus_crt.a(console.o)
 .comment       0x0000002c       0x2d pegasus_crt.a(process.o)
 .comment       0x0000002c       0x2d pegasus_crt.a(global.o)
 .comment       0x0000002c       0x2d pegasus_crt.a(keyboard.o)
 .comment       0x0000002c       0x2d pegasus_crt.a(task_network.o)
 .comment       0x0000002c       0x2d pegasus_crt.a(hd.o)
 .comment       0x0000002c       0x2d pegasus_crt.a(fs_main.o)
 .comment       0x0000002c       0x2d pegasus_crt.a(main.o)
 .comment       0x0000002c       0x2d pegasus_crt.a(mem.o)
 .comment       0x0000002c       0x2d pegasus_crt.a(exec.o)
 .comment       0x0000002c       0x2d pegasus_crt.a(exit.o)
 .comment       0x0000002c       0x2d pegasus_crt.a(wait.o)
 .comment       0x0000002c       0x2d pegasus_crt.a(fork.o)
 .comment       0x0000002c       0x2d pegasus_crt.a(strcmp.o)
 .comment       0x0000002c       0x2d pegasus_crt.a(read.o)
 .comment       0x0000002c       0x2d pegasus_crt.a(open.o)
 .comment       0x0000002c       0x2d pegasus_crt.a(write.o)
 .comment       0x0000002c       0x2d pegasus_crt.a(close.o)
 .comment       0x0000002c       0x2d pegasus_crt.a(double_link_list.o)
 .comment       0x0000002c       0x2d pegasus_crt.a(netdev.o)
 .comment       0x0000002c       0x2d pegasus_crt.a(arp.o)
 .comment       0x0000002c       0x2d pegasus_crt.a(skbuff.o)
 .comment       0x0000002c       0x2d pegasus_crt.a(utils.o)
 .comment       0x0000002c       0x2d pegasus_crt.a(forkexit.o)
 .comment       0x0000002c       0x2d pegasus_crt.a(exec.o)
 .comment       0x0000002c       0x2d pegasus_crt.a(perror.o)
 .comment       0x0000002c       0x2d pegasus_crt.a(sscanf.o)
 .comment       0x0000002c       0x2d pegasus_crt.a(ntohs.o)
 .comment       0x0000002c       0x2d pegasus_crt.a(htonl.o)
 .comment       0x0000002c       0x2d pegasus_crt.a(htons.o)
 .comment       0x0000002c       0x2d pegasus_crt.a(inet_pton.o)
 .comment       0x0000002c       0x2d pegasus_crt.a(ntohl.o)
 .comment       0x0000002c       0x2d pegasus_crt.a(my_process.o)
 .comment       0x0000002c       0x2d pegasus_crt.a(ip_input.o)
 .comment       0x0000002c       0x2d pegasus_crt.a(tcp.o)
 .comment       0x0000002c       0x2d pegasus_crt.a(tcp_sock.o)
 .comment       0x0000002c       0x2d pegasus_crt.a(icmpv4.o)
 .comment       0x0000002c       0x2d pegasus_crt.a(ip_output.o)
 .comment       0x0000002c       0x2d pegasus_crt.a(dst.o)
 .comment       0x0000002c       0x2d pegasus_crt.a(tcp_input.o)
 .comment       0x0000002c       0x2d pegasus_crt.a(route.o)
 .comment       0x0000002c       0x2d pegasus_crt.a(udp.o)
 .comment       0x0000002c       0x2d pegasus_crt.a(tcp_data.o)
 .comment       0x0000002c       0x2d pegasus_crt.a(atoi.o)
 .comment       0x0000002c       0x2d pegasus_crt.a(strtok.o)
 .comment       0x0000002c       0x2d pegasus_crt.a(strpbrk.o)
 .comment       0x0000002c       0x2d pegasus_crt.a(thread.o)
 .comment       0x0000002c       0x2d pegasus_crt.a(udp_sock.o)
 .comment       0x0000002c       0x2d pegasus_crt.a(sock.o)
 .comment       0x0000002c       0x2d pegasus_crt.a(tcp_output.o)

.gnu.build.attributes
 *(.gnu.build.attributes .gnu.build.attributes.*)

.debug
 *(.debug)

.line
 *(.line)

.debug_srcinfo
 *(.debug_srcinfo)

.debug_sfnames
 *(.debug_sfnames)

.debug_aranges  0x00000000      0x678
 *(.debug_aranges)
 .debug_aranges
                0x00000000       0x20 pegasus_crt.a(kernel_main_old.o)
 .debug_aranges
                0x00000020       0x20 pegasus_crt.a(protect.o)
 .debug_aranges
                0x00000040       0x20 pegasus_crt.a(console.o)
 .debug_aranges
                0x00000060       0x20 pegasus_crt.a(process.o)
 .debug_aranges
                0x00000080       0x18 pegasus_crt.a(global.o)
 .debug_aranges
                0x00000098       0x20 pegasus_crt.a(keyboard.o)
 .debug_aranges
                0x000000b8       0x20 pegasus_crt.a(task_network.o)
 .debug_aranges
                0x000000d8       0x20 pegasus_crt.a(hd.o)
 .debug_aranges
                0x000000f8       0x20 pegasus_crt.a(fs_main.o)
 .debug_aranges
                0x00000118       0x20 pegasus_crt.a(main.o)
 .debug_aranges
                0x00000138       0x20 pegasus_crt.a(mem.o)
 .debug_aranges
                0x00000158       0x20 pegasus_crt.a(exec.o)
 .debug_aranges
                0x00000178       0x20 pegasus_crt.a(exit.o)
 .debug_aranges
                0x00000198       0x20 pegasus_crt.a(wait.o)
 .debug_aranges
                0x000001b8       0x20 pegasus_crt.a(fork.o)
 .debug_aranges
                0x000001d8       0x20 pegasus_crt.a(strcmp.o)
 .debug_aranges
                0x000001f8       0x20 pegasus_crt.a(read.o)
 .debug_aranges
                0x00000218       0x20 pegasus_crt.a(open.o)
 .debug_aranges
                0x00000238       0x20 pegasus_crt.a(write.o)
 .debug_aranges
                0x00000258       0x20 pegasus_crt.a(close.o)
 .debug_aranges
                0x00000278       0x20 pegasus_crt.a(double_link_list.o)
 .debug_aranges
                0x00000298       0x20 pegasus_crt.a(netdev.o)
 .debug_aranges
                0x000002b8       0x20 pegasus_crt.a(arp.o)
 .debug_aranges
                0x000002d8       0x20 pegasus_crt.a(skbuff.o)
 .debug_aranges
                0x000002f8       0x20 pegasus_crt.a(utils.o)
 .debug_aranges
                0x00000318       0x20 pegasus_crt.a(forkexit.o)
 .debug_aranges
                0x00000338       0x20 pegasus_crt.a(exec.o)
 .debug_aranges
                0x00000358       0x20 pegasus_crt.a(perror.o)
 .debug_aranges
                0x00000378       0x20 pegasus_crt.a(sscanf.o)
 .debug_aranges
                0x00000398       0x20 pegasus_crt.a(ntohs.o)
 .debug_aranges
                0x000003b8       0x20 pegasus_crt.a(htonl.o)
 .debug_aranges
                0x000003d8       0x20 pegasus_crt.a(htons.o)
 .debug_aranges
                0x000003f8       0x20 pegasus_crt.a(inet_pton.o)
 .debug_aranges
                0x00000418       0x20 pegasus_crt.a(ntohl.o)
 .debug_aranges
                0x00000438       0x20 pegasus_crt.a(my_process.o)
 .debug_aranges
                0x00000458       0x20 pegasus_crt.a(ip_input.o)
 .debug_aranges
                0x00000478       0x20 pegasus_crt.a(tcp.o)
 .debug_aranges
                0x00000498       0x20 pegasus_crt.a(tcp_sock.o)
 .debug_aranges
                0x000004b8       0x20 pegasus_crt.a(icmpv4.o)
 .debug_aranges
                0x000004d8       0x20 pegasus_crt.a(ip_output.o)
 .debug_aranges
                0x000004f8       0x20 pegasus_crt.a(dst.o)
 .debug_aranges
                0x00000518       0x20 pegasus_crt.a(tcp_input.o)
 .debug_aranges
                0x00000538       0x20 pegasus_crt.a(route.o)
 .debug_aranges
                0x00000558       0x20 pegasus_crt.a(udp.o)
 .debug_aranges
                0x00000578       0x20 pegasus_crt.a(tcp_data.o)
 .debug_aranges
                0x00000598       0x20 pegasus_crt.a(atoi.o)
 .debug_aranges
                0x000005b8       0x20 pegasus_crt.a(strtok.o)
 .debug_aranges
                0x000005d8       0x20 pegasus_crt.a(strpbrk.o)
 .debug_aranges
                0x000005f8       0x20 pegasus_crt.a(thread.o)
 .debug_aranges
                0x00000618       0x20 pegasus_crt.a(udp_sock.o)
 .debug_aranges
                0x00000638       0x20 pegasus_crt.a(sock.o)
 .debug_aranges
                0x00000658       0x20 pegasus_crt.a(tcp_output.o)

.debug_pubnames
 *(.debug_pubnames)

.debug_info     0x00000000    0x34523
 *(.debug_info .gnu.linkonce.wi.*)
 .debug_info    0x00000000     0x2841 pegasus_crt.a(kernel_main_old.o)
 .debug_info    0x00002841     0x11b5 pegasus_crt.a(protect.o)
 .debug_info    0x000039f6     0x128a pegasus_crt.a(console.o)
 .debug_info    0x00004c80      0xf73 pegasus_crt.a(process.o)
 .debug_info    0x00005bf3      0xe8a pegasus_crt.a(global.o)
 .debug_info    0x00006a7d      0xfde pegasus_crt.a(keyboard.o)
 .debug_info    0x00007a5b      0xf01 pegasus_crt.a(task_network.o)
 .debug_info    0x0000895c     0x19f3 pegasus_crt.a(hd.o)
 .debug_info    0x0000a34f     0x1f3b pegasus_crt.a(fs_main.o)
 .debug_info    0x0000c28a      0xdcc pegasus_crt.a(main.o)
 .debug_info    0x0000d056     0x1d52 pegasus_crt.a(mem.o)
 .debug_info    0x0000eda8      0xf40 pegasus_crt.a(exec.o)
 .debug_info    0x0000fce8      0xdb3 pegasus_crt.a(exit.o)
 .debug_info    0x00010a9b      0xdc1 pegasus_crt.a(wait.o)
 .debug_info    0x0001185c      0xda8 pegasus_crt.a(fork.o)
 .debug_info    0x00012604       0xc1 pegasus_crt.a(strcmp.o)
 .debug_info    0x000126c5      0xea1 pegasus_crt.a(read.o)
 .debug_info    0x00013566      0xe02 pegasus_crt.a(open.o)
 .debug_info    0x00014368      0xe2f pegasus_crt.a(write.o)
 .debug_info    0x00015197      0xdb6 pegasus_crt.a(close.o)
 .debug_info    0x00015f4d     0x1044 pegasus_crt.a(double_link_list.o)
 .debug_info    0x00016f91     0x132e pegasus_crt.a(netdev.o)
 .debug_info    0x000182bf      0x76e pegasus_crt.a(arp.o)
 .debug_info    0x00018a2d      0x39f pegasus_crt.a(skbuff.o)
 .debug_info    0x00018dcc      0x367 pegasus_crt.a(utils.o)
 .debug_info    0x00019133      0xfbc pegasus_crt.a(forkexit.o)
 .debug_info    0x0001a0ef     0x11ca pegasus_crt.a(exec.o)
 .debug_info    0x0001b2b9       0x5c pegasus_crt.a(perror.o)
 .debug_info    0x0001b315      0x20e pegasus_crt.a(sscanf.o)
 .debug_info    0x0001b523       0xa8 pegasus_crt.a(ntohs.o)
 .debug_info    0x0001b5cb       0xcb pegasus_crt.a(htonl.o)
 .debug_info    0x0001b696       0xa8 pegasus_crt.a(htons.o)
 .debug_info    0x0001b73e      0x260 pegasus_crt.a(inet_pton.o)
 .debug_info    0x0001b99e       0xcb pegasus_crt.a(ntohl.o)
 .debug_info    0x0001ba69     0x149d pegasus_crt.a(my_process.o)
 .debug_info    0x0001cf06     0x1aab pegasus_crt.a(ip_input.o)
 .debug_info    0x0001e9b1     0x1e0e pegasus_crt.a(tcp.o)
 .debug_info    0x000207bf     0x21ff pegasus_crt.a(tcp_sock.o)
 .debug_info    0x000229be     0x1909 pegasus_crt.a(icmpv4.o)
 .debug_info    0x000242c7     0x1745 pegasus_crt.a(ip_output.o)
 .debug_info    0x00025a0c     0x11ea pegasus_crt.a(dst.o)
 .debug_info    0x00026bf6     0x2111 pegasus_crt.a(tcp_input.o)
 .debug_info    0x00028d07     0x1282 pegasus_crt.a(route.o)
 .debug_info    0x00029f89     0x1b0e pegasus_crt.a(udp.o)
 .debug_info    0x0002ba97     0x1d77 pegasus_crt.a(tcp_data.o)
 .debug_info    0x0002d80e       0xc9 pegasus_crt.a(atoi.o)
 .debug_info    0x0002d8d7       0xae pegasus_crt.a(strtok.o)
 .debug_info    0x0002d985       0xcf pegasus_crt.a(strpbrk.o)
 .debug_info    0x0002da54     0x1069 pegasus_crt.a(thread.o)
 .debug_info    0x0002eabd     0x1edd pegasus_crt.a(udp_sock.o)
 .debug_info    0x0003099a     0x1860 pegasus_crt.a(sock.o)
 .debug_info    0x000321fa     0x2329 pegasus_crt.a(tcp_output.o)

.debug_abbrev   0x00000000     0x66cb
 *(.debug_abbrev)
 .debug_abbrev  0x00000000      0x452 pegasus_crt.a(kernel_main_old.o)
 .debug_abbrev  0x00000452      0x227 pegasus_crt.a(protect.o)
 .debug_abbrev  0x00000679      0x2ac pegasus_crt.a(console.o)
 .debug_abbrev  0x00000925      0x1e0 pegasus_crt.a(process.o)
 .debug_abbrev  0x00000b05      0x157 pegasus_crt.a(global.o)
 .debug_abbrev  0x00000c5c      0x1fb pegasus_crt.a(keyboard.o)
 .debug_abbrev  0x00000e57      0x1cb pegasus_crt.a(task_network.o)
 .debug_abbrev  0x00001022      0x33e pegasus_crt.a(hd.o)
 .debug_abbrev  0x00001360      0x2ef pegasus_crt.a(fs_main.o)
 .debug_abbrev  0x0000164f      0x208 pegasus_crt.a(main.o)
 .debug_abbrev  0x00001857      0x2ea pegasus_crt.a(mem.o)
 .debug_abbrev  0x00001b41      0x1e8 pegasus_crt.a(exec.o)
 .debug_abbrev  0x00001d29      0x19b pegasus_crt.a(exit.o)
 .debug_abbrev  0x00001ec4      0x19f pegasus_crt.a(wait.o)
 .debug_abbrev  0x00002063      0x18a pegasus_crt.a(fork.o)
 .debug_abbrev  0x000021ed       0x94 pegasus_crt.a(strcmp.o)
 .debug_abbrev  0x00002281      0x1ef pegasus_crt.a(read.o)
 .debug_abbrev  0x00002470      0x1c5 pegasus_crt.a(open.o)
 .debug_abbrev  0x00002635      0x1db pegasus_crt.a(write.o)
 .debug_abbrev  0x00002810      0x19d pegasus_crt.a(close.o)
 .debug_abbrev  0x000029ad      0x216 pegasus_crt.a(double_link_list.o)
 .debug_abbrev  0x00002bc3      0x289 pegasus_crt.a(netdev.o)
 .debug_abbrev  0x00002e4c      0x210 pegasus_crt.a(arp.o)
 .debug_abbrev  0x0000305c      0x15f pegasus_crt.a(skbuff.o)
 .debug_abbrev  0x000031bb      0x17a pegasus_crt.a(utils.o)
 .debug_abbrev  0x00003335      0x204 pegasus_crt.a(forkexit.o)
 .debug_abbrev  0x00003539      0x1c4 pegasus_crt.a(exec.o)
 .debug_abbrev  0x000036fd       0x5c pegasus_crt.a(perror.o)
 .debug_abbrev  0x00003759       0xdd pegasus_crt.a(sscanf.o)
 .debug_abbrev  0x00003836       0x6c pegasus_crt.a(ntohs.o)
 .debug_abbrev  0x000038a2       0xa5 pegasus_crt.a(htonl.o)
 .debug_abbrev  0x00003947       0x6c pegasus_crt.a(htons.o)
 .debug_abbrev  0x000039b3      0x116 pegasus_crt.a(inet_pton.o)
 .debug_abbrev  0x00003ac9       0xa5 pegasus_crt.a(ntohl.o)
 .debug_abbrev  0x00003b6e      0x260 pegasus_crt.a(my_process.o)
 .debug_abbrev  0x00003dce      0x2d1 pegasus_crt.a(ip_input.o)
 .debug_abbrev  0x0000409f      0x332 pegasus_crt.a(tcp.o)
 .debug_abbrev  0x000043d1      0x3e6 pegasus_crt.a(tcp_sock.o)
 .debug_abbrev  0x000047b7      0x236 pegasus_crt.a(icmpv4.o)
 .debug_abbrev  0x000049ed      0x213 pegasus_crt.a(ip_output.o)
 .debug_abbrev  0x00004c00      0x204 pegasus_crt.a(dst.o)
 .debug_abbrev  0x00004e04      0x355 pegasus_crt.a(tcp_input.o)
 .debug_abbrev  0x00005159      0x24e pegasus_crt.a(route.o)
 .debug_abbrev  0x000053a7      0x2d3 pegasus_crt.a(udp.o)
 .debug_abbrev  0x0000567a      0x2a6 pegasus_crt.a(tcp_data.o)
 .debug_abbrev  0x00005920       0x94 pegasus_crt.a(atoi.o)
 .debug_abbrev  0x000059b4       0x91 pegasus_crt.a(strtok.o)
 .debug_abbrev  0x00005a45       0xa5 pegasus_crt.a(strpbrk.o)
 .debug_abbrev  0x00005aea      0x222 pegasus_crt.a(thread.o)
 .debug_abbrev  0x00005d0c      0x3b1 pegasus_crt.a(udp_sock.o)
 .debug_abbrev  0x000060bd      0x273 pegasus_crt.a(sock.o)
 .debug_abbrev  0x00006330      0x39b pegasus_crt.a(tcp_output.o)

.debug_line     0x00000000     0x83dd
 *(.debug_line .debug_line.* .debug_line_end)
 .debug_line    0x00000000      0xe29 pegasus_crt.a(kernel_main_old.o)
 .debug_line    0x00000e29      0x1ff pegasus_crt.a(protect.o)
 .debug_line    0x00001028      0x54e pegasus_crt.a(console.o)
 .debug_line    0x00001576      0x180 pegasus_crt.a(process.o)
 .debug_line    0x000016f6       0x95 pegasus_crt.a(global.o)
 .debug_line    0x0000178b      0x296 pegasus_crt.a(keyboard.o)
 .debug_line    0x00001a21       0xf0 pegasus_crt.a(task_network.o)
 .debug_line    0x00001b11      0x639 pegasus_crt.a(hd.o)
 .debug_line    0x0000214a      0xc23 pegasus_crt.a(fs_main.o)
 .debug_line    0x00002d6d       0xec pegasus_crt.a(main.o)
 .debug_line    0x00002e59      0x7e3 pegasus_crt.a(mem.o)
 .debug_line    0x0000363c      0x18b pegasus_crt.a(exec.o)
 .debug_line    0x000037c7       0xa0 pegasus_crt.a(exit.o)
 .debug_line    0x00003867       0xb7 pegasus_crt.a(wait.o)
 .debug_line    0x0000391e       0xa5 pegasus_crt.a(fork.o)
 .debug_line    0x000039c3       0x9c pegasus_crt.a(strcmp.o)
 .debug_line    0x00003a5f      0x15b pegasus_crt.a(read.o)
 .debug_line    0x00003bba       0xc3 pegasus_crt.a(open.o)
 .debug_line    0x00003c7d       0xc2 pegasus_crt.a(write.o)
 .debug_line    0x00003d3f       0xb3 pegasus_crt.a(close.o)
 .debug_line    0x00003df2      0x253 pegasus_crt.a(double_link_list.o)
 .debug_line    0x00004045      0x24e pegasus_crt.a(netdev.o)
 .debug_line    0x00004293      0x34c pegasus_crt.a(arp.o)
 .debug_line    0x000045df      0x121 pegasus_crt.a(skbuff.o)
 .debug_line    0x00004700      0x13c pegasus_crt.a(utils.o)
 .debug_line    0x0000483c      0x17a pegasus_crt.a(forkexit.o)
 .debug_line    0x000049b6      0x20c pegasus_crt.a(exec.o)
 .debug_line    0x00004bc2       0x48 pegasus_crt.a(perror.o)
 .debug_line    0x00004c0a      0x1d2 pegasus_crt.a(sscanf.o)
 .debug_line    0x00004ddc       0x6c pegasus_crt.a(ntohs.o)
 .debug_line    0x00004e48       0xc1 pegasus_crt.a(htonl.o)
 .debug_line    0x00004f09       0x6c pegasus_crt.a(htons.o)
 .debug_line    0x00004f75      0x167 pegasus_crt.a(inet_pton.o)
 .debug_line    0x000050dc       0xc1 pegasus_crt.a(ntohl.o)
 .debug_line    0x0000519d      0x33b pegasus_crt.a(my_process.o)
 .debug_line    0x000054d8      0x272 pegasus_crt.a(ip_input.o)
 .debug_line    0x0000574a      0x2f5 pegasus_crt.a(tcp.o)
 .debug_line    0x00005a3f      0x57b pegasus_crt.a(tcp_sock.o)
 .debug_line    0x00005fba      0x225 pegasus_crt.a(icmpv4.o)
 .debug_line    0x000061df      0x1fe pegasus_crt.a(ip_output.o)
 .debug_line    0x000063dd      0x15e pegasus_crt.a(dst.o)
 .debug_line    0x0000653b      0x658 pegasus_crt.a(tcp_input.o)
 .debug_line    0x00006b93      0x209 pegasus_crt.a(route.o)
 .debug_line    0x00006d9c      0x2ec pegasus_crt.a(udp.o)
 .debug_line    0x00007088      0x3e9 pegasus_crt.a(tcp_data.o)
 .debug_line    0x00007471       0xad pegasus_crt.a(atoi.o)
 .debug_line    0x0000751e       0x6e pegasus_crt.a(strtok.o)
 .debug_line    0x0000758c       0xb0 pegasus_crt.a(strpbrk.o)
 .debug_line    0x0000763c      0x145 pegasus_crt.a(thread.o)
 .debug_line    0x00007781      0x4b0 pegasus_crt.a(udp_sock.o)
 .debug_line    0x00007c31      0x222 pegasus_crt.a(sock.o)
 .debug_line    0x00007e53      0x58a pegasus_crt.a(tcp_output.o)

.debug_frame
 *(.debug_frame)

.debug_str      0x00000000     0x31fc
 *(.debug_str)
 .debug_str     0x00000000     0x31fc pegasus_crt.a(kernel_main_old.o)
                                0xb7c (size before relaxing)
 .debug_str     0x000031fc      0x76b pegasus_crt.a(protect.o)
 .debug_str     0x000031fc      0x75f pegasus_crt.a(console.o)
 .debug_str     0x000031fc      0x64a pegasus_crt.a(process.o)
 .debug_str     0x000031fc      0x610 pegasus_crt.a(global.o)
 .debug_str     0x000031fc      0x69c pegasus_crt.a(keyboard.o)
 .debug_str     0x000031fc      0x66b pegasus_crt.a(task_network.o)
 .debug_str     0x000031fc      0x9c5 pegasus_crt.a(hd.o)
 .debug_str     0x000031fc      0xafa pegasus_crt.a(fs_main.o)
 .debug_str     0x000031fc      0x598 pegasus_crt.a(main.o)
 .debug_str     0x000031fc      0xa98 pegasus_crt.a(mem.o)
 .debug_str     0x000031fc      0x62c pegasus_crt.a(exec.o)
 .debug_str     0x000031fc      0x5a5 pegasus_crt.a(exit.o)
 .debug_str     0x000031fc      0x5a5 pegasus_crt.a(wait.o)
 .debug_str     0x000031fc      0x59e pegasus_crt.a(fork.o)
 .debug_str     0x000031fc       0xb1 pegasus_crt.a(strcmp.o)
 .debug_str     0x000031fc      0x617 pegasus_crt.a(read.o)
 .debug_str     0x000031fc      0x5de pegasus_crt.a(open.o)
 .debug_str     0x000031fc      0x5db pegasus_crt.a(write.o)
 .debug_str     0x000031fc      0x5a6 pegasus_crt.a(close.o)
 .debug_str     0x000031fc      0x6d1 pegasus_crt.a(double_link_list.o)
 .debug_str     0x000031fc      0x77d pegasus_crt.a(netdev.o)
 .debug_str     0x000031fc      0x2f6 pegasus_crt.a(arp.o)
 .debug_str     0x000031fc      0x1d8 pegasus_crt.a(skbuff.o)
 .debug_str     0x000031fc      0x1b8 pegasus_crt.a(utils.o)
 .debug_str     0x000031fc      0x617 pegasus_crt.a(forkexit.o)
 .debug_str     0x000031fc      0x86d pegasus_crt.a(exec.o)
 .debug_str     0x000031fc       0x99 pegasus_crt.a(perror.o)
 .debug_str     0x000031fc      0x102 pegasus_crt.a(sscanf.o)
 .debug_str     0x000031fc      0x101 pegasus_crt.a(ntohs.o)
 .debug_str     0x000031fc       0xf4 pegasus_crt.a(htonl.o)
 .debug_str     0x000031fc      0x102 pegasus_crt.a(htons.o)
 .debug_str     0x000031fc      0x14c pegasus_crt.a(inet_pton.o)
 .debug_str     0x000031fc       0xf3 pegasus_crt.a(ntohl.o)
 .debug_str     0x000031fc      0x8fe pegasus_crt.a(my_process.o)
 .debug_str     0x000031fc      0x99b pegasus_crt.a(ip_input.o)
 .debug_str     0x000031fc      0xb2d pegasus_crt.a(tcp.o)
 .debug_str     0x000031fc      0xcc0 pegasus_crt.a(tcp_sock.o)
 .debug_str     0x000031fc      0x91a pegasus_crt.a(icmpv4.o)
 .debug_str     0x000031fc      0x856 pegasus_crt.a(ip_output.o)
 .debug_str     0x000031fc      0x722 pegasus_crt.a(dst.o)
 .debug_str     0x000031fc      0xb8d pegasus_crt.a(tcp_input.o)
 .debug_str     0x000031fc      0x743 pegasus_crt.a(route.o)
 .debug_str     0x000031fc      0x94d pegasus_crt.a(udp.o)
 .debug_str     0x000031fc      0xa49 pegasus_crt.a(tcp_data.o)
 .debug_str     0x000031fc       0xad pegasus_crt.a(atoi.o)
 .debug_str     0x000031fc       0xb9 pegasus_crt.a(strtok.o)
 .debug_str     0x000031fc       0xc1 pegasus_crt.a(strpbrk.o)
 .debug_str     0x000031fc      0x717 pegasus_crt.a(thread.o)
 .debug_str     0x000031fc      0xa71 pegasus_crt.a(udp_sock.o)
 .debug_str     0x000031fc      0x8b6 pegasus_crt.a(sock.o)
 .debug_str     0x000031fc      0xc1d pegasus_crt.a(tcp_output.o)

.debug_loc
 *(.debug_loc)

.debug_macinfo
 *(.debug_macinfo)

.debug_weaknames
 *(.debug_weaknames)

.debug_funcnames
 *(.debug_funcnames)

.debug_typenames
 *(.debug_typenames)

.debug_varnames
 *(.debug_varnames)

.debug_pubtypes
 *(.debug_pubtypes)

.debug_ranges   0x00000000       0x90
 *(.debug_ranges)
 .debug_ranges  0x00000000       0x30 pegasus_crt.a(kernel_main_old.o)
 .debug_ranges  0x00000030       0x48 pegasus_crt.a(hd.o)
 .debug_ranges  0x00000078       0x18 pegasus_crt.a(exec.o)

.debug_addr
 *(.debug_addr)

.debug_line_str
 *(.debug_line_str)

.debug_loclists
 *(.debug_loclists)

.debug_macro
 *(.debug_macro)

.debug_names
 *(.debug_names)

.debug_rnglists
 *(.debug_rnglists)

.debug_str_offsets
 *(.debug_str_offsets)

.debug_sup
 *(.debug_sup)

.gnu.attributes
 *(.gnu.attributes)

/DISCARD/
 *(.note.GNU-stack)
 *(.gnu_debuglink)
 *(.gnu.lto_*)
OUTPUT(test elf32-i386)
