Archive member included to satisfy reference by file (symbol)

pegasus_crt.a(kernel_main_old.o)
                              test.o (Printf)
pegasus_crt.a(protect.o)      pegasus_crt.a(kernel_main_old.o) (InitInterruptDesc)
pegasus_crt.a(console.o)      pegasus_crt.a(kernel_main_old.o) (out_char)
pegasus_crt.a(keyboard.o)     pegasus_crt.a(console.o) (keyboard_read)
pegasus_crt.a(process.o)      pegasus_crt.a(kernel_main_old.o) (schedule_process)
pegasus_crt.a(mem.o)          pegasus_crt.a(kernel_main_old.o) (ptr_pde)
pegasus_crt.a(exec.o)         pegasus_crt.a(kernel_main_old.o) (execl)
pegasus_crt.a(fork.o)         pegasus_crt.a(kernel_main_old.o) (fork)
pegasus_crt.a(exit.o)         start.o (exit)
pegasus_crt.a(wait.o)         pegasus_crt.a(kernel_main_old.o) (wait)
pegasus_crt.a(read.o)         pegasus_crt.a(kernel_main_old.o) (read)
pegasus_crt.a(open.o)         pegasus_crt.a(kernel_main_old.o) (open)
pegasus_crt.a(write.o)        pegasus_crt.a(kernel_main_old.o) (write)
pegasus_crt.a(close.o)        pegasus_crt.a(kernel_main_old.o) (close)
pegasus_crt.a(kernel.o)       pegasus_crt.a(kernel_main_old.o) (disp_str)
pegasus_crt.a(syscall.o)      pegasus_crt.a(kernel_main_old.o) (write_debug)
pegasus_crt.a(switch_to.o)    pegasus_crt.a(process.o) (switch_to)
pegasus_crt.a(string.o)       pegasus_crt.a(kernel_main_old.o) (Memcpy2)
pegasus_crt.a(double_link_list.o)
                              pegasus_crt.a(mem.o) (initDoubleLinkList)
pegasus_crt.a(global.o)       pegasus_crt.a(protect.o) (proc_table)
pegasus_crt.a(netdev.o)       pegasus_crt.a(kernel.o) (net_handler)
pegasus_crt.a(task_network.o)
                              pegasus_crt.a(global.o) (task_network)
pegasus_crt.a(hd.o)           pegasus_crt.a(global.o) (TaskHD)
pegasus_crt.a(fs_main.o)      pegasus_crt.a(global.o) (task_fs)
pegasus_crt.a(main.o)         pegasus_crt.a(global.o) (TaskMM)
pegasus_crt.a(strcmp.o)       pegasus_crt.a(fs_main.o) (strcmp)
pegasus_crt.a(perror.o)       pegasus_crt.a(netdev.o) (perror)
pegasus_crt.a(sscanf.o)       pegasus_crt.a(netdev.o) (sscanf)
pegasus_crt.a(ntohs.o)        pegasus_crt.a(netdev.o) (ntohs)
pegasus_crt.a(htons.o)        pegasus_crt.a(netdev.o) (htons)
pegasus_crt.a(inet_pton.o)    pegasus_crt.a(netdev.o) (inet_pton)
pegasus_crt.a(ntohl.o)        pegasus_crt.a(netdev.o) (ntohl)
pegasus_crt.a(hd_rdwt.o)      pegasus_crt.a(hd.o) (read_port)
pegasus_crt.a(ne2000.o)       pegasus_crt.a(netdev.o) (StartSendToPhysicalLink)
pegasus_crt.a(skbuff.o)       pegasus_crt.a(netdev.o) (alloc_skb)
pegasus_crt.a(ip_input.o)     pegasus_crt.a(netdev.o) (ip_rcv)
pegasus_crt.a(icmpv4.o)       pegasus_crt.a(ip_input.o) (icmpv4_incoming)
pegasus_crt.a(tcp.o)          pegasus_crt.a(ip_input.o) (tcp_in)
pegasus_crt.a(route.o)        pegasus_crt.a(task_network.o) (route_init)
pegasus_crt.a(arp.o)          pegasus_crt.a(netdev.o) (arp_rcv)
pegasus_crt.a(tcp_sock.o)     pegasus_crt.a(tcp.o) (tcp_established_or_syn_recvd_socks_remove)
pegasus_crt.a(ipc.o)          pegasus_crt.a(task_network.o) (demux_ipc_socket_call)
pegasus_crt.a(ip_output.o)    pegasus_crt.a(icmpv4.o) (ip_output)
pegasus_crt.a(tcp_input.o)    pegasus_crt.a(tcp.o) (tcp_process)
pegasus_crt.a(udp.o)          pegasus_crt.a(ip_input.o) (udp_in)
pegasus_crt.a(tcp_data.o)     pegasus_crt.a(tcp_input.o) (tcp_data_dequeue)
pegasus_crt.a(utils.o)        pegasus_crt.a(ip_input.o) (print_err)
pegasus_crt.a(forkexit.o)     pegasus_crt.a(main.o) (do_fork)
pegasus_crt.a(exec.o)         pegasus_crt.a(main.o) (do_exec)
pegasus_crt.a(alloca.o)       pegasus_crt.a(ipc.o) (alloca)
pegasus_crt.a(calloc.o)       pegasus_crt.a(ipc.o) (calloc)
pegasus_crt.a(atoi.o)         pegasus_crt.a(sscanf.o) (atoi)
pegasus_crt.a(strtol.o)       pegasus_crt.a(sscanf.o) (strtol)
pegasus_crt.a(strtok.o)       pegasus_crt.a(inet_pton.o) (strtok)
pegasus_crt.a(strpbrk.o)      pegasus_crt.a(strtok.o) (strpbrk)
pegasus_crt.a(htonl.o)        pegasus_crt.a(arp.o) (htonl)
pegasus_crt.a(my_process.o)   pegasus_crt.a(forkexit.o) (fork_process)
pegasus_crt.a(socket.o)       pegasus_crt.a(ipc.o) (_socket)
pegasus_crt.a(udp_sock.o)     pegasus_crt.a(udp.o) (udp_lookup_sock)
pegasus_crt.a(inet.o)         pegasus_crt.a(socket.o) (inet)
pegasus_crt.a(sock.o)         pegasus_crt.a(inet.o) (sk_alloc)
pegasus_crt.a(tcp_output.o)   pegasus_crt.a(tcp_input.o) (tcp_send_synack)
pegasus_crt.a(dst.o)          pegasus_crt.a(ip_output.o) (dst_neigh_output)
pegasus_crt.a(thread.o)       pegasus_crt.a(my_process.o) (thread_init)

Merging program properties

Removed property 0xc0010001 to merge test.o (0x1) and start.o (not found)
Removed property 0xc0010002 to merge test.o (0x0) and start.o (not found)
Removed property 0xc0010001 to merge test.o (not found) and pegasus_crt.a(kernel_main_old.o) (0x1)
Removed property 0xc0010002 to merge test.o (not found) and pegasus_crt.a(kernel_main_old.o) (0x1)
Removed property 0xc0010001 to merge test.o (not found) and pegasus_crt.a(protect.o) (0x1)
[...]
Memory Configuration

Name             Origin             Length             Attributes
*default*        0x00000000         0xffffffff

Linker script and memory map

Address of section .text set to 0xb0800000
LOAD test.o
LOAD start.o
LOAD pegasus_crt.a
                [!provide]                        PROVIDE (__executable_start = SEGMENT_START ("text-segment", 0x8048000))
                0x080480d4                        . = (SEGMENT_START ("text-segment", 0x8048000) + SIZEOF_HEADERS)

.interp
 *(.interp)

.note.gnu.build-id
 *(.note.gnu.build-id)

.hash
 *(.hash)

.gnu.hash
 *(.gnu.hash)

.dynsym
 *(.dynsym)

.dynstr
 *(.dynstr)

.gnu.version
 *(.gnu.version)

.gnu.version_d
 *(.gnu.version_d)

.gnu.version_r
 *(.gnu.version_r)

.rel.dyn        0x080480d4        0x0
 *(.rel.init)
 *(.rel.text .rel.text.* .rel.gnu.linkonce.t.*)
 .rel.text      0x080480d4        0x0 test.o
 *(.rel.fini)
 *(.rel.rodata .rel.rodata.* .rel.gnu.linkonce.r.*)
 *(.rel.data.rel.ro .rel.data.rel.ro.* .rel.gnu.linkonce.d.rel.ro.*)
 *(.rel.data .rel.data.* .rel.gnu.linkonce.d.*)
 *(.rel.tdata .rel.tdata.* .rel.gnu.linkonce.td.*)
 *(.rel.tbss .rel.tbss.* .rel.gnu.linkonce.tb.*)
 *(.rel.ctors)
 *(.rel.dtors)
 *(.rel.got)
 .rel.got       0x080480d4        0x0 test.o
 *(.rel.bss .rel.bss.* .rel.gnu.linkonce.b.*)
 *(.rel.ifunc)

.rel.plt        0x080480d4        0x0
 *(.rel.plt)
                [!provide]                        PROVIDE (__rel_iplt_start = .)
 *(.rel.iplt)
 .rel.iplt      0x080480d4        0x0 test.o
                [!provide]                        PROVIDE (__rel_iplt_end = .)

.relr.dyn
 *(.relr.dyn)
                0x08049000                        . = ALIGN (CONSTANT (MAXPAGESIZE))

.init
 *(SORT_NONE(.init))

.plt            0x08049000        0x0
 *(.plt)
 *(.iplt)
 .iplt          0x08049000        0x0 test.o

.plt.got
 *(.plt.got)

.plt.sec
 *(.plt.sec)

.text           0xb0800000    0x12a83
 *(.text.unlikely .text.*_unlikely .text.unlikely.*)
 *(.text.exit .text.exit.*)
 *(.text.startup .text.startup.*)
 *(.text.hot .text.hot.*)
 *(SORT_BY_NAME(.text.sorted.*))
 *(.text .stub .text.* .gnu.linkonce.t.*)
 .text          0xb0800000       0x3e test.o
                0xb0800000                main
 *fill*         0xb080003e        0x2 
 .text          0xb0800040       0x15 start.o
                0xb0800040                _start
 .text          0xb0800055     0x2d8b pegasus_crt.a(kernel_main_old.o)
                0xb0800055                stop_here
                0xb0800099                catch_error
                0xb08000fe                intr_enable
                0xb0800127                intr_disable
                0xb0800150                intr_set_status
                0xb080016e                intr_get_status
                0xb080018b                Memcpy
                0xb08001be                untar
                0xb08004ce                num_to_string
                0xb0800574                disp_int
                0xb080059d                do_page_fault
                0xb08006da                exception_handler
                0xb08008c5                init_internal_interrupt
                0xb0800a3a                spurious_irq
                0xb0800ac8                init_keyboard
                0xb0800b0b                TestTTY
                0xb0800baa                TestReadReturnValue
                0xb0800c27                TestWriteReturnValue
                0xb0800cfb                TestFS2
                0xb0800d09                TestFS
                0xb08011ab                wait_exit
                0xb08012a9                INIT_fork
                0xb080159c                simple_shell
                0xb0801723                test_shell
                0xb080178b                test_exec
                0xb080187e                INIT
                0xb080188b                TestA
                0xb08018c0                delay
                0xb0801904                TestB
                0xb080191c                TestC
                0xb080194f                sys_get_ticks
                0xb080195f                sys_write
                0xb08019b3                milli_delay
                0xb08019dd                TaskSys
                0xb08019e2                Printf
                0xb0801ab4                sprintf
                0xb0801ae0                vsprintf
                0xb0801c8c                printx
                0xb0801ccf                sys_printx
                0xb0801d9b                spin
                0xb0801dc1                panic
                0xb0801ddf                assertion_failure
                0xb0801e51                assertion_failure2
                0xb0801ec6                dead_lock
                0xb0801ed0                sys_send_msg
                0xb08023ef                sys_receive_msg
                0xb0802a4f                send_rec
                0xb0802b4a                block
                0xb0802b86                unblock
                0xb0802bd6                get_ticks_ipc
                0xb0802be9                itoa
                0xb0802c3f                i2a
                0xb0802ca5                inform_int
                0xb0802d71                deprecate_strcmp
 .text          0xb0802de0      0x3b3 pegasus_crt.a(protect.o)
                0xb0802de0                InitDescriptor
                0xb0802e4d                Seg2PhyAddr
                0xb0802e8e                Seg2PhyAddrLDT
                0xb0802ed2                VirAddr2PhyAddr
                0xb0802ee8                v2l
                0xb0802f2b                init_propt
                0xb08030ac                InitInterruptDesc
                0xb0803108                ReloadGDT
 .text          0xb0803193      0xad3 pegasus_crt.a(console.o)
                0xb0803193                select_console
                0xb08031cf                flush
                0xb0803208                set_cursor
                0xb0803266                set_console_start_video_addr
                0xb08032c4                put_key
                0xb0803330                scroll_up
                0xb0803372                scroll_down
                0xb08033dd                out_char
                0xb080359a                tty_dev_read
                0xb08035c4                tty_dev_write
                0xb08037f1                tty_do_read
                0xb08038b9                tty_do_write
                0xb0803a22                init_screen
                0xb0803aab                init_tty
                0xb0803b60                TaskTTY
 .text          0xb0803c66      0x40f pegasus_crt.a(keyboard.o)
                0xb0803c66                keyboard_handler
                0xb0803cea                read_from_keyboard_buf
                0xb0803d50                keyboard_read
                0xb0803ecf                init_keyboard_handler
                0xb0803ee3                in_process
 .text          0xb0804075      0x2d3 pegasus_crt.a(process.o)
                0xb0804075                schedule_process
                0xb080423b                clock_handler
                0xb08042cd                pid2proc
                0xb0804331                proc2pid
 .text          0xb0804348     0x1118 pegasus_crt.a(mem.o)
                0xb0804348                init_bitmap
                0xb080436b                test_bit_val
                0xb08043d4                set_bit_val
                0xb080444f                set_bits
                0xb0804489                get_first_free_bit
                0xb08044cd                get_bits
                0xb0804595                get_a_page
                0xb0804649                get_virtual_address_start_with_addr
                0xb08046e3                get_virtual_address
                0xb0804773                ptr_pde
                0xb0804786                ptr_pte
                0xb08047ad                add_map_entry
                0xb080483e                alloc_virtual_memory
                0xb080490a                get_physical_address_proc
                0xb0804986                get_physical_address
                0xb08049b8                alloc_physical_memory_of_proc
                0xb0804aa7                alloc_physical_memory
                0xb0804b6f                alloc_memory
                0xb0804bd1                get_a_virtual_page
                0xb0804c09                block2arena
                0xb0804c1f                sys_malloc2
                0xb0804f4c                remove_map_entry
                0xb0804f6d                free_a_page
                0xb0805014                sys_free2
                0xb080501a                init_memory_block_desc
                0xb08050eb                init_memory2
                0xb0805320                init_memory
 .text          0xb0805460      0x285 pegasus_crt.a(exec.o)
                0xb0805460                exec
                0xb08054d1                execv
                0xb08056c0                execl
 .text          0xb08056e5       0x4b pegasus_crt.a(fork.o)
                0xb08056e5                fork
 .text          0xb0805730       0x2f pegasus_crt.a(exit.o)
                0xb0805730                exit
 .text          0xb080575f       0x44 pegasus_crt.a(wait.o)
                0xb080575f                wait
 .text          0xb08057a3      0x181 pegasus_crt.a(read.o)
                0xb08057a3                read
 .text          0xb0805924       0x95 pegasus_crt.a(open.o)
                0xb0805924                open
 .text          0xb08059b9       0x85 pegasus_crt.a(write.o)
                0xb08059b9                write
 .text          0xb0805a3e       0x52 pegasus_crt.a(close.o)
                0xb0805a3e                close
 .text          0xb0805a90      0x3d2 pegasus_crt.a(kernel.o)
                0xb0805a90                InterruptTest
                0xb0805a9c                disp_str_len
                0xb0805ae9                disp_str
                0xb0805b24                disp_str_colour
                0xb0805b60                divide_zero_fault
                0xb0805b66                single_step_fault
                0xb0805b6c                non_maskable_interrupt
                0xb0805b72                breakpoint_trap
                0xb0805b78                overflow_trap
                0xb0805b7e                bound_range_exceeded_fault
                0xb0805b84                invalid_opcode_fault
                0xb0805b8a                coprocessor_not_available_fault
                0xb0805b90                double_fault_exception_abort
                0xb0805b94                coprocessor_segment_overrun
                0xb0805b9a                invalid_task_state_segment_fault
                0xb0805b9e                segment_not_present_fault
                0xb0805ba2                stack_exception_fault
                0xb0805ba6                general_protection_exception_fault
                0xb0805bb1                page_fault
                0xb0805bb5                coprocessor_error_fault
                0xb0805bbb                align_check_fault
                0xb0805bbf                simd_float_exception_fault
                0xb0805bce                hwint0
                0xb0805bfe                hwint1
                0xb0805c41                hwint14
                0xb0805c87                hwint10
                0xb0805cca                sys_call
                0xb0805d10                fork_restart
                0xb0805d1f                restart
                0xb0805d42                in_byte
                0xb0805d4e                out_byte
                0xb0805d70                disable_int
                0xb0805d72                enable_int
                0xb0805e08                enable_8259A_casecade_irq
                0xb0805e12                disable_8259A_casecade_irq
                0xb0805e1c                enable_8259A_slave_winchester_irq
                0xb0805e26                disable_8259A_slave_winchester_irq
                0xb0805e30                update_cr3
                0xb0805e3d                update_tss
                0xb0805e4c                get_running_thread_pcb
                0xb0805e52                sys_call_test
                0xb0805e55                enable_8259A_slave_net_irq
 *fill*         0xb0805e62        0xe 
 .text          0xb0805e70       0x6a pegasus_crt.a(syscall.o)
                0xb0805e70                write_debug
                0xb0805e80                send_msg
                0xb0805e96                receive_msg
                0xb0805eac                sys_malloc
                0xb0805ec1                sys_free
 *fill*         0xb0805eda        0x6 
 .text          0xb0805ee0       0x15 pegasus_crt.a(switch_to.o)
                0xb0805ee0                switch_to
 .text          0xb0805ef5      0x2ee pegasus_crt.a(double_link_list.o)
                0xb0805ef5                initDoubleLinkList
                0xb0805f45                isListEmpty
                0xb0805f73                findElementInList
                0xb080600a                appendToDoubleLinkList
                0xb08060d0                insertToDoubleLinkList
                0xb0806154                popFromDoubleLinkList
 .text          0xb08061e3        0x0 pegasus_crt.a(global.o)
 .text          0xb08061e3      0xa11 pegasus_crt.a(netdev.o)
                0xb0806371                netdev_init
                0xb08063b8                netdev_transmit
                0xb080651a                interrupt_wait2
                0xb0806573                netdev_rx_loop
                0xb0806664                call_netdev_get
                0xb08067ae                netdev_get
                0xb0806863                free_netdev
                0xb080688e                local_ipaddress
                0xb08068cb                receive_msg_from_nic
                0xb0806ab2                receive_msg_from_nic2
                0xb0806bde                net_handler
 .text          0xb0806bf4      0x2f9 pegasus_crt.a(task_network.o)
                0xb0806c48                init_dev
                0xb0806d52                task_network
                0xb0806ea3                task_netdev_rx
 .text          0xb0806eed      0xe84 pegasus_crt.a(hd.o)
                0xb0806eed                TaskHD
                0xb0806f38                init_hd
                0xb0806f52                hd_handle
                0xb0807057                hd_cmd_out
                0xb0807159                hd_identify
                0xb0807210                print_hdinfo
                0xb080739e                print_dpt_entry
                0xb080740a                get_partition_table
                0xb08074e9                partition
                0xb0807703                hd_open
                0xb08077b3                get_hd_ioctl
                0xb080786d                wait_for
                0xb080789e                interrupt_wait
                0xb08078f7                hd_rdwt
                0xb0807b99                hd_handler
                0xb0807bca                debug_ticks
                0xb0807c08                waitfor
                0xb0807c4c                print_hd_info
                0xb0807d39                is_empty
 .text          0xb0807d71     0x2081 pegasus_crt.a(fs_main.o)
                0xb0807d71                task_fs
                0xb0807f85                rd_wt
                0xb0808067                mkfs
                0xb0808649                init_fs
                0xb08086a3                do_open
                0xb08088ac                search_file
                0xb08089de                strip_path
                0xb0808aaa                get_inode
                0xb0808c6c                create_file
                0xb0808d77                alloc_imap_bit
                0xb0808e74                alloc_smap_bit
                0xb0809015                new_inode
                0xb0809133                new_dir_entry
                0xb080933f                do_unlink
                0xb080981b                do_rdwt
                0xb0809ba6                sync_inode
                0xb0809cfa                put_inode
                0xb0809d38                do_close
                0xb0809d8a                get_super_block
 .text          0xb0809df2      0x14e pegasus_crt.a(main.o)
                0xb0809df2                TaskMM
                0xb0809f21                alloc_mem
 .text          0xb0809f40       0xa8 pegasus_crt.a(strcmp.o)
                0xb0809f40                strcmp
 .text          0xb0809fe8       0x17 pegasus_crt.a(perror.o)
                0xb0809fe8                perror
 .text          0xb0809fff      0x335 pegasus_crt.a(sscanf.o)
                0xb0809fff                sscanf
 .text          0xb080a334       0x38 pegasus_crt.a(ntohs.o)
                0xb080a334                ntohs
 .text          0xb080a36c       0x38 pegasus_crt.a(htons.o)
                0xb080a36c                htons
 .text          0xb080a3a4      0x295 pegasus_crt.a(inet_pton.o)
                0xb080a3a4                isValidIPv4
                0xb080a52e                inet_pton
 .text          0xb080a639       0x7c pegasus_crt.a(ntohl.o)
                0xb080a639                ntohl
 *fill*         0xb080a6b5        0xb 
 .text          0xb080a6c0      0x28d pegasus_crt.a(ne2000.o)
                0xb080a6e3                DriverInitialize
                0xb080a76d                StartSendToPhysicalLink
                0xb080a788                SetPageStart
                0xb080a7b7                DriverSend
                0xb080a831                PCtoNIC
                0xb080a89c                get_interrupt_status
                0xb080a8b9                set_interrupt_status
                0xb080a8d9                get_curr_page
                0xb080a8f6                NICtoPC
 .text          0xb080a94d      0x15b pegasus_crt.a(skbuff.o)
                0xb080a966                alloc_skb
                0xb080a9f7                free_skb
                0xb080aa2a                skb_reserve
                0xb080aa46                skb_push
                0xb080aa75                skb_head
                0xb080aa80                skb_reset_header
 .text          0xb080aaa8      0x31b pegasus_crt.a(ip_input.o)
                0xb080ac32                ip_rcv
 .text          0xb080adc3      0x234 pegasus_crt.a(icmpv4.o)
                0xb080add1                icmpv4_incoming
                0xb080ae45                icmpv4_reply
                0xb080af1e                icmpv4_timestamp
 .text          0xb080aff7      0x450 pegasus_crt.a(tcp.o)
                0xb080b1ec                tcp_in
                0xb080b2a0                tcp_checksum
                0xb080b2cc                __tcp_set_state
                0xb080b2db                tcp_generate_port
                0xb080b324                tcp_generate_isn
                0xb080b336                tcp_done
                0xb080b35f                tcp_clear_timers
                0xb080b36e                tcp_stop_retransmission_timer
                0xb080b387                tcp_release_retransmission_timer
                0xb080b3a0                tcp_stop_delack_timer
                0xb080b3b3                tcp_release_delack_timer
                0xb080b3c6                tcp_handle_fin_state
                0xb080b42b                tcp_enter_time_wait
 .text          0xb080b447      0x42e pegasus_crt.a(route.o)
                0xb080b557                route_add
                0xb080b59e                route_init
                0xb080b650                call_route_lookup
                0xb080b79a                route_lookup
 .text          0xb080b875      0xbdd pegasus_crt.a(arp.o)
                0xb080b99e                call_update_arp_translation_table
                0xb080bbd6                insert_arp_translation_table
                0xb080bc58                update_arp_translation_table
                0xb080bd17                arp_init
                0xb080bd1d                arp_rcv
                0xb080bf06                arp_request
                0xb080c073                arp_reply
                0xb080c1d6                call_arp_get_hwaddr
                0xb080c320                arp_get_hwaddr
                0xb080c401                free_arp
 .text          0xb080c452      0xa2a pegasus_crt.a(tcp_sock.o)
                0xb080c711                tcp_established_or_syn_recvd_socks_enqueue
                0xb080c728                tcp_established_or_syn_recvd_socks_remove
                0xb080c73a                tcp_connecting_or_listening_socks_enqueue
                0xb080c751                tcp_connecting_or_listening_socks_remove
                0xb080c763                tcp_alloc_sock
                0xb080c879                tcp_free_sock
                0xb080c8f2                tcp_init
                0xb080c8fc                tcp_sock_init
                0xb080c99f                tcp_write
                0xb080c9e0                tcp_read
                0xb080ca93                tcp_close
                0xb080cb51                tcp_recv_notify
                0xb080cb7c                tcp_v4_connect
                0xb080cdcf                tcp_lookup_sock
 .text          0xb080ce7c      0xe3f pegasus_crt.a(ipc.o)
                0xb080da68                ipc_close
                0xb080dab9                ipc_call_from_netdev_rx
                0xb080daf1                demux_ipc_socket_call
 .text          0xb080dcbb      0x1d3 pegasus_crt.a(ip_output.o)
                0xb080dcc9                ip_output
 .text          0xb080de8e      0xb90 pegasus_crt.a(tcp_input.o)
                0xb080e586                tcp_process
                0xb080e95c                tcp_receive
 .text          0xb080ea1e      0x3e0 pegasus_crt.a(udp.o)
                0xb080eb29                udp_generate_port
                0xb080eb72                udp_checksum
                0xb080ec40                udp_in
                0xb080ecd1                udp_data_dequeue
                0xb080edd9                udp_data_enqueue
 .text          0xb080edfe      0x54a pegasus_crt.a(tcp_data.o)
                0xb080f0e9                tcp_data_dequeue
                0xb080f216                tcp_data_queue
 .text          0xb080f348      0x1e7 pegasus_crt.a(utils.o)
                0xb080f348                run_cmd
                0xb080f355                print_err
                0xb080f36c                parse_ipv4_string
                0xb080f3cb                ip_pton
                0xb080f413                sum_every_16bits
                0xb080f46a                checksum
                0xb080f4ab                tcp_udp_checksum
 .text          0xb080f52f      0x24f pegasus_crt.a(forkexit.o)
                0xb080f52f                do_fork
                0xb080f59d                do_exit
                0xb080f627                do_wait
                0xb080f724                cleanup
 .text          0xb080f77e      0x419 pegasus_crt.a(exec.o)
                0xb080f77e                do_exec
 .text          0xb080fb97       0x29 pegasus_crt.a(alloca.o)
                0xb080fb97                alloca
 .text          0xb080fbc0       0x46 pegasus_crt.a(calloc.o)
                0xb080fbc0                calloc
 .text          0xb080fc06       0x9c pegasus_crt.a(atoi.o)
                0xb080fc06                atoi
 .text          0xb080fca2       0xca pegasus_crt.a(strtol.o)
                0xb080fca2                strtol
 .text          0xb080fd6c       0x85 pegasus_crt.a(strtok.o)
                0xb080fd6c                strtok
 .text          0xb080fdf1       0x90 pegasus_crt.a(strpbrk.o)
                0xb080fdf1                strpbrk
 .text          0xb080fe81       0x7c pegasus_crt.a(htonl.o)
                0xb080fe81                htonl
 .text          0xb080fefd      0x730 pegasus_crt.a(my_process.o)
                0xb080fefd                create_user_process_address_space
                0xb080ff8d                user_process
                0xb08100ba                clone_pcb
                0xb081022c                build_body_stack
                0xb081035f                build_process_kernel_stack
                0xb0810422                fork_process
                0xb08104b3                process_execute
 .text          0xb081062d      0x66c pegasus_crt.a(socket.o)
                0xb08106dd                test
                0xb0810739                socket_debug
                0xb081079a                free_socket
                0xb0810856                _socket
                0xb0810915                _bind
                0xb0810968                _connect
                0xb08109ba                _write
                0xb0810a11                _read
                0xb0810a68                _recvfrom
                0xb0810aa9                _sendto
                0xb0810b00                _close
                0xb0810b7f                _listen
                0xb0810be5                _accept
 .text          0xb0810c99      0x8cd pegasus_crt.a(udp_sock.o)
                0xb0810ed7                udp_lookup_sock
                0xb0810f1e                udp_init
                0xb0810f4f                udp_close
                0xb0810f75                udp_sock_init
                0xb0810f7f                udp_recvfrom
                0xb0811018                udp_connect
                0xb08110f1                udp_write
                0xb081111d                udp_alloc_skb
                0xb0811167                udp_sendto
                0xb081125b                udp_send
                0xb0811399                udp_alloc_sock
                0xb08113da                udp_free_sock
                0xb08113fe                udp_read
 .text          0xb0811566      0x429 pegasus_crt.a(inet.o)
                0xb0811566                inet_create
                0xb0811616                inet_socket
                0xb0811620                inet_connect
                0xb0811674                inet_write
                0xb08116a0                inet_read
                0xb08116cc                inet_close
                0xb081171b                inet_free
                0xb0811751                inet_bind
                0xb081185a                inet_listen
                0xb08118a3                inet_accept
                0xb081194e                inet_sendto
                0xb0811979                inet_recvfrom
 .text          0xb081198f      0x203 pegasus_crt.a(sock.o)
                0xb0811ac1                sk_alloc
                0xb0811ae8                sk_init
                0xb0811b3c                sk_init_with_socket
                0xb0811b65                sk_free
 .text          0xb0811b92      0xbbe pegasus_crt.a(tcp_output.o)
                0xb0812058                tcp_send_synack
                0xb08120fb                tcp_send_delack
                0xb0812136                tcp_send_ack
                0xb0812282                tcp_send_fin
                0xb08122f7                tcp_select_initial_window
                0xb08124a9                tcp_reset_retransmission_timer
                0xb08124c6                tcp_begin_connect
                0xb0812570                tcp_send
                0xb0812655                tcp_send_reset
                0xb08126d5                tcp_queue_fin
 .text          0xb0812750      0x181 pegasus_crt.a(dst.o)
                0xb081275e                print_array
                0xb08127d2                dst_neigh_output
 .text          0xb08128d1      0x1b2 pegasus_crt.a(thread.o)
                0xb08128d1                kernel_thread
                0xb08128e9                thread_init
                0xb0812996                thread_create
                0xb08129cb                thread_start
 *(.gnu.warning)

.fini
 *(SORT_NONE(.fini))
                [!provide]                        PROVIDE (__etext = .)
                [!provide]                        PROVIDE (_etext = .)
                [!provide]                        PROVIDE (etext = .)
                0xb0813000                        . = ALIGN (CONSTANT (MAXPAGESIZE))
                0xb0813000                        . = SEGMENT_START ("rodata-segment", (ALIGN (CONSTANT (MAXPAGESIZE)) + (. & (CONSTANT (MAXPAGESIZE) - 0x1))))

.rodata         0xb0813000     0x1bf3
 *(.rodata .rodata.* .gnu.linkonce.r.*)
 .rodata        0xb0813000       0x10 test.o
 *fill*         0xb0813010       0x10 
 .rodata        0xb0813020      0xb61 pegasus_crt.a(kernel_main_old.o)
 .rodata        0xb0813b81       0x22 pegasus_crt.a(console.o)
 *fill*         0xb0813ba3        0x1 
 .rodata        0xb0813ba4       0x4c pegasus_crt.a(process.o)
 .rodata        0xb0813bf0       0x5a pegasus_crt.a(mem.o)
 .rodata        0xb0813c4a       0x2d pegasus_crt.a(exec.o)
 .rodata        0xb0813c77       0x2a pegasus_crt.a(close.o)
 .rodata        0xb0813ca1       0x3c pegasus_crt.a(double_link_list.o)
 *fill*         0xb0813cdd        0x3 
 .rodata        0xb0813ce0      0x16e pegasus_crt.a(netdev.o)
 *fill*         0xb0813e4e        0x2 
 .rodata        0xb0813e50       0x91 pegasus_crt.a(task_network.o)
 *fill*         0xb0813ee1        0x3 
 .rodata        0xb0813ee4      0x19c pegasus_crt.a(hd.o)
 .rodata        0xb0814080      0x1fb pegasus_crt.a(fs_main.o)
                0xb0814080                FSBUF_SIZE
 .rodata        0xb081427b       0x11 pegasus_crt.a(main.o)
 .rodata        0xb081428c        0x3 pegasus_crt.a(inet_pton.o)
 .rodata        0xb081428f        0x9 pegasus_crt.a(skbuff.o)
 .rodata        0xb0814298       0xe6 pegasus_crt.a(ip_input.o)
 *fill*         0xb081437e        0x2 
 .rodata        0xb0814380       0x32 pegasus_crt.a(icmpv4.o)
 *fill*         0xb08143b2        0x2 
 .rodata        0xb08143b4       0x31 pegasus_crt.a(tcp.o)
 *fill*         0xb08143e5        0x3 
 .rodata        0xb08143e8       0x36 pegasus_crt.a(route.o)
 *fill*         0xb081441e        0x2 
 .rodata        0xb0814420       0xbd pegasus_crt.a(arp.o)
 *fill*         0xb08144dd        0x3 
 .rodata        0xb08144e0       0xe8 pegasus_crt.a(tcp_sock.o)
 .rodata        0xb08145c8      0x174 pegasus_crt.a(ipc.o)
 .rodata        0xb081473c        0x9 pegasus_crt.a(ip_output.o)
 *fill*         0xb0814745        0x3 
 .rodata        0xb0814748       0x6c pegasus_crt.a(tcp_input.o)
 .rodata        0xb08147b4        0x9 pegasus_crt.a(udp.o)
 .rodata        0xb08147bd       0x1e pegasus_crt.a(tcp_data.o)
 *fill*         0xb08147db        0x1 
 .rodata        0xb08147dc       0x41 pegasus_crt.a(utils.o)
 .rodata        0xb081481d       0x21 pegasus_crt.a(forkexit.o)
 .rodata        0xb081483e       0x10 pegasus_crt.a(exec.o)
 *fill*         0xb081484e        0x2 
 .rodata        0xb0814850      0x23d pegasus_crt.a(socket.o)
 *fill*         0xb0814a8d        0x3 
 .rodata        0xb0814a90       0x2d pegasus_crt.a(udp_sock.o)
 *fill*         0xb0814abd        0x3 
 .rodata        0xb0814ac0       0x48 pegasus_crt.a(inet.o)
 .rodata        0xb0814b08        0x9 pegasus_crt.a(sock.o)
 *fill*         0xb0814b11        0x3 
 .rodata        0xb0814b14       0xc3 pegasus_crt.a(tcp_output.o)
 .rodata        0xb0814bd7       0x1c pegasus_crt.a(dst.o)

.txt            0xb0814bf3       0xaa
 .txt           0xb0814bf3       0x82 pegasus_crt.a(string.o)
                0xb0814bf3                Memcpy2
                0xb0814c21                Memset
                0xb0814c40                Strcpy
                0xb0814c5a                Strlen
 .txt           0xb0814c75       0x28 pegasus_crt.a(hd_rdwt.o)
                0xb0814c75                read_port
                0xb0814c89                write_port

.rodata1
 *(.rodata1)

.eh_frame_hdr
 *(.eh_frame_hdr)
 *(.eh_frame_entry .eh_frame_entry.*)

.eh_frame       0xb0814ca0     0x4134
 *(.eh_frame)
 .eh_frame      0xb0814ca0       0x44 test.o
 .eh_frame      0xb0814ce4      0x6cc pegasus_crt.a(kernel_main_old.o)
                                0x6e4 (size before relaxing)
 .eh_frame      0xb08153b0      0x100 pegasus_crt.a(protect.o)
                                0x118 (size before relaxing)
 .eh_frame      0xb08154b0      0x1e0 pegasus_crt.a(console.o)
                                0x1f8 (size before relaxing)
 .eh_frame      0xb0815690       0xa0 pegasus_crt.a(keyboard.o)
                                 0xb8 (size before relaxing)
 .eh_frame      0xb0815730       0x80 pegasus_crt.a(process.o)
                                 0x98 (size before relaxing)
 .eh_frame      0xb08157b0      0x364 pegasus_crt.a(mem.o)
                                0x37c (size before relaxing)
 .eh_frame      0xb0815b14       0x60 pegasus_crt.a(exec.o)
                                 0x78 (size before relaxing)
 .eh_frame      0xb0815b74       0x20 pegasus_crt.a(fork.o)
                                 0x38 (size before relaxing)
 .eh_frame      0xb0815b94       0x20 pegasus_crt.a(exit.o)
                                 0x38 (size before relaxing)
 .eh_frame      0xb0815bb4       0x20 pegasus_crt.a(wait.o)
                                 0x38 (size before relaxing)
 .eh_frame      0xb0815bd4       0x20 pegasus_crt.a(read.o)
                                 0x38 (size before relaxing)
 .eh_frame      0xb0815bf4       0x20 pegasus_crt.a(open.o)
                                 0x38 (size before relaxing)
 .eh_frame      0xb0815c14       0x20 pegasus_crt.a(write.o)
                                 0x38 (size before relaxing)
 .eh_frame      0xb0815c34       0x20 pegasus_crt.a(close.o)
                                 0x38 (size before relaxing)
 .eh_frame      0xb0815c54       0xc0 pegasus_crt.a(double_link_list.o)
                                 0xd8 (size before relaxing)
 .eh_frame      0xb0815d14      0x230 pegasus_crt.a(netdev.o)
                                0x248 (size before relaxing)
 .eh_frame      0xb0815f44       0x80 pegasus_crt.a(task_network.o)
                                 0x98 (size before relaxing)
 .eh_frame      0xb0815fc4      0x264 pegasus_crt.a(hd.o)
                                0x27c (size before relaxing)
 .eh_frame      0xb0816228      0x27c pegasus_crt.a(fs_main.o)
                                0x294 (size before relaxing)
 .eh_frame      0xb08164a4       0x3c pegasus_crt.a(main.o)
                                 0x54 (size before relaxing)
 .eh_frame      0xb08164e0       0x20 pegasus_crt.a(strcmp.o)
                                 0x38 (size before relaxing)
 .eh_frame      0xb0816500       0x20 pegasus_crt.a(perror.o)
                                 0x38 (size before relaxing)
 .eh_frame      0xb0816520       0x20 pegasus_crt.a(sscanf.o)
                                 0x38 (size before relaxing)
 .eh_frame      0xb0816540       0x20 pegasus_crt.a(ntohs.o)
                                 0x38 (size before relaxing)
 .eh_frame      0xb0816560       0x20 pegasus_crt.a(htons.o)
                                 0x38 (size before relaxing)
 .eh_frame      0xb0816580       0x40 pegasus_crt.a(inet_pton.o)
                                 0x58 (size before relaxing)
 .eh_frame      0xb08165c0       0x20 pegasus_crt.a(ntohl.o)
                                 0x38 (size before relaxing)
 .eh_frame      0xb08165e0       0xe0 pegasus_crt.a(skbuff.o)
                                 0xf8 (size before relaxing)
 .eh_frame      0xb08166c0      0x104 pegasus_crt.a(ip_input.o)
                                0x11c (size before relaxing)
 .eh_frame      0xb08167c4       0x80 pegasus_crt.a(icmpv4.o)
                                 0x98 (size before relaxing)
 .eh_frame      0xb0816844      0x268 pegasus_crt.a(tcp.o)
                                0x280 (size before relaxing)
 .eh_frame      0xb0816aac      0x104 pegasus_crt.a(route.o)
                                0x11c (size before relaxing)
 .eh_frame      0xb0816bb0      0x220 pegasus_crt.a(arp.o)
                                0x238 (size before relaxing)
 .eh_frame      0xb0816dd0      0x4c0 pegasus_crt.a(tcp_sock.o)
                                0x4d8 (size before relaxing)
 .eh_frame      0xb0817290      0x274 pegasus_crt.a(ipc.o)
                                0x28c (size before relaxing)
 .eh_frame      0xb0817504       0x40 pegasus_crt.a(ip_output.o)
                                 0x58 (size before relaxing)
 .eh_frame      0xb0817544      0x300 pegasus_crt.a(tcp_input.o)
                                0x318 (size before relaxing)
 .eh_frame      0xb0817844      0x1e4 pegasus_crt.a(udp.o)
                                0x1fc (size before relaxing)
 .eh_frame      0xb0817a28      0x200 pegasus_crt.a(tcp_data.o)
                                0x218 (size before relaxing)
 .eh_frame      0xb0817c28       0xe4 pegasus_crt.a(utils.o)
                                 0xfc (size before relaxing)
 .eh_frame      0xb0817d0c       0x80 pegasus_crt.a(forkexit.o)
                                 0x98 (size before relaxing)
 .eh_frame      0xb0817d8c       0x20 pegasus_crt.a(exec.o)
                                 0x38 (size before relaxing)
 .eh_frame      0xb0817dac       0x20 pegasus_crt.a(alloca.o)
                                 0x38 (size before relaxing)
 .eh_frame      0xb0817dcc       0x20 pegasus_crt.a(calloc.o)
                                 0x38 (size before relaxing)
 .eh_frame      0xb0817dec       0x20 pegasus_crt.a(atoi.o)
                                 0x38 (size before relaxing)
 .eh_frame      0xb0817e0c       0x20 pegasus_crt.a(strtol.o)
                                 0x38 (size before relaxing)
 .eh_frame      0xb0817e2c       0x20 pegasus_crt.a(strtok.o)
                                 0x38 (size before relaxing)
 .eh_frame      0xb0817e4c       0x20 pegasus_crt.a(strpbrk.o)
                                 0x38 (size before relaxing)
 .eh_frame      0xb0817e6c       0x20 pegasus_crt.a(htonl.o)
                                 0x38 (size before relaxing)
 .eh_frame      0xb0817e8c       0xe0 pegasus_crt.a(my_process.o)
                                 0xf8 (size before relaxing)
 .eh_frame      0xb0817f6c      0x2a0 pegasus_crt.a(socket.o)
                                0x2b8 (size before relaxing)
 .eh_frame      0xb081820c      0x404 pegasus_crt.a(udp_sock.o)
                                0x41c (size before relaxing)
 .eh_frame      0xb0818610      0x180 pegasus_crt.a(inet.o)
                                0x198 (size before relaxing)
 .eh_frame      0xb0818790      0x1a0 pegasus_crt.a(sock.o)
                                0x1b8 (size before relaxing)
 .eh_frame      0xb0818930      0x3c4 pegasus_crt.a(tcp_output.o)
                                0x3dc (size before relaxing)
 .eh_frame      0xb0818cf4       0x60 pegasus_crt.a(dst.o)
                                 0x78 (size before relaxing)
 .eh_frame      0xb0818d54       0x80 pegasus_crt.a(thread.o)
                                 0x98 (size before relaxing)
 *(.eh_frame.*)

.sframe
 *(.sframe)
 *(.sframe.*)

.gcc_except_table
 *(.gcc_except_table .gcc_except_table.*)

.gnu_extab
 *(.gnu_extab*)

.exception_ranges
 *(.exception_ranges*)
                0xb0819000                        . = DATA_SEGMENT_ALIGN (CONSTANT (MAXPAGESIZE), CONSTANT (COMMONPAGESIZE))

.eh_frame
 *(.eh_frame)
 *(.eh_frame.*)

.sframe
 *(.sframe)
 *(.sframe.*)

.gnu_extab
 *(.gnu_extab)

.gcc_except_table
 *(.gcc_except_table .gcc_except_table.*)

.exception_ranges
 *(.exception_ranges*)

.tdata          0xb0819000        0x0
                [!provide]                        PROVIDE (__tdata_start = .)
 *(.tdata .tdata.* .gnu.linkonce.td.*)

.tbss
 *(.tbss .tbss.* .gnu.linkonce.tb.*)
 *(.tcommon)

.preinit_array  0xb0819000        0x0
                [!provide]                        PROVIDE (__preinit_array_start = .)
 *(.preinit_array)
                [!provide]                        PROVIDE (__preinit_array_end = .)

.init_array     0xb0819000        0x0
                [!provide]                        PROVIDE (__init_array_start = .)
 *(SORT_BY_INIT_PRIORITY(.init_array.*) SORT_BY_INIT_PRIORITY(.ctors.*))
 *(.init_array EXCLUDE_FILE(*crtend?.o *crtend.o *crtbegin?.o *crtbegin.o) .ctors)
                [!provide]                        PROVIDE (__init_array_end = .)

.fini_array     0xb0819000        0x0
                [!provide]                        PROVIDE (__fini_array_start = .)
 *(SORT_BY_INIT_PRIORITY(.fini_array.*) SORT_BY_INIT_PRIORITY(.dtors.*))
 *(.fini_array EXCLUDE_FILE(*crtend?.o *crtend.o *crtbegin?.o *crtbegin.o) .dtors)
                [!provide]                        PROVIDE (__fini_array_end = .)

.ctors
 *crtbegin.o(.ctors)
 *crtbegin?.o(.ctors)
 *(EXCLUDE_FILE(*crtend?.o *crtend.o) .ctors)
 *(SORT_BY_NAME(.ctors.*))
 *(.ctors)

.dtors
 *crtbegin.o(.dtors)
 *crtbegin?.o(.dtors)
 *(EXCLUDE_FILE(*crtend?.o *crtend.o) .dtors)
 *(SORT_BY_NAME(.dtors.*))
 *(.dtors)

.jcr
 *(.jcr)

.data.rel.ro
 *(.data.rel.ro.local* .gnu.linkonce.d.rel.ro.local.*)
 *(.data.rel.ro .data.rel.ro.* .gnu.linkonce.d.rel.ro.*)

.dynamic
 *(.dynamic)

.got            0xb0819000        0x0
 *(.got)
 .got           0xb0819000        0x0 test.o
 *(.igot)
                0xb0819000                        . = DATA_SEGMENT_RELRO_END (., (SIZEOF (.got.plt) >= 0xc)?0xc:0x0)

.got.plt        0xb0819000        0x0
 *(.got.plt)
 .got.plt       0xb0819000        0x0 test.o
 *(.igot.plt)
 .igot.plt      0xb0819000        0x0 test.o

.data           0xb0819000      0xb8c
 *(.data .data.* .gnu.linkonce.d.*)
 .data          0xb0819000        0x0 test.o
 .data          0xb0819000        0x0 pegasus_crt.a(kernel_main_old.o)
 .data          0xb0819000        0x0 pegasus_crt.a(protect.o)
 .data          0xb0819000        0x0 pegasus_crt.a(console.o)
 .data          0xb0819000      0x600 pegasus_crt.a(keyboard.o)
                0xb0819000                keymap
 .data          0xb0819600        0x0 pegasus_crt.a(process.o)
 .data          0xb0819600        0x0 pegasus_crt.a(mem.o)
 .data          0xb0819600        0x0 pegasus_crt.a(exec.o)
 .data          0xb0819600        0x0 pegasus_crt.a(fork.o)
 .data          0xb0819600        0x0 pegasus_crt.a(exit.o)
 .data          0xb0819600        0x0 pegasus_crt.a(wait.o)
 .data          0xb0819600        0x0 pegasus_crt.a(read.o)
 .data          0xb0819600        0x0 pegasus_crt.a(open.o)
 .data          0xb0819600        0x0 pegasus_crt.a(write.o)
 .data          0xb0819600        0x0 pegasus_crt.a(close.o)
 .data          0xb0819600        0xf pegasus_crt.a(kernel.o)
 *fill*         0xb081960f        0x1 
 .data          0xb0819610        0x0 pegasus_crt.a(syscall.o)
 .data          0xb0819610        0x0 pegasus_crt.a(double_link_list.o)
 *fill*         0xb0819610       0x10 
 .data          0xb0819620      0x17c pegasus_crt.a(global.o)
                0xb0819620                user_task_table
                0xb08196a0                sys_task_table
                0xb0819780                sys_call_table
 .data          0xb081979c        0x4 pegasus_crt.a(netdev.o)
 .data          0xb08197a0        0x4 pegasus_crt.a(task_network.o)
 .data          0xb08197a4        0x0 pegasus_crt.a(hd.o)
 .data          0xb08197a4        0x0 pegasus_crt.a(fs_main.o)
 .data          0xb08197a4        0x0 pegasus_crt.a(main.o)
 .data          0xb08197a4        0x0 pegasus_crt.a(strcmp.o)
 .data          0xb08197a4        0x0 pegasus_crt.a(perror.o)
 .data          0xb08197a4        0x0 pegasus_crt.a(sscanf.o)
 .data          0xb08197a4        0x0 pegasus_crt.a(ntohs.o)
 .data          0xb08197a4        0x0 pegasus_crt.a(htons.o)
 .data          0xb08197a4        0x0 pegasus_crt.a(inet_pton.o)
 .data          0xb08197a4        0x0 pegasus_crt.a(ntohl.o)
 .data          0xb08197a4        0x4 pegasus_crt.a(skbuff.o)
 .data          0xb08197a8        0x4 pegasus_crt.a(ip_input.o)
 .data          0xb08197ac        0x4 pegasus_crt.a(icmpv4.o)
 .data          0xb08197b0        0x8 pegasus_crt.a(tcp.o)
 .data          0xb08197b8        0x4 pegasus_crt.a(route.o)
 .data          0xb08197bc       0x14 pegasus_crt.a(arp.o)
 *fill*         0xb08197d0       0x10 
 .data          0xb08197e0       0x54 pegasus_crt.a(tcp_sock.o)
                0xb0819800                tcp_ops
 .data          0xb0819834        0xc pegasus_crt.a(ipc.o)
 .data          0xb0819840        0x4 pegasus_crt.a(ip_output.o)
 .data          0xb0819844        0x4 pegasus_crt.a(tcp_input.o)
 .data          0xb0819848        0x8 pegasus_crt.a(udp.o)
 .data          0xb0819850        0x4 pegasus_crt.a(tcp_data.o)
 .data          0xb0819854        0x4 pegasus_crt.a(utils.o)
 .data          0xb0819858        0x0 pegasus_crt.a(forkexit.o)
 .data          0xb0819858        0x0 pegasus_crt.a(exec.o)
 .data          0xb0819858        0x0 pegasus_crt.a(alloca.o)
 .data          0xb0819858        0x0 pegasus_crt.a(calloc.o)
 .data          0xb0819858        0x0 pegasus_crt.a(atoi.o)
 .data          0xb0819858        0x0 pegasus_crt.a(strtol.o)
 .data          0xb0819858        0x0 pegasus_crt.a(strtok.o)
 .data          0xb0819858        0x0 pegasus_crt.a(strpbrk.o)
 .data          0xb0819858        0x0 pegasus_crt.a(htonl.o)
 .data          0xb0819858        0x0 pegasus_crt.a(my_process.o)
 *fill*         0xb0819858        0x8 
 .data          0xb0819860      0x224 pegasus_crt.a(socket.o)
 *fill*         0xb0819a84       0x1c 
 .data          0xb0819aa0       0x54 pegasus_crt.a(udp_sock.o)
                0xb0819ac0                udp_ops
 *fill*         0xb0819af4        0xc 
 .data          0xb0819b00       0x80 pegasus_crt.a(inet.o)
                0xb0819b08                inet
 .data          0xb0819b80        0x4 pegasus_crt.a(sock.o)
 .data          0xb0819b84        0x4 pegasus_crt.a(tcp_output.o)
 .data          0xb0819b88        0x4 pegasus_crt.a(dst.o)
 .data          0xb0819b8c        0x0 pegasus_crt.a(thread.o)

.data1
 *(.data1)
                0xb0819b8c                        _edata = .
                [!provide]                        PROVIDE (edata = .)
                0xb0819b8c                        . = .
                0xb0819b8c                        __bss_start = .

.bss            0xb0819ba0    0xa5088
 *(.dynbss)
 *(.bss .bss.* .gnu.linkonce.b.*)
 .bss           0xb0819ba0        0x0 test.o
 .bss           0xb0819ba0        0x0 pegasus_crt.a(kernel_main_old.o)
 .bss           0xb0819ba0        0x0 pegasus_crt.a(protect.o)
 .bss           0xb0819ba0        0x0 pegasus_crt.a(console.o)
 .bss           0xb0819ba0        0x0 pegasus_crt.a(keyboard.o)
 .bss           0xb0819ba0        0x0 pegasus_crt.a(process.o)
 .bss           0xb0819ba0        0x0 pegasus_crt.a(mem.o)
 .bss           0xb0819ba0        0x0 pegasus_crt.a(exec.o)
 .bss           0xb0819ba0        0x0 pegasus_crt.a(fork.o)
 .bss           0xb0819ba0        0x0 pegasus_crt.a(exit.o)
 .bss           0xb0819ba0        0x0 pegasus_crt.a(wait.o)
 .bss           0xb0819ba0        0x0 pegasus_crt.a(read.o)
 .bss           0xb0819ba0        0x0 pegasus_crt.a(open.o)
 .bss           0xb0819ba0        0x0 pegasus_crt.a(write.o)
 .bss           0xb0819ba0        0x0 pegasus_crt.a(close.o)
 .bss           0xb0819ba0      0x800 pegasus_crt.a(kernel.o)
 .bss           0xb081a3a0        0x0 pegasus_crt.a(double_link_list.o)
 .bss           0xb081a3a0        0x0 pegasus_crt.a(global.o)
 .bss           0xb081a3a0        0x0 pegasus_crt.a(netdev.o)
 .bss           0xb081a3a0        0x0 pegasus_crt.a(task_network.o)
 .bss           0xb081a3a0        0x0 pegasus_crt.a(hd.o)
 .bss           0xb081a3a0        0x4 pegasus_crt.a(fs_main.o)
                0xb081a3a0                c
 .bss           0xb081a3a4        0x0 pegasus_crt.a(main.o)
 .bss           0xb081a3a4        0x0 pegasus_crt.a(strcmp.o)
 .bss           0xb081a3a4        0x0 pegasus_crt.a(perror.o)
 .bss           0xb081a3a4        0x0 pegasus_crt.a(sscanf.o)
 .bss           0xb081a3a4        0x0 pegasus_crt.a(ntohs.o)
 .bss           0xb081a3a4        0x0 pegasus_crt.a(htons.o)
 .bss           0xb081a3a4        0x0 pegasus_crt.a(inet_pton.o)
 .bss           0xb081a3a4        0x0 pegasus_crt.a(ntohl.o)
 .bss           0xb081a3a4        0x0 pegasus_crt.a(skbuff.o)
 .bss           0xb081a3a4        0x0 pegasus_crt.a(ip_input.o)
 .bss           0xb081a3a4        0x0 pegasus_crt.a(icmpv4.o)
 .bss           0xb081a3a4        0x0 pegasus_crt.a(tcp.o)
 .bss           0xb081a3a4        0x0 pegasus_crt.a(route.o)
 .bss           0xb081a3a4        0x0 pegasus_crt.a(arp.o)
 .bss           0xb081a3a4        0x0 pegasus_crt.a(tcp_sock.o)
 .bss           0xb081a3a4        0x4 pegasus_crt.a(ipc.o)
 .bss           0xb081a3a8        0x0 pegasus_crt.a(ip_output.o)
 .bss           0xb081a3a8        0x0 pegasus_crt.a(tcp_input.o)
 .bss           0xb081a3a8        0x0 pegasus_crt.a(udp.o)
 .bss           0xb081a3a8        0x0 pegasus_crt.a(tcp_data.o)
 .bss           0xb081a3a8        0x0 pegasus_crt.a(utils.o)
 .bss           0xb081a3a8        0x0 pegasus_crt.a(forkexit.o)
 .bss           0xb081a3a8        0x0 pegasus_crt.a(exec.o)
 .bss           0xb081a3a8        0x0 pegasus_crt.a(alloca.o)
 .bss           0xb081a3a8        0x0 pegasus_crt.a(calloc.o)
 .bss           0xb081a3a8        0x0 pegasus_crt.a(atoi.o)
 .bss           0xb081a3a8        0x0 pegasus_crt.a(strtol.o)
 .bss           0xb081a3a8        0x4 pegasus_crt.a(strtok.o)
 .bss           0xb081a3ac        0x0 pegasus_crt.a(strpbrk.o)
 .bss           0xb081a3ac        0x0 pegasus_crt.a(htonl.o)
 .bss           0xb081a3ac        0x0 pegasus_crt.a(my_process.o)
 .bss           0xb081a3ac        0x4 pegasus_crt.a(socket.o)
 .bss           0xb081a3b0        0x4 pegasus_crt.a(udp_sock.o)
 .bss           0xb081a3b4        0x0 pegasus_crt.a(inet.o)
 .bss           0xb081a3b4        0x0 pegasus_crt.a(sock.o)
 .bss           0xb081a3b4        0x0 pegasus_crt.a(tcp_output.o)
 .bss           0xb081a3b4        0x0 pegasus_crt.a(dst.o)
 .bss           0xb081a3b4        0x0 pegasus_crt.a(thread.o)
 *(COMMON)
 *fill*         0xb081a3b4        0xc 
 COMMON         0xb081a3c0     0x17b8 pegasus_crt.a(kernel_main_old.o)
                0xb081a3c0                current_tty
                0xb081a3c4                is_e0
                0xb081a3c8                idt_ptr
                0xb081a3d0                pid
                0xb081a3d4                KernelVirtualMemory
                0xb081a3e0                loop
                0xb081a3e4                current_dis_pos
                0xb081a3e8                dis_pos
                0xb081a3ec                netdev
                0xb081a3f0                k_reenter
                0xb081a400                gdt
                0xb081a800                proc_ready_table
                0xb081a804                test_ticks
                0xb081a808                pcaller
                0xb081a820                keyboard_buffer
                0xb081aa2c                pcb_list
                0xb081aa3c                gdt_index
                0xb081aa40                tty_table
                0xb081b280                tss
                0xb081b2ec                KernelPool
                0xb081b2fc                net_buf
                0xb081b300                nic_current_page
                0xb081b304                counter
                0xb081b308                key_pressed
                0xb081b30c                fork_pid
                0xb081b310                is_shift
                0xb081b311                net_data
                0xb081b314                routes
                0xb081b318                gdt_ptr
                0xb081b320                idt
                0xb081bb20                main_thread
                0xb081bb28                ticks
                0xb081bb30                is_init
                0xb081bb34                UserPool
                0xb081bb44                all_pcb_list
                0xb081bb54                console_table
                0xb081bb64                is_disp
                0xb081bb68                MAIN_THREAD_PAGE_DIRECTORY
                0xb081bb6c                helloStr
 *fill*         0xb081bb78        0x8 
 COMMON         0xb081bb80       0xa8 pegasus_crt.a(mem.o)
                0xb081bb80                kernel_mem_block_decs_array
 *fill*         0xb081bc28       0x18 
 COMMON         0xb081bc40    0xa1d40 pegasus_crt.a(global.o)
                0xb081bc40                proc_stack
                0xb08bbc40                proc_table
 COMMON         0xb08bd980      0x440 pegasus_crt.a(hd.o)
                0xb08bd980                hd_info
                0xb08bdbc0                hd_cache
 COMMON         0xb08bddc0      0xe68 pegasus_crt.a(fs_main.o)
                0xb08bddc0                file_desc_table
                0xb08be1c0                phy_super_block_buf
                0xb08be1c4                phy_fsbuf
                0xb08be1e0                inode_table
                0xb08bebe0                super_block_buf
                0xb08bebe4                fsbuf
                0xb08bec00                root
                0xb08bec28                        . = ALIGN ((. != 0x0)?0x4:0x1)
                0xb08bec28                        . = ALIGN (0x4)
                0xb08bec28                        . = SEGMENT_START ("ldata-segment", .)
                0xb08bec28                        . = ALIGN (0x4)
                0xb08bec28                        _end = .
                [!provide]                        PROVIDE (end = .)
                0xb08bec28                        . = DATA_SEGMENT_END (.)

.stab
 *(.stab)

.stabstr
 *(.stabstr)

.stab.excl
 *(.stab.excl)

.stab.exclstr
 *(.stab.exclstr)

.stab.index
 *(.stab.index)

.stab.indexstr
 *(.stab.indexstr)

.comment        0x00000000       0x2c
 *(.comment)
 .comment       0x00000000       0x2c test.o
                                 0x2d (size before relaxing)
 .comment       0x0000002c       0x2d pegasus_crt.a(kernel_main_old.o)
 .comment       0x0000002c       0x2d pegasus_crt.a(protect.o)
 .comment       0x0000002c       0x2d pegasus_crt.a(console.o)
 .comment       0x0000002c       0x2d pegasus_crt.a(keyboard.o)
 .comment       0x0000002c       0x2d pegasus_crt.a(process.o)
 .comment       0x0000002c       0x2d pegasus_crt.a(mem.o)
 .comment       0x0000002c       0x2d pegasus_crt.a(exec.o)
 .comment       0x0000002c       0x2d pegasus_crt.a(fork.o)
 .comment       0x0000002c       0x2d pegasus_crt.a(exit.o)
 .comment       0x0000002c       0x2d pegasus_crt.a(wait.o)
 .comment       0x0000002c       0x2d pegasus_crt.a(read.o)
 .comment       0x0000002c       0x2d pegasus_crt.a(open.o)
 .comment       0x0000002c       0x2d pegasus_crt.a(write.o)
 .comment       0x0000002c       0x2d pegasus_crt.a(close.o)
 .comment       0x0000002c       0x2d pegasus_crt.a(double_link_list.o)
 .comment       0x0000002c       0x2d pegasus_crt.a(global.o)
 .comment       0x0000002c       0x2d pegasus_crt.a(netdev.o)
 .comment       0x0000002c       0x2d pegasus_crt.a(task_network.o)
 .comment       0x0000002c       0x2d pegasus_crt.a(hd.o)
 .comment       0x0000002c       0x2d pegasus_crt.a(fs_main.o)
 .comment       0x0000002c       0x2d pegasus_crt.a(main.o)
 .comment       0x0000002c       0x2d pegasus_crt.a(strcmp.o)
 .comment       0x0000002c       0x2d pegasus_crt.a(perror.o)
 .comment       0x0000002c       0x2d pegasus_crt.a(sscanf.o)
 .comment       0x0000002c       0x2d pegasus_crt.a(ntohs.o)
 .comment       0x0000002c       0x2d pegasus_crt.a(htons.o)
 .comment       0x0000002c       0x2d pegasus_crt.a(inet_pton.o)
 .comment       0x0000002c       0x2d pegasus_crt.a(ntohl.o)
 .comment       0x0000002c       0x2d pegasus_crt.a(skbuff.o)
 .comment       0x0000002c       0x2d pegasus_crt.a(ip_input.o)
 .comment       0x0000002c       0x2d pegasus_crt.a(icmpv4.o)
 .comment       0x0000002c       0x2d pegasus_crt.a(tcp.o)
 .comment       0x0000002c       0x2d pegasus_crt.a(route.o)
 .comment       0x0000002c       0x2d pegasus_crt.a(arp.o)
 .comment       0x0000002c       0x2d pegasus_crt.a(tcp_sock.o)
 .comment       0x0000002c       0x2d pegasus_crt.a(ipc.o)
 .comment       0x0000002c       0x2d pegasus_crt.a(ip_output.o)
 .comment       0x0000002c       0x2d pegasus_crt.a(tcp_input.o)
 .comment       0x0000002c       0x2d pegasus_crt.a(udp.o)
 .comment       0x0000002c       0x2d pegasus_crt.a(tcp_data.o)
 .comment       0x0000002c       0x2d pegasus_crt.a(utils.o)
 .comment       0x0000002c       0x2d pegasus_crt.a(forkexit.o)
 .comment       0x0000002c       0x2d pegasus_crt.a(exec.o)
 .comment       0x0000002c       0x2d pegasus_crt.a(alloca.o)
 .comment       0x0000002c       0x2d pegasus_crt.a(calloc.o)
 .comment       0x0000002c       0x2d pegasus_crt.a(atoi.o)
 .comment       0x0000002c       0x2d pegasus_crt.a(strtol.o)
 .comment       0x0000002c       0x2d pegasus_crt.a(strtok.o)
 .comment       0x0000002c       0x2d pegasus_crt.a(strpbrk.o)
 .comment       0x0000002c       0x2d pegasus_crt.a(htonl.o)
 .comment       0x0000002c       0x2d pegasus_crt.a(my_process.o)
 .comment       0x0000002c       0x2d pegasus_crt.a(socket.o)
 .comment       0x0000002c       0x2d pegasus_crt.a(udp_sock.o)
 .comment       0x0000002c       0x2d pegasus_crt.a(inet.o)
 .comment       0x0000002c       0x2d pegasus_crt.a(sock.o)
 .comment       0x0000002c       0x2d pegasus_crt.a(tcp_output.o)
 .comment       0x0000002c       0x2d pegasus_crt.a(dst.o)
 .comment       0x0000002c       0x2d pegasus_crt.a(thread.o)

.gnu.build.attributes
 *(.gnu.build.attributes .gnu.build.attributes.*)

.debug
 *(.debug)

.line
 *(.line)

.debug_srcinfo
 *(.debug_srcinfo)

.debug_sfnames
 *(.debug_sfnames)

.debug_aranges  0x00000000      0x738
 *(.debug_aranges)
 .debug_aranges
                0x00000000       0x20 pegasus_crt.a(kernel_main_old.o)
 .debug_aranges
                0x00000020       0x20 pegasus_crt.a(protect.o)
 .debug_aranges
                0x00000040       0x20 pegasus_crt.a(console.o)
 .debug_aranges
                0x00000060       0x20 pegasus_crt.a(keyboard.o)
 .debug_aranges
                0x00000080       0x20 pegasus_crt.a(process.o)
 .debug_aranges
                0x000000a0       0x20 pegasus_crt.a(mem.o)
 .debug_aranges
                0x000000c0       0x20 pegasus_crt.a(exec.o)
 .debug_aranges
                0x000000e0       0x20 pegasus_crt.a(fork.o)
 .debug_aranges
                0x00000100       0x20 pegasus_crt.a(exit.o)
 .debug_aranges
                0x00000120       0x20 pegasus_crt.a(wait.o)
 .debug_aranges
                0x00000140       0x20 pegasus_crt.a(read.o)
 .debug_aranges
                0x00000160       0x20 pegasus_crt.a(open.o)
 .debug_aranges
                0x00000180       0x20 pegasus_crt.a(write.o)
 .debug_aranges
                0x000001a0       0x20 pegasus_crt.a(close.o)
 .debug_aranges
                0x000001c0       0x20 pegasus_crt.a(double_link_list.o)
 .debug_aranges
                0x000001e0       0x18 pegasus_crt.a(global.o)
 .debug_aranges
                0x000001f8       0x20 pegasus_crt.a(netdev.o)
 .debug_aranges
                0x00000218       0x20 pegasus_crt.a(task_network.o)
 .debug_aranges
                0x00000238       0x20 pegasus_crt.a(hd.o)
 .debug_aranges
                0x00000258       0x20 pegasus_crt.a(fs_main.o)
 .debug_aranges
                0x00000278       0x20 pegasus_crt.a(main.o)
 .debug_aranges
                0x00000298       0x20 pegasus_crt.a(strcmp.o)
 .debug_aranges
                0x000002b8       0x20 pegasus_crt.a(perror.o)
 .debug_aranges
                0x000002d8       0x20 pegasus_crt.a(sscanf.o)
 .debug_aranges
                0x000002f8       0x20 pegasus_crt.a(ntohs.o)
 .debug_aranges
                0x00000318       0x20 pegasus_crt.a(htons.o)
 .debug_aranges
                0x00000338       0x20 pegasus_crt.a(inet_pton.o)
 .debug_aranges
                0x00000358       0x20 pegasus_crt.a(ntohl.o)
 .debug_aranges
                0x00000378       0x20 pegasus_crt.a(skbuff.o)
 .debug_aranges
                0x00000398       0x20 pegasus_crt.a(ip_input.o)
 .debug_aranges
                0x000003b8       0x20 pegasus_crt.a(icmpv4.o)
 .debug_aranges
                0x000003d8       0x20 pegasus_crt.a(tcp.o)
 .debug_aranges
                0x000003f8       0x20 pegasus_crt.a(route.o)
 .debug_aranges
                0x00000418       0x20 pegasus_crt.a(arp.o)
 .debug_aranges
                0x00000438       0x20 pegasus_crt.a(tcp_sock.o)
 .debug_aranges
                0x00000458       0x20 pegasus_crt.a(ipc.o)
 .debug_aranges
                0x00000478       0x20 pegasus_crt.a(ip_output.o)
 .debug_aranges
                0x00000498       0x20 pegasus_crt.a(tcp_input.o)
 .debug_aranges
                0x000004b8       0x20 pegasus_crt.a(udp.o)
 .debug_aranges
                0x000004d8       0x20 pegasus_crt.a(tcp_data.o)
 .debug_aranges
                0x000004f8       0x20 pegasus_crt.a(utils.o)
 .debug_aranges
                0x00000518       0x20 pegasus_crt.a(forkexit.o)
 .debug_aranges
                0x00000538       0x20 pegasus_crt.a(exec.o)
 .debug_aranges
                0x00000558       0x20 pegasus_crt.a(alloca.o)
 .debug_aranges
                0x00000578       0x20 pegasus_crt.a(calloc.o)
 .debug_aranges
                0x00000598       0x20 pegasus_crt.a(atoi.o)
 .debug_aranges
                0x000005b8       0x20 pegasus_crt.a(strtol.o)
 .debug_aranges
                0x000005d8       0x20 pegasus_crt.a(strtok.o)
 .debug_aranges
                0x000005f8       0x20 pegasus_crt.a(strpbrk.o)
 .debug_aranges
                0x00000618       0x20 pegasus_crt.a(htonl.o)
 .debug_aranges
                0x00000638       0x20 pegasus_crt.a(my_process.o)
 .debug_aranges
                0x00000658       0x20 pegasus_crt.a(socket.o)
 .debug_aranges
                0x00000678       0x20 pegasus_crt.a(udp_sock.o)
 .debug_aranges
                0x00000698       0x20 pegasus_crt.a(inet.o)
 .debug_aranges
                0x000006b8       0x20 pegasus_crt.a(sock.o)
 .debug_aranges
                0x000006d8       0x20 pegasus_crt.a(tcp_output.o)
 .debug_aranges
                0x000006f8       0x20 pegasus_crt.a(dst.o)
 .debug_aranges
                0x00000718       0x20 pegasus_crt.a(thread.o)

.debug_pubnames
 *(.debug_pubnames)

.debug_info     0x00000000    0x3ddd8
 *(.debug_info .gnu.linkonce.wi.*)
 .debug_info    0x00000000     0x28ca pegasus_crt.a(kernel_main_old.o)
 .debug_info    0x000028ca     0x1224 pegasus_crt.a(protect.o)
 .debug_info    0x00003aee     0x12f9 pegasus_crt.a(console.o)
 .debug_info    0x00004de7     0x104d pegasus_crt.a(keyboard.o)
 .debug_info    0x00005e34      0xfd1 pegasus_crt.a(process.o)
 .debug_info    0x00006e05     0x1dcd pegasus_crt.a(mem.o)
 .debug_info    0x00008bd2      0xfaf pegasus_crt.a(exec.o)
 .debug_info    0x00009b81      0xe17 pegasus_crt.a(fork.o)
 .debug_info    0x0000a998      0xe22 pegasus_crt.a(exit.o)
 .debug_info    0x0000b7ba      0xe30 pegasus_crt.a(wait.o)
 .debug_info    0x0000c5ea      0xea1 pegasus_crt.a(read.o)
 .debug_info    0x0000d48b      0xe02 pegasus_crt.a(open.o)
 .debug_info    0x0000e28d      0xe9e pegasus_crt.a(write.o)
 .debug_info    0x0000f12b      0xdb6 pegasus_crt.a(close.o)
 .debug_info    0x0000fee1     0x10b1 pegasus_crt.a(double_link_list.o)
 .debug_info    0x00010f92      0xef9 pegasus_crt.a(global.o)
 .debug_info    0x00011e8b     0x1952 pegasus_crt.a(netdev.o)
 .debug_info    0x000137dd     0x112b pegasus_crt.a(task_network.o)
 .debug_info    0x00014908     0x1868 pegasus_crt.a(hd.o)
 .debug_info    0x00016170     0x1faa pegasus_crt.a(fs_main.o)
 .debug_info    0x0001811a      0xe3b pegasus_crt.a(main.o)
 .debug_info    0x00018f55       0xc1 pegasus_crt.a(strcmp.o)
 .debug_info    0x00019016       0x5c pegasus_crt.a(perror.o)
 .debug_info    0x00019072      0x202 pegasus_crt.a(sscanf.o)
 .debug_info    0x00019274       0xa8 pegasus_crt.a(ntohs.o)
 .debug_info    0x0001931c       0xa8 pegasus_crt.a(htons.o)
 .debug_info    0x000193c4      0x260 pegasus_crt.a(inet_pton.o)
 .debug_info    0x00019624       0xcb pegasus_crt.a(ntohl.o)
 .debug_info    0x000196ef     0x11cc pegasus_crt.a(skbuff.o)
 .debug_info    0x0001a8bb     0x1ae1 pegasus_crt.a(ip_input.o)
 .debug_info    0x0001c39c     0x193f pegasus_crt.a(icmpv4.o)
 .debug_info    0x0001dcdb     0x1e44 pegasus_crt.a(tcp.o)
 .debug_info    0x0001fb1f     0x1390 pegasus_crt.a(route.o)
 .debug_info    0x00020eaf     0x19b6 pegasus_crt.a(arp.o)
 .debug_info    0x00022865     0x2235 pegasus_crt.a(tcp_sock.o)
 .debug_info    0x00024a9a     0x1dac pegasus_crt.a(ipc.o)
 .debug_info    0x00026846     0x177b pegasus_crt.a(ip_output.o)
 .debug_info    0x00027fc1     0x2147 pegasus_crt.a(tcp_input.o)
 .debug_info    0x0002a108     0x1b44 pegasus_crt.a(udp.o)
 .debug_info    0x0002bc4c     0x1dad pegasus_crt.a(tcp_data.o)
 .debug_info    0x0002d9f9      0x367 pegasus_crt.a(utils.o)
 .debug_info    0x0002dd60     0x100d pegasus_crt.a(forkexit.o)
 .debug_info    0x0002ed6d     0x1249 pegasus_crt.a(exec.o)
 .debug_info    0x0002ffb6       0xb6 pegasus_crt.a(alloca.o)
 .debug_info    0x0003006c      0xf28 pegasus_crt.a(calloc.o)
 .debug_info    0x00030f94       0xc9 pegasus_crt.a(atoi.o)
 .debug_info    0x0003105d       0xd6 pegasus_crt.a(strtol.o)
 .debug_info    0x00031133       0xae pegasus_crt.a(strtok.o)
 .debug_info    0x000311e1       0xcf pegasus_crt.a(strpbrk.o)
 .debug_info    0x000312b0       0xcb pegasus_crt.a(htonl.o)
 .debug_info    0x0003137b     0x150c pegasus_crt.a(my_process.o)
 .debug_info    0x00032887     0x1c35 pegasus_crt.a(socket.o)
 .debug_info    0x000344bc     0x1f13 pegasus_crt.a(udp_sock.o)
 .debug_info    0x000363cf     0x1a9a pegasus_crt.a(inet.o)
 .debug_info    0x00037e69     0x1896 pegasus_crt.a(sock.o)
 .debug_info    0x000396ff     0x235f pegasus_crt.a(tcp_output.o)
 .debug_info    0x0003ba5e     0x12a2 pegasus_crt.a(dst.o)
 .debug_info    0x0003cd00     0x10d8 pegasus_crt.a(thread.o)

.debug_abbrev   0x00000000     0x750b
 *(.debug_abbrev)
 .debug_abbrev  0x00000000      0x43a pegasus_crt.a(kernel_main_old.o)
 .debug_abbrev  0x0000043a      0x227 pegasus_crt.a(protect.o)
 .debug_abbrev  0x00000661      0x2ac pegasus_crt.a(console.o)
 .debug_abbrev  0x0000090d      0x1fb pegasus_crt.a(keyboard.o)
 .debug_abbrev  0x00000b08      0x1e0 pegasus_crt.a(process.o)
 .debug_abbrev  0x00000ce8      0x330 pegasus_crt.a(mem.o)
 .debug_abbrev  0x00001018      0x1e8 pegasus_crt.a(exec.o)
 .debug_abbrev  0x00001200      0x18a pegasus_crt.a(fork.o)
 .debug_abbrev  0x0000138a      0x19b pegasus_crt.a(exit.o)
 .debug_abbrev  0x00001525      0x19f pegasus_crt.a(wait.o)
 .debug_abbrev  0x000016c4      0x1ef pegasus_crt.a(read.o)
 .debug_abbrev  0x000018b3      0x1c5 pegasus_crt.a(open.o)
 .debug_abbrev  0x00001a78      0x1db pegasus_crt.a(write.o)
 .debug_abbrev  0x00001c53      0x19d pegasus_crt.a(close.o)
 .debug_abbrev  0x00001df0      0x216 pegasus_crt.a(double_link_list.o)
 .debug_abbrev  0x00002006      0x157 pegasus_crt.a(global.o)
 .debug_abbrev  0x0000215d      0x325 pegasus_crt.a(netdev.o)
 .debug_abbrev  0x00002482      0x1cf pegasus_crt.a(task_network.o)
 .debug_abbrev  0x00002651      0x2e3 pegasus_crt.a(hd.o)
 .debug_abbrev  0x00002934      0x2f8 pegasus_crt.a(fs_main.o)
 .debug_abbrev  0x00002c2c      0x208 pegasus_crt.a(main.o)
 .debug_abbrev  0x00002e34       0x94 pegasus_crt.a(strcmp.o)
 .debug_abbrev  0x00002ec8       0x5c pegasus_crt.a(perror.o)
 .debug_abbrev  0x00002f24       0xca pegasus_crt.a(sscanf.o)
 .debug_abbrev  0x00002fee       0x6c pegasus_crt.a(ntohs.o)
 .debug_abbrev  0x0000305a       0x6c pegasus_crt.a(htons.o)
 .debug_abbrev  0x000030c6      0x116 pegasus_crt.a(inet_pton.o)
 .debug_abbrev  0x000031dc       0xa5 pegasus_crt.a(ntohl.o)
 .debug_abbrev  0x00003281      0x23f pegasus_crt.a(skbuff.o)
 .debug_abbrev  0x000034c0      0x2d1 pegasus_crt.a(ip_input.o)
 .debug_abbrev  0x00003791      0x236 pegasus_crt.a(icmpv4.o)
 .debug_abbrev  0x000039c7      0x332 pegasus_crt.a(tcp.o)
 .debug_abbrev  0x00003cf9      0x263 pegasus_crt.a(route.o)
 .debug_abbrev  0x00003f5c      0x345 pegasus_crt.a(arp.o)
 .debug_abbrev  0x000042a1      0x3e6 pegasus_crt.a(tcp_sock.o)
 .debug_abbrev  0x00004687      0x311 pegasus_crt.a(ipc.o)
 .debug_abbrev  0x00004998      0x213 pegasus_crt.a(ip_output.o)
 .debug_abbrev  0x00004bab      0x355 pegasus_crt.a(tcp_input.o)
 .debug_abbrev  0x00004f00      0x2d3 pegasus_crt.a(udp.o)
 .debug_abbrev  0x000051d3      0x2a6 pegasus_crt.a(tcp_data.o)
 .debug_abbrev  0x00005479      0x17a pegasus_crt.a(utils.o)
 .debug_abbrev  0x000055f3      0x204 pegasus_crt.a(forkexit.o)
 .debug_abbrev  0x000057f7      0x1c4 pegasus_crt.a(exec.o)
 .debug_abbrev  0x000059bb       0xcd pegasus_crt.a(alloca.o)
 .debug_abbrev  0x00005a88      0x191 pegasus_crt.a(calloc.o)
 .debug_abbrev  0x00005c19       0x94 pegasus_crt.a(atoi.o)
 .debug_abbrev  0x00005cad       0x8b pegasus_crt.a(strtol.o)
 .debug_abbrev  0x00005d38       0x91 pegasus_crt.a(strtok.o)
 .debug_abbrev  0x00005dc9       0xa5 pegasus_crt.a(strpbrk.o)
 .debug_abbrev  0x00005e6e       0xa5 pegasus_crt.a(htonl.o)
 .debug_abbrev  0x00005f13      0x260 pegasus_crt.a(my_process.o)
 .debug_abbrev  0x00006173      0x327 pegasus_crt.a(socket.o)
 .debug_abbrev  0x0000649a      0x3b1 pegasus_crt.a(udp_sock.o)
 .debug_abbrev  0x0000684b      0x24b pegasus_crt.a(inet.o)
 .debug_abbrev  0x00006a96      0x273 pegasus_crt.a(sock.o)
 .debug_abbrev  0x00006d09      0x39b pegasus_crt.a(tcp_output.o)
 .debug_abbrev  0x000070a4      0x245 pegasus_crt.a(dst.o)
 .debug_abbrev  0x000072e9      0x222 pegasus_crt.a(thread.o)

.debug_line     0x00000000     0x9d21
 *(.debug_line .debug_line.* .debug_line_end)
 .debug_line    0x00000000      0xe38 pegasus_crt.a(kernel_main_old.o)
 .debug_line    0x00000e38      0x21d pegasus_crt.a(protect.o)
 .debug_line    0x00001055      0x56c pegasus_crt.a(console.o)
 .debug_line    0x000015c1      0x2b4 pegasus_crt.a(keyboard.o)
 .debug_line    0x00001875      0x1dc pegasus_crt.a(process.o)
 .debug_line    0x00001a51      0x78e pegasus_crt.a(mem.o)
 .debug_line    0x000021df      0x1a9 pegasus_crt.a(exec.o)
 .debug_line    0x00002388       0xc3 pegasus_crt.a(fork.o)
 .debug_line    0x0000244b       0xbe pegasus_crt.a(exit.o)
 .debug_line    0x00002509       0xd5 pegasus_crt.a(wait.o)
 .debug_line    0x000025de      0x15b pegasus_crt.a(read.o)
 .debug_line    0x00002739       0xc3 pegasus_crt.a(open.o)
 .debug_line    0x000027fc       0xe0 pegasus_crt.a(write.o)
 .debug_line    0x000028dc       0xb3 pegasus_crt.a(close.o)
 .debug_line    0x0000298f      0x235 pegasus_crt.a(double_link_list.o)
 .debug_line    0x00002bc4       0xb3 pegasus_crt.a(global.o)
 .debug_line    0x00002c77      0x4b3 pegasus_crt.a(netdev.o)
 .debug_line    0x0000312a      0x200 pegasus_crt.a(task_network.o)
 .debug_line    0x0000332a      0x64d pegasus_crt.a(hd.o)
 .debug_line    0x00003977      0xc43 pegasus_crt.a(fs_main.o)
 .debug_line    0x000045ba      0x10a pegasus_crt.a(main.o)
 .debug_line    0x000046c4       0x9c pegasus_crt.a(strcmp.o)
 .debug_line    0x00004760       0x48 pegasus_crt.a(perror.o)
 .debug_line    0x000047a8      0x220 pegasus_crt.a(sscanf.o)
 .debug_line    0x000049c8       0x6c pegasus_crt.a(ntohs.o)
 .debug_line    0x00004a34       0x6c pegasus_crt.a(htons.o)
 .debug_line    0x00004aa0      0x167 pegasus_crt.a(inet_pton.o)
 .debug_line    0x00004c07       0xc1 pegasus_crt.a(ntohl.o)
 .debug_line    0x00004cc8      0x1ab pegasus_crt.a(skbuff.o)
 .debug_line    0x00004e73      0x28d pegasus_crt.a(ip_input.o)
 .debug_line    0x00005100      0x232 pegasus_crt.a(icmpv4.o)
 .debug_line    0x00005332      0x310 pegasus_crt.a(tcp.o)
 .debug_line    0x00005642      0x2a9 pegasus_crt.a(route.o)
 .debug_line    0x000058eb      0x572 pegasus_crt.a(arp.o)
 .debug_line    0x00005e5d      0x599 pegasus_crt.a(tcp_sock.o)
 .debug_line    0x000063f6      0x61e pegasus_crt.a(ipc.o)
 .debug_line    0x00006a14      0x20b pegasus_crt.a(ip_output.o)
 .debug_line    0x00006c1f      0x674 pegasus_crt.a(tcp_input.o)
 .debug_line    0x00007293      0x302 pegasus_crt.a(udp.o)
 .debug_line    0x00007595      0x3ff pegasus_crt.a(tcp_data.o)
 .debug_line    0x00007994      0x13c pegasus_crt.a(utils.o)
 .debug_line    0x00007ad0      0x192 pegasus_crt.a(forkexit.o)
 .debug_line    0x00007c62      0x22a pegasus_crt.a(exec.o)
 .debug_line    0x00007e8c       0x5f pegasus_crt.a(alloca.o)
 .debug_line    0x00007eeb       0xf9 pegasus_crt.a(calloc.o)
 .debug_line    0x00007fe4       0xad pegasus_crt.a(atoi.o)
 .debug_line    0x00008091       0xbb pegasus_crt.a(strtol.o)
 .debug_line    0x0000814c       0x6e pegasus_crt.a(strtok.o)
 .debug_line    0x000081ba       0xb0 pegasus_crt.a(strpbrk.o)
 .debug_line    0x0000826a       0xc1 pegasus_crt.a(htonl.o)
 .debug_line    0x0000832b      0x359 pegasus_crt.a(my_process.o)
 .debug_line    0x00008684      0x3c8 pegasus_crt.a(socket.o)
 .debug_line    0x00008a4c      0x4c8 pegasus_crt.a(udp_sock.o)
 .debug_line    0x00008f14      0x326 pegasus_crt.a(inet.o)
 .debug_line    0x0000923a      0x238 pegasus_crt.a(sock.o)
 .debug_line    0x00009472      0x5a1 pegasus_crt.a(tcp_output.o)
 .debug_line    0x00009a13      0x1ab pegasus_crt.a(dst.o)
 .debug_line    0x00009bbe      0x163 pegasus_crt.a(thread.o)

.debug_frame
 *(.debug_frame)

.debug_str      0x00000000     0x36e6
 *(.debug_str)
 .debug_str     0x00000000     0x36e6 pegasus_crt.a(kernel_main_old.o)
                                0xba3 (size before relaxing)
 .debug_str     0x000036e6      0x783 pegasus_crt.a(protect.o)
 .debug_str     0x000036e6      0x777 pegasus_crt.a(console.o)
 .debug_str     0x000036e6      0x6b4 pegasus_crt.a(keyboard.o)
 .debug_str     0x000036e6      0x662 pegasus_crt.a(process.o)
 .debug_str     0x000036e6      0xad6 pegasus_crt.a(mem.o)
 .debug_str     0x000036e6      0x644 pegasus_crt.a(exec.o)
 .debug_str     0x000036e6      0x5b6 pegasus_crt.a(fork.o)
 .debug_str     0x000036e6      0x5bd pegasus_crt.a(exit.o)
 .debug_str     0x000036e6      0x5bd pegasus_crt.a(wait.o)
 .debug_str     0x000036e6      0x617 pegasus_crt.a(read.o)
 .debug_str     0x000036e6      0x5de pegasus_crt.a(open.o)
 .debug_str     0x000036e6      0x5f3 pegasus_crt.a(write.o)
 .debug_str     0x000036e6      0x5a6 pegasus_crt.a(close.o)
 .debug_str     0x000036e6      0x6fa pegasus_crt.a(double_link_list.o)
 .debug_str     0x000036e6      0x628 pegasus_crt.a(global.o)
 .debug_str     0x000036e6      0x92f pegasus_crt.a(netdev.o)
 .debug_str     0x000036e6      0x6d7 pegasus_crt.a(task_network.o)
 .debug_str     0x000036e6      0x931 pegasus_crt.a(hd.o)
 .debug_str     0x000036e6      0xb12 pegasus_crt.a(fs_main.o)
 .debug_str     0x000036e6      0x5b0 pegasus_crt.a(main.o)
 .debug_str     0x000036e6       0xb1 pegasus_crt.a(strcmp.o)
 .debug_str     0x000036e6       0x99 pegasus_crt.a(perror.o)
 .debug_str     0x000036e6      0x109 pegasus_crt.a(sscanf.o)
 .debug_str     0x000036e6      0x101 pegasus_crt.a(ntohs.o)
 .debug_str     0x000036e6      0x102 pegasus_crt.a(htons.o)
 .debug_str     0x000036e6      0x14c pegasus_crt.a(inet_pton.o)
 .debug_str     0x000036e6       0xf3 pegasus_crt.a(ntohl.o)
 .debug_str     0x000036e6      0x71a pegasus_crt.a(skbuff.o)
 .debug_str     0x000036e6      0x9a2 pegasus_crt.a(ip_input.o)
 .debug_str     0x000036e6      0x921 pegasus_crt.a(icmpv4.o)
 .debug_str     0x000036e6      0xb34 pegasus_crt.a(tcp.o)
 .debug_str     0x000036e6      0x7ce pegasus_crt.a(route.o)
 .debug_str     0x000036e6      0x92d pegasus_crt.a(arp.o)
 .debug_str     0x000036e6      0xcc7 pegasus_crt.a(tcp_sock.o)
 .debug_str     0x000036e6      0x94c pegasus_crt.a(ipc.o)
 .debug_str     0x000036e6      0x85d pegasus_crt.a(ip_output.o)
 .debug_str     0x000036e6      0xb94 pegasus_crt.a(tcp_input.o)
 .debug_str     0x000036e6      0x954 pegasus_crt.a(udp.o)
 .debug_str     0x000036e6      0xa50 pegasus_crt.a(tcp_data.o)
 .debug_str     0x000036e6      0x1b8 pegasus_crt.a(utils.o)
 .debug_str     0x000036e6      0x62f pegasus_crt.a(forkexit.o)
 .debug_str     0x000036e6      0x885 pegasus_crt.a(exec.o)
 .debug_str     0x000036e6       0xce pegasus_crt.a(alloca.o)
 .debug_str     0x000036e6      0x649 pegasus_crt.a(calloc.o)
 .debug_str     0x000036e6       0xad pegasus_crt.a(atoi.o)
 .debug_str     0x000036e6       0xc6 pegasus_crt.a(strtol.o)
 .debug_str     0x000036e6       0xb9 pegasus_crt.a(strtok.o)
 .debug_str     0x000036e6       0xc1 pegasus_crt.a(strpbrk.o)
 .debug_str     0x000036e6       0xf4 pegasus_crt.a(htonl.o)
 .debug_str     0x000036e6      0x916 pegasus_crt.a(my_process.o)
 .debug_str     0x000036e6      0x946 pegasus_crt.a(socket.o)
 .debug_str     0x000036e6      0xa78 pegasus_crt.a(udp_sock.o)
 .debug_str     0x000036e6      0x905 pegasus_crt.a(inet.o)
 .debug_str     0x000036e6      0x8bd pegasus_crt.a(sock.o)
 .debug_str     0x000036e6      0xc24 pegasus_crt.a(tcp_output.o)
 .debug_str     0x000036e6      0x735 pegasus_crt.a(dst.o)
 .debug_str     0x000036e6      0x72f pegasus_crt.a(thread.o)

.debug_loc
 *(.debug_loc)

.debug_macinfo
 *(.debug_macinfo)

.debug_weaknames
 *(.debug_weaknames)

.debug_funcnames
 *(.debug_funcnames)

.debug_typenames
 *(.debug_typenames)

.debug_varnames
 *(.debug_varnames)

.debug_pubtypes
 *(.debug_pubtypes)

.debug_ranges   0x00000000       0x90
 *(.debug_ranges)
 .debug_ranges  0x00000000       0x30 pegasus_crt.a(kernel_main_old.o)
 .debug_ranges  0x00000030       0x48 pegasus_crt.a(hd.o)
 .debug_ranges  0x00000078       0x18 pegasus_crt.a(exec.o)

.debug_addr
 *(.debug_addr)

.debug_line_str
 *(.debug_line_str)

.debug_loclists
 *(.debug_loclists)

.debug_macro
 *(.debug_macro)

.debug_names
 *(.debug_names)

.debug_rnglists
 *(.debug_rnglists)

.debug_str_offsets
 *(.debug_str_offsets)

.debug_sup
 *(.debug_sup)

.gnu.attributes
 *(.gnu.attributes)

/DISCARD/
 *(.note.GNU-stack)
 *(.gnu_debuglink)
 *(.gnu.lto_*)
OUTPUT(test elf32-i386)
