Archive member included to satisfy reference by file (symbol)

pegasus_crt.a(kernel_main_old.o)
                              test.o (Printf)
pegasus_crt.a(keyboard.o)     pegasus_crt.a(kernel_main_old.o) (init_keyboard_handler)
pegasus_crt.a(process.o)      pegasus_crt.a(kernel_main_old.o) (schedule_process)
pegasus_crt.a(mem.o)          pegasus_crt.a(kernel_main_old.o) (ptr_pde)
pegasus_crt.a(exec.o)         pegasus_crt.a(kernel_main_old.o) (execl)
pegasus_crt.a(fork.o)         pegasus_crt.a(kernel_main_old.o) (fork)
pegasus_crt.a(exit.o)         start.o (exit)
pegasus_crt.a(wait.o)         pegasus_crt.a(kernel_main_old.o) (wait)
pegasus_crt.a(read.o)         pegasus_crt.a(kernel_main_old.o) (read)
pegasus_crt.a(open.o)         pegasus_crt.a(kernel_main_old.o) (open)
pegasus_crt.a(write.o)        pegasus_crt.a(kernel_main_old.o) (write)
pegasus_crt.a(close.o)        pegasus_crt.a(kernel_main_old.o) (close)
pegasus_crt.a(kernel.o)       pegasus_crt.a(kernel_main_old.o) (disp_str)
pegasus_crt.a(syscall.o)      pegasus_crt.a(kernel_main_old.o) (write_debug)
pegasus_crt.a(switch_to.o)    pegasus_crt.a(process.o) (switch_to)
pegasus_crt.a(string.o)       pegasus_crt.a(kernel_main_old.o) (Memcpy2)
pegasus_crt.a(double_link_list.o)
                              pegasus_crt.a(mem.o) (initDoubleLinkList)
pegasus_crt.a(protect.o)      pegasus_crt.a(kernel_main_old.o) (InitInterruptDesc)
pegasus_crt.a(console.o)      pegasus_crt.a(keyboard.o) (select_console)
pegasus_crt.a(global.o)       pegasus_crt.a(protect.o) (proc_table)
pegasus_crt.a(netdev.o)       pegasus_crt.a(kernel.o) (net_handler)
pegasus_crt.a(task_network.o)
                              pegasus_crt.a(global.o) (task_network)
pegasus_crt.a(hd.o)           pegasus_crt.a(global.o) (TaskHD)
pegasus_crt.a(fs_main.o)      pegasus_crt.a(global.o) (task_fs)
pegasus_crt.a(main.o)         pegasus_crt.a(global.o) (TaskMM)
pegasus_crt.a(strcmp.o)       pegasus_crt.a(fs_main.o) (strcmp)
pegasus_crt.a(perror.o)       pegasus_crt.a(netdev.o) (perror)
pegasus_crt.a(sscanf.o)       pegasus_crt.a(netdev.o) (sscanf)
pegasus_crt.a(ntohs.o)        pegasus_crt.a(netdev.o) (ntohs)
pegasus_crt.a(htons.o)        pegasus_crt.a(netdev.o) (htons)
pegasus_crt.a(inet_pton.o)    pegasus_crt.a(netdev.o) (inet_pton)
pegasus_crt.a(ntohl.o)        pegasus_crt.a(netdev.o) (ntohl)
pegasus_crt.a(hd_rdwt.o)      pegasus_crt.a(hd.o) (read_port)
pegasus_crt.a(ne2000.o)       pegasus_crt.a(netdev.o) (StartSendToPhysicalLink)
pegasus_crt.a(skbuff.o)       pegasus_crt.a(netdev.o) (alloc_skb)
pegasus_crt.a(ip_input.o)     pegasus_crt.a(netdev.o) (call_ip_rcv)
pegasus_crt.a(icmpv4.o)       pegasus_crt.a(ip_input.o) (icmpv4_incoming)
pegasus_crt.a(tcp.o)          pegasus_crt.a(ip_input.o) (tcp_in)
pegasus_crt.a(arp.o)          pegasus_crt.a(netdev.o) (arp_rcv)
pegasus_crt.a(route.o)        pegasus_crt.a(task_network.o) (route_init)
pegasus_crt.a(ipc.o)          pegasus_crt.a(task_network.o) (demux_ipc_socket_call)
pegasus_crt.a(ip_output.o)    pegasus_crt.a(icmpv4.o) (ip_output)
pegasus_crt.a(dst.o)          pegasus_crt.a(ip_output.o) (dst_neigh_output)
pegasus_crt.a(tcp_input.o)    pegasus_crt.a(tcp.o) (tcp_process)
pegasus_crt.a(udp.o)          pegasus_crt.a(ip_input.o) (udp_in)
pegasus_crt.a(tcp_data.o)     pegasus_crt.a(tcp_input.o) (tcp_data_dequeue)
pegasus_crt.a(utils.o)        pegasus_crt.a(ip_input.o) (print_err)
pegasus_crt.a(forkexit.o)     pegasus_crt.a(main.o) (do_fork)
pegasus_crt.a(exec.o)         pegasus_crt.a(main.o) (do_exec)
pegasus_crt.a(alloca.o)       pegasus_crt.a(ipc.o) (alloca)
pegasus_crt.a(calloc.o)       pegasus_crt.a(ipc.o) (calloc)
pegasus_crt.a(atoi.o)         pegasus_crt.a(sscanf.o) (atoi)
pegasus_crt.a(strtol.o)       pegasus_crt.a(sscanf.o) (strtol)
pegasus_crt.a(strtok.o)       pegasus_crt.a(inet_pton.o) (strtok)
pegasus_crt.a(strpbrk.o)      pegasus_crt.a(strtok.o) (strpbrk)
pegasus_crt.a(htonl.o)        pegasus_crt.a(arp.o) (htonl)
pegasus_crt.a(my_process.o)   pegasus_crt.a(forkexit.o) (fork_process)
pegasus_crt.a(socket.o)       pegasus_crt.a(ipc.o) (_socket)
pegasus_crt.a(udp_sock.o)     pegasus_crt.a(udp.o) (udp_lookup_sock)
pegasus_crt.a(tcp_sock.o)     pegasus_crt.a(tcp_input.o) (tcp_established_or_syn_recvd_socks_enqueue)
pegasus_crt.a(inet.o)         pegasus_crt.a(socket.o) (inet)
pegasus_crt.a(sock.o)         pegasus_crt.a(inet.o) (sk_alloc)
pegasus_crt.a(tcp_output.o)   pegasus_crt.a(tcp_input.o) (tcp_send_synack)
pegasus_crt.a(thread.o)       pegasus_crt.a(my_process.o) (thread_init)

Merging program properties

Removed property 0xc0010001 to merge test.o (0x1) and start.o (not found)
Removed property 0xc0010002 to merge test.o (0x0) and start.o (not found)
Removed property 0xc0010001 to merge test.o (not found) and pegasus_crt.a(kernel_main_old.o) (0x1)
Removed property 0xc0010002 to merge test.o (not found) and pegasus_crt.a(kernel_main_old.o) (0x1)
Removed property 0xc0010001 to merge test.o (not found) and pegasus_crt.a(keyboard.o) (0x1)
[...]
Memory Configuration

Name             Origin             Length             Attributes
*default*        0x00000000         0xffffffff

Linker script and memory map

Address of section .text set to 0xb0800000
LOAD test.o
LOAD start.o
LOAD pegasus_crt.a
                [!provide]                        PROVIDE (__executable_start = SEGMENT_START ("text-segment", 0x8048000))
                0x080480d4                        . = (SEGMENT_START ("text-segment", 0x8048000) + SIZEOF_HEADERS)

.interp
 *(.interp)

.note.gnu.build-id
 *(.note.gnu.build-id)

.hash
 *(.hash)

.gnu.hash
 *(.gnu.hash)

.dynsym
 *(.dynsym)

.dynstr
 *(.dynstr)

.gnu.version
 *(.gnu.version)

.gnu.version_d
 *(.gnu.version_d)

.gnu.version_r
 *(.gnu.version_r)

.rel.dyn        0x080480d4        0x0
 *(.rel.init)
 *(.rel.text .rel.text.* .rel.gnu.linkonce.t.*)
 .rel.text      0x080480d4        0x0 test.o
 *(.rel.fini)
 *(.rel.rodata .rel.rodata.* .rel.gnu.linkonce.r.*)
 *(.rel.data.rel.ro .rel.data.rel.ro.* .rel.gnu.linkonce.d.rel.ro.*)
 *(.rel.data .rel.data.* .rel.gnu.linkonce.d.*)
 *(.rel.tdata .rel.tdata.* .rel.gnu.linkonce.td.*)
 *(.rel.tbss .rel.tbss.* .rel.gnu.linkonce.tb.*)
 *(.rel.ctors)
 *(.rel.dtors)
 *(.rel.got)
 .rel.got       0x080480d4        0x0 test.o
 *(.rel.bss .rel.bss.* .rel.gnu.linkonce.b.*)
 *(.rel.ifunc)

.rel.plt        0x080480d4        0x0
 *(.rel.plt)
                [!provide]                        PROVIDE (__rel_iplt_start = .)
 *(.rel.iplt)
 .rel.iplt      0x080480d4        0x0 test.o
                [!provide]                        PROVIDE (__rel_iplt_end = .)

.relr.dyn
 *(.relr.dyn)
                0x08049000                        . = ALIGN (CONSTANT (MAXPAGESIZE))

.init
 *(SORT_NONE(.init))

.plt            0x08049000        0x0
 *(.plt)
 *(.iplt)
 .iplt          0x08049000        0x0 test.o

.plt.got
 *(.plt.got)

.plt.sec
 *(.plt.sec)

.text           0xb0800000    0x13c27
 *(.text.unlikely .text.*_unlikely .text.unlikely.*)
 *(.text.exit .text.exit.*)
 *(.text.startup .text.startup.*)
 *(.text.hot .text.hot.*)
 *(SORT_BY_NAME(.text.sorted.*))
 *(.text .stub .text.* .gnu.linkonce.t.*)
 .text          0xb0800000       0x3e test.o
                0xb0800000                main
 *fill*         0xb080003e        0x2 
 .text          0xb0800040       0x15 start.o
                0xb0800040                _start
 .text          0xb0800055     0x2d8b pegasus_crt.a(kernel_main_old.o)
                0xb0800055                stop_here
                0xb0800099                catch_error
                0xb08000fe                intr_enable
                0xb0800127                intr_disable
                0xb0800150                intr_set_status
                0xb080016e                intr_get_status
                0xb080018b                Memcpy
                0xb08001be                untar
                0xb08004ce                num_to_string
                0xb0800574                disp_int
                0xb080059d                do_page_fault
                0xb08006da                exception_handler
                0xb08008c5                init_internal_interrupt
                0xb0800a3a                spurious_irq
                0xb0800ac8                init_keyboard
                0xb0800b0b                TestTTY
                0xb0800baa                TestReadReturnValue
                0xb0800c27                TestWriteReturnValue
                0xb0800cfb                TestFS2
                0xb0800d09                TestFS
                0xb08011ab                wait_exit
                0xb08012a9                INIT_fork
                0xb080159c                simple_shell
                0xb0801723                test_shell
                0xb080178b                test_exec
                0xb080187e                INIT
                0xb080188b                TestA
                0xb08018c0                delay
                0xb0801904                TestB
                0xb080191c                TestC
                0xb080194f                sys_get_ticks
                0xb080195f                sys_write
                0xb08019b3                milli_delay
                0xb08019dd                TaskSys
                0xb08019e2                Printf
                0xb0801ab4                sprintf
                0xb0801ae0                vsprintf
                0xb0801c8c                printx
                0xb0801ccf                sys_printx
                0xb0801d9b                spin
                0xb0801dc1                panic
                0xb0801ddf                assertion_failure
                0xb0801e51                assertion_failure2
                0xb0801ec6                dead_lock
                0xb0801ed0                sys_send_msg
                0xb08023ef                sys_receive_msg
                0xb0802a4f                send_rec
                0xb0802b4a                block
                0xb0802b86                unblock
                0xb0802bd6                get_ticks_ipc
                0xb0802be9                itoa
                0xb0802c3f                i2a
                0xb0802ca5                inform_int
                0xb0802d71                deprecate_strcmp
 .text          0xb0802de0      0x40f pegasus_crt.a(keyboard.o)
                0xb0802de0                keyboard_handler
                0xb0802e64                read_from_keyboard_buf
                0xb0802eca                keyboard_read
                0xb0803049                init_keyboard_handler
                0xb080305d                in_process
 .text          0xb08031ef      0x2d3 pegasus_crt.a(process.o)
                0xb08031ef                schedule_process
                0xb08033b5                clock_handler
                0xb0803447                pid2proc
                0xb08034ab                proc2pid
 .text          0xb08034c2     0x1118 pegasus_crt.a(mem.o)
                0xb08034c2                init_bitmap
                0xb08034e5                test_bit_val
                0xb080354e                set_bit_val
                0xb08035c9                set_bits
                0xb0803603                get_first_free_bit
                0xb0803647                get_bits
                0xb080370f                get_a_page
                0xb08037c3                get_virtual_address_start_with_addr
                0xb080385d                get_virtual_address
                0xb08038ed                ptr_pde
                0xb0803900                ptr_pte
                0xb0803927                add_map_entry
                0xb08039b8                alloc_virtual_memory
                0xb0803a84                get_physical_address_proc
                0xb0803b00                get_physical_address
                0xb0803b32                alloc_physical_memory_of_proc
                0xb0803c21                alloc_physical_memory
                0xb0803ce9                alloc_memory
                0xb0803d4b                get_a_virtual_page
                0xb0803d83                block2arena
                0xb0803d99                sys_malloc2
                0xb08040c6                remove_map_entry
                0xb08040e7                free_a_page
                0xb080418e                sys_free2
                0xb0804194                init_memory_block_desc
                0xb0804265                init_memory2
                0xb080449a                init_memory
 .text          0xb08045da      0x285 pegasus_crt.a(exec.o)
                0xb08045da                exec
                0xb080464b                execv
                0xb080483a                execl
 .text          0xb080485f       0x4b pegasus_crt.a(fork.o)
                0xb080485f                fork
 .text          0xb08048aa       0x2f pegasus_crt.a(exit.o)
                0xb08048aa                exit
 .text          0xb08048d9       0x44 pegasus_crt.a(wait.o)
                0xb08048d9                wait
 .text          0xb080491d      0x181 pegasus_crt.a(read.o)
                0xb080491d                read
 .text          0xb0804a9e       0x95 pegasus_crt.a(open.o)
                0xb0804a9e                open
 .text          0xb0804b33       0x85 pegasus_crt.a(write.o)
                0xb0804b33                write
 .text          0xb0804bb8       0x52 pegasus_crt.a(close.o)
                0xb0804bb8                close
 *fill*         0xb0804c0a        0x6 
 .text          0xb0804c10      0x3d2 pegasus_crt.a(kernel.o)
                0xb0804c10                InterruptTest
                0xb0804c1c                disp_str_len
                0xb0804c69                disp_str
                0xb0804ca4                disp_str_colour
                0xb0804ce0                divide_zero_fault
                0xb0804ce6                single_step_fault
                0xb0804cec                non_maskable_interrupt
                0xb0804cf2                breakpoint_trap
                0xb0804cf8                overflow_trap
                0xb0804cfe                bound_range_exceeded_fault
                0xb0804d04                invalid_opcode_fault
                0xb0804d0a                coprocessor_not_available_fault
                0xb0804d10                double_fault_exception_abort
                0xb0804d14                coprocessor_segment_overrun
                0xb0804d1a                invalid_task_state_segment_fault
                0xb0804d1e                segment_not_present_fault
                0xb0804d22                stack_exception_fault
                0xb0804d26                general_protection_exception_fault
                0xb0804d31                page_fault
                0xb0804d35                coprocessor_error_fault
                0xb0804d3b                align_check_fault
                0xb0804d3f                simd_float_exception_fault
                0xb0804d4e                hwint0
                0xb0804d7e                hwint1
                0xb0804dc1                hwint14
                0xb0804e07                hwint10
                0xb0804e4a                sys_call
                0xb0804e90                fork_restart
                0xb0804e9f                restart
                0xb0804ec2                in_byte
                0xb0804ece                out_byte
                0xb0804ef0                disable_int
                0xb0804ef2                enable_int
                0xb0804f88                enable_8259A_casecade_irq
                0xb0804f92                disable_8259A_casecade_irq
                0xb0804f9c                enable_8259A_slave_winchester_irq
                0xb0804fa6                disable_8259A_slave_winchester_irq
                0xb0804fb0                update_cr3
                0xb0804fbd                update_tss
                0xb0804fcc                get_running_thread_pcb
                0xb0804fd2                sys_call_test
                0xb0804fd5                enable_8259A_slave_net_irq
 *fill*         0xb0804fe2        0xe 
 .text          0xb0804ff0       0x6a pegasus_crt.a(syscall.o)
                0xb0804ff0                write_debug
                0xb0805000                send_msg
                0xb0805016                receive_msg
                0xb080502c                sys_malloc
                0xb0805041                sys_free
 *fill*         0xb080505a        0x6 
 .text          0xb0805060       0x15 pegasus_crt.a(switch_to.o)
                0xb0805060                switch_to
 .text          0xb0805075      0x2ee pegasus_crt.a(double_link_list.o)
                0xb0805075                initDoubleLinkList
                0xb08050c5                isListEmpty
                0xb08050f3                findElementInList
                0xb080518a                appendToDoubleLinkList
                0xb0805250                insertToDoubleLinkList
                0xb08052d4                popFromDoubleLinkList
 .text          0xb0805363      0x3b3 pegasus_crt.a(protect.o)
                0xb0805363                InitDescriptor
                0xb08053d0                Seg2PhyAddr
                0xb0805411                Seg2PhyAddrLDT
                0xb0805455                VirAddr2PhyAddr
                0xb080546b                v2l
                0xb08054ae                init_propt
                0xb080562f                InitInterruptDesc
                0xb080568b                ReloadGDT
 .text          0xb0805716      0xad3 pegasus_crt.a(console.o)
                0xb0805716                select_console
                0xb0805752                flush
                0xb080578b                set_cursor
                0xb08057e9                set_console_start_video_addr
                0xb0805847                put_key
                0xb08058b3                scroll_up
                0xb08058f5                scroll_down
                0xb0805960                out_char
                0xb0805b1d                tty_dev_read
                0xb0805b47                tty_dev_write
                0xb0805d74                tty_do_read
                0xb0805e3c                tty_do_write
                0xb0805fa5                init_screen
                0xb080602e                init_tty
                0xb08060e3                TaskTTY
 .text          0xb08061e9        0x0 pegasus_crt.a(global.o)
 .text          0xb08061e9      0x9a8 pegasus_crt.a(netdev.o)
                0xb0806377                netdev_init
                0xb08063be                netdev_transmit
                0xb0806511                interrupt_wait2
                0xb080656a                netdev_rx_loop
                0xb080665b                call_netdev_get
                0xb08067a5                netdev_get
                0xb080685a                free_netdev
                0xb0806885                local_ipaddress
                0xb08068c2                receive_msg_from_nic
                0xb0806a4f                receive_msg_from_nic2
                0xb0806b7b                net_handler
 .text          0xb0806b91      0x356 pegasus_crt.a(task_network.o)
                0xb0806be5                init_dev
                0xb0806d4c                task_network
                0xb0806e9d                task_netdev_rx
 .text          0xb0806ee7      0xe84 pegasus_crt.a(hd.o)
                0xb0806ee7                TaskHD
                0xb0806f32                init_hd
                0xb0806f4c                hd_handle
                0xb0807051                hd_cmd_out
                0xb0807153                hd_identify
                0xb080720a                print_hdinfo
                0xb0807398                print_dpt_entry
                0xb0807404                get_partition_table
                0xb08074e3                partition
                0xb08076fd                hd_open
                0xb08077ad                get_hd_ioctl
                0xb0807867                wait_for
                0xb0807898                interrupt_wait
                0xb08078f1                hd_rdwt
                0xb0807b93                hd_handler
                0xb0807bc4                debug_ticks
                0xb0807c02                waitfor
                0xb0807c46                print_hd_info
                0xb0807d33                is_empty
 .text          0xb0807d6b     0x2081 pegasus_crt.a(fs_main.o)
                0xb0807d6b                task_fs
                0xb0807f7f                rd_wt
                0xb0808061                mkfs
                0xb0808643                init_fs
                0xb080869d                do_open
                0xb08088a6                search_file
                0xb08089d8                strip_path
                0xb0808aa4                get_inode
                0xb0808c66                create_file
                0xb0808d71                alloc_imap_bit
                0xb0808e6e                alloc_smap_bit
                0xb080900f                new_inode
                0xb080912d                new_dir_entry
                0xb0809339                do_unlink
                0xb0809815                do_rdwt
                0xb0809ba0                sync_inode
                0xb0809cf4                put_inode
                0xb0809d32                do_close
                0xb0809d84                get_super_block
 .text          0xb0809dec      0x14e pegasus_crt.a(main.o)
                0xb0809dec                TaskMM
                0xb0809f1b                alloc_mem
 .text          0xb0809f3a       0xa8 pegasus_crt.a(strcmp.o)
                0xb0809f3a                strcmp
 .text          0xb0809fe2       0x17 pegasus_crt.a(perror.o)
                0xb0809fe2                perror
 .text          0xb0809ff9      0x335 pegasus_crt.a(sscanf.o)
                0xb0809ff9                sscanf
 .text          0xb080a32e       0x38 pegasus_crt.a(ntohs.o)
                0xb080a32e                ntohs
 .text          0xb080a366       0x38 pegasus_crt.a(htons.o)
                0xb080a366                htons
 .text          0xb080a39e      0x295 pegasus_crt.a(inet_pton.o)
                0xb080a39e                isValidIPv4
                0xb080a528                inet_pton
 .text          0xb080a633       0x7c pegasus_crt.a(ntohl.o)
                0xb080a633                ntohl
 *fill*         0xb080a6af        0x1 
 .text          0xb080a6b0      0x28d pegasus_crt.a(ne2000.o)
                0xb080a6d3                DriverInitialize
                0xb080a75d                StartSendToPhysicalLink
                0xb080a778                SetPageStart
                0xb080a7a7                DriverSend
                0xb080a821                PCtoNIC
                0xb080a88c                get_interrupt_status
                0xb080a8a9                set_interrupt_status
                0xb080a8c9                get_curr_page
                0xb080a8e6                NICtoPC
 .text          0xb080a93d      0x164 pegasus_crt.a(skbuff.o)
                0xb080a956                alloc_skb
                0xb080a9f0                free_skb
                0xb080aa23                skb_reserve
                0xb080aa3f                skb_push
                0xb080aa6e                skb_head
                0xb080aa79                skb_reset_header
 .text          0xb080aaa1      0x538 pegasus_crt.a(ip_input.o)
                0xb080ac83                call_ip_rcv
                0xb080ad9d                ip_rcv
 .text          0xb080afd9      0x234 pegasus_crt.a(icmpv4.o)
                0xb080afe7                icmpv4_incoming
                0xb080b05b                icmpv4_reply
                0xb080b134                icmpv4_timestamp
 .text          0xb080b20d      0x4a8 pegasus_crt.a(tcp.o)
                0xb080b45a                tcp_in
                0xb080b50e                tcp_checksum
                0xb080b53a                __tcp_set_state
                0xb080b549                tcp_generate_port
                0xb080b592                tcp_generate_isn
                0xb080b5a4                tcp_done
                0xb080b5cd                tcp_clear_timers
                0xb080b5dc                tcp_stop_retransmission_timer
                0xb080b5f5                tcp_release_retransmission_timer
                0xb080b60e                tcp_stop_delack_timer
                0xb080b621                tcp_release_delack_timer
                0xb080b634                tcp_handle_fin_state
                0xb080b699                tcp_enter_time_wait
 .text          0xb080b6b5      0xbf8 pegasus_crt.a(arp.o)
                0xb080b7de                call_update_arp_translation_table
                0xb080ba16                insert_arp_translation_table
                0xb080ba98                update_arp_translation_table
                0xb080bb57                arp_init
                0xb080bb5d                arp_rcv
                0xb080bd46                arp_request
                0xb080bece                arp_reply
                0xb080c031                call_arp_get_hwaddr
                0xb080c17b                arp_get_hwaddr
                0xb080c25c                free_arp
 .text          0xb080c2ad      0x42e pegasus_crt.a(route.o)
                0xb080c3bd                route_add
                0xb080c404                route_init
                0xb080c4b6                call_route_lookup
                0xb080c600                route_lookup
 .text          0xb080c6db      0xe8b pegasus_crt.a(ipc.o)
                0xb080d2c7                ipc_close
                0xb080d318                ipc_call_from_netdev_rx
                0xb080d350                demux_ipc_socket_call
 .text          0xb080d566      0x1d3 pegasus_crt.a(ip_output.o)
                0xb080d574                ip_output
 .text          0xb080d739      0x191 pegasus_crt.a(dst.o)
                0xb080d747                print_array
                0xb080d7bb                dst_neigh_output
 .text          0xb080d8ca      0xc58 pegasus_crt.a(tcp_input.o)
                0xb080e083                tcp_process
                0xb080e460                tcp_receive
 .text          0xb080e522      0x3fd pegasus_crt.a(udp.o)
                0xb080e64a                udp_generate_port
                0xb080e693                udp_checksum
                0xb080e761                udp_in
                0xb080e7f2                udp_data_dequeue
                0xb080e8fa                udp_data_enqueue
 .text          0xb080e91f      0x5c8 pegasus_crt.a(tcp_data.o)
                0xb080ec88                tcp_data_dequeue
                0xb080edb5                tcp_data_queue
 .text          0xb080eee7      0x1e7 pegasus_crt.a(utils.o)
                0xb080eee7                run_cmd
                0xb080eef4                print_err
                0xb080ef0b                parse_ipv4_string
                0xb080ef6a                ip_pton
                0xb080efb2                sum_every_16bits
                0xb080f009                checksum
                0xb080f04a                tcp_udp_checksum
 .text          0xb080f0ce      0x24f pegasus_crt.a(forkexit.o)
                0xb080f0ce                do_fork
                0xb080f13c                do_exit
                0xb080f1c6                do_wait
                0xb080f2c3                cleanup
 .text          0xb080f31d      0x419 pegasus_crt.a(exec.o)
                0xb080f31d                do_exec
 .text          0xb080f736       0x29 pegasus_crt.a(alloca.o)
                0xb080f736                alloca
 .text          0xb080f75f       0x46 pegasus_crt.a(calloc.o)
                0xb080f75f                calloc
 .text          0xb080f7a5       0x9c pegasus_crt.a(atoi.o)
                0xb080f7a5                atoi
 .text          0xb080f841       0xca pegasus_crt.a(strtol.o)
                0xb080f841                strtol
 .text          0xb080f90b       0x85 pegasus_crt.a(strtok.o)
                0xb080f90b                strtok
 .text          0xb080f990       0x90 pegasus_crt.a(strpbrk.o)
                0xb080f990                strpbrk
 .text          0xb080fa20       0x7c pegasus_crt.a(htonl.o)
                0xb080fa20                htonl
 .text          0xb080fa9c      0x730 pegasus_crt.a(my_process.o)
                0xb080fa9c                create_user_process_address_space
                0xb080fb2c                user_process
                0xb080fc59                clone_pcb
                0xb080fdcb                build_body_stack
                0xb080fefe                build_process_kernel_stack
                0xb080ffc1                fork_process
                0xb0810052                process_execute
 .text          0xb08101cc      0x66c pegasus_crt.a(socket.o)
                0xb081027c                test
                0xb08102d8                socket_debug
                0xb0810339                free_socket
                0xb08103f5                _socket
                0xb08104b4                _bind
                0xb0810507                _connect
                0xb0810559                _write
                0xb08105b0                _read
                0xb0810607                _recvfrom
                0xb0810648                _sendto
                0xb081069f                _close
                0xb081071e                _listen
                0xb0810784                _accept
 .text          0xb0810838      0x8ed pegasus_crt.a(udp_sock.o)
                0xb0810a93                udp_lookup_sock
                0xb0810ada                udp_init
                0xb0810b0b                udp_close
                0xb0810b31                udp_sock_init
                0xb0810b3b                udp_recvfrom
                0xb0810bd7                udp_connect
                0xb0810cb0                udp_write
                0xb0810cdc                udp_alloc_skb
                0xb0810d26                udp_sendto
                0xb0810e1a                udp_send
                0xb0810f58                udp_alloc_sock
                0xb0810f99                udp_free_sock
                0xb0810fbd                udp_read
 .text          0xb0811125      0xe12 pegasus_crt.a(tcp_sock.o)
                0xb081146a                tcp_established_or_syn_recvd_socks_enqueue
                0xb0811483                tcp_established_or_syn_recvd_socks_remove
                0xb0811495                tcp_connecting_or_listening_socks_enqueue
                0xb08114ae                tcp_connecting_or_listening_socks_remove
                0xb08114c0                tcp_alloc_sock
                0xb08115d6                tcp_free_sock
                0xb081164f                tcp_init
                0xb0811659                tcp_sock_init
                0xb08116ff                tcp_write
                0xb0811800                ipc_tcp_write2
                0xb0811829                tcp_read
                0xb08118dc                tcp_close
                0xb081199a                tcp_recv_notify
                0xb08119f2                tcp_v4_connect
                0xb0811c8d                call_tcp_lookup_sock
                0xb0811df8                tcp_lookup_sock
                0xb0811e71                tcp_lookup_sock2
 .text          0xb0811f37      0x429 pegasus_crt.a(inet.o)
                0xb0811f37                inet_create
                0xb0811fe7                inet_socket
                0xb0811ff1                inet_connect
                0xb0812045                inet_write
                0xb0812071                inet_read
                0xb081209d                inet_close
                0xb08120ec                inet_free
                0xb0812122                inet_bind
                0xb081222b                inet_listen
                0xb0812274                inet_accept
                0xb081231f                inet_sendto
                0xb081234a                inet_recvfrom
 .text          0xb0812360      0x223 pegasus_crt.a(sock.o)
                0xb08124b2                sk_alloc
                0xb08124d9                sk_init
                0xb081252d                sk_init_with_socket
                0xb0812556                sk_free
 .text          0xb0812583     0x14f2 pegasus_crt.a(tcp_output.o)
                0xb08129cb                tcp_send_synack
                0xb0812a6e                tcp_send_delack
                0xb0812aa9                tcp_send_ack
                0xb0812c39                tcp_send_fin
                0xb0812cae                tcp_select_initial_window
                0xb0812e60                tcp_reset_retransmission_timer
                0xb0812e7d                call_tcp_begin_connect
                0xb0813172                tcp_begin_connect
                0xb08134c2                call_tcp_write
                0xb0813747                ipc_tcp_write
                0xb081397a                tcp_send_reset
                0xb08139fa                tcp_queue_fin
 .text          0xb0813a75      0x1b2 pegasus_crt.a(thread.o)
                0xb0813a75                kernel_thread
                0xb0813a8d                thread_init
                0xb0813b3a                thread_create
                0xb0813b6f                thread_start
 *(.gnu.warning)

.fini
 *(SORT_NONE(.fini))
                [!provide]                        PROVIDE (__etext = .)
                [!provide]                        PROVIDE (_etext = .)
                [!provide]                        PROVIDE (etext = .)
                0xb0814000                        . = ALIGN (CONSTANT (MAXPAGESIZE))
                0xb0814000                        . = SEGMENT_START ("rodata-segment", (ALIGN (CONSTANT (MAXPAGESIZE)) + (. & (CONSTANT (MAXPAGESIZE) - 0x1))))

.rodata         0xb0814000     0x1d0e
 *(.rodata .rodata.* .gnu.linkonce.r.*)
 .rodata        0xb0814000       0x10 test.o
 *fill*         0xb0814010       0x10 
 .rodata        0xb0814020      0xb61 pegasus_crt.a(kernel_main_old.o)
 *fill*         0xb0814b81        0x3 
 .rodata        0xb0814b84       0x4c pegasus_crt.a(process.o)
 .rodata        0xb0814bd0       0x5a pegasus_crt.a(mem.o)
 .rodata        0xb0814c2a       0x2d pegasus_crt.a(exec.o)
 .rodata        0xb0814c57       0x2a pegasus_crt.a(close.o)
 .rodata        0xb0814c81       0x3c pegasus_crt.a(double_link_list.o)
 .rodata        0xb0814cbd       0x22 pegasus_crt.a(console.o)
 *fill*         0xb0814cdf        0x1 
 .rodata        0xb0814ce0      0x117 pegasus_crt.a(netdev.o)
 *fill*         0xb0814df7        0x1 
 .rodata        0xb0814df8       0x91 pegasus_crt.a(task_network.o)
 *fill*         0xb0814e89        0x3 
 .rodata        0xb0814e8c      0x19c pegasus_crt.a(hd.o)
 .rodata        0xb0815028      0x1fb pegasus_crt.a(fs_main.o)
                0xb0815028                FSBUF_SIZE
 .rodata        0xb0815223       0x11 pegasus_crt.a(main.o)
 .rodata        0xb0815234        0x3 pegasus_crt.a(inet_pton.o)
 .rodata        0xb0815237        0x9 pegasus_crt.a(skbuff.o)
 .rodata        0xb0815240       0xd6 pegasus_crt.a(ip_input.o)
 *fill*         0xb0815316        0x2 
 .rodata        0xb0815318       0x32 pegasus_crt.a(icmpv4.o)
 *fill*         0xb081534a        0x2 
 .rodata        0xb081534c       0x31 pegasus_crt.a(tcp.o)
 *fill*         0xb081537d        0x3 
 .rodata        0xb0815380       0xda pegasus_crt.a(arp.o)
 *fill*         0xb081545a        0x2 
 .rodata        0xb081545c       0x36 pegasus_crt.a(route.o)
 *fill*         0xb0815492        0x2 
 .rodata        0xb0815494      0x188 pegasus_crt.a(ipc.o)
 .rodata        0xb081561c        0x9 pegasus_crt.a(ip_output.o)
 .rodata        0xb0815625       0x1c pegasus_crt.a(dst.o)
 *fill*         0xb0815641        0x3 
 .rodata        0xb0815644       0xe8 pegasus_crt.a(tcp_input.o)
 .rodata        0xb081572c       0x24 pegasus_crt.a(udp.o)
 .rodata        0xb0815750       0x39 pegasus_crt.a(tcp_data.o)
 *fill*         0xb0815789        0x3 
 .rodata        0xb081578c       0x41 pegasus_crt.a(utils.o)
 .rodata        0xb08157cd       0x21 pegasus_crt.a(forkexit.o)
 .rodata        0xb08157ee       0x10 pegasus_crt.a(exec.o)
 *fill*         0xb08157fe        0x2 
 .rodata        0xb0815800      0x23d pegasus_crt.a(socket.o)
 *fill*         0xb0815a3d        0x3 
 .rodata        0xb0815a40       0x45 pegasus_crt.a(udp_sock.o)
 *fill*         0xb0815a85        0x3 
 .rodata        0xb0815a88      0x114 pegasus_crt.a(tcp_sock.o)
 .rodata        0xb0815b9c       0x48 pegasus_crt.a(inet.o)
 .rodata        0xb0815be4       0x24 pegasus_crt.a(sock.o)
 .rodata        0xb0815c08      0x106 pegasus_crt.a(tcp_output.o)

.txt            0xb0815d0e       0xaa
 .txt           0xb0815d0e       0x82 pegasus_crt.a(string.o)
                0xb0815d0e                Memcpy2
                0xb0815d3c                Memset
                0xb0815d5b                Strcpy
                0xb0815d75                Strlen
 .txt           0xb0815d90       0x28 pegasus_crt.a(hd_rdwt.o)
                0xb0815d90                read_port
                0xb0815da4                write_port

.rodata1
 *(.rodata1)

.eh_frame_hdr
 *(.eh_frame_hdr)
 *(.eh_frame_entry .eh_frame_entry.*)

.eh_frame       0xb0815db8     0x42e0
 *(.eh_frame)
 .eh_frame      0xb0815db8       0x44 test.o
 .eh_frame      0xb0815dfc      0x6cc pegasus_crt.a(kernel_main_old.o)
                                0x6e4 (size before relaxing)
 .eh_frame      0xb08164c8       0xa0 pegasus_crt.a(keyboard.o)
                                 0xb8 (size before relaxing)
 .eh_frame      0xb0816568       0x80 pegasus_crt.a(process.o)
                                 0x98 (size before relaxing)
 .eh_frame      0xb08165e8      0x364 pegasus_crt.a(mem.o)
                                0x37c (size before relaxing)
 .eh_frame      0xb081694c       0x60 pegasus_crt.a(exec.o)
                                 0x78 (size before relaxing)
 .eh_frame      0xb08169ac       0x20 pegasus_crt.a(fork.o)
                                 0x38 (size before relaxing)
 .eh_frame      0xb08169cc       0x20 pegasus_crt.a(exit.o)
                                 0x38 (size before relaxing)
 .eh_frame      0xb08169ec       0x20 pegasus_crt.a(wait.o)
                                 0x38 (size before relaxing)
 .eh_frame      0xb0816a0c       0x20 pegasus_crt.a(read.o)
                                 0x38 (size before relaxing)
 .eh_frame      0xb0816a2c       0x20 pegasus_crt.a(open.o)
                                 0x38 (size before relaxing)
 .eh_frame      0xb0816a4c       0x20 pegasus_crt.a(write.o)
                                 0x38 (size before relaxing)
 .eh_frame      0xb0816a6c       0x20 pegasus_crt.a(close.o)
                                 0x38 (size before relaxing)
 .eh_frame      0xb0816a8c       0xc0 pegasus_crt.a(double_link_list.o)
                                 0xd8 (size before relaxing)
 .eh_frame      0xb0816b4c      0x100 pegasus_crt.a(protect.o)
                                0x118 (size before relaxing)
 .eh_frame      0xb0816c4c      0x1e0 pegasus_crt.a(console.o)
                                0x1f8 (size before relaxing)
 .eh_frame      0xb0816e2c      0x230 pegasus_crt.a(netdev.o)
                                0x248 (size before relaxing)
 .eh_frame      0xb081705c       0x80 pegasus_crt.a(task_network.o)
                                 0x98 (size before relaxing)
 .eh_frame      0xb08170dc      0x264 pegasus_crt.a(hd.o)
                                0x27c (size before relaxing)
 .eh_frame      0xb0817340      0x27c pegasus_crt.a(fs_main.o)
                                0x294 (size before relaxing)
 .eh_frame      0xb08175bc       0x3c pegasus_crt.a(main.o)
                                 0x54 (size before relaxing)
 .eh_frame      0xb08175f8       0x20 pegasus_crt.a(strcmp.o)
                                 0x38 (size before relaxing)
 .eh_frame      0xb0817618       0x20 pegasus_crt.a(perror.o)
                                 0x38 (size before relaxing)
 .eh_frame      0xb0817638       0x20 pegasus_crt.a(sscanf.o)
                                 0x38 (size before relaxing)
 .eh_frame      0xb0817658       0x20 pegasus_crt.a(ntohs.o)
                                 0x38 (size before relaxing)
 .eh_frame      0xb0817678       0x20 pegasus_crt.a(htons.o)
                                 0x38 (size before relaxing)
 .eh_frame      0xb0817698       0x40 pegasus_crt.a(inet_pton.o)
                                 0x58 (size before relaxing)
 .eh_frame      0xb08176d8       0x20 pegasus_crt.a(ntohl.o)
                                 0x38 (size before relaxing)
 .eh_frame      0xb08176f8       0xe0 pegasus_crt.a(skbuff.o)
                                 0xf8 (size before relaxing)
 .eh_frame      0xb08177d8      0x144 pegasus_crt.a(ip_input.o)
                                0x15c (size before relaxing)
 .eh_frame      0xb081791c       0x80 pegasus_crt.a(icmpv4.o)
                                 0x98 (size before relaxing)
 .eh_frame      0xb081799c      0x288 pegasus_crt.a(tcp.o)
                                0x2a0 (size before relaxing)
 .eh_frame      0xb0817c24      0x220 pegasus_crt.a(arp.o)
                                0x238 (size before relaxing)
 .eh_frame      0xb0817e44      0x104 pegasus_crt.a(route.o)
                                0x11c (size before relaxing)
 .eh_frame      0xb0817f48      0x274 pegasus_crt.a(ipc.o)
                                0x28c (size before relaxing)
 .eh_frame      0xb08181bc       0x40 pegasus_crt.a(ip_output.o)
                                 0x58 (size before relaxing)
 .eh_frame      0xb08181fc       0x60 pegasus_crt.a(dst.o)
                                 0x78 (size before relaxing)
 .eh_frame      0xb081825c      0x324 pegasus_crt.a(tcp_input.o)
                                0x33c (size before relaxing)
 .eh_frame      0xb0818580      0x1e4 pegasus_crt.a(udp.o)
                                0x1fc (size before relaxing)
 .eh_frame      0xb0818764      0x220 pegasus_crt.a(tcp_data.o)
                                0x238 (size before relaxing)
 .eh_frame      0xb0818984       0xe4 pegasus_crt.a(utils.o)
                                 0xfc (size before relaxing)
 .eh_frame      0xb0818a68       0x80 pegasus_crt.a(forkexit.o)
                                 0x98 (size before relaxing)
 .eh_frame      0xb0818ae8       0x20 pegasus_crt.a(exec.o)
                                 0x38 (size before relaxing)
 .eh_frame      0xb0818b08       0x20 pegasus_crt.a(alloca.o)
                                 0x38 (size before relaxing)
 .eh_frame      0xb0818b28       0x20 pegasus_crt.a(calloc.o)
                                 0x38 (size before relaxing)
 .eh_frame      0xb0818b48       0x20 pegasus_crt.a(atoi.o)
                                 0x38 (size before relaxing)
 .eh_frame      0xb0818b68       0x20 pegasus_crt.a(strtol.o)
                                 0x38 (size before relaxing)
 .eh_frame      0xb0818b88       0x20 pegasus_crt.a(strtok.o)
                                 0x38 (size before relaxing)
 .eh_frame      0xb0818ba8       0x20 pegasus_crt.a(strpbrk.o)
                                 0x38 (size before relaxing)
 .eh_frame      0xb0818bc8       0x20 pegasus_crt.a(htonl.o)
                                 0x38 (size before relaxing)
 .eh_frame      0xb0818be8       0xe0 pegasus_crt.a(my_process.o)
                                 0xf8 (size before relaxing)
 .eh_frame      0xb0818cc8      0x2a0 pegasus_crt.a(socket.o)
                                0x2b8 (size before relaxing)
 .eh_frame      0xb0818f68      0x404 pegasus_crt.a(udp_sock.o)
                                0x41c (size before relaxing)
 .eh_frame      0xb081936c      0x580 pegasus_crt.a(tcp_sock.o)
                                0x598 (size before relaxing)
 .eh_frame      0xb08198ec      0x180 pegasus_crt.a(inet.o)
                                0x198 (size before relaxing)
 .eh_frame      0xb0819a6c      0x1a0 pegasus_crt.a(sock.o)
                                0x1b8 (size before relaxing)
 .eh_frame      0xb0819c0c      0x40c pegasus_crt.a(tcp_output.o)
                                0x424 (size before relaxing)
 .eh_frame      0xb081a018       0x80 pegasus_crt.a(thread.o)
                                 0x98 (size before relaxing)
 *(.eh_frame.*)

.sframe
 *(.sframe)
 *(.sframe.*)

.gcc_except_table
 *(.gcc_except_table .gcc_except_table.*)

.gnu_extab
 *(.gnu_extab*)

.exception_ranges
 *(.exception_ranges*)
                0xb081b000                        . = DATA_SEGMENT_ALIGN (CONSTANT (MAXPAGESIZE), CONSTANT (COMMONPAGESIZE))

.eh_frame
 *(.eh_frame)
 *(.eh_frame.*)

.sframe
 *(.sframe)
 *(.sframe.*)

.gnu_extab
 *(.gnu_extab)

.gcc_except_table
 *(.gcc_except_table .gcc_except_table.*)

.exception_ranges
 *(.exception_ranges*)

.tdata          0xb081b000        0x0
                [!provide]                        PROVIDE (__tdata_start = .)
 *(.tdata .tdata.* .gnu.linkonce.td.*)

.tbss
 *(.tbss .tbss.* .gnu.linkonce.tb.*)
 *(.tcommon)

.preinit_array  0xb081b000        0x0
                [!provide]                        PROVIDE (__preinit_array_start = .)
 *(.preinit_array)
                [!provide]                        PROVIDE (__preinit_array_end = .)

.init_array     0xb081b000        0x0
                [!provide]                        PROVIDE (__init_array_start = .)
 *(SORT_BY_INIT_PRIORITY(.init_array.*) SORT_BY_INIT_PRIORITY(.ctors.*))
 *(.init_array EXCLUDE_FILE(*crtend?.o *crtend.o *crtbegin?.o *crtbegin.o) .ctors)
                [!provide]                        PROVIDE (__init_array_end = .)

.fini_array     0xb081b000        0x0
                [!provide]                        PROVIDE (__fini_array_start = .)
 *(SORT_BY_INIT_PRIORITY(.fini_array.*) SORT_BY_INIT_PRIORITY(.dtors.*))
 *(.fini_array EXCLUDE_FILE(*crtend?.o *crtend.o *crtbegin?.o *crtbegin.o) .dtors)
                [!provide]                        PROVIDE (__fini_array_end = .)

.ctors
 *crtbegin.o(.ctors)
 *crtbegin?.o(.ctors)
 *(EXCLUDE_FILE(*crtend?.o *crtend.o) .ctors)
 *(SORT_BY_NAME(.ctors.*))
 *(.ctors)

.dtors
 *crtbegin.o(.dtors)
 *crtbegin?.o(.dtors)
 *(EXCLUDE_FILE(*crtend?.o *crtend.o) .dtors)
 *(SORT_BY_NAME(.dtors.*))
 *(.dtors)

.jcr
 *(.jcr)

.data.rel.ro
 *(.data.rel.ro.local* .gnu.linkonce.d.rel.ro.local.*)
 *(.data.rel.ro .data.rel.ro.* .gnu.linkonce.d.rel.ro.*)

.dynamic
 *(.dynamic)

.got            0xb081b000        0x0
 *(.got)
 .got           0xb081b000        0x0 test.o
 *(.igot)
                0xb081b000                        . = DATA_SEGMENT_RELRO_END (., (SIZEOF (.got.plt) >= 0xc)?0xc:0x0)

.got.plt        0xb081b000        0x0
 *(.got.plt)
 .got.plt       0xb081b000        0x0 test.o
 *(.igot.plt)
 .igot.plt      0xb081b000        0x0 test.o

.data           0xb081b000      0xb88
 *(.data .data.* .gnu.linkonce.d.*)
 .data          0xb081b000        0x0 test.o
 .data          0xb081b000        0x0 pegasus_crt.a(kernel_main_old.o)
 .data          0xb081b000      0x600 pegasus_crt.a(keyboard.o)
                0xb081b000                keymap
 .data          0xb081b600        0x0 pegasus_crt.a(process.o)
 .data          0xb081b600        0x0 pegasus_crt.a(mem.o)
 .data          0xb081b600        0x0 pegasus_crt.a(exec.o)
 .data          0xb081b600        0x0 pegasus_crt.a(fork.o)
 .data          0xb081b600        0x0 pegasus_crt.a(exit.o)
 .data          0xb081b600        0x0 pegasus_crt.a(wait.o)
 .data          0xb081b600        0x0 pegasus_crt.a(read.o)
 .data          0xb081b600        0x0 pegasus_crt.a(open.o)
 .data          0xb081b600        0x0 pegasus_crt.a(write.o)
 .data          0xb081b600        0x0 pegasus_crt.a(close.o)
 .data          0xb081b600        0xf pegasus_crt.a(kernel.o)
 *fill*         0xb081b60f        0x1 
 .data          0xb081b610        0x0 pegasus_crt.a(syscall.o)
 .data          0xb081b610        0x0 pegasus_crt.a(double_link_list.o)
 .data          0xb081b610        0x0 pegasus_crt.a(protect.o)
 .data          0xb081b610        0x0 pegasus_crt.a(console.o)
 *fill*         0xb081b610       0x10 
 .data          0xb081b620      0x17c pegasus_crt.a(global.o)
                0xb081b620                user_task_table
                0xb081b6a0                sys_task_table
                0xb081b780                sys_call_table
 .data          0xb081b79c        0x4 pegasus_crt.a(netdev.o)
 .data          0xb081b7a0        0x4 pegasus_crt.a(task_network.o)
 .data          0xb081b7a4        0x0 pegasus_crt.a(hd.o)
 .data          0xb081b7a4        0x0 pegasus_crt.a(fs_main.o)
 .data          0xb081b7a4        0x0 pegasus_crt.a(main.o)
 .data          0xb081b7a4        0x0 pegasus_crt.a(strcmp.o)
 .data          0xb081b7a4        0x0 pegasus_crt.a(perror.o)
 .data          0xb081b7a4        0x0 pegasus_crt.a(sscanf.o)
 .data          0xb081b7a4        0x0 pegasus_crt.a(ntohs.o)
 .data          0xb081b7a4        0x0 pegasus_crt.a(htons.o)
 .data          0xb081b7a4        0x0 pegasus_crt.a(inet_pton.o)
 .data          0xb081b7a4        0x0 pegasus_crt.a(ntohl.o)
 .data          0xb081b7a4        0x4 pegasus_crt.a(skbuff.o)
 .data          0xb081b7a8        0x4 pegasus_crt.a(ip_input.o)
 .data          0xb081b7ac        0x4 pegasus_crt.a(icmpv4.o)
 .data          0xb081b7b0        0x8 pegasus_crt.a(tcp.o)
 .data          0xb081b7b8       0x14 pegasus_crt.a(arp.o)
 .data          0xb081b7cc        0x4 pegasus_crt.a(route.o)
 .data          0xb081b7d0        0xc pegasus_crt.a(ipc.o)
 .data          0xb081b7dc        0x4 pegasus_crt.a(ip_output.o)
 .data          0xb081b7e0        0x4 pegasus_crt.a(dst.o)
 .data          0xb081b7e4        0x4 pegasus_crt.a(tcp_input.o)
 .data          0xb081b7e8        0x8 pegasus_crt.a(udp.o)
 .data          0xb081b7f0        0x4 pegasus_crt.a(tcp_data.o)
 .data          0xb081b7f4        0x4 pegasus_crt.a(utils.o)
 .data          0xb081b7f8        0x0 pegasus_crt.a(forkexit.o)
 .data          0xb081b7f8        0x0 pegasus_crt.a(exec.o)
 .data          0xb081b7f8        0x0 pegasus_crt.a(alloca.o)
 .data          0xb081b7f8        0x0 pegasus_crt.a(calloc.o)
 .data          0xb081b7f8        0x0 pegasus_crt.a(atoi.o)
 .data          0xb081b7f8        0x0 pegasus_crt.a(strtol.o)
 .data          0xb081b7f8        0x0 pegasus_crt.a(strtok.o)
 .data          0xb081b7f8        0x0 pegasus_crt.a(strpbrk.o)
 .data          0xb081b7f8        0x0 pegasus_crt.a(htonl.o)
 .data          0xb081b7f8        0x0 pegasus_crt.a(my_process.o)
 *fill*         0xb081b7f8        0x8 
 .data          0xb081b800      0x224 pegasus_crt.a(socket.o)
 *fill*         0xb081ba24       0x1c 
 .data          0xb081ba40       0x54 pegasus_crt.a(udp_sock.o)
                0xb081ba60                udp_ops
 *fill*         0xb081ba94        0xc 
 .data          0xb081baa0       0x54 pegasus_crt.a(tcp_sock.o)
                0xb081bac0                tcp_ops
 *fill*         0xb081baf4        0xc 
 .data          0xb081bb00       0x80 pegasus_crt.a(inet.o)
                0xb081bb08                inet
 .data          0xb081bb80        0x4 pegasus_crt.a(sock.o)
 .data          0xb081bb84        0x4 pegasus_crt.a(tcp_output.o)
 .data          0xb081bb88        0x0 pegasus_crt.a(thread.o)

.data1
 *(.data1)
                0xb081bb88                        _edata = .
                [!provide]                        PROVIDE (edata = .)
                0xb081bb88                        . = .
                0xb081bb88                        __bss_start = .

.bss            0xb081bba0    0xa50a8
 *(.dynbss)
 *(.bss .bss.* .gnu.linkonce.b.*)
 .bss           0xb081bba0        0x0 test.o
 .bss           0xb081bba0        0x0 pegasus_crt.a(kernel_main_old.o)
 .bss           0xb081bba0        0x0 pegasus_crt.a(keyboard.o)
 .bss           0xb081bba0        0x0 pegasus_crt.a(process.o)
 .bss           0xb081bba0        0x0 pegasus_crt.a(mem.o)
 .bss           0xb081bba0        0x0 pegasus_crt.a(exec.o)
 .bss           0xb081bba0        0x0 pegasus_crt.a(fork.o)
 .bss           0xb081bba0        0x0 pegasus_crt.a(exit.o)
 .bss           0xb081bba0        0x0 pegasus_crt.a(wait.o)
 .bss           0xb081bba0        0x0 pegasus_crt.a(read.o)
 .bss           0xb081bba0        0x0 pegasus_crt.a(open.o)
 .bss           0xb081bba0        0x0 pegasus_crt.a(write.o)
 .bss           0xb081bba0        0x0 pegasus_crt.a(close.o)
 .bss           0xb081bba0      0x800 pegasus_crt.a(kernel.o)
 .bss           0xb081c3a0        0x0 pegasus_crt.a(double_link_list.o)
 .bss           0xb081c3a0        0x0 pegasus_crt.a(protect.o)
 .bss           0xb081c3a0        0x0 pegasus_crt.a(console.o)
 .bss           0xb081c3a0        0x0 pegasus_crt.a(global.o)
 .bss           0xb081c3a0        0x0 pegasus_crt.a(netdev.o)
 .bss           0xb081c3a0        0x0 pegasus_crt.a(task_network.o)
 .bss           0xb081c3a0        0x0 pegasus_crt.a(hd.o)
 .bss           0xb081c3a0        0x4 pegasus_crt.a(fs_main.o)
                0xb081c3a0                c
 .bss           0xb081c3a4        0x0 pegasus_crt.a(main.o)
 .bss           0xb081c3a4        0x0 pegasus_crt.a(strcmp.o)
 .bss           0xb081c3a4        0x0 pegasus_crt.a(perror.o)
 .bss           0xb081c3a4        0x0 pegasus_crt.a(sscanf.o)
 .bss           0xb081c3a4        0x0 pegasus_crt.a(ntohs.o)
 .bss           0xb081c3a4        0x0 pegasus_crt.a(htons.o)
 .bss           0xb081c3a4        0x0 pegasus_crt.a(inet_pton.o)
 .bss           0xb081c3a4        0x0 pegasus_crt.a(ntohl.o)
 .bss           0xb081c3a4        0x0 pegasus_crt.a(skbuff.o)
 .bss           0xb081c3a4        0x0 pegasus_crt.a(ip_input.o)
 .bss           0xb081c3a4        0x0 pegasus_crt.a(icmpv4.o)
 .bss           0xb081c3a4        0x0 pegasus_crt.a(tcp.o)
 .bss           0xb081c3a4        0x0 pegasus_crt.a(arp.o)
 .bss           0xb081c3a4        0x0 pegasus_crt.a(route.o)
 .bss           0xb081c3a4        0x4 pegasus_crt.a(ipc.o)
 .bss           0xb081c3a8        0x0 pegasus_crt.a(ip_output.o)
 .bss           0xb081c3a8        0x0 pegasus_crt.a(dst.o)
 .bss           0xb081c3a8        0x0 pegasus_crt.a(tcp_input.o)
 .bss           0xb081c3a8        0x0 pegasus_crt.a(udp.o)
 .bss           0xb081c3a8        0x0 pegasus_crt.a(tcp_data.o)
 .bss           0xb081c3a8        0x0 pegasus_crt.a(utils.o)
 .bss           0xb081c3a8        0x0 pegasus_crt.a(forkexit.o)
 .bss           0xb081c3a8        0x0 pegasus_crt.a(exec.o)
 .bss           0xb081c3a8        0x0 pegasus_crt.a(alloca.o)
 .bss           0xb081c3a8        0x0 pegasus_crt.a(calloc.o)
 .bss           0xb081c3a8        0x0 pegasus_crt.a(atoi.o)
 .bss           0xb081c3a8        0x0 pegasus_crt.a(strtol.o)
 .bss           0xb081c3a8        0x4 pegasus_crt.a(strtok.o)
 .bss           0xb081c3ac        0x0 pegasus_crt.a(strpbrk.o)
 .bss           0xb081c3ac        0x0 pegasus_crt.a(htonl.o)
 .bss           0xb081c3ac        0x0 pegasus_crt.a(my_process.o)
 .bss           0xb081c3ac        0x4 pegasus_crt.a(socket.o)
 .bss           0xb081c3b0        0x4 pegasus_crt.a(udp_sock.o)
 .bss           0xb081c3b4        0x0 pegasus_crt.a(tcp_sock.o)
 .bss           0xb081c3b4        0x0 pegasus_crt.a(inet.o)
 .bss           0xb081c3b4        0x0 pegasus_crt.a(sock.o)
 .bss           0xb081c3b4        0x0 pegasus_crt.a(tcp_output.o)
 .bss           0xb081c3b4        0x0 pegasus_crt.a(thread.o)
 *(COMMON)
 *fill*         0xb081c3b4        0xc 
 COMMON         0xb081c3c0     0x17dc pegasus_crt.a(kernel_main_old.o)
                0xb081c3c0                current_tty
                0xb081c3c4                is_e0
                0xb081c3c8                idt_ptr
                0xb081c3d0                pid
                0xb081c3d4                KernelVirtualMemory
                0xb081c3e0                loop
                0xb081c3e4                current_dis_pos
                0xb081c3e8                dis_pos
                0xb081c3ec                netdev
                0xb081c3f0                k_reenter
                0xb081c400                gdt
                0xb081c800                proc_ready_table
                0xb081c804                test_ticks
                0xb081c808                pcaller
                0xb081c820                keyboard_buffer
                0xb081ca2c                pcb_list
                0xb081ca3c                gdt_index
                0xb081ca40                tty_table
                0xb081d280                tss
                0xb081d2ec                KernelPool
                0xb081d2fc                net_buf
                0xb081d300                nic_current_page
                0xb081d304                counter
                0xb081d308                key_pressed
                0xb081d30c                fork_pid
                0xb081d310                is_shift
                0xb081d311                net_data
                0xb081d314                tcp_connecting_or_listening_socks
                0xb081d318                routes
                0xb081d31c                gdt_ptr
                0xb081d340                idt
                0xb081db40                main_thread
                0xb081db48                ticks
                0xb081db50                is_init
                0xb081db54                UserPool
                0xb081db64                tcp_establised_or_syn_recvd_socks
                0xb081db68                all_pcb_list
                0xb081db78                console_table
                0xb081db88                is_disp
                0xb081db8c                MAIN_THREAD_PAGE_DIRECTORY
                0xb081db90                helloStr
 *fill*         0xb081db9c        0x4 
 COMMON         0xb081dba0       0xa8 pegasus_crt.a(mem.o)
                0xb081dba0                kernel_mem_block_decs_array
 *fill*         0xb081dc48       0x18 
 COMMON         0xb081dc60    0xa1d40 pegasus_crt.a(global.o)
                0xb081dc60                proc_stack
                0xb08bdc60                proc_table
 COMMON         0xb08bf9a0      0x440 pegasus_crt.a(hd.o)
                0xb08bf9a0                hd_info
                0xb08bfbe0                hd_cache
 COMMON         0xb08bfde0      0xe68 pegasus_crt.a(fs_main.o)
                0xb08bfde0                file_desc_table
                0xb08c01e0                phy_super_block_buf
                0xb08c01e4                phy_fsbuf
                0xb08c0200                inode_table
                0xb08c0c00                super_block_buf
                0xb08c0c04                fsbuf
                0xb08c0c20                root
                0xb08c0c48                        . = ALIGN ((. != 0x0)?0x4:0x1)
                0xb08c0c48                        . = ALIGN (0x4)
                0xb08c0c48                        . = SEGMENT_START ("ldata-segment", .)
                0xb08c0c48                        . = ALIGN (0x4)
                0xb08c0c48                        _end = .
                [!provide]                        PROVIDE (end = .)
                0xb08c0c48                        . = DATA_SEGMENT_END (.)

.stab
 *(.stab)

.stabstr
 *(.stabstr)

.stab.excl
 *(.stab.excl)

.stab.exclstr
 *(.stab.exclstr)

.stab.index
 *(.stab.index)

.stab.indexstr
 *(.stab.indexstr)

.comment        0x00000000       0x2c
 *(.comment)
 .comment       0x00000000       0x2c test.o
                                 0x2d (size before relaxing)
 .comment       0x0000002c       0x2d pegasus_crt.a(kernel_main_old.o)
 .comment       0x0000002c       0x2d pegasus_crt.a(keyboard.o)
 .comment       0x0000002c       0x2d pegasus_crt.a(process.o)
 .comment       0x0000002c       0x2d pegasus_crt.a(mem.o)
 .comment       0x0000002c       0x2d pegasus_crt.a(exec.o)
 .comment       0x0000002c       0x2d pegasus_crt.a(fork.o)
 .comment       0x0000002c       0x2d pegasus_crt.a(exit.o)
 .comment       0x0000002c       0x2d pegasus_crt.a(wait.o)
 .comment       0x0000002c       0x2d pegasus_crt.a(read.o)
 .comment       0x0000002c       0x2d pegasus_crt.a(open.o)
 .comment       0x0000002c       0x2d pegasus_crt.a(write.o)
 .comment       0x0000002c       0x2d pegasus_crt.a(close.o)
 .comment       0x0000002c       0x2d pegasus_crt.a(double_link_list.o)
 .comment       0x0000002c       0x2d pegasus_crt.a(protect.o)
 .comment       0x0000002c       0x2d pegasus_crt.a(console.o)
 .comment       0x0000002c       0x2d pegasus_crt.a(global.o)
 .comment       0x0000002c       0x2d pegasus_crt.a(netdev.o)
 .comment       0x0000002c       0x2d pegasus_crt.a(task_network.o)
 .comment       0x0000002c       0x2d pegasus_crt.a(hd.o)
 .comment       0x0000002c       0x2d pegasus_crt.a(fs_main.o)
 .comment       0x0000002c       0x2d pegasus_crt.a(main.o)
 .comment       0x0000002c       0x2d pegasus_crt.a(strcmp.o)
 .comment       0x0000002c       0x2d pegasus_crt.a(perror.o)
 .comment       0x0000002c       0x2d pegasus_crt.a(sscanf.o)
 .comment       0x0000002c       0x2d pegasus_crt.a(ntohs.o)
 .comment       0x0000002c       0x2d pegasus_crt.a(htons.o)
 .comment       0x0000002c       0x2d pegasus_crt.a(inet_pton.o)
 .comment       0x0000002c       0x2d pegasus_crt.a(ntohl.o)
 .comment       0x0000002c       0x2d pegasus_crt.a(skbuff.o)
 .comment       0x0000002c       0x2d pegasus_crt.a(ip_input.o)
 .comment       0x0000002c       0x2d pegasus_crt.a(icmpv4.o)
 .comment       0x0000002c       0x2d pegasus_crt.a(tcp.o)
 .comment       0x0000002c       0x2d pegasus_crt.a(arp.o)
 .comment       0x0000002c       0x2d pegasus_crt.a(route.o)
 .comment       0x0000002c       0x2d pegasus_crt.a(ipc.o)
 .comment       0x0000002c       0x2d pegasus_crt.a(ip_output.o)
 .comment       0x0000002c       0x2d pegasus_crt.a(dst.o)
 .comment       0x0000002c       0x2d pegasus_crt.a(tcp_input.o)
 .comment       0x0000002c       0x2d pegasus_crt.a(udp.o)
 .comment       0x0000002c       0x2d pegasus_crt.a(tcp_data.o)
 .comment       0x0000002c       0x2d pegasus_crt.a(utils.o)
 .comment       0x0000002c       0x2d pegasus_crt.a(forkexit.o)
 .comment       0x0000002c       0x2d pegasus_crt.a(exec.o)
 .comment       0x0000002c       0x2d pegasus_crt.a(alloca.o)
 .comment       0x0000002c       0x2d pegasus_crt.a(calloc.o)
 .comment       0x0000002c       0x2d pegasus_crt.a(atoi.o)
 .comment       0x0000002c       0x2d pegasus_crt.a(strtol.o)
 .comment       0x0000002c       0x2d pegasus_crt.a(strtok.o)
 .comment       0x0000002c       0x2d pegasus_crt.a(strpbrk.o)
 .comment       0x0000002c       0x2d pegasus_crt.a(htonl.o)
 .comment       0x0000002c       0x2d pegasus_crt.a(my_process.o)
 .comment       0x0000002c       0x2d pegasus_crt.a(socket.o)
 .comment       0x0000002c       0x2d pegasus_crt.a(udp_sock.o)
 .comment       0x0000002c       0x2d pegasus_crt.a(tcp_sock.o)
 .comment       0x0000002c       0x2d pegasus_crt.a(inet.o)
 .comment       0x0000002c       0x2d pegasus_crt.a(sock.o)
 .comment       0x0000002c       0x2d pegasus_crt.a(tcp_output.o)
 .comment       0x0000002c       0x2d pegasus_crt.a(thread.o)

.gnu.build.attributes
 *(.gnu.build.attributes .gnu.build.attributes.*)

.debug
 *(.debug)

.line
 *(.line)

.debug_srcinfo
 *(.debug_srcinfo)

.debug_sfnames
 *(.debug_sfnames)

.debug_aranges  0x00000000      0x738
 *(.debug_aranges)
 .debug_aranges
                0x00000000       0x20 pegasus_crt.a(kernel_main_old.o)
 .debug_aranges
                0x00000020       0x20 pegasus_crt.a(keyboard.o)
 .debug_aranges
                0x00000040       0x20 pegasus_crt.a(process.o)
 .debug_aranges
                0x00000060       0x20 pegasus_crt.a(mem.o)
 .debug_aranges
                0x00000080       0x20 pegasus_crt.a(exec.o)
 .debug_aranges
                0x000000a0       0x20 pegasus_crt.a(fork.o)
 .debug_aranges
                0x000000c0       0x20 pegasus_crt.a(exit.o)
 .debug_aranges
                0x000000e0       0x20 pegasus_crt.a(wait.o)
 .debug_aranges
                0x00000100       0x20 pegasus_crt.a(read.o)
 .debug_aranges
                0x00000120       0x20 pegasus_crt.a(open.o)
 .debug_aranges
                0x00000140       0x20 pegasus_crt.a(write.o)
 .debug_aranges
                0x00000160       0x20 pegasus_crt.a(close.o)
 .debug_aranges
                0x00000180       0x20 pegasus_crt.a(double_link_list.o)
 .debug_aranges
                0x000001a0       0x20 pegasus_crt.a(protect.o)
 .debug_aranges
                0x000001c0       0x20 pegasus_crt.a(console.o)
 .debug_aranges
                0x000001e0       0x18 pegasus_crt.a(global.o)
 .debug_aranges
                0x000001f8       0x20 pegasus_crt.a(netdev.o)
 .debug_aranges
                0x00000218       0x20 pegasus_crt.a(task_network.o)
 .debug_aranges
                0x00000238       0x20 pegasus_crt.a(hd.o)
 .debug_aranges
                0x00000258       0x20 pegasus_crt.a(fs_main.o)
 .debug_aranges
                0x00000278       0x20 pegasus_crt.a(main.o)
 .debug_aranges
                0x00000298       0x20 pegasus_crt.a(strcmp.o)
 .debug_aranges
                0x000002b8       0x20 pegasus_crt.a(perror.o)
 .debug_aranges
                0x000002d8       0x20 pegasus_crt.a(sscanf.o)
 .debug_aranges
                0x000002f8       0x20 pegasus_crt.a(ntohs.o)
 .debug_aranges
                0x00000318       0x20 pegasus_crt.a(htons.o)
 .debug_aranges
                0x00000338       0x20 pegasus_crt.a(inet_pton.o)
 .debug_aranges
                0x00000358       0x20 pegasus_crt.a(ntohl.o)
 .debug_aranges
                0x00000378       0x20 pegasus_crt.a(skbuff.o)
 .debug_aranges
                0x00000398       0x20 pegasus_crt.a(ip_input.o)
 .debug_aranges
                0x000003b8       0x20 pegasus_crt.a(icmpv4.o)
 .debug_aranges
                0x000003d8       0x20 pegasus_crt.a(tcp.o)
 .debug_aranges
                0x000003f8       0x20 pegasus_crt.a(arp.o)
 .debug_aranges
                0x00000418       0x20 pegasus_crt.a(route.o)
 .debug_aranges
                0x00000438       0x20 pegasus_crt.a(ipc.o)
 .debug_aranges
                0x00000458       0x20 pegasus_crt.a(ip_output.o)
 .debug_aranges
                0x00000478       0x20 pegasus_crt.a(dst.o)
 .debug_aranges
                0x00000498       0x20 pegasus_crt.a(tcp_input.o)
 .debug_aranges
                0x000004b8       0x20 pegasus_crt.a(udp.o)
 .debug_aranges
                0x000004d8       0x20 pegasus_crt.a(tcp_data.o)
 .debug_aranges
                0x000004f8       0x20 pegasus_crt.a(utils.o)
 .debug_aranges
                0x00000518       0x20 pegasus_crt.a(forkexit.o)
 .debug_aranges
                0x00000538       0x20 pegasus_crt.a(exec.o)
 .debug_aranges
                0x00000558       0x20 pegasus_crt.a(alloca.o)
 .debug_aranges
                0x00000578       0x20 pegasus_crt.a(calloc.o)
 .debug_aranges
                0x00000598       0x20 pegasus_crt.a(atoi.o)
 .debug_aranges
                0x000005b8       0x20 pegasus_crt.a(strtol.o)
 .debug_aranges
                0x000005d8       0x20 pegasus_crt.a(strtok.o)
 .debug_aranges
                0x000005f8       0x20 pegasus_crt.a(strpbrk.o)
 .debug_aranges
                0x00000618       0x20 pegasus_crt.a(htonl.o)
 .debug_aranges
                0x00000638       0x20 pegasus_crt.a(my_process.o)
 .debug_aranges
                0x00000658       0x20 pegasus_crt.a(socket.o)
 .debug_aranges
                0x00000678       0x20 pegasus_crt.a(udp_sock.o)
 .debug_aranges
                0x00000698       0x20 pegasus_crt.a(tcp_sock.o)
 .debug_aranges
                0x000006b8       0x20 pegasus_crt.a(inet.o)
 .debug_aranges
                0x000006d8       0x20 pegasus_crt.a(sock.o)
 .debug_aranges
                0x000006f8       0x20 pegasus_crt.a(tcp_output.o)
 .debug_aranges
                0x00000718       0x20 pegasus_crt.a(thread.o)

.debug_pubnames
 *(.debug_pubnames)

.debug_info     0x00000000    0x3f477
 *(.debug_info .gnu.linkonce.wi.*)
 .debug_info    0x00000000     0x28ee pegasus_crt.a(kernel_main_old.o)
 .debug_info    0x000028ee     0x1071 pegasus_crt.a(keyboard.o)
 .debug_info    0x0000395f      0xff5 pegasus_crt.a(process.o)
 .debug_info    0x00004954     0x1df1 pegasus_crt.a(mem.o)
 .debug_info    0x00006745      0xfd3 pegasus_crt.a(exec.o)
 .debug_info    0x00007718      0xe3b pegasus_crt.a(fork.o)
 .debug_info    0x00008553      0xe46 pegasus_crt.a(exit.o)
 .debug_info    0x00009399      0xe54 pegasus_crt.a(wait.o)
 .debug_info    0x0000a1ed      0xea1 pegasus_crt.a(read.o)
 .debug_info    0x0000b08e      0xe02 pegasus_crt.a(open.o)
 .debug_info    0x0000be90      0xe9e pegasus_crt.a(write.o)
 .debug_info    0x0000cd2e      0xdb6 pegasus_crt.a(close.o)
 .debug_info    0x0000dae4     0x10d5 pegasus_crt.a(double_link_list.o)
 .debug_info    0x0000ebb9     0x1248 pegasus_crt.a(protect.o)
 .debug_info    0x0000fe01     0x131d pegasus_crt.a(console.o)
 .debug_info    0x0001111e      0xf1d pegasus_crt.a(global.o)
 .debug_info    0x0001203b     0x1a5d pegasus_crt.a(netdev.o)
 .debug_info    0x00013a98     0x115e pegasus_crt.a(task_network.o)
 .debug_info    0x00014bf6     0x188c pegasus_crt.a(hd.o)
 .debug_info    0x00016482     0x1fce pegasus_crt.a(fs_main.o)
 .debug_info    0x00018450      0xe5f pegasus_crt.a(main.o)
 .debug_info    0x000192af       0xc1 pegasus_crt.a(strcmp.o)
 .debug_info    0x00019370       0x5c pegasus_crt.a(perror.o)
 .debug_info    0x000193cc      0x202 pegasus_crt.a(sscanf.o)
 .debug_info    0x000195ce       0xa8 pegasus_crt.a(ntohs.o)
 .debug_info    0x00019676       0xa8 pegasus_crt.a(htons.o)
 .debug_info    0x0001971e      0x260 pegasus_crt.a(inet_pton.o)
 .debug_info    0x0001997e       0xcb pegasus_crt.a(ntohl.o)
 .debug_info    0x00019a49     0x11fd pegasus_crt.a(skbuff.o)
 .debug_info    0x0001ac46     0x1ceb pegasus_crt.a(ip_input.o)
 .debug_info    0x0001c931     0x1970 pegasus_crt.a(icmpv4.o)
 .debug_info    0x0001e2a1     0x1ecc pegasus_crt.a(tcp.o)
 .debug_info    0x0002016d     0x19e7 pegasus_crt.a(arp.o)
 .debug_info    0x00021b54     0x13b4 pegasus_crt.a(route.o)
 .debug_info    0x00022f08     0x1e5b pegasus_crt.a(ipc.o)
 .debug_info    0x00024d63     0x17ac pegasus_crt.a(ip_output.o)
 .debug_info    0x0002650f     0x12d3 pegasus_crt.a(dst.o)
 .debug_info    0x000277e2     0x21cf pegasus_crt.a(tcp_input.o)
 .debug_info    0x000299b1     0x1b75 pegasus_crt.a(udp.o)
 .debug_info    0x0002b526     0x1e35 pegasus_crt.a(tcp_data.o)
 .debug_info    0x0002d35b      0x367 pegasus_crt.a(utils.o)
 .debug_info    0x0002d6c2     0x1031 pegasus_crt.a(forkexit.o)
 .debug_info    0x0002e6f3     0x126d pegasus_crt.a(exec.o)
 .debug_info    0x0002f960       0xb6 pegasus_crt.a(alloca.o)
 .debug_info    0x0002fa16      0xf4c pegasus_crt.a(calloc.o)
 .debug_info    0x00030962       0xc9 pegasus_crt.a(atoi.o)
 .debug_info    0x00030a2b       0xd6 pegasus_crt.a(strtol.o)
 .debug_info    0x00030b01       0xae pegasus_crt.a(strtok.o)
 .debug_info    0x00030baf       0xcf pegasus_crt.a(strpbrk.o)
 .debug_info    0x00030c7e       0xcb pegasus_crt.a(htonl.o)
 .debug_info    0x00030d49     0x1530 pegasus_crt.a(my_process.o)
 .debug_info    0x00032279     0x1c59 pegasus_crt.a(socket.o)
 .debug_info    0x00033ed2     0x1f44 pegasus_crt.a(udp_sock.o)
 .debug_info    0x00035e16     0x2798 pegasus_crt.a(tcp_sock.o)
 .debug_info    0x000385ae     0x1abe pegasus_crt.a(inet.o)
 .debug_info    0x0003a06c     0x18c7 pegasus_crt.a(sock.o)
 .debug_info    0x0003b933     0x2a48 pegasus_crt.a(tcp_output.o)
 .debug_info    0x0003e37b     0x10fc pegasus_crt.a(thread.o)

.debug_abbrev   0x00000000     0x75a1
 *(.debug_abbrev)
 .debug_abbrev  0x00000000      0x43a pegasus_crt.a(kernel_main_old.o)
 .debug_abbrev  0x0000043a      0x1fb pegasus_crt.a(keyboard.o)
 .debug_abbrev  0x00000635      0x1e0 pegasus_crt.a(process.o)
 .debug_abbrev  0x00000815      0x330 pegasus_crt.a(mem.o)
 .debug_abbrev  0x00000b45      0x1e8 pegasus_crt.a(exec.o)
 .debug_abbrev  0x00000d2d      0x18a pegasus_crt.a(fork.o)
 .debug_abbrev  0x00000eb7      0x19b pegasus_crt.a(exit.o)
 .debug_abbrev  0x00001052      0x19f pegasus_crt.a(wait.o)
 .debug_abbrev  0x000011f1      0x1ef pegasus_crt.a(read.o)
 .debug_abbrev  0x000013e0      0x1c5 pegasus_crt.a(open.o)
 .debug_abbrev  0x000015a5      0x1db pegasus_crt.a(write.o)
 .debug_abbrev  0x00001780      0x19d pegasus_crt.a(close.o)
 .debug_abbrev  0x0000191d      0x216 pegasus_crt.a(double_link_list.o)
 .debug_abbrev  0x00001b33      0x227 pegasus_crt.a(protect.o)
 .debug_abbrev  0x00001d5a      0x2ac pegasus_crt.a(console.o)
 .debug_abbrev  0x00002006      0x157 pegasus_crt.a(global.o)
 .debug_abbrev  0x0000215d      0x34d pegasus_crt.a(netdev.o)
 .debug_abbrev  0x000024aa      0x1cf pegasus_crt.a(task_network.o)
 .debug_abbrev  0x00002679      0x2e3 pegasus_crt.a(hd.o)
 .debug_abbrev  0x0000295c      0x2f8 pegasus_crt.a(fs_main.o)
 .debug_abbrev  0x00002c54      0x208 pegasus_crt.a(main.o)
 .debug_abbrev  0x00002e5c       0x94 pegasus_crt.a(strcmp.o)
 .debug_abbrev  0x00002ef0       0x5c pegasus_crt.a(perror.o)
 .debug_abbrev  0x00002f4c       0xca pegasus_crt.a(sscanf.o)
 .debug_abbrev  0x00003016       0x6c pegasus_crt.a(ntohs.o)
 .debug_abbrev  0x00003082       0x6c pegasus_crt.a(htons.o)
 .debug_abbrev  0x000030ee      0x116 pegasus_crt.a(inet_pton.o)
 .debug_abbrev  0x00003204       0xa5 pegasus_crt.a(ntohl.o)
 .debug_abbrev  0x000032a9      0x23f pegasus_crt.a(skbuff.o)
 .debug_abbrev  0x000034e8      0x2d1 pegasus_crt.a(ip_input.o)
 .debug_abbrev  0x000037b9      0x236 pegasus_crt.a(icmpv4.o)
 .debug_abbrev  0x000039ef      0x332 pegasus_crt.a(tcp.o)
 .debug_abbrev  0x00003d21      0x345 pegasus_crt.a(arp.o)
 .debug_abbrev  0x00004066      0x263 pegasus_crt.a(route.o)
 .debug_abbrev  0x000042c9      0x311 pegasus_crt.a(ipc.o)
 .debug_abbrev  0x000045da      0x213 pegasus_crt.a(ip_output.o)
 .debug_abbrev  0x000047ed      0x245 pegasus_crt.a(dst.o)
 .debug_abbrev  0x00004a32      0x355 pegasus_crt.a(tcp_input.o)
 .debug_abbrev  0x00004d87      0x2d3 pegasus_crt.a(udp.o)
 .debug_abbrev  0x0000505a      0x2a6 pegasus_crt.a(tcp_data.o)
 .debug_abbrev  0x00005300      0x17a pegasus_crt.a(utils.o)
 .debug_abbrev  0x0000547a      0x204 pegasus_crt.a(forkexit.o)
 .debug_abbrev  0x0000567e      0x1c4 pegasus_crt.a(exec.o)
 .debug_abbrev  0x00005842       0xcd pegasus_crt.a(alloca.o)
 .debug_abbrev  0x0000590f      0x191 pegasus_crt.a(calloc.o)
 .debug_abbrev  0x00005aa0       0x94 pegasus_crt.a(atoi.o)
 .debug_abbrev  0x00005b34       0x8b pegasus_crt.a(strtol.o)
 .debug_abbrev  0x00005bbf       0x91 pegasus_crt.a(strtok.o)
 .debug_abbrev  0x00005c50       0xa5 pegasus_crt.a(strpbrk.o)
 .debug_abbrev  0x00005cf5       0xa5 pegasus_crt.a(htonl.o)
 .debug_abbrev  0x00005d9a      0x260 pegasus_crt.a(my_process.o)
 .debug_abbrev  0x00005ffa      0x327 pegasus_crt.a(socket.o)
 .debug_abbrev  0x00006321      0x3b1 pegasus_crt.a(udp_sock.o)
 .debug_abbrev  0x000066d2      0x430 pegasus_crt.a(tcp_sock.o)
 .debug_abbrev  0x00006b02      0x24b pegasus_crt.a(inet.o)
 .debug_abbrev  0x00006d4d      0x273 pegasus_crt.a(sock.o)
 .debug_abbrev  0x00006fc0      0x3bf pegasus_crt.a(tcp_output.o)
 .debug_abbrev  0x0000737f      0x222 pegasus_crt.a(thread.o)

.debug_line     0x00000000     0xa2aa
 *(.debug_line .debug_line.* .debug_line_end)
 .debug_line    0x00000000      0xe38 pegasus_crt.a(kernel_main_old.o)
 .debug_line    0x00000e38      0x2b4 pegasus_crt.a(keyboard.o)
 .debug_line    0x000010ec      0x1dc pegasus_crt.a(process.o)
 .debug_line    0x000012c8      0x78e pegasus_crt.a(mem.o)
 .debug_line    0x00001a56      0x1a9 pegasus_crt.a(exec.o)
 .debug_line    0x00001bff       0xc3 pegasus_crt.a(fork.o)
 .debug_line    0x00001cc2       0xbe pegasus_crt.a(exit.o)
 .debug_line    0x00001d80       0xd5 pegasus_crt.a(wait.o)
 .debug_line    0x00001e55      0x15b pegasus_crt.a(read.o)
 .debug_line    0x00001fb0       0xc3 pegasus_crt.a(open.o)
 .debug_line    0x00002073       0xe0 pegasus_crt.a(write.o)
 .debug_line    0x00002153       0xb3 pegasus_crt.a(close.o)
 .debug_line    0x00002206      0x235 pegasus_crt.a(double_link_list.o)
 .debug_line    0x0000243b      0x21d pegasus_crt.a(protect.o)
 .debug_line    0x00002658      0x56c pegasus_crt.a(console.o)
 .debug_line    0x00002bc4       0xb3 pegasus_crt.a(global.o)
 .debug_line    0x00002c77      0x4a1 pegasus_crt.a(netdev.o)
 .debug_line    0x00003118      0x22d pegasus_crt.a(task_network.o)
 .debug_line    0x00003345      0x64d pegasus_crt.a(hd.o)
 .debug_line    0x00003992      0xc43 pegasus_crt.a(fs_main.o)
 .debug_line    0x000045d5      0x10a pegasus_crt.a(main.o)
 .debug_line    0x000046df       0x9c pegasus_crt.a(strcmp.o)
 .debug_line    0x0000477b       0x48 pegasus_crt.a(perror.o)
 .debug_line    0x000047c3      0x220 pegasus_crt.a(sscanf.o)
 .debug_line    0x000049e3       0x6c pegasus_crt.a(ntohs.o)
 .debug_line    0x00004a4f       0x6c pegasus_crt.a(htons.o)
 .debug_line    0x00004abb      0x167 pegasus_crt.a(inet_pton.o)
 .debug_line    0x00004c22       0xc1 pegasus_crt.a(ntohl.o)
 .debug_line    0x00004ce3      0x1ae pegasus_crt.a(skbuff.o)
 .debug_line    0x00004e91      0x34c pegasus_crt.a(ip_input.o)
 .debug_line    0x000051dd      0x232 pegasus_crt.a(icmpv4.o)
 .debug_line    0x0000540f      0x330 pegasus_crt.a(tcp.o)
 .debug_line    0x0000573f      0x573 pegasus_crt.a(arp.o)
 .debug_line    0x00005cb2      0x2aa pegasus_crt.a(route.o)
 .debug_line    0x00005f5c      0x625 pegasus_crt.a(ipc.o)
 .debug_line    0x00006581      0x20b pegasus_crt.a(ip_output.o)
 .debug_line    0x0000678c      0x1af pegasus_crt.a(dst.o)
 .debug_line    0x0000693b      0x6a2 pegasus_crt.a(tcp_input.o)
 .debug_line    0x00006fdd      0x305 pegasus_crt.a(udp.o)
 .debug_line    0x000072e2      0x422 pegasus_crt.a(tcp_data.o)
 .debug_line    0x00007704      0x13c pegasus_crt.a(utils.o)
 .debug_line    0x00007840      0x192 pegasus_crt.a(forkexit.o)
 .debug_line    0x000079d2      0x22a pegasus_crt.a(exec.o)
 .debug_line    0x00007bfc       0x5f pegasus_crt.a(alloca.o)
 .debug_line    0x00007c5b       0xf9 pegasus_crt.a(calloc.o)
 .debug_line    0x00007d54       0xad pegasus_crt.a(atoi.o)
 .debug_line    0x00007e01       0xbb pegasus_crt.a(strtol.o)
 .debug_line    0x00007ebc       0x6e pegasus_crt.a(strtok.o)
 .debug_line    0x00007f2a       0xb0 pegasus_crt.a(strpbrk.o)
 .debug_line    0x00007fda       0xc1 pegasus_crt.a(htonl.o)
 .debug_line    0x0000809b      0x359 pegasus_crt.a(my_process.o)
 .debug_line    0x000083f4      0x3c8 pegasus_crt.a(socket.o)
 .debug_line    0x000087bc      0x4cc pegasus_crt.a(udp_sock.o)
 .debug_line    0x00008c88      0x6d5 pegasus_crt.a(tcp_sock.o)
 .debug_line    0x0000935d      0x326 pegasus_crt.a(inet.o)
 .debug_line    0x00009683      0x23b pegasus_crt.a(sock.o)
 .debug_line    0x000098be      0x889 pegasus_crt.a(tcp_output.o)
 .debug_line    0x0000a147      0x163 pegasus_crt.a(thread.o)

.debug_frame
 *(.debug_frame)

.debug_str      0x00000000     0x386c
 *(.debug_str)
 .debug_str     0x00000000     0x386c pegasus_crt.a(kernel_main_old.o)
                                0xbe7 (size before relaxing)
 .debug_str     0x0000386c      0x6f8 pegasus_crt.a(keyboard.o)
 .debug_str     0x0000386c      0x6a6 pegasus_crt.a(process.o)
 .debug_str     0x0000386c      0xb1a pegasus_crt.a(mem.o)
 .debug_str     0x0000386c      0x688 pegasus_crt.a(exec.o)
 .debug_str     0x0000386c      0x5fa pegasus_crt.a(fork.o)
 .debug_str     0x0000386c      0x601 pegasus_crt.a(exit.o)
 .debug_str     0x0000386c      0x601 pegasus_crt.a(wait.o)
 .debug_str     0x0000386c      0x617 pegasus_crt.a(read.o)
 .debug_str     0x0000386c      0x5de pegasus_crt.a(open.o)
 .debug_str     0x0000386c      0x5f3 pegasus_crt.a(write.o)
 .debug_str     0x0000386c      0x5a6 pegasus_crt.a(close.o)
 .debug_str     0x0000386c      0x73e pegasus_crt.a(double_link_list.o)
 .debug_str     0x0000386c      0x7c7 pegasus_crt.a(protect.o)
 .debug_str     0x0000386c      0x7bb pegasus_crt.a(console.o)
 .debug_str     0x0000386c      0x66c pegasus_crt.a(global.o)
 .debug_str     0x0000386c      0x9b1 pegasus_crt.a(netdev.o)
 .debug_str     0x0000386c      0x71b pegasus_crt.a(task_network.o)
 .debug_str     0x0000386c      0x975 pegasus_crt.a(hd.o)
 .debug_str     0x0000386c      0xb56 pegasus_crt.a(fs_main.o)
 .debug_str     0x0000386c      0x5f4 pegasus_crt.a(main.o)
 .debug_str     0x0000386c       0xb1 pegasus_crt.a(strcmp.o)
 .debug_str     0x0000386c       0x99 pegasus_crt.a(perror.o)
 .debug_str     0x0000386c      0x109 pegasus_crt.a(sscanf.o)
 .debug_str     0x0000386c      0x101 pegasus_crt.a(ntohs.o)
 .debug_str     0x0000386c      0x102 pegasus_crt.a(htons.o)
 .debug_str     0x0000386c      0x14c pegasus_crt.a(inet_pton.o)
 .debug_str     0x0000386c       0xf3 pegasus_crt.a(ntohl.o)
 .debug_str     0x0000386c      0x76b pegasus_crt.a(skbuff.o)
 .debug_str     0x0000386c      0xabf pegasus_crt.a(ip_input.o)
 .debug_str     0x0000386c      0x972 pegasus_crt.a(icmpv4.o)
 .debug_str     0x0000386c      0xba3 pegasus_crt.a(tcp.o)
 .debug_str     0x0000386c      0x97e pegasus_crt.a(arp.o)
 .debug_str     0x0000386c      0x812 pegasus_crt.a(route.o)
 .debug_str     0x0000386c      0xa14 pegasus_crt.a(ipc.o)
 .debug_str     0x0000386c      0x8ae pegasus_crt.a(ip_output.o)
 .debug_str     0x0000386c      0x786 pegasus_crt.a(dst.o)
 .debug_str     0x0000386c      0xc03 pegasus_crt.a(tcp_input.o)
 .debug_str     0x0000386c      0x9a5 pegasus_crt.a(udp.o)
 .debug_str     0x0000386c      0xabf pegasus_crt.a(tcp_data.o)
 .debug_str     0x0000386c      0x1b8 pegasus_crt.a(utils.o)
 .debug_str     0x0000386c      0x673 pegasus_crt.a(forkexit.o)
 .debug_str     0x0000386c      0x8c9 pegasus_crt.a(exec.o)
 .debug_str     0x0000386c       0xce pegasus_crt.a(alloca.o)
 .debug_str     0x0000386c      0x68d pegasus_crt.a(calloc.o)
 .debug_str     0x0000386c       0xad pegasus_crt.a(atoi.o)
 .debug_str     0x0000386c       0xc6 pegasus_crt.a(strtol.o)
 .debug_str     0x0000386c       0xb9 pegasus_crt.a(strtok.o)
 .debug_str     0x0000386c       0xc1 pegasus_crt.a(strpbrk.o)
 .debug_str     0x0000386c       0xf4 pegasus_crt.a(htonl.o)
 .debug_str     0x0000386c      0x95a pegasus_crt.a(my_process.o)
 .debug_str     0x0000386c      0x98a pegasus_crt.a(socket.o)
 .debug_str     0x0000386c      0xac9 pegasus_crt.a(udp_sock.o)
 .debug_str     0x0000386c      0xde1 pegasus_crt.a(tcp_sock.o)
 .debug_str     0x0000386c      0x949 pegasus_crt.a(inet.o)
 .debug_str     0x0000386c      0x90e pegasus_crt.a(sock.o)
 .debug_str     0x0000386c      0xe75 pegasus_crt.a(tcp_output.o)
 .debug_str     0x0000386c      0x773 pegasus_crt.a(thread.o)

.debug_loc
 *(.debug_loc)

.debug_macinfo
 *(.debug_macinfo)

.debug_weaknames
 *(.debug_weaknames)

.debug_funcnames
 *(.debug_funcnames)

.debug_typenames
 *(.debug_typenames)

.debug_varnames
 *(.debug_varnames)

.debug_pubtypes
 *(.debug_pubtypes)

.debug_ranges   0x00000000       0x90
 *(.debug_ranges)
 .debug_ranges  0x00000000       0x30 pegasus_crt.a(kernel_main_old.o)
 .debug_ranges  0x00000030       0x48 pegasus_crt.a(hd.o)
 .debug_ranges  0x00000078       0x18 pegasus_crt.a(exec.o)

.debug_addr
 *(.debug_addr)

.debug_line_str
 *(.debug_line_str)

.debug_loclists
 *(.debug_loclists)

.debug_macro
 *(.debug_macro)

.debug_names
 *(.debug_names)

.debug_rnglists
 *(.debug_rnglists)

.debug_str_offsets
 *(.debug_str_offsets)

.debug_sup
 *(.debug_sup)

.gnu.attributes
 *(.gnu.attributes)

/DISCARD/
 *(.note.GNU-stack)
 *(.gnu_debuglink)
 *(.gnu.lto_*)
OUTPUT(test elf32-i386)
