Archive member included to satisfy reference by file (symbol)

pegasus_crt.a(kernel_main_old.o)
                              test.o (Printf)
pegasus_crt.a(protect.o)      pegasus_crt.a(kernel_main_old.o) (InitInterruptDesc)
pegasus_crt.a(console.o)      pegasus_crt.a(kernel_main_old.o) (out_char)
pegasus_crt.a(global.o)       pegasus_crt.a(protect.o) (proc_table)
pegasus_crt.a(keyboard.o)     pegasus_crt.a(console.o) (keyboard_read)
pegasus_crt.a(process.o)      pegasus_crt.a(kernel_main_old.o) (schedule_process)
pegasus_crt.a(task_network.o)
                              pegasus_crt.a(global.o) (task_network)
pegasus_crt.a(hd.o)           pegasus_crt.a(global.o) (TaskHD)
pegasus_crt.a(fs_main.o)      pegasus_crt.a(global.o) (task_fs)
pegasus_crt.a(main.o)         pegasus_crt.a(global.o) (TaskMM)
pegasus_crt.a(mem.o)          pegasus_crt.a(kernel_main_old.o) (ptr_pde)
pegasus_crt.a(exec.o)         pegasus_crt.a(kernel_main_old.o) (execl)
pegasus_crt.a(exit.o)         start.o (exit)
pegasus_crt.a(wait.o)         pegasus_crt.a(kernel_main_old.o) (wait)
pegasus_crt.a(fork.o)         pegasus_crt.a(kernel_main_old.o) (fork)
pegasus_crt.a(strcmp.o)       pegasus_crt.a(process.o) (strcmp)
pegasus_crt.a(read.o)         pegasus_crt.a(kernel_main_old.o) (read)
pegasus_crt.a(open.o)         pegasus_crt.a(kernel_main_old.o) (open)
pegasus_crt.a(write.o)        pegasus_crt.a(kernel_main_old.o) (write)
pegasus_crt.a(close.o)        pegasus_crt.a(kernel_main_old.o) (close)
pegasus_crt.a(kernel.o)       pegasus_crt.a(kernel_main_old.o) (disp_str)
pegasus_crt.a(switch_to.o)    pegasus_crt.a(process.o) (switch_to)
pegasus_crt.a(string.o)       pegasus_crt.a(kernel_main_old.o) (Memcpy2)
pegasus_crt.a(syscall.o)      pegasus_crt.a(kernel_main_old.o) (write_debug)
pegasus_crt.a(hd_rdwt.o)      pegasus_crt.a(hd.o) (read_port)
pegasus_crt.a(double_link_list.o)
                              pegasus_crt.a(mem.o) (initDoubleLinkList)
pegasus_crt.a(netdev.o)       pegasus_crt.a(kernel.o) (net_handler)
pegasus_crt.a(arp.o)          pegasus_crt.a(netdev.o) (arp_rcv)
pegasus_crt.a(skbuff.o)       pegasus_crt.a(netdev.o) (alloc_skb)
pegasus_crt.a(route.o)        pegasus_crt.a(netdev.o) (route_init)
pegasus_crt.a(utils.o)        pegasus_crt.a(arp.o) (print_err)
pegasus_crt.a(forkexit.o)     pegasus_crt.a(main.o) (do_fork)
pegasus_crt.a(exec.o)         pegasus_crt.a(main.o) (do_exec)
pegasus_crt.a(perror.o)       pegasus_crt.a(netdev.o) (perror)
pegasus_crt.a(sscanf.o)       pegasus_crt.a(netdev.o) (sscanf)
pegasus_crt.a(ntohs.o)        pegasus_crt.a(netdev.o) (ntohs)
pegasus_crt.a(htonl.o)        pegasus_crt.a(arp.o) (htonl)
pegasus_crt.a(htons.o)        pegasus_crt.a(netdev.o) (htons)
pegasus_crt.a(inet_pton.o)    pegasus_crt.a(netdev.o) (inet_pton)
pegasus_crt.a(ntohl.o)        pegasus_crt.a(netdev.o) (ntohl)
pegasus_crt.a(ne2000.o)       pegasus_crt.a(netdev.o) (SetPageStart)
pegasus_crt.a(my_process.o)   pegasus_crt.a(forkexit.o) (fork_process)
pegasus_crt.a(ip_input.o)     pegasus_crt.a(netdev.o) (ip_rcv)
pegasus_crt.a(tcp.o)          pegasus_crt.a(ip_input.o) (tcp_in)
pegasus_crt.a(tcp_sock.o)     pegasus_crt.a(tcp.o) (tcp_established_or_syn_recvd_socks_remove)
pegasus_crt.a(icmpv4.o)       pegasus_crt.a(ip_input.o) (icmpv4_incoming)
pegasus_crt.a(tcp_input.o)    pegasus_crt.a(tcp.o) (tcp_process)
pegasus_crt.a(udp.o)          pegasus_crt.a(ip_input.o) (udp_in)
pegasus_crt.a(tcp_data.o)     pegasus_crt.a(tcp_input.o) (tcp_data_dequeue)
pegasus_crt.a(atoi.o)         pegasus_crt.a(sscanf.o) (atoi)
pegasus_crt.a(strtok.o)       pegasus_crt.a(inet_pton.o) (strtok)
pegasus_crt.a(strpbrk.o)      pegasus_crt.a(strtok.o) (strpbrk)
pegasus_crt.a(thread.o)       pegasus_crt.a(my_process.o) (thread_init)
pegasus_crt.a(udp_sock.o)     pegasus_crt.a(udp.o) (udp_lookup_sock)
pegasus_crt.a(ip_output.o)    pegasus_crt.a(icmpv4.o) (ip_output)
pegasus_crt.a(sock.o)         pegasus_crt.a(tcp_sock.o) (sk_free)
pegasus_crt.a(tcp_output.o)   pegasus_crt.a(tcp_input.o) (tcp_send_synack)
pegasus_crt.a(dst.o)          pegasus_crt.a(ip_output.o) (dst_neigh_output)

Merging program properties

Removed property 0xc0010001 to merge test.o (0x1) and start.o (not found)
Removed property 0xc0010002 to merge test.o (0x0) and start.o (not found)
Removed property 0xc0010001 to merge test.o (not found) and pegasus_crt.a(kernel_main_old.o) (0x1)
Removed property 0xc0010002 to merge test.o (not found) and pegasus_crt.a(kernel_main_old.o) (0x1)
Removed property 0xc0010001 to merge test.o (not found) and pegasus_crt.a(protect.o) (0x1)
Removed property 0xc0010002 to merge test.o (not found) and pegasus_crt.a(protect.o) (0x0)
Removed property 0xc0010001 to merge test.o (not found) and pegasus_crt.a(console.o) (0x1)
Removed property 0xc0010002 to merge test.o (not found) and pegasus_crt.a(console.o) (0x1)
Removed property 0xc0010001 to merge test.o (not found) and pegasus_crt.a(global.o) (0x1)
Removed property 0xc0010002 to merge test.o (not found) and pegasus_crt.a(global.o) (0x0)
Removed property 0xc0010001 to merge test.o (not found) and pegasus_crt.a(keyboard.o) (0x1)
Removed property 0xc0010002 to merge test.o (not found) and pegasus_crt.a(keyboard.o) (0x0)
Removed property 0xc0010001 to merge test.o (not found) and pegasus_crt.a(process.o) (0x1)
Removed property 0xc0010002 to merge test.o (not found) and pegasus_crt.a(process.o) (0x0)
Removed property 0xc0010001 to merge test.o (not found) and pegasus_crt.a(task_network.o) (0x1)
Removed property 0xc0010002 to merge test.o (not found) and pegasus_crt.a(task_network.o) (0x0)
Removed property 0xc0010001 to merge test.o (not found) and pegasus_crt.a(hd.o) (0x1)
Removed property 0xc0010002 to merge test.o (not found) and pegasus_crt.a(hd.o) (0x1)
Removed property 0xc0010001 to merge test.o (not found) and pegasus_crt.a(fs_main.o) (0x1)
Removed property 0xc0010002 to merge test.o (not found) and pegasus_crt.a(fs_main.o) (0x1)
Removed property 0xc0010001 to merge test.o (not found) and pegasus_crt.a(main.o) (0x1)
Removed property 0xc0010002 to merge test.o (not found) and pegasus_crt.a(main.o) (0x0)
Removed property 0xc0010001 to merge test.o (not found) and pegasus_crt.a(mem.o) (0x1)
Removed property 0xc0010002 to merge test.o (not found) and pegasus_crt.a(mem.o) (0x1)
Removed property 0xc0010001 to merge test.o (not found) and pegasus_crt.a(exec.o) (0x1)
Removed property 0xc0010002 to merge test.o (not found) and pegasus_crt.a(exec.o) (0x0)
Removed property 0xc0010001 to merge test.o (not found) and pegasus_crt.a(exit.o) (0x1)
Removed property 0xc0010002 to merge test.o (not found) and pegasus_crt.a(exit.o) (0x0)
Removed property 0xc0010001 to merge test.o (not found) and pegasus_crt.a(wait.o) (0x1)
Removed property 0xc0010002 to merge test.o (not found) and pegasus_crt.a(wait.o) (0x0)
Removed property 0xc0010001 to merge test.o (not found) and pegasus_crt.a(fork.o) (0x1)
Removed property 0xc0010002 to merge test.o (not found) and pegasus_crt.a(fork.o) (0x0)
Removed property 0xc0010001 to merge test.o (not found) and pegasus_crt.a(strcmp.o) (0x1)
Removed property 0xc0010002 to merge test.o (not found) and pegasus_crt.a(strcmp.o) (0x1)
Removed property 0xc0010001 to merge test.o (not found) and pegasus_crt.a(read.o) (0x1)
Removed property 0xc0010002 to merge test.o (not found) and pegasus_crt.a(read.o) (0x0)
Removed property 0xc0010001 to merge test.o (not found) and pegasus_crt.a(open.o) (0x1)
Removed property 0xc0010002 to merge test.o (not found) and pegasus_crt.a(open.o) (0x0)
Removed property 0xc0010001 to merge test.o (not found) and pegasus_crt.a(write.o) (0x1)
Removed property 0xc0010002 to merge test.o (not found) and pegasus_crt.a(write.o) (0x0)
Removed property 0xc0010001 to merge test.o (not found) and pegasus_crt.a(close.o) (0x1)
Removed property 0xc0010002 to merge test.o (not found) and pegasus_crt.a(close.o) (0x0)
Removed property 0xc0010001 to merge test.o (not found) and pegasus_crt.a(double_link_list.o) (0x1)
Removed property 0xc0010002 to merge test.o (not found) and pegasus_crt.a(double_link_list.o) (0x0)
Removed property 0xc0010001 to merge test.o (not found) and pegasus_crt.a(netdev.o) (0x1)
Removed property 0xc0010002 to merge test.o (not found) and pegasus_crt.a(netdev.o) (0x0)
Removed property 0xc0010001 to merge test.o (not found) and pegasus_crt.a(arp.o) (0x1)
Removed property 0xc0010002 to merge test.o (not found) and pegasus_crt.a(arp.o) (0x0)
Removed property 0xc0010001 to merge test.o (not found) and pegasus_crt.a(skbuff.o) (0x1)
Removed property 0xc0010002 to merge test.o (not found) and pegasus_crt.a(skbuff.o) (0x0)
Removed property 0xc0010001 to merge test.o (not found) and pegasus_crt.a(route.o) (0x1)
Removed property 0xc0010002 to merge test.o (not found) and pegasus_crt.a(route.o) (0x0)
Removed property 0xc0010001 to merge test.o (not found) and pegasus_crt.a(utils.o) (0x1)
Removed property 0xc0010002 to merge test.o (not found) and pegasus_crt.a(utils.o) (0x0)
Removed property 0xc0010001 to merge test.o (not found) and pegasus_crt.a(forkexit.o) (0x1)
Removed property 0xc0010002 to merge test.o (not found) and pegasus_crt.a(forkexit.o) (0x0)
Removed property 0xc0010001 to merge test.o (not found) and pegasus_crt.a(exec.o) (0x1)
Removed property 0xc0010002 to merge test.o (not found) and pegasus_crt.a(exec.o) (0x0)
Removed property 0xc0010001 to merge test.o (not found) and pegasus_crt.a(perror.o) (0x1)
Removed property 0xc0010002 to merge test.o (not found) and pegasus_crt.a(perror.o) (0x0)
Removed property 0xc0010001 to merge test.o (not found) and pegasus_crt.a(sscanf.o) (0x1)
Removed property 0xc0010002 to merge test.o (not found) and pegasus_crt.a(sscanf.o) (0x0)
Removed property 0xc0010001 to merge test.o (not found) and pegasus_crt.a(ntohs.o) (0x1)
Removed property 0xc0010002 to merge test.o (not found) and pegasus_crt.a(ntohs.o) (0x0)
Removed property 0xc0010001 to merge test.o (not found) and pegasus_crt.a(htonl.o) (0x1)
Removed property 0xc0010002 to merge test.o (not found) and pegasus_crt.a(htonl.o) (0x0)
Removed property 0xc0010001 to merge test.o (not found) and pegasus_crt.a(htons.o) (0x1)
Removed property 0xc0010002 to merge test.o (not found) and pegasus_crt.a(htons.o) (0x0)
Removed property 0xc0010001 to merge test.o (not found) and pegasus_crt.a(inet_pton.o) (0x1)
Removed property 0xc0010002 to merge test.o (not found) and pegasus_crt.a(inet_pton.o) (0x0)
Removed property 0xc0010001 to merge test.o (not found) and pegasus_crt.a(ntohl.o) (0x1)
Removed property 0xc0010002 to merge test.o (not found) and pegasus_crt.a(ntohl.o) (0x0)
Removed property 0xc0010001 to merge test.o (not found) and pegasus_crt.a(my_process.o) (0x1)
Removed property 0xc0010002 to merge test.o (not found) and pegasus_crt.a(my_process.o) (0x1)
Removed property 0xc0010001 to merge test.o (not found) and pegasus_crt.a(ip_input.o) (0x1)
Removed property 0xc0010002 to merge test.o (not found) and pegasus_crt.a(ip_input.o) (0x0)
Removed property 0xc0010001 to merge test.o (not found) and pegasus_crt.a(tcp.o) (0x1)
Removed property 0xc0010002 to merge test.o (not found) and pegasus_crt.a(tcp.o) (0x0)
Removed property 0xc0010001 to merge test.o (not found) and pegasus_crt.a(tcp_sock.o) (0x1)
Removed property 0xc0010002 to merge test.o (not found) and pegasus_crt.a(tcp_sock.o) (0x0)
Removed property 0xc0010001 to merge test.o (not found) and pegasus_crt.a(icmpv4.o) (0x1)
Removed property 0xc0010002 to merge test.o (not found) and pegasus_crt.a(icmpv4.o) (0x0)
Removed property 0xc0010001 to merge test.o (not found) and pegasus_crt.a(tcp_input.o) (0x1)
Removed property 0xc0010002 to merge test.o (not found) and pegasus_crt.a(tcp_input.o) (0x0)
Removed property 0xc0010001 to merge test.o (not found) and pegasus_crt.a(udp.o) (0x1)
Removed property 0xc0010002 to merge test.o (not found) and pegasus_crt.a(udp.o) (0x1)
Removed property 0xc0010001 to merge test.o (not found) and pegasus_crt.a(tcp_data.o) (0x1)
Removed property 0xc0010002 to merge test.o (not found) and pegasus_crt.a(tcp_data.o) (0x0)
Removed property 0xc0010001 to merge test.o (not found) and pegasus_crt.a(atoi.o) (0x1)
Removed property 0xc0010002 to merge test.o (not found) and pegasus_crt.a(atoi.o) (0x0)
Removed property 0xc0010001 to merge test.o (not found) and pegasus_crt.a(strtok.o) (0x1)
Removed property 0xc0010002 to merge test.o (not found) and pegasus_crt.a(strtok.o) (0x0)
Removed property 0xc0010001 to merge test.o (not found) and pegasus_crt.a(strpbrk.o) (0x1)
Removed property 0xc0010002 to merge test.o (not found) and pegasus_crt.a(strpbrk.o) (0x0)
Removed property 0xc0010001 to merge test.o (not found) and pegasus_crt.a(thread.o) (0x1)
Removed property 0xc0010002 to merge test.o (not found) and pegasus_crt.a(thread.o) (0x0)
Removed property 0xc0010001 to merge test.o (not found) and pegasus_crt.a(udp_sock.o) (0x1)
Removed property 0xc0010002 to merge test.o (not found) and pegasus_crt.a(udp_sock.o) (0x0)
Removed property 0xc0010001 to merge test.o (not found) and pegasus_crt.a(ip_output.o) (0x1)
Removed property 0xc0010002 to merge test.o (not found) and pegasus_crt.a(ip_output.o) (0x0)
Removed property 0xc0010001 to merge test.o (not found) and pegasus_crt.a(sock.o) (0x1)
Removed property 0xc0010002 to merge test.o (not found) and pegasus_crt.a(sock.o) (0x0)
Removed property 0xc0010001 to merge test.o (not found) and pegasus_crt.a(tcp_output.o) (0x1)
Removed property 0xc0010002 to merge test.o (not found) and pegasus_crt.a(tcp_output.o) (0x1)
Removed property 0xc0010001 to merge test.o (not found) and pegasus_crt.a(dst.o) (0x1)
Removed property 0xc0010002 to merge test.o (not found) and pegasus_crt.a(dst.o) (0x0)

Allocating common symbols
Common symbol       size              file

current_tty         0x4               pegasus_crt.a(kernel_main_old.o)
file_desc_table     0x400             pegasus_crt.a(fs_main.o)
is_e0               0x1               pegasus_crt.a(kernel_main_old.o)
phy_super_block_buf
                    0x4               pegasus_crt.a(fs_main.o)
phy_fsbuf           0x4               pegasus_crt.a(fs_main.o)
idt_ptr             0x6               pegasus_crt.a(kernel_main_old.o)
pid                 0x4               pegasus_crt.a(kernel_main_old.o)
KernelVirtualMemory
                    0xc               pegasus_crt.a(kernel_main_old.o)
inode_table         0xa00             pegasus_crt.a(fs_main.o)
loop                0x4               pegasus_crt.a(netdev.o)
current_dis_pos     0x4               pegasus_crt.a(kernel_main_old.o)
dis_pos             0x4               pegasus_crt.a(kernel_main_old.o)
netdev              0x4               pegasus_crt.a(netdev.o)
k_reenter           0x4               pegasus_crt.a(kernel_main_old.o)
super_block_buf     0x4               pegasus_crt.a(fs_main.o)
gdt                 0x400             pegasus_crt.a(kernel_main_old.o)
proc_ready_table    0x4               pegasus_crt.a(kernel_main_old.o)
test_ticks          0x4               pegasus_crt.a(kernel_main_old.o)
hd_info             0x224             pegasus_crt.a(hd.o)
proc_stack          0x90000           pegasus_crt.a(global.o)
pcaller             0x4               pegasus_crt.a(kernel_main_old.o)
keyboard_buffer     0x20c             pegasus_crt.a(kernel_main_old.o)
pcb_list            0x10              pegasus_crt.a(read.o)
gdt_index           0x4               pegasus_crt.a(kernel_main_old.o)
tty_table           0x828             pegasus_crt.a(kernel_main_old.o)
tss                 0x6c              pegasus_crt.a(kernel_main_old.o)
KernelPool          0x10              pegasus_crt.a(kernel_main_old.o)
net_buf             0x4               pegasus_crt.a(kernel_main_old.o)
fsbuf               0x4               pegasus_crt.a(fs_main.o)
nic_current_page    0x1               pegasus_crt.a(kernel_main_old.o)
root                0x28              pegasus_crt.a(fs_main.o)
kernel_mem_block_decs_array
                    0xa0              pegasus_crt.a(mem.o)
counter             0x4               pegasus_crt.a(kernel_main_old.o)
key_pressed         0x4               pegasus_crt.a(kernel_main_old.o)
fork_pid            0x4               pegasus_crt.a(kernel_main_old.o)
is_shift            0x1               pegasus_crt.a(kernel_main_old.o)
net_data            0x1               pegasus_crt.a(kernel_main_old.o)
gdt_ptr             0x6               pegasus_crt.a(kernel_main_old.o)
idt                 0x800             pegasus_crt.a(kernel_main_old.o)
main_thread         0x4               pegasus_crt.a(kernel_main_old.o)
ticks               0x8               pegasus_crt.a(kernel_main_old.o)
is_init             0x1               pegasus_crt.a(kernel_main_old.o)
UserPool            0x10              pegasus_crt.a(kernel_main_old.o)
all_pcb_list        0x10              pegasus_crt.a(read.o)
console_table       0x10              pegasus_crt.a(kernel_main_old.o)
is_disp             0x1               pegasus_crt.a(kernel_main_old.o)
MAIN_THREAD_PAGE_DIRECTORY
                    0x4               pegasus_crt.a(kernel_main_old.o)
helloStr            0xc               pegasus_crt.a(kernel_main_old.o)
proc_table          0x1a78            pegasus_crt.a(global.o)
hd_cache            0x200             pegasus_crt.a(hd.o)

Discarded input sections

 .note.GNU-stack
                0x00000000        0x0 test.o
 .note.gnu.property
                0x00000000       0x28 test.o
 .note.GNU-stack
                0x00000000        0x0 pegasus_crt.a(kernel_main_old.o)
 .note.gnu.property
                0x00000000       0x28 pegasus_crt.a(kernel_main_old.o)
 .note.GNU-stack
                0x00000000        0x0 pegasus_crt.a(protect.o)
 .note.gnu.property
                0x00000000       0x28 pegasus_crt.a(protect.o)
 .note.GNU-stack
                0x00000000        0x0 pegasus_crt.a(console.o)
 .note.gnu.property
                0x00000000       0x28 pegasus_crt.a(console.o)
 .note.GNU-stack
                0x00000000        0x0 pegasus_crt.a(global.o)
 .note.gnu.property
                0x00000000       0x28 pegasus_crt.a(global.o)
 .note.GNU-stack
                0x00000000        0x0 pegasus_crt.a(keyboard.o)
 .note.gnu.property
                0x00000000       0x28 pegasus_crt.a(keyboard.o)
 .note.GNU-stack
                0x00000000        0x0 pegasus_crt.a(process.o)
 .note.gnu.property
                0x00000000       0x28 pegasus_crt.a(process.o)
 .note.GNU-stack
                0x00000000        0x0 pegasus_crt.a(task_network.o)
 .note.gnu.property
                0x00000000       0x28 pegasus_crt.a(task_network.o)
 .note.GNU-stack
                0x00000000        0x0 pegasus_crt.a(hd.o)
 .note.gnu.property
                0x00000000       0x28 pegasus_crt.a(hd.o)
 .note.GNU-stack
                0x00000000        0x0 pegasus_crt.a(fs_main.o)
 .note.gnu.property
                0x00000000       0x28 pegasus_crt.a(fs_main.o)
 .note.GNU-stack
                0x00000000        0x0 pegasus_crt.a(main.o)
 .note.gnu.property
                0x00000000       0x28 pegasus_crt.a(main.o)
 .note.GNU-stack
                0x00000000        0x0 pegasus_crt.a(mem.o)
 .note.gnu.property
                0x00000000       0x28 pegasus_crt.a(mem.o)
 .note.GNU-stack
                0x00000000        0x0 pegasus_crt.a(exec.o)
 .note.gnu.property
                0x00000000       0x28 pegasus_crt.a(exec.o)
 .note.GNU-stack
                0x00000000        0x0 pegasus_crt.a(exit.o)
 .note.gnu.property
                0x00000000       0x28 pegasus_crt.a(exit.o)
 .note.GNU-stack
                0x00000000        0x0 pegasus_crt.a(wait.o)
 .note.gnu.property
                0x00000000       0x28 pegasus_crt.a(wait.o)
 .note.GNU-stack
                0x00000000        0x0 pegasus_crt.a(fork.o)
 .note.gnu.property
                0x00000000       0x28 pegasus_crt.a(fork.o)
 .note.GNU-stack
                0x00000000        0x0 pegasus_crt.a(strcmp.o)
 .note.gnu.property
                0x00000000       0x28 pegasus_crt.a(strcmp.o)
 .note.GNU-stack
                0x00000000        0x0 pegasus_crt.a(read.o)
 .note.gnu.property
                0x00000000       0x28 pegasus_crt.a(read.o)
 .note.GNU-stack
                0x00000000        0x0 pegasus_crt.a(open.o)
 .note.gnu.property
                0x00000000       0x28 pegasus_crt.a(open.o)
 .note.GNU-stack
                0x00000000        0x0 pegasus_crt.a(write.o)
 .note.gnu.property
                0x00000000       0x28 pegasus_crt.a(write.o)
 .note.GNU-stack
                0x00000000        0x0 pegasus_crt.a(close.o)
 .note.gnu.property
                0x00000000       0x28 pegasus_crt.a(close.o)
 .note.GNU-stack
                0x00000000        0x0 pegasus_crt.a(double_link_list.o)
 .note.gnu.property
                0x00000000       0x28 pegasus_crt.a(double_link_list.o)
 .note.GNU-stack
                0x00000000        0x0 pegasus_crt.a(netdev.o)
 .note.gnu.property
                0x00000000       0x28 pegasus_crt.a(netdev.o)
 .note.GNU-stack
                0x00000000        0x0 pegasus_crt.a(arp.o)
 .note.gnu.property
                0x00000000       0x28 pegasus_crt.a(arp.o)
 .note.GNU-stack
                0x00000000        0x0 pegasus_crt.a(skbuff.o)
 .note.gnu.property
                0x00000000       0x28 pegasus_crt.a(skbuff.o)
 .note.GNU-stack
                0x00000000        0x0 pegasus_crt.a(route.o)
 .note.gnu.property
                0x00000000       0x28 pegasus_crt.a(route.o)
 .note.GNU-stack
                0x00000000        0x0 pegasus_crt.a(utils.o)
 .note.gnu.property
                0x00000000       0x28 pegasus_crt.a(utils.o)
 .note.GNU-stack
                0x00000000        0x0 pegasus_crt.a(forkexit.o)
 .note.gnu.property
                0x00000000       0x28 pegasus_crt.a(forkexit.o)
 .note.GNU-stack
                0x00000000        0x0 pegasus_crt.a(exec.o)
 .note.gnu.property
                0x00000000       0x28 pegasus_crt.a(exec.o)
 .note.GNU-stack
                0x00000000        0x0 pegasus_crt.a(perror.o)
 .note.gnu.property
                0x00000000       0x28 pegasus_crt.a(perror.o)
 .note.GNU-stack
                0x00000000        0x0 pegasus_crt.a(sscanf.o)
 .note.gnu.property
                0x00000000       0x28 pegasus_crt.a(sscanf.o)
 .note.GNU-stack
                0x00000000        0x0 pegasus_crt.a(ntohs.o)
 .note.gnu.property
                0x00000000       0x28 pegasus_crt.a(ntohs.o)
 .note.GNU-stack
                0x00000000        0x0 pegasus_crt.a(htonl.o)
 .note.gnu.property
                0x00000000       0x28 pegasus_crt.a(htonl.o)
 .note.GNU-stack
                0x00000000        0x0 pegasus_crt.a(htons.o)
 .note.gnu.property
                0x00000000       0x28 pegasus_crt.a(htons.o)
 .note.GNU-stack
                0x00000000        0x0 pegasus_crt.a(inet_pton.o)
 .note.gnu.property
                0x00000000       0x28 pegasus_crt.a(inet_pton.o)
 .note.GNU-stack
                0x00000000        0x0 pegasus_crt.a(ntohl.o)
 .note.gnu.property
                0x00000000       0x28 pegasus_crt.a(ntohl.o)
 .note.GNU-stack
                0x00000000        0x0 pegasus_crt.a(my_process.o)
 .note.gnu.property
                0x00000000       0x28 pegasus_crt.a(my_process.o)
 .note.GNU-stack
                0x00000000        0x0 pegasus_crt.a(ip_input.o)
 .note.gnu.property
                0x00000000       0x28 pegasus_crt.a(ip_input.o)
 .note.GNU-stack
                0x00000000        0x0 pegasus_crt.a(tcp.o)
 .note.gnu.property
                0x00000000       0x28 pegasus_crt.a(tcp.o)
 .note.GNU-stack
                0x00000000        0x0 pegasus_crt.a(tcp_sock.o)
 .note.gnu.property
                0x00000000       0x28 pegasus_crt.a(tcp_sock.o)
 .note.GNU-stack
                0x00000000        0x0 pegasus_crt.a(icmpv4.o)
 .note.gnu.property
                0x00000000       0x28 pegasus_crt.a(icmpv4.o)
 .note.GNU-stack
                0x00000000        0x0 pegasus_crt.a(tcp_input.o)
 .note.gnu.property
                0x00000000       0x28 pegasus_crt.a(tcp_input.o)
 .note.GNU-stack
                0x00000000        0x0 pegasus_crt.a(udp.o)
 .note.gnu.property
                0x00000000       0x28 pegasus_crt.a(udp.o)
 .note.GNU-stack
                0x00000000        0x0 pegasus_crt.a(tcp_data.o)
 .note.gnu.property
                0x00000000       0x28 pegasus_crt.a(tcp_data.o)
 .note.GNU-stack
                0x00000000        0x0 pegasus_crt.a(atoi.o)
 .note.gnu.property
                0x00000000       0x28 pegasus_crt.a(atoi.o)
 .note.GNU-stack
                0x00000000        0x0 pegasus_crt.a(strtok.o)
 .note.gnu.property
                0x00000000       0x28 pegasus_crt.a(strtok.o)
 .note.GNU-stack
                0x00000000        0x0 pegasus_crt.a(strpbrk.o)
 .note.gnu.property
                0x00000000       0x28 pegasus_crt.a(strpbrk.o)
 .note.GNU-stack
                0x00000000        0x0 pegasus_crt.a(thread.o)
 .note.gnu.property
                0x00000000       0x28 pegasus_crt.a(thread.o)
 .note.GNU-stack
                0x00000000        0x0 pegasus_crt.a(udp_sock.o)
 .note.gnu.property
                0x00000000       0x28 pegasus_crt.a(udp_sock.o)
 .note.GNU-stack
                0x00000000        0x0 pegasus_crt.a(ip_output.o)
 .note.gnu.property
                0x00000000       0x28 pegasus_crt.a(ip_output.o)
 .note.GNU-stack
                0x00000000        0x0 pegasus_crt.a(sock.o)
 .note.gnu.property
                0x00000000       0x28 pegasus_crt.a(sock.o)
 .note.GNU-stack
                0x00000000        0x0 pegasus_crt.a(tcp_output.o)
 .note.gnu.property
                0x00000000       0x28 pegasus_crt.a(tcp_output.o)
 .note.GNU-stack
                0x00000000        0x0 pegasus_crt.a(dst.o)
 .note.gnu.property
                0x00000000       0x28 pegasus_crt.a(dst.o)

Memory Configuration

Name             Origin             Length             Attributes
*default*        0x00000000         0xffffffff

Linker script and memory map

Address of section .text set to 0xb0800000
LOAD test.o
LOAD start.o
LOAD pegasus_crt.a
                [!provide]                        PROVIDE (__executable_start = SEGMENT_START ("text-segment", 0x8048000))
                0x080480d4                        . = (SEGMENT_START ("text-segment", 0x8048000) + SIZEOF_HEADERS)

.interp
 *(.interp)

.note.gnu.build-id
 *(.note.gnu.build-id)

.hash
 *(.hash)

.gnu.hash
 *(.gnu.hash)

.dynsym
 *(.dynsym)

.dynstr
 *(.dynstr)

.gnu.version
 *(.gnu.version)

.gnu.version_d
 *(.gnu.version_d)

.gnu.version_r
 *(.gnu.version_r)

.rel.dyn        0x080480d4        0x0
 *(.rel.init)
 *(.rel.text .rel.text.* .rel.gnu.linkonce.t.*)
 .rel.text      0x080480d4        0x0 test.o
 *(.rel.fini)
 *(.rel.rodata .rel.rodata.* .rel.gnu.linkonce.r.*)
 *(.rel.data.rel.ro .rel.data.rel.ro.* .rel.gnu.linkonce.d.rel.ro.*)
 *(.rel.data .rel.data.* .rel.gnu.linkonce.d.*)
 *(.rel.tdata .rel.tdata.* .rel.gnu.linkonce.td.*)
 *(.rel.tbss .rel.tbss.* .rel.gnu.linkonce.tb.*)
 *(.rel.ctors)
 *(.rel.dtors)
 *(.rel.got)
 .rel.got       0x080480d4        0x0 test.o
 *(.rel.bss .rel.bss.* .rel.gnu.linkonce.b.*)
 *(.rel.ifunc)

.rel.plt        0x080480d4        0x0
 *(.rel.plt)
                [!provide]                        PROVIDE (__rel_iplt_start = .)
 *(.rel.iplt)
 .rel.iplt      0x080480d4        0x0 test.o
                [!provide]                        PROVIDE (__rel_iplt_end = .)

.relr.dyn
 *(.relr.dyn)
                0x08049000                        . = ALIGN (CONSTANT (MAXPAGESIZE))

.init
 *(SORT_NONE(.init))

.plt            0x08049000        0x0
 *(.plt)
 *(.iplt)
 .iplt          0x08049000        0x0 test.o

.plt.got
 *(.plt.got)

.plt.sec
 *(.plt.sec)

.text           0xb0800000    0x102d4
 *(.text.unlikely .text.*_unlikely .text.unlikely.*)
 *(.text.exit .text.exit.*)
 *(.text.startup .text.startup.*)
 *(.text.hot .text.hot.*)
 *(SORT_BY_NAME(.text.sorted.*))
 *(.text .stub .text.* .gnu.linkonce.t.*)
 .text          0xb0800000       0x3e test.o
                0xb0800000                main
 *fill*         0xb080003e        0x2 
 .text          0xb0800040       0x15 start.o
                0xb0800040                _start
 .text          0xb0800055     0x2ded pegasus_crt.a(kernel_main_old.o)
                0xb0800055                stop_here
                0xb0800099                catch_error
                0xb08000b6                intr_enable
                0xb08000df                intr_disable
                0xb0800108                intr_set_status
                0xb0800126                intr_get_status
                0xb0800143                Memcpy
                0xb0800176                untar
                0xb080048b                num_to_string
                0xb0800531                disp_int
                0xb080055a                do_page_fault
                0xb0800697                exception_handler
                0xb080087e                init_internal_interrupt
                0xb08009f3                spurious_irq
                0xb0800a81                init_keyboard
                0xb0800ac4                TestTTY
                0xb0800b63                TestReadReturnValue
                0xb0800be0                TestWriteReturnValue
                0xb0800cb4                TestFS2
                0xb0800cc2                TestFS
                0xb0801164                wait_exit
                0xb0801262                INIT_fork
                0xb080155a                simple_shell
                0xb08016e1                test_shell
                0xb0801749                test_exec
                0xb0801889                INIT
                0xb0801896                TestA
                0xb08018cb                delay
                0xb080190f                TestB
                0xb0801927                TestC
                0xb080195a                sys_get_ticks
                0xb080196a                sys_write
                0xb08019be                milli_delay
                0xb08019fa                TaskSys
                0xb08019ff                Printf
                0xb0801ad1                sprintf
                0xb0801afd                vsprintf
                0xb0801ca9                printx
                0xb0801cec                sys_printx
                0xb0801db8                spin
                0xb0801dde                panic
                0xb0801dfc                assertion_failure
                0xb0801e6e                assertion_failure2
                0xb0801ee3                dead_lock
                0xb0801eed                sys_send_msg
                0xb080240c                sys_receive_msg
                0xb0802a6c                send_rec
                0xb0802b67                block
                0xb0802ba3                unblock
                0xb0802bf3                get_ticks_ipc
                0xb0802c4a                itoa
                0xb0802ca0                i2a
                0xb0802d06                inform_int
                0xb0802dd3                deprecate_strcmp
 .text          0xb0802e42      0x3b3 pegasus_crt.a(protect.o)
                0xb0802e42                InitDescriptor
                0xb0802eaf                Seg2PhyAddr
                0xb0802ef0                Seg2PhyAddrLDT
                0xb0802f34                VirAddr2PhyAddr
                0xb0802f4a                v2l
                0xb0802f8d                init_propt
                0xb080310e                InitInterruptDesc
                0xb080316a                ReloadGDT
 .text          0xb08031f5      0xaca pegasus_crt.a(console.o)
                0xb08031f5                select_console
                0xb0803231                flush
                0xb080326a                set_cursor
                0xb08032c8                set_console_start_video_addr
                0xb0803326                put_key
                0xb0803392                scroll_up
                0xb08033d4                scroll_down
                0xb080343f                out_char
                0xb08035fc                tty_dev_read
                0xb0803626                tty_dev_write
                0xb0803853                tty_do_read
                0xb080391b                tty_do_write
                0xb0803a7e                init_screen
                0xb0803b07                init_tty
                0xb0803bbc                TaskTTY
 .text          0xb0803cbf        0x0 pegasus_crt.a(global.o)
 .text          0xb0803cbf      0x40f pegasus_crt.a(keyboard.o)
                0xb0803cbf                keyboard_handler
                0xb0803d43                read_from_keyboard_buf
                0xb0803da9                keyboard_read
                0xb0803f28                init_keyboard_handler
                0xb0803f3c                in_process
 .text          0xb08040ce      0x28b pegasus_crt.a(process.o)
                0xb08040ce                schedule_process
                0xb080426d                clock_handler
                0xb08042de                pid2proc
                0xb0804342                proc2pid
 .text          0xb0804359       0xeb pegasus_crt.a(task_network.o)
                0xb0804359                task_network
                0xb08043d9                task_netdev_rx
 .text          0xb0804444      0xe5b pegasus_crt.a(hd.o)
                0xb0804444                TaskHD
                0xb0804489                init_hd
                0xb08044a3                hd_handle
                0xb08045a8                hd_cmd_out
                0xb08046aa                hd_identify
                0xb0804761                print_hdinfo
                0xb08048ef                print_dpt_entry
                0xb080495b                get_partition_table
                0xb0804a3a                partition
                0xb0804c54                hd_open
                0xb0804cfb                get_hd_ioctl
                0xb0804dac                wait_for
                0xb0804ddd                interrupt_wait
                0xb0804e2d                hd_rdwt
                0xb08050cc                hd_handler
                0xb08050f8                debug_ticks
                0xb0805136                waitfor
                0xb080517a                print_hd_info
                0xb0805267                is_empty
 .text          0xb080529f     0x2069 pegasus_crt.a(fs_main.o)
                0xb080529f                task_fs
                0xb08054aa                rd_wt
                0xb0805583                mkfs
                0xb0805b65                init_fs
                0xb0805bb9                do_open
                0xb0805dc2                search_file
                0xb0805ef4                strip_path
                0xb0805fc0                get_inode
                0xb0806182                create_file
                0xb080628d                alloc_imap_bit
                0xb080638a                alloc_smap_bit
                0xb080652b                new_inode
                0xb0806649                new_dir_entry
                0xb0806855                do_unlink
                0xb0806d31                do_rdwt
                0xb08070bc                sync_inode
                0xb0807210                put_inode
                0xb080724e                do_close
                0xb08072a0                get_super_block
 .text          0xb0807308      0x148 pegasus_crt.a(main.o)
                0xb0807308                TaskMM
                0xb0807431                alloc_mem
 .text          0xb0807450     0x1216 pegasus_crt.a(mem.o)
                0xb0807450                init_bitmap
                0xb0807473                test_bit_val
                0xb08074dc                set_bit_val
                0xb0807557                set_bits
                0xb0807591                get_first_free_bit
                0xb08075d5                get_bits
                0xb080769d                get_a_page
                0xb0807751                get_virtual_address_start_with_addr
                0xb08077eb                get_virtual_address
                0xb080787b                ptr_pde
                0xb080788e                ptr_pte
                0xb08078b5                add_map_entry
                0xb0807946                alloc_virtual_memory
                0xb0807a19                get_physical_address_proc
                0xb0807a95                get_physical_address
                0xb0807ac7                alloc_physical_memory_of_proc
                0xb0807bb6                alloc_physical_memory
                0xb0807c7e                alloc_memory
                0xb0807ce0                get_a_virtual_page
                0xb0807d18                block2arena
                0xb0807d2e                sys_malloc2
                0xb0807ffe                remove_map_entry
                0xb080801f                free_a_page
                0xb08080c6                sys_free2
                0xb0808230                init_memory_block_desc
                0xb08082e0                init_memory2
                0xb0808526                init_memory
 .text          0xb0808666      0x285 pegasus_crt.a(exec.o)
                0xb0808666                exec
                0xb08086d7                execv
                0xb08088c6                execl
 .text          0xb08088eb       0x2f pegasus_crt.a(exit.o)
                0xb08088eb                exit
 .text          0xb080891a       0x44 pegasus_crt.a(wait.o)
                0xb080891a                wait
 .text          0xb080895e       0x48 pegasus_crt.a(fork.o)
                0xb080895e                fork
 .text          0xb08089a6       0xa8 pegasus_crt.a(strcmp.o)
                0xb08089a6                strcmp
 .text          0xb0808a4e      0x181 pegasus_crt.a(read.o)
                0xb0808a4e                read
 .text          0xb0808bcf       0x95 pegasus_crt.a(open.o)
                0xb0808bcf                open
 .text          0xb0808c64       0x85 pegasus_crt.a(write.o)
                0xb0808c64                write
 .text          0xb0808ce9       0x52 pegasus_crt.a(close.o)
                0xb0808ce9                close
 *fill*         0xb0808d3b        0x5 
 .text          0xb0808d40      0x3d7 pegasus_crt.a(kernel.o)
                0xb0808d40                InterruptTest
                0xb0808d4c                disp_str_len
                0xb0808d99                disp_str
                0xb0808dd4                disp_str_colour
                0xb0808e10                divide_zero_fault
                0xb0808e16                single_step_fault
                0xb0808e1c                non_maskable_interrupt
                0xb0808e22                breakpoint_trap
                0xb0808e28                overflow_trap
                0xb0808e2e                bound_range_exceeded_fault
                0xb0808e34                invalid_opcode_fault
                0xb0808e3a                coprocessor_not_available_fault
                0xb0808e40                double_fault_exception_abort
                0xb0808e44                coprocessor_segment_overrun
                0xb0808e4a                invalid_task_state_segment_fault
                0xb0808e4e                segment_not_present_fault
                0xb0808e52                stack_exception_fault
                0xb0808e56                general_protection_exception_fault
                0xb0808e61                page_fault
                0xb0808e65                coprocessor_error_fault
                0xb0808e6b                align_check_fault
                0xb0808e6f                simd_float_exception_fault
                0xb0808e7e                hwint0
                0xb0808eae                hwint1
                0xb0808ef1                hwint14
                0xb0808f37                hwint10
                0xb0808f7a                sys_call
                0xb0808fc0                fork_restart
                0xb0808fcf                restart
                0xb0808ff2                in_byte
                0xb0808ffe                out_byte
                0xb0809020                disable_int
                0xb0809022                enable_int
                0xb08090b8                enable_8259A_casecade_irq
                0xb08090c2                disable_8259A_casecade_irq
                0xb08090cc                enable_8259A_slave_winchester_irq
                0xb08090d6                disable_8259A_slave_winchester_irq
                0xb08090e0                update_cr3
                0xb08090ed                update_tss
                0xb08090fc                get_running_thread_pcb
                0xb0809104                sys_call_test
                0xb0809107                enable_8259A_slave_net_irq
 *fill*         0xb0809117        0x9 
 .text          0xb0809120       0x15 pegasus_crt.a(switch_to.o)
                0xb0809120                switch_to
 *fill*         0xb0809135        0xb 
 .text          0xb0809140       0x69 pegasus_crt.a(syscall.o)
                0xb0809140                write_debug
                0xb0809150                send_msg
                0xb0809166                receive_msg
                0xb080917c                sys_malloc
                0xb0809191                sys_free
 .text          0xb08091a9      0x2f9 pegasus_crt.a(double_link_list.o)
                0xb08091a9                initDoubleLinkList
                0xb08091e5                isListEmpty
                0xb0809201                findElementInList
                0xb08092a4                appendToDoubleLinkList
                0xb080937a                insertToDoubleLinkList
                0xb0809409                popFromDoubleLinkList
 .text          0xb08094a2      0x652 pegasus_crt.a(netdev.o)
                0xb08095b4                netdev_init
                0xb08095fb                netdev_transmit
                0xb0809741                netdev_rx_loop
                0xb08097bb                netdev_get
                0xb08097d8                free_netdev
                0xb0809803                local_ipaddress
                0xb0809840                net_handler
 .text          0xb0809af4      0x6dc pegasus_crt.a(arp.o)
                0xb0809cc1                arp_init
                0xb0809cc7                arp_rcv
                0xb0809e79                arp_request
                0xb0809fe3                arp_reply
                0xb080a133                arp_get_hwaddr
                0xb080a17f                free_arp
 .text          0xb080a1d0      0x12e pegasus_crt.a(skbuff.o)
                0xb080a1e9                alloc_skb
                0xb080a27a                free_skb
                0xb080a280                skb_reserve
                0xb080a29c                skb_push
                0xb080a2cb                skb_head
                0xb080a2d6                skb_reset_header
 .text          0xb080a2fe      0x295 pegasus_crt.a(route.o)
                0xb080a42b                route_add
                0xb080a470                route_init
                0xb080a4f7                route_lookup
                0xb080a542                free_routes
 .text          0xb080a593      0x1e7 pegasus_crt.a(utils.o)
                0xb080a593                run_cmd
                0xb080a5a0                print_err
                0xb080a5b7                parse_ipv4_string
                0xb080a616                ip_pton
                0xb080a65e                sum_every_16bits
                0xb080a6b5                checksum
                0xb080a6f6                tcp_udp_checksum
 .text          0xb080a77a      0x24f pegasus_crt.a(forkexit.o)
                0xb080a77a                do_fork
                0xb080a7e8                do_exit
                0xb080a872                do_wait
                0xb080a96f                cleanup
 .text          0xb080a9c9      0x419 pegasus_crt.a(exec.o)
                0xb080a9c9                do_exec
 .text          0xb080ade2       0x17 pegasus_crt.a(perror.o)
                0xb080ade2                perror
 .text          0xb080adf9      0x2c1 pegasus_crt.a(sscanf.o)
                0xb080adf9                sscanf
 .text          0xb080b0ba       0x38 pegasus_crt.a(ntohs.o)
                0xb080b0ba                ntohs
 .text          0xb080b0f2       0x7c pegasus_crt.a(htonl.o)
                0xb080b0f2                htonl
 .text          0xb080b16e       0x38 pegasus_crt.a(htons.o)
                0xb080b16e                htons
 .text          0xb080b1a6      0x295 pegasus_crt.a(inet_pton.o)
                0xb080b1a6                isValidIPv4
                0xb080b330                inet_pton
 .text          0xb080b43b       0x7c pegasus_crt.a(ntohl.o)
                0xb080b43b                ntohl
 *fill*         0xb080b4b7        0x9 
 .text          0xb080b4c0      0x259 pegasus_crt.a(ne2000.o)
                0xb080b4e3                DriverInitialize
                0xb080b56d                SetPageStart
                0xb080b595                DriverSend
                0xb080b60a                PCtoNIC
                0xb080b678                get_interrupt_status
                0xb080b68e                set_interrupt_status
                0xb080b6a7                get_curr_page
                0xb080b6c4                NICtoPC
 .text          0xb080b719      0x730 pegasus_crt.a(my_process.o)
                0xb080b719                create_user_process_address_space
                0xb080b7a9                user_process
                0xb080b8d6                clone_pcb
                0xb080ba48                build_body_stack
                0xb080bb7b                build_process_kernel_stack
                0xb080bc3e                fork_process
                0xb080bccf                process_execute
 .text          0xb080be49      0x2da pegasus_crt.a(ip_input.o)
                0xb080bfd3                ip_rcv
 .text          0xb080c123      0x448 pegasus_crt.a(tcp.o)
                0xb080c318                tcp_in
                0xb080c3cc                tcp_checksum
                0xb080c3f8                __tcp_set_state
                0xb080c407                tcp_generate_port
                0xb080c450                tcp_generate_isn
                0xb080c45a                tcp_done
                0xb080c483                tcp_clear_timers
                0xb080c492                tcp_stop_retransmission_timer
                0xb080c4ab                tcp_release_retransmission_timer
                0xb080c4c4                tcp_stop_delack_timer
                0xb080c4d7                tcp_release_delack_timer
                0xb080c4ea                tcp_handle_fin_state
                0xb080c54f                tcp_enter_time_wait
 .text          0xb080c56b      0xa16 pegasus_crt.a(tcp_sock.o)
                0xb080c819                tcp_established_or_syn_recvd_socks_enqueue
                0xb080c830                tcp_established_or_syn_recvd_socks_remove
                0xb080c842                tcp_connecting_or_listening_socks_enqueue
                0xb080c859                tcp_connecting_or_listening_socks_remove
                0xb080c86b                tcp_alloc_sock
                0xb080c981                tcp_free_sock
                0xb080c9fa                tcp_init
                0xb080ca04                tcp_sock_init
                0xb080caa7                tcp_write
                0xb080cae8                tcp_read
                0xb080cb9b                tcp_close
                0xb080cc59                tcp_recv_notify
                0xb080cc84                tcp_v4_connect
                0xb080ced4                tcp_lookup_sock
 .text          0xb080cf81      0x234 pegasus_crt.a(icmpv4.o)
                0xb080cf8f                icmpv4_incoming
                0xb080d003                icmpv4_reply
                0xb080d0dc                icmpv4_timestamp
 .text          0xb080d1b5      0xb6f pegasus_crt.a(tcp_input.o)
                0xb080d89c                tcp_process
                0xb080dc62                tcp_receive
 .text          0xb080dd24      0x3e0 pegasus_crt.a(udp.o)
                0xb080de2f                udp_generate_port
                0xb080de78                udp_checksum
                0xb080df46                udp_in
                0xb080dfd7                udp_data_dequeue
                0xb080e0df                udp_data_enqueue
 .text          0xb080e104      0x54a pegasus_crt.a(tcp_data.o)
                0xb080e3ef                tcp_data_dequeue
                0xb080e51c                tcp_data_queue
 .text          0xb080e64e       0x9c pegasus_crt.a(atoi.o)
                0xb080e64e                atoi
 .text          0xb080e6ea       0x85 pegasus_crt.a(strtok.o)
                0xb080e6ea                strtok
 .text          0xb080e76f       0x90 pegasus_crt.a(strpbrk.o)
                0xb080e76f                strpbrk
 .text          0xb080e7ff      0x1b2 pegasus_crt.a(thread.o)
                0xb080e7ff                kernel_thread
                0xb080e817                thread_init
                0xb080e8c4                thread_create
                0xb080e8f9                thread_start
 .text          0xb080e9b1      0x8bc pegasus_crt.a(udp_sock.o)
                0xb080ebde                udp_lookup_sock
                0xb080ec25                udp_init
                0xb080ec56                udp_close
                0xb080ec7c                udp_sock_init
                0xb080ec86                udp_recvfrom
                0xb080ed1f                udp_connect
                0xb080edf8                udp_write
                0xb080ee24                udp_alloc_skb
                0xb080ee6e                udp_sendto
                0xb080ef62                udp_send
                0xb080f0a0                udp_alloc_sock
                0xb080f0e1                udp_free_sock
                0xb080f105                udp_read
 .text          0xb080f26d      0x1d3 pegasus_crt.a(ip_output.o)
                0xb080f27b                ip_output
 .text          0xb080f440      0x203 pegasus_crt.a(sock.o)
                0xb080f572                sk_alloc
                0xb080f599                sk_init
                0xb080f5ed                sk_init_with_socket
                0xb080f616                sk_free
 .text          0xb080f643      0xbb9 pegasus_crt.a(tcp_output.o)
                0xb080fb04                tcp_send_synack
                0xb080fba7                tcp_send_delack
                0xb080fbe2                tcp_send_ack
                0xb080fd2e                tcp_send_fin
                0xb080fda3                tcp_select_initial_window
                0xb080ff55                tcp_reset_retransmission_timer
                0xb080ff72                tcp_begin_connect
                0xb081001c                tcp_send
                0xb0810101                tcp_send_reset
                0xb0810181                tcp_queue_fin
 .text          0xb08101fc       0xd8 pegasus_crt.a(dst.o)
                0xb081020a                dst_neigh_output
 *(.gnu.warning)

.fini
 *(SORT_NONE(.fini))
                [!provide]                        PROVIDE (__etext = .)
                [!provide]                        PROVIDE (_etext = .)
                [!provide]                        PROVIDE (etext = .)
                0xb0811000                        . = ALIGN (CONSTANT (MAXPAGESIZE))
                0xb0811000                        . = SEGMENT_START ("rodata-segment", (ALIGN (CONSTANT (MAXPAGESIZE)) + (. & (CONSTANT (MAXPAGESIZE) - 0x1))))

.rodata         0xb0811000     0x1760
 *(.rodata .rodata.* .gnu.linkonce.r.*)
 .rodata        0xb0811000       0x10 test.o
 *fill*         0xb0811010       0x10 
 .rodata        0xb0811020      0xb85 pegasus_crt.a(kernel_main_old.o)
 .rodata        0xb0811ba5       0x22 pegasus_crt.a(console.o)
 .rodata        0xb0811bc7       0x39 pegasus_crt.a(process.o)
 .rodata        0xb0811c00       0x91 pegasus_crt.a(task_network.o)
 *fill*         0xb0811c91        0x3 
 .rodata        0xb0811c94      0x19c pegasus_crt.a(hd.o)
 .rodata        0xb0811e30      0x1fb pegasus_crt.a(fs_main.o)
                0xb0811e30                FSBUF_SIZE
 .rodata        0xb081202b       0x11 pegasus_crt.a(main.o)
 .rodata        0xb081203c       0x3f pegasus_crt.a(mem.o)
 .rodata        0xb081207b       0x2d pegasus_crt.a(exec.o)
 .rodata        0xb08120a8       0x2a pegasus_crt.a(close.o)
 .rodata        0xb08120d2       0x36 pegasus_crt.a(double_link_list.o)
 .rodata        0xb0812108      0x161 pegasus_crt.a(netdev.o)
 *fill*         0xb0812269        0x3 
 .rodata        0xb081226c       0x9c pegasus_crt.a(arp.o)
 .rodata        0xb0812308        0x9 pegasus_crt.a(skbuff.o)
 *fill*         0xb0812311        0x3 
 .rodata        0xb0812314       0x37 pegasus_crt.a(route.o)
 *fill*         0xb081234b        0x1 
 .rodata        0xb081234c       0x41 pegasus_crt.a(utils.o)
 .rodata        0xb081238d       0x21 pegasus_crt.a(forkexit.o)
 .rodata        0xb08123ae       0x10 pegasus_crt.a(exec.o)
 .rodata        0xb08123be        0x3 pegasus_crt.a(inet_pton.o)
 *fill*         0xb08123c1        0x3 
 .rodata        0xb08123c4       0xb5 pegasus_crt.a(ip_input.o)
 *fill*         0xb0812479        0x3 
 .rodata        0xb081247c       0x31 pegasus_crt.a(tcp.o)
 *fill*         0xb08124ad        0x3 
 .rodata        0xb08124b0       0xe8 pegasus_crt.a(tcp_sock.o)
 .rodata        0xb0812598       0x32 pegasus_crt.a(icmpv4.o)
 *fill*         0xb08125ca        0x2 
 .rodata        0xb08125cc       0x60 pegasus_crt.a(tcp_input.o)
 .rodata        0xb081262c        0x9 pegasus_crt.a(udp.o)
 .rodata        0xb0812635       0x1e pegasus_crt.a(tcp_data.o)
 *fill*         0xb0812653        0x1 
 .rodata        0xb0812654       0x2d pegasus_crt.a(udp_sock.o)
 .rodata        0xb0812681        0x9 pegasus_crt.a(ip_output.o)
 .rodata        0xb081268a        0x9 pegasus_crt.a(sock.o)
 *fill*         0xb0812693        0x1 
 .rodata        0xb0812694       0xc3 pegasus_crt.a(tcp_output.o)
 .rodata        0xb0812757        0x9 pegasus_crt.a(dst.o)

.txt            0xb0812760       0xaa
 .txt           0xb0812760       0x82 pegasus_crt.a(string.o)
                0xb0812760                Memcpy2
                0xb081278e                Memset
                0xb08127ad                Strcpy
                0xb08127c7                Strlen
 .txt           0xb08127e2       0x28 pegasus_crt.a(hd_rdwt.o)
                0xb08127e2                read_port
                0xb08127f6                write_port

.rodata1
 *(.rodata1)

.eh_frame_hdr
 *(.eh_frame_hdr)
 *(.eh_frame_entry .eh_frame_entry.*)

.eh_frame       0xb081280c     0x38d4
 *(.eh_frame)
 .eh_frame      0xb081280c       0x44 test.o
 .eh_frame      0xb0812850      0x6cc pegasus_crt.a(kernel_main_old.o)
                                0x6e4 (size before relaxing)
 .eh_frame      0xb0812f1c      0x100 pegasus_crt.a(protect.o)
                                0x118 (size before relaxing)
 .eh_frame      0xb081301c      0x1e0 pegasus_crt.a(console.o)
                                0x1f8 (size before relaxing)
 .eh_frame      0xb08131fc       0xa0 pegasus_crt.a(keyboard.o)
                                 0xb8 (size before relaxing)
 .eh_frame      0xb081329c       0x80 pegasus_crt.a(process.o)
                                 0x98 (size before relaxing)
 .eh_frame      0xb081331c       0x38 pegasus_crt.a(task_network.o)
                                 0x50 (size before relaxing)
 .eh_frame      0xb0813354      0x264 pegasus_crt.a(hd.o)
                                0x27c (size before relaxing)
 .eh_frame      0xb08135b8      0x27c pegasus_crt.a(fs_main.o)
                                0x294 (size before relaxing)
 .eh_frame      0xb0813834       0x3c pegasus_crt.a(main.o)
                                 0x54 (size before relaxing)
 .eh_frame      0xb0813870      0x364 pegasus_crt.a(mem.o)
                                0x37c (size before relaxing)
 .eh_frame      0xb0813bd4       0x60 pegasus_crt.a(exec.o)
                                 0x78 (size before relaxing)
 .eh_frame      0xb0813c34       0x20 pegasus_crt.a(exit.o)
                                 0x38 (size before relaxing)
 .eh_frame      0xb0813c54       0x20 pegasus_crt.a(wait.o)
                                 0x38 (size before relaxing)
 .eh_frame      0xb0813c74       0x20 pegasus_crt.a(fork.o)
                                 0x38 (size before relaxing)
 .eh_frame      0xb0813c94       0x20 pegasus_crt.a(strcmp.o)
                                 0x38 (size before relaxing)
 .eh_frame      0xb0813cb4       0x20 pegasus_crt.a(read.o)
                                 0x38 (size before relaxing)
 .eh_frame      0xb0813cd4       0x20 pegasus_crt.a(open.o)
                                 0x38 (size before relaxing)
 .eh_frame      0xb0813cf4       0x20 pegasus_crt.a(write.o)
                                 0x38 (size before relaxing)
 .eh_frame      0xb0813d14       0x20 pegasus_crt.a(close.o)
                                 0x38 (size before relaxing)
 .eh_frame      0xb0813d34       0xc0 pegasus_crt.a(double_link_list.o)
                                 0xd8 (size before relaxing)
 .eh_frame      0xb0813df4      0x16c pegasus_crt.a(netdev.o)
                                0x184 (size before relaxing)
 .eh_frame      0xb0813f60      0x1c0 pegasus_crt.a(arp.o)
                                0x1d8 (size before relaxing)
 .eh_frame      0xb0814120       0xe0 pegasus_crt.a(skbuff.o)
                                 0xf8 (size before relaxing)
 .eh_frame      0xb0814200      0x124 pegasus_crt.a(route.o)
                                0x13c (size before relaxing)
 .eh_frame      0xb0814324       0xe4 pegasus_crt.a(utils.o)
                                 0xfc (size before relaxing)
 .eh_frame      0xb0814408       0x80 pegasus_crt.a(forkexit.o)
                                 0x98 (size before relaxing)
 .eh_frame      0xb0814488       0x20 pegasus_crt.a(exec.o)
                                 0x38 (size before relaxing)
 .eh_frame      0xb08144a8       0x20 pegasus_crt.a(perror.o)
                                 0x38 (size before relaxing)
 .eh_frame      0xb08144c8       0x20 pegasus_crt.a(sscanf.o)
                                 0x38 (size before relaxing)
 .eh_frame      0xb08144e8       0x20 pegasus_crt.a(ntohs.o)
                                 0x38 (size before relaxing)
 .eh_frame      0xb0814508       0x20 pegasus_crt.a(htonl.o)
                                 0x38 (size before relaxing)
 .eh_frame      0xb0814528       0x20 pegasus_crt.a(htons.o)
                                 0x38 (size before relaxing)
 .eh_frame      0xb0814548       0x40 pegasus_crt.a(inet_pton.o)
                                 0x58 (size before relaxing)
 .eh_frame      0xb0814588       0x20 pegasus_crt.a(ntohl.o)
                                 0x38 (size before relaxing)
 .eh_frame      0xb08145a8       0xe0 pegasus_crt.a(my_process.o)
                                 0xf8 (size before relaxing)
 .eh_frame      0xb0814688      0x104 pegasus_crt.a(ip_input.o)
                                0x11c (size before relaxing)
 .eh_frame      0xb081478c      0x268 pegasus_crt.a(tcp.o)
                                0x280 (size before relaxing)
 .eh_frame      0xb08149f4      0x4c0 pegasus_crt.a(tcp_sock.o)
                                0x4d8 (size before relaxing)
 .eh_frame      0xb0814eb4       0x80 pegasus_crt.a(icmpv4.o)
                                 0x98 (size before relaxing)
 .eh_frame      0xb0814f34      0x300 pegasus_crt.a(tcp_input.o)
                                0x318 (size before relaxing)
 .eh_frame      0xb0815234      0x1e4 pegasus_crt.a(udp.o)
                                0x1fc (size before relaxing)
 .eh_frame      0xb0815418      0x200 pegasus_crt.a(tcp_data.o)
                                0x218 (size before relaxing)
 .eh_frame      0xb0815618       0x20 pegasus_crt.a(atoi.o)
                                 0x38 (size before relaxing)
 .eh_frame      0xb0815638       0x20 pegasus_crt.a(strtok.o)
                                 0x38 (size before relaxing)
 .eh_frame      0xb0815658       0x20 pegasus_crt.a(strpbrk.o)
                                 0x38 (size before relaxing)
 .eh_frame      0xb0815678       0x80 pegasus_crt.a(thread.o)
                                 0x98 (size before relaxing)
 .eh_frame      0xb08156f8      0x404 pegasus_crt.a(udp_sock.o)
                                0x41c (size before relaxing)
 .eh_frame      0xb0815afc       0x40 pegasus_crt.a(ip_output.o)
                                 0x58 (size before relaxing)
 .eh_frame      0xb0815b3c      0x1a0 pegasus_crt.a(sock.o)
                                0x1b8 (size before relaxing)
 .eh_frame      0xb0815cdc      0x3c4 pegasus_crt.a(tcp_output.o)
                                0x3dc (size before relaxing)
 .eh_frame      0xb08160a0       0x40 pegasus_crt.a(dst.o)
                                 0x58 (size before relaxing)
 *(.eh_frame.*)

.sframe
 *(.sframe)
 *(.sframe.*)

.gcc_except_table
 *(.gcc_except_table .gcc_except_table.*)

.gnu_extab
 *(.gnu_extab*)

.exception_ranges
 *(.exception_ranges*)
                0xb0817000                        . = DATA_SEGMENT_ALIGN (CONSTANT (MAXPAGESIZE), CONSTANT (COMMONPAGESIZE))

.eh_frame
 *(.eh_frame)
 *(.eh_frame.*)

.sframe
 *(.sframe)
 *(.sframe.*)

.gnu_extab
 *(.gnu_extab)

.gcc_except_table
 *(.gcc_except_table .gcc_except_table.*)

.exception_ranges
 *(.exception_ranges*)

.tdata          0xb0817000        0x0
                [!provide]                        PROVIDE (__tdata_start = .)
 *(.tdata .tdata.* .gnu.linkonce.td.*)

.tbss
 *(.tbss .tbss.* .gnu.linkonce.tb.*)
 *(.tcommon)

.preinit_array  0xb0817000        0x0
                [!provide]                        PROVIDE (__preinit_array_start = .)
 *(.preinit_array)
                [!provide]                        PROVIDE (__preinit_array_end = .)

.init_array     0xb0817000        0x0
                [!provide]                        PROVIDE (__init_array_start = .)
 *(SORT_BY_INIT_PRIORITY(.init_array.*) SORT_BY_INIT_PRIORITY(.ctors.*))
 *(.init_array EXCLUDE_FILE(*crtend?.o *crtend.o *crtbegin?.o *crtbegin.o) .ctors)
                [!provide]                        PROVIDE (__init_array_end = .)

.fini_array     0xb0817000        0x0
                [!provide]                        PROVIDE (__fini_array_start = .)
 *(SORT_BY_INIT_PRIORITY(.fini_array.*) SORT_BY_INIT_PRIORITY(.dtors.*))
 *(.fini_array EXCLUDE_FILE(*crtend?.o *crtend.o *crtbegin?.o *crtbegin.o) .dtors)
                [!provide]                        PROVIDE (__fini_array_end = .)

.ctors
 *crtbegin.o(.ctors)
 *crtbegin?.o(.ctors)
 *(EXCLUDE_FILE(*crtend?.o *crtend.o) .ctors)
 *(SORT_BY_NAME(.ctors.*))
 *(.ctors)

.dtors
 *crtbegin.o(.dtors)
 *crtbegin?.o(.dtors)
 *(EXCLUDE_FILE(*crtend?.o *crtend.o) .dtors)
 *(SORT_BY_NAME(.dtors.*))
 *(.dtors)

.jcr
 *(.jcr)

.data.rel.ro
 *(.data.rel.ro.local* .gnu.linkonce.d.rel.ro.local.*)
 *(.data.rel.ro .data.rel.ro.* .gnu.linkonce.d.rel.ro.*)

.dynamic
 *(.dynamic)

.got            0xb0817000        0x0
 *(.got)
 .got           0xb0817000        0x0 test.o
 *(.igot)
                0xb0817000                        . = DATA_SEGMENT_RELRO_END (., (SIZEOF (.got.plt) >= 0xc)?0xc:0x0)

.got.plt        0xb0817000        0x0
 *(.got.plt)
 .got.plt       0xb0817000        0x0 test.o
 *(.igot.plt)
 .igot.plt      0xb0817000        0x0 test.o

.data           0xb0817000      0x8a4
 *(.data .data.* .gnu.linkonce.d.*)
 .data          0xb0817000        0x0 test.o
 .data          0xb0817000        0x0 pegasus_crt.a(kernel_main_old.o)
 .data          0xb0817000        0x0 pegasus_crt.a(protect.o)
 .data          0xb0817000        0x0 pegasus_crt.a(console.o)
 .data          0xb0817000      0x160 pegasus_crt.a(global.o)
                0xb0817000                user_task_table
                0xb0817080                sys_task_table
                0xb0817144                sys_call_table
 .data          0xb0817160      0x600 pegasus_crt.a(keyboard.o)
                0xb0817160                keymap
 .data          0xb0817760        0x0 pegasus_crt.a(process.o)
 .data          0xb0817760        0x0 pegasus_crt.a(task_network.o)
 .data          0xb0817760        0x0 pegasus_crt.a(hd.o)
 .data          0xb0817760        0x0 pegasus_crt.a(fs_main.o)
 .data          0xb0817760        0x0 pegasus_crt.a(main.o)
 .data          0xb0817760        0x0 pegasus_crt.a(mem.o)
 .data          0xb0817760        0x0 pegasus_crt.a(exec.o)
 .data          0xb0817760        0x0 pegasus_crt.a(exit.o)
 .data          0xb0817760        0x0 pegasus_crt.a(wait.o)
 .data          0xb0817760        0x0 pegasus_crt.a(fork.o)
 .data          0xb0817760        0x0 pegasus_crt.a(strcmp.o)
 .data          0xb0817760        0x0 pegasus_crt.a(read.o)
 .data          0xb0817760        0x0 pegasus_crt.a(open.o)
 .data          0xb0817760        0x0 pegasus_crt.a(write.o)
 .data          0xb0817760        0x0 pegasus_crt.a(close.o)
 .data          0xb0817760        0xf pegasus_crt.a(kernel.o)
 *fill*         0xb081776f        0x1 
 .data          0xb0817770        0x0 pegasus_crt.a(syscall.o)
 .data          0xb0817770        0x0 pegasus_crt.a(double_link_list.o)
 .data          0xb0817770        0x4 pegasus_crt.a(netdev.o)
 .data          0xb0817774       0x14 pegasus_crt.a(arp.o)
 .data          0xb0817788        0x4 pegasus_crt.a(skbuff.o)
 .data          0xb081778c        0xc pegasus_crt.a(route.o)
 .data          0xb0817798        0x4 pegasus_crt.a(utils.o)
 .data          0xb081779c        0x0 pegasus_crt.a(forkexit.o)
 .data          0xb081779c        0x0 pegasus_crt.a(exec.o)
 .data          0xb081779c        0x0 pegasus_crt.a(perror.o)
 .data          0xb081779c        0x0 pegasus_crt.a(sscanf.o)
 .data          0xb081779c        0x0 pegasus_crt.a(ntohs.o)
 .data          0xb081779c        0x0 pegasus_crt.a(htonl.o)
 .data          0xb081779c        0x0 pegasus_crt.a(htons.o)
 .data          0xb081779c        0x0 pegasus_crt.a(inet_pton.o)
 .data          0xb081779c        0x0 pegasus_crt.a(ntohl.o)
 .data          0xb081779c        0x0 pegasus_crt.a(my_process.o)
 .data          0xb081779c        0x4 pegasus_crt.a(ip_input.o)
 .data          0xb08177a0        0x8 pegasus_crt.a(tcp.o)
 *fill*         0xb08177a8       0x18 
 .data          0xb08177c0       0x54 pegasus_crt.a(tcp_sock.o)
                0xb08177e0                tcp_ops
 .data          0xb0817814        0x4 pegasus_crt.a(icmpv4.o)
 .data          0xb0817818        0x4 pegasus_crt.a(tcp_input.o)
 .data          0xb081781c        0x8 pegasus_crt.a(udp.o)
 .data          0xb0817824        0x4 pegasus_crt.a(tcp_data.o)
 .data          0xb0817828        0x0 pegasus_crt.a(atoi.o)
 .data          0xb0817828        0x0 pegasus_crt.a(strtok.o)
 .data          0xb0817828        0x0 pegasus_crt.a(strpbrk.o)
 .data          0xb0817828        0x0 pegasus_crt.a(thread.o)
 *fill*         0xb0817828       0x18 
 .data          0xb0817840       0x54 pegasus_crt.a(udp_sock.o)
                0xb0817860                udp_ops
 .data          0xb0817894        0x4 pegasus_crt.a(ip_output.o)
 .data          0xb0817898        0x4 pegasus_crt.a(sock.o)
 .data          0xb081789c        0x4 pegasus_crt.a(tcp_output.o)
 .data          0xb08178a0        0x4 pegasus_crt.a(dst.o)

.data1
 *(.data1)
                0xb08178a4                        _edata = .
                [!provide]                        PROVIDE (edata = .)
                0xb08178a4                        . = .
                0xb08178a4                        __bss_start = .

.bss            0xb08178c0    0x94de8
 *(.dynbss)
 *(.bss .bss.* .gnu.linkonce.b.*)
 .bss           0xb08178c0        0x0 test.o
 .bss           0xb08178c0        0x0 pegasus_crt.a(kernel_main_old.o)
 .bss           0xb08178c0        0x0 pegasus_crt.a(protect.o)
 .bss           0xb08178c0        0x0 pegasus_crt.a(console.o)
 .bss           0xb08178c0        0x0 pegasus_crt.a(global.o)
 .bss           0xb08178c0        0x0 pegasus_crt.a(keyboard.o)
 .bss           0xb08178c0        0x0 pegasus_crt.a(process.o)
 .bss           0xb08178c0        0x0 pegasus_crt.a(task_network.o)
 .bss           0xb08178c0        0x0 pegasus_crt.a(hd.o)
 .bss           0xb08178c0        0x4 pegasus_crt.a(fs_main.o)
                0xb08178c0                c
 .bss           0xb08178c4        0x0 pegasus_crt.a(main.o)
 .bss           0xb08178c4        0x0 pegasus_crt.a(mem.o)
 .bss           0xb08178c4        0x0 pegasus_crt.a(exec.o)
 .bss           0xb08178c4        0x0 pegasus_crt.a(exit.o)
 .bss           0xb08178c4        0x0 pegasus_crt.a(wait.o)
 .bss           0xb08178c4        0x0 pegasus_crt.a(fork.o)
 .bss           0xb08178c4        0x0 pegasus_crt.a(strcmp.o)
 .bss           0xb08178c4        0x0 pegasus_crt.a(read.o)
 .bss           0xb08178c4        0x0 pegasus_crt.a(open.o)
 .bss           0xb08178c4        0x0 pegasus_crt.a(write.o)
 .bss           0xb08178c4        0x0 pegasus_crt.a(close.o)
 .bss           0xb08178c4      0x800 pegasus_crt.a(kernel.o)
 .bss           0xb08180c4        0x0 pegasus_crt.a(double_link_list.o)
 .bss           0xb08180c4        0x0 pegasus_crt.a(netdev.o)
 .bss           0xb08180c4        0x0 pegasus_crt.a(arp.o)
 .bss           0xb08180c4        0x0 pegasus_crt.a(skbuff.o)
 .bss           0xb08180c4        0x0 pegasus_crt.a(route.o)
 .bss           0xb08180c4        0x0 pegasus_crt.a(utils.o)
 .bss           0xb08180c4        0x0 pegasus_crt.a(forkexit.o)
 .bss           0xb08180c4        0x0 pegasus_crt.a(exec.o)
 .bss           0xb08180c4        0x0 pegasus_crt.a(perror.o)
 .bss           0xb08180c4        0x0 pegasus_crt.a(sscanf.o)
 .bss           0xb08180c4        0x0 pegasus_crt.a(ntohs.o)
 .bss           0xb08180c4        0x0 pegasus_crt.a(htonl.o)
 .bss           0xb08180c4        0x0 pegasus_crt.a(htons.o)
 .bss           0xb08180c4        0x0 pegasus_crt.a(inet_pton.o)
 .bss           0xb08180c4        0x0 pegasus_crt.a(ntohl.o)
 .bss           0xb08180c4        0x0 pegasus_crt.a(my_process.o)
 .bss           0xb08180c4        0x0 pegasus_crt.a(ip_input.o)
 .bss           0xb08180c4        0x0 pegasus_crt.a(tcp.o)
 .bss           0xb08180c4        0x0 pegasus_crt.a(tcp_sock.o)
 .bss           0xb08180c4        0x0 pegasus_crt.a(icmpv4.o)
 .bss           0xb08180c4        0x0 pegasus_crt.a(tcp_input.o)
 .bss           0xb08180c4        0x0 pegasus_crt.a(udp.o)
 .bss           0xb08180c4        0x0 pegasus_crt.a(tcp_data.o)
 .bss           0xb08180c4        0x0 pegasus_crt.a(atoi.o)
 .bss           0xb08180c4        0x4 pegasus_crt.a(strtok.o)
 .bss           0xb08180c8        0x0 pegasus_crt.a(strpbrk.o)
 .bss           0xb08180c8        0x0 pegasus_crt.a(thread.o)
 .bss           0xb08180c8        0x4 pegasus_crt.a(udp_sock.o)
 .bss           0xb08180cc        0x0 pegasus_crt.a(ip_output.o)
 .bss           0xb08180cc        0x0 pegasus_crt.a(sock.o)
 .bss           0xb08180cc        0x0 pegasus_crt.a(tcp_output.o)
 .bss           0xb08180cc        0x0 pegasus_crt.a(dst.o)
 *(COMMON)
 *fill*         0xb08180cc       0x14 
 COMMON         0xb08180e0     0x17a8 pegasus_crt.a(kernel_main_old.o)
                0xb08180e0                current_tty
                0xb08180e4                is_e0
                0xb08180e8                idt_ptr
                0xb08180f0                pid
                0xb08180f4                KernelVirtualMemory
                0xb0818100                current_dis_pos
                0xb0818104                dis_pos
                0xb0818108                k_reenter
                0xb0818120                gdt
                0xb0818520                proc_ready_table
                0xb0818524                test_ticks
                0xb0818528                pcaller
                0xb0818540                keyboard_buffer
                0xb081874c                gdt_index
                0xb0818760                tty_table
                0xb0818fa0                tss
                0xb081900c                KernelPool
                0xb081901c                net_buf
                0xb0819020                nic_current_page
                0xb0819024                counter
                0xb0819028                key_pressed
                0xb081902c                fork_pid
                0xb0819030                is_shift
                0xb0819031                net_data
                0xb0819034                gdt_ptr
                0xb0819040                idt
                0xb0819840                main_thread
                0xb0819848                ticks
                0xb0819850                is_init
                0xb0819854                UserPool
                0xb0819864                console_table
                0xb0819874                is_disp
                0xb0819878                MAIN_THREAD_PAGE_DIRECTORY
                0xb081987c                helloStr
 *fill*         0xb0819888       0x18 
 COMMON         0xb08198a0    0x91a78 pegasus_crt.a(global.o)
                0xb08198a0                proc_stack
                0xb08a98a0                proc_table
 *fill*         0xb08ab318        0x8 
 COMMON         0xb08ab320      0x440 pegasus_crt.a(hd.o)
                0xb08ab320                hd_info
                0xb08ab560                hd_cache
 COMMON         0xb08ab760      0xe68 pegasus_crt.a(fs_main.o)
                0xb08ab760                file_desc_table
                0xb08abb60                phy_super_block_buf
                0xb08abb64                phy_fsbuf
                0xb08abb80                inode_table
                0xb08ac580                super_block_buf
                0xb08ac584                fsbuf
                0xb08ac5a0                root
 *fill*         0xb08ac5c8       0x18 
 COMMON         0xb08ac5e0       0xa0 pegasus_crt.a(mem.o)
                0xb08ac5e0                kernel_mem_block_decs_array
 COMMON         0xb08ac680       0x20 pegasus_crt.a(read.o)
                0xb08ac680                pcb_list
                0xb08ac690                all_pcb_list
 COMMON         0xb08ac6a0        0x8 pegasus_crt.a(netdev.o)
                0xb08ac6a0                loop
                0xb08ac6a4                netdev
                0xb08ac6a8                        . = ALIGN ((. != 0x0)?0x4:0x1)
                0xb08ac6a8                        . = ALIGN (0x4)
                0xb08ac6a8                        . = SEGMENT_START ("ldata-segment", .)
                0xb08ac6a8                        . = ALIGN (0x4)
                0xb08ac6a8                        _end = .
                [!provide]                        PROVIDE (end = .)
                0xb08ac6a8                        . = DATA_SEGMENT_END (.)

.stab
 *(.stab)

.stabstr
 *(.stabstr)

.stab.excl
 *(.stab.excl)

.stab.exclstr
 *(.stab.exclstr)

.stab.index
 *(.stab.index)

.stab.indexstr
 *(.stab.indexstr)

.comment        0x00000000       0x2c
 *(.comment)
 .comment       0x00000000       0x2c test.o
                                 0x2d (size before relaxing)
 .comment       0x0000002c       0x2d pegasus_crt.a(kernel_main_old.o)
 .comment       0x0000002c       0x2d pegasus_crt.a(protect.o)
 .comment       0x0000002c       0x2d pegasus_crt.a(console.o)
 .comment       0x0000002c       0x2d pegasus_crt.a(global.o)
 .comment       0x0000002c       0x2d pegasus_crt.a(keyboard.o)
 .comment       0x0000002c       0x2d pegasus_crt.a(process.o)
 .comment       0x0000002c       0x2d pegasus_crt.a(task_network.o)
 .comment       0x0000002c       0x2d pegasus_crt.a(hd.o)
 .comment       0x0000002c       0x2d pegasus_crt.a(fs_main.o)
 .comment       0x0000002c       0x2d pegasus_crt.a(main.o)
 .comment       0x0000002c       0x2d pegasus_crt.a(mem.o)
 .comment       0x0000002c       0x2d pegasus_crt.a(exec.o)
 .comment       0x0000002c       0x2d pegasus_crt.a(exit.o)
 .comment       0x0000002c       0x2d pegasus_crt.a(wait.o)
 .comment       0x0000002c       0x2d pegasus_crt.a(fork.o)
 .comment       0x0000002c       0x2d pegasus_crt.a(strcmp.o)
 .comment       0x0000002c       0x2d pegasus_crt.a(read.o)
 .comment       0x0000002c       0x2d pegasus_crt.a(open.o)
 .comment       0x0000002c       0x2d pegasus_crt.a(write.o)
 .comment       0x0000002c       0x2d pegasus_crt.a(close.o)
 .comment       0x0000002c       0x2d pegasus_crt.a(double_link_list.o)
 .comment       0x0000002c       0x2d pegasus_crt.a(netdev.o)
 .comment       0x0000002c       0x2d pegasus_crt.a(arp.o)
 .comment       0x0000002c       0x2d pegasus_crt.a(skbuff.o)
 .comment       0x0000002c       0x2d pegasus_crt.a(route.o)
 .comment       0x0000002c       0x2d pegasus_crt.a(utils.o)
 .comment       0x0000002c       0x2d pegasus_crt.a(forkexit.o)
 .comment       0x0000002c       0x2d pegasus_crt.a(exec.o)
 .comment       0x0000002c       0x2d pegasus_crt.a(perror.o)
 .comment       0x0000002c       0x2d pegasus_crt.a(sscanf.o)
 .comment       0x0000002c       0x2d pegasus_crt.a(ntohs.o)
 .comment       0x0000002c       0x2d pegasus_crt.a(htonl.o)
 .comment       0x0000002c       0x2d pegasus_crt.a(htons.o)
 .comment       0x0000002c       0x2d pegasus_crt.a(inet_pton.o)
 .comment       0x0000002c       0x2d pegasus_crt.a(ntohl.o)
 .comment       0x0000002c       0x2d pegasus_crt.a(my_process.o)
 .comment       0x0000002c       0x2d pegasus_crt.a(ip_input.o)
 .comment       0x0000002c       0x2d pegasus_crt.a(tcp.o)
 .comment       0x0000002c       0x2d pegasus_crt.a(tcp_sock.o)
 .comment       0x0000002c       0x2d pegasus_crt.a(icmpv4.o)
 .comment       0x0000002c       0x2d pegasus_crt.a(tcp_input.o)
 .comment       0x0000002c       0x2d pegasus_crt.a(udp.o)
 .comment       0x0000002c       0x2d pegasus_crt.a(tcp_data.o)
 .comment       0x0000002c       0x2d pegasus_crt.a(atoi.o)
 .comment       0x0000002c       0x2d pegasus_crt.a(strtok.o)
 .comment       0x0000002c       0x2d pegasus_crt.a(strpbrk.o)
 .comment       0x0000002c       0x2d pegasus_crt.a(thread.o)
 .comment       0x0000002c       0x2d pegasus_crt.a(udp_sock.o)
 .comment       0x0000002c       0x2d pegasus_crt.a(ip_output.o)
 .comment       0x0000002c       0x2d pegasus_crt.a(sock.o)
 .comment       0x0000002c       0x2d pegasus_crt.a(tcp_output.o)
 .comment       0x0000002c       0x2d pegasus_crt.a(dst.o)

.gnu.build.attributes
 *(.gnu.build.attributes .gnu.build.attributes.*)

.debug
 *(.debug)

.line
 *(.line)

.debug_srcinfo
 *(.debug_srcinfo)

.debug_sfnames
 *(.debug_sfnames)

.debug_aranges  0x00000000      0x678
 *(.debug_aranges)
 .debug_aranges
                0x00000000       0x20 pegasus_crt.a(kernel_main_old.o)
 .debug_aranges
                0x00000020       0x20 pegasus_crt.a(protect.o)
 .debug_aranges
                0x00000040       0x20 pegasus_crt.a(console.o)
 .debug_aranges
                0x00000060       0x18 pegasus_crt.a(global.o)
 .debug_aranges
                0x00000078       0x20 pegasus_crt.a(keyboard.o)
 .debug_aranges
                0x00000098       0x20 pegasus_crt.a(process.o)
 .debug_aranges
                0x000000b8       0x20 pegasus_crt.a(task_network.o)
 .debug_aranges
                0x000000d8       0x20 pegasus_crt.a(hd.o)
 .debug_aranges
                0x000000f8       0x20 pegasus_crt.a(fs_main.o)
 .debug_aranges
                0x00000118       0x20 pegasus_crt.a(main.o)
 .debug_aranges
                0x00000138       0x20 pegasus_crt.a(mem.o)
 .debug_aranges
                0x00000158       0x20 pegasus_crt.a(exec.o)
 .debug_aranges
                0x00000178       0x20 pegasus_crt.a(exit.o)
 .debug_aranges
                0x00000198       0x20 pegasus_crt.a(wait.o)
 .debug_aranges
                0x000001b8       0x20 pegasus_crt.a(fork.o)
 .debug_aranges
                0x000001d8       0x20 pegasus_crt.a(strcmp.o)
 .debug_aranges
                0x000001f8       0x20 pegasus_crt.a(read.o)
 .debug_aranges
                0x00000218       0x20 pegasus_crt.a(open.o)
 .debug_aranges
                0x00000238       0x20 pegasus_crt.a(write.o)
 .debug_aranges
                0x00000258       0x20 pegasus_crt.a(close.o)
 .debug_aranges
                0x00000278       0x20 pegasus_crt.a(double_link_list.o)
 .debug_aranges
                0x00000298       0x20 pegasus_crt.a(netdev.o)
 .debug_aranges
                0x000002b8       0x20 pegasus_crt.a(arp.o)
 .debug_aranges
                0x000002d8       0x20 pegasus_crt.a(skbuff.o)
 .debug_aranges
                0x000002f8       0x20 pegasus_crt.a(route.o)
 .debug_aranges
                0x00000318       0x20 pegasus_crt.a(utils.o)
 .debug_aranges
                0x00000338       0x20 pegasus_crt.a(forkexit.o)
 .debug_aranges
                0x00000358       0x20 pegasus_crt.a(exec.o)
 .debug_aranges
                0x00000378       0x20 pegasus_crt.a(perror.o)
 .debug_aranges
                0x00000398       0x20 pegasus_crt.a(sscanf.o)
 .debug_aranges
                0x000003b8       0x20 pegasus_crt.a(ntohs.o)
 .debug_aranges
                0x000003d8       0x20 pegasus_crt.a(htonl.o)
 .debug_aranges
                0x000003f8       0x20 pegasus_crt.a(htons.o)
 .debug_aranges
                0x00000418       0x20 pegasus_crt.a(inet_pton.o)
 .debug_aranges
                0x00000438       0x20 pegasus_crt.a(ntohl.o)
 .debug_aranges
                0x00000458       0x20 pegasus_crt.a(my_process.o)
 .debug_aranges
                0x00000478       0x20 pegasus_crt.a(ip_input.o)
 .debug_aranges
                0x00000498       0x20 pegasus_crt.a(tcp.o)
 .debug_aranges
                0x000004b8       0x20 pegasus_crt.a(tcp_sock.o)
 .debug_aranges
                0x000004d8       0x20 pegasus_crt.a(icmpv4.o)
 .debug_aranges
                0x000004f8       0x20 pegasus_crt.a(tcp_input.o)
 .debug_aranges
                0x00000518       0x20 pegasus_crt.a(udp.o)
 .debug_aranges
                0x00000538       0x20 pegasus_crt.a(tcp_data.o)
 .debug_aranges
                0x00000558       0x20 pegasus_crt.a(atoi.o)
 .debug_aranges
                0x00000578       0x20 pegasus_crt.a(strtok.o)
 .debug_aranges
                0x00000598       0x20 pegasus_crt.a(strpbrk.o)
 .debug_aranges
                0x000005b8       0x20 pegasus_crt.a(thread.o)
 .debug_aranges
                0x000005d8       0x20 pegasus_crt.a(udp_sock.o)
 .debug_aranges
                0x000005f8       0x20 pegasus_crt.a(ip_output.o)
 .debug_aranges
                0x00000618       0x20 pegasus_crt.a(sock.o)
 .debug_aranges
                0x00000638       0x20 pegasus_crt.a(tcp_output.o)
 .debug_aranges
                0x00000658       0x20 pegasus_crt.a(dst.o)

.debug_pubnames
 *(.debug_pubnames)

.debug_info     0x00000000    0x3348a
 *(.debug_info .gnu.linkonce.wi.*)
 .debug_info    0x00000000     0x2810 pegasus_crt.a(kernel_main_old.o)
 .debug_info    0x00002810     0x1174 pegasus_crt.a(protect.o)
 .debug_info    0x00003984     0x1249 pegasus_crt.a(console.o)
 .debug_info    0x00004bcd      0xe49 pegasus_crt.a(global.o)
 .debug_info    0x00005a16      0xf9d pegasus_crt.a(keyboard.o)
 .debug_info    0x000069b3      0xf30 pegasus_crt.a(process.o)
 .debug_info    0x000078e3      0x676 pegasus_crt.a(task_network.o)
 .debug_info    0x00007f59     0x17b8 pegasus_crt.a(hd.o)
 .debug_info    0x00009711     0x1efa pegasus_crt.a(fs_main.o)
 .debug_info    0x0000b60b      0xd8b pegasus_crt.a(main.o)
 .debug_info    0x0000c396     0x1d20 pegasus_crt.a(mem.o)
 .debug_info    0x0000e0b6      0xeff pegasus_crt.a(exec.o)
 .debug_info    0x0000efb5      0xd72 pegasus_crt.a(exit.o)
 .debug_info    0x0000fd27      0xd80 pegasus_crt.a(wait.o)
 .debug_info    0x00010aa7      0xd67 pegasus_crt.a(fork.o)
 .debug_info    0x0001180e       0xc1 pegasus_crt.a(strcmp.o)
 .debug_info    0x000118cf      0xea1 pegasus_crt.a(read.o)
 .debug_info    0x00012770      0xe02 pegasus_crt.a(open.o)
 .debug_info    0x00013572      0xe2f pegasus_crt.a(write.o)
 .debug_info    0x000143a1      0xdb6 pegasus_crt.a(close.o)
 .debug_info    0x00015157     0x100c pegasus_crt.a(double_link_list.o)
 .debug_info    0x00016163     0x1522 pegasus_crt.a(netdev.o)
 .debug_info    0x00017685      0x76e pegasus_crt.a(arp.o)
 .debug_info    0x00017df3      0x39f pegasus_crt.a(skbuff.o)
 .debug_info    0x00018192     0x1241 pegasus_crt.a(route.o)
 .debug_info    0x000193d3      0x367 pegasus_crt.a(utils.o)
 .debug_info    0x0001973a      0xf5d pegasus_crt.a(forkexit.o)
 .debug_info    0x0001a697     0x1199 pegasus_crt.a(exec.o)
 .debug_info    0x0001b830       0x5c pegasus_crt.a(perror.o)
 .debug_info    0x0001b88c      0x20e pegasus_crt.a(sscanf.o)
 .debug_info    0x0001ba9a       0xa8 pegasus_crt.a(ntohs.o)
 .debug_info    0x0001bb42       0xcb pegasus_crt.a(htonl.o)
 .debug_info    0x0001bc0d       0xa8 pegasus_crt.a(htons.o)
 .debug_info    0x0001bcb5      0x260 pegasus_crt.a(inet_pton.o)
 .debug_info    0x0001bf15       0xcb pegasus_crt.a(ntohl.o)
 .debug_info    0x0001bfe0     0x145c pegasus_crt.a(my_process.o)
 .debug_info    0x0001d43c     0x1a6a pegasus_crt.a(ip_input.o)
 .debug_info    0x0001eea6     0x1dcd pegasus_crt.a(tcp.o)
 .debug_info    0x00020c73     0x21be pegasus_crt.a(tcp_sock.o)
 .debug_info    0x00022e31     0x18c8 pegasus_crt.a(icmpv4.o)
 .debug_info    0x000246f9     0x20d0 pegasus_crt.a(tcp_input.o)
 .debug_info    0x000267c9     0x1acd pegasus_crt.a(udp.o)
 .debug_info    0x00028296     0x1d36 pegasus_crt.a(tcp_data.o)
 .debug_info    0x00029fcc       0xc9 pegasus_crt.a(atoi.o)
 .debug_info    0x0002a095       0xae pegasus_crt.a(strtok.o)
 .debug_info    0x0002a143       0xcf pegasus_crt.a(strpbrk.o)
 .debug_info    0x0002a212     0x1028 pegasus_crt.a(thread.o)
 .debug_info    0x0002b23a     0x1e9c pegasus_crt.a(udp_sock.o)
 .debug_info    0x0002d0d6     0x1704 pegasus_crt.a(ip_output.o)
 .debug_info    0x0002e7da     0x181f pegasus_crt.a(sock.o)
 .debug_info    0x0002fff9     0x22e8 pegasus_crt.a(tcp_output.o)
 .debug_info    0x000322e1     0x11a9 pegasus_crt.a(dst.o)

.debug_abbrev   0x00000000     0x664e
 *(.debug_abbrev)
 .debug_abbrev  0x00000000      0x452 pegasus_crt.a(kernel_main_old.o)
 .debug_abbrev  0x00000452      0x227 pegasus_crt.a(protect.o)
 .debug_abbrev  0x00000679      0x2ac pegasus_crt.a(console.o)
 .debug_abbrev  0x00000925      0x157 pegasus_crt.a(global.o)
 .debug_abbrev  0x00000a7c      0x1fb pegasus_crt.a(keyboard.o)
 .debug_abbrev  0x00000c77      0x1e0 pegasus_crt.a(process.o)
 .debug_abbrev  0x00000e57      0x17a pegasus_crt.a(task_network.o)
 .debug_abbrev  0x00000fd1      0x2e3 pegasus_crt.a(hd.o)
 .debug_abbrev  0x000012b4      0x2ef pegasus_crt.a(fs_main.o)
 .debug_abbrev  0x000015a3      0x208 pegasus_crt.a(main.o)
 .debug_abbrev  0x000017ab      0x2ea pegasus_crt.a(mem.o)
 .debug_abbrev  0x00001a95      0x1e8 pegasus_crt.a(exec.o)
 .debug_abbrev  0x00001c7d      0x19b pegasus_crt.a(exit.o)
 .debug_abbrev  0x00001e18      0x19f pegasus_crt.a(wait.o)
 .debug_abbrev  0x00001fb7      0x18a pegasus_crt.a(fork.o)
 .debug_abbrev  0x00002141       0x94 pegasus_crt.a(strcmp.o)
 .debug_abbrev  0x000021d5      0x1ef pegasus_crt.a(read.o)
 .debug_abbrev  0x000023c4      0x1c5 pegasus_crt.a(open.o)
 .debug_abbrev  0x00002589      0x1db pegasus_crt.a(write.o)
 .debug_abbrev  0x00002764      0x19d pegasus_crt.a(close.o)
 .debug_abbrev  0x00002901      0x22e pegasus_crt.a(double_link_list.o)
 .debug_abbrev  0x00002b2f      0x2a0 pegasus_crt.a(netdev.o)
 .debug_abbrev  0x00002dcf      0x210 pegasus_crt.a(arp.o)
 .debug_abbrev  0x00002fdf      0x15f pegasus_crt.a(skbuff.o)
 .debug_abbrev  0x0000313e      0x24e pegasus_crt.a(route.o)
 .debug_abbrev  0x0000338c      0x17a pegasus_crt.a(utils.o)
 .debug_abbrev  0x00003506      0x204 pegasus_crt.a(forkexit.o)
 .debug_abbrev  0x0000370a      0x1c4 pegasus_crt.a(exec.o)
 .debug_abbrev  0x000038ce       0x5c pegasus_crt.a(perror.o)
 .debug_abbrev  0x0000392a       0xdd pegasus_crt.a(sscanf.o)
 .debug_abbrev  0x00003a07       0x6c pegasus_crt.a(ntohs.o)
 .debug_abbrev  0x00003a73       0xa5 pegasus_crt.a(htonl.o)
 .debug_abbrev  0x00003b18       0x6c pegasus_crt.a(htons.o)
 .debug_abbrev  0x00003b84      0x116 pegasus_crt.a(inet_pton.o)
 .debug_abbrev  0x00003c9a       0xa5 pegasus_crt.a(ntohl.o)
 .debug_abbrev  0x00003d3f      0x260 pegasus_crt.a(my_process.o)
 .debug_abbrev  0x00003f9f      0x2d1 pegasus_crt.a(ip_input.o)
 .debug_abbrev  0x00004270      0x332 pegasus_crt.a(tcp.o)
 .debug_abbrev  0x000045a2      0x3e6 pegasus_crt.a(tcp_sock.o)
 .debug_abbrev  0x00004988      0x236 pegasus_crt.a(icmpv4.o)
 .debug_abbrev  0x00004bbe      0x355 pegasus_crt.a(tcp_input.o)
 .debug_abbrev  0x00004f13      0x2d3 pegasus_crt.a(udp.o)
 .debug_abbrev  0x000051e6      0x2a6 pegasus_crt.a(tcp_data.o)
 .debug_abbrev  0x0000548c       0x94 pegasus_crt.a(atoi.o)
 .debug_abbrev  0x00005520       0x91 pegasus_crt.a(strtok.o)
 .debug_abbrev  0x000055b1       0xa5 pegasus_crt.a(strpbrk.o)
 .debug_abbrev  0x00005656      0x222 pegasus_crt.a(thread.o)
 .debug_abbrev  0x00005878      0x3b1 pegasus_crt.a(udp_sock.o)
 .debug_abbrev  0x00005c29      0x213 pegasus_crt.a(ip_output.o)
 .debug_abbrev  0x00005e3c      0x273 pegasus_crt.a(sock.o)
 .debug_abbrev  0x000060af      0x39b pegasus_crt.a(tcp_output.o)
 .debug_abbrev  0x0000644a      0x204 pegasus_crt.a(dst.o)

.debug_line     0x00000000     0x84a3
 *(.debug_line .debug_line.* .debug_line_end)
 .debug_line    0x00000000      0xe29 pegasus_crt.a(kernel_main_old.o)
 .debug_line    0x00000e29      0x1ff pegasus_crt.a(protect.o)
 .debug_line    0x00001028      0x54e pegasus_crt.a(console.o)
 .debug_line    0x00001576       0x95 pegasus_crt.a(global.o)
 .debug_line    0x0000160b      0x296 pegasus_crt.a(keyboard.o)
 .debug_line    0x000018a1      0x1ac pegasus_crt.a(process.o)
 .debug_line    0x00001a4d       0xf5 pegasus_crt.a(task_network.o)
 .debug_line    0x00001b42      0x62b pegasus_crt.a(hd.o)
 .debug_line    0x0000216d      0xc23 pegasus_crt.a(fs_main.o)
 .debug_line    0x00002d90       0xec pegasus_crt.a(main.o)
 .debug_line    0x00002e7c      0x7ec pegasus_crt.a(mem.o)
 .debug_line    0x00003668      0x18b pegasus_crt.a(exec.o)
 .debug_line    0x000037f3       0xa0 pegasus_crt.a(exit.o)
 .debug_line    0x00003893       0xb7 pegasus_crt.a(wait.o)
 .debug_line    0x0000394a       0xa5 pegasus_crt.a(fork.o)
 .debug_line    0x000039ef       0x9c pegasus_crt.a(strcmp.o)
 .debug_line    0x00003a8b      0x15b pegasus_crt.a(read.o)
 .debug_line    0x00003be6       0xc3 pegasus_crt.a(open.o)
 .debug_line    0x00003ca9       0xc2 pegasus_crt.a(write.o)
 .debug_line    0x00003d6b       0xb3 pegasus_crt.a(close.o)
 .debug_line    0x00003e1e      0x202 pegasus_crt.a(double_link_list.o)
 .debug_line    0x00004020      0x33f pegasus_crt.a(netdev.o)
 .debug_line    0x0000435f      0x34c pegasus_crt.a(arp.o)
 .debug_line    0x000046ab      0x121 pegasus_crt.a(skbuff.o)
 .debug_line    0x000047cc      0x209 pegasus_crt.a(route.o)
 .debug_line    0x000049d5      0x13c pegasus_crt.a(utils.o)
 .debug_line    0x00004b11      0x174 pegasus_crt.a(forkexit.o)
 .debug_line    0x00004c85      0x20c pegasus_crt.a(exec.o)
 .debug_line    0x00004e91       0x48 pegasus_crt.a(perror.o)
 .debug_line    0x00004ed9      0x1d2 pegasus_crt.a(sscanf.o)
 .debug_line    0x000050ab       0x6c pegasus_crt.a(ntohs.o)
 .debug_line    0x00005117       0xc1 pegasus_crt.a(htonl.o)
 .debug_line    0x000051d8       0x6c pegasus_crt.a(htons.o)
 .debug_line    0x00005244      0x167 pegasus_crt.a(inet_pton.o)
 .debug_line    0x000053ab       0xc1 pegasus_crt.a(ntohl.o)
 .debug_line    0x0000546c      0x33b pegasus_crt.a(my_process.o)
 .debug_line    0x000057a7      0x272 pegasus_crt.a(ip_input.o)
 .debug_line    0x00005a19      0x2f5 pegasus_crt.a(tcp.o)
 .debug_line    0x00005d0e      0x57b pegasus_crt.a(tcp_sock.o)
 .debug_line    0x00006289      0x225 pegasus_crt.a(icmpv4.o)
 .debug_line    0x000064ae      0x658 pegasus_crt.a(tcp_input.o)
 .debug_line    0x00006b06      0x2ec pegasus_crt.a(udp.o)
 .debug_line    0x00006df2      0x3e9 pegasus_crt.a(tcp_data.o)
 .debug_line    0x000071db       0xad pegasus_crt.a(atoi.o)
 .debug_line    0x00007288       0x6e pegasus_crt.a(strtok.o)
 .debug_line    0x000072f6       0xb0 pegasus_crt.a(strpbrk.o)
 .debug_line    0x000073a6      0x145 pegasus_crt.a(thread.o)
 .debug_line    0x000074eb      0x4b0 pegasus_crt.a(udp_sock.o)
 .debug_line    0x0000799b      0x1fe pegasus_crt.a(ip_output.o)
 .debug_line    0x00007b99      0x222 pegasus_crt.a(sock.o)
 .debug_line    0x00007dbb      0x58a pegasus_crt.a(tcp_output.o)
 .debug_line    0x00008345      0x15e pegasus_crt.a(dst.o)

.debug_frame
 *(.debug_frame)

.debug_str      0x00000000     0x3212
 *(.debug_str)
 .debug_str     0x00000000     0x3212 pegasus_crt.a(kernel_main_old.o)
                                0xb6c (size before relaxing)
 .debug_str     0x00003212      0x75b pegasus_crt.a(protect.o)
 .debug_str     0x00003212      0x74f pegasus_crt.a(console.o)
 .debug_str     0x00003212      0x600 pegasus_crt.a(global.o)
 .debug_str     0x00003212      0x68c pegasus_crt.a(keyboard.o)
 .debug_str     0x00003212      0x640 pegasus_crt.a(process.o)
 .debug_str     0x00003212      0x28f pegasus_crt.a(task_network.o)
 .debug_str     0x00003212      0x909 pegasus_crt.a(hd.o)
 .debug_str     0x00003212      0xaea pegasus_crt.a(fs_main.o)
 .debug_str     0x00003212      0x588 pegasus_crt.a(main.o)
 .debug_str     0x00003212      0xa88 pegasus_crt.a(mem.o)
 .debug_str     0x00003212      0x61c pegasus_crt.a(exec.o)
 .debug_str     0x00003212      0x595 pegasus_crt.a(exit.o)
 .debug_str     0x00003212      0x595 pegasus_crt.a(wait.o)
 .debug_str     0x00003212      0x58e pegasus_crt.a(fork.o)
 .debug_str     0x00003212       0xb1 pegasus_crt.a(strcmp.o)
 .debug_str     0x00003212      0x617 pegasus_crt.a(read.o)
 .debug_str     0x00003212      0x5de pegasus_crt.a(open.o)
 .debug_str     0x00003212      0x5db pegasus_crt.a(write.o)
 .debug_str     0x00003212      0x5a6 pegasus_crt.a(close.o)
 .debug_str     0x00003212      0x6e0 pegasus_crt.a(double_link_list.o)
 .debug_str     0x00003212      0x820 pegasus_crt.a(netdev.o)
 .debug_str     0x00003212      0x2f6 pegasus_crt.a(arp.o)
 .debug_str     0x00003212      0x1d8 pegasus_crt.a(skbuff.o)
 .debug_str     0x00003212      0x733 pegasus_crt.a(route.o)
 .debug_str     0x00003212      0x1b8 pegasus_crt.a(utils.o)
 .debug_str     0x00003212      0x607 pegasus_crt.a(forkexit.o)
 .debug_str     0x00003212      0x85d pegasus_crt.a(exec.o)
 .debug_str     0x00003212       0x99 pegasus_crt.a(perror.o)
 .debug_str     0x00003212      0x102 pegasus_crt.a(sscanf.o)
 .debug_str     0x00003212      0x101 pegasus_crt.a(ntohs.o)
 .debug_str     0x00003212       0xf4 pegasus_crt.a(htonl.o)
 .debug_str     0x00003212      0x102 pegasus_crt.a(htons.o)
 .debug_str     0x00003212      0x14c pegasus_crt.a(inet_pton.o)
 .debug_str     0x00003212       0xf3 pegasus_crt.a(ntohl.o)
 .debug_str     0x00003212      0x8ee pegasus_crt.a(my_process.o)
 .debug_str     0x00003212      0x98b pegasus_crt.a(ip_input.o)
 .debug_str     0x00003212      0xb1d pegasus_crt.a(tcp.o)
 .debug_str     0x00003212      0xcb0 pegasus_crt.a(tcp_sock.o)
 .debug_str     0x00003212      0x90a pegasus_crt.a(icmpv4.o)
 .debug_str     0x00003212      0xb7d pegasus_crt.a(tcp_input.o)
 .debug_str     0x00003212      0x93d pegasus_crt.a(udp.o)
 .debug_str     0x00003212      0xa39 pegasus_crt.a(tcp_data.o)
 .debug_str     0x00003212       0xad pegasus_crt.a(atoi.o)
 .debug_str     0x00003212       0xb9 pegasus_crt.a(strtok.o)
 .debug_str     0x00003212       0xc1 pegasus_crt.a(strpbrk.o)
 .debug_str     0x00003212      0x707 pegasus_crt.a(thread.o)
 .debug_str     0x00003212      0xa61 pegasus_crt.a(udp_sock.o)
 .debug_str     0x00003212      0x846 pegasus_crt.a(ip_output.o)
 .debug_str     0x00003212      0x8a6 pegasus_crt.a(sock.o)
 .debug_str     0x00003212      0xc0d pegasus_crt.a(tcp_output.o)
 .debug_str     0x00003212      0x712 pegasus_crt.a(dst.o)

.debug_loc
 *(.debug_loc)

.debug_macinfo
 *(.debug_macinfo)

.debug_weaknames
 *(.debug_weaknames)

.debug_funcnames
 *(.debug_funcnames)

.debug_typenames
 *(.debug_typenames)

.debug_varnames
 *(.debug_varnames)

.debug_pubtypes
 *(.debug_pubtypes)

.debug_ranges   0x00000000       0x90
 *(.debug_ranges)
 .debug_ranges  0x00000000       0x30 pegasus_crt.a(kernel_main_old.o)
 .debug_ranges  0x00000030       0x48 pegasus_crt.a(hd.o)
 .debug_ranges  0x00000078       0x18 pegasus_crt.a(exec.o)

.debug_addr
 *(.debug_addr)

.debug_line_str
 *(.debug_line_str)

.debug_loclists
 *(.debug_loclists)

.debug_macro
 *(.debug_macro)

.debug_names
 *(.debug_names)

.debug_rnglists
 *(.debug_rnglists)

.debug_str_offsets
 *(.debug_str_offsets)

.debug_sup
 *(.debug_sup)

.gnu.attributes
 *(.gnu.attributes)

/DISCARD/
 *(.note.GNU-stack)
 *(.gnu_debuglink)
 *(.gnu.lto_*)
OUTPUT(test elf32-i386)
