Archive member included to satisfy reference by file (symbol)

pegasus_crt.a(kernel_main_old.o)
                              test.o (Printf)
pegasus_crt.a(protect.o)      pegasus_crt.a(kernel_main_old.o) (InitInterruptDesc)
pegasus_crt.a(global.o)       pegasus_crt.a(protect.o) (proc_table)
pegasus_crt.a(console.o)      pegasus_crt.a(kernel_main_old.o) (out_char)
pegasus_crt.a(keyboard.o)     pegasus_crt.a(console.o) (keyboard_read)
pegasus_crt.a(process.o)      pegasus_crt.a(kernel_main_old.o) (schedule_process)
pegasus_crt.a(task_network.o)
                              pegasus_crt.a(global.o) (task_network)
pegasus_crt.a(hd.o)           pegasus_crt.a(global.o) (TaskHD)
pegasus_crt.a(fs_main.o)      pegasus_crt.a(global.o) (task_fs)
pegasus_crt.a(main.o)         pegasus_crt.a(global.o) (TaskMM)
pegasus_crt.a(mem.o)          pegasus_crt.a(kernel_main_old.o) (ptr_pde)
pegasus_crt.a(exec.o)         pegasus_crt.a(kernel_main_old.o) (execl)
pegasus_crt.a(exit.o)         start.o (exit)
pegasus_crt.a(wait.o)         pegasus_crt.a(kernel_main_old.o) (wait)
pegasus_crt.a(fork.o)         pegasus_crt.a(kernel_main_old.o) (fork)
pegasus_crt.a(strcmp.o)       pegasus_crt.a(fs_main.o) (strcmp)
pegasus_crt.a(read.o)         pegasus_crt.a(kernel_main_old.o) (read)
pegasus_crt.a(open.o)         pegasus_crt.a(kernel_main_old.o) (open)
pegasus_crt.a(write.o)        pegasus_crt.a(kernel_main_old.o) (write)
pegasus_crt.a(close.o)        pegasus_crt.a(kernel_main_old.o) (close)
pegasus_crt.a(kernel.o)       pegasus_crt.a(kernel_main_old.o) (disp_str)
pegasus_crt.a(switch_to.o)    pegasus_crt.a(process.o) (switch_to)
pegasus_crt.a(string.o)       pegasus_crt.a(kernel_main_old.o) (Memcpy2)
pegasus_crt.a(syscall.o)      pegasus_crt.a(kernel_main_old.o) (write_debug)
pegasus_crt.a(hd_rdwt.o)      pegasus_crt.a(hd.o) (read_port)
pegasus_crt.a(double_link_list.o)
                              pegasus_crt.a(mem.o) (initDoubleLinkList)
pegasus_crt.a(netdev.o)       pegasus_crt.a(task_network.o) (netdev_rx_loop)
pegasus_crt.a(arp.o)          pegasus_crt.a(netdev.o) (arp_rcv)
pegasus_crt.a(ipc.o)          pegasus_crt.a(task_network.o) (demux_ipc_socket_call)
pegasus_crt.a(utils.o)        pegasus_crt.a(arp.o) (print_err)
pegasus_crt.a(forkexit.o)     pegasus_crt.a(main.o) (do_fork)
pegasus_crt.a(exec.o)         pegasus_crt.a(main.o) (do_exec)
pegasus_crt.a(calloc.o)       pegasus_crt.a(ipc.o) (calloc)
pegasus_crt.a(alloca.o)       pegasus_crt.a(ipc.o) (alloca)
pegasus_crt.a(perror.o)       pegasus_crt.a(netdev.o) (perror)
pegasus_crt.a(sscanf.o)       pegasus_crt.a(netdev.o) (sscanf)
pegasus_crt.a(ntohs.o)        pegasus_crt.a(netdev.o) (ntohs)
pegasus_crt.a(htonl.o)        pegasus_crt.a(arp.o) (htonl)
pegasus_crt.a(htons.o)        pegasus_crt.a(netdev.o) (htons)
pegasus_crt.a(inet_pton.o)    pegasus_crt.a(netdev.o) (inet_pton)
pegasus_crt.a(ntohl.o)        pegasus_crt.a(netdev.o) (ntohl)
pegasus_crt.a(ne2000.o)       pegasus_crt.a(netdev.o) (DriverSend)
pegasus_crt.a(my_process.o)   pegasus_crt.a(forkexit.o) (fork_process)
pegasus_crt.a(skbuff.o)       pegasus_crt.a(netdev.o) (alloc_skb)
pegasus_crt.a(socket.o)       pegasus_crt.a(ipc.o) (_socket)
pegasus_crt.a(ip_input.o)     pegasus_crt.a(netdev.o) (ip_rcv)
pegasus_crt.a(tcp.o)          pegasus_crt.a(ip_input.o) (tcp_in)
pegasus_crt.a(icmpv4.o)       pegasus_crt.a(ip_input.o) (icmpv4_incoming)
pegasus_crt.a(ip_output.o)    pegasus_crt.a(icmpv4.o) (ip_output)
pegasus_crt.a(inet.o)         pegasus_crt.a(socket.o) (inet)
pegasus_crt.a(dst.o)          pegasus_crt.a(ip_output.o) (dst_neigh_output)
pegasus_crt.a(tcp_input.o)    pegasus_crt.a(tcp.o) (tcp_process)
pegasus_crt.a(udp.o)          pegasus_crt.a(ip_input.o) (udp_in)
pegasus_crt.a(tcp_data.o)     pegasus_crt.a(tcp_input.o) (tcp_data_dequeue)
pegasus_crt.a(floor.o)        pegasus_crt.a(alloca.o) (floor)
pegasus_crt.a(strtok.o)       pegasus_crt.a(inet_pton.o) (strtok)
pegasus_crt.a(strpbrk.o)      pegasus_crt.a(strtok.o) (strpbrk)
pegasus_crt.a(thread.o)       pegasus_crt.a(my_process.o) (thread_init)
pegasus_crt.a(udp_sock.o)     pegasus_crt.a(udp.o) (udp_lookup_sock)
pegasus_crt.a(tcp_sock.o)     pegasus_crt.a(tcp_input.o) (tcp_established_or_syn_recvd_socks_enqueue)
pegasus_crt.a(sock.o)         pegasus_crt.a(inet.o) (sk_alloc)
pegasus_crt.a(tcp_output.o)   pegasus_crt.a(tcp_input.o) (tcp_send_synack)
pegasus_crt.a(route.o)        pegasus_crt.a(ip_output.o) (route_lookup)

Merging program properties

Removed property 0xc0010001 to merge test.o (0x1) and start.o (not found)
Removed property 0xc0010002 to merge test.o (0x0) and start.o (not found)
Removed property 0xc0010001 to merge test.o (not found) and pegasus_crt.a(kernel_main_old.o) (0x1)
Removed property 0xc0010002 to merge test.o (not found) and pegasus_crt.a(kernel_main_old.o) (0x1)
Removed property 0xc0010001 to merge test.o (not found) and pegasus_crt.a(protect.o) (0x1)
Removed property 0xc0010002 to merge test.o (not found) and pegasus_crt.a(protect.o) (0x0)
[...]
Memory Configuration

Name             Origin             Length             Attributes
*default*        0x00000000         0xffffffff

Linker script and memory map

Address of section .text set to 0xb0800000
LOAD test.o
LOAD start.o
LOAD pegasus_crt.a
                [!provide]                        PROVIDE (__executable_start = SEGMENT_START ("text-segment", 0x8048000))
                0x080480d4                        . = (SEGMENT_START ("text-segment", 0x8048000) + SIZEOF_HEADERS)

.interp
 *(.interp)

.note.gnu.build-id
 *(.note.gnu.build-id)

.hash
 *(.hash)

.gnu.hash
 *(.gnu.hash)

.dynsym
 *(.dynsym)

.dynstr
 *(.dynstr)

.gnu.version
 *(.gnu.version)

.gnu.version_d
 *(.gnu.version_d)

.gnu.version_r
 *(.gnu.version_r)

.rel.dyn        0x080480d4        0x0
 *(.rel.init)
 *(.rel.text .rel.text.* .rel.gnu.linkonce.t.*)
 .rel.text      0x080480d4        0x0 test.o
 *(.rel.fini)
 *(.rel.rodata .rel.rodata.* .rel.gnu.linkonce.r.*)
 *(.rel.data.rel.ro .rel.data.rel.ro.* .rel.gnu.linkonce.d.rel.ro.*)
 *(.rel.data .rel.data.* .rel.gnu.linkonce.d.*)
 *(.rel.tdata .rel.tdata.* .rel.gnu.linkonce.td.*)
 *(.rel.tbss .rel.tbss.* .rel.gnu.linkonce.tb.*)
 *(.rel.ctors)
 *(.rel.dtors)
 *(.rel.got)
 .rel.got       0x080480d4        0x0 test.o
 *(.rel.bss .rel.bss.* .rel.gnu.linkonce.b.*)
 *(.rel.ifunc)

.rel.plt        0x080480d4        0x0
 *(.rel.plt)
                [!provide]                        PROVIDE (__rel_iplt_start = .)
 *(.rel.iplt)
 .rel.iplt      0x080480d4        0x0 test.o
                [!provide]                        PROVIDE (__rel_iplt_end = .)

.relr.dyn
 *(.relr.dyn)
                0x08049000                        . = ALIGN (CONSTANT (MAXPAGESIZE))

.init
 *(SORT_NONE(.init))

.plt            0x08049000        0x0
 *(.plt)
 *(.iplt)
 .iplt          0x08049000        0x0 test.o

.plt.got
 *(.plt.got)

.plt.sec
 *(.plt.sec)

.text           0xb0800000    0x1177b
 *(.text.unlikely .text.*_unlikely .text.unlikely.*)
 *(.text.exit .text.exit.*)
 *(.text.startup .text.startup.*)
 *(.text.hot .text.hot.*)
 *(SORT_BY_NAME(.text.sorted.*))
 *(.text .stub .text.* .gnu.linkonce.t.*)
 .text          0xb0800000       0x3e test.o
                0xb0800000                main
 *fill*         0xb080003e        0x2 
 .text          0xb0800040       0x15 start.o
                0xb0800040                _start
 .text          0xb0800055     0x2d79 pegasus_crt.a(kernel_main_old.o)
                0xb0800055                stop_here
                0xb0800099                catch_error
                0xb08000b6                intr_enable
                0xb08000df                intr_disable
                0xb0800108                intr_set_status
                0xb0800126                intr_get_status
                0xb0800143                Memcpy
                0xb0800176                untar
                0xb080048b                atoi
                0xb0800531                disp_int
                0xb080055a                do_page_fault
                0xb0800697                exception_handler
                0xb080087e                init_internal_interrupt
                0xb08009f3                spurious_irq
                0xb0800a81                init_keyboard
                0xb0800ac4                TestTTY
                0xb0800b63                TestReadReturnValue
                0xb0800be0                TestWriteReturnValue
                0xb0800cb4                TestFS2
                0xb0800cc2                TestFS
                0xb0801164                wait_exit
                0xb0801262                INIT_fork
                0xb080155a                simple_shell
                0xb08016e1                test_shell
                0xb0801749                test_exec
                0xb0801889                INIT
                0xb0801896                TestA
                0xb08018cb                delay
                0xb080190f                TestB
                0xb0801927                TestC
                0xb080195a                sys_get_ticks
                0xb080196a                sys_write
                0xb08019be                milli_delay
                0xb08019fa                TaskSys
                0xb08019ff                Printf
                0xb0801a5d                sprintf
                0xb0801a89                vsprintf
                0xb0801c35                printx
                0xb0801c78                sys_printx
                0xb0801d44                spin
                0xb0801d6a                panic
                0xb0801d88                assertion_failure
                0xb0801dfa                assertion_failure2
                0xb0801e6f                dead_lock
                0xb0801e79                sys_send_msg
                0xb0802398                sys_receive_msg
                0xb08029f8                send_rec
                0xb0802af3                block
                0xb0802b2f                unblock
                0xb0802b7f                get_ticks_ipc
                0xb0802bd6                itoa
                0xb0802c2c                i2a
                0xb0802c92                inform_int
                0xb0802d5f                deprecate_strcmp
 .text          0xb0802dce      0x3b3 pegasus_crt.a(protect.o)
                0xb0802dce                InitDescriptor
                0xb0802e3b                Seg2PhyAddr
                0xb0802e7c                Seg2PhyAddrLDT
                0xb0802ec0                VirAddr2PhyAddr
                0xb0802ed6                v2l
                0xb0802f19                init_propt
                0xb080309a                InitInterruptDesc
                0xb08030f6                ReloadGDT
 .text          0xb0803181        0x0 pegasus_crt.a(global.o)
 .text          0xb0803181      0xaca pegasus_crt.a(console.o)
                0xb0803181                select_console
                0xb08031bd                flush
                0xb08031f6                set_cursor
                0xb0803254                set_console_start_video_addr
                0xb08032b2                put_key
                0xb080331e                scroll_up
                0xb0803360                scroll_down
                0xb08033cb                out_char
                0xb0803588                tty_dev_read
                0xb08035b2                tty_dev_write
                0xb08037df                tty_do_read
                0xb08038a7                tty_do_write
                0xb0803a0a                init_screen
                0xb0803a93                init_tty
                0xb0803b48                TaskTTY
 .text          0xb0803c4b      0x40f pegasus_crt.a(keyboard.o)
                0xb0803c4b                keyboard_handler
                0xb0803ccf                read_from_keyboard_buf
                0xb0803d35                keyboard_read
                0xb0803eb4                init_keyboard_handler
                0xb0803ec8                in_process
 .text          0xb080405a      0x21b pegasus_crt.a(process.o)
                0xb080405a                schedule_process
                0xb0804167                clock_handler
                0xb08041d8                pid2proc
                0xb080425e                proc2pid
 .text          0xb0804275       0xf6 pegasus_crt.a(task_network.o)
                0xb0804275                task_network
                0xb080435d                task_netdev_rx
 .text          0xb080436b      0xe63 pegasus_crt.a(hd.o)
                0xb080436b                TaskHD
                0xb08043b0                init_hd
                0xb08043ca                hd_handle
                0xb08044cf                hd_cmd_out
                0xb08045d1                hd_identify
                0xb0804688                print_hdinfo
                0xb0804816                print_dpt_entry
                0xb0804882                get_partition_table
                0xb0804961                partition
                0xb0804b7b                hd_open
                0xb0804c22                get_hd_ioctl
                0xb0804cd3                wait_for
                0xb0804d04                interrupt_wait
                0xb0804d54                hd_rdwt
                0xb0804ff3                hd_handler
                0xb080501f                debug_ticks
                0xb080505d                net_handler
                0xb0805065                waitfor
                0xb08050a9                print_hd_info
                0xb0805196                is_empty
 .text          0xb08051ce     0x204f pegasus_crt.a(fs_main.o)
                0xb08051ce                task_fs
                0xb08053d9                rd_wt
                0xb08054b2                mkfs
                0xb0805a94                init_fs
                0xb0805ae8                do_open
                0xb0805cd7                search_file
                0xb0805e09                strip_path
                0xb0805ed5                get_inode
                0xb0806097                create_file
                0xb08061a2                alloc_imap_bit
                0xb080629f                alloc_smap_bit
                0xb0806440                new_inode
                0xb080655e                new_dir_entry
                0xb080676a                do_unlink
                0xb0806c46                do_rdwt
                0xb0806fd1                sync_inode
                0xb0807125                put_inode
                0xb0807163                do_close
                0xb08071b5                get_super_block
 .text          0xb080721d      0x148 pegasus_crt.a(main.o)
                0xb080721d                TaskMM
                0xb0807346                alloc_mem
 .text          0xb0807365     0x1275 pegasus_crt.a(mem.o)
                0xb0807365                init_bitmap
                0xb0807388                test_bit_val
                0xb08073f1                set_bit_val
                0xb080746c                set_bits
                0xb08074a6                get_first_free_bit
                0xb08074ea                get_bits
                0xb08075b2                get_a_page
                0xb0807666                get_virtual_address_start_with_addr
                0xb0807700                get_virtual_address
                0xb0807790                ptr_pde
                0xb08077a3                ptr_pte
                0xb08077ca                add_map_entry
                0xb080785b                alloc_virtual_memory
                0xb080792e                get_physical_address_proc
                0xb08079aa                get_physical_address
                0xb08079dc                alloc_physical_memory_of_proc
                0xb0807acb                alloc_physical_memory
                0xb0807b93                alloc_memory
                0xb0807bf5                get_a_virtual_page
                0xb0807c2d                block2arena
                0xb0807c43                sys_malloc2
                0xb0807ef9                remove_map_entry
                0xb0807f1a                free_a_page
                0xb0807fc1                sys_free2
                0xb0808149                init_memory_block_desc
                0xb080821a                init_memory2
                0xb0808491                init_memory
 .text          0xb08085da      0x285 pegasus_crt.a(exec.o)
                0xb08085da                exec
                0xb080864b                execv
                0xb080883a                execl
 .text          0xb080885f       0x2f pegasus_crt.a(exit.o)
                0xb080885f                exit
 .text          0xb080888e       0x44 pegasus_crt.a(wait.o)
                0xb080888e                wait
 .text          0xb08088d2       0x48 pegasus_crt.a(fork.o)
                0xb08088d2                fork
 .text          0xb080891a       0x8e pegasus_crt.a(strcmp.o)
                0xb080891a                strcmp
 .text          0xb08089a8      0x181 pegasus_crt.a(read.o)
                0xb08089a8                read
 .text          0xb0808b29       0x95 pegasus_crt.a(open.o)
                0xb0808b29                open
 .text          0xb0808bbe       0x85 pegasus_crt.a(write.o)
                0xb0808bbe                write
 .text          0xb0808c43       0x52 pegasus_crt.a(close.o)
                0xb0808c43                close
 *fill*         0xb0808c95        0xb 
 .text          0xb0808ca0      0x3d7 pegasus_crt.a(kernel.o)
                0xb0808ca0                InterruptTest
                0xb0808cac                disp_str_len
                0xb0808cf9                disp_str
                0xb0808d34                disp_str_colour
                0xb0808d70                divide_zero_fault
                0xb0808d76                single_step_fault
                0xb0808d7c                non_maskable_interrupt
                0xb0808d82                breakpoint_trap
                0xb0808d88                overflow_trap
                0xb0808d8e                bound_range_exceeded_fault
                0xb0808d94                invalid_opcode_fault
                0xb0808d9a                coprocessor_not_available_fault
                0xb0808da0                double_fault_exception_abort
                0xb0808da4                coprocessor_segment_overrun
                0xb0808daa                invalid_task_state_segment_fault
                0xb0808dae                segment_not_present_fault
                0xb0808db2                stack_exception_fault
                0xb0808db6                general_protection_exception_fault
                0xb0808dc1                page_fault
                0xb0808dc5                coprocessor_error_fault
                0xb0808dcb                align_check_fault
                0xb0808dcf                simd_float_exception_fault
                0xb0808dde                hwint0
                0xb0808e0e                hwint1
                0xb0808e51                hwint14
                0xb0808e97                hwint10
                0xb0808eda                sys_call
                0xb0808f20                fork_restart
                0xb0808f2f                restart
                0xb0808f52                in_byte
                0xb0808f5e                out_byte
                0xb0808f80                disable_int
                0xb0808f82                enable_int
                0xb0809018                enable_8259A_casecade_irq
                0xb0809022                disable_8259A_casecade_irq
                0xb080902c                enable_8259A_slave_winchester_irq
                0xb0809036                disable_8259A_slave_winchester_irq
                0xb0809040                update_cr3
                0xb080904d                update_tss
                0xb080905c                get_running_thread_pcb
                0xb0809064                sys_call_test
                0xb0809067                enable_8259A_slave_net_irq
 *fill*         0xb0809077        0x9 
 .text          0xb0809080       0x15 pegasus_crt.a(switch_to.o)
                0xb0809080                switch_to
 *fill*         0xb0809095        0xb 
 .text          0xb08090a0       0x69 pegasus_crt.a(syscall.o)
                0xb08090a0                write_debug
                0xb08090b0                send_msg
                0xb08090c6                receive_msg
                0xb08090dc                sys_malloc
                0xb08090f1                sys_free
 .text          0xb0809109      0x329 pegasus_crt.a(double_link_list.o)
                0xb0809109                initDoubleLinkList
                0xb0809137                isListEmpty
                0xb0809158                findElementInList
                0xb0809234                appendToDoubleLinkList
                0xb080931b                insertToDoubleLinkList
                0xb080939e                popFromDoubleLinkList
 .text          0xb0809432      0x37e pegasus_crt.a(netdev.o)
                0xb0809544                netdev_init
                0xb080958b                netdev_transmit
                0xb08096bb                netdev_rx_loop
                0xb080972b                netdev_get
                0xb0809748                free_netdev
                0xb0809773                local_ipaddress
 .text          0xb08097b0      0x6dc pegasus_crt.a(arp.o)
                0xb080997d                arp_init
                0xb0809983                arp_rcv
                0xb0809b35                arp_request
                0xb0809c9f                arp_reply
                0xb0809def                arp_get_hwaddr
                0xb0809e3b                free_arp
 .text          0xb0809e8c      0xcf0 pegasus_crt.a(ipc.o)
                0xb080aa18                ipc_close
                0xb080aa69                demux_ipc_socket_call
 .text          0xb080ab7c      0x1e7 pegasus_crt.a(utils.o)
                0xb080ab7c                run_cmd
                0xb080ab89                print_err
                0xb080aba0                parse_ipv4_string
                0xb080abff                ip_pton
                0xb080ac47                sum_every_16bits
                0xb080ac9e                checksum
                0xb080acdf                tcp_udp_checksum
 .text          0xb080ad63      0x271 pegasus_crt.a(forkexit.o)
                0xb080ad63                do_fork
                0xb080add1                do_exit
                0xb080ae5b                do_wait
                0xb080af7a                cleanup
 .text          0xb080afd4      0x419 pegasus_crt.a(exec.o)
                0xb080afd4                do_exec
 .text          0xb080b3ed       0x46 pegasus_crt.a(calloc.o)
                0xb080b3ed                calloc
 .text          0xb080b433       0x4f pegasus_crt.a(alloca.o)
                0xb080b433                alloca
 .text          0xb080b482       0x17 pegasus_crt.a(perror.o)
                0xb080b482                perror
 .text          0xb080b499      0x2c1 pegasus_crt.a(sscanf.o)
                0xb080b499                sscanf
 .text          0xb080b75a       0x38 pegasus_crt.a(ntohs.o)
                0xb080b75a                ntohs
 .text          0xb080b792       0x7c pegasus_crt.a(htonl.o)
                0xb080b792                htonl
 .text          0xb080b80e       0x38 pegasus_crt.a(htons.o)
                0xb080b80e                htons
 .text          0xb080b846      0x295 pegasus_crt.a(inet_pton.o)
                0xb080b846                isValidIPv4
                0xb080b9d0                inet_pton
 .text          0xb080badb       0x7c pegasus_crt.a(ntohl.o)
                0xb080badb                ntohl
 *fill*         0xb080bb57        0x9 
 .text          0xb080bb60      0x25b pegasus_crt.a(ne2000.o)
                0xb080bb83                DriverInitialize
                0xb080bc0d                SetPageStart
                0xb080bc35                DriverSend
                0xb080bcaa                PCtoNIC
                0xb080bd18                get_interrupt_status
                0xb080bd2e                set_interrupt_status
                0xb080bd47                get_curr_page
                0xb080bd64                NICtoPC
 .text          0xb080bdbb      0x730 pegasus_crt.a(my_process.o)
                0xb080bdbb                create_user_process_address_space
                0xb080be4b                user_process
                0xb080bf78                clone_pcb
                0xb080c0ea                build_body_stack
                0xb080c21d                build_process_kernel_stack
                0xb080c2e0                fork_process
                0xb080c371                process_execute
 .text          0xb080c4eb      0x12e pegasus_crt.a(skbuff.o)
                0xb080c504                alloc_skb
                0xb080c595                free_skb
                0xb080c59b                skb_reserve
                0xb080c5b7                skb_push
                0xb080c5e6                skb_head
                0xb080c5f1                skb_reset_header
 .text          0xb080c619      0x66c pegasus_crt.a(socket.o)
                0xb080c6c9                test
                0xb080c725                socket_debug
                0xb080c786                free_socket
                0xb080c842                _socket
                0xb080c901                _bind
                0xb080c954                _connect
                0xb080c9a6                _write
                0xb080c9fd                _read
                0xb080ca54                _recvfrom
                0xb080ca95                _sendto
                0xb080caec                _close
                0xb080cb6b                _listen
                0xb080cbd1                _accept
 .text          0xb080cc85      0x2da pegasus_crt.a(ip_input.o)
                0xb080ce0f                ip_rcv
 .text          0xb080cf5f      0x448 pegasus_crt.a(tcp.o)
                0xb080d154                tcp_in
                0xb080d208                tcp_checksum
                0xb080d234                __tcp_set_state
                0xb080d243                tcp_generate_port
                0xb080d28c                tcp_generate_isn
                0xb080d296                tcp_done
                0xb080d2bf                tcp_clear_timers
                0xb080d2ce                tcp_stop_retransmission_timer
                0xb080d2e7                tcp_release_retransmission_timer
                0xb080d300                tcp_stop_delack_timer
                0xb080d313                tcp_release_delack_timer
                0xb080d326                tcp_handle_fin_state
                0xb080d38b                tcp_enter_time_wait
 .text          0xb080d3a7      0x234 pegasus_crt.a(icmpv4.o)
                0xb080d3b5                icmpv4_incoming
                0xb080d429                icmpv4_reply
                0xb080d502                icmpv4_timestamp
 .text          0xb080d5db      0x1d3 pegasus_crt.a(ip_output.o)
                0xb080d5e9                ip_output
 .text          0xb080d7ae      0x429 pegasus_crt.a(inet.o)
                0xb080d7ae                inet_create
                0xb080d85e                inet_socket
                0xb080d868                inet_connect
                0xb080d8bc                inet_write
                0xb080d8e8                inet_read
                0xb080d914                inet_close
                0xb080d963                inet_free
                0xb080d999                inet_bind
                0xb080daa2                inet_listen
                0xb080daeb                inet_accept
                0xb080db96                inet_sendto
                0xb080dbc1                inet_recvfrom
 .text          0xb080dbd7       0xd8 pegasus_crt.a(dst.o)
                0xb080dbe5                dst_neigh_output
 .text          0xb080dcaf      0xb6f pegasus_crt.a(tcp_input.o)
                0xb080e396                tcp_process
                0xb080e75c                tcp_receive
 .text          0xb080e81e      0x3e0 pegasus_crt.a(udp.o)
                0xb080e929                udp_generate_port
                0xb080e972                udp_checksum
                0xb080ea40                udp_in
                0xb080ead1                udp_data_dequeue
                0xb080ebd9                udp_data_enqueue
 .text          0xb080ebfe      0x54a pegasus_crt.a(tcp_data.o)
                0xb080eee9                tcp_data_dequeue
                0xb080f016                tcp_data_queue
 .text          0xb080f148       0x49 pegasus_crt.a(floor.o)
                0xb080f148                floor
 .text          0xb080f191       0x85 pegasus_crt.a(strtok.o)
                0xb080f191                strtok
 .text          0xb080f216       0x90 pegasus_crt.a(strpbrk.o)
                0xb080f216                strpbrk
 .text          0xb080f2a6      0x1b2 pegasus_crt.a(thread.o)
                0xb080f2a6                kernel_thread
                0xb080f2be                thread_init
                0xb080f36b                thread_create
                0xb080f3a0                thread_start
 .text          0xb080f458      0x8bc pegasus_crt.a(udp_sock.o)
                0xb080f685                udp_lookup_sock
                0xb080f6cc                udp_init
                0xb080f6fd                udp_close
                0xb080f723                udp_sock_init
                0xb080f72d                udp_recvfrom
                0xb080f7c6                udp_connect
                0xb080f89f                udp_write
                0xb080f8cb                udp_alloc_skb
                0xb080f915                udp_sendto
                0xb080fa09                udp_send
                0xb080fb47                udp_alloc_sock
                0xb080fb88                udp_free_sock
                0xb080fbac                udp_read
 .text          0xb080fd14      0xa16 pegasus_crt.a(tcp_sock.o)
                0xb080ffc2                tcp_established_or_syn_recvd_socks_enqueue
                0xb080ffd9                tcp_established_or_syn_recvd_socks_remove
                0xb080ffeb                tcp_connecting_or_listening_socks_enqueue
                0xb0810002                tcp_connecting_or_listening_socks_remove
                0xb0810014                tcp_alloc_sock
                0xb081012a                tcp_free_sock
                0xb08101a3                tcp_init
                0xb08101ad                tcp_sock_init
                0xb0810250                tcp_write
                0xb0810291                tcp_read
                0xb0810344                tcp_close
                0xb0810402                tcp_recv_notify
                0xb081042d                tcp_v4_connect
                0xb081067d                tcp_lookup_sock
 .text          0xb081072a      0x203 pegasus_crt.a(sock.o)
                0xb081085c                sk_alloc
                0xb0810883                sk_init
                0xb08108d7                sk_init_with_socket
                0xb0810900                sk_free
 .text          0xb081092d      0xbb9 pegasus_crt.a(tcp_output.o)
                0xb0810dee                tcp_send_synack
                0xb0810e91                tcp_send_delack
                0xb0810ecc                tcp_send_ack
                0xb0811018                tcp_send_fin
                0xb081108d                tcp_select_initial_window
                0xb081123f                tcp_reset_retransmission_timer
                0xb081125c                tcp_begin_connect
                0xb0811306                tcp_send
                0xb08113eb                tcp_send_reset
                0xb081146b                tcp_queue_fin
 .text          0xb08114e6      0x295 pegasus_crt.a(route.o)
                0xb0811613                route_add
                0xb0811658                route_init
                0xb08116df                route_lookup
                0xb081172a                free_routes
 *(.gnu.warning)

.fini
 *(SORT_NONE(.fini))
                [!provide]                        PROVIDE (__etext = .)
                [!provide]                        PROVIDE (_etext = .)
                [!provide]                        PROVIDE (etext = .)
                0xb0812000                        . = ALIGN (CONSTANT (MAXPAGESIZE))
                0xb0812000                        . = SEGMENT_START ("rodata-segment", (ALIGN (CONSTANT (MAXPAGESIZE)) + (. & (CONSTANT (MAXPAGESIZE) - 0x1))))

.rodata         0xb0812000     0x1a07
 *(.rodata .rodata.* .gnu.linkonce.r.*)
 .rodata        0xb0812000       0x10 test.o
 *fill*         0xb0812010       0x10 
 .rodata        0xb0812020      0xb75 pegasus_crt.a(kernel_main_old.o)
 .rodata        0xb0812b95       0x22 pegasus_crt.a(console.o)
 .rodata        0xb0812bb7       0x26 pegasus_crt.a(process.o)
 *fill*         0xb0812bdd        0x3 
 .rodata        0xb0812be0       0x3f pegasus_crt.a(task_network.o)
 *fill*         0xb0812c1f        0x1 
 .rodata        0xb0812c20      0x19c pegasus_crt.a(hd.o)
 .rodata        0xb0812dbc      0x1eb pegasus_crt.a(fs_main.o)
                0xb0812dbc                FSBUF_SIZE
 .rodata        0xb0812fa7       0x11 pegasus_crt.a(main.o)
 .rodata        0xb0812fb8       0x41 pegasus_crt.a(mem.o)
 .rodata        0xb0812ff9       0x2d pegasus_crt.a(exec.o)
 .rodata        0xb0813026       0x2a pegasus_crt.a(close.o)
 .rodata        0xb0813050       0x2c pegasus_crt.a(double_link_list.o)
 .rodata        0xb081307c       0xa9 pegasus_crt.a(netdev.o)
 *fill*         0xb0813125        0x3 
 .rodata        0xb0813128       0x9c pegasus_crt.a(arp.o)
 .rodata        0xb08131c4      0x160 pegasus_crt.a(ipc.o)
 .rodata        0xb0813324       0x41 pegasus_crt.a(utils.o)
 .rodata        0xb0813365       0x21 pegasus_crt.a(forkexit.o)
 .rodata        0xb0813386       0x10 pegasus_crt.a(exec.o)
 .rodata        0xb0813396        0x3 pegasus_crt.a(inet_pton.o)
 .rodata        0xb0813399        0x9 pegasus_crt.a(skbuff.o)
 *fill*         0xb08133a2        0x2 
 .rodata        0xb08133a4      0x23d pegasus_crt.a(socket.o)
 *fill*         0xb08135e1        0x3 
 .rodata        0xb08135e4       0xb5 pegasus_crt.a(ip_input.o)
 *fill*         0xb0813699        0x3 
 .rodata        0xb081369c       0x31 pegasus_crt.a(tcp.o)
 *fill*         0xb08136cd        0x3 
 .rodata        0xb08136d0       0x32 pegasus_crt.a(icmpv4.o)
 .rodata        0xb0813702        0x9 pegasus_crt.a(ip_output.o)
 *fill*         0xb081370b        0x1 
 .rodata        0xb081370c       0x48 pegasus_crt.a(inet.o)
 .rodata        0xb0813754        0x9 pegasus_crt.a(dst.o)
 *fill*         0xb081375d        0x3 
 .rodata        0xb0813760       0x60 pegasus_crt.a(tcp_input.o)
 .rodata        0xb08137c0        0x9 pegasus_crt.a(udp.o)
 .rodata        0xb08137c9       0x1e pegasus_crt.a(tcp_data.o)
 *fill*         0xb08137e7        0x1 
 .rodata        0xb08137e8       0x2d pegasus_crt.a(udp_sock.o)
 *fill*         0xb0813815        0x3 
 .rodata        0xb0813818       0xe8 pegasus_crt.a(tcp_sock.o)
 .rodata        0xb0813900        0x9 pegasus_crt.a(sock.o)
 *fill*         0xb0813909        0x3 
 .rodata        0xb081390c       0xc3 pegasus_crt.a(tcp_output.o)
 *fill*         0xb08139cf        0x1 
 .rodata        0xb08139d0       0x37 pegasus_crt.a(route.o)

.txt            0xb0813a07       0xaa
 .txt           0xb0813a07       0x82 pegasus_crt.a(string.o)
                0xb0813a07                Memcpy2
                0xb0813a35                Memset
                0xb0813a54                Strcpy
                0xb0813a6e                Strlen
 .txt           0xb0813a89       0x28 pegasus_crt.a(hd_rdwt.o)
                0xb0813a89                read_port
                0xb0813a9d                write_port

.rodata1
 *(.rodata1)

.eh_frame_hdr
 *(.eh_frame_hdr)
 *(.eh_frame_entry .eh_frame_entry.*)

.eh_frame       0xb0813ab4     0x3f8c
 *(.eh_frame)
 .eh_frame      0xb0813ab4       0x44 test.o
 .eh_frame      0xb0813af8      0x6cc pegasus_crt.a(kernel_main_old.o)
                                0x6e4 (size before relaxing)
 .eh_frame      0xb08141c4      0x100 pegasus_crt.a(protect.o)
                                0x118 (size before relaxing)
 .eh_frame      0xb08142c4      0x1e0 pegasus_crt.a(console.o)
                                0x1f8 (size before relaxing)
 .eh_frame      0xb08144a4       0xa0 pegasus_crt.a(keyboard.o)
                                 0xb8 (size before relaxing)
 .eh_frame      0xb0814544       0x80 pegasus_crt.a(process.o)
                                 0x98 (size before relaxing)
 .eh_frame      0xb08145c4       0x40 pegasus_crt.a(task_network.o)
                                 0x58 (size before relaxing)
 .eh_frame      0xb0814604      0x284 pegasus_crt.a(hd.o)
                                0x29c (size before relaxing)
 .eh_frame      0xb0814888      0x27c pegasus_crt.a(fs_main.o)
                                0x294 (size before relaxing)
 .eh_frame      0xb0814b04       0x3c pegasus_crt.a(main.o)
                                 0x54 (size before relaxing)
 .eh_frame      0xb0814b40      0x364 pegasus_crt.a(mem.o)
                                0x37c (size before relaxing)
 .eh_frame      0xb0814ea4       0x60 pegasus_crt.a(exec.o)
                                 0x78 (size before relaxing)
 .eh_frame      0xb0814f04       0x20 pegasus_crt.a(exit.o)
                                 0x38 (size before relaxing)
 .eh_frame      0xb0814f24       0x20 pegasus_crt.a(wait.o)
                                 0x38 (size before relaxing)
 .eh_frame      0xb0814f44       0x20 pegasus_crt.a(fork.o)
                                 0x38 (size before relaxing)
 .eh_frame      0xb0814f64       0x20 pegasus_crt.a(strcmp.o)
                                 0x38 (size before relaxing)
 .eh_frame      0xb0814f84       0x20 pegasus_crt.a(read.o)
                                 0x38 (size before relaxing)
 .eh_frame      0xb0814fa4       0x20 pegasus_crt.a(open.o)
                                 0x38 (size before relaxing)
 .eh_frame      0xb0814fc4       0x20 pegasus_crt.a(write.o)
                                 0x38 (size before relaxing)
 .eh_frame      0xb0814fe4       0x20 pegasus_crt.a(close.o)
                                 0x38 (size before relaxing)
 .eh_frame      0xb0815004       0xc0 pegasus_crt.a(double_link_list.o)
                                 0xd8 (size before relaxing)
 .eh_frame      0xb08150c4      0x14c pegasus_crt.a(netdev.o)
                                0x164 (size before relaxing)
 .eh_frame      0xb0815210      0x1c0 pegasus_crt.a(arp.o)
                                0x1d8 (size before relaxing)
 .eh_frame      0xb08153d0      0x250 pegasus_crt.a(ipc.o)
                                0x268 (size before relaxing)
 .eh_frame      0xb0815620       0xe4 pegasus_crt.a(utils.o)
                                 0xfc (size before relaxing)
 .eh_frame      0xb0815704       0x80 pegasus_crt.a(forkexit.o)
                                 0x98 (size before relaxing)
 .eh_frame      0xb0815784       0x20 pegasus_crt.a(exec.o)
                                 0x38 (size before relaxing)
 .eh_frame      0xb08157a4       0x20 pegasus_crt.a(calloc.o)
                                 0x38 (size before relaxing)
 .eh_frame      0xb08157c4       0x20 pegasus_crt.a(alloca.o)
                                 0x38 (size before relaxing)
 .eh_frame      0xb08157e4       0x20 pegasus_crt.a(perror.o)
                                 0x38 (size before relaxing)
 .eh_frame      0xb0815804       0x20 pegasus_crt.a(sscanf.o)
                                 0x38 (size before relaxing)
 .eh_frame      0xb0815824       0x20 pegasus_crt.a(ntohs.o)
                                 0x38 (size before relaxing)
 .eh_frame      0xb0815844       0x20 pegasus_crt.a(htonl.o)
                                 0x38 (size before relaxing)
 .eh_frame      0xb0815864       0x20 pegasus_crt.a(htons.o)
                                 0x38 (size before relaxing)
 .eh_frame      0xb0815884       0x40 pegasus_crt.a(inet_pton.o)
                                 0x58 (size before relaxing)
 .eh_frame      0xb08158c4       0x20 pegasus_crt.a(ntohl.o)
                                 0x38 (size before relaxing)
 .eh_frame      0xb08158e4       0xe0 pegasus_crt.a(my_process.o)
                                 0xf8 (size before relaxing)
 .eh_frame      0xb08159c4       0xe0 pegasus_crt.a(skbuff.o)
                                 0xf8 (size before relaxing)
 .eh_frame      0xb0815aa4      0x2a0 pegasus_crt.a(socket.o)
                                0x2b8 (size before relaxing)
 .eh_frame      0xb0815d44      0x104 pegasus_crt.a(ip_input.o)
                                0x11c (size before relaxing)
 .eh_frame      0xb0815e48      0x268 pegasus_crt.a(tcp.o)
                                0x280 (size before relaxing)
 .eh_frame      0xb08160b0       0x80 pegasus_crt.a(icmpv4.o)
                                 0x98 (size before relaxing)
 .eh_frame      0xb0816130       0x40 pegasus_crt.a(ip_output.o)
                                 0x58 (size before relaxing)
 .eh_frame      0xb0816170      0x180 pegasus_crt.a(inet.o)
                                0x198 (size before relaxing)
 .eh_frame      0xb08162f0       0x40 pegasus_crt.a(dst.o)
                                 0x58 (size before relaxing)
 .eh_frame      0xb0816330      0x300 pegasus_crt.a(tcp_input.o)
                                0x318 (size before relaxing)
 .eh_frame      0xb0816630      0x1e4 pegasus_crt.a(udp.o)
                                0x1fc (size before relaxing)
 .eh_frame      0xb0816814      0x200 pegasus_crt.a(tcp_data.o)
                                0x218 (size before relaxing)
 .eh_frame      0xb0816a14       0x20 pegasus_crt.a(floor.o)
                                 0x38 (size before relaxing)
 .eh_frame      0xb0816a34       0x20 pegasus_crt.a(strtok.o)
                                 0x38 (size before relaxing)
 .eh_frame      0xb0816a54       0x20 pegasus_crt.a(strpbrk.o)
                                 0x38 (size before relaxing)
 .eh_frame      0xb0816a74       0x80 pegasus_crt.a(thread.o)
                                 0x98 (size before relaxing)
 .eh_frame      0xb0816af4      0x404 pegasus_crt.a(udp_sock.o)
                                0x41c (size before relaxing)
 .eh_frame      0xb0816ef8      0x4c0 pegasus_crt.a(tcp_sock.o)
                                0x4d8 (size before relaxing)
 .eh_frame      0xb08173b8      0x1a0 pegasus_crt.a(sock.o)
                                0x1b8 (size before relaxing)
 .eh_frame      0xb0817558      0x3c4 pegasus_crt.a(tcp_output.o)
                                0x3dc (size before relaxing)
 .eh_frame      0xb081791c      0x124 pegasus_crt.a(route.o)
                                0x13c (size before relaxing)
 *(.eh_frame.*)

.sframe
 *(.sframe)
 *(.sframe.*)

.gcc_except_table
 *(.gcc_except_table .gcc_except_table.*)

.gnu_extab
 *(.gnu_extab*)

.exception_ranges
 *(.exception_ranges*)
                0xb0818000                        . = DATA_SEGMENT_ALIGN (CONSTANT (MAXPAGESIZE), CONSTANT (COMMONPAGESIZE))

.eh_frame
 *(.eh_frame)
 *(.eh_frame.*)

.sframe
 *(.sframe)
 *(.sframe.*)

.gnu_extab
 *(.gnu_extab)

.gcc_except_table
 *(.gcc_except_table .gcc_except_table.*)

.exception_ranges
 *(.exception_ranges*)

.tdata          0xb0818000        0x0
                [!provide]                        PROVIDE (__tdata_start = .)
 *(.tdata .tdata.* .gnu.linkonce.td.*)

.tbss
 *(.tbss .tbss.* .gnu.linkonce.tb.*)
 *(.tcommon)

.preinit_array  0xb0818000        0x0
                [!provide]                        PROVIDE (__preinit_array_start = .)
 *(.preinit_array)
                [!provide]                        PROVIDE (__preinit_array_end = .)

.init_array     0xb0818000        0x0
                [!provide]                        PROVIDE (__init_array_start = .)
 *(SORT_BY_INIT_PRIORITY(.init_array.*) SORT_BY_INIT_PRIORITY(.ctors.*))
 *(.init_array EXCLUDE_FILE(*crtend?.o *crtend.o *crtbegin?.o *crtbegin.o) .ctors)
                [!provide]                        PROVIDE (__init_array_end = .)

.fini_array     0xb0818000        0x0
                [!provide]                        PROVIDE (__fini_array_start = .)
 *(SORT_BY_INIT_PRIORITY(.fini_array.*) SORT_BY_INIT_PRIORITY(.dtors.*))
 *(.fini_array EXCLUDE_FILE(*crtend?.o *crtend.o *crtbegin?.o *crtbegin.o) .dtors)
                [!provide]                        PROVIDE (__fini_array_end = .)

.ctors
 *crtbegin.o(.ctors)
 *crtbegin?.o(.ctors)
 *(EXCLUDE_FILE(*crtend?.o *crtend.o) .ctors)
 *(SORT_BY_NAME(.ctors.*))
 *(.ctors)

.dtors
 *crtbegin.o(.dtors)
 *crtbegin?.o(.dtors)
 *(EXCLUDE_FILE(*crtend?.o *crtend.o) .dtors)
 *(SORT_BY_NAME(.dtors.*))
 *(.dtors)

.jcr
 *(.jcr)

.data.rel.ro
 *(.data.rel.ro.local* .gnu.linkonce.d.rel.ro.local.*)
 *(.data.rel.ro .data.rel.ro.* .gnu.linkonce.d.rel.ro.*)

.dynamic
 *(.dynamic)

.got            0xb0818000        0x0
 *(.got)
 .got           0xb0818000        0x0 test.o
 *(.igot)
                0xb0818000                        . = DATA_SEGMENT_RELRO_END (., (SIZEOF (.got.plt) >= 0xc)?0xc:0x0)

.got.plt        0xb0818000        0x0
 *(.got.plt)
 .got.plt       0xb0818000        0x0 test.o
 *(.igot.plt)
 .igot.plt      0xb0818000        0x0 test.o

.data           0xb0818000      0xb48
 *(.data .data.* .gnu.linkonce.d.*)
 .data          0xb0818000        0x0 test.o
 .data          0xb0818000        0x0 pegasus_crt.a(kernel_main_old.o)
 .data          0xb0818000        0x0 pegasus_crt.a(protect.o)
 .data          0xb0818000      0x160 pegasus_crt.a(global.o)
                0xb0818000                user_task_table
                0xb0818080                sys_task_table
                0xb0818144                sys_call_table
 .data          0xb0818160        0x0 pegasus_crt.a(console.o)
 .data          0xb0818160      0x600 pegasus_crt.a(keyboard.o)
                0xb0818160                keymap
 .data          0xb0818760        0x0 pegasus_crt.a(process.o)
 .data          0xb0818760        0x0 pegasus_crt.a(task_network.o)
 .data          0xb0818760        0x0 pegasus_crt.a(hd.o)
 .data          0xb0818760        0x0 pegasus_crt.a(fs_main.o)
 .data          0xb0818760        0x0 pegasus_crt.a(main.o)
 .data          0xb0818760        0x0 pegasus_crt.a(mem.o)
 .data          0xb0818760        0x0 pegasus_crt.a(exec.o)
 .data          0xb0818760        0x0 pegasus_crt.a(exit.o)
 .data          0xb0818760        0x0 pegasus_crt.a(wait.o)
 .data          0xb0818760        0x0 pegasus_crt.a(fork.o)
 .data          0xb0818760        0x0 pegasus_crt.a(strcmp.o)
 .data          0xb0818760        0x0 pegasus_crt.a(read.o)
 .data          0xb0818760        0x0 pegasus_crt.a(open.o)
 .data          0xb0818760        0x0 pegasus_crt.a(write.o)
 .data          0xb0818760        0x0 pegasus_crt.a(close.o)
 .data          0xb0818760        0xf pegasus_crt.a(kernel.o)
 *fill*         0xb081876f        0x1 
 .data          0xb0818770        0x0 pegasus_crt.a(syscall.o)
 .data          0xb0818770        0x0 pegasus_crt.a(double_link_list.o)
 .data          0xb0818770        0x4 pegasus_crt.a(netdev.o)
 .data          0xb0818774       0x14 pegasus_crt.a(arp.o)
 .data          0xb0818788        0xc pegasus_crt.a(ipc.o)
 .data          0xb0818794        0x4 pegasus_crt.a(utils.o)
 .data          0xb0818798        0x0 pegasus_crt.a(forkexit.o)
 .data          0xb0818798        0x0 pegasus_crt.a(exec.o)
 .data          0xb0818798        0x0 pegasus_crt.a(calloc.o)
 .data          0xb0818798        0x0 pegasus_crt.a(alloca.o)
 .data          0xb0818798        0x0 pegasus_crt.a(perror.o)
 .data          0xb0818798        0x0 pegasus_crt.a(sscanf.o)
 .data          0xb0818798        0x0 pegasus_crt.a(ntohs.o)
 .data          0xb0818798        0x0 pegasus_crt.a(htonl.o)
 .data          0xb0818798        0x0 pegasus_crt.a(htons.o)
 .data          0xb0818798        0x0 pegasus_crt.a(inet_pton.o)
 .data          0xb0818798        0x0 pegasus_crt.a(ntohl.o)
 .data          0xb0818798        0x0 pegasus_crt.a(my_process.o)
 .data          0xb0818798        0x4 pegasus_crt.a(skbuff.o)
 *fill*         0xb081879c        0x4 
 .data          0xb08187a0      0x224 pegasus_crt.a(socket.o)
 .data          0xb08189c4        0x4 pegasus_crt.a(ip_input.o)
 .data          0xb08189c8        0x8 pegasus_crt.a(tcp.o)
 .data          0xb08189d0        0x4 pegasus_crt.a(icmpv4.o)
 .data          0xb08189d4        0x4 pegasus_crt.a(ip_output.o)
 *fill*         0xb08189d8        0x8 
 .data          0xb08189e0       0x80 pegasus_crt.a(inet.o)
                0xb08189e8                inet
 .data          0xb0818a60        0x4 pegasus_crt.a(dst.o)
 .data          0xb0818a64        0x4 pegasus_crt.a(tcp_input.o)
 .data          0xb0818a68        0x8 pegasus_crt.a(udp.o)
 .data          0xb0818a70        0x4 pegasus_crt.a(tcp_data.o)
 .data          0xb0818a74        0x0 pegasus_crt.a(floor.o)
 .data          0xb0818a74        0x0 pegasus_crt.a(strtok.o)
 .data          0xb0818a74        0x0 pegasus_crt.a(strpbrk.o)
 .data          0xb0818a74        0x0 pegasus_crt.a(thread.o)
 *fill*         0xb0818a74        0xc 
 .data          0xb0818a80       0x54 pegasus_crt.a(udp_sock.o)
                0xb0818aa0                udp_ops
 *fill*         0xb0818ad4        0xc 
 .data          0xb0818ae0       0x54 pegasus_crt.a(tcp_sock.o)
                0xb0818b00                tcp_ops
 .data          0xb0818b34        0x4 pegasus_crt.a(sock.o)
 .data          0xb0818b38        0x4 pegasus_crt.a(tcp_output.o)
 .data          0xb0818b3c        0xc pegasus_crt.a(route.o)

.data1
 *(.data1)
                0xb0818b48                        _edata = .
                [!provide]                        PROVIDE (edata = .)
                0xb0818b48                        . = .
                0xb0818b48                        __bss_start = .

.bss            0xb0818b60    0x951b8
 *(.dynbss)
 *(.bss .bss.* .gnu.linkonce.b.*)
 .bss           0xb0818b60        0x0 test.o
 .bss           0xb0818b60        0x0 pegasus_crt.a(kernel_main_old.o)
 .bss           0xb0818b60        0x0 pegasus_crt.a(protect.o)
 .bss           0xb0818b60        0x0 pegasus_crt.a(global.o)
 .bss           0xb0818b60        0x0 pegasus_crt.a(console.o)
 .bss           0xb0818b60        0x0 pegasus_crt.a(keyboard.o)
 .bss           0xb0818b60        0x0 pegasus_crt.a(process.o)
 .bss           0xb0818b60        0x0 pegasus_crt.a(task_network.o)
 .bss           0xb0818b60        0x0 pegasus_crt.a(hd.o)
 .bss           0xb0818b60        0x4 pegasus_crt.a(fs_main.o)
                0xb0818b60                c
 .bss           0xb0818b64        0x0 pegasus_crt.a(main.o)
 .bss           0xb0818b64        0x0 pegasus_crt.a(mem.o)
 .bss           0xb0818b64        0x0 pegasus_crt.a(exec.o)
 .bss           0xb0818b64        0x0 pegasus_crt.a(exit.o)
 .bss           0xb0818b64        0x0 pegasus_crt.a(wait.o)
 .bss           0xb0818b64        0x0 pegasus_crt.a(fork.o)
 .bss           0xb0818b64        0x0 pegasus_crt.a(strcmp.o)
 .bss           0xb0818b64        0x0 pegasus_crt.a(read.o)
 .bss           0xb0818b64        0x0 pegasus_crt.a(open.o)
 .bss           0xb0818b64        0x0 pegasus_crt.a(write.o)
 .bss           0xb0818b64        0x0 pegasus_crt.a(close.o)
 .bss           0xb0818b64      0x800 pegasus_crt.a(kernel.o)
 .bss           0xb0819364        0x0 pegasus_crt.a(double_link_list.o)
 .bss           0xb0819364        0x0 pegasus_crt.a(netdev.o)
 .bss           0xb0819364        0x0 pegasus_crt.a(arp.o)
 .bss           0xb0819364        0x4 pegasus_crt.a(ipc.o)
 .bss           0xb0819368        0x0 pegasus_crt.a(utils.o)
 .bss           0xb0819368        0x0 pegasus_crt.a(forkexit.o)
 .bss           0xb0819368        0x0 pegasus_crt.a(exec.o)
 .bss           0xb0819368        0x0 pegasus_crt.a(calloc.o)
 .bss           0xb0819368        0x0 pegasus_crt.a(alloca.o)
 .bss           0xb0819368        0x0 pegasus_crt.a(perror.o)
 .bss           0xb0819368        0x0 pegasus_crt.a(sscanf.o)
 .bss           0xb0819368        0x0 pegasus_crt.a(ntohs.o)
 .bss           0xb0819368        0x0 pegasus_crt.a(htonl.o)
 .bss           0xb0819368        0x0 pegasus_crt.a(htons.o)
 .bss           0xb0819368        0x0 pegasus_crt.a(inet_pton.o)
 .bss           0xb0819368        0x0 pegasus_crt.a(ntohl.o)
 .bss           0xb0819368        0x0 pegasus_crt.a(my_process.o)
 .bss           0xb0819368        0x0 pegasus_crt.a(skbuff.o)
 .bss           0xb0819368        0x4 pegasus_crt.a(socket.o)
 .bss           0xb081936c        0x0 pegasus_crt.a(ip_input.o)
 .bss           0xb081936c        0x0 pegasus_crt.a(tcp.o)
 .bss           0xb081936c        0x0 pegasus_crt.a(icmpv4.o)
 .bss           0xb081936c        0x0 pegasus_crt.a(ip_output.o)
 .bss           0xb081936c        0x0 pegasus_crt.a(inet.o)
 .bss           0xb081936c        0x0 pegasus_crt.a(dst.o)
 .bss           0xb081936c        0x0 pegasus_crt.a(tcp_input.o)
 .bss           0xb081936c        0x0 pegasus_crt.a(udp.o)
 .bss           0xb081936c        0x0 pegasus_crt.a(tcp_data.o)
 .bss           0xb081936c        0x0 pegasus_crt.a(floor.o)
 .bss           0xb081936c        0x4 pegasus_crt.a(strtok.o)
 .bss           0xb0819370        0x0 pegasus_crt.a(strpbrk.o)
 .bss           0xb0819370        0x0 pegasus_crt.a(thread.o)
 .bss           0xb0819370        0x4 pegasus_crt.a(udp_sock.o)
 .bss           0xb0819374        0x0 pegasus_crt.a(tcp_sock.o)
 .bss           0xb0819374        0x0 pegasus_crt.a(sock.o)
 .bss           0xb0819374        0x0 pegasus_crt.a(tcp_output.o)
 .bss           0xb0819374        0x0 pegasus_crt.a(route.o)
 *(COMMON)
 *fill*         0xb0819374        0xc 
 COMMON         0xb0819380     0x17b8 pegasus_crt.a(kernel_main_old.o)
                0xb0819380                current_tty
                0xb0819384                is_e0
                0xb0819388                idt_ptr
                0xb0819390                pid
                0xb0819394                KernelVirtualMemory
                0xb08193a0                current_dis_pos
                0xb08193a4                dis_pos
                0xb08193a8                k_reenter
                0xb08193c0                gdt
                0xb08197c0                proc_ready_table
                0xb08197c4                test_ticks
                0xb08197c8                pcaller
                0xb08197e0                keyboard_buffer
                0xb08199ec                pcb_list
                0xb08199fc                gdt_index
                0xb0819a00                tty_table
                0xb081a240                tss
                0xb081a2ac                KernelPool
                0xb081a2bc                net_buf
                0xb081a2c0                nic_current_page
                0xb081a2c4                counter
                0xb081a2c8                key_pressed
                0xb081a2cc                fork_pid
                0xb081a2d0                is_shift
                0xb081a2d1                net_data
                0xb081a2d4                gdt_ptr
                0xb081a2e0                idt
                0xb081aae0                main_thread
                0xb081aae8                ticks
                0xb081aaf0                is_init
                0xb081aaf4                UserPool
                0xb081ab04                all_pcb_list
                0xb081ab14                console_table
                0xb081ab24                is_disp
                0xb081ab28                MAIN_THREAD_PAGE_DIRECTORY
                0xb081ab2c                helloStr
 *fill*         0xb081ab38        0x8 
 COMMON         0xb081ab40    0x91e14 pegasus_crt.a(global.o)
                0xb081ab40                proc_stack
                0xb08aab40                proc_table
 *fill*         0xb08ac954        0xc 
 COMMON         0xb08ac960      0x440 pegasus_crt.a(hd.o)
                0xb08ac960                hd_info
                0xb08acba0                hd_cache
 COMMON         0xb08acda0      0xe68 pegasus_crt.a(fs_main.o)
                0xb08acda0                file_desc_table
                0xb08ad1a0                phy_super_block_buf
                0xb08ad1a4                phy_fsbuf
                0xb08ad1c0                inode_table
                0xb08adbc0                super_block_buf
                0xb08adbc4                fsbuf
                0xb08adbe0                root
 *fill*         0xb08adc08       0x18 
 COMMON         0xb08adc20       0xf0 pegasus_crt.a(mem.o)
                0xb08adc20                kernel_mem_block_decs_array
 COMMON         0xb08add10        0x8 pegasus_crt.a(netdev.o)
                0xb08add10                loop
                0xb08add14                netdev
                0xb08add18                        . = ALIGN ((. != 0x0)?0x4:0x1)
                0xb08add18                        . = ALIGN (0x4)
                0xb08add18                        . = SEGMENT_START ("ldata-segment", .)
                0xb08add18                        . = ALIGN (0x4)
                0xb08add18                        _end = .
                [!provide]                        PROVIDE (end = .)
                0xb08add18                        . = DATA_SEGMENT_END (.)

.stab
 *(.stab)

.stabstr
 *(.stabstr)

.stab.excl
 *(.stab.excl)

.stab.exclstr
 *(.stab.exclstr)

.stab.index
 *(.stab.index)

.stab.indexstr
 *(.stab.indexstr)

.comment        0x00000000       0x2c
 *(.comment)
 .comment       0x00000000       0x2c test.o
                                 0x2d (size before relaxing)
 .comment       0x0000002c       0x2d pegasus_crt.a(kernel_main_old.o)
 .comment       0x0000002c       0x2d pegasus_crt.a(protect.o)
 .comment       0x0000002c       0x2d pegasus_crt.a(global.o)
 .comment       0x0000002c       0x2d pegasus_crt.a(console.o)
 .comment       0x0000002c       0x2d pegasus_crt.a(keyboard.o)
 .comment       0x0000002c       0x2d pegasus_crt.a(process.o)
 .comment       0x0000002c       0x2d pegasus_crt.a(task_network.o)
 .comment       0x0000002c       0x2d pegasus_crt.a(hd.o)
 .comment       0x0000002c       0x2d pegasus_crt.a(fs_main.o)
 .comment       0x0000002c       0x2d pegasus_crt.a(main.o)
 .comment       0x0000002c       0x2d pegasus_crt.a(mem.o)
 .comment       0x0000002c       0x2d pegasus_crt.a(exec.o)
 .comment       0x0000002c       0x2d pegasus_crt.a(exit.o)
 .comment       0x0000002c       0x2d pegasus_crt.a(wait.o)
 .comment       0x0000002c       0x2d pegasus_crt.a(fork.o)
 .comment       0x0000002c       0x2d pegasus_crt.a(strcmp.o)
 .comment       0x0000002c       0x2d pegasus_crt.a(read.o)
 .comment       0x0000002c       0x2d pegasus_crt.a(open.o)
 .comment       0x0000002c       0x2d pegasus_crt.a(write.o)
 .comment       0x0000002c       0x2d pegasus_crt.a(close.o)
 .comment       0x0000002c       0x2d pegasus_crt.a(double_link_list.o)
 .comment       0x0000002c       0x2d pegasus_crt.a(netdev.o)
 .comment       0x0000002c       0x2d pegasus_crt.a(arp.o)
 .comment       0x0000002c       0x2d pegasus_crt.a(ipc.o)
 .comment       0x0000002c       0x2d pegasus_crt.a(utils.o)
 .comment       0x0000002c       0x2d pegasus_crt.a(forkexit.o)
 .comment       0x0000002c       0x2d pegasus_crt.a(exec.o)
 .comment       0x0000002c       0x2d pegasus_crt.a(calloc.o)
 .comment       0x0000002c       0x2d pegasus_crt.a(alloca.o)
 .comment       0x0000002c       0x2d pegasus_crt.a(perror.o)
 .comment       0x0000002c       0x2d pegasus_crt.a(sscanf.o)
 .comment       0x0000002c       0x2d pegasus_crt.a(ntohs.o)
 .comment       0x0000002c       0x2d pegasus_crt.a(htonl.o)
 .comment       0x0000002c       0x2d pegasus_crt.a(htons.o)
 .comment       0x0000002c       0x2d pegasus_crt.a(inet_pton.o)
 .comment       0x0000002c       0x2d pegasus_crt.a(ntohl.o)
 .comment       0x0000002c       0x2d pegasus_crt.a(my_process.o)
 .comment       0x0000002c       0x2d pegasus_crt.a(skbuff.o)
 .comment       0x0000002c       0x2d pegasus_crt.a(socket.o)
 .comment       0x0000002c       0x2d pegasus_crt.a(ip_input.o)
 .comment       0x0000002c       0x2d pegasus_crt.a(tcp.o)
 .comment       0x0000002c       0x2d pegasus_crt.a(icmpv4.o)
 .comment       0x0000002c       0x2d pegasus_crt.a(ip_output.o)
 .comment       0x0000002c       0x2d pegasus_crt.a(inet.o)
 .comment       0x0000002c       0x2d pegasus_crt.a(dst.o)
 .comment       0x0000002c       0x2d pegasus_crt.a(tcp_input.o)
 .comment       0x0000002c       0x2d pegasus_crt.a(udp.o)
 .comment       0x0000002c       0x2d pegasus_crt.a(tcp_data.o)
 .comment       0x0000002c       0x2d pegasus_crt.a(floor.o)
 .comment       0x0000002c       0x2d pegasus_crt.a(strtok.o)
 .comment       0x0000002c       0x2d pegasus_crt.a(strpbrk.o)
 .comment       0x0000002c       0x2d pegasus_crt.a(thread.o)
 .comment       0x0000002c       0x2d pegasus_crt.a(udp_sock.o)
 .comment       0x0000002c       0x2d pegasus_crt.a(tcp_sock.o)
 .comment       0x0000002c       0x2d pegasus_crt.a(sock.o)
 .comment       0x0000002c       0x2d pegasus_crt.a(tcp_output.o)
 .comment       0x0000002c       0x2d pegasus_crt.a(route.o)

.gnu.build.attributes
 *(.gnu.build.attributes .gnu.build.attributes.*)

.debug
 *(.debug)

.line
 *(.line)

.debug_srcinfo
 *(.debug_srcinfo)

.debug_sfnames
 *(.debug_sfnames)

.debug_aranges  0x00000000      0x718
 *(.debug_aranges)
 .debug_aranges
                0x00000000       0x20 pegasus_crt.a(kernel_main_old.o)
 .debug_aranges
                0x00000020       0x20 pegasus_crt.a(protect.o)
 .debug_aranges
                0x00000040       0x18 pegasus_crt.a(global.o)
 .debug_aranges
                0x00000058       0x20 pegasus_crt.a(console.o)
 .debug_aranges
                0x00000078       0x20 pegasus_crt.a(keyboard.o)
 .debug_aranges
                0x00000098       0x20 pegasus_crt.a(process.o)
 .debug_aranges
                0x000000b8       0x20 pegasus_crt.a(task_network.o)
 .debug_aranges
                0x000000d8       0x20 pegasus_crt.a(hd.o)
 .debug_aranges
                0x000000f8       0x20 pegasus_crt.a(fs_main.o)
 .debug_aranges
                0x00000118       0x20 pegasus_crt.a(main.o)
 .debug_aranges
                0x00000138       0x20 pegasus_crt.a(mem.o)
 .debug_aranges
                0x00000158       0x20 pegasus_crt.a(exec.o)
 .debug_aranges
                0x00000178       0x20 pegasus_crt.a(exit.o)
 .debug_aranges
                0x00000198       0x20 pegasus_crt.a(wait.o)
 .debug_aranges
                0x000001b8       0x20 pegasus_crt.a(fork.o)
 .debug_aranges
                0x000001d8       0x20 pegasus_crt.a(strcmp.o)
 .debug_aranges
                0x000001f8       0x20 pegasus_crt.a(read.o)
 .debug_aranges
                0x00000218       0x20 pegasus_crt.a(open.o)
 .debug_aranges
                0x00000238       0x20 pegasus_crt.a(write.o)
 .debug_aranges
                0x00000258       0x20 pegasus_crt.a(close.o)
 .debug_aranges
                0x00000278       0x20 pegasus_crt.a(double_link_list.o)
 .debug_aranges
                0x00000298       0x20 pegasus_crt.a(netdev.o)
 .debug_aranges
                0x000002b8       0x20 pegasus_crt.a(arp.o)
 .debug_aranges
                0x000002d8       0x20 pegasus_crt.a(ipc.o)
 .debug_aranges
                0x000002f8       0x20 pegasus_crt.a(utils.o)
 .debug_aranges
                0x00000318       0x20 pegasus_crt.a(forkexit.o)
 .debug_aranges
                0x00000338       0x20 pegasus_crt.a(exec.o)
 .debug_aranges
                0x00000358       0x20 pegasus_crt.a(calloc.o)
 .debug_aranges
                0x00000378       0x20 pegasus_crt.a(alloca.o)
 .debug_aranges
                0x00000398       0x20 pegasus_crt.a(perror.o)
 .debug_aranges
                0x000003b8       0x20 pegasus_crt.a(sscanf.o)
 .debug_aranges
                0x000003d8       0x20 pegasus_crt.a(ntohs.o)
 .debug_aranges
                0x000003f8       0x20 pegasus_crt.a(htonl.o)
 .debug_aranges
                0x00000418       0x20 pegasus_crt.a(htons.o)
 .debug_aranges
                0x00000438       0x20 pegasus_crt.a(inet_pton.o)
 .debug_aranges
                0x00000458       0x20 pegasus_crt.a(ntohl.o)
 .debug_aranges
                0x00000478       0x20 pegasus_crt.a(my_process.o)
 .debug_aranges
                0x00000498       0x20 pegasus_crt.a(skbuff.o)
 .debug_aranges
                0x000004b8       0x20 pegasus_crt.a(socket.o)
 .debug_aranges
                0x000004d8       0x20 pegasus_crt.a(ip_input.o)
 .debug_aranges
                0x000004f8       0x20 pegasus_crt.a(tcp.o)
 .debug_aranges
                0x00000518       0x20 pegasus_crt.a(icmpv4.o)
 .debug_aranges
                0x00000538       0x20 pegasus_crt.a(ip_output.o)
 .debug_aranges
                0x00000558       0x20 pegasus_crt.a(inet.o)
 .debug_aranges
                0x00000578       0x20 pegasus_crt.a(dst.o)
 .debug_aranges
                0x00000598       0x20 pegasus_crt.a(tcp_input.o)
 .debug_aranges
                0x000005b8       0x20 pegasus_crt.a(udp.o)
 .debug_aranges
                0x000005d8       0x20 pegasus_crt.a(tcp_data.o)
 .debug_aranges
                0x000005f8       0x20 pegasus_crt.a(floor.o)
 .debug_aranges
                0x00000618       0x20 pegasus_crt.a(strtok.o)
 .debug_aranges
                0x00000638       0x20 pegasus_crt.a(strpbrk.o)
 .debug_aranges
                0x00000658       0x20 pegasus_crt.a(thread.o)
 .debug_aranges
                0x00000678       0x20 pegasus_crt.a(udp_sock.o)
 .debug_aranges
                0x00000698       0x20 pegasus_crt.a(tcp_sock.o)
 .debug_aranges
                0x000006b8       0x20 pegasus_crt.a(sock.o)
 .debug_aranges
                0x000006d8       0x20 pegasus_crt.a(tcp_output.o)
 .debug_aranges
                0x000006f8       0x20 pegasus_crt.a(route.o)

.debug_pubnames
 *(.debug_pubnames)

.debug_info     0x00000000    0x3a5a9
 *(.debug_info .gnu.linkonce.wi.*)
 .debug_info    0x00000000     0x2820 pegasus_crt.a(kernel_main_old.o)
 .debug_info    0x00002820     0x11b5 pegasus_crt.a(protect.o)
 .debug_info    0x000039d5      0xe8a pegasus_crt.a(global.o)
 .debug_info    0x0000485f     0x128a pegasus_crt.a(console.o)
 .debug_info    0x00005ae9      0xfde pegasus_crt.a(keyboard.o)
 .debug_info    0x00006ac7      0xf73 pegasus_crt.a(process.o)
 .debug_info    0x00007a3a      0xf22 pegasus_crt.a(task_network.o)
 .debug_info    0x0000895c     0x19f3 pegasus_crt.a(hd.o)
 .debug_info    0x0000a34f     0x1f3b pegasus_crt.a(fs_main.o)
 .debug_info    0x0000c28a      0xdcc pegasus_crt.a(main.o)
 .debug_info    0x0000d056     0x1cfa pegasus_crt.a(mem.o)
 .debug_info    0x0000ed50      0xf40 pegasus_crt.a(exec.o)
 .debug_info    0x0000fc90      0xdb3 pegasus_crt.a(exit.o)
 .debug_info    0x00010a43      0xdc1 pegasus_crt.a(wait.o)
 .debug_info    0x00011804      0xda8 pegasus_crt.a(fork.o)
 .debug_info    0x000125ac       0xc1 pegasus_crt.a(strcmp.o)
 .debug_info    0x0001266d      0xea1 pegasus_crt.a(read.o)
 .debug_info    0x0001350e      0xe02 pegasus_crt.a(open.o)
 .debug_info    0x00014310      0xe2f pegasus_crt.a(write.o)
 .debug_info    0x0001513f      0xdb6 pegasus_crt.a(close.o)
 .debug_info    0x00015ef5     0x1044 pegasus_crt.a(double_link_list.o)
 .debug_info    0x00016f39     0x132e pegasus_crt.a(netdev.o)
 .debug_info    0x00018267      0x76e pegasus_crt.a(arp.o)
 .debug_info    0x000189d5     0x1c38 pegasus_crt.a(ipc.o)
 .debug_info    0x0001a60d      0x367 pegasus_crt.a(utils.o)
 .debug_info    0x0001a974      0xfbc pegasus_crt.a(forkexit.o)
 .debug_info    0x0001b930     0x11ca pegasus_crt.a(exec.o)
 .debug_info    0x0001cafa      0xeb9 pegasus_crt.a(calloc.o)
 .debug_info    0x0001d9b3       0x98 pegasus_crt.a(alloca.o)
 .debug_info    0x0001da4b       0x5c pegasus_crt.a(perror.o)
 .debug_info    0x0001daa7      0x20e pegasus_crt.a(sscanf.o)
 .debug_info    0x0001dcb5       0xa8 pegasus_crt.a(ntohs.o)
 .debug_info    0x0001dd5d       0xcb pegasus_crt.a(htonl.o)
 .debug_info    0x0001de28       0xa8 pegasus_crt.a(htons.o)
 .debug_info    0x0001ded0      0x260 pegasus_crt.a(inet_pton.o)
 .debug_info    0x0001e130       0xcb pegasus_crt.a(ntohl.o)
 .debug_info    0x0001e1fb     0x149d pegasus_crt.a(my_process.o)
 .debug_info    0x0001f698      0x39f pegasus_crt.a(skbuff.o)
 .debug_info    0x0001fa37     0x1ba7 pegasus_crt.a(socket.o)
 .debug_info    0x000215de     0x1aab pegasus_crt.a(ip_input.o)
 .debug_info    0x00023089     0x1e0e pegasus_crt.a(tcp.o)
 .debug_info    0x00024e97     0x1909 pegasus_crt.a(icmpv4.o)
 .debug_info    0x000267a0     0x1745 pegasus_crt.a(ip_output.o)
 .debug_info    0x00027ee5     0x1a0c pegasus_crt.a(inet.o)
 .debug_info    0x000298f1     0x11ea pegasus_crt.a(dst.o)
 .debug_info    0x0002aadb     0x2111 pegasus_crt.a(tcp_input.o)
 .debug_info    0x0002cbec     0x1b0e pegasus_crt.a(udp.o)
 .debug_info    0x0002e6fa     0x1d77 pegasus_crt.a(tcp_data.o)
 .debug_info    0x00030471       0x6b pegasus_crt.a(floor.o)
 .debug_info    0x000304dc       0xae pegasus_crt.a(strtok.o)
 .debug_info    0x0003058a       0xcf pegasus_crt.a(strpbrk.o)
 .debug_info    0x00030659     0x1069 pegasus_crt.a(thread.o)
 .debug_info    0x000316c2     0x1edd pegasus_crt.a(udp_sock.o)
 .debug_info    0x0003359f     0x21ff pegasus_crt.a(tcp_sock.o)
 .debug_info    0x0003579e     0x1860 pegasus_crt.a(sock.o)
 .debug_info    0x00036ffe     0x2329 pegasus_crt.a(tcp_output.o)
 .debug_info    0x00039327     0x1282 pegasus_crt.a(route.o)

.debug_abbrev   0x00000000     0x7109
 *(.debug_abbrev)
 .debug_abbrev  0x00000000      0x452 pegasus_crt.a(kernel_main_old.o)
 .debug_abbrev  0x00000452      0x227 pegasus_crt.a(protect.o)
 .debug_abbrev  0x00000679      0x157 pegasus_crt.a(global.o)
 .debug_abbrev  0x000007d0      0x2ac pegasus_crt.a(console.o)
 .debug_abbrev  0x00000a7c      0x1fb pegasus_crt.a(keyboard.o)
 .debug_abbrev  0x00000c77      0x1e0 pegasus_crt.a(process.o)
 .debug_abbrev  0x00000e57      0x1bc pegasus_crt.a(task_network.o)
 .debug_abbrev  0x00001013      0x33e pegasus_crt.a(hd.o)
 .debug_abbrev  0x00001351      0x2ef pegasus_crt.a(fs_main.o)
 .debug_abbrev  0x00001640      0x208 pegasus_crt.a(main.o)
 .debug_abbrev  0x00001848      0x2ea pegasus_crt.a(mem.o)
 .debug_abbrev  0x00001b32      0x1e8 pegasus_crt.a(exec.o)
 .debug_abbrev  0x00001d1a      0x19b pegasus_crt.a(exit.o)
 .debug_abbrev  0x00001eb5      0x19f pegasus_crt.a(wait.o)
 .debug_abbrev  0x00002054      0x18a pegasus_crt.a(fork.o)
 .debug_abbrev  0x000021de       0x94 pegasus_crt.a(strcmp.o)
 .debug_abbrev  0x00002272      0x1ef pegasus_crt.a(read.o)
 .debug_abbrev  0x00002461      0x1c5 pegasus_crt.a(open.o)
 .debug_abbrev  0x00002626      0x1db pegasus_crt.a(write.o)
 .debug_abbrev  0x00002801      0x19d pegasus_crt.a(close.o)
 .debug_abbrev  0x0000299e      0x216 pegasus_crt.a(double_link_list.o)
 .debug_abbrev  0x00002bb4      0x289 pegasus_crt.a(netdev.o)
 .debug_abbrev  0x00002e3d      0x210 pegasus_crt.a(arp.o)
 .debug_abbrev  0x0000304d      0x2ee pegasus_crt.a(ipc.o)
 .debug_abbrev  0x0000333b      0x17a pegasus_crt.a(utils.o)
 .debug_abbrev  0x000034b5      0x204 pegasus_crt.a(forkexit.o)
 .debug_abbrev  0x000036b9      0x1c4 pegasus_crt.a(exec.o)
 .debug_abbrev  0x0000387d      0x191 pegasus_crt.a(calloc.o)
 .debug_abbrev  0x00003a0e       0x86 pegasus_crt.a(alloca.o)
 .debug_abbrev  0x00003a94       0x5c pegasus_crt.a(perror.o)
 .debug_abbrev  0x00003af0       0xdd pegasus_crt.a(sscanf.o)
 .debug_abbrev  0x00003bcd       0x6c pegasus_crt.a(ntohs.o)
 .debug_abbrev  0x00003c39       0xa5 pegasus_crt.a(htonl.o)
 .debug_abbrev  0x00003cde       0x6c pegasus_crt.a(htons.o)
 .debug_abbrev  0x00003d4a      0x116 pegasus_crt.a(inet_pton.o)
 .debug_abbrev  0x00003e60       0xa5 pegasus_crt.a(ntohl.o)
 .debug_abbrev  0x00003f05      0x260 pegasus_crt.a(my_process.o)
 .debug_abbrev  0x00004165      0x15f pegasus_crt.a(skbuff.o)
 .debug_abbrev  0x000042c4      0x327 pegasus_crt.a(socket.o)
 .debug_abbrev  0x000045eb      0x2d1 pegasus_crt.a(ip_input.o)
 .debug_abbrev  0x000048bc      0x332 pegasus_crt.a(tcp.o)
 .debug_abbrev  0x00004bee      0x236 pegasus_crt.a(icmpv4.o)
 .debug_abbrev  0x00004e24      0x213 pegasus_crt.a(ip_output.o)
 .debug_abbrev  0x00005037      0x24b pegasus_crt.a(inet.o)
 .debug_abbrev  0x00005282      0x204 pegasus_crt.a(dst.o)
 .debug_abbrev  0x00005486      0x355 pegasus_crt.a(tcp_input.o)
 .debug_abbrev  0x000057db      0x2d3 pegasus_crt.a(udp.o)
 .debug_abbrev  0x00005aae      0x2a6 pegasus_crt.a(tcp_data.o)
 .debug_abbrev  0x00005d54       0x6a pegasus_crt.a(floor.o)
 .debug_abbrev  0x00005dbe       0x91 pegasus_crt.a(strtok.o)
 .debug_abbrev  0x00005e4f       0xa5 pegasus_crt.a(strpbrk.o)
 .debug_abbrev  0x00005ef4      0x222 pegasus_crt.a(thread.o)
 .debug_abbrev  0x00006116      0x3b1 pegasus_crt.a(udp_sock.o)
 .debug_abbrev  0x000064c7      0x3e6 pegasus_crt.a(tcp_sock.o)
 .debug_abbrev  0x000068ad      0x273 pegasus_crt.a(sock.o)
 .debug_abbrev  0x00006b20      0x39b pegasus_crt.a(tcp_output.o)
 .debug_abbrev  0x00006ebb      0x24e pegasus_crt.a(route.o)

.debug_line     0x00000000     0x911a
 *(.debug_line .debug_line.* .debug_line_end)
 .debug_line    0x00000000      0xe0f pegasus_crt.a(kernel_main_old.o)
 .debug_line    0x00000e0f      0x1ff pegasus_crt.a(protect.o)
 .debug_line    0x0000100e       0x95 pegasus_crt.a(global.o)
 .debug_line    0x000010a3      0x54e pegasus_crt.a(console.o)
 .debug_line    0x000015f1      0x296 pegasus_crt.a(keyboard.o)
 .debug_line    0x00001887      0x180 pegasus_crt.a(process.o)
 .debug_line    0x00001a07      0x105 pegasus_crt.a(task_network.o)
 .debug_line    0x00001b0c      0x639 pegasus_crt.a(hd.o)
 .debug_line    0x00002145      0xc1a pegasus_crt.a(fs_main.o)
 .debug_line    0x00002d5f       0xec pegasus_crt.a(main.o)
 .debug_line    0x00002e4b      0x7e6 pegasus_crt.a(mem.o)
 .debug_line    0x00003631      0x18b pegasus_crt.a(exec.o)
 .debug_line    0x000037bc       0xa0 pegasus_crt.a(exit.o)
 .debug_line    0x0000385c       0xb7 pegasus_crt.a(wait.o)
 .debug_line    0x00003913       0xa5 pegasus_crt.a(fork.o)
 .debug_line    0x000039b8       0x8a pegasus_crt.a(strcmp.o)
 .debug_line    0x00003a42      0x15b pegasus_crt.a(read.o)
 .debug_line    0x00003b9d       0xc3 pegasus_crt.a(open.o)
 .debug_line    0x00003c60       0xc2 pegasus_crt.a(write.o)
 .debug_line    0x00003d22       0xb3 pegasus_crt.a(close.o)
 .debug_line    0x00003dd5      0x253 pegasus_crt.a(double_link_list.o)
 .debug_line    0x00004028      0x24e pegasus_crt.a(netdev.o)
 .debug_line    0x00004276      0x34c pegasus_crt.a(arp.o)
 .debug_line    0x000045c2      0x5ab pegasus_crt.a(ipc.o)
 .debug_line    0x00004b6d      0x13c pegasus_crt.a(utils.o)
 .debug_line    0x00004ca9      0x17a pegasus_crt.a(forkexit.o)
 .debug_line    0x00004e23      0x20c pegasus_crt.a(exec.o)
 .debug_line    0x0000502f       0xe3 pegasus_crt.a(calloc.o)
 .debug_line    0x00005112       0x6b pegasus_crt.a(alloca.o)
 .debug_line    0x0000517d       0x48 pegasus_crt.a(perror.o)
 .debug_line    0x000051c5      0x1d2 pegasus_crt.a(sscanf.o)
 .debug_line    0x00005397       0x6c pegasus_crt.a(ntohs.o)
 .debug_line    0x00005403       0xc1 pegasus_crt.a(htonl.o)
 .debug_line    0x000054c4       0x6c pegasus_crt.a(htons.o)
 .debug_line    0x00005530      0x167 pegasus_crt.a(inet_pton.o)
 .debug_line    0x00005697       0xc1 pegasus_crt.a(ntohl.o)
 .debug_line    0x00005758      0x33b pegasus_crt.a(my_process.o)
 .debug_line    0x00005a93      0x121 pegasus_crt.a(skbuff.o)
 .debug_line    0x00005bb4      0x3a6 pegasus_crt.a(socket.o)
 .debug_line    0x00005f5a      0x272 pegasus_crt.a(ip_input.o)
 .debug_line    0x000061cc      0x2f5 pegasus_crt.a(tcp.o)
 .debug_line    0x000064c1      0x225 pegasus_crt.a(icmpv4.o)
 .debug_line    0x000066e6      0x1fe pegasus_crt.a(ip_output.o)
 .debug_line    0x000068e4      0x30e pegasus_crt.a(inet.o)
 .debug_line    0x00006bf2      0x15e pegasus_crt.a(dst.o)
 .debug_line    0x00006d50      0x658 pegasus_crt.a(tcp_input.o)
 .debug_line    0x000073a8      0x2ec pegasus_crt.a(udp.o)
 .debug_line    0x00007694      0x3e9 pegasus_crt.a(tcp_data.o)
 .debug_line    0x00007a7d       0x5a pegasus_crt.a(floor.o)
 .debug_line    0x00007ad7       0x6e pegasus_crt.a(strtok.o)
 .debug_line    0x00007b45       0xb0 pegasus_crt.a(strpbrk.o)
 .debug_line    0x00007bf5      0x145 pegasus_crt.a(thread.o)
 .debug_line    0x00007d3a      0x4b0 pegasus_crt.a(udp_sock.o)
 .debug_line    0x000081ea      0x57b pegasus_crt.a(tcp_sock.o)
 .debug_line    0x00008765      0x222 pegasus_crt.a(sock.o)
 .debug_line    0x00008987      0x58a pegasus_crt.a(tcp_output.o)
 .debug_line    0x00008f11      0x209 pegasus_crt.a(route.o)

.debug_frame
 *(.debug_frame)

.debug_str      0x00000000     0x34cd
 *(.debug_str)
 .debug_str     0x00000000     0x34cd pegasus_crt.a(kernel_main_old.o)
                                0xb73 (size before relaxing)
 .debug_str     0x000034cd      0x76b pegasus_crt.a(protect.o)
 .debug_str     0x000034cd      0x610 pegasus_crt.a(global.o)
 .debug_str     0x000034cd      0x75f pegasus_crt.a(console.o)
 .debug_str     0x000034cd      0x69c pegasus_crt.a(keyboard.o)
 .debug_str     0x000034cd      0x64a pegasus_crt.a(process.o)
 .debug_str     0x000034cd      0x67a pegasus_crt.a(task_network.o)
 .debug_str     0x000034cd      0x9c5 pegasus_crt.a(hd.o)
 .debug_str     0x000034cd      0xafa pegasus_crt.a(fs_main.o)
 .debug_str     0x000034cd      0x598 pegasus_crt.a(main.o)
 .debug_str     0x000034cd      0xa6d pegasus_crt.a(mem.o)
 .debug_str     0x000034cd      0x62c pegasus_crt.a(exec.o)
 .debug_str     0x000034cd      0x5a5 pegasus_crt.a(exit.o)
 .debug_str     0x000034cd      0x5a5 pegasus_crt.a(wait.o)
 .debug_str     0x000034cd      0x59e pegasus_crt.a(fork.o)
 .debug_str     0x000034cd       0xb1 pegasus_crt.a(strcmp.o)
 .debug_str     0x000034cd      0x617 pegasus_crt.a(read.o)
 .debug_str     0x000034cd      0x5de pegasus_crt.a(open.o)
 .debug_str     0x000034cd      0x5db pegasus_crt.a(write.o)
 .debug_str     0x000034cd      0x5a6 pegasus_crt.a(close.o)
 .debug_str     0x000034cd      0x6d1 pegasus_crt.a(double_link_list.o)
 .debug_str     0x000034cd      0x77d pegasus_crt.a(netdev.o)
 .debug_str     0x000034cd      0x2f6 pegasus_crt.a(arp.o)
 .debug_str     0x000034cd      0x8d2 pegasus_crt.a(ipc.o)
 .debug_str     0x000034cd      0x1b8 pegasus_crt.a(utils.o)
 .debug_str     0x000034cd      0x617 pegasus_crt.a(forkexit.o)
 .debug_str     0x000034cd      0x86d pegasus_crt.a(exec.o)
 .debug_str     0x000034cd      0x631 pegasus_crt.a(calloc.o)
 .debug_str     0x000034cd       0xb6 pegasus_crt.a(alloca.o)
 .debug_str     0x000034cd       0x99 pegasus_crt.a(perror.o)
 .debug_str     0x000034cd      0x102 pegasus_crt.a(sscanf.o)
 .debug_str     0x000034cd      0x101 pegasus_crt.a(ntohs.o)
 .debug_str     0x000034cd       0xf4 pegasus_crt.a(htonl.o)
 .debug_str     0x000034cd      0x102 pegasus_crt.a(htons.o)
 .debug_str     0x000034cd      0x14c pegasus_crt.a(inet_pton.o)
 .debug_str     0x000034cd       0xf3 pegasus_crt.a(ntohl.o)
 .debug_str     0x000034cd      0x8fe pegasus_crt.a(my_process.o)
 .debug_str     0x000034cd      0x1d8 pegasus_crt.a(skbuff.o)
 .debug_str     0x000034cd      0x928 pegasus_crt.a(socket.o)
 .debug_str     0x000034cd      0x99b pegasus_crt.a(ip_input.o)
 .debug_str     0x000034cd      0xb2d pegasus_crt.a(tcp.o)
 .debug_str     0x000034cd      0x91a pegasus_crt.a(icmpv4.o)
 .debug_str     0x000034cd      0x856 pegasus_crt.a(ip_output.o)
 .debug_str     0x000034cd      0x8e7 pegasus_crt.a(inet.o)
 .debug_str     0x000034cd      0x722 pegasus_crt.a(dst.o)
 .debug_str     0x000034cd      0xb8d pegasus_crt.a(tcp_input.o)
 .debug_str     0x000034cd      0x94d pegasus_crt.a(udp.o)
 .debug_str     0x000034cd      0xa49 pegasus_crt.a(tcp_data.o)
 .debug_str     0x000034cd       0xa2 pegasus_crt.a(floor.o)
 .debug_str     0x000034cd       0xb9 pegasus_crt.a(strtok.o)
 .debug_str     0x000034cd       0xc1 pegasus_crt.a(strpbrk.o)
 .debug_str     0x000034cd      0x717 pegasus_crt.a(thread.o)
 .debug_str     0x000034cd      0xa71 pegasus_crt.a(udp_sock.o)
 .debug_str     0x000034cd      0xcc0 pegasus_crt.a(tcp_sock.o)
 .debug_str     0x000034cd      0x8b6 pegasus_crt.a(sock.o)
 .debug_str     0x000034cd      0xc1d pegasus_crt.a(tcp_output.o)
 .debug_str     0x000034cd      0x743 pegasus_crt.a(route.o)

.debug_loc
 *(.debug_loc)

.debug_macinfo
 *(.debug_macinfo)

.debug_weaknames
 *(.debug_weaknames)

.debug_funcnames
 *(.debug_funcnames)

.debug_typenames
 *(.debug_typenames)

.debug_varnames
 *(.debug_varnames)

.debug_pubtypes
 *(.debug_pubtypes)

.debug_ranges   0x00000000       0x90
 *(.debug_ranges)
 .debug_ranges  0x00000000       0x30 pegasus_crt.a(kernel_main_old.o)
 .debug_ranges  0x00000030       0x48 pegasus_crt.a(hd.o)
 .debug_ranges  0x00000078       0x18 pegasus_crt.a(exec.o)

.debug_addr
 *(.debug_addr)

.debug_line_str
 *(.debug_line_str)

.debug_loclists
 *(.debug_loclists)

.debug_macro
 *(.debug_macro)

.debug_names
 *(.debug_names)

.debug_rnglists
 *(.debug_rnglists)

.debug_str_offsets
 *(.debug_str_offsets)

.debug_sup
 *(.debug_sup)

.gnu.attributes
 *(.gnu.attributes)

/DISCARD/
 *(.note.GNU-stack)
 *(.gnu_debuglink)
 *(.gnu.lto_*)
OUTPUT(test elf32-i386)
