Archive member included to satisfy reference by file (symbol)

../lib/pegasus_crt.a(exit.o)  start.o (exit)
../lib/pegasus_crt.a(kernel_main_old.o)
                              test.o (Printf)
../lib/pegasus_crt.a(double_link_list.o)
                              ../lib/pegasus_crt.a(kernel_main_old.o) (appendToDoubleLinkList)
../lib/pegasus_crt.a(kernel.o)
                              ../lib/pegasus_crt.a(kernel_main_old.o) (disp_str)
../lib/pegasus_crt.a(string.o)
                              ../lib/pegasus_crt.a(kernel_main_old.o) (Memcpy2)
../lib/pegasus_crt.a(kernel_main.o)
                              ../lib/pegasus_crt.a(kernel_main_old.o) (init)
../lib/pegasus_crt.a(hd.o)    ../lib/pegasus_crt.a(kernel_main.o) (TaskHD)
../lib/pegasus_crt.a(syscall.o)
                              ../lib/pegasus_crt.a(kernel_main_old.o) (write_debug)
../lib/pegasus_crt.a(fs_main.o)
                              ../lib/pegasus_crt.a(kernel_main.o) (task_fs)
../lib/pegasus_crt.a(global.o)
                              ../lib/pegasus_crt.a(kernel_main_old.o) (proc_table)
../lib/pegasus_crt.a(hd_rdwt.o)
                              ../lib/pegasus_crt.a(hd.o) (read_port)
../lib/pegasus_crt.a(process.o)
                              ../lib/pegasus_crt.a(kernel_main_old.o) (schedule_process)
../lib/pegasus_crt.a(protect.o)
                              ../lib/pegasus_crt.a(kernel_main_old.o) (InitInterruptDesc)
../lib/pegasus_crt.a(console.o)
                              ../lib/pegasus_crt.a(kernel_main_old.o) (out_char)
../lib/pegasus_crt.a(keyboard.o)
                              ../lib/pegasus_crt.a(kernel.o) (keyboard_handler)
../lib/pegasus_crt.a(open.o)  ../lib/pegasus_crt.a(kernel_main_old.o) (open)
../lib/pegasus_crt.a(read.o)  ../lib/pegasus_crt.a(kernel_main_old.o) (read)
../lib/pegasus_crt.a(write.o)
                              ../lib/pegasus_crt.a(kernel_main_old.o) (write)
../lib/pegasus_crt.a(close.o)
                              ../lib/pegasus_crt.a(kernel_main_old.o) (close)
../lib/pegasus_crt.a(wait.o)  ../lib/pegasus_crt.a(kernel_main_old.o) (wait)
../lib/pegasus_crt.a(fork.o)  ../lib/pegasus_crt.a(kernel_main_old.o) (fork)
../lib/pegasus_crt.a(exec.o)  ../lib/pegasus_crt.a(kernel_main_old.o) (execv)
../lib/pegasus_crt.a(main.o)  ../lib/pegasus_crt.a(kernel_main.o) (TaskMM)
../lib/pegasus_crt.a(exec.o)  ../lib/pegasus_crt.a(main.o) (do_exec)
../lib/pegasus_crt.a(forkexit.o)
                              ../lib/pegasus_crt.a(main.o) (do_fork)
../lib/pegasus_crt.a(mem.o)   ../lib/pegasus_crt.a(kernel_main_old.o) (ptr_pde)
../lib/pegasus_crt.a(my_process.o)
                              ../lib/pegasus_crt.a(forkexit.o) (fork_process)
../lib/pegasus_crt.a(switch_to.o)
                              ../lib/pegasus_crt.a(process.o) (switch_to)
../lib/pegasus_crt.a(thread.o)
                              ../lib/pegasus_crt.a(my_process.o) (thread_init)

Allocating common symbols
Common symbol       size              file

current_tty         0x4               ../lib/pegasus_crt.a(exit.o)
file_desc_table     0x400             ../lib/pegasus_crt.a(fs_main.o)
is_e0               0x1               ../lib/pegasus_crt.a(exit.o)
phy_super_block_buf
                    0x4               ../lib/pegasus_crt.a(fs_main.o)
phy_fsbuf           0x4               ../lib/pegasus_crt.a(fs_main.o)
idt_ptr             0x6               ../lib/pegasus_crt.a(exit.o)
pid                 0x4               ../lib/pegasus_crt.a(exit.o)
KernelVirtualMemory
                    0xc               ../lib/pegasus_crt.a(kernel_main_old.o)
inode_table         0xa00             ../lib/pegasus_crt.a(fs_main.o)
dis_pos             0x4               ../lib/pegasus_crt.a(exit.o)
k_reenter           0x4               ../lib/pegasus_crt.a(exit.o)
super_block_buf     0x4               ../lib/pegasus_crt.a(fs_main.o)
gdt                 0x400             ../lib/pegasus_crt.a(exit.o)
proc_ready_table    0x4               ../lib/pegasus_crt.a(exit.o)
test_ticks          0x4               ../lib/pegasus_crt.a(exit.o)
hd_info             0x224             ../lib/pegasus_crt.a(hd.o)
proc_stack          0x70000           ../lib/pegasus_crt.a(global.o)
pcaller             0x4               ../lib/pegasus_crt.a(exit.o)
keyboard_buffer     0x20c             ../lib/pegasus_crt.a(exit.o)
pcb_list            0x10              ../lib/pegasus_crt.a(exit.o)
gdt_index           0x4               ../lib/pegasus_crt.a(exit.o)
tty_table           0x828             ../lib/pegasus_crt.a(exit.o)
tss                 0x6c              ../lib/pegasus_crt.a(exit.o)
KernelPool          0x10              ../lib/pegasus_crt.a(kernel_main_old.o)
fsbuf               0x4               ../lib/pegasus_crt.a(fs_main.o)
root                0x28              ../lib/pegasus_crt.a(fs_main.o)
kernel_mem_block_decs_array
                    0xf0              ../lib/pegasus_crt.a(mem.o)
counter             0x4               ../lib/pegasus_crt.a(exit.o)
key_pressed         0x4               ../lib/pegasus_crt.a(exit.o)
is_shift            0x1               ../lib/pegasus_crt.a(exit.o)
gdt_ptr             0x6               ../lib/pegasus_crt.a(exit.o)
idt                 0x800             ../lib/pegasus_crt.a(exit.o)
main_thread         0x4               ../lib/pegasus_crt.a(exit.o)
ticks               0x8               ../lib/pegasus_crt.a(exit.o)
is_init             0x1               ../lib/pegasus_crt.a(exit.o)
UserPool            0x10              ../lib/pegasus_crt.a(kernel_main_old.o)
all_pcb_list        0x10              ../lib/pegasus_crt.a(exit.o)
console_table       0x10              ../lib/pegasus_crt.a(exit.o)
is_disp             0x1               ../lib/pegasus_crt.a(exit.o)
proc_table          0x15a0            ../lib/pegasus_crt.a(global.o)
hd_cache            0x200             ../lib/pegasus_crt.a(hd.o)

Discarded input sections

 .note.GNU-stack
                0x0000000000000000        0x0 test.o
 .note.GNU-stack
                0x0000000000000000        0x0 ../lib/pegasus_crt.a(exit.o)
 .note.GNU-stack
                0x0000000000000000        0x0 ../lib/pegasus_crt.a(kernel_main_old.o)
 .note.GNU-stack
                0x0000000000000000        0x0 ../lib/pegasus_crt.a(double_link_list.o)
 .note.GNU-stack
                0x0000000000000000        0x0 ../lib/pegasus_crt.a(kernel_main.o)
 .note.GNU-stack
                0x0000000000000000        0x0 ../lib/pegasus_crt.a(hd.o)
 .note.GNU-stack
                0x0000000000000000        0x0 ../lib/pegasus_crt.a(fs_main.o)
 .note.GNU-stack
                0x0000000000000000        0x0 ../lib/pegasus_crt.a(global.o)
 .note.GNU-stack
                0x0000000000000000        0x0 ../lib/pegasus_crt.a(process.o)
 .note.GNU-stack
                0x0000000000000000        0x0 ../lib/pegasus_crt.a(protect.o)
 .note.GNU-stack
                0x0000000000000000        0x0 ../lib/pegasus_crt.a(console.o)
 .note.GNU-stack
                0x0000000000000000        0x0 ../lib/pegasus_crt.a(keyboard.o)
 .note.GNU-stack
                0x0000000000000000        0x0 ../lib/pegasus_crt.a(open.o)
 .note.GNU-stack
                0x0000000000000000        0x0 ../lib/pegasus_crt.a(read.o)
 .note.GNU-stack
                0x0000000000000000        0x0 ../lib/pegasus_crt.a(write.o)
 .note.GNU-stack
                0x0000000000000000        0x0 ../lib/pegasus_crt.a(close.o)
 .note.GNU-stack
                0x0000000000000000        0x0 ../lib/pegasus_crt.a(wait.o)
 .note.GNU-stack
                0x0000000000000000        0x0 ../lib/pegasus_crt.a(fork.o)
 .note.GNU-stack
                0x0000000000000000        0x0 ../lib/pegasus_crt.a(exec.o)
 .note.GNU-stack
                0x0000000000000000        0x0 ../lib/pegasus_crt.a(main.o)
 .note.GNU-stack
                0x0000000000000000        0x0 ../lib/pegasus_crt.a(exec.o)
 .note.GNU-stack
                0x0000000000000000        0x0 ../lib/pegasus_crt.a(forkexit.o)
 .note.GNU-stack
                0x0000000000000000        0x0 ../lib/pegasus_crt.a(mem.o)
 .note.GNU-stack
                0x0000000000000000        0x0 ../lib/pegasus_crt.a(my_process.o)
 .note.GNU-stack
                0x0000000000000000        0x0 ../lib/pegasus_crt.a(thread.o)

Memory Configuration

Name             Origin             Length             Attributes
*default*        0x0000000000000000 0xffffffffffffffff

Linker script and memory map

Address of section .text set to 0xc0001500
LOAD test.o
LOAD start.o
LOAD ../lib/pegasus_crt.a
                [!provide]                        PROVIDE (__executable_start = SEGMENT_START ("text-segment", 0x8048000))
                0x0000000008048094                . = (SEGMENT_START ("text-segment", 0x8048000) + SIZEOF_HEADERS)

.interp
 *(.interp)

.note.gnu.build-id
 *(.note.gnu.build-id)

.hash
 *(.hash)

.gnu.hash
 *(.gnu.hash)

.dynsym
 *(.dynsym)

.dynstr
 *(.dynstr)

.gnu.version
 *(.gnu.version)

.gnu.version_d
 *(.gnu.version_d)

.gnu.version_r
 *(.gnu.version_r)

.rel.dyn        0x0000000008048094        0x0
 *(.rel.init)
 *(.rel.text .rel.text.* .rel.gnu.linkonce.t.*)
 .rel.text      0x0000000008048094        0x0 test.o
 *(.rel.fini)
 *(.rel.rodata .rel.rodata.* .rel.gnu.linkonce.r.*)
 *(.rel.data.rel.ro .rel.data.rel.ro.* .rel.gnu.linkonce.d.rel.ro.*)
 *(.rel.data .rel.data.* .rel.gnu.linkonce.d.*)
 *(.rel.tdata .rel.tdata.* .rel.gnu.linkonce.td.*)
 *(.rel.tbss .rel.tbss.* .rel.gnu.linkonce.tb.*)
 *(.rel.ctors)
 *(.rel.dtors)
 *(.rel.got)
 .rel.got       0x0000000008048094        0x0 test.o
 *(.rel.bss .rel.bss.* .rel.gnu.linkonce.b.*)
 *(.rel.ifunc)

.rel.plt        0x0000000008048094        0x0
 *(.rel.plt)
                [!provide]                        PROVIDE (__rel_iplt_start = .)
 *(.rel.iplt)
 .rel.iplt      0x0000000008048094        0x0 test.o
                [!provide]                        PROVIDE (__rel_iplt_end = .)

.init
 *(SORT_NONE(.init))

.plt            0x0000000008048098        0x0
 *(.plt)
 *(.iplt)
 .iplt          0x0000000008048098        0x0 test.o

.plt.got
 *(.plt.got)

.plt.sec
 *(.plt.sec)

.text           0x00000000c0001500     0x9e97
 *(.text.unlikely .text.*_unlikely .text.unlikely.*)
 *(.text.exit .text.exit.*)
 *(.text.startup .text.startup.*)
 *(.text.hot .text.hot.*)
 *(.text .stub .text.* .gnu.linkonce.t.*)
 .text          0x00000000c0001500       0x3e test.o
                0x00000000c0001500                main
 *fill*         0x00000000c000153e        0x2 
 .text          0x00000000c0001540       0x10 start.o
                0x00000000c0001540                _start
 .text          0x00000000c0001550       0x29 ../lib/pegasus_crt.a(exit.o)
                0x00000000c0001550                exit
 .text          0x00000000c0001579     0x2d69 ../lib/pegasus_crt.a(kernel_main_old.o)
                0x00000000c0001579                intr_enable
                0x00000000c00015a2                intr_disable
                0x00000000c00015cb                intr_set_status
                0x00000000c00015e9                intr_get_status
                0x00000000c0001606                Memcpy
                0x00000000c0001639                untar
                0x00000000c0001949                atoi
                0x00000000c00019ef                disp_int
                0x00000000c0001a18                do_page_fault
                0x00000000c0001b55                exception_handler
                0x00000000c0001d3c                exception_handler2
                0x00000000c0001edd                init_internal_interrupt
                0x00000000c0002052                test
                0x00000000c000207b                disp_str_colour3
                0x00000000c0002081                spurious_irq
                0x00000000c000210f                init_keyboard
                0x00000000c000217c                init2
                0x00000000c00021aa                u_thread_a
                0x00000000c00021c2                kernel_main2
                0x00000000c0002432                TestTTY
                0x00000000c00024d1                TestFS
                0x00000000c00028d9                wait_exit
                0x00000000c00029a7                INIT_fork
                0x00000000c0002c8a                simple_shell
                0x00000000c0002e88                test_split_str
                0x00000000c0003015                test_shell
                0x00000000c000307d                test_exec
                0x00000000c0003118                INIT
                0x00000000c0003125                TestA
                0x00000000c000315a                delay
                0x00000000c000319e                TestB
                0x00000000c00031b6                TestC
                0x00000000c00031e9                sys_get_ticks
                0x00000000c00031f9                sys_write
                0x00000000c000324d                milli_delay
                0x00000000c0003289                TaskSys
                0x00000000c000328e                Printf
                0x00000000c00032ec                vsprintf
                0x00000000c0003498                printx
                0x00000000c00034db                sys_printx
                0x00000000c00035a7                spin
                0x00000000c00035cd                panic
                0x00000000c00035eb                assertion_failure
                0x00000000c0003622                dead_lock
                0x00000000c000362c                sys_send_msg
                0x00000000c0003a13                sys_receive_msg
                0x00000000c0003f11                disp_str_colour_debug
                0x00000000c0003f17                send_rec
                0x00000000c0004013                block
                0x00000000c000404f                unblock
                0x00000000c000409f                get_ticks_ipc
                0x00000000c00040ea                itoa
                0x00000000c0004140                i2a
                0x00000000c00041a6                inform_int
                0x00000000c0004273                strcmp
 .text          0x00000000c00042e2      0x329 ../lib/pegasus_crt.a(double_link_list.o)
                0x00000000c00042e2                initDoubleLinkList
                0x00000000c0004310                isListEmpty
                0x00000000c0004331                findElementInList
                0x00000000c000440d                appendToDoubleLinkList
                0x00000000c00044f4                insertToDoubleLinkList
                0x00000000c0004577                popFromDoubleLinkList
 *fill*         0x00000000c000460b        0x5 
 .text          0x00000000c0004610      0x325 ../lib/pegasus_crt.a(kernel.o)
                0x00000000c0004610                InterruptTest
                0x00000000c000461c                disp_str
                0x00000000c0004657                disp_str_colour
                0x00000000c0004693                divide_zero_fault
                0x00000000c0004699                single_step_fault
                0x00000000c000469f                non_maskable_interrupt
                0x00000000c00046a5                breakpoint_trap
                0x00000000c00046ab                overflow_trap
                0x00000000c00046b1                bound_range_exceeded_fault
                0x00000000c00046b7                invalid_opcode_fault
                0x00000000c00046bd                coprocessor_not_available_fault
                0x00000000c00046c3                double_fault_exception_abort
                0x00000000c00046c7                coprocessor_segment_overrun
                0x00000000c00046cd                invalid_task_state_segment_fault
                0x00000000c00046d1                segment_not_present_fault
                0x00000000c00046d5                stack_exception_fault
                0x00000000c00046d9                general_protection_exception_fault
                0x00000000c00046e4                page_fault
                0x00000000c00046e8                coprocessor_error_fault
                0x00000000c00046ee                align_check_fault
                0x00000000c00046f2                simd_float_exception_fault
                0x00000000c0004701                hwint0
                0x00000000c000472e                hwint1
                0x00000000c0004770                hwint14
                0x00000000c00047ae                sys_call
                0x00000000c00047f3                fork_restart
                0x00000000c00047fc                restart
                0x00000000c000481d                in_byte
                0x00000000c0004829                out_byte
                0x00000000c000484b                disable_int
                0x00000000c000484d                enable_int
                0x00000000c00048e3                enable_8259A_casecade_irq
                0x00000000c00048ed                disable_8259A_casecade_irq
                0x00000000c00048f7                enable_8259A_slave_winchester_irq
                0x00000000c0004901                disable_8259A_slave_winchester_irq
                0x00000000c000490b                update_cr3
                0x00000000c0004918                update_tss
                0x00000000c0004927                get_running_thread_pcb
                0x00000000c000492f                sys_call_test
 .text          0x00000000c0004935      0x286 ../lib/pegasus_crt.a(kernel_main.o)
                0x00000000c0004935                kernel_main
                0x00000000c0004a10                init
                0x00000000c0004ac0                kernel_thread_a
                0x00000000c0004b0d                kernel_thread_b
                0x00000000c0004b5a                kernel_thread_c
                0x00000000c0004b70                kernel_thread_d
                0x00000000c0004b86                user_proc_a
                0x00000000c0004ba3                user_proc_b
 .text          0x00000000c0004bbb      0xe18 ../lib/pegasus_crt.a(hd.o)
                0x00000000c0004bbb                TaskHD
                0x00000000c0004c00                init_hd
                0x00000000c0004c1a                hd_handle
                0x00000000c0004d1f                hd_cmd_out
                0x00000000c0004e21                hd_identify
                0x00000000c0004ed8                print_hdinfo
                0x00000000c0005066                print_dpt_entry
                0x00000000c00050d2                get_partition_table
                0x00000000c00051b1                partition
                0x00000000c00053cb                hd_open
                0x00000000c0005462                get_hd_ioctl
                0x00000000c0005503                wait_for
                0x00000000c0005534                interrupt_wait
                0x00000000c0005585                hd_rdwt
                0x00000000c000583e                hd_handler
                0x00000000c000586a                waitfor
                0x00000000c00058ae                print_hd_info
                0x00000000c000599b                is_empty
 *fill*         0x00000000c00059d3        0xd 
 .text          0x00000000c00059e0       0x89 ../lib/pegasus_crt.a(syscall.o)
                0x00000000c00059e0                get_ticks
                0x00000000c00059e8                write2
                0x00000000c00059f8                write_debug
                0x00000000c0005a18                send_msg
                0x00000000c0005a3e                receive_msg
                0x00000000c0005a54                sys_malloc
 .text          0x00000000c0005a69     0x2031 ../lib/pegasus_crt.a(fs_main.o)
                0x00000000c0005a69                task_fs
                0x00000000c0005c74                rd_wt
                0x00000000c0005d4e                mkfs
                0x00000000c0006330                init_fs
                0x00000000c0006385                do_open
                0x00000000c0006554                search_file
                0x00000000c0006686                strip_path
                0x00000000c0006752                get_inode
                0x00000000c0006914                create_file
                0x00000000c0006a1f                alloc_imap_bit
                0x00000000c0006b1c                alloc_smap_bit
                0x00000000c0006cbd                new_inode
                0x00000000c0006ddb                new_dir_entry
                0x00000000c0006fe7                do_unlink
                0x00000000c00074c3                do_rdwt
                0x00000000c000784e                sync_inode
                0x00000000c00079a2                put_inode
                0x00000000c00079e0                do_close
                0x00000000c0007a32                get_super_block
 .text          0x00000000c0007a9a        0x0 ../lib/pegasus_crt.a(global.o)
 .text          0x00000000c0007a9a      0x225 ../lib/pegasus_crt.a(process.o)
                0x00000000c0007a9a                check
                0x00000000c0007ac1                schedule_process
                0x00000000c0007bc6                clock_handler
                0x00000000c0007c36                pid2proc
                0x00000000c0007ca8                proc2pid
 .text          0x00000000c0007cbf      0x3a0 ../lib/pegasus_crt.a(protect.o)
                0x00000000c0007cbf                InitDescriptor
                0x00000000c0007d2c                Seg2PhyAddr
                0x00000000c0007d6d                Seg2PhyAddrLDT
                0x00000000c0007db1                VirAddr2PhyAddr
                0x00000000c0007dc7                v2l
                0x00000000c0007e0a                init_propt
                0x00000000c0007f78                InitInterruptDesc
                0x00000000c0007fd4                ReloadGDT
 .text          0x00000000c000805f      0xaba ../lib/pegasus_crt.a(console.o)
                0x00000000c000805f                select_console
                0x00000000c000809b                flush
                0x00000000c00080d4                set_cursor
                0x00000000c0008132                set_console_start_video_addr
                0x00000000c0008190                put_key
                0x00000000c00081fc                scroll_up
                0x00000000c000823e                scroll_down
                0x00000000c00082a9                out_char
                0x00000000c0008466                tty_dev_read
                0x00000000c0008490                tty_dev_write
                0x00000000c00086ac                tty_do_read
                0x00000000c0008774                tty_do_write
                0x00000000c00088d8                init_screen
                0x00000000c0008961                init_tty
                0x00000000c0008a16                TaskTTY
 .text          0x00000000c0008b19      0x40f ../lib/pegasus_crt.a(keyboard.o)
                0x00000000c0008b19                keyboard_handler
                0x00000000c0008b9d                read_from_keyboard_buf
                0x00000000c0008c03                keyboard_read
                0x00000000c0008d82                init_keyboard_handler
                0x00000000c0008d96                in_process
 .text          0x00000000c0008f28       0x85 ../lib/pegasus_crt.a(open.o)
                0x00000000c0008f28                open
 .text          0x00000000c0008fad       0x74 ../lib/pegasus_crt.a(read.o)
                0x00000000c0008fad                read
 .text          0x00000000c0009021       0x74 ../lib/pegasus_crt.a(write.o)
                0x00000000c0009021                write
 .text          0x00000000c0009095       0x4c ../lib/pegasus_crt.a(close.o)
                0x00000000c0009095                close
 .text          0x00000000c00090e1       0x3e ../lib/pegasus_crt.a(wait.o)
                0x00000000c00090e1                wait
 .text          0x00000000c000911f       0x5f ../lib/pegasus_crt.a(fork.o)
                0x00000000c000911f                fork
 .text          0x00000000c000917e      0x258 ../lib/pegasus_crt.a(exec.o)
                0x00000000c000917e                exec
                0x00000000c00091e9                execv
                0x00000000c00093b1                execl
 .text          0x00000000c00093d6      0x148 ../lib/pegasus_crt.a(main.o)
                0x00000000c00093d6                TaskMM
                0x00000000c00094ff                alloc_mem
 .text          0x00000000c000951e      0x338 ../lib/pegasus_crt.a(exec.o)
                0x00000000c000951e                do_exec2
                0x00000000c0009532                do_exec
 .text          0x00000000c0009856      0x285 ../lib/pegasus_crt.a(forkexit.o)
                0x00000000c0009856                do_fork
                0x00000000c00098c1                do_exit
                0x00000000c00099bd                do_wait
                0x00000000c0009a87                cleanup
 .text          0x00000000c0009adb     0x103f ../lib/pegasus_crt.a(mem.o)
                0x00000000c0009adb                init_bitmap
                0x00000000c0009afe                test_bit_val
                0x00000000c0009b67                set_bit_val
                0x00000000c0009be2                set_bits
                0x00000000c0009c1c                get_first_free_bit
                0x00000000c0009c60                get_bits
                0x00000000c0009d28                get_a_page2
                0x00000000c0009d57                get_a_page
                0x00000000c0009de6                get_virtual_address
                0x00000000c0009e76                ptr_pde
                0x00000000c0009e89                ptr_pte
                0x00000000c0009eb0                add_map_entry
                0x00000000c0009f3e                alloc_virtual_memory
                0x00000000c000a005                get_physical_address
                0x00000000c000a037                alloc_physical_memory
                0x00000000c000a0ed                alloc_memory
                0x00000000c000a14f                get_a_virtual_page
                0x00000000c000a179                block2arena
                0x00000000c000a18f                sys_malloc2
                0x00000000c000a43e                remove_map_entry
                0x00000000c000a45f                free_a_page
                0x00000000c000a506                sys_free
                0x00000000c000a689                init_memory_block_desc
                0x00000000c000a75a                init_memory2
                0x00000000c000a9d1                init_memory
 .text          0x00000000c000ab1a      0x6b5 ../lib/pegasus_crt.a(my_process.o)
                0x00000000c000ab1a                create_user_process_address_space
                0x00000000c000abaa                user_process
                0x00000000c000acb9                clone_pcb
                0x00000000c000adbd                build_body_stack
                0x00000000c000aef0                build_process_kernel_stack
                0x00000000c000afb3                fork_process
                0x00000000c000b05e                process_execute
 *fill*         0x00000000c000b1cf        0x1 
 .text          0x00000000c000b1d0       0x15 ../lib/pegasus_crt.a(switch_to.o)
                0x00000000c000b1d0                switch_to
 .text          0x00000000c000b1e5      0x1b2 ../lib/pegasus_crt.a(thread.o)
                0x00000000c000b1e5                kernel_thread
                0x00000000c000b1fd                thread_init
                0x00000000c000b2aa                thread_create
                0x00000000c000b2df                thread_start
 *(.gnu.warning)

.fini
 *(SORT_NONE(.fini))
                [!provide]                        PROVIDE (__etext = .)
                [!provide]                        PROVIDE (_etext = .)
                [!provide]                        PROVIDE (etext = .)

.rodata         0x00000000c000b3a0      0xe2e
 *(.rodata .rodata.* .gnu.linkonce.r.*)
 .rodata        0x00000000c000b3a0       0x10 test.o
 *fill*         0x00000000c000b3b0       0x10 
 .rodata        0x00000000c000b3c0      0x8b1 ../lib/pegasus_crt.a(kernel_main_old.o)
 .rodata        0x00000000c000bc71       0x2c ../lib/pegasus_crt.a(double_link_list.o)
 .rodata        0x00000000c000bc9d       0xa3 ../lib/pegasus_crt.a(kernel_main.o)
 .rodata        0x00000000c000bd40      0x19e ../lib/pegasus_crt.a(hd.o)
 *fill*         0x00000000c000bede        0x2 
 .rodata        0x00000000c000bee0      0x1eb ../lib/pegasus_crt.a(fs_main.o)
                0x00000000c000bee0                FSBUF_SIZE
 .rodata        0x00000000c000c0cb       0x26 ../lib/pegasus_crt.a(process.o)
 .rodata        0x00000000c000c0f1       0x22 ../lib/pegasus_crt.a(console.o)
 .rodata        0x00000000c000c113       0x24 ../lib/pegasus_crt.a(close.o)
 .rodata        0x00000000c000c137       0x1b ../lib/pegasus_crt.a(fork.o)
 .rodata        0x00000000c000c152       0x31 ../lib/pegasus_crt.a(exec.o)
 .rodata        0x00000000c000c183       0x11 ../lib/pegasus_crt.a(main.o)
 .rodata        0x00000000c000c194       0x10 ../lib/pegasus_crt.a(exec.o)
 .rodata        0x00000000c000c1a4       0x2a ../lib/pegasus_crt.a(mem.o)

.txt            0x00000000c000c1ce       0xaa
 .txt           0x00000000c000c1ce       0x82 ../lib/pegasus_crt.a(string.o)
                0x00000000c000c1ce                Memcpy2
                0x00000000c000c1fc                Memset
                0x00000000c000c21b                Strcpy
                0x00000000c000c235                Strlen
 .txt           0x00000000c000c250       0x28 ../lib/pegasus_crt.a(hd_rdwt.o)
                0x00000000c000c250                read_port
                0x00000000c000c264                write_port

.rodata1
 *(.rodata1)

.eh_frame_hdr
 *(.eh_frame_hdr)
 *(.eh_frame_entry .eh_frame_entry.*)

.eh_frame       0x00000000c000c278     0x1868
 *(.eh_frame)
 .eh_frame      0x00000000c000c278       0x44 test.o
 .eh_frame      0x00000000c000c2bc       0x20 ../lib/pegasus_crt.a(exit.o)
                                         0x38 (size before relaxing)
 .eh_frame      0x00000000c000c2dc      0x6dc ../lib/pegasus_crt.a(kernel_main_old.o)
                                        0x6f4 (size before relaxing)
 .eh_frame      0x00000000c000c9b8       0xc0 ../lib/pegasus_crt.a(double_link_list.o)
                                         0xd8 (size before relaxing)
 .eh_frame      0x00000000c000ca78       0xe4 ../lib/pegasus_crt.a(kernel_main.o)
                                         0xfc (size before relaxing)
 .eh_frame      0x00000000c000cb5c      0x244 ../lib/pegasus_crt.a(hd.o)
                                        0x25c (size before relaxing)
 .eh_frame      0x00000000c000cda0      0x27c ../lib/pegasus_crt.a(fs_main.o)
                                        0x294 (size before relaxing)
 .eh_frame      0x00000000c000d01c       0xa0 ../lib/pegasus_crt.a(process.o)
                                         0xb8 (size before relaxing)
 .eh_frame      0x00000000c000d0bc      0x100 ../lib/pegasus_crt.a(protect.o)
                                        0x118 (size before relaxing)
 .eh_frame      0x00000000c000d1bc      0x1e0 ../lib/pegasus_crt.a(console.o)
                                        0x1f8 (size before relaxing)
 .eh_frame      0x00000000c000d39c       0xa0 ../lib/pegasus_crt.a(keyboard.o)
                                         0xb8 (size before relaxing)
 .eh_frame      0x00000000c000d43c       0x20 ../lib/pegasus_crt.a(open.o)
                                         0x38 (size before relaxing)
 .eh_frame      0x00000000c000d45c       0x20 ../lib/pegasus_crt.a(read.o)
                                         0x38 (size before relaxing)
 .eh_frame      0x00000000c000d47c       0x20 ../lib/pegasus_crt.a(write.o)
                                         0x38 (size before relaxing)
 .eh_frame      0x00000000c000d49c       0x20 ../lib/pegasus_crt.a(close.o)
                                         0x38 (size before relaxing)
 .eh_frame      0x00000000c000d4bc       0x20 ../lib/pegasus_crt.a(wait.o)
                                         0x38 (size before relaxing)
 .eh_frame      0x00000000c000d4dc       0x20 ../lib/pegasus_crt.a(fork.o)
                                         0x38 (size before relaxing)
 .eh_frame      0x00000000c000d4fc       0x64 ../lib/pegasus_crt.a(exec.o)
                                         0x7c (size before relaxing)
 .eh_frame      0x00000000c000d560       0x3c ../lib/pegasus_crt.a(main.o)
                                         0x54 (size before relaxing)
 .eh_frame      0x00000000c000d59c       0x40 ../lib/pegasus_crt.a(exec.o)
                                         0x58 (size before relaxing)
 .eh_frame      0x00000000c000d5dc       0x80 ../lib/pegasus_crt.a(forkexit.o)
                                         0x98 (size before relaxing)
 .eh_frame      0x00000000c000d65c      0x324 ../lib/pegasus_crt.a(mem.o)
                                        0x33c (size before relaxing)
 .eh_frame      0x00000000c000d980       0xe0 ../lib/pegasus_crt.a(my_process.o)
                                         0xf8 (size before relaxing)
 .eh_frame      0x00000000c000da60       0x80 ../lib/pegasus_crt.a(thread.o)
                                         0x98 (size before relaxing)
 *(.eh_frame.*)

.gcc_except_table
 *(.gcc_except_table .gcc_except_table.*)

.gnu_extab
 *(.gnu_extab*)

.exception_ranges
 *(.exception_ranges .exception_ranges*)
                0x00000000c000f000                . = DATA_SEGMENT_ALIGN (CONSTANT (MAXPAGESIZE), CONSTANT (COMMONPAGESIZE))

.eh_frame
 *(.eh_frame)
 *(.eh_frame.*)

.gnu_extab
 *(.gnu_extab)

.gcc_except_table
 *(.gcc_except_table .gcc_except_table.*)

.exception_ranges
 *(.exception_ranges .exception_ranges*)

.tdata
 *(.tdata .tdata.* .gnu.linkonce.td.*)

.tbss
 *(.tbss .tbss.* .gnu.linkonce.tb.*)
 *(.tcommon)

.preinit_array  0x00000000c000f000        0x0
                [!provide]                        PROVIDE (__preinit_array_start = .)
 *(.preinit_array)
                [!provide]                        PROVIDE (__preinit_array_end = .)

.init_array     0x00000000c000f000        0x0
                [!provide]                        PROVIDE (__init_array_start = .)
 *(SORT_BY_INIT_PRIORITY(.init_array.*) SORT_BY_INIT_PRIORITY(.ctors.*))
 *(.init_array EXCLUDE_FILE(*crtend?.o *crtend.o *crtbegin?.o *crtbegin.o) .ctors)
                [!provide]                        PROVIDE (__init_array_end = .)

.fini_array     0x00000000c000f000        0x0
                [!provide]                        PROVIDE (__fini_array_start = .)
 *(SORT_BY_INIT_PRIORITY(.fini_array.*) SORT_BY_INIT_PRIORITY(.dtors.*))
 *(.fini_array EXCLUDE_FILE(*crtend?.o *crtend.o *crtbegin?.o *crtbegin.o) .dtors)
                [!provide]                        PROVIDE (__fini_array_end = .)

.ctors
 *crtbegin.o(.ctors)
 *crtbegin?.o(.ctors)
 *(EXCLUDE_FILE(*crtend?.o *crtend.o) .ctors)
 *(SORT_BY_NAME(.ctors.*))
 *(.ctors)

.dtors
 *crtbegin.o(.dtors)
 *crtbegin?.o(.dtors)
 *(EXCLUDE_FILE(*crtend?.o *crtend.o) .dtors)
 *(SORT_BY_NAME(.dtors.*))
 *(.dtors)

.jcr
 *(.jcr)

.data.rel.ro
 *(.data.rel.ro.local* .gnu.linkonce.d.rel.ro.local.*)
 *(.data.rel.ro .data.rel.ro.* .gnu.linkonce.d.rel.ro.*)

.dynamic
 *(.dynamic)

.got            0x00000000c000f000        0x0
 *(.got)
 .got           0x00000000c000f000        0x0 test.o
 *(.igot)
                0x00000000c000f000                . = DATA_SEGMENT_RELRO_END (., (SIZEOF (.got.plt) >= 0xc)?0xc:0x0)

.got.plt        0x00000000c000f000        0x0
 *(.got.plt)
 .got.plt       0x00000000c000f000        0x0 test.o
 *(.igot.plt)
 .igot.plt      0x00000000c000f000        0x0 test.o

.data           0x00000000c000f000      0x760
 *(.data .data.* .gnu.linkonce.d.*)
 .data          0x00000000c000f000        0x0 test.o
 .data          0x00000000c000f000        0x0 ../lib/pegasus_crt.a(exit.o)
 .data          0x00000000c000f000        0x0 ../lib/pegasus_crt.a(kernel_main_old.o)
 .data          0x00000000c000f000        0x0 ../lib/pegasus_crt.a(double_link_list.o)
 .data          0x00000000c000f000        0xf ../lib/pegasus_crt.a(kernel.o)
 .data          0x00000000c000f00f        0x0 ../lib/pegasus_crt.a(kernel_main.o)
 .data          0x00000000c000f00f        0x0 ../lib/pegasus_crt.a(hd.o)
 *fill*         0x00000000c000f00f        0x1 
 .data          0x00000000c000f010        0x0 ../lib/pegasus_crt.a(syscall.o)
 .data          0x00000000c000f010        0x0 ../lib/pegasus_crt.a(fs_main.o)
 *fill*         0x00000000c000f010       0x10 
 .data          0x00000000c000f020      0x124 ../lib/pegasus_crt.a(global.o)
                0x00000000c000f020                user_task_table
                0x00000000c000f0a0                sys_task_table
                0x00000000c000f12c                sys_call_table
 .data          0x00000000c000f144        0x0 ../lib/pegasus_crt.a(process.o)
 .data          0x00000000c000f144        0x0 ../lib/pegasus_crt.a(protect.o)
 .data          0x00000000c000f144        0x0 ../lib/pegasus_crt.a(console.o)
 *fill*         0x00000000c000f144       0x1c 
 .data          0x00000000c000f160      0x600 ../lib/pegasus_crt.a(keyboard.o)
                0x00000000c000f160                keymap
 .data          0x00000000c000f760        0x0 ../lib/pegasus_crt.a(open.o)
 .data          0x00000000c000f760        0x0 ../lib/pegasus_crt.a(read.o)
 .data          0x00000000c000f760        0x0 ../lib/pegasus_crt.a(write.o)
 .data          0x00000000c000f760        0x0 ../lib/pegasus_crt.a(close.o)
 .data          0x00000000c000f760        0x0 ../lib/pegasus_crt.a(wait.o)
 .data          0x00000000c000f760        0x0 ../lib/pegasus_crt.a(fork.o)
 .data          0x00000000c000f760        0x0 ../lib/pegasus_crt.a(exec.o)
 .data          0x00000000c000f760        0x0 ../lib/pegasus_crt.a(main.o)
 .data          0x00000000c000f760        0x0 ../lib/pegasus_crt.a(exec.o)
 .data          0x00000000c000f760        0x0 ../lib/pegasus_crt.a(forkexit.o)
 .data          0x00000000c000f760        0x0 ../lib/pegasus_crt.a(mem.o)
 .data          0x00000000c000f760        0x0 ../lib/pegasus_crt.a(my_process.o)
 .data          0x00000000c000f760        0x0 ../lib/pegasus_crt.a(thread.o)

.data1
 *(.data1)
                0x00000000c000f760                _edata = .
                [!provide]                        PROVIDE (edata = .)
                0x00000000c000f760                . = .
                0x00000000c000f760                __bss_start = .

.bss            0x00000000c000f760    0x74910
 *(.dynbss)
 *(.bss .bss.* .gnu.linkonce.b.*)
 .bss           0x00000000c000f760        0x0 test.o
 .bss           0x00000000c000f760        0x0 ../lib/pegasus_crt.a(exit.o)
 .bss           0x00000000c000f760        0x0 ../lib/pegasus_crt.a(kernel_main_old.o)
 .bss           0x00000000c000f760        0x0 ../lib/pegasus_crt.a(double_link_list.o)
 .bss           0x00000000c000f760      0x800 ../lib/pegasus_crt.a(kernel.o)
 .bss           0x00000000c000ff60        0x0 ../lib/pegasus_crt.a(kernel_main.o)
 .bss           0x00000000c000ff60        0x0 ../lib/pegasus_crt.a(hd.o)
 .bss           0x00000000c000ff60        0x4 ../lib/pegasus_crt.a(fs_main.o)
                0x00000000c000ff60                c
 .bss           0x00000000c000ff64        0x0 ../lib/pegasus_crt.a(global.o)
 .bss           0x00000000c000ff64        0x0 ../lib/pegasus_crt.a(process.o)
 .bss           0x00000000c000ff64        0x0 ../lib/pegasus_crt.a(protect.o)
 .bss           0x00000000c000ff64        0x0 ../lib/pegasus_crt.a(console.o)
 .bss           0x00000000c000ff64        0x0 ../lib/pegasus_crt.a(keyboard.o)
 .bss           0x00000000c000ff64        0x0 ../lib/pegasus_crt.a(open.o)
 .bss           0x00000000c000ff64        0x0 ../lib/pegasus_crt.a(read.o)
 .bss           0x00000000c000ff64        0x0 ../lib/pegasus_crt.a(write.o)
 .bss           0x00000000c000ff64        0x0 ../lib/pegasus_crt.a(close.o)
 .bss           0x00000000c000ff64        0x0 ../lib/pegasus_crt.a(wait.o)
 .bss           0x00000000c000ff64        0x0 ../lib/pegasus_crt.a(fork.o)
 .bss           0x00000000c000ff64        0x0 ../lib/pegasus_crt.a(exec.o)
 .bss           0x00000000c000ff64        0x0 ../lib/pegasus_crt.a(main.o)
 .bss           0x00000000c000ff64        0x0 ../lib/pegasus_crt.a(exec.o)
 .bss           0x00000000c000ff64        0x0 ../lib/pegasus_crt.a(forkexit.o)
 .bss           0x00000000c000ff64        0x0 ../lib/pegasus_crt.a(mem.o)
 .bss           0x00000000c000ff64        0x0 ../lib/pegasus_crt.a(my_process.o)
 .bss           0x00000000c000ff64        0x0 ../lib/pegasus_crt.a(thread.o)
 *(COMMON)
 *fill*         0x00000000c000ff64       0x1c 
 COMMON         0x00000000c000ff80     0x1755 ../lib/pegasus_crt.a(exit.o)
                0x00000000c000ff80                current_tty
                0x00000000c000ff84                is_e0
                0x00000000c000ff88                idt_ptr
                0x00000000c000ff90                pid
                0x00000000c000ff94                dis_pos
                0x00000000c000ff98                k_reenter
                0x00000000c000ffa0                gdt
                0x00000000c00103a0                proc_ready_table
                0x00000000c00103a4                test_ticks
                0x00000000c00103a8                pcaller
                0x00000000c00103c0                keyboard_buffer
                0x00000000c00105cc                pcb_list
                0x00000000c00105dc                gdt_index
                0x00000000c00105e0                tty_table
                0x00000000c0010e20                tss
                0x00000000c0010e8c                counter
                0x00000000c0010e90                key_pressed
                0x00000000c0010e94                is_shift
                0x00000000c0010e98                gdt_ptr
                0x00000000c0010ea0                idt
                0x00000000c00116a0                main_thread
                0x00000000c00116a8                ticks
                0x00000000c00116b0                is_init
                0x00000000c00116b4                all_pcb_list
                0x00000000c00116c4                console_table
                0x00000000c00116d4                is_disp
 *fill*         0x00000000c00116d5        0x3 
 COMMON         0x00000000c00116d8       0x2c ../lib/pegasus_crt.a(kernel_main_old.o)
                0x00000000c00116d8                KernelVirtualMemory
                0x00000000c00116e4                KernelPool
                0x00000000c00116f4                UserPool
 *fill*         0x00000000c0011704       0x1c 
 COMMON         0x00000000c0011720      0x440 ../lib/pegasus_crt.a(hd.o)
                0x00000000c0011720                hd_info
                0x00000000c0011960                hd_cache
 COMMON         0x00000000c0011b60      0xe68 ../lib/pegasus_crt.a(fs_main.o)
                0x00000000c0011b60                file_desc_table
                0x00000000c0011f60                phy_super_block_buf
                0x00000000c0011f64                phy_fsbuf
                0x00000000c0011f80                inode_table
                0x00000000c0012980                super_block_buf
                0x00000000c0012984                fsbuf
                0x00000000c00129a0                root
 *fill*         0x00000000c00129c8       0x18 
 COMMON         0x00000000c00129e0    0x715a0 ../lib/pegasus_crt.a(global.o)
                0x00000000c00129e0                proc_stack
                0x00000000c00829e0                proc_table
 COMMON         0x00000000c0083f80       0xf0 ../lib/pegasus_crt.a(mem.o)
                0x00000000c0083f80                kernel_mem_block_decs_array
                0x00000000c0084070                . = ALIGN ((. != 0x0)?0x4:0x1)
                0x00000000c0084070                . = ALIGN (0x4)
                0x00000000c0084070                . = SEGMENT_START ("ldata-segment", .)
                0x00000000c0084070                . = ALIGN (0x4)
                0x00000000c0084070                _end = .
                [!provide]                        PROVIDE (end = .)
                0x00000000c0084070                . = DATA_SEGMENT_END (.)

.stab
 *(.stab)

.stabstr
 *(.stabstr)

.stab.excl
 *(.stab.excl)

.stab.exclstr
 *(.stab.exclstr)

.stab.index
 *(.stab.index)

.stab.indexstr
 *(.stab.indexstr)

.comment        0x0000000000000000       0x2c
 *(.comment)
 .comment       0x0000000000000000       0x2c test.o
                                         0x2d (size before relaxing)
 .comment       0x000000000000002c       0x2d ../lib/pegasus_crt.a(exit.o)
 .comment       0x000000000000002c       0x2d ../lib/pegasus_crt.a(kernel_main_old.o)
 .comment       0x000000000000002c       0x2d ../lib/pegasus_crt.a(double_link_list.o)
 .comment       0x000000000000002c       0x2d ../lib/pegasus_crt.a(kernel_main.o)
 .comment       0x000000000000002c       0x2d ../lib/pegasus_crt.a(hd.o)
 .comment       0x000000000000002c       0x2d ../lib/pegasus_crt.a(fs_main.o)
 .comment       0x000000000000002c       0x2d ../lib/pegasus_crt.a(global.o)
 .comment       0x000000000000002c       0x2d ../lib/pegasus_crt.a(process.o)
 .comment       0x000000000000002c       0x2d ../lib/pegasus_crt.a(protect.o)
 .comment       0x000000000000002c       0x2d ../lib/pegasus_crt.a(console.o)
 .comment       0x000000000000002c       0x2d ../lib/pegasus_crt.a(keyboard.o)
 .comment       0x000000000000002c       0x2d ../lib/pegasus_crt.a(open.o)
 .comment       0x000000000000002c       0x2d ../lib/pegasus_crt.a(read.o)
 .comment       0x000000000000002c       0x2d ../lib/pegasus_crt.a(write.o)
 .comment       0x000000000000002c       0x2d ../lib/pegasus_crt.a(close.o)
 .comment       0x000000000000002c       0x2d ../lib/pegasus_crt.a(wait.o)
 .comment       0x000000000000002c       0x2d ../lib/pegasus_crt.a(fork.o)
 .comment       0x000000000000002c       0x2d ../lib/pegasus_crt.a(exec.o)
 .comment       0x000000000000002c       0x2d ../lib/pegasus_crt.a(main.o)
 .comment       0x000000000000002c       0x2d ../lib/pegasus_crt.a(exec.o)
 .comment       0x000000000000002c       0x2d ../lib/pegasus_crt.a(forkexit.o)
 .comment       0x000000000000002c       0x2d ../lib/pegasus_crt.a(mem.o)
 .comment       0x000000000000002c       0x2d ../lib/pegasus_crt.a(my_process.o)
 .comment       0x000000000000002c       0x2d ../lib/pegasus_crt.a(thread.o)

.gnu.build.attributes
 *(.gnu.build.attributes .gnu.build.attributes.*)

.debug
 *(.debug)

.line
 *(.line)

.debug_srcinfo
 *(.debug_srcinfo)

.debug_sfnames
 *(.debug_sfnames)

.debug_aranges  0x0000000000000000      0x2f8
 *(.debug_aranges)
 .debug_aranges
                0x0000000000000000       0x20 ../lib/pegasus_crt.a(exit.o)
 .debug_aranges
                0x0000000000000020       0x20 ../lib/pegasus_crt.a(kernel_main_old.o)
 .debug_aranges
                0x0000000000000040       0x20 ../lib/pegasus_crt.a(double_link_list.o)
 .debug_aranges
                0x0000000000000060       0x20 ../lib/pegasus_crt.a(kernel_main.o)
 .debug_aranges
                0x0000000000000080       0x20 ../lib/pegasus_crt.a(hd.o)
 .debug_aranges
                0x00000000000000a0       0x20 ../lib/pegasus_crt.a(fs_main.o)
 .debug_aranges
                0x00000000000000c0       0x18 ../lib/pegasus_crt.a(global.o)
 .debug_aranges
                0x00000000000000d8       0x20 ../lib/pegasus_crt.a(process.o)
 .debug_aranges
                0x00000000000000f8       0x20 ../lib/pegasus_crt.a(protect.o)
 .debug_aranges
                0x0000000000000118       0x20 ../lib/pegasus_crt.a(console.o)
 .debug_aranges
                0x0000000000000138       0x20 ../lib/pegasus_crt.a(keyboard.o)
 .debug_aranges
                0x0000000000000158       0x20 ../lib/pegasus_crt.a(open.o)
 .debug_aranges
                0x0000000000000178       0x20 ../lib/pegasus_crt.a(read.o)
 .debug_aranges
                0x0000000000000198       0x20 ../lib/pegasus_crt.a(write.o)
 .debug_aranges
                0x00000000000001b8       0x20 ../lib/pegasus_crt.a(close.o)
 .debug_aranges
                0x00000000000001d8       0x20 ../lib/pegasus_crt.a(wait.o)
 .debug_aranges
                0x00000000000001f8       0x20 ../lib/pegasus_crt.a(fork.o)
 .debug_aranges
                0x0000000000000218       0x20 ../lib/pegasus_crt.a(exec.o)
 .debug_aranges
                0x0000000000000238       0x20 ../lib/pegasus_crt.a(main.o)
 .debug_aranges
                0x0000000000000258       0x20 ../lib/pegasus_crt.a(exec.o)
 .debug_aranges
                0x0000000000000278       0x20 ../lib/pegasus_crt.a(forkexit.o)
 .debug_aranges
                0x0000000000000298       0x20 ../lib/pegasus_crt.a(mem.o)
 .debug_aranges
                0x00000000000002b8       0x20 ../lib/pegasus_crt.a(my_process.o)
 .debug_aranges
                0x00000000000002d8       0x20 ../lib/pegasus_crt.a(thread.o)

.debug_pubnames
 *(.debug_pubnames)

.debug_info     0x0000000000000000    0x19df3
 *(.debug_info .gnu.linkonce.wi.*)
 .debug_info    0x0000000000000000      0xce3 ../lib/pegasus_crt.a(exit.o)
 .debug_info    0x0000000000000ce3     0x2963 ../lib/pegasus_crt.a(kernel_main_old.o)
 .debug_info    0x0000000000003646      0xf74 ../lib/pegasus_crt.a(double_link_list.o)
 .debug_info    0x00000000000045ba      0xec1 ../lib/pegasus_crt.a(kernel_main.o)
 .debug_info    0x000000000000547b     0x16e5 ../lib/pegasus_crt.a(hd.o)
 .debug_info    0x0000000000006b60     0x1e49 ../lib/pegasus_crt.a(fs_main.o)
 .debug_info    0x00000000000089a9      0xdba ../lib/pegasus_crt.a(global.o)
 .debug_info    0x0000000000009763      0xed1 ../lib/pegasus_crt.a(process.o)
 .debug_info    0x000000000000a634     0x10e5 ../lib/pegasus_crt.a(protect.o)
 .debug_info    0x000000000000b719     0x1194 ../lib/pegasus_crt.a(console.o)
 .debug_info    0x000000000000c8ad      0xf0e ../lib/pegasus_crt.a(keyboard.o)
 .debug_info    0x000000000000d7bb      0xd20 ../lib/pegasus_crt.a(open.o)
 .debug_info    0x000000000000e4db      0xd48 ../lib/pegasus_crt.a(read.o)
 .debug_info    0x000000000000f223      0xd51 ../lib/pegasus_crt.a(write.o)
 .debug_info    0x000000000000ff74      0xce6 ../lib/pegasus_crt.a(close.o)
 .debug_info    0x0000000000010c5a      0xcf1 ../lib/pegasus_crt.a(wait.o)
 .debug_info    0x000000000001194b      0xcd8 ../lib/pegasus_crt.a(fork.o)
 .debug_info    0x0000000000012623      0xe70 ../lib/pegasus_crt.a(exec.o)
 .debug_info    0x0000000000013493      0xcf6 ../lib/pegasus_crt.a(main.o)
 .debug_info    0x0000000000014189     0x1050 ../lib/pegasus_crt.a(exec.o)
 .debug_info    0x00000000000151d9      0xeb2 ../lib/pegasus_crt.a(forkexit.o)
 .debug_info    0x000000000001608b     0x1aab ../lib/pegasus_crt.a(mem.o)
 .debug_info    0x0000000000017b36     0x1331 ../lib/pegasus_crt.a(my_process.o)
 .debug_info    0x0000000000018e67      0xf8c ../lib/pegasus_crt.a(thread.o)

.debug_abbrev   0x0000000000000000     0x32c9
 *(.debug_abbrev)
 .debug_abbrev  0x0000000000000000      0x19b ../lib/pegasus_crt.a(exit.o)
 .debug_abbrev  0x000000000000019b      0x466 ../lib/pegasus_crt.a(kernel_main_old.o)
 .debug_abbrev  0x0000000000000601      0x216 ../lib/pegasus_crt.a(double_link_list.o)
 .debug_abbrev  0x0000000000000817      0x1df ../lib/pegasus_crt.a(kernel_main.o)
 .debug_abbrev  0x00000000000009f6      0x2d0 ../lib/pegasus_crt.a(hd.o)
 .debug_abbrev  0x0000000000000cc6      0x2dc ../lib/pegasus_crt.a(fs_main.o)
 .debug_abbrev  0x0000000000000fa2      0x157 ../lib/pegasus_crt.a(global.o)
 .debug_abbrev  0x00000000000010f9      0x1e9 ../lib/pegasus_crt.a(process.o)
 .debug_abbrev  0x00000000000012e2      0x227 ../lib/pegasus_crt.a(protect.o)
 .debug_abbrev  0x0000000000001509      0x297 ../lib/pegasus_crt.a(console.o)
 .debug_abbrev  0x00000000000017a0      0x1fb ../lib/pegasus_crt.a(keyboard.o)
 .debug_abbrev  0x000000000000199b      0x1c5 ../lib/pegasus_crt.a(open.o)
 .debug_abbrev  0x0000000000001b60      0x1c8 ../lib/pegasus_crt.a(read.o)
 .debug_abbrev  0x0000000000001d28      0x1c8 ../lib/pegasus_crt.a(write.o)
 .debug_abbrev  0x0000000000001ef0      0x19d ../lib/pegasus_crt.a(close.o)
 .debug_abbrev  0x000000000000208d      0x19f ../lib/pegasus_crt.a(wait.o)
 .debug_abbrev  0x000000000000222c      0x18a ../lib/pegasus_crt.a(fork.o)
 .debug_abbrev  0x00000000000023b6      0x1e8 ../lib/pegasus_crt.a(exec.o)
 .debug_abbrev  0x000000000000259e      0x208 ../lib/pegasus_crt.a(main.o)
 .debug_abbrev  0x00000000000027a6      0x1e0 ../lib/pegasus_crt.a(exec.o)
 .debug_abbrev  0x0000000000002986      0x204 ../lib/pegasus_crt.a(forkexit.o)
 .debug_abbrev  0x0000000000002b8a      0x2ea ../lib/pegasus_crt.a(mem.o)
 .debug_abbrev  0x0000000000002e74      0x233 ../lib/pegasus_crt.a(my_process.o)
 .debug_abbrev  0x00000000000030a7      0x222 ../lib/pegasus_crt.a(thread.o)

.debug_line     0x0000000000000000     0x470c
 *(.debug_line .debug_line.* .debug_line_end)
 .debug_line    0x0000000000000000       0xa0 ../lib/pegasus_crt.a(exit.o)
 .debug_line    0x00000000000000a0      0xed6 ../lib/pegasus_crt.a(kernel_main_old.o)
 .debug_line    0x0000000000000f76      0x253 ../lib/pegasus_crt.a(double_link_list.o)
 .debug_line    0x00000000000011c9      0x187 ../lib/pegasus_crt.a(kernel_main.o)
 .debug_line    0x0000000000001350      0x616 ../lib/pegasus_crt.a(hd.o)
 .debug_line    0x0000000000001966      0xc13 ../lib/pegasus_crt.a(fs_main.o)
 .debug_line    0x0000000000002579       0x95 ../lib/pegasus_crt.a(global.o)
 .debug_line    0x000000000000260e      0x193 ../lib/pegasus_crt.a(process.o)
 .debug_line    0x00000000000027a1      0x1fb ../lib/pegasus_crt.a(protect.o)
 .debug_line    0x000000000000299c      0x54c ../lib/pegasus_crt.a(console.o)
 .debug_line    0x0000000000002ee8      0x296 ../lib/pegasus_crt.a(keyboard.o)
 .debug_line    0x000000000000317e       0xbc ../lib/pegasus_crt.a(open.o)
 .debug_line    0x000000000000323a       0xb7 ../lib/pegasus_crt.a(read.o)
 .debug_line    0x00000000000032f1       0xb8 ../lib/pegasus_crt.a(write.o)
 .debug_line    0x00000000000033a9       0xad ../lib/pegasus_crt.a(close.o)
 .debug_line    0x0000000000003456       0xb7 ../lib/pegasus_crt.a(wait.o)
 .debug_line    0x000000000000350d       0xae ../lib/pegasus_crt.a(fork.o)
 .debug_line    0x00000000000035bb      0x168 ../lib/pegasus_crt.a(exec.o)
 .debug_line    0x0000000000003723       0xec ../lib/pegasus_crt.a(main.o)
 .debug_line    0x000000000000380f      0x1fb ../lib/pegasus_crt.a(exec.o)
 .debug_line    0x0000000000003a0a      0x18a ../lib/pegasus_crt.a(forkexit.o)
 .debug_line    0x0000000000003b94      0x725 ../lib/pegasus_crt.a(mem.o)
 .debug_line    0x00000000000042b9      0x30e ../lib/pegasus_crt.a(my_process.o)
 .debug_line    0x00000000000045c7      0x145 ../lib/pegasus_crt.a(thread.o)

.debug_frame
 *(.debug_frame)

.debug_str      0x0000000000000000     0x1cd3
 *(.debug_str)
 .debug_str     0x0000000000000000      0x47c ../lib/pegasus_crt.a(exit.o)
                                        0x53b (size before relaxing)
 .debug_str     0x000000000000047c      0x5d0 ../lib/pegasus_crt.a(kernel_main_old.o)
                                        0xba3 (size before relaxing)
 .debug_str     0x0000000000000a4c       0x97 ../lib/pegasus_crt.a(double_link_list.o)
                                        0x667 (size before relaxing)
 .debug_str     0x0000000000000ae3       0x64 ../lib/pegasus_crt.a(kernel_main.o)
                                        0x617 (size before relaxing)
 .debug_str     0x0000000000000b47      0x2a1 ../lib/pegasus_crt.a(hd.o)
                                        0x89a (size before relaxing)
 .debug_str     0x0000000000000de8      0x460 ../lib/pegasus_crt.a(fs_main.o)
                                        0xa87 (size before relaxing)
 .debug_str     0x0000000000001248        0x9 ../lib/pegasus_crt.a(global.o)
                                        0x5a6 (size before relaxing)
 .debug_str     0x0000000000001251       0x37 ../lib/pegasus_crt.a(process.o)
                                        0x5e6 (size before relaxing)
 .debug_str     0x0000000000001288      0x11b ../lib/pegasus_crt.a(protect.o)
                                        0x701 (size before relaxing)
 .debug_str     0x00000000000013a3      0x10d ../lib/pegasus_crt.a(console.o)
                                        0x6ec (size before relaxing)
 .debug_str     0x00000000000014b0       0x84 ../lib/pegasus_crt.a(keyboard.o)
                                        0x632 (size before relaxing)
 .debug_str     0x0000000000001534       0x20 ../lib/pegasus_crt.a(open.o)
                                        0x565 (size before relaxing)
 .debug_str     0x0000000000001554       0x13 ../lib/pegasus_crt.a(read.o)
                                        0x560 (size before relaxing)
 .debug_str     0x0000000000001567        0xc ../lib/pegasus_crt.a(write.o)
                                        0x562 (size before relaxing)
 .debug_str     0x0000000000001573        0xc ../lib/pegasus_crt.a(close.o)
                                        0x536 (size before relaxing)
 .debug_str     0x000000000000157f        0xb ../lib/pegasus_crt.a(wait.o)
                                        0x53b (size before relaxing)
 .debug_str     0x000000000000158a        0xb ../lib/pegasus_crt.a(fork.o)
                                        0x534 (size before relaxing)
 .debug_str     0x0000000000001595       0x1e ../lib/pegasus_crt.a(exec.o)
                                        0x58d (size before relaxing)
 .debug_str     0x00000000000015b3       0x32 ../lib/pegasus_crt.a(main.o)
                                        0x52e (size before relaxing)
 .debug_str     0x00000000000015e5      0x197 ../lib/pegasus_crt.a(exec.o)
                                        0x6fb (size before relaxing)
 .debug_str     0x000000000000177c       0x74 ../lib/pegasus_crt.a(forkexit.o)
                                        0x598 (size before relaxing)
 .debug_str     0x00000000000017f0      0x30f ../lib/pegasus_crt.a(mem.o)
                                        0x9c8 (size before relaxing)
 .debug_str     0x0000000000001aff      0x18a ../lib/pegasus_crt.a(my_process.o)
                                        0x858 (size before relaxing)
 .debug_str     0x0000000000001c89       0x4a ../lib/pegasus_crt.a(thread.o)
                                        0x6ad (size before relaxing)

.debug_loc
 *(.debug_loc)

.debug_macinfo
 *(.debug_macinfo)

.debug_weaknames
 *(.debug_weaknames)

.debug_funcnames
 *(.debug_funcnames)

.debug_typenames
 *(.debug_typenames)

.debug_varnames
 *(.debug_varnames)

.debug_pubtypes
 *(.debug_pubtypes)

.debug_ranges   0x0000000000000000       0x90
 *(.debug_ranges)
 .debug_ranges  0x0000000000000000       0x30 ../lib/pegasus_crt.a(kernel_main_old.o)
 .debug_ranges  0x0000000000000030       0x48 ../lib/pegasus_crt.a(hd.o)
 .debug_ranges  0x0000000000000078       0x18 ../lib/pegasus_crt.a(exec.o)

.debug_macro
 *(.debug_macro)

.debug_addr
 *(.debug_addr)

.gnu.attributes
 *(.gnu.attributes)

/DISCARD/
 *(.note.GNU-stack)
 *(.gnu_debuglink)
 *(.gnu.lto_*)
 *(.gnu_object_only)
OUTPUT(test elf32-i386)
