Archive member included to satisfy reference by file (symbol)

../lib/pegasus_crt.a(exit.o)  start.o (exit)
../lib/pegasus_crt.a(kernel_main_old.o)
                              test.o (Printf)
../lib/pegasus_crt.a(double_link_list.o)
                              ../lib/pegasus_crt.a(kernel_main_old.o) (appendToDoubleLinkList)
../lib/pegasus_crt.a(kernel.o)
                              ../lib/pegasus_crt.a(kernel_main_old.o) (disp_str)
../lib/pegasus_crt.a(string.o)
                              ../lib/pegasus_crt.a(kernel_main_old.o) (Memcpy2)
../lib/pegasus_crt.a(hd.o)    ../lib/pegasus_crt.a(kernel.o) (hd_handler)
../lib/pegasus_crt.a(syscall.o)
                              ../lib/pegasus_crt.a(kernel_main_old.o) (write_debug)
../lib/pegasus_crt.a(global.o)
                              ../lib/pegasus_crt.a(kernel.o) (sys_call_table)
../lib/pegasus_crt.a(hd_rdwt.o)
                              ../lib/pegasus_crt.a(hd.o) (read_port)
../lib/pegasus_crt.a(process.o)
                              ../lib/pegasus_crt.a(kernel_main_old.o) (schedule_process)
../lib/pegasus_crt.a(protect.o)
                              ../lib/pegasus_crt.a(kernel_main_old.o) (InitInterruptDesc)
../lib/pegasus_crt.a(console.o)
                              ../lib/pegasus_crt.a(kernel_main_old.o) (out_char)
../lib/pegasus_crt.a(keyboard.o)
                              ../lib/pegasus_crt.a(kernel.o) (keyboard_handler)
../lib/pegasus_crt.a(open.o)  ../lib/pegasus_crt.a(kernel_main_old.o) (open)
../lib/pegasus_crt.a(read.o)  ../lib/pegasus_crt.a(kernel_main_old.o) (read)
../lib/pegasus_crt.a(write.o)
                              ../lib/pegasus_crt.a(kernel_main_old.o) (write)
../lib/pegasus_crt.a(close.o)
                              ../lib/pegasus_crt.a(kernel_main_old.o) (close)
../lib/pegasus_crt.a(wait.o)  ../lib/pegasus_crt.a(kernel_main_old.o) (wait)
../lib/pegasus_crt.a(fork.o)  ../lib/pegasus_crt.a(kernel_main_old.o) (fork)
../lib/pegasus_crt.a(exec.o)  ../lib/pegasus_crt.a(kernel_main_old.o) (execl)
../lib/pegasus_crt.a(main.o)  ../lib/pegasus_crt.a(global.o) (TaskMM)
../lib/pegasus_crt.a(forkexit.o)
                              ../lib/pegasus_crt.a(main.o) (do_fork)
../lib/pegasus_crt.a(mem.o)   ../lib/pegasus_crt.a(kernel_main_old.o) (ptr_pde)
../lib/pegasus_crt.a(my_process.o)
                              ../lib/pegasus_crt.a(forkexit.o) (fork_process)
../lib/pegasus_crt.a(switch_to.o)
                              ../lib/pegasus_crt.a(process.o) (switch_to)
../lib/pegasus_crt.a(thread.o)
                              ../lib/pegasus_crt.a(my_process.o) (thread_init)
../lib/pegasus_crt.a(fs_main.o)
                              ../lib/pegasus_crt.a(global.o) (task_fs)
../lib/pegasus_crt.a(exec.o)  ../lib/pegasus_crt.a(main.o) (do_exec)

Merging program properties

Removed property 0xc0010001 to merge test.o (0x1) and start.o (not found)
Removed property 0xc0010002 to merge test.o (0x0) and start.o (not found)
Removed property 0xc0010001 to merge test.o (not found) and ../lib/pegasus_crt.a(exit.o) (0x1)
Removed property 0xc0010002 to merge test.o (not found) and ../lib/pegasus_crt.a(exit.o) (0x0)
Removed property 0xc0010001 to merge test.o (not found) and ../lib/pegasus_crt.a(kernel_main_old.o) (0x1)
Removed property 0xc0010002 to merge test.o (not found) and ../lib/pegasus_crt.a(kernel_main_old.o) (0x1)
Removed property 0xc0010001 to merge test.o (not found) and ../lib/pegasus_crt.a(double_link_list.o) (0x1)
Removed property 0xc0010002 to merge test.o (not found) and ../lib/pegasus_crt.a(double_link_list.o) (0x0)
Removed property 0xc0010001 to merge test.o (not found) and ../lib/pegasus_crt.a(hd.o) (0x1)
Removed property 0xc0010002 to merge test.o (not found) and ../lib/pegasus_crt.a(hd.o) (0x1)
Removed property 0xc0010001 to merge test.o (not found) and ../lib/pegasus_crt.a(global.o) (0x1)
Removed property 0xc0010002 to merge test.o (not found) and ../lib/pegasus_crt.a(global.o) (0x0)
Removed property 0xc0010001 to merge test.o (not found) and ../lib/pegasus_crt.a(process.o) (0x1)
Removed property 0xc0010002 to merge test.o (not found) and ../lib/pegasus_crt.a(process.o) (0x0)
Removed property 0xc0010001 to merge test.o (not found) and ../lib/pegasus_crt.a(protect.o) (0x1)
Removed property 0xc0010002 to merge test.o (not found) and ../lib/pegasus_crt.a(protect.o) (0x0)
Removed property 0xc0010001 to merge test.o (not found) and ../lib/pegasus_crt.a(console.o) (0x1)
Removed property 0xc0010002 to merge test.o (not found) and ../lib/pegasus_crt.a(console.o) (0x1)
Removed property 0xc0010001 to merge test.o (not found) and ../lib/pegasus_crt.a(keyboard.o) (0x1)
Removed property 0xc0010002 to merge test.o (not found) and ../lib/pegasus_crt.a(keyboard.o) (0x0)
Removed property 0xc0010001 to merge test.o (not found) and ../lib/pegasus_crt.a(open.o) (0x1)
Removed property 0xc0010002 to merge test.o (not found) and ../lib/pegasus_crt.a(open.o) (0x0)
Removed property 0xc0010001 to merge test.o (not found) and ../lib/pegasus_crt.a(read.o) (0x1)
Removed property 0xc0010002 to merge test.o (not found) and ../lib/pegasus_crt.a(read.o) (0x0)
Removed property 0xc0010001 to merge test.o (not found) and ../lib/pegasus_crt.a(write.o) (0x1)
Removed property 0xc0010002 to merge test.o (not found) and ../lib/pegasus_crt.a(write.o) (0x0)
Removed property 0xc0010001 to merge test.o (not found) and ../lib/pegasus_crt.a(close.o) (0x1)
Removed property 0xc0010002 to merge test.o (not found) and ../lib/pegasus_crt.a(close.o) (0x0)
Removed property 0xc0010001 to merge test.o (not found) and ../lib/pegasus_crt.a(wait.o) (0x1)
Removed property 0xc0010002 to merge test.o (not found) and ../lib/pegasus_crt.a(wait.o) (0x0)
Removed property 0xc0010001 to merge test.o (not found) and ../lib/pegasus_crt.a(fork.o) (0x1)
Removed property 0xc0010002 to merge test.o (not found) and ../lib/pegasus_crt.a(fork.o) (0x0)
Removed property 0xc0010001 to merge test.o (not found) and ../lib/pegasus_crt.a(exec.o) (0x1)
Removed property 0xc0010002 to merge test.o (not found) and ../lib/pegasus_crt.a(exec.o) (0x0)
Removed property 0xc0010001 to merge test.o (not found) and ../lib/pegasus_crt.a(main.o) (0x1)
Removed property 0xc0010002 to merge test.o (not found) and ../lib/pegasus_crt.a(main.o) (0x0)
Removed property 0xc0010001 to merge test.o (not found) and ../lib/pegasus_crt.a(forkexit.o) (0x1)
Removed property 0xc0010002 to merge test.o (not found) and ../lib/pegasus_crt.a(forkexit.o) (0x0)
Removed property 0xc0010001 to merge test.o (not found) and ../lib/pegasus_crt.a(my_process.o) (0x1)
Removed property 0xc0010002 to merge test.o (not found) and ../lib/pegasus_crt.a(my_process.o) (0x1)
Removed property 0xc0010001 to merge test.o (not found) and ../lib/pegasus_crt.a(thread.o) (0x1)
Removed property 0xc0010002 to merge test.o (not found) and ../lib/pegasus_crt.a(thread.o) (0x0)
Removed property 0xc0010001 to merge test.o (not found) and ../lib/pegasus_crt.a(fs_main.o) (0x1)
Removed property 0xc0010002 to merge test.o (not found) and ../lib/pegasus_crt.a(fs_main.o) (0x1)
Removed property 0xc0010001 to merge test.o (not found) and ../lib/pegasus_crt.a(exec.o) (0x1)
Removed property 0xc0010002 to merge test.o (not found) and ../lib/pegasus_crt.a(exec.o) (0x0)

Allocating common symbols
Common symbol       size              file

current_tty         0x4               ../lib/pegasus_crt.a(exit.o)
file_desc_table     0x400             ../lib/pegasus_crt.a(fs_main.o)
is_e0               0x1               ../lib/pegasus_crt.a(exit.o)
phy_super_block_buf
                    0x4               ../lib/pegasus_crt.a(fs_main.o)
phy_fsbuf           0x4               ../lib/pegasus_crt.a(fs_main.o)
idt_ptr             0x6               ../lib/pegasus_crt.a(exit.o)
pid                 0x4               ../lib/pegasus_crt.a(exit.o)
KernelVirtualMemory
                    0xc               ../lib/pegasus_crt.a(kernel_main_old.o)
inode_table         0xa00             ../lib/pegasus_crt.a(fs_main.o)
current_dis_pos     0x4               ../lib/pegasus_crt.a(exit.o)
dis_pos             0x4               ../lib/pegasus_crt.a(exit.o)
k_reenter           0x4               ../lib/pegasus_crt.a(exit.o)
super_block_buf     0x4               ../lib/pegasus_crt.a(fs_main.o)
gdt                 0x400             ../lib/pegasus_crt.a(exit.o)
proc_ready_table    0x4               ../lib/pegasus_crt.a(exit.o)
test_ticks          0x4               ../lib/pegasus_crt.a(exit.o)
hd_info             0x224             ../lib/pegasus_crt.a(hd.o)
proc_stack          0x70000           ../lib/pegasus_crt.a(global.o)
pcaller             0x4               ../lib/pegasus_crt.a(exit.o)
keyboard_buffer     0x20c             ../lib/pegasus_crt.a(exit.o)
pcb_list            0x10              ../lib/pegasus_crt.a(exit.o)
gdt_index           0x4               ../lib/pegasus_crt.a(exit.o)
tty_table           0x828             ../lib/pegasus_crt.a(exit.o)
tss                 0x6c              ../lib/pegasus_crt.a(exit.o)
KernelPool          0x10              ../lib/pegasus_crt.a(kernel_main_old.o)
fsbuf               0x4               ../lib/pegasus_crt.a(fs_main.o)
root                0x28              ../lib/pegasus_crt.a(fs_main.o)
kernel_mem_block_decs_array
                    0xf0              ../lib/pegasus_crt.a(mem.o)
counter             0x4               ../lib/pegasus_crt.a(exit.o)
key_pressed         0x4               ../lib/pegasus_crt.a(exit.o)
fork_pid            0x4               ../lib/pegasus_crt.a(exit.o)
is_shift            0x1               ../lib/pegasus_crt.a(exit.o)
gdt_ptr             0x6               ../lib/pegasus_crt.a(exit.o)
idt                 0x800             ../lib/pegasus_crt.a(exit.o)
main_thread         0x4               ../lib/pegasus_crt.a(exit.o)
ticks               0x8               ../lib/pegasus_crt.a(exit.o)
is_init             0x1               ../lib/pegasus_crt.a(exit.o)
UserPool            0x10              ../lib/pegasus_crt.a(kernel_main_old.o)
all_pcb_list        0x10              ../lib/pegasus_crt.a(exit.o)
console_table       0x10              ../lib/pegasus_crt.a(exit.o)
is_disp             0x1               ../lib/pegasus_crt.a(exit.o)
MAIN_THREAD_PAGE_DIRECTORY
                    0x4               ../lib/pegasus_crt.a(exit.o)
proc_table          0x15e0            ../lib/pegasus_crt.a(global.o)
hd_cache            0x200             ../lib/pegasus_crt.a(hd.o)

Discarded input sections

 .note.GNU-stack
                0x00000000        0x0 test.o
 .note.gnu.property
                0x00000000       0x28 test.o
 .note.GNU-stack
                0x00000000        0x0 ../lib/pegasus_crt.a(exit.o)
 .note.gnu.property
                0x00000000       0x28 ../lib/pegasus_crt.a(exit.o)
 .note.GNU-stack
                0x00000000        0x0 ../lib/pegasus_crt.a(kernel_main_old.o)
 .note.gnu.property
                0x00000000       0x28 ../lib/pegasus_crt.a(kernel_main_old.o)
 .note.GNU-stack
                0x00000000        0x0 ../lib/pegasus_crt.a(double_link_list.o)
 .note.gnu.property
                0x00000000       0x28 ../lib/pegasus_crt.a(double_link_list.o)
 .note.GNU-stack
                0x00000000        0x0 ../lib/pegasus_crt.a(hd.o)
 .note.gnu.property
                0x00000000       0x28 ../lib/pegasus_crt.a(hd.o)
 .note.GNU-stack
                0x00000000        0x0 ../lib/pegasus_crt.a(global.o)
 .note.gnu.property
                0x00000000       0x28 ../lib/pegasus_crt.a(global.o)
 .note.GNU-stack
                0x00000000        0x0 ../lib/pegasus_crt.a(process.o)
 .note.gnu.property
                0x00000000       0x28 ../lib/pegasus_crt.a(process.o)
 .note.GNU-stack
                0x00000000        0x0 ../lib/pegasus_crt.a(protect.o)
 .note.gnu.property
                0x00000000       0x28 ../lib/pegasus_crt.a(protect.o)
 .note.GNU-stack
                0x00000000        0x0 ../lib/pegasus_crt.a(console.o)
 .note.gnu.property
                0x00000000       0x28 ../lib/pegasus_crt.a(console.o)
 .note.GNU-stack
                0x00000000        0x0 ../lib/pegasus_crt.a(keyboard.o)
 .note.gnu.property
                0x00000000       0x28 ../lib/pegasus_crt.a(keyboard.o)
 .note.GNU-stack
                0x00000000        0x0 ../lib/pegasus_crt.a(open.o)
 .note.gnu.property
                0x00000000       0x28 ../lib/pegasus_crt.a(open.o)
 .note.GNU-stack
                0x00000000        0x0 ../lib/pegasus_crt.a(read.o)
 .note.gnu.property
                0x00000000       0x28 ../lib/pegasus_crt.a(read.o)
 .note.GNU-stack
                0x00000000        0x0 ../lib/pegasus_crt.a(write.o)
 .note.gnu.property
                0x00000000       0x28 ../lib/pegasus_crt.a(write.o)
 .note.GNU-stack
                0x00000000        0x0 ../lib/pegasus_crt.a(close.o)
 .note.gnu.property
                0x00000000       0x28 ../lib/pegasus_crt.a(close.o)
 .note.GNU-stack
                0x00000000        0x0 ../lib/pegasus_crt.a(wait.o)
 .note.gnu.property
                0x00000000       0x28 ../lib/pegasus_crt.a(wait.o)
 .note.GNU-stack
                0x00000000        0x0 ../lib/pegasus_crt.a(fork.o)
 .note.gnu.property
                0x00000000       0x28 ../lib/pegasus_crt.a(fork.o)
 .note.GNU-stack
                0x00000000        0x0 ../lib/pegasus_crt.a(exec.o)
 .note.gnu.property
                0x00000000       0x28 ../lib/pegasus_crt.a(exec.o)
 .note.GNU-stack
                0x00000000        0x0 ../lib/pegasus_crt.a(main.o)
 .note.gnu.property
                0x00000000       0x28 ../lib/pegasus_crt.a(main.o)
 .note.GNU-stack
                0x00000000        0x0 ../lib/pegasus_crt.a(forkexit.o)
 .note.gnu.property
                0x00000000       0x28 ../lib/pegasus_crt.a(forkexit.o)
 .note.GNU-stack
                0x00000000        0x0 ../lib/pegasus_crt.a(mem.o)
 .note.GNU-stack
                0x00000000        0x0 ../lib/pegasus_crt.a(my_process.o)
 .note.gnu.property
                0x00000000       0x28 ../lib/pegasus_crt.a(my_process.o)
 .note.GNU-stack
                0x00000000        0x0 ../lib/pegasus_crt.a(thread.o)
 .note.gnu.property
                0x00000000       0x28 ../lib/pegasus_crt.a(thread.o)
 .note.GNU-stack
                0x00000000        0x0 ../lib/pegasus_crt.a(fs_main.o)
 .note.gnu.property
                0x00000000       0x28 ../lib/pegasus_crt.a(fs_main.o)
 .note.GNU-stack
                0x00000000        0x0 ../lib/pegasus_crt.a(exec.o)
 .note.gnu.property
                0x00000000       0x28 ../lib/pegasus_crt.a(exec.o)

Memory Configuration

Name             Origin             Length             Attributes
*default*        0x00000000         0xffffffff

Linker script and memory map

Address of section .text set to 0xb0800000
LOAD test.o
LOAD start.o
LOAD ../lib/pegasus_crt.a
                [!provide]                        PROVIDE (__executable_start = SEGMENT_START ("text-segment", 0x8048000))
                0x080480d4                        . = (SEGMENT_START ("text-segment", 0x8048000) + SIZEOF_HEADERS)

.interp
 *(.interp)

.note.gnu.build-id
 *(.note.gnu.build-id)

.hash
 *(.hash)

.gnu.hash
 *(.gnu.hash)

.dynsym
 *(.dynsym)

.dynstr
 *(.dynstr)

.gnu.version
 *(.gnu.version)

.gnu.version_d
 *(.gnu.version_d)

.gnu.version_r
 *(.gnu.version_r)

.rel.dyn        0x080480d4        0x0
 *(.rel.init)
 *(.rel.text .rel.text.* .rel.gnu.linkonce.t.*)
 .rel.text      0x080480d4        0x0 test.o
 *(.rel.fini)
 *(.rel.rodata .rel.rodata.* .rel.gnu.linkonce.r.*)
 *(.rel.data.rel.ro .rel.data.rel.ro.* .rel.gnu.linkonce.d.rel.ro.*)
 *(.rel.data .rel.data.* .rel.gnu.linkonce.d.*)
 *(.rel.tdata .rel.tdata.* .rel.gnu.linkonce.td.*)
 *(.rel.tbss .rel.tbss.* .rel.gnu.linkonce.tb.*)
 *(.rel.ctors)
 *(.rel.dtors)
 *(.rel.got)
 .rel.got       0x080480d4        0x0 test.o
 *(.rel.bss .rel.bss.* .rel.gnu.linkonce.b.*)
 *(.rel.ifunc)

.rel.plt        0x080480d4        0x0
 *(.rel.plt)
                [!provide]                        PROVIDE (__rel_iplt_start = .)
 *(.rel.iplt)
 .rel.iplt      0x080480d4        0x0 test.o
                [!provide]                        PROVIDE (__rel_iplt_end = .)

.relr.dyn
 *(.relr.dyn)
                0x08049000                        . = ALIGN (CONSTANT (MAXPAGESIZE))

.init
 *(SORT_NONE(.init))

.plt            0x08049000        0x0
 *(.plt)
 *(.iplt)
 .iplt          0x08049000        0x0 test.o

.plt.got
 *(.plt.got)

.plt.sec
 *(.plt.sec)

.text           0xb0800000     0xa0bf
 *(.text.unlikely .text.*_unlikely .text.unlikely.*)
 *(.text.exit .text.exit.*)
 *(.text.startup .text.startup.*)
 *(.text.hot .text.hot.*)
 *(SORT_BY_NAME(.text.sorted.*))
 *(.text .stub .text.* .gnu.linkonce.t.*)
 .text          0xb0800000       0x3e test.o
                0xb0800000                main
 *fill*         0xb080003e        0x2 
 .text          0xb0800040       0x15 start.o
                0xb0800040                _start
 .text          0xb0800055       0x2f ../lib/pegasus_crt.a(exit.o)
                0xb0800055                exit
 .text          0xb0800084     0x2d32 ../lib/pegasus_crt.a(kernel_main_old.o)
                0xb0800084                stop_here
                0xb08000c8                catch_error
                0xb08000e5                intr_enable
                0xb080010e                intr_disable
                0xb0800137                intr_set_status
                0xb0800155                intr_get_status
                0xb0800172                Memcpy
                0xb08001a5                untar
                0xb08004ba                atoi
                0xb0800560                disp_int
                0xb0800589                do_page_fault
                0xb08006c6                exception_handler
                0xb08008ad                init_internal_interrupt
                0xb0800a22                spurious_irq
                0xb0800ab0                init_keyboard
                0xb0800af3                TestTTY
                0xb0800b92                TestReadReturnValue
                0xb0800c0f                TestWriteReturnValue
                0xb0800ce3                TestFS2
                0xb0800cf1                TestFS
                0xb0801193                wait_exit
                0xb0801291                INIT_fork
                0xb0801589                simple_shell
                0xb0801722                test_shell
                0xb080178a                test_exec
                0xb080189d                INIT
                0xb08018aa                TestA
                0xb08018df                delay
                0xb0801923                TestB
                0xb080193b                TestC
                0xb080196e                sys_get_ticks
                0xb080197e                sys_write
                0xb08019d2                milli_delay
                0xb0801a0e                TaskSys
                0xb0801a13                Printf
                0xb0801a71                vsprintf
                0xb0801c1d                printx
                0xb0801c60                sys_printx
                0xb0801d2c                spin
                0xb0801d52                panic
                0xb0801d70                assertion_failure
                0xb0801de2                assertion_failure2
                0xb0801e57                dead_lock
                0xb0801e61                sys_send_msg
                0xb0802380                sys_receive_msg
                0xb08029e0                send_rec
                0xb0802adb                block
                0xb0802b17                unblock
                0xb0802b67                get_ticks_ipc
                0xb0802bbe                itoa
                0xb0802c14                i2a
                0xb0802c7a                inform_int
                0xb0802d47                strcmp
 .text          0xb0802db6      0x329 ../lib/pegasus_crt.a(double_link_list.o)
                0xb0802db6                initDoubleLinkList
                0xb0802de4                isListEmpty
                0xb0802e05                findElementInList
                0xb0802ee1                appendToDoubleLinkList
                0xb0802fc8                insertToDoubleLinkList
                0xb080304b                popFromDoubleLinkList
 *fill*         0xb08030df        0x1 
 .text          0xb08030e0      0x331 ../lib/pegasus_crt.a(kernel.o)
                0xb08030e0                InterruptTest
                0xb08030ec                disp_str
                0xb0803127                disp_str_colour
                0xb0803163                divide_zero_fault
                0xb0803169                single_step_fault
                0xb080316f                non_maskable_interrupt
                0xb0803175                breakpoint_trap
                0xb080317b                overflow_trap
                0xb0803181                bound_range_exceeded_fault
                0xb0803187                invalid_opcode_fault
                0xb080318d                coprocessor_not_available_fault
                0xb0803193                double_fault_exception_abort
                0xb0803197                coprocessor_segment_overrun
                0xb080319d                invalid_task_state_segment_fault
                0xb08031a1                segment_not_present_fault
                0xb08031a5                stack_exception_fault
                0xb08031a9                general_protection_exception_fault
                0xb08031b4                page_fault
                0xb08031b8                coprocessor_error_fault
                0xb08031be                align_check_fault
                0xb08031c2                simd_float_exception_fault
                0xb08031d1                hwint0
                0xb08031ff                hwint1
                0xb0803242                hwint14
                0xb0803281                sys_call
                0xb08032c7                fork_restart
                0xb08032d6                restart
                0xb08032f9                in_byte
                0xb0803305                out_byte
                0xb0803327                disable_int
                0xb0803329                enable_int
                0xb08033bf                enable_8259A_casecade_irq
                0xb08033c9                disable_8259A_casecade_irq
                0xb08033d3                enable_8259A_slave_winchester_irq
                0xb08033dd                disable_8259A_slave_winchester_irq
                0xb08033e7                update_cr3
                0xb08033f4                update_tss
                0xb0803403                get_running_thread_pcb
                0xb080340b                sys_call_test
 .text          0xb0803411      0xe1d ../lib/pegasus_crt.a(hd.o)
                0xb0803411                TaskHD
                0xb0803456                init_hd
                0xb0803470                hd_handle
                0xb0803575                hd_cmd_out
                0xb0803677                hd_identify
                0xb080372e                print_hdinfo
                0xb08038bc                print_dpt_entry
                0xb0803928                get_partition_table
                0xb0803a07                partition
                0xb0803c21                hd_open
                0xb0803cc8                get_hd_ioctl
                0xb0803d79                wait_for
                0xb0803daa                interrupt_wait
                0xb0803dfa                hd_rdwt
                0xb0804099                hd_handler
                0xb08040c5                waitfor
                0xb0804109                print_hd_info
                0xb08041f6                is_empty
 *fill*         0xb080422e        0x2 
 .text          0xb0804230       0x69 ../lib/pegasus_crt.a(syscall.o)
                0xb0804230                write_debug
                0xb0804240                send_msg
                0xb0804256                receive_msg
                0xb080426c                sys_malloc
                0xb0804281                sys_free
 .text          0xb0804299        0x0 ../lib/pegasus_crt.a(global.o)
 .text          0xb0804299      0x21b ../lib/pegasus_crt.a(process.o)
                0xb0804299                schedule_process
                0xb08043a6                clock_handler
                0xb0804417                pid2proc
                0xb080449d                proc2pid
 .text          0xb08044b4      0x3a0 ../lib/pegasus_crt.a(protect.o)
                0xb08044b4                InitDescriptor
                0xb0804521                Seg2PhyAddr
                0xb0804562                Seg2PhyAddrLDT
                0xb08045a6                VirAddr2PhyAddr
                0xb08045bc                v2l
                0xb08045ff                init_propt
                0xb080476d                InitInterruptDesc
                0xb08047c9                ReloadGDT
 .text          0xb0804854      0xaca ../lib/pegasus_crt.a(console.o)
                0xb0804854                select_console
                0xb0804890                flush
                0xb08048c9                set_cursor
                0xb0804927                set_console_start_video_addr
                0xb0804985                put_key
                0xb08049f1                scroll_up
                0xb0804a33                scroll_down
                0xb0804a9e                out_char
                0xb0804c5b                tty_dev_read
                0xb0804c85                tty_dev_write
                0xb0804eb2                tty_do_read
                0xb0804f7a                tty_do_write
                0xb08050dd                init_screen
                0xb0805166                init_tty
                0xb080521b                TaskTTY
 .text          0xb080531e      0x40f ../lib/pegasus_crt.a(keyboard.o)
                0xb080531e                keyboard_handler
                0xb08053a2                read_from_keyboard_buf
                0xb0805408                keyboard_read
                0xb0805587                init_keyboard_handler
                0xb080559b                in_process
 .text          0xb080572d       0x95 ../lib/pegasus_crt.a(open.o)
                0xb080572d                open
 .text          0xb08057c2      0x181 ../lib/pegasus_crt.a(read.o)
                0xb08057c2                read
 .text          0xb0805943       0x85 ../lib/pegasus_crt.a(write.o)
                0xb0805943                write
 .text          0xb08059c8       0x52 ../lib/pegasus_crt.a(close.o)
                0xb08059c8                close
 .text          0xb0805a1a       0x44 ../lib/pegasus_crt.a(wait.o)
                0xb0805a1a                wait
 .text          0xb0805a5e       0x48 ../lib/pegasus_crt.a(fork.o)
                0xb0805a5e                fork
 .text          0xb0805aa6      0x285 ../lib/pegasus_crt.a(exec.o)
                0xb0805aa6                exec
                0xb0805b17                execv
                0xb0805d06                execl
 .text          0xb0805d2b      0x148 ../lib/pegasus_crt.a(main.o)
                0xb0805d2b                TaskMM
                0xb0805e54                alloc_mem
 .text          0xb0805e73      0x271 ../lib/pegasus_crt.a(forkexit.o)
                0xb0805e73                do_fork
                0xb0805ee1                do_exit
                0xb0805f6b                do_wait
                0xb080608a                cleanup
 .text          0xb08060e4     0x1275 ../lib/pegasus_crt.a(mem.o)
                0xb08060e4                init_bitmap
                0xb0806107                test_bit_val
                0xb0806170                set_bit_val
                0xb08061eb                set_bits
                0xb0806225                get_first_free_bit
                0xb0806269                get_bits
                0xb0806331                get_a_page
                0xb08063e5                get_virtual_address_start_with_addr
                0xb080647f                get_virtual_address
                0xb080650f                ptr_pde
                0xb0806522                ptr_pte
                0xb0806549                add_map_entry
                0xb08065da                alloc_virtual_memory
                0xb08066ad                get_physical_address_proc
                0xb0806729                get_physical_address
                0xb080675b                alloc_physical_memory_of_proc
                0xb080684a                alloc_physical_memory
                0xb0806912                alloc_memory
                0xb0806974                get_a_virtual_page
                0xb08069ac                block2arena
                0xb08069c2                sys_malloc2
                0xb0806c78                remove_map_entry
                0xb0806c99                free_a_page
                0xb0806d40                sys_free2
                0xb0806ec8                init_memory_block_desc
                0xb0806f99                init_memory2
                0xb0807210                init_memory
 .text          0xb0807359      0x730 ../lib/pegasus_crt.a(my_process.o)
                0xb0807359                create_user_process_address_space
                0xb08073e9                user_process
                0xb0807516                clone_pcb
                0xb0807688                build_body_stack
                0xb08077bb                build_process_kernel_stack
                0xb080787e                fork_process
                0xb080790f                process_execute
 *fill*         0xb0807a89        0x7 
 .text          0xb0807a90       0x15 ../lib/pegasus_crt.a(switch_to.o)
                0xb0807a90                switch_to
 .text          0xb0807aa5      0x1b2 ../lib/pegasus_crt.a(thread.o)
                0xb0807aa5                kernel_thread
                0xb0807abd                thread_init
                0xb0807b6a                thread_create
                0xb0807b9f                thread_start
 .text          0xb0807c57     0x204f ../lib/pegasus_crt.a(fs_main.o)
                0xb0807c57                task_fs
                0xb0807e62                rd_wt
                0xb0807f3b                mkfs
                0xb080851d                init_fs
                0xb0808571                do_open
                0xb0808760                search_file
                0xb0808892                strip_path
                0xb080895e                get_inode
                0xb0808b20                create_file
                0xb0808c2b                alloc_imap_bit
                0xb0808d28                alloc_smap_bit
                0xb0808ec9                new_inode
                0xb0808fe7                new_dir_entry
                0xb08091f3                do_unlink
                0xb08096cf                do_rdwt
                0xb0809a5a                sync_inode
                0xb0809bae                put_inode
                0xb0809bec                do_close
                0xb0809c3e                get_super_block
 .text          0xb0809ca6      0x419 ../lib/pegasus_crt.a(exec.o)
                0xb0809ca6                do_exec
 *(.gnu.warning)

.fini
 *(SORT_NONE(.fini))
                [!provide]                        PROVIDE (__etext = .)
                [!provide]                        PROVIDE (_etext = .)
                [!provide]                        PROVIDE (etext = .)
                0xb080b000                        . = ALIGN (CONSTANT (MAXPAGESIZE))
                0xb080b000                        . = SEGMENT_START ("rodata-segment", (ALIGN (CONSTANT (MAXPAGESIZE)) + (. & (CONSTANT (MAXPAGESIZE) - 0x1))))

.rodata         0xb080b000     0x1043
 *(.rodata .rodata.* .gnu.linkonce.r.*)
 .rodata        0xb080b000       0x10 test.o
 *fill*         0xb080b010       0x10 
 .rodata        0xb080b020      0xb51 ../lib/pegasus_crt.a(kernel_main_old.o)
 .rodata        0xb080bb71       0x2c ../lib/pegasus_crt.a(double_link_list.o)
 *fill*         0xb080bb9d        0x3 
 .rodata        0xb080bba0      0x19c ../lib/pegasus_crt.a(hd.o)
 .rodata        0xb080bd3c       0x26 ../lib/pegasus_crt.a(process.o)
 .rodata        0xb080bd62       0x22 ../lib/pegasus_crt.a(console.o)
 .rodata        0xb080bd84       0x24 ../lib/pegasus_crt.a(close.o)
 .rodata        0xb080bda8       0x2d ../lib/pegasus_crt.a(exec.o)
 .rodata        0xb080bdd5       0x11 ../lib/pegasus_crt.a(main.o)
 .rodata        0xb080bde6       0x21 ../lib/pegasus_crt.a(forkexit.o)
 .rodata        0xb080be07       0x41 ../lib/pegasus_crt.a(mem.o)
 .rodata        0xb080be48      0x1eb ../lib/pegasus_crt.a(fs_main.o)
                0xb080be48                FSBUF_SIZE
 .rodata        0xb080c033       0x10 ../lib/pegasus_crt.a(exec.o)

.txt            0xb080c043       0xaa
 .txt           0xb080c043       0x82 ../lib/pegasus_crt.a(string.o)
                0xb080c043                Memcpy2
                0xb080c071                Memset
                0xb080c090                Strcpy
                0xb080c0aa                Strlen
 .txt           0xb080c0c5       0x28 ../lib/pegasus_crt.a(hd_rdwt.o)
                0xb080c0c5                read_port
                0xb080c0d9                write_port

.rodata1
 *(.rodata1)

.eh_frame_hdr
 *(.eh_frame_hdr)
 *(.eh_frame_entry .eh_frame_entry.*)

.eh_frame       0xb080c0f0     0x1750
 *(.eh_frame)
 .eh_frame      0xb080c0f0       0x44 test.o
 .eh_frame      0xb080c134       0x20 ../lib/pegasus_crt.a(exit.o)
                                 0x38 (size before relaxing)
 .eh_frame      0xb080c154      0x6ac ../lib/pegasus_crt.a(kernel_main_old.o)
                                0x6c4 (size before relaxing)
 .eh_frame      0xb080c800       0xc0 ../lib/pegasus_crt.a(double_link_list.o)
                                 0xd8 (size before relaxing)
 .eh_frame      0xb080c8c0      0x244 ../lib/pegasus_crt.a(hd.o)
                                0x25c (size before relaxing)
 .eh_frame      0xb080cb04       0x80 ../lib/pegasus_crt.a(process.o)
                                 0x98 (size before relaxing)
 .eh_frame      0xb080cb84      0x100 ../lib/pegasus_crt.a(protect.o)
                                0x118 (size before relaxing)
 .eh_frame      0xb080cc84      0x1e0 ../lib/pegasus_crt.a(console.o)
                                0x1f8 (size before relaxing)
 .eh_frame      0xb080ce64       0xa0 ../lib/pegasus_crt.a(keyboard.o)
                                 0xb8 (size before relaxing)
 .eh_frame      0xb080cf04       0x20 ../lib/pegasus_crt.a(open.o)
                                 0x38 (size before relaxing)
 .eh_frame      0xb080cf24       0x20 ../lib/pegasus_crt.a(read.o)
                                 0x38 (size before relaxing)
 .eh_frame      0xb080cf44       0x20 ../lib/pegasus_crt.a(write.o)
                                 0x38 (size before relaxing)
 .eh_frame      0xb080cf64       0x20 ../lib/pegasus_crt.a(close.o)
                                 0x38 (size before relaxing)
 .eh_frame      0xb080cf84       0x20 ../lib/pegasus_crt.a(wait.o)
                                 0x38 (size before relaxing)
 .eh_frame      0xb080cfa4       0x20 ../lib/pegasus_crt.a(fork.o)
                                 0x38 (size before relaxing)
 .eh_frame      0xb080cfc4       0x60 ../lib/pegasus_crt.a(exec.o)
                                 0x78 (size before relaxing)
 .eh_frame      0xb080d024       0x3c ../lib/pegasus_crt.a(main.o)
                                 0x54 (size before relaxing)
 .eh_frame      0xb080d060       0x80 ../lib/pegasus_crt.a(forkexit.o)
                                 0x98 (size before relaxing)
 .eh_frame      0xb080d0e0      0x364 ../lib/pegasus_crt.a(mem.o)
                                0x37c (size before relaxing)
 .eh_frame      0xb080d444       0xe0 ../lib/pegasus_crt.a(my_process.o)
                                 0xf8 (size before relaxing)
 .eh_frame      0xb080d524       0x80 ../lib/pegasus_crt.a(thread.o)
                                 0x98 (size before relaxing)
 .eh_frame      0xb080d5a4      0x27c ../lib/pegasus_crt.a(fs_main.o)
                                0x294 (size before relaxing)
 .eh_frame      0xb080d820       0x20 ../lib/pegasus_crt.a(exec.o)
                                 0x38 (size before relaxing)
 *(.eh_frame.*)

.sframe
 *(.sframe)
 *(.sframe.*)

.gcc_except_table
 *(.gcc_except_table .gcc_except_table.*)

.gnu_extab
 *(.gnu_extab*)

.exception_ranges
 *(.exception_ranges*)
                0xb080e000                        . = DATA_SEGMENT_ALIGN (CONSTANT (MAXPAGESIZE), CONSTANT (COMMONPAGESIZE))

.eh_frame
 *(.eh_frame)
 *(.eh_frame.*)

.sframe
 *(.sframe)
 *(.sframe.*)

.gnu_extab
 *(.gnu_extab)

.gcc_except_table
 *(.gcc_except_table .gcc_except_table.*)

.exception_ranges
 *(.exception_ranges*)

.tdata          0xb080e000        0x0
                [!provide]                        PROVIDE (__tdata_start = .)
 *(.tdata .tdata.* .gnu.linkonce.td.*)

.tbss
 *(.tbss .tbss.* .gnu.linkonce.tb.*)
 *(.tcommon)

.preinit_array  0xb080e000        0x0
                [!provide]                        PROVIDE (__preinit_array_start = .)
 *(.preinit_array)
                [!provide]                        PROVIDE (__preinit_array_end = .)

.init_array     0xb080e000        0x0
                [!provide]                        PROVIDE (__init_array_start = .)
 *(SORT_BY_INIT_PRIORITY(.init_array.*) SORT_BY_INIT_PRIORITY(.ctors.*))
 *(.init_array EXCLUDE_FILE(*crtend?.o *crtend.o *crtbegin?.o *crtbegin.o) .ctors)
                [!provide]                        PROVIDE (__init_array_end = .)

.fini_array     0xb080e000        0x0
                [!provide]                        PROVIDE (__fini_array_start = .)
 *(SORT_BY_INIT_PRIORITY(.fini_array.*) SORT_BY_INIT_PRIORITY(.dtors.*))
 *(.fini_array EXCLUDE_FILE(*crtend?.o *crtend.o *crtbegin?.o *crtbegin.o) .dtors)
                [!provide]                        PROVIDE (__fini_array_end = .)

.ctors
 *crtbegin.o(.ctors)
 *crtbegin?.o(.ctors)
 *(EXCLUDE_FILE(*crtend?.o *crtend.o) .ctors)
 *(SORT_BY_NAME(.ctors.*))
 *(.ctors)

.dtors
 *crtbegin.o(.dtors)
 *crtbegin?.o(.dtors)
 *(EXCLUDE_FILE(*crtend?.o *crtend.o) .dtors)
 *(SORT_BY_NAME(.dtors.*))
 *(.dtors)

.jcr
 *(.jcr)

.data.rel.ro
 *(.data.rel.ro.local* .gnu.linkonce.d.rel.ro.local.*)
 *(.data.rel.ro .data.rel.ro.* .gnu.linkonce.d.rel.ro.*)

.dynamic
 *(.dynamic)

.got            0xb080e000        0x0
 *(.got)
 .got           0xb080e000        0x0 test.o
 *(.igot)
                0xb080e000                        . = DATA_SEGMENT_RELRO_END (., (SIZEOF (.got.plt) >= 0xc)?0xc:0x0)

.got.plt        0xb080e000        0x0
 *(.got.plt)
 .got.plt       0xb080e000        0x0 test.o
 *(.igot.plt)
 .igot.plt      0xb080e000        0x0 test.o

.data           0xb080e000      0x760
 *(.data .data.* .gnu.linkonce.d.*)
 .data          0xb080e000        0x0 test.o
 .data          0xb080e000        0x0 ../lib/pegasus_crt.a(exit.o)
 .data          0xb080e000        0x0 ../lib/pegasus_crt.a(kernel_main_old.o)
 .data          0xb080e000        0x0 ../lib/pegasus_crt.a(double_link_list.o)
 .data          0xb080e000        0xf ../lib/pegasus_crt.a(kernel.o)
 .data          0xb080e00f        0x0 ../lib/pegasus_crt.a(hd.o)
 *fill*         0xb080e00f        0x1 
 .data          0xb080e010        0x0 ../lib/pegasus_crt.a(syscall.o)
 *fill*         0xb080e010       0x10 
 .data          0xb080e020      0x128 ../lib/pegasus_crt.a(global.o)
                0xb080e020                user_task_table
                0xb080e0a0                sys_task_table
                0xb080e12c                sys_call_table
 .data          0xb080e148        0x0 ../lib/pegasus_crt.a(process.o)
 .data          0xb080e148        0x0 ../lib/pegasus_crt.a(protect.o)
 .data          0xb080e148        0x0 ../lib/pegasus_crt.a(console.o)
 *fill*         0xb080e148       0x18 
 .data          0xb080e160      0x600 ../lib/pegasus_crt.a(keyboard.o)
                0xb080e160                keymap
 .data          0xb080e760        0x0 ../lib/pegasus_crt.a(open.o)
 .data          0xb080e760        0x0 ../lib/pegasus_crt.a(read.o)
 .data          0xb080e760        0x0 ../lib/pegasus_crt.a(write.o)
 .data          0xb080e760        0x0 ../lib/pegasus_crt.a(close.o)
 .data          0xb080e760        0x0 ../lib/pegasus_crt.a(wait.o)
 .data          0xb080e760        0x0 ../lib/pegasus_crt.a(fork.o)
 .data          0xb080e760        0x0 ../lib/pegasus_crt.a(exec.o)
 .data          0xb080e760        0x0 ../lib/pegasus_crt.a(main.o)
 .data          0xb080e760        0x0 ../lib/pegasus_crt.a(forkexit.o)
 .data          0xb080e760        0x0 ../lib/pegasus_crt.a(mem.o)
 .data          0xb080e760        0x0 ../lib/pegasus_crt.a(my_process.o)
 .data          0xb080e760        0x0 ../lib/pegasus_crt.a(thread.o)
 .data          0xb080e760        0x0 ../lib/pegasus_crt.a(fs_main.o)
 .data          0xb080e760        0x0 ../lib/pegasus_crt.a(exec.o)

.data1
 *(.data1)
                0xb080e760                        _edata = .
                [!provide]                        PROVIDE (edata = .)
                0xb080e760                        . = .
                0xb080e760                        __bss_start = .

.bss            0xb080e760    0x74968
 *(.dynbss)
 *(.bss .bss.* .gnu.linkonce.b.*)
 .bss           0xb080e760        0x0 test.o
 .bss           0xb080e760        0x0 ../lib/pegasus_crt.a(exit.o)
 .bss           0xb080e760        0x0 ../lib/pegasus_crt.a(kernel_main_old.o)
 .bss           0xb080e760        0x0 ../lib/pegasus_crt.a(double_link_list.o)
 .bss           0xb080e760      0x800 ../lib/pegasus_crt.a(kernel.o)
 .bss           0xb080ef60        0x0 ../lib/pegasus_crt.a(hd.o)
 .bss           0xb080ef60        0x0 ../lib/pegasus_crt.a(global.o)
 .bss           0xb080ef60        0x0 ../lib/pegasus_crt.a(process.o)
 .bss           0xb080ef60        0x0 ../lib/pegasus_crt.a(protect.o)
 .bss           0xb080ef60        0x0 ../lib/pegasus_crt.a(console.o)
 .bss           0xb080ef60        0x0 ../lib/pegasus_crt.a(keyboard.o)
 .bss           0xb080ef60        0x0 ../lib/pegasus_crt.a(open.o)
 .bss           0xb080ef60        0x0 ../lib/pegasus_crt.a(read.o)
 .bss           0xb080ef60        0x0 ../lib/pegasus_crt.a(write.o)
 .bss           0xb080ef60        0x0 ../lib/pegasus_crt.a(close.o)
 .bss           0xb080ef60        0x0 ../lib/pegasus_crt.a(wait.o)
 .bss           0xb080ef60        0x0 ../lib/pegasus_crt.a(fork.o)
 .bss           0xb080ef60        0x0 ../lib/pegasus_crt.a(exec.o)
 .bss           0xb080ef60        0x0 ../lib/pegasus_crt.a(main.o)
 .bss           0xb080ef60        0x0 ../lib/pegasus_crt.a(forkexit.o)
 .bss           0xb080ef60        0x0 ../lib/pegasus_crt.a(mem.o)
 .bss           0xb080ef60        0x0 ../lib/pegasus_crt.a(my_process.o)
 .bss           0xb080ef60        0x0 ../lib/pegasus_crt.a(thread.o)
 .bss           0xb080ef60        0x4 ../lib/pegasus_crt.a(fs_main.o)
                0xb080ef60                c
 .bss           0xb080ef64        0x0 ../lib/pegasus_crt.a(exec.o)
 *(COMMON)
 *fill*         0xb080ef64       0x1c 
 COMMON         0xb080ef80     0x177c ../lib/pegasus_crt.a(exit.o)
                0xb080ef80                current_tty
                0xb080ef84                is_e0
                0xb080ef88                idt_ptr
                0xb080ef90                pid
                0xb080ef94                current_dis_pos
                0xb080ef98                dis_pos
                0xb080ef9c                k_reenter
                0xb080efa0                gdt
                0xb080f3a0                proc_ready_table
                0xb080f3a4                test_ticks
                0xb080f3a8                pcaller
                0xb080f3c0                keyboard_buffer
                0xb080f5cc                pcb_list
                0xb080f5dc                gdt_index
                0xb080f5e0                tty_table
                0xb080fe20                tss
                0xb080fe8c                counter
                0xb080fe90                key_pressed
                0xb080fe94                fork_pid
                0xb080fe98                is_shift
                0xb080fe9c                gdt_ptr
                0xb080fec0                idt
                0xb08106c0                main_thread
                0xb08106c8                ticks
                0xb08106d0                is_init
                0xb08106d4                all_pcb_list
                0xb08106e4                console_table
                0xb08106f4                is_disp
                0xb08106f8                MAIN_THREAD_PAGE_DIRECTORY
 COMMON         0xb08106fc       0x2c ../lib/pegasus_crt.a(kernel_main_old.o)
                0xb08106fc                KernelVirtualMemory
                0xb0810708                KernelPool
                0xb0810718                UserPool
 *fill*         0xb0810728       0x18 
 COMMON         0xb0810740      0x440 ../lib/pegasus_crt.a(hd.o)
                0xb0810740                hd_info
                0xb0810980                hd_cache
 COMMON         0xb0810b80    0x715e0 ../lib/pegasus_crt.a(global.o)
                0xb0810b80                proc_stack
                0xb0880b80                proc_table
 COMMON         0xb0882160       0xf0 ../lib/pegasus_crt.a(mem.o)
                0xb0882160                kernel_mem_block_decs_array
 *fill*         0xb0882250       0x10 
 COMMON         0xb0882260      0xe68 ../lib/pegasus_crt.a(fs_main.o)
                0xb0882260                file_desc_table
                0xb0882660                phy_super_block_buf
                0xb0882664                phy_fsbuf
                0xb0882680                inode_table
                0xb0883080                super_block_buf
                0xb0883084                fsbuf
                0xb08830a0                root
                0xb08830c8                        . = ALIGN ((. != 0x0)?0x4:0x1)
                0xb08830c8                        . = ALIGN (0x4)
                0xb08830c8                        . = SEGMENT_START ("ldata-segment", .)
                0xb08830c8                        . = ALIGN (0x4)
                0xb08830c8                        _end = .
                [!provide]                        PROVIDE (end = .)
                0xb08830c8                        . = DATA_SEGMENT_END (.)

.stab
 *(.stab)

.stabstr
 *(.stabstr)

.stab.excl
 *(.stab.excl)

.stab.exclstr
 *(.stab.exclstr)

.stab.index
 *(.stab.index)

.stab.indexstr
 *(.stab.indexstr)

.comment        0x00000000       0x2c
 *(.comment)
 .comment       0x00000000       0x2c test.o
                                 0x2d (size before relaxing)
 .comment       0x0000002c       0x2d ../lib/pegasus_crt.a(exit.o)
 .comment       0x0000002c       0x2d ../lib/pegasus_crt.a(kernel_main_old.o)
 .comment       0x0000002c       0x2d ../lib/pegasus_crt.a(double_link_list.o)
 .comment       0x0000002c       0x2d ../lib/pegasus_crt.a(hd.o)
 .comment       0x0000002c       0x2d ../lib/pegasus_crt.a(global.o)
 .comment       0x0000002c       0x2d ../lib/pegasus_crt.a(process.o)
 .comment       0x0000002c       0x2d ../lib/pegasus_crt.a(protect.o)
 .comment       0x0000002c       0x2d ../lib/pegasus_crt.a(console.o)
 .comment       0x0000002c       0x2d ../lib/pegasus_crt.a(keyboard.o)
 .comment       0x0000002c       0x2d ../lib/pegasus_crt.a(open.o)
 .comment       0x0000002c       0x2d ../lib/pegasus_crt.a(read.o)
 .comment       0x0000002c       0x2d ../lib/pegasus_crt.a(write.o)
 .comment       0x0000002c       0x2d ../lib/pegasus_crt.a(close.o)
 .comment       0x0000002c       0x2d ../lib/pegasus_crt.a(wait.o)
 .comment       0x0000002c       0x2d ../lib/pegasus_crt.a(fork.o)
 .comment       0x0000002c       0x2d ../lib/pegasus_crt.a(exec.o)
 .comment       0x0000002c       0x2d ../lib/pegasus_crt.a(main.o)
 .comment       0x0000002c       0x2d ../lib/pegasus_crt.a(forkexit.o)
 .comment       0x0000002c       0x2d ../lib/pegasus_crt.a(mem.o)
 .comment       0x0000002c       0x2d ../lib/pegasus_crt.a(my_process.o)
 .comment       0x0000002c       0x2d ../lib/pegasus_crt.a(thread.o)
 .comment       0x0000002c       0x2d ../lib/pegasus_crt.a(fs_main.o)
 .comment       0x0000002c       0x2d ../lib/pegasus_crt.a(exec.o)

.gnu.build.attributes
 *(.gnu.build.attributes .gnu.build.attributes.*)

.debug
 *(.debug)

.line
 *(.line)

.debug_srcinfo
 *(.debug_srcinfo)

.debug_sfnames
 *(.debug_sfnames)

.debug_aranges  0x00000000      0x2d8
 *(.debug_aranges)
 .debug_aranges
                0x00000000       0x20 ../lib/pegasus_crt.a(exit.o)
 .debug_aranges
                0x00000020       0x20 ../lib/pegasus_crt.a(kernel_main_old.o)
 .debug_aranges
                0x00000040       0x20 ../lib/pegasus_crt.a(double_link_list.o)
 .debug_aranges
                0x00000060       0x20 ../lib/pegasus_crt.a(hd.o)
 .debug_aranges
                0x00000080       0x18 ../lib/pegasus_crt.a(global.o)
 .debug_aranges
                0x00000098       0x20 ../lib/pegasus_crt.a(process.o)
 .debug_aranges
                0x000000b8       0x20 ../lib/pegasus_crt.a(protect.o)
 .debug_aranges
                0x000000d8       0x20 ../lib/pegasus_crt.a(console.o)
 .debug_aranges
                0x000000f8       0x20 ../lib/pegasus_crt.a(keyboard.o)
 .debug_aranges
                0x00000118       0x20 ../lib/pegasus_crt.a(open.o)
 .debug_aranges
                0x00000138       0x20 ../lib/pegasus_crt.a(read.o)
 .debug_aranges
                0x00000158       0x20 ../lib/pegasus_crt.a(write.o)
 .debug_aranges
                0x00000178       0x20 ../lib/pegasus_crt.a(close.o)
 .debug_aranges
                0x00000198       0x20 ../lib/pegasus_crt.a(wait.o)
 .debug_aranges
                0x000001b8       0x20 ../lib/pegasus_crt.a(fork.o)
 .debug_aranges
                0x000001d8       0x20 ../lib/pegasus_crt.a(exec.o)
 .debug_aranges
                0x000001f8       0x20 ../lib/pegasus_crt.a(main.o)
 .debug_aranges
                0x00000218       0x20 ../lib/pegasus_crt.a(forkexit.o)
 .debug_aranges
                0x00000238       0x20 ../lib/pegasus_crt.a(mem.o)
 .debug_aranges
                0x00000258       0x20 ../lib/pegasus_crt.a(my_process.o)
 .debug_aranges
                0x00000278       0x20 ../lib/pegasus_crt.a(thread.o)
 .debug_aranges
                0x00000298       0x20 ../lib/pegasus_crt.a(fs_main.o)
 .debug_aranges
                0x000002b8       0x20 ../lib/pegasus_crt.a(exec.o)

.debug_pubnames
 *(.debug_pubnames)

.debug_info     0x00000000    0x19bd4
 *(.debug_info .gnu.linkonce.wi.*)
 .debug_info    0x00000000      0xd5b ../lib/pegasus_crt.a(exit.o)
 .debug_info    0x00000d5b     0x276d ../lib/pegasus_crt.a(kernel_main_old.o)
 .debug_info    0x000034c8      0xfec ../lib/pegasus_crt.a(double_link_list.o)
 .debug_info    0x000044b4     0x178a ../lib/pegasus_crt.a(hd.o)
 .debug_info    0x00005c3e      0xe32 ../lib/pegasus_crt.a(global.o)
 .debug_info    0x00006a70      0xf1b ../lib/pegasus_crt.a(process.o)
 .debug_info    0x0000798b     0x115d ../lib/pegasus_crt.a(protect.o)
 .debug_info    0x00008ae8     0x1232 ../lib/pegasus_crt.a(console.o)
 .debug_info    0x00009d1a      0xf86 ../lib/pegasus_crt.a(keyboard.o)
 .debug_info    0x0000aca0      0xdaa ../lib/pegasus_crt.a(open.o)
 .debug_info    0x0000ba4a      0xe49 ../lib/pegasus_crt.a(read.o)
 .debug_info    0x0000c893      0xdd7 ../lib/pegasus_crt.a(write.o)
 .debug_info    0x0000d66a      0xd5e ../lib/pegasus_crt.a(close.o)
 .debug_info    0x0000e3c8      0xd69 ../lib/pegasus_crt.a(wait.o)
 .debug_info    0x0000f131      0xd50 ../lib/pegasus_crt.a(fork.o)
 .debug_info    0x0000fe81      0xee8 ../lib/pegasus_crt.a(exec.o)
 .debug_info    0x00010d69      0xd6e ../lib/pegasus_crt.a(main.o)
 .debug_info    0x00011ad7      0xf64 ../lib/pegasus_crt.a(forkexit.o)
 .debug_info    0x00012a3b     0x1cfa ../lib/pegasus_crt.a(mem.o)
 .debug_info    0x00014735     0x1445 ../lib/pegasus_crt.a(my_process.o)
 .debug_info    0x00015b7a     0x1011 ../lib/pegasus_crt.a(thread.o)
 .debug_info    0x00016b8b     0x1edd ../lib/pegasus_crt.a(fs_main.o)
 .debug_info    0x00018a68     0x116c ../lib/pegasus_crt.a(exec.o)

.debug_abbrev   0x00000000     0x3153
 *(.debug_abbrev)
 .debug_abbrev  0x00000000      0x19b ../lib/pegasus_crt.a(exit.o)
 .debug_abbrev  0x0000019b      0x452 ../lib/pegasus_crt.a(kernel_main_old.o)
 .debug_abbrev  0x000005ed      0x216 ../lib/pegasus_crt.a(double_link_list.o)
 .debug_abbrev  0x00000803      0x2e3 ../lib/pegasus_crt.a(hd.o)
 .debug_abbrev  0x00000ae6      0x157 ../lib/pegasus_crt.a(global.o)
 .debug_abbrev  0x00000c3d      0x1e0 ../lib/pegasus_crt.a(process.o)
 .debug_abbrev  0x00000e1d      0x227 ../lib/pegasus_crt.a(protect.o)
 .debug_abbrev  0x00001044      0x2ac ../lib/pegasus_crt.a(console.o)
 .debug_abbrev  0x000012f0      0x1fb ../lib/pegasus_crt.a(keyboard.o)
 .debug_abbrev  0x000014eb      0x1c5 ../lib/pegasus_crt.a(open.o)
 .debug_abbrev  0x000016b0      0x1ef ../lib/pegasus_crt.a(read.o)
 .debug_abbrev  0x0000189f      0x1db ../lib/pegasus_crt.a(write.o)
 .debug_abbrev  0x00001a7a      0x19d ../lib/pegasus_crt.a(close.o)
 .debug_abbrev  0x00001c17      0x19f ../lib/pegasus_crt.a(wait.o)
 .debug_abbrev  0x00001db6      0x18a ../lib/pegasus_crt.a(fork.o)
 .debug_abbrev  0x00001f40      0x1e8 ../lib/pegasus_crt.a(exec.o)
 .debug_abbrev  0x00002128      0x208 ../lib/pegasus_crt.a(main.o)
 .debug_abbrev  0x00002330      0x204 ../lib/pegasus_crt.a(forkexit.o)
 .debug_abbrev  0x00002534      0x2ea ../lib/pegasus_crt.a(mem.o)
 .debug_abbrev  0x0000281e      0x260 ../lib/pegasus_crt.a(my_process.o)
 .debug_abbrev  0x00002a7e      0x222 ../lib/pegasus_crt.a(thread.o)
 .debug_abbrev  0x00002ca0      0x2ef ../lib/pegasus_crt.a(fs_main.o)
 .debug_abbrev  0x00002f8f      0x1c4 ../lib/pegasus_crt.a(exec.o)

.debug_line     0x00000000     0x4659
 *(.debug_line .debug_line.* .debug_line_end)
 .debug_line    0x00000000       0xa0 ../lib/pegasus_crt.a(exit.o)
 .debug_line    0x000000a0      0xe0b ../lib/pegasus_crt.a(kernel_main_old.o)
 .debug_line    0x00000eab      0x253 ../lib/pegasus_crt.a(double_link_list.o)
 .debug_line    0x000010fe      0x613 ../lib/pegasus_crt.a(hd.o)
 .debug_line    0x00001711       0x95 ../lib/pegasus_crt.a(global.o)
 .debug_line    0x000017a6      0x180 ../lib/pegasus_crt.a(process.o)
 .debug_line    0x00001926      0x1fb ../lib/pegasus_crt.a(protect.o)
 .debug_line    0x00001b21      0x54e ../lib/pegasus_crt.a(console.o)
 .debug_line    0x0000206f      0x296 ../lib/pegasus_crt.a(keyboard.o)
 .debug_line    0x00002305       0xbd ../lib/pegasus_crt.a(open.o)
 .debug_line    0x000023c2      0x155 ../lib/pegasus_crt.a(read.o)
 .debug_line    0x00002517       0xbc ../lib/pegasus_crt.a(write.o)
 .debug_line    0x000025d3       0xad ../lib/pegasus_crt.a(close.o)
 .debug_line    0x00002680       0xb7 ../lib/pegasus_crt.a(wait.o)
 .debug_line    0x00002737       0xa5 ../lib/pegasus_crt.a(fork.o)
 .debug_line    0x000027dc      0x18b ../lib/pegasus_crt.a(exec.o)
 .debug_line    0x00002967       0xec ../lib/pegasus_crt.a(main.o)
 .debug_line    0x00002a53      0x17a ../lib/pegasus_crt.a(forkexit.o)
 .debug_line    0x00002bcd      0x7e6 ../lib/pegasus_crt.a(mem.o)
 .debug_line    0x000033b3      0x33b ../lib/pegasus_crt.a(my_process.o)
 .debug_line    0x000036ee      0x145 ../lib/pegasus_crt.a(thread.o)
 .debug_line    0x00003833      0xc1a ../lib/pegasus_crt.a(fs_main.o)
 .debug_line    0x0000444d      0x20c ../lib/pegasus_crt.a(exec.o)

.debug_frame
 *(.debug_frame)

.debug_str      0x00000000     0x1df6
 *(.debug_str)
 .debug_str     0x00000000     0x1df6 ../lib/pegasus_crt.a(exit.o)
                                0x57a (size before relaxing)
 .debug_str     0x00001df6      0xb37 ../lib/pegasus_crt.a(kernel_main_old.o)
 .debug_str     0x00001df6      0x6a6 ../lib/pegasus_crt.a(double_link_list.o)
 .debug_str     0x00001df6      0x8e2 ../lib/pegasus_crt.a(hd.o)
 .debug_str     0x00001df6      0x5e5 ../lib/pegasus_crt.a(global.o)
 .debug_str     0x00001df6      0x61f ../lib/pegasus_crt.a(process.o)
 .debug_str     0x00001df6      0x740 ../lib/pegasus_crt.a(protect.o)
 .debug_str     0x00001df6      0x734 ../lib/pegasus_crt.a(console.o)
 .debug_str     0x00001df6      0x671 ../lib/pegasus_crt.a(keyboard.o)
 .debug_str     0x00001df6      0x5ad ../lib/pegasus_crt.a(open.o)
 .debug_str     0x00001df6      0x5e6 ../lib/pegasus_crt.a(read.o)
 .debug_str     0x00001df6      0x5aa ../lib/pegasus_crt.a(write.o)
 .debug_str     0x00001df6      0x575 ../lib/pegasus_crt.a(close.o)
 .debug_str     0x00001df6      0x57a ../lib/pegasus_crt.a(wait.o)
 .debug_str     0x00001df6      0x573 ../lib/pegasus_crt.a(fork.o)
 .debug_str     0x00001df6      0x601 ../lib/pegasus_crt.a(exec.o)
 .debug_str     0x00001df6      0x56d ../lib/pegasus_crt.a(main.o)
 .debug_str     0x00001df6      0x5ec ../lib/pegasus_crt.a(forkexit.o)
 .debug_str     0x00001df6      0xa6d ../lib/pegasus_crt.a(mem.o)
 .debug_str     0x00001df6      0x8d3 ../lib/pegasus_crt.a(my_process.o)
 .debug_str     0x00001df6      0x6ec ../lib/pegasus_crt.a(thread.o)
 .debug_str     0x00001df6      0xacf ../lib/pegasus_crt.a(fs_main.o)
 .debug_str     0x00001df6      0x842 ../lib/pegasus_crt.a(exec.o)

.debug_loc
 *(.debug_loc)

.debug_macinfo
 *(.debug_macinfo)

.debug_weaknames
 *(.debug_weaknames)

.debug_funcnames
 *(.debug_funcnames)

.debug_typenames
 *(.debug_typenames)

.debug_varnames
 *(.debug_varnames)

.debug_pubtypes
 *(.debug_pubtypes)

.debug_ranges   0x00000000       0x90
 *(.debug_ranges)
 .debug_ranges  0x00000000       0x30 ../lib/pegasus_crt.a(kernel_main_old.o)
 .debug_ranges  0x00000030       0x48 ../lib/pegasus_crt.a(hd.o)
 .debug_ranges  0x00000078       0x18 ../lib/pegasus_crt.a(exec.o)

.debug_addr
 *(.debug_addr)

.debug_line_str
 *(.debug_line_str)

.debug_loclists
 *(.debug_loclists)

.debug_macro
 *(.debug_macro)

.debug_names
 *(.debug_names)

.debug_rnglists
 *(.debug_rnglists)

.debug_str_offsets
 *(.debug_str_offsets)

.debug_sup
 *(.debug_sup)

.gnu.attributes
 *(.gnu.attributes)

/DISCARD/
 *(.note.GNU-stack)
 *(.gnu_debuglink)
 *(.gnu.lto_*)
OUTPUT(test elf32-i386)
