Archive member included to satisfy reference by file (symbol)

../lib/pegasus_crt.a(exit.o)  start.o (exit)
../lib/pegasus_crt.a(kernel_main_old.o)
                              test.o (Printf)
../lib/pegasus_crt.a(double_link_list.o)
                              ../lib/pegasus_crt.a(kernel_main_old.o) (appendToDoubleLinkList)
../lib/pegasus_crt.a(kernel.o)
                              ../lib/pegasus_crt.a(kernel_main_old.o) (disp_str)
../lib/pegasus_crt.a(string.o)
                              ../lib/pegasus_crt.a(kernel_main_old.o) (Memcpy2)
../lib/pegasus_crt.a(hd.o)    ../lib/pegasus_crt.a(kernel.o) (hd_handler)
../lib/pegasus_crt.a(syscall.o)
                              ../lib/pegasus_crt.a(kernel_main_old.o) (write_debug)
../lib/pegasus_crt.a(global.o)
                              ../lib/pegasus_crt.a(kernel.o) (sys_call_table)
../lib/pegasus_crt.a(hd_rdwt.o)
                              ../lib/pegasus_crt.a(hd.o) (read_port)
../lib/pegasus_crt.a(process.o)
                              ../lib/pegasus_crt.a(kernel_main_old.o) (schedule_process)
../lib/pegasus_crt.a(protect.o)
                              ../lib/pegasus_crt.a(kernel_main_old.o) (InitInterruptDesc)
../lib/pegasus_crt.a(console.o)
                              ../lib/pegasus_crt.a(kernel_main_old.o) (out_char)
../lib/pegasus_crt.a(keyboard.o)
                              ../lib/pegasus_crt.a(kernel.o) (keyboard_handler)
../lib/pegasus_crt.a(open.o)  ../lib/pegasus_crt.a(kernel_main_old.o) (open)
../lib/pegasus_crt.a(read.o)  ../lib/pegasus_crt.a(kernel_main_old.o) (read)
../lib/pegasus_crt.a(write.o)
                              ../lib/pegasus_crt.a(kernel_main_old.o) (write)
../lib/pegasus_crt.a(close.o)
                              ../lib/pegasus_crt.a(kernel_main_old.o) (close)
../lib/pegasus_crt.a(wait.o)  ../lib/pegasus_crt.a(kernel_main_old.o) (wait)
../lib/pegasus_crt.a(fork.o)  ../lib/pegasus_crt.a(kernel_main_old.o) (fork)
../lib/pegasus_crt.a(exec.o)  ../lib/pegasus_crt.a(kernel_main_old.o) (execl)
../lib/pegasus_crt.a(main.o)  ../lib/pegasus_crt.a(global.o) (TaskMM)
../lib/pegasus_crt.a(exec.o)  ../lib/pegasus_crt.a(main.o) (do_exec)
../lib/pegasus_crt.a(forkexit.o)
                              ../lib/pegasus_crt.a(main.o) (do_fork)
../lib/pegasus_crt.a(mem.o)   ../lib/pegasus_crt.a(exec.o) (get_virtual_address_start_with_addr)
../lib/pegasus_crt.a(my_process.o)
                              ../lib/pegasus_crt.a(forkexit.o) (fork_process)
../lib/pegasus_crt.a(switch_to.o)
                              ../lib/pegasus_crt.a(process.o) (switch_to)
../lib/pegasus_crt.a(thread.o)
                              ../lib/pegasus_crt.a(my_process.o) (thread_init)
../lib/pegasus_crt.a(fs_main.o)
                              ../lib/pegasus_crt.a(global.o) (task_fs)

Allocating common symbols
Common symbol       size              file

current_tty         0x4               ../lib/pegasus_crt.a(exit.o)
file_desc_table     0x400             ../lib/pegasus_crt.a(fs_main.o)
is_e0               0x1               ../lib/pegasus_crt.a(exit.o)
phy_super_block_buf
                    0x4               ../lib/pegasus_crt.a(fs_main.o)
phy_fsbuf           0x4               ../lib/pegasus_crt.a(fs_main.o)
idt_ptr             0x6               ../lib/pegasus_crt.a(exit.o)
pid                 0x4               ../lib/pegasus_crt.a(exit.o)
KernelVirtualMemory
                    0xc               ../lib/pegasus_crt.a(kernel_main_old.o)
inode_table         0xa00             ../lib/pegasus_crt.a(fs_main.o)
current_dis_pos     0x4               ../lib/pegasus_crt.a(exit.o)
dis_pos             0x4               ../lib/pegasus_crt.a(exit.o)
k_reenter           0x4               ../lib/pegasus_crt.a(exit.o)
super_block_buf     0x4               ../lib/pegasus_crt.a(fs_main.o)
gdt                 0x400             ../lib/pegasus_crt.a(exit.o)
proc_ready_table    0x4               ../lib/pegasus_crt.a(exit.o)
test_ticks          0x4               ../lib/pegasus_crt.a(exit.o)
hd_info             0x224             ../lib/pegasus_crt.a(hd.o)
proc_stack          0x70000           ../lib/pegasus_crt.a(global.o)
pcaller             0x4               ../lib/pegasus_crt.a(exit.o)
keyboard_buffer     0x20c             ../lib/pegasus_crt.a(exit.o)
pcb_list            0x10              ../lib/pegasus_crt.a(exit.o)
gdt_index           0x4               ../lib/pegasus_crt.a(exit.o)
tty_table           0x828             ../lib/pegasus_crt.a(exit.o)
tss                 0x6c              ../lib/pegasus_crt.a(exit.o)
KernelPool          0x10              ../lib/pegasus_crt.a(kernel_main_old.o)
fsbuf               0x4               ../lib/pegasus_crt.a(fs_main.o)
root                0x28              ../lib/pegasus_crt.a(fs_main.o)
kernel_mem_block_decs_array
                    0xf0              ../lib/pegasus_crt.a(mem.o)
counter             0x4               ../lib/pegasus_crt.a(exit.o)
key_pressed         0x4               ../lib/pegasus_crt.a(exit.o)
fork_pid            0x4               ../lib/pegasus_crt.a(exit.o)
is_shift            0x1               ../lib/pegasus_crt.a(exit.o)
gdt_ptr             0x6               ../lib/pegasus_crt.a(exit.o)
idt                 0x800             ../lib/pegasus_crt.a(exit.o)
main_thread         0x4               ../lib/pegasus_crt.a(exit.o)
ticks               0x8               ../lib/pegasus_crt.a(exit.o)
is_init             0x1               ../lib/pegasus_crt.a(exit.o)
UserPool            0x10              ../lib/pegasus_crt.a(kernel_main_old.o)
all_pcb_list        0x10              ../lib/pegasus_crt.a(exit.o)
console_table       0x10              ../lib/pegasus_crt.a(exit.o)
is_disp             0x1               ../lib/pegasus_crt.a(exit.o)
MAIN_THREAD_PAGE_DIRECTORY
                    0x4               ../lib/pegasus_crt.a(exit.o)
proc_table          0x15e0            ../lib/pegasus_crt.a(global.o)
hd_cache            0x200             ../lib/pegasus_crt.a(hd.o)

Discarded input sections

 .note.GNU-stack
                0x0000000000000000        0x0 test.o
 .note.GNU-stack
                0x0000000000000000        0x0 ../lib/pegasus_crt.a(exit.o)
 .note.GNU-stack
                0x0000000000000000        0x0 ../lib/pegasus_crt.a(kernel_main_old.o)
 .note.GNU-stack
                0x0000000000000000        0x0 ../lib/pegasus_crt.a(double_link_list.o)
 .note.GNU-stack
                0x0000000000000000        0x0 ../lib/pegasus_crt.a(hd.o)
 .note.GNU-stack
                0x0000000000000000        0x0 ../lib/pegasus_crt.a(global.o)
 .note.GNU-stack
                0x0000000000000000        0x0 ../lib/pegasus_crt.a(process.o)
 .note.GNU-stack
                0x0000000000000000        0x0 ../lib/pegasus_crt.a(protect.o)
 .note.GNU-stack
                0x0000000000000000        0x0 ../lib/pegasus_crt.a(console.o)
 .note.GNU-stack
                0x0000000000000000        0x0 ../lib/pegasus_crt.a(keyboard.o)
 .note.GNU-stack
                0x0000000000000000        0x0 ../lib/pegasus_crt.a(open.o)
 .note.GNU-stack
                0x0000000000000000        0x0 ../lib/pegasus_crt.a(read.o)
 .note.GNU-stack
                0x0000000000000000        0x0 ../lib/pegasus_crt.a(write.o)
 .note.GNU-stack
                0x0000000000000000        0x0 ../lib/pegasus_crt.a(close.o)
 .note.GNU-stack
                0x0000000000000000        0x0 ../lib/pegasus_crt.a(wait.o)
 .note.GNU-stack
                0x0000000000000000        0x0 ../lib/pegasus_crt.a(fork.o)
 .note.GNU-stack
                0x0000000000000000        0x0 ../lib/pegasus_crt.a(exec.o)
 .note.GNU-stack
                0x0000000000000000        0x0 ../lib/pegasus_crt.a(main.o)
 .note.GNU-stack
                0x0000000000000000        0x0 ../lib/pegasus_crt.a(exec.o)
 .note.GNU-stack
                0x0000000000000000        0x0 ../lib/pegasus_crt.a(forkexit.o)
 .note.GNU-stack
                0x0000000000000000        0x0 ../lib/pegasus_crt.a(mem.o)
 .note.GNU-stack
                0x0000000000000000        0x0 ../lib/pegasus_crt.a(my_process.o)
 .note.GNU-stack
                0x0000000000000000        0x0 ../lib/pegasus_crt.a(thread.o)
 .note.GNU-stack
                0x0000000000000000        0x0 ../lib/pegasus_crt.a(fs_main.o)

Memory Configuration

Name             Origin             Length             Attributes
*default*        0x0000000000000000 0xffffffffffffffff

Linker script and memory map

Address of section .text set to 0xb0800000
LOAD test.o
LOAD start.o
LOAD ../lib/pegasus_crt.a
                [!provide]                        PROVIDE (__executable_start = SEGMENT_START ("text-segment", 0x8048000))
                0x0000000008048094                . = (SEGMENT_START ("text-segment", 0x8048000) + SIZEOF_HEADERS)

.interp
 *(.interp)

.note.gnu.build-id
 *(.note.gnu.build-id)

.hash
 *(.hash)

.gnu.hash
 *(.gnu.hash)

.dynsym
 *(.dynsym)

.dynstr
 *(.dynstr)

.gnu.version
 *(.gnu.version)

.gnu.version_d
 *(.gnu.version_d)

.gnu.version_r
 *(.gnu.version_r)

.rel.dyn        0x0000000008048094        0x0
 *(.rel.init)
 *(.rel.text .rel.text.* .rel.gnu.linkonce.t.*)
 .rel.text      0x0000000008048094        0x0 test.o
 *(.rel.fini)
 *(.rel.rodata .rel.rodata.* .rel.gnu.linkonce.r.*)
 *(.rel.data.rel.ro .rel.data.rel.ro.* .rel.gnu.linkonce.d.rel.ro.*)
 *(.rel.data .rel.data.* .rel.gnu.linkonce.d.*)
 *(.rel.tdata .rel.tdata.* .rel.gnu.linkonce.td.*)
 *(.rel.tbss .rel.tbss.* .rel.gnu.linkonce.tb.*)
 *(.rel.ctors)
 *(.rel.dtors)
 *(.rel.got)
 .rel.got       0x0000000008048094        0x0 test.o
 *(.rel.bss .rel.bss.* .rel.gnu.linkonce.b.*)
 *(.rel.ifunc)

.rel.plt        0x0000000008048094        0x0
 *(.rel.plt)
                [!provide]                        PROVIDE (__rel_iplt_start = .)
 *(.rel.iplt)
 .rel.iplt      0x0000000008048094        0x0 test.o
                [!provide]                        PROVIDE (__rel_iplt_end = .)

.init
 *(SORT_NONE(.init))

.plt            0x0000000008048098        0x0
 *(.plt)
 *(.iplt)
 .iplt          0x0000000008048098        0x0 test.o

.plt.got
 *(.plt.got)

.plt.sec
 *(.plt.sec)

.text           0x00000000b0800000     0x9f66
 *(.text.unlikely .text.*_unlikely .text.unlikely.*)
 *(.text.exit .text.exit.*)
 *(.text.startup .text.startup.*)
 *(.text.hot .text.hot.*)
 *(.text .stub .text.* .gnu.linkonce.t.*)
 .text          0x00000000b0800000       0x3e test.o
                0x00000000b0800000                main
 *fill*         0x00000000b080003e        0x2 
 .text          0x00000000b0800040       0x15 start.o
                0x00000000b0800040                _start
 .text          0x00000000b0800055       0x2f ../lib/pegasus_crt.a(exit.o)
                0x00000000b0800055                exit
 .text          0x00000000b0800084     0x2bd3 ../lib/pegasus_crt.a(kernel_main_old.o)
                0x00000000b0800084                stop_here
                0x00000000b08000c8                catch_error
                0x00000000b08000e5                intr_enable
                0x00000000b080010e                intr_disable
                0x00000000b0800137                intr_set_status
                0x00000000b0800155                intr_get_status
                0x00000000b0800172                Memcpy
                0x00000000b08001a5                untar
                0x00000000b08004ba                atoi
                0x00000000b0800560                disp_int
                0x00000000b0800589                do_page_fault
                0x00000000b08006c6                exception_handler
                0x00000000b08008ad                init_internal_interrupt
                0x00000000b0800a22                spurious_irq
                0x00000000b0800ab0                init_keyboard
                0x00000000b0800af3                TestTTY
                0x00000000b0800b92                TestFS
                0x00000000b0801034                wait_exit
                0x00000000b0801132                INIT_fork
                0x00000000b080142a                simple_shell
                0x00000000b08015c3                test_shell
                0x00000000b080162b                test_exec
                0x00000000b080173e                INIT
                0x00000000b080174b                TestA
                0x00000000b0801780                delay
                0x00000000b08017c4                TestB
                0x00000000b08017dc                TestC
                0x00000000b080180f                sys_get_ticks
                0x00000000b080181f                sys_write
                0x00000000b0801873                milli_delay
                0x00000000b08018af                TaskSys
                0x00000000b08018b4                Printf
                0x00000000b0801912                vsprintf
                0x00000000b0801abe                printx
                0x00000000b0801b01                sys_printx
                0x00000000b0801bcd                spin
                0x00000000b0801bf3                panic
                0x00000000b0801c11                assertion_failure
                0x00000000b0801c83                assertion_failure2
                0x00000000b0801cf8                dead_lock
                0x00000000b0801d02                sys_send_msg
                0x00000000b0802221                sys_receive_msg
                0x00000000b0802881                send_rec
                0x00000000b080297c                block
                0x00000000b08029b8                unblock
                0x00000000b0802a08                get_ticks_ipc
                0x00000000b0802a5f                itoa
                0x00000000b0802ab5                i2a
                0x00000000b0802b1b                inform_int
                0x00000000b0802be8                strcmp
 .text          0x00000000b0802c57      0x329 ../lib/pegasus_crt.a(double_link_list.o)
                0x00000000b0802c57                initDoubleLinkList
                0x00000000b0802c85                isListEmpty
                0x00000000b0802ca6                findElementInList
                0x00000000b0802d82                appendToDoubleLinkList
                0x00000000b0802e69                insertToDoubleLinkList
                0x00000000b0802eec                popFromDoubleLinkList
 .text          0x00000000b0802f80      0x331 ../lib/pegasus_crt.a(kernel.o)
                0x00000000b0802f80                InterruptTest
                0x00000000b0802f8c                disp_str
                0x00000000b0802fc7                disp_str_colour
                0x00000000b0803003                divide_zero_fault
                0x00000000b0803009                single_step_fault
                0x00000000b080300f                non_maskable_interrupt
                0x00000000b0803015                breakpoint_trap
                0x00000000b080301b                overflow_trap
                0x00000000b0803021                bound_range_exceeded_fault
                0x00000000b0803027                invalid_opcode_fault
                0x00000000b080302d                coprocessor_not_available_fault
                0x00000000b0803033                double_fault_exception_abort
                0x00000000b0803037                coprocessor_segment_overrun
                0x00000000b080303d                invalid_task_state_segment_fault
                0x00000000b0803041                segment_not_present_fault
                0x00000000b0803045                stack_exception_fault
                0x00000000b0803049                general_protection_exception_fault
                0x00000000b0803054                page_fault
                0x00000000b0803058                coprocessor_error_fault
                0x00000000b080305e                align_check_fault
                0x00000000b0803062                simd_float_exception_fault
                0x00000000b0803071                hwint0
                0x00000000b080309f                hwint1
                0x00000000b08030e2                hwint14
                0x00000000b0803121                sys_call
                0x00000000b0803167                fork_restart
                0x00000000b0803176                restart
                0x00000000b0803199                in_byte
                0x00000000b08031a5                out_byte
                0x00000000b08031c7                disable_int
                0x00000000b08031c9                enable_int
                0x00000000b080325f                enable_8259A_casecade_irq
                0x00000000b0803269                disable_8259A_casecade_irq
                0x00000000b0803273                enable_8259A_slave_winchester_irq
                0x00000000b080327d                disable_8259A_slave_winchester_irq
                0x00000000b0803287                update_cr3
                0x00000000b0803294                update_tss
                0x00000000b08032a3                get_running_thread_pcb
                0x00000000b08032ab                sys_call_test
 .text          0x00000000b08032b1      0xe1d ../lib/pegasus_crt.a(hd.o)
                0x00000000b08032b1                TaskHD
                0x00000000b08032f6                init_hd
                0x00000000b0803310                hd_handle
                0x00000000b0803415                hd_cmd_out
                0x00000000b0803517                hd_identify
                0x00000000b08035ce                print_hdinfo
                0x00000000b080375c                print_dpt_entry
                0x00000000b08037c8                get_partition_table
                0x00000000b08038a7                partition
                0x00000000b0803ac1                hd_open
                0x00000000b0803b68                get_hd_ioctl
                0x00000000b0803c19                wait_for
                0x00000000b0803c4a                interrupt_wait
                0x00000000b0803c9a                hd_rdwt
                0x00000000b0803f39                hd_handler
                0x00000000b0803f65                waitfor
                0x00000000b0803fa9                print_hd_info
                0x00000000b0804096                is_empty
 *fill*         0x00000000b08040ce        0x2 
 .text          0x00000000b08040d0       0x69 ../lib/pegasus_crt.a(syscall.o)
                0x00000000b08040d0                write_debug
                0x00000000b08040e0                send_msg
                0x00000000b08040f6                receive_msg
                0x00000000b080410c                sys_malloc
                0x00000000b0804121                sys_free
 .text          0x00000000b0804139        0x0 ../lib/pegasus_crt.a(global.o)
 .text          0x00000000b0804139      0x21b ../lib/pegasus_crt.a(process.o)
                0x00000000b0804139                schedule_process
                0x00000000b0804246                clock_handler
                0x00000000b08042b7                pid2proc
                0x00000000b080433d                proc2pid
 .text          0x00000000b0804354      0x3a0 ../lib/pegasus_crt.a(protect.o)
                0x00000000b0804354                InitDescriptor
                0x00000000b08043c1                Seg2PhyAddr
                0x00000000b0804402                Seg2PhyAddrLDT
                0x00000000b0804446                VirAddr2PhyAddr
                0x00000000b080445c                v2l
                0x00000000b080449f                init_propt
                0x00000000b080460d                InitInterruptDesc
                0x00000000b0804669                ReloadGDT
 .text          0x00000000b08046f4      0xaca ../lib/pegasus_crt.a(console.o)
                0x00000000b08046f4                select_console
                0x00000000b0804730                flush
                0x00000000b0804769                set_cursor
                0x00000000b08047c7                set_console_start_video_addr
                0x00000000b0804825                put_key
                0x00000000b0804891                scroll_up
                0x00000000b08048d3                scroll_down
                0x00000000b080493e                out_char
                0x00000000b0804afb                tty_dev_read
                0x00000000b0804b25                tty_dev_write
                0x00000000b0804d52                tty_do_read
                0x00000000b0804e1a                tty_do_write
                0x00000000b0804f7d                init_screen
                0x00000000b0805006                init_tty
                0x00000000b08050bb                TaskTTY
 .text          0x00000000b08051be      0x40f ../lib/pegasus_crt.a(keyboard.o)
                0x00000000b08051be                keyboard_handler
                0x00000000b0805242                read_from_keyboard_buf
                0x00000000b08052a8                keyboard_read
                0x00000000b0805427                init_keyboard_handler
                0x00000000b080543b                in_process
 .text          0x00000000b08055cd       0x95 ../lib/pegasus_crt.a(open.o)
                0x00000000b08055cd                open
 .text          0x00000000b0805662      0x181 ../lib/pegasus_crt.a(read.o)
                0x00000000b0805662                read
 .text          0x00000000b08057e3       0x85 ../lib/pegasus_crt.a(write.o)
                0x00000000b08057e3                write
 .text          0x00000000b0805868       0x52 ../lib/pegasus_crt.a(close.o)
                0x00000000b0805868                close
 .text          0x00000000b08058ba       0x44 ../lib/pegasus_crt.a(wait.o)
                0x00000000b08058ba                wait
 .text          0x00000000b08058fe       0x48 ../lib/pegasus_crt.a(fork.o)
                0x00000000b08058fe                fork
 .text          0x00000000b0805946      0x285 ../lib/pegasus_crt.a(exec.o)
                0x00000000b0805946                exec
                0x00000000b08059b7                execv
                0x00000000b0805ba6                execl
 .text          0x00000000b0805bcb      0x148 ../lib/pegasus_crt.a(main.o)
                0x00000000b0805bcb                TaskMM
                0x00000000b0805cf4                alloc_mem
 .text          0x00000000b0805d13      0x419 ../lib/pegasus_crt.a(exec.o)
                0x00000000b0805d13                do_exec
 .text          0x00000000b080612c      0x271 ../lib/pegasus_crt.a(forkexit.o)
                0x00000000b080612c                do_fork
                0x00000000b080619a                do_exit
                0x00000000b0806224                do_wait
                0x00000000b0806343                cleanup
 .text          0x00000000b080639d     0x1275 ../lib/pegasus_crt.a(mem.o)
                0x00000000b080639d                init_bitmap
                0x00000000b08063c0                test_bit_val
                0x00000000b0806429                set_bit_val
                0x00000000b08064a4                set_bits
                0x00000000b08064de                get_first_free_bit
                0x00000000b0806522                get_bits
                0x00000000b08065ea                get_a_page
                0x00000000b080669e                get_virtual_address_start_with_addr
                0x00000000b0806738                get_virtual_address
                0x00000000b08067c8                ptr_pde
                0x00000000b08067db                ptr_pte
                0x00000000b0806802                add_map_entry
                0x00000000b0806893                alloc_virtual_memory
                0x00000000b0806966                get_physical_address_proc
                0x00000000b08069e2                get_physical_address
                0x00000000b0806a14                alloc_physical_memory_of_proc
                0x00000000b0806b03                alloc_physical_memory
                0x00000000b0806bcb                alloc_memory
                0x00000000b0806c2d                get_a_virtual_page
                0x00000000b0806c65                block2arena
                0x00000000b0806c7b                sys_malloc2
                0x00000000b0806f31                remove_map_entry
                0x00000000b0806f52                free_a_page
                0x00000000b0806ff9                sys_free2
                0x00000000b0807181                init_memory_block_desc
                0x00000000b0807252                init_memory2
                0x00000000b08074c9                init_memory
 .text          0x00000000b0807612      0x730 ../lib/pegasus_crt.a(my_process.o)
                0x00000000b0807612                create_user_process_address_space
                0x00000000b08076a2                user_process
                0x00000000b08077cf                clone_pcb
                0x00000000b0807941                build_body_stack
                0x00000000b0807a74                build_process_kernel_stack
                0x00000000b0807b37                fork_process
                0x00000000b0807bc8                process_execute
 *fill*         0x00000000b0807d42        0xe 
 .text          0x00000000b0807d50       0x15 ../lib/pegasus_crt.a(switch_to.o)
                0x00000000b0807d50                switch_to
 .text          0x00000000b0807d65      0x1b2 ../lib/pegasus_crt.a(thread.o)
                0x00000000b0807d65                kernel_thread
                0x00000000b0807d7d                thread_init
                0x00000000b0807e2a                thread_create
                0x00000000b0807e5f                thread_start
 .text          0x00000000b0807f17     0x204f ../lib/pegasus_crt.a(fs_main.o)
                0x00000000b0807f17                task_fs
                0x00000000b0808122                rd_wt
                0x00000000b08081fb                mkfs
                0x00000000b08087dd                init_fs
                0x00000000b0808831                do_open
                0x00000000b0808a20                search_file
                0x00000000b0808b52                strip_path
                0x00000000b0808c1e                get_inode
                0x00000000b0808de0                create_file
                0x00000000b0808eeb                alloc_imap_bit
                0x00000000b0808fe8                alloc_smap_bit
                0x00000000b0809189                new_inode
                0x00000000b08092a7                new_dir_entry
                0x00000000b08094b3                do_unlink
                0x00000000b080998f                do_rdwt
                0x00000000b0809d1a                sync_inode
                0x00000000b0809e6e                put_inode
                0x00000000b0809eac                do_close
                0x00000000b0809efe                get_super_block
 *(.gnu.warning)

.fini
 *(SORT_NONE(.fini))
                [!provide]                        PROVIDE (__etext = .)
                [!provide]                        PROVIDE (_etext = .)
                [!provide]                        PROVIDE (etext = .)

.rodata         0x00000000b0809f80      0xfcf
 *(.rodata .rodata.* .gnu.linkonce.r.*)
 .rodata        0x00000000b0809f80       0x10 test.o
 *fill*         0x00000000b0809f90       0x10 
 .rodata        0x00000000b0809fa0      0xadd ../lib/pegasus_crt.a(kernel_main_old.o)
 .rodata        0x00000000b080aa7d       0x2c ../lib/pegasus_crt.a(double_link_list.o)
 *fill*         0x00000000b080aaa9        0x3 
 .rodata        0x00000000b080aaac      0x19c ../lib/pegasus_crt.a(hd.o)
 .rodata        0x00000000b080ac48       0x26 ../lib/pegasus_crt.a(process.o)
 .rodata        0x00000000b080ac6e       0x22 ../lib/pegasus_crt.a(console.o)
 .rodata        0x00000000b080ac90       0x24 ../lib/pegasus_crt.a(close.o)
 .rodata        0x00000000b080acb4       0x2d ../lib/pegasus_crt.a(exec.o)
 .rodata        0x00000000b080ace1       0x11 ../lib/pegasus_crt.a(main.o)
 .rodata        0x00000000b080acf2       0x10 ../lib/pegasus_crt.a(exec.o)
 .rodata        0x00000000b080ad02       0x21 ../lib/pegasus_crt.a(forkexit.o)
 .rodata        0x00000000b080ad23       0x41 ../lib/pegasus_crt.a(mem.o)
 .rodata        0x00000000b080ad64      0x1eb ../lib/pegasus_crt.a(fs_main.o)
                0x00000000b080ad64                FSBUF_SIZE

.txt            0x00000000b080af4f       0xaa
 .txt           0x00000000b080af4f       0x82 ../lib/pegasus_crt.a(string.o)
                0x00000000b080af4f                Memcpy2
                0x00000000b080af7d                Memset
                0x00000000b080af9c                Strcpy
                0x00000000b080afb6                Strlen
 .txt           0x00000000b080afd1       0x28 ../lib/pegasus_crt.a(hd_rdwt.o)
                0x00000000b080afd1                read_port
                0x00000000b080afe5                write_port

.rodata1
 *(.rodata1)

.eh_frame_hdr
 *(.eh_frame_hdr)
 *(.eh_frame_entry .eh_frame_entry.*)

.eh_frame       0x00000000b080affc     0x16f0
 *(.eh_frame)
 .eh_frame      0x00000000b080affc       0x44 test.o
 .eh_frame      0x00000000b080b040       0x20 ../lib/pegasus_crt.a(exit.o)
                                         0x38 (size before relaxing)
 .eh_frame      0x00000000b080b060      0x64c ../lib/pegasus_crt.a(kernel_main_old.o)
                                        0x664 (size before relaxing)
 .eh_frame      0x00000000b080b6ac       0xc0 ../lib/pegasus_crt.a(double_link_list.o)
                                         0xd8 (size before relaxing)
 .eh_frame      0x00000000b080b76c      0x244 ../lib/pegasus_crt.a(hd.o)
                                        0x25c (size before relaxing)
 .eh_frame      0x00000000b080b9b0       0x80 ../lib/pegasus_crt.a(process.o)
                                         0x98 (size before relaxing)
 .eh_frame      0x00000000b080ba30      0x100 ../lib/pegasus_crt.a(protect.o)
                                        0x118 (size before relaxing)
 .eh_frame      0x00000000b080bb30      0x1e0 ../lib/pegasus_crt.a(console.o)
                                        0x1f8 (size before relaxing)
 .eh_frame      0x00000000b080bd10       0xa0 ../lib/pegasus_crt.a(keyboard.o)
                                         0xb8 (size before relaxing)
 .eh_frame      0x00000000b080bdb0       0x20 ../lib/pegasus_crt.a(open.o)
                                         0x38 (size before relaxing)
 .eh_frame      0x00000000b080bdd0       0x20 ../lib/pegasus_crt.a(read.o)
                                         0x38 (size before relaxing)
 .eh_frame      0x00000000b080bdf0       0x20 ../lib/pegasus_crt.a(write.o)
                                         0x38 (size before relaxing)
 .eh_frame      0x00000000b080be10       0x20 ../lib/pegasus_crt.a(close.o)
                                         0x38 (size before relaxing)
 .eh_frame      0x00000000b080be30       0x20 ../lib/pegasus_crt.a(wait.o)
                                         0x38 (size before relaxing)
 .eh_frame      0x00000000b080be50       0x20 ../lib/pegasus_crt.a(fork.o)
                                         0x38 (size before relaxing)
 .eh_frame      0x00000000b080be70       0x60 ../lib/pegasus_crt.a(exec.o)
                                         0x78 (size before relaxing)
 .eh_frame      0x00000000b080bed0       0x3c ../lib/pegasus_crt.a(main.o)
                                         0x54 (size before relaxing)
 .eh_frame      0x00000000b080bf0c       0x20 ../lib/pegasus_crt.a(exec.o)
                                         0x38 (size before relaxing)
 .eh_frame      0x00000000b080bf2c       0x80 ../lib/pegasus_crt.a(forkexit.o)
                                         0x98 (size before relaxing)
 .eh_frame      0x00000000b080bfac      0x364 ../lib/pegasus_crt.a(mem.o)
                                        0x37c (size before relaxing)
 .eh_frame      0x00000000b080c310       0xe0 ../lib/pegasus_crt.a(my_process.o)
                                         0xf8 (size before relaxing)
 .eh_frame      0x00000000b080c3f0       0x80 ../lib/pegasus_crt.a(thread.o)
                                         0x98 (size before relaxing)
 .eh_frame      0x00000000b080c470      0x27c ../lib/pegasus_crt.a(fs_main.o)
                                        0x294 (size before relaxing)
 *(.eh_frame.*)

.gcc_except_table
 *(.gcc_except_table .gcc_except_table.*)

.gnu_extab
 *(.gnu_extab*)

.exception_ranges
 *(.exception_ranges .exception_ranges*)
                0x00000000b080e000                . = DATA_SEGMENT_ALIGN (CONSTANT (MAXPAGESIZE), CONSTANT (COMMONPAGESIZE))

.eh_frame
 *(.eh_frame)
 *(.eh_frame.*)

.gnu_extab
 *(.gnu_extab)

.gcc_except_table
 *(.gcc_except_table .gcc_except_table.*)

.exception_ranges
 *(.exception_ranges .exception_ranges*)

.tdata
 *(.tdata .tdata.* .gnu.linkonce.td.*)

.tbss
 *(.tbss .tbss.* .gnu.linkonce.tb.*)
 *(.tcommon)

.preinit_array  0x00000000b080e000        0x0
                [!provide]                        PROVIDE (__preinit_array_start = .)
 *(.preinit_array)
                [!provide]                        PROVIDE (__preinit_array_end = .)

.init_array     0x00000000b080e000        0x0
                [!provide]                        PROVIDE (__init_array_start = .)
 *(SORT_BY_INIT_PRIORITY(.init_array.*) SORT_BY_INIT_PRIORITY(.ctors.*))
 *(.init_array EXCLUDE_FILE(*crtend?.o *crtend.o *crtbegin?.o *crtbegin.o) .ctors)
                [!provide]                        PROVIDE (__init_array_end = .)

.fini_array     0x00000000b080e000        0x0
                [!provide]                        PROVIDE (__fini_array_start = .)
 *(SORT_BY_INIT_PRIORITY(.fini_array.*) SORT_BY_INIT_PRIORITY(.dtors.*))
 *(.fini_array EXCLUDE_FILE(*crtend?.o *crtend.o *crtbegin?.o *crtbegin.o) .dtors)
                [!provide]                        PROVIDE (__fini_array_end = .)

.ctors
 *crtbegin.o(.ctors)
 *crtbegin?.o(.ctors)
 *(EXCLUDE_FILE(*crtend?.o *crtend.o) .ctors)
 *(SORT_BY_NAME(.ctors.*))
 *(.ctors)

.dtors
 *crtbegin.o(.dtors)
 *crtbegin?.o(.dtors)
 *(EXCLUDE_FILE(*crtend?.o *crtend.o) .dtors)
 *(SORT_BY_NAME(.dtors.*))
 *(.dtors)

.jcr
 *(.jcr)

.data.rel.ro
 *(.data.rel.ro.local* .gnu.linkonce.d.rel.ro.local.*)
 *(.data.rel.ro .data.rel.ro.* .gnu.linkonce.d.rel.ro.*)

.dynamic
 *(.dynamic)

.got            0x00000000b080e000        0x0
 *(.got)
 .got           0x00000000b080e000        0x0 test.o
 *(.igot)
                0x00000000b080e000                . = DATA_SEGMENT_RELRO_END (., (SIZEOF (.got.plt) >= 0xc)?0xc:0x0)

.got.plt        0x00000000b080e000        0x0
 *(.got.plt)
 .got.plt       0x00000000b080e000        0x0 test.o
 *(.igot.plt)
 .igot.plt      0x00000000b080e000        0x0 test.o

.data           0x00000000b080e000      0x760
 *(.data .data.* .gnu.linkonce.d.*)
 .data          0x00000000b080e000        0x0 test.o
 .data          0x00000000b080e000        0x0 ../lib/pegasus_crt.a(exit.o)
 .data          0x00000000b080e000        0x0 ../lib/pegasus_crt.a(kernel_main_old.o)
 .data          0x00000000b080e000        0x0 ../lib/pegasus_crt.a(double_link_list.o)
 .data          0x00000000b080e000        0xf ../lib/pegasus_crt.a(kernel.o)
 .data          0x00000000b080e00f        0x0 ../lib/pegasus_crt.a(hd.o)
 *fill*         0x00000000b080e00f        0x1 
 .data          0x00000000b080e010        0x0 ../lib/pegasus_crt.a(syscall.o)
 *fill*         0x00000000b080e010       0x10 
 .data          0x00000000b080e020      0x128 ../lib/pegasus_crt.a(global.o)
                0x00000000b080e020                user_task_table
                0x00000000b080e0a0                sys_task_table
                0x00000000b080e12c                sys_call_table
 .data          0x00000000b080e148        0x0 ../lib/pegasus_crt.a(process.o)
 .data          0x00000000b080e148        0x0 ../lib/pegasus_crt.a(protect.o)
 .data          0x00000000b080e148        0x0 ../lib/pegasus_crt.a(console.o)
 *fill*         0x00000000b080e148       0x18 
 .data          0x00000000b080e160      0x600 ../lib/pegasus_crt.a(keyboard.o)
                0x00000000b080e160                keymap
 .data          0x00000000b080e760        0x0 ../lib/pegasus_crt.a(open.o)
 .data          0x00000000b080e760        0x0 ../lib/pegasus_crt.a(read.o)
 .data          0x00000000b080e760        0x0 ../lib/pegasus_crt.a(write.o)
 .data          0x00000000b080e760        0x0 ../lib/pegasus_crt.a(close.o)
 .data          0x00000000b080e760        0x0 ../lib/pegasus_crt.a(wait.o)
 .data          0x00000000b080e760        0x0 ../lib/pegasus_crt.a(fork.o)
 .data          0x00000000b080e760        0x0 ../lib/pegasus_crt.a(exec.o)
 .data          0x00000000b080e760        0x0 ../lib/pegasus_crt.a(main.o)
 .data          0x00000000b080e760        0x0 ../lib/pegasus_crt.a(exec.o)
 .data          0x00000000b080e760        0x0 ../lib/pegasus_crt.a(forkexit.o)
 .data          0x00000000b080e760        0x0 ../lib/pegasus_crt.a(mem.o)
 .data          0x00000000b080e760        0x0 ../lib/pegasus_crt.a(my_process.o)
 .data          0x00000000b080e760        0x0 ../lib/pegasus_crt.a(thread.o)
 .data          0x00000000b080e760        0x0 ../lib/pegasus_crt.a(fs_main.o)

.data1
 *(.data1)
                0x00000000b080e760                _edata = .
                [!provide]                        PROVIDE (edata = .)
                0x00000000b080e760                . = .
                0x00000000b080e760                __bss_start = .

.bss            0x00000000b080e760    0x74968
 *(.dynbss)
 *(.bss .bss.* .gnu.linkonce.b.*)
 .bss           0x00000000b080e760        0x0 test.o
 .bss           0x00000000b080e760        0x0 ../lib/pegasus_crt.a(exit.o)
 .bss           0x00000000b080e760        0x0 ../lib/pegasus_crt.a(kernel_main_old.o)
 .bss           0x00000000b080e760        0x0 ../lib/pegasus_crt.a(double_link_list.o)
 .bss           0x00000000b080e760      0x800 ../lib/pegasus_crt.a(kernel.o)
 .bss           0x00000000b080ef60        0x0 ../lib/pegasus_crt.a(hd.o)
 .bss           0x00000000b080ef60        0x0 ../lib/pegasus_crt.a(global.o)
 .bss           0x00000000b080ef60        0x0 ../lib/pegasus_crt.a(process.o)
 .bss           0x00000000b080ef60        0x0 ../lib/pegasus_crt.a(protect.o)
 .bss           0x00000000b080ef60        0x0 ../lib/pegasus_crt.a(console.o)
 .bss           0x00000000b080ef60        0x0 ../lib/pegasus_crt.a(keyboard.o)
 .bss           0x00000000b080ef60        0x0 ../lib/pegasus_crt.a(open.o)
 .bss           0x00000000b080ef60        0x0 ../lib/pegasus_crt.a(read.o)
 .bss           0x00000000b080ef60        0x0 ../lib/pegasus_crt.a(write.o)
 .bss           0x00000000b080ef60        0x0 ../lib/pegasus_crt.a(close.o)
 .bss           0x00000000b080ef60        0x0 ../lib/pegasus_crt.a(wait.o)
 .bss           0x00000000b080ef60        0x0 ../lib/pegasus_crt.a(fork.o)
 .bss           0x00000000b080ef60        0x0 ../lib/pegasus_crt.a(exec.o)
 .bss           0x00000000b080ef60        0x0 ../lib/pegasus_crt.a(main.o)
 .bss           0x00000000b080ef60        0x0 ../lib/pegasus_crt.a(exec.o)
 .bss           0x00000000b080ef60        0x0 ../lib/pegasus_crt.a(forkexit.o)
 .bss           0x00000000b080ef60        0x0 ../lib/pegasus_crt.a(mem.o)
 .bss           0x00000000b080ef60        0x0 ../lib/pegasus_crt.a(my_process.o)
 .bss           0x00000000b080ef60        0x0 ../lib/pegasus_crt.a(thread.o)
 .bss           0x00000000b080ef60        0x4 ../lib/pegasus_crt.a(fs_main.o)
                0x00000000b080ef60                c
 *(COMMON)
 *fill*         0x00000000b080ef64       0x1c 
 COMMON         0x00000000b080ef80     0x177c ../lib/pegasus_crt.a(exit.o)
                0x00000000b080ef80                current_tty
                0x00000000b080ef84                is_e0
                0x00000000b080ef88                idt_ptr
                0x00000000b080ef90                pid
                0x00000000b080ef94                current_dis_pos
                0x00000000b080ef98                dis_pos
                0x00000000b080ef9c                k_reenter
                0x00000000b080efa0                gdt
                0x00000000b080f3a0                proc_ready_table
                0x00000000b080f3a4                test_ticks
                0x00000000b080f3a8                pcaller
                0x00000000b080f3c0                keyboard_buffer
                0x00000000b080f5cc                pcb_list
                0x00000000b080f5dc                gdt_index
                0x00000000b080f5e0                tty_table
                0x00000000b080fe20                tss
                0x00000000b080fe8c                counter
                0x00000000b080fe90                key_pressed
                0x00000000b080fe94                fork_pid
                0x00000000b080fe98                is_shift
                0x00000000b080fe9c                gdt_ptr
                0x00000000b080fec0                idt
                0x00000000b08106c0                main_thread
                0x00000000b08106c8                ticks
                0x00000000b08106d0                is_init
                0x00000000b08106d4                all_pcb_list
                0x00000000b08106e4                console_table
                0x00000000b08106f4                is_disp
                0x00000000b08106f8                MAIN_THREAD_PAGE_DIRECTORY
 COMMON         0x00000000b08106fc       0x2c ../lib/pegasus_crt.a(kernel_main_old.o)
                0x00000000b08106fc                KernelVirtualMemory
                0x00000000b0810708                KernelPool
                0x00000000b0810718                UserPool
 *fill*         0x00000000b0810728       0x18 
 COMMON         0x00000000b0810740      0x440 ../lib/pegasus_crt.a(hd.o)
                0x00000000b0810740                hd_info
                0x00000000b0810980                hd_cache
 COMMON         0x00000000b0810b80    0x715e0 ../lib/pegasus_crt.a(global.o)
                0x00000000b0810b80                proc_stack
                0x00000000b0880b80                proc_table
 COMMON         0x00000000b0882160       0xf0 ../lib/pegasus_crt.a(mem.o)
                0x00000000b0882160                kernel_mem_block_decs_array
 *fill*         0x00000000b0882250       0x10 
 COMMON         0x00000000b0882260      0xe68 ../lib/pegasus_crt.a(fs_main.o)
                0x00000000b0882260                file_desc_table
                0x00000000b0882660                phy_super_block_buf
                0x00000000b0882664                phy_fsbuf
                0x00000000b0882680                inode_table
                0x00000000b0883080                super_block_buf
                0x00000000b0883084                fsbuf
                0x00000000b08830a0                root
                0x00000000b08830c8                . = ALIGN ((. != 0x0)?0x4:0x1)
                0x00000000b08830c8                . = ALIGN (0x4)
                0x00000000b08830c8                . = SEGMENT_START ("ldata-segment", .)
                0x00000000b08830c8                . = ALIGN (0x4)
                0x00000000b08830c8                _end = .
                [!provide]                        PROVIDE (end = .)
                0x00000000b08830c8                . = DATA_SEGMENT_END (.)

.stab
 *(.stab)

.stabstr
 *(.stabstr)

.stab.excl
 *(.stab.excl)

.stab.exclstr
 *(.stab.exclstr)

.stab.index
 *(.stab.index)

.stab.indexstr
 *(.stab.indexstr)

.comment        0x0000000000000000       0x2c
 *(.comment)
 .comment       0x0000000000000000       0x2c test.o
                                         0x2d (size before relaxing)
 .comment       0x000000000000002c       0x2d ../lib/pegasus_crt.a(exit.o)
 .comment       0x000000000000002c       0x2d ../lib/pegasus_crt.a(kernel_main_old.o)
 .comment       0x000000000000002c       0x2d ../lib/pegasus_crt.a(double_link_list.o)
 .comment       0x000000000000002c       0x2d ../lib/pegasus_crt.a(hd.o)
 .comment       0x000000000000002c       0x2d ../lib/pegasus_crt.a(global.o)
 .comment       0x000000000000002c       0x2d ../lib/pegasus_crt.a(process.o)
 .comment       0x000000000000002c       0x2d ../lib/pegasus_crt.a(protect.o)
 .comment       0x000000000000002c       0x2d ../lib/pegasus_crt.a(console.o)
 .comment       0x000000000000002c       0x2d ../lib/pegasus_crt.a(keyboard.o)
 .comment       0x000000000000002c       0x2d ../lib/pegasus_crt.a(open.o)
 .comment       0x000000000000002c       0x2d ../lib/pegasus_crt.a(read.o)
 .comment       0x000000000000002c       0x2d ../lib/pegasus_crt.a(write.o)
 .comment       0x000000000000002c       0x2d ../lib/pegasus_crt.a(close.o)
 .comment       0x000000000000002c       0x2d ../lib/pegasus_crt.a(wait.o)
 .comment       0x000000000000002c       0x2d ../lib/pegasus_crt.a(fork.o)
 .comment       0x000000000000002c       0x2d ../lib/pegasus_crt.a(exec.o)
 .comment       0x000000000000002c       0x2d ../lib/pegasus_crt.a(main.o)
 .comment       0x000000000000002c       0x2d ../lib/pegasus_crt.a(exec.o)
 .comment       0x000000000000002c       0x2d ../lib/pegasus_crt.a(forkexit.o)
 .comment       0x000000000000002c       0x2d ../lib/pegasus_crt.a(mem.o)
 .comment       0x000000000000002c       0x2d ../lib/pegasus_crt.a(my_process.o)
 .comment       0x000000000000002c       0x2d ../lib/pegasus_crt.a(thread.o)
 .comment       0x000000000000002c       0x2d ../lib/pegasus_crt.a(fs_main.o)

.gnu.build.attributes
 *(.gnu.build.attributes .gnu.build.attributes.*)

.debug
 *(.debug)

.line
 *(.line)

.debug_srcinfo
 *(.debug_srcinfo)

.debug_sfnames
 *(.debug_sfnames)

.debug_aranges  0x0000000000000000      0x2d8
 *(.debug_aranges)
 .debug_aranges
                0x0000000000000000       0x20 ../lib/pegasus_crt.a(exit.o)
 .debug_aranges
                0x0000000000000020       0x20 ../lib/pegasus_crt.a(kernel_main_old.o)
 .debug_aranges
                0x0000000000000040       0x20 ../lib/pegasus_crt.a(double_link_list.o)
 .debug_aranges
                0x0000000000000060       0x20 ../lib/pegasus_crt.a(hd.o)
 .debug_aranges
                0x0000000000000080       0x18 ../lib/pegasus_crt.a(global.o)
 .debug_aranges
                0x0000000000000098       0x20 ../lib/pegasus_crt.a(process.o)
 .debug_aranges
                0x00000000000000b8       0x20 ../lib/pegasus_crt.a(protect.o)
 .debug_aranges
                0x00000000000000d8       0x20 ../lib/pegasus_crt.a(console.o)
 .debug_aranges
                0x00000000000000f8       0x20 ../lib/pegasus_crt.a(keyboard.o)
 .debug_aranges
                0x0000000000000118       0x20 ../lib/pegasus_crt.a(open.o)
 .debug_aranges
                0x0000000000000138       0x20 ../lib/pegasus_crt.a(read.o)
 .debug_aranges
                0x0000000000000158       0x20 ../lib/pegasus_crt.a(write.o)
 .debug_aranges
                0x0000000000000178       0x20 ../lib/pegasus_crt.a(close.o)
 .debug_aranges
                0x0000000000000198       0x20 ../lib/pegasus_crt.a(wait.o)
 .debug_aranges
                0x00000000000001b8       0x20 ../lib/pegasus_crt.a(fork.o)
 .debug_aranges
                0x00000000000001d8       0x20 ../lib/pegasus_crt.a(exec.o)
 .debug_aranges
                0x00000000000001f8       0x20 ../lib/pegasus_crt.a(main.o)
 .debug_aranges
                0x0000000000000218       0x20 ../lib/pegasus_crt.a(exec.o)
 .debug_aranges
                0x0000000000000238       0x20 ../lib/pegasus_crt.a(forkexit.o)
 .debug_aranges
                0x0000000000000258       0x20 ../lib/pegasus_crt.a(mem.o)
 .debug_aranges
                0x0000000000000278       0x20 ../lib/pegasus_crt.a(my_process.o)
 .debug_aranges
                0x0000000000000298       0x20 ../lib/pegasus_crt.a(thread.o)
 .debug_aranges
                0x00000000000002b8       0x20 ../lib/pegasus_crt.a(fs_main.o)

.debug_pubnames
 *(.debug_pubnames)

.debug_info     0x0000000000000000    0x19a5d
 *(.debug_info .gnu.linkonce.wi.*)
 .debug_info    0x0000000000000000      0xd5b ../lib/pegasus_crt.a(exit.o)
 .debug_info    0x0000000000000d5b     0x267a ../lib/pegasus_crt.a(kernel_main_old.o)
 .debug_info    0x00000000000033d5      0xfec ../lib/pegasus_crt.a(double_link_list.o)
 .debug_info    0x00000000000043c1     0x178a ../lib/pegasus_crt.a(hd.o)
 .debug_info    0x0000000000005b4b      0xe32 ../lib/pegasus_crt.a(global.o)
 .debug_info    0x000000000000697d      0xf1b ../lib/pegasus_crt.a(process.o)
 .debug_info    0x0000000000007898     0x115d ../lib/pegasus_crt.a(protect.o)
 .debug_info    0x00000000000089f5     0x1232 ../lib/pegasus_crt.a(console.o)
 .debug_info    0x0000000000009c27      0xf86 ../lib/pegasus_crt.a(keyboard.o)
 .debug_info    0x000000000000abad      0xdaa ../lib/pegasus_crt.a(open.o)
 .debug_info    0x000000000000b957      0xe49 ../lib/pegasus_crt.a(read.o)
 .debug_info    0x000000000000c7a0      0xdd7 ../lib/pegasus_crt.a(write.o)
 .debug_info    0x000000000000d577      0xd5e ../lib/pegasus_crt.a(close.o)
 .debug_info    0x000000000000e2d5      0xd69 ../lib/pegasus_crt.a(wait.o)
 .debug_info    0x000000000000f03e      0xd50 ../lib/pegasus_crt.a(fork.o)
 .debug_info    0x000000000000fd8e      0xee8 ../lib/pegasus_crt.a(exec.o)
 .debug_info    0x0000000000010c76      0xd6e ../lib/pegasus_crt.a(main.o)
 .debug_info    0x00000000000119e4     0x116c ../lib/pegasus_crt.a(exec.o)
 .debug_info    0x0000000000012b50      0xf64 ../lib/pegasus_crt.a(forkexit.o)
 .debug_info    0x0000000000013ab4     0x1c76 ../lib/pegasus_crt.a(mem.o)
 .debug_info    0x000000000001572a     0x1445 ../lib/pegasus_crt.a(my_process.o)
 .debug_info    0x0000000000016b6f     0x1011 ../lib/pegasus_crt.a(thread.o)
 .debug_info    0x0000000000017b80     0x1edd ../lib/pegasus_crt.a(fs_main.o)

.debug_abbrev   0x0000000000000000     0x3153
 *(.debug_abbrev)
 .debug_abbrev  0x0000000000000000      0x19b ../lib/pegasus_crt.a(exit.o)
 .debug_abbrev  0x000000000000019b      0x452 ../lib/pegasus_crt.a(kernel_main_old.o)
 .debug_abbrev  0x00000000000005ed      0x216 ../lib/pegasus_crt.a(double_link_list.o)
 .debug_abbrev  0x0000000000000803      0x2e3 ../lib/pegasus_crt.a(hd.o)
 .debug_abbrev  0x0000000000000ae6      0x157 ../lib/pegasus_crt.a(global.o)
 .debug_abbrev  0x0000000000000c3d      0x1e0 ../lib/pegasus_crt.a(process.o)
 .debug_abbrev  0x0000000000000e1d      0x227 ../lib/pegasus_crt.a(protect.o)
 .debug_abbrev  0x0000000000001044      0x2ac ../lib/pegasus_crt.a(console.o)
 .debug_abbrev  0x00000000000012f0      0x1fb ../lib/pegasus_crt.a(keyboard.o)
 .debug_abbrev  0x00000000000014eb      0x1c5 ../lib/pegasus_crt.a(open.o)
 .debug_abbrev  0x00000000000016b0      0x1ef ../lib/pegasus_crt.a(read.o)
 .debug_abbrev  0x000000000000189f      0x1db ../lib/pegasus_crt.a(write.o)
 .debug_abbrev  0x0000000000001a7a      0x19d ../lib/pegasus_crt.a(close.o)
 .debug_abbrev  0x0000000000001c17      0x19f ../lib/pegasus_crt.a(wait.o)
 .debug_abbrev  0x0000000000001db6      0x18a ../lib/pegasus_crt.a(fork.o)
 .debug_abbrev  0x0000000000001f40      0x1e8 ../lib/pegasus_crt.a(exec.o)
 .debug_abbrev  0x0000000000002128      0x208 ../lib/pegasus_crt.a(main.o)
 .debug_abbrev  0x0000000000002330      0x1c4 ../lib/pegasus_crt.a(exec.o)
 .debug_abbrev  0x00000000000024f4      0x204 ../lib/pegasus_crt.a(forkexit.o)
 .debug_abbrev  0x00000000000026f8      0x2ea ../lib/pegasus_crt.a(mem.o)
 .debug_abbrev  0x00000000000029e2      0x260 ../lib/pegasus_crt.a(my_process.o)
 .debug_abbrev  0x0000000000002c42      0x222 ../lib/pegasus_crt.a(thread.o)
 .debug_abbrev  0x0000000000002e64      0x2ef ../lib/pegasus_crt.a(fs_main.o)

.debug_line     0x0000000000000000     0x4602
 *(.debug_line .debug_line.* .debug_line_end)
 .debug_line    0x0000000000000000       0xa0 ../lib/pegasus_crt.a(exit.o)
 .debug_line    0x00000000000000a0      0xdb4 ../lib/pegasus_crt.a(kernel_main_old.o)
 .debug_line    0x0000000000000e54      0x253 ../lib/pegasus_crt.a(double_link_list.o)
 .debug_line    0x00000000000010a7      0x613 ../lib/pegasus_crt.a(hd.o)
 .debug_line    0x00000000000016ba       0x95 ../lib/pegasus_crt.a(global.o)
 .debug_line    0x000000000000174f      0x180 ../lib/pegasus_crt.a(process.o)
 .debug_line    0x00000000000018cf      0x1fb ../lib/pegasus_crt.a(protect.o)
 .debug_line    0x0000000000001aca      0x54e ../lib/pegasus_crt.a(console.o)
 .debug_line    0x0000000000002018      0x296 ../lib/pegasus_crt.a(keyboard.o)
 .debug_line    0x00000000000022ae       0xbd ../lib/pegasus_crt.a(open.o)
 .debug_line    0x000000000000236b      0x155 ../lib/pegasus_crt.a(read.o)
 .debug_line    0x00000000000024c0       0xbc ../lib/pegasus_crt.a(write.o)
 .debug_line    0x000000000000257c       0xad ../lib/pegasus_crt.a(close.o)
 .debug_line    0x0000000000002629       0xb7 ../lib/pegasus_crt.a(wait.o)
 .debug_line    0x00000000000026e0       0xa5 ../lib/pegasus_crt.a(fork.o)
 .debug_line    0x0000000000002785      0x18b ../lib/pegasus_crt.a(exec.o)
 .debug_line    0x0000000000002910       0xec ../lib/pegasus_crt.a(main.o)
 .debug_line    0x00000000000029fc      0x20c ../lib/pegasus_crt.a(exec.o)
 .debug_line    0x0000000000002c08      0x17a ../lib/pegasus_crt.a(forkexit.o)
 .debug_line    0x0000000000002d82      0x7e6 ../lib/pegasus_crt.a(mem.o)
 .debug_line    0x0000000000003568      0x33b ../lib/pegasus_crt.a(my_process.o)
 .debug_line    0x00000000000038a3      0x145 ../lib/pegasus_crt.a(thread.o)
 .debug_line    0x00000000000039e8      0xc1a ../lib/pegasus_crt.a(fs_main.o)

.debug_frame
 *(.debug_frame)

.debug_str      0x0000000000000000     0x1dc5
 *(.debug_str)
 .debug_str     0x0000000000000000      0x4b3 ../lib/pegasus_crt.a(exit.o)
                                        0x57a (size before relaxing)
 .debug_str     0x00000000000004b3      0x4fd ../lib/pegasus_crt.a(kernel_main_old.o)
                                        0xb06 (size before relaxing)
 .debug_str     0x00000000000009b0       0x97 ../lib/pegasus_crt.a(double_link_list.o)
                                        0x6a6 (size before relaxing)
 .debug_str     0x0000000000000a47      0x2a1 ../lib/pegasus_crt.a(hd.o)
                                        0x8e2 (size before relaxing)
 .debug_str     0x0000000000000ce8        0x9 ../lib/pegasus_crt.a(global.o)
                                        0x5e5 (size before relaxing)
 .debug_str     0x0000000000000cf1       0x31 ../lib/pegasus_crt.a(process.o)
                                        0x61f (size before relaxing)
 .debug_str     0x0000000000000d22      0x125 ../lib/pegasus_crt.a(protect.o)
                                        0x740 (size before relaxing)
 .debug_str     0x0000000000000e47      0x10d ../lib/pegasus_crt.a(console.o)
                                        0x734 (size before relaxing)
 .debug_str     0x0000000000000f54       0x84 ../lib/pegasus_crt.a(keyboard.o)
                                        0x671 (size before relaxing)
 .debug_str     0x0000000000000fd8       0x2d ../lib/pegasus_crt.a(open.o)
                                        0x5ad (size before relaxing)
 .debug_str     0x0000000000001005       0x51 ../lib/pegasus_crt.a(read.o)
                                        0x5e6 (size before relaxing)
 .debug_str     0x0000000000001056        0xc ../lib/pegasus_crt.a(write.o)
                                        0x5aa (size before relaxing)
 .debug_str     0x0000000000001062        0xc ../lib/pegasus_crt.a(close.o)
                                        0x575 (size before relaxing)
 .debug_str     0x000000000000106e        0xb ../lib/pegasus_crt.a(wait.o)
                                        0x57a (size before relaxing)
 .debug_str     0x0000000000001079        0xb ../lib/pegasus_crt.a(fork.o)
                                        0x573 (size before relaxing)
 .debug_str     0x0000000000001084       0x43 ../lib/pegasus_crt.a(exec.o)
                                        0x601 (size before relaxing)
 .debug_str     0x00000000000010c7       0x32 ../lib/pegasus_crt.a(main.o)
                                        0x56d (size before relaxing)
 .debug_str     0x00000000000010f9      0x2a0 ../lib/pegasus_crt.a(exec.o)
                                        0x842 (size before relaxing)
 .debug_str     0x0000000000001399       0x80 ../lib/pegasus_crt.a(forkexit.o)
                                        0x5ec (size before relaxing)
 .debug_str     0x0000000000001419      0x316 ../lib/pegasus_crt.a(mem.o)
                                        0xa6d (size before relaxing)
 .debug_str     0x000000000000172f      0x200 ../lib/pegasus_crt.a(my_process.o)
                                        0x8d3 (size before relaxing)
 .debug_str     0x000000000000192f       0x5c ../lib/pegasus_crt.a(thread.o)
                                        0x6ec (size before relaxing)
 .debug_str     0x000000000000198b      0x43a ../lib/pegasus_crt.a(fs_main.o)
                                        0xacf (size before relaxing)

.debug_loc
 *(.debug_loc)

.debug_macinfo
 *(.debug_macinfo)

.debug_weaknames
 *(.debug_weaknames)

.debug_funcnames
 *(.debug_funcnames)

.debug_typenames
 *(.debug_typenames)

.debug_varnames
 *(.debug_varnames)

.debug_pubtypes
 *(.debug_pubtypes)

.debug_ranges   0x0000000000000000       0x90
 *(.debug_ranges)
 .debug_ranges  0x0000000000000000       0x30 ../lib/pegasus_crt.a(kernel_main_old.o)
 .debug_ranges  0x0000000000000030       0x48 ../lib/pegasus_crt.a(hd.o)
 .debug_ranges  0x0000000000000078       0x18 ../lib/pegasus_crt.a(exec.o)

.debug_macro
 *(.debug_macro)

.debug_addr
 *(.debug_addr)

.gnu.attributes
 *(.gnu.attributes)

/DISCARD/
 *(.note.GNU-stack)
 *(.gnu_debuglink)
 *(.gnu.lto_*)
 *(.gnu_object_only)
OUTPUT(test elf32-i386)
