Archive member included to satisfy reference by file (symbol)

pegasus_crt.a(kernel_main_old.o)
                              test.o (Printf)
pegasus_crt.a(keyboard.o)     pegasus_crt.a(kernel_main_old.o) (init_keyboard_handler)
pegasus_crt.a(mem.o)          pegasus_crt.a(kernel_main_old.o) (ptr_pde)
pegasus_crt.a(exec.o)         pegasus_crt.a(kernel_main_old.o) (execl)
pegasus_crt.a(fork.o)         pegasus_crt.a(kernel_main_old.o) (fork)
pegasus_crt.a(exit.o)         start.o (exit)
pegasus_crt.a(wait.o)         pegasus_crt.a(kernel_main_old.o) (wait)
pegasus_crt.a(read.o)         pegasus_crt.a(kernel_main_old.o) (read)
pegasus_crt.a(open.o)         pegasus_crt.a(kernel_main_old.o) (open)
pegasus_crt.a(write.o)        pegasus_crt.a(kernel_main_old.o) (write)
pegasus_crt.a(close.o)        pegasus_crt.a(kernel_main_old.o) (close)
pegasus_crt.a(kernel.o)       pegasus_crt.a(kernel_main_old.o) (disp_str)
pegasus_crt.a(syscall.o)      pegasus_crt.a(kernel_main_old.o) (write_debug)
pegasus_crt.a(string.o)       pegasus_crt.a(kernel_main_old.o) (Memcpy2)
pegasus_crt.a(double_link_list.o)
                              pegasus_crt.a(mem.o) (initDoubleLinkList)
pegasus_crt.a(global.o)       pegasus_crt.a(kernel.o) (sys_call_table)
pegasus_crt.a(protect.o)      pegasus_crt.a(kernel_main_old.o) (InitInterruptDesc)
pegasus_crt.a(console.o)      pegasus_crt.a(keyboard.o) (select_console)
pegasus_crt.a(process.o)      pegasus_crt.a(kernel_main_old.o) (schedule_process)
pegasus_crt.a(netdev.o)       pegasus_crt.a(kernel.o) (net_handler)
pegasus_crt.a(task_network.o)
                              pegasus_crt.a(global.o) (task_network)
pegasus_crt.a(route.o)        pegasus_crt.a(task_network.o) (route_init)
pegasus_crt.a(hd.o)           pegasus_crt.a(global.o) (TaskHD)
pegasus_crt.a(fs_main.o)      pegasus_crt.a(global.o) (task_fs)
pegasus_crt.a(main.o)         pegasus_crt.a(global.o) (TaskMM)
pegasus_crt.a(strcmp.o)       pegasus_crt.a(fs_main.o) (strcmp)
pegasus_crt.a(perror.o)       pegasus_crt.a(netdev.o) (perror)
pegasus_crt.a(sscanf.o)       pegasus_crt.a(netdev.o) (sscanf)
pegasus_crt.a(ntohs.o)        pegasus_crt.a(netdev.o) (ntohs)
pegasus_crt.a(htons.o)        pegasus_crt.a(netdev.o) (htons)
pegasus_crt.a(inet_pton.o)    pegasus_crt.a(netdev.o) (inet_pton)
pegasus_crt.a(ntohl.o)        pegasus_crt.a(netdev.o) (ntohl)
pegasus_crt.a(switch_to.o)    pegasus_crt.a(process.o) (switch_to)
pegasus_crt.a(hd_rdwt.o)      pegasus_crt.a(hd.o) (read_port)
pegasus_crt.a(ne2000.o)       pegasus_crt.a(netdev.o) (StartSendToPhysicalLink)
pegasus_crt.a(skbuff.o)       pegasus_crt.a(netdev.o) (alloc_skb)
pegasus_crt.a(ip_input.o)     pegasus_crt.a(netdev.o) (ip_rcv)
pegasus_crt.a(tcp.o)          pegasus_crt.a(ip_input.o) (tcp_in)
pegasus_crt.a(arp.o)          pegasus_crt.a(netdev.o) (arp_rcv)
pegasus_crt.a(tcp_sock.o)     pegasus_crt.a(tcp.o) (tcp_established_or_syn_recvd_socks_remove)
pegasus_crt.a(ipc.o)          pegasus_crt.a(task_network.o) (demux_ipc_socket_call)
pegasus_crt.a(icmpv4.o)       pegasus_crt.a(ip_input.o) (icmpv4_incoming)
pegasus_crt.a(tcp_input.o)    pegasus_crt.a(tcp.o) (tcp_process)
pegasus_crt.a(udp.o)          pegasus_crt.a(ip_input.o) (udp_in)
pegasus_crt.a(tcp_data.o)     pegasus_crt.a(tcp_input.o) (tcp_data_dequeue)
pegasus_crt.a(utils.o)        pegasus_crt.a(ip_input.o) (print_err)
pegasus_crt.a(forkexit.o)     pegasus_crt.a(main.o) (do_fork)
pegasus_crt.a(exec.o)         pegasus_crt.a(main.o) (do_exec)
pegasus_crt.a(alloca.o)       pegasus_crt.a(ipc.o) (alloca)
pegasus_crt.a(calloc.o)       pegasus_crt.a(ipc.o) (calloc)
pegasus_crt.a(atoi.o)         pegasus_crt.a(sscanf.o) (atoi)
pegasus_crt.a(strtol.o)       pegasus_crt.a(sscanf.o) (strtol)
pegasus_crt.a(strtok.o)       pegasus_crt.a(inet_pton.o) (strtok)
pegasus_crt.a(strpbrk.o)      pegasus_crt.a(strtok.o) (strpbrk)
pegasus_crt.a(htonl.o)        pegasus_crt.a(arp.o) (htonl)
pegasus_crt.a(my_process.o)   pegasus_crt.a(forkexit.o) (fork_process)
pegasus_crt.a(socket.o)       pegasus_crt.a(ipc.o) (_socket)
pegasus_crt.a(udp_sock.o)     pegasus_crt.a(udp.o) (udp_lookup_sock)
pegasus_crt.a(inet.o)         pegasus_crt.a(socket.o) (inet)
pegasus_crt.a(ip_output.o)    pegasus_crt.a(icmpv4.o) (ip_output)
pegasus_crt.a(sock.o)         pegasus_crt.a(inet.o) (sk_alloc)
pegasus_crt.a(tcp_output.o)   pegasus_crt.a(tcp_input.o) (tcp_send_synack)
pegasus_crt.a(dst.o)          pegasus_crt.a(ip_output.o) (dst_neigh_output)
pegasus_crt.a(thread.o)       pegasus_crt.a(my_process.o) (thread_init)

Merging program properties

Removed property 0xc0010001 to merge test.o (0x1) and start.o (not found)
Removed property 0xc0010002 to merge test.o (0x0) and start.o (not found)
Removed property 0xc0010001 to merge test.o (not found) and pegasus_crt.a(kernel_main_old.o) (0x1)
Removed property 0xc0010002 to merge test.o (not found) and pegasus_crt.a(kernel_main_old.o) (0x1)
Removed property 0xc0010001 to merge test.o (not found) and pegasus_crt.a(keyboard.o) (0x1)
[...]
Memory Configuration

Name             Origin             Length             Attributes
*default*        0x00000000         0xffffffff

Linker script and memory map

Address of section .text set to 0xb0800000
LOAD test.o
LOAD start.o
LOAD pegasus_crt.a
                [!provide]                        PROVIDE (__executable_start = SEGMENT_START ("text-segment", 0x8048000))
                0x080480d4                        . = (SEGMENT_START ("text-segment", 0x8048000) + SIZEOF_HEADERS)

.interp
 *(.interp)

.note.gnu.build-id
 *(.note.gnu.build-id)

.hash
 *(.hash)

.gnu.hash
 *(.gnu.hash)

.dynsym
 *(.dynsym)

.dynstr
 *(.dynstr)

.gnu.version
 *(.gnu.version)

.gnu.version_d
 *(.gnu.version_d)

.gnu.version_r
 *(.gnu.version_r)

.rel.dyn        0x080480d4        0x0
 *(.rel.init)
 *(.rel.text .rel.text.* .rel.gnu.linkonce.t.*)
 .rel.text      0x080480d4        0x0 test.o
 *(.rel.fini)
 *(.rel.rodata .rel.rodata.* .rel.gnu.linkonce.r.*)
 *(.rel.data.rel.ro .rel.data.rel.ro.* .rel.gnu.linkonce.d.rel.ro.*)
 *(.rel.data .rel.data.* .rel.gnu.linkonce.d.*)
 *(.rel.tdata .rel.tdata.* .rel.gnu.linkonce.td.*)
 *(.rel.tbss .rel.tbss.* .rel.gnu.linkonce.tb.*)
 *(.rel.ctors)
 *(.rel.dtors)
 *(.rel.got)
 .rel.got       0x080480d4        0x0 test.o
 *(.rel.bss .rel.bss.* .rel.gnu.linkonce.b.*)
 *(.rel.ifunc)

.rel.plt        0x080480d4        0x0
 *(.rel.plt)
                [!provide]                        PROVIDE (__rel_iplt_start = .)
 *(.rel.iplt)
 .rel.iplt      0x080480d4        0x0 test.o
                [!provide]                        PROVIDE (__rel_iplt_end = .)

.relr.dyn
 *(.relr.dyn)
                0x08049000                        . = ALIGN (CONSTANT (MAXPAGESIZE))

.init
 *(SORT_NONE(.init))

.plt            0x08049000        0x0
 *(.plt)
 *(.iplt)
 .iplt          0x08049000        0x0 test.o

.plt.got
 *(.plt.got)

.plt.sec
 *(.plt.sec)

.text           0xb0800000    0x126bf
 *(.text.unlikely .text.*_unlikely .text.unlikely.*)
 *(.text.exit .text.exit.*)
 *(.text.startup .text.startup.*)
 *(.text.hot .text.hot.*)
 *(SORT_BY_NAME(.text.sorted.*))
 *(.text .stub .text.* .gnu.linkonce.t.*)
 .text          0xb0800000       0x3e test.o
                0xb0800000                main
 *fill*         0xb080003e        0x2 
 .text          0xb0800040       0x15 start.o
                0xb0800040                _start
 .text          0xb0800055     0x2de4 pegasus_crt.a(kernel_main_old.o)
                0xb0800055                stop_here
                0xb0800099                catch_error
                0xb08000fe                intr_enable
                0xb0800127                intr_disable
                0xb0800150                intr_set_status
                0xb080016e                intr_get_status
                0xb080018b                Memcpy
                0xb08001be                untar
                0xb08004ce                num_to_string
                0xb0800574                disp_int
                0xb080059d                do_page_fault
                0xb08006da                exception_handler
                0xb08008c5                init_internal_interrupt
                0xb0800a3a                spurious_irq
                0xb0800ac8                init_keyboard
                0xb0800b0b                TestTTY
                0xb0800baa                TestReadReturnValue
                0xb0800c27                TestWriteReturnValue
                0xb0800cfb                TestFS2
                0xb0800d09                TestFS
                0xb08011ab                wait_exit
                0xb08012a9                INIT_fork
                0xb080159c                simple_shell
                0xb0801723                test_shell
                0xb080178b                test_exec
                0xb080187e                INIT
                0xb080188b                TestA
                0xb08018c0                delay
                0xb0801904                TestB
                0xb080191c                TestC
                0xb080194f                sys_get_ticks
                0xb080195f                sys_write
                0xb08019b3                milli_delay
                0xb08019ef                TaskSys
                0xb08019f4                Printf
                0xb0801ac6                sprintf
                0xb0801af2                vsprintf
                0xb0801c9e                printx
                0xb0801ce1                sys_printx
                0xb0801dad                spin
                0xb0801dd3                panic
                0xb0801df1                assertion_failure
                0xb0801e63                assertion_failure2
                0xb0801ed8                dead_lock
                0xb0801ee2                sys_send_msg
                0xb0802401                sys_receive_msg
                0xb0802a61                send_rec
                0xb0802b5c                block
                0xb0802b98                unblock
                0xb0802be8                get_ticks_ipc
                0xb0802c42                itoa
                0xb0802c98                i2a
                0xb0802cfe                inform_int
                0xb0802dca                deprecate_strcmp
 .text          0xb0802e39      0x40f pegasus_crt.a(keyboard.o)
                0xb0802e39                keyboard_handler
                0xb0802ebd                read_from_keyboard_buf
                0xb0802f23                keyboard_read
                0xb08030a2                init_keyboard_handler
                0xb08030b6                in_process
 .text          0xb0803248     0x1118 pegasus_crt.a(mem.o)
                0xb0803248                init_bitmap
                0xb080326b                test_bit_val
                0xb08032d4                set_bit_val
                0xb080334f                set_bits
                0xb0803389                get_first_free_bit
                0xb08033cd                get_bits
                0xb0803495                get_a_page
                0xb0803549                get_virtual_address_start_with_addr
                0xb08035e3                get_virtual_address
                0xb0803673                ptr_pde
                0xb0803686                ptr_pte
                0xb08036ad                add_map_entry
                0xb080373e                alloc_virtual_memory
                0xb080380a                get_physical_address_proc
                0xb0803886                get_physical_address
                0xb08038b8                alloc_physical_memory_of_proc
                0xb08039a7                alloc_physical_memory
                0xb0803a6f                alloc_memory
                0xb0803ad1                get_a_virtual_page
                0xb0803b09                block2arena
                0xb0803b1f                sys_malloc2
                0xb0803e4c                remove_map_entry
                0xb0803e6d                free_a_page
                0xb0803f14                sys_free2
                0xb0803f1a                init_memory_block_desc
                0xb0803feb                init_memory2
                0xb0804220                init_memory
 .text          0xb0804360      0x285 pegasus_crt.a(exec.o)
                0xb0804360                exec
                0xb08043d1                execv
                0xb08045c0                execl
 .text          0xb08045e5       0x4b pegasus_crt.a(fork.o)
                0xb08045e5                fork
 .text          0xb0804630       0x2f pegasus_crt.a(exit.o)
                0xb0804630                exit
 .text          0xb080465f       0x44 pegasus_crt.a(wait.o)
                0xb080465f                wait
 .text          0xb08046a3      0x181 pegasus_crt.a(read.o)
                0xb08046a3                read
 .text          0xb0804824       0x95 pegasus_crt.a(open.o)
                0xb0804824                open
 .text          0xb08048b9       0x85 pegasus_crt.a(write.o)
                0xb08048b9                write
 .text          0xb080493e       0x52 pegasus_crt.a(close.o)
                0xb080493e                close
 .text          0xb0804990      0x3d2 pegasus_crt.a(kernel.o)
                0xb0804990                InterruptTest
                0xb080499c                disp_str_len
                0xb08049e9                disp_str
                0xb0804a24                disp_str_colour
                0xb0804a60                divide_zero_fault
                0xb0804a66                single_step_fault
                0xb0804a6c                non_maskable_interrupt
                0xb0804a72                breakpoint_trap
                0xb0804a78                overflow_trap
                0xb0804a7e                bound_range_exceeded_fault
                0xb0804a84                invalid_opcode_fault
                0xb0804a8a                coprocessor_not_available_fault
                0xb0804a90                double_fault_exception_abort
                0xb0804a94                coprocessor_segment_overrun
                0xb0804a9a                invalid_task_state_segment_fault
                0xb0804a9e                segment_not_present_fault
                0xb0804aa2                stack_exception_fault
                0xb0804aa6                general_protection_exception_fault
                0xb0804ab1                page_fault
                0xb0804ab5                coprocessor_error_fault
                0xb0804abb                align_check_fault
                0xb0804abf                simd_float_exception_fault
                0xb0804ace                hwint0
                0xb0804afe                hwint1
                0xb0804b41                hwint14
                0xb0804b87                hwint10
                0xb0804bca                sys_call
                0xb0804c10                fork_restart
                0xb0804c1f                restart
                0xb0804c42                in_byte
                0xb0804c4e                out_byte
                0xb0804c70                disable_int
                0xb0804c72                enable_int
                0xb0804d08                enable_8259A_casecade_irq
                0xb0804d12                disable_8259A_casecade_irq
                0xb0804d1c                enable_8259A_slave_winchester_irq
                0xb0804d26                disable_8259A_slave_winchester_irq
                0xb0804d30                update_cr3
                0xb0804d3d                update_tss
                0xb0804d4c                get_running_thread_pcb
                0xb0804d52                sys_call_test
                0xb0804d55                enable_8259A_slave_net_irq
 *fill*         0xb0804d62        0xe 
 .text          0xb0804d70       0x6a pegasus_crt.a(syscall.o)
                0xb0804d70                write_debug
                0xb0804d80                send_msg
                0xb0804d96                receive_msg
                0xb0804dac                sys_malloc
                0xb0804dc1                sys_free
 .text          0xb0804dda      0x2ee pegasus_crt.a(double_link_list.o)
                0xb0804dda                initDoubleLinkList
                0xb0804e2a                isListEmpty
                0xb0804e58                findElementInList
                0xb0804eef                appendToDoubleLinkList
                0xb0804fb5                insertToDoubleLinkList
                0xb0805039                popFromDoubleLinkList
 .text          0xb08050c8        0x0 pegasus_crt.a(global.o)
 .text          0xb08050c8      0x3b3 pegasus_crt.a(protect.o)
                0xb08050c8                InitDescriptor
                0xb0805135                Seg2PhyAddr
                0xb0805176                Seg2PhyAddrLDT
                0xb08051ba                VirAddr2PhyAddr
                0xb08051d0                v2l
                0xb0805213                init_propt
                0xb0805394                InitInterruptDesc
                0xb08053f0                ReloadGDT
 .text          0xb080547b      0xad3 pegasus_crt.a(console.o)
                0xb080547b                select_console
                0xb08054b7                flush
                0xb08054f0                set_cursor
                0xb080554e                set_console_start_video_addr
                0xb08055ac                put_key
                0xb0805618                scroll_up
                0xb080565a                scroll_down
                0xb08056c5                out_char
                0xb0805882                tty_dev_read
                0xb08058ac                tty_dev_write
                0xb0805ad9                tty_do_read
                0xb0805ba1                tty_do_write
                0xb0805d0a                init_screen
                0xb0805d93                init_tty
                0xb0805e48                TaskTTY
 .text          0xb0805f4e      0x2b7 pegasus_crt.a(process.o)
                0xb0805f4e                schedule_process
                0xb0806114                clock_handler
                0xb080618a                pid2proc
                0xb08061ee                proc2pid
 .text          0xb0806205      0x88a pegasus_crt.a(netdev.o)
                0xb0806393                netdev_init
                0xb08063da                netdev_transmit
                0xb0806535                interrupt_wait2
                0xb080658e                netdev_rx_loop
                0xb08066c7                netdev_get
                0xb0806702                free_netdev
                0xb080672d                local_ipaddress
                0xb080676a                receive_msg_from_nic
                0xb080694d                receive_msg_from_nic2
                0xb0806a79                net_handler
 .text          0xb0806a8f      0x339 pegasus_crt.a(task_network.o)
                0xb0806a8f                init_dev
                0xb0806b99                task_network
                0xb0806cec                task_netdev_rx
 .text          0xb0806dc8      0x2c8 pegasus_crt.a(route.o)
                0xb0806ef5                route_add
                0xb0806f3c                route_init
                0xb0806fee                route_lookup
                0xb080703c                free_routes
 .text          0xb0807090      0xe84 pegasus_crt.a(hd.o)
                0xb0807090                TaskHD
                0xb08070db                init_hd
                0xb08070f5                hd_handle
                0xb08071fa                hd_cmd_out
                0xb08072fc                hd_identify
                0xb08073b3                print_hdinfo
                0xb0807541                print_dpt_entry
                0xb08075ad                get_partition_table
                0xb080768c                partition
                0xb08078a6                hd_open
                0xb0807956                get_hd_ioctl
                0xb0807a10                wait_for
                0xb0807a41                interrupt_wait
                0xb0807a9a                hd_rdwt
                0xb0807d3c                hd_handler
                0xb0807d6d                debug_ticks
                0xb0807dab                waitfor
                0xb0807def                print_hd_info
                0xb0807edc                is_empty
 .text          0xb0807f14     0x2081 pegasus_crt.a(fs_main.o)
                0xb0807f14                task_fs
                0xb0808128                rd_wt
                0xb080820a                mkfs
                0xb08087ec                init_fs
                0xb0808846                do_open
                0xb0808a4f                search_file
                0xb0808b81                strip_path
                0xb0808c4d                get_inode
                0xb0808e0f                create_file
                0xb0808f1a                alloc_imap_bit
                0xb0809017                alloc_smap_bit
                0xb08091b8                new_inode
                0xb08092d6                new_dir_entry
                0xb08094e2                do_unlink
                0xb08099be                do_rdwt
                0xb0809d49                sync_inode
                0xb0809e9d                put_inode
                0xb0809edb                do_close
                0xb0809f2d                get_super_block
 .text          0xb0809f95      0x14e pegasus_crt.a(main.o)
                0xb0809f95                TaskMM
                0xb080a0c4                alloc_mem
 .text          0xb080a0e3       0xa8 pegasus_crt.a(strcmp.o)
                0xb080a0e3                strcmp
 .text          0xb080a18b       0x17 pegasus_crt.a(perror.o)
                0xb080a18b                perror
 .text          0xb080a1a2      0x335 pegasus_crt.a(sscanf.o)
                0xb080a1a2                sscanf
 .text          0xb080a4d7       0x38 pegasus_crt.a(ntohs.o)
                0xb080a4d7                ntohs
 .text          0xb080a50f       0x38 pegasus_crt.a(htons.o)
                0xb080a50f                htons
 .text          0xb080a547      0x295 pegasus_crt.a(inet_pton.o)
                0xb080a547                isValidIPv4
                0xb080a6d1                inet_pton
 .text          0xb080a7dc       0x7c pegasus_crt.a(ntohl.o)
                0xb080a7dc                ntohl
 *fill*         0xb080a858        0x8 
 .text          0xb080a860       0x15 pegasus_crt.a(switch_to.o)
                0xb080a860                switch_to
 *fill*         0xb080a875        0xb 
 .text          0xb080a880      0x286 pegasus_crt.a(ne2000.o)
                0xb080a8a3                DriverInitialize
                0xb080a92d                StartSendToPhysicalLink
                0xb080a948                SetPageStart
                0xb080a970                DriverSend
                0xb080a9ea                PCtoNIC
                0xb080aa55                get_interrupt_status
                0xb080aa72                set_interrupt_status
                0xb080aa92                get_curr_page
                0xb080aaaf                NICtoPC
 .text          0xb080ab06      0x15b pegasus_crt.a(skbuff.o)
                0xb080ab1f                alloc_skb
                0xb080abb0                free_skb
                0xb080abe3                skb_reserve
                0xb080abff                skb_push
                0xb080ac2e                skb_head
                0xb080ac39                skb_reset_header
 .text          0xb080ac61      0x2ed pegasus_crt.a(ip_input.o)
                0xb080adeb                ip_rcv
 .text          0xb080af4e      0x448 pegasus_crt.a(tcp.o)
                0xb080b143                tcp_in
                0xb080b1f7                tcp_checksum
                0xb080b223                __tcp_set_state
                0xb080b232                tcp_generate_port
                0xb080b27b                tcp_generate_isn
                0xb080b285                tcp_done
                0xb080b2ae                tcp_clear_timers
                0xb080b2bd                tcp_stop_retransmission_timer
                0xb080b2d6                tcp_release_retransmission_timer
                0xb080b2ef                tcp_stop_delack_timer
                0xb080b302                tcp_release_delack_timer
                0xb080b315                tcp_handle_fin_state
                0xb080b37a                tcp_enter_time_wait
 .text          0xb080b396      0xb4e pegasus_crt.a(arp.o)
                0xb080b4bf                call_update_arp_translation_table
                0xb080b6f7                insert_arp_translation_table
                0xb080b779                update_arp_translation_table
                0xb080b838                arp_init
                0xb080b83e                arp_rcv
                0xb080ba20                arp_request
                0xb080bb8a                arp_reply
                0xb080bced                call_arp_get_hwaddr
                0xb080bde6                arp_get_hwaddr
                0xb080be93                free_arp
 .text          0xb080bee4      0xa27 pegasus_crt.a(tcp_sock.o)
                0xb080c1a3                tcp_established_or_syn_recvd_socks_enqueue
                0xb080c1ba                tcp_established_or_syn_recvd_socks_remove
                0xb080c1cc                tcp_connecting_or_listening_socks_enqueue
                0xb080c1e3                tcp_connecting_or_listening_socks_remove
                0xb080c1f5                tcp_alloc_sock
                0xb080c30b                tcp_free_sock
                0xb080c384                tcp_init
                0xb080c38e                tcp_sock_init
                0xb080c431                tcp_write
                0xb080c472                tcp_read
                0xb080c525                tcp_close
                0xb080c5e3                tcp_recv_notify
                0xb080c60e                tcp_v4_connect
                0xb080c85e                tcp_lookup_sock
 .text          0xb080c90b      0xe04 pegasus_crt.a(ipc.o)
                0xb080d4c5                ipc_close
                0xb080d516                ipc_call_from_netdev_rx
                0xb080d54e                demux_ipc_socket_call
 .text          0xb080d70f      0x234 pegasus_crt.a(icmpv4.o)
                0xb080d71d                icmpv4_incoming
                0xb080d791                icmpv4_reply
                0xb080d86a                icmpv4_timestamp
 .text          0xb080d943      0xb80 pegasus_crt.a(tcp_input.o)
                0xb080e03b                tcp_process
                0xb080e401                tcp_receive
 .text          0xb080e4c3      0x3e0 pegasus_crt.a(udp.o)
                0xb080e5ce                udp_generate_port
                0xb080e617                udp_checksum
                0xb080e6e5                udp_in
                0xb080e776                udp_data_dequeue
                0xb080e87e                udp_data_enqueue
 .text          0xb080e8a3      0x54a pegasus_crt.a(tcp_data.o)
                0xb080eb8e                tcp_data_dequeue
                0xb080ecbb                tcp_data_queue
 .text          0xb080eded      0x1e7 pegasus_crt.a(utils.o)
                0xb080eded                run_cmd
                0xb080edfa                print_err
                0xb080ee11                parse_ipv4_string
                0xb080ee70                ip_pton
                0xb080eeb8                sum_every_16bits
                0xb080ef0f                checksum
                0xb080ef50                tcp_udp_checksum
 .text          0xb080efd4      0x24f pegasus_crt.a(forkexit.o)
                0xb080efd4                do_fork
                0xb080f042                do_exit
                0xb080f0cc                do_wait
                0xb080f1c9                cleanup
 .text          0xb080f223      0x419 pegasus_crt.a(exec.o)
                0xb080f223                do_exec
 .text          0xb080f63c       0x29 pegasus_crt.a(alloca.o)
                0xb080f63c                alloca
 .text          0xb080f665       0x46 pegasus_crt.a(calloc.o)
                0xb080f665                calloc
 .text          0xb080f6ab       0x9c pegasus_crt.a(atoi.o)
                0xb080f6ab                atoi
 .text          0xb080f747       0xca pegasus_crt.a(strtol.o)
                0xb080f747                strtol
 .text          0xb080f811       0x85 pegasus_crt.a(strtok.o)
                0xb080f811                strtok
 .text          0xb080f896       0x90 pegasus_crt.a(strpbrk.o)
                0xb080f896                strpbrk
 .text          0xb080f926       0x7c pegasus_crt.a(htonl.o)
                0xb080f926                htonl
 .text          0xb080f9a2      0x730 pegasus_crt.a(my_process.o)
                0xb080f9a2                create_user_process_address_space
                0xb080fa32                user_process
                0xb080fb5f                clone_pcb
                0xb080fcd1                build_body_stack
                0xb080fe04                build_process_kernel_stack
                0xb080fec7                fork_process
                0xb080ff58                process_execute
 .text          0xb08100d2      0x66c pegasus_crt.a(socket.o)
                0xb0810182                test
                0xb08101de                socket_debug
                0xb081023f                free_socket
                0xb08102fb                _socket
                0xb08103ba                _bind
                0xb081040d                _connect
                0xb081045f                _write
                0xb08104b6                _read
                0xb081050d                _recvfrom
                0xb081054e                _sendto
                0xb08105a5                _close
                0xb0810624                _listen
                0xb081068a                _accept
 .text          0xb081073e      0x8cd pegasus_crt.a(udp_sock.o)
                0xb081097c                udp_lookup_sock
                0xb08109c3                udp_init
                0xb08109f4                udp_close
                0xb0810a1a                udp_sock_init
                0xb0810a24                udp_recvfrom
                0xb0810abd                udp_connect
                0xb0810b96                udp_write
                0xb0810bc2                udp_alloc_skb
                0xb0810c0c                udp_sendto
                0xb0810d00                udp_send
                0xb0810e3e                udp_alloc_sock
                0xb0810e7f                udp_free_sock
                0xb0810ea3                udp_read
 .text          0xb081100b      0x429 pegasus_crt.a(inet.o)
                0xb081100b                inet_create
                0xb08110bb                inet_socket
                0xb08110c5                inet_connect
                0xb0811119                inet_write
                0xb0811145                inet_read
                0xb0811171                inet_close
                0xb08111c0                inet_free
                0xb08111f6                inet_bind
                0xb08112ff                inet_listen
                0xb0811348                inet_accept
                0xb08113f3                inet_sendto
                0xb081141e                inet_recvfrom
 .text          0xb0811434      0x1d3 pegasus_crt.a(ip_output.o)
                0xb0811442                ip_output
 .text          0xb0811607      0x203 pegasus_crt.a(sock.o)
                0xb0811739                sk_alloc
                0xb0811760                sk_init
                0xb08117b4                sk_init_with_socket
                0xb08117dd                sk_free
 .text          0xb081180a      0xbbe pegasus_crt.a(tcp_output.o)
                0xb0811cd0                tcp_send_synack
                0xb0811d73                tcp_send_delack
                0xb0811dae                tcp_send_ack
                0xb0811efa                tcp_send_fin
                0xb0811f6f                tcp_select_initial_window
                0xb0812121                tcp_reset_retransmission_timer
                0xb081213e                tcp_begin_connect
                0xb08121e8                tcp_send
                0xb08122cd                tcp_send_reset
                0xb081234d                tcp_queue_fin
 .text          0xb08123c8      0x145 pegasus_crt.a(dst.o)
                0xb08123d6                print_array
                0xb0812433                dst_neigh_output
 .text          0xb081250d      0x1b2 pegasus_crt.a(thread.o)
                0xb081250d                kernel_thread
                0xb0812525                thread_init
                0xb08125d2                thread_create
                0xb0812607                thread_start
 *(.gnu.warning)

.fini
 *(SORT_NONE(.fini))
                [!provide]                        PROVIDE (__etext = .)
                [!provide]                        PROVIDE (_etext = .)
                [!provide]                        PROVIDE (etext = .)
                0xb0813000                        . = ALIGN (CONSTANT (MAXPAGESIZE))
                0xb0813000                        . = SEGMENT_START ("rodata-segment", (ALIGN (CONSTANT (MAXPAGESIZE)) + (. & (CONSTANT (MAXPAGESIZE) - 0x1))))

.rodata         0xb0813000     0x1bf7
 *(.rodata .rodata.* .gnu.linkonce.r.*)
 .rodata        0xb0813000       0x10 test.o
 *fill*         0xb0813010       0x10 
 .rodata        0xb0813020      0xb61 pegasus_crt.a(kernel_main_old.o)
 .rodata        0xb0813b81       0x5a pegasus_crt.a(mem.o)
 .rodata        0xb0813bdb       0x2d pegasus_crt.a(exec.o)
 .rodata        0xb0813c08       0x2a pegasus_crt.a(close.o)
 .rodata        0xb0813c32       0x3c pegasus_crt.a(double_link_list.o)
 .rodata        0xb0813c6e       0x22 pegasus_crt.a(console.o)
 .rodata        0xb0813c90       0x4c pegasus_crt.a(process.o)
 .rodata        0xb0813cdc      0x1ae pegasus_crt.a(netdev.o)
 *fill*         0xb0813e8a        0x2 
 .rodata        0xb0813e8c       0x7c pegasus_crt.a(task_network.o)
 .rodata        0xb0813f08       0x36 pegasus_crt.a(route.o)
 *fill*         0xb0813f3e        0x2 
 .rodata        0xb0813f40      0x19c pegasus_crt.a(hd.o)
 .rodata        0xb08140dc      0x1fb pegasus_crt.a(fs_main.o)
                0xb08140dc                FSBUF_SIZE
 .rodata        0xb08142d7       0x11 pegasus_crt.a(main.o)
 .rodata        0xb08142e8        0x3 pegasus_crt.a(inet_pton.o)
 .rodata        0xb08142eb        0x9 pegasus_crt.a(skbuff.o)
 .rodata        0xb08142f4       0xbd pegasus_crt.a(ip_input.o)
 *fill*         0xb08143b1        0x3 
 .rodata        0xb08143b4       0x31 pegasus_crt.a(tcp.o)
 *fill*         0xb08143e5        0x3 
 .rodata        0xb08143e8       0xd0 pegasus_crt.a(arp.o)
 .rodata        0xb08144b8       0xe8 pegasus_crt.a(tcp_sock.o)
 .rodata        0xb08145a0      0x184 pegasus_crt.a(ipc.o)
 .rodata        0xb0814724       0x32 pegasus_crt.a(icmpv4.o)
 *fill*         0xb0814756        0x2 
 .rodata        0xb0814758       0x60 pegasus_crt.a(tcp_input.o)
 .rodata        0xb08147b8        0x9 pegasus_crt.a(udp.o)
 .rodata        0xb08147c1       0x1e pegasus_crt.a(tcp_data.o)
 *fill*         0xb08147df        0x1 
 .rodata        0xb08147e0       0x41 pegasus_crt.a(utils.o)
 .rodata        0xb0814821       0x21 pegasus_crt.a(forkexit.o)
 .rodata        0xb0814842       0x10 pegasus_crt.a(exec.o)
 *fill*         0xb0814852        0x2 
 .rodata        0xb0814854      0x23d pegasus_crt.a(socket.o)
 *fill*         0xb0814a91        0x3 
 .rodata        0xb0814a94       0x2d pegasus_crt.a(udp_sock.o)
 *fill*         0xb0814ac1        0x3 
 .rodata        0xb0814ac4       0x48 pegasus_crt.a(inet.o)
 .rodata        0xb0814b0c        0x9 pegasus_crt.a(ip_output.o)
 .rodata        0xb0814b15        0x9 pegasus_crt.a(sock.o)
 *fill*         0xb0814b1e        0x2 
 .rodata        0xb0814b20       0xc3 pegasus_crt.a(tcp_output.o)
 .rodata        0xb0814be3       0x14 pegasus_crt.a(dst.o)

.txt            0xb0814bf7       0xaa
 .txt           0xb0814bf7       0x82 pegasus_crt.a(string.o)
                0xb0814bf7                Memcpy2
                0xb0814c25                Memset
                0xb0814c44                Strcpy
                0xb0814c5e                Strlen
 .txt           0xb0814c79       0x28 pegasus_crt.a(hd_rdwt.o)
                0xb0814c79                read_port
                0xb0814c8d                write_port

.rodata1
 *(.rodata1)

.eh_frame_hdr
 *(.eh_frame_hdr)
 *(.eh_frame_entry .eh_frame_entry.*)

.eh_frame       0xb0814ca4     0x4118
 *(.eh_frame)
 .eh_frame      0xb0814ca4       0x44 test.o
 .eh_frame      0xb0814ce8      0x6cc pegasus_crt.a(kernel_main_old.o)
                                0x6e4 (size before relaxing)
 .eh_frame      0xb08153b4       0xa0 pegasus_crt.a(keyboard.o)
                                 0xb8 (size before relaxing)
 .eh_frame      0xb0815454      0x364 pegasus_crt.a(mem.o)
                                0x37c (size before relaxing)
 .eh_frame      0xb08157b8       0x60 pegasus_crt.a(exec.o)
                                 0x78 (size before relaxing)
 .eh_frame      0xb0815818       0x20 pegasus_crt.a(fork.o)
                                 0x38 (size before relaxing)
 .eh_frame      0xb0815838       0x20 pegasus_crt.a(exit.o)
                                 0x38 (size before relaxing)
 .eh_frame      0xb0815858       0x20 pegasus_crt.a(wait.o)
                                 0x38 (size before relaxing)
 .eh_frame      0xb0815878       0x20 pegasus_crt.a(read.o)
                                 0x38 (size before relaxing)
 .eh_frame      0xb0815898       0x20 pegasus_crt.a(open.o)
                                 0x38 (size before relaxing)
 .eh_frame      0xb08158b8       0x20 pegasus_crt.a(write.o)
                                 0x38 (size before relaxing)
 .eh_frame      0xb08158d8       0x20 pegasus_crt.a(close.o)
                                 0x38 (size before relaxing)
 .eh_frame      0xb08158f8       0xc0 pegasus_crt.a(double_link_list.o)
                                 0xd8 (size before relaxing)
 .eh_frame      0xb08159b8      0x100 pegasus_crt.a(protect.o)
                                0x118 (size before relaxing)
 .eh_frame      0xb0815ab8      0x1e0 pegasus_crt.a(console.o)
                                0x1f8 (size before relaxing)
 .eh_frame      0xb0815c98       0x80 pegasus_crt.a(process.o)
                                 0x98 (size before relaxing)
 .eh_frame      0xb0815d18      0x214 pegasus_crt.a(netdev.o)
                                0x22c (size before relaxing)
 .eh_frame      0xb0815f2c       0x60 pegasus_crt.a(task_network.o)
                                 0x78 (size before relaxing)
 .eh_frame      0xb0815f8c      0x124 pegasus_crt.a(route.o)
                                0x13c (size before relaxing)
 .eh_frame      0xb08160b0      0x264 pegasus_crt.a(hd.o)
                                0x27c (size before relaxing)
 .eh_frame      0xb0816314      0x27c pegasus_crt.a(fs_main.o)
                                0x294 (size before relaxing)
 .eh_frame      0xb0816590       0x3c pegasus_crt.a(main.o)
                                 0x54 (size before relaxing)
 .eh_frame      0xb08165cc       0x20 pegasus_crt.a(strcmp.o)
                                 0x38 (size before relaxing)
 .eh_frame      0xb08165ec       0x20 pegasus_crt.a(perror.o)
                                 0x38 (size before relaxing)
 .eh_frame      0xb081660c       0x20 pegasus_crt.a(sscanf.o)
                                 0x38 (size before relaxing)
 .eh_frame      0xb081662c       0x20 pegasus_crt.a(ntohs.o)
                                 0x38 (size before relaxing)
 .eh_frame      0xb081664c       0x20 pegasus_crt.a(htons.o)
                                 0x38 (size before relaxing)
 .eh_frame      0xb081666c       0x40 pegasus_crt.a(inet_pton.o)
                                 0x58 (size before relaxing)
 .eh_frame      0xb08166ac       0x20 pegasus_crt.a(ntohl.o)
                                 0x38 (size before relaxing)
 .eh_frame      0xb08166cc       0xe0 pegasus_crt.a(skbuff.o)
                                 0xf8 (size before relaxing)
 .eh_frame      0xb08167ac      0x104 pegasus_crt.a(ip_input.o)
                                0x11c (size before relaxing)
 .eh_frame      0xb08168b0      0x268 pegasus_crt.a(tcp.o)
                                0x280 (size before relaxing)
 .eh_frame      0xb0816b18      0x220 pegasus_crt.a(arp.o)
                                0x238 (size before relaxing)
 .eh_frame      0xb0816d38      0x4c0 pegasus_crt.a(tcp_sock.o)
                                0x4d8 (size before relaxing)
 .eh_frame      0xb08171f8      0x274 pegasus_crt.a(ipc.o)
                                0x28c (size before relaxing)
 .eh_frame      0xb081746c       0x80 pegasus_crt.a(icmpv4.o)
                                 0x98 (size before relaxing)
 .eh_frame      0xb08174ec      0x300 pegasus_crt.a(tcp_input.o)
                                0x318 (size before relaxing)
 .eh_frame      0xb08177ec      0x1e4 pegasus_crt.a(udp.o)
                                0x1fc (size before relaxing)
 .eh_frame      0xb08179d0      0x200 pegasus_crt.a(tcp_data.o)
                                0x218 (size before relaxing)
 .eh_frame      0xb0817bd0       0xe4 pegasus_crt.a(utils.o)
                                 0xfc (size before relaxing)
 .eh_frame      0xb0817cb4       0x80 pegasus_crt.a(forkexit.o)
                                 0x98 (size before relaxing)
 .eh_frame      0xb0817d34       0x20 pegasus_crt.a(exec.o)
                                 0x38 (size before relaxing)
 .eh_frame      0xb0817d54       0x20 pegasus_crt.a(alloca.o)
                                 0x38 (size before relaxing)
 .eh_frame      0xb0817d74       0x20 pegasus_crt.a(calloc.o)
                                 0x38 (size before relaxing)
 .eh_frame      0xb0817d94       0x20 pegasus_crt.a(atoi.o)
                                 0x38 (size before relaxing)
 .eh_frame      0xb0817db4       0x20 pegasus_crt.a(strtol.o)
                                 0x38 (size before relaxing)
 .eh_frame      0xb0817dd4       0x20 pegasus_crt.a(strtok.o)
                                 0x38 (size before relaxing)
 .eh_frame      0xb0817df4       0x20 pegasus_crt.a(strpbrk.o)
                                 0x38 (size before relaxing)
 .eh_frame      0xb0817e14       0x20 pegasus_crt.a(htonl.o)
                                 0x38 (size before relaxing)
 .eh_frame      0xb0817e34       0xe0 pegasus_crt.a(my_process.o)
                                 0xf8 (size before relaxing)
 .eh_frame      0xb0817f14      0x2a0 pegasus_crt.a(socket.o)
                                0x2b8 (size before relaxing)
 .eh_frame      0xb08181b4      0x404 pegasus_crt.a(udp_sock.o)
                                0x41c (size before relaxing)
 .eh_frame      0xb08185b8      0x180 pegasus_crt.a(inet.o)
                                0x198 (size before relaxing)
 .eh_frame      0xb0818738       0x40 pegasus_crt.a(ip_output.o)
                                 0x58 (size before relaxing)
 .eh_frame      0xb0818778      0x1a0 pegasus_crt.a(sock.o)
                                0x1b8 (size before relaxing)
 .eh_frame      0xb0818918      0x3c4 pegasus_crt.a(tcp_output.o)
                                0x3dc (size before relaxing)
 .eh_frame      0xb0818cdc       0x60 pegasus_crt.a(dst.o)
                                 0x78 (size before relaxing)
 .eh_frame      0xb0818d3c       0x80 pegasus_crt.a(thread.o)
                                 0x98 (size before relaxing)
 *(.eh_frame.*)

.sframe
 *(.sframe)
 *(.sframe.*)

.gcc_except_table
 *(.gcc_except_table .gcc_except_table.*)

.gnu_extab
 *(.gnu_extab*)

.exception_ranges
 *(.exception_ranges*)
                0xb0819000                        . = DATA_SEGMENT_ALIGN (CONSTANT (MAXPAGESIZE), CONSTANT (COMMONPAGESIZE))

.eh_frame
 *(.eh_frame)
 *(.eh_frame.*)

.sframe
 *(.sframe)
 *(.sframe.*)

.gnu_extab
 *(.gnu_extab)

.gcc_except_table
 *(.gcc_except_table .gcc_except_table.*)

.exception_ranges
 *(.exception_ranges*)

.tdata          0xb0819000        0x0
                [!provide]                        PROVIDE (__tdata_start = .)
 *(.tdata .tdata.* .gnu.linkonce.td.*)

.tbss
 *(.tbss .tbss.* .gnu.linkonce.tb.*)
 *(.tcommon)

.preinit_array  0xb0819000        0x0
                [!provide]                        PROVIDE (__preinit_array_start = .)
 *(.preinit_array)
                [!provide]                        PROVIDE (__preinit_array_end = .)

.init_array     0xb0819000        0x0
                [!provide]                        PROVIDE (__init_array_start = .)
 *(SORT_BY_INIT_PRIORITY(.init_array.*) SORT_BY_INIT_PRIORITY(.ctors.*))
 *(.init_array EXCLUDE_FILE(*crtend?.o *crtend.o *crtbegin?.o *crtbegin.o) .ctors)
                [!provide]                        PROVIDE (__init_array_end = .)

.fini_array     0xb0819000        0x0
                [!provide]                        PROVIDE (__fini_array_start = .)
 *(SORT_BY_INIT_PRIORITY(.fini_array.*) SORT_BY_INIT_PRIORITY(.dtors.*))
 *(.fini_array EXCLUDE_FILE(*crtend?.o *crtend.o *crtbegin?.o *crtbegin.o) .dtors)
                [!provide]                        PROVIDE (__fini_array_end = .)

.ctors
 *crtbegin.o(.ctors)
 *crtbegin?.o(.ctors)
 *(EXCLUDE_FILE(*crtend?.o *crtend.o) .ctors)
 *(SORT_BY_NAME(.ctors.*))
 *(.ctors)

.dtors
 *crtbegin.o(.dtors)
 *crtbegin?.o(.dtors)
 *(EXCLUDE_FILE(*crtend?.o *crtend.o) .dtors)
 *(SORT_BY_NAME(.dtors.*))
 *(.dtors)

.jcr
 *(.jcr)

.data.rel.ro
 *(.data.rel.ro.local* .gnu.linkonce.d.rel.ro.local.*)
 *(.data.rel.ro .data.rel.ro.* .gnu.linkonce.d.rel.ro.*)

.dynamic
 *(.dynamic)

.got            0xb0819000        0x0
 *(.got)
 .got           0xb0819000        0x0 test.o
 *(.igot)
                0xb0819000                        . = DATA_SEGMENT_RELRO_END (., (SIZEOF (.got.plt) >= 0xc)?0xc:0x0)

.got.plt        0xb0819000        0x0
 *(.got.plt)
 .got.plt       0xb0819000        0x0 test.o
 *(.igot.plt)
 .igot.plt      0xb0819000        0x0 test.o

.data           0xb0819000      0xb90
 *(.data .data.* .gnu.linkonce.d.*)
 .data          0xb0819000        0x0 test.o
 .data          0xb0819000        0x0 pegasus_crt.a(kernel_main_old.o)
 .data          0xb0819000      0x600 pegasus_crt.a(keyboard.o)
                0xb0819000                keymap
 .data          0xb0819600        0x0 pegasus_crt.a(mem.o)
 .data          0xb0819600        0x0 pegasus_crt.a(exec.o)
 .data          0xb0819600        0x0 pegasus_crt.a(fork.o)
 .data          0xb0819600        0x0 pegasus_crt.a(exit.o)
 .data          0xb0819600        0x0 pegasus_crt.a(wait.o)
 .data          0xb0819600        0x0 pegasus_crt.a(read.o)
 .data          0xb0819600        0x0 pegasus_crt.a(open.o)
 .data          0xb0819600        0x0 pegasus_crt.a(write.o)
 .data          0xb0819600        0x0 pegasus_crt.a(close.o)
 .data          0xb0819600        0xf pegasus_crt.a(kernel.o)
 *fill*         0xb081960f        0x1 
 .data          0xb0819610        0x0 pegasus_crt.a(syscall.o)
 .data          0xb0819610        0x0 pegasus_crt.a(double_link_list.o)
 *fill*         0xb0819610       0x10 
 .data          0xb0819620      0x17c pegasus_crt.a(global.o)
                0xb0819620                user_task_table
                0xb08196a0                sys_task_table
                0xb0819780                sys_call_table
 .data          0xb081979c        0x0 pegasus_crt.a(protect.o)
 .data          0xb081979c        0x0 pegasus_crt.a(console.o)
 .data          0xb081979c        0x0 pegasus_crt.a(process.o)
 .data          0xb081979c        0x4 pegasus_crt.a(netdev.o)
 .data          0xb08197a0        0x4 pegasus_crt.a(task_network.o)
 .data          0xb08197a4        0x4 pegasus_crt.a(route.o)
 .data          0xb08197a8        0x0 pegasus_crt.a(hd.o)
 .data          0xb08197a8        0x0 pegasus_crt.a(fs_main.o)
 .data          0xb08197a8        0x0 pegasus_crt.a(main.o)
 .data          0xb08197a8        0x0 pegasus_crt.a(strcmp.o)
 .data          0xb08197a8        0x0 pegasus_crt.a(perror.o)
 .data          0xb08197a8        0x0 pegasus_crt.a(sscanf.o)
 .data          0xb08197a8        0x0 pegasus_crt.a(ntohs.o)
 .data          0xb08197a8        0x0 pegasus_crt.a(htons.o)
 .data          0xb08197a8        0x0 pegasus_crt.a(inet_pton.o)
 .data          0xb08197a8        0x0 pegasus_crt.a(ntohl.o)
 .data          0xb08197a8        0x4 pegasus_crt.a(skbuff.o)
 .data          0xb08197ac        0x4 pegasus_crt.a(ip_input.o)
 .data          0xb08197b0        0x8 pegasus_crt.a(tcp.o)
 .data          0xb08197b8       0x14 pegasus_crt.a(arp.o)
 *fill*         0xb08197cc       0x14 
 .data          0xb08197e0       0x54 pegasus_crt.a(tcp_sock.o)
                0xb0819800                tcp_ops
 .data          0xb0819834        0xc pegasus_crt.a(ipc.o)
 .data          0xb0819840        0x4 pegasus_crt.a(icmpv4.o)
 .data          0xb0819844        0x4 pegasus_crt.a(tcp_input.o)
 .data          0xb0819848        0x8 pegasus_crt.a(udp.o)
 .data          0xb0819850        0x4 pegasus_crt.a(tcp_data.o)
 .data          0xb0819854        0x4 pegasus_crt.a(utils.o)
 .data          0xb0819858        0x0 pegasus_crt.a(forkexit.o)
 .data          0xb0819858        0x0 pegasus_crt.a(exec.o)
 .data          0xb0819858        0x0 pegasus_crt.a(alloca.o)
 .data          0xb0819858        0x0 pegasus_crt.a(calloc.o)
 .data          0xb0819858        0x0 pegasus_crt.a(atoi.o)
 .data          0xb0819858        0x0 pegasus_crt.a(strtol.o)
 .data          0xb0819858        0x0 pegasus_crt.a(strtok.o)
 .data          0xb0819858        0x0 pegasus_crt.a(strpbrk.o)
 .data          0xb0819858        0x0 pegasus_crt.a(htonl.o)
 .data          0xb0819858        0x0 pegasus_crt.a(my_process.o)
 *fill*         0xb0819858        0x8 
 .data          0xb0819860      0x224 pegasus_crt.a(socket.o)
 *fill*         0xb0819a84       0x1c 
 .data          0xb0819aa0       0x54 pegasus_crt.a(udp_sock.o)
                0xb0819ac0                udp_ops
 *fill*         0xb0819af4        0xc 
 .data          0xb0819b00       0x80 pegasus_crt.a(inet.o)
                0xb0819b08                inet
 .data          0xb0819b80        0x4 pegasus_crt.a(ip_output.o)
 .data          0xb0819b84        0x4 pegasus_crt.a(sock.o)
 .data          0xb0819b88        0x4 pegasus_crt.a(tcp_output.o)
 .data          0xb0819b8c        0x4 pegasus_crt.a(dst.o)
 .data          0xb0819b90        0x0 pegasus_crt.a(thread.o)

.data1
 *(.data1)
                0xb0819b90                        _edata = .
                [!provide]                        PROVIDE (edata = .)
                0xb0819b90                        . = .
                0xb0819b90                        __bss_start = .

.bss            0xb0819ba0    0xa5088
 *(.dynbss)
 *(.bss .bss.* .gnu.linkonce.b.*)
 .bss           0xb0819ba0        0x0 test.o
 .bss           0xb0819ba0        0x0 pegasus_crt.a(kernel_main_old.o)
 .bss           0xb0819ba0        0x0 pegasus_crt.a(keyboard.o)
 .bss           0xb0819ba0        0x0 pegasus_crt.a(mem.o)
 .bss           0xb0819ba0        0x0 pegasus_crt.a(exec.o)
 .bss           0xb0819ba0        0x0 pegasus_crt.a(fork.o)
 .bss           0xb0819ba0        0x0 pegasus_crt.a(exit.o)
 .bss           0xb0819ba0        0x0 pegasus_crt.a(wait.o)
 .bss           0xb0819ba0        0x0 pegasus_crt.a(read.o)
 .bss           0xb0819ba0        0x0 pegasus_crt.a(open.o)
 .bss           0xb0819ba0        0x0 pegasus_crt.a(write.o)
 .bss           0xb0819ba0        0x0 pegasus_crt.a(close.o)
 .bss           0xb0819ba0      0x800 pegasus_crt.a(kernel.o)
 .bss           0xb081a3a0        0x0 pegasus_crt.a(double_link_list.o)
 .bss           0xb081a3a0        0x0 pegasus_crt.a(global.o)
 .bss           0xb081a3a0        0x0 pegasus_crt.a(protect.o)
 .bss           0xb081a3a0        0x0 pegasus_crt.a(console.o)
 .bss           0xb081a3a0        0x0 pegasus_crt.a(process.o)
 .bss           0xb081a3a0        0x0 pegasus_crt.a(netdev.o)
 .bss           0xb081a3a0        0x0 pegasus_crt.a(task_network.o)
 .bss           0xb081a3a0        0x0 pegasus_crt.a(route.o)
 .bss           0xb081a3a0        0x0 pegasus_crt.a(hd.o)
 .bss           0xb081a3a0        0x4 pegasus_crt.a(fs_main.o)
                0xb081a3a0                c
 .bss           0xb081a3a4        0x0 pegasus_crt.a(main.o)
 .bss           0xb081a3a4        0x0 pegasus_crt.a(strcmp.o)
 .bss           0xb081a3a4        0x0 pegasus_crt.a(perror.o)
 .bss           0xb081a3a4        0x0 pegasus_crt.a(sscanf.o)
 .bss           0xb081a3a4        0x0 pegasus_crt.a(ntohs.o)
 .bss           0xb081a3a4        0x0 pegasus_crt.a(htons.o)
 .bss           0xb081a3a4        0x0 pegasus_crt.a(inet_pton.o)
 .bss           0xb081a3a4        0x0 pegasus_crt.a(ntohl.o)
 .bss           0xb081a3a4        0x0 pegasus_crt.a(skbuff.o)
 .bss           0xb081a3a4        0x0 pegasus_crt.a(ip_input.o)
 .bss           0xb081a3a4        0x0 pegasus_crt.a(tcp.o)
 .bss           0xb081a3a4        0x0 pegasus_crt.a(arp.o)
 .bss           0xb081a3a4        0x0 pegasus_crt.a(tcp_sock.o)
 .bss           0xb081a3a4        0x4 pegasus_crt.a(ipc.o)
 .bss           0xb081a3a8        0x0 pegasus_crt.a(icmpv4.o)
 .bss           0xb081a3a8        0x0 pegasus_crt.a(tcp_input.o)
 .bss           0xb081a3a8        0x0 pegasus_crt.a(udp.o)
 .bss           0xb081a3a8        0x0 pegasus_crt.a(tcp_data.o)
 .bss           0xb081a3a8        0x0 pegasus_crt.a(utils.o)
 .bss           0xb081a3a8        0x0 pegasus_crt.a(forkexit.o)
 .bss           0xb081a3a8        0x0 pegasus_crt.a(exec.o)
 .bss           0xb081a3a8        0x0 pegasus_crt.a(alloca.o)
 .bss           0xb081a3a8        0x0 pegasus_crt.a(calloc.o)
 .bss           0xb081a3a8        0x0 pegasus_crt.a(atoi.o)
 .bss           0xb081a3a8        0x0 pegasus_crt.a(strtol.o)
 .bss           0xb081a3a8        0x4 pegasus_crt.a(strtok.o)
 .bss           0xb081a3ac        0x0 pegasus_crt.a(strpbrk.o)
 .bss           0xb081a3ac        0x0 pegasus_crt.a(htonl.o)
 .bss           0xb081a3ac        0x0 pegasus_crt.a(my_process.o)
 .bss           0xb081a3ac        0x4 pegasus_crt.a(socket.o)
 .bss           0xb081a3b0        0x4 pegasus_crt.a(udp_sock.o)
 .bss           0xb081a3b4        0x0 pegasus_crt.a(inet.o)
 .bss           0xb081a3b4        0x0 pegasus_crt.a(ip_output.o)
 .bss           0xb081a3b4        0x0 pegasus_crt.a(sock.o)
 .bss           0xb081a3b4        0x0 pegasus_crt.a(tcp_output.o)
 .bss           0xb081a3b4        0x0 pegasus_crt.a(dst.o)
 .bss           0xb081a3b4        0x0 pegasus_crt.a(thread.o)
 *(COMMON)
 *fill*         0xb081a3b4        0xc 
 COMMON         0xb081a3c0     0x17b8 pegasus_crt.a(kernel_main_old.o)
                0xb081a3c0                current_tty
                0xb081a3c4                is_e0
                0xb081a3c8                idt_ptr
                0xb081a3d0                pid
                0xb081a3d4                KernelVirtualMemory
                0xb081a3e0                loop
                0xb081a3e4                current_dis_pos
                0xb081a3e8                dis_pos
                0xb081a3ec                netdev
                0xb081a3f0                k_reenter
                0xb081a400                gdt
                0xb081a800                proc_ready_table
                0xb081a804                test_ticks
                0xb081a808                pcaller
                0xb081a820                keyboard_buffer
                0xb081aa2c                pcb_list
                0xb081aa3c                gdt_index
                0xb081aa40                tty_table
                0xb081b280                tss
                0xb081b2ec                KernelPool
                0xb081b2fc                net_buf
                0xb081b300                nic_current_page
                0xb081b304                counter
                0xb081b308                key_pressed
                0xb081b30c                fork_pid
                0xb081b310                is_shift
                0xb081b311                net_data
                0xb081b314                routes
                0xb081b318                gdt_ptr
                0xb081b320                idt
                0xb081bb20                main_thread
                0xb081bb28                ticks
                0xb081bb30                is_init
                0xb081bb34                UserPool
                0xb081bb44                all_pcb_list
                0xb081bb54                console_table
                0xb081bb64                is_disp
                0xb081bb68                MAIN_THREAD_PAGE_DIRECTORY
                0xb081bb6c                helloStr
 *fill*         0xb081bb78        0x8 
 COMMON         0xb081bb80       0xa8 pegasus_crt.a(mem.o)
                0xb081bb80                kernel_mem_block_decs_array
 *fill*         0xb081bc28       0x18 
 COMMON         0xb081bc40    0xa1d40 pegasus_crt.a(global.o)
                0xb081bc40                proc_stack
                0xb08bbc40                proc_table
 COMMON         0xb08bd980      0x440 pegasus_crt.a(hd.o)
                0xb08bd980                hd_info
                0xb08bdbc0                hd_cache
 COMMON         0xb08bddc0      0xe68 pegasus_crt.a(fs_main.o)
                0xb08bddc0                file_desc_table
                0xb08be1c0                phy_super_block_buf
                0xb08be1c4                phy_fsbuf
                0xb08be1e0                inode_table
                0xb08bebe0                super_block_buf
                0xb08bebe4                fsbuf
                0xb08bec00                root
                0xb08bec28                        . = ALIGN ((. != 0x0)?0x4:0x1)
                0xb08bec28                        . = ALIGN (0x4)
                0xb08bec28                        . = SEGMENT_START ("ldata-segment", .)
                0xb08bec28                        . = ALIGN (0x4)
                0xb08bec28                        _end = .
                [!provide]                        PROVIDE (end = .)
                0xb08bec28                        . = DATA_SEGMENT_END (.)

.stab
 *(.stab)

.stabstr
 *(.stabstr)

.stab.excl
 *(.stab.excl)

.stab.exclstr
 *(.stab.exclstr)

.stab.index
 *(.stab.index)

.stab.indexstr
 *(.stab.indexstr)

.comment        0x00000000       0x2c
 *(.comment)
 .comment       0x00000000       0x2c test.o
                                 0x2d (size before relaxing)
 .comment       0x0000002c       0x2d pegasus_crt.a(kernel_main_old.o)
 .comment       0x0000002c       0x2d pegasus_crt.a(keyboard.o)
 .comment       0x0000002c       0x2d pegasus_crt.a(mem.o)
 .comment       0x0000002c       0x2d pegasus_crt.a(exec.o)
 .comment       0x0000002c       0x2d pegasus_crt.a(fork.o)
 .comment       0x0000002c       0x2d pegasus_crt.a(exit.o)
 .comment       0x0000002c       0x2d pegasus_crt.a(wait.o)
 .comment       0x0000002c       0x2d pegasus_crt.a(read.o)
 .comment       0x0000002c       0x2d pegasus_crt.a(open.o)
 .comment       0x0000002c       0x2d pegasus_crt.a(write.o)
 .comment       0x0000002c       0x2d pegasus_crt.a(close.o)
 .comment       0x0000002c       0x2d pegasus_crt.a(double_link_list.o)
 .comment       0x0000002c       0x2d pegasus_crt.a(global.o)
 .comment       0x0000002c       0x2d pegasus_crt.a(protect.o)
 .comment       0x0000002c       0x2d pegasus_crt.a(console.o)
 .comment       0x0000002c       0x2d pegasus_crt.a(process.o)
 .comment       0x0000002c       0x2d pegasus_crt.a(netdev.o)
 .comment       0x0000002c       0x2d pegasus_crt.a(task_network.o)
 .comment       0x0000002c       0x2d pegasus_crt.a(route.o)
 .comment       0x0000002c       0x2d pegasus_crt.a(hd.o)
 .comment       0x0000002c       0x2d pegasus_crt.a(fs_main.o)
 .comment       0x0000002c       0x2d pegasus_crt.a(main.o)
 .comment       0x0000002c       0x2d pegasus_crt.a(strcmp.o)
 .comment       0x0000002c       0x2d pegasus_crt.a(perror.o)
 .comment       0x0000002c       0x2d pegasus_crt.a(sscanf.o)
 .comment       0x0000002c       0x2d pegasus_crt.a(ntohs.o)
 .comment       0x0000002c       0x2d pegasus_crt.a(htons.o)
 .comment       0x0000002c       0x2d pegasus_crt.a(inet_pton.o)
 .comment       0x0000002c       0x2d pegasus_crt.a(ntohl.o)
 .comment       0x0000002c       0x2d pegasus_crt.a(skbuff.o)
 .comment       0x0000002c       0x2d pegasus_crt.a(ip_input.o)
 .comment       0x0000002c       0x2d pegasus_crt.a(tcp.o)
 .comment       0x0000002c       0x2d pegasus_crt.a(arp.o)
 .comment       0x0000002c       0x2d pegasus_crt.a(tcp_sock.o)
 .comment       0x0000002c       0x2d pegasus_crt.a(ipc.o)
 .comment       0x0000002c       0x2d pegasus_crt.a(icmpv4.o)
 .comment       0x0000002c       0x2d pegasus_crt.a(tcp_input.o)
 .comment       0x0000002c       0x2d pegasus_crt.a(udp.o)
 .comment       0x0000002c       0x2d pegasus_crt.a(tcp_data.o)
 .comment       0x0000002c       0x2d pegasus_crt.a(utils.o)
 .comment       0x0000002c       0x2d pegasus_crt.a(forkexit.o)
 .comment       0x0000002c       0x2d pegasus_crt.a(exec.o)
 .comment       0x0000002c       0x2d pegasus_crt.a(alloca.o)
 .comment       0x0000002c       0x2d pegasus_crt.a(calloc.o)
 .comment       0x0000002c       0x2d pegasus_crt.a(atoi.o)
 .comment       0x0000002c       0x2d pegasus_crt.a(strtol.o)
 .comment       0x0000002c       0x2d pegasus_crt.a(strtok.o)
 .comment       0x0000002c       0x2d pegasus_crt.a(strpbrk.o)
 .comment       0x0000002c       0x2d pegasus_crt.a(htonl.o)
 .comment       0x0000002c       0x2d pegasus_crt.a(my_process.o)
 .comment       0x0000002c       0x2d pegasus_crt.a(socket.o)
 .comment       0x0000002c       0x2d pegasus_crt.a(udp_sock.o)
 .comment       0x0000002c       0x2d pegasus_crt.a(inet.o)
 .comment       0x0000002c       0x2d pegasus_crt.a(ip_output.o)
 .comment       0x0000002c       0x2d pegasus_crt.a(sock.o)
 .comment       0x0000002c       0x2d pegasus_crt.a(tcp_output.o)
 .comment       0x0000002c       0x2d pegasus_crt.a(dst.o)
 .comment       0x0000002c       0x2d pegasus_crt.a(thread.o)

.gnu.build.attributes
 *(.gnu.build.attributes .gnu.build.attributes.*)

.debug
 *(.debug)

.line
 *(.line)

.debug_srcinfo
 *(.debug_srcinfo)

.debug_sfnames
 *(.debug_sfnames)

.debug_aranges  0x00000000      0x738
 *(.debug_aranges)
 .debug_aranges
                0x00000000       0x20 pegasus_crt.a(kernel_main_old.o)
 .debug_aranges
                0x00000020       0x20 pegasus_crt.a(keyboard.o)
 .debug_aranges
                0x00000040       0x20 pegasus_crt.a(mem.o)
 .debug_aranges
                0x00000060       0x20 pegasus_crt.a(exec.o)
 .debug_aranges
                0x00000080       0x20 pegasus_crt.a(fork.o)
 .debug_aranges
                0x000000a0       0x20 pegasus_crt.a(exit.o)
 .debug_aranges
                0x000000c0       0x20 pegasus_crt.a(wait.o)
 .debug_aranges
                0x000000e0       0x20 pegasus_crt.a(read.o)
 .debug_aranges
                0x00000100       0x20 pegasus_crt.a(open.o)
 .debug_aranges
                0x00000120       0x20 pegasus_crt.a(write.o)
 .debug_aranges
                0x00000140       0x20 pegasus_crt.a(close.o)
 .debug_aranges
                0x00000160       0x20 pegasus_crt.a(double_link_list.o)
 .debug_aranges
                0x00000180       0x18 pegasus_crt.a(global.o)
 .debug_aranges
                0x00000198       0x20 pegasus_crt.a(protect.o)
 .debug_aranges
                0x000001b8       0x20 pegasus_crt.a(console.o)
 .debug_aranges
                0x000001d8       0x20 pegasus_crt.a(process.o)
 .debug_aranges
                0x000001f8       0x20 pegasus_crt.a(netdev.o)
 .debug_aranges
                0x00000218       0x20 pegasus_crt.a(task_network.o)
 .debug_aranges
                0x00000238       0x20 pegasus_crt.a(route.o)
 .debug_aranges
                0x00000258       0x20 pegasus_crt.a(hd.o)
 .debug_aranges
                0x00000278       0x20 pegasus_crt.a(fs_main.o)
 .debug_aranges
                0x00000298       0x20 pegasus_crt.a(main.o)
 .debug_aranges
                0x000002b8       0x20 pegasus_crt.a(strcmp.o)
 .debug_aranges
                0x000002d8       0x20 pegasus_crt.a(perror.o)
 .debug_aranges
                0x000002f8       0x20 pegasus_crt.a(sscanf.o)
 .debug_aranges
                0x00000318       0x20 pegasus_crt.a(ntohs.o)
 .debug_aranges
                0x00000338       0x20 pegasus_crt.a(htons.o)
 .debug_aranges
                0x00000358       0x20 pegasus_crt.a(inet_pton.o)
 .debug_aranges
                0x00000378       0x20 pegasus_crt.a(ntohl.o)
 .debug_aranges
                0x00000398       0x20 pegasus_crt.a(skbuff.o)
 .debug_aranges
                0x000003b8       0x20 pegasus_crt.a(ip_input.o)
 .debug_aranges
                0x000003d8       0x20 pegasus_crt.a(tcp.o)
 .debug_aranges
                0x000003f8       0x20 pegasus_crt.a(arp.o)
 .debug_aranges
                0x00000418       0x20 pegasus_crt.a(tcp_sock.o)
 .debug_aranges
                0x00000438       0x20 pegasus_crt.a(ipc.o)
 .debug_aranges
                0x00000458       0x20 pegasus_crt.a(icmpv4.o)
 .debug_aranges
                0x00000478       0x20 pegasus_crt.a(tcp_input.o)
 .debug_aranges
                0x00000498       0x20 pegasus_crt.a(udp.o)
 .debug_aranges
                0x000004b8       0x20 pegasus_crt.a(tcp_data.o)
 .debug_aranges
                0x000004d8       0x20 pegasus_crt.a(utils.o)
 .debug_aranges
                0x000004f8       0x20 pegasus_crt.a(forkexit.o)
 .debug_aranges
                0x00000518       0x20 pegasus_crt.a(exec.o)
 .debug_aranges
                0x00000538       0x20 pegasus_crt.a(alloca.o)
 .debug_aranges
                0x00000558       0x20 pegasus_crt.a(calloc.o)
 .debug_aranges
                0x00000578       0x20 pegasus_crt.a(atoi.o)
 .debug_aranges
                0x00000598       0x20 pegasus_crt.a(strtol.o)
 .debug_aranges
                0x000005b8       0x20 pegasus_crt.a(strtok.o)
 .debug_aranges
                0x000005d8       0x20 pegasus_crt.a(strpbrk.o)
 .debug_aranges
                0x000005f8       0x20 pegasus_crt.a(htonl.o)
 .debug_aranges
                0x00000618       0x20 pegasus_crt.a(my_process.o)
 .debug_aranges
                0x00000638       0x20 pegasus_crt.a(socket.o)
 .debug_aranges
                0x00000658       0x20 pegasus_crt.a(udp_sock.o)
 .debug_aranges
                0x00000678       0x20 pegasus_crt.a(inet.o)
 .debug_aranges
                0x00000698       0x20 pegasus_crt.a(ip_output.o)
 .debug_aranges
                0x000006b8       0x20 pegasus_crt.a(sock.o)
 .debug_aranges
                0x000006d8       0x20 pegasus_crt.a(tcp_output.o)
 .debug_aranges
                0x000006f8       0x20 pegasus_crt.a(dst.o)
 .debug_aranges
                0x00000718       0x20 pegasus_crt.a(thread.o)

.debug_pubnames
 *(.debug_pubnames)

.debug_info     0x00000000    0x3da51
 *(.debug_info .gnu.linkonce.wi.*)
 .debug_info    0x00000000     0x28d0 pegasus_crt.a(kernel_main_old.o)
 .debug_info    0x000028d0     0x104d pegasus_crt.a(keyboard.o)
 .debug_info    0x0000391d     0x1dcd pegasus_crt.a(mem.o)
 .debug_info    0x000056ea      0xfaf pegasus_crt.a(exec.o)
 .debug_info    0x00006699      0xe17 pegasus_crt.a(fork.o)
 .debug_info    0x000074b0      0xe22 pegasus_crt.a(exit.o)
 .debug_info    0x000082d2      0xe30 pegasus_crt.a(wait.o)
 .debug_info    0x00009102      0xea1 pegasus_crt.a(read.o)
 .debug_info    0x00009fa3      0xe02 pegasus_crt.a(open.o)
 .debug_info    0x0000ada5      0xe9e pegasus_crt.a(write.o)
 .debug_info    0x0000bc43      0xdb6 pegasus_crt.a(close.o)
 .debug_info    0x0000c9f9     0x10b1 pegasus_crt.a(double_link_list.o)
 .debug_info    0x0000daaa      0xef9 pegasus_crt.a(global.o)
 .debug_info    0x0000e9a3     0x1224 pegasus_crt.a(protect.o)
 .debug_info    0x0000fbc7     0x12f9 pegasus_crt.a(console.o)
 .debug_info    0x00010ec0      0xfd1 pegasus_crt.a(process.o)
 .debug_info    0x00011e91     0x178c pegasus_crt.a(netdev.o)
 .debug_info    0x0001361d     0x112c pegasus_crt.a(task_network.o)
 .debug_info    0x00014749     0x1282 pegasus_crt.a(route.o)
 .debug_info    0x000159cb     0x1868 pegasus_crt.a(hd.o)
 .debug_info    0x00017233     0x1faa pegasus_crt.a(fs_main.o)
 .debug_info    0x000191dd      0xe3b pegasus_crt.a(main.o)
 .debug_info    0x0001a018       0xc1 pegasus_crt.a(strcmp.o)
 .debug_info    0x0001a0d9       0x5c pegasus_crt.a(perror.o)
 .debug_info    0x0001a135      0x202 pegasus_crt.a(sscanf.o)
 .debug_info    0x0001a337       0xa8 pegasus_crt.a(ntohs.o)
 .debug_info    0x0001a3df       0xa8 pegasus_crt.a(htons.o)
 .debug_info    0x0001a487      0x260 pegasus_crt.a(inet_pton.o)
 .debug_info    0x0001a6e7       0xcb pegasus_crt.a(ntohl.o)
 .debug_info    0x0001a7b2     0x11cc pegasus_crt.a(skbuff.o)
 .debug_info    0x0001b97e     0x1ae1 pegasus_crt.a(ip_input.o)
 .debug_info    0x0001d45f     0x1e44 pegasus_crt.a(tcp.o)
 .debug_info    0x0001f2a3     0x195f pegasus_crt.a(arp.o)
 .debug_info    0x00020c02     0x2235 pegasus_crt.a(tcp_sock.o)
 .debug_info    0x00022e37     0x1d7f pegasus_crt.a(ipc.o)
 .debug_info    0x00024bb6     0x193f pegasus_crt.a(icmpv4.o)
 .debug_info    0x000264f5     0x2147 pegasus_crt.a(tcp_input.o)
 .debug_info    0x0002863c     0x1b44 pegasus_crt.a(udp.o)
 .debug_info    0x0002a180     0x1dad pegasus_crt.a(tcp_data.o)
 .debug_info    0x0002bf2d      0x367 pegasus_crt.a(utils.o)
 .debug_info    0x0002c294     0x100d pegasus_crt.a(forkexit.o)
 .debug_info    0x0002d2a1     0x1249 pegasus_crt.a(exec.o)
 .debug_info    0x0002e4ea       0xb6 pegasus_crt.a(alloca.o)
 .debug_info    0x0002e5a0      0xf28 pegasus_crt.a(calloc.o)
 .debug_info    0x0002f4c8       0xc9 pegasus_crt.a(atoi.o)
 .debug_info    0x0002f591       0xd6 pegasus_crt.a(strtol.o)
 .debug_info    0x0002f667       0xae pegasus_crt.a(strtok.o)
 .debug_info    0x0002f715       0xcf pegasus_crt.a(strpbrk.o)
 .debug_info    0x0002f7e4       0xcb pegasus_crt.a(htonl.o)
 .debug_info    0x0002f8af     0x150c pegasus_crt.a(my_process.o)
 .debug_info    0x00030dbb     0x1c35 pegasus_crt.a(socket.o)
 .debug_info    0x000329f0     0x1f13 pegasus_crt.a(udp_sock.o)
 .debug_info    0x00034903     0x1a9a pegasus_crt.a(inet.o)
 .debug_info    0x0003639d     0x177b pegasus_crt.a(ip_output.o)
 .debug_info    0x00037b18     0x1896 pegasus_crt.a(sock.o)
 .debug_info    0x000393ae     0x235f pegasus_crt.a(tcp_output.o)
 .debug_info    0x0003b70d     0x126c pegasus_crt.a(dst.o)
 .debug_info    0x0003c979     0x10d8 pegasus_crt.a(thread.o)

.debug_abbrev   0x00000000     0x74a7
 *(.debug_abbrev)
 .debug_abbrev  0x00000000      0x43a pegasus_crt.a(kernel_main_old.o)
 .debug_abbrev  0x0000043a      0x1fb pegasus_crt.a(keyboard.o)
 .debug_abbrev  0x00000635      0x330 pegasus_crt.a(mem.o)
 .debug_abbrev  0x00000965      0x1e8 pegasus_crt.a(exec.o)
 .debug_abbrev  0x00000b4d      0x18a pegasus_crt.a(fork.o)
 .debug_abbrev  0x00000cd7      0x19b pegasus_crt.a(exit.o)
 .debug_abbrev  0x00000e72      0x19f pegasus_crt.a(wait.o)
 .debug_abbrev  0x00001011      0x1ef pegasus_crt.a(read.o)
 .debug_abbrev  0x00001200      0x1c5 pegasus_crt.a(open.o)
 .debug_abbrev  0x000013c5      0x1db pegasus_crt.a(write.o)
 .debug_abbrev  0x000015a0      0x19d pegasus_crt.a(close.o)
 .debug_abbrev  0x0000173d      0x216 pegasus_crt.a(double_link_list.o)
 .debug_abbrev  0x00001953      0x157 pegasus_crt.a(global.o)
 .debug_abbrev  0x00001aaa      0x227 pegasus_crt.a(protect.o)
 .debug_abbrev  0x00001cd1      0x2ac pegasus_crt.a(console.o)
 .debug_abbrev  0x00001f7d      0x1e0 pegasus_crt.a(process.o)
 .debug_abbrev  0x0000215d      0x2f4 pegasus_crt.a(netdev.o)
 .debug_abbrev  0x00002451      0x1d1 pegasus_crt.a(task_network.o)
 .debug_abbrev  0x00002622      0x24e pegasus_crt.a(route.o)
 .debug_abbrev  0x00002870      0x2e3 pegasus_crt.a(hd.o)
 .debug_abbrev  0x00002b53      0x2f8 pegasus_crt.a(fs_main.o)
 .debug_abbrev  0x00002e4b      0x208 pegasus_crt.a(main.o)
 .debug_abbrev  0x00003053       0x94 pegasus_crt.a(strcmp.o)
 .debug_abbrev  0x000030e7       0x5c pegasus_crt.a(perror.o)
 .debug_abbrev  0x00003143       0xca pegasus_crt.a(sscanf.o)
 .debug_abbrev  0x0000320d       0x6c pegasus_crt.a(ntohs.o)
 .debug_abbrev  0x00003279       0x6c pegasus_crt.a(htons.o)
 .debug_abbrev  0x000032e5      0x116 pegasus_crt.a(inet_pton.o)
 .debug_abbrev  0x000033fb       0xa5 pegasus_crt.a(ntohl.o)
 .debug_abbrev  0x000034a0      0x23f pegasus_crt.a(skbuff.o)
 .debug_abbrev  0x000036df      0x2d1 pegasus_crt.a(ip_input.o)
 .debug_abbrev  0x000039b0      0x332 pegasus_crt.a(tcp.o)
 .debug_abbrev  0x00003ce2      0x330 pegasus_crt.a(arp.o)
 .debug_abbrev  0x00004012      0x3e6 pegasus_crt.a(tcp_sock.o)
 .debug_abbrev  0x000043f8      0x311 pegasus_crt.a(ipc.o)
 .debug_abbrev  0x00004709      0x236 pegasus_crt.a(icmpv4.o)
 .debug_abbrev  0x0000493f      0x355 pegasus_crt.a(tcp_input.o)
 .debug_abbrev  0x00004c94      0x2d3 pegasus_crt.a(udp.o)
 .debug_abbrev  0x00004f67      0x2a6 pegasus_crt.a(tcp_data.o)
 .debug_abbrev  0x0000520d      0x17a pegasus_crt.a(utils.o)
 .debug_abbrev  0x00005387      0x204 pegasus_crt.a(forkexit.o)
 .debug_abbrev  0x0000558b      0x1c4 pegasus_crt.a(exec.o)
 .debug_abbrev  0x0000574f       0xcd pegasus_crt.a(alloca.o)
 .debug_abbrev  0x0000581c      0x191 pegasus_crt.a(calloc.o)
 .debug_abbrev  0x000059ad       0x94 pegasus_crt.a(atoi.o)
 .debug_abbrev  0x00005a41       0x8b pegasus_crt.a(strtol.o)
 .debug_abbrev  0x00005acc       0x91 pegasus_crt.a(strtok.o)
 .debug_abbrev  0x00005b5d       0xa5 pegasus_crt.a(strpbrk.o)
 .debug_abbrev  0x00005c02       0xa5 pegasus_crt.a(htonl.o)
 .debug_abbrev  0x00005ca7      0x260 pegasus_crt.a(my_process.o)
 .debug_abbrev  0x00005f07      0x327 pegasus_crt.a(socket.o)
 .debug_abbrev  0x0000622e      0x3b1 pegasus_crt.a(udp_sock.o)
 .debug_abbrev  0x000065df      0x24b pegasus_crt.a(inet.o)
 .debug_abbrev  0x0000682a      0x213 pegasus_crt.a(ip_output.o)
 .debug_abbrev  0x00006a3d      0x273 pegasus_crt.a(sock.o)
 .debug_abbrev  0x00006cb0      0x39b pegasus_crt.a(tcp_output.o)
 .debug_abbrev  0x0000704b      0x23a pegasus_crt.a(dst.o)
 .debug_abbrev  0x00007285      0x222 pegasus_crt.a(thread.o)

.debug_line     0x00000000     0x9be4
 *(.debug_line .debug_line.* .debug_line_end)
 .debug_line    0x00000000      0xe4d pegasus_crt.a(kernel_main_old.o)
 .debug_line    0x00000e4d      0x2b4 pegasus_crt.a(keyboard.o)
 .debug_line    0x00001101      0x78e pegasus_crt.a(mem.o)
 .debug_line    0x0000188f      0x1a9 pegasus_crt.a(exec.o)
 .debug_line    0x00001a38       0xc3 pegasus_crt.a(fork.o)
 .debug_line    0x00001afb       0xbe pegasus_crt.a(exit.o)
 .debug_line    0x00001bb9       0xd5 pegasus_crt.a(wait.o)
 .debug_line    0x00001c8e      0x15b pegasus_crt.a(read.o)
 .debug_line    0x00001de9       0xc3 pegasus_crt.a(open.o)
 .debug_line    0x00001eac       0xe0 pegasus_crt.a(write.o)
 .debug_line    0x00001f8c       0xb3 pegasus_crt.a(close.o)
 .debug_line    0x0000203f      0x235 pegasus_crt.a(double_link_list.o)
 .debug_line    0x00002274       0xb3 pegasus_crt.a(global.o)
 .debug_line    0x00002327      0x21d pegasus_crt.a(protect.o)
 .debug_line    0x00002544      0x56c pegasus_crt.a(console.o)
 .debug_line    0x00002ab0      0x1d8 pegasus_crt.a(process.o)
 .debug_line    0x00002c88      0x424 pegasus_crt.a(netdev.o)
 .debug_line    0x000030ac      0x205 pegasus_crt.a(task_network.o)
 .debug_line    0x000032b1      0x238 pegasus_crt.a(route.o)
 .debug_line    0x000034e9      0x64d pegasus_crt.a(hd.o)
 .debug_line    0x00003b36      0xc43 pegasus_crt.a(fs_main.o)
 .debug_line    0x00004779      0x10a pegasus_crt.a(main.o)
 .debug_line    0x00004883       0x9c pegasus_crt.a(strcmp.o)
 .debug_line    0x0000491f       0x48 pegasus_crt.a(perror.o)
 .debug_line    0x00004967      0x220 pegasus_crt.a(sscanf.o)
 .debug_line    0x00004b87       0x6c pegasus_crt.a(ntohs.o)
 .debug_line    0x00004bf3       0x6c pegasus_crt.a(htons.o)
 .debug_line    0x00004c5f      0x167 pegasus_crt.a(inet_pton.o)
 .debug_line    0x00004dc6       0xc1 pegasus_crt.a(ntohl.o)
 .debug_line    0x00004e87      0x1ab pegasus_crt.a(skbuff.o)
 .debug_line    0x00005032      0x28e pegasus_crt.a(ip_input.o)
 .debug_line    0x000052c0      0x30d pegasus_crt.a(tcp.o)
 .debug_line    0x000055cd      0x543 pegasus_crt.a(arp.o)
 .debug_line    0x00005b10      0x594 pegasus_crt.a(tcp_sock.o)
 .debug_line    0x000060a4      0x616 pegasus_crt.a(ipc.o)
 .debug_line    0x000066ba      0x232 pegasus_crt.a(icmpv4.o)
 .debug_line    0x000068ec      0x671 pegasus_crt.a(tcp_input.o)
 .debug_line    0x00006f5d      0x302 pegasus_crt.a(udp.o)
 .debug_line    0x0000725f      0x3ff pegasus_crt.a(tcp_data.o)
 .debug_line    0x0000765e      0x13c pegasus_crt.a(utils.o)
 .debug_line    0x0000779a      0x192 pegasus_crt.a(forkexit.o)
 .debug_line    0x0000792c      0x22a pegasus_crt.a(exec.o)
 .debug_line    0x00007b56       0x5f pegasus_crt.a(alloca.o)
 .debug_line    0x00007bb5       0xf9 pegasus_crt.a(calloc.o)
 .debug_line    0x00007cae       0xad pegasus_crt.a(atoi.o)
 .debug_line    0x00007d5b       0xbb pegasus_crt.a(strtol.o)
 .debug_line    0x00007e16       0x6e pegasus_crt.a(strtok.o)
 .debug_line    0x00007e84       0xb0 pegasus_crt.a(strpbrk.o)
 .debug_line    0x00007f34       0xc1 pegasus_crt.a(htonl.o)
 .debug_line    0x00007ff5      0x359 pegasus_crt.a(my_process.o)
 .debug_line    0x0000834e      0x3c8 pegasus_crt.a(socket.o)
 .debug_line    0x00008716      0x4c8 pegasus_crt.a(udp_sock.o)
 .debug_line    0x00008bde      0x326 pegasus_crt.a(inet.o)
 .debug_line    0x00008f04      0x20b pegasus_crt.a(ip_output.o)
 .debug_line    0x0000910f      0x238 pegasus_crt.a(sock.o)
 .debug_line    0x00009347      0x5a1 pegasus_crt.a(tcp_output.o)
 .debug_line    0x000098e8      0x199 pegasus_crt.a(dst.o)
 .debug_line    0x00009a81      0x163 pegasus_crt.a(thread.o)

.debug_frame
 *(.debug_frame)

.debug_str      0x00000000     0x363a
 *(.debug_str)
 .debug_str     0x00000000     0x363a pegasus_crt.a(kernel_main_old.o)
                                0xba3 (size before relaxing)
 .debug_str     0x0000363a      0x6b4 pegasus_crt.a(keyboard.o)
 .debug_str     0x0000363a      0xad6 pegasus_crt.a(mem.o)
 .debug_str     0x0000363a      0x644 pegasus_crt.a(exec.o)
 .debug_str     0x0000363a      0x5b6 pegasus_crt.a(fork.o)
 .debug_str     0x0000363a      0x5bd pegasus_crt.a(exit.o)
 .debug_str     0x0000363a      0x5bd pegasus_crt.a(wait.o)
 .debug_str     0x0000363a      0x617 pegasus_crt.a(read.o)
 .debug_str     0x0000363a      0x5de pegasus_crt.a(open.o)
 .debug_str     0x0000363a      0x5f3 pegasus_crt.a(write.o)
 .debug_str     0x0000363a      0x5a6 pegasus_crt.a(close.o)
 .debug_str     0x0000363a      0x6fa pegasus_crt.a(double_link_list.o)
 .debug_str     0x0000363a      0x628 pegasus_crt.a(global.o)
 .debug_str     0x0000363a      0x783 pegasus_crt.a(protect.o)
 .debug_str     0x0000363a      0x777 pegasus_crt.a(console.o)
 .debug_str     0x0000363a      0x662 pegasus_crt.a(process.o)
 .debug_str     0x0000363a      0x89c pegasus_crt.a(netdev.o)
 .debug_str     0x0000363a      0x6db pegasus_crt.a(task_network.o)
 .debug_str     0x0000363a      0x736 pegasus_crt.a(route.o)
 .debug_str     0x0000363a      0x931 pegasus_crt.a(hd.o)
 .debug_str     0x0000363a      0xb12 pegasus_crt.a(fs_main.o)
 .debug_str     0x0000363a      0x5b0 pegasus_crt.a(main.o)
 .debug_str     0x0000363a       0xb1 pegasus_crt.a(strcmp.o)
 .debug_str     0x0000363a       0x99 pegasus_crt.a(perror.o)
 .debug_str     0x0000363a      0x109 pegasus_crt.a(sscanf.o)
 .debug_str     0x0000363a      0x101 pegasus_crt.a(ntohs.o)
 .debug_str     0x0000363a      0x102 pegasus_crt.a(htons.o)
 .debug_str     0x0000363a      0x14c pegasus_crt.a(inet_pton.o)
 .debug_str     0x0000363a       0xf3 pegasus_crt.a(ntohl.o)
 .debug_str     0x0000363a      0x71a pegasus_crt.a(skbuff.o)
 .debug_str     0x0000363a      0x9a2 pegasus_crt.a(ip_input.o)
 .debug_str     0x0000363a      0xb34 pegasus_crt.a(tcp.o)
 .debug_str     0x0000363a      0x90e pegasus_crt.a(arp.o)
 .debug_str     0x0000363a      0xcc7 pegasus_crt.a(tcp_sock.o)
 .debug_str     0x0000363a      0x935 pegasus_crt.a(ipc.o)
 .debug_str     0x0000363a      0x921 pegasus_crt.a(icmpv4.o)
 .debug_str     0x0000363a      0xb94 pegasus_crt.a(tcp_input.o)
 .debug_str     0x0000363a      0x954 pegasus_crt.a(udp.o)
 .debug_str     0x0000363a      0xa50 pegasus_crt.a(tcp_data.o)
 .debug_str     0x0000363a      0x1b8 pegasus_crt.a(utils.o)
 .debug_str     0x0000363a      0x62f pegasus_crt.a(forkexit.o)
 .debug_str     0x0000363a      0x885 pegasus_crt.a(exec.o)
 .debug_str     0x0000363a       0xce pegasus_crt.a(alloca.o)
 .debug_str     0x0000363a      0x649 pegasus_crt.a(calloc.o)
 .debug_str     0x0000363a       0xad pegasus_crt.a(atoi.o)
 .debug_str     0x0000363a       0xc6 pegasus_crt.a(strtol.o)
 .debug_str     0x0000363a       0xb9 pegasus_crt.a(strtok.o)
 .debug_str     0x0000363a       0xc1 pegasus_crt.a(strpbrk.o)
 .debug_str     0x0000363a       0xf4 pegasus_crt.a(htonl.o)
 .debug_str     0x0000363a      0x916 pegasus_crt.a(my_process.o)
 .debug_str     0x0000363a      0x946 pegasus_crt.a(socket.o)
 .debug_str     0x0000363a      0xa78 pegasus_crt.a(udp_sock.o)
 .debug_str     0x0000363a      0x905 pegasus_crt.a(inet.o)
 .debug_str     0x0000363a      0x85d pegasus_crt.a(ip_output.o)
 .debug_str     0x0000363a      0x8bd pegasus_crt.a(sock.o)
 .debug_str     0x0000363a      0xc24 pegasus_crt.a(tcp_output.o)
 .debug_str     0x0000363a      0x735 pegasus_crt.a(dst.o)
 .debug_str     0x0000363a      0x72f pegasus_crt.a(thread.o)

.debug_loc
 *(.debug_loc)

.debug_macinfo
 *(.debug_macinfo)

.debug_weaknames
 *(.debug_weaknames)

.debug_funcnames
 *(.debug_funcnames)

.debug_typenames
 *(.debug_typenames)

.debug_varnames
 *(.debug_varnames)

.debug_pubtypes
 *(.debug_pubtypes)

.debug_ranges   0x00000000       0x90
 *(.debug_ranges)
 .debug_ranges  0x00000000       0x30 pegasus_crt.a(kernel_main_old.o)
 .debug_ranges  0x00000030       0x48 pegasus_crt.a(hd.o)
 .debug_ranges  0x00000078       0x18 pegasus_crt.a(exec.o)

.debug_addr
 *(.debug_addr)

.debug_line_str
 *(.debug_line_str)

.debug_loclists
 *(.debug_loclists)

.debug_macro
 *(.debug_macro)

.debug_names
 *(.debug_names)

.debug_rnglists
 *(.debug_rnglists)

.debug_str_offsets
 *(.debug_str_offsets)

.debug_sup
 *(.debug_sup)

.gnu.attributes
 *(.gnu.attributes)

/DISCARD/
 *(.note.GNU-stack)
 *(.gnu_debuglink)
 *(.gnu.lto_*)
OUTPUT(test elf32-i386)
