Archive member included to satisfy reference by file (symbol)

pegasus_crt.a(kernel_main_old.o)
                              test.o (Printf)
pegasus_crt.a(protect.o)      pegasus_crt.a(kernel_main_old.o) (InitInterruptDesc)
pegasus_crt.a(console.o)      pegasus_crt.a(kernel_main_old.o) (out_char)
pegasus_crt.a(process.o)      pegasus_crt.a(kernel_main_old.o) (schedule_process)
pegasus_crt.a(keyboard.o)     pegasus_crt.a(console.o) (keyboard_read)
pegasus_crt.a(mem.o)          pegasus_crt.a(kernel_main_old.o) (ptr_pde)
pegasus_crt.a(exec.o)         pegasus_crt.a(kernel_main_old.o) (execl)
pegasus_crt.a(exit.o)         start.o (exit)
pegasus_crt.a(wait.o)         pegasus_crt.a(kernel_main_old.o) (wait)
pegasus_crt.a(fork.o)         pegasus_crt.a(kernel_main_old.o) (fork)
pegasus_crt.a(read.o)         pegasus_crt.a(kernel_main_old.o) (read)
pegasus_crt.a(open.o)         pegasus_crt.a(kernel_main_old.o) (open)
pegasus_crt.a(write.o)        pegasus_crt.a(kernel_main_old.o) (write)
pegasus_crt.a(close.o)        pegasus_crt.a(kernel_main_old.o) (close)
pegasus_crt.a(kernel.o)       pegasus_crt.a(kernel_main_old.o) (disp_str)
pegasus_crt.a(switch_to.o)    pegasus_crt.a(process.o) (switch_to)
pegasus_crt.a(string.o)       pegasus_crt.a(kernel_main_old.o) (Memcpy2)
pegasus_crt.a(syscall.o)      pegasus_crt.a(kernel_main_old.o) (write_debug)
pegasus_crt.a(double_link_list.o)
                              pegasus_crt.a(mem.o) (initDoubleLinkList)
pegasus_crt.a(global.o)       pegasus_crt.a(protect.o) (proc_table)
pegasus_crt.a(netdev.o)       pegasus_crt.a(kernel.o) (net_handler)
pegasus_crt.a(task_network.o)
                              pegasus_crt.a(global.o) (task_network)
pegasus_crt.a(route.o)        pegasus_crt.a(netdev.o) (route_init)
pegasus_crt.a(hd.o)           pegasus_crt.a(global.o) (TaskHD)
pegasus_crt.a(fs_main.o)      pegasus_crt.a(global.o) (task_fs)
pegasus_crt.a(main.o)         pegasus_crt.a(global.o) (TaskMM)
pegasus_crt.a(strcmp.o)       pegasus_crt.a(fs_main.o) (strcmp)
pegasus_crt.a(perror.o)       pegasus_crt.a(netdev.o) (perror)
pegasus_crt.a(sscanf.o)       pegasus_crt.a(netdev.o) (sscanf)
pegasus_crt.a(ntohs.o)        pegasus_crt.a(netdev.o) (ntohs)
pegasus_crt.a(htons.o)        pegasus_crt.a(netdev.o) (htons)
pegasus_crt.a(inet_pton.o)    pegasus_crt.a(netdev.o) (inet_pton)
pegasus_crt.a(ntohl.o)        pegasus_crt.a(netdev.o) (ntohl)
pegasus_crt.a(hd_rdwt.o)      pegasus_crt.a(hd.o) (read_port)
pegasus_crt.a(ne2000.o)       pegasus_crt.a(netdev.o) (SetPageStart)
pegasus_crt.a(ip_input.o)     pegasus_crt.a(netdev.o) (ip_rcv)
pegasus_crt.a(tcp.o)          pegasus_crt.a(ip_input.o) (tcp_in)
pegasus_crt.a(arp.o)          pegasus_crt.a(netdev.o) (arp_rcv)
pegasus_crt.a(tcp_sock.o)     pegasus_crt.a(tcp.o) (tcp_established_or_syn_recvd_socks_remove)
pegasus_crt.a(icmpv4.o)       pegasus_crt.a(ip_input.o) (icmpv4_incoming)
pegasus_crt.a(skbuff.o)       pegasus_crt.a(netdev.o) (alloc_skb)
pegasus_crt.a(tcp_input.o)    pegasus_crt.a(tcp.o) (tcp_process)
pegasus_crt.a(udp.o)          pegasus_crt.a(ip_input.o) (udp_in)
pegasus_crt.a(tcp_data.o)     pegasus_crt.a(tcp_input.o) (tcp_data_dequeue)
pegasus_crt.a(utils.o)        pegasus_crt.a(ip_input.o) (print_err)
pegasus_crt.a(forkexit.o)     pegasus_crt.a(main.o) (do_fork)
pegasus_crt.a(exec.o)         pegasus_crt.a(main.o) (do_exec)
pegasus_crt.a(atoi.o)         pegasus_crt.a(sscanf.o) (atoi)
pegasus_crt.a(strtok.o)       pegasus_crt.a(inet_pton.o) (strtok)
pegasus_crt.a(strpbrk.o)      pegasus_crt.a(strtok.o) (strpbrk)
pegasus_crt.a(htonl.o)        pegasus_crt.a(arp.o) (htonl)
pegasus_crt.a(my_process.o)   pegasus_crt.a(forkexit.o) (fork_process)
pegasus_crt.a(udp_sock.o)     pegasus_crt.a(udp.o) (udp_lookup_sock)
pegasus_crt.a(ip_output.o)    pegasus_crt.a(icmpv4.o) (ip_output)
pegasus_crt.a(sock.o)         pegasus_crt.a(tcp_sock.o) (sk_free)
pegasus_crt.a(tcp_output.o)   pegasus_crt.a(tcp_input.o) (tcp_send_synack)
pegasus_crt.a(thread.o)       pegasus_crt.a(my_process.o) (thread_init)
pegasus_crt.a(dst.o)          pegasus_crt.a(ip_output.o) (dst_neigh_output)

Merging program properties

Removed property 0xc0010001 to merge test.o (0x1) and start.o (not found)
Removed property 0xc0010002 to merge test.o (0x0) and start.o (not found)
Removed property 0xc0010001 to merge test.o (not found) and pegasus_crt.a(kernel_main_old.o) (0x1)
Removed property 0xc0010002 to merge test.o (not found) and pegasus_crt.a(kernel_main_old.o) (0x1)
Removed property 0xc0010001 to merge test.o (not found) and pegasus_crt.a(protect.o) (0x1)
Removed property 0xc0010002 to merge test.o (not found) and pegasus_crt.a(protect.o) (0x0)
Removed property 0xc0010001 to merge test.o (not found) and pegasus_crt.a(console.o) (0x1)
Removed property 0xc0010002 to merge test.o (not found) and pegasus_crt.a(console.o) (0x1)
Removed property 0xc0010001 to merge test.o (not found) and pegasus_crt.a(process.o) (0x1)
Removed property 0xc0010002 to merge test.o (not found) and pegasus_crt.a(process.o) (0x0)
Removed property 0xc0010001 to merge test.o (not found) and pegasus_crt.a(keyboard.o) (0x1)
Removed property 0xc0010002 to merge test.o (not found) and pegasus_crt.a(keyboard.o) (0x0)
Removed property 0xc0010001 to merge test.o (not found) and pegasus_crt.a(mem.o) (0x1)
Removed property 0xc0010002 to merge test.o (not found) and pegasus_crt.a(mem.o) (0x1)
Removed property 0xc0010001 to merge test.o (not found) and pegasus_crt.a(exec.o) (0x1)
Removed property 0xc0010002 to merge test.o (not found) and pegasus_crt.a(exec.o) (0x0)
Removed property 0xc0010001 to merge test.o (not found) and pegasus_crt.a(exit.o) (0x1)
Removed property 0xc0010002 to merge test.o (not found) and pegasus_crt.a(exit.o) (0x0)
Removed property 0xc0010001 to merge test.o (not found) and pegasus_crt.a(wait.o) (0x1)
Removed property 0xc0010002 to merge test.o (not found) and pegasus_crt.a(wait.o) (0x0)
Removed property 0xc0010001 to merge test.o (not found) and pegasus_crt.a(fork.o) (0x1)
Removed property 0xc0010002 to merge test.o (not found) and pegasus_crt.a(fork.o) (0x0)
Removed property 0xc0010001 to merge test.o (not found) and pegasus_crt.a(read.o) (0x1)
Removed property 0xc0010002 to merge test.o (not found) and pegasus_crt.a(read.o) (0x0)
Removed property 0xc0010001 to merge test.o (not found) and pegasus_crt.a(open.o) (0x1)
Removed property 0xc0010002 to merge test.o (not found) and pegasus_crt.a(open.o) (0x0)
Removed property 0xc0010001 to merge test.o (not found) and pegasus_crt.a(write.o) (0x1)
Removed property 0xc0010002 to merge test.o (not found) and pegasus_crt.a(write.o) (0x0)
Removed property 0xc0010001 to merge test.o (not found) and pegasus_crt.a(close.o) (0x1)
Removed property 0xc0010002 to merge test.o (not found) and pegasus_crt.a(close.o) (0x0)
Removed property 0xc0010001 to merge test.o (not found) and pegasus_crt.a(double_link_list.o) (0x1)
Removed property 0xc0010002 to merge test.o (not found) and pegasus_crt.a(double_link_list.o) (0x0)
Removed property 0xc0010001 to merge test.o (not found) and pegasus_crt.a(global.o) (0x1)
Removed property 0xc0010002 to merge test.o (not found) and pegasus_crt.a(global.o) (0x0)
Removed property 0xc0010001 to merge test.o (not found) and pegasus_crt.a(netdev.o) (0x1)
Removed property 0xc0010002 to merge test.o (not found) and pegasus_crt.a(netdev.o) (0x0)
Removed property 0xc0010001 to merge test.o (not found) and pegasus_crt.a(task_network.o) (0x1)
Removed property 0xc0010002 to merge test.o (not found) and pegasus_crt.a(task_network.o) (0x0)
Removed property 0xc0010001 to merge test.o (not found) and pegasus_crt.a(route.o) (0x1)
Removed property 0xc0010002 to merge test.o (not found) and pegasus_crt.a(route.o) (0x0)
Removed property 0xc0010001 to merge test.o (not found) and pegasus_crt.a(hd.o) (0x1)
Removed property 0xc0010002 to merge test.o (not found) and pegasus_crt.a(hd.o) (0x1)
Removed property 0xc0010001 to merge test.o (not found) and pegasus_crt.a(fs_main.o) (0x1)
Removed property 0xc0010002 to merge test.o (not found) and pegasus_crt.a(fs_main.o) (0x1)
Removed property 0xc0010001 to merge test.o (not found) and pegasus_crt.a(main.o) (0x1)
Removed property 0xc0010002 to merge test.o (not found) and pegasus_crt.a(main.o) (0x0)
Removed property 0xc0010001 to merge test.o (not found) and pegasus_crt.a(strcmp.o) (0x1)
Removed property 0xc0010002 to merge test.o (not found) and pegasus_crt.a(strcmp.o) (0x1)
Removed property 0xc0010001 to merge test.o (not found) and pegasus_crt.a(perror.o) (0x1)
Removed property 0xc0010002 to merge test.o (not found) and pegasus_crt.a(perror.o) (0x0)
Removed property 0xc0010001 to merge test.o (not found) and pegasus_crt.a(sscanf.o) (0x1)
Removed property 0xc0010002 to merge test.o (not found) and pegasus_crt.a(sscanf.o) (0x0)
Removed property 0xc0010001 to merge test.o (not found) and pegasus_crt.a(ntohs.o) (0x1)
Removed property 0xc0010002 to merge test.o (not found) and pegasus_crt.a(ntohs.o) (0x0)
Removed property 0xc0010001 to merge test.o (not found) and pegasus_crt.a(htons.o) (0x1)
Removed property 0xc0010002 to merge test.o (not found) and pegasus_crt.a(htons.o) (0x0)
Removed property 0xc0010001 to merge test.o (not found) and pegasus_crt.a(inet_pton.o) (0x1)
Removed property 0xc0010002 to merge test.o (not found) and pegasus_crt.a(inet_pton.o) (0x0)
Removed property 0xc0010001 to merge test.o (not found) and pegasus_crt.a(ntohl.o) (0x1)
Removed property 0xc0010002 to merge test.o (not found) and pegasus_crt.a(ntohl.o) (0x0)
Removed property 0xc0010001 to merge test.o (not found) and pegasus_crt.a(ip_input.o) (0x1)
Removed property 0xc0010002 to merge test.o (not found) and pegasus_crt.a(ip_input.o) (0x0)
Removed property 0xc0010001 to merge test.o (not found) and pegasus_crt.a(tcp.o) (0x1)
Removed property 0xc0010002 to merge test.o (not found) and pegasus_crt.a(tcp.o) (0x0)
Removed property 0xc0010001 to merge test.o (not found) and pegasus_crt.a(arp.o) (0x1)
Removed property 0xc0010002 to merge test.o (not found) and pegasus_crt.a(arp.o) (0x0)
Removed property 0xc0010001 to merge test.o (not found) and pegasus_crt.a(tcp_sock.o) (0x1)
Removed property 0xc0010002 to merge test.o (not found) and pegasus_crt.a(tcp_sock.o) (0x0)
Removed property 0xc0010001 to merge test.o (not found) and pegasus_crt.a(icmpv4.o) (0x1)
Removed property 0xc0010002 to merge test.o (not found) and pegasus_crt.a(icmpv4.o) (0x0)
Removed property 0xc0010001 to merge test.o (not found) and pegasus_crt.a(skbuff.o) (0x1)
Removed property 0xc0010002 to merge test.o (not found) and pegasus_crt.a(skbuff.o) (0x0)
Removed property 0xc0010001 to merge test.o (not found) and pegasus_crt.a(tcp_input.o) (0x1)
Removed property 0xc0010002 to merge test.o (not found) and pegasus_crt.a(tcp_input.o) (0x0)
Removed property 0xc0010001 to merge test.o (not found) and pegasus_crt.a(udp.o) (0x1)
Removed property 0xc0010002 to merge test.o (not found) and pegasus_crt.a(udp.o) (0x1)
Removed property 0xc0010001 to merge test.o (not found) and pegasus_crt.a(tcp_data.o) (0x1)
Removed property 0xc0010002 to merge test.o (not found) and pegasus_crt.a(tcp_data.o) (0x0)
Removed property 0xc0010001 to merge test.o (not found) and pegasus_crt.a(utils.o) (0x1)
Removed property 0xc0010002 to merge test.o (not found) and pegasus_crt.a(utils.o) (0x0)
Removed property 0xc0010001 to merge test.o (not found) and pegasus_crt.a(forkexit.o) (0x1)
Removed property 0xc0010002 to merge test.o (not found) and pegasus_crt.a(forkexit.o) (0x0)
Removed property 0xc0010001 to merge test.o (not found) and pegasus_crt.a(exec.o) (0x1)
Removed property 0xc0010002 to merge test.o (not found) and pegasus_crt.a(exec.o) (0x0)
Removed property 0xc0010001 to merge test.o (not found) and pegasus_crt.a(atoi.o) (0x1)
Removed property 0xc0010002 to merge test.o (not found) and pegasus_crt.a(atoi.o) (0x0)
Removed property 0xc0010001 to merge test.o (not found) and pegasus_crt.a(strtok.o) (0x1)
Removed property 0xc0010002 to merge test.o (not found) and pegasus_crt.a(strtok.o) (0x0)
Removed property 0xc0010001 to merge test.o (not found) and pegasus_crt.a(strpbrk.o) (0x1)
Removed property 0xc0010002 to merge test.o (not found) and pegasus_crt.a(strpbrk.o) (0x0)
Removed property 0xc0010001 to merge test.o (not found) and pegasus_crt.a(htonl.o) (0x1)
Removed property 0xc0010002 to merge test.o (not found) and pegasus_crt.a(htonl.o) (0x0)
Removed property 0xc0010001 to merge test.o (not found) and pegasus_crt.a(my_process.o) (0x1)
Removed property 0xc0010002 to merge test.o (not found) and pegasus_crt.a(my_process.o) (0x1)
Removed property 0xc0010001 to merge test.o (not found) and pegasus_crt.a(udp_sock.o) (0x1)
Removed property 0xc0010002 to merge test.o (not found) and pegasus_crt.a(udp_sock.o) (0x0)
Removed property 0xc0010001 to merge test.o (not found) and pegasus_crt.a(ip_output.o) (0x1)
Removed property 0xc0010002 to merge test.o (not found) and pegasus_crt.a(ip_output.o) (0x0)
Removed property 0xc0010001 to merge test.o (not found) and pegasus_crt.a(sock.o) (0x1)
Removed property 0xc0010002 to merge test.o (not found) and pegasus_crt.a(sock.o) (0x0)
Removed property 0xc0010001 to merge test.o (not found) and pegasus_crt.a(tcp_output.o) (0x1)
Removed property 0xc0010002 to merge test.o (not found) and pegasus_crt.a(tcp_output.o) (0x1)
Removed property 0xc0010001 to merge test.o (not found) and pegasus_crt.a(thread.o) (0x1)
Removed property 0xc0010002 to merge test.o (not found) and pegasus_crt.a(thread.o) (0x0)
Removed property 0xc0010001 to merge test.o (not found) and pegasus_crt.a(dst.o) (0x1)
Removed property 0xc0010002 to merge test.o (not found) and pegasus_crt.a(dst.o) (0x0)

Allocating common symbols
Common symbol       size              file

current_tty         0x4               pegasus_crt.a(kernel_main_old.o)
file_desc_table     0x400             pegasus_crt.a(fs_main.o)
is_e0               0x1               pegasus_crt.a(kernel_main_old.o)
phy_super_block_buf
                    0x4               pegasus_crt.a(fs_main.o)
phy_fsbuf           0x4               pegasus_crt.a(fs_main.o)
idt_ptr             0x6               pegasus_crt.a(kernel_main_old.o)
pid                 0x4               pegasus_crt.a(kernel_main_old.o)
KernelVirtualMemory
                    0xc               pegasus_crt.a(kernel_main_old.o)
inode_table         0xa00             pegasus_crt.a(fs_main.o)
loop                0x4               pegasus_crt.a(netdev.o)
current_dis_pos     0x4               pegasus_crt.a(kernel_main_old.o)
dis_pos             0x4               pegasus_crt.a(kernel_main_old.o)
netdev              0x4               pegasus_crt.a(netdev.o)
k_reenter           0x4               pegasus_crt.a(kernel_main_old.o)
super_block_buf     0x4               pegasus_crt.a(fs_main.o)
gdt                 0x400             pegasus_crt.a(kernel_main_old.o)
proc_ready_table    0x4               pegasus_crt.a(kernel_main_old.o)
test_ticks          0x4               pegasus_crt.a(kernel_main_old.o)
hd_info             0x224             pegasus_crt.a(hd.o)
proc_stack          0x90000           pegasus_crt.a(global.o)
pcaller             0x4               pegasus_crt.a(kernel_main_old.o)
keyboard_buffer     0x20c             pegasus_crt.a(kernel_main_old.o)
pcb_list            0x10              pegasus_crt.a(kernel_main_old.o)
gdt_index           0x4               pegasus_crt.a(kernel_main_old.o)
tty_table           0x828             pegasus_crt.a(kernel_main_old.o)
tss                 0x6c              pegasus_crt.a(kernel_main_old.o)
KernelPool          0x10              pegasus_crt.a(kernel_main_old.o)
net_buf             0x4               pegasus_crt.a(kernel_main_old.o)
fsbuf               0x4               pegasus_crt.a(fs_main.o)
nic_current_page    0x1               pegasus_crt.a(kernel_main_old.o)
root                0x28              pegasus_crt.a(fs_main.o)
kernel_mem_block_decs_array
                    0xa8              pegasus_crt.a(mem.o)
counter             0x4               pegasus_crt.a(kernel_main_old.o)
key_pressed         0x4               pegasus_crt.a(kernel_main_old.o)
fork_pid            0x4               pegasus_crt.a(kernel_main_old.o)
is_shift            0x1               pegasus_crt.a(kernel_main_old.o)
net_data            0x1               pegasus_crt.a(kernel_main_old.o)
gdt_ptr             0x6               pegasus_crt.a(kernel_main_old.o)
idt                 0x800             pegasus_crt.a(kernel_main_old.o)
main_thread         0x4               pegasus_crt.a(kernel_main_old.o)
ticks               0x8               pegasus_crt.a(kernel_main_old.o)
is_init             0x1               pegasus_crt.a(kernel_main_old.o)
UserPool            0x10              pegasus_crt.a(kernel_main_old.o)
all_pcb_list        0x10              pegasus_crt.a(kernel_main_old.o)
console_table       0x10              pegasus_crt.a(kernel_main_old.o)
is_disp             0x1               pegasus_crt.a(kernel_main_old.o)
MAIN_THREAD_PAGE_DIRECTORY
                    0x4               pegasus_crt.a(kernel_main_old.o)
helloStr            0xc               pegasus_crt.a(kernel_main_old.o)
proc_table          0x1ad0            pegasus_crt.a(global.o)
hd_cache            0x200             pegasus_crt.a(hd.o)

Discarded input sections

 .note.GNU-stack
                0x00000000        0x0 test.o
 .note.gnu.property
                0x00000000       0x28 test.o
 .note.GNU-stack
                0x00000000        0x0 pegasus_crt.a(kernel_main_old.o)
 .note.gnu.property
                0x00000000       0x28 pegasus_crt.a(kernel_main_old.o)
 .note.GNU-stack
                0x00000000        0x0 pegasus_crt.a(protect.o)
 .note.gnu.property
                0x00000000       0x28 pegasus_crt.a(protect.o)
 .note.GNU-stack
                0x00000000        0x0 pegasus_crt.a(console.o)
 .note.gnu.property
                0x00000000       0x28 pegasus_crt.a(console.o)
 .note.GNU-stack
                0x00000000        0x0 pegasus_crt.a(process.o)
 .note.gnu.property
                0x00000000       0x28 pegasus_crt.a(process.o)
 .note.GNU-stack
                0x00000000        0x0 pegasus_crt.a(keyboard.o)
 .note.gnu.property
                0x00000000       0x28 pegasus_crt.a(keyboard.o)
 .note.GNU-stack
                0x00000000        0x0 pegasus_crt.a(mem.o)
 .note.gnu.property
                0x00000000       0x28 pegasus_crt.a(mem.o)
 .note.GNU-stack
                0x00000000        0x0 pegasus_crt.a(exec.o)
 .note.gnu.property
                0x00000000       0x28 pegasus_crt.a(exec.o)
 .note.GNU-stack
                0x00000000        0x0 pegasus_crt.a(exit.o)
 .note.gnu.property
                0x00000000       0x28 pegasus_crt.a(exit.o)
 .note.GNU-stack
                0x00000000        0x0 pegasus_crt.a(wait.o)
 .note.gnu.property
                0x00000000       0x28 pegasus_crt.a(wait.o)
 .note.GNU-stack
                0x00000000        0x0 pegasus_crt.a(fork.o)
 .note.gnu.property
                0x00000000       0x28 pegasus_crt.a(fork.o)
 .note.GNU-stack
                0x00000000        0x0 pegasus_crt.a(read.o)
 .note.gnu.property
                0x00000000       0x28 pegasus_crt.a(read.o)
 .note.GNU-stack
                0x00000000        0x0 pegasus_crt.a(open.o)
 .note.gnu.property
                0x00000000       0x28 pegasus_crt.a(open.o)
 .note.GNU-stack
                0x00000000        0x0 pegasus_crt.a(write.o)
 .note.gnu.property
                0x00000000       0x28 pegasus_crt.a(write.o)
 .note.GNU-stack
                0x00000000        0x0 pegasus_crt.a(close.o)
 .note.gnu.property
                0x00000000       0x28 pegasus_crt.a(close.o)
 .note.GNU-stack
                0x00000000        0x0 pegasus_crt.a(double_link_list.o)
 .note.gnu.property
                0x00000000       0x28 pegasus_crt.a(double_link_list.o)
 .note.GNU-stack
                0x00000000        0x0 pegasus_crt.a(global.o)
 .note.gnu.property
                0x00000000       0x28 pegasus_crt.a(global.o)
 .note.GNU-stack
                0x00000000        0x0 pegasus_crt.a(netdev.o)
 .note.gnu.property
                0x00000000       0x28 pegasus_crt.a(netdev.o)
 .note.GNU-stack
                0x00000000        0x0 pegasus_crt.a(task_network.o)
 .note.gnu.property
                0x00000000       0x28 pegasus_crt.a(task_network.o)
 .note.GNU-stack
                0x00000000        0x0 pegasus_crt.a(route.o)
 .note.gnu.property
                0x00000000       0x28 pegasus_crt.a(route.o)
 .note.GNU-stack
                0x00000000        0x0 pegasus_crt.a(hd.o)
 .note.gnu.property
                0x00000000       0x28 pegasus_crt.a(hd.o)
 .note.GNU-stack
                0x00000000        0x0 pegasus_crt.a(fs_main.o)
 .note.gnu.property
                0x00000000       0x28 pegasus_crt.a(fs_main.o)
 .note.GNU-stack
                0x00000000        0x0 pegasus_crt.a(main.o)
 .note.gnu.property
                0x00000000       0x28 pegasus_crt.a(main.o)
 .note.GNU-stack
                0x00000000        0x0 pegasus_crt.a(strcmp.o)
 .note.gnu.property
                0x00000000       0x28 pegasus_crt.a(strcmp.o)
 .note.GNU-stack
                0x00000000        0x0 pegasus_crt.a(perror.o)
 .note.gnu.property
                0x00000000       0x28 pegasus_crt.a(perror.o)
 .note.GNU-stack
                0x00000000        0x0 pegasus_crt.a(sscanf.o)
 .note.gnu.property
                0x00000000       0x28 pegasus_crt.a(sscanf.o)
 .note.GNU-stack
                0x00000000        0x0 pegasus_crt.a(ntohs.o)
 .note.gnu.property
                0x00000000       0x28 pegasus_crt.a(ntohs.o)
 .note.GNU-stack
                0x00000000        0x0 pegasus_crt.a(htons.o)
 .note.gnu.property
                0x00000000       0x28 pegasus_crt.a(htons.o)
 .note.GNU-stack
                0x00000000        0x0 pegasus_crt.a(inet_pton.o)
 .note.gnu.property
                0x00000000       0x28 pegasus_crt.a(inet_pton.o)
 .note.GNU-stack
                0x00000000        0x0 pegasus_crt.a(ntohl.o)
 .note.gnu.property
                0x00000000       0x28 pegasus_crt.a(ntohl.o)
 .note.GNU-stack
                0x00000000        0x0 pegasus_crt.a(ip_input.o)
 .note.gnu.property
                0x00000000       0x28 pegasus_crt.a(ip_input.o)
 .note.GNU-stack
                0x00000000        0x0 pegasus_crt.a(tcp.o)
 .note.gnu.property
                0x00000000       0x28 pegasus_crt.a(tcp.o)
 .note.GNU-stack
                0x00000000        0x0 pegasus_crt.a(arp.o)
 .note.gnu.property
                0x00000000       0x28 pegasus_crt.a(arp.o)
 .note.GNU-stack
                0x00000000        0x0 pegasus_crt.a(tcp_sock.o)
 .note.gnu.property
                0x00000000       0x28 pegasus_crt.a(tcp_sock.o)
 .note.GNU-stack
                0x00000000        0x0 pegasus_crt.a(icmpv4.o)
 .note.gnu.property
                0x00000000       0x28 pegasus_crt.a(icmpv4.o)
 .note.GNU-stack
                0x00000000        0x0 pegasus_crt.a(skbuff.o)
 .note.gnu.property
                0x00000000       0x28 pegasus_crt.a(skbuff.o)
 .note.GNU-stack
                0x00000000        0x0 pegasus_crt.a(tcp_input.o)
 .note.gnu.property
                0x00000000       0x28 pegasus_crt.a(tcp_input.o)
 .note.GNU-stack
                0x00000000        0x0 pegasus_crt.a(udp.o)
 .note.gnu.property
                0x00000000       0x28 pegasus_crt.a(udp.o)
 .note.GNU-stack
                0x00000000        0x0 pegasus_crt.a(tcp_data.o)
 .note.gnu.property
                0x00000000       0x28 pegasus_crt.a(tcp_data.o)
 .note.GNU-stack
                0x00000000        0x0 pegasus_crt.a(utils.o)
 .note.gnu.property
                0x00000000       0x28 pegasus_crt.a(utils.o)
 .note.GNU-stack
                0x00000000        0x0 pegasus_crt.a(forkexit.o)
 .note.gnu.property
                0x00000000       0x28 pegasus_crt.a(forkexit.o)
 .note.GNU-stack
                0x00000000        0x0 pegasus_crt.a(exec.o)
 .note.gnu.property
                0x00000000       0x28 pegasus_crt.a(exec.o)
 .note.GNU-stack
                0x00000000        0x0 pegasus_crt.a(atoi.o)
 .note.gnu.property
                0x00000000       0x28 pegasus_crt.a(atoi.o)
 .note.GNU-stack
                0x00000000        0x0 pegasus_crt.a(strtok.o)
 .note.gnu.property
                0x00000000       0x28 pegasus_crt.a(strtok.o)
 .note.GNU-stack
                0x00000000        0x0 pegasus_crt.a(strpbrk.o)
 .note.gnu.property
                0x00000000       0x28 pegasus_crt.a(strpbrk.o)
 .note.GNU-stack
                0x00000000        0x0 pegasus_crt.a(htonl.o)
 .note.gnu.property
                0x00000000       0x28 pegasus_crt.a(htonl.o)
 .note.GNU-stack
                0x00000000        0x0 pegasus_crt.a(my_process.o)
 .note.gnu.property
                0x00000000       0x28 pegasus_crt.a(my_process.o)
 .note.GNU-stack
                0x00000000        0x0 pegasus_crt.a(udp_sock.o)
 .note.gnu.property
                0x00000000       0x28 pegasus_crt.a(udp_sock.o)
 .note.GNU-stack
                0x00000000        0x0 pegasus_crt.a(ip_output.o)
 .note.gnu.property
                0x00000000       0x28 pegasus_crt.a(ip_output.o)
 .note.GNU-stack
                0x00000000        0x0 pegasus_crt.a(sock.o)
 .note.gnu.property
                0x00000000       0x28 pegasus_crt.a(sock.o)
 .note.GNU-stack
                0x00000000        0x0 pegasus_crt.a(tcp_output.o)
 .note.gnu.property
                0x00000000       0x28 pegasus_crt.a(tcp_output.o)
 .note.GNU-stack
                0x00000000        0x0 pegasus_crt.a(thread.o)
 .note.gnu.property
                0x00000000       0x28 pegasus_crt.a(thread.o)
 .note.GNU-stack
                0x00000000        0x0 pegasus_crt.a(dst.o)
 .note.gnu.property
                0x00000000       0x28 pegasus_crt.a(dst.o)

Memory Configuration

Name             Origin             Length             Attributes
*default*        0x00000000         0xffffffff

Linker script and memory map

Address of section .text set to 0xb0800000
LOAD test.o
LOAD start.o
LOAD pegasus_crt.a
                [!provide]                        PROVIDE (__executable_start = SEGMENT_START ("text-segment", 0x8048000))
                0x080480d4                        . = (SEGMENT_START ("text-segment", 0x8048000) + SIZEOF_HEADERS)

.interp
 *(.interp)

.note.gnu.build-id
 *(.note.gnu.build-id)

.hash
 *(.hash)

.gnu.hash
 *(.gnu.hash)

.dynsym
 *(.dynsym)

.dynstr
 *(.dynstr)

.gnu.version
 *(.gnu.version)

.gnu.version_d
 *(.gnu.version_d)

.gnu.version_r
 *(.gnu.version_r)

.rel.dyn        0x080480d4        0x0
 *(.rel.init)
 *(.rel.text .rel.text.* .rel.gnu.linkonce.t.*)
 .rel.text      0x080480d4        0x0 test.o
 *(.rel.fini)
 *(.rel.rodata .rel.rodata.* .rel.gnu.linkonce.r.*)
 *(.rel.data.rel.ro .rel.data.rel.ro.* .rel.gnu.linkonce.d.rel.ro.*)
 *(.rel.data .rel.data.* .rel.gnu.linkonce.d.*)
 *(.rel.tdata .rel.tdata.* .rel.gnu.linkonce.td.*)
 *(.rel.tbss .rel.tbss.* .rel.gnu.linkonce.tb.*)
 *(.rel.ctors)
 *(.rel.dtors)
 *(.rel.got)
 .rel.got       0x080480d4        0x0 test.o
 *(.rel.bss .rel.bss.* .rel.gnu.linkonce.b.*)
 *(.rel.ifunc)

.rel.plt        0x080480d4        0x0
 *(.rel.plt)
                [!provide]                        PROVIDE (__rel_iplt_start = .)
 *(.rel.iplt)
 .rel.iplt      0x080480d4        0x0 test.o
                [!provide]                        PROVIDE (__rel_iplt_end = .)

.relr.dyn
 *(.relr.dyn)
                0x08049000                        . = ALIGN (CONSTANT (MAXPAGESIZE))

.init
 *(SORT_NONE(.init))

.plt            0x08049000        0x0
 *(.plt)
 *(.iplt)
 .iplt          0x08049000        0x0 test.o

.plt.got
 *(.plt.got)

.plt.sec
 *(.plt.sec)

.text           0xb0800000    0x104ab
 *(.text.unlikely .text.*_unlikely .text.unlikely.*)
 *(.text.exit .text.exit.*)
 *(.text.startup .text.startup.*)
 *(.text.hot .text.hot.*)
 *(SORT_BY_NAME(.text.sorted.*))
 *(.text .stub .text.* .gnu.linkonce.t.*)
 .text          0xb0800000       0x3e test.o
                0xb0800000                main
 *fill*         0xb080003e        0x2 
 .text          0xb0800040       0x15 start.o
                0xb0800040                _start
 .text          0xb0800055     0x2de1 pegasus_crt.a(kernel_main_old.o)
                0xb0800055                stop_here
                0xb0800099                catch_error
                0xb08000fe                intr_enable
                0xb0800127                intr_disable
                0xb0800150                intr_set_status
                0xb080016e                intr_get_status
                0xb080018b                Memcpy
                0xb08001be                untar
                0xb08004ce                num_to_string
                0xb0800574                disp_int
                0xb080059d                do_page_fault
                0xb08006da                exception_handler
                0xb08008c5                init_internal_interrupt
                0xb0800a3a                spurious_irq
                0xb0800ac8                init_keyboard
                0xb0800b0b                TestTTY
                0xb0800baa                TestReadReturnValue
                0xb0800c27                TestWriteReturnValue
                0xb0800cfb                TestFS2
                0xb0800d09                TestFS
                0xb08011ab                wait_exit
                0xb08012a9                INIT_fork
                0xb080159c                simple_shell
                0xb0801723                test_shell
                0xb080178b                test_exec
                0xb080187e                INIT
                0xb080188b                TestA
                0xb08018c0                delay
                0xb0801904                TestB
                0xb080191c                TestC
                0xb080194f                sys_get_ticks
                0xb080195f                sys_write
                0xb08019b3                milli_delay
                0xb08019ef                TaskSys
                0xb08019f4                Printf
                0xb0801ac6                sprintf
                0xb0801af2                vsprintf
                0xb0801c9e                printx
                0xb0801ce1                sys_printx
                0xb0801dad                spin
                0xb0801dd3                panic
                0xb0801df1                assertion_failure
                0xb0801e63                assertion_failure2
                0xb0801ed8                dead_lock
                0xb0801ee2                sys_send_msg
                0xb0802401                sys_receive_msg
                0xb0802a61                send_rec
                0xb0802b5c                block
                0xb0802b98                unblock
                0xb0802be8                get_ticks_ipc
                0xb0802c3f                itoa
                0xb0802c95                i2a
                0xb0802cfb                inform_int
                0xb0802dc7                deprecate_strcmp
 .text          0xb0802e36      0x3b3 pegasus_crt.a(protect.o)
                0xb0802e36                InitDescriptor
                0xb0802ea3                Seg2PhyAddr
                0xb0802ee4                Seg2PhyAddrLDT
                0xb0802f28                VirAddr2PhyAddr
                0xb0802f3e                v2l
                0xb0802f81                init_propt
                0xb0803102                InitInterruptDesc
                0xb080315e                ReloadGDT
 .text          0xb08031e9      0xaca pegasus_crt.a(console.o)
                0xb08031e9                select_console
                0xb0803225                flush
                0xb080325e                set_cursor
                0xb08032bc                set_console_start_video_addr
                0xb080331a                put_key
                0xb0803386                scroll_up
                0xb08033c8                scroll_down
                0xb0803433                out_char
                0xb08035f0                tty_dev_read
                0xb080361a                tty_dev_write
                0xb0803847                tty_do_read
                0xb080390f                tty_do_write
                0xb0803a72                init_screen
                0xb0803afb                init_tty
                0xb0803bb0                TaskTTY
 .text          0xb0803cb3      0x2b7 pegasus_crt.a(process.o)
                0xb0803cb3                schedule_process
                0xb0803e79                clock_handler
                0xb0803eef                pid2proc
                0xb0803f53                proc2pid
 .text          0xb0803f6a      0x40f pegasus_crt.a(keyboard.o)
                0xb0803f6a                keyboard_handler
                0xb0803fee                read_from_keyboard_buf
                0xb0804054                keyboard_read
                0xb08041d3                init_keyboard_handler
                0xb08041e7                in_process
 .text          0xb0804379     0x111f pegasus_crt.a(mem.o)
                0xb0804379                init_bitmap
                0xb080439c                test_bit_val
                0xb0804405                set_bit_val
                0xb0804480                set_bits
                0xb08044ba                get_first_free_bit
                0xb08044fe                get_bits
                0xb08045c6                get_a_page
                0xb080467a                get_virtual_address_start_with_addr
                0xb0804714                get_virtual_address
                0xb08047a4                ptr_pde
                0xb08047b7                ptr_pte
                0xb08047de                add_map_entry
                0xb080486f                alloc_virtual_memory
                0xb0804942                get_physical_address_proc
                0xb08049be                get_physical_address
                0xb08049f0                alloc_physical_memory_of_proc
                0xb0804adf                alloc_physical_memory
                0xb0804ba7                alloc_memory
                0xb0804c09                get_a_virtual_page
                0xb0804c41                block2arena
                0xb0804c57                sys_malloc2
                0xb0804f84                remove_map_entry
                0xb0804fa5                free_a_page
                0xb080504c                sys_free2
                0xb0805052                init_memory_block_desc
                0xb0805123                init_memory2
                0xb0805358                init_memory
 .text          0xb0805498      0x285 pegasus_crt.a(exec.o)
                0xb0805498                exec
                0xb0805509                execv
                0xb08056f8                execl
 .text          0xb080571d       0x2f pegasus_crt.a(exit.o)
                0xb080571d                exit
 .text          0xb080574c       0x44 pegasus_crt.a(wait.o)
                0xb080574c                wait
 .text          0xb0805790       0x48 pegasus_crt.a(fork.o)
                0xb0805790                fork
 .text          0xb08057d8      0x181 pegasus_crt.a(read.o)
                0xb08057d8                read
 .text          0xb0805959       0x95 pegasus_crt.a(open.o)
                0xb0805959                open
 .text          0xb08059ee       0x85 pegasus_crt.a(write.o)
                0xb08059ee                write
 .text          0xb0805a73       0x52 pegasus_crt.a(close.o)
                0xb0805a73                close
 *fill*         0xb0805ac5        0xb 
 .text          0xb0805ad0      0x3d5 pegasus_crt.a(kernel.o)
                0xb0805ad0                InterruptTest
                0xb0805adc                disp_str_len
                0xb0805b29                disp_str
                0xb0805b64                disp_str_colour
                0xb0805ba0                divide_zero_fault
                0xb0805ba6                single_step_fault
                0xb0805bac                non_maskable_interrupt
                0xb0805bb2                breakpoint_trap
                0xb0805bb8                overflow_trap
                0xb0805bbe                bound_range_exceeded_fault
                0xb0805bc4                invalid_opcode_fault
                0xb0805bca                coprocessor_not_available_fault
                0xb0805bd0                double_fault_exception_abort
                0xb0805bd4                coprocessor_segment_overrun
                0xb0805bda                invalid_task_state_segment_fault
                0xb0805bde                segment_not_present_fault
                0xb0805be2                stack_exception_fault
                0xb0805be6                general_protection_exception_fault
                0xb0805bf1                page_fault
                0xb0805bf5                coprocessor_error_fault
                0xb0805bfb                align_check_fault
                0xb0805bff                simd_float_exception_fault
                0xb0805c0e                hwint0
                0xb0805c3e                hwint1
                0xb0805c81                hwint14
                0xb0805cc7                hwint10
                0xb0805d0a                sys_call
                0xb0805d50                fork_restart
                0xb0805d5f                restart
                0xb0805d82                in_byte
                0xb0805d8e                out_byte
                0xb0805db0                disable_int
                0xb0805db2                enable_int
                0xb0805e48                enable_8259A_casecade_irq
                0xb0805e52                disable_8259A_casecade_irq
                0xb0805e5c                enable_8259A_slave_winchester_irq
                0xb0805e66                disable_8259A_slave_winchester_irq
                0xb0805e70                update_cr3
                0xb0805e7d                update_tss
                0xb0805e8c                get_running_thread_pcb
                0xb0805e92                sys_call_test
                0xb0805e95                enable_8259A_slave_net_irq
 *fill*         0xb0805ea5        0xb 
 .text          0xb0805eb0       0x15 pegasus_crt.a(switch_to.o)
                0xb0805eb0                switch_to
 *fill*         0xb0805ec5        0xb 
 .text          0xb0805ed0       0x6a pegasus_crt.a(syscall.o)
                0xb0805ed0                write_debug
                0xb0805ee0                send_msg
                0xb0805ef6                receive_msg
                0xb0805f0c                sys_malloc
                0xb0805f21                sys_free
 .text          0xb0805f3a      0x2ee pegasus_crt.a(double_link_list.o)
                0xb0805f3a                initDoubleLinkList
                0xb0805f8a                isListEmpty
                0xb0805fb8                findElementInList
                0xb080604f                appendToDoubleLinkList
                0xb0806115                insertToDoubleLinkList
                0xb0806199                popFromDoubleLinkList
 .text          0xb0806228        0x0 pegasus_crt.a(global.o)
 .text          0xb0806228      0x8b8 pegasus_crt.a(netdev.o)
                0xb08063ad                netdev_init
                0xb08063f4                netdev_transmit
                0xb080653f                interrupt_wait2
                0xb080658f                netdev_rx_loop
                0xb08066ca                netdev_get
                0xb0806705                free_netdev
                0xb0806730                local_ipaddress
                0xb080676d                receive_msg_from_nic
                0xb080699e                receive_msg_from_nic2
                0xb0806aca                net_handler
 .text          0xb0806ae0       0x9e pegasus_crt.a(task_network.o)
                0xb0806ae0                task_network
                0xb0806b60                task_netdev_rx
 .text          0xb0806b7e      0x295 pegasus_crt.a(route.o)
                0xb0806cab                route_add
                0xb0806cf0                route_init
                0xb0806d77                route_lookup
                0xb0806dc2                free_routes
 .text          0xb0806e13      0xe60 pegasus_crt.a(hd.o)
                0xb0806e13                TaskHD
                0xb0806e58                init_hd
                0xb0806e72                hd_handle
                0xb0806f77                hd_cmd_out
                0xb0807079                hd_identify
                0xb0807130                print_hdinfo
                0xb08072be                print_dpt_entry
                0xb080732a                get_partition_table
                0xb0807409                partition
                0xb0807623                hd_open
                0xb08076ca                get_hd_ioctl
                0xb080777b                wait_for
                0xb08077ac                interrupt_wait
                0xb08077fc                hd_rdwt
                0xb0807a9b                hd_handler
                0xb0807acc                debug_ticks
                0xb0807b0a                waitfor
                0xb0807b4e                print_hd_info
                0xb0807c3b                is_empty
 .text          0xb0807c73     0x2069 pegasus_crt.a(fs_main.o)
                0xb0807c73                task_fs
                0xb0807e7e                rd_wt
                0xb0807f57                mkfs
                0xb0808539                init_fs
                0xb080858d                do_open
                0xb0808796                search_file
                0xb08088c8                strip_path
                0xb0808994                get_inode
                0xb0808b56                create_file
                0xb0808c61                alloc_imap_bit
                0xb0808d5e                alloc_smap_bit
                0xb0808eff                new_inode
                0xb080901d                new_dir_entry
                0xb0809229                do_unlink
                0xb0809705                do_rdwt
                0xb0809a90                sync_inode
                0xb0809be4                put_inode
                0xb0809c22                do_close
                0xb0809c74                get_super_block
 .text          0xb0809cdc      0x148 pegasus_crt.a(main.o)
                0xb0809cdc                TaskMM
                0xb0809e05                alloc_mem
 .text          0xb0809e24       0xa8 pegasus_crt.a(strcmp.o)
                0xb0809e24                strcmp
 .text          0xb0809ecc       0x17 pegasus_crt.a(perror.o)
                0xb0809ecc                perror
 .text          0xb0809ee3      0x2c1 pegasus_crt.a(sscanf.o)
                0xb0809ee3                sscanf
 .text          0xb080a1a4       0x38 pegasus_crt.a(ntohs.o)
                0xb080a1a4                ntohs
 .text          0xb080a1dc       0x38 pegasus_crt.a(htons.o)
                0xb080a1dc                htons
 .text          0xb080a214      0x295 pegasus_crt.a(inet_pton.o)
                0xb080a214                isValidIPv4
                0xb080a39e                inet_pton
 .text          0xb080a4a9       0x7c pegasus_crt.a(ntohl.o)
                0xb080a4a9                ntohl
 *fill*         0xb080a525        0xb 
 .text          0xb080a530      0x25e pegasus_crt.a(ne2000.o)
                0xb080a553                DriverInitialize
                0xb080a5dd                SetPageStart
                0xb080a605                DriverSend
                0xb080a67d                PCtoNIC
                0xb080a6eb                get_interrupt_status
                0xb080a701                set_interrupt_status
                0xb080a71a                get_curr_page
                0xb080a737                NICtoPC
 .text          0xb080a78e      0x2ed pegasus_crt.a(ip_input.o)
                0xb080a918                ip_rcv
 .text          0xb080aa7b      0x448 pegasus_crt.a(tcp.o)
                0xb080ac70                tcp_in
                0xb080ad24                tcp_checksum
                0xb080ad50                __tcp_set_state
                0xb080ad5f                tcp_generate_port
                0xb080ada8                tcp_generate_isn
                0xb080adb2                tcp_done
                0xb080addb                tcp_clear_timers
                0xb080adea                tcp_stop_retransmission_timer
                0xb080ae03                tcp_release_retransmission_timer
                0xb080ae1c                tcp_stop_delack_timer
                0xb080ae2f                tcp_release_delack_timer
                0xb080ae42                tcp_handle_fin_state
                0xb080aea7                tcp_enter_time_wait
 .text          0xb080aec3      0x70c pegasus_crt.a(arp.o)
                0xb080b090                arp_init
                0xb080b096                arp_rcv
                0xb080b265                arp_request
                0xb080b3cf                arp_reply
                0xb080b532                arp_get_hwaddr
                0xb080b57e                free_arp
 .text          0xb080b5cf      0xa1e pegasus_crt.a(tcp_sock.o)
                0xb080b885                tcp_established_or_syn_recvd_socks_enqueue
                0xb080b89c                tcp_established_or_syn_recvd_socks_remove
                0xb080b8ae                tcp_connecting_or_listening_socks_enqueue
                0xb080b8c5                tcp_connecting_or_listening_socks_remove
                0xb080b8d7                tcp_alloc_sock
                0xb080b9ed                tcp_free_sock
                0xb080ba66                tcp_init
                0xb080ba70                tcp_sock_init
                0xb080bb13                tcp_write
                0xb080bb54                tcp_read
                0xb080bc07                tcp_close
                0xb080bcc5                tcp_recv_notify
                0xb080bcf0                tcp_v4_connect
                0xb080bf40                tcp_lookup_sock
 .text          0xb080bfed      0x234 pegasus_crt.a(icmpv4.o)
                0xb080bffb                icmpv4_incoming
                0xb080c06f                icmpv4_reply
                0xb080c148                icmpv4_timestamp
 .text          0xb080c221      0x15b pegasus_crt.a(skbuff.o)
                0xb080c23a                alloc_skb
                0xb080c2cb                free_skb
                0xb080c2fe                skb_reserve
                0xb080c31a                skb_push
                0xb080c349                skb_head
                0xb080c354                skb_reset_header
 .text          0xb080c37c      0xb77 pegasus_crt.a(tcp_input.o)
                0xb080ca6b                tcp_process
                0xb080ce31                tcp_receive
 .text          0xb080cef3      0x3e0 pegasus_crt.a(udp.o)
                0xb080cffe                udp_generate_port
                0xb080d047                udp_checksum
                0xb080d115                udp_in
                0xb080d1a6                udp_data_dequeue
                0xb080d2ae                udp_data_enqueue
 .text          0xb080d2d3      0x54a pegasus_crt.a(tcp_data.o)
                0xb080d5be                tcp_data_dequeue
                0xb080d6eb                tcp_data_queue
 .text          0xb080d81d      0x1e7 pegasus_crt.a(utils.o)
                0xb080d81d                run_cmd
                0xb080d82a                print_err
                0xb080d841                parse_ipv4_string
                0xb080d8a0                ip_pton
                0xb080d8e8                sum_every_16bits
                0xb080d93f                checksum
                0xb080d980                tcp_udp_checksum
 .text          0xb080da04      0x24f pegasus_crt.a(forkexit.o)
                0xb080da04                do_fork
                0xb080da72                do_exit
                0xb080dafc                do_wait
                0xb080dbf9                cleanup
 .text          0xb080dc53      0x419 pegasus_crt.a(exec.o)
                0xb080dc53                do_exec
 .text          0xb080e06c       0x9c pegasus_crt.a(atoi.o)
                0xb080e06c                atoi
 .text          0xb080e108       0x85 pegasus_crt.a(strtok.o)
                0xb080e108                strtok
 .text          0xb080e18d       0x90 pegasus_crt.a(strpbrk.o)
                0xb080e18d                strpbrk
 .text          0xb080e21d       0x7c pegasus_crt.a(htonl.o)
                0xb080e21d                htonl
 .text          0xb080e299      0x730 pegasus_crt.a(my_process.o)
                0xb080e299                create_user_process_address_space
                0xb080e329                user_process
                0xb080e456                clone_pcb
                0xb080e5c8                build_body_stack
                0xb080e6fb                build_process_kernel_stack
                0xb080e7be                fork_process
                0xb080e84f                process_execute
 .text          0xb080e9c9      0x8c4 pegasus_crt.a(udp_sock.o)
                0xb080ebfe                udp_lookup_sock
                0xb080ec45                udp_init
                0xb080ec76                udp_close
                0xb080ec9c                udp_sock_init
                0xb080eca6                udp_recvfrom
                0xb080ed3f                udp_connect
                0xb080ee18                udp_write
                0xb080ee44                udp_alloc_skb
                0xb080ee8e                udp_sendto
                0xb080ef82                udp_send
                0xb080f0c0                udp_alloc_sock
                0xb080f101                udp_free_sock
                0xb080f125                udp_read
 .text          0xb080f28d      0x1d3 pegasus_crt.a(ip_output.o)
                0xb080f29b                ip_output
 .text          0xb080f460      0x203 pegasus_crt.a(sock.o)
                0xb080f592                sk_alloc
                0xb080f5b9                sk_init
                0xb080f60d                sk_init_with_socket
                0xb080f636                sk_free
 .text          0xb080f663      0xbbe pegasus_crt.a(tcp_output.o)
                0xb080fb29                tcp_send_synack
                0xb080fbcc                tcp_send_delack
                0xb080fc07                tcp_send_ack
                0xb080fd53                tcp_send_fin
                0xb080fdc8                tcp_select_initial_window
                0xb080ff7a                tcp_reset_retransmission_timer
                0xb080ff97                tcp_begin_connect
                0xb0810041                tcp_send
                0xb0810126                tcp_send_reset
                0xb08101a6                tcp_queue_fin
 .text          0xb0810221      0x1b2 pegasus_crt.a(thread.o)
                0xb0810221                kernel_thread
                0xb0810239                thread_init
                0xb08102e6                thread_create
                0xb081031b                thread_start
 .text          0xb08103d3       0xd8 pegasus_crt.a(dst.o)
                0xb08103e1                dst_neigh_output
 *(.gnu.warning)

.fini
 *(SORT_NONE(.fini))
                [!provide]                        PROVIDE (__etext = .)
                [!provide]                        PROVIDE (_etext = .)
                [!provide]                        PROVIDE (etext = .)
                0xb0811000                        . = ALIGN (CONSTANT (MAXPAGESIZE))
                0xb0811000                        . = SEGMENT_START ("rodata-segment", (ALIGN (CONSTANT (MAXPAGESIZE)) + (. & (CONSTANT (MAXPAGESIZE) - 0x1))))

.rodata         0xb0811000     0x17a0
 *(.rodata .rodata.* .gnu.linkonce.r.*)
 .rodata        0xb0811000       0x10 test.o
 *fill*         0xb0811010       0x10 
 .rodata        0xb0811020      0xb61 pegasus_crt.a(kernel_main_old.o)
 .rodata        0xb0811b81       0x22 pegasus_crt.a(console.o)
 *fill*         0xb0811ba3        0x1 
 .rodata        0xb0811ba4       0x4c pegasus_crt.a(process.o)
 .rodata        0xb0811bf0       0x5a pegasus_crt.a(mem.o)
 .rodata        0xb0811c4a       0x2d pegasus_crt.a(exec.o)
 .rodata        0xb0811c77       0x2a pegasus_crt.a(close.o)
 .rodata        0xb0811ca1       0x3c pegasus_crt.a(double_link_list.o)
 *fill*         0xb0811cdd        0x3 
 .rodata        0xb0811ce0      0x1b1 pegasus_crt.a(netdev.o)
 *fill*         0xb0811e91        0x3 
 .rodata        0xb0811e94       0x3d pegasus_crt.a(task_network.o)
 *fill*         0xb0811ed1        0x3 
 .rodata        0xb0811ed4       0x37 pegasus_crt.a(route.o)
 *fill*         0xb0811f0b        0x1 
 .rodata        0xb0811f0c      0x19c pegasus_crt.a(hd.o)
 .rodata        0xb08120a8      0x1fb pegasus_crt.a(fs_main.o)
                0xb08120a8                FSBUF_SIZE
 .rodata        0xb08122a3       0x11 pegasus_crt.a(main.o)
 .rodata        0xb08122b4        0x3 pegasus_crt.a(inet_pton.o)
 *fill*         0xb08122b7        0x1 
 .rodata        0xb08122b8       0xbd pegasus_crt.a(ip_input.o)
 *fill*         0xb0812375        0x3 
 .rodata        0xb0812378       0x31 pegasus_crt.a(tcp.o)
 *fill*         0xb08123a9        0x3 
 .rodata        0xb08123ac       0xc7 pegasus_crt.a(arp.o)
 *fill*         0xb0812473        0x1 
 .rodata        0xb0812474       0xe8 pegasus_crt.a(tcp_sock.o)
 .rodata        0xb081255c       0x32 pegasus_crt.a(icmpv4.o)
 .rodata        0xb081258e        0x9 pegasus_crt.a(skbuff.o)
 *fill*         0xb0812597        0x1 
 .rodata        0xb0812598       0x60 pegasus_crt.a(tcp_input.o)
 .rodata        0xb08125f8        0x9 pegasus_crt.a(udp.o)
 .rodata        0xb0812601       0x1e pegasus_crt.a(tcp_data.o)
 *fill*         0xb081261f        0x1 
 .rodata        0xb0812620       0x41 pegasus_crt.a(utils.o)
 .rodata        0xb0812661       0x21 pegasus_crt.a(forkexit.o)
 .rodata        0xb0812682       0x10 pegasus_crt.a(exec.o)
 *fill*         0xb0812692        0x2 
 .rodata        0xb0812694       0x2d pegasus_crt.a(udp_sock.o)
 .rodata        0xb08126c1        0x9 pegasus_crt.a(ip_output.o)
 .rodata        0xb08126ca        0x9 pegasus_crt.a(sock.o)
 *fill*         0xb08126d3        0x1 
 .rodata        0xb08126d4       0xc3 pegasus_crt.a(tcp_output.o)
 .rodata        0xb0812797        0x9 pegasus_crt.a(dst.o)

.txt            0xb08127a0       0xaa
 .txt           0xb08127a0       0x82 pegasus_crt.a(string.o)
                0xb08127a0                Memcpy2
                0xb08127ce                Memset
                0xb08127ed                Strcpy
                0xb0812807                Strlen
 .txt           0xb0812822       0x28 pegasus_crt.a(hd_rdwt.o)
                0xb0812822                read_port
                0xb0812836                write_port

.rodata1
 *(.rodata1)

.eh_frame_hdr
 *(.eh_frame_hdr)
 *(.eh_frame_entry .eh_frame_entry.*)

.eh_frame       0xb081284c     0x3980
 *(.eh_frame)
 .eh_frame      0xb081284c       0x44 test.o
 .eh_frame      0xb0812890      0x6cc pegasus_crt.a(kernel_main_old.o)
                                0x6e4 (size before relaxing)
 .eh_frame      0xb0812f5c      0x100 pegasus_crt.a(protect.o)
                                0x118 (size before relaxing)
 .eh_frame      0xb081305c      0x1e0 pegasus_crt.a(console.o)
                                0x1f8 (size before relaxing)
 .eh_frame      0xb081323c       0x80 pegasus_crt.a(process.o)
                                 0x98 (size before relaxing)
 .eh_frame      0xb08132bc       0xa0 pegasus_crt.a(keyboard.o)
                                 0xb8 (size before relaxing)
 .eh_frame      0xb081335c      0x364 pegasus_crt.a(mem.o)
                                0x37c (size before relaxing)
 .eh_frame      0xb08136c0       0x60 pegasus_crt.a(exec.o)
                                 0x78 (size before relaxing)
 .eh_frame      0xb0813720       0x20 pegasus_crt.a(exit.o)
                                 0x38 (size before relaxing)
 .eh_frame      0xb0813740       0x20 pegasus_crt.a(wait.o)
                                 0x38 (size before relaxing)
 .eh_frame      0xb0813760       0x20 pegasus_crt.a(fork.o)
                                 0x38 (size before relaxing)
 .eh_frame      0xb0813780       0x20 pegasus_crt.a(read.o)
                                 0x38 (size before relaxing)
 .eh_frame      0xb08137a0       0x20 pegasus_crt.a(open.o)
                                 0x38 (size before relaxing)
 .eh_frame      0xb08137c0       0x20 pegasus_crt.a(write.o)
                                 0x38 (size before relaxing)
 .eh_frame      0xb08137e0       0x20 pegasus_crt.a(close.o)
                                 0x38 (size before relaxing)
 .eh_frame      0xb0813800       0xc0 pegasus_crt.a(double_link_list.o)
                                 0xd8 (size before relaxing)
 .eh_frame      0xb08138c0      0x214 pegasus_crt.a(netdev.o)
                                0x22c (size before relaxing)
 .eh_frame      0xb0813ad4       0x3c pegasus_crt.a(task_network.o)
                                 0x54 (size before relaxing)
 .eh_frame      0xb0813b10      0x124 pegasus_crt.a(route.o)
                                0x13c (size before relaxing)
 .eh_frame      0xb0813c34      0x264 pegasus_crt.a(hd.o)
                                0x27c (size before relaxing)
 .eh_frame      0xb0813e98      0x27c pegasus_crt.a(fs_main.o)
                                0x294 (size before relaxing)
 .eh_frame      0xb0814114       0x3c pegasus_crt.a(main.o)
                                 0x54 (size before relaxing)
 .eh_frame      0xb0814150       0x20 pegasus_crt.a(strcmp.o)
                                 0x38 (size before relaxing)
 .eh_frame      0xb0814170       0x20 pegasus_crt.a(perror.o)
                                 0x38 (size before relaxing)
 .eh_frame      0xb0814190       0x20 pegasus_crt.a(sscanf.o)
                                 0x38 (size before relaxing)
 .eh_frame      0xb08141b0       0x20 pegasus_crt.a(ntohs.o)
                                 0x38 (size before relaxing)
 .eh_frame      0xb08141d0       0x20 pegasus_crt.a(htons.o)
                                 0x38 (size before relaxing)
 .eh_frame      0xb08141f0       0x40 pegasus_crt.a(inet_pton.o)
                                 0x58 (size before relaxing)
 .eh_frame      0xb0814230       0x20 pegasus_crt.a(ntohl.o)
                                 0x38 (size before relaxing)
 .eh_frame      0xb0814250      0x104 pegasus_crt.a(ip_input.o)
                                0x11c (size before relaxing)
 .eh_frame      0xb0814354      0x268 pegasus_crt.a(tcp.o)
                                0x280 (size before relaxing)
 .eh_frame      0xb08145bc      0x1c0 pegasus_crt.a(arp.o)
                                0x1d8 (size before relaxing)
 .eh_frame      0xb081477c      0x4c0 pegasus_crt.a(tcp_sock.o)
                                0x4d8 (size before relaxing)
 .eh_frame      0xb0814c3c       0x80 pegasus_crt.a(icmpv4.o)
                                 0x98 (size before relaxing)
 .eh_frame      0xb0814cbc       0xe0 pegasus_crt.a(skbuff.o)
                                 0xf8 (size before relaxing)
 .eh_frame      0xb0814d9c      0x300 pegasus_crt.a(tcp_input.o)
                                0x318 (size before relaxing)
 .eh_frame      0xb081509c      0x1e4 pegasus_crt.a(udp.o)
                                0x1fc (size before relaxing)
 .eh_frame      0xb0815280      0x200 pegasus_crt.a(tcp_data.o)
                                0x218 (size before relaxing)
 .eh_frame      0xb0815480       0xe4 pegasus_crt.a(utils.o)
                                 0xfc (size before relaxing)
 .eh_frame      0xb0815564       0x80 pegasus_crt.a(forkexit.o)
                                 0x98 (size before relaxing)
 .eh_frame      0xb08155e4       0x20 pegasus_crt.a(exec.o)
                                 0x38 (size before relaxing)
 .eh_frame      0xb0815604       0x20 pegasus_crt.a(atoi.o)
                                 0x38 (size before relaxing)
 .eh_frame      0xb0815624       0x20 pegasus_crt.a(strtok.o)
                                 0x38 (size before relaxing)
 .eh_frame      0xb0815644       0x20 pegasus_crt.a(strpbrk.o)
                                 0x38 (size before relaxing)
 .eh_frame      0xb0815664       0x20 pegasus_crt.a(htonl.o)
                                 0x38 (size before relaxing)
 .eh_frame      0xb0815684       0xe0 pegasus_crt.a(my_process.o)
                                 0xf8 (size before relaxing)
 .eh_frame      0xb0815764      0x404 pegasus_crt.a(udp_sock.o)
                                0x41c (size before relaxing)
 .eh_frame      0xb0815b68       0x40 pegasus_crt.a(ip_output.o)
                                 0x58 (size before relaxing)
 .eh_frame      0xb0815ba8      0x1a0 pegasus_crt.a(sock.o)
                                0x1b8 (size before relaxing)
 .eh_frame      0xb0815d48      0x3c4 pegasus_crt.a(tcp_output.o)
                                0x3dc (size before relaxing)
 .eh_frame      0xb081610c       0x80 pegasus_crt.a(thread.o)
                                 0x98 (size before relaxing)
 .eh_frame      0xb081618c       0x40 pegasus_crt.a(dst.o)
                                 0x58 (size before relaxing)
 *(.eh_frame.*)

.sframe
 *(.sframe)
 *(.sframe.*)

.gcc_except_table
 *(.gcc_except_table .gcc_except_table.*)

.gnu_extab
 *(.gnu_extab*)

.exception_ranges
 *(.exception_ranges*)
                0xb0817000                        . = DATA_SEGMENT_ALIGN (CONSTANT (MAXPAGESIZE), CONSTANT (COMMONPAGESIZE))

.eh_frame
 *(.eh_frame)
 *(.eh_frame.*)

.sframe
 *(.sframe)
 *(.sframe.*)

.gnu_extab
 *(.gnu_extab)

.gcc_except_table
 *(.gcc_except_table .gcc_except_table.*)

.exception_ranges
 *(.exception_ranges*)

.tdata          0xb0817000        0x0
                [!provide]                        PROVIDE (__tdata_start = .)
 *(.tdata .tdata.* .gnu.linkonce.td.*)

.tbss
 *(.tbss .tbss.* .gnu.linkonce.tb.*)
 *(.tcommon)

.preinit_array  0xb0817000        0x0
                [!provide]                        PROVIDE (__preinit_array_start = .)
 *(.preinit_array)
                [!provide]                        PROVIDE (__preinit_array_end = .)

.init_array     0xb0817000        0x0
                [!provide]                        PROVIDE (__init_array_start = .)
 *(SORT_BY_INIT_PRIORITY(.init_array.*) SORT_BY_INIT_PRIORITY(.ctors.*))
 *(.init_array EXCLUDE_FILE(*crtend?.o *crtend.o *crtbegin?.o *crtbegin.o) .ctors)
                [!provide]                        PROVIDE (__init_array_end = .)

.fini_array     0xb0817000        0x0
                [!provide]                        PROVIDE (__fini_array_start = .)
 *(SORT_BY_INIT_PRIORITY(.fini_array.*) SORT_BY_INIT_PRIORITY(.dtors.*))
 *(.fini_array EXCLUDE_FILE(*crtend?.o *crtend.o *crtbegin?.o *crtbegin.o) .dtors)
                [!provide]                        PROVIDE (__fini_array_end = .)

.ctors
 *crtbegin.o(.ctors)
 *crtbegin?.o(.ctors)
 *(EXCLUDE_FILE(*crtend?.o *crtend.o) .ctors)
 *(SORT_BY_NAME(.ctors.*))
 *(.ctors)

.dtors
 *crtbegin.o(.dtors)
 *crtbegin?.o(.dtors)
 *(EXCLUDE_FILE(*crtend?.o *crtend.o) .dtors)
 *(SORT_BY_NAME(.dtors.*))
 *(.dtors)

.jcr
 *(.jcr)

.data.rel.ro
 *(.data.rel.ro.local* .gnu.linkonce.d.rel.ro.local.*)
 *(.data.rel.ro .data.rel.ro.* .gnu.linkonce.d.rel.ro.*)

.dynamic
 *(.dynamic)

.got            0xb0817000        0x0
 *(.got)
 .got           0xb0817000        0x0 test.o
 *(.igot)
                0xb0817000                        . = DATA_SEGMENT_RELRO_END (., (SIZEOF (.got.plt) >= 0xc)?0xc:0x0)

.got.plt        0xb0817000        0x0
 *(.got.plt)
 .got.plt       0xb0817000        0x0 test.o
 *(.igot.plt)
 .igot.plt      0xb0817000        0x0 test.o

.data           0xb0817000      0x8a4
 *(.data .data.* .gnu.linkonce.d.*)
 .data          0xb0817000        0x0 test.o
 .data          0xb0817000        0x0 pegasus_crt.a(kernel_main_old.o)
 .data          0xb0817000        0x0 pegasus_crt.a(protect.o)
 .data          0xb0817000        0x0 pegasus_crt.a(console.o)
 .data          0xb0817000        0x0 pegasus_crt.a(process.o)
 .data          0xb0817000      0x600 pegasus_crt.a(keyboard.o)
                0xb0817000                keymap
 .data          0xb0817600        0x0 pegasus_crt.a(mem.o)
 .data          0xb0817600        0x0 pegasus_crt.a(exec.o)
 .data          0xb0817600        0x0 pegasus_crt.a(exit.o)
 .data          0xb0817600        0x0 pegasus_crt.a(wait.o)
 .data          0xb0817600        0x0 pegasus_crt.a(fork.o)
 .data          0xb0817600        0x0 pegasus_crt.a(read.o)
 .data          0xb0817600        0x0 pegasus_crt.a(open.o)
 .data          0xb0817600        0x0 pegasus_crt.a(write.o)
 .data          0xb0817600        0x0 pegasus_crt.a(close.o)
 .data          0xb0817600        0xf pegasus_crt.a(kernel.o)
 *fill*         0xb081760f        0x1 
 .data          0xb0817610        0x0 pegasus_crt.a(syscall.o)
 .data          0xb0817610        0x0 pegasus_crt.a(double_link_list.o)
 *fill*         0xb0817610       0x10 
 .data          0xb0817620      0x160 pegasus_crt.a(global.o)
                0xb0817620                user_task_table
                0xb08176a0                sys_task_table
                0xb0817764                sys_call_table
 .data          0xb0817780        0x4 pegasus_crt.a(netdev.o)
 .data          0xb0817784        0x0 pegasus_crt.a(task_network.o)
 .data          0xb0817784        0xc pegasus_crt.a(route.o)
 .data          0xb0817790        0x0 pegasus_crt.a(hd.o)
 .data          0xb0817790        0x0 pegasus_crt.a(fs_main.o)
 .data          0xb0817790        0x0 pegasus_crt.a(main.o)
 .data          0xb0817790        0x0 pegasus_crt.a(strcmp.o)
 .data          0xb0817790        0x0 pegasus_crt.a(perror.o)
 .data          0xb0817790        0x0 pegasus_crt.a(sscanf.o)
 .data          0xb0817790        0x0 pegasus_crt.a(ntohs.o)
 .data          0xb0817790        0x0 pegasus_crt.a(htons.o)
 .data          0xb0817790        0x0 pegasus_crt.a(inet_pton.o)
 .data          0xb0817790        0x0 pegasus_crt.a(ntohl.o)
 .data          0xb0817790        0x4 pegasus_crt.a(ip_input.o)
 .data          0xb0817794        0x8 pegasus_crt.a(tcp.o)
 .data          0xb081779c       0x14 pegasus_crt.a(arp.o)
 *fill*         0xb08177b0       0x10 
 .data          0xb08177c0       0x54 pegasus_crt.a(tcp_sock.o)
                0xb08177e0                tcp_ops
 .data          0xb0817814        0x4 pegasus_crt.a(icmpv4.o)
 .data          0xb0817818        0x4 pegasus_crt.a(skbuff.o)
 .data          0xb081781c        0x4 pegasus_crt.a(tcp_input.o)
 .data          0xb0817820        0x8 pegasus_crt.a(udp.o)
 .data          0xb0817828        0x4 pegasus_crt.a(tcp_data.o)
 .data          0xb081782c        0x4 pegasus_crt.a(utils.o)
 .data          0xb0817830        0x0 pegasus_crt.a(forkexit.o)
 .data          0xb0817830        0x0 pegasus_crt.a(exec.o)
 .data          0xb0817830        0x0 pegasus_crt.a(atoi.o)
 .data          0xb0817830        0x0 pegasus_crt.a(strtok.o)
 .data          0xb0817830        0x0 pegasus_crt.a(strpbrk.o)
 .data          0xb0817830        0x0 pegasus_crt.a(htonl.o)
 .data          0xb0817830        0x0 pegasus_crt.a(my_process.o)
 *fill*         0xb0817830       0x10 
 .data          0xb0817840       0x54 pegasus_crt.a(udp_sock.o)
                0xb0817860                udp_ops
 .data          0xb0817894        0x4 pegasus_crt.a(ip_output.o)
 .data          0xb0817898        0x4 pegasus_crt.a(sock.o)
 .data          0xb081789c        0x4 pegasus_crt.a(tcp_output.o)
 .data          0xb08178a0        0x0 pegasus_crt.a(thread.o)
 .data          0xb08178a0        0x4 pegasus_crt.a(dst.o)

.data1
 *(.data1)
                0xb08178a4                        _edata = .
                [!provide]                        PROVIDE (edata = .)
                0xb08178a4                        . = .
                0xb08178a4                        __bss_start = .

.bss            0xb08178c0    0x94e28
 *(.dynbss)
 *(.bss .bss.* .gnu.linkonce.b.*)
 .bss           0xb08178c0        0x0 test.o
 .bss           0xb08178c0        0x0 pegasus_crt.a(kernel_main_old.o)
 .bss           0xb08178c0        0x0 pegasus_crt.a(protect.o)
 .bss           0xb08178c0        0x0 pegasus_crt.a(console.o)
 .bss           0xb08178c0        0x0 pegasus_crt.a(process.o)
 .bss           0xb08178c0        0x0 pegasus_crt.a(keyboard.o)
 .bss           0xb08178c0        0x0 pegasus_crt.a(mem.o)
 .bss           0xb08178c0        0x0 pegasus_crt.a(exec.o)
 .bss           0xb08178c0        0x0 pegasus_crt.a(exit.o)
 .bss           0xb08178c0        0x0 pegasus_crt.a(wait.o)
 .bss           0xb08178c0        0x0 pegasus_crt.a(fork.o)
 .bss           0xb08178c0        0x0 pegasus_crt.a(read.o)
 .bss           0xb08178c0        0x0 pegasus_crt.a(open.o)
 .bss           0xb08178c0        0x0 pegasus_crt.a(write.o)
 .bss           0xb08178c0        0x0 pegasus_crt.a(close.o)
 .bss           0xb08178c0      0x800 pegasus_crt.a(kernel.o)
 .bss           0xb08180c0        0x0 pegasus_crt.a(double_link_list.o)
 .bss           0xb08180c0        0x0 pegasus_crt.a(global.o)
 .bss           0xb08180c0        0x0 pegasus_crt.a(netdev.o)
 .bss           0xb08180c0        0x0 pegasus_crt.a(task_network.o)
 .bss           0xb08180c0        0x0 pegasus_crt.a(route.o)
 .bss           0xb08180c0        0x0 pegasus_crt.a(hd.o)
 .bss           0xb08180c0        0x4 pegasus_crt.a(fs_main.o)
                0xb08180c0                c
 .bss           0xb08180c4        0x0 pegasus_crt.a(main.o)
 .bss           0xb08180c4        0x0 pegasus_crt.a(strcmp.o)
 .bss           0xb08180c4        0x0 pegasus_crt.a(perror.o)
 .bss           0xb08180c4        0x0 pegasus_crt.a(sscanf.o)
 .bss           0xb08180c4        0x0 pegasus_crt.a(ntohs.o)
 .bss           0xb08180c4        0x0 pegasus_crt.a(htons.o)
 .bss           0xb08180c4        0x0 pegasus_crt.a(inet_pton.o)
 .bss           0xb08180c4        0x0 pegasus_crt.a(ntohl.o)
 .bss           0xb08180c4        0x0 pegasus_crt.a(ip_input.o)
 .bss           0xb08180c4        0x0 pegasus_crt.a(tcp.o)
 .bss           0xb08180c4        0x0 pegasus_crt.a(arp.o)
 .bss           0xb08180c4        0x0 pegasus_crt.a(tcp_sock.o)
 .bss           0xb08180c4        0x0 pegasus_crt.a(icmpv4.o)
 .bss           0xb08180c4        0x0 pegasus_crt.a(skbuff.o)
 .bss           0xb08180c4        0x0 pegasus_crt.a(tcp_input.o)
 .bss           0xb08180c4        0x0 pegasus_crt.a(udp.o)
 .bss           0xb08180c4        0x0 pegasus_crt.a(tcp_data.o)
 .bss           0xb08180c4        0x0 pegasus_crt.a(utils.o)
 .bss           0xb08180c4        0x0 pegasus_crt.a(forkexit.o)
 .bss           0xb08180c4        0x0 pegasus_crt.a(exec.o)
 .bss           0xb08180c4        0x0 pegasus_crt.a(atoi.o)
 .bss           0xb08180c4        0x4 pegasus_crt.a(strtok.o)
 .bss           0xb08180c8        0x0 pegasus_crt.a(strpbrk.o)
 .bss           0xb08180c8        0x0 pegasus_crt.a(htonl.o)
 .bss           0xb08180c8        0x0 pegasus_crt.a(my_process.o)
 .bss           0xb08180c8        0x4 pegasus_crt.a(udp_sock.o)
 .bss           0xb08180cc        0x0 pegasus_crt.a(ip_output.o)
 .bss           0xb08180cc        0x0 pegasus_crt.a(sock.o)
 .bss           0xb08180cc        0x0 pegasus_crt.a(tcp_output.o)
 .bss           0xb08180cc        0x0 pegasus_crt.a(thread.o)
 .bss           0xb08180cc        0x0 pegasus_crt.a(dst.o)
 *(COMMON)
 *fill*         0xb08180cc       0x14 
 COMMON         0xb08180e0     0x17b8 pegasus_crt.a(kernel_main_old.o)
                0xb08180e0                current_tty
                0xb08180e4                is_e0
                0xb08180e8                idt_ptr
                0xb08180f0                pid
                0xb08180f4                KernelVirtualMemory
                0xb0818100                current_dis_pos
                0xb0818104                dis_pos
                0xb0818108                k_reenter
                0xb0818120                gdt
                0xb0818520                proc_ready_table
                0xb0818524                test_ticks
                0xb0818528                pcaller
                0xb0818540                keyboard_buffer
                0xb081874c                pcb_list
                0xb081875c                gdt_index
                0xb0818760                tty_table
                0xb0818fa0                tss
                0xb081900c                KernelPool
                0xb081901c                net_buf
                0xb0819020                nic_current_page
                0xb0819024                counter
                0xb0819028                key_pressed
                0xb081902c                fork_pid
                0xb0819030                is_shift
                0xb0819031                net_data
                0xb0819034                gdt_ptr
                0xb0819040                idt
                0xb0819840                main_thread
                0xb0819848                ticks
                0xb0819850                is_init
                0xb0819854                UserPool
                0xb0819864                all_pcb_list
                0xb0819874                console_table
                0xb0819884                is_disp
                0xb0819888                MAIN_THREAD_PAGE_DIRECTORY
                0xb081988c                helloStr
 *fill*         0xb0819898        0x8 
 COMMON         0xb08198a0       0xa8 pegasus_crt.a(mem.o)
                0xb08198a0                kernel_mem_block_decs_array
 *fill*         0xb0819948       0x18 
 COMMON         0xb0819960    0x91ad0 pegasus_crt.a(global.o)
                0xb0819960                proc_stack
                0xb08a9960                proc_table
 COMMON         0xb08ab430        0x8 pegasus_crt.a(netdev.o)
                0xb08ab430                loop
                0xb08ab434                netdev
 *fill*         0xb08ab438        0x8 
 COMMON         0xb08ab440      0x440 pegasus_crt.a(hd.o)
                0xb08ab440                hd_info
                0xb08ab680                hd_cache
 COMMON         0xb08ab880      0xe68 pegasus_crt.a(fs_main.o)
                0xb08ab880                file_desc_table
                0xb08abc80                phy_super_block_buf
                0xb08abc84                phy_fsbuf
                0xb08abca0                inode_table
                0xb08ac6a0                super_block_buf
                0xb08ac6a4                fsbuf
                0xb08ac6c0                root
                0xb08ac6e8                        . = ALIGN ((. != 0x0)?0x4:0x1)
                0xb08ac6e8                        . = ALIGN (0x4)
                0xb08ac6e8                        . = SEGMENT_START ("ldata-segment", .)
                0xb08ac6e8                        . = ALIGN (0x4)
                0xb08ac6e8                        _end = .
                [!provide]                        PROVIDE (end = .)
                0xb08ac6e8                        . = DATA_SEGMENT_END (.)

.stab
 *(.stab)

.stabstr
 *(.stabstr)

.stab.excl
 *(.stab.excl)

.stab.exclstr
 *(.stab.exclstr)

.stab.index
 *(.stab.index)

.stab.indexstr
 *(.stab.indexstr)

.comment        0x00000000       0x2c
 *(.comment)
 .comment       0x00000000       0x2c test.o
                                 0x2d (size before relaxing)
 .comment       0x0000002c       0x2d pegasus_crt.a(kernel_main_old.o)
 .comment       0x0000002c       0x2d pegasus_crt.a(protect.o)
 .comment       0x0000002c       0x2d pegasus_crt.a(console.o)
 .comment       0x0000002c       0x2d pegasus_crt.a(process.o)
 .comment       0x0000002c       0x2d pegasus_crt.a(keyboard.o)
 .comment       0x0000002c       0x2d pegasus_crt.a(mem.o)
 .comment       0x0000002c       0x2d pegasus_crt.a(exec.o)
 .comment       0x0000002c       0x2d pegasus_crt.a(exit.o)
 .comment       0x0000002c       0x2d pegasus_crt.a(wait.o)
 .comment       0x0000002c       0x2d pegasus_crt.a(fork.o)
 .comment       0x0000002c       0x2d pegasus_crt.a(read.o)
 .comment       0x0000002c       0x2d pegasus_crt.a(open.o)
 .comment       0x0000002c       0x2d pegasus_crt.a(write.o)
 .comment       0x0000002c       0x2d pegasus_crt.a(close.o)
 .comment       0x0000002c       0x2d pegasus_crt.a(double_link_list.o)
 .comment       0x0000002c       0x2d pegasus_crt.a(global.o)
 .comment       0x0000002c       0x2d pegasus_crt.a(netdev.o)
 .comment       0x0000002c       0x2d pegasus_crt.a(task_network.o)
 .comment       0x0000002c       0x2d pegasus_crt.a(route.o)
 .comment       0x0000002c       0x2d pegasus_crt.a(hd.o)
 .comment       0x0000002c       0x2d pegasus_crt.a(fs_main.o)
 .comment       0x0000002c       0x2d pegasus_crt.a(main.o)
 .comment       0x0000002c       0x2d pegasus_crt.a(strcmp.o)
 .comment       0x0000002c       0x2d pegasus_crt.a(perror.o)
 .comment       0x0000002c       0x2d pegasus_crt.a(sscanf.o)
 .comment       0x0000002c       0x2d pegasus_crt.a(ntohs.o)
 .comment       0x0000002c       0x2d pegasus_crt.a(htons.o)
 .comment       0x0000002c       0x2d pegasus_crt.a(inet_pton.o)
 .comment       0x0000002c       0x2d pegasus_crt.a(ntohl.o)
 .comment       0x0000002c       0x2d pegasus_crt.a(ip_input.o)
 .comment       0x0000002c       0x2d pegasus_crt.a(tcp.o)
 .comment       0x0000002c       0x2d pegasus_crt.a(arp.o)
 .comment       0x0000002c       0x2d pegasus_crt.a(tcp_sock.o)
 .comment       0x0000002c       0x2d pegasus_crt.a(icmpv4.o)
 .comment       0x0000002c       0x2d pegasus_crt.a(skbuff.o)
 .comment       0x0000002c       0x2d pegasus_crt.a(tcp_input.o)
 .comment       0x0000002c       0x2d pegasus_crt.a(udp.o)
 .comment       0x0000002c       0x2d pegasus_crt.a(tcp_data.o)
 .comment       0x0000002c       0x2d pegasus_crt.a(utils.o)
 .comment       0x0000002c       0x2d pegasus_crt.a(forkexit.o)
 .comment       0x0000002c       0x2d pegasus_crt.a(exec.o)
 .comment       0x0000002c       0x2d pegasus_crt.a(atoi.o)
 .comment       0x0000002c       0x2d pegasus_crt.a(strtok.o)
 .comment       0x0000002c       0x2d pegasus_crt.a(strpbrk.o)
 .comment       0x0000002c       0x2d pegasus_crt.a(htonl.o)
 .comment       0x0000002c       0x2d pegasus_crt.a(my_process.o)
 .comment       0x0000002c       0x2d pegasus_crt.a(udp_sock.o)
 .comment       0x0000002c       0x2d pegasus_crt.a(ip_output.o)
 .comment       0x0000002c       0x2d pegasus_crt.a(sock.o)
 .comment       0x0000002c       0x2d pegasus_crt.a(tcp_output.o)
 .comment       0x0000002c       0x2d pegasus_crt.a(thread.o)
 .comment       0x0000002c       0x2d pegasus_crt.a(dst.o)

.gnu.build.attributes
 *(.gnu.build.attributes .gnu.build.attributes.*)

.debug
 *(.debug)

.line
 *(.line)

.debug_srcinfo
 *(.debug_srcinfo)

.debug_sfnames
 *(.debug_sfnames)

.debug_aranges  0x00000000      0x678
 *(.debug_aranges)
 .debug_aranges
                0x00000000       0x20 pegasus_crt.a(kernel_main_old.o)
 .debug_aranges
                0x00000020       0x20 pegasus_crt.a(protect.o)
 .debug_aranges
                0x00000040       0x20 pegasus_crt.a(console.o)
 .debug_aranges
                0x00000060       0x20 pegasus_crt.a(process.o)
 .debug_aranges
                0x00000080       0x20 pegasus_crt.a(keyboard.o)
 .debug_aranges
                0x000000a0       0x20 pegasus_crt.a(mem.o)
 .debug_aranges
                0x000000c0       0x20 pegasus_crt.a(exec.o)
 .debug_aranges
                0x000000e0       0x20 pegasus_crt.a(exit.o)
 .debug_aranges
                0x00000100       0x20 pegasus_crt.a(wait.o)
 .debug_aranges
                0x00000120       0x20 pegasus_crt.a(fork.o)
 .debug_aranges
                0x00000140       0x20 pegasus_crt.a(read.o)
 .debug_aranges
                0x00000160       0x20 pegasus_crt.a(open.o)
 .debug_aranges
                0x00000180       0x20 pegasus_crt.a(write.o)
 .debug_aranges
                0x000001a0       0x20 pegasus_crt.a(close.o)
 .debug_aranges
                0x000001c0       0x20 pegasus_crt.a(double_link_list.o)
 .debug_aranges
                0x000001e0       0x18 pegasus_crt.a(global.o)
 .debug_aranges
                0x000001f8       0x20 pegasus_crt.a(netdev.o)
 .debug_aranges
                0x00000218       0x20 pegasus_crt.a(task_network.o)
 .debug_aranges
                0x00000238       0x20 pegasus_crt.a(route.o)
 .debug_aranges
                0x00000258       0x20 pegasus_crt.a(hd.o)
 .debug_aranges
                0x00000278       0x20 pegasus_crt.a(fs_main.o)
 .debug_aranges
                0x00000298       0x20 pegasus_crt.a(main.o)
 .debug_aranges
                0x000002b8       0x20 pegasus_crt.a(strcmp.o)
 .debug_aranges
                0x000002d8       0x20 pegasus_crt.a(perror.o)
 .debug_aranges
                0x000002f8       0x20 pegasus_crt.a(sscanf.o)
 .debug_aranges
                0x00000318       0x20 pegasus_crt.a(ntohs.o)
 .debug_aranges
                0x00000338       0x20 pegasus_crt.a(htons.o)
 .debug_aranges
                0x00000358       0x20 pegasus_crt.a(inet_pton.o)
 .debug_aranges
                0x00000378       0x20 pegasus_crt.a(ntohl.o)
 .debug_aranges
                0x00000398       0x20 pegasus_crt.a(ip_input.o)
 .debug_aranges
                0x000003b8       0x20 pegasus_crt.a(tcp.o)
 .debug_aranges
                0x000003d8       0x20 pegasus_crt.a(arp.o)
 .debug_aranges
                0x000003f8       0x20 pegasus_crt.a(tcp_sock.o)
 .debug_aranges
                0x00000418       0x20 pegasus_crt.a(icmpv4.o)
 .debug_aranges
                0x00000438       0x20 pegasus_crt.a(skbuff.o)
 .debug_aranges
                0x00000458       0x20 pegasus_crt.a(tcp_input.o)
 .debug_aranges
                0x00000478       0x20 pegasus_crt.a(udp.o)
 .debug_aranges
                0x00000498       0x20 pegasus_crt.a(tcp_data.o)
 .debug_aranges
                0x000004b8       0x20 pegasus_crt.a(utils.o)
 .debug_aranges
                0x000004d8       0x20 pegasus_crt.a(forkexit.o)
 .debug_aranges
                0x000004f8       0x20 pegasus_crt.a(exec.o)
 .debug_aranges
                0x00000518       0x20 pegasus_crt.a(atoi.o)
 .debug_aranges
                0x00000538       0x20 pegasus_crt.a(strtok.o)
 .debug_aranges
                0x00000558       0x20 pegasus_crt.a(strpbrk.o)
 .debug_aranges
                0x00000578       0x20 pegasus_crt.a(htonl.o)
 .debug_aranges
                0x00000598       0x20 pegasus_crt.a(my_process.o)
 .debug_aranges
                0x000005b8       0x20 pegasus_crt.a(udp_sock.o)
 .debug_aranges
                0x000005d8       0x20 pegasus_crt.a(ip_output.o)
 .debug_aranges
                0x000005f8       0x20 pegasus_crt.a(sock.o)
 .debug_aranges
                0x00000618       0x20 pegasus_crt.a(tcp_output.o)
 .debug_aranges
                0x00000638       0x20 pegasus_crt.a(thread.o)
 .debug_aranges
                0x00000658       0x20 pegasus_crt.a(dst.o)

.debug_pubnames
 *(.debug_pubnames)

.debug_info     0x00000000    0x33d31
 *(.debug_info .gnu.linkonce.wi.*)
 .debug_info    0x00000000     0x2854 pegasus_crt.a(kernel_main_old.o)
 .debug_info    0x00002854     0x11a8 pegasus_crt.a(protect.o)
 .debug_info    0x000039fc     0x127d pegasus_crt.a(console.o)
 .debug_info    0x00004c79      0xf55 pegasus_crt.a(process.o)
 .debug_info    0x00005bce      0xfd1 pegasus_crt.a(keyboard.o)
 .debug_info    0x00006b9f     0x1d51 pegasus_crt.a(mem.o)
 .debug_info    0x000088f0      0xf33 pegasus_crt.a(exec.o)
 .debug_info    0x00009823      0xda6 pegasus_crt.a(exit.o)
 .debug_info    0x0000a5c9      0xdb4 pegasus_crt.a(wait.o)
 .debug_info    0x0000b37d      0xd9b pegasus_crt.a(fork.o)
 .debug_info    0x0000c118      0xea1 pegasus_crt.a(read.o)
 .debug_info    0x0000cfb9      0xe02 pegasus_crt.a(open.o)
 .debug_info    0x0000ddbb      0xe2f pegasus_crt.a(write.o)
 .debug_info    0x0000ebea      0xdb6 pegasus_crt.a(close.o)
 .debug_info    0x0000f9a0     0x1035 pegasus_crt.a(double_link_list.o)
 .debug_info    0x000109d5      0xe7d pegasus_crt.a(global.o)
 .debug_info    0x00011852     0x1769 pegasus_crt.a(netdev.o)
 .debug_info    0x00012fbb      0x65b pegasus_crt.a(task_network.o)
 .debug_info    0x00013616     0x1275 pegasus_crt.a(route.o)
 .debug_info    0x0001488b     0x17ec pegasus_crt.a(hd.o)
 .debug_info    0x00016077     0x1f2e pegasus_crt.a(fs_main.o)
 .debug_info    0x00017fa5      0xdbf pegasus_crt.a(main.o)
 .debug_info    0x00018d64       0xc1 pegasus_crt.a(strcmp.o)
 .debug_info    0x00018e25       0x5c pegasus_crt.a(perror.o)
 .debug_info    0x00018e81      0x20e pegasus_crt.a(sscanf.o)
 .debug_info    0x0001908f       0xa8 pegasus_crt.a(ntohs.o)
 .debug_info    0x00019137       0xa8 pegasus_crt.a(htons.o)
 .debug_info    0x000191df      0x260 pegasus_crt.a(inet_pton.o)
 .debug_info    0x0001943f       0xcb pegasus_crt.a(ntohl.o)
 .debug_info    0x0001950a     0x1a9e pegasus_crt.a(ip_input.o)
 .debug_info    0x0001afa8     0x1e01 pegasus_crt.a(tcp.o)
 .debug_info    0x0001cda9      0x76e pegasus_crt.a(arp.o)
 .debug_info    0x0001d517     0x21f2 pegasus_crt.a(tcp_sock.o)
 .debug_info    0x0001f709     0x18fc pegasus_crt.a(icmpv4.o)
 .debug_info    0x00021005      0x3a7 pegasus_crt.a(skbuff.o)
 .debug_info    0x000213ac     0x2104 pegasus_crt.a(tcp_input.o)
 .debug_info    0x000234b0     0x1b01 pegasus_crt.a(udp.o)
 .debug_info    0x00024fb1     0x1d6a pegasus_crt.a(tcp_data.o)
 .debug_info    0x00026d1b      0x367 pegasus_crt.a(utils.o)
 .debug_info    0x00027082      0xf91 pegasus_crt.a(forkexit.o)
 .debug_info    0x00028013     0x11cd pegasus_crt.a(exec.o)
 .debug_info    0x000291e0       0xc9 pegasus_crt.a(atoi.o)
 .debug_info    0x000292a9       0xae pegasus_crt.a(strtok.o)
 .debug_info    0x00029357       0xcf pegasus_crt.a(strpbrk.o)
 .debug_info    0x00029426       0xcb pegasus_crt.a(htonl.o)
 .debug_info    0x000294f1     0x1490 pegasus_crt.a(my_process.o)
 .debug_info    0x0002a981     0x1ed0 pegasus_crt.a(udp_sock.o)
 .debug_info    0x0002c851     0x1738 pegasus_crt.a(ip_output.o)
 .debug_info    0x0002df89     0x1853 pegasus_crt.a(sock.o)
 .debug_info    0x0002f7dc     0x231c pegasus_crt.a(tcp_output.o)
 .debug_info    0x00031af8     0x105c pegasus_crt.a(thread.o)
 .debug_info    0x00032b54     0x11dd pegasus_crt.a(dst.o)

.debug_abbrev   0x00000000     0x66d8
 *(.debug_abbrev)
 .debug_abbrev  0x00000000      0x43a pegasus_crt.a(kernel_main_old.o)
 .debug_abbrev  0x0000043a      0x227 pegasus_crt.a(protect.o)
 .debug_abbrev  0x00000661      0x2ac pegasus_crt.a(console.o)
 .debug_abbrev  0x0000090d      0x1e0 pegasus_crt.a(process.o)
 .debug_abbrev  0x00000aed      0x1fb pegasus_crt.a(keyboard.o)
 .debug_abbrev  0x00000ce8      0x330 pegasus_crt.a(mem.o)
 .debug_abbrev  0x00001018      0x1e8 pegasus_crt.a(exec.o)
 .debug_abbrev  0x00001200      0x19b pegasus_crt.a(exit.o)
 .debug_abbrev  0x0000139b      0x19f pegasus_crt.a(wait.o)
 .debug_abbrev  0x0000153a      0x18a pegasus_crt.a(fork.o)
 .debug_abbrev  0x000016c4      0x1ef pegasus_crt.a(read.o)
 .debug_abbrev  0x000018b3      0x1c5 pegasus_crt.a(open.o)
 .debug_abbrev  0x00001a78      0x1db pegasus_crt.a(write.o)
 .debug_abbrev  0x00001c53      0x19d pegasus_crt.a(close.o)
 .debug_abbrev  0x00001df0      0x216 pegasus_crt.a(double_link_list.o)
 .debug_abbrev  0x00002006      0x157 pegasus_crt.a(global.o)
 .debug_abbrev  0x0000215d      0x2f4 pegasus_crt.a(netdev.o)
 .debug_abbrev  0x00002451      0x17a pegasus_crt.a(task_network.o)
 .debug_abbrev  0x000025cb      0x24e pegasus_crt.a(route.o)
 .debug_abbrev  0x00002819      0x2e3 pegasus_crt.a(hd.o)
 .debug_abbrev  0x00002afc      0x2ef pegasus_crt.a(fs_main.o)
 .debug_abbrev  0x00002deb      0x208 pegasus_crt.a(main.o)
 .debug_abbrev  0x00002ff3       0x94 pegasus_crt.a(strcmp.o)
 .debug_abbrev  0x00003087       0x5c pegasus_crt.a(perror.o)
 .debug_abbrev  0x000030e3       0xdd pegasus_crt.a(sscanf.o)
 .debug_abbrev  0x000031c0       0x6c pegasus_crt.a(ntohs.o)
 .debug_abbrev  0x0000322c       0x6c pegasus_crt.a(htons.o)
 .debug_abbrev  0x00003298      0x116 pegasus_crt.a(inet_pton.o)
 .debug_abbrev  0x000033ae       0xa5 pegasus_crt.a(ntohl.o)
 .debug_abbrev  0x00003453      0x2d1 pegasus_crt.a(ip_input.o)
 .debug_abbrev  0x00003724      0x332 pegasus_crt.a(tcp.o)
 .debug_abbrev  0x00003a56      0x210 pegasus_crt.a(arp.o)
 .debug_abbrev  0x00003c66      0x3e6 pegasus_crt.a(tcp_sock.o)
 .debug_abbrev  0x0000404c      0x236 pegasus_crt.a(icmpv4.o)
 .debug_abbrev  0x00004282      0x17f pegasus_crt.a(skbuff.o)
 .debug_abbrev  0x00004401      0x355 pegasus_crt.a(tcp_input.o)
 .debug_abbrev  0x00004756      0x2d3 pegasus_crt.a(udp.o)
 .debug_abbrev  0x00004a29      0x2a6 pegasus_crt.a(tcp_data.o)
 .debug_abbrev  0x00004ccf      0x17a pegasus_crt.a(utils.o)
 .debug_abbrev  0x00004e49      0x204 pegasus_crt.a(forkexit.o)
 .debug_abbrev  0x0000504d      0x1c4 pegasus_crt.a(exec.o)
 .debug_abbrev  0x00005211       0x94 pegasus_crt.a(atoi.o)
 .debug_abbrev  0x000052a5       0x91 pegasus_crt.a(strtok.o)
 .debug_abbrev  0x00005336       0xa5 pegasus_crt.a(strpbrk.o)
 .debug_abbrev  0x000053db       0xa5 pegasus_crt.a(htonl.o)
 .debug_abbrev  0x00005480      0x260 pegasus_crt.a(my_process.o)
 .debug_abbrev  0x000056e0      0x3b1 pegasus_crt.a(udp_sock.o)
 .debug_abbrev  0x00005a91      0x213 pegasus_crt.a(ip_output.o)
 .debug_abbrev  0x00005ca4      0x273 pegasus_crt.a(sock.o)
 .debug_abbrev  0x00005f17      0x39b pegasus_crt.a(tcp_output.o)
 .debug_abbrev  0x000062b2      0x222 pegasus_crt.a(thread.o)
 .debug_abbrev  0x000064d4      0x204 pegasus_crt.a(dst.o)

.debug_line     0x00000000     0x8531
 *(.debug_line .debug_line.* .debug_line_end)
 .debug_line    0x00000000      0xe2f pegasus_crt.a(kernel_main_old.o)
 .debug_line    0x00000e2f      0x1ff pegasus_crt.a(protect.o)
 .debug_line    0x0000102e      0x54e pegasus_crt.a(console.o)
 .debug_line    0x0000157c      0x1ba pegasus_crt.a(process.o)
 .debug_line    0x00001736      0x296 pegasus_crt.a(keyboard.o)
 .debug_line    0x000019cc      0x77b pegasus_crt.a(mem.o)
 .debug_line    0x00002147      0x18b pegasus_crt.a(exec.o)
 .debug_line    0x000022d2       0xa0 pegasus_crt.a(exit.o)
 .debug_line    0x00002372       0xb7 pegasus_crt.a(wait.o)
 .debug_line    0x00002429       0xa5 pegasus_crt.a(fork.o)
 .debug_line    0x000024ce      0x15b pegasus_crt.a(read.o)
 .debug_line    0x00002629       0xc3 pegasus_crt.a(open.o)
 .debug_line    0x000026ec       0xc2 pegasus_crt.a(write.o)
 .debug_line    0x000027ae       0xb3 pegasus_crt.a(close.o)
 .debug_line    0x00002861      0x217 pegasus_crt.a(double_link_list.o)
 .debug_line    0x00002a78       0x95 pegasus_crt.a(global.o)
 .debug_line    0x00002b0d      0x424 pegasus_crt.a(netdev.o)
 .debug_line    0x00002f31       0xca pegasus_crt.a(task_network.o)
 .debug_line    0x00002ffb      0x209 pegasus_crt.a(route.o)
 .debug_line    0x00003204      0x62c pegasus_crt.a(hd.o)
 .debug_line    0x00003830      0xc23 pegasus_crt.a(fs_main.o)
 .debug_line    0x00004453       0xec pegasus_crt.a(main.o)
 .debug_line    0x0000453f       0x9c pegasus_crt.a(strcmp.o)
 .debug_line    0x000045db       0x48 pegasus_crt.a(perror.o)
 .debug_line    0x00004623      0x1d2 pegasus_crt.a(sscanf.o)
 .debug_line    0x000047f5       0x6c pegasus_crt.a(ntohs.o)
 .debug_line    0x00004861       0x6c pegasus_crt.a(htons.o)
 .debug_line    0x000048cd      0x167 pegasus_crt.a(inet_pton.o)
 .debug_line    0x00004a34       0xc1 pegasus_crt.a(ntohl.o)
 .debug_line    0x00004af5      0x276 pegasus_crt.a(ip_input.o)
 .debug_line    0x00004d6b      0x2f5 pegasus_crt.a(tcp.o)
 .debug_line    0x00005060      0x354 pegasus_crt.a(arp.o)
 .debug_line    0x000053b4      0x57c pegasus_crt.a(tcp_sock.o)
 .debug_line    0x00005930      0x226 pegasus_crt.a(icmpv4.o)
 .debug_line    0x00005b56      0x129 pegasus_crt.a(skbuff.o)
 .debug_line    0x00005c7f      0x659 pegasus_crt.a(tcp_input.o)
 .debug_line    0x000062d8      0x2ec pegasus_crt.a(udp.o)
 .debug_line    0x000065c4      0x3e9 pegasus_crt.a(tcp_data.o)
 .debug_line    0x000069ad      0x13c pegasus_crt.a(utils.o)
 .debug_line    0x00006ae9      0x174 pegasus_crt.a(forkexit.o)
 .debug_line    0x00006c5d      0x20c pegasus_crt.a(exec.o)
 .debug_line    0x00006e69       0xad pegasus_crt.a(atoi.o)
 .debug_line    0x00006f16       0x6e pegasus_crt.a(strtok.o)
 .debug_line    0x00006f84       0xb0 pegasus_crt.a(strpbrk.o)
 .debug_line    0x00007034       0xc1 pegasus_crt.a(htonl.o)
 .debug_line    0x000070f5      0x33b pegasus_crt.a(my_process.o)
 .debug_line    0x00007430      0x4b1 pegasus_crt.a(udp_sock.o)
 .debug_line    0x000078e1      0x1ff pegasus_crt.a(ip_output.o)
 .debug_line    0x00007ae0      0x222 pegasus_crt.a(sock.o)
 .debug_line    0x00007d02      0x58b pegasus_crt.a(tcp_output.o)
 .debug_line    0x0000828d      0x145 pegasus_crt.a(thread.o)
 .debug_line    0x000083d2      0x15f pegasus_crt.a(dst.o)

.debug_frame
 *(.debug_frame)

.debug_str      0x00000000     0x326e
 *(.debug_str)
 .debug_str     0x00000000     0x326e pegasus_crt.a(kernel_main_old.o)
                                0xb86 (size before relaxing)
 .debug_str     0x0000326e      0x766 pegasus_crt.a(protect.o)
 .debug_str     0x0000326e      0x75a pegasus_crt.a(console.o)
 .debug_str     0x0000326e      0x645 pegasus_crt.a(process.o)
 .debug_str     0x0000326e      0x697 pegasus_crt.a(keyboard.o)
 .debug_str     0x0000326e      0xab9 pegasus_crt.a(mem.o)
 .debug_str     0x0000326e      0x627 pegasus_crt.a(exec.o)
 .debug_str     0x0000326e      0x5a0 pegasus_crt.a(exit.o)
 .debug_str     0x0000326e      0x5a0 pegasus_crt.a(wait.o)
 .debug_str     0x0000326e      0x599 pegasus_crt.a(fork.o)
 .debug_str     0x0000326e      0x617 pegasus_crt.a(read.o)
 .debug_str     0x0000326e      0x5de pegasus_crt.a(open.o)
 .debug_str     0x0000326e      0x5db pegasus_crt.a(write.o)
 .debug_str     0x0000326e      0x5a6 pegasus_crt.a(close.o)
 .debug_str     0x0000326e      0x6dd pegasus_crt.a(double_link_list.o)
 .debug_str     0x0000326e      0x60b pegasus_crt.a(global.o)
 .debug_str     0x0000326e      0x895 pegasus_crt.a(netdev.o)
 .debug_str     0x0000326e      0x28f pegasus_crt.a(task_network.o)
 .debug_str     0x0000326e      0x73e pegasus_crt.a(route.o)
 .debug_str     0x0000326e      0x914 pegasus_crt.a(hd.o)
 .debug_str     0x0000326e      0xaf5 pegasus_crt.a(fs_main.o)
 .debug_str     0x0000326e      0x593 pegasus_crt.a(main.o)
 .debug_str     0x0000326e       0xb1 pegasus_crt.a(strcmp.o)
 .debug_str     0x0000326e       0x99 pegasus_crt.a(perror.o)
 .debug_str     0x0000326e      0x102 pegasus_crt.a(sscanf.o)
 .debug_str     0x0000326e      0x101 pegasus_crt.a(ntohs.o)
 .debug_str     0x0000326e      0x102 pegasus_crt.a(htons.o)
 .debug_str     0x0000326e      0x14c pegasus_crt.a(inet_pton.o)
 .debug_str     0x0000326e       0xf3 pegasus_crt.a(ntohl.o)
 .debug_str     0x0000326e      0x996 pegasus_crt.a(ip_input.o)
 .debug_str     0x0000326e      0xb28 pegasus_crt.a(tcp.o)
 .debug_str     0x0000326e      0x2f6 pegasus_crt.a(arp.o)
 .debug_str     0x0000326e      0xcbb pegasus_crt.a(tcp_sock.o)
 .debug_str     0x0000326e      0x915 pegasus_crt.a(icmpv4.o)
 .debug_str     0x0000326e      0x1d8 pegasus_crt.a(skbuff.o)
 .debug_str     0x0000326e      0xb88 pegasus_crt.a(tcp_input.o)
 .debug_str     0x0000326e      0x948 pegasus_crt.a(udp.o)
 .debug_str     0x0000326e      0xa44 pegasus_crt.a(tcp_data.o)
 .debug_str     0x0000326e      0x1b8 pegasus_crt.a(utils.o)
 .debug_str     0x0000326e      0x612 pegasus_crt.a(forkexit.o)
 .debug_str     0x0000326e      0x868 pegasus_crt.a(exec.o)
 .debug_str     0x0000326e       0xad pegasus_crt.a(atoi.o)
 .debug_str     0x0000326e       0xb9 pegasus_crt.a(strtok.o)
 .debug_str     0x0000326e       0xc1 pegasus_crt.a(strpbrk.o)
 .debug_str     0x0000326e       0xf4 pegasus_crt.a(htonl.o)
 .debug_str     0x0000326e      0x8f9 pegasus_crt.a(my_process.o)
 .debug_str     0x0000326e      0xa6c pegasus_crt.a(udp_sock.o)
 .debug_str     0x0000326e      0x851 pegasus_crt.a(ip_output.o)
 .debug_str     0x0000326e      0x8b1 pegasus_crt.a(sock.o)
 .debug_str     0x0000326e      0xc18 pegasus_crt.a(tcp_output.o)
 .debug_str     0x0000326e      0x712 pegasus_crt.a(thread.o)
 .debug_str     0x0000326e      0x71d pegasus_crt.a(dst.o)

.debug_loc
 *(.debug_loc)

.debug_macinfo
 *(.debug_macinfo)

.debug_weaknames
 *(.debug_weaknames)

.debug_funcnames
 *(.debug_funcnames)

.debug_typenames
 *(.debug_typenames)

.debug_varnames
 *(.debug_varnames)

.debug_pubtypes
 *(.debug_pubtypes)

.debug_ranges   0x00000000       0x90
 *(.debug_ranges)
 .debug_ranges  0x00000000       0x30 pegasus_crt.a(kernel_main_old.o)
 .debug_ranges  0x00000030       0x48 pegasus_crt.a(hd.o)
 .debug_ranges  0x00000078       0x18 pegasus_crt.a(exec.o)

.debug_addr
 *(.debug_addr)

.debug_line_str
 *(.debug_line_str)

.debug_loclists
 *(.debug_loclists)

.debug_macro
 *(.debug_macro)

.debug_names
 *(.debug_names)

.debug_rnglists
 *(.debug_rnglists)

.debug_str_offsets
 *(.debug_str_offsets)

.debug_sup
 *(.debug_sup)

.gnu.attributes
 *(.gnu.attributes)

/DISCARD/
 *(.note.GNU-stack)
 *(.gnu_debuglink)
 *(.gnu.lto_*)
OUTPUT(test elf32-i386)
