Archive member included to satisfy reference by file (symbol)

pegasus_crt.a(kernel_main_old.o)
                              test.o (Printf)
pegasus_crt.a(protect.o)      pegasus_crt.a(kernel_main_old.o) (InitInterruptDesc)
pegasus_crt.a(console.o)      pegasus_crt.a(kernel_main_old.o) (out_char)
pegasus_crt.a(process.o)      pegasus_crt.a(kernel_main_old.o) (schedule_process)
pegasus_crt.a(keyboard.o)     pegasus_crt.a(console.o) (keyboard_read)
pegasus_crt.a(mem.o)          pegasus_crt.a(kernel_main_old.o) (ptr_pde)
pegasus_crt.a(exec.o)         pegasus_crt.a(kernel_main_old.o) (execl)
pegasus_crt.a(exit.o)         start.o (exit)
pegasus_crt.a(wait.o)         pegasus_crt.a(kernel_main_old.o) (wait)
pegasus_crt.a(fork.o)         pegasus_crt.a(kernel_main_old.o) (fork)
pegasus_crt.a(read.o)         pegasus_crt.a(kernel_main_old.o) (read)
pegasus_crt.a(open.o)         pegasus_crt.a(kernel_main_old.o) (open)
pegasus_crt.a(write.o)        pegasus_crt.a(kernel_main_old.o) (write)
pegasus_crt.a(close.o)        pegasus_crt.a(kernel_main_old.o) (close)
pegasus_crt.a(kernel.o)       pegasus_crt.a(kernel_main_old.o) (disp_str)
pegasus_crt.a(switch_to.o)    pegasus_crt.a(process.o) (switch_to)
pegasus_crt.a(string.o)       pegasus_crt.a(kernel_main_old.o) (Memcpy2)
pegasus_crt.a(syscall.o)      pegasus_crt.a(kernel_main_old.o) (write_debug)
pegasus_crt.a(double_link_list.o)
                              pegasus_crt.a(mem.o) (initDoubleLinkList)
pegasus_crt.a(global.o)       pegasus_crt.a(protect.o) (proc_table)
pegasus_crt.a(netdev.o)       pegasus_crt.a(kernel.o) (net_handler)
pegasus_crt.a(task_network.o)
                              pegasus_crt.a(global.o) (task_network)
pegasus_crt.a(route.o)        pegasus_crt.a(task_network.o) (route_init)
pegasus_crt.a(hd.o)           pegasus_crt.a(global.o) (TaskHD)
pegasus_crt.a(fs_main.o)      pegasus_crt.a(global.o) (task_fs)
pegasus_crt.a(main.o)         pegasus_crt.a(global.o) (TaskMM)
pegasus_crt.a(strcmp.o)       pegasus_crt.a(fs_main.o) (strcmp)
pegasus_crt.a(perror.o)       pegasus_crt.a(netdev.o) (perror)
pegasus_crt.a(sscanf.o)       pegasus_crt.a(netdev.o) (sscanf)
pegasus_crt.a(ntohs.o)        pegasus_crt.a(netdev.o) (ntohs)
pegasus_crt.a(htons.o)        pegasus_crt.a(netdev.o) (htons)
pegasus_crt.a(inet_pton.o)    pegasus_crt.a(netdev.o) (inet_pton)
pegasus_crt.a(ntohl.o)        pegasus_crt.a(netdev.o) (ntohl)
pegasus_crt.a(hd_rdwt.o)      pegasus_crt.a(hd.o) (read_port)
pegasus_crt.a(ne2000.o)       pegasus_crt.a(netdev.o) (SetPageStart)
pegasus_crt.a(skbuff.o)       pegasus_crt.a(netdev.o) (alloc_skb)
pegasus_crt.a(ipc.o)          pegasus_crt.a(task_network.o) (demux_ipc_socket_call)
pegasus_crt.a(utils.o)        pegasus_crt.a(ipc.o) (print_err)
pegasus_crt.a(forkexit.o)     pegasus_crt.a(main.o) (do_fork)
pegasus_crt.a(exec.o)         pegasus_crt.a(main.o) (do_exec)
pegasus_crt.a(alloca.o)       pegasus_crt.a(ipc.o) (alloca)
pegasus_crt.a(calloc.o)       pegasus_crt.a(ipc.o) (calloc)
pegasus_crt.a(atoi.o)         pegasus_crt.a(sscanf.o) (atoi)
pegasus_crt.a(strtok.o)       pegasus_crt.a(inet_pton.o) (strtok)
pegasus_crt.a(strpbrk.o)      pegasus_crt.a(strtok.o) (strpbrk)
pegasus_crt.a(my_process.o)   pegasus_crt.a(forkexit.o) (fork_process)
pegasus_crt.a(socket.o)       pegasus_crt.a(ipc.o) (_socket)
pegasus_crt.a(inet.o)         pegasus_crt.a(socket.o) (inet)
pegasus_crt.a(sock.o)         pegasus_crt.a(inet.o) (sk_alloc)
pegasus_crt.a(tcp_sock.o)     pegasus_crt.a(inet.o) (tcp_ops)
pegasus_crt.a(tcp_input.o)    pegasus_crt.a(tcp_sock.o) (tcp_receive)
pegasus_crt.a(tcp_data.o)     pegasus_crt.a(tcp_input.o) (tcp_data_dequeue)
pegasus_crt.a(htonl.o)        pegasus_crt.a(inet.o) (htonl)
pegasus_crt.a(thread.o)       pegasus_crt.a(my_process.o) (thread_init)
pegasus_crt.a(udp_sock.o)     pegasus_crt.a(inet.o) (udp_ops)
pegasus_crt.a(ip_output.o)    pegasus_crt.a(udp_sock.o) (ip_output)
pegasus_crt.a(tcp.o)          pegasus_crt.a(tcp_sock.o) (__tcp_set_state)
pegasus_crt.a(tcp_output.o)   pegasus_crt.a(tcp_input.o) (tcp_send_synack)
pegasus_crt.a(dst.o)          pegasus_crt.a(ip_output.o) (dst_neigh_output)
pegasus_crt.a(udp.o)          pegasus_crt.a(udp_sock.o) (udp_generate_port)
pegasus_crt.a(arp.o)          pegasus_crt.a(dst.o) (arp_request)

Merging program properties

Removed property 0xc0010001 to merge test.o (0x1) and start.o (not found)
Removed property 0xc0010002 to merge test.o (0x0) and start.o (not found)
Removed property 0xc0010001 to merge test.o (not found) and pegasus_crt.a(kernel_main_old.o) (0x1)
Removed property 0xc0010002 to merge test.o (not found) and pegasus_crt.a(kernel_main_old.o) (0x1)
Removed property 0xc0010001 to merge test.o (not found) and pegasus_crt.a(protect.o) (0x1)
Removed property 0xc0010002 to merge test.o (not found) and pegasus_crt.a(protect.o) (0x0)
Removed property 0xc0010001 to merge test.o (not found) and pegasus_crt.a(console.o) (0x1)
[...]
Memory Configuration

Name             Origin             Length             Attributes
*default*        0x00000000         0xffffffff

Linker script and memory map

Address of section .text set to 0xb0800000
LOAD test.o
LOAD start.o
LOAD pegasus_crt.a
                [!provide]                        PROVIDE (__executable_start = SEGMENT_START ("text-segment", 0x8048000))
                0x080480d4                        . = (SEGMENT_START ("text-segment", 0x8048000) + SIZEOF_HEADERS)

.interp
 *(.interp)

.note.gnu.build-id
 *(.note.gnu.build-id)

.hash
 *(.hash)

.gnu.hash
 *(.gnu.hash)

.dynsym
 *(.dynsym)

.dynstr
 *(.dynstr)

.gnu.version
 *(.gnu.version)

.gnu.version_d
 *(.gnu.version_d)

.gnu.version_r
 *(.gnu.version_r)

.rel.dyn        0x080480d4        0x0
 *(.rel.init)
 *(.rel.text .rel.text.* .rel.gnu.linkonce.t.*)
 .rel.text      0x080480d4        0x0 test.o
 *(.rel.fini)
 *(.rel.rodata .rel.rodata.* .rel.gnu.linkonce.r.*)
 *(.rel.data.rel.ro .rel.data.rel.ro.* .rel.gnu.linkonce.d.rel.ro.*)
 *(.rel.data .rel.data.* .rel.gnu.linkonce.d.*)
 *(.rel.tdata .rel.tdata.* .rel.gnu.linkonce.td.*)
 *(.rel.tbss .rel.tbss.* .rel.gnu.linkonce.tb.*)
 *(.rel.ctors)
 *(.rel.dtors)
 *(.rel.got)
 .rel.got       0x080480d4        0x0 test.o
 *(.rel.bss .rel.bss.* .rel.gnu.linkonce.b.*)
 *(.rel.ifunc)

.rel.plt        0x080480d4        0x0
 *(.rel.plt)
                [!provide]                        PROVIDE (__rel_iplt_start = .)
 *(.rel.iplt)
 .rel.iplt      0x080480d4        0x0 test.o
                [!provide]                        PROVIDE (__rel_iplt_end = .)

.relr.dyn
 *(.relr.dyn)
                0x08049000                        . = ALIGN (CONSTANT (MAXPAGESIZE))

.init
 *(SORT_NONE(.init))

.plt            0x08049000        0x0
 *(.plt)
 *(.iplt)
 .iplt          0x08049000        0x0 test.o

.plt.got
 *(.plt.got)

.plt.sec
 *(.plt.sec)

.text           0xb0800000    0x1189c
 *(.text.unlikely .text.*_unlikely .text.unlikely.*)
 *(.text.exit .text.exit.*)
 *(.text.startup .text.startup.*)
 *(.text.hot .text.hot.*)
 *(SORT_BY_NAME(.text.sorted.*))
 *(.text .stub .text.* .gnu.linkonce.t.*)
 .text          0xb0800000       0x3e test.o
                0xb0800000                main
 *fill*         0xb080003e        0x2 
 .text          0xb0800040       0x15 start.o
                0xb0800040                _start
 .text          0xb0800055     0x2de4 pegasus_crt.a(kernel_main_old.o)
                0xb0800055                stop_here
                0xb0800099                catch_error
                0xb08000fe                intr_enable
                0xb0800127                intr_disable
                0xb0800150                intr_set_status
                0xb080016e                intr_get_status
                0xb080018b                Memcpy
                0xb08001be                untar
                0xb08004ce                num_to_string
                0xb0800574                disp_int
                0xb080059d                do_page_fault
                0xb08006da                exception_handler
                0xb08008c5                init_internal_interrupt
                0xb0800a3a                spurious_irq
                0xb0800ac8                init_keyboard
                0xb0800b0b                TestTTY
                0xb0800baa                TestReadReturnValue
                0xb0800c27                TestWriteReturnValue
                0xb0800cfb                TestFS2
                0xb0800d09                TestFS
                0xb08011ab                wait_exit
                0xb08012a9                INIT_fork
                0xb080159c                simple_shell
                0xb0801723                test_shell
                0xb080178b                test_exec
                0xb080187e                INIT
                0xb080188b                TestA
                0xb08018c0                delay
                0xb0801904                TestB
                0xb080191c                TestC
                0xb080194f                sys_get_ticks
                0xb080195f                sys_write
                0xb08019b3                milli_delay
                0xb08019ef                TaskSys
                0xb08019f4                Printf
                0xb0801ac6                sprintf
                0xb0801af2                vsprintf
                0xb0801c9e                printx
                0xb0801ce1                sys_printx
                0xb0801dad                spin
                0xb0801dd3                panic
                0xb0801df1                assertion_failure
                0xb0801e63                assertion_failure2
                0xb0801ed8                dead_lock
                0xb0801ee2                sys_send_msg
                0xb0802401                sys_receive_msg
                0xb0802a61                send_rec
                0xb0802b5c                block
                0xb0802b98                unblock
                0xb0802be8                get_ticks_ipc
                0xb0802c42                itoa
                0xb0802c98                i2a
                0xb0802cfe                inform_int
                0xb0802dca                deprecate_strcmp
 .text          0xb0802e39      0x3b3 pegasus_crt.a(protect.o)
                0xb0802e39                InitDescriptor
                0xb0802ea6                Seg2PhyAddr
                0xb0802ee7                Seg2PhyAddrLDT
                0xb0802f2b                VirAddr2PhyAddr
                0xb0802f41                v2l
                0xb0802f84                init_propt
                0xb0803105                InitInterruptDesc
                0xb0803161                ReloadGDT
 .text          0xb08031ec      0xad3 pegasus_crt.a(console.o)
                0xb08031ec                select_console
                0xb0803228                flush
                0xb0803261                set_cursor
                0xb08032bf                set_console_start_video_addr
                0xb080331d                put_key
                0xb0803389                scroll_up
                0xb08033cb                scroll_down
                0xb0803436                out_char
                0xb08035f3                tty_dev_read
                0xb080361d                tty_dev_write
                0xb080384a                tty_do_read
                0xb0803912                tty_do_write
                0xb0803a7b                init_screen
                0xb0803b04                init_tty
                0xb0803bb9                TaskTTY
 .text          0xb0803cbf      0x2b7 pegasus_crt.a(process.o)
                0xb0803cbf                schedule_process
                0xb0803e85                clock_handler
                0xb0803efb                pid2proc
                0xb0803f5f                proc2pid
 .text          0xb0803f76      0x40f pegasus_crt.a(keyboard.o)
                0xb0803f76                keyboard_handler
                0xb0803ffa                read_from_keyboard_buf
                0xb0804060                keyboard_read
                0xb08041df                init_keyboard_handler
                0xb08041f3                in_process
 .text          0xb0804385     0x1118 pegasus_crt.a(mem.o)
                0xb0804385                init_bitmap
                0xb08043a8                test_bit_val
                0xb0804411                set_bit_val
                0xb080448c                set_bits
                0xb08044c6                get_first_free_bit
                0xb080450a                get_bits
                0xb08045d2                get_a_page
                0xb0804686                get_virtual_address_start_with_addr
                0xb0804720                get_virtual_address
                0xb08047b0                ptr_pde
                0xb08047c3                ptr_pte
                0xb08047ea                add_map_entry
                0xb080487b                alloc_virtual_memory
                0xb0804947                get_physical_address_proc
                0xb08049c3                get_physical_address
                0xb08049f5                alloc_physical_memory_of_proc
                0xb0804ae4                alloc_physical_memory
                0xb0804bac                alloc_memory
                0xb0804c0e                get_a_virtual_page
                0xb0804c46                block2arena
                0xb0804c5c                sys_malloc2
                0xb0804f89                remove_map_entry
                0xb0804faa                free_a_page
                0xb0805051                sys_free2
                0xb0805057                init_memory_block_desc
                0xb0805128                init_memory2
                0xb080535d                init_memory
 .text          0xb080549d      0x285 pegasus_crt.a(exec.o)
                0xb080549d                exec
                0xb080550e                execv
                0xb08056fd                execl
 .text          0xb0805722       0x2f pegasus_crt.a(exit.o)
                0xb0805722                exit
 .text          0xb0805751       0x44 pegasus_crt.a(wait.o)
                0xb0805751                wait
 .text          0xb0805795       0x4b pegasus_crt.a(fork.o)
                0xb0805795                fork
 .text          0xb08057e0      0x181 pegasus_crt.a(read.o)
                0xb08057e0                read
 .text          0xb0805961       0x95 pegasus_crt.a(open.o)
                0xb0805961                open
 .text          0xb08059f6       0x85 pegasus_crt.a(write.o)
                0xb08059f6                write
 .text          0xb0805a7b       0x52 pegasus_crt.a(close.o)
                0xb0805a7b                close
 *fill*         0xb0805acd        0x3 
 .text          0xb0805ad0      0x3d5 pegasus_crt.a(kernel.o)
                0xb0805ad0                InterruptTest
                0xb0805adc                disp_str_len
                0xb0805b29                disp_str
                0xb0805b64                disp_str_colour
                0xb0805ba0                divide_zero_fault
                0xb0805ba6                single_step_fault
                0xb0805bac                non_maskable_interrupt
                0xb0805bb2                breakpoint_trap
                0xb0805bb8                overflow_trap
                0xb0805bbe                bound_range_exceeded_fault
                0xb0805bc4                invalid_opcode_fault
                0xb0805bca                coprocessor_not_available_fault
                0xb0805bd0                double_fault_exception_abort
                0xb0805bd4                coprocessor_segment_overrun
                0xb0805bda                invalid_task_state_segment_fault
                0xb0805bde                segment_not_present_fault
                0xb0805be2                stack_exception_fault
                0xb0805be6                general_protection_exception_fault
                0xb0805bf1                page_fault
                0xb0805bf5                coprocessor_error_fault
                0xb0805bfb                align_check_fault
                0xb0805bff                simd_float_exception_fault
                0xb0805c0e                hwint0
                0xb0805c3e                hwint1
                0xb0805c81                hwint14
                0xb0805cc7                hwint10
                0xb0805d0a                sys_call
                0xb0805d50                fork_restart
                0xb0805d5f                restart
                0xb0805d82                in_byte
                0xb0805d8e                out_byte
                0xb0805db0                disable_int
                0xb0805db2                enable_int
                0xb0805e48                enable_8259A_casecade_irq
                0xb0805e52                disable_8259A_casecade_irq
                0xb0805e5c                enable_8259A_slave_winchester_irq
                0xb0805e66                disable_8259A_slave_winchester_irq
                0xb0805e70                update_cr3
                0xb0805e7d                update_tss
                0xb0805e8c                get_running_thread_pcb
                0xb0805e92                sys_call_test
                0xb0805e95                enable_8259A_slave_net_irq
 *fill*         0xb0805ea5        0xb 
 .text          0xb0805eb0       0x15 pegasus_crt.a(switch_to.o)
                0xb0805eb0                switch_to
 *fill*         0xb0805ec5        0xb 
 .text          0xb0805ed0       0x6a pegasus_crt.a(syscall.o)
                0xb0805ed0                write_debug
                0xb0805ee0                send_msg
                0xb0805ef6                receive_msg
                0xb0805f0c                sys_malloc
                0xb0805f21                sys_free
 .text          0xb0805f3a      0x2ee pegasus_crt.a(double_link_list.o)
                0xb0805f3a                initDoubleLinkList
                0xb0805f8a                isListEmpty
                0xb0805fb8                findElementInList
                0xb080604f                appendToDoubleLinkList
                0xb0806115                insertToDoubleLinkList
                0xb0806199                popFromDoubleLinkList
 .text          0xb0806228        0x0 pegasus_crt.a(global.o)
 .text          0xb0806228      0x806 pegasus_crt.a(netdev.o)
                0xb08063b6                netdev_init
                0xb08063fd                netdev_transmit
                0xb08064e6                interrupt_wait2
                0xb080653f                netdev_rx_loop
                0xb0806666                netdev_get
                0xb08066a1                free_netdev
                0xb08066cc                local_ipaddress
                0xb0806709                receive_msg_from_nic
                0xb08068ec                receive_msg_from_nic2
                0xb0806a18                net_handler
 .text          0xb0806a2e      0x132 pegasus_crt.a(task_network.o)
                0xb0806a2e                task_network
                0xb0806b42                task_netdev_rx
 .text          0xb0806b60      0x2ee pegasus_crt.a(route.o)
                0xb0806c8d                route_add
                0xb0806cd4                route_init
                0xb0806dac                route_lookup
                0xb0806dfa                free_routes
 .text          0xb0806e4e      0xe84 pegasus_crt.a(hd.o)
                0xb0806e4e                TaskHD
                0xb0806e99                init_hd
                0xb0806eb3                hd_handle
                0xb0806fb8                hd_cmd_out
                0xb08070ba                hd_identify
                0xb0807171                print_hdinfo
                0xb08072ff                print_dpt_entry
                0xb080736b                get_partition_table
                0xb080744a                partition
                0xb0807664                hd_open
                0xb0807714                get_hd_ioctl
                0xb08077ce                wait_for
                0xb08077ff                interrupt_wait
                0xb0807858                hd_rdwt
                0xb0807afa                hd_handler
                0xb0807b2b                debug_ticks
                0xb0807b69                waitfor
                0xb0807bad                print_hd_info
                0xb0807c9a                is_empty
 .text          0xb0807cd2     0x2081 pegasus_crt.a(fs_main.o)
                0xb0807cd2                task_fs
                0xb0807ee6                rd_wt
                0xb0807fc8                mkfs
                0xb08085aa                init_fs
                0xb0808604                do_open
                0xb080880d                search_file
                0xb080893f                strip_path
                0xb0808a0b                get_inode
                0xb0808bcd                create_file
                0xb0808cd8                alloc_imap_bit
                0xb0808dd5                alloc_smap_bit
                0xb0808f76                new_inode
                0xb0809094                new_dir_entry
                0xb08092a0                do_unlink
                0xb080977c                do_rdwt
                0xb0809b07                sync_inode
                0xb0809c5b                put_inode
                0xb0809c99                do_close
                0xb0809ceb                get_super_block
 .text          0xb0809d53      0x14e pegasus_crt.a(main.o)
                0xb0809d53                TaskMM
                0xb0809e82                alloc_mem
 .text          0xb0809ea1       0xa8 pegasus_crt.a(strcmp.o)
                0xb0809ea1                strcmp
 .text          0xb0809f49       0x17 pegasus_crt.a(perror.o)
                0xb0809f49                perror
 .text          0xb0809f60      0x2c1 pegasus_crt.a(sscanf.o)
                0xb0809f60                sscanf
 .text          0xb080a221       0x38 pegasus_crt.a(ntohs.o)
                0xb080a221                ntohs
 .text          0xb080a259       0x38 pegasus_crt.a(htons.o)
                0xb080a259                htons
 .text          0xb080a291      0x295 pegasus_crt.a(inet_pton.o)
                0xb080a291                isValidIPv4
                0xb080a41b                inet_pton
 .text          0xb080a526       0x7c pegasus_crt.a(ntohl.o)
                0xb080a526                ntohl
 *fill*         0xb080a5a2        0xe 
 .text          0xb080a5b0      0x25b pegasus_crt.a(ne2000.o)
                0xb080a5d3                DriverInitialize
                0xb080a65d                SetPageStart
                0xb080a685                DriverSend
                0xb080a6fd                PCtoNIC
                0xb080a768                get_interrupt_status
                0xb080a77e                set_interrupt_status
                0xb080a797                get_curr_page
                0xb080a7b4                NICtoPC
 .text          0xb080a80b      0x15b pegasus_crt.a(skbuff.o)
                0xb080a824                alloc_skb
                0xb080a8b5                free_skb
                0xb080a8e8                skb_reserve
                0xb080a904                skb_push
                0xb080a933                skb_head
                0xb080a93e                skb_reset_header
 .text          0xb080a966      0xd76 pegasus_crt.a(ipc.o)
                0xb080b520                ipc_close
                0xb080b571                demux_ipc_socket_call
 .text          0xb080b6dc      0x1e7 pegasus_crt.a(utils.o)
                0xb080b6dc                run_cmd
                0xb080b6e9                print_err
                0xb080b700                parse_ipv4_string
                0xb080b75f                ip_pton
                0xb080b7a7                sum_every_16bits
                0xb080b7fe                checksum
                0xb080b83f                tcp_udp_checksum
 .text          0xb080b8c3      0x24f pegasus_crt.a(forkexit.o)
                0xb080b8c3                do_fork
                0xb080b931                do_exit
                0xb080b9bb                do_wait
                0xb080bab8                cleanup
 .text          0xb080bb12      0x419 pegasus_crt.a(exec.o)
                0xb080bb12                do_exec
 .text          0xb080bf2b       0x29 pegasus_crt.a(alloca.o)
                0xb080bf2b                alloca
 .text          0xb080bf54       0x46 pegasus_crt.a(calloc.o)
                0xb080bf54                calloc
 .text          0xb080bf9a       0x9c pegasus_crt.a(atoi.o)
                0xb080bf9a                atoi
 .text          0xb080c036       0x85 pegasus_crt.a(strtok.o)
                0xb080c036                strtok
 .text          0xb080c0bb       0x90 pegasus_crt.a(strpbrk.o)
                0xb080c0bb                strpbrk
 .text          0xb080c14b      0x730 pegasus_crt.a(my_process.o)
                0xb080c14b                create_user_process_address_space
                0xb080c1db                user_process
                0xb080c308                clone_pcb
                0xb080c47a                build_body_stack
                0xb080c5ad                build_process_kernel_stack
                0xb080c670                fork_process
                0xb080c701                process_execute
 .text          0xb080c87b      0x66c pegasus_crt.a(socket.o)
                0xb080c92b                test
                0xb080c987                socket_debug
                0xb080c9e8                free_socket
                0xb080caa4                _socket
                0xb080cb63                _bind
                0xb080cbb6                _connect
                0xb080cc08                _write
                0xb080cc5f                _read
                0xb080ccb6                _recvfrom
                0xb080ccf7                _sendto
                0xb080cd4e                _close
                0xb080cdcd                _listen
                0xb080ce33                _accept
 .text          0xb080cee7      0x429 pegasus_crt.a(inet.o)
                0xb080cee7                inet_create
                0xb080cf97                inet_socket
                0xb080cfa1                inet_connect
                0xb080cff5                inet_write
                0xb080d021                inet_read
                0xb080d04d                inet_close
                0xb080d09c                inet_free
                0xb080d0d2                inet_bind
                0xb080d1db                inet_listen
                0xb080d224                inet_accept
                0xb080d2cf                inet_sendto
                0xb080d2fa                inet_recvfrom
 .text          0xb080d310      0x203 pegasus_crt.a(sock.o)
                0xb080d442                sk_alloc
                0xb080d469                sk_init
                0xb080d4bd                sk_init_with_socket
                0xb080d4e6                sk_free
 .text          0xb080d513      0xa27 pegasus_crt.a(tcp_sock.o)
                0xb080d7d2                tcp_established_or_syn_recvd_socks_enqueue
                0xb080d7e9                tcp_established_or_syn_recvd_socks_remove
                0xb080d7fb                tcp_connecting_or_listening_socks_enqueue
                0xb080d812                tcp_connecting_or_listening_socks_remove
                0xb080d824                tcp_alloc_sock
                0xb080d93a                tcp_free_sock
                0xb080d9b3                tcp_init
                0xb080d9bd                tcp_sock_init
                0xb080da60                tcp_write
                0xb080daa1                tcp_read
                0xb080db54                tcp_close
                0xb080dc12                tcp_recv_notify
                0xb080dc3d                tcp_v4_connect
                0xb080de8d                tcp_lookup_sock
 .text          0xb080df3a      0xb80 pegasus_crt.a(tcp_input.o)
                0xb080e632                tcp_process
                0xb080e9f8                tcp_receive
 .text          0xb080eaba      0x54a pegasus_crt.a(tcp_data.o)
                0xb080eda5                tcp_data_dequeue
                0xb080eed2                tcp_data_queue
 .text          0xb080f004       0x7c pegasus_crt.a(htonl.o)
                0xb080f004                htonl
 .text          0xb080f080      0x1b2 pegasus_crt.a(thread.o)
                0xb080f080                kernel_thread
                0xb080f098                thread_init
                0xb080f145                thread_create
                0xb080f17a                thread_start
 .text          0xb080f232      0x8cd pegasus_crt.a(udp_sock.o)
                0xb080f470                udp_lookup_sock
                0xb080f4b7                udp_init
                0xb080f4e8                udp_close
                0xb080f50e                udp_sock_init
                0xb080f518                udp_recvfrom
                0xb080f5b1                udp_connect
                0xb080f68a                udp_write
                0xb080f6b6                udp_alloc_skb
                0xb080f700                udp_sendto
                0xb080f7f4                udp_send
                0xb080f932                udp_alloc_sock
                0xb080f973                udp_free_sock
                0xb080f997                udp_read
 .text          0xb080faff      0x1d3 pegasus_crt.a(ip_output.o)
                0xb080fb0d                ip_output
 .text          0xb080fcd2      0x448 pegasus_crt.a(tcp.o)
                0xb080fec7                tcp_in
                0xb080ff7b                tcp_checksum
                0xb080ffa7                __tcp_set_state
                0xb080ffb6                tcp_generate_port
                0xb080ffff                tcp_generate_isn
                0xb0810009                tcp_done
                0xb0810032                tcp_clear_timers
                0xb0810041                tcp_stop_retransmission_timer
                0xb081005a                tcp_release_retransmission_timer
                0xb0810073                tcp_stop_delack_timer
                0xb0810086                tcp_release_delack_timer
                0xb0810099                tcp_handle_fin_state
                0xb08100fe                tcp_enter_time_wait
 .text          0xb081011a      0xbbe pegasus_crt.a(tcp_output.o)
                0xb08105e0                tcp_send_synack
                0xb0810683                tcp_send_delack
                0xb08106be                tcp_send_ack
                0xb081080a                tcp_send_fin
                0xb081087f                tcp_select_initial_window
                0xb0810a31                tcp_reset_retransmission_timer
                0xb0810a4e                tcp_begin_connect
                0xb0810af8                tcp_send
                0xb0810bdd                tcp_send_reset
                0xb0810c5d                tcp_queue_fin
 .text          0xb0810cd8       0xd8 pegasus_crt.a(dst.o)
                0xb0810ce6                dst_neigh_output
 .text          0xb0810db0      0x3e0 pegasus_crt.a(udp.o)
                0xb0810ebb                udp_generate_port
                0xb0810f04                udp_checksum
                0xb0810fd2                udp_in
                0xb0811063                udp_data_dequeue
                0xb081116b                udp_data_enqueue
 .text          0xb0811190      0x70c pegasus_crt.a(arp.o)
                0xb081135d                arp_init
                0xb0811363                arp_rcv
                0xb0811532                arp_request
                0xb081169c                arp_reply
                0xb08117ff                arp_get_hwaddr
                0xb081184b                free_arp
 *(.gnu.warning)

.fini
 *(SORT_NONE(.fini))
                [!provide]                        PROVIDE (__etext = .)
                [!provide]                        PROVIDE (_etext = .)
                [!provide]                        PROVIDE (etext = .)
                0xb0812000                        . = ALIGN (CONSTANT (MAXPAGESIZE))
                0xb0812000                        . = SEGMENT_START ("rodata-segment", (ALIGN (CONSTANT (MAXPAGESIZE)) + (. & (CONSTANT (MAXPAGESIZE) - 0x1))))

.rodata         0xb0812000     0x1a7f
 *(.rodata .rodata.* .gnu.linkonce.r.*)
 .rodata        0xb0812000       0x10 test.o
 *fill*         0xb0812010       0x10 
 .rodata        0xb0812020      0xb61 pegasus_crt.a(kernel_main_old.o)
 .rodata        0xb0812b81       0x22 pegasus_crt.a(console.o)
 *fill*         0xb0812ba3        0x1 
 .rodata        0xb0812ba4       0x4c pegasus_crt.a(process.o)
 .rodata        0xb0812bf0       0x5a pegasus_crt.a(mem.o)
 .rodata        0xb0812c4a       0x2d pegasus_crt.a(exec.o)
 .rodata        0xb0812c77       0x2a pegasus_crt.a(close.o)
 .rodata        0xb0812ca1       0x3c pegasus_crt.a(double_link_list.o)
 *fill*         0xb0812cdd        0x3 
 .rodata        0xb0812ce0      0x172 pegasus_crt.a(netdev.o)
 *fill*         0xb0812e52        0x2 
 .rodata        0xb0812e54       0x61 pegasus_crt.a(task_network.o)
 *fill*         0xb0812eb5        0x3 
 .rodata        0xb0812eb8       0x37 pegasus_crt.a(route.o)
 *fill*         0xb0812eef        0x1 
 .rodata        0xb0812ef0      0x19c pegasus_crt.a(hd.o)
 .rodata        0xb081308c      0x1fb pegasus_crt.a(fs_main.o)
                0xb081308c                FSBUF_SIZE
 .rodata        0xb0813287       0x11 pegasus_crt.a(main.o)
 .rodata        0xb0813298        0x3 pegasus_crt.a(inet_pton.o)
 .rodata        0xb081329b        0x9 pegasus_crt.a(skbuff.o)
 .rodata        0xb08132a4      0x160 pegasus_crt.a(ipc.o)
 .rodata        0xb0813404       0x41 pegasus_crt.a(utils.o)
 .rodata        0xb0813445       0x21 pegasus_crt.a(forkexit.o)
 .rodata        0xb0813466       0x10 pegasus_crt.a(exec.o)
 *fill*         0xb0813476        0x2 
 .rodata        0xb0813478      0x23d pegasus_crt.a(socket.o)
 *fill*         0xb08136b5        0x3 
 .rodata        0xb08136b8       0x48 pegasus_crt.a(inet.o)
 .rodata        0xb0813700        0x9 pegasus_crt.a(sock.o)
 *fill*         0xb0813709        0x3 
 .rodata        0xb081370c       0xe8 pegasus_crt.a(tcp_sock.o)
 .rodata        0xb08137f4       0x60 pegasus_crt.a(tcp_input.o)
 .rodata        0xb0813854       0x1e pegasus_crt.a(tcp_data.o)
 *fill*         0xb0813872        0x2 
 .rodata        0xb0813874       0x2d pegasus_crt.a(udp_sock.o)
 .rodata        0xb08138a1        0x9 pegasus_crt.a(ip_output.o)
 *fill*         0xb08138aa        0x2 
 .rodata        0xb08138ac       0x31 pegasus_crt.a(tcp.o)
 *fill*         0xb08138dd        0x3 
 .rodata        0xb08138e0       0xc3 pegasus_crt.a(tcp_output.o)
 .rodata        0xb08139a3        0x9 pegasus_crt.a(dst.o)
 .rodata        0xb08139ac        0x9 pegasus_crt.a(udp.o)
 *fill*         0xb08139b5        0x3 
 .rodata        0xb08139b8       0xc7 pegasus_crt.a(arp.o)

.txt            0xb0813a7f       0xaa
 .txt           0xb0813a7f       0x82 pegasus_crt.a(string.o)
                0xb0813a7f                Memcpy2
                0xb0813aad                Memset
                0xb0813acc                Strcpy
                0xb0813ae6                Strlen
 .txt           0xb0813b01       0x28 pegasus_crt.a(hd_rdwt.o)
                0xb0813b01                read_port
                0xb0813b15                write_port

.rodata1
 *(.rodata1)

.eh_frame_hdr
 *(.eh_frame_hdr)
 *(.eh_frame_entry .eh_frame_entry.*)

.eh_frame       0xb0813b2c     0x3eb4
 *(.eh_frame)
 .eh_frame      0xb0813b2c       0x44 test.o
 .eh_frame      0xb0813b70      0x6cc pegasus_crt.a(kernel_main_old.o)
                                0x6e4 (size before relaxing)
 .eh_frame      0xb081423c      0x100 pegasus_crt.a(protect.o)
                                0x118 (size before relaxing)
 .eh_frame      0xb081433c      0x1e0 pegasus_crt.a(console.o)
                                0x1f8 (size before relaxing)
 .eh_frame      0xb081451c       0x80 pegasus_crt.a(process.o)
                                 0x98 (size before relaxing)
 .eh_frame      0xb081459c       0xa0 pegasus_crt.a(keyboard.o)
                                 0xb8 (size before relaxing)
 .eh_frame      0xb081463c      0x364 pegasus_crt.a(mem.o)
                                0x37c (size before relaxing)
 .eh_frame      0xb08149a0       0x60 pegasus_crt.a(exec.o)
                                 0x78 (size before relaxing)
 .eh_frame      0xb0814a00       0x20 pegasus_crt.a(exit.o)
                                 0x38 (size before relaxing)
 .eh_frame      0xb0814a20       0x20 pegasus_crt.a(wait.o)
                                 0x38 (size before relaxing)
 .eh_frame      0xb0814a40       0x20 pegasus_crt.a(fork.o)
                                 0x38 (size before relaxing)
 .eh_frame      0xb0814a60       0x20 pegasus_crt.a(read.o)
                                 0x38 (size before relaxing)
 .eh_frame      0xb0814a80       0x20 pegasus_crt.a(open.o)
                                 0x38 (size before relaxing)
 .eh_frame      0xb0814aa0       0x20 pegasus_crt.a(write.o)
                                 0x38 (size before relaxing)
 .eh_frame      0xb0814ac0       0x20 pegasus_crt.a(close.o)
                                 0x38 (size before relaxing)
 .eh_frame      0xb0814ae0       0xc0 pegasus_crt.a(double_link_list.o)
                                 0xd8 (size before relaxing)
 .eh_frame      0xb0814ba0      0x214 pegasus_crt.a(netdev.o)
                                0x22c (size before relaxing)
 .eh_frame      0xb0814db4       0x40 pegasus_crt.a(task_network.o)
                                 0x58 (size before relaxing)
 .eh_frame      0xb0814df4      0x124 pegasus_crt.a(route.o)
                                0x13c (size before relaxing)
 .eh_frame      0xb0814f18      0x264 pegasus_crt.a(hd.o)
                                0x27c (size before relaxing)
 .eh_frame      0xb081517c      0x27c pegasus_crt.a(fs_main.o)
                                0x294 (size before relaxing)
 .eh_frame      0xb08153f8       0x3c pegasus_crt.a(main.o)
                                 0x54 (size before relaxing)
 .eh_frame      0xb0815434       0x20 pegasus_crt.a(strcmp.o)
                                 0x38 (size before relaxing)
 .eh_frame      0xb0815454       0x20 pegasus_crt.a(perror.o)
                                 0x38 (size before relaxing)
 .eh_frame      0xb0815474       0x20 pegasus_crt.a(sscanf.o)
                                 0x38 (size before relaxing)
 .eh_frame      0xb0815494       0x20 pegasus_crt.a(ntohs.o)
                                 0x38 (size before relaxing)
 .eh_frame      0xb08154b4       0x20 pegasus_crt.a(htons.o)
                                 0x38 (size before relaxing)
 .eh_frame      0xb08154d4       0x40 pegasus_crt.a(inet_pton.o)
                                 0x58 (size before relaxing)
 .eh_frame      0xb0815514       0x20 pegasus_crt.a(ntohl.o)
                                 0x38 (size before relaxing)
 .eh_frame      0xb0815534       0xe0 pegasus_crt.a(skbuff.o)
                                 0xf8 (size before relaxing)
 .eh_frame      0xb0815614      0x254 pegasus_crt.a(ipc.o)
                                0x26c (size before relaxing)
 .eh_frame      0xb0815868       0xe4 pegasus_crt.a(utils.o)
                                 0xfc (size before relaxing)
 .eh_frame      0xb081594c       0x80 pegasus_crt.a(forkexit.o)
                                 0x98 (size before relaxing)
 .eh_frame      0xb08159cc       0x20 pegasus_crt.a(exec.o)
                                 0x38 (size before relaxing)
 .eh_frame      0xb08159ec       0x20 pegasus_crt.a(alloca.o)
                                 0x38 (size before relaxing)
 .eh_frame      0xb0815a0c       0x20 pegasus_crt.a(calloc.o)
                                 0x38 (size before relaxing)
 .eh_frame      0xb0815a2c       0x20 pegasus_crt.a(atoi.o)
                                 0x38 (size before relaxing)
 .eh_frame      0xb0815a4c       0x20 pegasus_crt.a(strtok.o)
                                 0x38 (size before relaxing)
 .eh_frame      0xb0815a6c       0x20 pegasus_crt.a(strpbrk.o)
                                 0x38 (size before relaxing)
 .eh_frame      0xb0815a8c       0xe0 pegasus_crt.a(my_process.o)
                                 0xf8 (size before relaxing)
 .eh_frame      0xb0815b6c      0x2a0 pegasus_crt.a(socket.o)
                                0x2b8 (size before relaxing)
 .eh_frame      0xb0815e0c      0x180 pegasus_crt.a(inet.o)
                                0x198 (size before relaxing)
 .eh_frame      0xb0815f8c      0x1a0 pegasus_crt.a(sock.o)
                                0x1b8 (size before relaxing)
 .eh_frame      0xb081612c      0x4c0 pegasus_crt.a(tcp_sock.o)
                                0x4d8 (size before relaxing)
 .eh_frame      0xb08165ec      0x300 pegasus_crt.a(tcp_input.o)
                                0x318 (size before relaxing)
 .eh_frame      0xb08168ec      0x200 pegasus_crt.a(tcp_data.o)
                                0x218 (size before relaxing)
 .eh_frame      0xb0816aec       0x20 pegasus_crt.a(htonl.o)
                                 0x38 (size before relaxing)
 .eh_frame      0xb0816b0c       0x80 pegasus_crt.a(thread.o)
                                 0x98 (size before relaxing)
 .eh_frame      0xb0816b8c      0x404 pegasus_crt.a(udp_sock.o)
                                0x41c (size before relaxing)
 .eh_frame      0xb0816f90       0x40 pegasus_crt.a(ip_output.o)
                                 0x58 (size before relaxing)
 .eh_frame      0xb0816fd0      0x268 pegasus_crt.a(tcp.o)
                                0x280 (size before relaxing)
 .eh_frame      0xb0817238      0x3c4 pegasus_crt.a(tcp_output.o)
                                0x3dc (size before relaxing)
 .eh_frame      0xb08175fc       0x40 pegasus_crt.a(dst.o)
                                 0x58 (size before relaxing)
 .eh_frame      0xb081763c      0x1e4 pegasus_crt.a(udp.o)
                                0x1fc (size before relaxing)
 .eh_frame      0xb0817820      0x1c0 pegasus_crt.a(arp.o)
                                0x1d8 (size before relaxing)
 *(.eh_frame.*)

.sframe
 *(.sframe)
 *(.sframe.*)

.gcc_except_table
 *(.gcc_except_table .gcc_except_table.*)

.gnu_extab
 *(.gnu_extab*)

.exception_ranges
 *(.exception_ranges*)
                0xb0818000                        . = DATA_SEGMENT_ALIGN (CONSTANT (MAXPAGESIZE), CONSTANT (COMMONPAGESIZE))

.eh_frame
 *(.eh_frame)
 *(.eh_frame.*)

.sframe
 *(.sframe)
 *(.sframe.*)

.gnu_extab
 *(.gnu_extab)

.gcc_except_table
 *(.gcc_except_table .gcc_except_table.*)

.exception_ranges
 *(.exception_ranges*)

.tdata          0xb0818000        0x0
                [!provide]                        PROVIDE (__tdata_start = .)
 *(.tdata .tdata.* .gnu.linkonce.td.*)

.tbss
 *(.tbss .tbss.* .gnu.linkonce.tb.*)
 *(.tcommon)

.preinit_array  0xb0818000        0x0
                [!provide]                        PROVIDE (__preinit_array_start = .)
 *(.preinit_array)
                [!provide]                        PROVIDE (__preinit_array_end = .)

.init_array     0xb0818000        0x0
                [!provide]                        PROVIDE (__init_array_start = .)
 *(SORT_BY_INIT_PRIORITY(.init_array.*) SORT_BY_INIT_PRIORITY(.ctors.*))
 *(.init_array EXCLUDE_FILE(*crtend?.o *crtend.o *crtbegin?.o *crtbegin.o) .ctors)
                [!provide]                        PROVIDE (__init_array_end = .)

.fini_array     0xb0818000        0x0
                [!provide]                        PROVIDE (__fini_array_start = .)
 *(SORT_BY_INIT_PRIORITY(.fini_array.*) SORT_BY_INIT_PRIORITY(.dtors.*))
 *(.fini_array EXCLUDE_FILE(*crtend?.o *crtend.o *crtbegin?.o *crtbegin.o) .dtors)
                [!provide]                        PROVIDE (__fini_array_end = .)

.ctors
 *crtbegin.o(.ctors)
 *crtbegin?.o(.ctors)
 *(EXCLUDE_FILE(*crtend?.o *crtend.o) .ctors)
 *(SORT_BY_NAME(.ctors.*))
 *(.ctors)

.dtors
 *crtbegin.o(.dtors)
 *crtbegin?.o(.dtors)
 *(EXCLUDE_FILE(*crtend?.o *crtend.o) .dtors)
 *(SORT_BY_NAME(.dtors.*))
 *(.dtors)

.jcr
 *(.jcr)

.data.rel.ro
 *(.data.rel.ro.local* .gnu.linkonce.d.rel.ro.local.*)
 *(.data.rel.ro .data.rel.ro.* .gnu.linkonce.d.rel.ro.*)

.dynamic
 *(.dynamic)

.got            0xb0818000        0x0
 *(.got)
 .got           0xb0818000        0x0 test.o
 *(.igot)
                0xb0818000                        . = DATA_SEGMENT_RELRO_END (., (SIZEOF (.got.plt) >= 0xc)?0xc:0x0)

.got.plt        0xb0818000        0x0
 *(.got.plt)
 .got.plt       0xb0818000        0x0 test.o
 *(.igot.plt)
 .igot.plt      0xb0818000        0x0 test.o

.data           0xb0818000      0xb64
 *(.data .data.* .gnu.linkonce.d.*)
 .data          0xb0818000        0x0 test.o
 .data          0xb0818000        0x0 pegasus_crt.a(kernel_main_old.o)
 .data          0xb0818000        0x0 pegasus_crt.a(protect.o)
 .data          0xb0818000        0x0 pegasus_crt.a(console.o)
 .data          0xb0818000        0x0 pegasus_crt.a(process.o)
 .data          0xb0818000      0x600 pegasus_crt.a(keyboard.o)
                0xb0818000                keymap
 .data          0xb0818600        0x0 pegasus_crt.a(mem.o)
 .data          0xb0818600        0x0 pegasus_crt.a(exec.o)
 .data          0xb0818600        0x0 pegasus_crt.a(exit.o)
 .data          0xb0818600        0x0 pegasus_crt.a(wait.o)
 .data          0xb0818600        0x0 pegasus_crt.a(fork.o)
 .data          0xb0818600        0x0 pegasus_crt.a(read.o)
 .data          0xb0818600        0x0 pegasus_crt.a(open.o)
 .data          0xb0818600        0x0 pegasus_crt.a(write.o)
 .data          0xb0818600        0x0 pegasus_crt.a(close.o)
 .data          0xb0818600        0xf pegasus_crt.a(kernel.o)
 *fill*         0xb081860f        0x1 
 .data          0xb0818610        0x0 pegasus_crt.a(syscall.o)
 .data          0xb0818610        0x0 pegasus_crt.a(double_link_list.o)
 *fill*         0xb0818610       0x10 
 .data          0xb0818620      0x160 pegasus_crt.a(global.o)
                0xb0818620                user_task_table
                0xb08186a0                sys_task_table
                0xb0818764                sys_call_table
 .data          0xb0818780        0x4 pegasus_crt.a(netdev.o)
 .data          0xb0818784        0x0 pegasus_crt.a(task_network.o)
 .data          0xb0818784        0x4 pegasus_crt.a(route.o)
 .data          0xb0818788        0x0 pegasus_crt.a(hd.o)
 .data          0xb0818788        0x0 pegasus_crt.a(fs_main.o)
 .data          0xb0818788        0x0 pegasus_crt.a(main.o)
 .data          0xb0818788        0x0 pegasus_crt.a(strcmp.o)
 .data          0xb0818788        0x0 pegasus_crt.a(perror.o)
 .data          0xb0818788        0x0 pegasus_crt.a(sscanf.o)
 .data          0xb0818788        0x0 pegasus_crt.a(ntohs.o)
 .data          0xb0818788        0x0 pegasus_crt.a(htons.o)
 .data          0xb0818788        0x0 pegasus_crt.a(inet_pton.o)
 .data          0xb0818788        0x0 pegasus_crt.a(ntohl.o)
 .data          0xb0818788        0x4 pegasus_crt.a(skbuff.o)
 .data          0xb081878c        0xc pegasus_crt.a(ipc.o)
 .data          0xb0818798        0x4 pegasus_crt.a(utils.o)
 .data          0xb081879c        0x0 pegasus_crt.a(forkexit.o)
 .data          0xb081879c        0x0 pegasus_crt.a(exec.o)
 .data          0xb081879c        0x0 pegasus_crt.a(alloca.o)
 .data          0xb081879c        0x0 pegasus_crt.a(calloc.o)
 .data          0xb081879c        0x0 pegasus_crt.a(atoi.o)
 .data          0xb081879c        0x0 pegasus_crt.a(strtok.o)
 .data          0xb081879c        0x0 pegasus_crt.a(strpbrk.o)
 .data          0xb081879c        0x0 pegasus_crt.a(my_process.o)
 *fill*         0xb081879c        0x4 
 .data          0xb08187a0      0x224 pegasus_crt.a(socket.o)
 *fill*         0xb08189c4       0x1c 
 .data          0xb08189e0       0x80 pegasus_crt.a(inet.o)
                0xb08189e8                inet
 .data          0xb0818a60        0x4 pegasus_crt.a(sock.o)
 *fill*         0xb0818a64       0x1c 
 .data          0xb0818a80       0x54 pegasus_crt.a(tcp_sock.o)
                0xb0818aa0                tcp_ops
 .data          0xb0818ad4        0x4 pegasus_crt.a(tcp_input.o)
 .data          0xb0818ad8        0x4 pegasus_crt.a(tcp_data.o)
 .data          0xb0818adc        0x0 pegasus_crt.a(htonl.o)
 .data          0xb0818adc        0x0 pegasus_crt.a(thread.o)
 *fill*         0xb0818adc        0x4 
 .data          0xb0818ae0       0x54 pegasus_crt.a(udp_sock.o)
                0xb0818b00                udp_ops
 .data          0xb0818b34        0x4 pegasus_crt.a(ip_output.o)
 .data          0xb0818b38        0x8 pegasus_crt.a(tcp.o)
 .data          0xb0818b40        0x4 pegasus_crt.a(tcp_output.o)
 .data          0xb0818b44        0x4 pegasus_crt.a(dst.o)
 .data          0xb0818b48        0x8 pegasus_crt.a(udp.o)
 .data          0xb0818b50       0x14 pegasus_crt.a(arp.o)

.data1
 *(.data1)
                0xb0818b64                        _edata = .
                [!provide]                        PROVIDE (edata = .)
                0xb0818b64                        . = .
                0xb0818b64                        __bss_start = .

.bss            0xb0818b80    0x94e28
 *(.dynbss)
 *(.bss .bss.* .gnu.linkonce.b.*)
 .bss           0xb0818b80        0x0 test.o
 .bss           0xb0818b80        0x0 pegasus_crt.a(kernel_main_old.o)
 .bss           0xb0818b80        0x0 pegasus_crt.a(protect.o)
 .bss           0xb0818b80        0x0 pegasus_crt.a(console.o)
 .bss           0xb0818b80        0x0 pegasus_crt.a(process.o)
 .bss           0xb0818b80        0x0 pegasus_crt.a(keyboard.o)
 .bss           0xb0818b80        0x0 pegasus_crt.a(mem.o)
 .bss           0xb0818b80        0x0 pegasus_crt.a(exec.o)
 .bss           0xb0818b80        0x0 pegasus_crt.a(exit.o)
 .bss           0xb0818b80        0x0 pegasus_crt.a(wait.o)
 .bss           0xb0818b80        0x0 pegasus_crt.a(fork.o)
 .bss           0xb0818b80        0x0 pegasus_crt.a(read.o)
 .bss           0xb0818b80        0x0 pegasus_crt.a(open.o)
 .bss           0xb0818b80        0x0 pegasus_crt.a(write.o)
 .bss           0xb0818b80        0x0 pegasus_crt.a(close.o)
 .bss           0xb0818b80      0x800 pegasus_crt.a(kernel.o)
 .bss           0xb0819380        0x0 pegasus_crt.a(double_link_list.o)
 .bss           0xb0819380        0x0 pegasus_crt.a(global.o)
 .bss           0xb0819380        0x0 pegasus_crt.a(netdev.o)
 .bss           0xb0819380        0x0 pegasus_crt.a(task_network.o)
 .bss           0xb0819380        0x0 pegasus_crt.a(route.o)
 .bss           0xb0819380        0x0 pegasus_crt.a(hd.o)
 .bss           0xb0819380        0x4 pegasus_crt.a(fs_main.o)
                0xb0819380                c
 .bss           0xb0819384        0x0 pegasus_crt.a(main.o)
 .bss           0xb0819384        0x0 pegasus_crt.a(strcmp.o)
 .bss           0xb0819384        0x0 pegasus_crt.a(perror.o)
 .bss           0xb0819384        0x0 pegasus_crt.a(sscanf.o)
 .bss           0xb0819384        0x0 pegasus_crt.a(ntohs.o)
 .bss           0xb0819384        0x0 pegasus_crt.a(htons.o)
 .bss           0xb0819384        0x0 pegasus_crt.a(inet_pton.o)
 .bss           0xb0819384        0x0 pegasus_crt.a(ntohl.o)
 .bss           0xb0819384        0x0 pegasus_crt.a(skbuff.o)
 .bss           0xb0819384        0x4 pegasus_crt.a(ipc.o)
 .bss           0xb0819388        0x0 pegasus_crt.a(utils.o)
 .bss           0xb0819388        0x0 pegasus_crt.a(forkexit.o)
 .bss           0xb0819388        0x0 pegasus_crt.a(exec.o)
 .bss           0xb0819388        0x0 pegasus_crt.a(alloca.o)
 .bss           0xb0819388        0x0 pegasus_crt.a(calloc.o)
 .bss           0xb0819388        0x0 pegasus_crt.a(atoi.o)
 .bss           0xb0819388        0x4 pegasus_crt.a(strtok.o)
 .bss           0xb081938c        0x0 pegasus_crt.a(strpbrk.o)
 .bss           0xb081938c        0x0 pegasus_crt.a(my_process.o)
 .bss           0xb081938c        0x4 pegasus_crt.a(socket.o)
 .bss           0xb0819390        0x0 pegasus_crt.a(inet.o)
 .bss           0xb0819390        0x0 pegasus_crt.a(sock.o)
 .bss           0xb0819390        0x0 pegasus_crt.a(tcp_sock.o)
 .bss           0xb0819390        0x0 pegasus_crt.a(tcp_input.o)
 .bss           0xb0819390        0x0 pegasus_crt.a(tcp_data.o)
 .bss           0xb0819390        0x0 pegasus_crt.a(htonl.o)
 .bss           0xb0819390        0x0 pegasus_crt.a(thread.o)
 .bss           0xb0819390        0x4 pegasus_crt.a(udp_sock.o)
 .bss           0xb0819394        0x0 pegasus_crt.a(ip_output.o)
 .bss           0xb0819394        0x0 pegasus_crt.a(tcp.o)
 .bss           0xb0819394        0x0 pegasus_crt.a(tcp_output.o)
 .bss           0xb0819394        0x0 pegasus_crt.a(dst.o)
 .bss           0xb0819394        0x0 pegasus_crt.a(udp.o)
 .bss           0xb0819394        0x0 pegasus_crt.a(arp.o)
 *(COMMON)
 *fill*         0xb0819394        0xc 
 COMMON         0xb08193a0     0x17b8 pegasus_crt.a(kernel_main_old.o)
                0xb08193a0                current_tty
                0xb08193a4                is_e0
                0xb08193a8                idt_ptr
                0xb08193b0                pid
                0xb08193b4                KernelVirtualMemory
                0xb08193c0                loop
                0xb08193c4                current_dis_pos
                0xb08193c8                dis_pos
                0xb08193cc                netdev
                0xb08193d0                k_reenter
                0xb08193e0                gdt
                0xb08197e0                proc_ready_table
                0xb08197e4                test_ticks
                0xb08197e8                pcaller
                0xb0819800                keyboard_buffer
                0xb0819a0c                pcb_list
                0xb0819a1c                gdt_index
                0xb0819a20                tty_table
                0xb081a260                tss
                0xb081a2cc                KernelPool
                0xb081a2dc                net_buf
                0xb081a2e0                nic_current_page
                0xb081a2e4                counter
                0xb081a2e8                key_pressed
                0xb081a2ec                fork_pid
                0xb081a2f0                is_shift
                0xb081a2f1                net_data
                0xb081a2f4                routes
                0xb081a2f8                gdt_ptr
                0xb081a300                idt
                0xb081ab00                main_thread
                0xb081ab08                ticks
                0xb081ab10                is_init
                0xb081ab14                UserPool
                0xb081ab24                all_pcb_list
                0xb081ab34                console_table
                0xb081ab44                is_disp
                0xb081ab48                MAIN_THREAD_PAGE_DIRECTORY
                0xb081ab4c                helloStr
 *fill*         0xb081ab58        0x8 
 COMMON         0xb081ab60       0xa8 pegasus_crt.a(mem.o)
                0xb081ab60                kernel_mem_block_decs_array
 *fill*         0xb081ac08       0x18 
 COMMON         0xb081ac20    0x91ad0 pegasus_crt.a(global.o)
                0xb081ac20                proc_stack
                0xb08aac20                proc_table
 *fill*         0xb08ac6f0       0x10 
 COMMON         0xb08ac700      0x440 pegasus_crt.a(hd.o)
                0xb08ac700                hd_info
                0xb08ac940                hd_cache
 COMMON         0xb08acb40      0xe68 pegasus_crt.a(fs_main.o)
                0xb08acb40                file_desc_table
                0xb08acf40                phy_super_block_buf
                0xb08acf44                phy_fsbuf
                0xb08acf60                inode_table
                0xb08ad960                super_block_buf
                0xb08ad964                fsbuf
                0xb08ad980                root
                0xb08ad9a8                        . = ALIGN ((. != 0x0)?0x4:0x1)
                0xb08ad9a8                        . = ALIGN (0x4)
                0xb08ad9a8                        . = SEGMENT_START ("ldata-segment", .)
                0xb08ad9a8                        . = ALIGN (0x4)
                0xb08ad9a8                        _end = .
                [!provide]                        PROVIDE (end = .)
                0xb08ad9a8                        . = DATA_SEGMENT_END (.)

.stab
 *(.stab)

.stabstr
 *(.stabstr)

.stab.excl
 *(.stab.excl)

.stab.exclstr
 *(.stab.exclstr)

.stab.index
 *(.stab.index)

.stab.indexstr
 *(.stab.indexstr)

.comment        0x00000000       0x2c
 *(.comment)
 .comment       0x00000000       0x2c test.o
                                 0x2d (size before relaxing)
 .comment       0x0000002c       0x2d pegasus_crt.a(kernel_main_old.o)
 .comment       0x0000002c       0x2d pegasus_crt.a(protect.o)
 .comment       0x0000002c       0x2d pegasus_crt.a(console.o)
 .comment       0x0000002c       0x2d pegasus_crt.a(process.o)
 .comment       0x0000002c       0x2d pegasus_crt.a(keyboard.o)
 .comment       0x0000002c       0x2d pegasus_crt.a(mem.o)
 .comment       0x0000002c       0x2d pegasus_crt.a(exec.o)
 .comment       0x0000002c       0x2d pegasus_crt.a(exit.o)
 .comment       0x0000002c       0x2d pegasus_crt.a(wait.o)
 .comment       0x0000002c       0x2d pegasus_crt.a(fork.o)
 .comment       0x0000002c       0x2d pegasus_crt.a(read.o)
 .comment       0x0000002c       0x2d pegasus_crt.a(open.o)
 .comment       0x0000002c       0x2d pegasus_crt.a(write.o)
 .comment       0x0000002c       0x2d pegasus_crt.a(close.o)
 .comment       0x0000002c       0x2d pegasus_crt.a(double_link_list.o)
 .comment       0x0000002c       0x2d pegasus_crt.a(global.o)
 .comment       0x0000002c       0x2d pegasus_crt.a(netdev.o)
 .comment       0x0000002c       0x2d pegasus_crt.a(task_network.o)
 .comment       0x0000002c       0x2d pegasus_crt.a(route.o)
 .comment       0x0000002c       0x2d pegasus_crt.a(hd.o)
 .comment       0x0000002c       0x2d pegasus_crt.a(fs_main.o)
 .comment       0x0000002c       0x2d pegasus_crt.a(main.o)
 .comment       0x0000002c       0x2d pegasus_crt.a(strcmp.o)
 .comment       0x0000002c       0x2d pegasus_crt.a(perror.o)
 .comment       0x0000002c       0x2d pegasus_crt.a(sscanf.o)
 .comment       0x0000002c       0x2d pegasus_crt.a(ntohs.o)
 .comment       0x0000002c       0x2d pegasus_crt.a(htons.o)
 .comment       0x0000002c       0x2d pegasus_crt.a(inet_pton.o)
 .comment       0x0000002c       0x2d pegasus_crt.a(ntohl.o)
 .comment       0x0000002c       0x2d pegasus_crt.a(skbuff.o)
 .comment       0x0000002c       0x2d pegasus_crt.a(ipc.o)
 .comment       0x0000002c       0x2d pegasus_crt.a(utils.o)
 .comment       0x0000002c       0x2d pegasus_crt.a(forkexit.o)
 .comment       0x0000002c       0x2d pegasus_crt.a(exec.o)
 .comment       0x0000002c       0x2d pegasus_crt.a(alloca.o)
 .comment       0x0000002c       0x2d pegasus_crt.a(calloc.o)
 .comment       0x0000002c       0x2d pegasus_crt.a(atoi.o)
 .comment       0x0000002c       0x2d pegasus_crt.a(strtok.o)
 .comment       0x0000002c       0x2d pegasus_crt.a(strpbrk.o)
 .comment       0x0000002c       0x2d pegasus_crt.a(my_process.o)
 .comment       0x0000002c       0x2d pegasus_crt.a(socket.o)
 .comment       0x0000002c       0x2d pegasus_crt.a(inet.o)
 .comment       0x0000002c       0x2d pegasus_crt.a(sock.o)
 .comment       0x0000002c       0x2d pegasus_crt.a(tcp_sock.o)
 .comment       0x0000002c       0x2d pegasus_crt.a(tcp_input.o)
 .comment       0x0000002c       0x2d pegasus_crt.a(tcp_data.o)
 .comment       0x0000002c       0x2d pegasus_crt.a(htonl.o)
 .comment       0x0000002c       0x2d pegasus_crt.a(thread.o)
 .comment       0x0000002c       0x2d pegasus_crt.a(udp_sock.o)
 .comment       0x0000002c       0x2d pegasus_crt.a(ip_output.o)
 .comment       0x0000002c       0x2d pegasus_crt.a(tcp.o)
 .comment       0x0000002c       0x2d pegasus_crt.a(tcp_output.o)
 .comment       0x0000002c       0x2d pegasus_crt.a(dst.o)
 .comment       0x0000002c       0x2d pegasus_crt.a(udp.o)
 .comment       0x0000002c       0x2d pegasus_crt.a(arp.o)

.gnu.build.attributes
 *(.gnu.build.attributes .gnu.build.attributes.*)

.debug
 *(.debug)

.line
 *(.line)

.debug_srcinfo
 *(.debug_srcinfo)

.debug_sfnames
 *(.debug_sfnames)

.debug_aranges  0x00000000      0x6d8
 *(.debug_aranges)
 .debug_aranges
                0x00000000       0x20 pegasus_crt.a(kernel_main_old.o)
 .debug_aranges
                0x00000020       0x20 pegasus_crt.a(protect.o)
 .debug_aranges
                0x00000040       0x20 pegasus_crt.a(console.o)
 .debug_aranges
                0x00000060       0x20 pegasus_crt.a(process.o)
 .debug_aranges
                0x00000080       0x20 pegasus_crt.a(keyboard.o)
 .debug_aranges
                0x000000a0       0x20 pegasus_crt.a(mem.o)
 .debug_aranges
                0x000000c0       0x20 pegasus_crt.a(exec.o)
 .debug_aranges
                0x000000e0       0x20 pegasus_crt.a(exit.o)
 .debug_aranges
                0x00000100       0x20 pegasus_crt.a(wait.o)
 .debug_aranges
                0x00000120       0x20 pegasus_crt.a(fork.o)
 .debug_aranges
                0x00000140       0x20 pegasus_crt.a(read.o)
 .debug_aranges
                0x00000160       0x20 pegasus_crt.a(open.o)
 .debug_aranges
                0x00000180       0x20 pegasus_crt.a(write.o)
 .debug_aranges
                0x000001a0       0x20 pegasus_crt.a(close.o)
 .debug_aranges
                0x000001c0       0x20 pegasus_crt.a(double_link_list.o)
 .debug_aranges
                0x000001e0       0x18 pegasus_crt.a(global.o)
 .debug_aranges
                0x000001f8       0x20 pegasus_crt.a(netdev.o)
 .debug_aranges
                0x00000218       0x20 pegasus_crt.a(task_network.o)
 .debug_aranges
                0x00000238       0x20 pegasus_crt.a(route.o)
 .debug_aranges
                0x00000258       0x20 pegasus_crt.a(hd.o)
 .debug_aranges
                0x00000278       0x20 pegasus_crt.a(fs_main.o)
 .debug_aranges
                0x00000298       0x20 pegasus_crt.a(main.o)
 .debug_aranges
                0x000002b8       0x20 pegasus_crt.a(strcmp.o)
 .debug_aranges
                0x000002d8       0x20 pegasus_crt.a(perror.o)
 .debug_aranges
                0x000002f8       0x20 pegasus_crt.a(sscanf.o)
 .debug_aranges
                0x00000318       0x20 pegasus_crt.a(ntohs.o)
 .debug_aranges
                0x00000338       0x20 pegasus_crt.a(htons.o)
 .debug_aranges
                0x00000358       0x20 pegasus_crt.a(inet_pton.o)
 .debug_aranges
                0x00000378       0x20 pegasus_crt.a(ntohl.o)
 .debug_aranges
                0x00000398       0x20 pegasus_crt.a(skbuff.o)
 .debug_aranges
                0x000003b8       0x20 pegasus_crt.a(ipc.o)
 .debug_aranges
                0x000003d8       0x20 pegasus_crt.a(utils.o)
 .debug_aranges
                0x000003f8       0x20 pegasus_crt.a(forkexit.o)
 .debug_aranges
                0x00000418       0x20 pegasus_crt.a(exec.o)
 .debug_aranges
                0x00000438       0x20 pegasus_crt.a(alloca.o)
 .debug_aranges
                0x00000458       0x20 pegasus_crt.a(calloc.o)
 .debug_aranges
                0x00000478       0x20 pegasus_crt.a(atoi.o)
 .debug_aranges
                0x00000498       0x20 pegasus_crt.a(strtok.o)
 .debug_aranges
                0x000004b8       0x20 pegasus_crt.a(strpbrk.o)
 .debug_aranges
                0x000004d8       0x20 pegasus_crt.a(my_process.o)
 .debug_aranges
                0x000004f8       0x20 pegasus_crt.a(socket.o)
 .debug_aranges
                0x00000518       0x20 pegasus_crt.a(inet.o)
 .debug_aranges
                0x00000538       0x20 pegasus_crt.a(sock.o)
 .debug_aranges
                0x00000558       0x20 pegasus_crt.a(tcp_sock.o)
 .debug_aranges
                0x00000578       0x20 pegasus_crt.a(tcp_input.o)
 .debug_aranges
                0x00000598       0x20 pegasus_crt.a(tcp_data.o)
 .debug_aranges
                0x000005b8       0x20 pegasus_crt.a(htonl.o)
 .debug_aranges
                0x000005d8       0x20 pegasus_crt.a(thread.o)
 .debug_aranges
                0x000005f8       0x20 pegasus_crt.a(udp_sock.o)
 .debug_aranges
                0x00000618       0x20 pegasus_crt.a(ip_output.o)
 .debug_aranges
                0x00000638       0x20 pegasus_crt.a(tcp.o)
 .debug_aranges
                0x00000658       0x20 pegasus_crt.a(tcp_output.o)
 .debug_aranges
                0x00000678       0x20 pegasus_crt.a(dst.o)
 .debug_aranges
                0x00000698       0x20 pegasus_crt.a(udp.o)
 .debug_aranges
                0x000006b8       0x20 pegasus_crt.a(arp.o)

.debug_pubnames
 *(.debug_pubnames)

.debug_info     0x00000000    0x39628
 *(.debug_info .gnu.linkonce.wi.*)
 .debug_info    0x00000000     0x28d0 pegasus_crt.a(kernel_main_old.o)
 .debug_info    0x000028d0     0x1224 pegasus_crt.a(protect.o)
 .debug_info    0x00003af4     0x12f9 pegasus_crt.a(console.o)
 .debug_info    0x00004ded      0xfd1 pegasus_crt.a(process.o)
 .debug_info    0x00005dbe     0x104d pegasus_crt.a(keyboard.o)
 .debug_info    0x00006e0b     0x1d5e pegasus_crt.a(mem.o)
 .debug_info    0x00008b69      0xfaf pegasus_crt.a(exec.o)
 .debug_info    0x00009b18      0xe22 pegasus_crt.a(exit.o)
 .debug_info    0x0000a93a      0xe30 pegasus_crt.a(wait.o)
 .debug_info    0x0000b76a      0xe17 pegasus_crt.a(fork.o)
 .debug_info    0x0000c581      0xea1 pegasus_crt.a(read.o)
 .debug_info    0x0000d422      0xe02 pegasus_crt.a(open.o)
 .debug_info    0x0000e224      0xe9e pegasus_crt.a(write.o)
 .debug_info    0x0000f0c2      0xdb6 pegasus_crt.a(close.o)
 .debug_info    0x0000fe78     0x10b1 pegasus_crt.a(double_link_list.o)
 .debug_info    0x00010f29      0xef9 pegasus_crt.a(global.o)
 .debug_info    0x00011e22     0x1788 pegasus_crt.a(netdev.o)
 .debug_info    0x000135aa      0x6ad pegasus_crt.a(task_network.o)
 .debug_info    0x00013c57     0x12a0 pegasus_crt.a(route.o)
 .debug_info    0x00014ef7     0x1868 pegasus_crt.a(hd.o)
 .debug_info    0x0001675f     0x1faa pegasus_crt.a(fs_main.o)
 .debug_info    0x00018709      0xe3b pegasus_crt.a(main.o)
 .debug_info    0x00019544       0xc1 pegasus_crt.a(strcmp.o)
 .debug_info    0x00019605       0x5c pegasus_crt.a(perror.o)
 .debug_info    0x00019661      0x20e pegasus_crt.a(sscanf.o)
 .debug_info    0x0001986f       0xa8 pegasus_crt.a(ntohs.o)
 .debug_info    0x00019917       0xa8 pegasus_crt.a(htons.o)
 .debug_info    0x000199bf      0x260 pegasus_crt.a(inet_pton.o)
 .debug_info    0x00019c1f       0xcb pegasus_crt.a(ntohl.o)
 .debug_info    0x00019cea     0x11cc pegasus_crt.a(skbuff.o)
 .debug_info    0x0001aeb6     0x1d2c pegasus_crt.a(ipc.o)
 .debug_info    0x0001cbe2      0x367 pegasus_crt.a(utils.o)
 .debug_info    0x0001cf49     0x100d pegasus_crt.a(forkexit.o)
 .debug_info    0x0001df56     0x1249 pegasus_crt.a(exec.o)
 .debug_info    0x0001f19f       0xb6 pegasus_crt.a(alloca.o)
 .debug_info    0x0001f255      0xf28 pegasus_crt.a(calloc.o)
 .debug_info    0x0002017d       0xc9 pegasus_crt.a(atoi.o)
 .debug_info    0x00020246       0xae pegasus_crt.a(strtok.o)
 .debug_info    0x000202f4       0xcf pegasus_crt.a(strpbrk.o)
 .debug_info    0x000203c3     0x150c pegasus_crt.a(my_process.o)
 .debug_info    0x000218cf     0x1c35 pegasus_crt.a(socket.o)
 .debug_info    0x00023504     0x1a9a pegasus_crt.a(inet.o)
 .debug_info    0x00024f9e     0x1896 pegasus_crt.a(sock.o)
 .debug_info    0x00026834     0x2235 pegasus_crt.a(tcp_sock.o)
 .debug_info    0x00028a69     0x2147 pegasus_crt.a(tcp_input.o)
 .debug_info    0x0002abb0     0x1dad pegasus_crt.a(tcp_data.o)
 .debug_info    0x0002c95d       0xcb pegasus_crt.a(htonl.o)
 .debug_info    0x0002ca28     0x10d8 pegasus_crt.a(thread.o)
 .debug_info    0x0002db00     0x1f13 pegasus_crt.a(udp_sock.o)
 .debug_info    0x0002fa13     0x177b pegasus_crt.a(ip_output.o)
 .debug_info    0x0003118e     0x1e44 pegasus_crt.a(tcp.o)
 .debug_info    0x00032fd2     0x235f pegasus_crt.a(tcp_output.o)
 .debug_info    0x00035331     0x1220 pegasus_crt.a(dst.o)
 .debug_info    0x00036551     0x1b44 pegasus_crt.a(udp.o)
 .debug_info    0x00038095     0x1593 pegasus_crt.a(arp.o)

.debug_abbrev   0x00000000     0x6e09
 *(.debug_abbrev)
 .debug_abbrev  0x00000000      0x43a pegasus_crt.a(kernel_main_old.o)
 .debug_abbrev  0x0000043a      0x227 pegasus_crt.a(protect.o)
 .debug_abbrev  0x00000661      0x2ac pegasus_crt.a(console.o)
 .debug_abbrev  0x0000090d      0x1e0 pegasus_crt.a(process.o)
 .debug_abbrev  0x00000aed      0x1fb pegasus_crt.a(keyboard.o)
 .debug_abbrev  0x00000ce8      0x330 pegasus_crt.a(mem.o)
 .debug_abbrev  0x00001018      0x1e8 pegasus_crt.a(exec.o)
 .debug_abbrev  0x00001200      0x19b pegasus_crt.a(exit.o)
 .debug_abbrev  0x0000139b      0x19f pegasus_crt.a(wait.o)
 .debug_abbrev  0x0000153a      0x18a pegasus_crt.a(fork.o)
 .debug_abbrev  0x000016c4      0x1ef pegasus_crt.a(read.o)
 .debug_abbrev  0x000018b3      0x1c5 pegasus_crt.a(open.o)
 .debug_abbrev  0x00001a78      0x1db pegasus_crt.a(write.o)
 .debug_abbrev  0x00001c53      0x19d pegasus_crt.a(close.o)
 .debug_abbrev  0x00001df0      0x216 pegasus_crt.a(double_link_list.o)
 .debug_abbrev  0x00002006      0x157 pegasus_crt.a(global.o)
 .debug_abbrev  0x0000215d      0x2f4 pegasus_crt.a(netdev.o)
 .debug_abbrev  0x00002451      0x16b pegasus_crt.a(task_network.o)
 .debug_abbrev  0x000025bc      0x24e pegasus_crt.a(route.o)
 .debug_abbrev  0x0000280a      0x2e3 pegasus_crt.a(hd.o)
 .debug_abbrev  0x00002aed      0x2f8 pegasus_crt.a(fs_main.o)
 .debug_abbrev  0x00002de5      0x208 pegasus_crt.a(main.o)
 .debug_abbrev  0x00002fed       0x94 pegasus_crt.a(strcmp.o)
 .debug_abbrev  0x00003081       0x5c pegasus_crt.a(perror.o)
 .debug_abbrev  0x000030dd       0xdd pegasus_crt.a(sscanf.o)
 .debug_abbrev  0x000031ba       0x6c pegasus_crt.a(ntohs.o)
 .debug_abbrev  0x00003226       0x6c pegasus_crt.a(htons.o)
 .debug_abbrev  0x00003292      0x116 pegasus_crt.a(inet_pton.o)
 .debug_abbrev  0x000033a8       0xa5 pegasus_crt.a(ntohl.o)
 .debug_abbrev  0x0000344d      0x23f pegasus_crt.a(skbuff.o)
 .debug_abbrev  0x0000368c      0x2ee pegasus_crt.a(ipc.o)
 .debug_abbrev  0x0000397a      0x17a pegasus_crt.a(utils.o)
 .debug_abbrev  0x00003af4      0x204 pegasus_crt.a(forkexit.o)
 .debug_abbrev  0x00003cf8      0x1c4 pegasus_crt.a(exec.o)
 .debug_abbrev  0x00003ebc       0xcd pegasus_crt.a(alloca.o)
 .debug_abbrev  0x00003f89      0x191 pegasus_crt.a(calloc.o)
 .debug_abbrev  0x0000411a       0x94 pegasus_crt.a(atoi.o)
 .debug_abbrev  0x000041ae       0x91 pegasus_crt.a(strtok.o)
 .debug_abbrev  0x0000423f       0xa5 pegasus_crt.a(strpbrk.o)
 .debug_abbrev  0x000042e4      0x260 pegasus_crt.a(my_process.o)
 .debug_abbrev  0x00004544      0x327 pegasus_crt.a(socket.o)
 .debug_abbrev  0x0000486b      0x24b pegasus_crt.a(inet.o)
 .debug_abbrev  0x00004ab6      0x273 pegasus_crt.a(sock.o)
 .debug_abbrev  0x00004d29      0x3e6 pegasus_crt.a(tcp_sock.o)
 .debug_abbrev  0x0000510f      0x355 pegasus_crt.a(tcp_input.o)
 .debug_abbrev  0x00005464      0x2a6 pegasus_crt.a(tcp_data.o)
 .debug_abbrev  0x0000570a       0xa5 pegasus_crt.a(htonl.o)
 .debug_abbrev  0x000057af      0x222 pegasus_crt.a(thread.o)
 .debug_abbrev  0x000059d1      0x3b1 pegasus_crt.a(udp_sock.o)
 .debug_abbrev  0x00005d82      0x213 pegasus_crt.a(ip_output.o)
 .debug_abbrev  0x00005f95      0x332 pegasus_crt.a(tcp.o)
 .debug_abbrev  0x000062c7      0x39b pegasus_crt.a(tcp_output.o)
 .debug_abbrev  0x00006662      0x204 pegasus_crt.a(dst.o)
 .debug_abbrev  0x00006866      0x2d3 pegasus_crt.a(udp.o)
 .debug_abbrev  0x00006b39      0x2d0 pegasus_crt.a(arp.o)

.debug_line     0x00000000     0x931b
 *(.debug_line .debug_line.* .debug_line_end)
 .debug_line    0x00000000      0xe4d pegasus_crt.a(kernel_main_old.o)
 .debug_line    0x00000e4d      0x21d pegasus_crt.a(protect.o)
 .debug_line    0x0000106a      0x56c pegasus_crt.a(console.o)
 .debug_line    0x000015d6      0x1d8 pegasus_crt.a(process.o)
 .debug_line    0x000017ae      0x2b4 pegasus_crt.a(keyboard.o)
 .debug_line    0x00001a62      0x778 pegasus_crt.a(mem.o)
 .debug_line    0x000021da      0x1a9 pegasus_crt.a(exec.o)
 .debug_line    0x00002383       0xbe pegasus_crt.a(exit.o)
 .debug_line    0x00002441       0xd5 pegasus_crt.a(wait.o)
 .debug_line    0x00002516       0xc3 pegasus_crt.a(fork.o)
 .debug_line    0x000025d9      0x15b pegasus_crt.a(read.o)
 .debug_line    0x00002734       0xc3 pegasus_crt.a(open.o)
 .debug_line    0x000027f7       0xe0 pegasus_crt.a(write.o)
 .debug_line    0x000028d7       0xb3 pegasus_crt.a(close.o)
 .debug_line    0x0000298a      0x235 pegasus_crt.a(double_link_list.o)
 .debug_line    0x00002bbf       0xb3 pegasus_crt.a(global.o)
 .debug_line    0x00002c72      0x405 pegasus_crt.a(netdev.o)
 .debug_line    0x00003077       0xe8 pegasus_crt.a(task_network.o)
 .debug_line    0x0000315f      0x240 pegasus_crt.a(route.o)
 .debug_line    0x0000339f      0x64d pegasus_crt.a(hd.o)
 .debug_line    0x000039ec      0xc43 pegasus_crt.a(fs_main.o)
 .debug_line    0x0000462f      0x10a pegasus_crt.a(main.o)
 .debug_line    0x00004739       0x9c pegasus_crt.a(strcmp.o)
 .debug_line    0x000047d5       0x48 pegasus_crt.a(perror.o)
 .debug_line    0x0000481d      0x1d2 pegasus_crt.a(sscanf.o)
 .debug_line    0x000049ef       0x6c pegasus_crt.a(ntohs.o)
 .debug_line    0x00004a5b       0x6c pegasus_crt.a(htons.o)
 .debug_line    0x00004ac7      0x167 pegasus_crt.a(inet_pton.o)
 .debug_line    0x00004c2e       0xc1 pegasus_crt.a(ntohl.o)
 .debug_line    0x00004cef      0x1ab pegasus_crt.a(skbuff.o)
 .debug_line    0x00004e9a      0x5fb pegasus_crt.a(ipc.o)
 .debug_line    0x00005495      0x13c pegasus_crt.a(utils.o)
 .debug_line    0x000055d1      0x192 pegasus_crt.a(forkexit.o)
 .debug_line    0x00005763      0x22a pegasus_crt.a(exec.o)
 .debug_line    0x0000598d       0x5f pegasus_crt.a(alloca.o)
 .debug_line    0x000059ec       0xf9 pegasus_crt.a(calloc.o)
 .debug_line    0x00005ae5       0xad pegasus_crt.a(atoi.o)
 .debug_line    0x00005b92       0x6e pegasus_crt.a(strtok.o)
 .debug_line    0x00005c00       0xb0 pegasus_crt.a(strpbrk.o)
 .debug_line    0x00005cb0      0x359 pegasus_crt.a(my_process.o)
 .debug_line    0x00006009      0x3c8 pegasus_crt.a(socket.o)
 .debug_line    0x000063d1      0x326 pegasus_crt.a(inet.o)
 .debug_line    0x000066f7      0x238 pegasus_crt.a(sock.o)
 .debug_line    0x0000692f      0x594 pegasus_crt.a(tcp_sock.o)
 .debug_line    0x00006ec3      0x671 pegasus_crt.a(tcp_input.o)
 .debug_line    0x00007534      0x3ff pegasus_crt.a(tcp_data.o)
 .debug_line    0x00007933       0xc1 pegasus_crt.a(htonl.o)
 .debug_line    0x000079f4      0x163 pegasus_crt.a(thread.o)
 .debug_line    0x00007b57      0x4c8 pegasus_crt.a(udp_sock.o)
 .debug_line    0x0000801f      0x20b pegasus_crt.a(ip_output.o)
 .debug_line    0x0000822a      0x30d pegasus_crt.a(tcp.o)
 .debug_line    0x00008537      0x5a1 pegasus_crt.a(tcp_output.o)
 .debug_line    0x00008ad8      0x16b pegasus_crt.a(dst.o)
 .debug_line    0x00008c43      0x302 pegasus_crt.a(udp.o)
 .debug_line    0x00008f45      0x3d6 pegasus_crt.a(arp.o)

.debug_frame
 *(.debug_frame)

.debug_str      0x00000000     0x34a7
 *(.debug_str)
 .debug_str     0x00000000     0x34a7 pegasus_crt.a(kernel_main_old.o)
                                0xba3 (size before relaxing)
 .debug_str     0x000034a7      0x783 pegasus_crt.a(protect.o)
 .debug_str     0x000034a7      0x777 pegasus_crt.a(console.o)
 .debug_str     0x000034a7      0x662 pegasus_crt.a(process.o)
 .debug_str     0x000034a7      0x6b4 pegasus_crt.a(keyboard.o)
 .debug_str     0x000034a7      0xab9 pegasus_crt.a(mem.o)
 .debug_str     0x000034a7      0x644 pegasus_crt.a(exec.o)
 .debug_str     0x000034a7      0x5bd pegasus_crt.a(exit.o)
 .debug_str     0x000034a7      0x5bd pegasus_crt.a(wait.o)
 .debug_str     0x000034a7      0x5b6 pegasus_crt.a(fork.o)
 .debug_str     0x000034a7      0x617 pegasus_crt.a(read.o)
 .debug_str     0x000034a7      0x5de pegasus_crt.a(open.o)
 .debug_str     0x000034a7      0x5f3 pegasus_crt.a(write.o)
 .debug_str     0x000034a7      0x5a6 pegasus_crt.a(close.o)
 .debug_str     0x000034a7      0x6fa pegasus_crt.a(double_link_list.o)
 .debug_str     0x000034a7      0x628 pegasus_crt.a(global.o)
 .debug_str     0x000034a7      0x89c pegasus_crt.a(netdev.o)
 .debug_str     0x000034a7      0x2b8 pegasus_crt.a(task_network.o)
 .debug_str     0x000034a7      0x74c pegasus_crt.a(route.o)
 .debug_str     0x000034a7      0x931 pegasus_crt.a(hd.o)
 .debug_str     0x000034a7      0xb12 pegasus_crt.a(fs_main.o)
 .debug_str     0x000034a7      0x5b0 pegasus_crt.a(main.o)
 .debug_str     0x000034a7       0xb1 pegasus_crt.a(strcmp.o)
 .debug_str     0x000034a7       0x99 pegasus_crt.a(perror.o)
 .debug_str     0x000034a7      0x102 pegasus_crt.a(sscanf.o)
 .debug_str     0x000034a7      0x101 pegasus_crt.a(ntohs.o)
 .debug_str     0x000034a7      0x102 pegasus_crt.a(htons.o)
 .debug_str     0x000034a7      0x14c pegasus_crt.a(inet_pton.o)
 .debug_str     0x000034a7       0xf3 pegasus_crt.a(ntohl.o)
 .debug_str     0x000034a7      0x71a pegasus_crt.a(skbuff.o)
 .debug_str     0x000034a7      0x910 pegasus_crt.a(ipc.o)
 .debug_str     0x000034a7      0x1b8 pegasus_crt.a(utils.o)
 .debug_str     0x000034a7      0x62f pegasus_crt.a(forkexit.o)
 .debug_str     0x000034a7      0x885 pegasus_crt.a(exec.o)
 .debug_str     0x000034a7       0xce pegasus_crt.a(alloca.o)
 .debug_str     0x000034a7      0x649 pegasus_crt.a(calloc.o)
 .debug_str     0x000034a7       0xad pegasus_crt.a(atoi.o)
 .debug_str     0x000034a7       0xb9 pegasus_crt.a(strtok.o)
 .debug_str     0x000034a7       0xc1 pegasus_crt.a(strpbrk.o)
 .debug_str     0x000034a7      0x916 pegasus_crt.a(my_process.o)
 .debug_str     0x000034a7      0x946 pegasus_crt.a(socket.o)
 .debug_str     0x000034a7      0x905 pegasus_crt.a(inet.o)
 .debug_str     0x000034a7      0x8bd pegasus_crt.a(sock.o)
 .debug_str     0x000034a7      0xcc7 pegasus_crt.a(tcp_sock.o)
 .debug_str     0x000034a7      0xb94 pegasus_crt.a(tcp_input.o)
 .debug_str     0x000034a7      0xa50 pegasus_crt.a(tcp_data.o)
 .debug_str     0x000034a7       0xf4 pegasus_crt.a(htonl.o)
 .debug_str     0x000034a7      0x72f pegasus_crt.a(thread.o)
 .debug_str     0x000034a7      0xa78 pegasus_crt.a(udp_sock.o)
 .debug_str     0x000034a7      0x85d pegasus_crt.a(ip_output.o)
 .debug_str     0x000034a7      0xb34 pegasus_crt.a(tcp.o)
 .debug_str     0x000034a7      0xc24 pegasus_crt.a(tcp_output.o)
 .debug_str     0x000034a7      0x729 pegasus_crt.a(dst.o)
 .debug_str     0x000034a7      0x954 pegasus_crt.a(udp.o)
 .debug_str     0x000034a7      0x838 pegasus_crt.a(arp.o)

.debug_loc
 *(.debug_loc)

.debug_macinfo
 *(.debug_macinfo)

.debug_weaknames
 *(.debug_weaknames)

.debug_funcnames
 *(.debug_funcnames)

.debug_typenames
 *(.debug_typenames)

.debug_varnames
 *(.debug_varnames)

.debug_pubtypes
 *(.debug_pubtypes)

.debug_ranges   0x00000000       0x90
 *(.debug_ranges)
 .debug_ranges  0x00000000       0x30 pegasus_crt.a(kernel_main_old.o)
 .debug_ranges  0x00000030       0x48 pegasus_crt.a(hd.o)
 .debug_ranges  0x00000078       0x18 pegasus_crt.a(exec.o)

.debug_addr
 *(.debug_addr)

.debug_line_str
 *(.debug_line_str)

.debug_loclists
 *(.debug_loclists)

.debug_macro
 *(.debug_macro)

.debug_names
 *(.debug_names)

.debug_rnglists
 *(.debug_rnglists)

.debug_str_offsets
 *(.debug_str_offsets)

.debug_sup
 *(.debug_sup)

.gnu.attributes
 *(.gnu.attributes)

/DISCARD/
 *(.note.GNU-stack)
 *(.gnu_debuglink)
 *(.gnu.lto_*)
OUTPUT(test elf32-i386)
