Archive member included to satisfy reference by file (symbol)

pegasus_crt.a(kernel_main_old.o)
                              test.o (Printf)
pegasus_crt.a(protect.o)      pegasus_crt.a(kernel_main_old.o) (InitInterruptDesc)
pegasus_crt.a(console.o)      pegasus_crt.a(kernel_main_old.o) (out_char)
pegasus_crt.a(process.o)      pegasus_crt.a(kernel_main_old.o) (schedule_process)
pegasus_crt.a(keyboard.o)     pegasus_crt.a(console.o) (keyboard_read)
pegasus_crt.a(mem.o)          pegasus_crt.a(kernel_main_old.o) (ptr_pde)
pegasus_crt.a(exec.o)         pegasus_crt.a(kernel_main_old.o) (execl)
pegasus_crt.a(exit.o)         start.o (exit)
pegasus_crt.a(wait.o)         pegasus_crt.a(kernel_main_old.o) (wait)
pegasus_crt.a(fork.o)         pegasus_crt.a(kernel_main_old.o) (fork)
pegasus_crt.a(read.o)         pegasus_crt.a(kernel_main_old.o) (read)
pegasus_crt.a(open.o)         pegasus_crt.a(kernel_main_old.o) (open)
pegasus_crt.a(write.o)        pegasus_crt.a(kernel_main_old.o) (write)
pegasus_crt.a(close.o)        pegasus_crt.a(kernel_main_old.o) (close)
pegasus_crt.a(kernel.o)       pegasus_crt.a(kernel_main_old.o) (disp_str)
pegasus_crt.a(switch_to.o)    pegasus_crt.a(process.o) (switch_to)
pegasus_crt.a(string.o)       pegasus_crt.a(kernel_main_old.o) (Memcpy2)
pegasus_crt.a(syscall.o)      pegasus_crt.a(kernel_main_old.o) (write_debug)
pegasus_crt.a(double_link_list.o)
                              pegasus_crt.a(mem.o) (initDoubleLinkList)
pegasus_crt.a(global.o)       pegasus_crt.a(protect.o) (proc_table)
pegasus_crt.a(netdev.o)       pegasus_crt.a(kernel.o) (net_handler)
pegasus_crt.a(skbuff.o)       pegasus_crt.a(netdev.o) (alloc_skb)
pegasus_crt.a(task_network.o)
                              pegasus_crt.a(global.o) (task_network)
pegasus_crt.a(route.o)        pegasus_crt.a(netdev.o) (route_init)
pegasus_crt.a(hd.o)           pegasus_crt.a(global.o) (TaskHD)
pegasus_crt.a(fs_main.o)      pegasus_crt.a(global.o) (task_fs)
pegasus_crt.a(main.o)         pegasus_crt.a(global.o) (TaskMM)
pegasus_crt.a(strcmp.o)       pegasus_crt.a(fs_main.o) (strcmp)
pegasus_crt.a(perror.o)       pegasus_crt.a(netdev.o) (perror)
pegasus_crt.a(sscanf.o)       pegasus_crt.a(netdev.o) (sscanf)
pegasus_crt.a(ntohs.o)        pegasus_crt.a(netdev.o) (ntohs)
pegasus_crt.a(htons.o)        pegasus_crt.a(netdev.o) (htons)
pegasus_crt.a(inet_pton.o)    pegasus_crt.a(netdev.o) (inet_pton)
pegasus_crt.a(ntohl.o)        pegasus_crt.a(netdev.o) (ntohl)
pegasus_crt.a(hd_rdwt.o)      pegasus_crt.a(hd.o) (read_port)
pegasus_crt.a(ne2000.o)       pegasus_crt.a(netdev.o) (SetPageStart)
pegasus_crt.a(ipc.o)          pegasus_crt.a(task_network.o) (demux_ipc_socket_call)
pegasus_crt.a(utils.o)        pegasus_crt.a(ipc.o) (print_err)
pegasus_crt.a(forkexit.o)     pegasus_crt.a(main.o) (do_fork)
pegasus_crt.a(exec.o)         pegasus_crt.a(main.o) (do_exec)
pegasus_crt.a(alloca.o)       pegasus_crt.a(ipc.o) (alloca)
pegasus_crt.a(calloc.o)       pegasus_crt.a(ipc.o) (calloc)
pegasus_crt.a(atoi.o)         pegasus_crt.a(sscanf.o) (atoi)
pegasus_crt.a(strtok.o)       pegasus_crt.a(inet_pton.o) (strtok)
pegasus_crt.a(strpbrk.o)      pegasus_crt.a(strtok.o) (strpbrk)
pegasus_crt.a(my_process.o)   pegasus_crt.a(forkexit.o) (fork_process)
pegasus_crt.a(socket.o)       pegasus_crt.a(ipc.o) (_socket)
pegasus_crt.a(inet.o)         pegasus_crt.a(socket.o) (inet)
pegasus_crt.a(htonl.o)        pegasus_crt.a(inet.o) (htonl)
pegasus_crt.a(thread.o)       pegasus_crt.a(my_process.o) (thread_init)
pegasus_crt.a(udp_sock.o)     pegasus_crt.a(inet.o) (udp_ops)
pegasus_crt.a(ip_output.o)    pegasus_crt.a(udp_sock.o) (ip_output)
pegasus_crt.a(sock.o)         pegasus_crt.a(inet.o) (sk_alloc)
pegasus_crt.a(tcp_sock.o)     pegasus_crt.a(inet.o) (tcp_ops)
pegasus_crt.a(tcp_input.o)    pegasus_crt.a(tcp_sock.o) (tcp_receive)
pegasus_crt.a(udp.o)          pegasus_crt.a(udp_sock.o) (udp_generate_port)
pegasus_crt.a(tcp_data.o)     pegasus_crt.a(tcp_input.o) (tcp_data_dequeue)
pegasus_crt.a(dst.o)          pegasus_crt.a(ip_output.o) (dst_neigh_output)
pegasus_crt.a(tcp.o)          pegasus_crt.a(tcp_sock.o) (__tcp_set_state)
pegasus_crt.a(tcp_output.o)   pegasus_crt.a(tcp_input.o) (tcp_send_synack)
pegasus_crt.a(arp.o)          pegasus_crt.a(dst.o) (arp_request)

Merging program properties

Removed property 0xc0010001 to merge test.o (0x1) and start.o (not found)
Removed property 0xc0010002 to merge test.o (0x0) and start.o (not found)
Removed property 0xc0010001 to merge test.o (not found) and pegasus_crt.a(kernel_main_old.o) (0x1)
Removed property 0xc0010002 to merge test.o (not found) and pegasus_crt.a(kernel_main_old.o) (0x1)
Removed property 0xc0010001 to merge test.o (not found) and pegasus_crt.a(protect.o) (0x1)
Removed property 0xc0010002 to merge test.o (not found) and pegasus_crt.a(protect.o) (0x0)
Removed property 0xc0010001 to merge test.o (not found) and pegasus_crt.a(console.o) (0x1)
[...]
Memory Configuration

Name             Origin             Length             Attributes
*default*        0x00000000         0xffffffff

Linker script and memory map

Address of section .text set to 0xb0800000
LOAD test.o
LOAD start.o
LOAD pegasus_crt.a
                [!provide]                        PROVIDE (__executable_start = SEGMENT_START ("text-segment", 0x8048000))
                0x080480d4                        . = (SEGMENT_START ("text-segment", 0x8048000) + SIZEOF_HEADERS)

.interp
 *(.interp)

.note.gnu.build-id
 *(.note.gnu.build-id)

.hash
 *(.hash)

.gnu.hash
 *(.gnu.hash)

.dynsym
 *(.dynsym)

.dynstr
 *(.dynstr)

.gnu.version
 *(.gnu.version)

.gnu.version_d
 *(.gnu.version_d)

.gnu.version_r
 *(.gnu.version_r)

.rel.dyn        0x080480d4        0x0
 *(.rel.init)
 *(.rel.text .rel.text.* .rel.gnu.linkonce.t.*)
 .rel.text      0x080480d4        0x0 test.o
 *(.rel.fini)
 *(.rel.rodata .rel.rodata.* .rel.gnu.linkonce.r.*)
 *(.rel.data.rel.ro .rel.data.rel.ro.* .rel.gnu.linkonce.d.rel.ro.*)
 *(.rel.data .rel.data.* .rel.gnu.linkonce.d.*)
 *(.rel.tdata .rel.tdata.* .rel.gnu.linkonce.td.*)
 *(.rel.tbss .rel.tbss.* .rel.gnu.linkonce.tb.*)
 *(.rel.ctors)
 *(.rel.dtors)
 *(.rel.got)
 .rel.got       0x080480d4        0x0 test.o
 *(.rel.bss .rel.bss.* .rel.gnu.linkonce.b.*)
 *(.rel.ifunc)

.rel.plt        0x080480d4        0x0
 *(.rel.plt)
                [!provide]                        PROVIDE (__rel_iplt_start = .)
 *(.rel.iplt)
 .rel.iplt      0x080480d4        0x0 test.o
                [!provide]                        PROVIDE (__rel_iplt_end = .)

.relr.dyn
 *(.relr.dyn)
                0x08049000                        . = ALIGN (CONSTANT (MAXPAGESIZE))

.init
 *(SORT_NONE(.init))

.plt            0x08049000        0x0
 *(.plt)
 *(.iplt)
 .iplt          0x08049000        0x0 test.o

.plt.got
 *(.plt.got)

.plt.sec
 *(.plt.sec)

.text           0xb0800000    0x117e7
 *(.text.unlikely .text.*_unlikely .text.unlikely.*)
 *(.text.exit .text.exit.*)
 *(.text.startup .text.startup.*)
 *(.text.hot .text.hot.*)
 *(SORT_BY_NAME(.text.sorted.*))
 *(.text .stub .text.* .gnu.linkonce.t.*)
 .text          0xb0800000       0x3e test.o
                0xb0800000                main
 *fill*         0xb080003e        0x2 
 .text          0xb0800040       0x15 start.o
                0xb0800040                _start
 .text          0xb0800055     0x2de4 pegasus_crt.a(kernel_main_old.o)
                0xb0800055                stop_here
                0xb0800099                catch_error
                0xb08000fe                intr_enable
                0xb0800127                intr_disable
                0xb0800150                intr_set_status
                0xb080016e                intr_get_status
                0xb080018b                Memcpy
                0xb08001be                untar
                0xb08004ce                num_to_string
                0xb0800574                disp_int
                0xb080059d                do_page_fault
                0xb08006da                exception_handler
                0xb08008c5                init_internal_interrupt
                0xb0800a3a                spurious_irq
                0xb0800ac8                init_keyboard
                0xb0800b0b                TestTTY
                0xb0800baa                TestReadReturnValue
                0xb0800c27                TestWriteReturnValue
                0xb0800cfb                TestFS2
                0xb0800d09                TestFS
                0xb08011ab                wait_exit
                0xb08012a9                INIT_fork
                0xb080159c                simple_shell
                0xb0801723                test_shell
                0xb080178b                test_exec
                0xb080187e                INIT
                0xb080188b                TestA
                0xb08018c0                delay
                0xb0801904                TestB
                0xb080191c                TestC
                0xb080194f                sys_get_ticks
                0xb080195f                sys_write
                0xb08019b3                milli_delay
                0xb08019ef                TaskSys
                0xb08019f4                Printf
                0xb0801ac6                sprintf
                0xb0801af2                vsprintf
                0xb0801c9e                printx
                0xb0801ce1                sys_printx
                0xb0801dad                spin
                0xb0801dd3                panic
                0xb0801df1                assertion_failure
                0xb0801e63                assertion_failure2
                0xb0801ed8                dead_lock
                0xb0801ee2                sys_send_msg
                0xb0802401                sys_receive_msg
                0xb0802a61                send_rec
                0xb0802b5c                block
                0xb0802b98                unblock
                0xb0802be8                get_ticks_ipc
                0xb0802c42                itoa
                0xb0802c98                i2a
                0xb0802cfe                inform_int
                0xb0802dca                deprecate_strcmp
 .text          0xb0802e39      0x3b3 pegasus_crt.a(protect.o)
                0xb0802e39                InitDescriptor
                0xb0802ea6                Seg2PhyAddr
                0xb0802ee7                Seg2PhyAddrLDT
                0xb0802f2b                VirAddr2PhyAddr
                0xb0802f41                v2l
                0xb0802f84                init_propt
                0xb0803105                InitInterruptDesc
                0xb0803161                ReloadGDT
 .text          0xb08031ec      0xad3 pegasus_crt.a(console.o)
                0xb08031ec                select_console
                0xb0803228                flush
                0xb0803261                set_cursor
                0xb08032bf                set_console_start_video_addr
                0xb080331d                put_key
                0xb0803389                scroll_up
                0xb08033cb                scroll_down
                0xb0803436                out_char
                0xb08035f3                tty_dev_read
                0xb080361d                tty_dev_write
                0xb080384a                tty_do_read
                0xb0803912                tty_do_write
                0xb0803a7b                init_screen
                0xb0803b04                init_tty
                0xb0803bb9                TaskTTY
 .text          0xb0803cbf      0x2b7 pegasus_crt.a(process.o)
                0xb0803cbf                schedule_process
                0xb0803e85                clock_handler
                0xb0803efb                pid2proc
                0xb0803f5f                proc2pid
 .text          0xb0803f76      0x40f pegasus_crt.a(keyboard.o)
                0xb0803f76                keyboard_handler
                0xb0803ffa                read_from_keyboard_buf
                0xb0804060                keyboard_read
                0xb08041df                init_keyboard_handler
                0xb08041f3                in_process
 .text          0xb0804385     0x1118 pegasus_crt.a(mem.o)
                0xb0804385                init_bitmap
                0xb08043a8                test_bit_val
                0xb0804411                set_bit_val
                0xb080448c                set_bits
                0xb08044c6                get_first_free_bit
                0xb080450a                get_bits
                0xb08045d2                get_a_page
                0xb0804686                get_virtual_address_start_with_addr
                0xb0804720                get_virtual_address
                0xb08047b0                ptr_pde
                0xb08047c3                ptr_pte
                0xb08047ea                add_map_entry
                0xb080487b                alloc_virtual_memory
                0xb0804947                get_physical_address_proc
                0xb08049c3                get_physical_address
                0xb08049f5                alloc_physical_memory_of_proc
                0xb0804ae4                alloc_physical_memory
                0xb0804bac                alloc_memory
                0xb0804c0e                get_a_virtual_page
                0xb0804c46                block2arena
                0xb0804c5c                sys_malloc2
                0xb0804f89                remove_map_entry
                0xb0804faa                free_a_page
                0xb0805051                sys_free2
                0xb0805057                init_memory_block_desc
                0xb0805128                init_memory2
                0xb080535d                init_memory
 .text          0xb080549d      0x285 pegasus_crt.a(exec.o)
                0xb080549d                exec
                0xb080550e                execv
                0xb08056fd                execl
 .text          0xb0805722       0x2f pegasus_crt.a(exit.o)
                0xb0805722                exit
 .text          0xb0805751       0x44 pegasus_crt.a(wait.o)
                0xb0805751                wait
 .text          0xb0805795       0x4b pegasus_crt.a(fork.o)
                0xb0805795                fork
 .text          0xb08057e0      0x181 pegasus_crt.a(read.o)
                0xb08057e0                read
 .text          0xb0805961       0x95 pegasus_crt.a(open.o)
                0xb0805961                open
 .text          0xb08059f6       0x85 pegasus_crt.a(write.o)
                0xb08059f6                write
 .text          0xb0805a7b       0x52 pegasus_crt.a(close.o)
                0xb0805a7b                close
 *fill*         0xb0805acd        0x3 
 .text          0xb0805ad0      0x3d5 pegasus_crt.a(kernel.o)
                0xb0805ad0                InterruptTest
                0xb0805adc                disp_str_len
                0xb0805b29                disp_str
                0xb0805b64                disp_str_colour
                0xb0805ba0                divide_zero_fault
                0xb0805ba6                single_step_fault
                0xb0805bac                non_maskable_interrupt
                0xb0805bb2                breakpoint_trap
                0xb0805bb8                overflow_trap
                0xb0805bbe                bound_range_exceeded_fault
                0xb0805bc4                invalid_opcode_fault
                0xb0805bca                coprocessor_not_available_fault
                0xb0805bd0                double_fault_exception_abort
                0xb0805bd4                coprocessor_segment_overrun
                0xb0805bda                invalid_task_state_segment_fault
                0xb0805bde                segment_not_present_fault
                0xb0805be2                stack_exception_fault
                0xb0805be6                general_protection_exception_fault
                0xb0805bf1                page_fault
                0xb0805bf5                coprocessor_error_fault
                0xb0805bfb                align_check_fault
                0xb0805bff                simd_float_exception_fault
                0xb0805c0e                hwint0
                0xb0805c3e                hwint1
                0xb0805c81                hwint14
                0xb0805cc7                hwint10
                0xb0805d0a                sys_call
                0xb0805d50                fork_restart
                0xb0805d5f                restart
                0xb0805d82                in_byte
                0xb0805d8e                out_byte
                0xb0805db0                disable_int
                0xb0805db2                enable_int
                0xb0805e48                enable_8259A_casecade_irq
                0xb0805e52                disable_8259A_casecade_irq
                0xb0805e5c                enable_8259A_slave_winchester_irq
                0xb0805e66                disable_8259A_slave_winchester_irq
                0xb0805e70                update_cr3
                0xb0805e7d                update_tss
                0xb0805e8c                get_running_thread_pcb
                0xb0805e92                sys_call_test
                0xb0805e95                enable_8259A_slave_net_irq
 *fill*         0xb0805ea5        0xb 
 .text          0xb0805eb0       0x15 pegasus_crt.a(switch_to.o)
                0xb0805eb0                switch_to
 *fill*         0xb0805ec5        0xb 
 .text          0xb0805ed0       0x6a pegasus_crt.a(syscall.o)
                0xb0805ed0                write_debug
                0xb0805ee0                send_msg
                0xb0805ef6                receive_msg
                0xb0805f0c                sys_malloc
                0xb0805f21                sys_free
 .text          0xb0805f3a      0x2ee pegasus_crt.a(double_link_list.o)
                0xb0805f3a                initDoubleLinkList
                0xb0805f8a                isListEmpty
                0xb0805fb8                findElementInList
                0xb080604f                appendToDoubleLinkList
                0xb0806115                insertToDoubleLinkList
                0xb0806199                popFromDoubleLinkList
 .text          0xb0806228        0x0 pegasus_crt.a(global.o)
 .text          0xb0806228      0x816 pegasus_crt.a(netdev.o)
                0xb08063b6                netdev_init
                0xb08063fd                netdev_transmit
                0xb08064e6                interrupt_wait2
                0xb080653f                netdev_rx_loop
                0xb0806676                netdev_get
                0xb08066b1                free_netdev
                0xb08066dc                local_ipaddress
                0xb0806719                receive_msg_from_nic
                0xb08068fc                receive_msg_from_nic2
                0xb0806a28                net_handler
 .text          0xb0806a3e      0x15b pegasus_crt.a(skbuff.o)
                0xb0806a57                alloc_skb
                0xb0806ae8                free_skb
                0xb0806b1b                skb_reserve
                0xb0806b37                skb_push
                0xb0806b66                skb_head
                0xb0806b71                skb_reset_header
 .text          0xb0806b99      0x128 pegasus_crt.a(task_network.o)
                0xb0806b99                task_network
                0xb0806ca3                task_netdev_rx
 .text          0xb0806cc1      0x295 pegasus_crt.a(route.o)
                0xb0806dee                route_add
                0xb0806e33                route_init
                0xb0806eba                route_lookup
                0xb0806f05                free_routes
 .text          0xb0806f56      0xe84 pegasus_crt.a(hd.o)
                0xb0806f56                TaskHD
                0xb0806fa1                init_hd
                0xb0806fbb                hd_handle
                0xb08070c0                hd_cmd_out
                0xb08071c2                hd_identify
                0xb0807279                print_hdinfo
                0xb0807407                print_dpt_entry
                0xb0807473                get_partition_table
                0xb0807552                partition
                0xb080776c                hd_open
                0xb080781c                get_hd_ioctl
                0xb08078d6                wait_for
                0xb0807907                interrupt_wait
                0xb0807960                hd_rdwt
                0xb0807c02                hd_handler
                0xb0807c33                debug_ticks
                0xb0807c71                waitfor
                0xb0807cb5                print_hd_info
                0xb0807da2                is_empty
 .text          0xb0807dda     0x2081 pegasus_crt.a(fs_main.o)
                0xb0807dda                task_fs
                0xb0807fee                rd_wt
                0xb08080d0                mkfs
                0xb08086b2                init_fs
                0xb080870c                do_open
                0xb0808915                search_file
                0xb0808a47                strip_path
                0xb0808b13                get_inode
                0xb0808cd5                create_file
                0xb0808de0                alloc_imap_bit
                0xb0808edd                alloc_smap_bit
                0xb080907e                new_inode
                0xb080919c                new_dir_entry
                0xb08093a8                do_unlink
                0xb0809884                do_rdwt
                0xb0809c0f                sync_inode
                0xb0809d63                put_inode
                0xb0809da1                do_close
                0xb0809df3                get_super_block
 .text          0xb0809e5b      0x14e pegasus_crt.a(main.o)
                0xb0809e5b                TaskMM
                0xb0809f8a                alloc_mem
 .text          0xb0809fa9       0xa8 pegasus_crt.a(strcmp.o)
                0xb0809fa9                strcmp
 .text          0xb080a051       0x17 pegasus_crt.a(perror.o)
                0xb080a051                perror
 .text          0xb080a068      0x2c1 pegasus_crt.a(sscanf.o)
                0xb080a068                sscanf
 .text          0xb080a329       0x38 pegasus_crt.a(ntohs.o)
                0xb080a329                ntohs
 .text          0xb080a361       0x38 pegasus_crt.a(htons.o)
                0xb080a361                htons
 .text          0xb080a399      0x295 pegasus_crt.a(inet_pton.o)
                0xb080a399                isValidIPv4
                0xb080a523                inet_pton
 .text          0xb080a62e       0x7c pegasus_crt.a(ntohl.o)
                0xb080a62e                ntohl
 *fill*         0xb080a6aa        0x6 
 .text          0xb080a6b0      0x25e pegasus_crt.a(ne2000.o)
                0xb080a6d3                DriverInitialize
                0xb080a75d                SetPageStart
                0xb080a785                DriverSend
                0xb080a7fd                PCtoNIC
                0xb080a86b                get_interrupt_status
                0xb080a881                set_interrupt_status
                0xb080a89a                get_curr_page
                0xb080a8b7                NICtoPC
 .text          0xb080a90e      0xd19 pegasus_crt.a(ipc.o)
                0xb080b4ba                ipc_close
                0xb080b50b                demux_ipc_socket_call
 .text          0xb080b627      0x1e7 pegasus_crt.a(utils.o)
                0xb080b627                run_cmd
                0xb080b634                print_err
                0xb080b64b                parse_ipv4_string
                0xb080b6aa                ip_pton
                0xb080b6f2                sum_every_16bits
                0xb080b749                checksum
                0xb080b78a                tcp_udp_checksum
 .text          0xb080b80e      0x24f pegasus_crt.a(forkexit.o)
                0xb080b80e                do_fork
                0xb080b87c                do_exit
                0xb080b906                do_wait
                0xb080ba03                cleanup
 .text          0xb080ba5d      0x419 pegasus_crt.a(exec.o)
                0xb080ba5d                do_exec
 .text          0xb080be76       0x29 pegasus_crt.a(alloca.o)
                0xb080be76                alloca
 .text          0xb080be9f       0x46 pegasus_crt.a(calloc.o)
                0xb080be9f                calloc
 .text          0xb080bee5       0x9c pegasus_crt.a(atoi.o)
                0xb080bee5                atoi
 .text          0xb080bf81       0x85 pegasus_crt.a(strtok.o)
                0xb080bf81                strtok
 .text          0xb080c006       0x90 pegasus_crt.a(strpbrk.o)
                0xb080c006                strpbrk
 .text          0xb080c096      0x730 pegasus_crt.a(my_process.o)
                0xb080c096                create_user_process_address_space
                0xb080c126                user_process
                0xb080c253                clone_pcb
                0xb080c3c5                build_body_stack
                0xb080c4f8                build_process_kernel_stack
                0xb080c5bb                fork_process
                0xb080c64c                process_execute
 .text          0xb080c7c6      0x66c pegasus_crt.a(socket.o)
                0xb080c876                test
                0xb080c8d2                socket_debug
                0xb080c933                free_socket
                0xb080c9ef                _socket
                0xb080caae                _bind
                0xb080cb01                _connect
                0xb080cb53                _write
                0xb080cbaa                _read
                0xb080cc01                _recvfrom
                0xb080cc42                _sendto
                0xb080cc99                _close
                0xb080cd18                _listen
                0xb080cd7e                _accept
 .text          0xb080ce32      0x429 pegasus_crt.a(inet.o)
                0xb080ce32                inet_create
                0xb080cee2                inet_socket
                0xb080ceec                inet_connect
                0xb080cf40                inet_write
                0xb080cf6c                inet_read
                0xb080cf98                inet_close
                0xb080cfe7                inet_free
                0xb080d01d                inet_bind
                0xb080d126                inet_listen
                0xb080d16f                inet_accept
                0xb080d21a                inet_sendto
                0xb080d245                inet_recvfrom
 .text          0xb080d25b       0x7c pegasus_crt.a(htonl.o)
                0xb080d25b                htonl
 .text          0xb080d2d7      0x1b2 pegasus_crt.a(thread.o)
                0xb080d2d7                kernel_thread
                0xb080d2ef                thread_init
                0xb080d39c                thread_create
                0xb080d3d1                thread_start
 .text          0xb080d489      0x8cd pegasus_crt.a(udp_sock.o)
                0xb080d6c7                udp_lookup_sock
                0xb080d70e                udp_init
                0xb080d73f                udp_close
                0xb080d765                udp_sock_init
                0xb080d76f                udp_recvfrom
                0xb080d808                udp_connect
                0xb080d8e1                udp_write
                0xb080d90d                udp_alloc_skb
                0xb080d957                udp_sendto
                0xb080da4b                udp_send
                0xb080db89                udp_alloc_sock
                0xb080dbca                udp_free_sock
                0xb080dbee                udp_read
 .text          0xb080dd56      0x1d3 pegasus_crt.a(ip_output.o)
                0xb080dd64                ip_output
 .text          0xb080df29      0x203 pegasus_crt.a(sock.o)
                0xb080e05b                sk_alloc
                0xb080e082                sk_init
                0xb080e0d6                sk_init_with_socket
                0xb080e0ff                sk_free
 .text          0xb080e12c      0xa27 pegasus_crt.a(tcp_sock.o)
                0xb080e3eb                tcp_established_or_syn_recvd_socks_enqueue
                0xb080e402                tcp_established_or_syn_recvd_socks_remove
                0xb080e414                tcp_connecting_or_listening_socks_enqueue
                0xb080e42b                tcp_connecting_or_listening_socks_remove
                0xb080e43d                tcp_alloc_sock
                0xb080e553                tcp_free_sock
                0xb080e5cc                tcp_init
                0xb080e5d6                tcp_sock_init
                0xb080e679                tcp_write
                0xb080e6ba                tcp_read
                0xb080e76d                tcp_close
                0xb080e82b                tcp_recv_notify
                0xb080e856                tcp_v4_connect
                0xb080eaa6                tcp_lookup_sock
 .text          0xb080eb53      0xb80 pegasus_crt.a(tcp_input.o)
                0xb080f24b                tcp_process
                0xb080f611                tcp_receive
 .text          0xb080f6d3      0x3e0 pegasus_crt.a(udp.o)
                0xb080f7de                udp_generate_port
                0xb080f827                udp_checksum
                0xb080f8f5                udp_in
                0xb080f986                udp_data_dequeue
                0xb080fa8e                udp_data_enqueue
 .text          0xb080fab3      0x54a pegasus_crt.a(tcp_data.o)
                0xb080fd9e                tcp_data_dequeue
                0xb080fecb                tcp_data_queue
 .text          0xb080fffd       0xd8 pegasus_crt.a(dst.o)
                0xb081000b                dst_neigh_output
 .text          0xb08100d5      0x448 pegasus_crt.a(tcp.o)
                0xb08102ca                tcp_in
                0xb081037e                tcp_checksum
                0xb08103aa                __tcp_set_state
                0xb08103b9                tcp_generate_port
                0xb0810402                tcp_generate_isn
                0xb081040c                tcp_done
                0xb0810435                tcp_clear_timers
                0xb0810444                tcp_stop_retransmission_timer
                0xb081045d                tcp_release_retransmission_timer
                0xb0810476                tcp_stop_delack_timer
                0xb0810489                tcp_release_delack_timer
                0xb081049c                tcp_handle_fin_state
                0xb0810501                tcp_enter_time_wait
 .text          0xb081051d      0xbbe pegasus_crt.a(tcp_output.o)
                0xb08109e3                tcp_send_synack
                0xb0810a86                tcp_send_delack
                0xb0810ac1                tcp_send_ack
                0xb0810c0d                tcp_send_fin
                0xb0810c82                tcp_select_initial_window
                0xb0810e34                tcp_reset_retransmission_timer
                0xb0810e51                tcp_begin_connect
                0xb0810efb                tcp_send
                0xb0810fe0                tcp_send_reset
                0xb0811060                tcp_queue_fin
 .text          0xb08110db      0x70c pegasus_crt.a(arp.o)
                0xb08112a8                arp_init
                0xb08112ae                arp_rcv
                0xb081147d                arp_request
                0xb08115e7                arp_reply
                0xb081174a                arp_get_hwaddr
                0xb0811796                free_arp
 *(.gnu.warning)

.fini
 *(SORT_NONE(.fini))
                [!provide]                        PROVIDE (__etext = .)
                [!provide]                        PROVIDE (_etext = .)
                [!provide]                        PROVIDE (etext = .)
                0xb0812000                        . = ALIGN (CONSTANT (MAXPAGESIZE))
                0xb0812000                        . = SEGMENT_START ("rodata-segment", (ALIGN (CONSTANT (MAXPAGESIZE)) + (. & (CONSTANT (MAXPAGESIZE) - 0x1))))

.rodata         0xb0812000     0x1a7f
 *(.rodata .rodata.* .gnu.linkonce.r.*)
 .rodata        0xb0812000       0x10 test.o
 *fill*         0xb0812010       0x10 
 .rodata        0xb0812020      0xb61 pegasus_crt.a(kernel_main_old.o)
 .rodata        0xb0812b81       0x22 pegasus_crt.a(console.o)
 *fill*         0xb0812ba3        0x1 
 .rodata        0xb0812ba4       0x4c pegasus_crt.a(process.o)
 .rodata        0xb0812bf0       0x5a pegasus_crt.a(mem.o)
 .rodata        0xb0812c4a       0x2d pegasus_crt.a(exec.o)
 .rodata        0xb0812c77       0x2a pegasus_crt.a(close.o)
 .rodata        0xb0812ca1       0x3c pegasus_crt.a(double_link_list.o)
 *fill*         0xb0812cdd        0x3 
 .rodata        0xb0812ce0      0x17a pegasus_crt.a(netdev.o)
 .rodata        0xb0812e5a        0x9 pegasus_crt.a(skbuff.o)
 *fill*         0xb0812e63        0x1 
 .rodata        0xb0812e64       0x61 pegasus_crt.a(task_network.o)
 *fill*         0xb0812ec5        0x3 
 .rodata        0xb0812ec8       0x37 pegasus_crt.a(route.o)
 *fill*         0xb0812eff        0x1 
 .rodata        0xb0812f00      0x19c pegasus_crt.a(hd.o)
 .rodata        0xb081309c      0x1fb pegasus_crt.a(fs_main.o)
                0xb081309c                FSBUF_SIZE
 .rodata        0xb0813297       0x11 pegasus_crt.a(main.o)
 .rodata        0xb08132a8        0x3 pegasus_crt.a(inet_pton.o)
 *fill*         0xb08132ab        0x1 
 .rodata        0xb08132ac      0x160 pegasus_crt.a(ipc.o)
 .rodata        0xb081340c       0x41 pegasus_crt.a(utils.o)
 .rodata        0xb081344d       0x21 pegasus_crt.a(forkexit.o)
 .rodata        0xb081346e       0x10 pegasus_crt.a(exec.o)
 *fill*         0xb081347e        0x2 
 .rodata        0xb0813480      0x23d pegasus_crt.a(socket.o)
 *fill*         0xb08136bd        0x3 
 .rodata        0xb08136c0       0x48 pegasus_crt.a(inet.o)
 .rodata        0xb0813708       0x2d pegasus_crt.a(udp_sock.o)
 .rodata        0xb0813735        0x9 pegasus_crt.a(ip_output.o)
 .rodata        0xb081373e        0x9 pegasus_crt.a(sock.o)
 *fill*         0xb0813747        0x1 
 .rodata        0xb0813748       0xe8 pegasus_crt.a(tcp_sock.o)
 .rodata        0xb0813830       0x60 pegasus_crt.a(tcp_input.o)
 .rodata        0xb0813890        0x9 pegasus_crt.a(udp.o)
 .rodata        0xb0813899       0x1e pegasus_crt.a(tcp_data.o)
 .rodata        0xb08138b7        0x9 pegasus_crt.a(dst.o)
 .rodata        0xb08138c0       0x31 pegasus_crt.a(tcp.o)
 *fill*         0xb08138f1        0x3 
 .rodata        0xb08138f4       0xc3 pegasus_crt.a(tcp_output.o)
 *fill*         0xb08139b7        0x1 
 .rodata        0xb08139b8       0xc7 pegasus_crt.a(arp.o)

.txt            0xb0813a7f       0xaa
 .txt           0xb0813a7f       0x82 pegasus_crt.a(string.o)
                0xb0813a7f                Memcpy2
                0xb0813aad                Memset
                0xb0813acc                Strcpy
                0xb0813ae6                Strlen
 .txt           0xb0813b01       0x28 pegasus_crt.a(hd_rdwt.o)
                0xb0813b01                read_port
                0xb0813b15                write_port

.rodata1
 *(.rodata1)

.eh_frame_hdr
 *(.eh_frame_hdr)
 *(.eh_frame_entry .eh_frame_entry.*)

.eh_frame       0xb0813b2c     0x3eb0
 *(.eh_frame)
 .eh_frame      0xb0813b2c       0x44 test.o
 .eh_frame      0xb0813b70      0x6cc pegasus_crt.a(kernel_main_old.o)
                                0x6e4 (size before relaxing)
 .eh_frame      0xb081423c      0x100 pegasus_crt.a(protect.o)
                                0x118 (size before relaxing)
 .eh_frame      0xb081433c      0x1e0 pegasus_crt.a(console.o)
                                0x1f8 (size before relaxing)
 .eh_frame      0xb081451c       0x80 pegasus_crt.a(process.o)
                                 0x98 (size before relaxing)
 .eh_frame      0xb081459c       0xa0 pegasus_crt.a(keyboard.o)
                                 0xb8 (size before relaxing)
 .eh_frame      0xb081463c      0x364 pegasus_crt.a(mem.o)
                                0x37c (size before relaxing)
 .eh_frame      0xb08149a0       0x60 pegasus_crt.a(exec.o)
                                 0x78 (size before relaxing)
 .eh_frame      0xb0814a00       0x20 pegasus_crt.a(exit.o)
                                 0x38 (size before relaxing)
 .eh_frame      0xb0814a20       0x20 pegasus_crt.a(wait.o)
                                 0x38 (size before relaxing)
 .eh_frame      0xb0814a40       0x20 pegasus_crt.a(fork.o)
                                 0x38 (size before relaxing)
 .eh_frame      0xb0814a60       0x20 pegasus_crt.a(read.o)
                                 0x38 (size before relaxing)
 .eh_frame      0xb0814a80       0x20 pegasus_crt.a(open.o)
                                 0x38 (size before relaxing)
 .eh_frame      0xb0814aa0       0x20 pegasus_crt.a(write.o)
                                 0x38 (size before relaxing)
 .eh_frame      0xb0814ac0       0x20 pegasus_crt.a(close.o)
                                 0x38 (size before relaxing)
 .eh_frame      0xb0814ae0       0xc0 pegasus_crt.a(double_link_list.o)
                                 0xd8 (size before relaxing)
 .eh_frame      0xb0814ba0      0x214 pegasus_crt.a(netdev.o)
                                0x22c (size before relaxing)
 .eh_frame      0xb0814db4       0xe0 pegasus_crt.a(skbuff.o)
                                 0xf8 (size before relaxing)
 .eh_frame      0xb0814e94       0x40 pegasus_crt.a(task_network.o)
                                 0x58 (size before relaxing)
 .eh_frame      0xb0814ed4      0x124 pegasus_crt.a(route.o)
                                0x13c (size before relaxing)
 .eh_frame      0xb0814ff8      0x264 pegasus_crt.a(hd.o)
                                0x27c (size before relaxing)
 .eh_frame      0xb081525c      0x27c pegasus_crt.a(fs_main.o)
                                0x294 (size before relaxing)
 .eh_frame      0xb08154d8       0x3c pegasus_crt.a(main.o)
                                 0x54 (size before relaxing)
 .eh_frame      0xb0815514       0x20 pegasus_crt.a(strcmp.o)
                                 0x38 (size before relaxing)
 .eh_frame      0xb0815534       0x20 pegasus_crt.a(perror.o)
                                 0x38 (size before relaxing)
 .eh_frame      0xb0815554       0x20 pegasus_crt.a(sscanf.o)
                                 0x38 (size before relaxing)
 .eh_frame      0xb0815574       0x20 pegasus_crt.a(ntohs.o)
                                 0x38 (size before relaxing)
 .eh_frame      0xb0815594       0x20 pegasus_crt.a(htons.o)
                                 0x38 (size before relaxing)
 .eh_frame      0xb08155b4       0x40 pegasus_crt.a(inet_pton.o)
                                 0x58 (size before relaxing)
 .eh_frame      0xb08155f4       0x20 pegasus_crt.a(ntohl.o)
                                 0x38 (size before relaxing)
 .eh_frame      0xb0815614      0x250 pegasus_crt.a(ipc.o)
                                0x268 (size before relaxing)
 .eh_frame      0xb0815864       0xe4 pegasus_crt.a(utils.o)
                                 0xfc (size before relaxing)
 .eh_frame      0xb0815948       0x80 pegasus_crt.a(forkexit.o)
                                 0x98 (size before relaxing)
 .eh_frame      0xb08159c8       0x20 pegasus_crt.a(exec.o)
                                 0x38 (size before relaxing)
 .eh_frame      0xb08159e8       0x20 pegasus_crt.a(alloca.o)
                                 0x38 (size before relaxing)
 .eh_frame      0xb0815a08       0x20 pegasus_crt.a(calloc.o)
                                 0x38 (size before relaxing)
 .eh_frame      0xb0815a28       0x20 pegasus_crt.a(atoi.o)
                                 0x38 (size before relaxing)
 .eh_frame      0xb0815a48       0x20 pegasus_crt.a(strtok.o)
                                 0x38 (size before relaxing)
 .eh_frame      0xb0815a68       0x20 pegasus_crt.a(strpbrk.o)
                                 0x38 (size before relaxing)
 .eh_frame      0xb0815a88       0xe0 pegasus_crt.a(my_process.o)
                                 0xf8 (size before relaxing)
 .eh_frame      0xb0815b68      0x2a0 pegasus_crt.a(socket.o)
                                0x2b8 (size before relaxing)
 .eh_frame      0xb0815e08      0x180 pegasus_crt.a(inet.o)
                                0x198 (size before relaxing)
 .eh_frame      0xb0815f88       0x20 pegasus_crt.a(htonl.o)
                                 0x38 (size before relaxing)
 .eh_frame      0xb0815fa8       0x80 pegasus_crt.a(thread.o)
                                 0x98 (size before relaxing)
 .eh_frame      0xb0816028      0x404 pegasus_crt.a(udp_sock.o)
                                0x41c (size before relaxing)
 .eh_frame      0xb081642c       0x40 pegasus_crt.a(ip_output.o)
                                 0x58 (size before relaxing)
 .eh_frame      0xb081646c      0x1a0 pegasus_crt.a(sock.o)
                                0x1b8 (size before relaxing)
 .eh_frame      0xb081660c      0x4c0 pegasus_crt.a(tcp_sock.o)
                                0x4d8 (size before relaxing)
 .eh_frame      0xb0816acc      0x300 pegasus_crt.a(tcp_input.o)
                                0x318 (size before relaxing)
 .eh_frame      0xb0816dcc      0x1e4 pegasus_crt.a(udp.o)
                                0x1fc (size before relaxing)
 .eh_frame      0xb0816fb0      0x200 pegasus_crt.a(tcp_data.o)
                                0x218 (size before relaxing)
 .eh_frame      0xb08171b0       0x40 pegasus_crt.a(dst.o)
                                 0x58 (size before relaxing)
 .eh_frame      0xb08171f0      0x268 pegasus_crt.a(tcp.o)
                                0x280 (size before relaxing)
 .eh_frame      0xb0817458      0x3c4 pegasus_crt.a(tcp_output.o)
                                0x3dc (size before relaxing)
 .eh_frame      0xb081781c      0x1c0 pegasus_crt.a(arp.o)
                                0x1d8 (size before relaxing)
 *(.eh_frame.*)

.sframe
 *(.sframe)
 *(.sframe.*)

.gcc_except_table
 *(.gcc_except_table .gcc_except_table.*)

.gnu_extab
 *(.gnu_extab*)

.exception_ranges
 *(.exception_ranges*)
                0xb0818000                        . = DATA_SEGMENT_ALIGN (CONSTANT (MAXPAGESIZE), CONSTANT (COMMONPAGESIZE))

.eh_frame
 *(.eh_frame)
 *(.eh_frame.*)

.sframe
 *(.sframe)
 *(.sframe.*)

.gnu_extab
 *(.gnu_extab)

.gcc_except_table
 *(.gcc_except_table .gcc_except_table.*)

.exception_ranges
 *(.exception_ranges*)

.tdata          0xb0818000        0x0
                [!provide]                        PROVIDE (__tdata_start = .)
 *(.tdata .tdata.* .gnu.linkonce.td.*)

.tbss
 *(.tbss .tbss.* .gnu.linkonce.tb.*)
 *(.tcommon)

.preinit_array  0xb0818000        0x0
                [!provide]                        PROVIDE (__preinit_array_start = .)
 *(.preinit_array)
                [!provide]                        PROVIDE (__preinit_array_end = .)

.init_array     0xb0818000        0x0
                [!provide]                        PROVIDE (__init_array_start = .)
 *(SORT_BY_INIT_PRIORITY(.init_array.*) SORT_BY_INIT_PRIORITY(.ctors.*))
 *(.init_array EXCLUDE_FILE(*crtend?.o *crtend.o *crtbegin?.o *crtbegin.o) .ctors)
                [!provide]                        PROVIDE (__init_array_end = .)

.fini_array     0xb0818000        0x0
                [!provide]                        PROVIDE (__fini_array_start = .)
 *(SORT_BY_INIT_PRIORITY(.fini_array.*) SORT_BY_INIT_PRIORITY(.dtors.*))
 *(.fini_array EXCLUDE_FILE(*crtend?.o *crtend.o *crtbegin?.o *crtbegin.o) .dtors)
                [!provide]                        PROVIDE (__fini_array_end = .)

.ctors
 *crtbegin.o(.ctors)
 *crtbegin?.o(.ctors)
 *(EXCLUDE_FILE(*crtend?.o *crtend.o) .ctors)
 *(SORT_BY_NAME(.ctors.*))
 *(.ctors)

.dtors
 *crtbegin.o(.dtors)
 *crtbegin?.o(.dtors)
 *(EXCLUDE_FILE(*crtend?.o *crtend.o) .dtors)
 *(SORT_BY_NAME(.dtors.*))
 *(.dtors)

.jcr
 *(.jcr)

.data.rel.ro
 *(.data.rel.ro.local* .gnu.linkonce.d.rel.ro.local.*)
 *(.data.rel.ro .data.rel.ro.* .gnu.linkonce.d.rel.ro.*)

.dynamic
 *(.dynamic)

.got            0xb0818000        0x0
 *(.got)
 .got           0xb0818000        0x0 test.o
 *(.igot)
                0xb0818000                        . = DATA_SEGMENT_RELRO_END (., (SIZEOF (.got.plt) >= 0xc)?0xc:0x0)

.got.plt        0xb0818000        0x0
 *(.got.plt)
 .got.plt       0xb0818000        0x0 test.o
 *(.igot.plt)
 .igot.plt      0xb0818000        0x0 test.o

.data           0xb0818000      0xb68
 *(.data .data.* .gnu.linkonce.d.*)
 .data          0xb0818000        0x0 test.o
 .data          0xb0818000        0x0 pegasus_crt.a(kernel_main_old.o)
 .data          0xb0818000        0x0 pegasus_crt.a(protect.o)
 .data          0xb0818000        0x0 pegasus_crt.a(console.o)
 .data          0xb0818000        0x0 pegasus_crt.a(process.o)
 .data          0xb0818000      0x600 pegasus_crt.a(keyboard.o)
                0xb0818000                keymap
 .data          0xb0818600        0x0 pegasus_crt.a(mem.o)
 .data          0xb0818600        0x0 pegasus_crt.a(exec.o)
 .data          0xb0818600        0x0 pegasus_crt.a(exit.o)
 .data          0xb0818600        0x0 pegasus_crt.a(wait.o)
 .data          0xb0818600        0x0 pegasus_crt.a(fork.o)
 .data          0xb0818600        0x0 pegasus_crt.a(read.o)
 .data          0xb0818600        0x0 pegasus_crt.a(open.o)
 .data          0xb0818600        0x0 pegasus_crt.a(write.o)
 .data          0xb0818600        0x0 pegasus_crt.a(close.o)
 .data          0xb0818600        0xf pegasus_crt.a(kernel.o)
 *fill*         0xb081860f        0x1 
 .data          0xb0818610        0x0 pegasus_crt.a(syscall.o)
 .data          0xb0818610        0x0 pegasus_crt.a(double_link_list.o)
 *fill*         0xb0818610       0x10 
 .data          0xb0818620      0x160 pegasus_crt.a(global.o)
                0xb0818620                user_task_table
                0xb08186a0                sys_task_table
                0xb0818764                sys_call_table
 .data          0xb0818780        0x4 pegasus_crt.a(netdev.o)
 .data          0xb0818784        0x4 pegasus_crt.a(skbuff.o)
 .data          0xb0818788        0x0 pegasus_crt.a(task_network.o)
 .data          0xb0818788        0xc pegasus_crt.a(route.o)
 .data          0xb0818794        0x0 pegasus_crt.a(hd.o)
 .data          0xb0818794        0x0 pegasus_crt.a(fs_main.o)
 .data          0xb0818794        0x0 pegasus_crt.a(main.o)
 .data          0xb0818794        0x0 pegasus_crt.a(strcmp.o)
 .data          0xb0818794        0x0 pegasus_crt.a(perror.o)
 .data          0xb0818794        0x0 pegasus_crt.a(sscanf.o)
 .data          0xb0818794        0x0 pegasus_crt.a(ntohs.o)
 .data          0xb0818794        0x0 pegasus_crt.a(htons.o)
 .data          0xb0818794        0x0 pegasus_crt.a(inet_pton.o)
 .data          0xb0818794        0x0 pegasus_crt.a(ntohl.o)
 .data          0xb0818794        0xc pegasus_crt.a(ipc.o)
 .data          0xb08187a0        0x4 pegasus_crt.a(utils.o)
 .data          0xb08187a4        0x0 pegasus_crt.a(forkexit.o)
 .data          0xb08187a4        0x0 pegasus_crt.a(exec.o)
 .data          0xb08187a4        0x0 pegasus_crt.a(alloca.o)
 .data          0xb08187a4        0x0 pegasus_crt.a(calloc.o)
 .data          0xb08187a4        0x0 pegasus_crt.a(atoi.o)
 .data          0xb08187a4        0x0 pegasus_crt.a(strtok.o)
 .data          0xb08187a4        0x0 pegasus_crt.a(strpbrk.o)
 .data          0xb08187a4        0x0 pegasus_crt.a(my_process.o)
 *fill*         0xb08187a4       0x1c 
 .data          0xb08187c0      0x224 pegasus_crt.a(socket.o)
 *fill*         0xb08189e4       0x1c 
 .data          0xb0818a00       0x80 pegasus_crt.a(inet.o)
                0xb0818a08                inet
 .data          0xb0818a80        0x0 pegasus_crt.a(htonl.o)
 .data          0xb0818a80        0x0 pegasus_crt.a(thread.o)
 .data          0xb0818a80       0x54 pegasus_crt.a(udp_sock.o)
                0xb0818aa0                udp_ops
 .data          0xb0818ad4        0x4 pegasus_crt.a(ip_output.o)
 .data          0xb0818ad8        0x4 pegasus_crt.a(sock.o)
 *fill*         0xb0818adc        0x4 
 .data          0xb0818ae0       0x54 pegasus_crt.a(tcp_sock.o)
                0xb0818b00                tcp_ops
 .data          0xb0818b34        0x4 pegasus_crt.a(tcp_input.o)
 .data          0xb0818b38        0x8 pegasus_crt.a(udp.o)
 .data          0xb0818b40        0x4 pegasus_crt.a(tcp_data.o)
 .data          0xb0818b44        0x4 pegasus_crt.a(dst.o)
 .data          0xb0818b48        0x8 pegasus_crt.a(tcp.o)
 .data          0xb0818b50        0x4 pegasus_crt.a(tcp_output.o)
 .data          0xb0818b54       0x14 pegasus_crt.a(arp.o)

.data1
 *(.data1)
                0xb0818b68                        _edata = .
                [!provide]                        PROVIDE (edata = .)
                0xb0818b68                        . = .
                0xb0818b68                        __bss_start = .

.bss            0xb0818b80    0x94e28
 *(.dynbss)
 *(.bss .bss.* .gnu.linkonce.b.*)
 .bss           0xb0818b80        0x0 test.o
 .bss           0xb0818b80        0x0 pegasus_crt.a(kernel_main_old.o)
 .bss           0xb0818b80        0x0 pegasus_crt.a(protect.o)
 .bss           0xb0818b80        0x0 pegasus_crt.a(console.o)
 .bss           0xb0818b80        0x0 pegasus_crt.a(process.o)
 .bss           0xb0818b80        0x0 pegasus_crt.a(keyboard.o)
 .bss           0xb0818b80        0x0 pegasus_crt.a(mem.o)
 .bss           0xb0818b80        0x0 pegasus_crt.a(exec.o)
 .bss           0xb0818b80        0x0 pegasus_crt.a(exit.o)
 .bss           0xb0818b80        0x0 pegasus_crt.a(wait.o)
 .bss           0xb0818b80        0x0 pegasus_crt.a(fork.o)
 .bss           0xb0818b80        0x0 pegasus_crt.a(read.o)
 .bss           0xb0818b80        0x0 pegasus_crt.a(open.o)
 .bss           0xb0818b80        0x0 pegasus_crt.a(write.o)
 .bss           0xb0818b80        0x0 pegasus_crt.a(close.o)
 .bss           0xb0818b80      0x800 pegasus_crt.a(kernel.o)
 .bss           0xb0819380        0x0 pegasus_crt.a(double_link_list.o)
 .bss           0xb0819380        0x0 pegasus_crt.a(global.o)
 .bss           0xb0819380        0x0 pegasus_crt.a(netdev.o)
 .bss           0xb0819380        0x0 pegasus_crt.a(skbuff.o)
 .bss           0xb0819380        0x0 pegasus_crt.a(task_network.o)
 .bss           0xb0819380        0x0 pegasus_crt.a(route.o)
 .bss           0xb0819380        0x0 pegasus_crt.a(hd.o)
 .bss           0xb0819380        0x4 pegasus_crt.a(fs_main.o)
                0xb0819380                c
 .bss           0xb0819384        0x0 pegasus_crt.a(main.o)
 .bss           0xb0819384        0x0 pegasus_crt.a(strcmp.o)
 .bss           0xb0819384        0x0 pegasus_crt.a(perror.o)
 .bss           0xb0819384        0x0 pegasus_crt.a(sscanf.o)
 .bss           0xb0819384        0x0 pegasus_crt.a(ntohs.o)
 .bss           0xb0819384        0x0 pegasus_crt.a(htons.o)
 .bss           0xb0819384        0x0 pegasus_crt.a(inet_pton.o)
 .bss           0xb0819384        0x0 pegasus_crt.a(ntohl.o)
 .bss           0xb0819384        0x4 pegasus_crt.a(ipc.o)
 .bss           0xb0819388        0x0 pegasus_crt.a(utils.o)
 .bss           0xb0819388        0x0 pegasus_crt.a(forkexit.o)
 .bss           0xb0819388        0x0 pegasus_crt.a(exec.o)
 .bss           0xb0819388        0x0 pegasus_crt.a(alloca.o)
 .bss           0xb0819388        0x0 pegasus_crt.a(calloc.o)
 .bss           0xb0819388        0x0 pegasus_crt.a(atoi.o)
 .bss           0xb0819388        0x4 pegasus_crt.a(strtok.o)
 .bss           0xb081938c        0x0 pegasus_crt.a(strpbrk.o)
 .bss           0xb081938c        0x0 pegasus_crt.a(my_process.o)
 .bss           0xb081938c        0x4 pegasus_crt.a(socket.o)
 .bss           0xb0819390        0x0 pegasus_crt.a(inet.o)
 .bss           0xb0819390        0x0 pegasus_crt.a(htonl.o)
 .bss           0xb0819390        0x0 pegasus_crt.a(thread.o)
 .bss           0xb0819390        0x4 pegasus_crt.a(udp_sock.o)
 .bss           0xb0819394        0x0 pegasus_crt.a(ip_output.o)
 .bss           0xb0819394        0x0 pegasus_crt.a(sock.o)
 .bss           0xb0819394        0x0 pegasus_crt.a(tcp_sock.o)
 .bss           0xb0819394        0x0 pegasus_crt.a(tcp_input.o)
 .bss           0xb0819394        0x0 pegasus_crt.a(udp.o)
 .bss           0xb0819394        0x0 pegasus_crt.a(tcp_data.o)
 .bss           0xb0819394        0x0 pegasus_crt.a(dst.o)
 .bss           0xb0819394        0x0 pegasus_crt.a(tcp.o)
 .bss           0xb0819394        0x0 pegasus_crt.a(tcp_output.o)
 .bss           0xb0819394        0x0 pegasus_crt.a(arp.o)
 *(COMMON)
 *fill*         0xb0819394        0xc 
 COMMON         0xb08193a0     0x17b8 pegasus_crt.a(kernel_main_old.o)
                0xb08193a0                current_tty
                0xb08193a4                is_e0
                0xb08193a8                idt_ptr
                0xb08193b0                pid
                0xb08193b4                KernelVirtualMemory
                0xb08193c0                current_dis_pos
                0xb08193c4                dis_pos
                0xb08193c8                k_reenter
                0xb08193e0                gdt
                0xb08197e0                proc_ready_table
                0xb08197e4                test_ticks
                0xb08197e8                pcaller
                0xb0819800                keyboard_buffer
                0xb0819a0c                pcb_list
                0xb0819a1c                gdt_index
                0xb0819a20                tty_table
                0xb081a260                tss
                0xb081a2cc                KernelPool
                0xb081a2dc                net_buf
                0xb081a2e0                nic_current_page
                0xb081a2e4                counter
                0xb081a2e8                key_pressed
                0xb081a2ec                fork_pid
                0xb081a2f0                is_shift
                0xb081a2f1                net_data
                0xb081a2f4                gdt_ptr
                0xb081a300                idt
                0xb081ab00                main_thread
                0xb081ab08                ticks
                0xb081ab10                is_init
                0xb081ab14                UserPool
                0xb081ab24                all_pcb_list
                0xb081ab34                console_table
                0xb081ab44                is_disp
                0xb081ab48                MAIN_THREAD_PAGE_DIRECTORY
                0xb081ab4c                helloStr
 *fill*         0xb081ab58        0x8 
 COMMON         0xb081ab60       0xa8 pegasus_crt.a(mem.o)
                0xb081ab60                kernel_mem_block_decs_array
 *fill*         0xb081ac08       0x18 
 COMMON         0xb081ac20    0x91ad0 pegasus_crt.a(global.o)
                0xb081ac20                proc_stack
                0xb08aac20                proc_table
 COMMON         0xb08ac6f0        0x8 pegasus_crt.a(netdev.o)
                0xb08ac6f0                loop
                0xb08ac6f4                netdev
 *fill*         0xb08ac6f8        0x8 
 COMMON         0xb08ac700      0x440 pegasus_crt.a(hd.o)
                0xb08ac700                hd_info
                0xb08ac940                hd_cache
 COMMON         0xb08acb40      0xe68 pegasus_crt.a(fs_main.o)
                0xb08acb40                file_desc_table
                0xb08acf40                phy_super_block_buf
                0xb08acf44                phy_fsbuf
                0xb08acf60                inode_table
                0xb08ad960                super_block_buf
                0xb08ad964                fsbuf
                0xb08ad980                root
                0xb08ad9a8                        . = ALIGN ((. != 0x0)?0x4:0x1)
                0xb08ad9a8                        . = ALIGN (0x4)
                0xb08ad9a8                        . = SEGMENT_START ("ldata-segment", .)
                0xb08ad9a8                        . = ALIGN (0x4)
                0xb08ad9a8                        _end = .
                [!provide]                        PROVIDE (end = .)
                0xb08ad9a8                        . = DATA_SEGMENT_END (.)

.stab
 *(.stab)

.stabstr
 *(.stabstr)

.stab.excl
 *(.stab.excl)

.stab.exclstr
 *(.stab.exclstr)

.stab.index
 *(.stab.index)

.stab.indexstr
 *(.stab.indexstr)

.comment        0x00000000       0x2c
 *(.comment)
 .comment       0x00000000       0x2c test.o
                                 0x2d (size before relaxing)
 .comment       0x0000002c       0x2d pegasus_crt.a(kernel_main_old.o)
 .comment       0x0000002c       0x2d pegasus_crt.a(protect.o)
 .comment       0x0000002c       0x2d pegasus_crt.a(console.o)
 .comment       0x0000002c       0x2d pegasus_crt.a(process.o)
 .comment       0x0000002c       0x2d pegasus_crt.a(keyboard.o)
 .comment       0x0000002c       0x2d pegasus_crt.a(mem.o)
 .comment       0x0000002c       0x2d pegasus_crt.a(exec.o)
 .comment       0x0000002c       0x2d pegasus_crt.a(exit.o)
 .comment       0x0000002c       0x2d pegasus_crt.a(wait.o)
 .comment       0x0000002c       0x2d pegasus_crt.a(fork.o)
 .comment       0x0000002c       0x2d pegasus_crt.a(read.o)
 .comment       0x0000002c       0x2d pegasus_crt.a(open.o)
 .comment       0x0000002c       0x2d pegasus_crt.a(write.o)
 .comment       0x0000002c       0x2d pegasus_crt.a(close.o)
 .comment       0x0000002c       0x2d pegasus_crt.a(double_link_list.o)
 .comment       0x0000002c       0x2d pegasus_crt.a(global.o)
 .comment       0x0000002c       0x2d pegasus_crt.a(netdev.o)
 .comment       0x0000002c       0x2d pegasus_crt.a(skbuff.o)
 .comment       0x0000002c       0x2d pegasus_crt.a(task_network.o)
 .comment       0x0000002c       0x2d pegasus_crt.a(route.o)
 .comment       0x0000002c       0x2d pegasus_crt.a(hd.o)
 .comment       0x0000002c       0x2d pegasus_crt.a(fs_main.o)
 .comment       0x0000002c       0x2d pegasus_crt.a(main.o)
 .comment       0x0000002c       0x2d pegasus_crt.a(strcmp.o)
 .comment       0x0000002c       0x2d pegasus_crt.a(perror.o)
 .comment       0x0000002c       0x2d pegasus_crt.a(sscanf.o)
 .comment       0x0000002c       0x2d pegasus_crt.a(ntohs.o)
 .comment       0x0000002c       0x2d pegasus_crt.a(htons.o)
 .comment       0x0000002c       0x2d pegasus_crt.a(inet_pton.o)
 .comment       0x0000002c       0x2d pegasus_crt.a(ntohl.o)
 .comment       0x0000002c       0x2d pegasus_crt.a(ipc.o)
 .comment       0x0000002c       0x2d pegasus_crt.a(utils.o)
 .comment       0x0000002c       0x2d pegasus_crt.a(forkexit.o)
 .comment       0x0000002c       0x2d pegasus_crt.a(exec.o)
 .comment       0x0000002c       0x2d pegasus_crt.a(alloca.o)
 .comment       0x0000002c       0x2d pegasus_crt.a(calloc.o)
 .comment       0x0000002c       0x2d pegasus_crt.a(atoi.o)
 .comment       0x0000002c       0x2d pegasus_crt.a(strtok.o)
 .comment       0x0000002c       0x2d pegasus_crt.a(strpbrk.o)
 .comment       0x0000002c       0x2d pegasus_crt.a(my_process.o)
 .comment       0x0000002c       0x2d pegasus_crt.a(socket.o)
 .comment       0x0000002c       0x2d pegasus_crt.a(inet.o)
 .comment       0x0000002c       0x2d pegasus_crt.a(htonl.o)
 .comment       0x0000002c       0x2d pegasus_crt.a(thread.o)
 .comment       0x0000002c       0x2d pegasus_crt.a(udp_sock.o)
 .comment       0x0000002c       0x2d pegasus_crt.a(ip_output.o)
 .comment       0x0000002c       0x2d pegasus_crt.a(sock.o)
 .comment       0x0000002c       0x2d pegasus_crt.a(tcp_sock.o)
 .comment       0x0000002c       0x2d pegasus_crt.a(tcp_input.o)
 .comment       0x0000002c       0x2d pegasus_crt.a(udp.o)
 .comment       0x0000002c       0x2d pegasus_crt.a(tcp_data.o)
 .comment       0x0000002c       0x2d pegasus_crt.a(dst.o)
 .comment       0x0000002c       0x2d pegasus_crt.a(tcp.o)
 .comment       0x0000002c       0x2d pegasus_crt.a(tcp_output.o)
 .comment       0x0000002c       0x2d pegasus_crt.a(arp.o)

.gnu.build.attributes
 *(.gnu.build.attributes .gnu.build.attributes.*)

.debug
 *(.debug)

.line
 *(.line)

.debug_srcinfo
 *(.debug_srcinfo)

.debug_sfnames
 *(.debug_sfnames)

.debug_aranges  0x00000000      0x6d8
 *(.debug_aranges)
 .debug_aranges
                0x00000000       0x20 pegasus_crt.a(kernel_main_old.o)
 .debug_aranges
                0x00000020       0x20 pegasus_crt.a(protect.o)
 .debug_aranges
                0x00000040       0x20 pegasus_crt.a(console.o)
 .debug_aranges
                0x00000060       0x20 pegasus_crt.a(process.o)
 .debug_aranges
                0x00000080       0x20 pegasus_crt.a(keyboard.o)
 .debug_aranges
                0x000000a0       0x20 pegasus_crt.a(mem.o)
 .debug_aranges
                0x000000c0       0x20 pegasus_crt.a(exec.o)
 .debug_aranges
                0x000000e0       0x20 pegasus_crt.a(exit.o)
 .debug_aranges
                0x00000100       0x20 pegasus_crt.a(wait.o)
 .debug_aranges
                0x00000120       0x20 pegasus_crt.a(fork.o)
 .debug_aranges
                0x00000140       0x20 pegasus_crt.a(read.o)
 .debug_aranges
                0x00000160       0x20 pegasus_crt.a(open.o)
 .debug_aranges
                0x00000180       0x20 pegasus_crt.a(write.o)
 .debug_aranges
                0x000001a0       0x20 pegasus_crt.a(close.o)
 .debug_aranges
                0x000001c0       0x20 pegasus_crt.a(double_link_list.o)
 .debug_aranges
                0x000001e0       0x18 pegasus_crt.a(global.o)
 .debug_aranges
                0x000001f8       0x20 pegasus_crt.a(netdev.o)
 .debug_aranges
                0x00000218       0x20 pegasus_crt.a(skbuff.o)
 .debug_aranges
                0x00000238       0x20 pegasus_crt.a(task_network.o)
 .debug_aranges
                0x00000258       0x20 pegasus_crt.a(route.o)
 .debug_aranges
                0x00000278       0x20 pegasus_crt.a(hd.o)
 .debug_aranges
                0x00000298       0x20 pegasus_crt.a(fs_main.o)
 .debug_aranges
                0x000002b8       0x20 pegasus_crt.a(main.o)
 .debug_aranges
                0x000002d8       0x20 pegasus_crt.a(strcmp.o)
 .debug_aranges
                0x000002f8       0x20 pegasus_crt.a(perror.o)
 .debug_aranges
                0x00000318       0x20 pegasus_crt.a(sscanf.o)
 .debug_aranges
                0x00000338       0x20 pegasus_crt.a(ntohs.o)
 .debug_aranges
                0x00000358       0x20 pegasus_crt.a(htons.o)
 .debug_aranges
                0x00000378       0x20 pegasus_crt.a(inet_pton.o)
 .debug_aranges
                0x00000398       0x20 pegasus_crt.a(ntohl.o)
 .debug_aranges
                0x000003b8       0x20 pegasus_crt.a(ipc.o)
 .debug_aranges
                0x000003d8       0x20 pegasus_crt.a(utils.o)
 .debug_aranges
                0x000003f8       0x20 pegasus_crt.a(forkexit.o)
 .debug_aranges
                0x00000418       0x20 pegasus_crt.a(exec.o)
 .debug_aranges
                0x00000438       0x20 pegasus_crt.a(alloca.o)
 .debug_aranges
                0x00000458       0x20 pegasus_crt.a(calloc.o)
 .debug_aranges
                0x00000478       0x20 pegasus_crt.a(atoi.o)
 .debug_aranges
                0x00000498       0x20 pegasus_crt.a(strtok.o)
 .debug_aranges
                0x000004b8       0x20 pegasus_crt.a(strpbrk.o)
 .debug_aranges
                0x000004d8       0x20 pegasus_crt.a(my_process.o)
 .debug_aranges
                0x000004f8       0x20 pegasus_crt.a(socket.o)
 .debug_aranges
                0x00000518       0x20 pegasus_crt.a(inet.o)
 .debug_aranges
                0x00000538       0x20 pegasus_crt.a(htonl.o)
 .debug_aranges
                0x00000558       0x20 pegasus_crt.a(thread.o)
 .debug_aranges
                0x00000578       0x20 pegasus_crt.a(udp_sock.o)
 .debug_aranges
                0x00000598       0x20 pegasus_crt.a(ip_output.o)
 .debug_aranges
                0x000005b8       0x20 pegasus_crt.a(sock.o)
 .debug_aranges
                0x000005d8       0x20 pegasus_crt.a(tcp_sock.o)
 .debug_aranges
                0x000005f8       0x20 pegasus_crt.a(tcp_input.o)
 .debug_aranges
                0x00000618       0x20 pegasus_crt.a(udp.o)
 .debug_aranges
                0x00000638       0x20 pegasus_crt.a(tcp_data.o)
 .debug_aranges
                0x00000658       0x20 pegasus_crt.a(dst.o)
 .debug_aranges
                0x00000678       0x20 pegasus_crt.a(tcp.o)
 .debug_aranges
                0x00000698       0x20 pegasus_crt.a(tcp_output.o)
 .debug_aranges
                0x000006b8       0x20 pegasus_crt.a(arp.o)

.debug_pubnames
 *(.debug_pubnames)

.debug_info     0x00000000    0x36ccd
 *(.debug_info .gnu.linkonce.wi.*)
 .debug_info    0x00000000     0x2861 pegasus_crt.a(kernel_main_old.o)
 .debug_info    0x00002861     0x11b5 pegasus_crt.a(protect.o)
 .debug_info    0x00003a16     0x128a pegasus_crt.a(console.o)
 .debug_info    0x00004ca0      0xf62 pegasus_crt.a(process.o)
 .debug_info    0x00005c02      0xfde pegasus_crt.a(keyboard.o)
 .debug_info    0x00006be0     0x1d5e pegasus_crt.a(mem.o)
 .debug_info    0x0000893e      0xf40 pegasus_crt.a(exec.o)
 .debug_info    0x0000987e      0xdb3 pegasus_crt.a(exit.o)
 .debug_info    0x0000a631      0xdc1 pegasus_crt.a(wait.o)
 .debug_info    0x0000b3f2      0xda8 pegasus_crt.a(fork.o)
 .debug_info    0x0000c19a      0xea1 pegasus_crt.a(read.o)
 .debug_info    0x0000d03b      0xe02 pegasus_crt.a(open.o)
 .debug_info    0x0000de3d      0xe2f pegasus_crt.a(write.o)
 .debug_info    0x0000ec6c      0xdb6 pegasus_crt.a(close.o)
 .debug_info    0x0000fa22     0x1042 pegasus_crt.a(double_link_list.o)
 .debug_info    0x00010a64      0xe8a pegasus_crt.a(global.o)
 .debug_info    0x000118ee     0x1776 pegasus_crt.a(netdev.o)
 .debug_info    0x00013064      0x3a7 pegasus_crt.a(skbuff.o)
 .debug_info    0x0001340b      0x689 pegasus_crt.a(task_network.o)
 .debug_info    0x00013a94     0x1282 pegasus_crt.a(route.o)
 .debug_info    0x00014d16     0x17f9 pegasus_crt.a(hd.o)
 .debug_info    0x0001650f     0x1f3b pegasus_crt.a(fs_main.o)
 .debug_info    0x0001844a      0xdcc pegasus_crt.a(main.o)
 .debug_info    0x00019216       0xc1 pegasus_crt.a(strcmp.o)
 .debug_info    0x000192d7       0x5c pegasus_crt.a(perror.o)
 .debug_info    0x00019333      0x20e pegasus_crt.a(sscanf.o)
 .debug_info    0x00019541       0xa8 pegasus_crt.a(ntohs.o)
 .debug_info    0x000195e9       0xa8 pegasus_crt.a(htons.o)
 .debug_info    0x00019691      0x260 pegasus_crt.a(inet_pton.o)
 .debug_info    0x000198f1       0xcb pegasus_crt.a(ntohl.o)
 .debug_info    0x000199bc     0x1c53 pegasus_crt.a(ipc.o)
 .debug_info    0x0001b60f      0x367 pegasus_crt.a(utils.o)
 .debug_info    0x0001b976      0xf9e pegasus_crt.a(forkexit.o)
 .debug_info    0x0001c914     0x11da pegasus_crt.a(exec.o)
 .debug_info    0x0001daee       0xb6 pegasus_crt.a(alloca.o)
 .debug_info    0x0001dba4      0xeb9 pegasus_crt.a(calloc.o)
 .debug_info    0x0001ea5d       0xc9 pegasus_crt.a(atoi.o)
 .debug_info    0x0001eb26       0xae pegasus_crt.a(strtok.o)
 .debug_info    0x0001ebd4       0xcf pegasus_crt.a(strpbrk.o)
 .debug_info    0x0001eca3     0x149d pegasus_crt.a(my_process.o)
 .debug_info    0x00020140     0x1ba7 pegasus_crt.a(socket.o)
 .debug_info    0x00021ce7     0x1a0c pegasus_crt.a(inet.o)
 .debug_info    0x000236f3       0xcb pegasus_crt.a(htonl.o)
 .debug_info    0x000237be     0x1069 pegasus_crt.a(thread.o)
 .debug_info    0x00024827     0x1edd pegasus_crt.a(udp_sock.o)
 .debug_info    0x00026704     0x1745 pegasus_crt.a(ip_output.o)
 .debug_info    0x00027e49     0x1860 pegasus_crt.a(sock.o)
 .debug_info    0x000296a9     0x21ff pegasus_crt.a(tcp_sock.o)
 .debug_info    0x0002b8a8     0x2111 pegasus_crt.a(tcp_input.o)
 .debug_info    0x0002d9b9     0x1b0e pegasus_crt.a(udp.o)
 .debug_info    0x0002f4c7     0x1d77 pegasus_crt.a(tcp_data.o)
 .debug_info    0x0003123e     0x11ea pegasus_crt.a(dst.o)
 .debug_info    0x00032428     0x1e0e pegasus_crt.a(tcp.o)
 .debug_info    0x00034236     0x2329 pegasus_crt.a(tcp_output.o)
 .debug_info    0x0003655f      0x76e pegasus_crt.a(arp.o)

.debug_abbrev   0x00000000     0x6c80
 *(.debug_abbrev)
 .debug_abbrev  0x00000000      0x43a pegasus_crt.a(kernel_main_old.o)
 .debug_abbrev  0x0000043a      0x227 pegasus_crt.a(protect.o)
 .debug_abbrev  0x00000661      0x2ac pegasus_crt.a(console.o)
 .debug_abbrev  0x0000090d      0x1e0 pegasus_crt.a(process.o)
 .debug_abbrev  0x00000aed      0x1fb pegasus_crt.a(keyboard.o)
 .debug_abbrev  0x00000ce8      0x330 pegasus_crt.a(mem.o)
 .debug_abbrev  0x00001018      0x1e8 pegasus_crt.a(exec.o)
 .debug_abbrev  0x00001200      0x19b pegasus_crt.a(exit.o)
 .debug_abbrev  0x0000139b      0x19f pegasus_crt.a(wait.o)
 .debug_abbrev  0x0000153a      0x18a pegasus_crt.a(fork.o)
 .debug_abbrev  0x000016c4      0x1ef pegasus_crt.a(read.o)
 .debug_abbrev  0x000018b3      0x1c5 pegasus_crt.a(open.o)
 .debug_abbrev  0x00001a78      0x1db pegasus_crt.a(write.o)
 .debug_abbrev  0x00001c53      0x19d pegasus_crt.a(close.o)
 .debug_abbrev  0x00001df0      0x216 pegasus_crt.a(double_link_list.o)
 .debug_abbrev  0x00002006      0x157 pegasus_crt.a(global.o)
 .debug_abbrev  0x0000215d      0x2f4 pegasus_crt.a(netdev.o)
 .debug_abbrev  0x00002451      0x17f pegasus_crt.a(skbuff.o)
 .debug_abbrev  0x000025d0      0x16b pegasus_crt.a(task_network.o)
 .debug_abbrev  0x0000273b      0x24e pegasus_crt.a(route.o)
 .debug_abbrev  0x00002989      0x2e3 pegasus_crt.a(hd.o)
 .debug_abbrev  0x00002c6c      0x2ef pegasus_crt.a(fs_main.o)
 .debug_abbrev  0x00002f5b      0x208 pegasus_crt.a(main.o)
 .debug_abbrev  0x00003163       0x94 pegasus_crt.a(strcmp.o)
 .debug_abbrev  0x000031f7       0x5c pegasus_crt.a(perror.o)
 .debug_abbrev  0x00003253       0xdd pegasus_crt.a(sscanf.o)
 .debug_abbrev  0x00003330       0x6c pegasus_crt.a(ntohs.o)
 .debug_abbrev  0x0000339c       0x6c pegasus_crt.a(htons.o)
 .debug_abbrev  0x00003408      0x116 pegasus_crt.a(inet_pton.o)
 .debug_abbrev  0x0000351e       0xa5 pegasus_crt.a(ntohl.o)
 .debug_abbrev  0x000035c3      0x2ee pegasus_crt.a(ipc.o)
 .debug_abbrev  0x000038b1      0x17a pegasus_crt.a(utils.o)
 .debug_abbrev  0x00003a2b      0x204 pegasus_crt.a(forkexit.o)
 .debug_abbrev  0x00003c2f      0x1c4 pegasus_crt.a(exec.o)
 .debug_abbrev  0x00003df3       0xcd pegasus_crt.a(alloca.o)
 .debug_abbrev  0x00003ec0      0x191 pegasus_crt.a(calloc.o)
 .debug_abbrev  0x00004051       0x94 pegasus_crt.a(atoi.o)
 .debug_abbrev  0x000040e5       0x91 pegasus_crt.a(strtok.o)
 .debug_abbrev  0x00004176       0xa5 pegasus_crt.a(strpbrk.o)
 .debug_abbrev  0x0000421b      0x260 pegasus_crt.a(my_process.o)
 .debug_abbrev  0x0000447b      0x327 pegasus_crt.a(socket.o)
 .debug_abbrev  0x000047a2      0x24b pegasus_crt.a(inet.o)
 .debug_abbrev  0x000049ed       0xa5 pegasus_crt.a(htonl.o)
 .debug_abbrev  0x00004a92      0x222 pegasus_crt.a(thread.o)
 .debug_abbrev  0x00004cb4      0x3b1 pegasus_crt.a(udp_sock.o)
 .debug_abbrev  0x00005065      0x213 pegasus_crt.a(ip_output.o)
 .debug_abbrev  0x00005278      0x273 pegasus_crt.a(sock.o)
 .debug_abbrev  0x000054eb      0x3e6 pegasus_crt.a(tcp_sock.o)
 .debug_abbrev  0x000058d1      0x355 pegasus_crt.a(tcp_input.o)
 .debug_abbrev  0x00005c26      0x2d3 pegasus_crt.a(udp.o)
 .debug_abbrev  0x00005ef9      0x2a6 pegasus_crt.a(tcp_data.o)
 .debug_abbrev  0x0000619f      0x204 pegasus_crt.a(dst.o)
 .debug_abbrev  0x000063a3      0x332 pegasus_crt.a(tcp.o)
 .debug_abbrev  0x000066d5      0x39b pegasus_crt.a(tcp_output.o)
 .debug_abbrev  0x00006a70      0x210 pegasus_crt.a(arp.o)

.debug_line     0x00000000     0x8e41
 *(.debug_line .debug_line.* .debug_line_end)
 .debug_line    0x00000000      0xe2f pegasus_crt.a(kernel_main_old.o)
 .debug_line    0x00000e2f      0x1ff pegasus_crt.a(protect.o)
 .debug_line    0x0000102e      0x54e pegasus_crt.a(console.o)
 .debug_line    0x0000157c      0x1ba pegasus_crt.a(process.o)
 .debug_line    0x00001736      0x296 pegasus_crt.a(keyboard.o)
 .debug_line    0x000019cc      0x778 pegasus_crt.a(mem.o)
 .debug_line    0x00002144      0x18b pegasus_crt.a(exec.o)
 .debug_line    0x000022cf       0xa0 pegasus_crt.a(exit.o)
 .debug_line    0x0000236f       0xb7 pegasus_crt.a(wait.o)
 .debug_line    0x00002426       0xa5 pegasus_crt.a(fork.o)
 .debug_line    0x000024cb      0x15b pegasus_crt.a(read.o)
 .debug_line    0x00002626       0xc3 pegasus_crt.a(open.o)
 .debug_line    0x000026e9       0xc2 pegasus_crt.a(write.o)
 .debug_line    0x000027ab       0xb3 pegasus_crt.a(close.o)
 .debug_line    0x0000285e      0x217 pegasus_crt.a(double_link_list.o)
 .debug_line    0x00002a75       0x95 pegasus_crt.a(global.o)
 .debug_line    0x00002b0a      0x3fe pegasus_crt.a(netdev.o)
 .debug_line    0x00002f08      0x129 pegasus_crt.a(skbuff.o)
 .debug_line    0x00003031       0xe6 pegasus_crt.a(task_network.o)
 .debug_line    0x00003117      0x209 pegasus_crt.a(route.o)
 .debug_line    0x00003320      0x62f pegasus_crt.a(hd.o)
 .debug_line    0x0000394f      0xc25 pegasus_crt.a(fs_main.o)
 .debug_line    0x00004574       0xec pegasus_crt.a(main.o)
 .debug_line    0x00004660       0x9c pegasus_crt.a(strcmp.o)
 .debug_line    0x000046fc       0x48 pegasus_crt.a(perror.o)
 .debug_line    0x00004744      0x1d2 pegasus_crt.a(sscanf.o)
 .debug_line    0x00004916       0x6c pegasus_crt.a(ntohs.o)
 .debug_line    0x00004982       0x6c pegasus_crt.a(htons.o)
 .debug_line    0x000049ee      0x167 pegasus_crt.a(inet_pton.o)
 .debug_line    0x00004b55       0xc1 pegasus_crt.a(ntohl.o)
 .debug_line    0x00004c16      0x5bb pegasus_crt.a(ipc.o)
 .debug_line    0x000051d1      0x13c pegasus_crt.a(utils.o)
 .debug_line    0x0000530d      0x174 pegasus_crt.a(forkexit.o)
 .debug_line    0x00005481      0x20c pegasus_crt.a(exec.o)
 .debug_line    0x0000568d       0x5f pegasus_crt.a(alloca.o)
 .debug_line    0x000056ec       0xe3 pegasus_crt.a(calloc.o)
 .debug_line    0x000057cf       0xad pegasus_crt.a(atoi.o)
 .debug_line    0x0000587c       0x6e pegasus_crt.a(strtok.o)
 .debug_line    0x000058ea       0xb0 pegasus_crt.a(strpbrk.o)
 .debug_line    0x0000599a      0x33b pegasus_crt.a(my_process.o)
 .debug_line    0x00005cd5      0x3a6 pegasus_crt.a(socket.o)
 .debug_line    0x0000607b      0x30e pegasus_crt.a(inet.o)
 .debug_line    0x00006389       0xc1 pegasus_crt.a(htonl.o)
 .debug_line    0x0000644a      0x145 pegasus_crt.a(thread.o)
 .debug_line    0x0000658f      0x4b2 pegasus_crt.a(udp_sock.o)
 .debug_line    0x00006a41      0x1ff pegasus_crt.a(ip_output.o)
 .debug_line    0x00006c40      0x222 pegasus_crt.a(sock.o)
 .debug_line    0x00006e62      0x57d pegasus_crt.a(tcp_sock.o)
 .debug_line    0x000073df      0x65a pegasus_crt.a(tcp_input.o)
 .debug_line    0x00007a39      0x2ec pegasus_crt.a(udp.o)
 .debug_line    0x00007d25      0x3e9 pegasus_crt.a(tcp_data.o)
 .debug_line    0x0000810e      0x15f pegasus_crt.a(dst.o)
 .debug_line    0x0000826d      0x2f5 pegasus_crt.a(tcp.o)
 .debug_line    0x00008562      0x58b pegasus_crt.a(tcp_output.o)
 .debug_line    0x00008aed      0x354 pegasus_crt.a(arp.o)

.debug_frame
 *(.debug_frame)

.debug_str      0x00000000     0x348f
 *(.debug_str)
 .debug_str     0x00000000     0x348f pegasus_crt.a(kernel_main_old.o)
                                0xb86 (size before relaxing)
 .debug_str     0x0000348f      0x766 pegasus_crt.a(protect.o)
 .debug_str     0x0000348f      0x75a pegasus_crt.a(console.o)
 .debug_str     0x0000348f      0x645 pegasus_crt.a(process.o)
 .debug_str     0x0000348f      0x697 pegasus_crt.a(keyboard.o)
 .debug_str     0x0000348f      0xab9 pegasus_crt.a(mem.o)
 .debug_str     0x0000348f      0x627 pegasus_crt.a(exec.o)
 .debug_str     0x0000348f      0x5a0 pegasus_crt.a(exit.o)
 .debug_str     0x0000348f      0x5a0 pegasus_crt.a(wait.o)
 .debug_str     0x0000348f      0x599 pegasus_crt.a(fork.o)
 .debug_str     0x0000348f      0x617 pegasus_crt.a(read.o)
 .debug_str     0x0000348f      0x5de pegasus_crt.a(open.o)
 .debug_str     0x0000348f      0x5db pegasus_crt.a(write.o)
 .debug_str     0x0000348f      0x5a6 pegasus_crt.a(close.o)
 .debug_str     0x0000348f      0x6dd pegasus_crt.a(double_link_list.o)
 .debug_str     0x0000348f      0x60b pegasus_crt.a(global.o)
 .debug_str     0x0000348f      0x895 pegasus_crt.a(netdev.o)
 .debug_str     0x0000348f      0x1d8 pegasus_crt.a(skbuff.o)
 .debug_str     0x0000348f      0x2a1 pegasus_crt.a(task_network.o)
 .debug_str     0x0000348f      0x73e pegasus_crt.a(route.o)
 .debug_str     0x0000348f      0x914 pegasus_crt.a(hd.o)
 .debug_str     0x0000348f      0xaf5 pegasus_crt.a(fs_main.o)
 .debug_str     0x0000348f      0x593 pegasus_crt.a(main.o)
 .debug_str     0x0000348f       0xb1 pegasus_crt.a(strcmp.o)
 .debug_str     0x0000348f       0x99 pegasus_crt.a(perror.o)
 .debug_str     0x0000348f      0x102 pegasus_crt.a(sscanf.o)
 .debug_str     0x0000348f      0x101 pegasus_crt.a(ntohs.o)
 .debug_str     0x0000348f      0x102 pegasus_crt.a(htons.o)
 .debug_str     0x0000348f      0x14c pegasus_crt.a(inet_pton.o)
 .debug_str     0x0000348f       0xf3 pegasus_crt.a(ntohl.o)
 .debug_str     0x0000348f      0x8da pegasus_crt.a(ipc.o)
 .debug_str     0x0000348f      0x1b8 pegasus_crt.a(utils.o)
 .debug_str     0x0000348f      0x612 pegasus_crt.a(forkexit.o)
 .debug_str     0x0000348f      0x868 pegasus_crt.a(exec.o)
 .debug_str     0x0000348f       0xce pegasus_crt.a(alloca.o)
 .debug_str     0x0000348f      0x62c pegasus_crt.a(calloc.o)
 .debug_str     0x0000348f       0xad pegasus_crt.a(atoi.o)
 .debug_str     0x0000348f       0xb9 pegasus_crt.a(strtok.o)
 .debug_str     0x0000348f       0xc1 pegasus_crt.a(strpbrk.o)
 .debug_str     0x0000348f      0x8f9 pegasus_crt.a(my_process.o)
 .debug_str     0x0000348f      0x923 pegasus_crt.a(socket.o)
 .debug_str     0x0000348f      0x8e2 pegasus_crt.a(inet.o)
 .debug_str     0x0000348f       0xf4 pegasus_crt.a(htonl.o)
 .debug_str     0x0000348f      0x712 pegasus_crt.a(thread.o)
 .debug_str     0x0000348f      0xa6c pegasus_crt.a(udp_sock.o)
 .debug_str     0x0000348f      0x851 pegasus_crt.a(ip_output.o)
 .debug_str     0x0000348f      0x8b1 pegasus_crt.a(sock.o)
 .debug_str     0x0000348f      0xcbb pegasus_crt.a(tcp_sock.o)
 .debug_str     0x0000348f      0xb88 pegasus_crt.a(tcp_input.o)
 .debug_str     0x0000348f      0x948 pegasus_crt.a(udp.o)
 .debug_str     0x0000348f      0xa44 pegasus_crt.a(tcp_data.o)
 .debug_str     0x0000348f      0x71d pegasus_crt.a(dst.o)
 .debug_str     0x0000348f      0xb28 pegasus_crt.a(tcp.o)
 .debug_str     0x0000348f      0xc18 pegasus_crt.a(tcp_output.o)
 .debug_str     0x0000348f      0x2f6 pegasus_crt.a(arp.o)

.debug_loc
 *(.debug_loc)

.debug_macinfo
 *(.debug_macinfo)

.debug_weaknames
 *(.debug_weaknames)

.debug_funcnames
 *(.debug_funcnames)

.debug_typenames
 *(.debug_typenames)

.debug_varnames
 *(.debug_varnames)

.debug_pubtypes
 *(.debug_pubtypes)

.debug_ranges   0x00000000       0x90
 *(.debug_ranges)
 .debug_ranges  0x00000000       0x30 pegasus_crt.a(kernel_main_old.o)
 .debug_ranges  0x00000030       0x48 pegasus_crt.a(hd.o)
 .debug_ranges  0x00000078       0x18 pegasus_crt.a(exec.o)

.debug_addr
 *(.debug_addr)

.debug_line_str
 *(.debug_line_str)

.debug_loclists
 *(.debug_loclists)

.debug_macro
 *(.debug_macro)

.debug_names
 *(.debug_names)

.debug_rnglists
 *(.debug_rnglists)

.debug_str_offsets
 *(.debug_str_offsets)

.debug_sup
 *(.debug_sup)

.gnu.attributes
 *(.gnu.attributes)

/DISCARD/
 *(.note.GNU-stack)
 *(.gnu_debuglink)
 *(.gnu.lto_*)
OUTPUT(test elf32-i386)
