Archive member included to satisfy reference by file (symbol)

../lib/pegasus_crt.a(exit.o)  start.o (exit)
../lib/pegasus_crt.a(kernel_main_old.o)
                              test.o (Printf)
../lib/pegasus_crt.a(double_link_list.o)
                              ../lib/pegasus_crt.a(kernel_main_old.o) (appendToDoubleLinkList)
../lib/pegasus_crt.a(kernel.o)
                              ../lib/pegasus_crt.a(kernel_main_old.o) (disp_str)
../lib/pegasus_crt.a(string.o)
                              ../lib/pegasus_crt.a(kernel_main_old.o) (Memcpy2)
../lib/pegasus_crt.a(hd.o)    ../lib/pegasus_crt.a(kernel.o) (hd_handler)
../lib/pegasus_crt.a(syscall.o)
                              ../lib/pegasus_crt.a(kernel_main_old.o) (write_debug)
../lib/pegasus_crt.a(global.o)
                              ../lib/pegasus_crt.a(kernel.o) (sys_call_table)
../lib/pegasus_crt.a(hd_rdwt.o)
                              ../lib/pegasus_crt.a(hd.o) (read_port)
../lib/pegasus_crt.a(process.o)
                              ../lib/pegasus_crt.a(kernel_main_old.o) (schedule_process)
../lib/pegasus_crt.a(protect.o)
                              ../lib/pegasus_crt.a(kernel_main_old.o) (InitInterruptDesc)
../lib/pegasus_crt.a(console.o)
                              ../lib/pegasus_crt.a(kernel_main_old.o) (out_char)
../lib/pegasus_crt.a(keyboard.o)
                              ../lib/pegasus_crt.a(kernel.o) (keyboard_handler)
../lib/pegasus_crt.a(open.o)  ../lib/pegasus_crt.a(kernel_main_old.o) (open)
../lib/pegasus_crt.a(read.o)  ../lib/pegasus_crt.a(kernel_main_old.o) (read)
../lib/pegasus_crt.a(write.o)
                              ../lib/pegasus_crt.a(kernel_main_old.o) (write)
../lib/pegasus_crt.a(close.o)
                              ../lib/pegasus_crt.a(kernel_main_old.o) (close)
../lib/pegasus_crt.a(wait.o)  ../lib/pegasus_crt.a(kernel_main_old.o) (wait)
../lib/pegasus_crt.a(fork.o)  ../lib/pegasus_crt.a(kernel_main_old.o) (fork)
../lib/pegasus_crt.a(exec.o)  ../lib/pegasus_crt.a(kernel_main_old.o) (execv)
../lib/pegasus_crt.a(main.o)  ../lib/pegasus_crt.a(global.o) (TaskMM)
../lib/pegasus_crt.a(exec.o)  ../lib/pegasus_crt.a(main.o) (do_exec)
../lib/pegasus_crt.a(forkexit.o)
                              ../lib/pegasus_crt.a(main.o) (do_fork)
../lib/pegasus_crt.a(mem.o)   ../lib/pegasus_crt.a(exec.o) (get_virtual_address_start_with_addr)
../lib/pegasus_crt.a(my_process.o)
                              ../lib/pegasus_crt.a(forkexit.o) (fork_process)
../lib/pegasus_crt.a(switch_to.o)
                              ../lib/pegasus_crt.a(process.o) (switch_to)
../lib/pegasus_crt.a(thread.o)
                              ../lib/pegasus_crt.a(my_process.o) (thread_init)
../lib/pegasus_crt.a(fs_main.o)
                              ../lib/pegasus_crt.a(global.o) (task_fs)

Allocating common symbols
Common symbol       size              file

current_tty         0x4               ../lib/pegasus_crt.a(exit.o)
file_desc_table     0x400             ../lib/pegasus_crt.a(fs_main.o)
is_e0               0x1               ../lib/pegasus_crt.a(exit.o)
phy_super_block_buf
                    0x4               ../lib/pegasus_crt.a(fs_main.o)
phy_fsbuf           0x4               ../lib/pegasus_crt.a(fs_main.o)
idt_ptr             0x6               ../lib/pegasus_crt.a(exit.o)
pid                 0x4               ../lib/pegasus_crt.a(exit.o)
KernelVirtualMemory
                    0xc               ../lib/pegasus_crt.a(kernel_main_old.o)
inode_table         0xa00             ../lib/pegasus_crt.a(fs_main.o)
dis_pos             0x4               ../lib/pegasus_crt.a(exit.o)
k_reenter           0x4               ../lib/pegasus_crt.a(exit.o)
super_block_buf     0x4               ../lib/pegasus_crt.a(fs_main.o)
gdt                 0x400             ../lib/pegasus_crt.a(exit.o)
proc_ready_table    0x4               ../lib/pegasus_crt.a(exit.o)
test_ticks          0x4               ../lib/pegasus_crt.a(exit.o)
hd_info             0x224             ../lib/pegasus_crt.a(hd.o)
proc_stack          0x70000           ../lib/pegasus_crt.a(global.o)
pcaller             0x4               ../lib/pegasus_crt.a(exit.o)
keyboard_buffer     0x20c             ../lib/pegasus_crt.a(exit.o)
pcb_list            0x10              ../lib/pegasus_crt.a(exit.o)
gdt_index           0x4               ../lib/pegasus_crt.a(exit.o)
tty_table           0x828             ../lib/pegasus_crt.a(exit.o)
tss                 0x6c              ../lib/pegasus_crt.a(exit.o)
KernelPool          0x10              ../lib/pegasus_crt.a(kernel_main_old.o)
fsbuf               0x4               ../lib/pegasus_crt.a(fs_main.o)
root                0x28              ../lib/pegasus_crt.a(fs_main.o)
kernel_mem_block_decs_array
                    0xf0              ../lib/pegasus_crt.a(mem.o)
counter             0x4               ../lib/pegasus_crt.a(exit.o)
key_pressed         0x4               ../lib/pegasus_crt.a(exit.o)
is_shift            0x1               ../lib/pegasus_crt.a(exit.o)
gdt_ptr             0x6               ../lib/pegasus_crt.a(exit.o)
idt                 0x800             ../lib/pegasus_crt.a(exit.o)
main_thread         0x4               ../lib/pegasus_crt.a(exit.o)
ticks               0x8               ../lib/pegasus_crt.a(exit.o)
is_init             0x1               ../lib/pegasus_crt.a(exit.o)
UserPool            0x10              ../lib/pegasus_crt.a(kernel_main_old.o)
all_pcb_list        0x10              ../lib/pegasus_crt.a(exit.o)
console_table       0x10              ../lib/pegasus_crt.a(exit.o)
is_disp             0x1               ../lib/pegasus_crt.a(exit.o)
proc_table          0x15a0            ../lib/pegasus_crt.a(global.o)
hd_cache            0x200             ../lib/pegasus_crt.a(hd.o)

Discarded input sections

 .note.GNU-stack
                0x0000000000000000        0x0 test.o
 .note.GNU-stack
                0x0000000000000000        0x0 ../lib/pegasus_crt.a(exit.o)
 .note.GNU-stack
                0x0000000000000000        0x0 ../lib/pegasus_crt.a(kernel_main_old.o)
 .note.GNU-stack
                0x0000000000000000        0x0 ../lib/pegasus_crt.a(double_link_list.o)
 .note.GNU-stack
                0x0000000000000000        0x0 ../lib/pegasus_crt.a(hd.o)
 .note.GNU-stack
                0x0000000000000000        0x0 ../lib/pegasus_crt.a(global.o)
 .note.GNU-stack
                0x0000000000000000        0x0 ../lib/pegasus_crt.a(process.o)
 .note.GNU-stack
                0x0000000000000000        0x0 ../lib/pegasus_crt.a(protect.o)
 .note.GNU-stack
                0x0000000000000000        0x0 ../lib/pegasus_crt.a(console.o)
 .note.GNU-stack
                0x0000000000000000        0x0 ../lib/pegasus_crt.a(keyboard.o)
 .note.GNU-stack
                0x0000000000000000        0x0 ../lib/pegasus_crt.a(open.o)
 .note.GNU-stack
                0x0000000000000000        0x0 ../lib/pegasus_crt.a(read.o)
 .note.GNU-stack
                0x0000000000000000        0x0 ../lib/pegasus_crt.a(write.o)
 .note.GNU-stack
                0x0000000000000000        0x0 ../lib/pegasus_crt.a(close.o)
 .note.GNU-stack
                0x0000000000000000        0x0 ../lib/pegasus_crt.a(wait.o)
 .note.GNU-stack
                0x0000000000000000        0x0 ../lib/pegasus_crt.a(fork.o)
 .note.GNU-stack
                0x0000000000000000        0x0 ../lib/pegasus_crt.a(exec.o)
 .note.GNU-stack
                0x0000000000000000        0x0 ../lib/pegasus_crt.a(main.o)
 .note.GNU-stack
                0x0000000000000000        0x0 ../lib/pegasus_crt.a(exec.o)
 .note.GNU-stack
                0x0000000000000000        0x0 ../lib/pegasus_crt.a(forkexit.o)
 .note.GNU-stack
                0x0000000000000000        0x0 ../lib/pegasus_crt.a(mem.o)
 .note.GNU-stack
                0x0000000000000000        0x0 ../lib/pegasus_crt.a(my_process.o)
 .note.GNU-stack
                0x0000000000000000        0x0 ../lib/pegasus_crt.a(thread.o)
 .note.GNU-stack
                0x0000000000000000        0x0 ../lib/pegasus_crt.a(fs_main.o)

Memory Configuration

Name             Origin             Length             Attributes
*default*        0x0000000000000000 0xffffffffffffffff

Linker script and memory map

Address of section .text set to 0xc0800000
LOAD test.o
LOAD start.o
LOAD ../lib/pegasus_crt.a
                [!provide]                        PROVIDE (__executable_start = SEGMENT_START ("text-segment", 0x8048000))
                0x0000000008048094                . = (SEGMENT_START ("text-segment", 0x8048000) + SIZEOF_HEADERS)

.interp
 *(.interp)

.note.gnu.build-id
 *(.note.gnu.build-id)

.hash
 *(.hash)

.gnu.hash
 *(.gnu.hash)

.dynsym
 *(.dynsym)

.dynstr
 *(.dynstr)

.gnu.version
 *(.gnu.version)

.gnu.version_d
 *(.gnu.version_d)

.gnu.version_r
 *(.gnu.version_r)

.rel.dyn        0x0000000008048094        0x0
 *(.rel.init)
 *(.rel.text .rel.text.* .rel.gnu.linkonce.t.*)
 .rel.text      0x0000000008048094        0x0 test.o
 *(.rel.fini)
 *(.rel.rodata .rel.rodata.* .rel.gnu.linkonce.r.*)
 *(.rel.data.rel.ro .rel.data.rel.ro.* .rel.gnu.linkonce.d.rel.ro.*)
 *(.rel.data .rel.data.* .rel.gnu.linkonce.d.*)
 *(.rel.tdata .rel.tdata.* .rel.gnu.linkonce.td.*)
 *(.rel.tbss .rel.tbss.* .rel.gnu.linkonce.tb.*)
 *(.rel.ctors)
 *(.rel.dtors)
 *(.rel.got)
 .rel.got       0x0000000008048094        0x0 test.o
 *(.rel.bss .rel.bss.* .rel.gnu.linkonce.b.*)
 *(.rel.ifunc)

.rel.plt        0x0000000008048094        0x0
 *(.rel.plt)
                [!provide]                        PROVIDE (__rel_iplt_start = .)
 *(.rel.iplt)
 .rel.iplt      0x0000000008048094        0x0 test.o
                [!provide]                        PROVIDE (__rel_iplt_end = .)

.init
 *(SORT_NONE(.init))

.plt            0x0000000008048098        0x0
 *(.plt)
 *(.iplt)
 .iplt          0x0000000008048098        0x0 test.o

.plt.got
 *(.plt.got)

.plt.sec
 *(.plt.sec)

.text           0x00000000c0800000     0x9c96
 *(.text.unlikely .text.*_unlikely .text.unlikely.*)
 *(.text.exit .text.exit.*)
 *(.text.startup .text.startup.*)
 *(.text.hot .text.hot.*)
 *(.text .stub .text.* .gnu.linkonce.t.*)
 .text          0x00000000c0800000       0x3e test.o
                0x00000000c0800000                main
 *fill*         0x00000000c080003e        0x2 
 .text          0x00000000c0800040       0x15 start.o
                0x00000000c0800040                _start
 .text          0x00000000c0800055       0x2f ../lib/pegasus_crt.a(exit.o)
                0x00000000c0800055                exit
 .text          0x00000000c0800084     0x2925 ../lib/pegasus_crt.a(kernel_main_old.o)
                0x00000000c0800084                intr_enable
                0x00000000c08000ad                intr_disable
                0x00000000c08000d6                intr_set_status
                0x00000000c08000f4                intr_get_status
                0x00000000c0800111                Memcpy
                0x00000000c0800144                untar
                0x00000000c0800454                atoi
                0x00000000c08004fa                disp_int
                0x00000000c0800523                do_page_fault
                0x00000000c0800660                exception_handler
                0x00000000c0800847                init_internal_interrupt
                0x00000000c08009bc                spurious_irq
                0x00000000c0800a4a                init_keyboard
                0x00000000c0800ab7                u_thread_a
                0x00000000c0800acf                TestTTY
                0x00000000c0800b6e                TestFS
                0x00000000c0800f76                wait_exit
                0x00000000c0801044                INIT_fork
                0x00000000c0801327                simple_shell
                0x00000000c0801525                test_split_str
                0x00000000c08016b2                test_shell
                0x00000000c080171a                test_exec
                0x00000000c08017c2                INIT
                0x00000000c08017cf                TestA
                0x00000000c0801804                delay
                0x00000000c0801848                TestB
                0x00000000c0801860                TestC
                0x00000000c0801893                sys_get_ticks
                0x00000000c08018a3                sys_write
                0x00000000c08018f7                milli_delay
                0x00000000c0801933                TaskSys
                0x00000000c0801938                Printf
                0x00000000c0801996                vsprintf
                0x00000000c0801b42                printx
                0x00000000c0801b85                sys_printx
                0x00000000c0801c51                spin
                0x00000000c0801c77                panic
                0x00000000c0801c95                assertion_failure
                0x00000000c0801ccc                dead_lock
                0x00000000c0801cd6                sys_send_msg
                0x00000000c08020bd                sys_receive_msg
                0x00000000c08025cc                disp_str_colour_debug
                0x00000000c08025d2                send_rec
                0x00000000c08026ce                block
                0x00000000c080270a                unblock
                0x00000000c080275a                get_ticks_ipc
                0x00000000c08027b1                itoa
                0x00000000c0802807                i2a
                0x00000000c080286d                inform_int
                0x00000000c080293a                strcmp
 .text          0x00000000c08029a9      0x329 ../lib/pegasus_crt.a(double_link_list.o)
                0x00000000c08029a9                initDoubleLinkList
                0x00000000c08029d7                isListEmpty
                0x00000000c08029f8                findElementInList
                0x00000000c0802ad4                appendToDoubleLinkList
                0x00000000c0802bbb                insertToDoubleLinkList
                0x00000000c0802c3e                popFromDoubleLinkList
 *fill*         0x00000000c0802cd2        0xe 
 .text          0x00000000c0802ce0      0x325 ../lib/pegasus_crt.a(kernel.o)
                0x00000000c0802ce0                InterruptTest
                0x00000000c0802cec                disp_str
                0x00000000c0802d27                disp_str_colour
                0x00000000c0802d63                divide_zero_fault
                0x00000000c0802d69                single_step_fault
                0x00000000c0802d6f                non_maskable_interrupt
                0x00000000c0802d75                breakpoint_trap
                0x00000000c0802d7b                overflow_trap
                0x00000000c0802d81                bound_range_exceeded_fault
                0x00000000c0802d87                invalid_opcode_fault
                0x00000000c0802d8d                coprocessor_not_available_fault
                0x00000000c0802d93                double_fault_exception_abort
                0x00000000c0802d97                coprocessor_segment_overrun
                0x00000000c0802d9d                invalid_task_state_segment_fault
                0x00000000c0802da1                segment_not_present_fault
                0x00000000c0802da5                stack_exception_fault
                0x00000000c0802da9                general_protection_exception_fault
                0x00000000c0802db4                page_fault
                0x00000000c0802db8                coprocessor_error_fault
                0x00000000c0802dbe                align_check_fault
                0x00000000c0802dc2                simd_float_exception_fault
                0x00000000c0802dd1                hwint0
                0x00000000c0802dfe                hwint1
                0x00000000c0802e40                hwint14
                0x00000000c0802e7e                sys_call
                0x00000000c0802ec3                fork_restart
                0x00000000c0802ecc                restart
                0x00000000c0802eed                in_byte
                0x00000000c0802ef9                out_byte
                0x00000000c0802f1b                disable_int
                0x00000000c0802f1d                enable_int
                0x00000000c0802fb3                enable_8259A_casecade_irq
                0x00000000c0802fbd                disable_8259A_casecade_irq
                0x00000000c0802fc7                enable_8259A_slave_winchester_irq
                0x00000000c0802fd1                disable_8259A_slave_winchester_irq
                0x00000000c0802fdb                update_cr3
                0x00000000c0802fe8                update_tss
                0x00000000c0802ff7                get_running_thread_pcb
                0x00000000c0802fff                sys_call_test
 .text          0x00000000c0803005      0xe1d ../lib/pegasus_crt.a(hd.o)
                0x00000000c0803005                TaskHD
                0x00000000c080304a                init_hd
                0x00000000c0803064                hd_handle
                0x00000000c0803169                hd_cmd_out
                0x00000000c080326b                hd_identify
                0x00000000c0803322                print_hdinfo
                0x00000000c08034b0                print_dpt_entry
                0x00000000c080351c                get_partition_table
                0x00000000c08035fb                partition
                0x00000000c0803815                hd_open
                0x00000000c08038bc                get_hd_ioctl
                0x00000000c080396d                wait_for
                0x00000000c080399e                interrupt_wait
                0x00000000c08039ee                hd_rdwt
                0x00000000c0803c8d                hd_handler
                0x00000000c0803cb9                waitfor
                0x00000000c0803cfd                print_hd_info
                0x00000000c0803dea                is_empty
 *fill*         0x00000000c0803e22        0xe 
 .text          0x00000000c0803e30       0xa1 ../lib/pegasus_crt.a(syscall.o)
                0x00000000c0803e30                get_ticks
                0x00000000c0803e38                write2
                0x00000000c0803e48                write_debug
                0x00000000c0803e68                send_msg
                0x00000000c0803e8e                receive_msg
                0x00000000c0803ea4                sys_malloc
                0x00000000c0803eb9                sys_free
 .text          0x00000000c0803ed1        0x0 ../lib/pegasus_crt.a(global.o)
 .text          0x00000000c0803ed1      0x225 ../lib/pegasus_crt.a(process.o)
                0x00000000c0803ed1                check
                0x00000000c0803ef8                schedule_process
                0x00000000c0803ffd                clock_handler
                0x00000000c080406d                pid2proc
                0x00000000c08040df                proc2pid
 .text          0x00000000c08040f6      0x3a0 ../lib/pegasus_crt.a(protect.o)
                0x00000000c08040f6                InitDescriptor
                0x00000000c0804163                Seg2PhyAddr
                0x00000000c08041a4                Seg2PhyAddrLDT
                0x00000000c08041e8                VirAddr2PhyAddr
                0x00000000c08041fe                v2l
                0x00000000c0804241                init_propt
                0x00000000c08043af                InitInterruptDesc
                0x00000000c080440b                ReloadGDT
 .text          0x00000000c0804496      0xaca ../lib/pegasus_crt.a(console.o)
                0x00000000c0804496                select_console
                0x00000000c08044d2                flush
                0x00000000c080450b                set_cursor
                0x00000000c0804569                set_console_start_video_addr
                0x00000000c08045c7                put_key
                0x00000000c0804633                scroll_up
                0x00000000c0804675                scroll_down
                0x00000000c08046e0                out_char
                0x00000000c080489d                tty_dev_read
                0x00000000c08048c7                tty_dev_write
                0x00000000c0804af4                tty_do_read
                0x00000000c0804bbc                tty_do_write
                0x00000000c0804d1f                init_screen
                0x00000000c0804da8                init_tty
                0x00000000c0804e5d                TaskTTY
 .text          0x00000000c0804f60      0x40f ../lib/pegasus_crt.a(keyboard.o)
                0x00000000c0804f60                keyboard_handler
                0x00000000c0804fe4                read_from_keyboard_buf
                0x00000000c080504a                keyboard_read
                0x00000000c08051c9                init_keyboard_handler
                0x00000000c08051dd                in_process
 .text          0x00000000c080536f       0x95 ../lib/pegasus_crt.a(open.o)
                0x00000000c080536f                open
 .text          0x00000000c0805404      0x181 ../lib/pegasus_crt.a(read.o)
                0x00000000c0805404                read
 .text          0x00000000c0805585       0x85 ../lib/pegasus_crt.a(write.o)
                0x00000000c0805585                write
 .text          0x00000000c080560a       0x52 ../lib/pegasus_crt.a(close.o)
                0x00000000c080560a                close
 .text          0x00000000c080565c       0x44 ../lib/pegasus_crt.a(wait.o)
                0x00000000c080565c                wait
 .text          0x00000000c08056a0       0x68 ../lib/pegasus_crt.a(fork.o)
                0x00000000c08056a0                fork
 .text          0x00000000c0805708      0x27b ../lib/pegasus_crt.a(exec.o)
                0x00000000c0805708                exec
                0x00000000c0805779                execv
                0x00000000c080595e                execl
 .text          0x00000000c0805983      0x148 ../lib/pegasus_crt.a(main.o)
                0x00000000c0805983                TaskMM
                0x00000000c0805aac                alloc_mem
 .text          0x00000000c0805acb      0x41f ../lib/pegasus_crt.a(exec.o)
                0x00000000c0805acb                do_exec
 .text          0x00000000c0805eea      0x291 ../lib/pegasus_crt.a(forkexit.o)
                0x00000000c0805eea                do_fork
                0x00000000c0805f58                do_exit
                0x00000000c0806054                do_wait
                0x00000000c0806121                cleanup
 .text          0x00000000c080617b     0x1266 ../lib/pegasus_crt.a(mem.o)
                0x00000000c080617b                init_bitmap
                0x00000000c080619e                test_bit_val
                0x00000000c0806207                set_bit_val
                0x00000000c0806282                set_bits
                0x00000000c08062bc                get_first_free_bit
                0x00000000c0806300                get_bits
                0x00000000c08063c8                get_a_page
                0x00000000c080647c                get_virtual_address_start_with_addr
                0x00000000c0806516                get_virtual_address
                0x00000000c08065a6                ptr_pde
                0x00000000c08065b9                ptr_pte
                0x00000000c08065e0                add_map_entry
                0x00000000c0806671                alloc_virtual_memory
                0x00000000c080673f                get_physical_address_proc
                0x00000000c08067bb                get_physical_address
                0x00000000c08067ed                alloc_physical_memory_of_proc
                0x00000000c08068dc                alloc_physical_memory
                0x00000000c08069a4                alloc_memory
                0x00000000c0806a06                get_a_virtual_page
                0x00000000c0806a3e                block2arena
                0x00000000c0806a54                sys_malloc2
                0x00000000c0806d05                remove_map_entry
                0x00000000c0806d26                free_a_page
                0x00000000c0806dcd                sys_free2
                0x00000000c0806f50                init_memory_block_desc
                0x00000000c0807021                init_memory2
                0x00000000c0807298                init_memory
 .text          0x00000000c08073e1      0x6b5 ../lib/pegasus_crt.a(my_process.o)
                0x00000000c08073e1                create_user_process_address_space
                0x00000000c0807471                user_process
                0x00000000c0807580                clone_pcb
                0x00000000c0807684                build_body_stack
                0x00000000c08077b7                build_process_kernel_stack
                0x00000000c080787a                fork_process
                0x00000000c0807925                process_execute
 *fill*         0x00000000c0807a96        0xa 
 .text          0x00000000c0807aa0       0x15 ../lib/pegasus_crt.a(switch_to.o)
                0x00000000c0807aa0                switch_to
 .text          0x00000000c0807ab5      0x1b2 ../lib/pegasus_crt.a(thread.o)
                0x00000000c0807ab5                kernel_thread
                0x00000000c0807acd                thread_init
                0x00000000c0807b7a                thread_create
                0x00000000c0807baf                thread_start
 .text          0x00000000c0807c67     0x202f ../lib/pegasus_crt.a(fs_main.o)
                0x00000000c0807c67                task_fs
                0x00000000c0807e72                rd_wt
                0x00000000c0807f4b                mkfs
                0x00000000c080852d                init_fs
                0x00000000c0808581                do_open
                0x00000000c0808750                search_file
                0x00000000c0808882                strip_path
                0x00000000c080894e                get_inode
                0x00000000c0808b10                create_file
                0x00000000c0808c1b                alloc_imap_bit
                0x00000000c0808d18                alloc_smap_bit
                0x00000000c0808eb9                new_inode
                0x00000000c0808fd7                new_dir_entry
                0x00000000c08091e3                do_unlink
                0x00000000c08096bf                do_rdwt
                0x00000000c0809a4a                sync_inode
                0x00000000c0809b9e                put_inode
                0x00000000c0809bdc                do_close
                0x00000000c0809c2e                get_super_block
 *(.gnu.warning)

.fini
 *(SORT_NONE(.fini))
                [!provide]                        PROVIDE (__etext = .)
                [!provide]                        PROVIDE (_etext = .)
                [!provide]                        PROVIDE (etext = .)

.rodata         0x00000000c0809ca0      0xd93
 *(.rodata .rodata.* .gnu.linkonce.r.*)
 .rodata        0x00000000c0809ca0       0x10 test.o
 *fill*         0x00000000c0809cb0       0x10 
 .rodata        0x00000000c0809cc0      0x8a5 ../lib/pegasus_crt.a(kernel_main_old.o)
 .rodata        0x00000000c080a565       0x2c ../lib/pegasus_crt.a(double_link_list.o)
 *fill*         0x00000000c080a591        0x3 
 .rodata        0x00000000c080a594      0x19c ../lib/pegasus_crt.a(hd.o)
 .rodata        0x00000000c080a730       0x26 ../lib/pegasus_crt.a(process.o)
 .rodata        0x00000000c080a756       0x22 ../lib/pegasus_crt.a(console.o)
 .rodata        0x00000000c080a778       0x24 ../lib/pegasus_crt.a(close.o)
 .rodata        0x00000000c080a79c       0x1b ../lib/pegasus_crt.a(fork.o)
 .rodata        0x00000000c080a7b7       0x2d ../lib/pegasus_crt.a(exec.o)
 .rodata        0x00000000c080a7e4       0x11 ../lib/pegasus_crt.a(main.o)
 .rodata        0x00000000c080a7f5       0x10 ../lib/pegasus_crt.a(exec.o)
 .rodata        0x00000000c080a805       0x41 ../lib/pegasus_crt.a(mem.o)
 *fill*         0x00000000c080a846        0x2 
 .rodata        0x00000000c080a848      0x1eb ../lib/pegasus_crt.a(fs_main.o)
                0x00000000c080a848                FSBUF_SIZE

.txt            0x00000000c080aa33       0xaa
 .txt           0x00000000c080aa33       0x82 ../lib/pegasus_crt.a(string.o)
                0x00000000c080aa33                Memcpy2
                0x00000000c080aa61                Memset
                0x00000000c080aa80                Strcpy
                0x00000000c080aa9a                Strlen
 .txt           0x00000000c080aab5       0x28 ../lib/pegasus_crt.a(hd_rdwt.o)
                0x00000000c080aab5                read_port
                0x00000000c080aac9                write_port

.rodata1
 *(.rodata1)

.eh_frame_hdr
 *(.eh_frame_hdr)
 *(.eh_frame_entry .eh_frame_entry.*)

.eh_frame       0x00000000c080aae0     0x16f0
 *(.eh_frame)
 .eh_frame      0x00000000c080aae0       0x44 test.o
 .eh_frame      0x00000000c080ab24       0x20 ../lib/pegasus_crt.a(exit.o)
                                         0x38 (size before relaxing)
 .eh_frame      0x00000000c080ab44      0x62c ../lib/pegasus_crt.a(kernel_main_old.o)
                                        0x644 (size before relaxing)
 .eh_frame      0x00000000c080b170       0xc0 ../lib/pegasus_crt.a(double_link_list.o)
                                         0xd8 (size before relaxing)
 .eh_frame      0x00000000c080b230      0x244 ../lib/pegasus_crt.a(hd.o)
                                        0x25c (size before relaxing)
 .eh_frame      0x00000000c080b474       0xa0 ../lib/pegasus_crt.a(process.o)
                                         0xb8 (size before relaxing)
 .eh_frame      0x00000000c080b514      0x100 ../lib/pegasus_crt.a(protect.o)
                                        0x118 (size before relaxing)
 .eh_frame      0x00000000c080b614      0x1e0 ../lib/pegasus_crt.a(console.o)
                                        0x1f8 (size before relaxing)
 .eh_frame      0x00000000c080b7f4       0xa0 ../lib/pegasus_crt.a(keyboard.o)
                                         0xb8 (size before relaxing)
 .eh_frame      0x00000000c080b894       0x20 ../lib/pegasus_crt.a(open.o)
                                         0x38 (size before relaxing)
 .eh_frame      0x00000000c080b8b4       0x20 ../lib/pegasus_crt.a(read.o)
                                         0x38 (size before relaxing)
 .eh_frame      0x00000000c080b8d4       0x20 ../lib/pegasus_crt.a(write.o)
                                         0x38 (size before relaxing)
 .eh_frame      0x00000000c080b8f4       0x20 ../lib/pegasus_crt.a(close.o)
                                         0x38 (size before relaxing)
 .eh_frame      0x00000000c080b914       0x20 ../lib/pegasus_crt.a(wait.o)
                                         0x38 (size before relaxing)
 .eh_frame      0x00000000c080b934       0x20 ../lib/pegasus_crt.a(fork.o)
                                         0x38 (size before relaxing)
 .eh_frame      0x00000000c080b954       0x60 ../lib/pegasus_crt.a(exec.o)
                                         0x78 (size before relaxing)
 .eh_frame      0x00000000c080b9b4       0x3c ../lib/pegasus_crt.a(main.o)
                                         0x54 (size before relaxing)
 .eh_frame      0x00000000c080b9f0       0x20 ../lib/pegasus_crt.a(exec.o)
                                         0x38 (size before relaxing)
 .eh_frame      0x00000000c080ba10       0x80 ../lib/pegasus_crt.a(forkexit.o)
                                         0x98 (size before relaxing)
 .eh_frame      0x00000000c080ba90      0x364 ../lib/pegasus_crt.a(mem.o)
                                        0x37c (size before relaxing)
 .eh_frame      0x00000000c080bdf4       0xe0 ../lib/pegasus_crt.a(my_process.o)
                                         0xf8 (size before relaxing)
 .eh_frame      0x00000000c080bed4       0x80 ../lib/pegasus_crt.a(thread.o)
                                         0x98 (size before relaxing)
 .eh_frame      0x00000000c080bf54      0x27c ../lib/pegasus_crt.a(fs_main.o)
                                        0x294 (size before relaxing)
 *(.eh_frame.*)

.gcc_except_table
 *(.gcc_except_table .gcc_except_table.*)

.gnu_extab
 *(.gnu_extab*)

.exception_ranges
 *(.exception_ranges .exception_ranges*)
                0x00000000c080e000                . = DATA_SEGMENT_ALIGN (CONSTANT (MAXPAGESIZE), CONSTANT (COMMONPAGESIZE))

.eh_frame
 *(.eh_frame)
 *(.eh_frame.*)

.gnu_extab
 *(.gnu_extab)

.gcc_except_table
 *(.gcc_except_table .gcc_except_table.*)

.exception_ranges
 *(.exception_ranges .exception_ranges*)

.tdata
 *(.tdata .tdata.* .gnu.linkonce.td.*)

.tbss
 *(.tbss .tbss.* .gnu.linkonce.tb.*)
 *(.tcommon)

.preinit_array  0x00000000c080e000        0x0
                [!provide]                        PROVIDE (__preinit_array_start = .)
 *(.preinit_array)
                [!provide]                        PROVIDE (__preinit_array_end = .)

.init_array     0x00000000c080e000        0x0
                [!provide]                        PROVIDE (__init_array_start = .)
 *(SORT_BY_INIT_PRIORITY(.init_array.*) SORT_BY_INIT_PRIORITY(.ctors.*))
 *(.init_array EXCLUDE_FILE(*crtend?.o *crtend.o *crtbegin?.o *crtbegin.o) .ctors)
                [!provide]                        PROVIDE (__init_array_end = .)

.fini_array     0x00000000c080e000        0x0
                [!provide]                        PROVIDE (__fini_array_start = .)
 *(SORT_BY_INIT_PRIORITY(.fini_array.*) SORT_BY_INIT_PRIORITY(.dtors.*))
 *(.fini_array EXCLUDE_FILE(*crtend?.o *crtend.o *crtbegin?.o *crtbegin.o) .dtors)
                [!provide]                        PROVIDE (__fini_array_end = .)

.ctors
 *crtbegin.o(.ctors)
 *crtbegin?.o(.ctors)
 *(EXCLUDE_FILE(*crtend?.o *crtend.o) .ctors)
 *(SORT_BY_NAME(.ctors.*))
 *(.ctors)

.dtors
 *crtbegin.o(.dtors)
 *crtbegin?.o(.dtors)
 *(EXCLUDE_FILE(*crtend?.o *crtend.o) .dtors)
 *(SORT_BY_NAME(.dtors.*))
 *(.dtors)

.jcr
 *(.jcr)

.data.rel.ro
 *(.data.rel.ro.local* .gnu.linkonce.d.rel.ro.local.*)
 *(.data.rel.ro .data.rel.ro.* .gnu.linkonce.d.rel.ro.*)

.dynamic
 *(.dynamic)

.got            0x00000000c080e000        0x0
 *(.got)
 .got           0x00000000c080e000        0x0 test.o
 *(.igot)
                0x00000000c080e000                . = DATA_SEGMENT_RELRO_END (., (SIZEOF (.got.plt) >= 0xc)?0xc:0x0)

.got.plt        0x00000000c080e000        0x0
 *(.got.plt)
 .got.plt       0x00000000c080e000        0x0 test.o
 *(.igot.plt)
 .igot.plt      0x00000000c080e000        0x0 test.o

.data           0x00000000c080e000      0x760
 *(.data .data.* .gnu.linkonce.d.*)
 .data          0x00000000c080e000        0x0 test.o
 .data          0x00000000c080e000        0x0 ../lib/pegasus_crt.a(exit.o)
 .data          0x00000000c080e000        0x0 ../lib/pegasus_crt.a(kernel_main_old.o)
 .data          0x00000000c080e000        0x0 ../lib/pegasus_crt.a(double_link_list.o)
 .data          0x00000000c080e000        0xf ../lib/pegasus_crt.a(kernel.o)
 .data          0x00000000c080e00f        0x0 ../lib/pegasus_crt.a(hd.o)
 *fill*         0x00000000c080e00f        0x1 
 .data          0x00000000c080e010        0x0 ../lib/pegasus_crt.a(syscall.o)
 *fill*         0x00000000c080e010       0x10 
 .data          0x00000000c080e020      0x128 ../lib/pegasus_crt.a(global.o)
                0x00000000c080e020                user_task_table
                0x00000000c080e0a0                sys_task_table
                0x00000000c080e12c                sys_call_table
 .data          0x00000000c080e148        0x0 ../lib/pegasus_crt.a(process.o)
 .data          0x00000000c080e148        0x0 ../lib/pegasus_crt.a(protect.o)
 .data          0x00000000c080e148        0x0 ../lib/pegasus_crt.a(console.o)
 *fill*         0x00000000c080e148       0x18 
 .data          0x00000000c080e160      0x600 ../lib/pegasus_crt.a(keyboard.o)
                0x00000000c080e160                keymap
 .data          0x00000000c080e760        0x0 ../lib/pegasus_crt.a(open.o)
 .data          0x00000000c080e760        0x0 ../lib/pegasus_crt.a(read.o)
 .data          0x00000000c080e760        0x0 ../lib/pegasus_crt.a(write.o)
 .data          0x00000000c080e760        0x0 ../lib/pegasus_crt.a(close.o)
 .data          0x00000000c080e760        0x0 ../lib/pegasus_crt.a(wait.o)
 .data          0x00000000c080e760        0x0 ../lib/pegasus_crt.a(fork.o)
 .data          0x00000000c080e760        0x0 ../lib/pegasus_crt.a(exec.o)
 .data          0x00000000c080e760        0x0 ../lib/pegasus_crt.a(main.o)
 .data          0x00000000c080e760        0x0 ../lib/pegasus_crt.a(exec.o)
 .data          0x00000000c080e760        0x0 ../lib/pegasus_crt.a(forkexit.o)
 .data          0x00000000c080e760        0x0 ../lib/pegasus_crt.a(mem.o)
 .data          0x00000000c080e760        0x0 ../lib/pegasus_crt.a(my_process.o)
 .data          0x00000000c080e760        0x0 ../lib/pegasus_crt.a(thread.o)
 .data          0x00000000c080e760        0x0 ../lib/pegasus_crt.a(fs_main.o)

.data1
 *(.data1)
                0x00000000c080e760                _edata = .
                [!provide]                        PROVIDE (edata = .)
                0x00000000c080e760                . = .
                0x00000000c080e760                __bss_start = .

.bss            0x00000000c080e760    0x74908
 *(.dynbss)
 *(.bss .bss.* .gnu.linkonce.b.*)
 .bss           0x00000000c080e760        0x0 test.o
 .bss           0x00000000c080e760        0x0 ../lib/pegasus_crt.a(exit.o)
 .bss           0x00000000c080e760        0x0 ../lib/pegasus_crt.a(kernel_main_old.o)
 .bss           0x00000000c080e760        0x0 ../lib/pegasus_crt.a(double_link_list.o)
 .bss           0x00000000c080e760      0x800 ../lib/pegasus_crt.a(kernel.o)
 .bss           0x00000000c080ef60        0x0 ../lib/pegasus_crt.a(hd.o)
 .bss           0x00000000c080ef60        0x0 ../lib/pegasus_crt.a(global.o)
 .bss           0x00000000c080ef60        0x0 ../lib/pegasus_crt.a(process.o)
 .bss           0x00000000c080ef60        0x0 ../lib/pegasus_crt.a(protect.o)
 .bss           0x00000000c080ef60        0x0 ../lib/pegasus_crt.a(console.o)
 .bss           0x00000000c080ef60        0x0 ../lib/pegasus_crt.a(keyboard.o)
 .bss           0x00000000c080ef60        0x0 ../lib/pegasus_crt.a(open.o)
 .bss           0x00000000c080ef60        0x0 ../lib/pegasus_crt.a(read.o)
 .bss           0x00000000c080ef60        0x0 ../lib/pegasus_crt.a(write.o)
 .bss           0x00000000c080ef60        0x0 ../lib/pegasus_crt.a(close.o)
 .bss           0x00000000c080ef60        0x0 ../lib/pegasus_crt.a(wait.o)
 .bss           0x00000000c080ef60        0x0 ../lib/pegasus_crt.a(fork.o)
 .bss           0x00000000c080ef60        0x0 ../lib/pegasus_crt.a(exec.o)
 .bss           0x00000000c080ef60        0x0 ../lib/pegasus_crt.a(main.o)
 .bss           0x00000000c080ef60        0x0 ../lib/pegasus_crt.a(exec.o)
 .bss           0x00000000c080ef60        0x0 ../lib/pegasus_crt.a(forkexit.o)
 .bss           0x00000000c080ef60        0x0 ../lib/pegasus_crt.a(mem.o)
 .bss           0x00000000c080ef60        0x0 ../lib/pegasus_crt.a(my_process.o)
 .bss           0x00000000c080ef60        0x0 ../lib/pegasus_crt.a(thread.o)
 .bss           0x00000000c080ef60        0x4 ../lib/pegasus_crt.a(fs_main.o)
                0x00000000c080ef60                c
 *(COMMON)
 *fill*         0x00000000c080ef64       0x1c 
 COMMON         0x00000000c080ef80     0x1755 ../lib/pegasus_crt.a(exit.o)
                0x00000000c080ef80                current_tty
                0x00000000c080ef84                is_e0
                0x00000000c080ef88                idt_ptr
                0x00000000c080ef90                pid
                0x00000000c080ef94                dis_pos
                0x00000000c080ef98                k_reenter
                0x00000000c080efa0                gdt
                0x00000000c080f3a0                proc_ready_table
                0x00000000c080f3a4                test_ticks
                0x00000000c080f3a8                pcaller
                0x00000000c080f3c0                keyboard_buffer
                0x00000000c080f5cc                pcb_list
                0x00000000c080f5dc                gdt_index
                0x00000000c080f5e0                tty_table
                0x00000000c080fe20                tss
                0x00000000c080fe8c                counter
                0x00000000c080fe90                key_pressed
                0x00000000c080fe94                is_shift
                0x00000000c080fe98                gdt_ptr
                0x00000000c080fea0                idt
                0x00000000c08106a0                main_thread
                0x00000000c08106a8                ticks
                0x00000000c08106b0                is_init
                0x00000000c08106b4                all_pcb_list
                0x00000000c08106c4                console_table
                0x00000000c08106d4                is_disp
 *fill*         0x00000000c08106d5        0x3 
 COMMON         0x00000000c08106d8       0x2c ../lib/pegasus_crt.a(kernel_main_old.o)
                0x00000000c08106d8                KernelVirtualMemory
                0x00000000c08106e4                KernelPool
                0x00000000c08106f4                UserPool
 *fill*         0x00000000c0810704       0x1c 
 COMMON         0x00000000c0810720      0x440 ../lib/pegasus_crt.a(hd.o)
                0x00000000c0810720                hd_info
                0x00000000c0810960                hd_cache
 COMMON         0x00000000c0810b60    0x715a0 ../lib/pegasus_crt.a(global.o)
                0x00000000c0810b60                proc_stack
                0x00000000c0880b60                proc_table
 COMMON         0x00000000c0882100       0xf0 ../lib/pegasus_crt.a(mem.o)
                0x00000000c0882100                kernel_mem_block_decs_array
 *fill*         0x00000000c08821f0       0x10 
 COMMON         0x00000000c0882200      0xe68 ../lib/pegasus_crt.a(fs_main.o)
                0x00000000c0882200                file_desc_table
                0x00000000c0882600                phy_super_block_buf
                0x00000000c0882604                phy_fsbuf
                0x00000000c0882620                inode_table
                0x00000000c0883020                super_block_buf
                0x00000000c0883024                fsbuf
                0x00000000c0883040                root
                0x00000000c0883068                . = ALIGN ((. != 0x0)?0x4:0x1)
                0x00000000c0883068                . = ALIGN (0x4)
                0x00000000c0883068                . = SEGMENT_START ("ldata-segment", .)
                0x00000000c0883068                . = ALIGN (0x4)
                0x00000000c0883068                _end = .
                [!provide]                        PROVIDE (end = .)
                0x00000000c0883068                . = DATA_SEGMENT_END (.)

.stab
 *(.stab)

.stabstr
 *(.stabstr)

.stab.excl
 *(.stab.excl)

.stab.exclstr
 *(.stab.exclstr)

.stab.index
 *(.stab.index)

.stab.indexstr
 *(.stab.indexstr)

.comment        0x0000000000000000       0x2c
 *(.comment)
 .comment       0x0000000000000000       0x2c test.o
                                         0x2d (size before relaxing)
 .comment       0x000000000000002c       0x2d ../lib/pegasus_crt.a(exit.o)
 .comment       0x000000000000002c       0x2d ../lib/pegasus_crt.a(kernel_main_old.o)
 .comment       0x000000000000002c       0x2d ../lib/pegasus_crt.a(double_link_list.o)
 .comment       0x000000000000002c       0x2d ../lib/pegasus_crt.a(hd.o)
 .comment       0x000000000000002c       0x2d ../lib/pegasus_crt.a(global.o)
 .comment       0x000000000000002c       0x2d ../lib/pegasus_crt.a(process.o)
 .comment       0x000000000000002c       0x2d ../lib/pegasus_crt.a(protect.o)
 .comment       0x000000000000002c       0x2d ../lib/pegasus_crt.a(console.o)
 .comment       0x000000000000002c       0x2d ../lib/pegasus_crt.a(keyboard.o)
 .comment       0x000000000000002c       0x2d ../lib/pegasus_crt.a(open.o)
 .comment       0x000000000000002c       0x2d ../lib/pegasus_crt.a(read.o)
 .comment       0x000000000000002c       0x2d ../lib/pegasus_crt.a(write.o)
 .comment       0x000000000000002c       0x2d ../lib/pegasus_crt.a(close.o)
 .comment       0x000000000000002c       0x2d ../lib/pegasus_crt.a(wait.o)
 .comment       0x000000000000002c       0x2d ../lib/pegasus_crt.a(fork.o)
 .comment       0x000000000000002c       0x2d ../lib/pegasus_crt.a(exec.o)
 .comment       0x000000000000002c       0x2d ../lib/pegasus_crt.a(main.o)
 .comment       0x000000000000002c       0x2d ../lib/pegasus_crt.a(exec.o)
 .comment       0x000000000000002c       0x2d ../lib/pegasus_crt.a(forkexit.o)
 .comment       0x000000000000002c       0x2d ../lib/pegasus_crt.a(mem.o)
 .comment       0x000000000000002c       0x2d ../lib/pegasus_crt.a(my_process.o)
 .comment       0x000000000000002c       0x2d ../lib/pegasus_crt.a(thread.o)
 .comment       0x000000000000002c       0x2d ../lib/pegasus_crt.a(fs_main.o)

.gnu.build.attributes
 *(.gnu.build.attributes .gnu.build.attributes.*)

.debug
 *(.debug)

.line
 *(.line)

.debug_srcinfo
 *(.debug_srcinfo)

.debug_sfnames
 *(.debug_sfnames)

.debug_aranges  0x0000000000000000      0x2d8
 *(.debug_aranges)
 .debug_aranges
                0x0000000000000000       0x20 ../lib/pegasus_crt.a(exit.o)
 .debug_aranges
                0x0000000000000020       0x20 ../lib/pegasus_crt.a(kernel_main_old.o)
 .debug_aranges
                0x0000000000000040       0x20 ../lib/pegasus_crt.a(double_link_list.o)
 .debug_aranges
                0x0000000000000060       0x20 ../lib/pegasus_crt.a(hd.o)
 .debug_aranges
                0x0000000000000080       0x18 ../lib/pegasus_crt.a(global.o)
 .debug_aranges
                0x0000000000000098       0x20 ../lib/pegasus_crt.a(process.o)
 .debug_aranges
                0x00000000000000b8       0x20 ../lib/pegasus_crt.a(protect.o)
 .debug_aranges
                0x00000000000000d8       0x20 ../lib/pegasus_crt.a(console.o)
 .debug_aranges
                0x00000000000000f8       0x20 ../lib/pegasus_crt.a(keyboard.o)
 .debug_aranges
                0x0000000000000118       0x20 ../lib/pegasus_crt.a(open.o)
 .debug_aranges
                0x0000000000000138       0x20 ../lib/pegasus_crt.a(read.o)
 .debug_aranges
                0x0000000000000158       0x20 ../lib/pegasus_crt.a(write.o)
 .debug_aranges
                0x0000000000000178       0x20 ../lib/pegasus_crt.a(close.o)
 .debug_aranges
                0x0000000000000198       0x20 ../lib/pegasus_crt.a(wait.o)
 .debug_aranges
                0x00000000000001b8       0x20 ../lib/pegasus_crt.a(fork.o)
 .debug_aranges
                0x00000000000001d8       0x20 ../lib/pegasus_crt.a(exec.o)
 .debug_aranges
                0x00000000000001f8       0x20 ../lib/pegasus_crt.a(main.o)
 .debug_aranges
                0x0000000000000218       0x20 ../lib/pegasus_crt.a(exec.o)
 .debug_aranges
                0x0000000000000238       0x20 ../lib/pegasus_crt.a(forkexit.o)
 .debug_aranges
                0x0000000000000258       0x20 ../lib/pegasus_crt.a(mem.o)
 .debug_aranges
                0x0000000000000278       0x20 ../lib/pegasus_crt.a(my_process.o)
 .debug_aranges
                0x0000000000000298       0x20 ../lib/pegasus_crt.a(thread.o)
 .debug_aranges
                0x00000000000002b8       0x20 ../lib/pegasus_crt.a(fs_main.o)

.debug_pubnames
 *(.debug_pubnames)

.debug_info     0x0000000000000000    0x19454
 *(.debug_info .gnu.linkonce.wi.*)
 .debug_info    0x0000000000000000      0xd17 ../lib/pegasus_crt.a(exit.o)
 .debug_info    0x0000000000000d17     0x2679 ../lib/pegasus_crt.a(kernel_main_old.o)
 .debug_info    0x0000000000003390      0xfa8 ../lib/pegasus_crt.a(double_link_list.o)
 .debug_info    0x0000000000004338     0x1746 ../lib/pegasus_crt.a(hd.o)
 .debug_info    0x0000000000005a7e      0xdee ../lib/pegasus_crt.a(global.o)
 .debug_info    0x000000000000686c      0xf05 ../lib/pegasus_crt.a(process.o)
 .debug_info    0x0000000000007771     0x1119 ../lib/pegasus_crt.a(protect.o)
 .debug_info    0x000000000000888a     0x11ee ../lib/pegasus_crt.a(console.o)
 .debug_info    0x0000000000009a78      0xf42 ../lib/pegasus_crt.a(keyboard.o)
 .debug_info    0x000000000000a9ba      0xd66 ../lib/pegasus_crt.a(open.o)
 .debug_info    0x000000000000b720      0xe05 ../lib/pegasus_crt.a(read.o)
 .debug_info    0x000000000000c525      0xd93 ../lib/pegasus_crt.a(write.o)
 .debug_info    0x000000000000d2b8      0xd1a ../lib/pegasus_crt.a(close.o)
 .debug_info    0x000000000000dfd2      0xd25 ../lib/pegasus_crt.a(wait.o)
 .debug_info    0x000000000000ecf7      0xd0c ../lib/pegasus_crt.a(fork.o)
 .debug_info    0x000000000000fa03      0xe95 ../lib/pegasus_crt.a(exec.o)
 .debug_info    0x0000000000010898      0xd2a ../lib/pegasus_crt.a(main.o)
 .debug_info    0x00000000000115c2     0x1138 ../lib/pegasus_crt.a(exec.o)
 .debug_info    0x00000000000126fa      0xee6 ../lib/pegasus_crt.a(forkexit.o)
 .debug_info    0x00000000000135e0     0x1cb6 ../lib/pegasus_crt.a(mem.o)
 .debug_info    0x0000000000015296     0x1365 ../lib/pegasus_crt.a(my_process.o)
 .debug_info    0x00000000000165fb      0xfc0 ../lib/pegasus_crt.a(thread.o)
 .debug_info    0x00000000000175bb     0x1e99 ../lib/pegasus_crt.a(fs_main.o)

.debug_abbrev   0x0000000000000000     0x3119
 *(.debug_abbrev)
 .debug_abbrev  0x0000000000000000      0x19b ../lib/pegasus_crt.a(exit.o)
 .debug_abbrev  0x000000000000019b      0x43c ../lib/pegasus_crt.a(kernel_main_old.o)
 .debug_abbrev  0x00000000000005d7      0x216 ../lib/pegasus_crt.a(double_link_list.o)
 .debug_abbrev  0x00000000000007ed      0x2e3 ../lib/pegasus_crt.a(hd.o)
 .debug_abbrev  0x0000000000000ad0      0x157 ../lib/pegasus_crt.a(global.o)
 .debug_abbrev  0x0000000000000c27      0x1e9 ../lib/pegasus_crt.a(process.o)
 .debug_abbrev  0x0000000000000e10      0x227 ../lib/pegasus_crt.a(protect.o)
 .debug_abbrev  0x0000000000001037      0x2ac ../lib/pegasus_crt.a(console.o)
 .debug_abbrev  0x00000000000012e3      0x1fb ../lib/pegasus_crt.a(keyboard.o)
 .debug_abbrev  0x00000000000014de      0x1c5 ../lib/pegasus_crt.a(open.o)
 .debug_abbrev  0x00000000000016a3      0x1ef ../lib/pegasus_crt.a(read.o)
 .debug_abbrev  0x0000000000001892      0x1db ../lib/pegasus_crt.a(write.o)
 .debug_abbrev  0x0000000000001a6d      0x19d ../lib/pegasus_crt.a(close.o)
 .debug_abbrev  0x0000000000001c0a      0x19f ../lib/pegasus_crt.a(wait.o)
 .debug_abbrev  0x0000000000001da9      0x18a ../lib/pegasus_crt.a(fork.o)
 .debug_abbrev  0x0000000000001f33      0x1e8 ../lib/pegasus_crt.a(exec.o)
 .debug_abbrev  0x000000000000211b      0x208 ../lib/pegasus_crt.a(main.o)
 .debug_abbrev  0x0000000000002323      0x1c4 ../lib/pegasus_crt.a(exec.o)
 .debug_abbrev  0x00000000000024e7      0x204 ../lib/pegasus_crt.a(forkexit.o)
 .debug_abbrev  0x00000000000026eb      0x2ea ../lib/pegasus_crt.a(mem.o)
 .debug_abbrev  0x00000000000029d5      0x233 ../lib/pegasus_crt.a(my_process.o)
 .debug_abbrev  0x0000000000002c08      0x222 ../lib/pegasus_crt.a(thread.o)
 .debug_abbrev  0x0000000000002e2a      0x2ef ../lib/pegasus_crt.a(fs_main.o)

.debug_line     0x0000000000000000     0x45db
 *(.debug_line .debug_line.* .debug_line_end)
 .debug_line    0x0000000000000000       0xa0 ../lib/pegasus_crt.a(exit.o)
 .debug_line    0x00000000000000a0      0xd9c ../lib/pegasus_crt.a(kernel_main_old.o)
 .debug_line    0x0000000000000e3c      0x253 ../lib/pegasus_crt.a(double_link_list.o)
 .debug_line    0x000000000000108f      0x613 ../lib/pegasus_crt.a(hd.o)
 .debug_line    0x00000000000016a2       0x95 ../lib/pegasus_crt.a(global.o)
 .debug_line    0x0000000000001737      0x193 ../lib/pegasus_crt.a(process.o)
 .debug_line    0x00000000000018ca      0x1fb ../lib/pegasus_crt.a(protect.o)
 .debug_line    0x0000000000001ac5      0x54e ../lib/pegasus_crt.a(console.o)
 .debug_line    0x0000000000002013      0x296 ../lib/pegasus_crt.a(keyboard.o)
 .debug_line    0x00000000000022a9       0xbd ../lib/pegasus_crt.a(open.o)
 .debug_line    0x0000000000002366      0x155 ../lib/pegasus_crt.a(read.o)
 .debug_line    0x00000000000024bb       0xbc ../lib/pegasus_crt.a(write.o)
 .debug_line    0x0000000000002577       0xad ../lib/pegasus_crt.a(close.o)
 .debug_line    0x0000000000002624       0xb7 ../lib/pegasus_crt.a(wait.o)
 .debug_line    0x00000000000026db       0xae ../lib/pegasus_crt.a(fork.o)
 .debug_line    0x0000000000002789      0x187 ../lib/pegasus_crt.a(exec.o)
 .debug_line    0x0000000000002910       0xec ../lib/pegasus_crt.a(main.o)
 .debug_line    0x00000000000029fc      0x214 ../lib/pegasus_crt.a(exec.o)
 .debug_line    0x0000000000002c10      0x18a ../lib/pegasus_crt.a(forkexit.o)
 .debug_line    0x0000000000002d9a      0x7dd ../lib/pegasus_crt.a(mem.o)
 .debug_line    0x0000000000003577      0x30e ../lib/pegasus_crt.a(my_process.o)
 .debug_line    0x0000000000003885      0x145 ../lib/pegasus_crt.a(thread.o)
 .debug_line    0x00000000000039ca      0xc11 ../lib/pegasus_crt.a(fs_main.o)

.debug_frame
 *(.debug_frame)

.debug_str      0x0000000000000000     0x1d50
 *(.debug_str)
 .debug_str     0x0000000000000000      0x47c ../lib/pegasus_crt.a(exit.o)
                                        0x53b (size before relaxing)
 .debug_str     0x000000000000047c      0x4f7 ../lib/pegasus_crt.a(kernel_main_old.o)
                                        0xaaf (size before relaxing)
 .debug_str     0x0000000000000973       0x97 ../lib/pegasus_crt.a(double_link_list.o)
                                        0x667 (size before relaxing)
 .debug_str     0x0000000000000a0a      0x2a1 ../lib/pegasus_crt.a(hd.o)
                                        0x8a3 (size before relaxing)
 .debug_str     0x0000000000000cab        0x9 ../lib/pegasus_crt.a(global.o)
                                        0x5a6 (size before relaxing)
 .debug_str     0x0000000000000cb4       0x37 ../lib/pegasus_crt.a(process.o)
                                        0x5e6 (size before relaxing)
 .debug_str     0x0000000000000ceb      0x125 ../lib/pegasus_crt.a(protect.o)
                                        0x701 (size before relaxing)
 .debug_str     0x0000000000000e10      0x10d ../lib/pegasus_crt.a(console.o)
                                        0x6f5 (size before relaxing)
 .debug_str     0x0000000000000f1d       0x84 ../lib/pegasus_crt.a(keyboard.o)
                                        0x632 (size before relaxing)
 .debug_str     0x0000000000000fa1       0x2d ../lib/pegasus_crt.a(open.o)
                                        0x56e (size before relaxing)
 .debug_str     0x0000000000000fce       0x51 ../lib/pegasus_crt.a(read.o)
                                        0x5a7 (size before relaxing)
 .debug_str     0x000000000000101f        0xc ../lib/pegasus_crt.a(write.o)
                                        0x56b (size before relaxing)
 .debug_str     0x000000000000102b        0xc ../lib/pegasus_crt.a(close.o)
                                        0x536 (size before relaxing)
 .debug_str     0x0000000000001037        0xb ../lib/pegasus_crt.a(wait.o)
                                        0x53b (size before relaxing)
 .debug_str     0x0000000000001042        0xb ../lib/pegasus_crt.a(fork.o)
                                        0x534 (size before relaxing)
 .debug_str     0x000000000000104d       0x2d ../lib/pegasus_crt.a(exec.o)
                                        0x5b2 (size before relaxing)
 .debug_str     0x000000000000107a       0x32 ../lib/pegasus_crt.a(main.o)
                                        0x52e (size before relaxing)
 .debug_str     0x00000000000010ac      0x2a0 ../lib/pegasus_crt.a(exec.o)
                                        0x803 (size before relaxing)
 .debug_str     0x000000000000134c       0x74 ../lib/pegasus_crt.a(forkexit.o)
                                        0x598 (size before relaxing)
 .debug_str     0x00000000000013c0      0x316 ../lib/pegasus_crt.a(mem.o)
                                        0xa2e (size before relaxing)
 .debug_str     0x00000000000016d6      0x1d4 ../lib/pegasus_crt.a(my_process.o)
                                        0x858 (size before relaxing)
 .debug_str     0x00000000000018aa       0x6c ../lib/pegasus_crt.a(thread.o)
                                        0x6ad (size before relaxing)
 .debug_str     0x0000000000001916      0x43a ../lib/pegasus_crt.a(fs_main.o)
                                        0xa90 (size before relaxing)

.debug_loc
 *(.debug_loc)

.debug_macinfo
 *(.debug_macinfo)

.debug_weaknames
 *(.debug_weaknames)

.debug_funcnames
 *(.debug_funcnames)

.debug_typenames
 *(.debug_typenames)

.debug_varnames
 *(.debug_varnames)

.debug_pubtypes
 *(.debug_pubtypes)

.debug_ranges   0x0000000000000000       0x78
 *(.debug_ranges)
 .debug_ranges  0x0000000000000000       0x18 ../lib/pegasus_crt.a(kernel_main_old.o)
 .debug_ranges  0x0000000000000018       0x48 ../lib/pegasus_crt.a(hd.o)
 .debug_ranges  0x0000000000000060       0x18 ../lib/pegasus_crt.a(exec.o)

.debug_macro
 *(.debug_macro)

.debug_addr
 *(.debug_addr)

.gnu.attributes
 *(.gnu.attributes)

/DISCARD/
 *(.note.GNU-stack)
 *(.gnu_debuglink)
 *(.gnu.lto_*)
 *(.gnu_object_only)
OUTPUT(test elf32-i386)
