Archive member included to satisfy reference by file (symbol)

pegasus_crt.a(kernel_main_old.o)
                              test.o (Printf)
pegasus_crt.a(protect.o)      pegasus_crt.a(kernel_main_old.o) (InitInterruptDesc)
pegasus_crt.a(console.o)      pegasus_crt.a(kernel_main_old.o) (out_char)
pegasus_crt.a(keyboard.o)     pegasus_crt.a(console.o) (keyboard_read)
pegasus_crt.a(process.o)      pegasus_crt.a(kernel_main_old.o) (schedule_process)
pegasus_crt.a(mem.o)          pegasus_crt.a(kernel_main_old.o) (ptr_pde)
pegasus_crt.a(exec.o)         pegasus_crt.a(kernel_main_old.o) (execl)
pegasus_crt.a(fork.o)         pegasus_crt.a(kernel_main_old.o) (fork)
pegasus_crt.a(exit.o)         start.o (exit)
pegasus_crt.a(wait.o)         pegasus_crt.a(kernel_main_old.o) (wait)
pegasus_crt.a(read.o)         pegasus_crt.a(kernel_main_old.o) (read)
pegasus_crt.a(open.o)         pegasus_crt.a(kernel_main_old.o) (open)
pegasus_crt.a(write.o)        pegasus_crt.a(kernel_main_old.o) (write)
pegasus_crt.a(close.o)        pegasus_crt.a(kernel_main_old.o) (close)
pegasus_crt.a(kernel.o)       pegasus_crt.a(kernel_main_old.o) (disp_str)
pegasus_crt.a(syscall.o)      pegasus_crt.a(kernel_main_old.o) (write_debug)
pegasus_crt.a(switch_to.o)    pegasus_crt.a(process.o) (switch_to)
pegasus_crt.a(string.o)       pegasus_crt.a(kernel_main_old.o) (Memcpy2)
pegasus_crt.a(double_link_list.o)
                              pegasus_crt.a(mem.o) (initDoubleLinkList)
pegasus_crt.a(global.o)       pegasus_crt.a(protect.o) (proc_table)
pegasus_crt.a(netdev.o)       pegasus_crt.a(kernel.o) (net_handler)
pegasus_crt.a(task_network.o)
                              pegasus_crt.a(global.o) (task_network)
pegasus_crt.a(hd.o)           pegasus_crt.a(global.o) (TaskHD)
pegasus_crt.a(fs_main.o)      pegasus_crt.a(global.o) (task_fs)
pegasus_crt.a(main.o)         pegasus_crt.a(global.o) (TaskMM)
pegasus_crt.a(strcmp.o)       pegasus_crt.a(fs_main.o) (strcmp)
pegasus_crt.a(perror.o)       pegasus_crt.a(netdev.o) (perror)
pegasus_crt.a(sscanf.o)       pegasus_crt.a(netdev.o) (sscanf)
pegasus_crt.a(ntohs.o)        pegasus_crt.a(netdev.o) (ntohs)
pegasus_crt.a(htons.o)        pegasus_crt.a(netdev.o) (htons)
pegasus_crt.a(inet_pton.o)    pegasus_crt.a(netdev.o) (inet_pton)
pegasus_crt.a(ntohl.o)        pegasus_crt.a(netdev.o) (ntohl)
pegasus_crt.a(hd_rdwt.o)      pegasus_crt.a(hd.o) (read_port)
pegasus_crt.a(ne2000.o)       pegasus_crt.a(netdev.o) (StartSendToPhysicalLink)
pegasus_crt.a(skbuff.o)       pegasus_crt.a(netdev.o) (alloc_skb)
pegasus_crt.a(ip_input.o)     pegasus_crt.a(netdev.o) (ip_rcv)
pegasus_crt.a(icmpv4.o)       pegasus_crt.a(ip_input.o) (icmpv4_incoming)
pegasus_crt.a(tcp.o)          pegasus_crt.a(ip_input.o) (tcp_in)
pegasus_crt.a(route.o)        pegasus_crt.a(task_network.o) (route_init)
pegasus_crt.a(arp.o)          pegasus_crt.a(netdev.o) (arp_rcv)
pegasus_crt.a(tcp_sock.o)     pegasus_crt.a(tcp.o) (tcp_established_or_syn_recvd_socks_remove)
pegasus_crt.a(ipc.o)          pegasus_crt.a(task_network.o) (demux_ipc_socket_call)
pegasus_crt.a(ip_output.o)    pegasus_crt.a(icmpv4.o) (ip_output)
pegasus_crt.a(dst.o)          pegasus_crt.a(ip_output.o) (dst_neigh_output)
pegasus_crt.a(tcp_input.o)    pegasus_crt.a(tcp.o) (tcp_process)
pegasus_crt.a(udp.o)          pegasus_crt.a(ip_input.o) (udp_in)
pegasus_crt.a(tcp_data.o)     pegasus_crt.a(tcp_input.o) (tcp_data_dequeue)
pegasus_crt.a(utils.o)        pegasus_crt.a(ip_input.o) (print_err)
pegasus_crt.a(forkexit.o)     pegasus_crt.a(main.o) (do_fork)
pegasus_crt.a(exec.o)         pegasus_crt.a(main.o) (do_exec)
pegasus_crt.a(alloca.o)       pegasus_crt.a(ipc.o) (alloca)
pegasus_crt.a(calloc.o)       pegasus_crt.a(ipc.o) (calloc)
pegasus_crt.a(atoi.o)         pegasus_crt.a(sscanf.o) (atoi)
pegasus_crt.a(strtol.o)       pegasus_crt.a(sscanf.o) (strtol)
pegasus_crt.a(strtok.o)       pegasus_crt.a(inet_pton.o) (strtok)
pegasus_crt.a(strpbrk.o)      pegasus_crt.a(strtok.o) (strpbrk)
pegasus_crt.a(htonl.o)        pegasus_crt.a(arp.o) (htonl)
pegasus_crt.a(my_process.o)   pegasus_crt.a(forkexit.o) (fork_process)
pegasus_crt.a(socket.o)       pegasus_crt.a(ipc.o) (_socket)
pegasus_crt.a(udp_sock.o)     pegasus_crt.a(udp.o) (udp_lookup_sock)
pegasus_crt.a(inet.o)         pegasus_crt.a(socket.o) (inet)
pegasus_crt.a(sock.o)         pegasus_crt.a(inet.o) (sk_alloc)
pegasus_crt.a(tcp_output.o)   pegasus_crt.a(tcp_input.o) (tcp_send_synack)
pegasus_crt.a(thread.o)       pegasus_crt.a(my_process.o) (thread_init)

Merging program properties

Removed property 0xc0010001 to merge test.o (0x1) and start.o (not found)
Removed property 0xc0010002 to merge test.o (0x0) and start.o (not found)
Removed property 0xc0010001 to merge test.o (not found) and pegasus_crt.a(kernel_main_old.o) (0x1)
Removed property 0xc0010002 to merge test.o (not found) and pegasus_crt.a(kernel_main_old.o) (0x1)
Removed property 0xc0010001 to merge test.o (not found) and pegasus_crt.a(protect.o) (0x1)
[...]
Memory Configuration

Name             Origin             Length             Attributes
*default*        0x00000000         0xffffffff

Linker script and memory map

Address of section .text set to 0xb0800000
LOAD test.o
LOAD start.o
LOAD pegasus_crt.a
                [!provide]                        PROVIDE (__executable_start = SEGMENT_START ("text-segment", 0x8048000))
                0x080480d4                        . = (SEGMENT_START ("text-segment", 0x8048000) + SIZEOF_HEADERS)

.interp
 *(.interp)

.note.gnu.build-id
 *(.note.gnu.build-id)

.hash
 *(.hash)

.gnu.hash
 *(.gnu.hash)

.dynsym
 *(.dynsym)

.dynstr
 *(.dynstr)

.gnu.version
 *(.gnu.version)

.gnu.version_d
 *(.gnu.version_d)

.gnu.version_r
 *(.gnu.version_r)

.rel.dyn        0x080480d4        0x0
 *(.rel.init)
 *(.rel.text .rel.text.* .rel.gnu.linkonce.t.*)
 .rel.text      0x080480d4        0x0 test.o
 *(.rel.fini)
 *(.rel.rodata .rel.rodata.* .rel.gnu.linkonce.r.*)
 *(.rel.data.rel.ro .rel.data.rel.ro.* .rel.gnu.linkonce.d.rel.ro.*)
 *(.rel.data .rel.data.* .rel.gnu.linkonce.d.*)
 *(.rel.tdata .rel.tdata.* .rel.gnu.linkonce.td.*)
 *(.rel.tbss .rel.tbss.* .rel.gnu.linkonce.tb.*)
 *(.rel.ctors)
 *(.rel.dtors)
 *(.rel.got)
 .rel.got       0x080480d4        0x0 test.o
 *(.rel.bss .rel.bss.* .rel.gnu.linkonce.b.*)
 *(.rel.ifunc)

.rel.plt        0x080480d4        0x0
 *(.rel.plt)
                [!provide]                        PROVIDE (__rel_iplt_start = .)
 *(.rel.iplt)
 .rel.iplt      0x080480d4        0x0 test.o
                [!provide]                        PROVIDE (__rel_iplt_end = .)

.relr.dyn
 *(.relr.dyn)
                0x08049000                        . = ALIGN (CONSTANT (MAXPAGESIZE))

.init
 *(SORT_NONE(.init))

.plt            0x08049000        0x0
 *(.plt)
 *(.iplt)
 .iplt          0x08049000        0x0 test.o

.plt.got
 *(.plt.got)

.plt.sec
 *(.plt.sec)

.text           0xb0800000    0x12e15
 *(.text.unlikely .text.*_unlikely .text.unlikely.*)
 *(.text.exit .text.exit.*)
 *(.text.startup .text.startup.*)
 *(.text.hot .text.hot.*)
 *(SORT_BY_NAME(.text.sorted.*))
 *(.text .stub .text.* .gnu.linkonce.t.*)
 .text          0xb0800000       0x3e test.o
                0xb0800000                main
 *fill*         0xb080003e        0x2 
 .text          0xb0800040       0x15 start.o
                0xb0800040                _start
 .text          0xb0800055     0x2d8b pegasus_crt.a(kernel_main_old.o)
                0xb0800055                stop_here
                0xb0800099                catch_error
                0xb08000fe                intr_enable
                0xb0800127                intr_disable
                0xb0800150                intr_set_status
                0xb080016e                intr_get_status
                0xb080018b                Memcpy
                0xb08001be                untar
                0xb08004ce                num_to_string
                0xb0800574                disp_int
                0xb080059d                do_page_fault
                0xb08006da                exception_handler
                0xb08008c5                init_internal_interrupt
                0xb0800a3a                spurious_irq
                0xb0800ac8                init_keyboard
                0xb0800b0b                TestTTY
                0xb0800baa                TestReadReturnValue
                0xb0800c27                TestWriteReturnValue
                0xb0800cfb                TestFS2
                0xb0800d09                TestFS
                0xb08011ab                wait_exit
                0xb08012a9                INIT_fork
                0xb080159c                simple_shell
                0xb0801723                test_shell
                0xb080178b                test_exec
                0xb080187e                INIT
                0xb080188b                TestA
                0xb08018c0                delay
                0xb0801904                TestB
                0xb080191c                TestC
                0xb080194f                sys_get_ticks
                0xb080195f                sys_write
                0xb08019b3                milli_delay
                0xb08019dd                TaskSys
                0xb08019e2                Printf
                0xb0801ab4                sprintf
                0xb0801ae0                vsprintf
                0xb0801c8c                printx
                0xb0801ccf                sys_printx
                0xb0801d9b                spin
                0xb0801dc1                panic
                0xb0801ddf                assertion_failure
                0xb0801e51                assertion_failure2
                0xb0801ec6                dead_lock
                0xb0801ed0                sys_send_msg
                0xb08023ef                sys_receive_msg
                0xb0802a4f                send_rec
                0xb0802b4a                block
                0xb0802b86                unblock
                0xb0802bd6                get_ticks_ipc
                0xb0802be9                itoa
                0xb0802c3f                i2a
                0xb0802ca5                inform_int
                0xb0802d71                deprecate_strcmp
 .text          0xb0802de0      0x3b3 pegasus_crt.a(protect.o)
                0xb0802de0                InitDescriptor
                0xb0802e4d                Seg2PhyAddr
                0xb0802e8e                Seg2PhyAddrLDT
                0xb0802ed2                VirAddr2PhyAddr
                0xb0802ee8                v2l
                0xb0802f2b                init_propt
                0xb08030ac                InitInterruptDesc
                0xb0803108                ReloadGDT
 .text          0xb0803193      0xad3 pegasus_crt.a(console.o)
                0xb0803193                select_console
                0xb08031cf                flush
                0xb0803208                set_cursor
                0xb0803266                set_console_start_video_addr
                0xb08032c4                put_key
                0xb0803330                scroll_up
                0xb0803372                scroll_down
                0xb08033dd                out_char
                0xb080359a                tty_dev_read
                0xb08035c4                tty_dev_write
                0xb08037f1                tty_do_read
                0xb08038b9                tty_do_write
                0xb0803a22                init_screen
                0xb0803aab                init_tty
                0xb0803b60                TaskTTY
 .text          0xb0803c66      0x40f pegasus_crt.a(keyboard.o)
                0xb0803c66                keyboard_handler
                0xb0803cea                read_from_keyboard_buf
                0xb0803d50                keyboard_read
                0xb0803ecf                init_keyboard_handler
                0xb0803ee3                in_process
 .text          0xb0804075      0x2d3 pegasus_crt.a(process.o)
                0xb0804075                schedule_process
                0xb080423b                clock_handler
                0xb08042cd                pid2proc
                0xb0804331                proc2pid
 .text          0xb0804348     0x1118 pegasus_crt.a(mem.o)
                0xb0804348                init_bitmap
                0xb080436b                test_bit_val
                0xb08043d4                set_bit_val
                0xb080444f                set_bits
                0xb0804489                get_first_free_bit
                0xb08044cd                get_bits
                0xb0804595                get_a_page
                0xb0804649                get_virtual_address_start_with_addr
                0xb08046e3                get_virtual_address
                0xb0804773                ptr_pde
                0xb0804786                ptr_pte
                0xb08047ad                add_map_entry
                0xb080483e                alloc_virtual_memory
                0xb080490a                get_physical_address_proc
                0xb0804986                get_physical_address
                0xb08049b8                alloc_physical_memory_of_proc
                0xb0804aa7                alloc_physical_memory
                0xb0804b6f                alloc_memory
                0xb0804bd1                get_a_virtual_page
                0xb0804c09                block2arena
                0xb0804c1f                sys_malloc2
                0xb0804f4c                remove_map_entry
                0xb0804f6d                free_a_page
                0xb0805014                sys_free2
                0xb080501a                init_memory_block_desc
                0xb08050eb                init_memory2
                0xb0805320                init_memory
 .text          0xb0805460      0x285 pegasus_crt.a(exec.o)
                0xb0805460                exec
                0xb08054d1                execv
                0xb08056c0                execl
 .text          0xb08056e5       0x4b pegasus_crt.a(fork.o)
                0xb08056e5                fork
 .text          0xb0805730       0x2f pegasus_crt.a(exit.o)
                0xb0805730                exit
 .text          0xb080575f       0x44 pegasus_crt.a(wait.o)
                0xb080575f                wait
 .text          0xb08057a3      0x181 pegasus_crt.a(read.o)
                0xb08057a3                read
 .text          0xb0805924       0x95 pegasus_crt.a(open.o)
                0xb0805924                open
 .text          0xb08059b9       0x85 pegasus_crt.a(write.o)
                0xb08059b9                write
 .text          0xb0805a3e       0x52 pegasus_crt.a(close.o)
                0xb0805a3e                close
 .text          0xb0805a90      0x3d2 pegasus_crt.a(kernel.o)
                0xb0805a90                InterruptTest
                0xb0805a9c                disp_str_len
                0xb0805ae9                disp_str
                0xb0805b24                disp_str_colour
                0xb0805b60                divide_zero_fault
                0xb0805b66                single_step_fault
                0xb0805b6c                non_maskable_interrupt
                0xb0805b72                breakpoint_trap
                0xb0805b78                overflow_trap
                0xb0805b7e                bound_range_exceeded_fault
                0xb0805b84                invalid_opcode_fault
                0xb0805b8a                coprocessor_not_available_fault
                0xb0805b90                double_fault_exception_abort
                0xb0805b94                coprocessor_segment_overrun
                0xb0805b9a                invalid_task_state_segment_fault
                0xb0805b9e                segment_not_present_fault
                0xb0805ba2                stack_exception_fault
                0xb0805ba6                general_protection_exception_fault
                0xb0805bb1                page_fault
                0xb0805bb5                coprocessor_error_fault
                0xb0805bbb                align_check_fault
                0xb0805bbf                simd_float_exception_fault
                0xb0805bce                hwint0
                0xb0805bfe                hwint1
                0xb0805c41                hwint14
                0xb0805c87                hwint10
                0xb0805cca                sys_call
                0xb0805d10                fork_restart
                0xb0805d1f                restart
                0xb0805d42                in_byte
                0xb0805d4e                out_byte
                0xb0805d70                disable_int
                0xb0805d72                enable_int
                0xb0805e08                enable_8259A_casecade_irq
                0xb0805e12                disable_8259A_casecade_irq
                0xb0805e1c                enable_8259A_slave_winchester_irq
                0xb0805e26                disable_8259A_slave_winchester_irq
                0xb0805e30                update_cr3
                0xb0805e3d                update_tss
                0xb0805e4c                get_running_thread_pcb
                0xb0805e52                sys_call_test
                0xb0805e55                enable_8259A_slave_net_irq
 *fill*         0xb0805e62        0xe 
 .text          0xb0805e70       0x6a pegasus_crt.a(syscall.o)
                0xb0805e70                write_debug
                0xb0805e80                send_msg
                0xb0805e96                receive_msg
                0xb0805eac                sys_malloc
                0xb0805ec1                sys_free
 *fill*         0xb0805eda        0x6 
 .text          0xb0805ee0       0x15 pegasus_crt.a(switch_to.o)
                0xb0805ee0                switch_to
 .text          0xb0805ef5      0x2ee pegasus_crt.a(double_link_list.o)
                0xb0805ef5                initDoubleLinkList
                0xb0805f45                isListEmpty
                0xb0805f73                findElementInList
                0xb080600a                appendToDoubleLinkList
                0xb08060d0                insertToDoubleLinkList
                0xb0806154                popFromDoubleLinkList
 .text          0xb08061e3        0x0 pegasus_crt.a(global.o)
 .text          0xb08061e3      0xa11 pegasus_crt.a(netdev.o)
                0xb0806371                netdev_init
                0xb08063b8                netdev_transmit
                0xb080651a                interrupt_wait2
                0xb0806573                netdev_rx_loop
                0xb0806664                call_netdev_get
                0xb08067ae                netdev_get
                0xb0806863                free_netdev
                0xb080688e                local_ipaddress
                0xb08068cb                receive_msg_from_nic
                0xb0806ab2                receive_msg_from_nic2
                0xb0806bde                net_handler
 .text          0xb0806bf4      0x356 pegasus_crt.a(task_network.o)
                0xb0806c48                init_dev
                0xb0806daf                task_network
                0xb0806f00                task_netdev_rx
 .text          0xb0806f4a      0xe84 pegasus_crt.a(hd.o)
                0xb0806f4a                TaskHD
                0xb0806f95                init_hd
                0xb0806faf                hd_handle
                0xb08070b4                hd_cmd_out
                0xb08071b6                hd_identify
                0xb080726d                print_hdinfo
                0xb08073fb                print_dpt_entry
                0xb0807467                get_partition_table
                0xb0807546                partition
                0xb0807760                hd_open
                0xb0807810                get_hd_ioctl
                0xb08078ca                wait_for
                0xb08078fb                interrupt_wait
                0xb0807954                hd_rdwt
                0xb0807bf6                hd_handler
                0xb0807c27                debug_ticks
                0xb0807c65                waitfor
                0xb0807ca9                print_hd_info
                0xb0807d96                is_empty
 .text          0xb0807dce     0x2081 pegasus_crt.a(fs_main.o)
                0xb0807dce                task_fs
                0xb0807fe2                rd_wt
                0xb08080c4                mkfs
                0xb08086a6                init_fs
                0xb0808700                do_open
                0xb0808909                search_file
                0xb0808a3b                strip_path
                0xb0808b07                get_inode
                0xb0808cc9                create_file
                0xb0808dd4                alloc_imap_bit
                0xb0808ed1                alloc_smap_bit
                0xb0809072                new_inode
                0xb0809190                new_dir_entry
                0xb080939c                do_unlink
                0xb0809878                do_rdwt
                0xb0809c03                sync_inode
                0xb0809d57                put_inode
                0xb0809d95                do_close
                0xb0809de7                get_super_block
 .text          0xb0809e4f      0x14e pegasus_crt.a(main.o)
                0xb0809e4f                TaskMM
                0xb0809f7e                alloc_mem
 .text          0xb0809f9d       0xa8 pegasus_crt.a(strcmp.o)
                0xb0809f9d                strcmp
 .text          0xb080a045       0x17 pegasus_crt.a(perror.o)
                0xb080a045                perror
 .text          0xb080a05c      0x335 pegasus_crt.a(sscanf.o)
                0xb080a05c                sscanf
 .text          0xb080a391       0x38 pegasus_crt.a(ntohs.o)
                0xb080a391                ntohs
 .text          0xb080a3c9       0x38 pegasus_crt.a(htons.o)
                0xb080a3c9                htons
 .text          0xb080a401      0x295 pegasus_crt.a(inet_pton.o)
                0xb080a401                isValidIPv4
                0xb080a58b                inet_pton
 .text          0xb080a696       0x7c pegasus_crt.a(ntohl.o)
                0xb080a696                ntohl
 *fill*         0xb080a712        0xe 
 .text          0xb080a720      0x28d pegasus_crt.a(ne2000.o)
                0xb080a743                DriverInitialize
                0xb080a7cd                StartSendToPhysicalLink
                0xb080a7e8                SetPageStart
                0xb080a817                DriverSend
                0xb080a891                PCtoNIC
                0xb080a8fc                get_interrupt_status
                0xb080a919                set_interrupt_status
                0xb080a939                get_curr_page
                0xb080a956                NICtoPC
 .text          0xb080a9ad      0x15b pegasus_crt.a(skbuff.o)
                0xb080a9c6                alloc_skb
                0xb080aa57                free_skb
                0xb080aa8a                skb_reserve
                0xb080aaa6                skb_push
                0xb080aad5                skb_head
                0xb080aae0                skb_reset_header
 .text          0xb080ab08      0x31b pegasus_crt.a(ip_input.o)
                0xb080ac92                ip_rcv
 .text          0xb080ae23      0x234 pegasus_crt.a(icmpv4.o)
                0xb080ae31                icmpv4_incoming
                0xb080aea5                icmpv4_reply
                0xb080af7e                icmpv4_timestamp
 .text          0xb080b057      0x450 pegasus_crt.a(tcp.o)
                0xb080b24c                tcp_in
                0xb080b300                tcp_checksum
                0xb080b32c                __tcp_set_state
                0xb080b33b                tcp_generate_port
                0xb080b384                tcp_generate_isn
                0xb080b396                tcp_done
                0xb080b3bf                tcp_clear_timers
                0xb080b3ce                tcp_stop_retransmission_timer
                0xb080b3e7                tcp_release_retransmission_timer
                0xb080b400                tcp_stop_delack_timer
                0xb080b413                tcp_release_delack_timer
                0xb080b426                tcp_handle_fin_state
                0xb080b48b                tcp_enter_time_wait
 .text          0xb080b4a7      0x42e pegasus_crt.a(route.o)
                0xb080b5b7                route_add
                0xb080b5fe                route_init
                0xb080b6b0                call_route_lookup
                0xb080b7fa                route_lookup
 .text          0xb080b8d5      0xbdd pegasus_crt.a(arp.o)
                0xb080b9fe                call_update_arp_translation_table
                0xb080bc36                insert_arp_translation_table
                0xb080bcb8                update_arp_translation_table
                0xb080bd77                arp_init
                0xb080bd7d                arp_rcv
                0xb080bf66                arp_request
                0xb080c0d3                arp_reply
                0xb080c236                call_arp_get_hwaddr
                0xb080c380                arp_get_hwaddr
                0xb080c461                free_arp
 .text          0xb080c4b2      0xd36 pegasus_crt.a(tcp_sock.o)
                0xb080c771                tcp_established_or_syn_recvd_socks_enqueue
                0xb080c78a                tcp_established_or_syn_recvd_socks_remove
                0xb080c79c                call_tcp_connecting_or_listening_socks_enqueue
                0xb080c898                tcp_connecting_or_listening_socks_enqueue
                0xb080c917                tcp_connecting_or_listening_socks_remove
                0xb080c929                tcp_alloc_sock
                0xb080ca3f                tcp_free_sock
                0xb080cab8                tcp_init
                0xb080cac2                tcp_sock_init
                0xb080cb68                tcp_write
                0xb080cba9                tcp_read
                0xb080cc5c                tcp_close
                0xb080cd1a                tcp_recv_notify
                0xb080cd45                tcp_v4_connect
                0xb080cfa1                call_tcp_lookup_sock
                0xb080d10c                tcp_lookup_sock
 .text          0xb080d1e8      0xe65 pegasus_crt.a(ipc.o)
                0xb080ddd4                ipc_close
                0xb080de25                ipc_call_from_netdev_rx
                0xb080de5d                demux_ipc_socket_call
 .text          0xb080e04d      0x1d3 pegasus_crt.a(ip_output.o)
                0xb080e05b                ip_output
 .text          0xb080e220      0x181 pegasus_crt.a(dst.o)
                0xb080e22e                print_array
                0xb080e2a2                dst_neigh_output
 .text          0xb080e3a1      0xb90 pegasus_crt.a(tcp_input.o)
                0xb080ea99                tcp_process
                0xb080ee6f                tcp_receive
 .text          0xb080ef31      0x3e0 pegasus_crt.a(udp.o)
                0xb080f03c                udp_generate_port
                0xb080f085                udp_checksum
                0xb080f153                udp_in
                0xb080f1e4                udp_data_dequeue
                0xb080f2ec                udp_data_enqueue
 .text          0xb080f311      0x54a pegasus_crt.a(tcp_data.o)
                0xb080f5fc                tcp_data_dequeue
                0xb080f729                tcp_data_queue
 .text          0xb080f85b      0x1e7 pegasus_crt.a(utils.o)
                0xb080f85b                run_cmd
                0xb080f868                print_err
                0xb080f87f                parse_ipv4_string
                0xb080f8de                ip_pton
                0xb080f926                sum_every_16bits
                0xb080f97d                checksum
                0xb080f9be                tcp_udp_checksum
 .text          0xb080fa42      0x24f pegasus_crt.a(forkexit.o)
                0xb080fa42                do_fork
                0xb080fab0                do_exit
                0xb080fb3a                do_wait
                0xb080fc37                cleanup
 .text          0xb080fc91      0x419 pegasus_crt.a(exec.o)
                0xb080fc91                do_exec
 .text          0xb08100aa       0x29 pegasus_crt.a(alloca.o)
                0xb08100aa                alloca
 .text          0xb08100d3       0x46 pegasus_crt.a(calloc.o)
                0xb08100d3                calloc
 .text          0xb0810119       0x9c pegasus_crt.a(atoi.o)
                0xb0810119                atoi
 .text          0xb08101b5       0xca pegasus_crt.a(strtol.o)
                0xb08101b5                strtol
 .text          0xb081027f       0x85 pegasus_crt.a(strtok.o)
                0xb081027f                strtok
 .text          0xb0810304       0x90 pegasus_crt.a(strpbrk.o)
                0xb0810304                strpbrk
 .text          0xb0810394       0x7c pegasus_crt.a(htonl.o)
                0xb0810394                htonl
 .text          0xb0810410      0x730 pegasus_crt.a(my_process.o)
                0xb0810410                create_user_process_address_space
                0xb08104a0                user_process
                0xb08105cd                clone_pcb
                0xb081073f                build_body_stack
                0xb0810872                build_process_kernel_stack
                0xb0810935                fork_process
                0xb08109c6                process_execute
 .text          0xb0810b40      0x66c pegasus_crt.a(socket.o)
                0xb0810bf0                test
                0xb0810c4c                socket_debug
                0xb0810cad                free_socket
                0xb0810d69                _socket
                0xb0810e28                _bind
                0xb0810e7b                _connect
                0xb0810ecd                _write
                0xb0810f24                _read
                0xb0810f7b                _recvfrom
                0xb0810fbc                _sendto
                0xb0811013                _close
                0xb0811092                _listen
                0xb08110f8                _accept
 .text          0xb08111ac      0x8cd pegasus_crt.a(udp_sock.o)
                0xb08113ea                udp_lookup_sock
                0xb0811431                udp_init
                0xb0811462                udp_close
                0xb0811488                udp_sock_init
                0xb0811492                udp_recvfrom
                0xb081152b                udp_connect
                0xb0811604                udp_write
                0xb0811630                udp_alloc_skb
                0xb081167a                udp_sendto
                0xb081176e                udp_send
                0xb08118ac                udp_alloc_sock
                0xb08118ed                udp_free_sock
                0xb0811911                udp_read
 .text          0xb0811a79      0x429 pegasus_crt.a(inet.o)
                0xb0811a79                inet_create
                0xb0811b29                inet_socket
                0xb0811b33                inet_connect
                0xb0811b87                inet_write
                0xb0811bb3                inet_read
                0xb0811bdf                inet_close
                0xb0811c2e                inet_free
                0xb0811c64                inet_bind
                0xb0811d6d                inet_listen
                0xb0811db6                inet_accept
                0xb0811e61                inet_sendto
                0xb0811e8c                inet_recvfrom
 .text          0xb0811ea2      0x203 pegasus_crt.a(sock.o)
                0xb0811fd4                sk_alloc
                0xb0811ffb                sk_init
                0xb081204f                sk_init_with_socket
                0xb0812078                sk_free
 .text          0xb08120a5      0xbbe pegasus_crt.a(tcp_output.o)
                0xb081256b                tcp_send_synack
                0xb081260e                tcp_send_delack
                0xb0812649                tcp_send_ack
                0xb0812795                tcp_send_fin
                0xb081280a                tcp_select_initial_window
                0xb08129bc                tcp_reset_retransmission_timer
                0xb08129d9                tcp_begin_connect
                0xb0812a83                tcp_send
                0xb0812b68                tcp_send_reset
                0xb0812be8                tcp_queue_fin
 .text          0xb0812c63      0x1b2 pegasus_crt.a(thread.o)
                0xb0812c63                kernel_thread
                0xb0812c7b                thread_init
                0xb0812d28                thread_create
                0xb0812d5d                thread_start
 *(.gnu.warning)

.fini
 *(SORT_NONE(.fini))
                [!provide]                        PROVIDE (__etext = .)
                [!provide]                        PROVIDE (_etext = .)
                [!provide]                        PROVIDE (etext = .)
                0xb0813000                        . = ALIGN (CONSTANT (MAXPAGESIZE))
                0xb0813000                        . = SEGMENT_START ("rodata-segment", (ALIGN (CONSTANT (MAXPAGESIZE)) + (. & (CONSTANT (MAXPAGESIZE) - 0x1))))

.rodata         0xb0813000     0x1bfb
 *(.rodata .rodata.* .gnu.linkonce.r.*)
 .rodata        0xb0813000       0x10 test.o
 *fill*         0xb0813010       0x10 
 .rodata        0xb0813020      0xb61 pegasus_crt.a(kernel_main_old.o)
 .rodata        0xb0813b81       0x22 pegasus_crt.a(console.o)
 *fill*         0xb0813ba3        0x1 
 .rodata        0xb0813ba4       0x4c pegasus_crt.a(process.o)
 .rodata        0xb0813bf0       0x5a pegasus_crt.a(mem.o)
 .rodata        0xb0813c4a       0x2d pegasus_crt.a(exec.o)
 .rodata        0xb0813c77       0x2a pegasus_crt.a(close.o)
 .rodata        0xb0813ca1       0x3c pegasus_crt.a(double_link_list.o)
 *fill*         0xb0813cdd        0x3 
 .rodata        0xb0813ce0      0x16e pegasus_crt.a(netdev.o)
 *fill*         0xb0813e4e        0x2 
 .rodata        0xb0813e50       0x91 pegasus_crt.a(task_network.o)
 *fill*         0xb0813ee1        0x3 
 .rodata        0xb0813ee4      0x19c pegasus_crt.a(hd.o)
 .rodata        0xb0814080      0x1fb pegasus_crt.a(fs_main.o)
                0xb0814080                FSBUF_SIZE
 .rodata        0xb081427b       0x11 pegasus_crt.a(main.o)
 .rodata        0xb081428c        0x3 pegasus_crt.a(inet_pton.o)
 .rodata        0xb081428f        0x9 pegasus_crt.a(skbuff.o)
 .rodata        0xb0814298       0xe6 pegasus_crt.a(ip_input.o)
 *fill*         0xb081437e        0x2 
 .rodata        0xb0814380       0x32 pegasus_crt.a(icmpv4.o)
 *fill*         0xb08143b2        0x2 
 .rodata        0xb08143b4       0x31 pegasus_crt.a(tcp.o)
 *fill*         0xb08143e5        0x3 
 .rodata        0xb08143e8       0x36 pegasus_crt.a(route.o)
 *fill*         0xb081441e        0x2 
 .rodata        0xb0814420       0xbd pegasus_crt.a(arp.o)
 *fill*         0xb08144dd        0x3 
 .rodata        0xb08144e0       0xe8 pegasus_crt.a(tcp_sock.o)
 .rodata        0xb08145c8      0x17c pegasus_crt.a(ipc.o)
 .rodata        0xb0814744        0x9 pegasus_crt.a(ip_output.o)
 .rodata        0xb081474d       0x1c pegasus_crt.a(dst.o)
 *fill*         0xb0814769        0x3 
 .rodata        0xb081476c       0x6c pegasus_crt.a(tcp_input.o)
 .rodata        0xb08147d8        0x9 pegasus_crt.a(udp.o)
 .rodata        0xb08147e1       0x1e pegasus_crt.a(tcp_data.o)
 *fill*         0xb08147ff        0x1 
 .rodata        0xb0814800       0x41 pegasus_crt.a(utils.o)
 .rodata        0xb0814841       0x21 pegasus_crt.a(forkexit.o)
 .rodata        0xb0814862       0x10 pegasus_crt.a(exec.o)
 *fill*         0xb0814872        0x2 
 .rodata        0xb0814874      0x23d pegasus_crt.a(socket.o)
 *fill*         0xb0814ab1        0x3 
 .rodata        0xb0814ab4       0x2d pegasus_crt.a(udp_sock.o)
 *fill*         0xb0814ae1        0x3 
 .rodata        0xb0814ae4       0x48 pegasus_crt.a(inet.o)
 .rodata        0xb0814b2c        0x9 pegasus_crt.a(sock.o)
 *fill*         0xb0814b35        0x3 
 .rodata        0xb0814b38       0xc3 pegasus_crt.a(tcp_output.o)

.txt            0xb0814bfb       0xaa
 .txt           0xb0814bfb       0x82 pegasus_crt.a(string.o)
                0xb0814bfb                Memcpy2
                0xb0814c29                Memset
                0xb0814c48                Strcpy
                0xb0814c62                Strlen
 .txt           0xb0814c7d       0x28 pegasus_crt.a(hd_rdwt.o)
                0xb0814c7d                read_port
                0xb0814c91                write_port

.rodata1
 *(.rodata1)

.eh_frame_hdr
 *(.eh_frame_hdr)
 *(.eh_frame_entry .eh_frame_entry.*)

.eh_frame       0xb0814ca8     0x4174
 *(.eh_frame)
 .eh_frame      0xb0814ca8       0x44 test.o
 .eh_frame      0xb0814cec      0x6cc pegasus_crt.a(kernel_main_old.o)
                                0x6e4 (size before relaxing)
 .eh_frame      0xb08153b8      0x100 pegasus_crt.a(protect.o)
                                0x118 (size before relaxing)
 .eh_frame      0xb08154b8      0x1e0 pegasus_crt.a(console.o)
                                0x1f8 (size before relaxing)
 .eh_frame      0xb0815698       0xa0 pegasus_crt.a(keyboard.o)
                                 0xb8 (size before relaxing)
 .eh_frame      0xb0815738       0x80 pegasus_crt.a(process.o)
                                 0x98 (size before relaxing)
 .eh_frame      0xb08157b8      0x364 pegasus_crt.a(mem.o)
                                0x37c (size before relaxing)
 .eh_frame      0xb0815b1c       0x60 pegasus_crt.a(exec.o)
                                 0x78 (size before relaxing)
 .eh_frame      0xb0815b7c       0x20 pegasus_crt.a(fork.o)
                                 0x38 (size before relaxing)
 .eh_frame      0xb0815b9c       0x20 pegasus_crt.a(exit.o)
                                 0x38 (size before relaxing)
 .eh_frame      0xb0815bbc       0x20 pegasus_crt.a(wait.o)
                                 0x38 (size before relaxing)
 .eh_frame      0xb0815bdc       0x20 pegasus_crt.a(read.o)
                                 0x38 (size before relaxing)
 .eh_frame      0xb0815bfc       0x20 pegasus_crt.a(open.o)
                                 0x38 (size before relaxing)
 .eh_frame      0xb0815c1c       0x20 pegasus_crt.a(write.o)
                                 0x38 (size before relaxing)
 .eh_frame      0xb0815c3c       0x20 pegasus_crt.a(close.o)
                                 0x38 (size before relaxing)
 .eh_frame      0xb0815c5c       0xc0 pegasus_crt.a(double_link_list.o)
                                 0xd8 (size before relaxing)
 .eh_frame      0xb0815d1c      0x230 pegasus_crt.a(netdev.o)
                                0x248 (size before relaxing)
 .eh_frame      0xb0815f4c       0x80 pegasus_crt.a(task_network.o)
                                 0x98 (size before relaxing)
 .eh_frame      0xb0815fcc      0x264 pegasus_crt.a(hd.o)
                                0x27c (size before relaxing)
 .eh_frame      0xb0816230      0x27c pegasus_crt.a(fs_main.o)
                                0x294 (size before relaxing)
 .eh_frame      0xb08164ac       0x3c pegasus_crt.a(main.o)
                                 0x54 (size before relaxing)
 .eh_frame      0xb08164e8       0x20 pegasus_crt.a(strcmp.o)
                                 0x38 (size before relaxing)
 .eh_frame      0xb0816508       0x20 pegasus_crt.a(perror.o)
                                 0x38 (size before relaxing)
 .eh_frame      0xb0816528       0x20 pegasus_crt.a(sscanf.o)
                                 0x38 (size before relaxing)
 .eh_frame      0xb0816548       0x20 pegasus_crt.a(ntohs.o)
                                 0x38 (size before relaxing)
 .eh_frame      0xb0816568       0x20 pegasus_crt.a(htons.o)
                                 0x38 (size before relaxing)
 .eh_frame      0xb0816588       0x40 pegasus_crt.a(inet_pton.o)
                                 0x58 (size before relaxing)
 .eh_frame      0xb08165c8       0x20 pegasus_crt.a(ntohl.o)
                                 0x38 (size before relaxing)
 .eh_frame      0xb08165e8       0xe0 pegasus_crt.a(skbuff.o)
                                 0xf8 (size before relaxing)
 .eh_frame      0xb08166c8      0x104 pegasus_crt.a(ip_input.o)
                                0x11c (size before relaxing)
 .eh_frame      0xb08167cc       0x80 pegasus_crt.a(icmpv4.o)
                                 0x98 (size before relaxing)
 .eh_frame      0xb081684c      0x268 pegasus_crt.a(tcp.o)
                                0x280 (size before relaxing)
 .eh_frame      0xb0816ab4      0x104 pegasus_crt.a(route.o)
                                0x11c (size before relaxing)
 .eh_frame      0xb0816bb8      0x220 pegasus_crt.a(arp.o)
                                0x238 (size before relaxing)
 .eh_frame      0xb0816dd8      0x500 pegasus_crt.a(tcp_sock.o)
                                0x518 (size before relaxing)
 .eh_frame      0xb08172d8      0x274 pegasus_crt.a(ipc.o)
                                0x28c (size before relaxing)
 .eh_frame      0xb081754c       0x40 pegasus_crt.a(ip_output.o)
                                 0x58 (size before relaxing)
 .eh_frame      0xb081758c       0x60 pegasus_crt.a(dst.o)
                                 0x78 (size before relaxing)
 .eh_frame      0xb08175ec      0x300 pegasus_crt.a(tcp_input.o)
                                0x318 (size before relaxing)
 .eh_frame      0xb08178ec      0x1e4 pegasus_crt.a(udp.o)
                                0x1fc (size before relaxing)
 .eh_frame      0xb0817ad0      0x200 pegasus_crt.a(tcp_data.o)
                                0x218 (size before relaxing)
 .eh_frame      0xb0817cd0       0xe4 pegasus_crt.a(utils.o)
                                 0xfc (size before relaxing)
 .eh_frame      0xb0817db4       0x80 pegasus_crt.a(forkexit.o)
                                 0x98 (size before relaxing)
 .eh_frame      0xb0817e34       0x20 pegasus_crt.a(exec.o)
                                 0x38 (size before relaxing)
 .eh_frame      0xb0817e54       0x20 pegasus_crt.a(alloca.o)
                                 0x38 (size before relaxing)
 .eh_frame      0xb0817e74       0x20 pegasus_crt.a(calloc.o)
                                 0x38 (size before relaxing)
 .eh_frame      0xb0817e94       0x20 pegasus_crt.a(atoi.o)
                                 0x38 (size before relaxing)
 .eh_frame      0xb0817eb4       0x20 pegasus_crt.a(strtol.o)
                                 0x38 (size before relaxing)
 .eh_frame      0xb0817ed4       0x20 pegasus_crt.a(strtok.o)
                                 0x38 (size before relaxing)
 .eh_frame      0xb0817ef4       0x20 pegasus_crt.a(strpbrk.o)
                                 0x38 (size before relaxing)
 .eh_frame      0xb0817f14       0x20 pegasus_crt.a(htonl.o)
                                 0x38 (size before relaxing)
 .eh_frame      0xb0817f34       0xe0 pegasus_crt.a(my_process.o)
                                 0xf8 (size before relaxing)
 .eh_frame      0xb0818014      0x2a0 pegasus_crt.a(socket.o)
                                0x2b8 (size before relaxing)
 .eh_frame      0xb08182b4      0x404 pegasus_crt.a(udp_sock.o)
                                0x41c (size before relaxing)
 .eh_frame      0xb08186b8      0x180 pegasus_crt.a(inet.o)
                                0x198 (size before relaxing)
 .eh_frame      0xb0818838      0x1a0 pegasus_crt.a(sock.o)
                                0x1b8 (size before relaxing)
 .eh_frame      0xb08189d8      0x3c4 pegasus_crt.a(tcp_output.o)
                                0x3dc (size before relaxing)
 .eh_frame      0xb0818d9c       0x80 pegasus_crt.a(thread.o)
                                 0x98 (size before relaxing)
 *(.eh_frame.*)

.sframe
 *(.sframe)
 *(.sframe.*)

.gcc_except_table
 *(.gcc_except_table .gcc_except_table.*)

.gnu_extab
 *(.gnu_extab*)

.exception_ranges
 *(.exception_ranges*)
                0xb0819000                        . = DATA_SEGMENT_ALIGN (CONSTANT (MAXPAGESIZE), CONSTANT (COMMONPAGESIZE))

.eh_frame
 *(.eh_frame)
 *(.eh_frame.*)

.sframe
 *(.sframe)
 *(.sframe.*)

.gnu_extab
 *(.gnu_extab)

.gcc_except_table
 *(.gcc_except_table .gcc_except_table.*)

.exception_ranges
 *(.exception_ranges*)

.tdata          0xb0819000        0x0
                [!provide]                        PROVIDE (__tdata_start = .)
 *(.tdata .tdata.* .gnu.linkonce.td.*)

.tbss
 *(.tbss .tbss.* .gnu.linkonce.tb.*)
 *(.tcommon)

.preinit_array  0xb0819000        0x0
                [!provide]                        PROVIDE (__preinit_array_start = .)
 *(.preinit_array)
                [!provide]                        PROVIDE (__preinit_array_end = .)

.init_array     0xb0819000        0x0
                [!provide]                        PROVIDE (__init_array_start = .)
 *(SORT_BY_INIT_PRIORITY(.init_array.*) SORT_BY_INIT_PRIORITY(.ctors.*))
 *(.init_array EXCLUDE_FILE(*crtend?.o *crtend.o *crtbegin?.o *crtbegin.o) .ctors)
                [!provide]                        PROVIDE (__init_array_end = .)

.fini_array     0xb0819000        0x0
                [!provide]                        PROVIDE (__fini_array_start = .)
 *(SORT_BY_INIT_PRIORITY(.fini_array.*) SORT_BY_INIT_PRIORITY(.dtors.*))
 *(.fini_array EXCLUDE_FILE(*crtend?.o *crtend.o *crtbegin?.o *crtbegin.o) .dtors)
                [!provide]                        PROVIDE (__fini_array_end = .)

.ctors
 *crtbegin.o(.ctors)
 *crtbegin?.o(.ctors)
 *(EXCLUDE_FILE(*crtend?.o *crtend.o) .ctors)
 *(SORT_BY_NAME(.ctors.*))
 *(.ctors)

.dtors
 *crtbegin.o(.dtors)
 *crtbegin?.o(.dtors)
 *(EXCLUDE_FILE(*crtend?.o *crtend.o) .dtors)
 *(SORT_BY_NAME(.dtors.*))
 *(.dtors)

.jcr
 *(.jcr)

.data.rel.ro
 *(.data.rel.ro.local* .gnu.linkonce.d.rel.ro.local.*)
 *(.data.rel.ro .data.rel.ro.* .gnu.linkonce.d.rel.ro.*)

.dynamic
 *(.dynamic)

.got            0xb0819000        0x0
 *(.got)
 .got           0xb0819000        0x0 test.o
 *(.igot)
                0xb0819000                        . = DATA_SEGMENT_RELRO_END (., (SIZEOF (.got.plt) >= 0xc)?0xc:0x0)

.got.plt        0xb0819000        0x0
 *(.got.plt)
 .got.plt       0xb0819000        0x0 test.o
 *(.igot.plt)
 .igot.plt      0xb0819000        0x0 test.o

.data           0xb0819000      0xb88
 *(.data .data.* .gnu.linkonce.d.*)
 .data          0xb0819000        0x0 test.o
 .data          0xb0819000        0x0 pegasus_crt.a(kernel_main_old.o)
 .data          0xb0819000        0x0 pegasus_crt.a(protect.o)
 .data          0xb0819000        0x0 pegasus_crt.a(console.o)
 .data          0xb0819000      0x600 pegasus_crt.a(keyboard.o)
                0xb0819000                keymap
 .data          0xb0819600        0x0 pegasus_crt.a(process.o)
 .data          0xb0819600        0x0 pegasus_crt.a(mem.o)
 .data          0xb0819600        0x0 pegasus_crt.a(exec.o)
 .data          0xb0819600        0x0 pegasus_crt.a(fork.o)
 .data          0xb0819600        0x0 pegasus_crt.a(exit.o)
 .data          0xb0819600        0x0 pegasus_crt.a(wait.o)
 .data          0xb0819600        0x0 pegasus_crt.a(read.o)
 .data          0xb0819600        0x0 pegasus_crt.a(open.o)
 .data          0xb0819600        0x0 pegasus_crt.a(write.o)
 .data          0xb0819600        0x0 pegasus_crt.a(close.o)
 .data          0xb0819600        0xf pegasus_crt.a(kernel.o)
 *fill*         0xb081960f        0x1 
 .data          0xb0819610        0x0 pegasus_crt.a(syscall.o)
 .data          0xb0819610        0x0 pegasus_crt.a(double_link_list.o)
 *fill*         0xb0819610       0x10 
 .data          0xb0819620      0x17c pegasus_crt.a(global.o)
                0xb0819620                user_task_table
                0xb08196a0                sys_task_table
                0xb0819780                sys_call_table
 .data          0xb081979c        0x4 pegasus_crt.a(netdev.o)
 .data          0xb08197a0        0x4 pegasus_crt.a(task_network.o)
 .data          0xb08197a4        0x0 pegasus_crt.a(hd.o)
 .data          0xb08197a4        0x0 pegasus_crt.a(fs_main.o)
 .data          0xb08197a4        0x0 pegasus_crt.a(main.o)
 .data          0xb08197a4        0x0 pegasus_crt.a(strcmp.o)
 .data          0xb08197a4        0x0 pegasus_crt.a(perror.o)
 .data          0xb08197a4        0x0 pegasus_crt.a(sscanf.o)
 .data          0xb08197a4        0x0 pegasus_crt.a(ntohs.o)
 .data          0xb08197a4        0x0 pegasus_crt.a(htons.o)
 .data          0xb08197a4        0x0 pegasus_crt.a(inet_pton.o)
 .data          0xb08197a4        0x0 pegasus_crt.a(ntohl.o)
 .data          0xb08197a4        0x4 pegasus_crt.a(skbuff.o)
 .data          0xb08197a8        0x4 pegasus_crt.a(ip_input.o)
 .data          0xb08197ac        0x4 pegasus_crt.a(icmpv4.o)
 .data          0xb08197b0        0x8 pegasus_crt.a(tcp.o)
 .data          0xb08197b8        0x4 pegasus_crt.a(route.o)
 .data          0xb08197bc       0x14 pegasus_crt.a(arp.o)
 *fill*         0xb08197d0       0x10 
 .data          0xb08197e0       0x54 pegasus_crt.a(tcp_sock.o)
                0xb0819800                tcp_ops
 .data          0xb0819834        0xc pegasus_crt.a(ipc.o)
 .data          0xb0819840        0x4 pegasus_crt.a(ip_output.o)
 .data          0xb0819844        0x4 pegasus_crt.a(dst.o)
 .data          0xb0819848        0x4 pegasus_crt.a(tcp_input.o)
 .data          0xb081984c        0x8 pegasus_crt.a(udp.o)
 .data          0xb0819854        0x4 pegasus_crt.a(tcp_data.o)
 .data          0xb0819858        0x4 pegasus_crt.a(utils.o)
 .data          0xb081985c        0x0 pegasus_crt.a(forkexit.o)
 .data          0xb081985c        0x0 pegasus_crt.a(exec.o)
 .data          0xb081985c        0x0 pegasus_crt.a(alloca.o)
 .data          0xb081985c        0x0 pegasus_crt.a(calloc.o)
 .data          0xb081985c        0x0 pegasus_crt.a(atoi.o)
 .data          0xb081985c        0x0 pegasus_crt.a(strtol.o)
 .data          0xb081985c        0x0 pegasus_crt.a(strtok.o)
 .data          0xb081985c        0x0 pegasus_crt.a(strpbrk.o)
 .data          0xb081985c        0x0 pegasus_crt.a(htonl.o)
 .data          0xb081985c        0x0 pegasus_crt.a(my_process.o)
 *fill*         0xb081985c        0x4 
 .data          0xb0819860      0x224 pegasus_crt.a(socket.o)
 *fill*         0xb0819a84       0x1c 
 .data          0xb0819aa0       0x54 pegasus_crt.a(udp_sock.o)
                0xb0819ac0                udp_ops
 *fill*         0xb0819af4        0xc 
 .data          0xb0819b00       0x80 pegasus_crt.a(inet.o)
                0xb0819b08                inet
 .data          0xb0819b80        0x4 pegasus_crt.a(sock.o)
 .data          0xb0819b84        0x4 pegasus_crt.a(tcp_output.o)
 .data          0xb0819b88        0x0 pegasus_crt.a(thread.o)

.data1
 *(.data1)
                0xb0819b88                        _edata = .
                [!provide]                        PROVIDE (edata = .)
                0xb0819b88                        . = .
                0xb0819b88                        __bss_start = .

.bss            0xb0819ba0    0xa50a8
 *(.dynbss)
 *(.bss .bss.* .gnu.linkonce.b.*)
 .bss           0xb0819ba0        0x0 test.o
 .bss           0xb0819ba0        0x0 pegasus_crt.a(kernel_main_old.o)
 .bss           0xb0819ba0        0x0 pegasus_crt.a(protect.o)
 .bss           0xb0819ba0        0x0 pegasus_crt.a(console.o)
 .bss           0xb0819ba0        0x0 pegasus_crt.a(keyboard.o)
 .bss           0xb0819ba0        0x0 pegasus_crt.a(process.o)
 .bss           0xb0819ba0        0x0 pegasus_crt.a(mem.o)
 .bss           0xb0819ba0        0x0 pegasus_crt.a(exec.o)
 .bss           0xb0819ba0        0x0 pegasus_crt.a(fork.o)
 .bss           0xb0819ba0        0x0 pegasus_crt.a(exit.o)
 .bss           0xb0819ba0        0x0 pegasus_crt.a(wait.o)
 .bss           0xb0819ba0        0x0 pegasus_crt.a(read.o)
 .bss           0xb0819ba0        0x0 pegasus_crt.a(open.o)
 .bss           0xb0819ba0        0x0 pegasus_crt.a(write.o)
 .bss           0xb0819ba0        0x0 pegasus_crt.a(close.o)
 .bss           0xb0819ba0      0x800 pegasus_crt.a(kernel.o)
 .bss           0xb081a3a0        0x0 pegasus_crt.a(double_link_list.o)
 .bss           0xb081a3a0        0x0 pegasus_crt.a(global.o)
 .bss           0xb081a3a0        0x0 pegasus_crt.a(netdev.o)
 .bss           0xb081a3a0        0x0 pegasus_crt.a(task_network.o)
 .bss           0xb081a3a0        0x0 pegasus_crt.a(hd.o)
 .bss           0xb081a3a0        0x4 pegasus_crt.a(fs_main.o)
                0xb081a3a0                c
 .bss           0xb081a3a4        0x0 pegasus_crt.a(main.o)
 .bss           0xb081a3a4        0x0 pegasus_crt.a(strcmp.o)
 .bss           0xb081a3a4        0x0 pegasus_crt.a(perror.o)
 .bss           0xb081a3a4        0x0 pegasus_crt.a(sscanf.o)
 .bss           0xb081a3a4        0x0 pegasus_crt.a(ntohs.o)
 .bss           0xb081a3a4        0x0 pegasus_crt.a(htons.o)
 .bss           0xb081a3a4        0x0 pegasus_crt.a(inet_pton.o)
 .bss           0xb081a3a4        0x0 pegasus_crt.a(ntohl.o)
 .bss           0xb081a3a4        0x0 pegasus_crt.a(skbuff.o)
 .bss           0xb081a3a4        0x0 pegasus_crt.a(ip_input.o)
 .bss           0xb081a3a4        0x0 pegasus_crt.a(icmpv4.o)
 .bss           0xb081a3a4        0x0 pegasus_crt.a(tcp.o)
 .bss           0xb081a3a4        0x0 pegasus_crt.a(route.o)
 .bss           0xb081a3a4        0x0 pegasus_crt.a(arp.o)
 .bss           0xb081a3a4        0x0 pegasus_crt.a(tcp_sock.o)
 .bss           0xb081a3a4        0x4 pegasus_crt.a(ipc.o)
 .bss           0xb081a3a8        0x0 pegasus_crt.a(ip_output.o)
 .bss           0xb081a3a8        0x0 pegasus_crt.a(dst.o)
 .bss           0xb081a3a8        0x0 pegasus_crt.a(tcp_input.o)
 .bss           0xb081a3a8        0x0 pegasus_crt.a(udp.o)
 .bss           0xb081a3a8        0x0 pegasus_crt.a(tcp_data.o)
 .bss           0xb081a3a8        0x0 pegasus_crt.a(utils.o)
 .bss           0xb081a3a8        0x0 pegasus_crt.a(forkexit.o)
 .bss           0xb081a3a8        0x0 pegasus_crt.a(exec.o)
 .bss           0xb081a3a8        0x0 pegasus_crt.a(alloca.o)
 .bss           0xb081a3a8        0x0 pegasus_crt.a(calloc.o)
 .bss           0xb081a3a8        0x0 pegasus_crt.a(atoi.o)
 .bss           0xb081a3a8        0x0 pegasus_crt.a(strtol.o)
 .bss           0xb081a3a8        0x4 pegasus_crt.a(strtok.o)
 .bss           0xb081a3ac        0x0 pegasus_crt.a(strpbrk.o)
 .bss           0xb081a3ac        0x0 pegasus_crt.a(htonl.o)
 .bss           0xb081a3ac        0x0 pegasus_crt.a(my_process.o)
 .bss           0xb081a3ac        0x4 pegasus_crt.a(socket.o)
 .bss           0xb081a3b0        0x4 pegasus_crt.a(udp_sock.o)
 .bss           0xb081a3b4        0x0 pegasus_crt.a(inet.o)
 .bss           0xb081a3b4        0x0 pegasus_crt.a(sock.o)
 .bss           0xb081a3b4        0x0 pegasus_crt.a(tcp_output.o)
 .bss           0xb081a3b4        0x0 pegasus_crt.a(thread.o)
 *(COMMON)
 *fill*         0xb081a3b4        0xc 
 COMMON         0xb081a3c0     0x17dc pegasus_crt.a(kernel_main_old.o)
                0xb081a3c0                current_tty
                0xb081a3c4                is_e0
                0xb081a3c8                idt_ptr
                0xb081a3d0                pid
                0xb081a3d4                KernelVirtualMemory
                0xb081a3e0                loop
                0xb081a3e4                current_dis_pos
                0xb081a3e8                dis_pos
                0xb081a3ec                netdev
                0xb081a3f0                k_reenter
                0xb081a400                gdt
                0xb081a800                proc_ready_table
                0xb081a804                test_ticks
                0xb081a808                pcaller
                0xb081a820                keyboard_buffer
                0xb081aa2c                pcb_list
                0xb081aa3c                gdt_index
                0xb081aa40                tty_table
                0xb081b280                tss
                0xb081b2ec                KernelPool
                0xb081b2fc                net_buf
                0xb081b300                nic_current_page
                0xb081b304                counter
                0xb081b308                key_pressed
                0xb081b30c                fork_pid
                0xb081b310                is_shift
                0xb081b311                net_data
                0xb081b314                tcp_connecting_or_listening_socks
                0xb081b318                routes
                0xb081b31c                gdt_ptr
                0xb081b340                idt
                0xb081bb40                main_thread
                0xb081bb48                ticks
                0xb081bb50                is_init
                0xb081bb54                UserPool
                0xb081bb64                tcp_establised_or_syn_recvd_socks
                0xb081bb68                all_pcb_list
                0xb081bb78                console_table
                0xb081bb88                is_disp
                0xb081bb8c                MAIN_THREAD_PAGE_DIRECTORY
                0xb081bb90                helloStr
 *fill*         0xb081bb9c        0x4 
 COMMON         0xb081bba0       0xa8 pegasus_crt.a(mem.o)
                0xb081bba0                kernel_mem_block_decs_array
 *fill*         0xb081bc48       0x18 
 COMMON         0xb081bc60    0xa1d40 pegasus_crt.a(global.o)
                0xb081bc60                proc_stack
                0xb08bbc60                proc_table
 COMMON         0xb08bd9a0      0x440 pegasus_crt.a(hd.o)
                0xb08bd9a0                hd_info
                0xb08bdbe0                hd_cache
 COMMON         0xb08bdde0      0xe68 pegasus_crt.a(fs_main.o)
                0xb08bdde0                file_desc_table
                0xb08be1e0                phy_super_block_buf
                0xb08be1e4                phy_fsbuf
                0xb08be200                inode_table
                0xb08bec00                super_block_buf
                0xb08bec04                fsbuf
                0xb08bec20                root
                0xb08bec48                        . = ALIGN ((. != 0x0)?0x4:0x1)
                0xb08bec48                        . = ALIGN (0x4)
                0xb08bec48                        . = SEGMENT_START ("ldata-segment", .)
                0xb08bec48                        . = ALIGN (0x4)
                0xb08bec48                        _end = .
                [!provide]                        PROVIDE (end = .)
                0xb08bec48                        . = DATA_SEGMENT_END (.)

.stab
 *(.stab)

.stabstr
 *(.stabstr)

.stab.excl
 *(.stab.excl)

.stab.exclstr
 *(.stab.exclstr)

.stab.index
 *(.stab.index)

.stab.indexstr
 *(.stab.indexstr)

.comment        0x00000000       0x2c
 *(.comment)
 .comment       0x00000000       0x2c test.o
                                 0x2d (size before relaxing)
 .comment       0x0000002c       0x2d pegasus_crt.a(kernel_main_old.o)
 .comment       0x0000002c       0x2d pegasus_crt.a(protect.o)
 .comment       0x0000002c       0x2d pegasus_crt.a(console.o)
 .comment       0x0000002c       0x2d pegasus_crt.a(keyboard.o)
 .comment       0x0000002c       0x2d pegasus_crt.a(process.o)
 .comment       0x0000002c       0x2d pegasus_crt.a(mem.o)
 .comment       0x0000002c       0x2d pegasus_crt.a(exec.o)
 .comment       0x0000002c       0x2d pegasus_crt.a(fork.o)
 .comment       0x0000002c       0x2d pegasus_crt.a(exit.o)
 .comment       0x0000002c       0x2d pegasus_crt.a(wait.o)
 .comment       0x0000002c       0x2d pegasus_crt.a(read.o)
 .comment       0x0000002c       0x2d pegasus_crt.a(open.o)
 .comment       0x0000002c       0x2d pegasus_crt.a(write.o)
 .comment       0x0000002c       0x2d pegasus_crt.a(close.o)
 .comment       0x0000002c       0x2d pegasus_crt.a(double_link_list.o)
 .comment       0x0000002c       0x2d pegasus_crt.a(global.o)
 .comment       0x0000002c       0x2d pegasus_crt.a(netdev.o)
 .comment       0x0000002c       0x2d pegasus_crt.a(task_network.o)
 .comment       0x0000002c       0x2d pegasus_crt.a(hd.o)
 .comment       0x0000002c       0x2d pegasus_crt.a(fs_main.o)
 .comment       0x0000002c       0x2d pegasus_crt.a(main.o)
 .comment       0x0000002c       0x2d pegasus_crt.a(strcmp.o)
 .comment       0x0000002c       0x2d pegasus_crt.a(perror.o)
 .comment       0x0000002c       0x2d pegasus_crt.a(sscanf.o)
 .comment       0x0000002c       0x2d pegasus_crt.a(ntohs.o)
 .comment       0x0000002c       0x2d pegasus_crt.a(htons.o)
 .comment       0x0000002c       0x2d pegasus_crt.a(inet_pton.o)
 .comment       0x0000002c       0x2d pegasus_crt.a(ntohl.o)
 .comment       0x0000002c       0x2d pegasus_crt.a(skbuff.o)
 .comment       0x0000002c       0x2d pegasus_crt.a(ip_input.o)
 .comment       0x0000002c       0x2d pegasus_crt.a(icmpv4.o)
 .comment       0x0000002c       0x2d pegasus_crt.a(tcp.o)
 .comment       0x0000002c       0x2d pegasus_crt.a(route.o)
 .comment       0x0000002c       0x2d pegasus_crt.a(arp.o)
 .comment       0x0000002c       0x2d pegasus_crt.a(tcp_sock.o)
 .comment       0x0000002c       0x2d pegasus_crt.a(ipc.o)
 .comment       0x0000002c       0x2d pegasus_crt.a(ip_output.o)
 .comment       0x0000002c       0x2d pegasus_crt.a(dst.o)
 .comment       0x0000002c       0x2d pegasus_crt.a(tcp_input.o)
 .comment       0x0000002c       0x2d pegasus_crt.a(udp.o)
 .comment       0x0000002c       0x2d pegasus_crt.a(tcp_data.o)
 .comment       0x0000002c       0x2d pegasus_crt.a(utils.o)
 .comment       0x0000002c       0x2d pegasus_crt.a(forkexit.o)
 .comment       0x0000002c       0x2d pegasus_crt.a(exec.o)
 .comment       0x0000002c       0x2d pegasus_crt.a(alloca.o)
 .comment       0x0000002c       0x2d pegasus_crt.a(calloc.o)
 .comment       0x0000002c       0x2d pegasus_crt.a(atoi.o)
 .comment       0x0000002c       0x2d pegasus_crt.a(strtol.o)
 .comment       0x0000002c       0x2d pegasus_crt.a(strtok.o)
 .comment       0x0000002c       0x2d pegasus_crt.a(strpbrk.o)
 .comment       0x0000002c       0x2d pegasus_crt.a(htonl.o)
 .comment       0x0000002c       0x2d pegasus_crt.a(my_process.o)
 .comment       0x0000002c       0x2d pegasus_crt.a(socket.o)
 .comment       0x0000002c       0x2d pegasus_crt.a(udp_sock.o)
 .comment       0x0000002c       0x2d pegasus_crt.a(inet.o)
 .comment       0x0000002c       0x2d pegasus_crt.a(sock.o)
 .comment       0x0000002c       0x2d pegasus_crt.a(tcp_output.o)
 .comment       0x0000002c       0x2d pegasus_crt.a(thread.o)

.gnu.build.attributes
 *(.gnu.build.attributes .gnu.build.attributes.*)

.debug
 *(.debug)

.line
 *(.line)

.debug_srcinfo
 *(.debug_srcinfo)

.debug_sfnames
 *(.debug_sfnames)

.debug_aranges  0x00000000      0x738
 *(.debug_aranges)
 .debug_aranges
                0x00000000       0x20 pegasus_crt.a(kernel_main_old.o)
 .debug_aranges
                0x00000020       0x20 pegasus_crt.a(protect.o)
 .debug_aranges
                0x00000040       0x20 pegasus_crt.a(console.o)
 .debug_aranges
                0x00000060       0x20 pegasus_crt.a(keyboard.o)
 .debug_aranges
                0x00000080       0x20 pegasus_crt.a(process.o)
 .debug_aranges
                0x000000a0       0x20 pegasus_crt.a(mem.o)
 .debug_aranges
                0x000000c0       0x20 pegasus_crt.a(exec.o)
 .debug_aranges
                0x000000e0       0x20 pegasus_crt.a(fork.o)
 .debug_aranges
                0x00000100       0x20 pegasus_crt.a(exit.o)
 .debug_aranges
                0x00000120       0x20 pegasus_crt.a(wait.o)
 .debug_aranges
                0x00000140       0x20 pegasus_crt.a(read.o)
 .debug_aranges
                0x00000160       0x20 pegasus_crt.a(open.o)
 .debug_aranges
                0x00000180       0x20 pegasus_crt.a(write.o)
 .debug_aranges
                0x000001a0       0x20 pegasus_crt.a(close.o)
 .debug_aranges
                0x000001c0       0x20 pegasus_crt.a(double_link_list.o)
 .debug_aranges
                0x000001e0       0x18 pegasus_crt.a(global.o)
 .debug_aranges
                0x000001f8       0x20 pegasus_crt.a(netdev.o)
 .debug_aranges
                0x00000218       0x20 pegasus_crt.a(task_network.o)
 .debug_aranges
                0x00000238       0x20 pegasus_crt.a(hd.o)
 .debug_aranges
                0x00000258       0x20 pegasus_crt.a(fs_main.o)
 .debug_aranges
                0x00000278       0x20 pegasus_crt.a(main.o)
 .debug_aranges
                0x00000298       0x20 pegasus_crt.a(strcmp.o)
 .debug_aranges
                0x000002b8       0x20 pegasus_crt.a(perror.o)
 .debug_aranges
                0x000002d8       0x20 pegasus_crt.a(sscanf.o)
 .debug_aranges
                0x000002f8       0x20 pegasus_crt.a(ntohs.o)
 .debug_aranges
                0x00000318       0x20 pegasus_crt.a(htons.o)
 .debug_aranges
                0x00000338       0x20 pegasus_crt.a(inet_pton.o)
 .debug_aranges
                0x00000358       0x20 pegasus_crt.a(ntohl.o)
 .debug_aranges
                0x00000378       0x20 pegasus_crt.a(skbuff.o)
 .debug_aranges
                0x00000398       0x20 pegasus_crt.a(ip_input.o)
 .debug_aranges
                0x000003b8       0x20 pegasus_crt.a(icmpv4.o)
 .debug_aranges
                0x000003d8       0x20 pegasus_crt.a(tcp.o)
 .debug_aranges
                0x000003f8       0x20 pegasus_crt.a(route.o)
 .debug_aranges
                0x00000418       0x20 pegasus_crt.a(arp.o)
 .debug_aranges
                0x00000438       0x20 pegasus_crt.a(tcp_sock.o)
 .debug_aranges
                0x00000458       0x20 pegasus_crt.a(ipc.o)
 .debug_aranges
                0x00000478       0x20 pegasus_crt.a(ip_output.o)
 .debug_aranges
                0x00000498       0x20 pegasus_crt.a(dst.o)
 .debug_aranges
                0x000004b8       0x20 pegasus_crt.a(tcp_input.o)
 .debug_aranges
                0x000004d8       0x20 pegasus_crt.a(udp.o)
 .debug_aranges
                0x000004f8       0x20 pegasus_crt.a(tcp_data.o)
 .debug_aranges
                0x00000518       0x20 pegasus_crt.a(utils.o)
 .debug_aranges
                0x00000538       0x20 pegasus_crt.a(forkexit.o)
 .debug_aranges
                0x00000558       0x20 pegasus_crt.a(exec.o)
 .debug_aranges
                0x00000578       0x20 pegasus_crt.a(alloca.o)
 .debug_aranges
                0x00000598       0x20 pegasus_crt.a(calloc.o)
 .debug_aranges
                0x000005b8       0x20 pegasus_crt.a(atoi.o)
 .debug_aranges
                0x000005d8       0x20 pegasus_crt.a(strtol.o)
 .debug_aranges
                0x000005f8       0x20 pegasus_crt.a(strtok.o)
 .debug_aranges
                0x00000618       0x20 pegasus_crt.a(strpbrk.o)
 .debug_aranges
                0x00000638       0x20 pegasus_crt.a(htonl.o)
 .debug_aranges
                0x00000658       0x20 pegasus_crt.a(my_process.o)
 .debug_aranges
                0x00000678       0x20 pegasus_crt.a(socket.o)
 .debug_aranges
                0x00000698       0x20 pegasus_crt.a(udp_sock.o)
 .debug_aranges
                0x000006b8       0x20 pegasus_crt.a(inet.o)
 .debug_aranges
                0x000006d8       0x20 pegasus_crt.a(sock.o)
 .debug_aranges
                0x000006f8       0x20 pegasus_crt.a(tcp_output.o)
 .debug_aranges
                0x00000718       0x20 pegasus_crt.a(thread.o)

.debug_pubnames
 *(.debug_pubnames)

.debug_info     0x00000000    0x3e659
 *(.debug_info .gnu.linkonce.wi.*)
 .debug_info    0x00000000     0x28ee pegasus_crt.a(kernel_main_old.o)
 .debug_info    0x000028ee     0x1248 pegasus_crt.a(protect.o)
 .debug_info    0x00003b36     0x131d pegasus_crt.a(console.o)
 .debug_info    0x00004e53     0x1071 pegasus_crt.a(keyboard.o)
 .debug_info    0x00005ec4      0xff5 pegasus_crt.a(process.o)
 .debug_info    0x00006eb9     0x1df1 pegasus_crt.a(mem.o)
 .debug_info    0x00008caa      0xfd3 pegasus_crt.a(exec.o)
 .debug_info    0x00009c7d      0xe3b pegasus_crt.a(fork.o)
 .debug_info    0x0000aab8      0xe46 pegasus_crt.a(exit.o)
 .debug_info    0x0000b8fe      0xe54 pegasus_crt.a(wait.o)
 .debug_info    0x0000c752      0xea1 pegasus_crt.a(read.o)
 .debug_info    0x0000d5f3      0xe02 pegasus_crt.a(open.o)
 .debug_info    0x0000e3f5      0xe9e pegasus_crt.a(write.o)
 .debug_info    0x0000f293      0xdb6 pegasus_crt.a(close.o)
 .debug_info    0x00010049     0x10d5 pegasus_crt.a(double_link_list.o)
 .debug_info    0x0001111e      0xf1d pegasus_crt.a(global.o)
 .debug_info    0x0001203b     0x1976 pegasus_crt.a(netdev.o)
 .debug_info    0x000139b1     0x115e pegasus_crt.a(task_network.o)
 .debug_info    0x00014b0f     0x188c pegasus_crt.a(hd.o)
 .debug_info    0x0001639b     0x1fce pegasus_crt.a(fs_main.o)
 .debug_info    0x00018369      0xe5f pegasus_crt.a(main.o)
 .debug_info    0x000191c8       0xc1 pegasus_crt.a(strcmp.o)
 .debug_info    0x00019289       0x5c pegasus_crt.a(perror.o)
 .debug_info    0x000192e5      0x202 pegasus_crt.a(sscanf.o)
 .debug_info    0x000194e7       0xa8 pegasus_crt.a(ntohs.o)
 .debug_info    0x0001958f       0xa8 pegasus_crt.a(htons.o)
 .debug_info    0x00019637      0x260 pegasus_crt.a(inet_pton.o)
 .debug_info    0x00019897       0xcb pegasus_crt.a(ntohl.o)
 .debug_info    0x00019962     0x11f0 pegasus_crt.a(skbuff.o)
 .debug_info    0x0001ab52     0x1b05 pegasus_crt.a(ip_input.o)
 .debug_info    0x0001c657     0x1963 pegasus_crt.a(icmpv4.o)
 .debug_info    0x0001dfba     0x1e68 pegasus_crt.a(tcp.o)
 .debug_info    0x0001fe22     0x13b4 pegasus_crt.a(route.o)
 .debug_info    0x000211d6     0x19da pegasus_crt.a(arp.o)
 .debug_info    0x00022bb0     0x24ff pegasus_crt.a(tcp_sock.o)
 .debug_info    0x000250af     0x1dfc pegasus_crt.a(ipc.o)
 .debug_info    0x00026eab     0x179f pegasus_crt.a(ip_output.o)
 .debug_info    0x0002864a     0x12c6 pegasus_crt.a(dst.o)
 .debug_info    0x00029910     0x216b pegasus_crt.a(tcp_input.o)
 .debug_info    0x0002ba7b     0x1b68 pegasus_crt.a(udp.o)
 .debug_info    0x0002d5e3     0x1dd1 pegasus_crt.a(tcp_data.o)
 .debug_info    0x0002f3b4      0x367 pegasus_crt.a(utils.o)
 .debug_info    0x0002f71b     0x1031 pegasus_crt.a(forkexit.o)
 .debug_info    0x0003074c     0x126d pegasus_crt.a(exec.o)
 .debug_info    0x000319b9       0xb6 pegasus_crt.a(alloca.o)
 .debug_info    0x00031a6f      0xf4c pegasus_crt.a(calloc.o)
 .debug_info    0x000329bb       0xc9 pegasus_crt.a(atoi.o)
 .debug_info    0x00032a84       0xd6 pegasus_crt.a(strtol.o)
 .debug_info    0x00032b5a       0xae pegasus_crt.a(strtok.o)
 .debug_info    0x00032c08       0xcf pegasus_crt.a(strpbrk.o)
 .debug_info    0x00032cd7       0xcb pegasus_crt.a(htonl.o)
 .debug_info    0x00032da2     0x1530 pegasus_crt.a(my_process.o)
 .debug_info    0x000342d2     0x1c59 pegasus_crt.a(socket.o)
 .debug_info    0x00035f2b     0x1f37 pegasus_crt.a(udp_sock.o)
 .debug_info    0x00037e62     0x1abe pegasus_crt.a(inet.o)
 .debug_info    0x00039920     0x18ba pegasus_crt.a(sock.o)
 .debug_info    0x0003b1da     0x2383 pegasus_crt.a(tcp_output.o)
 .debug_info    0x0003d55d     0x10fc pegasus_crt.a(thread.o)

.debug_abbrev   0x00000000     0x7520
 *(.debug_abbrev)
 .debug_abbrev  0x00000000      0x43a pegasus_crt.a(kernel_main_old.o)
 .debug_abbrev  0x0000043a      0x227 pegasus_crt.a(protect.o)
 .debug_abbrev  0x00000661      0x2ac pegasus_crt.a(console.o)
 .debug_abbrev  0x0000090d      0x1fb pegasus_crt.a(keyboard.o)
 .debug_abbrev  0x00000b08      0x1e0 pegasus_crt.a(process.o)
 .debug_abbrev  0x00000ce8      0x330 pegasus_crt.a(mem.o)
 .debug_abbrev  0x00001018      0x1e8 pegasus_crt.a(exec.o)
 .debug_abbrev  0x00001200      0x18a pegasus_crt.a(fork.o)
 .debug_abbrev  0x0000138a      0x19b pegasus_crt.a(exit.o)
 .debug_abbrev  0x00001525      0x19f pegasus_crt.a(wait.o)
 .debug_abbrev  0x000016c4      0x1ef pegasus_crt.a(read.o)
 .debug_abbrev  0x000018b3      0x1c5 pegasus_crt.a(open.o)
 .debug_abbrev  0x00001a78      0x1db pegasus_crt.a(write.o)
 .debug_abbrev  0x00001c53      0x19d pegasus_crt.a(close.o)
 .debug_abbrev  0x00001df0      0x216 pegasus_crt.a(double_link_list.o)
 .debug_abbrev  0x00002006      0x157 pegasus_crt.a(global.o)
 .debug_abbrev  0x0000215d      0x325 pegasus_crt.a(netdev.o)
 .debug_abbrev  0x00002482      0x1cf pegasus_crt.a(task_network.o)
 .debug_abbrev  0x00002651      0x2e3 pegasus_crt.a(hd.o)
 .debug_abbrev  0x00002934      0x2f8 pegasus_crt.a(fs_main.o)
 .debug_abbrev  0x00002c2c      0x208 pegasus_crt.a(main.o)
 .debug_abbrev  0x00002e34       0x94 pegasus_crt.a(strcmp.o)
 .debug_abbrev  0x00002ec8       0x5c pegasus_crt.a(perror.o)
 .debug_abbrev  0x00002f24       0xca pegasus_crt.a(sscanf.o)
 .debug_abbrev  0x00002fee       0x6c pegasus_crt.a(ntohs.o)
 .debug_abbrev  0x0000305a       0x6c pegasus_crt.a(htons.o)
 .debug_abbrev  0x000030c6      0x116 pegasus_crt.a(inet_pton.o)
 .debug_abbrev  0x000031dc       0xa5 pegasus_crt.a(ntohl.o)
 .debug_abbrev  0x00003281      0x23f pegasus_crt.a(skbuff.o)
 .debug_abbrev  0x000034c0      0x2d1 pegasus_crt.a(ip_input.o)
 .debug_abbrev  0x00003791      0x236 pegasus_crt.a(icmpv4.o)
 .debug_abbrev  0x000039c7      0x332 pegasus_crt.a(tcp.o)
 .debug_abbrev  0x00003cf9      0x263 pegasus_crt.a(route.o)
 .debug_abbrev  0x00003f5c      0x345 pegasus_crt.a(arp.o)
 .debug_abbrev  0x000042a1      0x3fb pegasus_crt.a(tcp_sock.o)
 .debug_abbrev  0x0000469c      0x311 pegasus_crt.a(ipc.o)
 .debug_abbrev  0x000049ad      0x213 pegasus_crt.a(ip_output.o)
 .debug_abbrev  0x00004bc0      0x245 pegasus_crt.a(dst.o)
 .debug_abbrev  0x00004e05      0x355 pegasus_crt.a(tcp_input.o)
 .debug_abbrev  0x0000515a      0x2d3 pegasus_crt.a(udp.o)
 .debug_abbrev  0x0000542d      0x2a6 pegasus_crt.a(tcp_data.o)
 .debug_abbrev  0x000056d3      0x17a pegasus_crt.a(utils.o)
 .debug_abbrev  0x0000584d      0x204 pegasus_crt.a(forkexit.o)
 .debug_abbrev  0x00005a51      0x1c4 pegasus_crt.a(exec.o)
 .debug_abbrev  0x00005c15       0xcd pegasus_crt.a(alloca.o)
 .debug_abbrev  0x00005ce2      0x191 pegasus_crt.a(calloc.o)
 .debug_abbrev  0x00005e73       0x94 pegasus_crt.a(atoi.o)
 .debug_abbrev  0x00005f07       0x8b pegasus_crt.a(strtol.o)
 .debug_abbrev  0x00005f92       0x91 pegasus_crt.a(strtok.o)
 .debug_abbrev  0x00006023       0xa5 pegasus_crt.a(strpbrk.o)
 .debug_abbrev  0x000060c8       0xa5 pegasus_crt.a(htonl.o)
 .debug_abbrev  0x0000616d      0x260 pegasus_crt.a(my_process.o)
 .debug_abbrev  0x000063cd      0x327 pegasus_crt.a(socket.o)
 .debug_abbrev  0x000066f4      0x3b1 pegasus_crt.a(udp_sock.o)
 .debug_abbrev  0x00006aa5      0x24b pegasus_crt.a(inet.o)
 .debug_abbrev  0x00006cf0      0x273 pegasus_crt.a(sock.o)
 .debug_abbrev  0x00006f63      0x39b pegasus_crt.a(tcp_output.o)
 .debug_abbrev  0x000072fe      0x222 pegasus_crt.a(thread.o)

.debug_line     0x00000000     0x9e37
 *(.debug_line .debug_line.* .debug_line_end)
 .debug_line    0x00000000      0xe38 pegasus_crt.a(kernel_main_old.o)
 .debug_line    0x00000e38      0x21d pegasus_crt.a(protect.o)
 .debug_line    0x00001055      0x56c pegasus_crt.a(console.o)
 .debug_line    0x000015c1      0x2b4 pegasus_crt.a(keyboard.o)
 .debug_line    0x00001875      0x1dc pegasus_crt.a(process.o)
 .debug_line    0x00001a51      0x78e pegasus_crt.a(mem.o)
 .debug_line    0x000021df      0x1a9 pegasus_crt.a(exec.o)
 .debug_line    0x00002388       0xc3 pegasus_crt.a(fork.o)
 .debug_line    0x0000244b       0xbe pegasus_crt.a(exit.o)
 .debug_line    0x00002509       0xd5 pegasus_crt.a(wait.o)
 .debug_line    0x000025de      0x15b pegasus_crt.a(read.o)
 .debug_line    0x00002739       0xc3 pegasus_crt.a(open.o)
 .debug_line    0x000027fc       0xe0 pegasus_crt.a(write.o)
 .debug_line    0x000028dc       0xb3 pegasus_crt.a(close.o)
 .debug_line    0x0000298f      0x235 pegasus_crt.a(double_link_list.o)
 .debug_line    0x00002bc4       0xb3 pegasus_crt.a(global.o)
 .debug_line    0x00002c77      0x4b3 pegasus_crt.a(netdev.o)
 .debug_line    0x0000312a      0x22d pegasus_crt.a(task_network.o)
 .debug_line    0x00003357      0x64d pegasus_crt.a(hd.o)
 .debug_line    0x000039a4      0xc43 pegasus_crt.a(fs_main.o)
 .debug_line    0x000045e7      0x10a pegasus_crt.a(main.o)
 .debug_line    0x000046f1       0x9c pegasus_crt.a(strcmp.o)
 .debug_line    0x0000478d       0x48 pegasus_crt.a(perror.o)
 .debug_line    0x000047d5      0x220 pegasus_crt.a(sscanf.o)
 .debug_line    0x000049f5       0x6c pegasus_crt.a(ntohs.o)
 .debug_line    0x00004a61       0x6c pegasus_crt.a(htons.o)
 .debug_line    0x00004acd      0x167 pegasus_crt.a(inet_pton.o)
 .debug_line    0x00004c34       0xc1 pegasus_crt.a(ntohl.o)
 .debug_line    0x00004cf5      0x1ab pegasus_crt.a(skbuff.o)
 .debug_line    0x00004ea0      0x28d pegasus_crt.a(ip_input.o)
 .debug_line    0x0000512d      0x232 pegasus_crt.a(icmpv4.o)
 .debug_line    0x0000535f      0x310 pegasus_crt.a(tcp.o)
 .debug_line    0x0000566f      0x2a9 pegasus_crt.a(route.o)
 .debug_line    0x00005918      0x572 pegasus_crt.a(arp.o)
 .debug_line    0x00005e8a      0x67f pegasus_crt.a(tcp_sock.o)
 .debug_line    0x00006509      0x621 pegasus_crt.a(ipc.o)
 .debug_line    0x00006b2a      0x20b pegasus_crt.a(ip_output.o)
 .debug_line    0x00006d35      0x1ab pegasus_crt.a(dst.o)
 .debug_line    0x00006ee0      0x674 pegasus_crt.a(tcp_input.o)
 .debug_line    0x00007554      0x302 pegasus_crt.a(udp.o)
 .debug_line    0x00007856      0x3ff pegasus_crt.a(tcp_data.o)
 .debug_line    0x00007c55      0x13c pegasus_crt.a(utils.o)
 .debug_line    0x00007d91      0x192 pegasus_crt.a(forkexit.o)
 .debug_line    0x00007f23      0x22a pegasus_crt.a(exec.o)
 .debug_line    0x0000814d       0x5f pegasus_crt.a(alloca.o)
 .debug_line    0x000081ac       0xf9 pegasus_crt.a(calloc.o)
 .debug_line    0x000082a5       0xad pegasus_crt.a(atoi.o)
 .debug_line    0x00008352       0xbb pegasus_crt.a(strtol.o)
 .debug_line    0x0000840d       0x6e pegasus_crt.a(strtok.o)
 .debug_line    0x0000847b       0xb0 pegasus_crt.a(strpbrk.o)
 .debug_line    0x0000852b       0xc1 pegasus_crt.a(htonl.o)
 .debug_line    0x000085ec      0x359 pegasus_crt.a(my_process.o)
 .debug_line    0x00008945      0x3c8 pegasus_crt.a(socket.o)
 .debug_line    0x00008d0d      0x4c8 pegasus_crt.a(udp_sock.o)
 .debug_line    0x000091d5      0x326 pegasus_crt.a(inet.o)
 .debug_line    0x000094fb      0x238 pegasus_crt.a(sock.o)
 .debug_line    0x00009733      0x5a1 pegasus_crt.a(tcp_output.o)
 .debug_line    0x00009cd4      0x163 pegasus_crt.a(thread.o)

.debug_frame
 *(.debug_frame)

.debug_str      0x00000000     0x3728
 *(.debug_str)
 .debug_str     0x00000000     0x3728 pegasus_crt.a(kernel_main_old.o)
                                0xbe7 (size before relaxing)
 .debug_str     0x00003728      0x7c7 pegasus_crt.a(protect.o)
 .debug_str     0x00003728      0x7bb pegasus_crt.a(console.o)
 .debug_str     0x00003728      0x6f8 pegasus_crt.a(keyboard.o)
 .debug_str     0x00003728      0x6a6 pegasus_crt.a(process.o)
 .debug_str     0x00003728      0xb1a pegasus_crt.a(mem.o)
 .debug_str     0x00003728      0x688 pegasus_crt.a(exec.o)
 .debug_str     0x00003728      0x5fa pegasus_crt.a(fork.o)
 .debug_str     0x00003728      0x601 pegasus_crt.a(exit.o)
 .debug_str     0x00003728      0x601 pegasus_crt.a(wait.o)
 .debug_str     0x00003728      0x617 pegasus_crt.a(read.o)
 .debug_str     0x00003728      0x5de pegasus_crt.a(open.o)
 .debug_str     0x00003728      0x5f3 pegasus_crt.a(write.o)
 .debug_str     0x00003728      0x5a6 pegasus_crt.a(close.o)
 .debug_str     0x00003728      0x73e pegasus_crt.a(double_link_list.o)
 .debug_str     0x00003728      0x66c pegasus_crt.a(global.o)
 .debug_str     0x00003728      0x973 pegasus_crt.a(netdev.o)
 .debug_str     0x00003728      0x71b pegasus_crt.a(task_network.o)
 .debug_str     0x00003728      0x975 pegasus_crt.a(hd.o)
 .debug_str     0x00003728      0xb56 pegasus_crt.a(fs_main.o)
 .debug_str     0x00003728      0x5f4 pegasus_crt.a(main.o)
 .debug_str     0x00003728       0xb1 pegasus_crt.a(strcmp.o)
 .debug_str     0x00003728       0x99 pegasus_crt.a(perror.o)
 .debug_str     0x00003728      0x109 pegasus_crt.a(sscanf.o)
 .debug_str     0x00003728      0x101 pegasus_crt.a(ntohs.o)
 .debug_str     0x00003728      0x102 pegasus_crt.a(htons.o)
 .debug_str     0x00003728      0x14c pegasus_crt.a(inet_pton.o)
 .debug_str     0x00003728       0xf3 pegasus_crt.a(ntohl.o)
 .debug_str     0x00003728      0x75e pegasus_crt.a(skbuff.o)
 .debug_str     0x00003728      0x9e6 pegasus_crt.a(ip_input.o)
 .debug_str     0x00003728      0x965 pegasus_crt.a(icmpv4.o)
 .debug_str     0x00003728      0xb78 pegasus_crt.a(tcp.o)
 .debug_str     0x00003728      0x812 pegasus_crt.a(route.o)
 .debug_str     0x00003728      0x971 pegasus_crt.a(arp.o)
 .debug_str     0x00003728      0xd7b pegasus_crt.a(tcp_sock.o)
 .debug_str     0x00003728      0x9ca pegasus_crt.a(ipc.o)
 .debug_str     0x00003728      0x8a1 pegasus_crt.a(ip_output.o)
 .debug_str     0x00003728      0x779 pegasus_crt.a(dst.o)
 .debug_str     0x00003728      0xbd8 pegasus_crt.a(tcp_input.o)
 .debug_str     0x00003728      0x998 pegasus_crt.a(udp.o)
 .debug_str     0x00003728      0xa94 pegasus_crt.a(tcp_data.o)
 .debug_str     0x00003728      0x1b8 pegasus_crt.a(utils.o)
 .debug_str     0x00003728      0x673 pegasus_crt.a(forkexit.o)
 .debug_str     0x00003728      0x8c9 pegasus_crt.a(exec.o)
 .debug_str     0x00003728       0xce pegasus_crt.a(alloca.o)
 .debug_str     0x00003728      0x68d pegasus_crt.a(calloc.o)
 .debug_str     0x00003728       0xad pegasus_crt.a(atoi.o)
 .debug_str     0x00003728       0xc6 pegasus_crt.a(strtol.o)
 .debug_str     0x00003728       0xb9 pegasus_crt.a(strtok.o)
 .debug_str     0x00003728       0xc1 pegasus_crt.a(strpbrk.o)
 .debug_str     0x00003728       0xf4 pegasus_crt.a(htonl.o)
 .debug_str     0x00003728      0x95a pegasus_crt.a(my_process.o)
 .debug_str     0x00003728      0x98a pegasus_crt.a(socket.o)
 .debug_str     0x00003728      0xabc pegasus_crt.a(udp_sock.o)
 .debug_str     0x00003728      0x949 pegasus_crt.a(inet.o)
 .debug_str     0x00003728      0x901 pegasus_crt.a(sock.o)
 .debug_str     0x00003728      0xc68 pegasus_crt.a(tcp_output.o)
 .debug_str     0x00003728      0x773 pegasus_crt.a(thread.o)

.debug_loc
 *(.debug_loc)

.debug_macinfo
 *(.debug_macinfo)

.debug_weaknames
 *(.debug_weaknames)

.debug_funcnames
 *(.debug_funcnames)

.debug_typenames
 *(.debug_typenames)

.debug_varnames
 *(.debug_varnames)

.debug_pubtypes
 *(.debug_pubtypes)

.debug_ranges   0x00000000       0x90
 *(.debug_ranges)
 .debug_ranges  0x00000000       0x30 pegasus_crt.a(kernel_main_old.o)
 .debug_ranges  0x00000030       0x48 pegasus_crt.a(hd.o)
 .debug_ranges  0x00000078       0x18 pegasus_crt.a(exec.o)

.debug_addr
 *(.debug_addr)

.debug_line_str
 *(.debug_line_str)

.debug_loclists
 *(.debug_loclists)

.debug_macro
 *(.debug_macro)

.debug_names
 *(.debug_names)

.debug_rnglists
 *(.debug_rnglists)

.debug_str_offsets
 *(.debug_str_offsets)

.debug_sup
 *(.debug_sup)

.gnu.attributes
 *(.gnu.attributes)

/DISCARD/
 *(.note.GNU-stack)
 *(.gnu_debuglink)
 *(.gnu.lto_*)
OUTPUT(test elf32-i386)
