Archive member included to satisfy reference by file (symbol)

pegasus_crt.a(kernel_main_old.o)
                              test.o (Printf)
pegasus_crt.a(keyboard.o)     pegasus_crt.a(kernel_main_old.o) (init_keyboard_handler)
pegasus_crt.a(mem.o)          pegasus_crt.a(kernel_main_old.o) (ptr_pde)
pegasus_crt.a(exec.o)         pegasus_crt.a(kernel_main_old.o) (execl)
pegasus_crt.a(fork.o)         pegasus_crt.a(kernel_main_old.o) (fork)
pegasus_crt.a(exit.o)         start.o (exit)
pegasus_crt.a(wait.o)         pegasus_crt.a(kernel_main_old.o) (wait)
pegasus_crt.a(read.o)         pegasus_crt.a(kernel_main_old.o) (read)
pegasus_crt.a(open.o)         pegasus_crt.a(kernel_main_old.o) (open)
pegasus_crt.a(write.o)        pegasus_crt.a(kernel_main_old.o) (write)
pegasus_crt.a(close.o)        pegasus_crt.a(kernel_main_old.o) (close)
pegasus_crt.a(kernel.o)       pegasus_crt.a(kernel_main_old.o) (disp_str)
pegasus_crt.a(string.o)       pegasus_crt.a(kernel_main_old.o) (Memcpy2)
pegasus_crt.a(syscall.o)      pegasus_crt.a(kernel_main_old.o) (write_debug)
pegasus_crt.a(double_link_list.o)
                              pegasus_crt.a(mem.o) (initDoubleLinkList)
pegasus_crt.a(global.o)       pegasus_crt.a(kernel.o) (sys_call_table)
pegasus_crt.a(protect.o)      pegasus_crt.a(kernel_main_old.o) (InitInterruptDesc)
pegasus_crt.a(console.o)      pegasus_crt.a(keyboard.o) (select_console)
pegasus_crt.a(process.o)      pegasus_crt.a(kernel_main_old.o) (schedule_process)
pegasus_crt.a(netdev.o)       pegasus_crt.a(kernel.o) (net_handler)
pegasus_crt.a(task_network.o)
                              pegasus_crt.a(global.o) (task_network)
pegasus_crt.a(hd.o)           pegasus_crt.a(global.o) (TaskHD)
pegasus_crt.a(fs_main.o)      pegasus_crt.a(global.o) (task_fs)
pegasus_crt.a(main.o)         pegasus_crt.a(global.o) (TaskMM)
pegasus_crt.a(strcmp.o)       pegasus_crt.a(fs_main.o) (strcmp)
pegasus_crt.a(perror.o)       pegasus_crt.a(netdev.o) (perror)
pegasus_crt.a(sscanf.o)       pegasus_crt.a(netdev.o) (sscanf)
pegasus_crt.a(ntohs.o)        pegasus_crt.a(netdev.o) (ntohs)
pegasus_crt.a(htons.o)        pegasus_crt.a(netdev.o) (htons)
pegasus_crt.a(inet_pton.o)    pegasus_crt.a(netdev.o) (inet_pton)
pegasus_crt.a(ntohl.o)        pegasus_crt.a(netdev.o) (ntohl)
pegasus_crt.a(switch_to.o)    pegasus_crt.a(process.o) (switch_to)
pegasus_crt.a(hd_rdwt.o)      pegasus_crt.a(hd.o) (read_port)
pegasus_crt.a(ne2000.o)       pegasus_crt.a(netdev.o) (StartSendToPhysicalLink)
pegasus_crt.a(skbuff.o)       pegasus_crt.a(netdev.o) (alloc_skb)
pegasus_crt.a(ip_input.o)     pegasus_crt.a(netdev.o) (ip_rcv)
pegasus_crt.a(icmpv4.o)       pegasus_crt.a(ip_input.o) (icmpv4_incoming)
pegasus_crt.a(tcp.o)          pegasus_crt.a(ip_input.o) (tcp_in)
pegasus_crt.a(route.o)        pegasus_crt.a(task_network.o) (route_init)
pegasus_crt.a(arp.o)          pegasus_crt.a(netdev.o) (arp_rcv)
pegasus_crt.a(tcp_sock.o)     pegasus_crt.a(tcp.o) (tcp_established_or_syn_recvd_socks_remove)
pegasus_crt.a(ipc.o)          pegasus_crt.a(task_network.o) (demux_ipc_socket_call)
pegasus_crt.a(ip_output.o)    pegasus_crt.a(icmpv4.o) (ip_output)
pegasus_crt.a(tcp_input.o)    pegasus_crt.a(tcp.o) (tcp_process)
pegasus_crt.a(udp.o)          pegasus_crt.a(ip_input.o) (udp_in)
pegasus_crt.a(tcp_data.o)     pegasus_crt.a(tcp_input.o) (tcp_data_dequeue)
pegasus_crt.a(utils.o)        pegasus_crt.a(ip_input.o) (print_err)
pegasus_crt.a(forkexit.o)     pegasus_crt.a(main.o) (do_fork)
pegasus_crt.a(exec.o)         pegasus_crt.a(main.o) (do_exec)
pegasus_crt.a(alloca.o)       pegasus_crt.a(ipc.o) (alloca)
pegasus_crt.a(calloc.o)       pegasus_crt.a(ipc.o) (calloc)
pegasus_crt.a(atoi.o)         pegasus_crt.a(sscanf.o) (atoi)
pegasus_crt.a(strtol.o)       pegasus_crt.a(sscanf.o) (strtol)
pegasus_crt.a(strtok.o)       pegasus_crt.a(inet_pton.o) (strtok)
pegasus_crt.a(strpbrk.o)      pegasus_crt.a(strtok.o) (strpbrk)
pegasus_crt.a(htonl.o)        pegasus_crt.a(arp.o) (htonl)
pegasus_crt.a(my_process.o)   pegasus_crt.a(forkexit.o) (fork_process)
pegasus_crt.a(socket.o)       pegasus_crt.a(ipc.o) (_socket)
pegasus_crt.a(udp_sock.o)     pegasus_crt.a(udp.o) (udp_lookup_sock)
pegasus_crt.a(dst.o)          pegasus_crt.a(ip_output.o) (dst_neigh_output)
pegasus_crt.a(inet.o)         pegasus_crt.a(socket.o) (inet)
pegasus_crt.a(sock.o)         pegasus_crt.a(inet.o) (sk_alloc)
pegasus_crt.a(tcp_output.o)   pegasus_crt.a(tcp_input.o) (tcp_send_synack)
pegasus_crt.a(thread.o)       pegasus_crt.a(my_process.o) (thread_init)

Merging program properties

Removed property 0xc0010001 to merge test.o (0x1) and start.o (not found)
Removed property 0xc0010002 to merge test.o (0x0) and start.o (not found)
Removed property 0xc0010001 to merge test.o (not found) and pegasus_crt.a(kernel_main_old.o) (0x1)
Removed property 0xc0010002 to merge test.o (not found) and pegasus_crt.a(kernel_main_old.o) (0x1)
Removed property 0xc0010001 to merge test.o (not found) and pegasus_crt.a(keyboard.o) (0x1)
[...]
Memory Configuration

Name             Origin             Length             Attributes
*default*        0x00000000         0xffffffff

Linker script and memory map

Address of section .text set to 0xb0800000
LOAD test.o
LOAD start.o
LOAD pegasus_crt.a
                [!provide]                        PROVIDE (__executable_start = SEGMENT_START ("text-segment", 0x8048000))
                0x080480d4                        . = (SEGMENT_START ("text-segment", 0x8048000) + SIZEOF_HEADERS)

.interp
 *(.interp)

.note.gnu.build-id
 *(.note.gnu.build-id)

.hash
 *(.hash)

.gnu.hash
 *(.gnu.hash)

.dynsym
 *(.dynsym)

.dynstr
 *(.dynstr)

.gnu.version
 *(.gnu.version)

.gnu.version_d
 *(.gnu.version_d)

.gnu.version_r
 *(.gnu.version_r)

.rel.dyn        0x080480d4        0x0
 *(.rel.init)
 *(.rel.text .rel.text.* .rel.gnu.linkonce.t.*)
 .rel.text      0x080480d4        0x0 test.o
 *(.rel.fini)
 *(.rel.rodata .rel.rodata.* .rel.gnu.linkonce.r.*)
 *(.rel.data.rel.ro .rel.data.rel.ro.* .rel.gnu.linkonce.d.rel.ro.*)
 *(.rel.data .rel.data.* .rel.gnu.linkonce.d.*)
 *(.rel.tdata .rel.tdata.* .rel.gnu.linkonce.td.*)
 *(.rel.tbss .rel.tbss.* .rel.gnu.linkonce.tb.*)
 *(.rel.ctors)
 *(.rel.dtors)
 *(.rel.got)
 .rel.got       0x080480d4        0x0 test.o
 *(.rel.bss .rel.bss.* .rel.gnu.linkonce.b.*)
 *(.rel.ifunc)

.rel.plt        0x080480d4        0x0
 *(.rel.plt)
                [!provide]                        PROVIDE (__rel_iplt_start = .)
 *(.rel.iplt)
 .rel.iplt      0x080480d4        0x0 test.o
                [!provide]                        PROVIDE (__rel_iplt_end = .)

.relr.dyn
 *(.relr.dyn)
                0x08049000                        . = ALIGN (CONSTANT (MAXPAGESIZE))

.init
 *(SORT_NONE(.init))

.plt            0x08049000        0x0
 *(.plt)
 *(.iplt)
 .iplt          0x08049000        0x0 test.o

.plt.got
 *(.plt.got)

.plt.sec
 *(.plt.sec)

.text           0xb0800000    0x12a29
 *(.text.unlikely .text.*_unlikely .text.unlikely.*)
 *(.text.exit .text.exit.*)
 *(.text.startup .text.startup.*)
 *(.text.hot .text.hot.*)
 *(SORT_BY_NAME(.text.sorted.*))
 *(.text .stub .text.* .gnu.linkonce.t.*)
 .text          0xb0800000       0x3e test.o
                0xb0800000                main
 *fill*         0xb080003e        0x2 
 .text          0xb0800040       0x15 start.o
                0xb0800040                _start
 .text          0xb0800055     0x2df3 pegasus_crt.a(kernel_main_old.o)
                0xb0800055                stop_here
                0xb0800099                catch_error
                0xb08000fe                intr_enable
                0xb0800127                intr_disable
                0xb0800150                intr_set_status
                0xb080016e                intr_get_status
                0xb080018b                Memcpy
                0xb08001be                untar
                0xb08004ce                num_to_string
                0xb0800574                disp_int
                0xb080059d                do_page_fault
                0xb08006da                exception_handler
                0xb08008c5                init_internal_interrupt
                0xb0800a3a                spurious_irq
                0xb0800ac8                init_keyboard
                0xb0800b0b                TestTTY
                0xb0800baa                TestReadReturnValue
                0xb0800c27                TestWriteReturnValue
                0xb0800cfb                TestFS2
                0xb0800d09                TestFS
                0xb08011ab                wait_exit
                0xb08012a9                INIT_fork
                0xb080159c                simple_shell
                0xb0801723                test_shell
                0xb080178b                test_exec
                0xb080187e                INIT
                0xb080188b                TestA
                0xb08018c0                delay
                0xb0801904                TestB
                0xb080191c                TestC
                0xb080194f                sys_get_ticks
                0xb080195f                sys_write
                0xb08019b3                milli_delay
                0xb08019ef                TaskSys
                0xb08019f4                Printf
                0xb0801ac6                sprintf
                0xb0801af2                vsprintf
                0xb0801c9e                printx
                0xb0801ce1                sys_printx
                0xb0801dad                spin
                0xb0801dd3                panic
                0xb0801df1                assertion_failure
                0xb0801e63                assertion_failure2
                0xb0801ed8                dead_lock
                0xb0801ee2                sys_send_msg
                0xb0802410                sys_receive_msg
                0xb0802a70                send_rec
                0xb0802b6b                block
                0xb0802ba7                unblock
                0xb0802bf7                get_ticks_ipc
                0xb0802c51                itoa
                0xb0802ca7                i2a
                0xb0802d0d                inform_int
                0xb0802dd9                deprecate_strcmp
 .text          0xb0802e48      0x40f pegasus_crt.a(keyboard.o)
                0xb0802e48                keyboard_handler
                0xb0802ecc                read_from_keyboard_buf
                0xb0802f32                keyboard_read
                0xb08030b1                init_keyboard_handler
                0xb08030c5                in_process
 .text          0xb0803257     0x1118 pegasus_crt.a(mem.o)
                0xb0803257                init_bitmap
                0xb080327a                test_bit_val
                0xb08032e3                set_bit_val
                0xb080335e                set_bits
                0xb0803398                get_first_free_bit
                0xb08033dc                get_bits
                0xb08034a4                get_a_page
                0xb0803558                get_virtual_address_start_with_addr
                0xb08035f2                get_virtual_address
                0xb0803682                ptr_pde
                0xb0803695                ptr_pte
                0xb08036bc                add_map_entry
                0xb080374d                alloc_virtual_memory
                0xb0803819                get_physical_address_proc
                0xb0803895                get_physical_address
                0xb08038c7                alloc_physical_memory_of_proc
                0xb08039b6                alloc_physical_memory
                0xb0803a7e                alloc_memory
                0xb0803ae0                get_a_virtual_page
                0xb0803b18                block2arena
                0xb0803b2e                sys_malloc2
                0xb0803e5b                remove_map_entry
                0xb0803e7c                free_a_page
                0xb0803f23                sys_free2
                0xb0803f29                init_memory_block_desc
                0xb0803ffa                init_memory2
                0xb080422f                init_memory
 .text          0xb080436f      0x285 pegasus_crt.a(exec.o)
                0xb080436f                exec
                0xb08043e0                execv
                0xb08045cf                execl
 .text          0xb08045f4       0x4b pegasus_crt.a(fork.o)
                0xb08045f4                fork
 .text          0xb080463f       0x2f pegasus_crt.a(exit.o)
                0xb080463f                exit
 .text          0xb080466e       0x44 pegasus_crt.a(wait.o)
                0xb080466e                wait
 .text          0xb08046b2      0x181 pegasus_crt.a(read.o)
                0xb08046b2                read
 .text          0xb0804833       0x95 pegasus_crt.a(open.o)
                0xb0804833                open
 .text          0xb08048c8       0x85 pegasus_crt.a(write.o)
                0xb08048c8                write
 .text          0xb080494d       0x52 pegasus_crt.a(close.o)
                0xb080494d                close
 *fill*         0xb080499f        0x1 
 .text          0xb08049a0      0x3d2 pegasus_crt.a(kernel.o)
                0xb08049a0                InterruptTest
                0xb08049ac                disp_str_len
                0xb08049f9                disp_str
                0xb0804a34                disp_str_colour
                0xb0804a70                divide_zero_fault
                0xb0804a76                single_step_fault
                0xb0804a7c                non_maskable_interrupt
                0xb0804a82                breakpoint_trap
                0xb0804a88                overflow_trap
                0xb0804a8e                bound_range_exceeded_fault
                0xb0804a94                invalid_opcode_fault
                0xb0804a9a                coprocessor_not_available_fault
                0xb0804aa0                double_fault_exception_abort
                0xb0804aa4                coprocessor_segment_overrun
                0xb0804aaa                invalid_task_state_segment_fault
                0xb0804aae                segment_not_present_fault
                0xb0804ab2                stack_exception_fault
                0xb0804ab6                general_protection_exception_fault
                0xb0804ac1                page_fault
                0xb0804ac5                coprocessor_error_fault
                0xb0804acb                align_check_fault
                0xb0804acf                simd_float_exception_fault
                0xb0804ade                hwint0
                0xb0804b0e                hwint1
                0xb0804b51                hwint14
                0xb0804b97                hwint10
                0xb0804bda                sys_call
                0xb0804c20                fork_restart
                0xb0804c2f                restart
                0xb0804c52                in_byte
                0xb0804c5e                out_byte
                0xb0804c80                disable_int
                0xb0804c82                enable_int
                0xb0804d18                enable_8259A_casecade_irq
                0xb0804d22                disable_8259A_casecade_irq
                0xb0804d2c                enable_8259A_slave_winchester_irq
                0xb0804d36                disable_8259A_slave_winchester_irq
                0xb0804d40                update_cr3
                0xb0804d4d                update_tss
                0xb0804d5c                get_running_thread_pcb
                0xb0804d62                sys_call_test
                0xb0804d65                enable_8259A_slave_net_irq
 *fill*         0xb0804d72        0xe 
 .text          0xb0804d80       0x6a pegasus_crt.a(syscall.o)
                0xb0804d80                write_debug
                0xb0804d90                send_msg
                0xb0804da6                receive_msg
                0xb0804dbc                sys_malloc
                0xb0804dd1                sys_free
 .text          0xb0804dea      0x2ee pegasus_crt.a(double_link_list.o)
                0xb0804dea                initDoubleLinkList
                0xb0804e3a                isListEmpty
                0xb0804e68                findElementInList
                0xb0804eff                appendToDoubleLinkList
                0xb0804fc5                insertToDoubleLinkList
                0xb0805049                popFromDoubleLinkList
 .text          0xb08050d8        0x0 pegasus_crt.a(global.o)
 .text          0xb08050d8      0x3b3 pegasus_crt.a(protect.o)
                0xb08050d8                InitDescriptor
                0xb0805145                Seg2PhyAddr
                0xb0805186                Seg2PhyAddrLDT
                0xb08051ca                VirAddr2PhyAddr
                0xb08051e0                v2l
                0xb0805223                init_propt
                0xb08053a4                InitInterruptDesc
                0xb0805400                ReloadGDT
 .text          0xb080548b      0xad3 pegasus_crt.a(console.o)
                0xb080548b                select_console
                0xb08054c7                flush
                0xb0805500                set_cursor
                0xb080555e                set_console_start_video_addr
                0xb08055bc                put_key
                0xb0805628                scroll_up
                0xb080566a                scroll_down
                0xb08056d5                out_char
                0xb0805892                tty_dev_read
                0xb08058bc                tty_dev_write
                0xb0805ae9                tty_do_read
                0xb0805bb1                tty_do_write
                0xb0805d1a                init_screen
                0xb0805da3                init_tty
                0xb0805e58                TaskTTY
 .text          0xb0805f5e      0x2b7 pegasus_crt.a(process.o)
                0xb0805f5e                schedule_process
                0xb0806124                clock_handler
                0xb080619a                pid2proc
                0xb08061fe                proc2pid
 .text          0xb0806215      0xa00 pegasus_crt.a(netdev.o)
                0xb08063a3                netdev_init
                0xb08063ea                netdev_transmit
                0xb0806535                interrupt_wait2
                0xb080658e                netdev_rx_loop
                0xb080667f                call_netdev_get
                0xb08067c9                netdev_get
                0xb080687e                free_netdev
                0xb08068a9                local_ipaddress
                0xb08068e6                receive_msg_from_nic
                0xb0806ad3                receive_msg_from_nic2
                0xb0806bff                net_handler
 .text          0xb0806c15      0x2f9 pegasus_crt.a(task_network.o)
                0xb0806c69                init_dev
                0xb0806d73                task_network
                0xb0806ec4                task_netdev_rx
 .text          0xb0806f0e      0xe84 pegasus_crt.a(hd.o)
                0xb0806f0e                TaskHD
                0xb0806f59                init_hd
                0xb0806f73                hd_handle
                0xb0807078                hd_cmd_out
                0xb080717a                hd_identify
                0xb0807231                print_hdinfo
                0xb08073bf                print_dpt_entry
                0xb080742b                get_partition_table
                0xb080750a                partition
                0xb0807724                hd_open
                0xb08077d4                get_hd_ioctl
                0xb080788e                wait_for
                0xb08078bf                interrupt_wait
                0xb0807918                hd_rdwt
                0xb0807bba                hd_handler
                0xb0807beb                debug_ticks
                0xb0807c29                waitfor
                0xb0807c6d                print_hd_info
                0xb0807d5a                is_empty
 .text          0xb0807d92     0x2081 pegasus_crt.a(fs_main.o)
                0xb0807d92                task_fs
                0xb0807fa6                rd_wt
                0xb0808088                mkfs
                0xb080866a                init_fs
                0xb08086c4                do_open
                0xb08088cd                search_file
                0xb08089ff                strip_path
                0xb0808acb                get_inode
                0xb0808c8d                create_file
                0xb0808d98                alloc_imap_bit
                0xb0808e95                alloc_smap_bit
                0xb0809036                new_inode
                0xb0809154                new_dir_entry
                0xb0809360                do_unlink
                0xb080983c                do_rdwt
                0xb0809bc7                sync_inode
                0xb0809d1b                put_inode
                0xb0809d59                do_close
                0xb0809dab                get_super_block
 .text          0xb0809e13      0x14e pegasus_crt.a(main.o)
                0xb0809e13                TaskMM
                0xb0809f42                alloc_mem
 .text          0xb0809f61       0xa8 pegasus_crt.a(strcmp.o)
                0xb0809f61                strcmp
 .text          0xb080a009       0x17 pegasus_crt.a(perror.o)
                0xb080a009                perror
 .text          0xb080a020      0x335 pegasus_crt.a(sscanf.o)
                0xb080a020                sscanf
 .text          0xb080a355       0x38 pegasus_crt.a(ntohs.o)
                0xb080a355                ntohs
 .text          0xb080a38d       0x38 pegasus_crt.a(htons.o)
                0xb080a38d                htons
 .text          0xb080a3c5      0x295 pegasus_crt.a(inet_pton.o)
                0xb080a3c5                isValidIPv4
                0xb080a54f                inet_pton
 .text          0xb080a65a       0x7c pegasus_crt.a(ntohl.o)
                0xb080a65a                ntohl
 *fill*         0xb080a6d6        0xa 
 .text          0xb080a6e0       0x15 pegasus_crt.a(switch_to.o)
                0xb080a6e0                switch_to
 *fill*         0xb080a6f5        0xb 
 .text          0xb080a700      0x28d pegasus_crt.a(ne2000.o)
                0xb080a723                DriverInitialize
                0xb080a7ad                StartSendToPhysicalLink
                0xb080a7c8                SetPageStart
                0xb080a7f7                DriverSend
                0xb080a871                PCtoNIC
                0xb080a8dc                get_interrupt_status
                0xb080a8f9                set_interrupt_status
                0xb080a919                get_curr_page
                0xb080a936                NICtoPC
 .text          0xb080a98d      0x15b pegasus_crt.a(skbuff.o)
                0xb080a9a6                alloc_skb
                0xb080aa37                free_skb
                0xb080aa6a                skb_reserve
                0xb080aa86                skb_push
                0xb080aab5                skb_head
                0xb080aac0                skb_reset_header
 .text          0xb080aae8      0x2ed pegasus_crt.a(ip_input.o)
                0xb080ac72                ip_rcv
 .text          0xb080add5      0x234 pegasus_crt.a(icmpv4.o)
                0xb080ade3                icmpv4_incoming
                0xb080ae57                icmpv4_reply
                0xb080af30                icmpv4_timestamp
 .text          0xb080b009      0x448 pegasus_crt.a(tcp.o)
                0xb080b1fe                tcp_in
                0xb080b2b2                tcp_checksum
                0xb080b2de                __tcp_set_state
                0xb080b2ed                tcp_generate_port
                0xb080b336                tcp_generate_isn
                0xb080b340                tcp_done
                0xb080b369                tcp_clear_timers
                0xb080b378                tcp_stop_retransmission_timer
                0xb080b391                tcp_release_retransmission_timer
                0xb080b3aa                tcp_stop_delack_timer
                0xb080b3bd                tcp_release_delack_timer
                0xb080b3d0                tcp_handle_fin_state
                0xb080b435                tcp_enter_time_wait
 .text          0xb080b451      0x42e pegasus_crt.a(route.o)
                0xb080b561                route_add
                0xb080b5a8                route_init
                0xb080b65a                call_route_lookup
                0xb080b7a4                route_lookup
 .text          0xb080b87f      0xbd3 pegasus_crt.a(arp.o)
                0xb080b9a8                call_update_arp_translation_table
                0xb080bbe0                insert_arp_translation_table
                0xb080bc62                update_arp_translation_table
                0xb080bd21                arp_init
                0xb080bd27                arp_rcv
                0xb080bf09                arp_request
                0xb080c073                arp_reply
                0xb080c1d6                call_arp_get_hwaddr
                0xb080c320                arp_get_hwaddr
                0xb080c401                free_arp
 .text          0xb080c452      0xa16 pegasus_crt.a(tcp_sock.o)
                0xb080c711                tcp_established_or_syn_recvd_socks_enqueue
                0xb080c728                tcp_established_or_syn_recvd_socks_remove
                0xb080c73a                tcp_connecting_or_listening_socks_enqueue
                0xb080c751                tcp_connecting_or_listening_socks_remove
                0xb080c763                tcp_alloc_sock
                0xb080c879                tcp_free_sock
                0xb080c8f2                tcp_init
                0xb080c8fc                tcp_sock_init
                0xb080c99f                tcp_write
                0xb080c9e0                tcp_read
                0xb080ca93                tcp_close
                0xb080cb51                tcp_recv_notify
                0xb080cb7c                tcp_v4_connect
                0xb080cdbb                tcp_lookup_sock
 .text          0xb080ce68      0xe07 pegasus_crt.a(ipc.o)
                0xb080da1c                ipc_close
                0xb080da6d                ipc_call_from_netdev_rx
                0xb080daa5                demux_ipc_socket_call
 .text          0xb080dc6f      0x1d3 pegasus_crt.a(ip_output.o)
                0xb080dc7d                ip_output
 .text          0xb080de42      0xb80 pegasus_crt.a(tcp_input.o)
                0xb080e53a                tcp_process
                0xb080e900                tcp_receive
 .text          0xb080e9c2      0x3e0 pegasus_crt.a(udp.o)
                0xb080eacd                udp_generate_port
                0xb080eb16                udp_checksum
                0xb080ebe4                udp_in
                0xb080ec75                udp_data_dequeue
                0xb080ed7d                udp_data_enqueue
 .text          0xb080eda2      0x54a pegasus_crt.a(tcp_data.o)
                0xb080f08d                tcp_data_dequeue
                0xb080f1ba                tcp_data_queue
 .text          0xb080f2ec      0x1e7 pegasus_crt.a(utils.o)
                0xb080f2ec                run_cmd
                0xb080f2f9                print_err
                0xb080f310                parse_ipv4_string
                0xb080f36f                ip_pton
                0xb080f3b7                sum_every_16bits
                0xb080f40e                checksum
                0xb080f44f                tcp_udp_checksum
 .text          0xb080f4d3      0x24f pegasus_crt.a(forkexit.o)
                0xb080f4d3                do_fork
                0xb080f541                do_exit
                0xb080f5cb                do_wait
                0xb080f6c8                cleanup
 .text          0xb080f722      0x419 pegasus_crt.a(exec.o)
                0xb080f722                do_exec
 .text          0xb080fb3b       0x29 pegasus_crt.a(alloca.o)
                0xb080fb3b                alloca
 .text          0xb080fb64       0x46 pegasus_crt.a(calloc.o)
                0xb080fb64                calloc
 .text          0xb080fbaa       0x9c pegasus_crt.a(atoi.o)
                0xb080fbaa                atoi
 .text          0xb080fc46       0xca pegasus_crt.a(strtol.o)
                0xb080fc46                strtol
 .text          0xb080fd10       0x85 pegasus_crt.a(strtok.o)
                0xb080fd10                strtok
 .text          0xb080fd95       0x90 pegasus_crt.a(strpbrk.o)
                0xb080fd95                strpbrk
 .text          0xb080fe25       0x7c pegasus_crt.a(htonl.o)
                0xb080fe25                htonl
 .text          0xb080fea1      0x730 pegasus_crt.a(my_process.o)
                0xb080fea1                create_user_process_address_space
                0xb080ff31                user_process
                0xb081005e                clone_pcb
                0xb08101d0                build_body_stack
                0xb0810303                build_process_kernel_stack
                0xb08103c6                fork_process
                0xb0810457                process_execute
 .text          0xb08105d1      0x66c pegasus_crt.a(socket.o)
                0xb0810681                test
                0xb08106dd                socket_debug
                0xb081073e                free_socket
                0xb08107fa                _socket
                0xb08108b9                _bind
                0xb081090c                _connect
                0xb081095e                _write
                0xb08109b5                _read
                0xb0810a0c                _recvfrom
                0xb0810a4d                _sendto
                0xb0810aa4                _close
                0xb0810b23                _listen
                0xb0810b89                _accept
 .text          0xb0810c3d      0x8cd pegasus_crt.a(udp_sock.o)
                0xb0810e7b                udp_lookup_sock
                0xb0810ec2                udp_init
                0xb0810ef3                udp_close
                0xb0810f19                udp_sock_init
                0xb0810f23                udp_recvfrom
                0xb0810fbc                udp_connect
                0xb0811095                udp_write
                0xb08110c1                udp_alloc_skb
                0xb081110b                udp_sendto
                0xb08111ff                udp_send
                0xb081133d                udp_alloc_sock
                0xb081137e                udp_free_sock
                0xb08113a2                udp_read
 .text          0xb081150a      0x183 pegasus_crt.a(dst.o)
                0xb0811518                print_array
                0xb081158c                dst_neigh_output
 .text          0xb081168d      0x429 pegasus_crt.a(inet.o)
                0xb081168d                inet_create
                0xb081173d                inet_socket
                0xb0811747                inet_connect
                0xb081179b                inet_write
                0xb08117c7                inet_read
                0xb08117f3                inet_close
                0xb0811842                inet_free
                0xb0811878                inet_bind
                0xb0811981                inet_listen
                0xb08119ca                inet_accept
                0xb0811a75                inet_sendto
                0xb0811aa0                inet_recvfrom
 .text          0xb0811ab6      0x203 pegasus_crt.a(sock.o)
                0xb0811be8                sk_alloc
                0xb0811c0f                sk_init
                0xb0811c63                sk_init_with_socket
                0xb0811c8c                sk_free
 .text          0xb0811cb9      0xbbe pegasus_crt.a(tcp_output.o)
                0xb081217f                tcp_send_synack
                0xb0812222                tcp_send_delack
                0xb081225d                tcp_send_ack
                0xb08123a9                tcp_send_fin
                0xb081241e                tcp_select_initial_window
                0xb08125d0                tcp_reset_retransmission_timer
                0xb08125ed                tcp_begin_connect
                0xb0812697                tcp_send
                0xb081277c                tcp_send_reset
                0xb08127fc                tcp_queue_fin
 .text          0xb0812877      0x1b2 pegasus_crt.a(thread.o)
                0xb0812877                kernel_thread
                0xb081288f                thread_init
                0xb081293c                thread_create
                0xb0812971                thread_start
 *(.gnu.warning)

.fini
 *(SORT_NONE(.fini))
                [!provide]                        PROVIDE (__etext = .)
                [!provide]                        PROVIDE (_etext = .)
                [!provide]                        PROVIDE (etext = .)
                0xb0813000                        . = ALIGN (CONSTANT (MAXPAGESIZE))
                0xb0813000                        . = SEGMENT_START ("rodata-segment", (ALIGN (CONSTANT (MAXPAGESIZE)) + (. & (CONSTANT (MAXPAGESIZE) - 0x1))))

.rodata         0xb0813000     0x1bd7
 *(.rodata .rodata.* .gnu.linkonce.r.*)
 .rodata        0xb0813000       0x10 test.o
 *fill*         0xb0813010       0x10 
 .rodata        0xb0813020      0xb61 pegasus_crt.a(kernel_main_old.o)
 .rodata        0xb0813b81       0x5a pegasus_crt.a(mem.o)
 .rodata        0xb0813bdb       0x2d pegasus_crt.a(exec.o)
 .rodata        0xb0813c08       0x2a pegasus_crt.a(close.o)
 .rodata        0xb0813c32       0x3c pegasus_crt.a(double_link_list.o)
 .rodata        0xb0813c6e       0x22 pegasus_crt.a(console.o)
 .rodata        0xb0813c90       0x4c pegasus_crt.a(process.o)
 .rodata        0xb0813cdc      0x16e pegasus_crt.a(netdev.o)
 *fill*         0xb0813e4a        0x2 
 .rodata        0xb0813e4c       0x99 pegasus_crt.a(task_network.o)
 *fill*         0xb0813ee5        0x3 
 .rodata        0xb0813ee8      0x19c pegasus_crt.a(hd.o)
 .rodata        0xb0814084      0x1fb pegasus_crt.a(fs_main.o)
                0xb0814084                FSBUF_SIZE
 .rodata        0xb081427f       0x11 pegasus_crt.a(main.o)
 .rodata        0xb0814290        0x3 pegasus_crt.a(inet_pton.o)
 .rodata        0xb0814293        0x9 pegasus_crt.a(skbuff.o)
 .rodata        0xb081429c       0xbd pegasus_crt.a(ip_input.o)
 *fill*         0xb0814359        0x3 
 .rodata        0xb081435c       0x32 pegasus_crt.a(icmpv4.o)
 *fill*         0xb081438e        0x2 
 .rodata        0xb0814390       0x31 pegasus_crt.a(tcp.o)
 *fill*         0xb08143c1        0x3 
 .rodata        0xb08143c4       0x36 pegasus_crt.a(route.o)
 *fill*         0xb08143fa        0x2 
 .rodata        0xb08143fc       0xd0 pegasus_crt.a(arp.o)
 .rodata        0xb08144cc       0xe8 pegasus_crt.a(tcp_sock.o)
 .rodata        0xb08145b4      0x174 pegasus_crt.a(ipc.o)
 .rodata        0xb0814728        0x9 pegasus_crt.a(ip_output.o)
 *fill*         0xb0814731        0x3 
 .rodata        0xb0814734       0x60 pegasus_crt.a(tcp_input.o)
 .rodata        0xb0814794        0x9 pegasus_crt.a(udp.o)
 .rodata        0xb081479d       0x1e pegasus_crt.a(tcp_data.o)
 *fill*         0xb08147bb        0x1 
 .rodata        0xb08147bc       0x41 pegasus_crt.a(utils.o)
 .rodata        0xb08147fd       0x21 pegasus_crt.a(forkexit.o)
 .rodata        0xb081481e       0x10 pegasus_crt.a(exec.o)
 *fill*         0xb081482e        0x2 
 .rodata        0xb0814830      0x23d pegasus_crt.a(socket.o)
 *fill*         0xb0814a6d        0x3 
 .rodata        0xb0814a70       0x2d pegasus_crt.a(udp_sock.o)
 .rodata        0xb0814a9d       0x21 pegasus_crt.a(dst.o)
 *fill*         0xb0814abe        0x2 
 .rodata        0xb0814ac0       0x48 pegasus_crt.a(inet.o)
 .rodata        0xb0814b08        0x9 pegasus_crt.a(sock.o)
 *fill*         0xb0814b11        0x3 
 .rodata        0xb0814b14       0xc3 pegasus_crt.a(tcp_output.o)

.txt            0xb0814bd7       0xaa
 .txt           0xb0814bd7       0x82 pegasus_crt.a(string.o)
                0xb0814bd7                Memcpy2
                0xb0814c05                Memset
                0xb0814c24                Strcpy
                0xb0814c3e                Strlen
 .txt           0xb0814c59       0x28 pegasus_crt.a(hd_rdwt.o)
                0xb0814c59                read_port
                0xb0814c6d                write_port

.rodata1
 *(.rodata1)

.eh_frame_hdr
 *(.eh_frame_hdr)
 *(.eh_frame_entry .eh_frame_entry.*)

.eh_frame       0xb0814c84     0x4134
 *(.eh_frame)
 .eh_frame      0xb0814c84       0x44 test.o
 .eh_frame      0xb0814cc8      0x6cc pegasus_crt.a(kernel_main_old.o)
                                0x6e4 (size before relaxing)
 .eh_frame      0xb0815394       0xa0 pegasus_crt.a(keyboard.o)
                                 0xb8 (size before relaxing)
 .eh_frame      0xb0815434      0x364 pegasus_crt.a(mem.o)
                                0x37c (size before relaxing)
 .eh_frame      0xb0815798       0x60 pegasus_crt.a(exec.o)
                                 0x78 (size before relaxing)
 .eh_frame      0xb08157f8       0x20 pegasus_crt.a(fork.o)
                                 0x38 (size before relaxing)
 .eh_frame      0xb0815818       0x20 pegasus_crt.a(exit.o)
                                 0x38 (size before relaxing)
 .eh_frame      0xb0815838       0x20 pegasus_crt.a(wait.o)
                                 0x38 (size before relaxing)
 .eh_frame      0xb0815858       0x20 pegasus_crt.a(read.o)
                                 0x38 (size before relaxing)
 .eh_frame      0xb0815878       0x20 pegasus_crt.a(open.o)
                                 0x38 (size before relaxing)
 .eh_frame      0xb0815898       0x20 pegasus_crt.a(write.o)
                                 0x38 (size before relaxing)
 .eh_frame      0xb08158b8       0x20 pegasus_crt.a(close.o)
                                 0x38 (size before relaxing)
 .eh_frame      0xb08158d8       0xc0 pegasus_crt.a(double_link_list.o)
                                 0xd8 (size before relaxing)
 .eh_frame      0xb0815998      0x100 pegasus_crt.a(protect.o)
                                0x118 (size before relaxing)
 .eh_frame      0xb0815a98      0x1e0 pegasus_crt.a(console.o)
                                0x1f8 (size before relaxing)
 .eh_frame      0xb0815c78       0x80 pegasus_crt.a(process.o)
                                 0x98 (size before relaxing)
 .eh_frame      0xb0815cf8      0x230 pegasus_crt.a(netdev.o)
                                0x248 (size before relaxing)
 .eh_frame      0xb0815f28       0x80 pegasus_crt.a(task_network.o)
                                 0x98 (size before relaxing)
 .eh_frame      0xb0815fa8      0x264 pegasus_crt.a(hd.o)
                                0x27c (size before relaxing)
 .eh_frame      0xb081620c      0x27c pegasus_crt.a(fs_main.o)
                                0x294 (size before relaxing)
 .eh_frame      0xb0816488       0x3c pegasus_crt.a(main.o)
                                 0x54 (size before relaxing)
 .eh_frame      0xb08164c4       0x20 pegasus_crt.a(strcmp.o)
                                 0x38 (size before relaxing)
 .eh_frame      0xb08164e4       0x20 pegasus_crt.a(perror.o)
                                 0x38 (size before relaxing)
 .eh_frame      0xb0816504       0x20 pegasus_crt.a(sscanf.o)
                                 0x38 (size before relaxing)
 .eh_frame      0xb0816524       0x20 pegasus_crt.a(ntohs.o)
                                 0x38 (size before relaxing)
 .eh_frame      0xb0816544       0x20 pegasus_crt.a(htons.o)
                                 0x38 (size before relaxing)
 .eh_frame      0xb0816564       0x40 pegasus_crt.a(inet_pton.o)
                                 0x58 (size before relaxing)
 .eh_frame      0xb08165a4       0x20 pegasus_crt.a(ntohl.o)
                                 0x38 (size before relaxing)
 .eh_frame      0xb08165c4       0xe0 pegasus_crt.a(skbuff.o)
                                 0xf8 (size before relaxing)
 .eh_frame      0xb08166a4      0x104 pegasus_crt.a(ip_input.o)
                                0x11c (size before relaxing)
 .eh_frame      0xb08167a8       0x80 pegasus_crt.a(icmpv4.o)
                                 0x98 (size before relaxing)
 .eh_frame      0xb0816828      0x268 pegasus_crt.a(tcp.o)
                                0x280 (size before relaxing)
 .eh_frame      0xb0816a90      0x104 pegasus_crt.a(route.o)
                                0x11c (size before relaxing)
 .eh_frame      0xb0816b94      0x220 pegasus_crt.a(arp.o)
                                0x238 (size before relaxing)
 .eh_frame      0xb0816db4      0x4c0 pegasus_crt.a(tcp_sock.o)
                                0x4d8 (size before relaxing)
 .eh_frame      0xb0817274      0x274 pegasus_crt.a(ipc.o)
                                0x28c (size before relaxing)
 .eh_frame      0xb08174e8       0x40 pegasus_crt.a(ip_output.o)
                                 0x58 (size before relaxing)
 .eh_frame      0xb0817528      0x300 pegasus_crt.a(tcp_input.o)
                                0x318 (size before relaxing)
 .eh_frame      0xb0817828      0x1e4 pegasus_crt.a(udp.o)
                                0x1fc (size before relaxing)
 .eh_frame      0xb0817a0c      0x200 pegasus_crt.a(tcp_data.o)
                                0x218 (size before relaxing)
 .eh_frame      0xb0817c0c       0xe4 pegasus_crt.a(utils.o)
                                 0xfc (size before relaxing)
 .eh_frame      0xb0817cf0       0x80 pegasus_crt.a(forkexit.o)
                                 0x98 (size before relaxing)
 .eh_frame      0xb0817d70       0x20 pegasus_crt.a(exec.o)
                                 0x38 (size before relaxing)
 .eh_frame      0xb0817d90       0x20 pegasus_crt.a(alloca.o)
                                 0x38 (size before relaxing)
 .eh_frame      0xb0817db0       0x20 pegasus_crt.a(calloc.o)
                                 0x38 (size before relaxing)
 .eh_frame      0xb0817dd0       0x20 pegasus_crt.a(atoi.o)
                                 0x38 (size before relaxing)
 .eh_frame      0xb0817df0       0x20 pegasus_crt.a(strtol.o)
                                 0x38 (size before relaxing)
 .eh_frame      0xb0817e10       0x20 pegasus_crt.a(strtok.o)
                                 0x38 (size before relaxing)
 .eh_frame      0xb0817e30       0x20 pegasus_crt.a(strpbrk.o)
                                 0x38 (size before relaxing)
 .eh_frame      0xb0817e50       0x20 pegasus_crt.a(htonl.o)
                                 0x38 (size before relaxing)
 .eh_frame      0xb0817e70       0xe0 pegasus_crt.a(my_process.o)
                                 0xf8 (size before relaxing)
 .eh_frame      0xb0817f50      0x2a0 pegasus_crt.a(socket.o)
                                0x2b8 (size before relaxing)
 .eh_frame      0xb08181f0      0x404 pegasus_crt.a(udp_sock.o)
                                0x41c (size before relaxing)
 .eh_frame      0xb08185f4       0x60 pegasus_crt.a(dst.o)
                                 0x78 (size before relaxing)
 .eh_frame      0xb0818654      0x180 pegasus_crt.a(inet.o)
                                0x198 (size before relaxing)
 .eh_frame      0xb08187d4      0x1a0 pegasus_crt.a(sock.o)
                                0x1b8 (size before relaxing)
 .eh_frame      0xb0818974      0x3c4 pegasus_crt.a(tcp_output.o)
                                0x3dc (size before relaxing)
 .eh_frame      0xb0818d38       0x80 pegasus_crt.a(thread.o)
                                 0x98 (size before relaxing)
 *(.eh_frame.*)

.sframe
 *(.sframe)
 *(.sframe.*)

.gcc_except_table
 *(.gcc_except_table .gcc_except_table.*)

.gnu_extab
 *(.gnu_extab*)

.exception_ranges
 *(.exception_ranges*)
                0xb0819000                        . = DATA_SEGMENT_ALIGN (CONSTANT (MAXPAGESIZE), CONSTANT (COMMONPAGESIZE))

.eh_frame
 *(.eh_frame)
 *(.eh_frame.*)

.sframe
 *(.sframe)
 *(.sframe.*)

.gnu_extab
 *(.gnu_extab)

.gcc_except_table
 *(.gcc_except_table .gcc_except_table.*)

.exception_ranges
 *(.exception_ranges*)

.tdata          0xb0819000        0x0
                [!provide]                        PROVIDE (__tdata_start = .)
 *(.tdata .tdata.* .gnu.linkonce.td.*)

.tbss
 *(.tbss .tbss.* .gnu.linkonce.tb.*)
 *(.tcommon)

.preinit_array  0xb0819000        0x0
                [!provide]                        PROVIDE (__preinit_array_start = .)
 *(.preinit_array)
                [!provide]                        PROVIDE (__preinit_array_end = .)

.init_array     0xb0819000        0x0
                [!provide]                        PROVIDE (__init_array_start = .)
 *(SORT_BY_INIT_PRIORITY(.init_array.*) SORT_BY_INIT_PRIORITY(.ctors.*))
 *(.init_array EXCLUDE_FILE(*crtend?.o *crtend.o *crtbegin?.o *crtbegin.o) .ctors)
                [!provide]                        PROVIDE (__init_array_end = .)

.fini_array     0xb0819000        0x0
                [!provide]                        PROVIDE (__fini_array_start = .)
 *(SORT_BY_INIT_PRIORITY(.fini_array.*) SORT_BY_INIT_PRIORITY(.dtors.*))
 *(.fini_array EXCLUDE_FILE(*crtend?.o *crtend.o *crtbegin?.o *crtbegin.o) .dtors)
                [!provide]                        PROVIDE (__fini_array_end = .)

.ctors
 *crtbegin.o(.ctors)
 *crtbegin?.o(.ctors)
 *(EXCLUDE_FILE(*crtend?.o *crtend.o) .ctors)
 *(SORT_BY_NAME(.ctors.*))
 *(.ctors)

.dtors
 *crtbegin.o(.dtors)
 *crtbegin?.o(.dtors)
 *(EXCLUDE_FILE(*crtend?.o *crtend.o) .dtors)
 *(SORT_BY_NAME(.dtors.*))
 *(.dtors)

.jcr
 *(.jcr)

.data.rel.ro
 *(.data.rel.ro.local* .gnu.linkonce.d.rel.ro.local.*)
 *(.data.rel.ro .data.rel.ro.* .gnu.linkonce.d.rel.ro.*)

.dynamic
 *(.dynamic)

.got            0xb0819000        0x0
 *(.got)
 .got           0xb0819000        0x0 test.o
 *(.igot)
                0xb0819000                        . = DATA_SEGMENT_RELRO_END (., (SIZEOF (.got.plt) >= 0xc)?0xc:0x0)

.got.plt        0xb0819000        0x0
 *(.got.plt)
 .got.plt       0xb0819000        0x0 test.o
 *(.igot.plt)
 .igot.plt      0xb0819000        0x0 test.o

.data           0xb0819000      0xb88
 *(.data .data.* .gnu.linkonce.d.*)
 .data          0xb0819000        0x0 test.o
 .data          0xb0819000        0x0 pegasus_crt.a(kernel_main_old.o)
 .data          0xb0819000      0x600 pegasus_crt.a(keyboard.o)
                0xb0819000                keymap
 .data          0xb0819600        0x0 pegasus_crt.a(mem.o)
 .data          0xb0819600        0x0 pegasus_crt.a(exec.o)
 .data          0xb0819600        0x0 pegasus_crt.a(fork.o)
 .data          0xb0819600        0x0 pegasus_crt.a(exit.o)
 .data          0xb0819600        0x0 pegasus_crt.a(wait.o)
 .data          0xb0819600        0x0 pegasus_crt.a(read.o)
 .data          0xb0819600        0x0 pegasus_crt.a(open.o)
 .data          0xb0819600        0x0 pegasus_crt.a(write.o)
 .data          0xb0819600        0x0 pegasus_crt.a(close.o)
 .data          0xb0819600        0xf pegasus_crt.a(kernel.o)
 *fill*         0xb081960f        0x1 
 .data          0xb0819610        0x0 pegasus_crt.a(syscall.o)
 .data          0xb0819610        0x0 pegasus_crt.a(double_link_list.o)
 *fill*         0xb0819610       0x10 
 .data          0xb0819620      0x17c pegasus_crt.a(global.o)
                0xb0819620                user_task_table
                0xb08196a0                sys_task_table
                0xb0819780                sys_call_table
 .data          0xb081979c        0x0 pegasus_crt.a(protect.o)
 .data          0xb081979c        0x0 pegasus_crt.a(console.o)
 .data          0xb081979c        0x0 pegasus_crt.a(process.o)
 .data          0xb081979c        0x4 pegasus_crt.a(netdev.o)
 .data          0xb08197a0        0x4 pegasus_crt.a(task_network.o)
 .data          0xb08197a4        0x0 pegasus_crt.a(hd.o)
 .data          0xb08197a4        0x0 pegasus_crt.a(fs_main.o)
 .data          0xb08197a4        0x0 pegasus_crt.a(main.o)
 .data          0xb08197a4        0x0 pegasus_crt.a(strcmp.o)
 .data          0xb08197a4        0x0 pegasus_crt.a(perror.o)
 .data          0xb08197a4        0x0 pegasus_crt.a(sscanf.o)
 .data          0xb08197a4        0x0 pegasus_crt.a(ntohs.o)
 .data          0xb08197a4        0x0 pegasus_crt.a(htons.o)
 .data          0xb08197a4        0x0 pegasus_crt.a(inet_pton.o)
 .data          0xb08197a4        0x0 pegasus_crt.a(ntohl.o)
 .data          0xb08197a4        0x4 pegasus_crt.a(skbuff.o)
 .data          0xb08197a8        0x4 pegasus_crt.a(ip_input.o)
 .data          0xb08197ac        0x4 pegasus_crt.a(icmpv4.o)
 .data          0xb08197b0        0x8 pegasus_crt.a(tcp.o)
 .data          0xb08197b8        0x4 pegasus_crt.a(route.o)
 .data          0xb08197bc       0x14 pegasus_crt.a(arp.o)
 *fill*         0xb08197d0       0x10 
 .data          0xb08197e0       0x54 pegasus_crt.a(tcp_sock.o)
                0xb0819800                tcp_ops
 .data          0xb0819834        0xc pegasus_crt.a(ipc.o)
 .data          0xb0819840        0x4 pegasus_crt.a(ip_output.o)
 .data          0xb0819844        0x4 pegasus_crt.a(tcp_input.o)
 .data          0xb0819848        0x8 pegasus_crt.a(udp.o)
 .data          0xb0819850        0x4 pegasus_crt.a(tcp_data.o)
 .data          0xb0819854        0x4 pegasus_crt.a(utils.o)
 .data          0xb0819858        0x0 pegasus_crt.a(forkexit.o)
 .data          0xb0819858        0x0 pegasus_crt.a(exec.o)
 .data          0xb0819858        0x0 pegasus_crt.a(alloca.o)
 .data          0xb0819858        0x0 pegasus_crt.a(calloc.o)
 .data          0xb0819858        0x0 pegasus_crt.a(atoi.o)
 .data          0xb0819858        0x0 pegasus_crt.a(strtol.o)
 .data          0xb0819858        0x0 pegasus_crt.a(strtok.o)
 .data          0xb0819858        0x0 pegasus_crt.a(strpbrk.o)
 .data          0xb0819858        0x0 pegasus_crt.a(htonl.o)
 .data          0xb0819858        0x0 pegasus_crt.a(my_process.o)
 *fill*         0xb0819858        0x8 
 .data          0xb0819860      0x224 pegasus_crt.a(socket.o)
 *fill*         0xb0819a84       0x1c 
 .data          0xb0819aa0       0x54 pegasus_crt.a(udp_sock.o)
                0xb0819ac0                udp_ops
 .data          0xb0819af4        0x4 pegasus_crt.a(dst.o)
 *fill*         0xb0819af8        0x8 
 .data          0xb0819b00       0x80 pegasus_crt.a(inet.o)
                0xb0819b08                inet
 .data          0xb0819b80        0x4 pegasus_crt.a(sock.o)
 .data          0xb0819b84        0x4 pegasus_crt.a(tcp_output.o)
 .data          0xb0819b88        0x0 pegasus_crt.a(thread.o)

.data1
 *(.data1)
                0xb0819b88                        _edata = .
                [!provide]                        PROVIDE (edata = .)
                0xb0819b88                        . = .
                0xb0819b88                        __bss_start = .

.bss            0xb0819ba0    0xa5088
 *(.dynbss)
 *(.bss .bss.* .gnu.linkonce.b.*)
 .bss           0xb0819ba0        0x0 test.o
 .bss           0xb0819ba0        0x0 pegasus_crt.a(kernel_main_old.o)
 .bss           0xb0819ba0        0x0 pegasus_crt.a(keyboard.o)
 .bss           0xb0819ba0        0x0 pegasus_crt.a(mem.o)
 .bss           0xb0819ba0        0x0 pegasus_crt.a(exec.o)
 .bss           0xb0819ba0        0x0 pegasus_crt.a(fork.o)
 .bss           0xb0819ba0        0x0 pegasus_crt.a(exit.o)
 .bss           0xb0819ba0        0x0 pegasus_crt.a(wait.o)
 .bss           0xb0819ba0        0x0 pegasus_crt.a(read.o)
 .bss           0xb0819ba0        0x0 pegasus_crt.a(open.o)
 .bss           0xb0819ba0        0x0 pegasus_crt.a(write.o)
 .bss           0xb0819ba0        0x0 pegasus_crt.a(close.o)
 .bss           0xb0819ba0      0x800 pegasus_crt.a(kernel.o)
 .bss           0xb081a3a0        0x0 pegasus_crt.a(double_link_list.o)
 .bss           0xb081a3a0        0x0 pegasus_crt.a(global.o)
 .bss           0xb081a3a0        0x0 pegasus_crt.a(protect.o)
 .bss           0xb081a3a0        0x0 pegasus_crt.a(console.o)
 .bss           0xb081a3a0        0x0 pegasus_crt.a(process.o)
 .bss           0xb081a3a0        0x0 pegasus_crt.a(netdev.o)
 .bss           0xb081a3a0        0x0 pegasus_crt.a(task_network.o)
 .bss           0xb081a3a0        0x0 pegasus_crt.a(hd.o)
 .bss           0xb081a3a0        0x4 pegasus_crt.a(fs_main.o)
                0xb081a3a0                c
 .bss           0xb081a3a4        0x0 pegasus_crt.a(main.o)
 .bss           0xb081a3a4        0x0 pegasus_crt.a(strcmp.o)
 .bss           0xb081a3a4        0x0 pegasus_crt.a(perror.o)
 .bss           0xb081a3a4        0x0 pegasus_crt.a(sscanf.o)
 .bss           0xb081a3a4        0x0 pegasus_crt.a(ntohs.o)
 .bss           0xb081a3a4        0x0 pegasus_crt.a(htons.o)
 .bss           0xb081a3a4        0x0 pegasus_crt.a(inet_pton.o)
 .bss           0xb081a3a4        0x0 pegasus_crt.a(ntohl.o)
 .bss           0xb081a3a4        0x0 pegasus_crt.a(skbuff.o)
 .bss           0xb081a3a4        0x0 pegasus_crt.a(ip_input.o)
 .bss           0xb081a3a4        0x0 pegasus_crt.a(icmpv4.o)
 .bss           0xb081a3a4        0x0 pegasus_crt.a(tcp.o)
 .bss           0xb081a3a4        0x0 pegasus_crt.a(route.o)
 .bss           0xb081a3a4        0x0 pegasus_crt.a(arp.o)
 .bss           0xb081a3a4        0x0 pegasus_crt.a(tcp_sock.o)
 .bss           0xb081a3a4        0x4 pegasus_crt.a(ipc.o)
 .bss           0xb081a3a8        0x0 pegasus_crt.a(ip_output.o)
 .bss           0xb081a3a8        0x0 pegasus_crt.a(tcp_input.o)
 .bss           0xb081a3a8        0x0 pegasus_crt.a(udp.o)
 .bss           0xb081a3a8        0x0 pegasus_crt.a(tcp_data.o)
 .bss           0xb081a3a8        0x0 pegasus_crt.a(utils.o)
 .bss           0xb081a3a8        0x0 pegasus_crt.a(forkexit.o)
 .bss           0xb081a3a8        0x0 pegasus_crt.a(exec.o)
 .bss           0xb081a3a8        0x0 pegasus_crt.a(alloca.o)
 .bss           0xb081a3a8        0x0 pegasus_crt.a(calloc.o)
 .bss           0xb081a3a8        0x0 pegasus_crt.a(atoi.o)
 .bss           0xb081a3a8        0x0 pegasus_crt.a(strtol.o)
 .bss           0xb081a3a8        0x4 pegasus_crt.a(strtok.o)
 .bss           0xb081a3ac        0x0 pegasus_crt.a(strpbrk.o)
 .bss           0xb081a3ac        0x0 pegasus_crt.a(htonl.o)
 .bss           0xb081a3ac        0x0 pegasus_crt.a(my_process.o)
 .bss           0xb081a3ac        0x4 pegasus_crt.a(socket.o)
 .bss           0xb081a3b0        0x4 pegasus_crt.a(udp_sock.o)
 .bss           0xb081a3b4        0x0 pegasus_crt.a(dst.o)
 .bss           0xb081a3b4        0x0 pegasus_crt.a(inet.o)
 .bss           0xb081a3b4        0x0 pegasus_crt.a(sock.o)
 .bss           0xb081a3b4        0x0 pegasus_crt.a(tcp_output.o)
 .bss           0xb081a3b4        0x0 pegasus_crt.a(thread.o)
 *(COMMON)
 *fill*         0xb081a3b4        0xc 
 COMMON         0xb081a3c0     0x17b8 pegasus_crt.a(kernel_main_old.o)
                0xb081a3c0                current_tty
                0xb081a3c4                is_e0
                0xb081a3c8                idt_ptr
                0xb081a3d0                pid
                0xb081a3d4                KernelVirtualMemory
                0xb081a3e0                loop
                0xb081a3e4                current_dis_pos
                0xb081a3e8                dis_pos
                0xb081a3ec                netdev
                0xb081a3f0                k_reenter
                0xb081a400                gdt
                0xb081a800                proc_ready_table
                0xb081a804                test_ticks
                0xb081a808                pcaller
                0xb081a820                keyboard_buffer
                0xb081aa2c                pcb_list
                0xb081aa3c                gdt_index
                0xb081aa40                tty_table
                0xb081b280                tss
                0xb081b2ec                KernelPool
                0xb081b2fc                net_buf
                0xb081b300                nic_current_page
                0xb081b304                counter
                0xb081b308                key_pressed
                0xb081b30c                fork_pid
                0xb081b310                is_shift
                0xb081b311                net_data
                0xb081b314                routes
                0xb081b318                gdt_ptr
                0xb081b320                idt
                0xb081bb20                main_thread
                0xb081bb28                ticks
                0xb081bb30                is_init
                0xb081bb34                UserPool
                0xb081bb44                all_pcb_list
                0xb081bb54                console_table
                0xb081bb64                is_disp
                0xb081bb68                MAIN_THREAD_PAGE_DIRECTORY
                0xb081bb6c                helloStr
 *fill*         0xb081bb78        0x8 
 COMMON         0xb081bb80       0xa8 pegasus_crt.a(mem.o)
                0xb081bb80                kernel_mem_block_decs_array
 *fill*         0xb081bc28       0x18 
 COMMON         0xb081bc40    0xa1d40 pegasus_crt.a(global.o)
                0xb081bc40                proc_stack
                0xb08bbc40                proc_table
 COMMON         0xb08bd980      0x440 pegasus_crt.a(hd.o)
                0xb08bd980                hd_info
                0xb08bdbc0                hd_cache
 COMMON         0xb08bddc0      0xe68 pegasus_crt.a(fs_main.o)
                0xb08bddc0                file_desc_table
                0xb08be1c0                phy_super_block_buf
                0xb08be1c4                phy_fsbuf
                0xb08be1e0                inode_table
                0xb08bebe0                super_block_buf
                0xb08bebe4                fsbuf
                0xb08bec00                root
                0xb08bec28                        . = ALIGN ((. != 0x0)?0x4:0x1)
                0xb08bec28                        . = ALIGN (0x4)
                0xb08bec28                        . = SEGMENT_START ("ldata-segment", .)
                0xb08bec28                        . = ALIGN (0x4)
                0xb08bec28                        _end = .
                [!provide]                        PROVIDE (end = .)
                0xb08bec28                        . = DATA_SEGMENT_END (.)

.stab
 *(.stab)

.stabstr
 *(.stabstr)

.stab.excl
 *(.stab.excl)

.stab.exclstr
 *(.stab.exclstr)

.stab.index
 *(.stab.index)

.stab.indexstr
 *(.stab.indexstr)

.comment        0x00000000       0x2c
 *(.comment)
 .comment       0x00000000       0x2c test.o
                                 0x2d (size before relaxing)
 .comment       0x0000002c       0x2d pegasus_crt.a(kernel_main_old.o)
 .comment       0x0000002c       0x2d pegasus_crt.a(keyboard.o)
 .comment       0x0000002c       0x2d pegasus_crt.a(mem.o)
 .comment       0x0000002c       0x2d pegasus_crt.a(exec.o)
 .comment       0x0000002c       0x2d pegasus_crt.a(fork.o)
 .comment       0x0000002c       0x2d pegasus_crt.a(exit.o)
 .comment       0x0000002c       0x2d pegasus_crt.a(wait.o)
 .comment       0x0000002c       0x2d pegasus_crt.a(read.o)
 .comment       0x0000002c       0x2d pegasus_crt.a(open.o)
 .comment       0x0000002c       0x2d pegasus_crt.a(write.o)
 .comment       0x0000002c       0x2d pegasus_crt.a(close.o)
 .comment       0x0000002c       0x2d pegasus_crt.a(double_link_list.o)
 .comment       0x0000002c       0x2d pegasus_crt.a(global.o)
 .comment       0x0000002c       0x2d pegasus_crt.a(protect.o)
 .comment       0x0000002c       0x2d pegasus_crt.a(console.o)
 .comment       0x0000002c       0x2d pegasus_crt.a(process.o)
 .comment       0x0000002c       0x2d pegasus_crt.a(netdev.o)
 .comment       0x0000002c       0x2d pegasus_crt.a(task_network.o)
 .comment       0x0000002c       0x2d pegasus_crt.a(hd.o)
 .comment       0x0000002c       0x2d pegasus_crt.a(fs_main.o)
 .comment       0x0000002c       0x2d pegasus_crt.a(main.o)
 .comment       0x0000002c       0x2d pegasus_crt.a(strcmp.o)
 .comment       0x0000002c       0x2d pegasus_crt.a(perror.o)
 .comment       0x0000002c       0x2d pegasus_crt.a(sscanf.o)
 .comment       0x0000002c       0x2d pegasus_crt.a(ntohs.o)
 .comment       0x0000002c       0x2d pegasus_crt.a(htons.o)
 .comment       0x0000002c       0x2d pegasus_crt.a(inet_pton.o)
 .comment       0x0000002c       0x2d pegasus_crt.a(ntohl.o)
 .comment       0x0000002c       0x2d pegasus_crt.a(skbuff.o)
 .comment       0x0000002c       0x2d pegasus_crt.a(ip_input.o)
 .comment       0x0000002c       0x2d pegasus_crt.a(icmpv4.o)
 .comment       0x0000002c       0x2d pegasus_crt.a(tcp.o)
 .comment       0x0000002c       0x2d pegasus_crt.a(route.o)
 .comment       0x0000002c       0x2d pegasus_crt.a(arp.o)
 .comment       0x0000002c       0x2d pegasus_crt.a(tcp_sock.o)
 .comment       0x0000002c       0x2d pegasus_crt.a(ipc.o)
 .comment       0x0000002c       0x2d pegasus_crt.a(ip_output.o)
 .comment       0x0000002c       0x2d pegasus_crt.a(tcp_input.o)
 .comment       0x0000002c       0x2d pegasus_crt.a(udp.o)
 .comment       0x0000002c       0x2d pegasus_crt.a(tcp_data.o)
 .comment       0x0000002c       0x2d pegasus_crt.a(utils.o)
 .comment       0x0000002c       0x2d pegasus_crt.a(forkexit.o)
 .comment       0x0000002c       0x2d pegasus_crt.a(exec.o)
 .comment       0x0000002c       0x2d pegasus_crt.a(alloca.o)
 .comment       0x0000002c       0x2d pegasus_crt.a(calloc.o)
 .comment       0x0000002c       0x2d pegasus_crt.a(atoi.o)
 .comment       0x0000002c       0x2d pegasus_crt.a(strtol.o)
 .comment       0x0000002c       0x2d pegasus_crt.a(strtok.o)
 .comment       0x0000002c       0x2d pegasus_crt.a(strpbrk.o)
 .comment       0x0000002c       0x2d pegasus_crt.a(htonl.o)
 .comment       0x0000002c       0x2d pegasus_crt.a(my_process.o)
 .comment       0x0000002c       0x2d pegasus_crt.a(socket.o)
 .comment       0x0000002c       0x2d pegasus_crt.a(udp_sock.o)
 .comment       0x0000002c       0x2d pegasus_crt.a(dst.o)
 .comment       0x0000002c       0x2d pegasus_crt.a(inet.o)
 .comment       0x0000002c       0x2d pegasus_crt.a(sock.o)
 .comment       0x0000002c       0x2d pegasus_crt.a(tcp_output.o)
 .comment       0x0000002c       0x2d pegasus_crt.a(thread.o)

.gnu.build.attributes
 *(.gnu.build.attributes .gnu.build.attributes.*)

.debug
 *(.debug)

.line
 *(.line)

.debug_srcinfo
 *(.debug_srcinfo)

.debug_sfnames
 *(.debug_sfnames)

.debug_aranges  0x00000000      0x738
 *(.debug_aranges)
 .debug_aranges
                0x00000000       0x20 pegasus_crt.a(kernel_main_old.o)
 .debug_aranges
                0x00000020       0x20 pegasus_crt.a(keyboard.o)
 .debug_aranges
                0x00000040       0x20 pegasus_crt.a(mem.o)
 .debug_aranges
                0x00000060       0x20 pegasus_crt.a(exec.o)
 .debug_aranges
                0x00000080       0x20 pegasus_crt.a(fork.o)
 .debug_aranges
                0x000000a0       0x20 pegasus_crt.a(exit.o)
 .debug_aranges
                0x000000c0       0x20 pegasus_crt.a(wait.o)
 .debug_aranges
                0x000000e0       0x20 pegasus_crt.a(read.o)
 .debug_aranges
                0x00000100       0x20 pegasus_crt.a(open.o)
 .debug_aranges
                0x00000120       0x20 pegasus_crt.a(write.o)
 .debug_aranges
                0x00000140       0x20 pegasus_crt.a(close.o)
 .debug_aranges
                0x00000160       0x20 pegasus_crt.a(double_link_list.o)
 .debug_aranges
                0x00000180       0x18 pegasus_crt.a(global.o)
 .debug_aranges
                0x00000198       0x20 pegasus_crt.a(protect.o)
 .debug_aranges
                0x000001b8       0x20 pegasus_crt.a(console.o)
 .debug_aranges
                0x000001d8       0x20 pegasus_crt.a(process.o)
 .debug_aranges
                0x000001f8       0x20 pegasus_crt.a(netdev.o)
 .debug_aranges
                0x00000218       0x20 pegasus_crt.a(task_network.o)
 .debug_aranges
                0x00000238       0x20 pegasus_crt.a(hd.o)
 .debug_aranges
                0x00000258       0x20 pegasus_crt.a(fs_main.o)
 .debug_aranges
                0x00000278       0x20 pegasus_crt.a(main.o)
 .debug_aranges
                0x00000298       0x20 pegasus_crt.a(strcmp.o)
 .debug_aranges
                0x000002b8       0x20 pegasus_crt.a(perror.o)
 .debug_aranges
                0x000002d8       0x20 pegasus_crt.a(sscanf.o)
 .debug_aranges
                0x000002f8       0x20 pegasus_crt.a(ntohs.o)
 .debug_aranges
                0x00000318       0x20 pegasus_crt.a(htons.o)
 .debug_aranges
                0x00000338       0x20 pegasus_crt.a(inet_pton.o)
 .debug_aranges
                0x00000358       0x20 pegasus_crt.a(ntohl.o)
 .debug_aranges
                0x00000378       0x20 pegasus_crt.a(skbuff.o)
 .debug_aranges
                0x00000398       0x20 pegasus_crt.a(ip_input.o)
 .debug_aranges
                0x000003b8       0x20 pegasus_crt.a(icmpv4.o)
 .debug_aranges
                0x000003d8       0x20 pegasus_crt.a(tcp.o)
 .debug_aranges
                0x000003f8       0x20 pegasus_crt.a(route.o)
 .debug_aranges
                0x00000418       0x20 pegasus_crt.a(arp.o)
 .debug_aranges
                0x00000438       0x20 pegasus_crt.a(tcp_sock.o)
 .debug_aranges
                0x00000458       0x20 pegasus_crt.a(ipc.o)
 .debug_aranges
                0x00000478       0x20 pegasus_crt.a(ip_output.o)
 .debug_aranges
                0x00000498       0x20 pegasus_crt.a(tcp_input.o)
 .debug_aranges
                0x000004b8       0x20 pegasus_crt.a(udp.o)
 .debug_aranges
                0x000004d8       0x20 pegasus_crt.a(tcp_data.o)
 .debug_aranges
                0x000004f8       0x20 pegasus_crt.a(utils.o)
 .debug_aranges
                0x00000518       0x20 pegasus_crt.a(forkexit.o)
 .debug_aranges
                0x00000538       0x20 pegasus_crt.a(exec.o)
 .debug_aranges
                0x00000558       0x20 pegasus_crt.a(alloca.o)
 .debug_aranges
                0x00000578       0x20 pegasus_crt.a(calloc.o)
 .debug_aranges
                0x00000598       0x20 pegasus_crt.a(atoi.o)
 .debug_aranges
                0x000005b8       0x20 pegasus_crt.a(strtol.o)
 .debug_aranges
                0x000005d8       0x20 pegasus_crt.a(strtok.o)
 .debug_aranges
                0x000005f8       0x20 pegasus_crt.a(strpbrk.o)
 .debug_aranges
                0x00000618       0x20 pegasus_crt.a(htonl.o)
 .debug_aranges
                0x00000638       0x20 pegasus_crt.a(my_process.o)
 .debug_aranges
                0x00000658       0x20 pegasus_crt.a(socket.o)
 .debug_aranges
                0x00000678       0x20 pegasus_crt.a(udp_sock.o)
 .debug_aranges
                0x00000698       0x20 pegasus_crt.a(dst.o)
 .debug_aranges
                0x000006b8       0x20 pegasus_crt.a(inet.o)
 .debug_aranges
                0x000006d8       0x20 pegasus_crt.a(sock.o)
 .debug_aranges
                0x000006f8       0x20 pegasus_crt.a(tcp_output.o)
 .debug_aranges
                0x00000718       0x20 pegasus_crt.a(thread.o)

.debug_pubnames
 *(.debug_pubnames)

.debug_info     0x00000000    0x3dd6c
 *(.debug_info .gnu.linkonce.wi.*)
 .debug_info    0x00000000     0x28d0 pegasus_crt.a(kernel_main_old.o)
 .debug_info    0x000028d0     0x104d pegasus_crt.a(keyboard.o)
 .debug_info    0x0000391d     0x1dcd pegasus_crt.a(mem.o)
 .debug_info    0x000056ea      0xfaf pegasus_crt.a(exec.o)
 .debug_info    0x00006699      0xe17 pegasus_crt.a(fork.o)
 .debug_info    0x000074b0      0xe22 pegasus_crt.a(exit.o)
 .debug_info    0x000082d2      0xe30 pegasus_crt.a(wait.o)
 .debug_info    0x00009102      0xea1 pegasus_crt.a(read.o)
 .debug_info    0x00009fa3      0xe02 pegasus_crt.a(open.o)
 .debug_info    0x0000ada5      0xe9e pegasus_crt.a(write.o)
 .debug_info    0x0000bc43      0xdb6 pegasus_crt.a(close.o)
 .debug_info    0x0000c9f9     0x10b1 pegasus_crt.a(double_link_list.o)
 .debug_info    0x0000daaa      0xef9 pegasus_crt.a(global.o)
 .debug_info    0x0000e9a3     0x1224 pegasus_crt.a(protect.o)
 .debug_info    0x0000fbc7     0x12f9 pegasus_crt.a(console.o)
 .debug_info    0x00010ec0      0xfd1 pegasus_crt.a(process.o)
 .debug_info    0x00011e91     0x1948 pegasus_crt.a(netdev.o)
 .debug_info    0x000137d9     0x112b pegasus_crt.a(task_network.o)
 .debug_info    0x00014904     0x1868 pegasus_crt.a(hd.o)
 .debug_info    0x0001616c     0x1faa pegasus_crt.a(fs_main.o)
 .debug_info    0x00018116      0xe3b pegasus_crt.a(main.o)
 .debug_info    0x00018f51       0xc1 pegasus_crt.a(strcmp.o)
 .debug_info    0x00019012       0x5c pegasus_crt.a(perror.o)
 .debug_info    0x0001906e      0x202 pegasus_crt.a(sscanf.o)
 .debug_info    0x00019270       0xa8 pegasus_crt.a(ntohs.o)
 .debug_info    0x00019318       0xa8 pegasus_crt.a(htons.o)
 .debug_info    0x000193c0      0x260 pegasus_crt.a(inet_pton.o)
 .debug_info    0x00019620       0xcb pegasus_crt.a(ntohl.o)
 .debug_info    0x000196eb     0x11cc pegasus_crt.a(skbuff.o)
 .debug_info    0x0001a8b7     0x1ae1 pegasus_crt.a(ip_input.o)
 .debug_info    0x0001c398     0x193f pegasus_crt.a(icmpv4.o)
 .debug_info    0x0001dcd7     0x1e44 pegasus_crt.a(tcp.o)
 .debug_info    0x0001fb1b     0x1390 pegasus_crt.a(route.o)
 .debug_info    0x00020eab     0x199d pegasus_crt.a(arp.o)
 .debug_info    0x00022848     0x2235 pegasus_crt.a(tcp_sock.o)
 .debug_info    0x00024a7d     0x1d7c pegasus_crt.a(ipc.o)
 .debug_info    0x000267f9     0x177b pegasus_crt.a(ip_output.o)
 .debug_info    0x00027f74     0x2147 pegasus_crt.a(tcp_input.o)
 .debug_info    0x0002a0bb     0x1b44 pegasus_crt.a(udp.o)
 .debug_info    0x0002bbff     0x1dad pegasus_crt.a(tcp_data.o)
 .debug_info    0x0002d9ac      0x367 pegasus_crt.a(utils.o)
 .debug_info    0x0002dd13     0x100d pegasus_crt.a(forkexit.o)
 .debug_info    0x0002ed20     0x1249 pegasus_crt.a(exec.o)
 .debug_info    0x0002ff69       0xb6 pegasus_crt.a(alloca.o)
 .debug_info    0x0003001f      0xf28 pegasus_crt.a(calloc.o)
 .debug_info    0x00030f47       0xc9 pegasus_crt.a(atoi.o)
 .debug_info    0x00031010       0xd6 pegasus_crt.a(strtol.o)
 .debug_info    0x000310e6       0xae pegasus_crt.a(strtok.o)
 .debug_info    0x00031194       0xcf pegasus_crt.a(strpbrk.o)
 .debug_info    0x00031263       0xcb pegasus_crt.a(htonl.o)
 .debug_info    0x0003132e     0x150c pegasus_crt.a(my_process.o)
 .debug_info    0x0003283a     0x1c35 pegasus_crt.a(socket.o)
 .debug_info    0x0003446f     0x1f13 pegasus_crt.a(udp_sock.o)
 .debug_info    0x00036382     0x1283 pegasus_crt.a(dst.o)
 .debug_info    0x00037605     0x1a9a pegasus_crt.a(inet.o)
 .debug_info    0x0003909f     0x1896 pegasus_crt.a(sock.o)
 .debug_info    0x0003a935     0x235f pegasus_crt.a(tcp_output.o)
 .debug_info    0x0003cc94     0x10d8 pegasus_crt.a(thread.o)

.debug_abbrev   0x00000000     0x7511
 *(.debug_abbrev)
 .debug_abbrev  0x00000000      0x43a pegasus_crt.a(kernel_main_old.o)
 .debug_abbrev  0x0000043a      0x1fb pegasus_crt.a(keyboard.o)
 .debug_abbrev  0x00000635      0x330 pegasus_crt.a(mem.o)
 .debug_abbrev  0x00000965      0x1e8 pegasus_crt.a(exec.o)
 .debug_abbrev  0x00000b4d      0x18a pegasus_crt.a(fork.o)
 .debug_abbrev  0x00000cd7      0x19b pegasus_crt.a(exit.o)
 .debug_abbrev  0x00000e72      0x19f pegasus_crt.a(wait.o)
 .debug_abbrev  0x00001011      0x1ef pegasus_crt.a(read.o)
 .debug_abbrev  0x00001200      0x1c5 pegasus_crt.a(open.o)
 .debug_abbrev  0x000013c5      0x1db pegasus_crt.a(write.o)
 .debug_abbrev  0x000015a0      0x19d pegasus_crt.a(close.o)
 .debug_abbrev  0x0000173d      0x216 pegasus_crt.a(double_link_list.o)
 .debug_abbrev  0x00001953      0x157 pegasus_crt.a(global.o)
 .debug_abbrev  0x00001aaa      0x227 pegasus_crt.a(protect.o)
 .debug_abbrev  0x00001cd1      0x2ac pegasus_crt.a(console.o)
 .debug_abbrev  0x00001f7d      0x1e0 pegasus_crt.a(process.o)
 .debug_abbrev  0x0000215d      0x336 pegasus_crt.a(netdev.o)
 .debug_abbrev  0x00002493      0x1cf pegasus_crt.a(task_network.o)
 .debug_abbrev  0x00002662      0x2e3 pegasus_crt.a(hd.o)
 .debug_abbrev  0x00002945      0x2f8 pegasus_crt.a(fs_main.o)
 .debug_abbrev  0x00002c3d      0x208 pegasus_crt.a(main.o)
 .debug_abbrev  0x00002e45       0x94 pegasus_crt.a(strcmp.o)
 .debug_abbrev  0x00002ed9       0x5c pegasus_crt.a(perror.o)
 .debug_abbrev  0x00002f35       0xca pegasus_crt.a(sscanf.o)
 .debug_abbrev  0x00002fff       0x6c pegasus_crt.a(ntohs.o)
 .debug_abbrev  0x0000306b       0x6c pegasus_crt.a(htons.o)
 .debug_abbrev  0x000030d7      0x116 pegasus_crt.a(inet_pton.o)
 .debug_abbrev  0x000031ed       0xa5 pegasus_crt.a(ntohl.o)
 .debug_abbrev  0x00003292      0x23f pegasus_crt.a(skbuff.o)
 .debug_abbrev  0x000034d1      0x2d1 pegasus_crt.a(ip_input.o)
 .debug_abbrev  0x000037a2      0x236 pegasus_crt.a(icmpv4.o)
 .debug_abbrev  0x000039d8      0x332 pegasus_crt.a(tcp.o)
 .debug_abbrev  0x00003d0a      0x263 pegasus_crt.a(route.o)
 .debug_abbrev  0x00003f6d      0x345 pegasus_crt.a(arp.o)
 .debug_abbrev  0x000042b2      0x3e6 pegasus_crt.a(tcp_sock.o)
 .debug_abbrev  0x00004698      0x311 pegasus_crt.a(ipc.o)
 .debug_abbrev  0x000049a9      0x213 pegasus_crt.a(ip_output.o)
 .debug_abbrev  0x00004bbc      0x355 pegasus_crt.a(tcp_input.o)
 .debug_abbrev  0x00004f11      0x2d3 pegasus_crt.a(udp.o)
 .debug_abbrev  0x000051e4      0x2a6 pegasus_crt.a(tcp_data.o)
 .debug_abbrev  0x0000548a      0x17a pegasus_crt.a(utils.o)
 .debug_abbrev  0x00005604      0x204 pegasus_crt.a(forkexit.o)
 .debug_abbrev  0x00005808      0x1c4 pegasus_crt.a(exec.o)
 .debug_abbrev  0x000059cc       0xcd pegasus_crt.a(alloca.o)
 .debug_abbrev  0x00005a99      0x191 pegasus_crt.a(calloc.o)
 .debug_abbrev  0x00005c2a       0x94 pegasus_crt.a(atoi.o)
 .debug_abbrev  0x00005cbe       0x8b pegasus_crt.a(strtol.o)
 .debug_abbrev  0x00005d49       0x91 pegasus_crt.a(strtok.o)
 .debug_abbrev  0x00005dda       0xa5 pegasus_crt.a(strpbrk.o)
 .debug_abbrev  0x00005e7f       0xa5 pegasus_crt.a(htonl.o)
 .debug_abbrev  0x00005f24      0x260 pegasus_crt.a(my_process.o)
 .debug_abbrev  0x00006184      0x327 pegasus_crt.a(socket.o)
 .debug_abbrev  0x000064ab      0x3b1 pegasus_crt.a(udp_sock.o)
 .debug_abbrev  0x0000685c      0x23a pegasus_crt.a(dst.o)
 .debug_abbrev  0x00006a96      0x24b pegasus_crt.a(inet.o)
 .debug_abbrev  0x00006ce1      0x273 pegasus_crt.a(sock.o)
 .debug_abbrev  0x00006f54      0x39b pegasus_crt.a(tcp_output.o)
 .debug_abbrev  0x000072ef      0x222 pegasus_crt.a(thread.o)

.debug_line     0x00000000     0x9d23
 *(.debug_line .debug_line.* .debug_line_end)
 .debug_line    0x00000000      0xe5a pegasus_crt.a(kernel_main_old.o)
 .debug_line    0x00000e5a      0x2b4 pegasus_crt.a(keyboard.o)
 .debug_line    0x0000110e      0x78e pegasus_crt.a(mem.o)
 .debug_line    0x0000189c      0x1a9 pegasus_crt.a(exec.o)
 .debug_line    0x00001a45       0xc3 pegasus_crt.a(fork.o)
 .debug_line    0x00001b08       0xbe pegasus_crt.a(exit.o)
 .debug_line    0x00001bc6       0xd5 pegasus_crt.a(wait.o)
 .debug_line    0x00001c9b      0x15b pegasus_crt.a(read.o)
 .debug_line    0x00001df6       0xc3 pegasus_crt.a(open.o)
 .debug_line    0x00001eb9       0xe0 pegasus_crt.a(write.o)
 .debug_line    0x00001f99       0xb3 pegasus_crt.a(close.o)
 .debug_line    0x0000204c      0x235 pegasus_crt.a(double_link_list.o)
 .debug_line    0x00002281       0xb3 pegasus_crt.a(global.o)
 .debug_line    0x00002334      0x21d pegasus_crt.a(protect.o)
 .debug_line    0x00002551      0x56c pegasus_crt.a(console.o)
 .debug_line    0x00002abd      0x1d8 pegasus_crt.a(process.o)
 .debug_line    0x00002c95      0x4b5 pegasus_crt.a(netdev.o)
 .debug_line    0x0000314a      0x200 pegasus_crt.a(task_network.o)
 .debug_line    0x0000334a      0x64d pegasus_crt.a(hd.o)
 .debug_line    0x00003997      0xc43 pegasus_crt.a(fs_main.o)
 .debug_line    0x000045da      0x10a pegasus_crt.a(main.o)
 .debug_line    0x000046e4       0x9c pegasus_crt.a(strcmp.o)
 .debug_line    0x00004780       0x48 pegasus_crt.a(perror.o)
 .debug_line    0x000047c8      0x220 pegasus_crt.a(sscanf.o)
 .debug_line    0x000049e8       0x6c pegasus_crt.a(ntohs.o)
 .debug_line    0x00004a54       0x6c pegasus_crt.a(htons.o)
 .debug_line    0x00004ac0      0x167 pegasus_crt.a(inet_pton.o)
 .debug_line    0x00004c27       0xc1 pegasus_crt.a(ntohl.o)
 .debug_line    0x00004ce8      0x1ab pegasus_crt.a(skbuff.o)
 .debug_line    0x00004e93      0x28e pegasus_crt.a(ip_input.o)
 .debug_line    0x00005121      0x232 pegasus_crt.a(icmpv4.o)
 .debug_line    0x00005353      0x30d pegasus_crt.a(tcp.o)
 .debug_line    0x00005660      0x2a9 pegasus_crt.a(route.o)
 .debug_line    0x00005909      0x565 pegasus_crt.a(arp.o)
 .debug_line    0x00005e6e      0x597 pegasus_crt.a(tcp_sock.o)
 .debug_line    0x00006405      0x60d pegasus_crt.a(ipc.o)
 .debug_line    0x00006a12      0x20b pegasus_crt.a(ip_output.o)
 .debug_line    0x00006c1d      0x671 pegasus_crt.a(tcp_input.o)
 .debug_line    0x0000728e      0x302 pegasus_crt.a(udp.o)
 .debug_line    0x00007590      0x3ff pegasus_crt.a(tcp_data.o)
 .debug_line    0x0000798f      0x13c pegasus_crt.a(utils.o)
 .debug_line    0x00007acb      0x192 pegasus_crt.a(forkexit.o)
 .debug_line    0x00007c5d      0x22a pegasus_crt.a(exec.o)
 .debug_line    0x00007e87       0x5f pegasus_crt.a(alloca.o)
 .debug_line    0x00007ee6       0xf9 pegasus_crt.a(calloc.o)
 .debug_line    0x00007fdf       0xad pegasus_crt.a(atoi.o)
 .debug_line    0x0000808c       0xbb pegasus_crt.a(strtol.o)
 .debug_line    0x00008147       0x6e pegasus_crt.a(strtok.o)
 .debug_line    0x000081b5       0xb0 pegasus_crt.a(strpbrk.o)
 .debug_line    0x00008265       0xc1 pegasus_crt.a(htonl.o)
 .debug_line    0x00008326      0x359 pegasus_crt.a(my_process.o)
 .debug_line    0x0000867f      0x3c8 pegasus_crt.a(socket.o)
 .debug_line    0x00008a47      0x4c8 pegasus_crt.a(udp_sock.o)
 .debug_line    0x00008f0f      0x1b2 pegasus_crt.a(dst.o)
 .debug_line    0x000090c1      0x326 pegasus_crt.a(inet.o)
 .debug_line    0x000093e7      0x238 pegasus_crt.a(sock.o)
 .debug_line    0x0000961f      0x5a1 pegasus_crt.a(tcp_output.o)
 .debug_line    0x00009bc0      0x163 pegasus_crt.a(thread.o)

.debug_frame
 *(.debug_frame)

.debug_str      0x00000000     0x36cf
 *(.debug_str)
 .debug_str     0x00000000     0x36cf pegasus_crt.a(kernel_main_old.o)
                                0xba3 (size before relaxing)
 .debug_str     0x000036cf      0x6b4 pegasus_crt.a(keyboard.o)
 .debug_str     0x000036cf      0xad6 pegasus_crt.a(mem.o)
 .debug_str     0x000036cf      0x644 pegasus_crt.a(exec.o)
 .debug_str     0x000036cf      0x5b6 pegasus_crt.a(fork.o)
 .debug_str     0x000036cf      0x5bd pegasus_crt.a(exit.o)
 .debug_str     0x000036cf      0x5bd pegasus_crt.a(wait.o)
 .debug_str     0x000036cf      0x617 pegasus_crt.a(read.o)
 .debug_str     0x000036cf      0x5de pegasus_crt.a(open.o)
 .debug_str     0x000036cf      0x5f3 pegasus_crt.a(write.o)
 .debug_str     0x000036cf      0x5a6 pegasus_crt.a(close.o)
 .debug_str     0x000036cf      0x6fa pegasus_crt.a(double_link_list.o)
 .debug_str     0x000036cf      0x628 pegasus_crt.a(global.o)
 .debug_str     0x000036cf      0x783 pegasus_crt.a(protect.o)
 .debug_str     0x000036cf      0x777 pegasus_crt.a(console.o)
 .debug_str     0x000036cf      0x662 pegasus_crt.a(process.o)
 .debug_str     0x000036cf      0x92f pegasus_crt.a(netdev.o)
 .debug_str     0x000036cf      0x6d7 pegasus_crt.a(task_network.o)
 .debug_str     0x000036cf      0x931 pegasus_crt.a(hd.o)
 .debug_str     0x000036cf      0xb12 pegasus_crt.a(fs_main.o)
 .debug_str     0x000036cf      0x5b0 pegasus_crt.a(main.o)
 .debug_str     0x000036cf       0xb1 pegasus_crt.a(strcmp.o)
 .debug_str     0x000036cf       0x99 pegasus_crt.a(perror.o)
 .debug_str     0x000036cf      0x109 pegasus_crt.a(sscanf.o)
 .debug_str     0x000036cf      0x101 pegasus_crt.a(ntohs.o)
 .debug_str     0x000036cf      0x102 pegasus_crt.a(htons.o)
 .debug_str     0x000036cf      0x14c pegasus_crt.a(inet_pton.o)
 .debug_str     0x000036cf       0xf3 pegasus_crt.a(ntohl.o)
 .debug_str     0x000036cf      0x71a pegasus_crt.a(skbuff.o)
 .debug_str     0x000036cf      0x9a2 pegasus_crt.a(ip_input.o)
 .debug_str     0x000036cf      0x921 pegasus_crt.a(icmpv4.o)
 .debug_str     0x000036cf      0xb34 pegasus_crt.a(tcp.o)
 .debug_str     0x000036cf      0x7ce pegasus_crt.a(route.o)
 .debug_str     0x000036cf      0x92d pegasus_crt.a(arp.o)
 .debug_str     0x000036cf      0xcc7 pegasus_crt.a(tcp_sock.o)
 .debug_str     0x000036cf      0x935 pegasus_crt.a(ipc.o)
 .debug_str     0x000036cf      0x85d pegasus_crt.a(ip_output.o)
 .debug_str     0x000036cf      0xb94 pegasus_crt.a(tcp_input.o)
 .debug_str     0x000036cf      0x954 pegasus_crt.a(udp.o)
 .debug_str     0x000036cf      0xa50 pegasus_crt.a(tcp_data.o)
 .debug_str     0x000036cf      0x1b8 pegasus_crt.a(utils.o)
 .debug_str     0x000036cf      0x62f pegasus_crt.a(forkexit.o)
 .debug_str     0x000036cf      0x885 pegasus_crt.a(exec.o)
 .debug_str     0x000036cf       0xce pegasus_crt.a(alloca.o)
 .debug_str     0x000036cf      0x649 pegasus_crt.a(calloc.o)
 .debug_str     0x000036cf       0xad pegasus_crt.a(atoi.o)
 .debug_str     0x000036cf       0xc6 pegasus_crt.a(strtol.o)
 .debug_str     0x000036cf       0xb9 pegasus_crt.a(strtok.o)
 .debug_str     0x000036cf       0xc1 pegasus_crt.a(strpbrk.o)
 .debug_str     0x000036cf       0xf4 pegasus_crt.a(htonl.o)
 .debug_str     0x000036cf      0x916 pegasus_crt.a(my_process.o)
 .debug_str     0x000036cf      0x946 pegasus_crt.a(socket.o)
 .debug_str     0x000036cf      0xa78 pegasus_crt.a(udp_sock.o)
 .debug_str     0x000036cf      0x735 pegasus_crt.a(dst.o)
 .debug_str     0x000036cf      0x905 pegasus_crt.a(inet.o)
 .debug_str     0x000036cf      0x8bd pegasus_crt.a(sock.o)
 .debug_str     0x000036cf      0xc24 pegasus_crt.a(tcp_output.o)
 .debug_str     0x000036cf      0x72f pegasus_crt.a(thread.o)

.debug_loc
 *(.debug_loc)

.debug_macinfo
 *(.debug_macinfo)

.debug_weaknames
 *(.debug_weaknames)

.debug_funcnames
 *(.debug_funcnames)

.debug_typenames
 *(.debug_typenames)

.debug_varnames
 *(.debug_varnames)

.debug_pubtypes
 *(.debug_pubtypes)

.debug_ranges   0x00000000       0x90
 *(.debug_ranges)
 .debug_ranges  0x00000000       0x30 pegasus_crt.a(kernel_main_old.o)
 .debug_ranges  0x00000030       0x48 pegasus_crt.a(hd.o)
 .debug_ranges  0x00000078       0x18 pegasus_crt.a(exec.o)

.debug_addr
 *(.debug_addr)

.debug_line_str
 *(.debug_line_str)

.debug_loclists
 *(.debug_loclists)

.debug_macro
 *(.debug_macro)

.debug_names
 *(.debug_names)

.debug_rnglists
 *(.debug_rnglists)

.debug_str_offsets
 *(.debug_str_offsets)

.debug_sup
 *(.debug_sup)

.gnu.attributes
 *(.gnu.attributes)

/DISCARD/
 *(.note.GNU-stack)
 *(.gnu_debuglink)
 *(.gnu.lto_*)
OUTPUT(test elf32-i386)
