Archive member included to satisfy reference by file (symbol)

pegasus_crt.a(kernel_main_old.o)
                              test.o (Printf)
pegasus_crt.a(keyboard.o)     pegasus_crt.a(kernel_main_old.o) (init_keyboard_handler)
pegasus_crt.a(process.o)      pegasus_crt.a(kernel_main_old.o) (schedule_process)
pegasus_crt.a(mem.o)          pegasus_crt.a(kernel_main_old.o) (ptr_pde)
pegasus_crt.a(exec.o)         pegasus_crt.a(kernel_main_old.o) (execl)
pegasus_crt.a(fork.o)         pegasus_crt.a(kernel_main_old.o) (fork)
pegasus_crt.a(exit.o)         start.o (exit)
pegasus_crt.a(wait.o)         pegasus_crt.a(kernel_main_old.o) (wait)
pegasus_crt.a(read.o)         pegasus_crt.a(kernel_main_old.o) (read)
pegasus_crt.a(open.o)         pegasus_crt.a(kernel_main_old.o) (open)
pegasus_crt.a(write.o)        pegasus_crt.a(kernel_main_old.o) (write)
pegasus_crt.a(close.o)        pegasus_crt.a(kernel_main_old.o) (close)
pegasus_crt.a(kernel.o)       pegasus_crt.a(kernel_main_old.o) (disp_str)
pegasus_crt.a(syscall.o)      pegasus_crt.a(kernel_main_old.o) (write_debug)
pegasus_crt.a(switch_to.o)    pegasus_crt.a(process.o) (switch_to)
pegasus_crt.a(string.o)       pegasus_crt.a(kernel_main_old.o) (Memcpy2)
pegasus_crt.a(double_link_list.o)
                              pegasus_crt.a(mem.o) (initDoubleLinkList)
pegasus_crt.a(protect.o)      pegasus_crt.a(kernel_main_old.o) (InitInterruptDesc)
pegasus_crt.a(console.o)      pegasus_crt.a(keyboard.o) (select_console)
pegasus_crt.a(global.o)       pegasus_crt.a(protect.o) (proc_table)
pegasus_crt.a(netdev.o)       pegasus_crt.a(kernel.o) (net_handler)
pegasus_crt.a(arp.o)          pegasus_crt.a(netdev.o) (arp_rcv)
pegasus_crt.a(task_network.o)
                              pegasus_crt.a(global.o) (task_network)
pegasus_crt.a(utils.o)        pegasus_crt.a(arp.o) (print_err)
pegasus_crt.a(hd.o)           pegasus_crt.a(global.o) (TaskHD)
pegasus_crt.a(fs_main.o)      pegasus_crt.a(global.o) (task_fs)
pegasus_crt.a(main.o)         pegasus_crt.a(global.o) (TaskMM)
pegasus_crt.a(strcmp.o)       pegasus_crt.a(fs_main.o) (strcmp)
pegasus_crt.a(perror.o)       pegasus_crt.a(netdev.o) (perror)
pegasus_crt.a(sscanf.o)       pegasus_crt.a(netdev.o) (sscanf)
pegasus_crt.a(ntohs.o)        pegasus_crt.a(netdev.o) (ntohs)
pegasus_crt.a(htonl.o)        pegasus_crt.a(arp.o) (htonl)
pegasus_crt.a(htons.o)        pegasus_crt.a(netdev.o) (htons)
pegasus_crt.a(inet_pton.o)    pegasus_crt.a(netdev.o) (inet_pton)
pegasus_crt.a(ntohl.o)        pegasus_crt.a(netdev.o) (ntohl)
pegasus_crt.a(hd_rdwt.o)      pegasus_crt.a(hd.o) (read_port)
pegasus_crt.a(ne2000.o)       pegasus_crt.a(netdev.o) (StartSendToPhysicalLink)
pegasus_crt.a(skbuff.o)       pegasus_crt.a(netdev.o) (alloc_skb)
pegasus_crt.a(ip_input.o)     pegasus_crt.a(netdev.o) (ip_rcv)
pegasus_crt.a(icmpv4.o)       pegasus_crt.a(ip_input.o) (icmpv4_incoming)
pegasus_crt.a(tcp.o)          pegasus_crt.a(ip_input.o) (tcp_in)
pegasus_crt.a(route.o)        pegasus_crt.a(task_network.o) (route_init)
pegasus_crt.a(tcp_sock.o)     pegasus_crt.a(tcp.o) (tcp_established_or_syn_recvd_socks_remove)
pegasus_crt.a(ipc.o)          pegasus_crt.a(task_network.o) (demux_ipc_socket_call)
pegasus_crt.a(ip_output.o)    pegasus_crt.a(icmpv4.o) (ip_output)
pegasus_crt.a(tcp_input.o)    pegasus_crt.a(tcp.o) (tcp_process)
pegasus_crt.a(udp.o)          pegasus_crt.a(ip_input.o) (udp_in)
pegasus_crt.a(tcp_data.o)     pegasus_crt.a(tcp_input.o) (tcp_data_dequeue)
pegasus_crt.a(forkexit.o)     pegasus_crt.a(main.o) (do_fork)
pegasus_crt.a(exec.o)         pegasus_crt.a(main.o) (do_exec)
pegasus_crt.a(alloca.o)       pegasus_crt.a(ipc.o) (alloca)
pegasus_crt.a(calloc.o)       pegasus_crt.a(ipc.o) (calloc)
pegasus_crt.a(atoi.o)         pegasus_crt.a(sscanf.o) (atoi)
pegasus_crt.a(strtol.o)       pegasus_crt.a(sscanf.o) (strtol)
pegasus_crt.a(strtok.o)       pegasus_crt.a(inet_pton.o) (strtok)
pegasus_crt.a(strpbrk.o)      pegasus_crt.a(strtok.o) (strpbrk)
pegasus_crt.a(my_process.o)   pegasus_crt.a(forkexit.o) (fork_process)
pegasus_crt.a(socket.o)       pegasus_crt.a(ipc.o) (_socket)
pegasus_crt.a(udp_sock.o)     pegasus_crt.a(udp.o) (udp_lookup_sock)
pegasus_crt.a(sock.o)         pegasus_crt.a(tcp_sock.o) (sk_free)
pegasus_crt.a(tcp_output.o)   pegasus_crt.a(tcp_input.o) (tcp_send_synack)
pegasus_crt.a(dst.o)          pegasus_crt.a(ip_output.o) (dst_neigh_output)
pegasus_crt.a(inet.o)         pegasus_crt.a(socket.o) (inet)
pegasus_crt.a(thread.o)       pegasus_crt.a(my_process.o) (thread_init)

Merging program properties

Removed property 0xc0010001 to merge test.o (0x1) and start.o (not found)
Removed property 0xc0010002 to merge test.o (0x0) and start.o (not found)
Removed property 0xc0010001 to merge test.o (not found) and pegasus_crt.a(kernel_main_old.o) (0x1)
Removed property 0xc0010002 to merge test.o (not found) and pegasus_crt.a(kernel_main_old.o) (0x1)
Removed property 0xc0010001 to merge test.o (not found) and pegasus_crt.a(keyboard.o) (0x1)
[...]
Memory Configuration

Name             Origin             Length             Attributes
*default*        0x00000000         0xffffffff

Linker script and memory map

Address of section .text set to 0xb0800000
LOAD test.o
LOAD start.o
LOAD pegasus_crt.a
                [!provide]                        PROVIDE (__executable_start = SEGMENT_START ("text-segment", 0x8048000))
                0x080480d4                        . = (SEGMENT_START ("text-segment", 0x8048000) + SIZEOF_HEADERS)

.interp
 *(.interp)

.note.gnu.build-id
 *(.note.gnu.build-id)

.hash
 *(.hash)

.gnu.hash
 *(.gnu.hash)

.dynsym
 *(.dynsym)

.dynstr
 *(.dynstr)

.gnu.version
 *(.gnu.version)

.gnu.version_d
 *(.gnu.version_d)

.gnu.version_r
 *(.gnu.version_r)

.rel.dyn        0x080480d4        0x0
 *(.rel.init)
 *(.rel.text .rel.text.* .rel.gnu.linkonce.t.*)
 .rel.text      0x080480d4        0x0 test.o
 *(.rel.fini)
 *(.rel.rodata .rel.rodata.* .rel.gnu.linkonce.r.*)
 *(.rel.data.rel.ro .rel.data.rel.ro.* .rel.gnu.linkonce.d.rel.ro.*)
 *(.rel.data .rel.data.* .rel.gnu.linkonce.d.*)
 *(.rel.tdata .rel.tdata.* .rel.gnu.linkonce.td.*)
 *(.rel.tbss .rel.tbss.* .rel.gnu.linkonce.tb.*)
 *(.rel.ctors)
 *(.rel.dtors)
 *(.rel.got)
 .rel.got       0x080480d4        0x0 test.o
 *(.rel.bss .rel.bss.* .rel.gnu.linkonce.b.*)
 *(.rel.ifunc)

.rel.plt        0x080480d4        0x0
 *(.rel.plt)
                [!provide]                        PROVIDE (__rel_iplt_start = .)
 *(.rel.iplt)
 .rel.iplt      0x080480d4        0x0 test.o
                [!provide]                        PROVIDE (__rel_iplt_end = .)

.relr.dyn
 *(.relr.dyn)
                0x08049000                        . = ALIGN (CONSTANT (MAXPAGESIZE))

.init
 *(SORT_NONE(.init))

.plt            0x08049000        0x0
 *(.plt)
 *(.iplt)
 .iplt          0x08049000        0x0 test.o

.plt.got
 *(.plt.got)

.plt.sec
 *(.plt.sec)

.text           0xb0800000    0x12ad3
 *(.text.unlikely .text.*_unlikely .text.unlikely.*)
 *(.text.exit .text.exit.*)
 *(.text.startup .text.startup.*)
 *(.text.hot .text.hot.*)
 *(SORT_BY_NAME(.text.sorted.*))
 *(.text .stub .text.* .gnu.linkonce.t.*)
 .text          0xb0800000       0x3e test.o
                0xb0800000                main
 *fill*         0xb080003e        0x2 
 .text          0xb0800040       0x15 start.o
                0xb0800040                _start
 .text          0xb0800055     0x2d8b pegasus_crt.a(kernel_main_old.o)
                0xb0800055                stop_here
                0xb0800099                catch_error
                0xb08000fe                intr_enable
                0xb0800127                intr_disable
                0xb0800150                intr_set_status
                0xb080016e                intr_get_status
                0xb080018b                Memcpy
                0xb08001be                untar
                0xb08004ce                num_to_string
                0xb0800574                disp_int
                0xb080059d                do_page_fault
                0xb08006da                exception_handler
                0xb08008c5                init_internal_interrupt
                0xb0800a3a                spurious_irq
                0xb0800ac8                init_keyboard
                0xb0800b0b                TestTTY
                0xb0800baa                TestReadReturnValue
                0xb0800c27                TestWriteReturnValue
                0xb0800cfb                TestFS2
                0xb0800d09                TestFS
                0xb08011ab                wait_exit
                0xb08012a9                INIT_fork
                0xb080159c                simple_shell
                0xb0801723                test_shell
                0xb080178b                test_exec
                0xb080187e                INIT
                0xb080188b                TestA
                0xb08018c0                delay
                0xb0801904                TestB
                0xb080191c                TestC
                0xb080194f                sys_get_ticks
                0xb080195f                sys_write
                0xb08019b3                milli_delay
                0xb08019dd                TaskSys
                0xb08019e2                Printf
                0xb0801ab4                sprintf
                0xb0801ae0                vsprintf
                0xb0801c8c                printx
                0xb0801ccf                sys_printx
                0xb0801d9b                spin
                0xb0801dc1                panic
                0xb0801ddf                assertion_failure
                0xb0801e51                assertion_failure2
                0xb0801ec6                dead_lock
                0xb0801ed0                sys_send_msg
                0xb08023ef                sys_receive_msg
                0xb0802a4f                send_rec
                0xb0802b4a                block
                0xb0802b86                unblock
                0xb0802bd6                get_ticks_ipc
                0xb0802be9                itoa
                0xb0802c3f                i2a
                0xb0802ca5                inform_int
                0xb0802d71                deprecate_strcmp
 .text          0xb0802de0      0x40f pegasus_crt.a(keyboard.o)
                0xb0802de0                keyboard_handler
                0xb0802e64                read_from_keyboard_buf
                0xb0802eca                keyboard_read
                0xb0803049                init_keyboard_handler
                0xb080305d                in_process
 .text          0xb08031ef      0x2d3 pegasus_crt.a(process.o)
                0xb08031ef                schedule_process
                0xb08033b5                clock_handler
                0xb0803447                pid2proc
                0xb08034ab                proc2pid
 .text          0xb08034c2     0x1118 pegasus_crt.a(mem.o)
                0xb08034c2                init_bitmap
                0xb08034e5                test_bit_val
                0xb080354e                set_bit_val
                0xb08035c9                set_bits
                0xb0803603                get_first_free_bit
                0xb0803647                get_bits
                0xb080370f                get_a_page
                0xb08037c3                get_virtual_address_start_with_addr
                0xb080385d                get_virtual_address
                0xb08038ed                ptr_pde
                0xb0803900                ptr_pte
                0xb0803927                add_map_entry
                0xb08039b8                alloc_virtual_memory
                0xb0803a84                get_physical_address_proc
                0xb0803b00                get_physical_address
                0xb0803b32                alloc_physical_memory_of_proc
                0xb0803c21                alloc_physical_memory
                0xb0803ce9                alloc_memory
                0xb0803d4b                get_a_virtual_page
                0xb0803d83                block2arena
                0xb0803d99                sys_malloc2
                0xb08040c6                remove_map_entry
                0xb08040e7                free_a_page
                0xb080418e                sys_free2
                0xb0804194                init_memory_block_desc
                0xb0804265                init_memory2
                0xb080449a                init_memory
 .text          0xb08045da      0x285 pegasus_crt.a(exec.o)
                0xb08045da                exec
                0xb080464b                execv
                0xb080483a                execl
 .text          0xb080485f       0x4b pegasus_crt.a(fork.o)
                0xb080485f                fork
 .text          0xb08048aa       0x2f pegasus_crt.a(exit.o)
                0xb08048aa                exit
 .text          0xb08048d9       0x44 pegasus_crt.a(wait.o)
                0xb08048d9                wait
 .text          0xb080491d      0x181 pegasus_crt.a(read.o)
                0xb080491d                read
 .text          0xb0804a9e       0x95 pegasus_crt.a(open.o)
                0xb0804a9e                open
 .text          0xb0804b33       0x85 pegasus_crt.a(write.o)
                0xb0804b33                write
 .text          0xb0804bb8       0x52 pegasus_crt.a(close.o)
                0xb0804bb8                close
 *fill*         0xb0804c0a        0x6 
 .text          0xb0804c10      0x3d2 pegasus_crt.a(kernel.o)
                0xb0804c10                InterruptTest
                0xb0804c1c                disp_str_len
                0xb0804c69                disp_str
                0xb0804ca4                disp_str_colour
                0xb0804ce0                divide_zero_fault
                0xb0804ce6                single_step_fault
                0xb0804cec                non_maskable_interrupt
                0xb0804cf2                breakpoint_trap
                0xb0804cf8                overflow_trap
                0xb0804cfe                bound_range_exceeded_fault
                0xb0804d04                invalid_opcode_fault
                0xb0804d0a                coprocessor_not_available_fault
                0xb0804d10                double_fault_exception_abort
                0xb0804d14                coprocessor_segment_overrun
                0xb0804d1a                invalid_task_state_segment_fault
                0xb0804d1e                segment_not_present_fault
                0xb0804d22                stack_exception_fault
                0xb0804d26                general_protection_exception_fault
                0xb0804d31                page_fault
                0xb0804d35                coprocessor_error_fault
                0xb0804d3b                align_check_fault
                0xb0804d3f                simd_float_exception_fault
                0xb0804d4e                hwint0
                0xb0804d7e                hwint1
                0xb0804dc1                hwint14
                0xb0804e07                hwint10
                0xb0804e4a                sys_call
                0xb0804e90                fork_restart
                0xb0804e9f                restart
                0xb0804ec2                in_byte
                0xb0804ece                out_byte
                0xb0804ef0                disable_int
                0xb0804ef2                enable_int
                0xb0804f88                enable_8259A_casecade_irq
                0xb0804f92                disable_8259A_casecade_irq
                0xb0804f9c                enable_8259A_slave_winchester_irq
                0xb0804fa6                disable_8259A_slave_winchester_irq
                0xb0804fb0                update_cr3
                0xb0804fbd                update_tss
                0xb0804fcc                get_running_thread_pcb
                0xb0804fd2                sys_call_test
                0xb0804fd5                enable_8259A_slave_net_irq
 *fill*         0xb0804fe2        0xe 
 .text          0xb0804ff0       0x6a pegasus_crt.a(syscall.o)
                0xb0804ff0                write_debug
                0xb0805000                send_msg
                0xb0805016                receive_msg
                0xb080502c                sys_malloc
                0xb0805041                sys_free
 *fill*         0xb080505a        0x6 
 .text          0xb0805060       0x15 pegasus_crt.a(switch_to.o)
                0xb0805060                switch_to
 .text          0xb0805075      0x2ee pegasus_crt.a(double_link_list.o)
                0xb0805075                initDoubleLinkList
                0xb08050c5                isListEmpty
                0xb08050f3                findElementInList
                0xb080518a                appendToDoubleLinkList
                0xb0805250                insertToDoubleLinkList
                0xb08052d4                popFromDoubleLinkList
 .text          0xb0805363      0x3b3 pegasus_crt.a(protect.o)
                0xb0805363                InitDescriptor
                0xb08053d0                Seg2PhyAddr
                0xb0805411                Seg2PhyAddrLDT
                0xb0805455                VirAddr2PhyAddr
                0xb080546b                v2l
                0xb08054ae                init_propt
                0xb080562f                InitInterruptDesc
                0xb080568b                ReloadGDT
 .text          0xb0805716      0xad3 pegasus_crt.a(console.o)
                0xb0805716                select_console
                0xb0805752                flush
                0xb080578b                set_cursor
                0xb08057e9                set_console_start_video_addr
                0xb0805847                put_key
                0xb08058b3                scroll_up
                0xb08058f5                scroll_down
                0xb0805960                out_char
                0xb0805b1d                tty_dev_read
                0xb0805b47                tty_dev_write
                0xb0805d74                tty_do_read
                0xb0805e3c                tty_do_write
                0xb0805fa5                init_screen
                0xb080602e                init_tty
                0xb08060e3                TaskTTY
 .text          0xb08061e9        0x0 pegasus_crt.a(global.o)
 .text          0xb08061e9      0xa0a pegasus_crt.a(netdev.o)
                0xb0806377                netdev_init
                0xb08063be                netdev_transmit
                0xb0806519                interrupt_wait2
                0xb0806572                netdev_rx_loop
                0xb0806663                call_netdev_get
                0xb08067ad                netdev_get
                0xb0806862                free_netdev
                0xb080688d                local_ipaddress
                0xb08068ca                receive_msg_from_nic
                0xb0806ab1                receive_msg_from_nic2
                0xb0806bdd                net_handler
 .text          0xb0806bf3      0xc51 pegasus_crt.a(arp.o)
                0xb0806d1c                call_update_arp_translation_table
                0xb0806f54                insert_arp_translation_table
                0xb0806fd6                update_arp_translation_table
                0xb0807095                arp_init
                0xb080709b                arp_rcv
                0xb08072f8                arp_request
                0xb0807465                arp_reply
                0xb08075c8                call_arp_get_hwaddr
                0xb0807712                arp_get_hwaddr
                0xb08077f3                free_arp
 .text          0xb0807844      0x2f9 pegasus_crt.a(task_network.o)
                0xb0807898                init_dev
                0xb08079a2                task_network
                0xb0807af3                task_netdev_rx
 .text          0xb0807b3d      0x1e7 pegasus_crt.a(utils.o)
                0xb0807b3d                run_cmd
                0xb0807b4a                print_err
                0xb0807b61                parse_ipv4_string
                0xb0807bc0                ip_pton
                0xb0807c08                sum_every_16bits
                0xb0807c5f                checksum
                0xb0807ca0                tcp_udp_checksum
 .text          0xb0807d24      0xe84 pegasus_crt.a(hd.o)
                0xb0807d24                TaskHD
                0xb0807d6f                init_hd
                0xb0807d89                hd_handle
                0xb0807e8e                hd_cmd_out
                0xb0807f90                hd_identify
                0xb0808047                print_hdinfo
                0xb08081d5                print_dpt_entry
                0xb0808241                get_partition_table
                0xb0808320                partition
                0xb080853a                hd_open
                0xb08085ea                get_hd_ioctl
                0xb08086a4                wait_for
                0xb08086d5                interrupt_wait
                0xb080872e                hd_rdwt
                0xb08089d0                hd_handler
                0xb0808a01                debug_ticks
                0xb0808a3f                waitfor
                0xb0808a83                print_hd_info
                0xb0808b70                is_empty
 .text          0xb0808ba8     0x2081 pegasus_crt.a(fs_main.o)
                0xb0808ba8                task_fs
                0xb0808dbc                rd_wt
                0xb0808e9e                mkfs
                0xb0809480                init_fs
                0xb08094da                do_open
                0xb08096e3                search_file
                0xb0809815                strip_path
                0xb08098e1                get_inode
                0xb0809aa3                create_file
                0xb0809bae                alloc_imap_bit
                0xb0809cab                alloc_smap_bit
                0xb0809e4c                new_inode
                0xb0809f6a                new_dir_entry
                0xb080a176                do_unlink
                0xb080a652                do_rdwt
                0xb080a9dd                sync_inode
                0xb080ab31                put_inode
                0xb080ab6f                do_close
                0xb080abc1                get_super_block
 .text          0xb080ac29      0x14e pegasus_crt.a(main.o)
                0xb080ac29                TaskMM
                0xb080ad58                alloc_mem
 .text          0xb080ad77       0xa8 pegasus_crt.a(strcmp.o)
                0xb080ad77                strcmp
 .text          0xb080ae1f       0x17 pegasus_crt.a(perror.o)
                0xb080ae1f                perror
 .text          0xb080ae36      0x335 pegasus_crt.a(sscanf.o)
                0xb080ae36                sscanf
 .text          0xb080b16b       0x38 pegasus_crt.a(ntohs.o)
                0xb080b16b                ntohs
 .text          0xb080b1a3       0x7c pegasus_crt.a(htonl.o)
                0xb080b1a3                htonl
 .text          0xb080b21f       0x38 pegasus_crt.a(htons.o)
                0xb080b21f                htons
 .text          0xb080b257      0x295 pegasus_crt.a(inet_pton.o)
                0xb080b257                isValidIPv4
                0xb080b3e1                inet_pton
 .text          0xb080b4ec       0x7c pegasus_crt.a(ntohl.o)
                0xb080b4ec                ntohl
 *fill*         0xb080b568        0x8 
 .text          0xb080b570      0x28d pegasus_crt.a(ne2000.o)
                0xb080b593                DriverInitialize
                0xb080b61d                StartSendToPhysicalLink
                0xb080b638                SetPageStart
                0xb080b667                DriverSend
                0xb080b6e1                PCtoNIC
                0xb080b74c                get_interrupt_status
                0xb080b769                set_interrupt_status
                0xb080b789                get_curr_page
                0xb080b7a6                NICtoPC
 .text          0xb080b7fd      0x15b pegasus_crt.a(skbuff.o)
                0xb080b816                alloc_skb
                0xb080b8a7                free_skb
                0xb080b8da                skb_reserve
                0xb080b8f6                skb_push
                0xb080b925                skb_head
                0xb080b930                skb_reset_header
 .text          0xb080b958      0x2ed pegasus_crt.a(ip_input.o)
                0xb080bae2                ip_rcv
 .text          0xb080bc45      0x234 pegasus_crt.a(icmpv4.o)
                0xb080bc53                icmpv4_incoming
                0xb080bcc7                icmpv4_reply
                0xb080bda0                icmpv4_timestamp
 .text          0xb080be79      0x448 pegasus_crt.a(tcp.o)
                0xb080c06e                tcp_in
                0xb080c122                tcp_checksum
                0xb080c14e                __tcp_set_state
                0xb080c15d                tcp_generate_port
                0xb080c1a6                tcp_generate_isn
                0xb080c1b0                tcp_done
                0xb080c1d9                tcp_clear_timers
                0xb080c1e8                tcp_stop_retransmission_timer
                0xb080c201                tcp_release_retransmission_timer
                0xb080c21a                tcp_stop_delack_timer
                0xb080c22d                tcp_release_delack_timer
                0xb080c240                tcp_handle_fin_state
                0xb080c2a5                tcp_enter_time_wait
 .text          0xb080c2c1      0x42e pegasus_crt.a(route.o)
                0xb080c3d1                route_add
                0xb080c418                route_init
                0xb080c4ca                call_route_lookup
                0xb080c614                route_lookup
 .text          0xb080c6ef      0xa2a pegasus_crt.a(tcp_sock.o)
                0xb080c9ae                tcp_established_or_syn_recvd_socks_enqueue
                0xb080c9c5                tcp_established_or_syn_recvd_socks_remove
                0xb080c9d7                tcp_connecting_or_listening_socks_enqueue
                0xb080c9ee                tcp_connecting_or_listening_socks_remove
                0xb080ca00                tcp_alloc_sock
                0xb080cb16                tcp_free_sock
                0xb080cb8f                tcp_init
                0xb080cb99                tcp_sock_init
                0xb080cc3c                tcp_write
                0xb080cc7d                tcp_read
                0xb080cd30                tcp_close
                0xb080cdee                tcp_recv_notify
                0xb080ce19                tcp_v4_connect
                0xb080d06c                tcp_lookup_sock
 .text          0xb080d119      0xe3f pegasus_crt.a(ipc.o)
                0xb080dd05                ipc_close
                0xb080dd56                ipc_call_from_netdev_rx
                0xb080dd8e                demux_ipc_socket_call
 .text          0xb080df58      0x1d3 pegasus_crt.a(ip_output.o)
                0xb080df66                ip_output
 .text          0xb080e12b      0xb80 pegasus_crt.a(tcp_input.o)
                0xb080e823                tcp_process
                0xb080ebe9                tcp_receive
 .text          0xb080ecab      0x3e0 pegasus_crt.a(udp.o)
                0xb080edb6                udp_generate_port
                0xb080edff                udp_checksum
                0xb080eecd                udp_in
                0xb080ef5e                udp_data_dequeue
                0xb080f066                udp_data_enqueue
 .text          0xb080f08b      0x54a pegasus_crt.a(tcp_data.o)
                0xb080f376                tcp_data_dequeue
                0xb080f4a3                tcp_data_queue
 .text          0xb080f5d5      0x24f pegasus_crt.a(forkexit.o)
                0xb080f5d5                do_fork
                0xb080f643                do_exit
                0xb080f6cd                do_wait
                0xb080f7ca                cleanup
 .text          0xb080f824      0x419 pegasus_crt.a(exec.o)
                0xb080f824                do_exec
 .text          0xb080fc3d       0x29 pegasus_crt.a(alloca.o)
                0xb080fc3d                alloca
 .text          0xb080fc66       0x46 pegasus_crt.a(calloc.o)
                0xb080fc66                calloc
 .text          0xb080fcac       0x9c pegasus_crt.a(atoi.o)
                0xb080fcac                atoi
 .text          0xb080fd48       0xca pegasus_crt.a(strtol.o)
                0xb080fd48                strtol
 .text          0xb080fe12       0x85 pegasus_crt.a(strtok.o)
                0xb080fe12                strtok
 .text          0xb080fe97       0x90 pegasus_crt.a(strpbrk.o)
                0xb080fe97                strpbrk
 .text          0xb080ff27      0x730 pegasus_crt.a(my_process.o)
                0xb080ff27                create_user_process_address_space
                0xb080ffb7                user_process
                0xb08100e4                clone_pcb
                0xb0810256                build_body_stack
                0xb0810389                build_process_kernel_stack
                0xb081044c                fork_process
                0xb08104dd                process_execute
 .text          0xb0810657      0x66c pegasus_crt.a(socket.o)
                0xb0810707                test
                0xb0810763                socket_debug
                0xb08107c4                free_socket
                0xb0810880                _socket
                0xb081093f                _bind
                0xb0810992                _connect
                0xb08109e4                _write
                0xb0810a3b                _read
                0xb0810a92                _recvfrom
                0xb0810ad3                _sendto
                0xb0810b2a                _close
                0xb0810ba9                _listen
                0xb0810c0f                _accept
 .text          0xb0810cc3      0x8cd pegasus_crt.a(udp_sock.o)
                0xb0810f01                udp_lookup_sock
                0xb0810f48                udp_init
                0xb0810f79                udp_close
                0xb0810f9f                udp_sock_init
                0xb0810fa9                udp_recvfrom
                0xb0811042                udp_connect
                0xb081111b                udp_write
                0xb0811147                udp_alloc_skb
                0xb0811191                udp_sendto
                0xb0811285                udp_send
                0xb08113c3                udp_alloc_sock
                0xb0811404                udp_free_sock
                0xb0811428                udp_read
 .text          0xb0811590      0x203 pegasus_crt.a(sock.o)
                0xb08116c2                sk_alloc
                0xb08116e9                sk_init
                0xb081173d                sk_init_with_socket
                0xb0811766                sk_free
 .text          0xb0811793      0xbbe pegasus_crt.a(tcp_output.o)
                0xb0811c59                tcp_send_synack
                0xb0811cfc                tcp_send_delack
                0xb0811d37                tcp_send_ack
                0xb0811e83                tcp_send_fin
                0xb0811ef8                tcp_select_initial_window
                0xb08120aa                tcp_reset_retransmission_timer
                0xb08120c7                tcp_begin_connect
                0xb0812171                tcp_send
                0xb0812256                tcp_send_reset
                0xb08122d6                tcp_queue_fin
 .text          0xb0812351      0x1a7 pegasus_crt.a(dst.o)
                0xb081235f                print_array
                0xb08123d3                dst_neigh_output
 .text          0xb08124f8      0x429 pegasus_crt.a(inet.o)
                0xb08124f8                inet_create
                0xb08125a8                inet_socket
                0xb08125b2                inet_connect
                0xb0812606                inet_write
                0xb0812632                inet_read
                0xb081265e                inet_close
                0xb08126ad                inet_free
                0xb08126e3                inet_bind
                0xb08127ec                inet_listen
                0xb0812835                inet_accept
                0xb08128e0                inet_sendto
                0xb081290b                inet_recvfrom
 .text          0xb0812921      0x1b2 pegasus_crt.a(thread.o)
                0xb0812921                kernel_thread
                0xb0812939                thread_init
                0xb08129e6                thread_create
                0xb0812a1b                thread_start
 *(.gnu.warning)

.fini
 *(SORT_NONE(.fini))
                [!provide]                        PROVIDE (__etext = .)
                [!provide]                        PROVIDE (_etext = .)
                [!provide]                        PROVIDE (etext = .)
                0xb0813000                        . = ALIGN (CONSTANT (MAXPAGESIZE))
                0xb0813000                        . = SEGMENT_START ("rodata-segment", (ALIGN (CONSTANT (MAXPAGESIZE)) + (. & (CONSTANT (MAXPAGESIZE) - 0x1))))

.rodata         0xb0813000     0x1c24
 *(.rodata .rodata.* .gnu.linkonce.r.*)
 .rodata        0xb0813000       0x10 test.o
 *fill*         0xb0813010       0x10 
 .rodata        0xb0813020      0xb61 pegasus_crt.a(kernel_main_old.o)
 *fill*         0xb0813b81        0x3 
 .rodata        0xb0813b84       0x4c pegasus_crt.a(process.o)
 .rodata        0xb0813bd0       0x5a pegasus_crt.a(mem.o)
 .rodata        0xb0813c2a       0x2d pegasus_crt.a(exec.o)
 .rodata        0xb0813c57       0x2a pegasus_crt.a(close.o)
 .rodata        0xb0813c81       0x3c pegasus_crt.a(double_link_list.o)
 .rodata        0xb0813cbd       0x22 pegasus_crt.a(console.o)
 *fill*         0xb0813cdf        0x1 
 .rodata        0xb0813ce0      0x176 pegasus_crt.a(netdev.o)
 *fill*         0xb0813e56        0x2 
 .rodata        0xb0813e58       0xff pegasus_crt.a(arp.o)
 *fill*         0xb0813f57        0x1 
 .rodata        0xb0813f58       0x99 pegasus_crt.a(task_network.o)
 *fill*         0xb0813ff1        0x3 
 .rodata        0xb0813ff4       0x41 pegasus_crt.a(utils.o)
 *fill*         0xb0814035        0x3 
 .rodata        0xb0814038      0x19c pegasus_crt.a(hd.o)
 .rodata        0xb08141d4      0x1fb pegasus_crt.a(fs_main.o)
                0xb08141d4                FSBUF_SIZE
 .rodata        0xb08143cf       0x11 pegasus_crt.a(main.o)
 .rodata        0xb08143e0        0x3 pegasus_crt.a(inet_pton.o)
 .rodata        0xb08143e3        0x9 pegasus_crt.a(skbuff.o)
 .rodata        0xb08143ec       0xbd pegasus_crt.a(ip_input.o)
 *fill*         0xb08144a9        0x3 
 .rodata        0xb08144ac       0x32 pegasus_crt.a(icmpv4.o)
 *fill*         0xb08144de        0x2 
 .rodata        0xb08144e0       0x31 pegasus_crt.a(tcp.o)
 *fill*         0xb0814511        0x3 
 .rodata        0xb0814514       0x36 pegasus_crt.a(route.o)
 *fill*         0xb081454a        0x2 
 .rodata        0xb081454c       0xe8 pegasus_crt.a(tcp_sock.o)
 .rodata        0xb0814634      0x174 pegasus_crt.a(ipc.o)
 .rodata        0xb08147a8        0x9 pegasus_crt.a(ip_output.o)
 *fill*         0xb08147b1        0x3 
 .rodata        0xb08147b4       0x60 pegasus_crt.a(tcp_input.o)
 .rodata        0xb0814814        0x9 pegasus_crt.a(udp.o)
 .rodata        0xb081481d       0x1e pegasus_crt.a(tcp_data.o)
 .rodata        0xb081483b       0x21 pegasus_crt.a(forkexit.o)
 .rodata        0xb081485c       0x10 pegasus_crt.a(exec.o)
 .rodata        0xb081486c      0x23d pegasus_crt.a(socket.o)
 *fill*         0xb0814aa9        0x3 
 .rodata        0xb0814aac       0x2d pegasus_crt.a(udp_sock.o)
 .rodata        0xb0814ad9        0x9 pegasus_crt.a(sock.o)
 *fill*         0xb0814ae2        0x2 
 .rodata        0xb0814ae4       0xc3 pegasus_crt.a(tcp_output.o)
 .rodata        0xb0814ba7       0x34 pegasus_crt.a(dst.o)
 *fill*         0xb0814bdb        0x1 
 .rodata        0xb0814bdc       0x48 pegasus_crt.a(inet.o)

.txt            0xb0814c24       0xaa
 .txt           0xb0814c24       0x82 pegasus_crt.a(string.o)
                0xb0814c24                Memcpy2
                0xb0814c52                Memset
                0xb0814c71                Strcpy
                0xb0814c8b                Strlen
 .txt           0xb0814ca6       0x28 pegasus_crt.a(hd_rdwt.o)
                0xb0814ca6                read_port
                0xb0814cba                write_port

.rodata1
 *(.rodata1)

.eh_frame_hdr
 *(.eh_frame_hdr)
 *(.eh_frame_entry .eh_frame_entry.*)

.eh_frame       0xb0814cd0     0x4134
 *(.eh_frame)
 .eh_frame      0xb0814cd0       0x44 test.o
 .eh_frame      0xb0814d14      0x6cc pegasus_crt.a(kernel_main_old.o)
                                0x6e4 (size before relaxing)
 .eh_frame      0xb08153e0       0xa0 pegasus_crt.a(keyboard.o)
                                 0xb8 (size before relaxing)
 .eh_frame      0xb0815480       0x80 pegasus_crt.a(process.o)
                                 0x98 (size before relaxing)
 .eh_frame      0xb0815500      0x364 pegasus_crt.a(mem.o)
                                0x37c (size before relaxing)
 .eh_frame      0xb0815864       0x60 pegasus_crt.a(exec.o)
                                 0x78 (size before relaxing)
 .eh_frame      0xb08158c4       0x20 pegasus_crt.a(fork.o)
                                 0x38 (size before relaxing)
 .eh_frame      0xb08158e4       0x20 pegasus_crt.a(exit.o)
                                 0x38 (size before relaxing)
 .eh_frame      0xb0815904       0x20 pegasus_crt.a(wait.o)
                                 0x38 (size before relaxing)
 .eh_frame      0xb0815924       0x20 pegasus_crt.a(read.o)
                                 0x38 (size before relaxing)
 .eh_frame      0xb0815944       0x20 pegasus_crt.a(open.o)
                                 0x38 (size before relaxing)
 .eh_frame      0xb0815964       0x20 pegasus_crt.a(write.o)
                                 0x38 (size before relaxing)
 .eh_frame      0xb0815984       0x20 pegasus_crt.a(close.o)
                                 0x38 (size before relaxing)
 .eh_frame      0xb08159a4       0xc0 pegasus_crt.a(double_link_list.o)
                                 0xd8 (size before relaxing)
 .eh_frame      0xb0815a64      0x100 pegasus_crt.a(protect.o)
                                0x118 (size before relaxing)
 .eh_frame      0xb0815b64      0x1e0 pegasus_crt.a(console.o)
                                0x1f8 (size before relaxing)
 .eh_frame      0xb0815d44      0x230 pegasus_crt.a(netdev.o)
                                0x248 (size before relaxing)
 .eh_frame      0xb0815f74      0x220 pegasus_crt.a(arp.o)
                                0x238 (size before relaxing)
 .eh_frame      0xb0816194       0x80 pegasus_crt.a(task_network.o)
                                 0x98 (size before relaxing)
 .eh_frame      0xb0816214       0xe4 pegasus_crt.a(utils.o)
                                 0xfc (size before relaxing)
 .eh_frame      0xb08162f8      0x264 pegasus_crt.a(hd.o)
                                0x27c (size before relaxing)
 .eh_frame      0xb081655c      0x27c pegasus_crt.a(fs_main.o)
                                0x294 (size before relaxing)
 .eh_frame      0xb08167d8       0x3c pegasus_crt.a(main.o)
                                 0x54 (size before relaxing)
 .eh_frame      0xb0816814       0x20 pegasus_crt.a(strcmp.o)
                                 0x38 (size before relaxing)
 .eh_frame      0xb0816834       0x20 pegasus_crt.a(perror.o)
                                 0x38 (size before relaxing)
 .eh_frame      0xb0816854       0x20 pegasus_crt.a(sscanf.o)
                                 0x38 (size before relaxing)
 .eh_frame      0xb0816874       0x20 pegasus_crt.a(ntohs.o)
                                 0x38 (size before relaxing)
 .eh_frame      0xb0816894       0x20 pegasus_crt.a(htonl.o)
                                 0x38 (size before relaxing)
 .eh_frame      0xb08168b4       0x20 pegasus_crt.a(htons.o)
                                 0x38 (size before relaxing)
 .eh_frame      0xb08168d4       0x40 pegasus_crt.a(inet_pton.o)
                                 0x58 (size before relaxing)
 .eh_frame      0xb0816914       0x20 pegasus_crt.a(ntohl.o)
                                 0x38 (size before relaxing)
 .eh_frame      0xb0816934       0xe0 pegasus_crt.a(skbuff.o)
                                 0xf8 (size before relaxing)
 .eh_frame      0xb0816a14      0x104 pegasus_crt.a(ip_input.o)
                                0x11c (size before relaxing)
 .eh_frame      0xb0816b18       0x80 pegasus_crt.a(icmpv4.o)
                                 0x98 (size before relaxing)
 .eh_frame      0xb0816b98      0x268 pegasus_crt.a(tcp.o)
                                0x280 (size before relaxing)
 .eh_frame      0xb0816e00      0x104 pegasus_crt.a(route.o)
                                0x11c (size before relaxing)
 .eh_frame      0xb0816f04      0x4c0 pegasus_crt.a(tcp_sock.o)
                                0x4d8 (size before relaxing)
 .eh_frame      0xb08173c4      0x274 pegasus_crt.a(ipc.o)
                                0x28c (size before relaxing)
 .eh_frame      0xb0817638       0x40 pegasus_crt.a(ip_output.o)
                                 0x58 (size before relaxing)
 .eh_frame      0xb0817678      0x300 pegasus_crt.a(tcp_input.o)
                                0x318 (size before relaxing)
 .eh_frame      0xb0817978      0x1e4 pegasus_crt.a(udp.o)
                                0x1fc (size before relaxing)
 .eh_frame      0xb0817b5c      0x200 pegasus_crt.a(tcp_data.o)
                                0x218 (size before relaxing)
 .eh_frame      0xb0817d5c       0x80 pegasus_crt.a(forkexit.o)
                                 0x98 (size before relaxing)
 .eh_frame      0xb0817ddc       0x20 pegasus_crt.a(exec.o)
                                 0x38 (size before relaxing)
 .eh_frame      0xb0817dfc       0x20 pegasus_crt.a(alloca.o)
                                 0x38 (size before relaxing)
 .eh_frame      0xb0817e1c       0x20 pegasus_crt.a(calloc.o)
                                 0x38 (size before relaxing)
 .eh_frame      0xb0817e3c       0x20 pegasus_crt.a(atoi.o)
                                 0x38 (size before relaxing)
 .eh_frame      0xb0817e5c       0x20 pegasus_crt.a(strtol.o)
                                 0x38 (size before relaxing)
 .eh_frame      0xb0817e7c       0x20 pegasus_crt.a(strtok.o)
                                 0x38 (size before relaxing)
 .eh_frame      0xb0817e9c       0x20 pegasus_crt.a(strpbrk.o)
                                 0x38 (size before relaxing)
 .eh_frame      0xb0817ebc       0xe0 pegasus_crt.a(my_process.o)
                                 0xf8 (size before relaxing)
 .eh_frame      0xb0817f9c      0x2a0 pegasus_crt.a(socket.o)
                                0x2b8 (size before relaxing)
 .eh_frame      0xb081823c      0x404 pegasus_crt.a(udp_sock.o)
                                0x41c (size before relaxing)
 .eh_frame      0xb0818640      0x1a0 pegasus_crt.a(sock.o)
                                0x1b8 (size before relaxing)
 .eh_frame      0xb08187e0      0x3c4 pegasus_crt.a(tcp_output.o)
                                0x3dc (size before relaxing)
 .eh_frame      0xb0818ba4       0x60 pegasus_crt.a(dst.o)
                                 0x78 (size before relaxing)
 .eh_frame      0xb0818c04      0x180 pegasus_crt.a(inet.o)
                                0x198 (size before relaxing)
 .eh_frame      0xb0818d84       0x80 pegasus_crt.a(thread.o)
                                 0x98 (size before relaxing)
 *(.eh_frame.*)

.sframe
 *(.sframe)
 *(.sframe.*)

.gcc_except_table
 *(.gcc_except_table .gcc_except_table.*)

.gnu_extab
 *(.gnu_extab*)

.exception_ranges
 *(.exception_ranges*)
                0xb0819000                        . = DATA_SEGMENT_ALIGN (CONSTANT (MAXPAGESIZE), CONSTANT (COMMONPAGESIZE))

.eh_frame
 *(.eh_frame)
 *(.eh_frame.*)

.sframe
 *(.sframe)
 *(.sframe.*)

.gnu_extab
 *(.gnu_extab)

.gcc_except_table
 *(.gcc_except_table .gcc_except_table.*)

.exception_ranges
 *(.exception_ranges*)

.tdata          0xb0819000        0x0
                [!provide]                        PROVIDE (__tdata_start = .)
 *(.tdata .tdata.* .gnu.linkonce.td.*)

.tbss
 *(.tbss .tbss.* .gnu.linkonce.tb.*)
 *(.tcommon)

.preinit_array  0xb0819000        0x0
                [!provide]                        PROVIDE (__preinit_array_start = .)
 *(.preinit_array)
                [!provide]                        PROVIDE (__preinit_array_end = .)

.init_array     0xb0819000        0x0
                [!provide]                        PROVIDE (__init_array_start = .)
 *(SORT_BY_INIT_PRIORITY(.init_array.*) SORT_BY_INIT_PRIORITY(.ctors.*))
 *(.init_array EXCLUDE_FILE(*crtend?.o *crtend.o *crtbegin?.o *crtbegin.o) .ctors)
                [!provide]                        PROVIDE (__init_array_end = .)

.fini_array     0xb0819000        0x0
                [!provide]                        PROVIDE (__fini_array_start = .)
 *(SORT_BY_INIT_PRIORITY(.fini_array.*) SORT_BY_INIT_PRIORITY(.dtors.*))
 *(.fini_array EXCLUDE_FILE(*crtend?.o *crtend.o *crtbegin?.o *crtbegin.o) .dtors)
                [!provide]                        PROVIDE (__fini_array_end = .)

.ctors
 *crtbegin.o(.ctors)
 *crtbegin?.o(.ctors)
 *(EXCLUDE_FILE(*crtend?.o *crtend.o) .ctors)
 *(SORT_BY_NAME(.ctors.*))
 *(.ctors)

.dtors
 *crtbegin.o(.dtors)
 *crtbegin?.o(.dtors)
 *(EXCLUDE_FILE(*crtend?.o *crtend.o) .dtors)
 *(SORT_BY_NAME(.dtors.*))
 *(.dtors)

.jcr
 *(.jcr)

.data.rel.ro
 *(.data.rel.ro.local* .gnu.linkonce.d.rel.ro.local.*)
 *(.data.rel.ro .data.rel.ro.* .gnu.linkonce.d.rel.ro.*)

.dynamic
 *(.dynamic)

.got            0xb0819000        0x0
 *(.got)
 .got           0xb0819000        0x0 test.o
 *(.igot)
                0xb0819000                        . = DATA_SEGMENT_RELRO_END (., (SIZEOF (.got.plt) >= 0xc)?0xc:0x0)

.got.plt        0xb0819000        0x0
 *(.got.plt)
 .got.plt       0xb0819000        0x0 test.o
 *(.igot.plt)
 .igot.plt      0xb0819000        0x0 test.o

.data           0xb0819000      0xb80
 *(.data .data.* .gnu.linkonce.d.*)
 .data          0xb0819000        0x0 test.o
 .data          0xb0819000        0x0 pegasus_crt.a(kernel_main_old.o)
 .data          0xb0819000      0x600 pegasus_crt.a(keyboard.o)
                0xb0819000                keymap
 .data          0xb0819600        0x0 pegasus_crt.a(process.o)
 .data          0xb0819600        0x0 pegasus_crt.a(mem.o)
 .data          0xb0819600        0x0 pegasus_crt.a(exec.o)
 .data          0xb0819600        0x0 pegasus_crt.a(fork.o)
 .data          0xb0819600        0x0 pegasus_crt.a(exit.o)
 .data          0xb0819600        0x0 pegasus_crt.a(wait.o)
 .data          0xb0819600        0x0 pegasus_crt.a(read.o)
 .data          0xb0819600        0x0 pegasus_crt.a(open.o)
 .data          0xb0819600        0x0 pegasus_crt.a(write.o)
 .data          0xb0819600        0x0 pegasus_crt.a(close.o)
 .data          0xb0819600        0xf pegasus_crt.a(kernel.o)
 *fill*         0xb081960f        0x1 
 .data          0xb0819610        0x0 pegasus_crt.a(syscall.o)
 .data          0xb0819610        0x0 pegasus_crt.a(double_link_list.o)
 .data          0xb0819610        0x0 pegasus_crt.a(protect.o)
 .data          0xb0819610        0x0 pegasus_crt.a(console.o)
 *fill*         0xb0819610       0x10 
 .data          0xb0819620      0x17c pegasus_crt.a(global.o)
                0xb0819620                user_task_table
                0xb08196a0                sys_task_table
                0xb0819780                sys_call_table
 .data          0xb081979c        0x4 pegasus_crt.a(netdev.o)
 .data          0xb08197a0       0x14 pegasus_crt.a(arp.o)
 .data          0xb08197b4        0x4 pegasus_crt.a(task_network.o)
 .data          0xb08197b8        0x4 pegasus_crt.a(utils.o)
 .data          0xb08197bc        0x0 pegasus_crt.a(hd.o)
 .data          0xb08197bc        0x0 pegasus_crt.a(fs_main.o)
 .data          0xb08197bc        0x0 pegasus_crt.a(main.o)
 .data          0xb08197bc        0x0 pegasus_crt.a(strcmp.o)
 .data          0xb08197bc        0x0 pegasus_crt.a(perror.o)
 .data          0xb08197bc        0x0 pegasus_crt.a(sscanf.o)
 .data          0xb08197bc        0x0 pegasus_crt.a(ntohs.o)
 .data          0xb08197bc        0x0 pegasus_crt.a(htonl.o)
 .data          0xb08197bc        0x0 pegasus_crt.a(htons.o)
 .data          0xb08197bc        0x0 pegasus_crt.a(inet_pton.o)
 .data          0xb08197bc        0x0 pegasus_crt.a(ntohl.o)
 .data          0xb08197bc        0x4 pegasus_crt.a(skbuff.o)
 .data          0xb08197c0        0x4 pegasus_crt.a(ip_input.o)
 .data          0xb08197c4        0x4 pegasus_crt.a(icmpv4.o)
 .data          0xb08197c8        0x8 pegasus_crt.a(tcp.o)
 .data          0xb08197d0        0x4 pegasus_crt.a(route.o)
 *fill*         0xb08197d4        0xc 
 .data          0xb08197e0       0x54 pegasus_crt.a(tcp_sock.o)
                0xb0819800                tcp_ops
 .data          0xb0819834        0xc pegasus_crt.a(ipc.o)
 .data          0xb0819840        0x4 pegasus_crt.a(ip_output.o)
 .data          0xb0819844        0x4 pegasus_crt.a(tcp_input.o)
 .data          0xb0819848        0x8 pegasus_crt.a(udp.o)
 .data          0xb0819850        0x4 pegasus_crt.a(tcp_data.o)
 .data          0xb0819854        0x0 pegasus_crt.a(forkexit.o)
 .data          0xb0819854        0x0 pegasus_crt.a(exec.o)
 .data          0xb0819854        0x0 pegasus_crt.a(alloca.o)
 .data          0xb0819854        0x0 pegasus_crt.a(calloc.o)
 .data          0xb0819854        0x0 pegasus_crt.a(atoi.o)
 .data          0xb0819854        0x0 pegasus_crt.a(strtol.o)
 .data          0xb0819854        0x0 pegasus_crt.a(strtok.o)
 .data          0xb0819854        0x0 pegasus_crt.a(strpbrk.o)
 .data          0xb0819854        0x0 pegasus_crt.a(my_process.o)
 *fill*         0xb0819854        0xc 
 .data          0xb0819860      0x224 pegasus_crt.a(socket.o)
 *fill*         0xb0819a84       0x1c 
 .data          0xb0819aa0       0x54 pegasus_crt.a(udp_sock.o)
                0xb0819ac0                udp_ops
 .data          0xb0819af4        0x4 pegasus_crt.a(sock.o)
 .data          0xb0819af8        0x4 pegasus_crt.a(tcp_output.o)
 .data          0xb0819afc        0x4 pegasus_crt.a(dst.o)
 .data          0xb0819b00       0x80 pegasus_crt.a(inet.o)
                0xb0819b08                inet
 .data          0xb0819b80        0x0 pegasus_crt.a(thread.o)

.data1
 *(.data1)
                0xb0819b80                        _edata = .
                [!provide]                        PROVIDE (edata = .)
                0xb0819b80                        . = .
                0xb0819b80                        __bss_start = .

.bss            0xb0819b80    0xa5088
 *(.dynbss)
 *(.bss .bss.* .gnu.linkonce.b.*)
 .bss           0xb0819b80        0x0 test.o
 .bss           0xb0819b80        0x0 pegasus_crt.a(kernel_main_old.o)
 .bss           0xb0819b80        0x0 pegasus_crt.a(keyboard.o)
 .bss           0xb0819b80        0x0 pegasus_crt.a(process.o)
 .bss           0xb0819b80        0x0 pegasus_crt.a(mem.o)
 .bss           0xb0819b80        0x0 pegasus_crt.a(exec.o)
 .bss           0xb0819b80        0x0 pegasus_crt.a(fork.o)
 .bss           0xb0819b80        0x0 pegasus_crt.a(exit.o)
 .bss           0xb0819b80        0x0 pegasus_crt.a(wait.o)
 .bss           0xb0819b80        0x0 pegasus_crt.a(read.o)
 .bss           0xb0819b80        0x0 pegasus_crt.a(open.o)
 .bss           0xb0819b80        0x0 pegasus_crt.a(write.o)
 .bss           0xb0819b80        0x0 pegasus_crt.a(close.o)
 .bss           0xb0819b80      0x800 pegasus_crt.a(kernel.o)
 .bss           0xb081a380        0x0 pegasus_crt.a(double_link_list.o)
 .bss           0xb081a380        0x0 pegasus_crt.a(protect.o)
 .bss           0xb081a380        0x0 pegasus_crt.a(console.o)
 .bss           0xb081a380        0x0 pegasus_crt.a(global.o)
 .bss           0xb081a380        0x0 pegasus_crt.a(netdev.o)
 .bss           0xb081a380        0x0 pegasus_crt.a(arp.o)
 .bss           0xb081a380        0x0 pegasus_crt.a(task_network.o)
 .bss           0xb081a380        0x0 pegasus_crt.a(utils.o)
 .bss           0xb081a380        0x0 pegasus_crt.a(hd.o)
 .bss           0xb081a380        0x4 pegasus_crt.a(fs_main.o)
                0xb081a380                c
 .bss           0xb081a384        0x0 pegasus_crt.a(main.o)
 .bss           0xb081a384        0x0 pegasus_crt.a(strcmp.o)
 .bss           0xb081a384        0x0 pegasus_crt.a(perror.o)
 .bss           0xb081a384        0x0 pegasus_crt.a(sscanf.o)
 .bss           0xb081a384        0x0 pegasus_crt.a(ntohs.o)
 .bss           0xb081a384        0x0 pegasus_crt.a(htonl.o)
 .bss           0xb081a384        0x0 pegasus_crt.a(htons.o)
 .bss           0xb081a384        0x0 pegasus_crt.a(inet_pton.o)
 .bss           0xb081a384        0x0 pegasus_crt.a(ntohl.o)
 .bss           0xb081a384        0x0 pegasus_crt.a(skbuff.o)
 .bss           0xb081a384        0x0 pegasus_crt.a(ip_input.o)
 .bss           0xb081a384        0x0 pegasus_crt.a(icmpv4.o)
 .bss           0xb081a384        0x0 pegasus_crt.a(tcp.o)
 .bss           0xb081a384        0x0 pegasus_crt.a(route.o)
 .bss           0xb081a384        0x0 pegasus_crt.a(tcp_sock.o)
 .bss           0xb081a384        0x4 pegasus_crt.a(ipc.o)
 .bss           0xb081a388        0x0 pegasus_crt.a(ip_output.o)
 .bss           0xb081a388        0x0 pegasus_crt.a(tcp_input.o)
 .bss           0xb081a388        0x0 pegasus_crt.a(udp.o)
 .bss           0xb081a388        0x0 pegasus_crt.a(tcp_data.o)
 .bss           0xb081a388        0x0 pegasus_crt.a(forkexit.o)
 .bss           0xb081a388        0x0 pegasus_crt.a(exec.o)
 .bss           0xb081a388        0x0 pegasus_crt.a(alloca.o)
 .bss           0xb081a388        0x0 pegasus_crt.a(calloc.o)
 .bss           0xb081a388        0x0 pegasus_crt.a(atoi.o)
 .bss           0xb081a388        0x0 pegasus_crt.a(strtol.o)
 .bss           0xb081a388        0x4 pegasus_crt.a(strtok.o)
 .bss           0xb081a38c        0x0 pegasus_crt.a(strpbrk.o)
 .bss           0xb081a38c        0x0 pegasus_crt.a(my_process.o)
 .bss           0xb081a38c        0x4 pegasus_crt.a(socket.o)
 .bss           0xb081a390        0x4 pegasus_crt.a(udp_sock.o)
 .bss           0xb081a394        0x0 pegasus_crt.a(sock.o)
 .bss           0xb081a394        0x0 pegasus_crt.a(tcp_output.o)
 .bss           0xb081a394        0x0 pegasus_crt.a(dst.o)
 .bss           0xb081a394        0x0 pegasus_crt.a(inet.o)
 .bss           0xb081a394        0x0 pegasus_crt.a(thread.o)
 *(COMMON)
 *fill*         0xb081a394        0xc 
 COMMON         0xb081a3a0     0x17b8 pegasus_crt.a(kernel_main_old.o)
                0xb081a3a0                current_tty
                0xb081a3a4                is_e0
                0xb081a3a8                idt_ptr
                0xb081a3b0                pid
                0xb081a3b4                KernelVirtualMemory
                0xb081a3c0                loop
                0xb081a3c4                current_dis_pos
                0xb081a3c8                dis_pos
                0xb081a3cc                netdev
                0xb081a3d0                k_reenter
                0xb081a3e0                gdt
                0xb081a7e0                proc_ready_table
                0xb081a7e4                test_ticks
                0xb081a7e8                pcaller
                0xb081a800                keyboard_buffer
                0xb081aa0c                pcb_list
                0xb081aa1c                gdt_index
                0xb081aa20                tty_table
                0xb081b260                tss
                0xb081b2cc                KernelPool
                0xb081b2dc                net_buf
                0xb081b2e0                nic_current_page
                0xb081b2e4                counter
                0xb081b2e8                key_pressed
                0xb081b2ec                fork_pid
                0xb081b2f0                is_shift
                0xb081b2f1                net_data
                0xb081b2f4                routes
                0xb081b2f8                gdt_ptr
                0xb081b300                idt
                0xb081bb00                main_thread
                0xb081bb08                ticks
                0xb081bb10                is_init
                0xb081bb14                UserPool
                0xb081bb24                all_pcb_list
                0xb081bb34                console_table
                0xb081bb44                is_disp
                0xb081bb48                MAIN_THREAD_PAGE_DIRECTORY
                0xb081bb4c                helloStr
 *fill*         0xb081bb58        0x8 
 COMMON         0xb081bb60       0xa8 pegasus_crt.a(mem.o)
                0xb081bb60                kernel_mem_block_decs_array
 *fill*         0xb081bc08       0x18 
 COMMON         0xb081bc20    0xa1d40 pegasus_crt.a(global.o)
                0xb081bc20                proc_stack
                0xb08bbc20                proc_table
 COMMON         0xb08bd960      0x440 pegasus_crt.a(hd.o)
                0xb08bd960                hd_info
                0xb08bdba0                hd_cache
 COMMON         0xb08bdda0      0xe68 pegasus_crt.a(fs_main.o)
                0xb08bdda0                file_desc_table
                0xb08be1a0                phy_super_block_buf
                0xb08be1a4                phy_fsbuf
                0xb08be1c0                inode_table
                0xb08bebc0                super_block_buf
                0xb08bebc4                fsbuf
                0xb08bebe0                root
                0xb08bec08                        . = ALIGN ((. != 0x0)?0x4:0x1)
                0xb08bec08                        . = ALIGN (0x4)
                0xb08bec08                        . = SEGMENT_START ("ldata-segment", .)
                0xb08bec08                        . = ALIGN (0x4)
                0xb08bec08                        _end = .
                [!provide]                        PROVIDE (end = .)
                0xb08bec08                        . = DATA_SEGMENT_END (.)

.stab
 *(.stab)

.stabstr
 *(.stabstr)

.stab.excl
 *(.stab.excl)

.stab.exclstr
 *(.stab.exclstr)

.stab.index
 *(.stab.index)

.stab.indexstr
 *(.stab.indexstr)

.comment        0x00000000       0x2c
 *(.comment)
 .comment       0x00000000       0x2c test.o
                                 0x2d (size before relaxing)
 .comment       0x0000002c       0x2d pegasus_crt.a(kernel_main_old.o)
 .comment       0x0000002c       0x2d pegasus_crt.a(keyboard.o)
 .comment       0x0000002c       0x2d pegasus_crt.a(process.o)
 .comment       0x0000002c       0x2d pegasus_crt.a(mem.o)
 .comment       0x0000002c       0x2d pegasus_crt.a(exec.o)
 .comment       0x0000002c       0x2d pegasus_crt.a(fork.o)
 .comment       0x0000002c       0x2d pegasus_crt.a(exit.o)
 .comment       0x0000002c       0x2d pegasus_crt.a(wait.o)
 .comment       0x0000002c       0x2d pegasus_crt.a(read.o)
 .comment       0x0000002c       0x2d pegasus_crt.a(open.o)
 .comment       0x0000002c       0x2d pegasus_crt.a(write.o)
 .comment       0x0000002c       0x2d pegasus_crt.a(close.o)
 .comment       0x0000002c       0x2d pegasus_crt.a(double_link_list.o)
 .comment       0x0000002c       0x2d pegasus_crt.a(protect.o)
 .comment       0x0000002c       0x2d pegasus_crt.a(console.o)
 .comment       0x0000002c       0x2d pegasus_crt.a(global.o)
 .comment       0x0000002c       0x2d pegasus_crt.a(netdev.o)
 .comment       0x0000002c       0x2d pegasus_crt.a(arp.o)
 .comment       0x0000002c       0x2d pegasus_crt.a(task_network.o)
 .comment       0x0000002c       0x2d pegasus_crt.a(utils.o)
 .comment       0x0000002c       0x2d pegasus_crt.a(hd.o)
 .comment       0x0000002c       0x2d pegasus_crt.a(fs_main.o)
 .comment       0x0000002c       0x2d pegasus_crt.a(main.o)
 .comment       0x0000002c       0x2d pegasus_crt.a(strcmp.o)
 .comment       0x0000002c       0x2d pegasus_crt.a(perror.o)
 .comment       0x0000002c       0x2d pegasus_crt.a(sscanf.o)
 .comment       0x0000002c       0x2d pegasus_crt.a(ntohs.o)
 .comment       0x0000002c       0x2d pegasus_crt.a(htonl.o)
 .comment       0x0000002c       0x2d pegasus_crt.a(htons.o)
 .comment       0x0000002c       0x2d pegasus_crt.a(inet_pton.o)
 .comment       0x0000002c       0x2d pegasus_crt.a(ntohl.o)
 .comment       0x0000002c       0x2d pegasus_crt.a(skbuff.o)
 .comment       0x0000002c       0x2d pegasus_crt.a(ip_input.o)
 .comment       0x0000002c       0x2d pegasus_crt.a(icmpv4.o)
 .comment       0x0000002c       0x2d pegasus_crt.a(tcp.o)
 .comment       0x0000002c       0x2d pegasus_crt.a(route.o)
 .comment       0x0000002c       0x2d pegasus_crt.a(tcp_sock.o)
 .comment       0x0000002c       0x2d pegasus_crt.a(ipc.o)
 .comment       0x0000002c       0x2d pegasus_crt.a(ip_output.o)
 .comment       0x0000002c       0x2d pegasus_crt.a(tcp_input.o)
 .comment       0x0000002c       0x2d pegasus_crt.a(udp.o)
 .comment       0x0000002c       0x2d pegasus_crt.a(tcp_data.o)
 .comment       0x0000002c       0x2d pegasus_crt.a(forkexit.o)
 .comment       0x0000002c       0x2d pegasus_crt.a(exec.o)
 .comment       0x0000002c       0x2d pegasus_crt.a(alloca.o)
 .comment       0x0000002c       0x2d pegasus_crt.a(calloc.o)
 .comment       0x0000002c       0x2d pegasus_crt.a(atoi.o)
 .comment       0x0000002c       0x2d pegasus_crt.a(strtol.o)
 .comment       0x0000002c       0x2d pegasus_crt.a(strtok.o)
 .comment       0x0000002c       0x2d pegasus_crt.a(strpbrk.o)
 .comment       0x0000002c       0x2d pegasus_crt.a(my_process.o)
 .comment       0x0000002c       0x2d pegasus_crt.a(socket.o)
 .comment       0x0000002c       0x2d pegasus_crt.a(udp_sock.o)
 .comment       0x0000002c       0x2d pegasus_crt.a(sock.o)
 .comment       0x0000002c       0x2d pegasus_crt.a(tcp_output.o)
 .comment       0x0000002c       0x2d pegasus_crt.a(dst.o)
 .comment       0x0000002c       0x2d pegasus_crt.a(inet.o)
 .comment       0x0000002c       0x2d pegasus_crt.a(thread.o)

.gnu.build.attributes
 *(.gnu.build.attributes .gnu.build.attributes.*)

.debug
 *(.debug)

.line
 *(.line)

.debug_srcinfo
 *(.debug_srcinfo)

.debug_sfnames
 *(.debug_sfnames)

.debug_aranges  0x00000000      0x738
 *(.debug_aranges)
 .debug_aranges
                0x00000000       0x20 pegasus_crt.a(kernel_main_old.o)
 .debug_aranges
                0x00000020       0x20 pegasus_crt.a(keyboard.o)
 .debug_aranges
                0x00000040       0x20 pegasus_crt.a(process.o)
 .debug_aranges
                0x00000060       0x20 pegasus_crt.a(mem.o)
 .debug_aranges
                0x00000080       0x20 pegasus_crt.a(exec.o)
 .debug_aranges
                0x000000a0       0x20 pegasus_crt.a(fork.o)
 .debug_aranges
                0x000000c0       0x20 pegasus_crt.a(exit.o)
 .debug_aranges
                0x000000e0       0x20 pegasus_crt.a(wait.o)
 .debug_aranges
                0x00000100       0x20 pegasus_crt.a(read.o)
 .debug_aranges
                0x00000120       0x20 pegasus_crt.a(open.o)
 .debug_aranges
                0x00000140       0x20 pegasus_crt.a(write.o)
 .debug_aranges
                0x00000160       0x20 pegasus_crt.a(close.o)
 .debug_aranges
                0x00000180       0x20 pegasus_crt.a(double_link_list.o)
 .debug_aranges
                0x000001a0       0x20 pegasus_crt.a(protect.o)
 .debug_aranges
                0x000001c0       0x20 pegasus_crt.a(console.o)
 .debug_aranges
                0x000001e0       0x18 pegasus_crt.a(global.o)
 .debug_aranges
                0x000001f8       0x20 pegasus_crt.a(netdev.o)
 .debug_aranges
                0x00000218       0x20 pegasus_crt.a(arp.o)
 .debug_aranges
                0x00000238       0x20 pegasus_crt.a(task_network.o)
 .debug_aranges
                0x00000258       0x20 pegasus_crt.a(utils.o)
 .debug_aranges
                0x00000278       0x20 pegasus_crt.a(hd.o)
 .debug_aranges
                0x00000298       0x20 pegasus_crt.a(fs_main.o)
 .debug_aranges
                0x000002b8       0x20 pegasus_crt.a(main.o)
 .debug_aranges
                0x000002d8       0x20 pegasus_crt.a(strcmp.o)
 .debug_aranges
                0x000002f8       0x20 pegasus_crt.a(perror.o)
 .debug_aranges
                0x00000318       0x20 pegasus_crt.a(sscanf.o)
 .debug_aranges
                0x00000338       0x20 pegasus_crt.a(ntohs.o)
 .debug_aranges
                0x00000358       0x20 pegasus_crt.a(htonl.o)
 .debug_aranges
                0x00000378       0x20 pegasus_crt.a(htons.o)
 .debug_aranges
                0x00000398       0x20 pegasus_crt.a(inet_pton.o)
 .debug_aranges
                0x000003b8       0x20 pegasus_crt.a(ntohl.o)
 .debug_aranges
                0x000003d8       0x20 pegasus_crt.a(skbuff.o)
 .debug_aranges
                0x000003f8       0x20 pegasus_crt.a(ip_input.o)
 .debug_aranges
                0x00000418       0x20 pegasus_crt.a(icmpv4.o)
 .debug_aranges
                0x00000438       0x20 pegasus_crt.a(tcp.o)
 .debug_aranges
                0x00000458       0x20 pegasus_crt.a(route.o)
 .debug_aranges
                0x00000478       0x20 pegasus_crt.a(tcp_sock.o)
 .debug_aranges
                0x00000498       0x20 pegasus_crt.a(ipc.o)
 .debug_aranges
                0x000004b8       0x20 pegasus_crt.a(ip_output.o)
 .debug_aranges
                0x000004d8       0x20 pegasus_crt.a(tcp_input.o)
 .debug_aranges
                0x000004f8       0x20 pegasus_crt.a(udp.o)
 .debug_aranges
                0x00000518       0x20 pegasus_crt.a(tcp_data.o)
 .debug_aranges
                0x00000538       0x20 pegasus_crt.a(forkexit.o)
 .debug_aranges
                0x00000558       0x20 pegasus_crt.a(exec.o)
 .debug_aranges
                0x00000578       0x20 pegasus_crt.a(alloca.o)
 .debug_aranges
                0x00000598       0x20 pegasus_crt.a(calloc.o)
 .debug_aranges
                0x000005b8       0x20 pegasus_crt.a(atoi.o)
 .debug_aranges
                0x000005d8       0x20 pegasus_crt.a(strtol.o)
 .debug_aranges
                0x000005f8       0x20 pegasus_crt.a(strtok.o)
 .debug_aranges
                0x00000618       0x20 pegasus_crt.a(strpbrk.o)
 .debug_aranges
                0x00000638       0x20 pegasus_crt.a(my_process.o)
 .debug_aranges
                0x00000658       0x20 pegasus_crt.a(socket.o)
 .debug_aranges
                0x00000678       0x20 pegasus_crt.a(udp_sock.o)
 .debug_aranges
                0x00000698       0x20 pegasus_crt.a(sock.o)
 .debug_aranges
                0x000006b8       0x20 pegasus_crt.a(tcp_output.o)
 .debug_aranges
                0x000006d8       0x20 pegasus_crt.a(dst.o)
 .debug_aranges
                0x000006f8       0x20 pegasus_crt.a(inet.o)
 .debug_aranges
                0x00000718       0x20 pegasus_crt.a(thread.o)

.debug_pubnames
 *(.debug_pubnames)

.debug_info     0x00000000    0x3ddb1
 *(.debug_info .gnu.linkonce.wi.*)
 .debug_info    0x00000000     0x28ca pegasus_crt.a(kernel_main_old.o)
 .debug_info    0x000028ca     0x104d pegasus_crt.a(keyboard.o)
 .debug_info    0x00003917      0xfd1 pegasus_crt.a(process.o)
 .debug_info    0x000048e8     0x1dcd pegasus_crt.a(mem.o)
 .debug_info    0x000066b5      0xfaf pegasus_crt.a(exec.o)
 .debug_info    0x00007664      0xe17 pegasus_crt.a(fork.o)
 .debug_info    0x0000847b      0xe22 pegasus_crt.a(exit.o)
 .debug_info    0x0000929d      0xe30 pegasus_crt.a(wait.o)
 .debug_info    0x0000a0cd      0xea1 pegasus_crt.a(read.o)
 .debug_info    0x0000af6e      0xe02 pegasus_crt.a(open.o)
 .debug_info    0x0000bd70      0xe9e pegasus_crt.a(write.o)
 .debug_info    0x0000cc0e      0xdb6 pegasus_crt.a(close.o)
 .debug_info    0x0000d9c4     0x10b1 pegasus_crt.a(double_link_list.o)
 .debug_info    0x0000ea75     0x1224 pegasus_crt.a(protect.o)
 .debug_info    0x0000fc99     0x12f9 pegasus_crt.a(console.o)
 .debug_info    0x00010f92      0xef9 pegasus_crt.a(global.o)
 .debug_info    0x00011e8b     0x1948 pegasus_crt.a(netdev.o)
 .debug_info    0x000137d3     0x19b6 pegasus_crt.a(arp.o)
 .debug_info    0x00015189     0x112b pegasus_crt.a(task_network.o)
 .debug_info    0x000162b4      0x367 pegasus_crt.a(utils.o)
 .debug_info    0x0001661b     0x1868 pegasus_crt.a(hd.o)
 .debug_info    0x00017e83     0x1faa pegasus_crt.a(fs_main.o)
 .debug_info    0x00019e2d      0xe3b pegasus_crt.a(main.o)
 .debug_info    0x0001ac68       0xc1 pegasus_crt.a(strcmp.o)
 .debug_info    0x0001ad29       0x5c pegasus_crt.a(perror.o)
 .debug_info    0x0001ad85      0x202 pegasus_crt.a(sscanf.o)
 .debug_info    0x0001af87       0xa8 pegasus_crt.a(ntohs.o)
 .debug_info    0x0001b02f       0xcb pegasus_crt.a(htonl.o)
 .debug_info    0x0001b0fa       0xa8 pegasus_crt.a(htons.o)
 .debug_info    0x0001b1a2      0x260 pegasus_crt.a(inet_pton.o)
 .debug_info    0x0001b402       0xcb pegasus_crt.a(ntohl.o)
 .debug_info    0x0001b4cd     0x11cc pegasus_crt.a(skbuff.o)
 .debug_info    0x0001c699     0x1ae1 pegasus_crt.a(ip_input.o)
 .debug_info    0x0001e17a     0x193f pegasus_crt.a(icmpv4.o)
 .debug_info    0x0001fab9     0x1e44 pegasus_crt.a(tcp.o)
 .debug_info    0x000218fd     0x1390 pegasus_crt.a(route.o)
 .debug_info    0x00022c8d     0x2235 pegasus_crt.a(tcp_sock.o)
 .debug_info    0x00024ec2     0x1dac pegasus_crt.a(ipc.o)
 .debug_info    0x00026c6e     0x177b pegasus_crt.a(ip_output.o)
 .debug_info    0x000283e9     0x2147 pegasus_crt.a(tcp_input.o)
 .debug_info    0x0002a530     0x1b44 pegasus_crt.a(udp.o)
 .debug_info    0x0002c074     0x1dad pegasus_crt.a(tcp_data.o)
 .debug_info    0x0002de21     0x100d pegasus_crt.a(forkexit.o)
 .debug_info    0x0002ee2e     0x1249 pegasus_crt.a(exec.o)
 .debug_info    0x00030077       0xb6 pegasus_crt.a(alloca.o)
 .debug_info    0x0003012d      0xf28 pegasus_crt.a(calloc.o)
 .debug_info    0x00031055       0xc9 pegasus_crt.a(atoi.o)
 .debug_info    0x0003111e       0xd6 pegasus_crt.a(strtol.o)
 .debug_info    0x000311f4       0xae pegasus_crt.a(strtok.o)
 .debug_info    0x000312a2       0xcf pegasus_crt.a(strpbrk.o)
 .debug_info    0x00031371     0x150c pegasus_crt.a(my_process.o)
 .debug_info    0x0003287d     0x1c35 pegasus_crt.a(socket.o)
 .debug_info    0x000344b2     0x1f13 pegasus_crt.a(udp_sock.o)
 .debug_info    0x000363c5     0x1896 pegasus_crt.a(sock.o)
 .debug_info    0x00037c5b     0x235f pegasus_crt.a(tcp_output.o)
 .debug_info    0x00039fba     0x1285 pegasus_crt.a(dst.o)
 .debug_info    0x0003b23f     0x1a9a pegasus_crt.a(inet.o)
 .debug_info    0x0003ccd9     0x10d8 pegasus_crt.a(thread.o)

.debug_abbrev   0x00000000     0x7511
 *(.debug_abbrev)
 .debug_abbrev  0x00000000      0x43a pegasus_crt.a(kernel_main_old.o)
 .debug_abbrev  0x0000043a      0x1fb pegasus_crt.a(keyboard.o)
 .debug_abbrev  0x00000635      0x1e0 pegasus_crt.a(process.o)
 .debug_abbrev  0x00000815      0x330 pegasus_crt.a(mem.o)
 .debug_abbrev  0x00000b45      0x1e8 pegasus_crt.a(exec.o)
 .debug_abbrev  0x00000d2d      0x18a pegasus_crt.a(fork.o)
 .debug_abbrev  0x00000eb7      0x19b pegasus_crt.a(exit.o)
 .debug_abbrev  0x00001052      0x19f pegasus_crt.a(wait.o)
 .debug_abbrev  0x000011f1      0x1ef pegasus_crt.a(read.o)
 .debug_abbrev  0x000013e0      0x1c5 pegasus_crt.a(open.o)
 .debug_abbrev  0x000015a5      0x1db pegasus_crt.a(write.o)
 .debug_abbrev  0x00001780      0x19d pegasus_crt.a(close.o)
 .debug_abbrev  0x0000191d      0x216 pegasus_crt.a(double_link_list.o)
 .debug_abbrev  0x00001b33      0x227 pegasus_crt.a(protect.o)
 .debug_abbrev  0x00001d5a      0x2ac pegasus_crt.a(console.o)
 .debug_abbrev  0x00002006      0x157 pegasus_crt.a(global.o)
 .debug_abbrev  0x0000215d      0x336 pegasus_crt.a(netdev.o)
 .debug_abbrev  0x00002493      0x345 pegasus_crt.a(arp.o)
 .debug_abbrev  0x000027d8      0x1cf pegasus_crt.a(task_network.o)
 .debug_abbrev  0x000029a7      0x17a pegasus_crt.a(utils.o)
 .debug_abbrev  0x00002b21      0x2e3 pegasus_crt.a(hd.o)
 .debug_abbrev  0x00002e04      0x2f8 pegasus_crt.a(fs_main.o)
 .debug_abbrev  0x000030fc      0x208 pegasus_crt.a(main.o)
 .debug_abbrev  0x00003304       0x94 pegasus_crt.a(strcmp.o)
 .debug_abbrev  0x00003398       0x5c pegasus_crt.a(perror.o)
 .debug_abbrev  0x000033f4       0xca pegasus_crt.a(sscanf.o)
 .debug_abbrev  0x000034be       0x6c pegasus_crt.a(ntohs.o)
 .debug_abbrev  0x0000352a       0xa5 pegasus_crt.a(htonl.o)
 .debug_abbrev  0x000035cf       0x6c pegasus_crt.a(htons.o)
 .debug_abbrev  0x0000363b      0x116 pegasus_crt.a(inet_pton.o)
 .debug_abbrev  0x00003751       0xa5 pegasus_crt.a(ntohl.o)
 .debug_abbrev  0x000037f6      0x23f pegasus_crt.a(skbuff.o)
 .debug_abbrev  0x00003a35      0x2d1 pegasus_crt.a(ip_input.o)
 .debug_abbrev  0x00003d06      0x236 pegasus_crt.a(icmpv4.o)
 .debug_abbrev  0x00003f3c      0x332 pegasus_crt.a(tcp.o)
 .debug_abbrev  0x0000426e      0x263 pegasus_crt.a(route.o)
 .debug_abbrev  0x000044d1      0x3e6 pegasus_crt.a(tcp_sock.o)
 .debug_abbrev  0x000048b7      0x311 pegasus_crt.a(ipc.o)
 .debug_abbrev  0x00004bc8      0x213 pegasus_crt.a(ip_output.o)
 .debug_abbrev  0x00004ddb      0x355 pegasus_crt.a(tcp_input.o)
 .debug_abbrev  0x00005130      0x2d3 pegasus_crt.a(udp.o)
 .debug_abbrev  0x00005403      0x2a6 pegasus_crt.a(tcp_data.o)
 .debug_abbrev  0x000056a9      0x204 pegasus_crt.a(forkexit.o)
 .debug_abbrev  0x000058ad      0x1c4 pegasus_crt.a(exec.o)
 .debug_abbrev  0x00005a71       0xcd pegasus_crt.a(alloca.o)
 .debug_abbrev  0x00005b3e      0x191 pegasus_crt.a(calloc.o)
 .debug_abbrev  0x00005ccf       0x94 pegasus_crt.a(atoi.o)
 .debug_abbrev  0x00005d63       0x8b pegasus_crt.a(strtol.o)
 .debug_abbrev  0x00005dee       0x91 pegasus_crt.a(strtok.o)
 .debug_abbrev  0x00005e7f       0xa5 pegasus_crt.a(strpbrk.o)
 .debug_abbrev  0x00005f24      0x260 pegasus_crt.a(my_process.o)
 .debug_abbrev  0x00006184      0x327 pegasus_crt.a(socket.o)
 .debug_abbrev  0x000064ab      0x3b1 pegasus_crt.a(udp_sock.o)
 .debug_abbrev  0x0000685c      0x273 pegasus_crt.a(sock.o)
 .debug_abbrev  0x00006acf      0x39b pegasus_crt.a(tcp_output.o)
 .debug_abbrev  0x00006e6a      0x23a pegasus_crt.a(dst.o)
 .debug_abbrev  0x000070a4      0x24b pegasus_crt.a(inet.o)
 .debug_abbrev  0x000072ef      0x222 pegasus_crt.a(thread.o)

.debug_line     0x00000000     0x9d34
 *(.debug_line .debug_line.* .debug_line_end)
 .debug_line    0x00000000      0xe38 pegasus_crt.a(kernel_main_old.o)
 .debug_line    0x00000e38      0x2b4 pegasus_crt.a(keyboard.o)
 .debug_line    0x000010ec      0x1dc pegasus_crt.a(process.o)
 .debug_line    0x000012c8      0x78e pegasus_crt.a(mem.o)
 .debug_line    0x00001a56      0x1a9 pegasus_crt.a(exec.o)
 .debug_line    0x00001bff       0xc3 pegasus_crt.a(fork.o)
 .debug_line    0x00001cc2       0xbe pegasus_crt.a(exit.o)
 .debug_line    0x00001d80       0xd5 pegasus_crt.a(wait.o)
 .debug_line    0x00001e55      0x15b pegasus_crt.a(read.o)
 .debug_line    0x00001fb0       0xc3 pegasus_crt.a(open.o)
 .debug_line    0x00002073       0xe0 pegasus_crt.a(write.o)
 .debug_line    0x00002153       0xb3 pegasus_crt.a(close.o)
 .debug_line    0x00002206      0x235 pegasus_crt.a(double_link_list.o)
 .debug_line    0x0000243b      0x21d pegasus_crt.a(protect.o)
 .debug_line    0x00002658      0x56c pegasus_crt.a(console.o)
 .debug_line    0x00002bc4       0xb3 pegasus_crt.a(global.o)
 .debug_line    0x00002c77      0x4b2 pegasus_crt.a(netdev.o)
 .debug_line    0x00003129      0x587 pegasus_crt.a(arp.o)
 .debug_line    0x000036b0      0x200 pegasus_crt.a(task_network.o)
 .debug_line    0x000038b0      0x13c pegasus_crt.a(utils.o)
 .debug_line    0x000039ec      0x64d pegasus_crt.a(hd.o)
 .debug_line    0x00004039      0xc43 pegasus_crt.a(fs_main.o)
 .debug_line    0x00004c7c      0x10a pegasus_crt.a(main.o)
 .debug_line    0x00004d86       0x9c pegasus_crt.a(strcmp.o)
 .debug_line    0x00004e22       0x48 pegasus_crt.a(perror.o)
 .debug_line    0x00004e6a      0x220 pegasus_crt.a(sscanf.o)
 .debug_line    0x0000508a       0x6c pegasus_crt.a(ntohs.o)
 .debug_line    0x000050f6       0xc1 pegasus_crt.a(htonl.o)
 .debug_line    0x000051b7       0x6c pegasus_crt.a(htons.o)
 .debug_line    0x00005223      0x167 pegasus_crt.a(inet_pton.o)
 .debug_line    0x0000538a       0xc1 pegasus_crt.a(ntohl.o)
 .debug_line    0x0000544b      0x1ab pegasus_crt.a(skbuff.o)
 .debug_line    0x000055f6      0x28e pegasus_crt.a(ip_input.o)
 .debug_line    0x00005884      0x232 pegasus_crt.a(icmpv4.o)
 .debug_line    0x00005ab6      0x30d pegasus_crt.a(tcp.o)
 .debug_line    0x00005dc3      0x2a9 pegasus_crt.a(route.o)
 .debug_line    0x0000606c      0x599 pegasus_crt.a(tcp_sock.o)
 .debug_line    0x00006605      0x61e pegasus_crt.a(ipc.o)
 .debug_line    0x00006c23      0x20b pegasus_crt.a(ip_output.o)
 .debug_line    0x00006e2e      0x671 pegasus_crt.a(tcp_input.o)
 .debug_line    0x0000749f      0x302 pegasus_crt.a(udp.o)
 .debug_line    0x000077a1      0x3ff pegasus_crt.a(tcp_data.o)
 .debug_line    0x00007ba0      0x192 pegasus_crt.a(forkexit.o)
 .debug_line    0x00007d32      0x22a pegasus_crt.a(exec.o)
 .debug_line    0x00007f5c       0x5f pegasus_crt.a(alloca.o)
 .debug_line    0x00007fbb       0xf9 pegasus_crt.a(calloc.o)
 .debug_line    0x000080b4       0xad pegasus_crt.a(atoi.o)
 .debug_line    0x00008161       0xbb pegasus_crt.a(strtol.o)
 .debug_line    0x0000821c       0x6e pegasus_crt.a(strtok.o)
 .debug_line    0x0000828a       0xb0 pegasus_crt.a(strpbrk.o)
 .debug_line    0x0000833a      0x359 pegasus_crt.a(my_process.o)
 .debug_line    0x00008693      0x3c8 pegasus_crt.a(socket.o)
 .debug_line    0x00008a5b      0x4c8 pegasus_crt.a(udp_sock.o)
 .debug_line    0x00008f23      0x238 pegasus_crt.a(sock.o)
 .debug_line    0x0000915b      0x5a1 pegasus_crt.a(tcp_output.o)
 .debug_line    0x000096fc      0x1af pegasus_crt.a(dst.o)
 .debug_line    0x000098ab      0x326 pegasus_crt.a(inet.o)
 .debug_line    0x00009bd1      0x163 pegasus_crt.a(thread.o)

.debug_frame
 *(.debug_frame)

.debug_str      0x00000000     0x36e6
 *(.debug_str)
 .debug_str     0x00000000     0x36e6 pegasus_crt.a(kernel_main_old.o)
                                0xba3 (size before relaxing)
 .debug_str     0x000036e6      0x6b4 pegasus_crt.a(keyboard.o)
 .debug_str     0x000036e6      0x662 pegasus_crt.a(process.o)
 .debug_str     0x000036e6      0xad6 pegasus_crt.a(mem.o)
 .debug_str     0x000036e6      0x644 pegasus_crt.a(exec.o)
 .debug_str     0x000036e6      0x5b6 pegasus_crt.a(fork.o)
 .debug_str     0x000036e6      0x5bd pegasus_crt.a(exit.o)
 .debug_str     0x000036e6      0x5bd pegasus_crt.a(wait.o)
 .debug_str     0x000036e6      0x617 pegasus_crt.a(read.o)
 .debug_str     0x000036e6      0x5de pegasus_crt.a(open.o)
 .debug_str     0x000036e6      0x5f3 pegasus_crt.a(write.o)
 .debug_str     0x000036e6      0x5a6 pegasus_crt.a(close.o)
 .debug_str     0x000036e6      0x6fa pegasus_crt.a(double_link_list.o)
 .debug_str     0x000036e6      0x783 pegasus_crt.a(protect.o)
 .debug_str     0x000036e6      0x777 pegasus_crt.a(console.o)
 .debug_str     0x000036e6      0x628 pegasus_crt.a(global.o)
 .debug_str     0x000036e6      0x92f pegasus_crt.a(netdev.o)
 .debug_str     0x000036e6      0x92d pegasus_crt.a(arp.o)
 .debug_str     0x000036e6      0x6d7 pegasus_crt.a(task_network.o)
 .debug_str     0x000036e6      0x1b8 pegasus_crt.a(utils.o)
 .debug_str     0x000036e6      0x931 pegasus_crt.a(hd.o)
 .debug_str     0x000036e6      0xb12 pegasus_crt.a(fs_main.o)
 .debug_str     0x000036e6      0x5b0 pegasus_crt.a(main.o)
 .debug_str     0x000036e6       0xb1 pegasus_crt.a(strcmp.o)
 .debug_str     0x000036e6       0x99 pegasus_crt.a(perror.o)
 .debug_str     0x000036e6      0x109 pegasus_crt.a(sscanf.o)
 .debug_str     0x000036e6      0x101 pegasus_crt.a(ntohs.o)
 .debug_str     0x000036e6       0xf4 pegasus_crt.a(htonl.o)
 .debug_str     0x000036e6      0x102 pegasus_crt.a(htons.o)
 .debug_str     0x000036e6      0x14c pegasus_crt.a(inet_pton.o)
 .debug_str     0x000036e6       0xf3 pegasus_crt.a(ntohl.o)
 .debug_str     0x000036e6      0x71a pegasus_crt.a(skbuff.o)
 .debug_str     0x000036e6      0x9a2 pegasus_crt.a(ip_input.o)
 .debug_str     0x000036e6      0x921 pegasus_crt.a(icmpv4.o)
 .debug_str     0x000036e6      0xb34 pegasus_crt.a(tcp.o)
 .debug_str     0x000036e6      0x7ce pegasus_crt.a(route.o)
 .debug_str     0x000036e6      0xcc7 pegasus_crt.a(tcp_sock.o)
 .debug_str     0x000036e6      0x94c pegasus_crt.a(ipc.o)
 .debug_str     0x000036e6      0x85d pegasus_crt.a(ip_output.o)
 .debug_str     0x000036e6      0xb94 pegasus_crt.a(tcp_input.o)
 .debug_str     0x000036e6      0x954 pegasus_crt.a(udp.o)
 .debug_str     0x000036e6      0xa50 pegasus_crt.a(tcp_data.o)
 .debug_str     0x000036e6      0x62f pegasus_crt.a(forkexit.o)
 .debug_str     0x000036e6      0x885 pegasus_crt.a(exec.o)
 .debug_str     0x000036e6       0xce pegasus_crt.a(alloca.o)
 .debug_str     0x000036e6      0x649 pegasus_crt.a(calloc.o)
 .debug_str     0x000036e6       0xad pegasus_crt.a(atoi.o)
 .debug_str     0x000036e6       0xc6 pegasus_crt.a(strtol.o)
 .debug_str     0x000036e6       0xb9 pegasus_crt.a(strtok.o)
 .debug_str     0x000036e6       0xc1 pegasus_crt.a(strpbrk.o)
 .debug_str     0x000036e6      0x916 pegasus_crt.a(my_process.o)
 .debug_str     0x000036e6      0x946 pegasus_crt.a(socket.o)
 .debug_str     0x000036e6      0xa78 pegasus_crt.a(udp_sock.o)
 .debug_str     0x000036e6      0x8bd pegasus_crt.a(sock.o)
 .debug_str     0x000036e6      0xc24 pegasus_crt.a(tcp_output.o)
 .debug_str     0x000036e6      0x735 pegasus_crt.a(dst.o)
 .debug_str     0x000036e6      0x905 pegasus_crt.a(inet.o)
 .debug_str     0x000036e6      0x72f pegasus_crt.a(thread.o)

.debug_loc
 *(.debug_loc)

.debug_macinfo
 *(.debug_macinfo)

.debug_weaknames
 *(.debug_weaknames)

.debug_funcnames
 *(.debug_funcnames)

.debug_typenames
 *(.debug_typenames)

.debug_varnames
 *(.debug_varnames)

.debug_pubtypes
 *(.debug_pubtypes)

.debug_ranges   0x00000000       0x90
 *(.debug_ranges)
 .debug_ranges  0x00000000       0x30 pegasus_crt.a(kernel_main_old.o)
 .debug_ranges  0x00000030       0x48 pegasus_crt.a(hd.o)
 .debug_ranges  0x00000078       0x18 pegasus_crt.a(exec.o)

.debug_addr
 *(.debug_addr)

.debug_line_str
 *(.debug_line_str)

.debug_loclists
 *(.debug_loclists)

.debug_macro
 *(.debug_macro)

.debug_names
 *(.debug_names)

.debug_rnglists
 *(.debug_rnglists)

.debug_str_offsets
 *(.debug_str_offsets)

.debug_sup
 *(.debug_sup)

.gnu.attributes
 *(.gnu.attributes)

/DISCARD/
 *(.note.GNU-stack)
 *(.gnu_debuglink)
 *(.gnu.lto_*)
OUTPUT(test elf32-i386)
