Archive member included to satisfy reference by file (symbol)

pegasus_crt.a(kernel_main_old.o)
                              test.o (Printf)
pegasus_crt.a(keyboard.o)     pegasus_crt.a(kernel_main_old.o) (init_keyboard_handler)
pegasus_crt.a(process.o)      pegasus_crt.a(kernel_main_old.o) (schedule_process)
pegasus_crt.a(mem.o)          pegasus_crt.a(kernel_main_old.o) (ptr_pde)
pegasus_crt.a(exec.o)         pegasus_crt.a(kernel_main_old.o) (execl)
pegasus_crt.a(exit.o)         start.o (exit)
pegasus_crt.a(wait.o)         pegasus_crt.a(kernel_main_old.o) (wait)
pegasus_crt.a(fork.o)         pegasus_crt.a(kernel_main_old.o) (fork)
pegasus_crt.a(read.o)         pegasus_crt.a(kernel_main_old.o) (read)
pegasus_crt.a(open.o)         pegasus_crt.a(kernel_main_old.o) (open)
pegasus_crt.a(write.o)        pegasus_crt.a(kernel_main_old.o) (write)
pegasus_crt.a(close.o)        pegasus_crt.a(kernel_main_old.o) (close)
pegasus_crt.a(kernel.o)       pegasus_crt.a(kernel_main_old.o) (disp_str)
pegasus_crt.a(switch_to.o)    pegasus_crt.a(process.o) (switch_to)
pegasus_crt.a(string.o)       pegasus_crt.a(kernel_main_old.o) (Memcpy2)
pegasus_crt.a(syscall.o)      pegasus_crt.a(kernel_main_old.o) (write_debug)
pegasus_crt.a(double_link_list.o)
                              pegasus_crt.a(mem.o) (initDoubleLinkList)
pegasus_crt.a(protect.o)      pegasus_crt.a(kernel_main_old.o) (InitInterruptDesc)
pegasus_crt.a(global.o)       pegasus_crt.a(protect.o) (proc_table)
pegasus_crt.a(console.o)      pegasus_crt.a(keyboard.o) (select_console)
pegasus_crt.a(task_network.o)
                              pegasus_crt.a(global.o) (task_network)
pegasus_crt.a(hd.o)           pegasus_crt.a(global.o) (TaskHD)
pegasus_crt.a(fs_main.o)      pegasus_crt.a(global.o) (task_fs)
pegasus_crt.a(main.o)         pegasus_crt.a(global.o) (TaskMM)
pegasus_crt.a(strcmp.o)       pegasus_crt.a(fs_main.o) (strcmp)
pegasus_crt.a(hd_rdwt.o)      pegasus_crt.a(hd.o) (read_port)
pegasus_crt.a(netdev.o)       pegasus_crt.a(task_network.o) (netdev_rx_loop)
pegasus_crt.a(arp.o)          pegasus_crt.a(netdev.o) (arp_rcv)
pegasus_crt.a(ipc.o)          pegasus_crt.a(task_network.o) (demux_ipc_socket_call)
pegasus_crt.a(skbuff.o)       pegasus_crt.a(netdev.o) (alloc_skb)
pegasus_crt.a(utils.o)        pegasus_crt.a(arp.o) (print_err)
pegasus_crt.a(forkexit.o)     pegasus_crt.a(main.o) (do_fork)
pegasus_crt.a(exec.o)         pegasus_crt.a(main.o) (do_exec)
pegasus_crt.a(calloc.o)       pegasus_crt.a(ipc.o) (calloc)
pegasus_crt.a(alloca.o)       pegasus_crt.a(ipc.o) (alloca)
pegasus_crt.a(perror.o)       pegasus_crt.a(netdev.o) (perror)
pegasus_crt.a(sscanf.o)       pegasus_crt.a(netdev.o) (sscanf)
pegasus_crt.a(ntohs.o)        pegasus_crt.a(netdev.o) (ntohs)
pegasus_crt.a(htonl.o)        pegasus_crt.a(arp.o) (htonl)
pegasus_crt.a(htons.o)        pegasus_crt.a(netdev.o) (htons)
pegasus_crt.a(inet_pton.o)    pegasus_crt.a(netdev.o) (inet_pton)
pegasus_crt.a(ntohl.o)        pegasus_crt.a(netdev.o) (ntohl)
pegasus_crt.a(ne2000.o)       pegasus_crt.a(netdev.o) (DriverSend)
pegasus_crt.a(my_process.o)   pegasus_crt.a(forkexit.o) (fork_process)
pegasus_crt.a(socket.o)       pegasus_crt.a(ipc.o) (_socket)
pegasus_crt.a(ip_input.o)     pegasus_crt.a(netdev.o) (ip_rcv)
pegasus_crt.a(tcp.o)          pegasus_crt.a(ip_input.o) (tcp_in)
pegasus_crt.a(icmpv4.o)       pegasus_crt.a(ip_input.o) (icmpv4_incoming)
pegasus_crt.a(inet.o)         pegasus_crt.a(socket.o) (inet)
pegasus_crt.a(tcp_input.o)    pegasus_crt.a(tcp.o) (tcp_process)
pegasus_crt.a(udp.o)          pegasus_crt.a(ip_input.o) (udp_in)
pegasus_crt.a(tcp_data.o)     pegasus_crt.a(tcp_input.o) (tcp_data_dequeue)
pegasus_crt.a(floor.o)        pegasus_crt.a(alloca.o) (floor)
pegasus_crt.a(strtok.o)       pegasus_crt.a(inet_pton.o) (strtok)
pegasus_crt.a(strpbrk.o)      pegasus_crt.a(strtok.o) (strpbrk)
pegasus_crt.a(thread.o)       pegasus_crt.a(my_process.o) (thread_init)
pegasus_crt.a(udp_sock.o)     pegasus_crt.a(udp.o) (udp_lookup_sock)
pegasus_crt.a(tcp_sock.o)     pegasus_crt.a(tcp_input.o) (tcp_established_or_syn_recvd_socks_enqueue)
pegasus_crt.a(ip_output.o)    pegasus_crt.a(icmpv4.o) (ip_output)
pegasus_crt.a(sock.o)         pegasus_crt.a(inet.o) (sk_alloc)
pegasus_crt.a(tcp_output.o)   pegasus_crt.a(tcp_input.o) (tcp_send_synack)
pegasus_crt.a(route.o)        pegasus_crt.a(ip_output.o) (route_lookup)
pegasus_crt.a(dst.o)          pegasus_crt.a(ip_output.o) (dst_neigh_output)

Merging program properties

Removed property 0xc0010001 to merge test.o (0x1) and start.o (not found)
Removed property 0xc0010002 to merge test.o (0x0) and start.o (not found)
Removed property 0xc0010001 to merge test.o (not found) and pegasus_crt.a(kernel_main_old.o) (0x1)
Removed property 0xc0010002 to merge test.o (not found) and pegasus_crt.a(kernel_main_old.o) (0x1)
Removed property 0xc0010001 to merge test.o (not found) and pegasus_crt.a(keyboard.o) (0x1)
[...]
Memory Configuration

Name             Origin             Length             Attributes
*default*        0x00000000         0xffffffff

Linker script and memory map

Address of section .text set to 0xb0800000
LOAD test.o
LOAD start.o
LOAD pegasus_crt.a
                [!provide]                        PROVIDE (__executable_start = SEGMENT_START ("text-segment", 0x8048000))
                0x080480d4                        . = (SEGMENT_START ("text-segment", 0x8048000) + SIZEOF_HEADERS)

.interp
 *(.interp)

.note.gnu.build-id
 *(.note.gnu.build-id)

.hash
 *(.hash)

.gnu.hash
 *(.gnu.hash)

.dynsym
 *(.dynsym)

.dynstr
 *(.dynstr)

.gnu.version
 *(.gnu.version)

.gnu.version_d
 *(.gnu.version_d)

.gnu.version_r
 *(.gnu.version_r)

.rel.dyn        0x080480d4        0x0
 *(.rel.init)
 *(.rel.text .rel.text.* .rel.gnu.linkonce.t.*)
 .rel.text      0x080480d4        0x0 test.o
 *(.rel.fini)
 *(.rel.rodata .rel.rodata.* .rel.gnu.linkonce.r.*)
 *(.rel.data.rel.ro .rel.data.rel.ro.* .rel.gnu.linkonce.d.rel.ro.*)
 *(.rel.data .rel.data.* .rel.gnu.linkonce.d.*)
 *(.rel.tdata .rel.tdata.* .rel.gnu.linkonce.td.*)
 *(.rel.tbss .rel.tbss.* .rel.gnu.linkonce.tb.*)
 *(.rel.ctors)
 *(.rel.dtors)
 *(.rel.got)
 .rel.got       0x080480d4        0x0 test.o
 *(.rel.bss .rel.bss.* .rel.gnu.linkonce.b.*)
 *(.rel.ifunc)

.rel.plt        0x080480d4        0x0
 *(.rel.plt)
                [!provide]                        PROVIDE (__rel_iplt_start = .)
 *(.rel.iplt)
 .rel.iplt      0x080480d4        0x0 test.o
                [!provide]                        PROVIDE (__rel_iplt_end = .)

.relr.dyn
 *(.relr.dyn)
                0x08049000                        . = ALIGN (CONSTANT (MAXPAGESIZE))

.init
 *(SORT_NONE(.init))

.plt            0x08049000        0x0
 *(.plt)
 *(.iplt)
 .iplt          0x08049000        0x0 test.o

.plt.got
 *(.plt.got)

.plt.sec
 *(.plt.sec)

.text           0xb0800000    0x1176d
 *(.text.unlikely .text.*_unlikely .text.unlikely.*)
 *(.text.exit .text.exit.*)
 *(.text.startup .text.startup.*)
 *(.text.hot .text.hot.*)
 *(SORT_BY_NAME(.text.sorted.*))
 *(.text .stub .text.* .gnu.linkonce.t.*)
 .text          0xb0800000       0x3e test.o
                0xb0800000                main
 *fill*         0xb080003e        0x2 
 .text          0xb0800040       0x15 start.o
                0xb0800040                _start
 .text          0xb0800055     0x2d79 pegasus_crt.a(kernel_main_old.o)
                0xb0800055                stop_here
                0xb0800099                catch_error
                0xb08000b6                intr_enable
                0xb08000df                intr_disable
                0xb0800108                intr_set_status
                0xb0800126                intr_get_status
                0xb0800143                Memcpy
                0xb0800176                untar
                0xb080048b                atoi
                0xb0800531                disp_int
                0xb080055a                do_page_fault
                0xb0800697                exception_handler
                0xb080087e                init_internal_interrupt
                0xb08009f3                spurious_irq
                0xb0800a81                init_keyboard
                0xb0800ac4                TestTTY
                0xb0800b63                TestReadReturnValue
                0xb0800be0                TestWriteReturnValue
                0xb0800cb4                TestFS2
                0xb0800cc2                TestFS
                0xb0801164                wait_exit
                0xb0801262                INIT_fork
                0xb080155a                simple_shell
                0xb08016e1                test_shell
                0xb0801749                test_exec
                0xb0801889                INIT
                0xb0801896                TestA
                0xb08018cb                delay
                0xb080190f                TestB
                0xb0801927                TestC
                0xb080195a                sys_get_ticks
                0xb080196a                sys_write
                0xb08019be                milli_delay
                0xb08019fa                TaskSys
                0xb08019ff                Printf
                0xb0801a5d                sprintf
                0xb0801a89                vsprintf
                0xb0801c35                printx
                0xb0801c78                sys_printx
                0xb0801d44                spin
                0xb0801d6a                panic
                0xb0801d88                assertion_failure
                0xb0801dfa                assertion_failure2
                0xb0801e6f                dead_lock
                0xb0801e79                sys_send_msg
                0xb0802398                sys_receive_msg
                0xb08029f8                send_rec
                0xb0802af3                block
                0xb0802b2f                unblock
                0xb0802b7f                get_ticks_ipc
                0xb0802bd6                itoa
                0xb0802c2c                i2a
                0xb0802c92                inform_int
                0xb0802d5f                deprecate_strcmp
 .text          0xb0802dce      0x40f pegasus_crt.a(keyboard.o)
                0xb0802dce                keyboard_handler
                0xb0802e52                read_from_keyboard_buf
                0xb0802eb8                keyboard_read
                0xb0803037                init_keyboard_handler
                0xb080304b                in_process
 .text          0xb08031dd      0x21b pegasus_crt.a(process.o)
                0xb08031dd                schedule_process
                0xb08032ea                clock_handler
                0xb080335b                pid2proc
                0xb08033e1                proc2pid
 .text          0xb08033f8     0x1275 pegasus_crt.a(mem.o)
                0xb08033f8                init_bitmap
                0xb080341b                test_bit_val
                0xb0803484                set_bit_val
                0xb08034ff                set_bits
                0xb0803539                get_first_free_bit
                0xb080357d                get_bits
                0xb0803645                get_a_page
                0xb08036f9                get_virtual_address_start_with_addr
                0xb0803793                get_virtual_address
                0xb0803823                ptr_pde
                0xb0803836                ptr_pte
                0xb080385d                add_map_entry
                0xb08038ee                alloc_virtual_memory
                0xb08039c1                get_physical_address_proc
                0xb0803a3d                get_physical_address
                0xb0803a6f                alloc_physical_memory_of_proc
                0xb0803b5e                alloc_physical_memory
                0xb0803c26                alloc_memory
                0xb0803c88                get_a_virtual_page
                0xb0803cc0                block2arena
                0xb0803cd6                sys_malloc2
                0xb0803f8c                remove_map_entry
                0xb0803fad                free_a_page
                0xb0804054                sys_free2
                0xb08041dc                init_memory_block_desc
                0xb08042ad                init_memory2
                0xb0804524                init_memory
 .text          0xb080466d      0x285 pegasus_crt.a(exec.o)
                0xb080466d                exec
                0xb08046de                execv
                0xb08048cd                execl
 .text          0xb08048f2       0x2f pegasus_crt.a(exit.o)
                0xb08048f2                exit
 .text          0xb0804921       0x44 pegasus_crt.a(wait.o)
                0xb0804921                wait
 .text          0xb0804965       0x48 pegasus_crt.a(fork.o)
                0xb0804965                fork
 .text          0xb08049ad      0x181 pegasus_crt.a(read.o)
                0xb08049ad                read
 .text          0xb0804b2e       0x95 pegasus_crt.a(open.o)
                0xb0804b2e                open
 .text          0xb0804bc3       0x85 pegasus_crt.a(write.o)
                0xb0804bc3                write
 .text          0xb0804c48       0x52 pegasus_crt.a(close.o)
                0xb0804c48                close
 *fill*         0xb0804c9a        0x6 
 .text          0xb0804ca0      0x3d7 pegasus_crt.a(kernel.o)
                0xb0804ca0                InterruptTest
                0xb0804cac                disp_str_len
                0xb0804cf9                disp_str
                0xb0804d34                disp_str_colour
                0xb0804d70                divide_zero_fault
                0xb0804d76                single_step_fault
                0xb0804d7c                non_maskable_interrupt
                0xb0804d82                breakpoint_trap
                0xb0804d88                overflow_trap
                0xb0804d8e                bound_range_exceeded_fault
                0xb0804d94                invalid_opcode_fault
                0xb0804d9a                coprocessor_not_available_fault
                0xb0804da0                double_fault_exception_abort
                0xb0804da4                coprocessor_segment_overrun
                0xb0804daa                invalid_task_state_segment_fault
                0xb0804dae                segment_not_present_fault
                0xb0804db2                stack_exception_fault
                0xb0804db6                general_protection_exception_fault
                0xb0804dc1                page_fault
                0xb0804dc5                coprocessor_error_fault
                0xb0804dcb                align_check_fault
                0xb0804dcf                simd_float_exception_fault
                0xb0804dde                hwint0
                0xb0804e0e                hwint1
                0xb0804e51                hwint14
                0xb0804e97                hwint10
                0xb0804eda                sys_call
                0xb0804f20                fork_restart
                0xb0804f2f                restart
                0xb0804f52                in_byte
                0xb0804f5e                out_byte
                0xb0804f80                disable_int
                0xb0804f82                enable_int
                0xb0805018                enable_8259A_casecade_irq
                0xb0805022                disable_8259A_casecade_irq
                0xb080502c                enable_8259A_slave_winchester_irq
                0xb0805036                disable_8259A_slave_winchester_irq
                0xb0805040                update_cr3
                0xb080504d                update_tss
                0xb080505c                get_running_thread_pcb
                0xb0805064                sys_call_test
                0xb0805067                enable_8259A_slave_net_irq
 *fill*         0xb0805077        0x9 
 .text          0xb0805080       0x15 pegasus_crt.a(switch_to.o)
                0xb0805080                switch_to
 *fill*         0xb0805095        0xb 
 .text          0xb08050a0       0x69 pegasus_crt.a(syscall.o)
                0xb08050a0                write_debug
                0xb08050b0                send_msg
                0xb08050c6                receive_msg
                0xb08050dc                sys_malloc
                0xb08050f1                sys_free
 .text          0xb0805109      0x329 pegasus_crt.a(double_link_list.o)
                0xb0805109                initDoubleLinkList
                0xb0805137                isListEmpty
                0xb0805158                findElementInList
                0xb0805234                appendToDoubleLinkList
                0xb080531b                insertToDoubleLinkList
                0xb080539e                popFromDoubleLinkList
 .text          0xb0805432      0x3b3 pegasus_crt.a(protect.o)
                0xb0805432                InitDescriptor
                0xb080549f                Seg2PhyAddr
                0xb08054e0                Seg2PhyAddrLDT
                0xb0805524                VirAddr2PhyAddr
                0xb080553a                v2l
                0xb080557d                init_propt
                0xb08056fe                InitInterruptDesc
                0xb080575a                ReloadGDT
 .text          0xb08057e5        0x0 pegasus_crt.a(global.o)
 .text          0xb08057e5      0xaca pegasus_crt.a(console.o)
                0xb08057e5                select_console
                0xb0805821                flush
                0xb080585a                set_cursor
                0xb08058b8                set_console_start_video_addr
                0xb0805916                put_key
                0xb0805982                scroll_up
                0xb08059c4                scroll_down
                0xb0805a2f                out_char
                0xb0805bec                tty_dev_read
                0xb0805c16                tty_dev_write
                0xb0805e43                tty_do_read
                0xb0805f0b                tty_do_write
                0xb080606e                init_screen
                0xb08060f7                init_tty
                0xb08061ac                TaskTTY
 .text          0xb08062af       0xf6 pegasus_crt.a(task_network.o)
                0xb08062af                task_network
                0xb0806397                task_netdev_rx
 .text          0xb08063a5      0xe63 pegasus_crt.a(hd.o)
                0xb08063a5                TaskHD
                0xb08063ea                init_hd
                0xb0806404                hd_handle
                0xb0806509                hd_cmd_out
                0xb080660b                hd_identify
                0xb08066c2                print_hdinfo
                0xb0806850                print_dpt_entry
                0xb08068bc                get_partition_table
                0xb080699b                partition
                0xb0806bb5                hd_open
                0xb0806c5c                get_hd_ioctl
                0xb0806d0d                wait_for
                0xb0806d3e                interrupt_wait
                0xb0806d8e                hd_rdwt
                0xb080702d                hd_handler
                0xb0807059                debug_ticks
                0xb0807097                net_handler
                0xb080709f                waitfor
                0xb08070e3                print_hd_info
                0xb08071d0                is_empty
 .text          0xb0807208     0x204f pegasus_crt.a(fs_main.o)
                0xb0807208                task_fs
                0xb0807413                rd_wt
                0xb08074ec                mkfs
                0xb0807ace                init_fs
                0xb0807b22                do_open
                0xb0807d11                search_file
                0xb0807e43                strip_path
                0xb0807f0f                get_inode
                0xb08080d1                create_file
                0xb08081dc                alloc_imap_bit
                0xb08082d9                alloc_smap_bit
                0xb080847a                new_inode
                0xb0808598                new_dir_entry
                0xb08087a4                do_unlink
                0xb0808c80                do_rdwt
                0xb080900b                sync_inode
                0xb080915f                put_inode
                0xb080919d                do_close
                0xb08091ef                get_super_block
 .text          0xb0809257      0x148 pegasus_crt.a(main.o)
                0xb0809257                TaskMM
                0xb0809380                alloc_mem
 .text          0xb080939f       0x8e pegasus_crt.a(strcmp.o)
                0xb080939f                strcmp
 .text          0xb080942d      0x37e pegasus_crt.a(netdev.o)
                0xb080953f                netdev_init
                0xb0809586                netdev_transmit
                0xb08096b6                netdev_rx_loop
                0xb0809726                netdev_get
                0xb0809743                free_netdev
                0xb080976e                local_ipaddress
 .text          0xb08097ab      0x6dc pegasus_crt.a(arp.o)
                0xb0809978                arp_init
                0xb080997e                arp_rcv
                0xb0809b30                arp_request
                0xb0809c9a                arp_reply
                0xb0809dea                arp_get_hwaddr
                0xb0809e36                free_arp
 .text          0xb0809e87      0xcf0 pegasus_crt.a(ipc.o)
                0xb080aa13                ipc_close
                0xb080aa64                demux_ipc_socket_call
 .text          0xb080ab77      0x12e pegasus_crt.a(skbuff.o)
                0xb080ab90                alloc_skb
                0xb080ac21                free_skb
                0xb080ac27                skb_reserve
                0xb080ac43                skb_push
                0xb080ac72                skb_head
                0xb080ac7d                skb_reset_header
 .text          0xb080aca5      0x1e7 pegasus_crt.a(utils.o)
                0xb080aca5                run_cmd
                0xb080acb2                print_err
                0xb080acc9                parse_ipv4_string
                0xb080ad28                ip_pton
                0xb080ad70                sum_every_16bits
                0xb080adc7                checksum
                0xb080ae08                tcp_udp_checksum
 .text          0xb080ae8c      0x271 pegasus_crt.a(forkexit.o)
                0xb080ae8c                do_fork
                0xb080aefa                do_exit
                0xb080af84                do_wait
                0xb080b0a3                cleanup
 .text          0xb080b0fd      0x419 pegasus_crt.a(exec.o)
                0xb080b0fd                do_exec
 .text          0xb080b516       0x46 pegasus_crt.a(calloc.o)
                0xb080b516                calloc
 .text          0xb080b55c       0x4f pegasus_crt.a(alloca.o)
                0xb080b55c                alloca
 .text          0xb080b5ab       0x17 pegasus_crt.a(perror.o)
                0xb080b5ab                perror
 .text          0xb080b5c2      0x2c1 pegasus_crt.a(sscanf.o)
                0xb080b5c2                sscanf
 .text          0xb080b883       0x38 pegasus_crt.a(ntohs.o)
                0xb080b883                ntohs
 .text          0xb080b8bb       0x7c pegasus_crt.a(htonl.o)
                0xb080b8bb                htonl
 .text          0xb080b937       0x38 pegasus_crt.a(htons.o)
                0xb080b937                htons
 .text          0xb080b96f      0x295 pegasus_crt.a(inet_pton.o)
                0xb080b96f                isValidIPv4
                0xb080baf9                inet_pton
 .text          0xb080bc04       0x7c pegasus_crt.a(ntohl.o)
                0xb080bc04                ntohl
 .text          0xb080bc80      0x25b pegasus_crt.a(ne2000.o)
                0xb080bca3                DriverInitialize
                0xb080bd2d                SetPageStart
                0xb080bd55                DriverSend
                0xb080bdca                PCtoNIC
                0xb080be38                get_interrupt_status
                0xb080be4e                set_interrupt_status
                0xb080be67                get_curr_page
                0xb080be84                NICtoPC
 .text          0xb080bedb      0x730 pegasus_crt.a(my_process.o)
                0xb080bedb                create_user_process_address_space
                0xb080bf6b                user_process
                0xb080c098                clone_pcb
                0xb080c20a                build_body_stack
                0xb080c33d                build_process_kernel_stack
                0xb080c400                fork_process
                0xb080c491                process_execute
 .text          0xb080c60b      0x66c pegasus_crt.a(socket.o)
                0xb080c6bb                test
                0xb080c717                socket_debug
                0xb080c778                free_socket
                0xb080c834                _socket
                0xb080c8f3                _bind
                0xb080c946                _connect
                0xb080c998                _write
                0xb080c9ef                _read
                0xb080ca46                _recvfrom
                0xb080ca87                _sendto
                0xb080cade                _close
                0xb080cb5d                _listen
                0xb080cbc3                _accept
 .text          0xb080cc77      0x2da pegasus_crt.a(ip_input.o)
                0xb080ce01                ip_rcv
 .text          0xb080cf51      0x448 pegasus_crt.a(tcp.o)
                0xb080d146                tcp_in
                0xb080d1fa                tcp_checksum
                0xb080d226                __tcp_set_state
                0xb080d235                tcp_generate_port
                0xb080d27e                tcp_generate_isn
                0xb080d288                tcp_done
                0xb080d2b1                tcp_clear_timers
                0xb080d2c0                tcp_stop_retransmission_timer
                0xb080d2d9                tcp_release_retransmission_timer
                0xb080d2f2                tcp_stop_delack_timer
                0xb080d305                tcp_release_delack_timer
                0xb080d318                tcp_handle_fin_state
                0xb080d37d                tcp_enter_time_wait
 .text          0xb080d399      0x234 pegasus_crt.a(icmpv4.o)
                0xb080d3a7                icmpv4_incoming
                0xb080d41b                icmpv4_reply
                0xb080d4f4                icmpv4_timestamp
 .text          0xb080d5cd      0x429 pegasus_crt.a(inet.o)
                0xb080d5cd                inet_create
                0xb080d67d                inet_socket
                0xb080d687                inet_connect
                0xb080d6db                inet_write
                0xb080d707                inet_read
                0xb080d733                inet_close
                0xb080d782                inet_free
                0xb080d7b8                inet_bind
                0xb080d8c1                inet_listen
                0xb080d90a                inet_accept
                0xb080d9b5                inet_sendto
                0xb080d9e0                inet_recvfrom
 .text          0xb080d9f6      0xb6f pegasus_crt.a(tcp_input.o)
                0xb080e0dd                tcp_process
                0xb080e4a3                tcp_receive
 .text          0xb080e565      0x3e0 pegasus_crt.a(udp.o)
                0xb080e670                udp_generate_port
                0xb080e6b9                udp_checksum
                0xb080e787                udp_in
                0xb080e818                udp_data_dequeue
                0xb080e920                udp_data_enqueue
 .text          0xb080e945      0x54a pegasus_crt.a(tcp_data.o)
                0xb080ec30                tcp_data_dequeue
                0xb080ed5d                tcp_data_queue
 .text          0xb080ee8f       0x49 pegasus_crt.a(floor.o)
                0xb080ee8f                floor
 .text          0xb080eed8       0x85 pegasus_crt.a(strtok.o)
                0xb080eed8                strtok
 .text          0xb080ef5d       0x90 pegasus_crt.a(strpbrk.o)
                0xb080ef5d                strpbrk
 .text          0xb080efed      0x1b2 pegasus_crt.a(thread.o)
                0xb080efed                kernel_thread
                0xb080f005                thread_init
                0xb080f0b2                thread_create
                0xb080f0e7                thread_start
 .text          0xb080f19f      0x8bc pegasus_crt.a(udp_sock.o)
                0xb080f3cc                udp_lookup_sock
                0xb080f413                udp_init
                0xb080f444                udp_close
                0xb080f46a                udp_sock_init
                0xb080f474                udp_recvfrom
                0xb080f50d                udp_connect
                0xb080f5e6                udp_write
                0xb080f612                udp_alloc_skb
                0xb080f65c                udp_sendto
                0xb080f750                udp_send
                0xb080f88e                udp_alloc_sock
                0xb080f8cf                udp_free_sock
                0xb080f8f3                udp_read
 .text          0xb080fa5b      0xa16 pegasus_crt.a(tcp_sock.o)
                0xb080fd09                tcp_established_or_syn_recvd_socks_enqueue
                0xb080fd20                tcp_established_or_syn_recvd_socks_remove
                0xb080fd32                tcp_connecting_or_listening_socks_enqueue
                0xb080fd49                tcp_connecting_or_listening_socks_remove
                0xb080fd5b                tcp_alloc_sock
                0xb080fe71                tcp_free_sock
                0xb080feea                tcp_init
                0xb080fef4                tcp_sock_init
                0xb080ff97                tcp_write
                0xb080ffd8                tcp_read
                0xb081008b                tcp_close
                0xb0810149                tcp_recv_notify
                0xb0810174                tcp_v4_connect
                0xb08103c4                tcp_lookup_sock
 .text          0xb0810471      0x1d3 pegasus_crt.a(ip_output.o)
                0xb081047f                ip_output
 .text          0xb0810644      0x203 pegasus_crt.a(sock.o)
                0xb0810776                sk_alloc
                0xb081079d                sk_init
                0xb08107f1                sk_init_with_socket
                0xb081081a                sk_free
 .text          0xb0810847      0xbb9 pegasus_crt.a(tcp_output.o)
                0xb0810d08                tcp_send_synack
                0xb0810dab                tcp_send_delack
                0xb0810de6                tcp_send_ack
                0xb0810f32                tcp_send_fin
                0xb0810fa7                tcp_select_initial_window
                0xb0811159                tcp_reset_retransmission_timer
                0xb0811176                tcp_begin_connect
                0xb0811220                tcp_send
                0xb0811305                tcp_send_reset
                0xb0811385                tcp_queue_fin
 .text          0xb0811400      0x295 pegasus_crt.a(route.o)
                0xb081152d                route_add
                0xb0811572                route_init
                0xb08115f9                route_lookup
                0xb0811644                free_routes
 .text          0xb0811695       0xd8 pegasus_crt.a(dst.o)
                0xb08116a3                dst_neigh_output
 *(.gnu.warning)

.fini
 *(SORT_NONE(.fini))
                [!provide]                        PROVIDE (__etext = .)
                [!provide]                        PROVIDE (_etext = .)
                [!provide]                        PROVIDE (etext = .)
                0xb0812000                        . = ALIGN (CONSTANT (MAXPAGESIZE))
                0xb0812000                        . = SEGMENT_START ("rodata-segment", (ALIGN (CONSTANT (MAXPAGESIZE)) + (. & (CONSTANT (MAXPAGESIZE) - 0x1))))

.rodata         0xb0812000     0x1a08
 *(.rodata .rodata.* .gnu.linkonce.r.*)
 .rodata        0xb0812000       0x10 test.o
 *fill*         0xb0812010       0x10 
 .rodata        0xb0812020      0xb75 pegasus_crt.a(kernel_main_old.o)
 .rodata        0xb0812b95       0x26 pegasus_crt.a(process.o)
 .rodata        0xb0812bbb       0x41 pegasus_crt.a(mem.o)
 .rodata        0xb0812bfc       0x2d pegasus_crt.a(exec.o)
 .rodata        0xb0812c29       0x2a pegasus_crt.a(close.o)
 .rodata        0xb0812c53       0x2c pegasus_crt.a(double_link_list.o)
 .rodata        0xb0812c7f       0x22 pegasus_crt.a(console.o)
 *fill*         0xb0812ca1        0x3 
 .rodata        0xb0812ca4       0x3f pegasus_crt.a(task_network.o)
 *fill*         0xb0812ce3        0x1 
 .rodata        0xb0812ce4      0x19c pegasus_crt.a(hd.o)
 .rodata        0xb0812e80      0x1eb pegasus_crt.a(fs_main.o)
                0xb0812e80                FSBUF_SIZE
 .rodata        0xb081306b       0x11 pegasus_crt.a(main.o)
 .rodata        0xb081307c       0xa9 pegasus_crt.a(netdev.o)
 *fill*         0xb0813125        0x3 
 .rodata        0xb0813128       0x9c pegasus_crt.a(arp.o)
 .rodata        0xb08131c4      0x160 pegasus_crt.a(ipc.o)
 .rodata        0xb0813324        0x9 pegasus_crt.a(skbuff.o)
 *fill*         0xb081332d        0x3 
 .rodata        0xb0813330       0x41 pegasus_crt.a(utils.o)
 .rodata        0xb0813371       0x21 pegasus_crt.a(forkexit.o)
 .rodata        0xb0813392       0x10 pegasus_crt.a(exec.o)
 .rodata        0xb08133a2        0x3 pegasus_crt.a(inet_pton.o)
 *fill*         0xb08133a5        0x3 
 .rodata        0xb08133a8      0x23d pegasus_crt.a(socket.o)
 *fill*         0xb08135e5        0x3 
 .rodata        0xb08135e8       0xb5 pegasus_crt.a(ip_input.o)
 *fill*         0xb081369d        0x3 
 .rodata        0xb08136a0       0x31 pegasus_crt.a(tcp.o)
 *fill*         0xb08136d1        0x3 
 .rodata        0xb08136d4       0x32 pegasus_crt.a(icmpv4.o)
 *fill*         0xb0813706        0x2 
 .rodata        0xb0813708       0x48 pegasus_crt.a(inet.o)
 .rodata        0xb0813750       0x60 pegasus_crt.a(tcp_input.o)
 .rodata        0xb08137b0        0x9 pegasus_crt.a(udp.o)
 .rodata        0xb08137b9       0x1e pegasus_crt.a(tcp_data.o)
 *fill*         0xb08137d7        0x1 
 .rodata        0xb08137d8       0x2d pegasus_crt.a(udp_sock.o)
 *fill*         0xb0813805        0x3 
 .rodata        0xb0813808       0xe8 pegasus_crt.a(tcp_sock.o)
 .rodata        0xb08138f0        0x9 pegasus_crt.a(ip_output.o)
 .rodata        0xb08138f9        0x9 pegasus_crt.a(sock.o)
 *fill*         0xb0813902        0x2 
 .rodata        0xb0813904       0xc3 pegasus_crt.a(tcp_output.o)
 *fill*         0xb08139c7        0x1 
 .rodata        0xb08139c8       0x37 pegasus_crt.a(route.o)
 .rodata        0xb08139ff        0x9 pegasus_crt.a(dst.o)

.txt            0xb0813a08       0xaa
 .txt           0xb0813a08       0x82 pegasus_crt.a(string.o)
                0xb0813a08                Memcpy2
                0xb0813a36                Memset
                0xb0813a55                Strcpy
                0xb0813a6f                Strlen
 .txt           0xb0813a8a       0x28 pegasus_crt.a(hd_rdwt.o)
                0xb0813a8a                read_port
                0xb0813a9e                write_port

.rodata1
 *(.rodata1)

.eh_frame_hdr
 *(.eh_frame_hdr)
 *(.eh_frame_entry .eh_frame_entry.*)

.eh_frame       0xb0813ab4     0x3f8c
 *(.eh_frame)
 .eh_frame      0xb0813ab4       0x44 test.o
 .eh_frame      0xb0813af8      0x6cc pegasus_crt.a(kernel_main_old.o)
                                0x6e4 (size before relaxing)
 .eh_frame      0xb08141c4       0xa0 pegasus_crt.a(keyboard.o)
                                 0xb8 (size before relaxing)
 .eh_frame      0xb0814264       0x80 pegasus_crt.a(process.o)
                                 0x98 (size before relaxing)
 .eh_frame      0xb08142e4      0x364 pegasus_crt.a(mem.o)
                                0x37c (size before relaxing)
 .eh_frame      0xb0814648       0x60 pegasus_crt.a(exec.o)
                                 0x78 (size before relaxing)
 .eh_frame      0xb08146a8       0x20 pegasus_crt.a(exit.o)
                                 0x38 (size before relaxing)
 .eh_frame      0xb08146c8       0x20 pegasus_crt.a(wait.o)
                                 0x38 (size before relaxing)
 .eh_frame      0xb08146e8       0x20 pegasus_crt.a(fork.o)
                                 0x38 (size before relaxing)
 .eh_frame      0xb0814708       0x20 pegasus_crt.a(read.o)
                                 0x38 (size before relaxing)
 .eh_frame      0xb0814728       0x20 pegasus_crt.a(open.o)
                                 0x38 (size before relaxing)
 .eh_frame      0xb0814748       0x20 pegasus_crt.a(write.o)
                                 0x38 (size before relaxing)
 .eh_frame      0xb0814768       0x20 pegasus_crt.a(close.o)
                                 0x38 (size before relaxing)
 .eh_frame      0xb0814788       0xc0 pegasus_crt.a(double_link_list.o)
                                 0xd8 (size before relaxing)
 .eh_frame      0xb0814848      0x100 pegasus_crt.a(protect.o)
                                0x118 (size before relaxing)
 .eh_frame      0xb0814948      0x1e0 pegasus_crt.a(console.o)
                                0x1f8 (size before relaxing)
 .eh_frame      0xb0814b28       0x40 pegasus_crt.a(task_network.o)
                                 0x58 (size before relaxing)
 .eh_frame      0xb0814b68      0x284 pegasus_crt.a(hd.o)
                                0x29c (size before relaxing)
 .eh_frame      0xb0814dec      0x27c pegasus_crt.a(fs_main.o)
                                0x294 (size before relaxing)
 .eh_frame      0xb0815068       0x3c pegasus_crt.a(main.o)
                                 0x54 (size before relaxing)
 .eh_frame      0xb08150a4       0x20 pegasus_crt.a(strcmp.o)
                                 0x38 (size before relaxing)
 .eh_frame      0xb08150c4      0x14c pegasus_crt.a(netdev.o)
                                0x164 (size before relaxing)
 .eh_frame      0xb0815210      0x1c0 pegasus_crt.a(arp.o)
                                0x1d8 (size before relaxing)
 .eh_frame      0xb08153d0      0x250 pegasus_crt.a(ipc.o)
                                0x268 (size before relaxing)
 .eh_frame      0xb0815620       0xe0 pegasus_crt.a(skbuff.o)
                                 0xf8 (size before relaxing)
 .eh_frame      0xb0815700       0xe4 pegasus_crt.a(utils.o)
                                 0xfc (size before relaxing)
 .eh_frame      0xb08157e4       0x80 pegasus_crt.a(forkexit.o)
                                 0x98 (size before relaxing)
 .eh_frame      0xb0815864       0x20 pegasus_crt.a(exec.o)
                                 0x38 (size before relaxing)
 .eh_frame      0xb0815884       0x20 pegasus_crt.a(calloc.o)
                                 0x38 (size before relaxing)
 .eh_frame      0xb08158a4       0x20 pegasus_crt.a(alloca.o)
                                 0x38 (size before relaxing)
 .eh_frame      0xb08158c4       0x20 pegasus_crt.a(perror.o)
                                 0x38 (size before relaxing)
 .eh_frame      0xb08158e4       0x20 pegasus_crt.a(sscanf.o)
                                 0x38 (size before relaxing)
 .eh_frame      0xb0815904       0x20 pegasus_crt.a(ntohs.o)
                                 0x38 (size before relaxing)
 .eh_frame      0xb0815924       0x20 pegasus_crt.a(htonl.o)
                                 0x38 (size before relaxing)
 .eh_frame      0xb0815944       0x20 pegasus_crt.a(htons.o)
                                 0x38 (size before relaxing)
 .eh_frame      0xb0815964       0x40 pegasus_crt.a(inet_pton.o)
                                 0x58 (size before relaxing)
 .eh_frame      0xb08159a4       0x20 pegasus_crt.a(ntohl.o)
                                 0x38 (size before relaxing)
 .eh_frame      0xb08159c4       0xe0 pegasus_crt.a(my_process.o)
                                 0xf8 (size before relaxing)
 .eh_frame      0xb0815aa4      0x2a0 pegasus_crt.a(socket.o)
                                0x2b8 (size before relaxing)
 .eh_frame      0xb0815d44      0x104 pegasus_crt.a(ip_input.o)
                                0x11c (size before relaxing)
 .eh_frame      0xb0815e48      0x268 pegasus_crt.a(tcp.o)
                                0x280 (size before relaxing)
 .eh_frame      0xb08160b0       0x80 pegasus_crt.a(icmpv4.o)
                                 0x98 (size before relaxing)
 .eh_frame      0xb0816130      0x180 pegasus_crt.a(inet.o)
                                0x198 (size before relaxing)
 .eh_frame      0xb08162b0      0x300 pegasus_crt.a(tcp_input.o)
                                0x318 (size before relaxing)
 .eh_frame      0xb08165b0      0x1e4 pegasus_crt.a(udp.o)
                                0x1fc (size before relaxing)
 .eh_frame      0xb0816794      0x200 pegasus_crt.a(tcp_data.o)
                                0x218 (size before relaxing)
 .eh_frame      0xb0816994       0x20 pegasus_crt.a(floor.o)
                                 0x38 (size before relaxing)
 .eh_frame      0xb08169b4       0x20 pegasus_crt.a(strtok.o)
                                 0x38 (size before relaxing)
 .eh_frame      0xb08169d4       0x20 pegasus_crt.a(strpbrk.o)
                                 0x38 (size before relaxing)
 .eh_frame      0xb08169f4       0x80 pegasus_crt.a(thread.o)
                                 0x98 (size before relaxing)
 .eh_frame      0xb0816a74      0x404 pegasus_crt.a(udp_sock.o)
                                0x41c (size before relaxing)
 .eh_frame      0xb0816e78      0x4c0 pegasus_crt.a(tcp_sock.o)
                                0x4d8 (size before relaxing)
 .eh_frame      0xb0817338       0x40 pegasus_crt.a(ip_output.o)
                                 0x58 (size before relaxing)
 .eh_frame      0xb0817378      0x1a0 pegasus_crt.a(sock.o)
                                0x1b8 (size before relaxing)
 .eh_frame      0xb0817518      0x3c4 pegasus_crt.a(tcp_output.o)
                                0x3dc (size before relaxing)
 .eh_frame      0xb08178dc      0x124 pegasus_crt.a(route.o)
                                0x13c (size before relaxing)
 .eh_frame      0xb0817a00       0x40 pegasus_crt.a(dst.o)
                                 0x58 (size before relaxing)
 *(.eh_frame.*)

.sframe
 *(.sframe)
 *(.sframe.*)

.gcc_except_table
 *(.gcc_except_table .gcc_except_table.*)

.gnu_extab
 *(.gnu_extab*)

.exception_ranges
 *(.exception_ranges*)
                0xb0818000                        . = DATA_SEGMENT_ALIGN (CONSTANT (MAXPAGESIZE), CONSTANT (COMMONPAGESIZE))

.eh_frame
 *(.eh_frame)
 *(.eh_frame.*)

.sframe
 *(.sframe)
 *(.sframe.*)

.gnu_extab
 *(.gnu_extab)

.gcc_except_table
 *(.gcc_except_table .gcc_except_table.*)

.exception_ranges
 *(.exception_ranges*)

.tdata          0xb0818000        0x0
                [!provide]                        PROVIDE (__tdata_start = .)
 *(.tdata .tdata.* .gnu.linkonce.td.*)

.tbss
 *(.tbss .tbss.* .gnu.linkonce.tb.*)
 *(.tcommon)

.preinit_array  0xb0818000        0x0
                [!provide]                        PROVIDE (__preinit_array_start = .)
 *(.preinit_array)
                [!provide]                        PROVIDE (__preinit_array_end = .)

.init_array     0xb0818000        0x0
                [!provide]                        PROVIDE (__init_array_start = .)
 *(SORT_BY_INIT_PRIORITY(.init_array.*) SORT_BY_INIT_PRIORITY(.ctors.*))
 *(.init_array EXCLUDE_FILE(*crtend?.o *crtend.o *crtbegin?.o *crtbegin.o) .ctors)
                [!provide]                        PROVIDE (__init_array_end = .)

.fini_array     0xb0818000        0x0
                [!provide]                        PROVIDE (__fini_array_start = .)
 *(SORT_BY_INIT_PRIORITY(.fini_array.*) SORT_BY_INIT_PRIORITY(.dtors.*))
 *(.fini_array EXCLUDE_FILE(*crtend?.o *crtend.o *crtbegin?.o *crtbegin.o) .dtors)
                [!provide]                        PROVIDE (__fini_array_end = .)

.ctors
 *crtbegin.o(.ctors)
 *crtbegin?.o(.ctors)
 *(EXCLUDE_FILE(*crtend?.o *crtend.o) .ctors)
 *(SORT_BY_NAME(.ctors.*))
 *(.ctors)

.dtors
 *crtbegin.o(.dtors)
 *crtbegin?.o(.dtors)
 *(EXCLUDE_FILE(*crtend?.o *crtend.o) .dtors)
 *(SORT_BY_NAME(.dtors.*))
 *(.dtors)

.jcr
 *(.jcr)

.data.rel.ro
 *(.data.rel.ro.local* .gnu.linkonce.d.rel.ro.local.*)
 *(.data.rel.ro .data.rel.ro.* .gnu.linkonce.d.rel.ro.*)

.dynamic
 *(.dynamic)

.got            0xb0818000        0x0
 *(.got)
 .got           0xb0818000        0x0 test.o
 *(.igot)
                0xb0818000                        . = DATA_SEGMENT_RELRO_END (., (SIZEOF (.got.plt) >= 0xc)?0xc:0x0)

.got.plt        0xb0818000        0x0
 *(.got.plt)
 .got.plt       0xb0818000        0x0 test.o
 *(.igot.plt)
 .igot.plt      0xb0818000        0x0 test.o

.data           0xb0818000      0xb70
 *(.data .data.* .gnu.linkonce.d.*)
 .data          0xb0818000        0x0 test.o
 .data          0xb0818000        0x0 pegasus_crt.a(kernel_main_old.o)
 .data          0xb0818000      0x600 pegasus_crt.a(keyboard.o)
                0xb0818000                keymap
 .data          0xb0818600        0x0 pegasus_crt.a(process.o)
 .data          0xb0818600        0x0 pegasus_crt.a(mem.o)
 .data          0xb0818600        0x0 pegasus_crt.a(exec.o)
 .data          0xb0818600        0x0 pegasus_crt.a(exit.o)
 .data          0xb0818600        0x0 pegasus_crt.a(wait.o)
 .data          0xb0818600        0x0 pegasus_crt.a(fork.o)
 .data          0xb0818600        0x0 pegasus_crt.a(read.o)
 .data          0xb0818600        0x0 pegasus_crt.a(open.o)
 .data          0xb0818600        0x0 pegasus_crt.a(write.o)
 .data          0xb0818600        0x0 pegasus_crt.a(close.o)
 .data          0xb0818600        0xf pegasus_crt.a(kernel.o)
 *fill*         0xb081860f        0x1 
 .data          0xb0818610        0x0 pegasus_crt.a(syscall.o)
 .data          0xb0818610        0x0 pegasus_crt.a(double_link_list.o)
 .data          0xb0818610        0x0 pegasus_crt.a(protect.o)
 *fill*         0xb0818610       0x10 
 .data          0xb0818620      0x160 pegasus_crt.a(global.o)
                0xb0818620                user_task_table
                0xb08186a0                sys_task_table
                0xb0818764                sys_call_table
 .data          0xb0818780        0x0 pegasus_crt.a(console.o)
 .data          0xb0818780        0x0 pegasus_crt.a(task_network.o)
 .data          0xb0818780        0x0 pegasus_crt.a(hd.o)
 .data          0xb0818780        0x0 pegasus_crt.a(fs_main.o)
 .data          0xb0818780        0x0 pegasus_crt.a(main.o)
 .data          0xb0818780        0x0 pegasus_crt.a(strcmp.o)
 .data          0xb0818780        0x4 pegasus_crt.a(netdev.o)
 .data          0xb0818784       0x14 pegasus_crt.a(arp.o)
 .data          0xb0818798        0xc pegasus_crt.a(ipc.o)
 .data          0xb08187a4        0x4 pegasus_crt.a(skbuff.o)
 .data          0xb08187a8        0x4 pegasus_crt.a(utils.o)
 .data          0xb08187ac        0x0 pegasus_crt.a(forkexit.o)
 .data          0xb08187ac        0x0 pegasus_crt.a(exec.o)
 .data          0xb08187ac        0x0 pegasus_crt.a(calloc.o)
 .data          0xb08187ac        0x0 pegasus_crt.a(alloca.o)
 .data          0xb08187ac        0x0 pegasus_crt.a(perror.o)
 .data          0xb08187ac        0x0 pegasus_crt.a(sscanf.o)
 .data          0xb08187ac        0x0 pegasus_crt.a(ntohs.o)
 .data          0xb08187ac        0x0 pegasus_crt.a(htonl.o)
 .data          0xb08187ac        0x0 pegasus_crt.a(htons.o)
 .data          0xb08187ac        0x0 pegasus_crt.a(inet_pton.o)
 .data          0xb08187ac        0x0 pegasus_crt.a(ntohl.o)
 .data          0xb08187ac        0x0 pegasus_crt.a(my_process.o)
 *fill*         0xb08187ac       0x14 
 .data          0xb08187c0      0x224 pegasus_crt.a(socket.o)
 .data          0xb08189e4        0x4 pegasus_crt.a(ip_input.o)
 .data          0xb08189e8        0x8 pegasus_crt.a(tcp.o)
 .data          0xb08189f0        0x4 pegasus_crt.a(icmpv4.o)
 *fill*         0xb08189f4        0xc 
 .data          0xb0818a00       0x80 pegasus_crt.a(inet.o)
                0xb0818a08                inet
 .data          0xb0818a80        0x4 pegasus_crt.a(tcp_input.o)
 .data          0xb0818a84        0x8 pegasus_crt.a(udp.o)
 .data          0xb0818a8c        0x4 pegasus_crt.a(tcp_data.o)
 .data          0xb0818a90        0x0 pegasus_crt.a(floor.o)
 .data          0xb0818a90        0x0 pegasus_crt.a(strtok.o)
 .data          0xb0818a90        0x0 pegasus_crt.a(strpbrk.o)
 .data          0xb0818a90        0x0 pegasus_crt.a(thread.o)
 *fill*         0xb0818a90       0x10 
 .data          0xb0818aa0       0x54 pegasus_crt.a(udp_sock.o)
                0xb0818ac0                udp_ops
 *fill*         0xb0818af4        0xc 
 .data          0xb0818b00       0x54 pegasus_crt.a(tcp_sock.o)
                0xb0818b20                tcp_ops
 .data          0xb0818b54        0x4 pegasus_crt.a(ip_output.o)
 .data          0xb0818b58        0x4 pegasus_crt.a(sock.o)
 .data          0xb0818b5c        0x4 pegasus_crt.a(tcp_output.o)
 .data          0xb0818b60        0xc pegasus_crt.a(route.o)
 .data          0xb0818b6c        0x4 pegasus_crt.a(dst.o)

.data1
 *(.data1)
                0xb0818b70                        _edata = .
                [!provide]                        PROVIDE (edata = .)
                0xb0818b70                        . = .
                0xb0818b70                        __bss_start = .

.bss            0xb0818b80    0x951b0
 *(.dynbss)
 *(.bss .bss.* .gnu.linkonce.b.*)
 .bss           0xb0818b80        0x0 test.o
 .bss           0xb0818b80        0x0 pegasus_crt.a(kernel_main_old.o)
 .bss           0xb0818b80        0x0 pegasus_crt.a(keyboard.o)
 .bss           0xb0818b80        0x0 pegasus_crt.a(process.o)
 .bss           0xb0818b80        0x0 pegasus_crt.a(mem.o)
 .bss           0xb0818b80        0x0 pegasus_crt.a(exec.o)
 .bss           0xb0818b80        0x0 pegasus_crt.a(exit.o)
 .bss           0xb0818b80        0x0 pegasus_crt.a(wait.o)
 .bss           0xb0818b80        0x0 pegasus_crt.a(fork.o)
 .bss           0xb0818b80        0x0 pegasus_crt.a(read.o)
 .bss           0xb0818b80        0x0 pegasus_crt.a(open.o)
 .bss           0xb0818b80        0x0 pegasus_crt.a(write.o)
 .bss           0xb0818b80        0x0 pegasus_crt.a(close.o)
 .bss           0xb0818b80      0x800 pegasus_crt.a(kernel.o)
 .bss           0xb0819380        0x0 pegasus_crt.a(double_link_list.o)
 .bss           0xb0819380        0x0 pegasus_crt.a(protect.o)
 .bss           0xb0819380        0x0 pegasus_crt.a(global.o)
 .bss           0xb0819380        0x0 pegasus_crt.a(console.o)
 .bss           0xb0819380        0x0 pegasus_crt.a(task_network.o)
 .bss           0xb0819380        0x0 pegasus_crt.a(hd.o)
 .bss           0xb0819380        0x4 pegasus_crt.a(fs_main.o)
                0xb0819380                c
 .bss           0xb0819384        0x0 pegasus_crt.a(main.o)
 .bss           0xb0819384        0x0 pegasus_crt.a(strcmp.o)
 .bss           0xb0819384        0x0 pegasus_crt.a(netdev.o)
 .bss           0xb0819384        0x0 pegasus_crt.a(arp.o)
 .bss           0xb0819384        0x4 pegasus_crt.a(ipc.o)
 .bss           0xb0819388        0x0 pegasus_crt.a(skbuff.o)
 .bss           0xb0819388        0x0 pegasus_crt.a(utils.o)
 .bss           0xb0819388        0x0 pegasus_crt.a(forkexit.o)
 .bss           0xb0819388        0x0 pegasus_crt.a(exec.o)
 .bss           0xb0819388        0x0 pegasus_crt.a(calloc.o)
 .bss           0xb0819388        0x0 pegasus_crt.a(alloca.o)
 .bss           0xb0819388        0x0 pegasus_crt.a(perror.o)
 .bss           0xb0819388        0x0 pegasus_crt.a(sscanf.o)
 .bss           0xb0819388        0x0 pegasus_crt.a(ntohs.o)
 .bss           0xb0819388        0x0 pegasus_crt.a(htonl.o)
 .bss           0xb0819388        0x0 pegasus_crt.a(htons.o)
 .bss           0xb0819388        0x0 pegasus_crt.a(inet_pton.o)
 .bss           0xb0819388        0x0 pegasus_crt.a(ntohl.o)
 .bss           0xb0819388        0x0 pegasus_crt.a(my_process.o)
 .bss           0xb0819388        0x4 pegasus_crt.a(socket.o)
 .bss           0xb081938c        0x0 pegasus_crt.a(ip_input.o)
 .bss           0xb081938c        0x0 pegasus_crt.a(tcp.o)
 .bss           0xb081938c        0x0 pegasus_crt.a(icmpv4.o)
 .bss           0xb081938c        0x0 pegasus_crt.a(inet.o)
 .bss           0xb081938c        0x0 pegasus_crt.a(tcp_input.o)
 .bss           0xb081938c        0x0 pegasus_crt.a(udp.o)
 .bss           0xb081938c        0x0 pegasus_crt.a(tcp_data.o)
 .bss           0xb081938c        0x0 pegasus_crt.a(floor.o)
 .bss           0xb081938c        0x4 pegasus_crt.a(strtok.o)
 .bss           0xb0819390        0x0 pegasus_crt.a(strpbrk.o)
 .bss           0xb0819390        0x0 pegasus_crt.a(thread.o)
 .bss           0xb0819390        0x4 pegasus_crt.a(udp_sock.o)
 .bss           0xb0819394        0x0 pegasus_crt.a(tcp_sock.o)
 .bss           0xb0819394        0x0 pegasus_crt.a(ip_output.o)
 .bss           0xb0819394        0x0 pegasus_crt.a(sock.o)
 .bss           0xb0819394        0x0 pegasus_crt.a(tcp_output.o)
 .bss           0xb0819394        0x0 pegasus_crt.a(route.o)
 .bss           0xb0819394        0x0 pegasus_crt.a(dst.o)
 *(COMMON)
 *fill*         0xb0819394        0xc 
 COMMON         0xb08193a0     0x17b8 pegasus_crt.a(kernel_main_old.o)
                0xb08193a0                current_tty
                0xb08193a4                is_e0
                0xb08193a8                idt_ptr
                0xb08193b0                pid
                0xb08193b4                KernelVirtualMemory
                0xb08193c0                current_dis_pos
                0xb08193c4                dis_pos
                0xb08193c8                k_reenter
                0xb08193e0                gdt
                0xb08197e0                proc_ready_table
                0xb08197e4                test_ticks
                0xb08197e8                pcaller
                0xb0819800                keyboard_buffer
                0xb0819a0c                pcb_list
                0xb0819a1c                gdt_index
                0xb0819a20                tty_table
                0xb081a260                tss
                0xb081a2cc                KernelPool
                0xb081a2dc                net_buf
                0xb081a2e0                nic_current_page
                0xb081a2e4                counter
                0xb081a2e8                key_pressed
                0xb081a2ec                fork_pid
                0xb081a2f0                is_shift
                0xb081a2f1                net_data
                0xb081a2f4                gdt_ptr
                0xb081a300                idt
                0xb081ab00                main_thread
                0xb081ab08                ticks
                0xb081ab10                is_init
                0xb081ab14                UserPool
                0xb081ab24                all_pcb_list
                0xb081ab34                console_table
                0xb081ab44                is_disp
                0xb081ab48                MAIN_THREAD_PAGE_DIRECTORY
                0xb081ab4c                helloStr
 *fill*         0xb081ab58        0x8 
 COMMON         0xb081ab60       0xf0 pegasus_crt.a(mem.o)
                0xb081ab60                kernel_mem_block_decs_array
 *fill*         0xb081ac50       0x10 
 COMMON         0xb081ac60    0x91e14 pegasus_crt.a(global.o)
                0xb081ac60                proc_stack
                0xb08aac60                proc_table
 *fill*         0xb08aca74        0xc 
 COMMON         0xb08aca80      0x440 pegasus_crt.a(hd.o)
                0xb08aca80                hd_info
                0xb08accc0                hd_cache
 COMMON         0xb08acec0      0xe68 pegasus_crt.a(fs_main.o)
                0xb08acec0                file_desc_table
                0xb08ad2c0                phy_super_block_buf
                0xb08ad2c4                phy_fsbuf
                0xb08ad2e0                inode_table
                0xb08adce0                super_block_buf
                0xb08adce4                fsbuf
                0xb08add00                root
 COMMON         0xb08add28        0x8 pegasus_crt.a(netdev.o)
                0xb08add28                loop
                0xb08add2c                netdev
                0xb08add30                        . = ALIGN ((. != 0x0)?0x4:0x1)
                0xb08add30                        . = ALIGN (0x4)
                0xb08add30                        . = SEGMENT_START ("ldata-segment", .)
                0xb08add30                        . = ALIGN (0x4)
                0xb08add30                        _end = .
                [!provide]                        PROVIDE (end = .)
                0xb08add30                        . = DATA_SEGMENT_END (.)

.stab
 *(.stab)

.stabstr
 *(.stabstr)

.stab.excl
 *(.stab.excl)

.stab.exclstr
 *(.stab.exclstr)

.stab.index
 *(.stab.index)

.stab.indexstr
 *(.stab.indexstr)

.comment        0x00000000       0x2c
 *(.comment)
 .comment       0x00000000       0x2c test.o
                                 0x2d (size before relaxing)
 .comment       0x0000002c       0x2d pegasus_crt.a(kernel_main_old.o)
 .comment       0x0000002c       0x2d pegasus_crt.a(keyboard.o)
 .comment       0x0000002c       0x2d pegasus_crt.a(process.o)
 .comment       0x0000002c       0x2d pegasus_crt.a(mem.o)
 .comment       0x0000002c       0x2d pegasus_crt.a(exec.o)
 .comment       0x0000002c       0x2d pegasus_crt.a(exit.o)
 .comment       0x0000002c       0x2d pegasus_crt.a(wait.o)
 .comment       0x0000002c       0x2d pegasus_crt.a(fork.o)
 .comment       0x0000002c       0x2d pegasus_crt.a(read.o)
 .comment       0x0000002c       0x2d pegasus_crt.a(open.o)
 .comment       0x0000002c       0x2d pegasus_crt.a(write.o)
 .comment       0x0000002c       0x2d pegasus_crt.a(close.o)
 .comment       0x0000002c       0x2d pegasus_crt.a(double_link_list.o)
 .comment       0x0000002c       0x2d pegasus_crt.a(protect.o)
 .comment       0x0000002c       0x2d pegasus_crt.a(global.o)
 .comment       0x0000002c       0x2d pegasus_crt.a(console.o)
 .comment       0x0000002c       0x2d pegasus_crt.a(task_network.o)
 .comment       0x0000002c       0x2d pegasus_crt.a(hd.o)
 .comment       0x0000002c       0x2d pegasus_crt.a(fs_main.o)
 .comment       0x0000002c       0x2d pegasus_crt.a(main.o)
 .comment       0x0000002c       0x2d pegasus_crt.a(strcmp.o)
 .comment       0x0000002c       0x2d pegasus_crt.a(netdev.o)
 .comment       0x0000002c       0x2d pegasus_crt.a(arp.o)
 .comment       0x0000002c       0x2d pegasus_crt.a(ipc.o)
 .comment       0x0000002c       0x2d pegasus_crt.a(skbuff.o)
 .comment       0x0000002c       0x2d pegasus_crt.a(utils.o)
 .comment       0x0000002c       0x2d pegasus_crt.a(forkexit.o)
 .comment       0x0000002c       0x2d pegasus_crt.a(exec.o)
 .comment       0x0000002c       0x2d pegasus_crt.a(calloc.o)
 .comment       0x0000002c       0x2d pegasus_crt.a(alloca.o)
 .comment       0x0000002c       0x2d pegasus_crt.a(perror.o)
 .comment       0x0000002c       0x2d pegasus_crt.a(sscanf.o)
 .comment       0x0000002c       0x2d pegasus_crt.a(ntohs.o)
 .comment       0x0000002c       0x2d pegasus_crt.a(htonl.o)
 .comment       0x0000002c       0x2d pegasus_crt.a(htons.o)
 .comment       0x0000002c       0x2d pegasus_crt.a(inet_pton.o)
 .comment       0x0000002c       0x2d pegasus_crt.a(ntohl.o)
 .comment       0x0000002c       0x2d pegasus_crt.a(my_process.o)
 .comment       0x0000002c       0x2d pegasus_crt.a(socket.o)
 .comment       0x0000002c       0x2d pegasus_crt.a(ip_input.o)
 .comment       0x0000002c       0x2d pegasus_crt.a(tcp.o)
 .comment       0x0000002c       0x2d pegasus_crt.a(icmpv4.o)
 .comment       0x0000002c       0x2d pegasus_crt.a(inet.o)
 .comment       0x0000002c       0x2d pegasus_crt.a(tcp_input.o)
 .comment       0x0000002c       0x2d pegasus_crt.a(udp.o)
 .comment       0x0000002c       0x2d pegasus_crt.a(tcp_data.o)
 .comment       0x0000002c       0x2d pegasus_crt.a(floor.o)
 .comment       0x0000002c       0x2d pegasus_crt.a(strtok.o)
 .comment       0x0000002c       0x2d pegasus_crt.a(strpbrk.o)
 .comment       0x0000002c       0x2d pegasus_crt.a(thread.o)
 .comment       0x0000002c       0x2d pegasus_crt.a(udp_sock.o)
 .comment       0x0000002c       0x2d pegasus_crt.a(tcp_sock.o)
 .comment       0x0000002c       0x2d pegasus_crt.a(ip_output.o)
 .comment       0x0000002c       0x2d pegasus_crt.a(sock.o)
 .comment       0x0000002c       0x2d pegasus_crt.a(tcp_output.o)
 .comment       0x0000002c       0x2d pegasus_crt.a(route.o)
 .comment       0x0000002c       0x2d pegasus_crt.a(dst.o)

.gnu.build.attributes
 *(.gnu.build.attributes .gnu.build.attributes.*)

.debug
 *(.debug)

.line
 *(.line)

.debug_srcinfo
 *(.debug_srcinfo)

.debug_sfnames
 *(.debug_sfnames)

.debug_aranges  0x00000000      0x718
 *(.debug_aranges)
 .debug_aranges
                0x00000000       0x20 pegasus_crt.a(kernel_main_old.o)
 .debug_aranges
                0x00000020       0x20 pegasus_crt.a(keyboard.o)
 .debug_aranges
                0x00000040       0x20 pegasus_crt.a(process.o)
 .debug_aranges
                0x00000060       0x20 pegasus_crt.a(mem.o)
 .debug_aranges
                0x00000080       0x20 pegasus_crt.a(exec.o)
 .debug_aranges
                0x000000a0       0x20 pegasus_crt.a(exit.o)
 .debug_aranges
                0x000000c0       0x20 pegasus_crt.a(wait.o)
 .debug_aranges
                0x000000e0       0x20 pegasus_crt.a(fork.o)
 .debug_aranges
                0x00000100       0x20 pegasus_crt.a(read.o)
 .debug_aranges
                0x00000120       0x20 pegasus_crt.a(open.o)
 .debug_aranges
                0x00000140       0x20 pegasus_crt.a(write.o)
 .debug_aranges
                0x00000160       0x20 pegasus_crt.a(close.o)
 .debug_aranges
                0x00000180       0x20 pegasus_crt.a(double_link_list.o)
 .debug_aranges
                0x000001a0       0x20 pegasus_crt.a(protect.o)
 .debug_aranges
                0x000001c0       0x18 pegasus_crt.a(global.o)
 .debug_aranges
                0x000001d8       0x20 pegasus_crt.a(console.o)
 .debug_aranges
                0x000001f8       0x20 pegasus_crt.a(task_network.o)
 .debug_aranges
                0x00000218       0x20 pegasus_crt.a(hd.o)
 .debug_aranges
                0x00000238       0x20 pegasus_crt.a(fs_main.o)
 .debug_aranges
                0x00000258       0x20 pegasus_crt.a(main.o)
 .debug_aranges
                0x00000278       0x20 pegasus_crt.a(strcmp.o)
 .debug_aranges
                0x00000298       0x20 pegasus_crt.a(netdev.o)
 .debug_aranges
                0x000002b8       0x20 pegasus_crt.a(arp.o)
 .debug_aranges
                0x000002d8       0x20 pegasus_crt.a(ipc.o)
 .debug_aranges
                0x000002f8       0x20 pegasus_crt.a(skbuff.o)
 .debug_aranges
                0x00000318       0x20 pegasus_crt.a(utils.o)
 .debug_aranges
                0x00000338       0x20 pegasus_crt.a(forkexit.o)
 .debug_aranges
                0x00000358       0x20 pegasus_crt.a(exec.o)
 .debug_aranges
                0x00000378       0x20 pegasus_crt.a(calloc.o)
 .debug_aranges
                0x00000398       0x20 pegasus_crt.a(alloca.o)
 .debug_aranges
                0x000003b8       0x20 pegasus_crt.a(perror.o)
 .debug_aranges
                0x000003d8       0x20 pegasus_crt.a(sscanf.o)
 .debug_aranges
                0x000003f8       0x20 pegasus_crt.a(ntohs.o)
 .debug_aranges
                0x00000418       0x20 pegasus_crt.a(htonl.o)
 .debug_aranges
                0x00000438       0x20 pegasus_crt.a(htons.o)
 .debug_aranges
                0x00000458       0x20 pegasus_crt.a(inet_pton.o)
 .debug_aranges
                0x00000478       0x20 pegasus_crt.a(ntohl.o)
 .debug_aranges
                0x00000498       0x20 pegasus_crt.a(my_process.o)
 .debug_aranges
                0x000004b8       0x20 pegasus_crt.a(socket.o)
 .debug_aranges
                0x000004d8       0x20 pegasus_crt.a(ip_input.o)
 .debug_aranges
                0x000004f8       0x20 pegasus_crt.a(tcp.o)
 .debug_aranges
                0x00000518       0x20 pegasus_crt.a(icmpv4.o)
 .debug_aranges
                0x00000538       0x20 pegasus_crt.a(inet.o)
 .debug_aranges
                0x00000558       0x20 pegasus_crt.a(tcp_input.o)
 .debug_aranges
                0x00000578       0x20 pegasus_crt.a(udp.o)
 .debug_aranges
                0x00000598       0x20 pegasus_crt.a(tcp_data.o)
 .debug_aranges
                0x000005b8       0x20 pegasus_crt.a(floor.o)
 .debug_aranges
                0x000005d8       0x20 pegasus_crt.a(strtok.o)
 .debug_aranges
                0x000005f8       0x20 pegasus_crt.a(strpbrk.o)
 .debug_aranges
                0x00000618       0x20 pegasus_crt.a(thread.o)
 .debug_aranges
                0x00000638       0x20 pegasus_crt.a(udp_sock.o)
 .debug_aranges
                0x00000658       0x20 pegasus_crt.a(tcp_sock.o)
 .debug_aranges
                0x00000678       0x20 pegasus_crt.a(ip_output.o)
 .debug_aranges
                0x00000698       0x20 pegasus_crt.a(sock.o)
 .debug_aranges
                0x000006b8       0x20 pegasus_crt.a(tcp_output.o)
 .debug_aranges
                0x000006d8       0x20 pegasus_crt.a(route.o)
 .debug_aranges
                0x000006f8       0x20 pegasus_crt.a(dst.o)

.debug_pubnames
 *(.debug_pubnames)

.debug_info     0x00000000    0x3a5a9
 *(.debug_info .gnu.linkonce.wi.*)
 .debug_info    0x00000000     0x2820 pegasus_crt.a(kernel_main_old.o)
 .debug_info    0x00002820      0xfde pegasus_crt.a(keyboard.o)
 .debug_info    0x000037fe      0xf73 pegasus_crt.a(process.o)
 .debug_info    0x00004771     0x1cfa pegasus_crt.a(mem.o)
 .debug_info    0x0000646b      0xf40 pegasus_crt.a(exec.o)
 .debug_info    0x000073ab      0xdb3 pegasus_crt.a(exit.o)
 .debug_info    0x0000815e      0xdc1 pegasus_crt.a(wait.o)
 .debug_info    0x00008f1f      0xda8 pegasus_crt.a(fork.o)
 .debug_info    0x00009cc7      0xea1 pegasus_crt.a(read.o)
 .debug_info    0x0000ab68      0xe02 pegasus_crt.a(open.o)
 .debug_info    0x0000b96a      0xe2f pegasus_crt.a(write.o)
 .debug_info    0x0000c799      0xdb6 pegasus_crt.a(close.o)
 .debug_info    0x0000d54f     0x1044 pegasus_crt.a(double_link_list.o)
 .debug_info    0x0000e593     0x11b5 pegasus_crt.a(protect.o)
 .debug_info    0x0000f748      0xe8a pegasus_crt.a(global.o)
 .debug_info    0x000105d2     0x128a pegasus_crt.a(console.o)
 .debug_info    0x0001185c      0xf22 pegasus_crt.a(task_network.o)
 .debug_info    0x0001277e     0x19f3 pegasus_crt.a(hd.o)
 .debug_info    0x00014171     0x1f3b pegasus_crt.a(fs_main.o)
 .debug_info    0x000160ac      0xdcc pegasus_crt.a(main.o)
 .debug_info    0x00016e78       0xc1 pegasus_crt.a(strcmp.o)
 .debug_info    0x00016f39     0x132e pegasus_crt.a(netdev.o)
 .debug_info    0x00018267      0x76e pegasus_crt.a(arp.o)
 .debug_info    0x000189d5     0x1c38 pegasus_crt.a(ipc.o)
 .debug_info    0x0001a60d      0x39f pegasus_crt.a(skbuff.o)
 .debug_info    0x0001a9ac      0x367 pegasus_crt.a(utils.o)
 .debug_info    0x0001ad13      0xfbc pegasus_crt.a(forkexit.o)
 .debug_info    0x0001bccf     0x11ca pegasus_crt.a(exec.o)
 .debug_info    0x0001ce99      0xeb9 pegasus_crt.a(calloc.o)
 .debug_info    0x0001dd52       0x98 pegasus_crt.a(alloca.o)
 .debug_info    0x0001ddea       0x5c pegasus_crt.a(perror.o)
 .debug_info    0x0001de46      0x20e pegasus_crt.a(sscanf.o)
 .debug_info    0x0001e054       0xa8 pegasus_crt.a(ntohs.o)
 .debug_info    0x0001e0fc       0xcb pegasus_crt.a(htonl.o)
 .debug_info    0x0001e1c7       0xa8 pegasus_crt.a(htons.o)
 .debug_info    0x0001e26f      0x260 pegasus_crt.a(inet_pton.o)
 .debug_info    0x0001e4cf       0xcb pegasus_crt.a(ntohl.o)
 .debug_info    0x0001e59a     0x149d pegasus_crt.a(my_process.o)
 .debug_info    0x0001fa37     0x1ba7 pegasus_crt.a(socket.o)
 .debug_info    0x000215de     0x1aab pegasus_crt.a(ip_input.o)
 .debug_info    0x00023089     0x1e0e pegasus_crt.a(tcp.o)
 .debug_info    0x00024e97     0x1909 pegasus_crt.a(icmpv4.o)
 .debug_info    0x000267a0     0x1a0c pegasus_crt.a(inet.o)
 .debug_info    0x000281ac     0x2111 pegasus_crt.a(tcp_input.o)
 .debug_info    0x0002a2bd     0x1b0e pegasus_crt.a(udp.o)
 .debug_info    0x0002bdcb     0x1d77 pegasus_crt.a(tcp_data.o)
 .debug_info    0x0002db42       0x6b pegasus_crt.a(floor.o)
 .debug_info    0x0002dbad       0xae pegasus_crt.a(strtok.o)
 .debug_info    0x0002dc5b       0xcf pegasus_crt.a(strpbrk.o)
 .debug_info    0x0002dd2a     0x1069 pegasus_crt.a(thread.o)
 .debug_info    0x0002ed93     0x1edd pegasus_crt.a(udp_sock.o)
 .debug_info    0x00030c70     0x21ff pegasus_crt.a(tcp_sock.o)
 .debug_info    0x00032e6f     0x1745 pegasus_crt.a(ip_output.o)
 .debug_info    0x000345b4     0x1860 pegasus_crt.a(sock.o)
 .debug_info    0x00035e14     0x2329 pegasus_crt.a(tcp_output.o)
 .debug_info    0x0003813d     0x1282 pegasus_crt.a(route.o)
 .debug_info    0x000393bf     0x11ea pegasus_crt.a(dst.o)

.debug_abbrev   0x00000000     0x7109
 *(.debug_abbrev)
 .debug_abbrev  0x00000000      0x452 pegasus_crt.a(kernel_main_old.o)
 .debug_abbrev  0x00000452      0x1fb pegasus_crt.a(keyboard.o)
 .debug_abbrev  0x0000064d      0x1e0 pegasus_crt.a(process.o)
 .debug_abbrev  0x0000082d      0x2ea pegasus_crt.a(mem.o)
 .debug_abbrev  0x00000b17      0x1e8 pegasus_crt.a(exec.o)
 .debug_abbrev  0x00000cff      0x19b pegasus_crt.a(exit.o)
 .debug_abbrev  0x00000e9a      0x19f pegasus_crt.a(wait.o)
 .debug_abbrev  0x00001039      0x18a pegasus_crt.a(fork.o)
 .debug_abbrev  0x000011c3      0x1ef pegasus_crt.a(read.o)
 .debug_abbrev  0x000013b2      0x1c5 pegasus_crt.a(open.o)
 .debug_abbrev  0x00001577      0x1db pegasus_crt.a(write.o)
 .debug_abbrev  0x00001752      0x19d pegasus_crt.a(close.o)
 .debug_abbrev  0x000018ef      0x216 pegasus_crt.a(double_link_list.o)
 .debug_abbrev  0x00001b05      0x227 pegasus_crt.a(protect.o)
 .debug_abbrev  0x00001d2c      0x157 pegasus_crt.a(global.o)
 .debug_abbrev  0x00001e83      0x2ac pegasus_crt.a(console.o)
 .debug_abbrev  0x0000212f      0x1bc pegasus_crt.a(task_network.o)
 .debug_abbrev  0x000022eb      0x33e pegasus_crt.a(hd.o)
 .debug_abbrev  0x00002629      0x2ef pegasus_crt.a(fs_main.o)
 .debug_abbrev  0x00002918      0x208 pegasus_crt.a(main.o)
 .debug_abbrev  0x00002b20       0x94 pegasus_crt.a(strcmp.o)
 .debug_abbrev  0x00002bb4      0x289 pegasus_crt.a(netdev.o)
 .debug_abbrev  0x00002e3d      0x210 pegasus_crt.a(arp.o)
 .debug_abbrev  0x0000304d      0x2ee pegasus_crt.a(ipc.o)
 .debug_abbrev  0x0000333b      0x15f pegasus_crt.a(skbuff.o)
 .debug_abbrev  0x0000349a      0x17a pegasus_crt.a(utils.o)
 .debug_abbrev  0x00003614      0x204 pegasus_crt.a(forkexit.o)
 .debug_abbrev  0x00003818      0x1c4 pegasus_crt.a(exec.o)
 .debug_abbrev  0x000039dc      0x191 pegasus_crt.a(calloc.o)
 .debug_abbrev  0x00003b6d       0x86 pegasus_crt.a(alloca.o)
 .debug_abbrev  0x00003bf3       0x5c pegasus_crt.a(perror.o)
 .debug_abbrev  0x00003c4f       0xdd pegasus_crt.a(sscanf.o)
 .debug_abbrev  0x00003d2c       0x6c pegasus_crt.a(ntohs.o)
 .debug_abbrev  0x00003d98       0xa5 pegasus_crt.a(htonl.o)
 .debug_abbrev  0x00003e3d       0x6c pegasus_crt.a(htons.o)
 .debug_abbrev  0x00003ea9      0x116 pegasus_crt.a(inet_pton.o)
 .debug_abbrev  0x00003fbf       0xa5 pegasus_crt.a(ntohl.o)
 .debug_abbrev  0x00004064      0x260 pegasus_crt.a(my_process.o)
 .debug_abbrev  0x000042c4      0x327 pegasus_crt.a(socket.o)
 .debug_abbrev  0x000045eb      0x2d1 pegasus_crt.a(ip_input.o)
 .debug_abbrev  0x000048bc      0x332 pegasus_crt.a(tcp.o)
 .debug_abbrev  0x00004bee      0x236 pegasus_crt.a(icmpv4.o)
 .debug_abbrev  0x00004e24      0x24b pegasus_crt.a(inet.o)
 .debug_abbrev  0x0000506f      0x355 pegasus_crt.a(tcp_input.o)
 .debug_abbrev  0x000053c4      0x2d3 pegasus_crt.a(udp.o)
 .debug_abbrev  0x00005697      0x2a6 pegasus_crt.a(tcp_data.o)
 .debug_abbrev  0x0000593d       0x6a pegasus_crt.a(floor.o)
 .debug_abbrev  0x000059a7       0x91 pegasus_crt.a(strtok.o)
 .debug_abbrev  0x00005a38       0xa5 pegasus_crt.a(strpbrk.o)
 .debug_abbrev  0x00005add      0x222 pegasus_crt.a(thread.o)
 .debug_abbrev  0x00005cff      0x3b1 pegasus_crt.a(udp_sock.o)
 .debug_abbrev  0x000060b0      0x3e6 pegasus_crt.a(tcp_sock.o)
 .debug_abbrev  0x00006496      0x213 pegasus_crt.a(ip_output.o)
 .debug_abbrev  0x000066a9      0x273 pegasus_crt.a(sock.o)
 .debug_abbrev  0x0000691c      0x39b pegasus_crt.a(tcp_output.o)
 .debug_abbrev  0x00006cb7      0x24e pegasus_crt.a(route.o)
 .debug_abbrev  0x00006f05      0x204 pegasus_crt.a(dst.o)

.debug_line     0x00000000     0x911a
 *(.debug_line .debug_line.* .debug_line_end)
 .debug_line    0x00000000      0xe0f pegasus_crt.a(kernel_main_old.o)
 .debug_line    0x00000e0f      0x296 pegasus_crt.a(keyboard.o)
 .debug_line    0x000010a5      0x180 pegasus_crt.a(process.o)
 .debug_line    0x00001225      0x7e6 pegasus_crt.a(mem.o)
 .debug_line    0x00001a0b      0x18b pegasus_crt.a(exec.o)
 .debug_line    0x00001b96       0xa0 pegasus_crt.a(exit.o)
 .debug_line    0x00001c36       0xb7 pegasus_crt.a(wait.o)
 .debug_line    0x00001ced       0xa5 pegasus_crt.a(fork.o)
 .debug_line    0x00001d92      0x15b pegasus_crt.a(read.o)
 .debug_line    0x00001eed       0xc3 pegasus_crt.a(open.o)
 .debug_line    0x00001fb0       0xc2 pegasus_crt.a(write.o)
 .debug_line    0x00002072       0xb3 pegasus_crt.a(close.o)
 .debug_line    0x00002125      0x253 pegasus_crt.a(double_link_list.o)
 .debug_line    0x00002378      0x1ff pegasus_crt.a(protect.o)
 .debug_line    0x00002577       0x95 pegasus_crt.a(global.o)
 .debug_line    0x0000260c      0x54e pegasus_crt.a(console.o)
 .debug_line    0x00002b5a      0x105 pegasus_crt.a(task_network.o)
 .debug_line    0x00002c5f      0x639 pegasus_crt.a(hd.o)
 .debug_line    0x00003298      0xc1a pegasus_crt.a(fs_main.o)
 .debug_line    0x00003eb2       0xec pegasus_crt.a(main.o)
 .debug_line    0x00003f9e       0x8a pegasus_crt.a(strcmp.o)
 .debug_line    0x00004028      0x24e pegasus_crt.a(netdev.o)
 .debug_line    0x00004276      0x34c pegasus_crt.a(arp.o)
 .debug_line    0x000045c2      0x5ab pegasus_crt.a(ipc.o)
 .debug_line    0x00004b6d      0x121 pegasus_crt.a(skbuff.o)
 .debug_line    0x00004c8e      0x13c pegasus_crt.a(utils.o)
 .debug_line    0x00004dca      0x17a pegasus_crt.a(forkexit.o)
 .debug_line    0x00004f44      0x20c pegasus_crt.a(exec.o)
 .debug_line    0x00005150       0xe3 pegasus_crt.a(calloc.o)
 .debug_line    0x00005233       0x6b pegasus_crt.a(alloca.o)
 .debug_line    0x0000529e       0x48 pegasus_crt.a(perror.o)
 .debug_line    0x000052e6      0x1d2 pegasus_crt.a(sscanf.o)
 .debug_line    0x000054b8       0x6c pegasus_crt.a(ntohs.o)
 .debug_line    0x00005524       0xc1 pegasus_crt.a(htonl.o)
 .debug_line    0x000055e5       0x6c pegasus_crt.a(htons.o)
 .debug_line    0x00005651      0x167 pegasus_crt.a(inet_pton.o)
 .debug_line    0x000057b8       0xc1 pegasus_crt.a(ntohl.o)
 .debug_line    0x00005879      0x33b pegasus_crt.a(my_process.o)
 .debug_line    0x00005bb4      0x3a6 pegasus_crt.a(socket.o)
 .debug_line    0x00005f5a      0x272 pegasus_crt.a(ip_input.o)
 .debug_line    0x000061cc      0x2f5 pegasus_crt.a(tcp.o)
 .debug_line    0x000064c1      0x225 pegasus_crt.a(icmpv4.o)
 .debug_line    0x000066e6      0x30e pegasus_crt.a(inet.o)
 .debug_line    0x000069f4      0x658 pegasus_crt.a(tcp_input.o)
 .debug_line    0x0000704c      0x2ec pegasus_crt.a(udp.o)
 .debug_line    0x00007338      0x3e9 pegasus_crt.a(tcp_data.o)
 .debug_line    0x00007721       0x5a pegasus_crt.a(floor.o)
 .debug_line    0x0000777b       0x6e pegasus_crt.a(strtok.o)
 .debug_line    0x000077e9       0xb0 pegasus_crt.a(strpbrk.o)
 .debug_line    0x00007899      0x145 pegasus_crt.a(thread.o)
 .debug_line    0x000079de      0x4b0 pegasus_crt.a(udp_sock.o)
 .debug_line    0x00007e8e      0x57b pegasus_crt.a(tcp_sock.o)
 .debug_line    0x00008409      0x1fe pegasus_crt.a(ip_output.o)
 .debug_line    0x00008607      0x222 pegasus_crt.a(sock.o)
 .debug_line    0x00008829      0x58a pegasus_crt.a(tcp_output.o)
 .debug_line    0x00008db3      0x209 pegasus_crt.a(route.o)
 .debug_line    0x00008fbc      0x15e pegasus_crt.a(dst.o)

.debug_frame
 *(.debug_frame)

.debug_str      0x00000000     0x34cd
 *(.debug_str)
 .debug_str     0x00000000     0x34cd pegasus_crt.a(kernel_main_old.o)
                                0xb73 (size before relaxing)
 .debug_str     0x000034cd      0x69c pegasus_crt.a(keyboard.o)
 .debug_str     0x000034cd      0x64a pegasus_crt.a(process.o)
 .debug_str     0x000034cd      0xa6d pegasus_crt.a(mem.o)
 .debug_str     0x000034cd      0x62c pegasus_crt.a(exec.o)
 .debug_str     0x000034cd      0x5a5 pegasus_crt.a(exit.o)
 .debug_str     0x000034cd      0x5a5 pegasus_crt.a(wait.o)
 .debug_str     0x000034cd      0x59e pegasus_crt.a(fork.o)
 .debug_str     0x000034cd      0x617 pegasus_crt.a(read.o)
 .debug_str     0x000034cd      0x5de pegasus_crt.a(open.o)
 .debug_str     0x000034cd      0x5db pegasus_crt.a(write.o)
 .debug_str     0x000034cd      0x5a6 pegasus_crt.a(close.o)
 .debug_str     0x000034cd      0x6d1 pegasus_crt.a(double_link_list.o)
 .debug_str     0x000034cd      0x76b pegasus_crt.a(protect.o)
 .debug_str     0x000034cd      0x610 pegasus_crt.a(global.o)
 .debug_str     0x000034cd      0x75f pegasus_crt.a(console.o)
 .debug_str     0x000034cd      0x67a pegasus_crt.a(task_network.o)
 .debug_str     0x000034cd      0x9c5 pegasus_crt.a(hd.o)
 .debug_str     0x000034cd      0xafa pegasus_crt.a(fs_main.o)
 .debug_str     0x000034cd      0x598 pegasus_crt.a(main.o)
 .debug_str     0x000034cd       0xb1 pegasus_crt.a(strcmp.o)
 .debug_str     0x000034cd      0x77d pegasus_crt.a(netdev.o)
 .debug_str     0x000034cd      0x2f6 pegasus_crt.a(arp.o)
 .debug_str     0x000034cd      0x8d2 pegasus_crt.a(ipc.o)
 .debug_str     0x000034cd      0x1d8 pegasus_crt.a(skbuff.o)
 .debug_str     0x000034cd      0x1b8 pegasus_crt.a(utils.o)
 .debug_str     0x000034cd      0x617 pegasus_crt.a(forkexit.o)
 .debug_str     0x000034cd      0x86d pegasus_crt.a(exec.o)
 .debug_str     0x000034cd      0x631 pegasus_crt.a(calloc.o)
 .debug_str     0x000034cd       0xb6 pegasus_crt.a(alloca.o)
 .debug_str     0x000034cd       0x99 pegasus_crt.a(perror.o)
 .debug_str     0x000034cd      0x102 pegasus_crt.a(sscanf.o)
 .debug_str     0x000034cd      0x101 pegasus_crt.a(ntohs.o)
 .debug_str     0x000034cd       0xf4 pegasus_crt.a(htonl.o)
 .debug_str     0x000034cd      0x102 pegasus_crt.a(htons.o)
 .debug_str     0x000034cd      0x14c pegasus_crt.a(inet_pton.o)
 .debug_str     0x000034cd       0xf3 pegasus_crt.a(ntohl.o)
 .debug_str     0x000034cd      0x8fe pegasus_crt.a(my_process.o)
 .debug_str     0x000034cd      0x928 pegasus_crt.a(socket.o)
 .debug_str     0x000034cd      0x99b pegasus_crt.a(ip_input.o)
 .debug_str     0x000034cd      0xb2d pegasus_crt.a(tcp.o)
 .debug_str     0x000034cd      0x91a pegasus_crt.a(icmpv4.o)
 .debug_str     0x000034cd      0x8e7 pegasus_crt.a(inet.o)
 .debug_str     0x000034cd      0xb8d pegasus_crt.a(tcp_input.o)
 .debug_str     0x000034cd      0x94d pegasus_crt.a(udp.o)
 .debug_str     0x000034cd      0xa49 pegasus_crt.a(tcp_data.o)
 .debug_str     0x000034cd       0xa2 pegasus_crt.a(floor.o)
 .debug_str     0x000034cd       0xb9 pegasus_crt.a(strtok.o)
 .debug_str     0x000034cd       0xc1 pegasus_crt.a(strpbrk.o)
 .debug_str     0x000034cd      0x717 pegasus_crt.a(thread.o)
 .debug_str     0x000034cd      0xa71 pegasus_crt.a(udp_sock.o)
 .debug_str     0x000034cd      0xcc0 pegasus_crt.a(tcp_sock.o)
 .debug_str     0x000034cd      0x856 pegasus_crt.a(ip_output.o)
 .debug_str     0x000034cd      0x8b6 pegasus_crt.a(sock.o)
 .debug_str     0x000034cd      0xc1d pegasus_crt.a(tcp_output.o)
 .debug_str     0x000034cd      0x743 pegasus_crt.a(route.o)
 .debug_str     0x000034cd      0x722 pegasus_crt.a(dst.o)

.debug_loc
 *(.debug_loc)

.debug_macinfo
 *(.debug_macinfo)

.debug_weaknames
 *(.debug_weaknames)

.debug_funcnames
 *(.debug_funcnames)

.debug_typenames
 *(.debug_typenames)

.debug_varnames
 *(.debug_varnames)

.debug_pubtypes
 *(.debug_pubtypes)

.debug_ranges   0x00000000       0x90
 *(.debug_ranges)
 .debug_ranges  0x00000000       0x30 pegasus_crt.a(kernel_main_old.o)
 .debug_ranges  0x00000030       0x48 pegasus_crt.a(hd.o)
 .debug_ranges  0x00000078       0x18 pegasus_crt.a(exec.o)

.debug_addr
 *(.debug_addr)

.debug_line_str
 *(.debug_line_str)

.debug_loclists
 *(.debug_loclists)

.debug_macro
 *(.debug_macro)

.debug_names
 *(.debug_names)

.debug_rnglists
 *(.debug_rnglists)

.debug_str_offsets
 *(.debug_str_offsets)

.debug_sup
 *(.debug_sup)

.gnu.attributes
 *(.gnu.attributes)

/DISCARD/
 *(.note.GNU-stack)
 *(.gnu_debuglink)
 *(.gnu.lto_*)
OUTPUT(test elf32-i386)
