Archive member included to satisfy reference by file (symbol)

pegasus_crt.a(kernel_main_old.o)
                              test.o (Printf)
pegasus_crt.a(keyboard.o)     pegasus_crt.a(kernel_main_old.o) (init_keyboard_handler)
pegasus_crt.a(process.o)      pegasus_crt.a(kernel_main_old.o) (schedule_process)
pegasus_crt.a(mem.o)          pegasus_crt.a(kernel_main_old.o) (ptr_pde)
pegasus_crt.a(exec.o)         pegasus_crt.a(kernel_main_old.o) (execl)
pegasus_crt.a(exit.o)         start.o (exit)
pegasus_crt.a(wait.o)         pegasus_crt.a(kernel_main_old.o) (wait)
pegasus_crt.a(fork.o)         pegasus_crt.a(kernel_main_old.o) (fork)
pegasus_crt.a(read.o)         pegasus_crt.a(kernel_main_old.o) (read)
pegasus_crt.a(open.o)         pegasus_crt.a(kernel_main_old.o) (open)
pegasus_crt.a(write.o)        pegasus_crt.a(kernel_main_old.o) (write)
pegasus_crt.a(close.o)        pegasus_crt.a(kernel_main_old.o) (close)
pegasus_crt.a(kernel.o)       pegasus_crt.a(kernel_main_old.o) (disp_str)
pegasus_crt.a(switch_to.o)    pegasus_crt.a(process.o) (switch_to)
pegasus_crt.a(string.o)       pegasus_crt.a(kernel_main_old.o) (Memcpy2)
pegasus_crt.a(syscall.o)      pegasus_crt.a(kernel_main_old.o) (write_debug)
pegasus_crt.a(double_link_list.o)
                              pegasus_crt.a(mem.o) (initDoubleLinkList)
pegasus_crt.a(global.o)       pegasus_crt.a(kernel.o) (sys_call_table)
pegasus_crt.a(console.o)      pegasus_crt.a(keyboard.o) (select_console)
pegasus_crt.a(protect.o)      pegasus_crt.a(kernel_main_old.o) (InitInterruptDesc)
pegasus_crt.a(task_network.o)
                              pegasus_crt.a(global.o) (task_network)
pegasus_crt.a(hd.o)           pegasus_crt.a(global.o) (TaskHD)
pegasus_crt.a(fs_main.o)      pegasus_crt.a(global.o) (task_fs)
pegasus_crt.a(main.o)         pegasus_crt.a(global.o) (TaskMM)
pegasus_crt.a(strcmp.o)       pegasus_crt.a(fs_main.o) (strcmp)
pegasus_crt.a(hd_rdwt.o)      pegasus_crt.a(hd.o) (read_port)
pegasus_crt.a(netdev.o)       pegasus_crt.a(task_network.o) (netdev_rx_loop)
pegasus_crt.a(forkexit.o)     pegasus_crt.a(main.o) (do_fork)
pegasus_crt.a(exec.o)         pegasus_crt.a(main.o) (do_exec)
pegasus_crt.a(perror.o)       pegasus_crt.a(netdev.o) (perror)
pegasus_crt.a(sscanf.o)       pegasus_crt.a(netdev.o) (sscanf)
pegasus_crt.a(ntohs.o)        pegasus_crt.a(netdev.o) (ntohs)
pegasus_crt.a(htons.o)        pegasus_crt.a(netdev.o) (htons)
pegasus_crt.a(inet_pton.o)    pegasus_crt.a(netdev.o) (inet_pton)
pegasus_crt.a(ntohl.o)        pegasus_crt.a(netdev.o) (ntohl)
pegasus_crt.a(ne2000.o)       pegasus_crt.a(netdev.o) (DriverSend)
pegasus_crt.a(my_process.o)   pegasus_crt.a(forkexit.o) (fork_process)
pegasus_crt.a(ip_input.o)     pegasus_crt.a(netdev.o) (ip_rcv)
pegasus_crt.a(tcp.o)          pegasus_crt.a(ip_input.o) (tcp_in)
pegasus_crt.a(arp.o)          pegasus_crt.a(netdev.o) (arp_rcv)
pegasus_crt.a(tcp_sock.o)     pegasus_crt.a(tcp.o) (tcp_established_or_syn_recvd_socks_remove)
pegasus_crt.a(icmpv4.o)       pegasus_crt.a(ip_input.o) (icmpv4_incoming)
pegasus_crt.a(skbuff.o)       pegasus_crt.a(netdev.o) (alloc_skb)
pegasus_crt.a(tcp_input.o)    pegasus_crt.a(tcp.o) (tcp_process)
pegasus_crt.a(udp.o)          pegasus_crt.a(ip_input.o) (udp_in)
pegasus_crt.a(tcp_data.o)     pegasus_crt.a(tcp_input.o) (tcp_data_dequeue)
pegasus_crt.a(utils.o)        pegasus_crt.a(ip_input.o) (print_err)
pegasus_crt.a(strtok.o)       pegasus_crt.a(inet_pton.o) (strtok)
pegasus_crt.a(strpbrk.o)      pegasus_crt.a(strtok.o) (strpbrk)
pegasus_crt.a(htonl.o)        pegasus_crt.a(arp.o) (htonl)
pegasus_crt.a(thread.o)       pegasus_crt.a(my_process.o) (thread_init)
pegasus_crt.a(udp_sock.o)     pegasus_crt.a(udp.o) (udp_lookup_sock)
pegasus_crt.a(ip_output.o)    pegasus_crt.a(icmpv4.o) (ip_output)
pegasus_crt.a(sock.o)         pegasus_crt.a(tcp_sock.o) (sk_free)
pegasus_crt.a(tcp_output.o)   pegasus_crt.a(tcp_input.o) (tcp_send_synack)
pegasus_crt.a(route.o)        pegasus_crt.a(ip_output.o) (route_lookup)
pegasus_crt.a(dst.o)          pegasus_crt.a(ip_output.o) (dst_neigh_output)

Merging program properties

Removed property 0xc0010001 to merge test.o (0x1) and start.o (not found)
Removed property 0xc0010002 to merge test.o (0x0) and start.o (not found)
Removed property 0xc0010001 to merge test.o (not found) and pegasus_crt.a(kernel_main_old.o) (0x1)
Removed property 0xc0010002 to merge test.o (not found) and pegasus_crt.a(kernel_main_old.o) (0x1)
Removed property 0xc0010001 to merge test.o (not found) and pegasus_crt.a(keyboard.o) (0x1)
Removed property 0xc0010002 to merge test.o (not found) and pegasus_crt.a(keyboard.o) (0x0)
Removed property 0xc0010001 to merge test.o (not found) and pegasus_crt.a(process.o) (0x1)
Removed property 0xc0010002 to merge test.o (not found) and pegasus_crt.a(process.o) (0x0)
Removed property 0xc0010001 to merge test.o (not found) and pegasus_crt.a(mem.o) (0x1)
Removed property 0xc0010002 to merge test.o (not found) and pegasus_crt.a(mem.o) (0x1)
Removed property 0xc0010001 to merge test.o (not found) and pegasus_crt.a(exec.o) (0x1)
Removed property 0xc0010002 to merge test.o (not found) and pegasus_crt.a(exec.o) (0x0)
Removed property 0xc0010001 to merge test.o (not found) and pegasus_crt.a(exit.o) (0x1)
Removed property 0xc0010002 to merge test.o (not found) and pegasus_crt.a(exit.o) (0x0)
Removed property 0xc0010001 to merge test.o (not found) and pegasus_crt.a(wait.o) (0x1)
Removed property 0xc0010002 to merge test.o (not found) and pegasus_crt.a(wait.o) (0x0)
Removed property 0xc0010001 to merge test.o (not found) and pegasus_crt.a(fork.o) (0x1)
Removed property 0xc0010002 to merge test.o (not found) and pegasus_crt.a(fork.o) (0x0)
Removed property 0xc0010001 to merge test.o (not found) and pegasus_crt.a(read.o) (0x1)
Removed property 0xc0010002 to merge test.o (not found) and pegasus_crt.a(read.o) (0x0)
Removed property 0xc0010001 to merge test.o (not found) and pegasus_crt.a(open.o) (0x1)
Removed property 0xc0010002 to merge test.o (not found) and pegasus_crt.a(open.o) (0x0)
Removed property 0xc0010001 to merge test.o (not found) and pegasus_crt.a(write.o) (0x1)
Removed property 0xc0010002 to merge test.o (not found) and pegasus_crt.a(write.o) (0x0)
Removed property 0xc0010001 to merge test.o (not found) and pegasus_crt.a(close.o) (0x1)
Removed property 0xc0010002 to merge test.o (not found) and pegasus_crt.a(close.o) (0x0)
Removed property 0xc0010001 to merge test.o (not found) and pegasus_crt.a(double_link_list.o) (0x1)
Removed property 0xc0010002 to merge test.o (not found) and pegasus_crt.a(double_link_list.o) (0x0)
Removed property 0xc0010001 to merge test.o (not found) and pegasus_crt.a(global.o) (0x1)
Removed property 0xc0010002 to merge test.o (not found) and pegasus_crt.a(global.o) (0x0)
Removed property 0xc0010001 to merge test.o (not found) and pegasus_crt.a(console.o) (0x1)
Removed property 0xc0010002 to merge test.o (not found) and pegasus_crt.a(console.o) (0x1)
Removed property 0xc0010001 to merge test.o (not found) and pegasus_crt.a(protect.o) (0x1)
Removed property 0xc0010002 to merge test.o (not found) and pegasus_crt.a(protect.o) (0x0)
Removed property 0xc0010001 to merge test.o (not found) and pegasus_crt.a(task_network.o) (0x1)
Removed property 0xc0010002 to merge test.o (not found) and pegasus_crt.a(task_network.o) (0x0)
Removed property 0xc0010001 to merge test.o (not found) and pegasus_crt.a(hd.o) (0x1)
Removed property 0xc0010002 to merge test.o (not found) and pegasus_crt.a(hd.o) (0x1)
Removed property 0xc0010001 to merge test.o (not found) and pegasus_crt.a(fs_main.o) (0x1)
Removed property 0xc0010002 to merge test.o (not found) and pegasus_crt.a(fs_main.o) (0x1)
Removed property 0xc0010001 to merge test.o (not found) and pegasus_crt.a(main.o) (0x1)
Removed property 0xc0010002 to merge test.o (not found) and pegasus_crt.a(main.o) (0x0)
Removed property 0xc0010001 to merge test.o (not found) and pegasus_crt.a(strcmp.o) (0x1)
Removed property 0xc0010002 to merge test.o (not found) and pegasus_crt.a(strcmp.o) (0x1)
Removed property 0xc0010001 to merge test.o (not found) and pegasus_crt.a(netdev.o) (0x1)
Removed property 0xc0010002 to merge test.o (not found) and pegasus_crt.a(netdev.o) (0x0)
Removed property 0xc0010001 to merge test.o (not found) and pegasus_crt.a(forkexit.o) (0x1)
Removed property 0xc0010002 to merge test.o (not found) and pegasus_crt.a(forkexit.o) (0x0)
Removed property 0xc0010001 to merge test.o (not found) and pegasus_crt.a(exec.o) (0x1)
Removed property 0xc0010002 to merge test.o (not found) and pegasus_crt.a(exec.o) (0x0)
Removed property 0xc0010001 to merge test.o (not found) and pegasus_crt.a(perror.o) (0x1)
Removed property 0xc0010002 to merge test.o (not found) and pegasus_crt.a(perror.o) (0x0)
Removed property 0xc0010001 to merge test.o (not found) and pegasus_crt.a(sscanf.o) (0x1)
Removed property 0xc0010002 to merge test.o (not found) and pegasus_crt.a(sscanf.o) (0x0)
Removed property 0xc0010001 to merge test.o (not found) and pegasus_crt.a(ntohs.o) (0x1)
Removed property 0xc0010002 to merge test.o (not found) and pegasus_crt.a(ntohs.o) (0x0)
Removed property 0xc0010001 to merge test.o (not found) and pegasus_crt.a(htons.o) (0x1)
Removed property 0xc0010002 to merge test.o (not found) and pegasus_crt.a(htons.o) (0x0)
Removed property 0xc0010001 to merge test.o (not found) and pegasus_crt.a(inet_pton.o) (0x1)
Removed property 0xc0010002 to merge test.o (not found) and pegasus_crt.a(inet_pton.o) (0x0)
Removed property 0xc0010001 to merge test.o (not found) and pegasus_crt.a(ntohl.o) (0x1)
Removed property 0xc0010002 to merge test.o (not found) and pegasus_crt.a(ntohl.o) (0x0)
Removed property 0xc0010001 to merge test.o (not found) and pegasus_crt.a(my_process.o) (0x1)
Removed property 0xc0010002 to merge test.o (not found) and pegasus_crt.a(my_process.o) (0x1)
Removed property 0xc0010001 to merge test.o (not found) and pegasus_crt.a(ip_input.o) (0x1)
Removed property 0xc0010002 to merge test.o (not found) and pegasus_crt.a(ip_input.o) (0x0)
Removed property 0xc0010001 to merge test.o (not found) and pegasus_crt.a(tcp.o) (0x1)
Removed property 0xc0010002 to merge test.o (not found) and pegasus_crt.a(tcp.o) (0x0)
Removed property 0xc0010001 to merge test.o (not found) and pegasus_crt.a(arp.o) (0x1)
Removed property 0xc0010002 to merge test.o (not found) and pegasus_crt.a(arp.o) (0x0)
Removed property 0xc0010001 to merge test.o (not found) and pegasus_crt.a(tcp_sock.o) (0x1)
Removed property 0xc0010002 to merge test.o (not found) and pegasus_crt.a(tcp_sock.o) (0x0)
Removed property 0xc0010001 to merge test.o (not found) and pegasus_crt.a(icmpv4.o) (0x1)
Removed property 0xc0010002 to merge test.o (not found) and pegasus_crt.a(icmpv4.o) (0x0)
Removed property 0xc0010001 to merge test.o (not found) and pegasus_crt.a(skbuff.o) (0x1)
Removed property 0xc0010002 to merge test.o (not found) and pegasus_crt.a(skbuff.o) (0x0)
Removed property 0xc0010001 to merge test.o (not found) and pegasus_crt.a(tcp_input.o) (0x1)
Removed property 0xc0010002 to merge test.o (not found) and pegasus_crt.a(tcp_input.o) (0x0)
Removed property 0xc0010001 to merge test.o (not found) and pegasus_crt.a(udp.o) (0x1)
Removed property 0xc0010002 to merge test.o (not found) and pegasus_crt.a(udp.o) (0x1)
Removed property 0xc0010001 to merge test.o (not found) and pegasus_crt.a(tcp_data.o) (0x1)
Removed property 0xc0010002 to merge test.o (not found) and pegasus_crt.a(tcp_data.o) (0x0)
Removed property 0xc0010001 to merge test.o (not found) and pegasus_crt.a(utils.o) (0x1)
Removed property 0xc0010002 to merge test.o (not found) and pegasus_crt.a(utils.o) (0x0)
Removed property 0xc0010001 to merge test.o (not found) and pegasus_crt.a(strtok.o) (0x1)
Removed property 0xc0010002 to merge test.o (not found) and pegasus_crt.a(strtok.o) (0x0)
Removed property 0xc0010001 to merge test.o (not found) and pegasus_crt.a(strpbrk.o) (0x1)
Removed property 0xc0010002 to merge test.o (not found) and pegasus_crt.a(strpbrk.o) (0x0)
Removed property 0xc0010001 to merge test.o (not found) and pegasus_crt.a(htonl.o) (0x1)
Removed property 0xc0010002 to merge test.o (not found) and pegasus_crt.a(htonl.o) (0x0)
Removed property 0xc0010001 to merge test.o (not found) and pegasus_crt.a(thread.o) (0x1)
Removed property 0xc0010002 to merge test.o (not found) and pegasus_crt.a(thread.o) (0x0)
Removed property 0xc0010001 to merge test.o (not found) and pegasus_crt.a(udp_sock.o) (0x1)
Removed property 0xc0010002 to merge test.o (not found) and pegasus_crt.a(udp_sock.o) (0x0)
Removed property 0xc0010001 to merge test.o (not found) and pegasus_crt.a(ip_output.o) (0x1)
Removed property 0xc0010002 to merge test.o (not found) and pegasus_crt.a(ip_output.o) (0x0)
Removed property 0xc0010001 to merge test.o (not found) and pegasus_crt.a(sock.o) (0x1)
Removed property 0xc0010002 to merge test.o (not found) and pegasus_crt.a(sock.o) (0x0)
Removed property 0xc0010001 to merge test.o (not found) and pegasus_crt.a(tcp_output.o) (0x1)
Removed property 0xc0010002 to merge test.o (not found) and pegasus_crt.a(tcp_output.o) (0x1)
Removed property 0xc0010001 to merge test.o (not found) and pegasus_crt.a(route.o) (0x1)
Removed property 0xc0010002 to merge test.o (not found) and pegasus_crt.a(route.o) (0x0)
Removed property 0xc0010001 to merge test.o (not found) and pegasus_crt.a(dst.o) (0x1)
Removed property 0xc0010002 to merge test.o (not found) and pegasus_crt.a(dst.o) (0x0)

Allocating common symbols
Common symbol       size              file

current_tty         0x4               pegasus_crt.a(kernel_main_old.o)
file_desc_table     0x400             pegasus_crt.a(fs_main.o)
is_e0               0x1               pegasus_crt.a(kernel_main_old.o)
phy_super_block_buf
                    0x4               pegasus_crt.a(fs_main.o)
phy_fsbuf           0x4               pegasus_crt.a(fs_main.o)
idt_ptr             0x6               pegasus_crt.a(kernel_main_old.o)
pid                 0x4               pegasus_crt.a(kernel_main_old.o)
KernelVirtualMemory
                    0xc               pegasus_crt.a(kernel_main_old.o)
inode_table         0xa00             pegasus_crt.a(fs_main.o)
loop                0x4               pegasus_crt.a(netdev.o)
current_dis_pos     0x4               pegasus_crt.a(kernel_main_old.o)
dis_pos             0x4               pegasus_crt.a(kernel_main_old.o)
netdev              0x4               pegasus_crt.a(netdev.o)
k_reenter           0x4               pegasus_crt.a(kernel_main_old.o)
super_block_buf     0x4               pegasus_crt.a(fs_main.o)
gdt                 0x400             pegasus_crt.a(kernel_main_old.o)
proc_ready_table    0x4               pegasus_crt.a(kernel_main_old.o)
test_ticks          0x4               pegasus_crt.a(kernel_main_old.o)
hd_info             0x224             pegasus_crt.a(hd.o)
proc_stack          0x90000           pegasus_crt.a(global.o)
pcaller             0x4               pegasus_crt.a(kernel_main_old.o)
keyboard_buffer     0x20c             pegasus_crt.a(kernel_main_old.o)
pcb_list            0x10              pegasus_crt.a(kernel_main_old.o)
gdt_index           0x4               pegasus_crt.a(kernel_main_old.o)
tty_table           0x828             pegasus_crt.a(kernel_main_old.o)
tss                 0x6c              pegasus_crt.a(kernel_main_old.o)
KernelPool          0x10              pegasus_crt.a(kernel_main_old.o)
net_buf             0x4               pegasus_crt.a(kernel_main_old.o)
fsbuf               0x4               pegasus_crt.a(fs_main.o)
nic_current_page    0x1               pegasus_crt.a(kernel_main_old.o)
root                0x28              pegasus_crt.a(fs_main.o)
kernel_mem_block_decs_array
                    0xf0              pegasus_crt.a(mem.o)
counter             0x4               pegasus_crt.a(kernel_main_old.o)
key_pressed         0x4               pegasus_crt.a(kernel_main_old.o)
fork_pid            0x4               pegasus_crt.a(kernel_main_old.o)
is_shift            0x1               pegasus_crt.a(kernel_main_old.o)
net_data            0x1               pegasus_crt.a(kernel_main_old.o)
gdt_ptr             0x6               pegasus_crt.a(kernel_main_old.o)
idt                 0x800             pegasus_crt.a(kernel_main_old.o)
main_thread         0x4               pegasus_crt.a(kernel_main_old.o)
ticks               0x8               pegasus_crt.a(kernel_main_old.o)
is_init             0x1               pegasus_crt.a(kernel_main_old.o)
UserPool            0x10              pegasus_crt.a(kernel_main_old.o)
all_pcb_list        0x10              pegasus_crt.a(kernel_main_old.o)
console_table       0x10              pegasus_crt.a(kernel_main_old.o)
is_disp             0x1               pegasus_crt.a(kernel_main_old.o)
MAIN_THREAD_PAGE_DIRECTORY
                    0x4               pegasus_crt.a(kernel_main_old.o)
helloStr            0xc               pegasus_crt.a(kernel_main_old.o)
proc_table          0x1e14            pegasus_crt.a(global.o)
hd_cache            0x200             pegasus_crt.a(hd.o)

Discarded input sections

 .note.GNU-stack
                0x00000000        0x0 test.o
 .note.gnu.property
                0x00000000       0x28 test.o
 .note.GNU-stack
                0x00000000        0x0 pegasus_crt.a(kernel_main_old.o)
 .note.gnu.property
                0x00000000       0x28 pegasus_crt.a(kernel_main_old.o)
 .note.GNU-stack
                0x00000000        0x0 pegasus_crt.a(keyboard.o)
 .note.gnu.property
                0x00000000       0x28 pegasus_crt.a(keyboard.o)
 .note.GNU-stack
                0x00000000        0x0 pegasus_crt.a(process.o)
 .note.gnu.property
                0x00000000       0x28 pegasus_crt.a(process.o)
 .note.GNU-stack
                0x00000000        0x0 pegasus_crt.a(mem.o)
 .note.gnu.property
                0x00000000       0x28 pegasus_crt.a(mem.o)
 .note.GNU-stack
                0x00000000        0x0 pegasus_crt.a(exec.o)
 .note.gnu.property
                0x00000000       0x28 pegasus_crt.a(exec.o)
 .note.GNU-stack
                0x00000000        0x0 pegasus_crt.a(exit.o)
 .note.gnu.property
                0x00000000       0x28 pegasus_crt.a(exit.o)
 .note.GNU-stack
                0x00000000        0x0 pegasus_crt.a(wait.o)
 .note.gnu.property
                0x00000000       0x28 pegasus_crt.a(wait.o)
 .note.GNU-stack
                0x00000000        0x0 pegasus_crt.a(fork.o)
 .note.gnu.property
                0x00000000       0x28 pegasus_crt.a(fork.o)
 .note.GNU-stack
                0x00000000        0x0 pegasus_crt.a(read.o)
 .note.gnu.property
                0x00000000       0x28 pegasus_crt.a(read.o)
 .note.GNU-stack
                0x00000000        0x0 pegasus_crt.a(open.o)
 .note.gnu.property
                0x00000000       0x28 pegasus_crt.a(open.o)
 .note.GNU-stack
                0x00000000        0x0 pegasus_crt.a(write.o)
 .note.gnu.property
                0x00000000       0x28 pegasus_crt.a(write.o)
 .note.GNU-stack
                0x00000000        0x0 pegasus_crt.a(close.o)
 .note.gnu.property
                0x00000000       0x28 pegasus_crt.a(close.o)
 .note.GNU-stack
                0x00000000        0x0 pegasus_crt.a(double_link_list.o)
 .note.gnu.property
                0x00000000       0x28 pegasus_crt.a(double_link_list.o)
 .note.GNU-stack
                0x00000000        0x0 pegasus_crt.a(global.o)
 .note.gnu.property
                0x00000000       0x28 pegasus_crt.a(global.o)
 .note.GNU-stack
                0x00000000        0x0 pegasus_crt.a(console.o)
 .note.gnu.property
                0x00000000       0x28 pegasus_crt.a(console.o)
 .note.GNU-stack
                0x00000000        0x0 pegasus_crt.a(protect.o)
 .note.gnu.property
                0x00000000       0x28 pegasus_crt.a(protect.o)
 .note.GNU-stack
                0x00000000        0x0 pegasus_crt.a(task_network.o)
 .note.gnu.property
                0x00000000       0x28 pegasus_crt.a(task_network.o)
 .note.GNU-stack
                0x00000000        0x0 pegasus_crt.a(hd.o)
 .note.gnu.property
                0x00000000       0x28 pegasus_crt.a(hd.o)
 .note.GNU-stack
                0x00000000        0x0 pegasus_crt.a(fs_main.o)
 .note.gnu.property
                0x00000000       0x28 pegasus_crt.a(fs_main.o)
 .note.GNU-stack
                0x00000000        0x0 pegasus_crt.a(main.o)
 .note.gnu.property
                0x00000000       0x28 pegasus_crt.a(main.o)
 .note.GNU-stack
                0x00000000        0x0 pegasus_crt.a(strcmp.o)
 .note.gnu.property
                0x00000000       0x28 pegasus_crt.a(strcmp.o)
 .note.GNU-stack
                0x00000000        0x0 pegasus_crt.a(netdev.o)
 .note.gnu.property
                0x00000000       0x28 pegasus_crt.a(netdev.o)
 .note.GNU-stack
                0x00000000        0x0 pegasus_crt.a(forkexit.o)
 .note.gnu.property
                0x00000000       0x28 pegasus_crt.a(forkexit.o)
 .note.GNU-stack
                0x00000000        0x0 pegasus_crt.a(exec.o)
 .note.gnu.property
                0x00000000       0x28 pegasus_crt.a(exec.o)
 .note.GNU-stack
                0x00000000        0x0 pegasus_crt.a(perror.o)
 .note.gnu.property
                0x00000000       0x28 pegasus_crt.a(perror.o)
 .note.GNU-stack
                0x00000000        0x0 pegasus_crt.a(sscanf.o)
 .note.gnu.property
                0x00000000       0x28 pegasus_crt.a(sscanf.o)
 .note.GNU-stack
                0x00000000        0x0 pegasus_crt.a(ntohs.o)
 .note.gnu.property
                0x00000000       0x28 pegasus_crt.a(ntohs.o)
 .note.GNU-stack
                0x00000000        0x0 pegasus_crt.a(htons.o)
 .note.gnu.property
                0x00000000       0x28 pegasus_crt.a(htons.o)
 .note.GNU-stack
                0x00000000        0x0 pegasus_crt.a(inet_pton.o)
 .note.gnu.property
                0x00000000       0x28 pegasus_crt.a(inet_pton.o)
 .note.GNU-stack
                0x00000000        0x0 pegasus_crt.a(ntohl.o)
 .note.gnu.property
                0x00000000       0x28 pegasus_crt.a(ntohl.o)
 .note.GNU-stack
                0x00000000        0x0 pegasus_crt.a(my_process.o)
 .note.gnu.property
                0x00000000       0x28 pegasus_crt.a(my_process.o)
 .note.GNU-stack
                0x00000000        0x0 pegasus_crt.a(ip_input.o)
 .note.gnu.property
                0x00000000       0x28 pegasus_crt.a(ip_input.o)
 .note.GNU-stack
                0x00000000        0x0 pegasus_crt.a(tcp.o)
 .note.gnu.property
                0x00000000       0x28 pegasus_crt.a(tcp.o)
 .note.GNU-stack
                0x00000000        0x0 pegasus_crt.a(arp.o)
 .note.gnu.property
                0x00000000       0x28 pegasus_crt.a(arp.o)
 .note.GNU-stack
                0x00000000        0x0 pegasus_crt.a(tcp_sock.o)
 .note.gnu.property
                0x00000000       0x28 pegasus_crt.a(tcp_sock.o)
 .note.GNU-stack
                0x00000000        0x0 pegasus_crt.a(icmpv4.o)
 .note.gnu.property
                0x00000000       0x28 pegasus_crt.a(icmpv4.o)
 .note.GNU-stack
                0x00000000        0x0 pegasus_crt.a(skbuff.o)
 .note.gnu.property
                0x00000000       0x28 pegasus_crt.a(skbuff.o)
 .note.GNU-stack
                0x00000000        0x0 pegasus_crt.a(tcp_input.o)
 .note.gnu.property
                0x00000000       0x28 pegasus_crt.a(tcp_input.o)
 .note.GNU-stack
                0x00000000        0x0 pegasus_crt.a(udp.o)
 .note.gnu.property
                0x00000000       0x28 pegasus_crt.a(udp.o)
 .note.GNU-stack
                0x00000000        0x0 pegasus_crt.a(tcp_data.o)
 .note.gnu.property
                0x00000000       0x28 pegasus_crt.a(tcp_data.o)
 .note.GNU-stack
                0x00000000        0x0 pegasus_crt.a(utils.o)
 .note.gnu.property
                0x00000000       0x28 pegasus_crt.a(utils.o)
 .note.GNU-stack
                0x00000000        0x0 pegasus_crt.a(strtok.o)
 .note.gnu.property
                0x00000000       0x28 pegasus_crt.a(strtok.o)
 .note.GNU-stack
                0x00000000        0x0 pegasus_crt.a(strpbrk.o)
 .note.gnu.property
                0x00000000       0x28 pegasus_crt.a(strpbrk.o)
 .note.GNU-stack
                0x00000000        0x0 pegasus_crt.a(htonl.o)
 .note.gnu.property
                0x00000000       0x28 pegasus_crt.a(htonl.o)
 .note.GNU-stack
                0x00000000        0x0 pegasus_crt.a(thread.o)
 .note.gnu.property
                0x00000000       0x28 pegasus_crt.a(thread.o)
 .note.GNU-stack
                0x00000000        0x0 pegasus_crt.a(udp_sock.o)
 .note.gnu.property
                0x00000000       0x28 pegasus_crt.a(udp_sock.o)
 .note.GNU-stack
                0x00000000        0x0 pegasus_crt.a(ip_output.o)
 .note.gnu.property
                0x00000000       0x28 pegasus_crt.a(ip_output.o)
 .note.GNU-stack
                0x00000000        0x0 pegasus_crt.a(sock.o)
 .note.gnu.property
                0x00000000       0x28 pegasus_crt.a(sock.o)
 .note.GNU-stack
                0x00000000        0x0 pegasus_crt.a(tcp_output.o)
 .note.gnu.property
                0x00000000       0x28 pegasus_crt.a(tcp_output.o)
 .note.GNU-stack
                0x00000000        0x0 pegasus_crt.a(route.o)
 .note.gnu.property
                0x00000000       0x28 pegasus_crt.a(route.o)
 .note.GNU-stack
                0x00000000        0x0 pegasus_crt.a(dst.o)
 .note.gnu.property
                0x00000000       0x28 pegasus_crt.a(dst.o)

Memory Configuration

Name             Origin             Length             Attributes
*default*        0x00000000         0xffffffff

Linker script and memory map

Address of section .text set to 0xb0800000
LOAD test.o
LOAD start.o
LOAD pegasus_crt.a
                [!provide]                        PROVIDE (__executable_start = SEGMENT_START ("text-segment", 0x8048000))
                0x080480d4                        . = (SEGMENT_START ("text-segment", 0x8048000) + SIZEOF_HEADERS)

.interp
 *(.interp)

.note.gnu.build-id
 *(.note.gnu.build-id)

.hash
 *(.hash)

.gnu.hash
 *(.gnu.hash)

.dynsym
 *(.dynsym)

.dynstr
 *(.dynstr)

.gnu.version
 *(.gnu.version)

.gnu.version_d
 *(.gnu.version_d)

.gnu.version_r
 *(.gnu.version_r)

.rel.dyn        0x080480d4        0x0
 *(.rel.init)
 *(.rel.text .rel.text.* .rel.gnu.linkonce.t.*)
 .rel.text      0x080480d4        0x0 test.o
 *(.rel.fini)
 *(.rel.rodata .rel.rodata.* .rel.gnu.linkonce.r.*)
 *(.rel.data.rel.ro .rel.data.rel.ro.* .rel.gnu.linkonce.d.rel.ro.*)
 *(.rel.data .rel.data.* .rel.gnu.linkonce.d.*)
 *(.rel.tdata .rel.tdata.* .rel.gnu.linkonce.td.*)
 *(.rel.tbss .rel.tbss.* .rel.gnu.linkonce.tb.*)
 *(.rel.ctors)
 *(.rel.dtors)
 *(.rel.got)
 .rel.got       0x080480d4        0x0 test.o
 *(.rel.bss .rel.bss.* .rel.gnu.linkonce.b.*)
 *(.rel.ifunc)

.rel.plt        0x080480d4        0x0
 *(.rel.plt)
                [!provide]                        PROVIDE (__rel_iplt_start = .)
 *(.rel.iplt)
 .rel.iplt      0x080480d4        0x0 test.o
                [!provide]                        PROVIDE (__rel_iplt_end = .)

.relr.dyn
 *(.relr.dyn)
                0x08049000                        . = ALIGN (CONSTANT (MAXPAGESIZE))

.init
 *(SORT_NONE(.init))

.plt            0x08049000        0x0
 *(.plt)
 *(.iplt)
 .iplt          0x08049000        0x0 test.o

.plt.got
 *(.plt.got)

.plt.sec
 *(.plt.sec)

.text           0xb0800000     0xfebc
 *(.text.unlikely .text.*_unlikely .text.unlikely.*)
 *(.text.exit .text.exit.*)
 *(.text.startup .text.startup.*)
 *(.text.hot .text.hot.*)
 *(SORT_BY_NAME(.text.sorted.*))
 *(.text .stub .text.* .gnu.linkonce.t.*)
 .text          0xb0800000       0x3e test.o
                0xb0800000                main
 *fill*         0xb080003e        0x2 
 .text          0xb0800040       0x15 start.o
                0xb0800040                _start
 .text          0xb0800055     0x2d79 pegasus_crt.a(kernel_main_old.o)
                0xb0800055                stop_here
                0xb0800099                catch_error
                0xb08000b6                intr_enable
                0xb08000df                intr_disable
                0xb0800108                intr_set_status
                0xb0800126                intr_get_status
                0xb0800143                Memcpy
                0xb0800176                untar
                0xb080048b                atoi
                0xb0800531                disp_int
                0xb080055a                do_page_fault
                0xb0800697                exception_handler
                0xb080087e                init_internal_interrupt
                0xb08009f3                spurious_irq
                0xb0800a81                init_keyboard
                0xb0800ac4                TestTTY
                0xb0800b63                TestReadReturnValue
                0xb0800be0                TestWriteReturnValue
                0xb0800cb4                TestFS2
                0xb0800cc2                TestFS
                0xb0801164                wait_exit
                0xb0801262                INIT_fork
                0xb080155a                simple_shell
                0xb08016e1                test_shell
                0xb0801749                test_exec
                0xb0801889                INIT
                0xb0801896                TestA
                0xb08018cb                delay
                0xb080190f                TestB
                0xb0801927                TestC
                0xb080195a                sys_get_ticks
                0xb080196a                sys_write
                0xb08019be                milli_delay
                0xb08019fa                TaskSys
                0xb08019ff                Printf
                0xb0801a5d                sprintf
                0xb0801a89                vsprintf
                0xb0801c35                printx
                0xb0801c78                sys_printx
                0xb0801d44                spin
                0xb0801d6a                panic
                0xb0801d88                assertion_failure
                0xb0801dfa                assertion_failure2
                0xb0801e6f                dead_lock
                0xb0801e79                sys_send_msg
                0xb0802398                sys_receive_msg
                0xb08029f8                send_rec
                0xb0802af3                block
                0xb0802b2f                unblock
                0xb0802b7f                get_ticks_ipc
                0xb0802bd6                itoa
                0xb0802c2c                i2a
                0xb0802c92                inform_int
                0xb0802d5f                deprecate_strcmp
 .text          0xb0802dce      0x40f pegasus_crt.a(keyboard.o)
                0xb0802dce                keyboard_handler
                0xb0802e52                read_from_keyboard_buf
                0xb0802eb8                keyboard_read
                0xb0803037                init_keyboard_handler
                0xb080304b                in_process
 .text          0xb08031dd      0x21b pegasus_crt.a(process.o)
                0xb08031dd                schedule_process
                0xb08032ea                clock_handler
                0xb080335b                pid2proc
                0xb08033e1                proc2pid
 .text          0xb08033f8     0x126c pegasus_crt.a(mem.o)
                0xb08033f8                init_bitmap
                0xb080341b                test_bit_val
                0xb0803484                set_bit_val
                0xb08034ff                set_bits
                0xb0803539                get_first_free_bit
                0xb080357d                get_bits
                0xb0803645                get_a_page
                0xb08036f9                get_virtual_address_start_with_addr
                0xb0803793                get_virtual_address
                0xb0803823                ptr_pde
                0xb0803836                ptr_pte
                0xb080385d                add_map_entry
                0xb08038ee                alloc_virtual_memory
                0xb08039c1                get_physical_address_proc
                0xb0803a3d                get_physical_address
                0xb0803a6f                alloc_physical_memory_of_proc
                0xb0803b5e                alloc_physical_memory
                0xb0803c26                alloc_memory
                0xb0803c88                get_a_virtual_page
                0xb0803cc0                block2arena
                0xb0803cd6                sys_malloc2
                0xb0803f8c                remove_map_entry
                0xb0803fad                free_a_page
                0xb0804054                sys_free2
                0xb08041dc                init_memory_block_desc
                0xb08042ad                init_memory2
                0xb0804524                init_memory
 .text          0xb0804664      0x285 pegasus_crt.a(exec.o)
                0xb0804664                exec
                0xb08046d5                execv
                0xb08048c4                execl
 .text          0xb08048e9       0x2f pegasus_crt.a(exit.o)
                0xb08048e9                exit
 .text          0xb0804918       0x44 pegasus_crt.a(wait.o)
                0xb0804918                wait
 .text          0xb080495c       0x48 pegasus_crt.a(fork.o)
                0xb080495c                fork
 .text          0xb08049a4      0x181 pegasus_crt.a(read.o)
                0xb08049a4                read
 .text          0xb0804b25       0x95 pegasus_crt.a(open.o)
                0xb0804b25                open
 .text          0xb0804bba       0x85 pegasus_crt.a(write.o)
                0xb0804bba                write
 .text          0xb0804c3f       0x52 pegasus_crt.a(close.o)
                0xb0804c3f                close
 *fill*         0xb0804c91        0xf 
 .text          0xb0804ca0      0x3d7 pegasus_crt.a(kernel.o)
                0xb0804ca0                InterruptTest
                0xb0804cac                disp_str_len
                0xb0804cf9                disp_str
                0xb0804d34                disp_str_colour
                0xb0804d70                divide_zero_fault
                0xb0804d76                single_step_fault
                0xb0804d7c                non_maskable_interrupt
                0xb0804d82                breakpoint_trap
                0xb0804d88                overflow_trap
                0xb0804d8e                bound_range_exceeded_fault
                0xb0804d94                invalid_opcode_fault
                0xb0804d9a                coprocessor_not_available_fault
                0xb0804da0                double_fault_exception_abort
                0xb0804da4                coprocessor_segment_overrun
                0xb0804daa                invalid_task_state_segment_fault
                0xb0804dae                segment_not_present_fault
                0xb0804db2                stack_exception_fault
                0xb0804db6                general_protection_exception_fault
                0xb0804dc1                page_fault
                0xb0804dc5                coprocessor_error_fault
                0xb0804dcb                align_check_fault
                0xb0804dcf                simd_float_exception_fault
                0xb0804dde                hwint0
                0xb0804e0e                hwint1
                0xb0804e51                hwint14
                0xb0804e97                hwint10
                0xb0804eda                sys_call
                0xb0804f20                fork_restart
                0xb0804f2f                restart
                0xb0804f52                in_byte
                0xb0804f5e                out_byte
                0xb0804f80                disable_int
                0xb0804f82                enable_int
                0xb0805018                enable_8259A_casecade_irq
                0xb0805022                disable_8259A_casecade_irq
                0xb080502c                enable_8259A_slave_winchester_irq
                0xb0805036                disable_8259A_slave_winchester_irq
                0xb0805040                update_cr3
                0xb080504d                update_tss
                0xb080505c                get_running_thread_pcb
                0xb0805064                sys_call_test
                0xb0805067                enable_8259A_slave_net_irq
 *fill*         0xb0805077        0x9 
 .text          0xb0805080       0x15 pegasus_crt.a(switch_to.o)
                0xb0805080                switch_to
 *fill*         0xb0805095        0xb 
 .text          0xb08050a0       0x69 pegasus_crt.a(syscall.o)
                0xb08050a0                write_debug
                0xb08050b0                send_msg
                0xb08050c6                receive_msg
                0xb08050dc                sys_malloc
                0xb08050f1                sys_free
 .text          0xb0805109      0x329 pegasus_crt.a(double_link_list.o)
                0xb0805109                initDoubleLinkList
                0xb0805137                isListEmpty
                0xb0805158                findElementInList
                0xb0805234                appendToDoubleLinkList
                0xb080531b                insertToDoubleLinkList
                0xb080539e                popFromDoubleLinkList
 .text          0xb0805432        0x0 pegasus_crt.a(global.o)
 .text          0xb0805432      0xaca pegasus_crt.a(console.o)
                0xb0805432                select_console
                0xb080546e                flush
                0xb08054a7                set_cursor
                0xb0805505                set_console_start_video_addr
                0xb0805563                put_key
                0xb08055cf                scroll_up
                0xb0805611                scroll_down
                0xb080567c                out_char
                0xb0805839                tty_dev_read
                0xb0805863                tty_dev_write
                0xb0805a90                tty_do_read
                0xb0805b58                tty_do_write
                0xb0805cbb                init_screen
                0xb0805d44                init_tty
                0xb0805df9                TaskTTY
 .text          0xb0805efc      0x3b3 pegasus_crt.a(protect.o)
                0xb0805efc                InitDescriptor
                0xb0805f69                Seg2PhyAddr
                0xb0805faa                Seg2PhyAddrLDT
                0xb0805fee                VirAddr2PhyAddr
                0xb0806004                v2l
                0xb0806047                init_propt
                0xb08061c8                InitInterruptDesc
                0xb0806224                ReloadGDT
 .text          0xb08062af       0x9e pegasus_crt.a(task_network.o)
                0xb08062af                task_network
                0xb080632f                task_netdev_rx
 .text          0xb080634d      0xe63 pegasus_crt.a(hd.o)
                0xb080634d                TaskHD
                0xb0806392                init_hd
                0xb08063ac                hd_handle
                0xb08064b1                hd_cmd_out
                0xb08065b3                hd_identify
                0xb080666a                print_hdinfo
                0xb08067f8                print_dpt_entry
                0xb0806864                get_partition_table
                0xb0806943                partition
                0xb0806b5d                hd_open
                0xb0806c04                get_hd_ioctl
                0xb0806cb5                wait_for
                0xb0806ce6                interrupt_wait
                0xb0806d36                hd_rdwt
                0xb0806fd5                hd_handler
                0xb0807001                debug_ticks
                0xb080703f                net_handler
                0xb0807047                waitfor
                0xb080708b                print_hd_info
                0xb0807178                is_empty
 .text          0xb08071b0     0x204f pegasus_crt.a(fs_main.o)
                0xb08071b0                task_fs
                0xb08073bb                rd_wt
                0xb0807494                mkfs
                0xb0807a76                init_fs
                0xb0807aca                do_open
                0xb0807cb9                search_file
                0xb0807deb                strip_path
                0xb0807eb7                get_inode
                0xb0808079                create_file
                0xb0808184                alloc_imap_bit
                0xb0808281                alloc_smap_bit
                0xb0808422                new_inode
                0xb0808540                new_dir_entry
                0xb080874c                do_unlink
                0xb0808c28                do_rdwt
                0xb0808fb3                sync_inode
                0xb0809107                put_inode
                0xb0809145                do_close
                0xb0809197                get_super_block
 .text          0xb08091ff      0x148 pegasus_crt.a(main.o)
                0xb08091ff                TaskMM
                0xb0809328                alloc_mem
 .text          0xb0809347       0x8e pegasus_crt.a(strcmp.o)
                0xb0809347                strcmp
 .text          0xb08093d5      0x37e pegasus_crt.a(netdev.o)
                0xb08094e7                netdev_init
                0xb080952e                netdev_transmit
                0xb080965e                netdev_rx_loop
                0xb08096ce                netdev_get
                0xb08096eb                free_netdev
                0xb0809716                local_ipaddress
 .text          0xb0809753      0x271 pegasus_crt.a(forkexit.o)
                0xb0809753                do_fork
                0xb08097c1                do_exit
                0xb080984b                do_wait
                0xb080996a                cleanup
 .text          0xb08099c4      0x419 pegasus_crt.a(exec.o)
                0xb08099c4                do_exec
 .text          0xb0809ddd       0x17 pegasus_crt.a(perror.o)
                0xb0809ddd                perror
 .text          0xb0809df4      0x2c1 pegasus_crt.a(sscanf.o)
                0xb0809df4                sscanf
 .text          0xb080a0b5       0x38 pegasus_crt.a(ntohs.o)
                0xb080a0b5                ntohs
 .text          0xb080a0ed       0x38 pegasus_crt.a(htons.o)
                0xb080a0ed                htons
 .text          0xb080a125      0x295 pegasus_crt.a(inet_pton.o)
                0xb080a125                isValidIPv4
                0xb080a2af                inet_pton
 .text          0xb080a3ba       0x7c pegasus_crt.a(ntohl.o)
                0xb080a3ba                ntohl
 *fill*         0xb080a436        0xa 
 .text          0xb080a440      0x25b pegasus_crt.a(ne2000.o)
                0xb080a463                DriverInitialize
                0xb080a4ed                SetPageStart
                0xb080a515                DriverSend
                0xb080a58a                PCtoNIC
                0xb080a5f8                get_interrupt_status
                0xb080a60e                set_interrupt_status
                0xb080a627                get_curr_page
                0xb080a644                NICtoPC
 .text          0xb080a69b      0x730 pegasus_crt.a(my_process.o)
                0xb080a69b                create_user_process_address_space
                0xb080a72b                user_process
                0xb080a858                clone_pcb
                0xb080a9ca                build_body_stack
                0xb080aafd                build_process_kernel_stack
                0xb080abc0                fork_process
                0xb080ac51                process_execute
 .text          0xb080adcb      0x2da pegasus_crt.a(ip_input.o)
                0xb080af55                ip_rcv
 .text          0xb080b0a5      0x448 pegasus_crt.a(tcp.o)
                0xb080b29a                tcp_in
                0xb080b34e                tcp_checksum
                0xb080b37a                __tcp_set_state
                0xb080b389                tcp_generate_port
                0xb080b3d2                tcp_generate_isn
                0xb080b3dc                tcp_done
                0xb080b405                tcp_clear_timers
                0xb080b414                tcp_stop_retransmission_timer
                0xb080b42d                tcp_release_retransmission_timer
                0xb080b446                tcp_stop_delack_timer
                0xb080b459                tcp_release_delack_timer
                0xb080b46c                tcp_handle_fin_state
                0xb080b4d1                tcp_enter_time_wait
 .text          0xb080b4ed      0x6dc pegasus_crt.a(arp.o)
                0xb080b6ba                arp_init
                0xb080b6c0                arp_rcv
                0xb080b872                arp_request
                0xb080b9dc                arp_reply
                0xb080bb2c                arp_get_hwaddr
                0xb080bb78                free_arp
 .text          0xb080bbc9      0xa16 pegasus_crt.a(tcp_sock.o)
                0xb080be77                tcp_established_or_syn_recvd_socks_enqueue
                0xb080be8e                tcp_established_or_syn_recvd_socks_remove
                0xb080bea0                tcp_connecting_or_listening_socks_enqueue
                0xb080beb7                tcp_connecting_or_listening_socks_remove
                0xb080bec9                tcp_alloc_sock
                0xb080bfdf                tcp_free_sock
                0xb080c058                tcp_init
                0xb080c062                tcp_sock_init
                0xb080c105                tcp_write
                0xb080c146                tcp_read
                0xb080c1f9                tcp_close
                0xb080c2b7                tcp_recv_notify
                0xb080c2e2                tcp_v4_connect
                0xb080c532                tcp_lookup_sock
 .text          0xb080c5df      0x234 pegasus_crt.a(icmpv4.o)
                0xb080c5ed                icmpv4_incoming
                0xb080c661                icmpv4_reply
                0xb080c73a                icmpv4_timestamp
 .text          0xb080c813      0x12e pegasus_crt.a(skbuff.o)
                0xb080c82c                alloc_skb
                0xb080c8bd                free_skb
                0xb080c8c3                skb_reserve
                0xb080c8df                skb_push
                0xb080c90e                skb_head
                0xb080c919                skb_reset_header
 .text          0xb080c941      0xb6f pegasus_crt.a(tcp_input.o)
                0xb080d028                tcp_process
                0xb080d3ee                tcp_receive
 .text          0xb080d4b0      0x3e0 pegasus_crt.a(udp.o)
                0xb080d5bb                udp_generate_port
                0xb080d604                udp_checksum
                0xb080d6d2                udp_in
                0xb080d763                udp_data_dequeue
                0xb080d86b                udp_data_enqueue
 .text          0xb080d890      0x54a pegasus_crt.a(tcp_data.o)
                0xb080db7b                tcp_data_dequeue
                0xb080dca8                tcp_data_queue
 .text          0xb080ddda      0x1e7 pegasus_crt.a(utils.o)
                0xb080ddda                run_cmd
                0xb080dde7                print_err
                0xb080ddfe                parse_ipv4_string
                0xb080de5d                ip_pton
                0xb080dea5                sum_every_16bits
                0xb080defc                checksum
                0xb080df3d                tcp_udp_checksum
 .text          0xb080dfc1       0x85 pegasus_crt.a(strtok.o)
                0xb080dfc1                strtok
 .text          0xb080e046       0x90 pegasus_crt.a(strpbrk.o)
                0xb080e046                strpbrk
 .text          0xb080e0d6       0x7c pegasus_crt.a(htonl.o)
                0xb080e0d6                htonl
 .text          0xb080e152      0x1b2 pegasus_crt.a(thread.o)
                0xb080e152                kernel_thread
                0xb080e16a                thread_init
                0xb080e217                thread_create
                0xb080e24c                thread_start
 .text          0xb080e304      0x8bc pegasus_crt.a(udp_sock.o)
                0xb080e531                udp_lookup_sock
                0xb080e578                udp_init
                0xb080e5a9                udp_close
                0xb080e5cf                udp_sock_init
                0xb080e5d9                udp_recvfrom
                0xb080e672                udp_connect
                0xb080e74b                udp_write
                0xb080e777                udp_alloc_skb
                0xb080e7c1                udp_sendto
                0xb080e8b5                udp_send
                0xb080e9f3                udp_alloc_sock
                0xb080ea34                udp_free_sock
                0xb080ea58                udp_read
 .text          0xb080ebc0      0x1d3 pegasus_crt.a(ip_output.o)
                0xb080ebce                ip_output
 .text          0xb080ed93      0x203 pegasus_crt.a(sock.o)
                0xb080eec5                sk_alloc
                0xb080eeec                sk_init
                0xb080ef40                sk_init_with_socket
                0xb080ef69                sk_free
 .text          0xb080ef96      0xbb9 pegasus_crt.a(tcp_output.o)
                0xb080f457                tcp_send_synack
                0xb080f4fa                tcp_send_delack
                0xb080f535                tcp_send_ack
                0xb080f681                tcp_send_fin
                0xb080f6f6                tcp_select_initial_window
                0xb080f8a8                tcp_reset_retransmission_timer
                0xb080f8c5                tcp_begin_connect
                0xb080f96f                tcp_send
                0xb080fa54                tcp_send_reset
                0xb080fad4                tcp_queue_fin
 .text          0xb080fb4f      0x295 pegasus_crt.a(route.o)
                0xb080fc7c                route_add
                0xb080fcc1                route_init
                0xb080fd48                route_lookup
                0xb080fd93                free_routes
 .text          0xb080fde4       0xd8 pegasus_crt.a(dst.o)
                0xb080fdf2                dst_neigh_output
 *(.gnu.warning)

.fini
 *(SORT_NONE(.fini))
                [!provide]                        PROVIDE (__etext = .)
                [!provide]                        PROVIDE (_etext = .)
                [!provide]                        PROVIDE (etext = .)
                0xb0810000                        . = ALIGN (CONSTANT (MAXPAGESIZE))
                0xb0810000                        . = SEGMENT_START ("rodata-segment", (ALIGN (CONSTANT (MAXPAGESIZE)) + (. & (CONSTANT (MAXPAGESIZE) - 0x1))))

.rodata         0xb0810000     0x1618
 *(.rodata .rodata.* .gnu.linkonce.r.*)
 .rodata        0xb0810000       0x10 test.o
 *fill*         0xb0810010       0x10 
 .rodata        0xb0810020      0xb75 pegasus_crt.a(kernel_main_old.o)
 .rodata        0xb0810b95       0x26 pegasus_crt.a(process.o)
 .rodata        0xb0810bbb       0x41 pegasus_crt.a(mem.o)
 .rodata        0xb0810bfc       0x2d pegasus_crt.a(exec.o)
 .rodata        0xb0810c29       0x2a pegasus_crt.a(close.o)
 .rodata        0xb0810c53       0x2c pegasus_crt.a(double_link_list.o)
 .rodata        0xb0810c7f       0x22 pegasus_crt.a(console.o)
 *fill*         0xb0810ca1        0x3 
 .rodata        0xb0810ca4       0x3d pegasus_crt.a(task_network.o)
 *fill*         0xb0810ce1        0x3 
 .rodata        0xb0810ce4      0x19c pegasus_crt.a(hd.o)
 .rodata        0xb0810e80      0x1eb pegasus_crt.a(fs_main.o)
                0xb0810e80                FSBUF_SIZE
 .rodata        0xb081106b       0x11 pegasus_crt.a(main.o)
 .rodata        0xb081107c       0xa9 pegasus_crt.a(netdev.o)
 .rodata        0xb0811125       0x21 pegasus_crt.a(forkexit.o)
 .rodata        0xb0811146       0x10 pegasus_crt.a(exec.o)
 .rodata        0xb0811156        0x3 pegasus_crt.a(inet_pton.o)
 *fill*         0xb0811159        0x3 
 .rodata        0xb081115c       0xb5 pegasus_crt.a(ip_input.o)
 *fill*         0xb0811211        0x3 
 .rodata        0xb0811214       0x31 pegasus_crt.a(tcp.o)
 *fill*         0xb0811245        0x3 
 .rodata        0xb0811248       0x9c pegasus_crt.a(arp.o)
 .rodata        0xb08112e4       0xe8 pegasus_crt.a(tcp_sock.o)
 .rodata        0xb08113cc       0x32 pegasus_crt.a(icmpv4.o)
 .rodata        0xb08113fe        0x9 pegasus_crt.a(skbuff.o)
 *fill*         0xb0811407        0x1 
 .rodata        0xb0811408       0x60 pegasus_crt.a(tcp_input.o)
 .rodata        0xb0811468        0x9 pegasus_crt.a(udp.o)
 .rodata        0xb0811471       0x1e pegasus_crt.a(tcp_data.o)
 *fill*         0xb081148f        0x1 
 .rodata        0xb0811490       0x41 pegasus_crt.a(utils.o)
 *fill*         0xb08114d1        0x3 
 .rodata        0xb08114d4       0x2d pegasus_crt.a(udp_sock.o)
 .rodata        0xb0811501        0x9 pegasus_crt.a(ip_output.o)
 .rodata        0xb081150a        0x9 pegasus_crt.a(sock.o)
 *fill*         0xb0811513        0x1 
 .rodata        0xb0811514       0xc3 pegasus_crt.a(tcp_output.o)
 *fill*         0xb08115d7        0x1 
 .rodata        0xb08115d8       0x37 pegasus_crt.a(route.o)
 .rodata        0xb081160f        0x9 pegasus_crt.a(dst.o)

.txt            0xb0811618       0xaa
 .txt           0xb0811618       0x82 pegasus_crt.a(string.o)
                0xb0811618                Memcpy2
                0xb0811646                Memset
                0xb0811665                Strcpy
                0xb081167f                Strlen
 .txt           0xb081169a       0x28 pegasus_crt.a(hd_rdwt.o)
                0xb081169a                read_port
                0xb08116ae                write_port

.rodata1
 *(.rodata1)

.eh_frame_hdr
 *(.eh_frame_hdr)
 *(.eh_frame_entry .eh_frame_entry.*)

.eh_frame       0xb08116c4     0x38b8
 *(.eh_frame)
 .eh_frame      0xb08116c4       0x44 test.o
 .eh_frame      0xb0811708      0x6cc pegasus_crt.a(kernel_main_old.o)
                                0x6e4 (size before relaxing)
 .eh_frame      0xb0811dd4       0xa0 pegasus_crt.a(keyboard.o)
                                 0xb8 (size before relaxing)
 .eh_frame      0xb0811e74       0x80 pegasus_crt.a(process.o)
                                 0x98 (size before relaxing)
 .eh_frame      0xb0811ef4      0x364 pegasus_crt.a(mem.o)
                                0x37c (size before relaxing)
 .eh_frame      0xb0812258       0x60 pegasus_crt.a(exec.o)
                                 0x78 (size before relaxing)
 .eh_frame      0xb08122b8       0x20 pegasus_crt.a(exit.o)
                                 0x38 (size before relaxing)
 .eh_frame      0xb08122d8       0x20 pegasus_crt.a(wait.o)
                                 0x38 (size before relaxing)
 .eh_frame      0xb08122f8       0x20 pegasus_crt.a(fork.o)
                                 0x38 (size before relaxing)
 .eh_frame      0xb0812318       0x20 pegasus_crt.a(read.o)
                                 0x38 (size before relaxing)
 .eh_frame      0xb0812338       0x20 pegasus_crt.a(open.o)
                                 0x38 (size before relaxing)
 .eh_frame      0xb0812358       0x20 pegasus_crt.a(write.o)
                                 0x38 (size before relaxing)
 .eh_frame      0xb0812378       0x20 pegasus_crt.a(close.o)
                                 0x38 (size before relaxing)
 .eh_frame      0xb0812398       0xc0 pegasus_crt.a(double_link_list.o)
                                 0xd8 (size before relaxing)
 .eh_frame      0xb0812458      0x1e0 pegasus_crt.a(console.o)
                                0x1f8 (size before relaxing)
 .eh_frame      0xb0812638      0x100 pegasus_crt.a(protect.o)
                                0x118 (size before relaxing)
 .eh_frame      0xb0812738       0x3c pegasus_crt.a(task_network.o)
                                 0x54 (size before relaxing)
 .eh_frame      0xb0812774      0x284 pegasus_crt.a(hd.o)
                                0x29c (size before relaxing)
 .eh_frame      0xb08129f8      0x27c pegasus_crt.a(fs_main.o)
                                0x294 (size before relaxing)
 .eh_frame      0xb0812c74       0x3c pegasus_crt.a(main.o)
                                 0x54 (size before relaxing)
 .eh_frame      0xb0812cb0       0x20 pegasus_crt.a(strcmp.o)
                                 0x38 (size before relaxing)
 .eh_frame      0xb0812cd0      0x14c pegasus_crt.a(netdev.o)
                                0x164 (size before relaxing)
 .eh_frame      0xb0812e1c       0x80 pegasus_crt.a(forkexit.o)
                                 0x98 (size before relaxing)
 .eh_frame      0xb0812e9c       0x20 pegasus_crt.a(exec.o)
                                 0x38 (size before relaxing)
 .eh_frame      0xb0812ebc       0x20 pegasus_crt.a(perror.o)
                                 0x38 (size before relaxing)
 .eh_frame      0xb0812edc       0x20 pegasus_crt.a(sscanf.o)
                                 0x38 (size before relaxing)
 .eh_frame      0xb0812efc       0x20 pegasus_crt.a(ntohs.o)
                                 0x38 (size before relaxing)
 .eh_frame      0xb0812f1c       0x20 pegasus_crt.a(htons.o)
                                 0x38 (size before relaxing)
 .eh_frame      0xb0812f3c       0x40 pegasus_crt.a(inet_pton.o)
                                 0x58 (size before relaxing)
 .eh_frame      0xb0812f7c       0x20 pegasus_crt.a(ntohl.o)
                                 0x38 (size before relaxing)
 .eh_frame      0xb0812f9c       0xe0 pegasus_crt.a(my_process.o)
                                 0xf8 (size before relaxing)
 .eh_frame      0xb081307c      0x104 pegasus_crt.a(ip_input.o)
                                0x11c (size before relaxing)
 .eh_frame      0xb0813180      0x268 pegasus_crt.a(tcp.o)
                                0x280 (size before relaxing)
 .eh_frame      0xb08133e8      0x1c0 pegasus_crt.a(arp.o)
                                0x1d8 (size before relaxing)
 .eh_frame      0xb08135a8      0x4c0 pegasus_crt.a(tcp_sock.o)
                                0x4d8 (size before relaxing)
 .eh_frame      0xb0813a68       0x80 pegasus_crt.a(icmpv4.o)
                                 0x98 (size before relaxing)
 .eh_frame      0xb0813ae8       0xe0 pegasus_crt.a(skbuff.o)
                                 0xf8 (size before relaxing)
 .eh_frame      0xb0813bc8      0x300 pegasus_crt.a(tcp_input.o)
                                0x318 (size before relaxing)
 .eh_frame      0xb0813ec8      0x1e4 pegasus_crt.a(udp.o)
                                0x1fc (size before relaxing)
 .eh_frame      0xb08140ac      0x200 pegasus_crt.a(tcp_data.o)
                                0x218 (size before relaxing)
 .eh_frame      0xb08142ac       0xe4 pegasus_crt.a(utils.o)
                                 0xfc (size before relaxing)
 .eh_frame      0xb0814390       0x20 pegasus_crt.a(strtok.o)
                                 0x38 (size before relaxing)
 .eh_frame      0xb08143b0       0x20 pegasus_crt.a(strpbrk.o)
                                 0x38 (size before relaxing)
 .eh_frame      0xb08143d0       0x20 pegasus_crt.a(htonl.o)
                                 0x38 (size before relaxing)
 .eh_frame      0xb08143f0       0x80 pegasus_crt.a(thread.o)
                                 0x98 (size before relaxing)
 .eh_frame      0xb0814470      0x404 pegasus_crt.a(udp_sock.o)
                                0x41c (size before relaxing)
 .eh_frame      0xb0814874       0x40 pegasus_crt.a(ip_output.o)
                                 0x58 (size before relaxing)
 .eh_frame      0xb08148b4      0x1a0 pegasus_crt.a(sock.o)
                                0x1b8 (size before relaxing)
 .eh_frame      0xb0814a54      0x3c4 pegasus_crt.a(tcp_output.o)
                                0x3dc (size before relaxing)
 .eh_frame      0xb0814e18      0x124 pegasus_crt.a(route.o)
                                0x13c (size before relaxing)
 .eh_frame      0xb0814f3c       0x40 pegasus_crt.a(dst.o)
                                 0x58 (size before relaxing)
 *(.eh_frame.*)

.sframe
 *(.sframe)
 *(.sframe.*)

.gcc_except_table
 *(.gcc_except_table .gcc_except_table.*)

.gnu_extab
 *(.gnu_extab*)

.exception_ranges
 *(.exception_ranges*)
                0xb0815000                        . = DATA_SEGMENT_ALIGN (CONSTANT (MAXPAGESIZE), CONSTANT (COMMONPAGESIZE))

.eh_frame
 *(.eh_frame)
 *(.eh_frame.*)

.sframe
 *(.sframe)
 *(.sframe.*)

.gnu_extab
 *(.gnu_extab)

.gcc_except_table
 *(.gcc_except_table .gcc_except_table.*)

.exception_ranges
 *(.exception_ranges*)

.tdata          0xb0815000        0x0
                [!provide]                        PROVIDE (__tdata_start = .)
 *(.tdata .tdata.* .gnu.linkonce.td.*)

.tbss
 *(.tbss .tbss.* .gnu.linkonce.tb.*)
 *(.tcommon)

.preinit_array  0xb0815000        0x0
                [!provide]                        PROVIDE (__preinit_array_start = .)
 *(.preinit_array)
                [!provide]                        PROVIDE (__preinit_array_end = .)

.init_array     0xb0815000        0x0
                [!provide]                        PROVIDE (__init_array_start = .)
 *(SORT_BY_INIT_PRIORITY(.init_array.*) SORT_BY_INIT_PRIORITY(.ctors.*))
 *(.init_array EXCLUDE_FILE(*crtend?.o *crtend.o *crtbegin?.o *crtbegin.o) .ctors)
                [!provide]                        PROVIDE (__init_array_end = .)

.fini_array     0xb0815000        0x0
                [!provide]                        PROVIDE (__fini_array_start = .)
 *(SORT_BY_INIT_PRIORITY(.fini_array.*) SORT_BY_INIT_PRIORITY(.dtors.*))
 *(.fini_array EXCLUDE_FILE(*crtend?.o *crtend.o *crtbegin?.o *crtbegin.o) .dtors)
                [!provide]                        PROVIDE (__fini_array_end = .)

.ctors
 *crtbegin.o(.ctors)
 *crtbegin?.o(.ctors)
 *(EXCLUDE_FILE(*crtend?.o *crtend.o) .ctors)
 *(SORT_BY_NAME(.ctors.*))
 *(.ctors)

.dtors
 *crtbegin.o(.dtors)
 *crtbegin?.o(.dtors)
 *(EXCLUDE_FILE(*crtend?.o *crtend.o) .dtors)
 *(SORT_BY_NAME(.dtors.*))
 *(.dtors)

.jcr
 *(.jcr)

.data.rel.ro
 *(.data.rel.ro.local* .gnu.linkonce.d.rel.ro.local.*)
 *(.data.rel.ro .data.rel.ro.* .gnu.linkonce.d.rel.ro.*)

.dynamic
 *(.dynamic)

.got            0xb0815000        0x0
 *(.got)
 .got           0xb0815000        0x0 test.o
 *(.igot)
                0xb0815000                        . = DATA_SEGMENT_RELRO_END (., (SIZEOF (.got.plt) >= 0xc)?0xc:0x0)

.got.plt        0xb0815000        0x0
 *(.got.plt)
 .got.plt       0xb0815000        0x0 test.o
 *(.igot.plt)
 .igot.plt      0xb0815000        0x0 test.o

.data           0xb0815000      0x8b0
 *(.data .data.* .gnu.linkonce.d.*)
 .data          0xb0815000        0x0 test.o
 .data          0xb0815000        0x0 pegasus_crt.a(kernel_main_old.o)
 .data          0xb0815000      0x600 pegasus_crt.a(keyboard.o)
                0xb0815000                keymap
 .data          0xb0815600        0x0 pegasus_crt.a(process.o)
 .data          0xb0815600        0x0 pegasus_crt.a(mem.o)
 .data          0xb0815600        0x0 pegasus_crt.a(exec.o)
 .data          0xb0815600        0x0 pegasus_crt.a(exit.o)
 .data          0xb0815600        0x0 pegasus_crt.a(wait.o)
 .data          0xb0815600        0x0 pegasus_crt.a(fork.o)
 .data          0xb0815600        0x0 pegasus_crt.a(read.o)
 .data          0xb0815600        0x0 pegasus_crt.a(open.o)
 .data          0xb0815600        0x0 pegasus_crt.a(write.o)
 .data          0xb0815600        0x0 pegasus_crt.a(close.o)
 .data          0xb0815600        0xf pegasus_crt.a(kernel.o)
 *fill*         0xb081560f        0x1 
 .data          0xb0815610        0x0 pegasus_crt.a(syscall.o)
 .data          0xb0815610        0x0 pegasus_crt.a(double_link_list.o)
 *fill*         0xb0815610       0x10 
 .data          0xb0815620      0x160 pegasus_crt.a(global.o)
                0xb0815620                user_task_table
                0xb08156a0                sys_task_table
                0xb0815764                sys_call_table
 .data          0xb0815780        0x0 pegasus_crt.a(console.o)
 .data          0xb0815780        0x0 pegasus_crt.a(protect.o)
 .data          0xb0815780        0x0 pegasus_crt.a(task_network.o)
 .data          0xb0815780        0x0 pegasus_crt.a(hd.o)
 .data          0xb0815780        0x0 pegasus_crt.a(fs_main.o)
 .data          0xb0815780        0x0 pegasus_crt.a(main.o)
 .data          0xb0815780        0x0 pegasus_crt.a(strcmp.o)
 .data          0xb0815780        0x4 pegasus_crt.a(netdev.o)
 .data          0xb0815784        0x0 pegasus_crt.a(forkexit.o)
 .data          0xb0815784        0x0 pegasus_crt.a(exec.o)
 .data          0xb0815784        0x0 pegasus_crt.a(perror.o)
 .data          0xb0815784        0x0 pegasus_crt.a(sscanf.o)
 .data          0xb0815784        0x0 pegasus_crt.a(ntohs.o)
 .data          0xb0815784        0x0 pegasus_crt.a(htons.o)
 .data          0xb0815784        0x0 pegasus_crt.a(inet_pton.o)
 .data          0xb0815784        0x0 pegasus_crt.a(ntohl.o)
 .data          0xb0815784        0x0 pegasus_crt.a(my_process.o)
 .data          0xb0815784        0x4 pegasus_crt.a(ip_input.o)
 .data          0xb0815788        0x8 pegasus_crt.a(tcp.o)
 .data          0xb0815790       0x14 pegasus_crt.a(arp.o)
 *fill*         0xb08157a4       0x1c 
 .data          0xb08157c0       0x54 pegasus_crt.a(tcp_sock.o)
                0xb08157e0                tcp_ops
 .data          0xb0815814        0x4 pegasus_crt.a(icmpv4.o)
 .data          0xb0815818        0x4 pegasus_crt.a(skbuff.o)
 .data          0xb081581c        0x4 pegasus_crt.a(tcp_input.o)
 .data          0xb0815820        0x8 pegasus_crt.a(udp.o)
 .data          0xb0815828        0x4 pegasus_crt.a(tcp_data.o)
 .data          0xb081582c        0x4 pegasus_crt.a(utils.o)
 .data          0xb0815830        0x0 pegasus_crt.a(strtok.o)
 .data          0xb0815830        0x0 pegasus_crt.a(strpbrk.o)
 .data          0xb0815830        0x0 pegasus_crt.a(htonl.o)
 .data          0xb0815830        0x0 pegasus_crt.a(thread.o)
 *fill*         0xb0815830       0x10 
 .data          0xb0815840       0x54 pegasus_crt.a(udp_sock.o)
                0xb0815860                udp_ops
 .data          0xb0815894        0x4 pegasus_crt.a(ip_output.o)
 .data          0xb0815898        0x4 pegasus_crt.a(sock.o)
 .data          0xb081589c        0x4 pegasus_crt.a(tcp_output.o)
 .data          0xb08158a0        0xc pegasus_crt.a(route.o)
 .data          0xb08158ac        0x4 pegasus_crt.a(dst.o)

.data1
 *(.data1)
                0xb08158b0                        _edata = .
                [!provide]                        PROVIDE (edata = .)
                0xb08158b0                        . = .
                0xb08158b0                        __bss_start = .

.bss            0xb08158c0    0x951b0
 *(.dynbss)
 *(.bss .bss.* .gnu.linkonce.b.*)
 .bss           0xb08158c0        0x0 test.o
 .bss           0xb08158c0        0x0 pegasus_crt.a(kernel_main_old.o)
 .bss           0xb08158c0        0x0 pegasus_crt.a(keyboard.o)
 .bss           0xb08158c0        0x0 pegasus_crt.a(process.o)
 .bss           0xb08158c0        0x0 pegasus_crt.a(mem.o)
 .bss           0xb08158c0        0x0 pegasus_crt.a(exec.o)
 .bss           0xb08158c0        0x0 pegasus_crt.a(exit.o)
 .bss           0xb08158c0        0x0 pegasus_crt.a(wait.o)
 .bss           0xb08158c0        0x0 pegasus_crt.a(fork.o)
 .bss           0xb08158c0        0x0 pegasus_crt.a(read.o)
 .bss           0xb08158c0        0x0 pegasus_crt.a(open.o)
 .bss           0xb08158c0        0x0 pegasus_crt.a(write.o)
 .bss           0xb08158c0        0x0 pegasus_crt.a(close.o)
 .bss           0xb08158c0      0x800 pegasus_crt.a(kernel.o)
 .bss           0xb08160c0        0x0 pegasus_crt.a(double_link_list.o)
 .bss           0xb08160c0        0x0 pegasus_crt.a(global.o)
 .bss           0xb08160c0        0x0 pegasus_crt.a(console.o)
 .bss           0xb08160c0        0x0 pegasus_crt.a(protect.o)
 .bss           0xb08160c0        0x0 pegasus_crt.a(task_network.o)
 .bss           0xb08160c0        0x0 pegasus_crt.a(hd.o)
 .bss           0xb08160c0        0x4 pegasus_crt.a(fs_main.o)
                0xb08160c0                c
 .bss           0xb08160c4        0x0 pegasus_crt.a(main.o)
 .bss           0xb08160c4        0x0 pegasus_crt.a(strcmp.o)
 .bss           0xb08160c4        0x0 pegasus_crt.a(netdev.o)
 .bss           0xb08160c4        0x0 pegasus_crt.a(forkexit.o)
 .bss           0xb08160c4        0x0 pegasus_crt.a(exec.o)
 .bss           0xb08160c4        0x0 pegasus_crt.a(perror.o)
 .bss           0xb08160c4        0x0 pegasus_crt.a(sscanf.o)
 .bss           0xb08160c4        0x0 pegasus_crt.a(ntohs.o)
 .bss           0xb08160c4        0x0 pegasus_crt.a(htons.o)
 .bss           0xb08160c4        0x0 pegasus_crt.a(inet_pton.o)
 .bss           0xb08160c4        0x0 pegasus_crt.a(ntohl.o)
 .bss           0xb08160c4        0x0 pegasus_crt.a(my_process.o)
 .bss           0xb08160c4        0x0 pegasus_crt.a(ip_input.o)
 .bss           0xb08160c4        0x0 pegasus_crt.a(tcp.o)
 .bss           0xb08160c4        0x0 pegasus_crt.a(arp.o)
 .bss           0xb08160c4        0x0 pegasus_crt.a(tcp_sock.o)
 .bss           0xb08160c4        0x0 pegasus_crt.a(icmpv4.o)
 .bss           0xb08160c4        0x0 pegasus_crt.a(skbuff.o)
 .bss           0xb08160c4        0x0 pegasus_crt.a(tcp_input.o)
 .bss           0xb08160c4        0x0 pegasus_crt.a(udp.o)
 .bss           0xb08160c4        0x0 pegasus_crt.a(tcp_data.o)
 .bss           0xb08160c4        0x0 pegasus_crt.a(utils.o)
 .bss           0xb08160c4        0x4 pegasus_crt.a(strtok.o)
 .bss           0xb08160c8        0x0 pegasus_crt.a(strpbrk.o)
 .bss           0xb08160c8        0x0 pegasus_crt.a(htonl.o)
 .bss           0xb08160c8        0x0 pegasus_crt.a(thread.o)
 .bss           0xb08160c8        0x4 pegasus_crt.a(udp_sock.o)
 .bss           0xb08160cc        0x0 pegasus_crt.a(ip_output.o)
 .bss           0xb08160cc        0x0 pegasus_crt.a(sock.o)
 .bss           0xb08160cc        0x0 pegasus_crt.a(tcp_output.o)
 .bss           0xb08160cc        0x0 pegasus_crt.a(route.o)
 .bss           0xb08160cc        0x0 pegasus_crt.a(dst.o)
 *(COMMON)
 *fill*         0xb08160cc       0x14 
 COMMON         0xb08160e0     0x17b8 pegasus_crt.a(kernel_main_old.o)
                0xb08160e0                current_tty
                0xb08160e4                is_e0
                0xb08160e8                idt_ptr
                0xb08160f0                pid
                0xb08160f4                KernelVirtualMemory
                0xb0816100                current_dis_pos
                0xb0816104                dis_pos
                0xb0816108                k_reenter
                0xb0816120                gdt
                0xb0816520                proc_ready_table
                0xb0816524                test_ticks
                0xb0816528                pcaller
                0xb0816540                keyboard_buffer
                0xb081674c                pcb_list
                0xb081675c                gdt_index
                0xb0816760                tty_table
                0xb0816fa0                tss
                0xb081700c                KernelPool
                0xb081701c                net_buf
                0xb0817020                nic_current_page
                0xb0817024                counter
                0xb0817028                key_pressed
                0xb081702c                fork_pid
                0xb0817030                is_shift
                0xb0817031                net_data
                0xb0817034                gdt_ptr
                0xb0817040                idt
                0xb0817840                main_thread
                0xb0817848                ticks
                0xb0817850                is_init
                0xb0817854                UserPool
                0xb0817864                all_pcb_list
                0xb0817874                console_table
                0xb0817884                is_disp
                0xb0817888                MAIN_THREAD_PAGE_DIRECTORY
                0xb081788c                helloStr
 *fill*         0xb0817898        0x8 
 COMMON         0xb08178a0       0xf0 pegasus_crt.a(mem.o)
                0xb08178a0                kernel_mem_block_decs_array
 *fill*         0xb0817990       0x10 
 COMMON         0xb08179a0    0x91e14 pegasus_crt.a(global.o)
                0xb08179a0                proc_stack
                0xb08a79a0                proc_table
 *fill*         0xb08a97b4        0xc 
 COMMON         0xb08a97c0      0x440 pegasus_crt.a(hd.o)
                0xb08a97c0                hd_info
                0xb08a9a00                hd_cache
 COMMON         0xb08a9c00      0xe68 pegasus_crt.a(fs_main.o)
                0xb08a9c00                file_desc_table
                0xb08aa000                phy_super_block_buf
                0xb08aa004                phy_fsbuf
                0xb08aa020                inode_table
                0xb08aaa20                super_block_buf
                0xb08aaa24                fsbuf
                0xb08aaa40                root
 COMMON         0xb08aaa68        0x8 pegasus_crt.a(netdev.o)
                0xb08aaa68                loop
                0xb08aaa6c                netdev
                0xb08aaa70                        . = ALIGN ((. != 0x0)?0x4:0x1)
                0xb08aaa70                        . = ALIGN (0x4)
                0xb08aaa70                        . = SEGMENT_START ("ldata-segment", .)
                0xb08aaa70                        . = ALIGN (0x4)
                0xb08aaa70                        _end = .
                [!provide]                        PROVIDE (end = .)
                0xb08aaa70                        . = DATA_SEGMENT_END (.)

.stab
 *(.stab)

.stabstr
 *(.stabstr)

.stab.excl
 *(.stab.excl)

.stab.exclstr
 *(.stab.exclstr)

.stab.index
 *(.stab.index)

.stab.indexstr
 *(.stab.indexstr)

.comment        0x00000000       0x2c
 *(.comment)
 .comment       0x00000000       0x2c test.o
                                 0x2d (size before relaxing)
 .comment       0x0000002c       0x2d pegasus_crt.a(kernel_main_old.o)
 .comment       0x0000002c       0x2d pegasus_crt.a(keyboard.o)
 .comment       0x0000002c       0x2d pegasus_crt.a(process.o)
 .comment       0x0000002c       0x2d pegasus_crt.a(mem.o)
 .comment       0x0000002c       0x2d pegasus_crt.a(exec.o)
 .comment       0x0000002c       0x2d pegasus_crt.a(exit.o)
 .comment       0x0000002c       0x2d pegasus_crt.a(wait.o)
 .comment       0x0000002c       0x2d pegasus_crt.a(fork.o)
 .comment       0x0000002c       0x2d pegasus_crt.a(read.o)
 .comment       0x0000002c       0x2d pegasus_crt.a(open.o)
 .comment       0x0000002c       0x2d pegasus_crt.a(write.o)
 .comment       0x0000002c       0x2d pegasus_crt.a(close.o)
 .comment       0x0000002c       0x2d pegasus_crt.a(double_link_list.o)
 .comment       0x0000002c       0x2d pegasus_crt.a(global.o)
 .comment       0x0000002c       0x2d pegasus_crt.a(console.o)
 .comment       0x0000002c       0x2d pegasus_crt.a(protect.o)
 .comment       0x0000002c       0x2d pegasus_crt.a(task_network.o)
 .comment       0x0000002c       0x2d pegasus_crt.a(hd.o)
 .comment       0x0000002c       0x2d pegasus_crt.a(fs_main.o)
 .comment       0x0000002c       0x2d pegasus_crt.a(main.o)
 .comment       0x0000002c       0x2d pegasus_crt.a(strcmp.o)
 .comment       0x0000002c       0x2d pegasus_crt.a(netdev.o)
 .comment       0x0000002c       0x2d pegasus_crt.a(forkexit.o)
 .comment       0x0000002c       0x2d pegasus_crt.a(exec.o)
 .comment       0x0000002c       0x2d pegasus_crt.a(perror.o)
 .comment       0x0000002c       0x2d pegasus_crt.a(sscanf.o)
 .comment       0x0000002c       0x2d pegasus_crt.a(ntohs.o)
 .comment       0x0000002c       0x2d pegasus_crt.a(htons.o)
 .comment       0x0000002c       0x2d pegasus_crt.a(inet_pton.o)
 .comment       0x0000002c       0x2d pegasus_crt.a(ntohl.o)
 .comment       0x0000002c       0x2d pegasus_crt.a(my_process.o)
 .comment       0x0000002c       0x2d pegasus_crt.a(ip_input.o)
 .comment       0x0000002c       0x2d pegasus_crt.a(tcp.o)
 .comment       0x0000002c       0x2d pegasus_crt.a(arp.o)
 .comment       0x0000002c       0x2d pegasus_crt.a(tcp_sock.o)
 .comment       0x0000002c       0x2d pegasus_crt.a(icmpv4.o)
 .comment       0x0000002c       0x2d pegasus_crt.a(skbuff.o)
 .comment       0x0000002c       0x2d pegasus_crt.a(tcp_input.o)
 .comment       0x0000002c       0x2d pegasus_crt.a(udp.o)
 .comment       0x0000002c       0x2d pegasus_crt.a(tcp_data.o)
 .comment       0x0000002c       0x2d pegasus_crt.a(utils.o)
 .comment       0x0000002c       0x2d pegasus_crt.a(strtok.o)
 .comment       0x0000002c       0x2d pegasus_crt.a(strpbrk.o)
 .comment       0x0000002c       0x2d pegasus_crt.a(htonl.o)
 .comment       0x0000002c       0x2d pegasus_crt.a(thread.o)
 .comment       0x0000002c       0x2d pegasus_crt.a(udp_sock.o)
 .comment       0x0000002c       0x2d pegasus_crt.a(ip_output.o)
 .comment       0x0000002c       0x2d pegasus_crt.a(sock.o)
 .comment       0x0000002c       0x2d pegasus_crt.a(tcp_output.o)
 .comment       0x0000002c       0x2d pegasus_crt.a(route.o)
 .comment       0x0000002c       0x2d pegasus_crt.a(dst.o)

.gnu.build.attributes
 *(.gnu.build.attributes .gnu.build.attributes.*)

.debug
 *(.debug)

.line
 *(.line)

.debug_srcinfo
 *(.debug_srcinfo)

.debug_sfnames
 *(.debug_sfnames)

.debug_aranges  0x00000000      0x658
 *(.debug_aranges)
 .debug_aranges
                0x00000000       0x20 pegasus_crt.a(kernel_main_old.o)
 .debug_aranges
                0x00000020       0x20 pegasus_crt.a(keyboard.o)
 .debug_aranges
                0x00000040       0x20 pegasus_crt.a(process.o)
 .debug_aranges
                0x00000060       0x20 pegasus_crt.a(mem.o)
 .debug_aranges
                0x00000080       0x20 pegasus_crt.a(exec.o)
 .debug_aranges
                0x000000a0       0x20 pegasus_crt.a(exit.o)
 .debug_aranges
                0x000000c0       0x20 pegasus_crt.a(wait.o)
 .debug_aranges
                0x000000e0       0x20 pegasus_crt.a(fork.o)
 .debug_aranges
                0x00000100       0x20 pegasus_crt.a(read.o)
 .debug_aranges
                0x00000120       0x20 pegasus_crt.a(open.o)
 .debug_aranges
                0x00000140       0x20 pegasus_crt.a(write.o)
 .debug_aranges
                0x00000160       0x20 pegasus_crt.a(close.o)
 .debug_aranges
                0x00000180       0x20 pegasus_crt.a(double_link_list.o)
 .debug_aranges
                0x000001a0       0x18 pegasus_crt.a(global.o)
 .debug_aranges
                0x000001b8       0x20 pegasus_crt.a(console.o)
 .debug_aranges
                0x000001d8       0x20 pegasus_crt.a(protect.o)
 .debug_aranges
                0x000001f8       0x20 pegasus_crt.a(task_network.o)
 .debug_aranges
                0x00000218       0x20 pegasus_crt.a(hd.o)
 .debug_aranges
                0x00000238       0x20 pegasus_crt.a(fs_main.o)
 .debug_aranges
                0x00000258       0x20 pegasus_crt.a(main.o)
 .debug_aranges
                0x00000278       0x20 pegasus_crt.a(strcmp.o)
 .debug_aranges
                0x00000298       0x20 pegasus_crt.a(netdev.o)
 .debug_aranges
                0x000002b8       0x20 pegasus_crt.a(forkexit.o)
 .debug_aranges
                0x000002d8       0x20 pegasus_crt.a(exec.o)
 .debug_aranges
                0x000002f8       0x20 pegasus_crt.a(perror.o)
 .debug_aranges
                0x00000318       0x20 pegasus_crt.a(sscanf.o)
 .debug_aranges
                0x00000338       0x20 pegasus_crt.a(ntohs.o)
 .debug_aranges
                0x00000358       0x20 pegasus_crt.a(htons.o)
 .debug_aranges
                0x00000378       0x20 pegasus_crt.a(inet_pton.o)
 .debug_aranges
                0x00000398       0x20 pegasus_crt.a(ntohl.o)
 .debug_aranges
                0x000003b8       0x20 pegasus_crt.a(my_process.o)
 .debug_aranges
                0x000003d8       0x20 pegasus_crt.a(ip_input.o)
 .debug_aranges
                0x000003f8       0x20 pegasus_crt.a(tcp.o)
 .debug_aranges
                0x00000418       0x20 pegasus_crt.a(arp.o)
 .debug_aranges
                0x00000438       0x20 pegasus_crt.a(tcp_sock.o)
 .debug_aranges
                0x00000458       0x20 pegasus_crt.a(icmpv4.o)
 .debug_aranges
                0x00000478       0x20 pegasus_crt.a(skbuff.o)
 .debug_aranges
                0x00000498       0x20 pegasus_crt.a(tcp_input.o)
 .debug_aranges
                0x000004b8       0x20 pegasus_crt.a(udp.o)
 .debug_aranges
                0x000004d8       0x20 pegasus_crt.a(tcp_data.o)
 .debug_aranges
                0x000004f8       0x20 pegasus_crt.a(utils.o)
 .debug_aranges
                0x00000518       0x20 pegasus_crt.a(strtok.o)
 .debug_aranges
                0x00000538       0x20 pegasus_crt.a(strpbrk.o)
 .debug_aranges
                0x00000558       0x20 pegasus_crt.a(htonl.o)
 .debug_aranges
                0x00000578       0x20 pegasus_crt.a(thread.o)
 .debug_aranges
                0x00000598       0x20 pegasus_crt.a(udp_sock.o)
 .debug_aranges
                0x000005b8       0x20 pegasus_crt.a(ip_output.o)
 .debug_aranges
                0x000005d8       0x20 pegasus_crt.a(sock.o)
 .debug_aranges
                0x000005f8       0x20 pegasus_crt.a(tcp_output.o)
 .debug_aranges
                0x00000618       0x20 pegasus_crt.a(route.o)
 .debug_aranges
                0x00000638       0x20 pegasus_crt.a(dst.o)

.debug_pubnames
 *(.debug_pubnames)

.debug_info     0x00000000    0x34439
 *(.debug_info .gnu.linkonce.wi.*)
 .debug_info    0x00000000     0x2820 pegasus_crt.a(kernel_main_old.o)
 .debug_info    0x00002820      0xfde pegasus_crt.a(keyboard.o)
 .debug_info    0x000037fe      0xf73 pegasus_crt.a(process.o)
 .debug_info    0x00004771     0x1d52 pegasus_crt.a(mem.o)
 .debug_info    0x000064c3      0xf40 pegasus_crt.a(exec.o)
 .debug_info    0x00007403      0xdb3 pegasus_crt.a(exit.o)
 .debug_info    0x000081b6      0xdc1 pegasus_crt.a(wait.o)
 .debug_info    0x00008f77      0xda8 pegasus_crt.a(fork.o)
 .debug_info    0x00009d1f      0xea1 pegasus_crt.a(read.o)
 .debug_info    0x0000abc0      0xe02 pegasus_crt.a(open.o)
 .debug_info    0x0000b9c2      0xe2f pegasus_crt.a(write.o)
 .debug_info    0x0000c7f1      0xdb6 pegasus_crt.a(close.o)
 .debug_info    0x0000d5a7     0x1044 pegasus_crt.a(double_link_list.o)
 .debug_info    0x0000e5eb      0xe8a pegasus_crt.a(global.o)
 .debug_info    0x0000f475     0x128a pegasus_crt.a(console.o)
 .debug_info    0x000106ff     0x11b5 pegasus_crt.a(protect.o)
 .debug_info    0x000118b4      0xf01 pegasus_crt.a(task_network.o)
 .debug_info    0x000127b5     0x19f3 pegasus_crt.a(hd.o)
 .debug_info    0x000141a8     0x1f3b pegasus_crt.a(fs_main.o)
 .debug_info    0x000160e3      0xdcc pegasus_crt.a(main.o)
 .debug_info    0x00016eaf       0xc1 pegasus_crt.a(strcmp.o)
 .debug_info    0x00016f70     0x132e pegasus_crt.a(netdev.o)
 .debug_info    0x0001829e      0xfbc pegasus_crt.a(forkexit.o)
 .debug_info    0x0001925a     0x11ca pegasus_crt.a(exec.o)
 .debug_info    0x0001a424       0x5c pegasus_crt.a(perror.o)
 .debug_info    0x0001a480      0x20e pegasus_crt.a(sscanf.o)
 .debug_info    0x0001a68e       0xa8 pegasus_crt.a(ntohs.o)
 .debug_info    0x0001a736       0xa8 pegasus_crt.a(htons.o)
 .debug_info    0x0001a7de      0x260 pegasus_crt.a(inet_pton.o)
 .debug_info    0x0001aa3e       0xcb pegasus_crt.a(ntohl.o)
 .debug_info    0x0001ab09     0x149d pegasus_crt.a(my_process.o)
 .debug_info    0x0001bfa6     0x1aab pegasus_crt.a(ip_input.o)
 .debug_info    0x0001da51     0x1e0e pegasus_crt.a(tcp.o)
 .debug_info    0x0001f85f      0x76e pegasus_crt.a(arp.o)
 .debug_info    0x0001ffcd     0x21ff pegasus_crt.a(tcp_sock.o)
 .debug_info    0x000221cc     0x1909 pegasus_crt.a(icmpv4.o)
 .debug_info    0x00023ad5      0x39f pegasus_crt.a(skbuff.o)
 .debug_info    0x00023e74     0x2111 pegasus_crt.a(tcp_input.o)
 .debug_info    0x00025f85     0x1b0e pegasus_crt.a(udp.o)
 .debug_info    0x00027a93     0x1d77 pegasus_crt.a(tcp_data.o)
 .debug_info    0x0002980a      0x367 pegasus_crt.a(utils.o)
 .debug_info    0x00029b71       0xae pegasus_crt.a(strtok.o)
 .debug_info    0x00029c1f       0xcf pegasus_crt.a(strpbrk.o)
 .debug_info    0x00029cee       0xcb pegasus_crt.a(htonl.o)
 .debug_info    0x00029db9     0x1069 pegasus_crt.a(thread.o)
 .debug_info    0x0002ae22     0x1edd pegasus_crt.a(udp_sock.o)
 .debug_info    0x0002ccff     0x1745 pegasus_crt.a(ip_output.o)
 .debug_info    0x0002e444     0x1860 pegasus_crt.a(sock.o)
 .debug_info    0x0002fca4     0x2329 pegasus_crt.a(tcp_output.o)
 .debug_info    0x00031fcd     0x1282 pegasus_crt.a(route.o)
 .debug_info    0x0003324f     0x11ea pegasus_crt.a(dst.o)

.debug_abbrev   0x00000000     0x6637
 *(.debug_abbrev)
 .debug_abbrev  0x00000000      0x452 pegasus_crt.a(kernel_main_old.o)
 .debug_abbrev  0x00000452      0x1fb pegasus_crt.a(keyboard.o)
 .debug_abbrev  0x0000064d      0x1e0 pegasus_crt.a(process.o)
 .debug_abbrev  0x0000082d      0x2ea pegasus_crt.a(mem.o)
 .debug_abbrev  0x00000b17      0x1e8 pegasus_crt.a(exec.o)
 .debug_abbrev  0x00000cff      0x19b pegasus_crt.a(exit.o)
 .debug_abbrev  0x00000e9a      0x19f pegasus_crt.a(wait.o)
 .debug_abbrev  0x00001039      0x18a pegasus_crt.a(fork.o)
 .debug_abbrev  0x000011c3      0x1ef pegasus_crt.a(read.o)
 .debug_abbrev  0x000013b2      0x1c5 pegasus_crt.a(open.o)
 .debug_abbrev  0x00001577      0x1db pegasus_crt.a(write.o)
 .debug_abbrev  0x00001752      0x19d pegasus_crt.a(close.o)
 .debug_abbrev  0x000018ef      0x216 pegasus_crt.a(double_link_list.o)
 .debug_abbrev  0x00001b05      0x157 pegasus_crt.a(global.o)
 .debug_abbrev  0x00001c5c      0x2ac pegasus_crt.a(console.o)
 .debug_abbrev  0x00001f08      0x227 pegasus_crt.a(protect.o)
 .debug_abbrev  0x0000212f      0x1cb pegasus_crt.a(task_network.o)
 .debug_abbrev  0x000022fa      0x33e pegasus_crt.a(hd.o)
 .debug_abbrev  0x00002638      0x2ef pegasus_crt.a(fs_main.o)
 .debug_abbrev  0x00002927      0x208 pegasus_crt.a(main.o)
 .debug_abbrev  0x00002b2f       0x94 pegasus_crt.a(strcmp.o)
 .debug_abbrev  0x00002bc3      0x289 pegasus_crt.a(netdev.o)
 .debug_abbrev  0x00002e4c      0x204 pegasus_crt.a(forkexit.o)
 .debug_abbrev  0x00003050      0x1c4 pegasus_crt.a(exec.o)
 .debug_abbrev  0x00003214       0x5c pegasus_crt.a(perror.o)
 .debug_abbrev  0x00003270       0xdd pegasus_crt.a(sscanf.o)
 .debug_abbrev  0x0000334d       0x6c pegasus_crt.a(ntohs.o)
 .debug_abbrev  0x000033b9       0x6c pegasus_crt.a(htons.o)
 .debug_abbrev  0x00003425      0x116 pegasus_crt.a(inet_pton.o)
 .debug_abbrev  0x0000353b       0xa5 pegasus_crt.a(ntohl.o)
 .debug_abbrev  0x000035e0      0x260 pegasus_crt.a(my_process.o)
 .debug_abbrev  0x00003840      0x2d1 pegasus_crt.a(ip_input.o)
 .debug_abbrev  0x00003b11      0x332 pegasus_crt.a(tcp.o)
 .debug_abbrev  0x00003e43      0x210 pegasus_crt.a(arp.o)
 .debug_abbrev  0x00004053      0x3e6 pegasus_crt.a(tcp_sock.o)
 .debug_abbrev  0x00004439      0x236 pegasus_crt.a(icmpv4.o)
 .debug_abbrev  0x0000466f      0x15f pegasus_crt.a(skbuff.o)
 .debug_abbrev  0x000047ce      0x355 pegasus_crt.a(tcp_input.o)
 .debug_abbrev  0x00004b23      0x2d3 pegasus_crt.a(udp.o)
 .debug_abbrev  0x00004df6      0x2a6 pegasus_crt.a(tcp_data.o)
 .debug_abbrev  0x0000509c      0x17a pegasus_crt.a(utils.o)
 .debug_abbrev  0x00005216       0x91 pegasus_crt.a(strtok.o)
 .debug_abbrev  0x000052a7       0xa5 pegasus_crt.a(strpbrk.o)
 .debug_abbrev  0x0000534c       0xa5 pegasus_crt.a(htonl.o)
 .debug_abbrev  0x000053f1      0x222 pegasus_crt.a(thread.o)
 .debug_abbrev  0x00005613      0x3b1 pegasus_crt.a(udp_sock.o)
 .debug_abbrev  0x000059c4      0x213 pegasus_crt.a(ip_output.o)
 .debug_abbrev  0x00005bd7      0x273 pegasus_crt.a(sock.o)
 .debug_abbrev  0x00005e4a      0x39b pegasus_crt.a(tcp_output.o)
 .debug_abbrev  0x000061e5      0x24e pegasus_crt.a(route.o)
 .debug_abbrev  0x00006433      0x204 pegasus_crt.a(dst.o)

.debug_line     0x00000000     0x82fb
 *(.debug_line .debug_line.* .debug_line_end)
 .debug_line    0x00000000      0xe0f pegasus_crt.a(kernel_main_old.o)
 .debug_line    0x00000e0f      0x296 pegasus_crt.a(keyboard.o)
 .debug_line    0x000010a5      0x180 pegasus_crt.a(process.o)
 .debug_line    0x00001225      0x7e3 pegasus_crt.a(mem.o)
 .debug_line    0x00001a08      0x18b pegasus_crt.a(exec.o)
 .debug_line    0x00001b93       0xa0 pegasus_crt.a(exit.o)
 .debug_line    0x00001c33       0xb7 pegasus_crt.a(wait.o)
 .debug_line    0x00001cea       0xa5 pegasus_crt.a(fork.o)
 .debug_line    0x00001d8f      0x15b pegasus_crt.a(read.o)
 .debug_line    0x00001eea       0xc3 pegasus_crt.a(open.o)
 .debug_line    0x00001fad       0xc2 pegasus_crt.a(write.o)
 .debug_line    0x0000206f       0xb3 pegasus_crt.a(close.o)
 .debug_line    0x00002122      0x253 pegasus_crt.a(double_link_list.o)
 .debug_line    0x00002375       0x95 pegasus_crt.a(global.o)
 .debug_line    0x0000240a      0x54e pegasus_crt.a(console.o)
 .debug_line    0x00002958      0x1ff pegasus_crt.a(protect.o)
 .debug_line    0x00002b57       0xf0 pegasus_crt.a(task_network.o)
 .debug_line    0x00002c47      0x639 pegasus_crt.a(hd.o)
 .debug_line    0x00003280      0xc1a pegasus_crt.a(fs_main.o)
 .debug_line    0x00003e9a       0xec pegasus_crt.a(main.o)
 .debug_line    0x00003f86       0x8a pegasus_crt.a(strcmp.o)
 .debug_line    0x00004010      0x24e pegasus_crt.a(netdev.o)
 .debug_line    0x0000425e      0x17a pegasus_crt.a(forkexit.o)
 .debug_line    0x000043d8      0x20c pegasus_crt.a(exec.o)
 .debug_line    0x000045e4       0x48 pegasus_crt.a(perror.o)
 .debug_line    0x0000462c      0x1d2 pegasus_crt.a(sscanf.o)
 .debug_line    0x000047fe       0x6c pegasus_crt.a(ntohs.o)
 .debug_line    0x0000486a       0x6c pegasus_crt.a(htons.o)
 .debug_line    0x000048d6      0x167 pegasus_crt.a(inet_pton.o)
 .debug_line    0x00004a3d       0xc1 pegasus_crt.a(ntohl.o)
 .debug_line    0x00004afe      0x33b pegasus_crt.a(my_process.o)
 .debug_line    0x00004e39      0x272 pegasus_crt.a(ip_input.o)
 .debug_line    0x000050ab      0x2f5 pegasus_crt.a(tcp.o)
 .debug_line    0x000053a0      0x34c pegasus_crt.a(arp.o)
 .debug_line    0x000056ec      0x57b pegasus_crt.a(tcp_sock.o)
 .debug_line    0x00005c67      0x225 pegasus_crt.a(icmpv4.o)
 .debug_line    0x00005e8c      0x121 pegasus_crt.a(skbuff.o)
 .debug_line    0x00005fad      0x658 pegasus_crt.a(tcp_input.o)
 .debug_line    0x00006605      0x2ec pegasus_crt.a(udp.o)
 .debug_line    0x000068f1      0x3e9 pegasus_crt.a(tcp_data.o)
 .debug_line    0x00006cda      0x13c pegasus_crt.a(utils.o)
 .debug_line    0x00006e16       0x6e pegasus_crt.a(strtok.o)
 .debug_line    0x00006e84       0xb0 pegasus_crt.a(strpbrk.o)
 .debug_line    0x00006f34       0xc1 pegasus_crt.a(htonl.o)
 .debug_line    0x00006ff5      0x145 pegasus_crt.a(thread.o)
 .debug_line    0x0000713a      0x4b0 pegasus_crt.a(udp_sock.o)
 .debug_line    0x000075ea      0x1fe pegasus_crt.a(ip_output.o)
 .debug_line    0x000077e8      0x222 pegasus_crt.a(sock.o)
 .debug_line    0x00007a0a      0x58a pegasus_crt.a(tcp_output.o)
 .debug_line    0x00007f94      0x209 pegasus_crt.a(route.o)
 .debug_line    0x0000819d      0x15e pegasus_crt.a(dst.o)

.debug_frame
 *(.debug_frame)

.debug_str      0x00000000     0x31d2
 *(.debug_str)
 .debug_str     0x00000000     0x31d2 pegasus_crt.a(kernel_main_old.o)
                                0xb73 (size before relaxing)
 .debug_str     0x000031d2      0x69c pegasus_crt.a(keyboard.o)
 .debug_str     0x000031d2      0x64a pegasus_crt.a(process.o)
 .debug_str     0x000031d2      0xa98 pegasus_crt.a(mem.o)
 .debug_str     0x000031d2      0x62c pegasus_crt.a(exec.o)
 .debug_str     0x000031d2      0x5a5 pegasus_crt.a(exit.o)
 .debug_str     0x000031d2      0x5a5 pegasus_crt.a(wait.o)
 .debug_str     0x000031d2      0x59e pegasus_crt.a(fork.o)
 .debug_str     0x000031d2      0x617 pegasus_crt.a(read.o)
 .debug_str     0x000031d2      0x5de pegasus_crt.a(open.o)
 .debug_str     0x000031d2      0x5db pegasus_crt.a(write.o)
 .debug_str     0x000031d2      0x5a6 pegasus_crt.a(close.o)
 .debug_str     0x000031d2      0x6d1 pegasus_crt.a(double_link_list.o)
 .debug_str     0x000031d2      0x610 pegasus_crt.a(global.o)
 .debug_str     0x000031d2      0x75f pegasus_crt.a(console.o)
 .debug_str     0x000031d2      0x76b pegasus_crt.a(protect.o)
 .debug_str     0x000031d2      0x66b pegasus_crt.a(task_network.o)
 .debug_str     0x000031d2      0x9c5 pegasus_crt.a(hd.o)
 .debug_str     0x000031d2      0xafa pegasus_crt.a(fs_main.o)
 .debug_str     0x000031d2      0x598 pegasus_crt.a(main.o)
 .debug_str     0x000031d2       0xb1 pegasus_crt.a(strcmp.o)
 .debug_str     0x000031d2      0x77d pegasus_crt.a(netdev.o)
 .debug_str     0x000031d2      0x617 pegasus_crt.a(forkexit.o)
 .debug_str     0x000031d2      0x86d pegasus_crt.a(exec.o)
 .debug_str     0x000031d2       0x99 pegasus_crt.a(perror.o)
 .debug_str     0x000031d2      0x102 pegasus_crt.a(sscanf.o)
 .debug_str     0x000031d2      0x101 pegasus_crt.a(ntohs.o)
 .debug_str     0x000031d2      0x102 pegasus_crt.a(htons.o)
 .debug_str     0x000031d2      0x14c pegasus_crt.a(inet_pton.o)
 .debug_str     0x000031d2       0xf3 pegasus_crt.a(ntohl.o)
 .debug_str     0x000031d2      0x8fe pegasus_crt.a(my_process.o)
 .debug_str     0x000031d2      0x99b pegasus_crt.a(ip_input.o)
 .debug_str     0x000031d2      0xb2d pegasus_crt.a(tcp.o)
 .debug_str     0x000031d2      0x2f6 pegasus_crt.a(arp.o)
 .debug_str     0x000031d2      0xcc0 pegasus_crt.a(tcp_sock.o)
 .debug_str     0x000031d2      0x91a pegasus_crt.a(icmpv4.o)
 .debug_str     0x000031d2      0x1d8 pegasus_crt.a(skbuff.o)
 .debug_str     0x000031d2      0xb8d pegasus_crt.a(tcp_input.o)
 .debug_str     0x000031d2      0x94d pegasus_crt.a(udp.o)
 .debug_str     0x000031d2      0xa49 pegasus_crt.a(tcp_data.o)
 .debug_str     0x000031d2      0x1b8 pegasus_crt.a(utils.o)
 .debug_str     0x000031d2       0xb9 pegasus_crt.a(strtok.o)
 .debug_str     0x000031d2       0xc1 pegasus_crt.a(strpbrk.o)
 .debug_str     0x000031d2       0xf4 pegasus_crt.a(htonl.o)
 .debug_str     0x000031d2      0x717 pegasus_crt.a(thread.o)
 .debug_str     0x000031d2      0xa71 pegasus_crt.a(udp_sock.o)
 .debug_str     0x000031d2      0x856 pegasus_crt.a(ip_output.o)
 .debug_str     0x000031d2      0x8b6 pegasus_crt.a(sock.o)
 .debug_str     0x000031d2      0xc1d pegasus_crt.a(tcp_output.o)
 .debug_str     0x000031d2      0x743 pegasus_crt.a(route.o)
 .debug_str     0x000031d2      0x722 pegasus_crt.a(dst.o)

.debug_loc
 *(.debug_loc)

.debug_macinfo
 *(.debug_macinfo)

.debug_weaknames
 *(.debug_weaknames)

.debug_funcnames
 *(.debug_funcnames)

.debug_typenames
 *(.debug_typenames)

.debug_varnames
 *(.debug_varnames)

.debug_pubtypes
 *(.debug_pubtypes)

.debug_ranges   0x00000000       0x90
 *(.debug_ranges)
 .debug_ranges  0x00000000       0x30 pegasus_crt.a(kernel_main_old.o)
 .debug_ranges  0x00000030       0x48 pegasus_crt.a(hd.o)
 .debug_ranges  0x00000078       0x18 pegasus_crt.a(exec.o)

.debug_addr
 *(.debug_addr)

.debug_line_str
 *(.debug_line_str)

.debug_loclists
 *(.debug_loclists)

.debug_macro
 *(.debug_macro)

.debug_names
 *(.debug_names)

.debug_rnglists
 *(.debug_rnglists)

.debug_str_offsets
 *(.debug_str_offsets)

.debug_sup
 *(.debug_sup)

.gnu.attributes
 *(.gnu.attributes)

/DISCARD/
 *(.note.GNU-stack)
 *(.gnu_debuglink)
 *(.gnu.lto_*)
OUTPUT(test elf32-i386)
