Archive member included to satisfy reference by file (symbol)

pegasus_crt.a(kernel_main_old.o)
                              test.o (Printf)
pegasus_crt.a(protect.o)      pegasus_crt.a(kernel_main_old.o) (InitInterruptDesc)
pegasus_crt.a(console.o)      pegasus_crt.a(kernel_main_old.o) (out_char)
pegasus_crt.a(process.o)      pegasus_crt.a(kernel_main_old.o) (schedule_process)
pegasus_crt.a(global.o)       pegasus_crt.a(protect.o) (proc_table)
pegasus_crt.a(keyboard.o)     pegasus_crt.a(console.o) (keyboard_read)
pegasus_crt.a(task_network.o)
                              pegasus_crt.a(global.o) (task_network)
pegasus_crt.a(hd.o)           pegasus_crt.a(global.o) (TaskHD)
pegasus_crt.a(fs_main.o)      pegasus_crt.a(global.o) (task_fs)
pegasus_crt.a(main.o)         pegasus_crt.a(global.o) (TaskMM)
pegasus_crt.a(mem.o)          pegasus_crt.a(kernel_main_old.o) (ptr_pde)
pegasus_crt.a(exec.o)         pegasus_crt.a(kernel_main_old.o) (execl)
pegasus_crt.a(exit.o)         start.o (exit)
pegasus_crt.a(wait.o)         pegasus_crt.a(kernel_main_old.o) (wait)
pegasus_crt.a(fork.o)         pegasus_crt.a(kernel_main_old.o) (fork)
pegasus_crt.a(strcmp.o)       pegasus_crt.a(fs_main.o) (strcmp)
pegasus_crt.a(read.o)         pegasus_crt.a(kernel_main_old.o) (read)
pegasus_crt.a(open.o)         pegasus_crt.a(kernel_main_old.o) (open)
pegasus_crt.a(write.o)        pegasus_crt.a(kernel_main_old.o) (write)
pegasus_crt.a(close.o)        pegasus_crt.a(kernel_main_old.o) (close)
pegasus_crt.a(kernel.o)       pegasus_crt.a(kernel_main_old.o) (disp_str)
pegasus_crt.a(switch_to.o)    pegasus_crt.a(process.o) (switch_to)
pegasus_crt.a(string.o)       pegasus_crt.a(kernel_main_old.o) (Memcpy2)
pegasus_crt.a(syscall.o)      pegasus_crt.a(kernel_main_old.o) (write_debug)
pegasus_crt.a(hd_rdwt.o)      pegasus_crt.a(hd.o) (read_port)
pegasus_crt.a(double_link_list.o)
                              pegasus_crt.a(mem.o) (initDoubleLinkList)
pegasus_crt.a(netdev.o)       pegasus_crt.a(kernel.o) (net_handler)
pegasus_crt.a(arp.o)          pegasus_crt.a(netdev.o) (arp_rcv)
pegasus_crt.a(skbuff.o)       pegasus_crt.a(netdev.o) (alloc_skb)
pegasus_crt.a(route.o)        pegasus_crt.a(netdev.o) (route_init)
pegasus_crt.a(utils.o)        pegasus_crt.a(arp.o) (print_err)
pegasus_crt.a(forkexit.o)     pegasus_crt.a(main.o) (do_fork)
pegasus_crt.a(exec.o)         pegasus_crt.a(main.o) (do_exec)
pegasus_crt.a(perror.o)       pegasus_crt.a(netdev.o) (perror)
pegasus_crt.a(sscanf.o)       pegasus_crt.a(netdev.o) (sscanf)
pegasus_crt.a(ntohs.o)        pegasus_crt.a(netdev.o) (ntohs)
pegasus_crt.a(htonl.o)        pegasus_crt.a(arp.o) (htonl)
pegasus_crt.a(htons.o)        pegasus_crt.a(netdev.o) (htons)
pegasus_crt.a(inet_pton.o)    pegasus_crt.a(netdev.o) (inet_pton)
pegasus_crt.a(ntohl.o)        pegasus_crt.a(netdev.o) (ntohl)
pegasus_crt.a(ne2000.o)       pegasus_crt.a(netdev.o) (DriverSend)
pegasus_crt.a(my_process.o)   pegasus_crt.a(forkexit.o) (fork_process)
pegasus_crt.a(ip_input.o)     pegasus_crt.a(netdev.o) (ip_rcv)
pegasus_crt.a(tcp.o)          pegasus_crt.a(ip_input.o) (tcp_in)
pegasus_crt.a(tcp_sock.o)     pegasus_crt.a(tcp.o) (tcp_established_or_syn_recvd_socks_remove)
pegasus_crt.a(icmpv4.o)       pegasus_crt.a(ip_input.o) (icmpv4_incoming)
pegasus_crt.a(tcp_input.o)    pegasus_crt.a(tcp.o) (tcp_process)
pegasus_crt.a(udp.o)          pegasus_crt.a(ip_input.o) (udp_in)
pegasus_crt.a(tcp_data.o)     pegasus_crt.a(tcp_input.o) (tcp_data_dequeue)
pegasus_crt.a(atoi.o)         pegasus_crt.a(sscanf.o) (atoi)
pegasus_crt.a(strtok.o)       pegasus_crt.a(inet_pton.o) (strtok)
pegasus_crt.a(strpbrk.o)      pegasus_crt.a(strtok.o) (strpbrk)
pegasus_crt.a(thread.o)       pegasus_crt.a(my_process.o) (thread_init)
pegasus_crt.a(udp_sock.o)     pegasus_crt.a(udp.o) (udp_lookup_sock)
pegasus_crt.a(ip_output.o)    pegasus_crt.a(icmpv4.o) (ip_output)
pegasus_crt.a(sock.o)         pegasus_crt.a(tcp_sock.o) (sk_free)
pegasus_crt.a(tcp_output.o)   pegasus_crt.a(tcp_input.o) (tcp_send_synack)
pegasus_crt.a(dst.o)          pegasus_crt.a(ip_output.o) (dst_neigh_output)

Merging program properties

Removed property 0xc0010001 to merge test.o (0x1) and start.o (not found)
Removed property 0xc0010002 to merge test.o (0x0) and start.o (not found)
Removed property 0xc0010001 to merge test.o (not found) and pegasus_crt.a(kernel_main_old.o) (0x1)
Removed property 0xc0010002 to merge test.o (not found) and pegasus_crt.a(kernel_main_old.o) (0x1)
Removed property 0xc0010001 to merge test.o (not found) and pegasus_crt.a(protect.o) (0x1)
Removed property 0xc0010002 to merge test.o (not found) and pegasus_crt.a(protect.o) (0x0)
Removed property 0xc0010001 to merge test.o (not found) and pegasus_crt.a(console.o) (0x1)
Removed property 0xc0010002 to merge test.o (not found) and pegasus_crt.a(console.o) (0x1)
Removed property 0xc0010001 to merge test.o (not found) and pegasus_crt.a(process.o) (0x1)
Removed property 0xc0010002 to merge test.o (not found) and pegasus_crt.a(process.o) (0x0)
Removed property 0xc0010001 to merge test.o (not found) and pegasus_crt.a(global.o) (0x1)
Removed property 0xc0010002 to merge test.o (not found) and pegasus_crt.a(global.o) (0x0)
Removed property 0xc0010001 to merge test.o (not found) and pegasus_crt.a(keyboard.o) (0x1)
Removed property 0xc0010002 to merge test.o (not found) and pegasus_crt.a(keyboard.o) (0x0)
Removed property 0xc0010001 to merge test.o (not found) and pegasus_crt.a(task_network.o) (0x1)
Removed property 0xc0010002 to merge test.o (not found) and pegasus_crt.a(task_network.o) (0x0)
Removed property 0xc0010001 to merge test.o (not found) and pegasus_crt.a(hd.o) (0x1)
Removed property 0xc0010002 to merge test.o (not found) and pegasus_crt.a(hd.o) (0x1)
Removed property 0xc0010001 to merge test.o (not found) and pegasus_crt.a(fs_main.o) (0x1)
Removed property 0xc0010002 to merge test.o (not found) and pegasus_crt.a(fs_main.o) (0x1)
Removed property 0xc0010001 to merge test.o (not found) and pegasus_crt.a(main.o) (0x1)
Removed property 0xc0010002 to merge test.o (not found) and pegasus_crt.a(main.o) (0x0)
Removed property 0xc0010001 to merge test.o (not found) and pegasus_crt.a(mem.o) (0x1)
Removed property 0xc0010002 to merge test.o (not found) and pegasus_crt.a(mem.o) (0x1)
Removed property 0xc0010001 to merge test.o (not found) and pegasus_crt.a(exec.o) (0x1)
Removed property 0xc0010002 to merge test.o (not found) and pegasus_crt.a(exec.o) (0x0)
Removed property 0xc0010001 to merge test.o (not found) and pegasus_crt.a(exit.o) (0x1)
Removed property 0xc0010002 to merge test.o (not found) and pegasus_crt.a(exit.o) (0x0)
Removed property 0xc0010001 to merge test.o (not found) and pegasus_crt.a(wait.o) (0x1)
Removed property 0xc0010002 to merge test.o (not found) and pegasus_crt.a(wait.o) (0x0)
Removed property 0xc0010001 to merge test.o (not found) and pegasus_crt.a(fork.o) (0x1)
Removed property 0xc0010002 to merge test.o (not found) and pegasus_crt.a(fork.o) (0x0)
Removed property 0xc0010001 to merge test.o (not found) and pegasus_crt.a(strcmp.o) (0x1)
Removed property 0xc0010002 to merge test.o (not found) and pegasus_crt.a(strcmp.o) (0x1)
Removed property 0xc0010001 to merge test.o (not found) and pegasus_crt.a(read.o) (0x1)
Removed property 0xc0010002 to merge test.o (not found) and pegasus_crt.a(read.o) (0x0)
Removed property 0xc0010001 to merge test.o (not found) and pegasus_crt.a(open.o) (0x1)
Removed property 0xc0010002 to merge test.o (not found) and pegasus_crt.a(open.o) (0x0)
Removed property 0xc0010001 to merge test.o (not found) and pegasus_crt.a(write.o) (0x1)
Removed property 0xc0010002 to merge test.o (not found) and pegasus_crt.a(write.o) (0x0)
Removed property 0xc0010001 to merge test.o (not found) and pegasus_crt.a(close.o) (0x1)
Removed property 0xc0010002 to merge test.o (not found) and pegasus_crt.a(close.o) (0x0)
Removed property 0xc0010001 to merge test.o (not found) and pegasus_crt.a(double_link_list.o) (0x1)
Removed property 0xc0010002 to merge test.o (not found) and pegasus_crt.a(double_link_list.o) (0x0)
Removed property 0xc0010001 to merge test.o (not found) and pegasus_crt.a(netdev.o) (0x1)
Removed property 0xc0010002 to merge test.o (not found) and pegasus_crt.a(netdev.o) (0x0)
Removed property 0xc0010001 to merge test.o (not found) and pegasus_crt.a(arp.o) (0x1)
Removed property 0xc0010002 to merge test.o (not found) and pegasus_crt.a(arp.o) (0x0)
Removed property 0xc0010001 to merge test.o (not found) and pegasus_crt.a(skbuff.o) (0x1)
Removed property 0xc0010002 to merge test.o (not found) and pegasus_crt.a(skbuff.o) (0x0)
Removed property 0xc0010001 to merge test.o (not found) and pegasus_crt.a(route.o) (0x1)
Removed property 0xc0010002 to merge test.o (not found) and pegasus_crt.a(route.o) (0x0)
Removed property 0xc0010001 to merge test.o (not found) and pegasus_crt.a(utils.o) (0x1)
Removed property 0xc0010002 to merge test.o (not found) and pegasus_crt.a(utils.o) (0x0)
Removed property 0xc0010001 to merge test.o (not found) and pegasus_crt.a(forkexit.o) (0x1)
Removed property 0xc0010002 to merge test.o (not found) and pegasus_crt.a(forkexit.o) (0x0)
Removed property 0xc0010001 to merge test.o (not found) and pegasus_crt.a(exec.o) (0x1)
Removed property 0xc0010002 to merge test.o (not found) and pegasus_crt.a(exec.o) (0x0)
Removed property 0xc0010001 to merge test.o (not found) and pegasus_crt.a(perror.o) (0x1)
Removed property 0xc0010002 to merge test.o (not found) and pegasus_crt.a(perror.o) (0x0)
Removed property 0xc0010001 to merge test.o (not found) and pegasus_crt.a(sscanf.o) (0x1)
Removed property 0xc0010002 to merge test.o (not found) and pegasus_crt.a(sscanf.o) (0x0)
Removed property 0xc0010001 to merge test.o (not found) and pegasus_crt.a(ntohs.o) (0x1)
Removed property 0xc0010002 to merge test.o (not found) and pegasus_crt.a(ntohs.o) (0x0)
Removed property 0xc0010001 to merge test.o (not found) and pegasus_crt.a(htonl.o) (0x1)
Removed property 0xc0010002 to merge test.o (not found) and pegasus_crt.a(htonl.o) (0x0)
Removed property 0xc0010001 to merge test.o (not found) and pegasus_crt.a(htons.o) (0x1)
Removed property 0xc0010002 to merge test.o (not found) and pegasus_crt.a(htons.o) (0x0)
Removed property 0xc0010001 to merge test.o (not found) and pegasus_crt.a(inet_pton.o) (0x1)
Removed property 0xc0010002 to merge test.o (not found) and pegasus_crt.a(inet_pton.o) (0x0)
Removed property 0xc0010001 to merge test.o (not found) and pegasus_crt.a(ntohl.o) (0x1)
Removed property 0xc0010002 to merge test.o (not found) and pegasus_crt.a(ntohl.o) (0x0)
Removed property 0xc0010001 to merge test.o (not found) and pegasus_crt.a(my_process.o) (0x1)
Removed property 0xc0010002 to merge test.o (not found) and pegasus_crt.a(my_process.o) (0x1)
Removed property 0xc0010001 to merge test.o (not found) and pegasus_crt.a(ip_input.o) (0x1)
Removed property 0xc0010002 to merge test.o (not found) and pegasus_crt.a(ip_input.o) (0x0)
Removed property 0xc0010001 to merge test.o (not found) and pegasus_crt.a(tcp.o) (0x1)
Removed property 0xc0010002 to merge test.o (not found) and pegasus_crt.a(tcp.o) (0x0)
Removed property 0xc0010001 to merge test.o (not found) and pegasus_crt.a(tcp_sock.o) (0x1)
Removed property 0xc0010002 to merge test.o (not found) and pegasus_crt.a(tcp_sock.o) (0x0)
Removed property 0xc0010001 to merge test.o (not found) and pegasus_crt.a(icmpv4.o) (0x1)
Removed property 0xc0010002 to merge test.o (not found) and pegasus_crt.a(icmpv4.o) (0x0)
Removed property 0xc0010001 to merge test.o (not found) and pegasus_crt.a(tcp_input.o) (0x1)
Removed property 0xc0010002 to merge test.o (not found) and pegasus_crt.a(tcp_input.o) (0x0)
Removed property 0xc0010001 to merge test.o (not found) and pegasus_crt.a(udp.o) (0x1)
Removed property 0xc0010002 to merge test.o (not found) and pegasus_crt.a(udp.o) (0x1)
Removed property 0xc0010001 to merge test.o (not found) and pegasus_crt.a(tcp_data.o) (0x1)
Removed property 0xc0010002 to merge test.o (not found) and pegasus_crt.a(tcp_data.o) (0x0)
Removed property 0xc0010001 to merge test.o (not found) and pegasus_crt.a(atoi.o) (0x1)
Removed property 0xc0010002 to merge test.o (not found) and pegasus_crt.a(atoi.o) (0x0)
Removed property 0xc0010001 to merge test.o (not found) and pegasus_crt.a(strtok.o) (0x1)
Removed property 0xc0010002 to merge test.o (not found) and pegasus_crt.a(strtok.o) (0x0)
Removed property 0xc0010001 to merge test.o (not found) and pegasus_crt.a(strpbrk.o) (0x1)
Removed property 0xc0010002 to merge test.o (not found) and pegasus_crt.a(strpbrk.o) (0x0)
Removed property 0xc0010001 to merge test.o (not found) and pegasus_crt.a(thread.o) (0x1)
Removed property 0xc0010002 to merge test.o (not found) and pegasus_crt.a(thread.o) (0x0)
Removed property 0xc0010001 to merge test.o (not found) and pegasus_crt.a(udp_sock.o) (0x1)
Removed property 0xc0010002 to merge test.o (not found) and pegasus_crt.a(udp_sock.o) (0x0)
Removed property 0xc0010001 to merge test.o (not found) and pegasus_crt.a(ip_output.o) (0x1)
Removed property 0xc0010002 to merge test.o (not found) and pegasus_crt.a(ip_output.o) (0x0)
Removed property 0xc0010001 to merge test.o (not found) and pegasus_crt.a(sock.o) (0x1)
Removed property 0xc0010002 to merge test.o (not found) and pegasus_crt.a(sock.o) (0x0)
Removed property 0xc0010001 to merge test.o (not found) and pegasus_crt.a(tcp_output.o) (0x1)
Removed property 0xc0010002 to merge test.o (not found) and pegasus_crt.a(tcp_output.o) (0x1)
Removed property 0xc0010001 to merge test.o (not found) and pegasus_crt.a(dst.o) (0x1)
Removed property 0xc0010002 to merge test.o (not found) and pegasus_crt.a(dst.o) (0x0)

Allocating common symbols
Common symbol       size              file

current_tty         0x4               pegasus_crt.a(kernel_main_old.o)
file_desc_table     0x400             pegasus_crt.a(fs_main.o)
is_e0               0x1               pegasus_crt.a(kernel_main_old.o)
phy_super_block_buf
                    0x4               pegasus_crt.a(fs_main.o)
phy_fsbuf           0x4               pegasus_crt.a(fs_main.o)
idt_ptr             0x6               pegasus_crt.a(kernel_main_old.o)
pid                 0x4               pegasus_crt.a(kernel_main_old.o)
KernelVirtualMemory
                    0xc               pegasus_crt.a(kernel_main_old.o)
inode_table         0xa00             pegasus_crt.a(fs_main.o)
loop                0x4               pegasus_crt.a(netdev.o)
current_dis_pos     0x4               pegasus_crt.a(kernel_main_old.o)
dis_pos             0x4               pegasus_crt.a(kernel_main_old.o)
netdev              0x4               pegasus_crt.a(netdev.o)
k_reenter           0x4               pegasus_crt.a(kernel_main_old.o)
super_block_buf     0x4               pegasus_crt.a(fs_main.o)
gdt                 0x400             pegasus_crt.a(kernel_main_old.o)
proc_ready_table    0x4               pegasus_crt.a(kernel_main_old.o)
test_ticks          0x4               pegasus_crt.a(kernel_main_old.o)
hd_info             0x224             pegasus_crt.a(hd.o)
proc_stack          0x90000           pegasus_crt.a(global.o)
pcaller             0x4               pegasus_crt.a(kernel_main_old.o)
keyboard_buffer     0x20c             pegasus_crt.a(kernel_main_old.o)
pcb_list            0x10              pegasus_crt.a(kernel_main_old.o)
gdt_index           0x4               pegasus_crt.a(kernel_main_old.o)
tty_table           0x828             pegasus_crt.a(kernel_main_old.o)
tss                 0x6c              pegasus_crt.a(kernel_main_old.o)
KernelPool          0x10              pegasus_crt.a(kernel_main_old.o)
net_buf             0x4               pegasus_crt.a(kernel_main_old.o)
fsbuf               0x4               pegasus_crt.a(fs_main.o)
nic_current_page    0x1               pegasus_crt.a(kernel_main_old.o)
root                0x28              pegasus_crt.a(fs_main.o)
kernel_mem_block_decs_array
                    0xa8              pegasus_crt.a(mem.o)
counter             0x4               pegasus_crt.a(kernel_main_old.o)
key_pressed         0x4               pegasus_crt.a(kernel_main_old.o)
fork_pid            0x4               pegasus_crt.a(kernel_main_old.o)
is_shift            0x1               pegasus_crt.a(kernel_main_old.o)
net_data            0x1               pegasus_crt.a(kernel_main_old.o)
gdt_ptr             0x6               pegasus_crt.a(kernel_main_old.o)
idt                 0x800             pegasus_crt.a(kernel_main_old.o)
main_thread         0x4               pegasus_crt.a(kernel_main_old.o)
ticks               0x8               pegasus_crt.a(kernel_main_old.o)
is_init             0x1               pegasus_crt.a(kernel_main_old.o)
UserPool            0x10              pegasus_crt.a(kernel_main_old.o)
all_pcb_list        0x10              pegasus_crt.a(kernel_main_old.o)
console_table       0x10              pegasus_crt.a(kernel_main_old.o)
is_disp             0x1               pegasus_crt.a(kernel_main_old.o)
MAIN_THREAD_PAGE_DIRECTORY
                    0x4               pegasus_crt.a(kernel_main_old.o)
helloStr            0xc               pegasus_crt.a(kernel_main_old.o)
proc_table          0x1ad0            pegasus_crt.a(global.o)
hd_cache            0x200             pegasus_crt.a(hd.o)

Discarded input sections

 .note.GNU-stack
                0x00000000        0x0 test.o
 .note.gnu.property
                0x00000000       0x28 test.o
 .note.GNU-stack
                0x00000000        0x0 pegasus_crt.a(kernel_main_old.o)
 .note.gnu.property
                0x00000000       0x28 pegasus_crt.a(kernel_main_old.o)
 .note.GNU-stack
                0x00000000        0x0 pegasus_crt.a(protect.o)
 .note.gnu.property
                0x00000000       0x28 pegasus_crt.a(protect.o)
 .note.GNU-stack
                0x00000000        0x0 pegasus_crt.a(console.o)
 .note.gnu.property
                0x00000000       0x28 pegasus_crt.a(console.o)
 .note.GNU-stack
                0x00000000        0x0 pegasus_crt.a(process.o)
 .note.gnu.property
                0x00000000       0x28 pegasus_crt.a(process.o)
 .note.GNU-stack
                0x00000000        0x0 pegasus_crt.a(global.o)
 .note.gnu.property
                0x00000000       0x28 pegasus_crt.a(global.o)
 .note.GNU-stack
                0x00000000        0x0 pegasus_crt.a(keyboard.o)
 .note.gnu.property
                0x00000000       0x28 pegasus_crt.a(keyboard.o)
 .note.GNU-stack
                0x00000000        0x0 pegasus_crt.a(task_network.o)
 .note.gnu.property
                0x00000000       0x28 pegasus_crt.a(task_network.o)
 .note.GNU-stack
                0x00000000        0x0 pegasus_crt.a(hd.o)
 .note.gnu.property
                0x00000000       0x28 pegasus_crt.a(hd.o)
 .note.GNU-stack
                0x00000000        0x0 pegasus_crt.a(fs_main.o)
 .note.gnu.property
                0x00000000       0x28 pegasus_crt.a(fs_main.o)
 .note.GNU-stack
                0x00000000        0x0 pegasus_crt.a(main.o)
 .note.gnu.property
                0x00000000       0x28 pegasus_crt.a(main.o)
 .note.GNU-stack
                0x00000000        0x0 pegasus_crt.a(mem.o)
 .note.gnu.property
                0x00000000       0x28 pegasus_crt.a(mem.o)
 .note.GNU-stack
                0x00000000        0x0 pegasus_crt.a(exec.o)
 .note.gnu.property
                0x00000000       0x28 pegasus_crt.a(exec.o)
 .note.GNU-stack
                0x00000000        0x0 pegasus_crt.a(exit.o)
 .note.gnu.property
                0x00000000       0x28 pegasus_crt.a(exit.o)
 .note.GNU-stack
                0x00000000        0x0 pegasus_crt.a(wait.o)
 .note.gnu.property
                0x00000000       0x28 pegasus_crt.a(wait.o)
 .note.GNU-stack
                0x00000000        0x0 pegasus_crt.a(fork.o)
 .note.gnu.property
                0x00000000       0x28 pegasus_crt.a(fork.o)
 .note.GNU-stack
                0x00000000        0x0 pegasus_crt.a(strcmp.o)
 .note.gnu.property
                0x00000000       0x28 pegasus_crt.a(strcmp.o)
 .note.GNU-stack
                0x00000000        0x0 pegasus_crt.a(read.o)
 .note.gnu.property
                0x00000000       0x28 pegasus_crt.a(read.o)
 .note.GNU-stack
                0x00000000        0x0 pegasus_crt.a(open.o)
 .note.gnu.property
                0x00000000       0x28 pegasus_crt.a(open.o)
 .note.GNU-stack
                0x00000000        0x0 pegasus_crt.a(write.o)
 .note.gnu.property
                0x00000000       0x28 pegasus_crt.a(write.o)
 .note.GNU-stack
                0x00000000        0x0 pegasus_crt.a(close.o)
 .note.gnu.property
                0x00000000       0x28 pegasus_crt.a(close.o)
 .note.GNU-stack
                0x00000000        0x0 pegasus_crt.a(double_link_list.o)
 .note.gnu.property
                0x00000000       0x28 pegasus_crt.a(double_link_list.o)
 .note.GNU-stack
                0x00000000        0x0 pegasus_crt.a(netdev.o)
 .note.gnu.property
                0x00000000       0x28 pegasus_crt.a(netdev.o)
 .note.GNU-stack
                0x00000000        0x0 pegasus_crt.a(arp.o)
 .note.gnu.property
                0x00000000       0x28 pegasus_crt.a(arp.o)
 .note.GNU-stack
                0x00000000        0x0 pegasus_crt.a(skbuff.o)
 .note.gnu.property
                0x00000000       0x28 pegasus_crt.a(skbuff.o)
 .note.GNU-stack
                0x00000000        0x0 pegasus_crt.a(route.o)
 .note.gnu.property
                0x00000000       0x28 pegasus_crt.a(route.o)
 .note.GNU-stack
                0x00000000        0x0 pegasus_crt.a(utils.o)
 .note.gnu.property
                0x00000000       0x28 pegasus_crt.a(utils.o)
 .note.GNU-stack
                0x00000000        0x0 pegasus_crt.a(forkexit.o)
 .note.gnu.property
                0x00000000       0x28 pegasus_crt.a(forkexit.o)
 .note.GNU-stack
                0x00000000        0x0 pegasus_crt.a(exec.o)
 .note.gnu.property
                0x00000000       0x28 pegasus_crt.a(exec.o)
 .note.GNU-stack
                0x00000000        0x0 pegasus_crt.a(perror.o)
 .note.gnu.property
                0x00000000       0x28 pegasus_crt.a(perror.o)
 .note.GNU-stack
                0x00000000        0x0 pegasus_crt.a(sscanf.o)
 .note.gnu.property
                0x00000000       0x28 pegasus_crt.a(sscanf.o)
 .note.GNU-stack
                0x00000000        0x0 pegasus_crt.a(ntohs.o)
 .note.gnu.property
                0x00000000       0x28 pegasus_crt.a(ntohs.o)
 .note.GNU-stack
                0x00000000        0x0 pegasus_crt.a(htonl.o)
 .note.gnu.property
                0x00000000       0x28 pegasus_crt.a(htonl.o)
 .note.GNU-stack
                0x00000000        0x0 pegasus_crt.a(htons.o)
 .note.gnu.property
                0x00000000       0x28 pegasus_crt.a(htons.o)
 .note.GNU-stack
                0x00000000        0x0 pegasus_crt.a(inet_pton.o)
 .note.gnu.property
                0x00000000       0x28 pegasus_crt.a(inet_pton.o)
 .note.GNU-stack
                0x00000000        0x0 pegasus_crt.a(ntohl.o)
 .note.gnu.property
                0x00000000       0x28 pegasus_crt.a(ntohl.o)
 .note.GNU-stack
                0x00000000        0x0 pegasus_crt.a(my_process.o)
 .note.gnu.property
                0x00000000       0x28 pegasus_crt.a(my_process.o)
 .note.GNU-stack
                0x00000000        0x0 pegasus_crt.a(ip_input.o)
 .note.gnu.property
                0x00000000       0x28 pegasus_crt.a(ip_input.o)
 .note.GNU-stack
                0x00000000        0x0 pegasus_crt.a(tcp.o)
 .note.gnu.property
                0x00000000       0x28 pegasus_crt.a(tcp.o)
 .note.GNU-stack
                0x00000000        0x0 pegasus_crt.a(tcp_sock.o)
 .note.gnu.property
                0x00000000       0x28 pegasus_crt.a(tcp_sock.o)
 .note.GNU-stack
                0x00000000        0x0 pegasus_crt.a(icmpv4.o)
 .note.gnu.property
                0x00000000       0x28 pegasus_crt.a(icmpv4.o)
 .note.GNU-stack
                0x00000000        0x0 pegasus_crt.a(tcp_input.o)
 .note.gnu.property
                0x00000000       0x28 pegasus_crt.a(tcp_input.o)
 .note.GNU-stack
                0x00000000        0x0 pegasus_crt.a(udp.o)
 .note.gnu.property
                0x00000000       0x28 pegasus_crt.a(udp.o)
 .note.GNU-stack
                0x00000000        0x0 pegasus_crt.a(tcp_data.o)
 .note.gnu.property
                0x00000000       0x28 pegasus_crt.a(tcp_data.o)
 .note.GNU-stack
                0x00000000        0x0 pegasus_crt.a(atoi.o)
 .note.gnu.property
                0x00000000       0x28 pegasus_crt.a(atoi.o)
 .note.GNU-stack
                0x00000000        0x0 pegasus_crt.a(strtok.o)
 .note.gnu.property
                0x00000000       0x28 pegasus_crt.a(strtok.o)
 .note.GNU-stack
                0x00000000        0x0 pegasus_crt.a(strpbrk.o)
 .note.gnu.property
                0x00000000       0x28 pegasus_crt.a(strpbrk.o)
 .note.GNU-stack
                0x00000000        0x0 pegasus_crt.a(thread.o)
 .note.gnu.property
                0x00000000       0x28 pegasus_crt.a(thread.o)
 .note.GNU-stack
                0x00000000        0x0 pegasus_crt.a(udp_sock.o)
 .note.gnu.property
                0x00000000       0x28 pegasus_crt.a(udp_sock.o)
 .note.GNU-stack
                0x00000000        0x0 pegasus_crt.a(ip_output.o)
 .note.gnu.property
                0x00000000       0x28 pegasus_crt.a(ip_output.o)
 .note.GNU-stack
                0x00000000        0x0 pegasus_crt.a(sock.o)
 .note.gnu.property
                0x00000000       0x28 pegasus_crt.a(sock.o)
 .note.GNU-stack
                0x00000000        0x0 pegasus_crt.a(tcp_output.o)
 .note.gnu.property
                0x00000000       0x28 pegasus_crt.a(tcp_output.o)
 .note.GNU-stack
                0x00000000        0x0 pegasus_crt.a(dst.o)
 .note.gnu.property
                0x00000000       0x28 pegasus_crt.a(dst.o)

Memory Configuration

Name             Origin             Length             Attributes
*default*        0x00000000         0xffffffff

Linker script and memory map

Address of section .text set to 0xb0800000
LOAD test.o
LOAD start.o
LOAD pegasus_crt.a
                [!provide]                        PROVIDE (__executable_start = SEGMENT_START ("text-segment", 0x8048000))
                0x080480d4                        . = (SEGMENT_START ("text-segment", 0x8048000) + SIZEOF_HEADERS)

.interp
 *(.interp)

.note.gnu.build-id
 *(.note.gnu.build-id)

.hash
 *(.hash)

.gnu.hash
 *(.gnu.hash)

.dynsym
 *(.dynsym)

.dynstr
 *(.dynstr)

.gnu.version
 *(.gnu.version)

.gnu.version_d
 *(.gnu.version_d)

.gnu.version_r
 *(.gnu.version_r)

.rel.dyn        0x080480d4        0x0
 *(.rel.init)
 *(.rel.text .rel.text.* .rel.gnu.linkonce.t.*)
 .rel.text      0x080480d4        0x0 test.o
 *(.rel.fini)
 *(.rel.rodata .rel.rodata.* .rel.gnu.linkonce.r.*)
 *(.rel.data.rel.ro .rel.data.rel.ro.* .rel.gnu.linkonce.d.rel.ro.*)
 *(.rel.data .rel.data.* .rel.gnu.linkonce.d.*)
 *(.rel.tdata .rel.tdata.* .rel.gnu.linkonce.td.*)
 *(.rel.tbss .rel.tbss.* .rel.gnu.linkonce.tb.*)
 *(.rel.ctors)
 *(.rel.dtors)
 *(.rel.got)
 .rel.got       0x080480d4        0x0 test.o
 *(.rel.bss .rel.bss.* .rel.gnu.linkonce.b.*)
 *(.rel.ifunc)

.rel.plt        0x080480d4        0x0
 *(.rel.plt)
                [!provide]                        PROVIDE (__rel_iplt_start = .)
 *(.rel.iplt)
 .rel.iplt      0x080480d4        0x0 test.o
                [!provide]                        PROVIDE (__rel_iplt_end = .)

.relr.dyn
 *(.relr.dyn)
                0x08049000                        . = ALIGN (CONSTANT (MAXPAGESIZE))

.init
 *(SORT_NONE(.init))

.plt            0x08049000        0x0
 *(.plt)
 *(.iplt)
 .iplt          0x08049000        0x0 test.o

.plt.got
 *(.plt.got)

.plt.sec
 *(.plt.sec)

.text           0xb0800000     0xfdb4
 *(.text.unlikely .text.*_unlikely .text.unlikely.*)
 *(.text.exit .text.exit.*)
 *(.text.startup .text.startup.*)
 *(.text.hot .text.hot.*)
 *(SORT_BY_NAME(.text.sorted.*))
 *(.text .stub .text.* .gnu.linkonce.t.*)
 .text          0xb0800000       0x3e test.o
                0xb0800000                main
 *fill*         0xb080003e        0x2 
 .text          0xb0800040       0x15 start.o
                0xb0800040                _start
 .text          0xb0800055     0x2df1 pegasus_crt.a(kernel_main_old.o)
                0xb0800055                stop_here
                0xb0800099                catch_error
                0xb08000fe                intr_enable
                0xb0800127                intr_disable
                0xb0800150                intr_set_status
                0xb080016e                intr_get_status
                0xb080018b                Memcpy
                0xb08001be                untar
                0xb08004d3                num_to_string
                0xb0800579                disp_int
                0xb08005a2                do_page_fault
                0xb08006df                exception_handler
                0xb08008c6                init_internal_interrupt
                0xb0800a3b                spurious_irq
                0xb0800ac9                init_keyboard
                0xb0800b0c                TestTTY
                0xb0800bab                TestReadReturnValue
                0xb0800c28                TestWriteReturnValue
                0xb0800cfc                TestFS2
                0xb0800d0a                TestFS
                0xb08011ac                wait_exit
                0xb08012aa                INIT_fork
                0xb08015a2                simple_shell
                0xb0801729                test_shell
                0xb0801791                test_exec
                0xb08018a4                INIT
                0xb08018b1                TestA
                0xb08018e6                delay
                0xb080192a                TestB
                0xb0801942                TestC
                0xb0801975                sys_get_ticks
                0xb0801985                sys_write
                0xb08019d9                milli_delay
                0xb0801a15                TaskSys
                0xb0801a1a                Printf
                0xb0801ad5                sprintf
                0xb0801b01                vsprintf
                0xb0801cad                printx
                0xb0801cf0                sys_printx
                0xb0801dbc                spin
                0xb0801de2                panic
                0xb0801e00                assertion_failure
                0xb0801e72                assertion_failure2
                0xb0801ee7                dead_lock
                0xb0801ef1                sys_send_msg
                0xb0802410                sys_receive_msg
                0xb0802a70                send_rec
                0xb0802b6b                block
                0xb0802ba7                unblock
                0xb0802bf7                get_ticks_ipc
                0xb0802c4e                itoa
                0xb0802ca4                i2a
                0xb0802d0a                inform_int
                0xb0802dd7                deprecate_strcmp
 .text          0xb0802e46      0x3b3 pegasus_crt.a(protect.o)
                0xb0802e46                InitDescriptor
                0xb0802eb3                Seg2PhyAddr
                0xb0802ef4                Seg2PhyAddrLDT
                0xb0802f38                VirAddr2PhyAddr
                0xb0802f4e                v2l
                0xb0802f91                init_propt
                0xb0803112                InitInterruptDesc
                0xb080316e                ReloadGDT
 .text          0xb08031f9      0xaca pegasus_crt.a(console.o)
                0xb08031f9                select_console
                0xb0803235                flush
                0xb080326e                set_cursor
                0xb08032cc                set_console_start_video_addr
                0xb080332a                put_key
                0xb0803396                scroll_up
                0xb08033d8                scroll_down
                0xb0803443                out_char
                0xb0803600                tty_dev_read
                0xb080362a                tty_dev_write
                0xb0803857                tty_do_read
                0xb080391f                tty_do_write
                0xb0803a82                init_screen
                0xb0803b0b                init_tty
                0xb0803bc0                TaskTTY
 .text          0xb0803cc3      0x236 pegasus_crt.a(process.o)
                0xb0803cc3                schedule_process
                0xb0803e0d                clock_handler
                0xb0803e7e                pid2proc
                0xb0803ee2                proc2pid
 .text          0xb0803ef9        0x0 pegasus_crt.a(global.o)
 .text          0xb0803ef9      0x40f pegasus_crt.a(keyboard.o)
                0xb0803ef9                keyboard_handler
                0xb0803f7d                read_from_keyboard_buf
                0xb0803fe3                keyboard_read
                0xb0804162                init_keyboard_handler
                0xb0804176                in_process
 .text          0xb0804308       0x83 pegasus_crt.a(task_network.o)
                0xb0804308                task_network
                0xb0804320                task_netdev_rx
 .text          0xb080438b      0xe5b pegasus_crt.a(hd.o)
                0xb080438b                TaskHD
                0xb08043d0                init_hd
                0xb08043ea                hd_handle
                0xb08044ef                hd_cmd_out
                0xb08045f1                hd_identify
                0xb08046a8                print_hdinfo
                0xb0804836                print_dpt_entry
                0xb08048a2                get_partition_table
                0xb0804981                partition
                0xb0804b9b                hd_open
                0xb0804c42                get_hd_ioctl
                0xb0804cf3                wait_for
                0xb0804d24                interrupt_wait
                0xb0804d74                hd_rdwt
                0xb0805013                hd_handler
                0xb080503f                debug_ticks
                0xb080507d                waitfor
                0xb08050c1                print_hd_info
                0xb08051ae                is_empty
 .text          0xb08051e6     0x2069 pegasus_crt.a(fs_main.o)
                0xb08051e6                task_fs
                0xb08053f1                rd_wt
                0xb08054ca                mkfs
                0xb0805aac                init_fs
                0xb0805b00                do_open
                0xb0805d09                search_file
                0xb0805e3b                strip_path
                0xb0805f07                get_inode
                0xb08060c9                create_file
                0xb08061d4                alloc_imap_bit
                0xb08062d1                alloc_smap_bit
                0xb0806472                new_inode
                0xb0806590                new_dir_entry
                0xb080679c                do_unlink
                0xb0806c78                do_rdwt
                0xb0807003                sync_inode
                0xb0807157                put_inode
                0xb0807195                do_close
                0xb08071e7                get_super_block
 .text          0xb080724f      0x148 pegasus_crt.a(main.o)
                0xb080724f                TaskMM
                0xb0807378                alloc_mem
 .text          0xb0807397     0x1113 pegasus_crt.a(mem.o)
                0xb0807397                init_bitmap
                0xb08073ba                test_bit_val
                0xb0807423                set_bit_val
                0xb080749e                set_bits
                0xb08074d8                get_first_free_bit
                0xb080751c                get_bits
                0xb08075e4                get_a_page
                0xb0807698                get_virtual_address_start_with_addr
                0xb0807732                get_virtual_address
                0xb08077c2                ptr_pde
                0xb08077d5                ptr_pte
                0xb08077fc                add_map_entry
                0xb080788d                alloc_virtual_memory
                0xb0807960                get_physical_address_proc
                0xb08079dc                get_physical_address
                0xb0807a0e                alloc_physical_memory_of_proc
                0xb0807afd                alloc_physical_memory
                0xb0807bc5                alloc_memory
                0xb0807c27                get_a_virtual_page
                0xb0807c5f                block2arena
                0xb0807c75                sys_malloc2
                0xb0807f85                remove_map_entry
                0xb0807fa6                free_a_page
                0xb080804d                sys_free2
                0xb0808053                init_memory_block_desc
                0xb0808124                init_memory2
                0xb080836a                init_memory
 .text          0xb08084aa      0x285 pegasus_crt.a(exec.o)
                0xb08084aa                exec
                0xb080851b                execv
                0xb080870a                execl
 .text          0xb080872f       0x2f pegasus_crt.a(exit.o)
                0xb080872f                exit
 .text          0xb080875e       0x44 pegasus_crt.a(wait.o)
                0xb080875e                wait
 .text          0xb08087a2       0x48 pegasus_crt.a(fork.o)
                0xb08087a2                fork
 .text          0xb08087ea       0xa8 pegasus_crt.a(strcmp.o)
                0xb08087ea                strcmp
 .text          0xb0808892      0x181 pegasus_crt.a(read.o)
                0xb0808892                read
 .text          0xb0808a13       0x95 pegasus_crt.a(open.o)
                0xb0808a13                open
 .text          0xb0808aa8       0x85 pegasus_crt.a(write.o)
                0xb0808aa8                write
 .text          0xb0808b2d       0x52 pegasus_crt.a(close.o)
                0xb0808b2d                close
 *fill*         0xb0808b7f        0x1 
 .text          0xb0808b80      0x3d7 pegasus_crt.a(kernel.o)
                0xb0808b80                InterruptTest
                0xb0808b8c                disp_str_len
                0xb0808bd9                disp_str
                0xb0808c14                disp_str_colour
                0xb0808c50                divide_zero_fault
                0xb0808c56                single_step_fault
                0xb0808c5c                non_maskable_interrupt
                0xb0808c62                breakpoint_trap
                0xb0808c68                overflow_trap
                0xb0808c6e                bound_range_exceeded_fault
                0xb0808c74                invalid_opcode_fault
                0xb0808c7a                coprocessor_not_available_fault
                0xb0808c80                double_fault_exception_abort
                0xb0808c84                coprocessor_segment_overrun
                0xb0808c8a                invalid_task_state_segment_fault
                0xb0808c8e                segment_not_present_fault
                0xb0808c92                stack_exception_fault
                0xb0808c96                general_protection_exception_fault
                0xb0808ca1                page_fault
                0xb0808ca5                coprocessor_error_fault
                0xb0808cab                align_check_fault
                0xb0808caf                simd_float_exception_fault
                0xb0808cbe                hwint0
                0xb0808cee                hwint1
                0xb0808d31                hwint14
                0xb0808d77                hwint10
                0xb0808dba                sys_call
                0xb0808e00                fork_restart
                0xb0808e0f                restart
                0xb0808e32                in_byte
                0xb0808e3e                out_byte
                0xb0808e60                disable_int
                0xb0808e62                enable_int
                0xb0808ef8                enable_8259A_casecade_irq
                0xb0808f02                disable_8259A_casecade_irq
                0xb0808f0c                enable_8259A_slave_winchester_irq
                0xb0808f16                disable_8259A_slave_winchester_irq
                0xb0808f20                update_cr3
                0xb0808f2d                update_tss
                0xb0808f3c                get_running_thread_pcb
                0xb0808f44                sys_call_test
                0xb0808f47                enable_8259A_slave_net_irq
 *fill*         0xb0808f57        0x9 
 .text          0xb0808f60       0x15 pegasus_crt.a(switch_to.o)
                0xb0808f60                switch_to
 *fill*         0xb0808f75        0xb 
 .text          0xb0808f80       0x6a pegasus_crt.a(syscall.o)
                0xb0808f80                write_debug
                0xb0808f90                send_msg
                0xb0808fa6                receive_msg
                0xb0808fbc                sys_malloc
                0xb0808fd1                sys_free
 .text          0xb0808fea      0x229 pegasus_crt.a(double_link_list.o)
                0xb0808fea                initDoubleLinkList
                0xb080903a                isListEmpty
                0xb0809068                findElementInList
                0xb08090ff                appendToDoubleLinkList
                0xb080918e                insertToDoubleLinkList
                0xb08091d0                popFromDoubleLinkList
 .text          0xb0809213      0x3c8 pegasus_crt.a(netdev.o)
                0xb0809325                netdev_init
                0xb080936c                netdev_transmit
                0xb08094b2                netdev_rx_loop
                0xb080952c                netdev_get
                0xb0809549                free_netdev
                0xb0809574                local_ipaddress
                0xb08095b1                receive_msg_from_nic
                0xb08095d3                net_handler
 .text          0xb08095db      0x6dc pegasus_crt.a(arp.o)
                0xb08097a8                arp_init
                0xb08097ae                arp_rcv
                0xb0809960                arp_request
                0xb0809aca                arp_reply
                0xb0809c1a                arp_get_hwaddr
                0xb0809c66                free_arp
 .text          0xb0809cb7      0x12e pegasus_crt.a(skbuff.o)
                0xb0809cd0                alloc_skb
                0xb0809d61                free_skb
                0xb0809d67                skb_reserve
                0xb0809d83                skb_push
                0xb0809db2                skb_head
                0xb0809dbd                skb_reset_header
 .text          0xb0809de5      0x295 pegasus_crt.a(route.o)
                0xb0809f12                route_add
                0xb0809f57                route_init
                0xb0809fde                route_lookup
                0xb080a029                free_routes
 .text          0xb080a07a      0x1e7 pegasus_crt.a(utils.o)
                0xb080a07a                run_cmd
                0xb080a087                print_err
                0xb080a09e                parse_ipv4_string
                0xb080a0fd                ip_pton
                0xb080a145                sum_every_16bits
                0xb080a19c                checksum
                0xb080a1dd                tcp_udp_checksum
 .text          0xb080a261      0x24f pegasus_crt.a(forkexit.o)
                0xb080a261                do_fork
                0xb080a2cf                do_exit
                0xb080a359                do_wait
                0xb080a456                cleanup
 .text          0xb080a4b0      0x419 pegasus_crt.a(exec.o)
                0xb080a4b0                do_exec
 .text          0xb080a8c9       0x17 pegasus_crt.a(perror.o)
                0xb080a8c9                perror
 .text          0xb080a8e0      0x2c1 pegasus_crt.a(sscanf.o)
                0xb080a8e0                sscanf
 .text          0xb080aba1       0x38 pegasus_crt.a(ntohs.o)
                0xb080aba1                ntohs
 .text          0xb080abd9       0x7c pegasus_crt.a(htonl.o)
                0xb080abd9                htonl
 .text          0xb080ac55       0x38 pegasus_crt.a(htons.o)
                0xb080ac55                htons
 .text          0xb080ac8d      0x295 pegasus_crt.a(inet_pton.o)
                0xb080ac8d                isValidIPv4
                0xb080ae17                inet_pton
 .text          0xb080af22       0x7c pegasus_crt.a(ntohl.o)
                0xb080af22                ntohl
 *fill*         0xb080af9e        0x2 
 .text          0xb080afa0      0x259 pegasus_crt.a(ne2000.o)
                0xb080afc3                DriverInitialize
                0xb080b04d                SetPageStart
                0xb080b075                DriverSend
                0xb080b0ea                PCtoNIC
                0xb080b158                get_interrupt_status
                0xb080b16e                set_interrupt_status
                0xb080b187                get_curr_page
                0xb080b1a4                NICtoPC
 .text          0xb080b1f9      0x730 pegasus_crt.a(my_process.o)
                0xb080b1f9                create_user_process_address_space
                0xb080b289                user_process
                0xb080b3b6                clone_pcb
                0xb080b528                build_body_stack
                0xb080b65b                build_process_kernel_stack
                0xb080b71e                fork_process
                0xb080b7af                process_execute
 .text          0xb080b929      0x2da pegasus_crt.a(ip_input.o)
                0xb080bab3                ip_rcv
 .text          0xb080bc03      0x448 pegasus_crt.a(tcp.o)
                0xb080bdf8                tcp_in
                0xb080beac                tcp_checksum
                0xb080bed8                __tcp_set_state
                0xb080bee7                tcp_generate_port
                0xb080bf30                tcp_generate_isn
                0xb080bf3a                tcp_done
                0xb080bf63                tcp_clear_timers
                0xb080bf72                tcp_stop_retransmission_timer
                0xb080bf8b                tcp_release_retransmission_timer
                0xb080bfa4                tcp_stop_delack_timer
                0xb080bfb7                tcp_release_delack_timer
                0xb080bfca                tcp_handle_fin_state
                0xb080c02f                tcp_enter_time_wait
 .text          0xb080c04b      0xa16 pegasus_crt.a(tcp_sock.o)
                0xb080c2f9                tcp_established_or_syn_recvd_socks_enqueue
                0xb080c310                tcp_established_or_syn_recvd_socks_remove
                0xb080c322                tcp_connecting_or_listening_socks_enqueue
                0xb080c339                tcp_connecting_or_listening_socks_remove
                0xb080c34b                tcp_alloc_sock
                0xb080c461                tcp_free_sock
                0xb080c4da                tcp_init
                0xb080c4e4                tcp_sock_init
                0xb080c587                tcp_write
                0xb080c5c8                tcp_read
                0xb080c67b                tcp_close
                0xb080c739                tcp_recv_notify
                0xb080c764                tcp_v4_connect
                0xb080c9b4                tcp_lookup_sock
 .text          0xb080ca61      0x234 pegasus_crt.a(icmpv4.o)
                0xb080ca6f                icmpv4_incoming
                0xb080cae3                icmpv4_reply
                0xb080cbbc                icmpv4_timestamp
 .text          0xb080cc95      0xb6f pegasus_crt.a(tcp_input.o)
                0xb080d37c                tcp_process
                0xb080d742                tcp_receive
 .text          0xb080d804      0x3e0 pegasus_crt.a(udp.o)
                0xb080d90f                udp_generate_port
                0xb080d958                udp_checksum
                0xb080da26                udp_in
                0xb080dab7                udp_data_dequeue
                0xb080dbbf                udp_data_enqueue
 .text          0xb080dbe4      0x54a pegasus_crt.a(tcp_data.o)
                0xb080decf                tcp_data_dequeue
                0xb080dffc                tcp_data_queue
 .text          0xb080e12e       0x9c pegasus_crt.a(atoi.o)
                0xb080e12e                atoi
 .text          0xb080e1ca       0x85 pegasus_crt.a(strtok.o)
                0xb080e1ca                strtok
 .text          0xb080e24f       0x90 pegasus_crt.a(strpbrk.o)
                0xb080e24f                strpbrk
 .text          0xb080e2df      0x1b2 pegasus_crt.a(thread.o)
                0xb080e2df                kernel_thread
                0xb080e2f7                thread_init
                0xb080e3a4                thread_create
                0xb080e3d9                thread_start
 .text          0xb080e491      0x8bc pegasus_crt.a(udp_sock.o)
                0xb080e6be                udp_lookup_sock
                0xb080e705                udp_init
                0xb080e736                udp_close
                0xb080e75c                udp_sock_init
                0xb080e766                udp_recvfrom
                0xb080e7ff                udp_connect
                0xb080e8d8                udp_write
                0xb080e904                udp_alloc_skb
                0xb080e94e                udp_sendto
                0xb080ea42                udp_send
                0xb080eb80                udp_alloc_sock
                0xb080ebc1                udp_free_sock
                0xb080ebe5                udp_read
 .text          0xb080ed4d      0x1d3 pegasus_crt.a(ip_output.o)
                0xb080ed5b                ip_output
 .text          0xb080ef20      0x203 pegasus_crt.a(sock.o)
                0xb080f052                sk_alloc
                0xb080f079                sk_init
                0xb080f0cd                sk_init_with_socket
                0xb080f0f6                sk_free
 .text          0xb080f123      0xbb9 pegasus_crt.a(tcp_output.o)
                0xb080f5e4                tcp_send_synack
                0xb080f687                tcp_send_delack
                0xb080f6c2                tcp_send_ack
                0xb080f80e                tcp_send_fin
                0xb080f883                tcp_select_initial_window
                0xb080fa35                tcp_reset_retransmission_timer
                0xb080fa52                tcp_begin_connect
                0xb080fafc                tcp_send
                0xb080fbe1                tcp_send_reset
                0xb080fc61                tcp_queue_fin
 .text          0xb080fcdc       0xd8 pegasus_crt.a(dst.o)
                0xb080fcea                dst_neigh_output
 *(.gnu.warning)

.fini
 *(SORT_NONE(.fini))
                [!provide]                        PROVIDE (__etext = .)
                [!provide]                        PROVIDE (_etext = .)
                [!provide]                        PROVIDE (etext = .)
                0xb0810000                        . = ALIGN (CONSTANT (MAXPAGESIZE))
                0xb0810000                        . = SEGMENT_START ("rodata-segment", (ALIGN (CONSTANT (MAXPAGESIZE)) + (. & (CONSTANT (MAXPAGESIZE) - 0x1))))

.rodata         0xb0810000     0x16a0
 *(.rodata .rodata.* .gnu.linkonce.r.*)
 .rodata        0xb0810000       0x10 test.o
 *fill*         0xb0810010       0x10 
 .rodata        0xb0810020      0xb61 pegasus_crt.a(kernel_main_old.o)
 .rodata        0xb0810b81       0x22 pegasus_crt.a(console.o)
 .rodata        0xb0810ba3       0x26 pegasus_crt.a(process.o)
 *fill*         0xb0810bc9        0x3 
 .rodata        0xb0810bcc       0x91 pegasus_crt.a(task_network.o)
 *fill*         0xb0810c5d        0x3 
 .rodata        0xb0810c60      0x19c pegasus_crt.a(hd.o)
 .rodata        0xb0810dfc      0x1fb pegasus_crt.a(fs_main.o)
                0xb0810dfc                FSBUF_SIZE
 .rodata        0xb0810ff7       0x11 pegasus_crt.a(main.o)
 .rodata        0xb0811008       0x5a pegasus_crt.a(mem.o)
 .rodata        0xb0811062       0x2d pegasus_crt.a(exec.o)
 .rodata        0xb081108f       0x2a pegasus_crt.a(close.o)
 .rodata        0xb08110b9       0x36 pegasus_crt.a(double_link_list.o)
 *fill*         0xb08110ef        0x1 
 .rodata        0xb08110f0       0xba pegasus_crt.a(netdev.o)
 *fill*         0xb08111aa        0x2 
 .rodata        0xb08111ac       0x9c pegasus_crt.a(arp.o)
 .rodata        0xb0811248        0x9 pegasus_crt.a(skbuff.o)
 *fill*         0xb0811251        0x3 
 .rodata        0xb0811254       0x37 pegasus_crt.a(route.o)
 *fill*         0xb081128b        0x1 
 .rodata        0xb081128c       0x41 pegasus_crt.a(utils.o)
 .rodata        0xb08112cd       0x21 pegasus_crt.a(forkexit.o)
 .rodata        0xb08112ee       0x10 pegasus_crt.a(exec.o)
 .rodata        0xb08112fe        0x3 pegasus_crt.a(inet_pton.o)
 *fill*         0xb0811301        0x3 
 .rodata        0xb0811304       0xb5 pegasus_crt.a(ip_input.o)
 *fill*         0xb08113b9        0x3 
 .rodata        0xb08113bc       0x31 pegasus_crt.a(tcp.o)
 *fill*         0xb08113ed        0x3 
 .rodata        0xb08113f0       0xe8 pegasus_crt.a(tcp_sock.o)
 .rodata        0xb08114d8       0x32 pegasus_crt.a(icmpv4.o)
 *fill*         0xb081150a        0x2 
 .rodata        0xb081150c       0x60 pegasus_crt.a(tcp_input.o)
 .rodata        0xb081156c        0x9 pegasus_crt.a(udp.o)
 .rodata        0xb0811575       0x1e pegasus_crt.a(tcp_data.o)
 *fill*         0xb0811593        0x1 
 .rodata        0xb0811594       0x2d pegasus_crt.a(udp_sock.o)
 .rodata        0xb08115c1        0x9 pegasus_crt.a(ip_output.o)
 .rodata        0xb08115ca        0x9 pegasus_crt.a(sock.o)
 *fill*         0xb08115d3        0x1 
 .rodata        0xb08115d4       0xc3 pegasus_crt.a(tcp_output.o)
 .rodata        0xb0811697        0x9 pegasus_crt.a(dst.o)

.txt            0xb08116a0       0xaa
 .txt           0xb08116a0       0x82 pegasus_crt.a(string.o)
                0xb08116a0                Memcpy2
                0xb08116ce                Memset
                0xb08116ed                Strcpy
                0xb0811707                Strlen
 .txt           0xb0811722       0x28 pegasus_crt.a(hd_rdwt.o)
                0xb0811722                read_port
                0xb0811736                write_port

.rodata1
 *(.rodata1)

.eh_frame_hdr
 *(.eh_frame_hdr)
 *(.eh_frame_entry .eh_frame_entry.*)

.eh_frame       0xb081174c     0x38f4
 *(.eh_frame)
 .eh_frame      0xb081174c       0x44 test.o
 .eh_frame      0xb0811790      0x6cc pegasus_crt.a(kernel_main_old.o)
                                0x6e4 (size before relaxing)
 .eh_frame      0xb0811e5c      0x100 pegasus_crt.a(protect.o)
                                0x118 (size before relaxing)
 .eh_frame      0xb0811f5c      0x1e0 pegasus_crt.a(console.o)
                                0x1f8 (size before relaxing)
 .eh_frame      0xb081213c       0x80 pegasus_crt.a(process.o)
                                 0x98 (size before relaxing)
 .eh_frame      0xb08121bc       0xa0 pegasus_crt.a(keyboard.o)
                                 0xb8 (size before relaxing)
 .eh_frame      0xb081225c       0x38 pegasus_crt.a(task_network.o)
                                 0x50 (size before relaxing)
 .eh_frame      0xb0812294      0x264 pegasus_crt.a(hd.o)
                                0x27c (size before relaxing)
 .eh_frame      0xb08124f8      0x27c pegasus_crt.a(fs_main.o)
                                0x294 (size before relaxing)
 .eh_frame      0xb0812774       0x3c pegasus_crt.a(main.o)
                                 0x54 (size before relaxing)
 .eh_frame      0xb08127b0      0x364 pegasus_crt.a(mem.o)
                                0x37c (size before relaxing)
 .eh_frame      0xb0812b14       0x60 pegasus_crt.a(exec.o)
                                 0x78 (size before relaxing)
 .eh_frame      0xb0812b74       0x20 pegasus_crt.a(exit.o)
                                 0x38 (size before relaxing)
 .eh_frame      0xb0812b94       0x20 pegasus_crt.a(wait.o)
                                 0x38 (size before relaxing)
 .eh_frame      0xb0812bb4       0x20 pegasus_crt.a(fork.o)
                                 0x38 (size before relaxing)
 .eh_frame      0xb0812bd4       0x20 pegasus_crt.a(strcmp.o)
                                 0x38 (size before relaxing)
 .eh_frame      0xb0812bf4       0x20 pegasus_crt.a(read.o)
                                 0x38 (size before relaxing)
 .eh_frame      0xb0812c14       0x20 pegasus_crt.a(open.o)
                                 0x38 (size before relaxing)
 .eh_frame      0xb0812c34       0x20 pegasus_crt.a(write.o)
                                 0x38 (size before relaxing)
 .eh_frame      0xb0812c54       0x20 pegasus_crt.a(close.o)
                                 0x38 (size before relaxing)
 .eh_frame      0xb0812c74       0xc0 pegasus_crt.a(double_link_list.o)
                                 0xd8 (size before relaxing)
 .eh_frame      0xb0812d34      0x18c pegasus_crt.a(netdev.o)
                                0x1a4 (size before relaxing)
 .eh_frame      0xb0812ec0      0x1c0 pegasus_crt.a(arp.o)
                                0x1d8 (size before relaxing)
 .eh_frame      0xb0813080       0xe0 pegasus_crt.a(skbuff.o)
                                 0xf8 (size before relaxing)
 .eh_frame      0xb0813160      0x124 pegasus_crt.a(route.o)
                                0x13c (size before relaxing)
 .eh_frame      0xb0813284       0xe4 pegasus_crt.a(utils.o)
                                 0xfc (size before relaxing)
 .eh_frame      0xb0813368       0x80 pegasus_crt.a(forkexit.o)
                                 0x98 (size before relaxing)
 .eh_frame      0xb08133e8       0x20 pegasus_crt.a(exec.o)
                                 0x38 (size before relaxing)
 .eh_frame      0xb0813408       0x20 pegasus_crt.a(perror.o)
                                 0x38 (size before relaxing)
 .eh_frame      0xb0813428       0x20 pegasus_crt.a(sscanf.o)
                                 0x38 (size before relaxing)
 .eh_frame      0xb0813448       0x20 pegasus_crt.a(ntohs.o)
                                 0x38 (size before relaxing)
 .eh_frame      0xb0813468       0x20 pegasus_crt.a(htonl.o)
                                 0x38 (size before relaxing)
 .eh_frame      0xb0813488       0x20 pegasus_crt.a(htons.o)
                                 0x38 (size before relaxing)
 .eh_frame      0xb08134a8       0x40 pegasus_crt.a(inet_pton.o)
                                 0x58 (size before relaxing)
 .eh_frame      0xb08134e8       0x20 pegasus_crt.a(ntohl.o)
                                 0x38 (size before relaxing)
 .eh_frame      0xb0813508       0xe0 pegasus_crt.a(my_process.o)
                                 0xf8 (size before relaxing)
 .eh_frame      0xb08135e8      0x104 pegasus_crt.a(ip_input.o)
                                0x11c (size before relaxing)
 .eh_frame      0xb08136ec      0x268 pegasus_crt.a(tcp.o)
                                0x280 (size before relaxing)
 .eh_frame      0xb0813954      0x4c0 pegasus_crt.a(tcp_sock.o)
                                0x4d8 (size before relaxing)
 .eh_frame      0xb0813e14       0x80 pegasus_crt.a(icmpv4.o)
                                 0x98 (size before relaxing)
 .eh_frame      0xb0813e94      0x300 pegasus_crt.a(tcp_input.o)
                                0x318 (size before relaxing)
 .eh_frame      0xb0814194      0x1e4 pegasus_crt.a(udp.o)
                                0x1fc (size before relaxing)
 .eh_frame      0xb0814378      0x200 pegasus_crt.a(tcp_data.o)
                                0x218 (size before relaxing)
 .eh_frame      0xb0814578       0x20 pegasus_crt.a(atoi.o)
                                 0x38 (size before relaxing)
 .eh_frame      0xb0814598       0x20 pegasus_crt.a(strtok.o)
                                 0x38 (size before relaxing)
 .eh_frame      0xb08145b8       0x20 pegasus_crt.a(strpbrk.o)
                                 0x38 (size before relaxing)
 .eh_frame      0xb08145d8       0x80 pegasus_crt.a(thread.o)
                                 0x98 (size before relaxing)
 .eh_frame      0xb0814658      0x404 pegasus_crt.a(udp_sock.o)
                                0x41c (size before relaxing)
 .eh_frame      0xb0814a5c       0x40 pegasus_crt.a(ip_output.o)
                                 0x58 (size before relaxing)
 .eh_frame      0xb0814a9c      0x1a0 pegasus_crt.a(sock.o)
                                0x1b8 (size before relaxing)
 .eh_frame      0xb0814c3c      0x3c4 pegasus_crt.a(tcp_output.o)
                                0x3dc (size before relaxing)
 .eh_frame      0xb0815000       0x40 pegasus_crt.a(dst.o)
                                 0x58 (size before relaxing)
 *(.eh_frame.*)

.sframe
 *(.sframe)
 *(.sframe.*)

.gcc_except_table
 *(.gcc_except_table .gcc_except_table.*)

.gnu_extab
 *(.gnu_extab*)

.exception_ranges
 *(.exception_ranges*)
                0xb0816000                        . = DATA_SEGMENT_ALIGN (CONSTANT (MAXPAGESIZE), CONSTANT (COMMONPAGESIZE))

.eh_frame
 *(.eh_frame)
 *(.eh_frame.*)

.sframe
 *(.sframe)
 *(.sframe.*)

.gnu_extab
 *(.gnu_extab)

.gcc_except_table
 *(.gcc_except_table .gcc_except_table.*)

.exception_ranges
 *(.exception_ranges*)

.tdata          0xb0816000        0x0
                [!provide]                        PROVIDE (__tdata_start = .)
 *(.tdata .tdata.* .gnu.linkonce.td.*)

.tbss
 *(.tbss .tbss.* .gnu.linkonce.tb.*)
 *(.tcommon)

.preinit_array  0xb0816000        0x0
                [!provide]                        PROVIDE (__preinit_array_start = .)
 *(.preinit_array)
                [!provide]                        PROVIDE (__preinit_array_end = .)

.init_array     0xb0816000        0x0
                [!provide]                        PROVIDE (__init_array_start = .)
 *(SORT_BY_INIT_PRIORITY(.init_array.*) SORT_BY_INIT_PRIORITY(.ctors.*))
 *(.init_array EXCLUDE_FILE(*crtend?.o *crtend.o *crtbegin?.o *crtbegin.o) .ctors)
                [!provide]                        PROVIDE (__init_array_end = .)

.fini_array     0xb0816000        0x0
                [!provide]                        PROVIDE (__fini_array_start = .)
 *(SORT_BY_INIT_PRIORITY(.fini_array.*) SORT_BY_INIT_PRIORITY(.dtors.*))
 *(.fini_array EXCLUDE_FILE(*crtend?.o *crtend.o *crtbegin?.o *crtbegin.o) .dtors)
                [!provide]                        PROVIDE (__fini_array_end = .)

.ctors
 *crtbegin.o(.ctors)
 *crtbegin?.o(.ctors)
 *(EXCLUDE_FILE(*crtend?.o *crtend.o) .ctors)
 *(SORT_BY_NAME(.ctors.*))
 *(.ctors)

.dtors
 *crtbegin.o(.dtors)
 *crtbegin?.o(.dtors)
 *(EXCLUDE_FILE(*crtend?.o *crtend.o) .dtors)
 *(SORT_BY_NAME(.dtors.*))
 *(.dtors)

.jcr
 *(.jcr)

.data.rel.ro
 *(.data.rel.ro.local* .gnu.linkonce.d.rel.ro.local.*)
 *(.data.rel.ro .data.rel.ro.* .gnu.linkonce.d.rel.ro.*)

.dynamic
 *(.dynamic)

.got            0xb0816000        0x0
 *(.got)
 .got           0xb0816000        0x0 test.o
 *(.igot)
                0xb0816000                        . = DATA_SEGMENT_RELRO_END (., (SIZEOF (.got.plt) >= 0xc)?0xc:0x0)

.got.plt        0xb0816000        0x0
 *(.got.plt)
 .got.plt       0xb0816000        0x0 test.o
 *(.igot.plt)
 .igot.plt      0xb0816000        0x0 test.o

.data           0xb0816000      0x8a4
 *(.data .data.* .gnu.linkonce.d.*)
 .data          0xb0816000        0x0 test.o
 .data          0xb0816000        0x0 pegasus_crt.a(kernel_main_old.o)
 .data          0xb0816000        0x0 pegasus_crt.a(protect.o)
 .data          0xb0816000        0x0 pegasus_crt.a(console.o)
 .data          0xb0816000        0x0 pegasus_crt.a(process.o)
 .data          0xb0816000      0x160 pegasus_crt.a(global.o)
                0xb0816000                user_task_table
                0xb0816080                sys_task_table
                0xb0816144                sys_call_table
 .data          0xb0816160      0x600 pegasus_crt.a(keyboard.o)
                0xb0816160                keymap
 .data          0xb0816760        0x0 pegasus_crt.a(task_network.o)
 .data          0xb0816760        0x0 pegasus_crt.a(hd.o)
 .data          0xb0816760        0x0 pegasus_crt.a(fs_main.o)
 .data          0xb0816760        0x0 pegasus_crt.a(main.o)
 .data          0xb0816760        0x0 pegasus_crt.a(mem.o)
 .data          0xb0816760        0x0 pegasus_crt.a(exec.o)
 .data          0xb0816760        0x0 pegasus_crt.a(exit.o)
 .data          0xb0816760        0x0 pegasus_crt.a(wait.o)
 .data          0xb0816760        0x0 pegasus_crt.a(fork.o)
 .data          0xb0816760        0x0 pegasus_crt.a(strcmp.o)
 .data          0xb0816760        0x0 pegasus_crt.a(read.o)
 .data          0xb0816760        0x0 pegasus_crt.a(open.o)
 .data          0xb0816760        0x0 pegasus_crt.a(write.o)
 .data          0xb0816760        0x0 pegasus_crt.a(close.o)
 .data          0xb0816760        0xf pegasus_crt.a(kernel.o)
 *fill*         0xb081676f        0x1 
 .data          0xb0816770        0x0 pegasus_crt.a(syscall.o)
 .data          0xb0816770        0x0 pegasus_crt.a(double_link_list.o)
 .data          0xb0816770        0x4 pegasus_crt.a(netdev.o)
 .data          0xb0816774       0x14 pegasus_crt.a(arp.o)
 .data          0xb0816788        0x4 pegasus_crt.a(skbuff.o)
 .data          0xb081678c        0xc pegasus_crt.a(route.o)
 .data          0xb0816798        0x4 pegasus_crt.a(utils.o)
 .data          0xb081679c        0x0 pegasus_crt.a(forkexit.o)
 .data          0xb081679c        0x0 pegasus_crt.a(exec.o)
 .data          0xb081679c        0x0 pegasus_crt.a(perror.o)
 .data          0xb081679c        0x0 pegasus_crt.a(sscanf.o)
 .data          0xb081679c        0x0 pegasus_crt.a(ntohs.o)
 .data          0xb081679c        0x0 pegasus_crt.a(htonl.o)
 .data          0xb081679c        0x0 pegasus_crt.a(htons.o)
 .data          0xb081679c        0x0 pegasus_crt.a(inet_pton.o)
 .data          0xb081679c        0x0 pegasus_crt.a(ntohl.o)
 .data          0xb081679c        0x0 pegasus_crt.a(my_process.o)
 .data          0xb081679c        0x4 pegasus_crt.a(ip_input.o)
 .data          0xb08167a0        0x8 pegasus_crt.a(tcp.o)
 *fill*         0xb08167a8       0x18 
 .data          0xb08167c0       0x54 pegasus_crt.a(tcp_sock.o)
                0xb08167e0                tcp_ops
 .data          0xb0816814        0x4 pegasus_crt.a(icmpv4.o)
 .data          0xb0816818        0x4 pegasus_crt.a(tcp_input.o)
 .data          0xb081681c        0x8 pegasus_crt.a(udp.o)
 .data          0xb0816824        0x4 pegasus_crt.a(tcp_data.o)
 .data          0xb0816828        0x0 pegasus_crt.a(atoi.o)
 .data          0xb0816828        0x0 pegasus_crt.a(strtok.o)
 .data          0xb0816828        0x0 pegasus_crt.a(strpbrk.o)
 .data          0xb0816828        0x0 pegasus_crt.a(thread.o)
 *fill*         0xb0816828       0x18 
 .data          0xb0816840       0x54 pegasus_crt.a(udp_sock.o)
                0xb0816860                udp_ops
 .data          0xb0816894        0x4 pegasus_crt.a(ip_output.o)
 .data          0xb0816898        0x4 pegasus_crt.a(sock.o)
 .data          0xb081689c        0x4 pegasus_crt.a(tcp_output.o)
 .data          0xb08168a0        0x4 pegasus_crt.a(dst.o)

.data1
 *(.data1)
                0xb08168a4                        _edata = .
                [!provide]                        PROVIDE (edata = .)
                0xb08168a4                        . = .
                0xb08168a4                        __bss_start = .

.bss            0xb08168c0    0x94e30
 *(.dynbss)
 *(.bss .bss.* .gnu.linkonce.b.*)
 .bss           0xb08168c0        0x0 test.o
 .bss           0xb08168c0        0x0 pegasus_crt.a(kernel_main_old.o)
 .bss           0xb08168c0        0x0 pegasus_crt.a(protect.o)
 .bss           0xb08168c0        0x0 pegasus_crt.a(console.o)
 .bss           0xb08168c0        0x0 pegasus_crt.a(process.o)
 .bss           0xb08168c0        0x0 pegasus_crt.a(global.o)
 .bss           0xb08168c0        0x0 pegasus_crt.a(keyboard.o)
 .bss           0xb08168c0        0x0 pegasus_crt.a(task_network.o)
 .bss           0xb08168c0        0x0 pegasus_crt.a(hd.o)
 .bss           0xb08168c0        0x4 pegasus_crt.a(fs_main.o)
                0xb08168c0                c
 .bss           0xb08168c4        0x0 pegasus_crt.a(main.o)
 .bss           0xb08168c4        0x0 pegasus_crt.a(mem.o)
 .bss           0xb08168c4        0x0 pegasus_crt.a(exec.o)
 .bss           0xb08168c4        0x0 pegasus_crt.a(exit.o)
 .bss           0xb08168c4        0x0 pegasus_crt.a(wait.o)
 .bss           0xb08168c4        0x0 pegasus_crt.a(fork.o)
 .bss           0xb08168c4        0x0 pegasus_crt.a(strcmp.o)
 .bss           0xb08168c4        0x0 pegasus_crt.a(read.o)
 .bss           0xb08168c4        0x0 pegasus_crt.a(open.o)
 .bss           0xb08168c4        0x0 pegasus_crt.a(write.o)
 .bss           0xb08168c4        0x0 pegasus_crt.a(close.o)
 .bss           0xb08168c4      0x800 pegasus_crt.a(kernel.o)
 .bss           0xb08170c4        0x0 pegasus_crt.a(double_link_list.o)
 .bss           0xb08170c4        0x0 pegasus_crt.a(netdev.o)
 .bss           0xb08170c4        0x0 pegasus_crt.a(arp.o)
 .bss           0xb08170c4        0x0 pegasus_crt.a(skbuff.o)
 .bss           0xb08170c4        0x0 pegasus_crt.a(route.o)
 .bss           0xb08170c4        0x0 pegasus_crt.a(utils.o)
 .bss           0xb08170c4        0x0 pegasus_crt.a(forkexit.o)
 .bss           0xb08170c4        0x0 pegasus_crt.a(exec.o)
 .bss           0xb08170c4        0x0 pegasus_crt.a(perror.o)
 .bss           0xb08170c4        0x0 pegasus_crt.a(sscanf.o)
 .bss           0xb08170c4        0x0 pegasus_crt.a(ntohs.o)
 .bss           0xb08170c4        0x0 pegasus_crt.a(htonl.o)
 .bss           0xb08170c4        0x0 pegasus_crt.a(htons.o)
 .bss           0xb08170c4        0x0 pegasus_crt.a(inet_pton.o)
 .bss           0xb08170c4        0x0 pegasus_crt.a(ntohl.o)
 .bss           0xb08170c4        0x0 pegasus_crt.a(my_process.o)
 .bss           0xb08170c4        0x0 pegasus_crt.a(ip_input.o)
 .bss           0xb08170c4        0x0 pegasus_crt.a(tcp.o)
 .bss           0xb08170c4        0x0 pegasus_crt.a(tcp_sock.o)
 .bss           0xb08170c4        0x0 pegasus_crt.a(icmpv4.o)
 .bss           0xb08170c4        0x0 pegasus_crt.a(tcp_input.o)
 .bss           0xb08170c4        0x0 pegasus_crt.a(udp.o)
 .bss           0xb08170c4        0x0 pegasus_crt.a(tcp_data.o)
 .bss           0xb08170c4        0x0 pegasus_crt.a(atoi.o)
 .bss           0xb08170c4        0x4 pegasus_crt.a(strtok.o)
 .bss           0xb08170c8        0x0 pegasus_crt.a(strpbrk.o)
 .bss           0xb08170c8        0x0 pegasus_crt.a(thread.o)
 .bss           0xb08170c8        0x4 pegasus_crt.a(udp_sock.o)
 .bss           0xb08170cc        0x0 pegasus_crt.a(ip_output.o)
 .bss           0xb08170cc        0x0 pegasus_crt.a(sock.o)
 .bss           0xb08170cc        0x0 pegasus_crt.a(tcp_output.o)
 .bss           0xb08170cc        0x0 pegasus_crt.a(dst.o)
 *(COMMON)
 *fill*         0xb08170cc       0x14 
 COMMON         0xb08170e0     0x17b8 pegasus_crt.a(kernel_main_old.o)
                0xb08170e0                current_tty
                0xb08170e4                is_e0
                0xb08170e8                idt_ptr
                0xb08170f0                pid
                0xb08170f4                KernelVirtualMemory
                0xb0817100                current_dis_pos
                0xb0817104                dis_pos
                0xb0817108                k_reenter
                0xb0817120                gdt
                0xb0817520                proc_ready_table
                0xb0817524                test_ticks
                0xb0817528                pcaller
                0xb0817540                keyboard_buffer
                0xb081774c                pcb_list
                0xb081775c                gdt_index
                0xb0817760                tty_table
                0xb0817fa0                tss
                0xb081800c                KernelPool
                0xb081801c                net_buf
                0xb0818020                nic_current_page
                0xb0818024                counter
                0xb0818028                key_pressed
                0xb081802c                fork_pid
                0xb0818030                is_shift
                0xb0818031                net_data
                0xb0818034                gdt_ptr
                0xb0818040                idt
                0xb0818840                main_thread
                0xb0818848                ticks
                0xb0818850                is_init
                0xb0818854                UserPool
                0xb0818864                all_pcb_list
                0xb0818874                console_table
                0xb0818884                is_disp
                0xb0818888                MAIN_THREAD_PAGE_DIRECTORY
                0xb081888c                helloStr
 *fill*         0xb0818898        0x8 
 COMMON         0xb08188a0    0x91ad0 pegasus_crt.a(global.o)
                0xb08188a0                proc_stack
                0xb08a88a0                proc_table
 *fill*         0xb08aa370       0x10 
 COMMON         0xb08aa380      0x440 pegasus_crt.a(hd.o)
                0xb08aa380                hd_info
                0xb08aa5c0                hd_cache
 COMMON         0xb08aa7c0      0xe68 pegasus_crt.a(fs_main.o)
                0xb08aa7c0                file_desc_table
                0xb08aabc0                phy_super_block_buf
                0xb08aabc4                phy_fsbuf
                0xb08aabe0                inode_table
                0xb08ab5e0                super_block_buf
                0xb08ab5e4                fsbuf
                0xb08ab600                root
 *fill*         0xb08ab628       0x18 
 COMMON         0xb08ab640       0xa8 pegasus_crt.a(mem.o)
                0xb08ab640                kernel_mem_block_decs_array
 COMMON         0xb08ab6e8        0x8 pegasus_crt.a(netdev.o)
                0xb08ab6e8                loop
                0xb08ab6ec                netdev
                0xb08ab6f0                        . = ALIGN ((. != 0x0)?0x4:0x1)
                0xb08ab6f0                        . = ALIGN (0x4)
                0xb08ab6f0                        . = SEGMENT_START ("ldata-segment", .)
                0xb08ab6f0                        . = ALIGN (0x4)
                0xb08ab6f0                        _end = .
                [!provide]                        PROVIDE (end = .)
                0xb08ab6f0                        . = DATA_SEGMENT_END (.)

.stab
 *(.stab)

.stabstr
 *(.stabstr)

.stab.excl
 *(.stab.excl)

.stab.exclstr
 *(.stab.exclstr)

.stab.index
 *(.stab.index)

.stab.indexstr
 *(.stab.indexstr)

.comment        0x00000000       0x2c
 *(.comment)
 .comment       0x00000000       0x2c test.o
                                 0x2d (size before relaxing)
 .comment       0x0000002c       0x2d pegasus_crt.a(kernel_main_old.o)
 .comment       0x0000002c       0x2d pegasus_crt.a(protect.o)
 .comment       0x0000002c       0x2d pegasus_crt.a(console.o)
 .comment       0x0000002c       0x2d pegasus_crt.a(process.o)
 .comment       0x0000002c       0x2d pegasus_crt.a(global.o)
 .comment       0x0000002c       0x2d pegasus_crt.a(keyboard.o)
 .comment       0x0000002c       0x2d pegasus_crt.a(task_network.o)
 .comment       0x0000002c       0x2d pegasus_crt.a(hd.o)
 .comment       0x0000002c       0x2d pegasus_crt.a(fs_main.o)
 .comment       0x0000002c       0x2d pegasus_crt.a(main.o)
 .comment       0x0000002c       0x2d pegasus_crt.a(mem.o)
 .comment       0x0000002c       0x2d pegasus_crt.a(exec.o)
 .comment       0x0000002c       0x2d pegasus_crt.a(exit.o)
 .comment       0x0000002c       0x2d pegasus_crt.a(wait.o)
 .comment       0x0000002c       0x2d pegasus_crt.a(fork.o)
 .comment       0x0000002c       0x2d pegasus_crt.a(strcmp.o)
 .comment       0x0000002c       0x2d pegasus_crt.a(read.o)
 .comment       0x0000002c       0x2d pegasus_crt.a(open.o)
 .comment       0x0000002c       0x2d pegasus_crt.a(write.o)
 .comment       0x0000002c       0x2d pegasus_crt.a(close.o)
 .comment       0x0000002c       0x2d pegasus_crt.a(double_link_list.o)
 .comment       0x0000002c       0x2d pegasus_crt.a(netdev.o)
 .comment       0x0000002c       0x2d pegasus_crt.a(arp.o)
 .comment       0x0000002c       0x2d pegasus_crt.a(skbuff.o)
 .comment       0x0000002c       0x2d pegasus_crt.a(route.o)
 .comment       0x0000002c       0x2d pegasus_crt.a(utils.o)
 .comment       0x0000002c       0x2d pegasus_crt.a(forkexit.o)
 .comment       0x0000002c       0x2d pegasus_crt.a(exec.o)
 .comment       0x0000002c       0x2d pegasus_crt.a(perror.o)
 .comment       0x0000002c       0x2d pegasus_crt.a(sscanf.o)
 .comment       0x0000002c       0x2d pegasus_crt.a(ntohs.o)
 .comment       0x0000002c       0x2d pegasus_crt.a(htonl.o)
 .comment       0x0000002c       0x2d pegasus_crt.a(htons.o)
 .comment       0x0000002c       0x2d pegasus_crt.a(inet_pton.o)
 .comment       0x0000002c       0x2d pegasus_crt.a(ntohl.o)
 .comment       0x0000002c       0x2d pegasus_crt.a(my_process.o)
 .comment       0x0000002c       0x2d pegasus_crt.a(ip_input.o)
 .comment       0x0000002c       0x2d pegasus_crt.a(tcp.o)
 .comment       0x0000002c       0x2d pegasus_crt.a(tcp_sock.o)
 .comment       0x0000002c       0x2d pegasus_crt.a(icmpv4.o)
 .comment       0x0000002c       0x2d pegasus_crt.a(tcp_input.o)
 .comment       0x0000002c       0x2d pegasus_crt.a(udp.o)
 .comment       0x0000002c       0x2d pegasus_crt.a(tcp_data.o)
 .comment       0x0000002c       0x2d pegasus_crt.a(atoi.o)
 .comment       0x0000002c       0x2d pegasus_crt.a(strtok.o)
 .comment       0x0000002c       0x2d pegasus_crt.a(strpbrk.o)
 .comment       0x0000002c       0x2d pegasus_crt.a(thread.o)
 .comment       0x0000002c       0x2d pegasus_crt.a(udp_sock.o)
 .comment       0x0000002c       0x2d pegasus_crt.a(ip_output.o)
 .comment       0x0000002c       0x2d pegasus_crt.a(sock.o)
 .comment       0x0000002c       0x2d pegasus_crt.a(tcp_output.o)
 .comment       0x0000002c       0x2d pegasus_crt.a(dst.o)

.gnu.build.attributes
 *(.gnu.build.attributes .gnu.build.attributes.*)

.debug
 *(.debug)

.line
 *(.line)

.debug_srcinfo
 *(.debug_srcinfo)

.debug_sfnames
 *(.debug_sfnames)

.debug_aranges  0x00000000      0x678
 *(.debug_aranges)
 .debug_aranges
                0x00000000       0x20 pegasus_crt.a(kernel_main_old.o)
 .debug_aranges
                0x00000020       0x20 pegasus_crt.a(protect.o)
 .debug_aranges
                0x00000040       0x20 pegasus_crt.a(console.o)
 .debug_aranges
                0x00000060       0x20 pegasus_crt.a(process.o)
 .debug_aranges
                0x00000080       0x18 pegasus_crt.a(global.o)
 .debug_aranges
                0x00000098       0x20 pegasus_crt.a(keyboard.o)
 .debug_aranges
                0x000000b8       0x20 pegasus_crt.a(task_network.o)
 .debug_aranges
                0x000000d8       0x20 pegasus_crt.a(hd.o)
 .debug_aranges
                0x000000f8       0x20 pegasus_crt.a(fs_main.o)
 .debug_aranges
                0x00000118       0x20 pegasus_crt.a(main.o)
 .debug_aranges
                0x00000138       0x20 pegasus_crt.a(mem.o)
 .debug_aranges
                0x00000158       0x20 pegasus_crt.a(exec.o)
 .debug_aranges
                0x00000178       0x20 pegasus_crt.a(exit.o)
 .debug_aranges
                0x00000198       0x20 pegasus_crt.a(wait.o)
 .debug_aranges
                0x000001b8       0x20 pegasus_crt.a(fork.o)
 .debug_aranges
                0x000001d8       0x20 pegasus_crt.a(strcmp.o)
 .debug_aranges
                0x000001f8       0x20 pegasus_crt.a(read.o)
 .debug_aranges
                0x00000218       0x20 pegasus_crt.a(open.o)
 .debug_aranges
                0x00000238       0x20 pegasus_crt.a(write.o)
 .debug_aranges
                0x00000258       0x20 pegasus_crt.a(close.o)
 .debug_aranges
                0x00000278       0x20 pegasus_crt.a(double_link_list.o)
 .debug_aranges
                0x00000298       0x20 pegasus_crt.a(netdev.o)
 .debug_aranges
                0x000002b8       0x20 pegasus_crt.a(arp.o)
 .debug_aranges
                0x000002d8       0x20 pegasus_crt.a(skbuff.o)
 .debug_aranges
                0x000002f8       0x20 pegasus_crt.a(route.o)
 .debug_aranges
                0x00000318       0x20 pegasus_crt.a(utils.o)
 .debug_aranges
                0x00000338       0x20 pegasus_crt.a(forkexit.o)
 .debug_aranges
                0x00000358       0x20 pegasus_crt.a(exec.o)
 .debug_aranges
                0x00000378       0x20 pegasus_crt.a(perror.o)
 .debug_aranges
                0x00000398       0x20 pegasus_crt.a(sscanf.o)
 .debug_aranges
                0x000003b8       0x20 pegasus_crt.a(ntohs.o)
 .debug_aranges
                0x000003d8       0x20 pegasus_crt.a(htonl.o)
 .debug_aranges
                0x000003f8       0x20 pegasus_crt.a(htons.o)
 .debug_aranges
                0x00000418       0x20 pegasus_crt.a(inet_pton.o)
 .debug_aranges
                0x00000438       0x20 pegasus_crt.a(ntohl.o)
 .debug_aranges
                0x00000458       0x20 pegasus_crt.a(my_process.o)
 .debug_aranges
                0x00000478       0x20 pegasus_crt.a(ip_input.o)
 .debug_aranges
                0x00000498       0x20 pegasus_crt.a(tcp.o)
 .debug_aranges
                0x000004b8       0x20 pegasus_crt.a(tcp_sock.o)
 .debug_aranges
                0x000004d8       0x20 pegasus_crt.a(icmpv4.o)
 .debug_aranges
                0x000004f8       0x20 pegasus_crt.a(tcp_input.o)
 .debug_aranges
                0x00000518       0x20 pegasus_crt.a(udp.o)
 .debug_aranges
                0x00000538       0x20 pegasus_crt.a(tcp_data.o)
 .debug_aranges
                0x00000558       0x20 pegasus_crt.a(atoi.o)
 .debug_aranges
                0x00000578       0x20 pegasus_crt.a(strtok.o)
 .debug_aranges
                0x00000598       0x20 pegasus_crt.a(strpbrk.o)
 .debug_aranges
                0x000005b8       0x20 pegasus_crt.a(thread.o)
 .debug_aranges
                0x000005d8       0x20 pegasus_crt.a(udp_sock.o)
 .debug_aranges
                0x000005f8       0x20 pegasus_crt.a(ip_output.o)
 .debug_aranges
                0x00000618       0x20 pegasus_crt.a(sock.o)
 .debug_aranges
                0x00000638       0x20 pegasus_crt.a(tcp_output.o)
 .debug_aranges
                0x00000658       0x20 pegasus_crt.a(dst.o)

.debug_pubnames
 *(.debug_pubnames)

.debug_info     0x00000000    0x33a5b
 *(.debug_info .gnu.linkonce.wi.*)
 .debug_info    0x00000000     0x2844 pegasus_crt.a(kernel_main_old.o)
 .debug_info    0x00002844     0x11a8 pegasus_crt.a(protect.o)
 .debug_info    0x000039ec     0x127d pegasus_crt.a(console.o)
 .debug_info    0x00004c69      0xf55 pegasus_crt.a(process.o)
 .debug_info    0x00005bbe      0xe7d pegasus_crt.a(global.o)
 .debug_info    0x00006a3b      0xfd1 pegasus_crt.a(keyboard.o)
 .debug_info    0x00007a0c      0x65c pegasus_crt.a(task_network.o)
 .debug_info    0x00008068     0x17ec pegasus_crt.a(hd.o)
 .debug_info    0x00009854     0x1f2e pegasus_crt.a(fs_main.o)
 .debug_info    0x0000b782      0xdbf pegasus_crt.a(main.o)
 .debug_info    0x0000c541     0x1d11 pegasus_crt.a(mem.o)
 .debug_info    0x0000e252      0xf33 pegasus_crt.a(exec.o)
 .debug_info    0x0000f185      0xda6 pegasus_crt.a(exit.o)
 .debug_info    0x0000ff2b      0xdb4 pegasus_crt.a(wait.o)
 .debug_info    0x00010cdf      0xd9b pegasus_crt.a(fork.o)
 .debug_info    0x00011a7a       0xc1 pegasus_crt.a(strcmp.o)
 .debug_info    0x00011b3b      0xea1 pegasus_crt.a(read.o)
 .debug_info    0x000129dc      0xe02 pegasus_crt.a(open.o)
 .debug_info    0x000137de      0xe2f pegasus_crt.a(write.o)
 .debug_info    0x0001460d      0xdb6 pegasus_crt.a(close.o)
 .debug_info    0x000153c3     0x100c pegasus_crt.a(double_link_list.o)
 .debug_info    0x000163cf     0x1513 pegasus_crt.a(netdev.o)
 .debug_info    0x000178e2      0x76e pegasus_crt.a(arp.o)
 .debug_info    0x00018050      0x39f pegasus_crt.a(skbuff.o)
 .debug_info    0x000183ef     0x1275 pegasus_crt.a(route.o)
 .debug_info    0x00019664      0x367 pegasus_crt.a(utils.o)
 .debug_info    0x000199cb      0xf91 pegasus_crt.a(forkexit.o)
 .debug_info    0x0001a95c     0x11cd pegasus_crt.a(exec.o)
 .debug_info    0x0001bb29       0x5c pegasus_crt.a(perror.o)
 .debug_info    0x0001bb85      0x20e pegasus_crt.a(sscanf.o)
 .debug_info    0x0001bd93       0xa8 pegasus_crt.a(ntohs.o)
 .debug_info    0x0001be3b       0xcb pegasus_crt.a(htonl.o)
 .debug_info    0x0001bf06       0xa8 pegasus_crt.a(htons.o)
 .debug_info    0x0001bfae      0x260 pegasus_crt.a(inet_pton.o)
 .debug_info    0x0001c20e       0xcb pegasus_crt.a(ntohl.o)
 .debug_info    0x0001c2d9     0x1490 pegasus_crt.a(my_process.o)
 .debug_info    0x0001d769     0x1a9e pegasus_crt.a(ip_input.o)
 .debug_info    0x0001f207     0x1e01 pegasus_crt.a(tcp.o)
 .debug_info    0x00021008     0x21f2 pegasus_crt.a(tcp_sock.o)
 .debug_info    0x000231fa     0x18fc pegasus_crt.a(icmpv4.o)
 .debug_info    0x00024af6     0x2104 pegasus_crt.a(tcp_input.o)
 .debug_info    0x00026bfa     0x1b01 pegasus_crt.a(udp.o)
 .debug_info    0x000286fb     0x1d6a pegasus_crt.a(tcp_data.o)
 .debug_info    0x0002a465       0xc9 pegasus_crt.a(atoi.o)
 .debug_info    0x0002a52e       0xae pegasus_crt.a(strtok.o)
 .debug_info    0x0002a5dc       0xcf pegasus_crt.a(strpbrk.o)
 .debug_info    0x0002a6ab     0x105c pegasus_crt.a(thread.o)
 .debug_info    0x0002b707     0x1ed0 pegasus_crt.a(udp_sock.o)
 .debug_info    0x0002d5d7     0x1738 pegasus_crt.a(ip_output.o)
 .debug_info    0x0002ed0f     0x1853 pegasus_crt.a(sock.o)
 .debug_info    0x00030562     0x231c pegasus_crt.a(tcp_output.o)
 .debug_info    0x0003287e     0x11dd pegasus_crt.a(dst.o)

.debug_abbrev   0x00000000     0x6695
 *(.debug_abbrev)
 .debug_abbrev  0x00000000      0x43a pegasus_crt.a(kernel_main_old.o)
 .debug_abbrev  0x0000043a      0x227 pegasus_crt.a(protect.o)
 .debug_abbrev  0x00000661      0x2ac pegasus_crt.a(console.o)
 .debug_abbrev  0x0000090d      0x1e0 pegasus_crt.a(process.o)
 .debug_abbrev  0x00000aed      0x157 pegasus_crt.a(global.o)
 .debug_abbrev  0x00000c44      0x1fb pegasus_crt.a(keyboard.o)
 .debug_abbrev  0x00000e3f      0x17d pegasus_crt.a(task_network.o)
 .debug_abbrev  0x00000fbc      0x2e3 pegasus_crt.a(hd.o)
 .debug_abbrev  0x0000129f      0x2ef pegasus_crt.a(fs_main.o)
 .debug_abbrev  0x0000158e      0x208 pegasus_crt.a(main.o)
 .debug_abbrev  0x00001796      0x330 pegasus_crt.a(mem.o)
 .debug_abbrev  0x00001ac6      0x1e8 pegasus_crt.a(exec.o)
 .debug_abbrev  0x00001cae      0x19b pegasus_crt.a(exit.o)
 .debug_abbrev  0x00001e49      0x19f pegasus_crt.a(wait.o)
 .debug_abbrev  0x00001fe8      0x18a pegasus_crt.a(fork.o)
 .debug_abbrev  0x00002172       0x94 pegasus_crt.a(strcmp.o)
 .debug_abbrev  0x00002206      0x1ef pegasus_crt.a(read.o)
 .debug_abbrev  0x000023f5      0x1c5 pegasus_crt.a(open.o)
 .debug_abbrev  0x000025ba      0x1db pegasus_crt.a(write.o)
 .debug_abbrev  0x00002795      0x19d pegasus_crt.a(close.o)
 .debug_abbrev  0x00002932      0x216 pegasus_crt.a(double_link_list.o)
 .debug_abbrev  0x00002b48      0x2ce pegasus_crt.a(netdev.o)
 .debug_abbrev  0x00002e16      0x210 pegasus_crt.a(arp.o)
 .debug_abbrev  0x00003026      0x15f pegasus_crt.a(skbuff.o)
 .debug_abbrev  0x00003185      0x24e pegasus_crt.a(route.o)
 .debug_abbrev  0x000033d3      0x17a pegasus_crt.a(utils.o)
 .debug_abbrev  0x0000354d      0x204 pegasus_crt.a(forkexit.o)
 .debug_abbrev  0x00003751      0x1c4 pegasus_crt.a(exec.o)
 .debug_abbrev  0x00003915       0x5c pegasus_crt.a(perror.o)
 .debug_abbrev  0x00003971       0xdd pegasus_crt.a(sscanf.o)
 .debug_abbrev  0x00003a4e       0x6c pegasus_crt.a(ntohs.o)
 .debug_abbrev  0x00003aba       0xa5 pegasus_crt.a(htonl.o)
 .debug_abbrev  0x00003b5f       0x6c pegasus_crt.a(htons.o)
 .debug_abbrev  0x00003bcb      0x116 pegasus_crt.a(inet_pton.o)
 .debug_abbrev  0x00003ce1       0xa5 pegasus_crt.a(ntohl.o)
 .debug_abbrev  0x00003d86      0x260 pegasus_crt.a(my_process.o)
 .debug_abbrev  0x00003fe6      0x2d1 pegasus_crt.a(ip_input.o)
 .debug_abbrev  0x000042b7      0x332 pegasus_crt.a(tcp.o)
 .debug_abbrev  0x000045e9      0x3e6 pegasus_crt.a(tcp_sock.o)
 .debug_abbrev  0x000049cf      0x236 pegasus_crt.a(icmpv4.o)
 .debug_abbrev  0x00004c05      0x355 pegasus_crt.a(tcp_input.o)
 .debug_abbrev  0x00004f5a      0x2d3 pegasus_crt.a(udp.o)
 .debug_abbrev  0x0000522d      0x2a6 pegasus_crt.a(tcp_data.o)
 .debug_abbrev  0x000054d3       0x94 pegasus_crt.a(atoi.o)
 .debug_abbrev  0x00005567       0x91 pegasus_crt.a(strtok.o)
 .debug_abbrev  0x000055f8       0xa5 pegasus_crt.a(strpbrk.o)
 .debug_abbrev  0x0000569d      0x222 pegasus_crt.a(thread.o)
 .debug_abbrev  0x000058bf      0x3b1 pegasus_crt.a(udp_sock.o)
 .debug_abbrev  0x00005c70      0x213 pegasus_crt.a(ip_output.o)
 .debug_abbrev  0x00005e83      0x273 pegasus_crt.a(sock.o)
 .debug_abbrev  0x000060f6      0x39b pegasus_crt.a(tcp_output.o)
 .debug_abbrev  0x00006491      0x204 pegasus_crt.a(dst.o)

.debug_line     0x00000000     0x82d8
 *(.debug_line .debug_line.* .debug_line_end)
 .debug_line    0x00000000      0xe37 pegasus_crt.a(kernel_main_old.o)
 .debug_line    0x00000e37      0x1ff pegasus_crt.a(protect.o)
 .debug_line    0x00001036      0x54e pegasus_crt.a(console.o)
 .debug_line    0x00001584      0x18d pegasus_crt.a(process.o)
 .debug_line    0x00001711       0x95 pegasus_crt.a(global.o)
 .debug_line    0x000017a6      0x296 pegasus_crt.a(keyboard.o)
 .debug_line    0x00001a3c       0xcf pegasus_crt.a(task_network.o)
 .debug_line    0x00001b0b      0x62b pegasus_crt.a(hd.o)
 .debug_line    0x00002136      0xc23 pegasus_crt.a(fs_main.o)
 .debug_line    0x00002d59       0xec pegasus_crt.a(main.o)
 .debug_line    0x00002e45      0x771 pegasus_crt.a(mem.o)
 .debug_line    0x000035b6      0x18b pegasus_crt.a(exec.o)
 .debug_line    0x00003741       0xa0 pegasus_crt.a(exit.o)
 .debug_line    0x000037e1       0xb7 pegasus_crt.a(wait.o)
 .debug_line    0x00003898       0xa5 pegasus_crt.a(fork.o)
 .debug_line    0x0000393d       0x9c pegasus_crt.a(strcmp.o)
 .debug_line    0x000039d9      0x15b pegasus_crt.a(read.o)
 .debug_line    0x00003b34       0xc3 pegasus_crt.a(open.o)
 .debug_line    0x00003bf7       0xc2 pegasus_crt.a(write.o)
 .debug_line    0x00003cb9       0xb3 pegasus_crt.a(close.o)
 .debug_line    0x00003d6c      0x1b6 pegasus_crt.a(double_link_list.o)
 .debug_line    0x00003f22      0x272 pegasus_crt.a(netdev.o)
 .debug_line    0x00004194      0x34c pegasus_crt.a(arp.o)
 .debug_line    0x000044e0      0x121 pegasus_crt.a(skbuff.o)
 .debug_line    0x00004601      0x209 pegasus_crt.a(route.o)
 .debug_line    0x0000480a      0x13c pegasus_crt.a(utils.o)
 .debug_line    0x00004946      0x174 pegasus_crt.a(forkexit.o)
 .debug_line    0x00004aba      0x20c pegasus_crt.a(exec.o)
 .debug_line    0x00004cc6       0x48 pegasus_crt.a(perror.o)
 .debug_line    0x00004d0e      0x1d2 pegasus_crt.a(sscanf.o)
 .debug_line    0x00004ee0       0x6c pegasus_crt.a(ntohs.o)
 .debug_line    0x00004f4c       0xc1 pegasus_crt.a(htonl.o)
 .debug_line    0x0000500d       0x6c pegasus_crt.a(htons.o)
 .debug_line    0x00005079      0x167 pegasus_crt.a(inet_pton.o)
 .debug_line    0x000051e0       0xc1 pegasus_crt.a(ntohl.o)
 .debug_line    0x000052a1      0x33b pegasus_crt.a(my_process.o)
 .debug_line    0x000055dc      0x272 pegasus_crt.a(ip_input.o)
 .debug_line    0x0000584e      0x2f5 pegasus_crt.a(tcp.o)
 .debug_line    0x00005b43      0x57b pegasus_crt.a(tcp_sock.o)
 .debug_line    0x000060be      0x225 pegasus_crt.a(icmpv4.o)
 .debug_line    0x000062e3      0x658 pegasus_crt.a(tcp_input.o)
 .debug_line    0x0000693b      0x2ec pegasus_crt.a(udp.o)
 .debug_line    0x00006c27      0x3e9 pegasus_crt.a(tcp_data.o)
 .debug_line    0x00007010       0xad pegasus_crt.a(atoi.o)
 .debug_line    0x000070bd       0x6e pegasus_crt.a(strtok.o)
 .debug_line    0x0000712b       0xb0 pegasus_crt.a(strpbrk.o)
 .debug_line    0x000071db      0x145 pegasus_crt.a(thread.o)
 .debug_line    0x00007320      0x4b0 pegasus_crt.a(udp_sock.o)
 .debug_line    0x000077d0      0x1fe pegasus_crt.a(ip_output.o)
 .debug_line    0x000079ce      0x222 pegasus_crt.a(sock.o)
 .debug_line    0x00007bf0      0x58a pegasus_crt.a(tcp_output.o)
 .debug_line    0x0000817a      0x15e pegasus_crt.a(dst.o)

.debug_frame
 *(.debug_frame)

.debug_str      0x00000000     0x320a
 *(.debug_str)
 .debug_str     0x00000000     0x320a pegasus_crt.a(kernel_main_old.o)
                                0xb77 (size before relaxing)
 .debug_str     0x0000320a      0x766 pegasus_crt.a(protect.o)
 .debug_str     0x0000320a      0x75a pegasus_crt.a(console.o)
 .debug_str     0x0000320a      0x645 pegasus_crt.a(process.o)
 .debug_str     0x0000320a      0x60b pegasus_crt.a(global.o)
 .debug_str     0x0000320a      0x697 pegasus_crt.a(keyboard.o)
 .debug_str     0x0000320a      0x28f pegasus_crt.a(task_network.o)
 .debug_str     0x0000320a      0x914 pegasus_crt.a(hd.o)
 .debug_str     0x0000320a      0xaf5 pegasus_crt.a(fs_main.o)
 .debug_str     0x0000320a      0x593 pegasus_crt.a(main.o)
 .debug_str     0x0000320a      0xa9a pegasus_crt.a(mem.o)
 .debug_str     0x0000320a      0x627 pegasus_crt.a(exec.o)
 .debug_str     0x0000320a      0x5a0 pegasus_crt.a(exit.o)
 .debug_str     0x0000320a      0x5a0 pegasus_crt.a(wait.o)
 .debug_str     0x0000320a      0x599 pegasus_crt.a(fork.o)
 .debug_str     0x0000320a       0xb1 pegasus_crt.a(strcmp.o)
 .debug_str     0x0000320a      0x617 pegasus_crt.a(read.o)
 .debug_str     0x0000320a      0x5de pegasus_crt.a(open.o)
 .debug_str     0x0000320a      0x5db pegasus_crt.a(write.o)
 .debug_str     0x0000320a      0x5a6 pegasus_crt.a(close.o)
 .debug_str     0x0000320a      0x6dc pegasus_crt.a(double_link_list.o)
 .debug_str     0x0000320a      0x824 pegasus_crt.a(netdev.o)
 .debug_str     0x0000320a      0x2f6 pegasus_crt.a(arp.o)
 .debug_str     0x0000320a      0x1d8 pegasus_crt.a(skbuff.o)
 .debug_str     0x0000320a      0x73e pegasus_crt.a(route.o)
 .debug_str     0x0000320a      0x1b8 pegasus_crt.a(utils.o)
 .debug_str     0x0000320a      0x612 pegasus_crt.a(forkexit.o)
 .debug_str     0x0000320a      0x868 pegasus_crt.a(exec.o)
 .debug_str     0x0000320a       0x99 pegasus_crt.a(perror.o)
 .debug_str     0x0000320a      0x102 pegasus_crt.a(sscanf.o)
 .debug_str     0x0000320a      0x101 pegasus_crt.a(ntohs.o)
 .debug_str     0x0000320a       0xf4 pegasus_crt.a(htonl.o)
 .debug_str     0x0000320a      0x102 pegasus_crt.a(htons.o)
 .debug_str     0x0000320a      0x14c pegasus_crt.a(inet_pton.o)
 .debug_str     0x0000320a       0xf3 pegasus_crt.a(ntohl.o)
 .debug_str     0x0000320a      0x8f9 pegasus_crt.a(my_process.o)
 .debug_str     0x0000320a      0x996 pegasus_crt.a(ip_input.o)
 .debug_str     0x0000320a      0xb28 pegasus_crt.a(tcp.o)
 .debug_str     0x0000320a      0xcbb pegasus_crt.a(tcp_sock.o)
 .debug_str     0x0000320a      0x915 pegasus_crt.a(icmpv4.o)
 .debug_str     0x0000320a      0xb88 pegasus_crt.a(tcp_input.o)
 .debug_str     0x0000320a      0x948 pegasus_crt.a(udp.o)
 .debug_str     0x0000320a      0xa44 pegasus_crt.a(tcp_data.o)
 .debug_str     0x0000320a       0xad pegasus_crt.a(atoi.o)
 .debug_str     0x0000320a       0xb9 pegasus_crt.a(strtok.o)
 .debug_str     0x0000320a       0xc1 pegasus_crt.a(strpbrk.o)
 .debug_str     0x0000320a      0x712 pegasus_crt.a(thread.o)
 .debug_str     0x0000320a      0xa6c pegasus_crt.a(udp_sock.o)
 .debug_str     0x0000320a      0x851 pegasus_crt.a(ip_output.o)
 .debug_str     0x0000320a      0x8b1 pegasus_crt.a(sock.o)
 .debug_str     0x0000320a      0xc18 pegasus_crt.a(tcp_output.o)
 .debug_str     0x0000320a      0x71d pegasus_crt.a(dst.o)

.debug_loc
 *(.debug_loc)

.debug_macinfo
 *(.debug_macinfo)

.debug_weaknames
 *(.debug_weaknames)

.debug_funcnames
 *(.debug_funcnames)

.debug_typenames
 *(.debug_typenames)

.debug_varnames
 *(.debug_varnames)

.debug_pubtypes
 *(.debug_pubtypes)

.debug_ranges   0x00000000       0x90
 *(.debug_ranges)
 .debug_ranges  0x00000000       0x30 pegasus_crt.a(kernel_main_old.o)
 .debug_ranges  0x00000030       0x48 pegasus_crt.a(hd.o)
 .debug_ranges  0x00000078       0x18 pegasus_crt.a(exec.o)

.debug_addr
 *(.debug_addr)

.debug_line_str
 *(.debug_line_str)

.debug_loclists
 *(.debug_loclists)

.debug_macro
 *(.debug_macro)

.debug_names
 *(.debug_names)

.debug_rnglists
 *(.debug_rnglists)

.debug_str_offsets
 *(.debug_str_offsets)

.debug_sup
 *(.debug_sup)

.gnu.attributes
 *(.gnu.attributes)

/DISCARD/
 *(.note.GNU-stack)
 *(.gnu_debuglink)
 *(.gnu.lto_*)
OUTPUT(test elf32-i386)
