Archive member included to satisfy reference by file (symbol)

../lib/pegasus_crt.a(exit.o)  start.o (exit)
../lib/pegasus_crt.a(kernel_main_old.o)
                              test.o (Printf)
../lib/pegasus_crt.a(double_link_list.o)
                              ../lib/pegasus_crt.a(kernel_main_old.o) (appendToDoubleLinkList)
../lib/pegasus_crt.a(kernel.o)
                              ../lib/pegasus_crt.a(kernel_main_old.o) (disp_str)
../lib/pegasus_crt.a(string.o)
                              ../lib/pegasus_crt.a(kernel_main_old.o) (Memcpy2)
../lib/pegasus_crt.a(kernel_main.o)
                              ../lib/pegasus_crt.a(kernel_main_old.o) (init)
../lib/pegasus_crt.a(hd.o)    ../lib/pegasus_crt.a(kernel_main.o) (TaskHD)
../lib/pegasus_crt.a(syscall.o)
                              ../lib/pegasus_crt.a(kernel_main_old.o) (write_debug)
../lib/pegasus_crt.a(fs_main.o)
                              ../lib/pegasus_crt.a(kernel_main.o) (task_fs)
../lib/pegasus_crt.a(global.o)
                              ../lib/pegasus_crt.a(kernel_main_old.o) (proc_table)
../lib/pegasus_crt.a(hd_rdwt.o)
                              ../lib/pegasus_crt.a(hd.o) (read_port)
../lib/pegasus_crt.a(process.o)
                              ../lib/pegasus_crt.a(kernel_main_old.o) (schedule_process)
../lib/pegasus_crt.a(protect.o)
                              ../lib/pegasus_crt.a(kernel_main_old.o) (InitInterruptDesc)
../lib/pegasus_crt.a(console.o)
                              ../lib/pegasus_crt.a(kernel_main_old.o) (out_char)
../lib/pegasus_crt.a(keyboard.o)
                              ../lib/pegasus_crt.a(kernel.o) (keyboard_handler)
../lib/pegasus_crt.a(open.o)  ../lib/pegasus_crt.a(kernel_main_old.o) (open)
../lib/pegasus_crt.a(read.o)  ../lib/pegasus_crt.a(kernel_main_old.o) (read)
../lib/pegasus_crt.a(write.o)
                              ../lib/pegasus_crt.a(kernel_main_old.o) (write)
../lib/pegasus_crt.a(close.o)
                              ../lib/pegasus_crt.a(kernel_main_old.o) (close)
../lib/pegasus_crt.a(wait.o)  ../lib/pegasus_crt.a(kernel_main_old.o) (wait)
../lib/pegasus_crt.a(fork.o)  ../lib/pegasus_crt.a(kernel_main_old.o) (fork)
../lib/pegasus_crt.a(exec.o)  ../lib/pegasus_crt.a(kernel_main_old.o) (execv)
../lib/pegasus_crt.a(main.o)  ../lib/pegasus_crt.a(kernel_main.o) (TaskMM)
../lib/pegasus_crt.a(exec.o)  ../lib/pegasus_crt.a(main.o) (do_exec)
../lib/pegasus_crt.a(forkexit.o)
                              ../lib/pegasus_crt.a(main.o) (do_fork)
../lib/pegasus_crt.a(mem.o)   ../lib/pegasus_crt.a(kernel_main_old.o) (ptr_pde)
../lib/pegasus_crt.a(my_process.o)
                              ../lib/pegasus_crt.a(forkexit.o) (fork_process)
../lib/pegasus_crt.a(switch_to.o)
                              ../lib/pegasus_crt.a(process.o) (switch_to)
../lib/pegasus_crt.a(thread.o)
                              ../lib/pegasus_crt.a(my_process.o) (thread_init)

Allocating common symbols
Common symbol       size              file

current_tty         0x4               ../lib/pegasus_crt.a(exit.o)
file_desc_table     0x400             ../lib/pegasus_crt.a(fs_main.o)
is_e0               0x1               ../lib/pegasus_crt.a(exit.o)
phy_super_block_buf
                    0x4               ../lib/pegasus_crt.a(fs_main.o)
phy_fsbuf           0x4               ../lib/pegasus_crt.a(fs_main.o)
idt_ptr             0x6               ../lib/pegasus_crt.a(exit.o)
pid                 0x4               ../lib/pegasus_crt.a(exit.o)
KernelVirtualMemory
                    0xc               ../lib/pegasus_crt.a(kernel_main_old.o)
inode_table         0xa00             ../lib/pegasus_crt.a(fs_main.o)
dis_pos             0x4               ../lib/pegasus_crt.a(exit.o)
k_reenter           0x4               ../lib/pegasus_crt.a(exit.o)
super_block_buf     0x4               ../lib/pegasus_crt.a(fs_main.o)
gdt                 0x400             ../lib/pegasus_crt.a(exit.o)
proc_ready_table    0x4               ../lib/pegasus_crt.a(exit.o)
test_ticks          0x4               ../lib/pegasus_crt.a(exit.o)
hd_info             0x224             ../lib/pegasus_crt.a(hd.o)
proc_stack          0x70000           ../lib/pegasus_crt.a(global.o)
pcaller             0x4               ../lib/pegasus_crt.a(exit.o)
keyboard_buffer     0x20c             ../lib/pegasus_crt.a(exit.o)
pcb_list            0x10              ../lib/pegasus_crt.a(exit.o)
gdt_index           0x4               ../lib/pegasus_crt.a(exit.o)
tty_table           0x828             ../lib/pegasus_crt.a(exit.o)
tss                 0x6c              ../lib/pegasus_crt.a(exit.o)
KernelPool          0x10              ../lib/pegasus_crt.a(kernel_main_old.o)
fsbuf               0x4               ../lib/pegasus_crt.a(fs_main.o)
root                0x28              ../lib/pegasus_crt.a(fs_main.o)
kernel_mem_block_decs_array
                    0xf0              ../lib/pegasus_crt.a(mem.o)
counter             0x4               ../lib/pegasus_crt.a(exit.o)
key_pressed         0x4               ../lib/pegasus_crt.a(exit.o)
is_shift            0x1               ../lib/pegasus_crt.a(exit.o)
gdt_ptr             0x6               ../lib/pegasus_crt.a(exit.o)
idt                 0x800             ../lib/pegasus_crt.a(exit.o)
main_thread         0x4               ../lib/pegasus_crt.a(exit.o)
ticks               0x8               ../lib/pegasus_crt.a(exit.o)
is_init             0x1               ../lib/pegasus_crt.a(exit.o)
UserPool            0x10              ../lib/pegasus_crt.a(kernel_main_old.o)
all_pcb_list        0x10              ../lib/pegasus_crt.a(exit.o)
console_table       0x10              ../lib/pegasus_crt.a(exit.o)
is_disp             0x1               ../lib/pegasus_crt.a(exit.o)
proc_table          0x15a0            ../lib/pegasus_crt.a(global.o)
hd_cache            0x200             ../lib/pegasus_crt.a(hd.o)

Discarded input sections

 .note.GNU-stack
                0x0000000000000000        0x0 test.o
 .note.GNU-stack
                0x0000000000000000        0x0 ../lib/pegasus_crt.a(exit.o)
 .note.GNU-stack
                0x0000000000000000        0x0 ../lib/pegasus_crt.a(kernel_main_old.o)
 .note.GNU-stack
                0x0000000000000000        0x0 ../lib/pegasus_crt.a(double_link_list.o)
 .note.GNU-stack
                0x0000000000000000        0x0 ../lib/pegasus_crt.a(kernel_main.o)
 .note.GNU-stack
                0x0000000000000000        0x0 ../lib/pegasus_crt.a(hd.o)
 .note.GNU-stack
                0x0000000000000000        0x0 ../lib/pegasus_crt.a(fs_main.o)
 .note.GNU-stack
                0x0000000000000000        0x0 ../lib/pegasus_crt.a(global.o)
 .note.GNU-stack
                0x0000000000000000        0x0 ../lib/pegasus_crt.a(process.o)
 .note.GNU-stack
                0x0000000000000000        0x0 ../lib/pegasus_crt.a(protect.o)
 .note.GNU-stack
                0x0000000000000000        0x0 ../lib/pegasus_crt.a(console.o)
 .note.GNU-stack
                0x0000000000000000        0x0 ../lib/pegasus_crt.a(keyboard.o)
 .note.GNU-stack
                0x0000000000000000        0x0 ../lib/pegasus_crt.a(open.o)
 .note.GNU-stack
                0x0000000000000000        0x0 ../lib/pegasus_crt.a(read.o)
 .note.GNU-stack
                0x0000000000000000        0x0 ../lib/pegasus_crt.a(write.o)
 .note.GNU-stack
                0x0000000000000000        0x0 ../lib/pegasus_crt.a(close.o)
 .note.GNU-stack
                0x0000000000000000        0x0 ../lib/pegasus_crt.a(wait.o)
 .note.GNU-stack
                0x0000000000000000        0x0 ../lib/pegasus_crt.a(fork.o)
 .note.GNU-stack
                0x0000000000000000        0x0 ../lib/pegasus_crt.a(exec.o)
 .note.GNU-stack
                0x0000000000000000        0x0 ../lib/pegasus_crt.a(main.o)
 .note.GNU-stack
                0x0000000000000000        0x0 ../lib/pegasus_crt.a(exec.o)
 .note.GNU-stack
                0x0000000000000000        0x0 ../lib/pegasus_crt.a(forkexit.o)
 .note.GNU-stack
                0x0000000000000000        0x0 ../lib/pegasus_crt.a(mem.o)
 .note.GNU-stack
                0x0000000000000000        0x0 ../lib/pegasus_crt.a(my_process.o)
 .note.GNU-stack
                0x0000000000000000        0x0 ../lib/pegasus_crt.a(thread.o)

Memory Configuration

Name             Origin             Length             Attributes
*default*        0x0000000000000000 0xffffffffffffffff

Linker script and memory map

Address of section .text set to 0xc0001500
LOAD test.o
LOAD start.o
LOAD ../lib/pegasus_crt.a
                [!provide]                        PROVIDE (__executable_start = SEGMENT_START ("text-segment", 0x8048000))
                0x0000000008048094                . = (SEGMENT_START ("text-segment", 0x8048000) + SIZEOF_HEADERS)

.interp
 *(.interp)

.note.gnu.build-id
 *(.note.gnu.build-id)

.hash
 *(.hash)

.gnu.hash
 *(.gnu.hash)

.dynsym
 *(.dynsym)

.dynstr
 *(.dynstr)

.gnu.version
 *(.gnu.version)

.gnu.version_d
 *(.gnu.version_d)

.gnu.version_r
 *(.gnu.version_r)

.rel.dyn        0x0000000008048094        0x0
 *(.rel.init)
 *(.rel.text .rel.text.* .rel.gnu.linkonce.t.*)
 .rel.text      0x0000000008048094        0x0 test.o
 *(.rel.fini)
 *(.rel.rodata .rel.rodata.* .rel.gnu.linkonce.r.*)
 *(.rel.data.rel.ro .rel.data.rel.ro.* .rel.gnu.linkonce.d.rel.ro.*)
 *(.rel.data .rel.data.* .rel.gnu.linkonce.d.*)
 *(.rel.tdata .rel.tdata.* .rel.gnu.linkonce.td.*)
 *(.rel.tbss .rel.tbss.* .rel.gnu.linkonce.tb.*)
 *(.rel.ctors)
 *(.rel.dtors)
 *(.rel.got)
 .rel.got       0x0000000008048094        0x0 test.o
 *(.rel.bss .rel.bss.* .rel.gnu.linkonce.b.*)
 *(.rel.ifunc)

.rel.plt        0x0000000008048094        0x0
 *(.rel.plt)
                [!provide]                        PROVIDE (__rel_iplt_start = .)
 *(.rel.iplt)
 .rel.iplt      0x0000000008048094        0x0 test.o
                [!provide]                        PROVIDE (__rel_iplt_end = .)

.init
 *(SORT_NONE(.init))

.plt            0x0000000008048098        0x0
 *(.plt)
 *(.iplt)
 .iplt          0x0000000008048098        0x0 test.o

.plt.got
 *(.plt.got)

.plt.sec
 *(.plt.sec)

.text           0x00000000c0001500     0xa157
 *(.text.unlikely .text.*_unlikely .text.unlikely.*)
 *(.text.exit .text.exit.*)
 *(.text.startup .text.startup.*)
 *(.text.hot .text.hot.*)
 *(.text .stub .text.* .gnu.linkonce.t.*)
 .text          0x00000000c0001500       0x3e test.o
                0x00000000c0001500                main
 *fill*         0x00000000c000153e        0x2 
 .text          0x00000000c0001540       0x10 start.o
                0x00000000c0001540                _start
 .text          0x00000000c0001550       0x2f ../lib/pegasus_crt.a(exit.o)
                0x00000000c0001550                exit
 .text          0x00000000c000157f     0x2d75 ../lib/pegasus_crt.a(kernel_main_old.o)
                0x00000000c000157f                intr_enable
                0x00000000c00015a8                intr_disable
                0x00000000c00015d1                intr_set_status
                0x00000000c00015ef                intr_get_status
                0x00000000c000160c                Memcpy
                0x00000000c000163f                untar
                0x00000000c000194f                atoi
                0x00000000c00019f5                disp_int
                0x00000000c0001a1e                do_page_fault
                0x00000000c0001b5b                exception_handler
                0x00000000c0001d42                exception_handler2
                0x00000000c0001ee3                init_internal_interrupt
                0x00000000c0002058                test
                0x00000000c0002081                disp_str_colour3
                0x00000000c0002087                spurious_irq
                0x00000000c0002115                init_keyboard
                0x00000000c0002182                init2
                0x00000000c00021b0                u_thread_a
                0x00000000c00021c8                kernel_main2
                0x00000000c0002438                TestTTY
                0x00000000c00024d7                TestFS
                0x00000000c00028df                wait_exit
                0x00000000c00029ad                INIT_fork
                0x00000000c0002c90                simple_shell
                0x00000000c0002e8e                test_split_str
                0x00000000c000301b                test_shell
                0x00000000c0003083                test_exec
                0x00000000c000311e                INIT
                0x00000000c000312b                TestA
                0x00000000c0003160                delay
                0x00000000c00031a4                TestB
                0x00000000c00031bc                TestC
                0x00000000c00031ef                sys_get_ticks
                0x00000000c00031ff                sys_write
                0x00000000c0003253                milli_delay
                0x00000000c000328f                TaskSys
                0x00000000c0003294                Printf
                0x00000000c00032f2                vsprintf
                0x00000000c000349e                printx
                0x00000000c00034e1                sys_printx
                0x00000000c00035ad                spin
                0x00000000c00035d3                panic
                0x00000000c00035f1                assertion_failure
                0x00000000c0003628                dead_lock
                0x00000000c0003632                sys_send_msg
                0x00000000c0003a19                sys_receive_msg
                0x00000000c0003f17                disp_str_colour_debug
                0x00000000c0003f1d                send_rec
                0x00000000c0004019                block
                0x00000000c0004055                unblock
                0x00000000c00040a5                get_ticks_ipc
                0x00000000c00040fc                itoa
                0x00000000c0004152                i2a
                0x00000000c00041b8                inform_int
                0x00000000c0004285                strcmp
 .text          0x00000000c00042f4      0x329 ../lib/pegasus_crt.a(double_link_list.o)
                0x00000000c00042f4                initDoubleLinkList
                0x00000000c0004322                isListEmpty
                0x00000000c0004343                findElementInList
                0x00000000c000441f                appendToDoubleLinkList
                0x00000000c0004506                insertToDoubleLinkList
                0x00000000c0004589                popFromDoubleLinkList
 *fill*         0x00000000c000461d        0x3 
 .text          0x00000000c0004620      0x325 ../lib/pegasus_crt.a(kernel.o)
                0x00000000c0004620                InterruptTest
                0x00000000c000462c                disp_str
                0x00000000c0004667                disp_str_colour
                0x00000000c00046a3                divide_zero_fault
                0x00000000c00046a9                single_step_fault
                0x00000000c00046af                non_maskable_interrupt
                0x00000000c00046b5                breakpoint_trap
                0x00000000c00046bb                overflow_trap
                0x00000000c00046c1                bound_range_exceeded_fault
                0x00000000c00046c7                invalid_opcode_fault
                0x00000000c00046cd                coprocessor_not_available_fault
                0x00000000c00046d3                double_fault_exception_abort
                0x00000000c00046d7                coprocessor_segment_overrun
                0x00000000c00046dd                invalid_task_state_segment_fault
                0x00000000c00046e1                segment_not_present_fault
                0x00000000c00046e5                stack_exception_fault
                0x00000000c00046e9                general_protection_exception_fault
                0x00000000c00046f4                page_fault
                0x00000000c00046f8                coprocessor_error_fault
                0x00000000c00046fe                align_check_fault
                0x00000000c0004702                simd_float_exception_fault
                0x00000000c0004711                hwint0
                0x00000000c000473e                hwint1
                0x00000000c0004780                hwint14
                0x00000000c00047be                sys_call
                0x00000000c0004803                fork_restart
                0x00000000c000480c                restart
                0x00000000c000482d                in_byte
                0x00000000c0004839                out_byte
                0x00000000c000485b                disable_int
                0x00000000c000485d                enable_int
                0x00000000c00048f3                enable_8259A_casecade_irq
                0x00000000c00048fd                disable_8259A_casecade_irq
                0x00000000c0004907                enable_8259A_slave_winchester_irq
                0x00000000c0004911                disable_8259A_slave_winchester_irq
                0x00000000c000491b                update_cr3
                0x00000000c0004928                update_tss
                0x00000000c0004937                get_running_thread_pcb
                0x00000000c000493f                sys_call_test
 .text          0x00000000c0004945      0x286 ../lib/pegasus_crt.a(kernel_main.o)
                0x00000000c0004945                kernel_main
                0x00000000c0004a20                init
                0x00000000c0004ad0                kernel_thread_a
                0x00000000c0004b1d                kernel_thread_b
                0x00000000c0004b6a                kernel_thread_c
                0x00000000c0004b80                kernel_thread_d
                0x00000000c0004b96                user_proc_a
                0x00000000c0004bb3                user_proc_b
 .text          0x00000000c0004bcb      0xdfd ../lib/pegasus_crt.a(hd.o)
                0x00000000c0004bcb                TaskHD
                0x00000000c0004c10                init_hd
                0x00000000c0004c2a                hd_handle
                0x00000000c0004d2f                hd_cmd_out
                0x00000000c0004e31                hd_identify
                0x00000000c0004ee8                print_hdinfo
                0x00000000c0005076                print_dpt_entry
                0x00000000c00050e2                get_partition_table
                0x00000000c00051c1                partition
                0x00000000c00053db                hd_open
                0x00000000c0005472                get_hd_ioctl
                0x00000000c0005513                wait_for
                0x00000000c0005544                interrupt_wait
                0x00000000c0005594                hd_rdwt
                0x00000000c0005833                hd_handler
                0x00000000c000585f                waitfor
                0x00000000c00058a3                print_hd_info
                0x00000000c0005990                is_empty
 *fill*         0x00000000c00059c8        0x8 
 .text          0x00000000c00059d0       0xa1 ../lib/pegasus_crt.a(syscall.o)
                0x00000000c00059d0                get_ticks
                0x00000000c00059d8                write2
                0x00000000c00059e8                write_debug
                0x00000000c0005a08                send_msg
                0x00000000c0005a2e                receive_msg
                0x00000000c0005a44                sys_malloc
                0x00000000c0005a59                sys_free
 .text          0x00000000c0005a71     0x202f ../lib/pegasus_crt.a(fs_main.o)
                0x00000000c0005a71                task_fs
                0x00000000c0005c7c                rd_wt
                0x00000000c0005d55                mkfs
                0x00000000c0006337                init_fs
                0x00000000c000638b                do_open
                0x00000000c000655a                search_file
                0x00000000c000668c                strip_path
                0x00000000c0006758                get_inode
                0x00000000c000691a                create_file
                0x00000000c0006a25                alloc_imap_bit
                0x00000000c0006b22                alloc_smap_bit
                0x00000000c0006cc3                new_inode
                0x00000000c0006de1                new_dir_entry
                0x00000000c0006fed                do_unlink
                0x00000000c00074c9                do_rdwt
                0x00000000c0007854                sync_inode
                0x00000000c00079a8                put_inode
                0x00000000c00079e6                do_close
                0x00000000c0007a38                get_super_block
 .text          0x00000000c0007aa0        0x0 ../lib/pegasus_crt.a(global.o)
 .text          0x00000000c0007aa0      0x225 ../lib/pegasus_crt.a(process.o)
                0x00000000c0007aa0                check
                0x00000000c0007ac7                schedule_process
                0x00000000c0007bcc                clock_handler
                0x00000000c0007c3c                pid2proc
                0x00000000c0007cae                proc2pid
 .text          0x00000000c0007cc5      0x3a0 ../lib/pegasus_crt.a(protect.o)
                0x00000000c0007cc5                InitDescriptor
                0x00000000c0007d32                Seg2PhyAddr
                0x00000000c0007d73                Seg2PhyAddrLDT
                0x00000000c0007db7                VirAddr2PhyAddr
                0x00000000c0007dcd                v2l
                0x00000000c0007e10                init_propt
                0x00000000c0007f7e                InitInterruptDesc
                0x00000000c0007fda                ReloadGDT
 .text          0x00000000c0008065      0xab9 ../lib/pegasus_crt.a(console.o)
                0x00000000c0008065                select_console
                0x00000000c00080a1                flush
                0x00000000c00080da                set_cursor
                0x00000000c0008138                set_console_start_video_addr
                0x00000000c0008196                put_key
                0x00000000c0008202                scroll_up
                0x00000000c0008244                scroll_down
                0x00000000c00082af                out_char
                0x00000000c000846c                tty_dev_read
                0x00000000c0008496                tty_dev_write
                0x00000000c00086b2                tty_do_read
                0x00000000c000877a                tty_do_write
                0x00000000c00088dd                init_screen
                0x00000000c0008966                init_tty
                0x00000000c0008a1b                TaskTTY
 .text          0x00000000c0008b1e      0x40f ../lib/pegasus_crt.a(keyboard.o)
                0x00000000c0008b1e                keyboard_handler
                0x00000000c0008ba2                read_from_keyboard_buf
                0x00000000c0008c08                keyboard_read
                0x00000000c0008d87                init_keyboard_handler
                0x00000000c0008d9b                in_process
 .text          0x00000000c0008f2d       0x85 ../lib/pegasus_crt.a(open.o)
                0x00000000c0008f2d                open
 .text          0x00000000c0008fb2       0x85 ../lib/pegasus_crt.a(read.o)
                0x00000000c0008fb2                read
 .text          0x00000000c0009037       0x74 ../lib/pegasus_crt.a(write.o)
                0x00000000c0009037                write
 .text          0x00000000c00090ab       0x52 ../lib/pegasus_crt.a(close.o)
                0x00000000c00090ab                close
 .text          0x00000000c00090fd       0x44 ../lib/pegasus_crt.a(wait.o)
                0x00000000c00090fd                wait
 .text          0x00000000c0009141       0x68 ../lib/pegasus_crt.a(fork.o)
                0x00000000c0009141                fork
 .text          0x00000000c00091a9      0x2fb ../lib/pegasus_crt.a(exec.o)
                0x00000000c00091a9                exec
                0x00000000c000921a                execv
                0x00000000c000947f                execl
 .text          0x00000000c00094a4      0x148 ../lib/pegasus_crt.a(main.o)
                0x00000000c00094a4                TaskMM
                0x00000000c00095cd                alloc_mem
 .text          0x00000000c00095ec      0x44f ../lib/pegasus_crt.a(exec.o)
                0x00000000c00095ec                do_exec2
                0x00000000c0009600                do_exec
 .text          0x00000000c0009a3b      0x291 ../lib/pegasus_crt.a(forkexit.o)
                0x00000000c0009a3b                do_fork
                0x00000000c0009aa9                do_exit
                0x00000000c0009ba5                do_wait
                0x00000000c0009c72                cleanup
 .text          0x00000000c0009ccc     0x1108 ../lib/pegasus_crt.a(mem.o)
                0x00000000c0009ccc                init_bitmap
                0x00000000c0009cef                test_bit_val
                0x00000000c0009d58                set_bit_val
                0x00000000c0009dd3                set_bits
                0x00000000c0009e0d                get_first_free_bit
                0x00000000c0009e51                get_bits
                0x00000000c0009f19                get_a_page2
                0x00000000c0009f48                get_a_page
                0x00000000c0009fd7                get_virtual_address
                0x00000000c000a067                ptr_pde
                0x00000000c000a07a                ptr_pte
                0x00000000c000a0a1                add_map_entry
                0x00000000c000a12f                alloc_virtual_memory
                0x00000000c000a1f6                get_physical_address
                0x00000000c000a228                alloc_physical_memory_of_proc
                0x00000000c000a2df                alloc_physical_memory
                0x00000000c000a3a5                alloc_memory
                0x00000000c000a407                get_a_virtual_page
                0x00000000c000a431                block2arena
                0x00000000c000a447                sys_malloc2
                0x00000000c000a6f8                remove_map_entry
                0x00000000c000a719                free_a_page
                0x00000000c000a7c0                sys_free2
                0x00000000c000a943                init_memory_block_desc
                0x00000000c000aa14                init_memory2
                0x00000000c000ac8b                init_memory
 .text          0x00000000c000add4      0x6b5 ../lib/pegasus_crt.a(my_process.o)
                0x00000000c000add4                create_user_process_address_space
                0x00000000c000ae64                user_process
                0x00000000c000af73                clone_pcb
                0x00000000c000b077                build_body_stack
                0x00000000c000b1aa                build_process_kernel_stack
                0x00000000c000b26d                fork_process
                0x00000000c000b318                process_execute
 *fill*         0x00000000c000b489        0x7 
 .text          0x00000000c000b490       0x15 ../lib/pegasus_crt.a(switch_to.o)
                0x00000000c000b490                switch_to
 .text          0x00000000c000b4a5      0x1b2 ../lib/pegasus_crt.a(thread.o)
                0x00000000c000b4a5                kernel_thread
                0x00000000c000b4bd                thread_init
                0x00000000c000b56a                thread_create
                0x00000000c000b59f                thread_start
 *(.gnu.warning)

.fini
 *(SORT_NONE(.fini))
                [!provide]                        PROVIDE (__etext = .)
                [!provide]                        PROVIDE (_etext = .)
                [!provide]                        PROVIDE (etext = .)

.rodata         0x00000000c000b660      0xe67
 *(.rodata .rodata.* .gnu.linkonce.r.*)
 .rodata        0x00000000c000b660       0x10 test.o
 *fill*         0x00000000c000b670       0x10 
 .rodata        0x00000000c000b680      0x8b1 ../lib/pegasus_crt.a(kernel_main_old.o)
 .rodata        0x00000000c000bf31       0x2c ../lib/pegasus_crt.a(double_link_list.o)
 .rodata        0x00000000c000bf5d       0xa3 ../lib/pegasus_crt.a(kernel_main.o)
 .rodata        0x00000000c000c000      0x19c ../lib/pegasus_crt.a(hd.o)
 .rodata        0x00000000c000c19c      0x1eb ../lib/pegasus_crt.a(fs_main.o)
                0x00000000c000c19c                FSBUF_SIZE
 .rodata        0x00000000c000c387       0x26 ../lib/pegasus_crt.a(process.o)
 .rodata        0x00000000c000c3ad       0x22 ../lib/pegasus_crt.a(console.o)
 .rodata        0x00000000c000c3cf       0x24 ../lib/pegasus_crt.a(close.o)
 .rodata        0x00000000c000c3f3       0x1b ../lib/pegasus_crt.a(fork.o)
 .rodata        0x00000000c000c40e       0x6e ../lib/pegasus_crt.a(exec.o)
 .rodata        0x00000000c000c47c       0x11 ../lib/pegasus_crt.a(main.o)
 .rodata        0x00000000c000c48d       0x10 ../lib/pegasus_crt.a(exec.o)
 .rodata        0x00000000c000c49d       0x2a ../lib/pegasus_crt.a(mem.o)

.txt            0x00000000c000c4c7       0xaa
 .txt           0x00000000c000c4c7       0x82 ../lib/pegasus_crt.a(string.o)
                0x00000000c000c4c7                Memcpy2
                0x00000000c000c4f5                Memset
                0x00000000c000c514                Strcpy
                0x00000000c000c52e                Strlen
 .txt           0x00000000c000c549       0x28 ../lib/pegasus_crt.a(hd_rdwt.o)
                0x00000000c000c549                read_port
                0x00000000c000c55d                write_port

.rodata1
 *(.rodata1)

.eh_frame_hdr
 *(.eh_frame_hdr)
 *(.eh_frame_entry .eh_frame_entry.*)

.eh_frame       0x00000000c000c574     0x1888
 *(.eh_frame)
 .eh_frame      0x00000000c000c574       0x44 test.o
 .eh_frame      0x00000000c000c5b8       0x20 ../lib/pegasus_crt.a(exit.o)
                                         0x38 (size before relaxing)
 .eh_frame      0x00000000c000c5d8      0x6dc ../lib/pegasus_crt.a(kernel_main_old.o)
                                        0x6f4 (size before relaxing)
 .eh_frame      0x00000000c000ccb4       0xc0 ../lib/pegasus_crt.a(double_link_list.o)
                                         0xd8 (size before relaxing)
 .eh_frame      0x00000000c000cd74       0xe4 ../lib/pegasus_crt.a(kernel_main.o)
                                         0xfc (size before relaxing)
 .eh_frame      0x00000000c000ce58      0x244 ../lib/pegasus_crt.a(hd.o)
                                        0x25c (size before relaxing)
 .eh_frame      0x00000000c000d09c      0x27c ../lib/pegasus_crt.a(fs_main.o)
                                        0x294 (size before relaxing)
 .eh_frame      0x00000000c000d318       0xa0 ../lib/pegasus_crt.a(process.o)
                                         0xb8 (size before relaxing)
 .eh_frame      0x00000000c000d3b8      0x100 ../lib/pegasus_crt.a(protect.o)
                                        0x118 (size before relaxing)
 .eh_frame      0x00000000c000d4b8      0x1e0 ../lib/pegasus_crt.a(console.o)
                                        0x1f8 (size before relaxing)
 .eh_frame      0x00000000c000d698       0xa0 ../lib/pegasus_crt.a(keyboard.o)
                                         0xb8 (size before relaxing)
 .eh_frame      0x00000000c000d738       0x20 ../lib/pegasus_crt.a(open.o)
                                         0x38 (size before relaxing)
 .eh_frame      0x00000000c000d758       0x20 ../lib/pegasus_crt.a(read.o)
                                         0x38 (size before relaxing)
 .eh_frame      0x00000000c000d778       0x20 ../lib/pegasus_crt.a(write.o)
                                         0x38 (size before relaxing)
 .eh_frame      0x00000000c000d798       0x20 ../lib/pegasus_crt.a(close.o)
                                         0x38 (size before relaxing)
 .eh_frame      0x00000000c000d7b8       0x20 ../lib/pegasus_crt.a(wait.o)
                                         0x38 (size before relaxing)
 .eh_frame      0x00000000c000d7d8       0x20 ../lib/pegasus_crt.a(fork.o)
                                         0x38 (size before relaxing)
 .eh_frame      0x00000000c000d7f8       0x64 ../lib/pegasus_crt.a(exec.o)
                                         0x7c (size before relaxing)
 .eh_frame      0x00000000c000d85c       0x3c ../lib/pegasus_crt.a(main.o)
                                         0x54 (size before relaxing)
 .eh_frame      0x00000000c000d898       0x40 ../lib/pegasus_crt.a(exec.o)
                                         0x58 (size before relaxing)
 .eh_frame      0x00000000c000d8d8       0x80 ../lib/pegasus_crt.a(forkexit.o)
                                         0x98 (size before relaxing)
 .eh_frame      0x00000000c000d958      0x344 ../lib/pegasus_crt.a(mem.o)
                                        0x35c (size before relaxing)
 .eh_frame      0x00000000c000dc9c       0xe0 ../lib/pegasus_crt.a(my_process.o)
                                         0xf8 (size before relaxing)
 .eh_frame      0x00000000c000dd7c       0x80 ../lib/pegasus_crt.a(thread.o)
                                         0x98 (size before relaxing)
 *(.eh_frame.*)

.gcc_except_table
 *(.gcc_except_table .gcc_except_table.*)

.gnu_extab
 *(.gnu_extab*)

.exception_ranges
 *(.exception_ranges .exception_ranges*)
                0x00000000c000f000                . = DATA_SEGMENT_ALIGN (CONSTANT (MAXPAGESIZE), CONSTANT (COMMONPAGESIZE))

.eh_frame
 *(.eh_frame)
 *(.eh_frame.*)

.gnu_extab
 *(.gnu_extab)

.gcc_except_table
 *(.gcc_except_table .gcc_except_table.*)

.exception_ranges
 *(.exception_ranges .exception_ranges*)

.tdata
 *(.tdata .tdata.* .gnu.linkonce.td.*)

.tbss
 *(.tbss .tbss.* .gnu.linkonce.tb.*)
 *(.tcommon)

.preinit_array  0x00000000c000f000        0x0
                [!provide]                        PROVIDE (__preinit_array_start = .)
 *(.preinit_array)
                [!provide]                        PROVIDE (__preinit_array_end = .)

.init_array     0x00000000c000f000        0x0
                [!provide]                        PROVIDE (__init_array_start = .)
 *(SORT_BY_INIT_PRIORITY(.init_array.*) SORT_BY_INIT_PRIORITY(.ctors.*))
 *(.init_array EXCLUDE_FILE(*crtend?.o *crtend.o *crtbegin?.o *crtbegin.o) .ctors)
                [!provide]                        PROVIDE (__init_array_end = .)

.fini_array     0x00000000c000f000        0x0
                [!provide]                        PROVIDE (__fini_array_start = .)
 *(SORT_BY_INIT_PRIORITY(.fini_array.*) SORT_BY_INIT_PRIORITY(.dtors.*))
 *(.fini_array EXCLUDE_FILE(*crtend?.o *crtend.o *crtbegin?.o *crtbegin.o) .dtors)
                [!provide]                        PROVIDE (__fini_array_end = .)

.ctors
 *crtbegin.o(.ctors)
 *crtbegin?.o(.ctors)
 *(EXCLUDE_FILE(*crtend?.o *crtend.o) .ctors)
 *(SORT_BY_NAME(.ctors.*))
 *(.ctors)

.dtors
 *crtbegin.o(.dtors)
 *crtbegin?.o(.dtors)
 *(EXCLUDE_FILE(*crtend?.o *crtend.o) .dtors)
 *(SORT_BY_NAME(.dtors.*))
 *(.dtors)

.jcr
 *(.jcr)

.data.rel.ro
 *(.data.rel.ro.local* .gnu.linkonce.d.rel.ro.local.*)
 *(.data.rel.ro .data.rel.ro.* .gnu.linkonce.d.rel.ro.*)

.dynamic
 *(.dynamic)

.got            0x00000000c000f000        0x0
 *(.got)
 .got           0x00000000c000f000        0x0 test.o
 *(.igot)
                0x00000000c000f000                . = DATA_SEGMENT_RELRO_END (., (SIZEOF (.got.plt) >= 0xc)?0xc:0x0)

.got.plt        0x00000000c000f000        0x0
 *(.got.plt)
 .got.plt       0x00000000c000f000        0x0 test.o
 *(.igot.plt)
 .igot.plt      0x00000000c000f000        0x0 test.o

.data           0x00000000c000f000      0x760
 *(.data .data.* .gnu.linkonce.d.*)
 .data          0x00000000c000f000        0x0 test.o
 .data          0x00000000c000f000        0x0 ../lib/pegasus_crt.a(exit.o)
 .data          0x00000000c000f000        0x0 ../lib/pegasus_crt.a(kernel_main_old.o)
 .data          0x00000000c000f000        0x0 ../lib/pegasus_crt.a(double_link_list.o)
 .data          0x00000000c000f000        0xf ../lib/pegasus_crt.a(kernel.o)
 .data          0x00000000c000f00f        0x0 ../lib/pegasus_crt.a(kernel_main.o)
 .data          0x00000000c000f00f        0x0 ../lib/pegasus_crt.a(hd.o)
 *fill*         0x00000000c000f00f        0x1 
 .data          0x00000000c000f010        0x0 ../lib/pegasus_crt.a(syscall.o)
 .data          0x00000000c000f010        0x0 ../lib/pegasus_crt.a(fs_main.o)
 *fill*         0x00000000c000f010       0x10 
 .data          0x00000000c000f020      0x128 ../lib/pegasus_crt.a(global.o)
                0x00000000c000f020                user_task_table
                0x00000000c000f0a0                sys_task_table
                0x00000000c000f12c                sys_call_table
 .data          0x00000000c000f148        0x0 ../lib/pegasus_crt.a(process.o)
 .data          0x00000000c000f148        0x0 ../lib/pegasus_crt.a(protect.o)
 .data          0x00000000c000f148        0x0 ../lib/pegasus_crt.a(console.o)
 *fill*         0x00000000c000f148       0x18 
 .data          0x00000000c000f160      0x600 ../lib/pegasus_crt.a(keyboard.o)
                0x00000000c000f160                keymap
 .data          0x00000000c000f760        0x0 ../lib/pegasus_crt.a(open.o)
 .data          0x00000000c000f760        0x0 ../lib/pegasus_crt.a(read.o)
 .data          0x00000000c000f760        0x0 ../lib/pegasus_crt.a(write.o)
 .data          0x00000000c000f760        0x0 ../lib/pegasus_crt.a(close.o)
 .data          0x00000000c000f760        0x0 ../lib/pegasus_crt.a(wait.o)
 .data          0x00000000c000f760        0x0 ../lib/pegasus_crt.a(fork.o)
 .data          0x00000000c000f760        0x0 ../lib/pegasus_crt.a(exec.o)
 .data          0x00000000c000f760        0x0 ../lib/pegasus_crt.a(main.o)
 .data          0x00000000c000f760        0x0 ../lib/pegasus_crt.a(exec.o)
 .data          0x00000000c000f760        0x0 ../lib/pegasus_crt.a(forkexit.o)
 .data          0x00000000c000f760        0x0 ../lib/pegasus_crt.a(mem.o)
 .data          0x00000000c000f760        0x0 ../lib/pegasus_crt.a(my_process.o)
 .data          0x00000000c000f760        0x0 ../lib/pegasus_crt.a(thread.o)

.data1
 *(.data1)
                0x00000000c000f760                _edata = .
                [!provide]                        PROVIDE (edata = .)
                0x00000000c000f760                . = .
                0x00000000c000f760                __bss_start = .

.bss            0x00000000c000f760    0x74910
 *(.dynbss)
 *(.bss .bss.* .gnu.linkonce.b.*)
 .bss           0x00000000c000f760        0x0 test.o
 .bss           0x00000000c000f760        0x0 ../lib/pegasus_crt.a(exit.o)
 .bss           0x00000000c000f760        0x0 ../lib/pegasus_crt.a(kernel_main_old.o)
 .bss           0x00000000c000f760        0x0 ../lib/pegasus_crt.a(double_link_list.o)
 .bss           0x00000000c000f760      0x800 ../lib/pegasus_crt.a(kernel.o)
 .bss           0x00000000c000ff60        0x0 ../lib/pegasus_crt.a(kernel_main.o)
 .bss           0x00000000c000ff60        0x0 ../lib/pegasus_crt.a(hd.o)
 .bss           0x00000000c000ff60        0x4 ../lib/pegasus_crt.a(fs_main.o)
                0x00000000c000ff60                c
 .bss           0x00000000c000ff64        0x0 ../lib/pegasus_crt.a(global.o)
 .bss           0x00000000c000ff64        0x0 ../lib/pegasus_crt.a(process.o)
 .bss           0x00000000c000ff64        0x0 ../lib/pegasus_crt.a(protect.o)
 .bss           0x00000000c000ff64        0x0 ../lib/pegasus_crt.a(console.o)
 .bss           0x00000000c000ff64        0x0 ../lib/pegasus_crt.a(keyboard.o)
 .bss           0x00000000c000ff64        0x0 ../lib/pegasus_crt.a(open.o)
 .bss           0x00000000c000ff64        0x0 ../lib/pegasus_crt.a(read.o)
 .bss           0x00000000c000ff64        0x0 ../lib/pegasus_crt.a(write.o)
 .bss           0x00000000c000ff64        0x0 ../lib/pegasus_crt.a(close.o)
 .bss           0x00000000c000ff64        0x0 ../lib/pegasus_crt.a(wait.o)
 .bss           0x00000000c000ff64        0x0 ../lib/pegasus_crt.a(fork.o)
 .bss           0x00000000c000ff64        0x0 ../lib/pegasus_crt.a(exec.o)
 .bss           0x00000000c000ff64        0x0 ../lib/pegasus_crt.a(main.o)
 .bss           0x00000000c000ff64        0x0 ../lib/pegasus_crt.a(exec.o)
 .bss           0x00000000c000ff64        0x0 ../lib/pegasus_crt.a(forkexit.o)
 .bss           0x00000000c000ff64        0x0 ../lib/pegasus_crt.a(mem.o)
 .bss           0x00000000c000ff64        0x0 ../lib/pegasus_crt.a(my_process.o)
 .bss           0x00000000c000ff64        0x0 ../lib/pegasus_crt.a(thread.o)
 *(COMMON)
 *fill*         0x00000000c000ff64       0x1c 
 COMMON         0x00000000c000ff80     0x1755 ../lib/pegasus_crt.a(exit.o)
                0x00000000c000ff80                current_tty
                0x00000000c000ff84                is_e0
                0x00000000c000ff88                idt_ptr
                0x00000000c000ff90                pid
                0x00000000c000ff94                dis_pos
                0x00000000c000ff98                k_reenter
                0x00000000c000ffa0                gdt
                0x00000000c00103a0                proc_ready_table
                0x00000000c00103a4                test_ticks
                0x00000000c00103a8                pcaller
                0x00000000c00103c0                keyboard_buffer
                0x00000000c00105cc                pcb_list
                0x00000000c00105dc                gdt_index
                0x00000000c00105e0                tty_table
                0x00000000c0010e20                tss
                0x00000000c0010e8c                counter
                0x00000000c0010e90                key_pressed
                0x00000000c0010e94                is_shift
                0x00000000c0010e98                gdt_ptr
                0x00000000c0010ea0                idt
                0x00000000c00116a0                main_thread
                0x00000000c00116a8                ticks
                0x00000000c00116b0                is_init
                0x00000000c00116b4                all_pcb_list
                0x00000000c00116c4                console_table
                0x00000000c00116d4                is_disp
 *fill*         0x00000000c00116d5        0x3 
 COMMON         0x00000000c00116d8       0x2c ../lib/pegasus_crt.a(kernel_main_old.o)
                0x00000000c00116d8                KernelVirtualMemory
                0x00000000c00116e4                KernelPool
                0x00000000c00116f4                UserPool
 *fill*         0x00000000c0011704       0x1c 
 COMMON         0x00000000c0011720      0x440 ../lib/pegasus_crt.a(hd.o)
                0x00000000c0011720                hd_info
                0x00000000c0011960                hd_cache
 COMMON         0x00000000c0011b60      0xe68 ../lib/pegasus_crt.a(fs_main.o)
                0x00000000c0011b60                file_desc_table
                0x00000000c0011f60                phy_super_block_buf
                0x00000000c0011f64                phy_fsbuf
                0x00000000c0011f80                inode_table
                0x00000000c0012980                super_block_buf
                0x00000000c0012984                fsbuf
                0x00000000c00129a0                root
 *fill*         0x00000000c00129c8       0x18 
 COMMON         0x00000000c00129e0    0x715a0 ../lib/pegasus_crt.a(global.o)
                0x00000000c00129e0                proc_stack
                0x00000000c00829e0                proc_table
 COMMON         0x00000000c0083f80       0xf0 ../lib/pegasus_crt.a(mem.o)
                0x00000000c0083f80                kernel_mem_block_decs_array
                0x00000000c0084070                . = ALIGN ((. != 0x0)?0x4:0x1)
                0x00000000c0084070                . = ALIGN (0x4)
                0x00000000c0084070                . = SEGMENT_START ("ldata-segment", .)
                0x00000000c0084070                . = ALIGN (0x4)
                0x00000000c0084070                _end = .
                [!provide]                        PROVIDE (end = .)
                0x00000000c0084070                . = DATA_SEGMENT_END (.)

.stab
 *(.stab)

.stabstr
 *(.stabstr)

.stab.excl
 *(.stab.excl)

.stab.exclstr
 *(.stab.exclstr)

.stab.index
 *(.stab.index)

.stab.indexstr
 *(.stab.indexstr)

.comment        0x0000000000000000       0x2c
 *(.comment)
 .comment       0x0000000000000000       0x2c test.o
                                         0x2d (size before relaxing)
 .comment       0x000000000000002c       0x2d ../lib/pegasus_crt.a(exit.o)
 .comment       0x000000000000002c       0x2d ../lib/pegasus_crt.a(kernel_main_old.o)
 .comment       0x000000000000002c       0x2d ../lib/pegasus_crt.a(double_link_list.o)
 .comment       0x000000000000002c       0x2d ../lib/pegasus_crt.a(kernel_main.o)
 .comment       0x000000000000002c       0x2d ../lib/pegasus_crt.a(hd.o)
 .comment       0x000000000000002c       0x2d ../lib/pegasus_crt.a(fs_main.o)
 .comment       0x000000000000002c       0x2d ../lib/pegasus_crt.a(global.o)
 .comment       0x000000000000002c       0x2d ../lib/pegasus_crt.a(process.o)
 .comment       0x000000000000002c       0x2d ../lib/pegasus_crt.a(protect.o)
 .comment       0x000000000000002c       0x2d ../lib/pegasus_crt.a(console.o)
 .comment       0x000000000000002c       0x2d ../lib/pegasus_crt.a(keyboard.o)
 .comment       0x000000000000002c       0x2d ../lib/pegasus_crt.a(open.o)
 .comment       0x000000000000002c       0x2d ../lib/pegasus_crt.a(read.o)
 .comment       0x000000000000002c       0x2d ../lib/pegasus_crt.a(write.o)
 .comment       0x000000000000002c       0x2d ../lib/pegasus_crt.a(close.o)
 .comment       0x000000000000002c       0x2d ../lib/pegasus_crt.a(wait.o)
 .comment       0x000000000000002c       0x2d ../lib/pegasus_crt.a(fork.o)
 .comment       0x000000000000002c       0x2d ../lib/pegasus_crt.a(exec.o)
 .comment       0x000000000000002c       0x2d ../lib/pegasus_crt.a(main.o)
 .comment       0x000000000000002c       0x2d ../lib/pegasus_crt.a(exec.o)
 .comment       0x000000000000002c       0x2d ../lib/pegasus_crt.a(forkexit.o)
 .comment       0x000000000000002c       0x2d ../lib/pegasus_crt.a(mem.o)
 .comment       0x000000000000002c       0x2d ../lib/pegasus_crt.a(my_process.o)
 .comment       0x000000000000002c       0x2d ../lib/pegasus_crt.a(thread.o)

.gnu.build.attributes
 *(.gnu.build.attributes .gnu.build.attributes.*)

.debug
 *(.debug)

.line
 *(.line)

.debug_srcinfo
 *(.debug_srcinfo)

.debug_sfnames
 *(.debug_sfnames)

.debug_aranges  0x0000000000000000      0x2f8
 *(.debug_aranges)
 .debug_aranges
                0x0000000000000000       0x20 ../lib/pegasus_crt.a(exit.o)
 .debug_aranges
                0x0000000000000020       0x20 ../lib/pegasus_crt.a(kernel_main_old.o)
 .debug_aranges
                0x0000000000000040       0x20 ../lib/pegasus_crt.a(double_link_list.o)
 .debug_aranges
                0x0000000000000060       0x20 ../lib/pegasus_crt.a(kernel_main.o)
 .debug_aranges
                0x0000000000000080       0x20 ../lib/pegasus_crt.a(hd.o)
 .debug_aranges
                0x00000000000000a0       0x20 ../lib/pegasus_crt.a(fs_main.o)
 .debug_aranges
                0x00000000000000c0       0x18 ../lib/pegasus_crt.a(global.o)
 .debug_aranges
                0x00000000000000d8       0x20 ../lib/pegasus_crt.a(process.o)
 .debug_aranges
                0x00000000000000f8       0x20 ../lib/pegasus_crt.a(protect.o)
 .debug_aranges
                0x0000000000000118       0x20 ../lib/pegasus_crt.a(console.o)
 .debug_aranges
                0x0000000000000138       0x20 ../lib/pegasus_crt.a(keyboard.o)
 .debug_aranges
                0x0000000000000158       0x20 ../lib/pegasus_crt.a(open.o)
 .debug_aranges
                0x0000000000000178       0x20 ../lib/pegasus_crt.a(read.o)
 .debug_aranges
                0x0000000000000198       0x20 ../lib/pegasus_crt.a(write.o)
 .debug_aranges
                0x00000000000001b8       0x20 ../lib/pegasus_crt.a(close.o)
 .debug_aranges
                0x00000000000001d8       0x20 ../lib/pegasus_crt.a(wait.o)
 .debug_aranges
                0x00000000000001f8       0x20 ../lib/pegasus_crt.a(fork.o)
 .debug_aranges
                0x0000000000000218       0x20 ../lib/pegasus_crt.a(exec.o)
 .debug_aranges
                0x0000000000000238       0x20 ../lib/pegasus_crt.a(main.o)
 .debug_aranges
                0x0000000000000258       0x20 ../lib/pegasus_crt.a(exec.o)
 .debug_aranges
                0x0000000000000278       0x20 ../lib/pegasus_crt.a(forkexit.o)
 .debug_aranges
                0x0000000000000298       0x20 ../lib/pegasus_crt.a(mem.o)
 .debug_aranges
                0x00000000000002b8       0x20 ../lib/pegasus_crt.a(my_process.o)
 .debug_aranges
                0x00000000000002d8       0x20 ../lib/pegasus_crt.a(thread.o)

.debug_pubnames
 *(.debug_pubnames)

.debug_info     0x0000000000000000    0x1a4ea
 *(.debug_info .gnu.linkonce.wi.*)
 .debug_info    0x0000000000000000      0xd17 ../lib/pegasus_crt.a(exit.o)
 .debug_info    0x0000000000000d17     0x298e ../lib/pegasus_crt.a(kernel_main_old.o)
 .debug_info    0x00000000000036a5      0xfa8 ../lib/pegasus_crt.a(double_link_list.o)
 .debug_info    0x000000000000464d      0xef5 ../lib/pegasus_crt.a(kernel_main.o)
 .debug_info    0x0000000000005542     0x1728 ../lib/pegasus_crt.a(hd.o)
 .debug_info    0x0000000000006c6a     0x1e99 ../lib/pegasus_crt.a(fs_main.o)
 .debug_info    0x0000000000008b03      0xdee ../lib/pegasus_crt.a(global.o)
 .debug_info    0x00000000000098f1      0xf05 ../lib/pegasus_crt.a(process.o)
 .debug_info    0x000000000000a7f6     0x1119 ../lib/pegasus_crt.a(protect.o)
 .debug_info    0x000000000000b90f     0x11db ../lib/pegasus_crt.a(console.o)
 .debug_info    0x000000000000caea      0xf42 ../lib/pegasus_crt.a(keyboard.o)
 .debug_info    0x000000000000da2c      0xd54 ../lib/pegasus_crt.a(open.o)
 .debug_info    0x000000000000e780      0xd8e ../lib/pegasus_crt.a(read.o)
 .debug_info    0x000000000000f50e      0xd85 ../lib/pegasus_crt.a(write.o)
 .debug_info    0x0000000000010293      0xd1a ../lib/pegasus_crt.a(close.o)
 .debug_info    0x0000000000010fad      0xd25 ../lib/pegasus_crt.a(wait.o)
 .debug_info    0x0000000000011cd2      0xd0c ../lib/pegasus_crt.a(fork.o)
 .debug_info    0x00000000000129de      0xeb3 ../lib/pegasus_crt.a(exec.o)
 .debug_info    0x0000000000013891      0xd2a ../lib/pegasus_crt.a(main.o)
 .debug_info    0x00000000000145bb     0x1169 ../lib/pegasus_crt.a(exec.o)
 .debug_info    0x0000000000015724      0xee6 ../lib/pegasus_crt.a(forkexit.o)
 .debug_info    0x000000000001660a     0x1bbb ../lib/pegasus_crt.a(mem.o)
 .debug_info    0x00000000000181c5     0x1365 ../lib/pegasus_crt.a(my_process.o)
 .debug_info    0x000000000001952a      0xfc0 ../lib/pegasus_crt.a(thread.o)

.debug_abbrev   0x0000000000000000     0x32ea
 *(.debug_abbrev)
 .debug_abbrev  0x0000000000000000      0x19b ../lib/pegasus_crt.a(exit.o)
 .debug_abbrev  0x000000000000019b      0x44c ../lib/pegasus_crt.a(kernel_main_old.o)
 .debug_abbrev  0x00000000000005e7      0x216 ../lib/pegasus_crt.a(double_link_list.o)
 .debug_abbrev  0x00000000000007fd      0x1df ../lib/pegasus_crt.a(kernel_main.o)
 .debug_abbrev  0x00000000000009dc      0x2e3 ../lib/pegasus_crt.a(hd.o)
 .debug_abbrev  0x0000000000000cbf      0x2ef ../lib/pegasus_crt.a(fs_main.o)
 .debug_abbrev  0x0000000000000fae      0x157 ../lib/pegasus_crt.a(global.o)
 .debug_abbrev  0x0000000000001105      0x1e9 ../lib/pegasus_crt.a(process.o)
 .debug_abbrev  0x00000000000012ee      0x227 ../lib/pegasus_crt.a(protect.o)
 .debug_abbrev  0x0000000000001515      0x2ac ../lib/pegasus_crt.a(console.o)
 .debug_abbrev  0x00000000000017c1      0x1fb ../lib/pegasus_crt.a(keyboard.o)
 .debug_abbrev  0x00000000000019bc      0x1c5 ../lib/pegasus_crt.a(open.o)
 .debug_abbrev  0x0000000000001b81      0x1c8 ../lib/pegasus_crt.a(read.o)
 .debug_abbrev  0x0000000000001d49      0x1c8 ../lib/pegasus_crt.a(write.o)
 .debug_abbrev  0x0000000000001f11      0x19d ../lib/pegasus_crt.a(close.o)
 .debug_abbrev  0x00000000000020ae      0x19f ../lib/pegasus_crt.a(wait.o)
 .debug_abbrev  0x000000000000224d      0x18a ../lib/pegasus_crt.a(fork.o)
 .debug_abbrev  0x00000000000023d7      0x1e8 ../lib/pegasus_crt.a(exec.o)
 .debug_abbrev  0x00000000000025bf      0x208 ../lib/pegasus_crt.a(main.o)
 .debug_abbrev  0x00000000000027c7      0x1e0 ../lib/pegasus_crt.a(exec.o)
 .debug_abbrev  0x00000000000029a7      0x204 ../lib/pegasus_crt.a(forkexit.o)
 .debug_abbrev  0x0000000000002bab      0x2ea ../lib/pegasus_crt.a(mem.o)
 .debug_abbrev  0x0000000000002e95      0x233 ../lib/pegasus_crt.a(my_process.o)
 .debug_abbrev  0x00000000000030c8      0x222 ../lib/pegasus_crt.a(thread.o)

.debug_line     0x0000000000000000     0x47b9
 *(.debug_line .debug_line.* .debug_line_end)
 .debug_line    0x0000000000000000       0xa0 ../lib/pegasus_crt.a(exit.o)
 .debug_line    0x00000000000000a0      0xed6 ../lib/pegasus_crt.a(kernel_main_old.o)
 .debug_line    0x0000000000000f76      0x253 ../lib/pegasus_crt.a(double_link_list.o)
 .debug_line    0x00000000000011c9      0x187 ../lib/pegasus_crt.a(kernel_main.o)
 .debug_line    0x0000000000001350      0x609 ../lib/pegasus_crt.a(hd.o)
 .debug_line    0x0000000000001959      0xc11 ../lib/pegasus_crt.a(fs_main.o)
 .debug_line    0x000000000000256a       0x95 ../lib/pegasus_crt.a(global.o)
 .debug_line    0x00000000000025ff      0x193 ../lib/pegasus_crt.a(process.o)
 .debug_line    0x0000000000002792      0x1fb ../lib/pegasus_crt.a(protect.o)
 .debug_line    0x000000000000298d      0x54c ../lib/pegasus_crt.a(console.o)
 .debug_line    0x0000000000002ed9      0x296 ../lib/pegasus_crt.a(keyboard.o)
 .debug_line    0x000000000000316f       0xbc ../lib/pegasus_crt.a(open.o)
 .debug_line    0x000000000000322b       0xbb ../lib/pegasus_crt.a(read.o)
 .debug_line    0x00000000000032e6       0xb8 ../lib/pegasus_crt.a(write.o)
 .debug_line    0x000000000000339e       0xad ../lib/pegasus_crt.a(close.o)
 .debug_line    0x000000000000344b       0xb7 ../lib/pegasus_crt.a(wait.o)
 .debug_line    0x0000000000003502       0xae ../lib/pegasus_crt.a(fork.o)
 .debug_line    0x00000000000035b0      0x190 ../lib/pegasus_crt.a(exec.o)
 .debug_line    0x0000000000003740       0xec ../lib/pegasus_crt.a(main.o)
 .debug_line    0x000000000000382c      0x246 ../lib/pegasus_crt.a(exec.o)
 .debug_line    0x0000000000003a72      0x18a ../lib/pegasus_crt.a(forkexit.o)
 .debug_line    0x0000000000003bfc      0x76a ../lib/pegasus_crt.a(mem.o)
 .debug_line    0x0000000000004366      0x30e ../lib/pegasus_crt.a(my_process.o)
 .debug_line    0x0000000000004674      0x145 ../lib/pegasus_crt.a(thread.o)

.debug_frame
 *(.debug_frame)

.debug_str      0x0000000000000000     0x1d6c
 *(.debug_str)
 .debug_str     0x0000000000000000      0x47c ../lib/pegasus_crt.a(exit.o)
                                        0x53b (size before relaxing)
 .debug_str     0x000000000000047c      0x5d0 ../lib/pegasus_crt.a(kernel_main_old.o)
                                        0xba3 (size before relaxing)
 .debug_str     0x0000000000000a4c       0x97 ../lib/pegasus_crt.a(double_link_list.o)
                                        0x667 (size before relaxing)
 .debug_str     0x0000000000000ae3       0x64 ../lib/pegasus_crt.a(kernel_main.o)
                                        0x617 (size before relaxing)
 .debug_str     0x0000000000000b47      0x2aa ../lib/pegasus_crt.a(hd.o)
                                        0x8a3 (size before relaxing)
 .debug_str     0x0000000000000df1      0x460 ../lib/pegasus_crt.a(fs_main.o)
                                        0xa90 (size before relaxing)
 .debug_str     0x0000000000001251        0x9 ../lib/pegasus_crt.a(global.o)
                                        0x5a6 (size before relaxing)
 .debug_str     0x000000000000125a       0x37 ../lib/pegasus_crt.a(process.o)
                                        0x5e6 (size before relaxing)
 .debug_str     0x0000000000001291      0x11b ../lib/pegasus_crt.a(protect.o)
                                        0x701 (size before relaxing)
 .debug_str     0x00000000000013ac      0x10d ../lib/pegasus_crt.a(console.o)
                                        0x6f5 (size before relaxing)
 .debug_str     0x00000000000014b9       0x84 ../lib/pegasus_crt.a(keyboard.o)
                                        0x632 (size before relaxing)
 .debug_str     0x000000000000153d       0x20 ../lib/pegasus_crt.a(open.o)
                                        0x565 (size before relaxing)
 .debug_str     0x000000000000155d       0x13 ../lib/pegasus_crt.a(read.o)
                                        0x569 (size before relaxing)
 .debug_str     0x0000000000001570        0xc ../lib/pegasus_crt.a(write.o)
                                        0x562 (size before relaxing)
 .debug_str     0x000000000000157c        0xc ../lib/pegasus_crt.a(close.o)
                                        0x536 (size before relaxing)
 .debug_str     0x0000000000001588        0xb ../lib/pegasus_crt.a(wait.o)
                                        0x53b (size before relaxing)
 .debug_str     0x0000000000001593        0xb ../lib/pegasus_crt.a(fork.o)
                                        0x534 (size before relaxing)
 .debug_str     0x000000000000159e       0x1e ../lib/pegasus_crt.a(exec.o)
                                        0x59a (size before relaxing)
 .debug_str     0x00000000000015bc       0x32 ../lib/pegasus_crt.a(main.o)
                                        0x52e (size before relaxing)
 .debug_str     0x00000000000015ee      0x226 ../lib/pegasus_crt.a(exec.o)
                                        0x7b7 (size before relaxing)
 .debug_str     0x0000000000001814       0x74 ../lib/pegasus_crt.a(forkexit.o)
                                        0x598 (size before relaxing)
 .debug_str     0x0000000000001888      0x310 ../lib/pegasus_crt.a(mem.o)
                                        0x9e7 (size before relaxing)
 .debug_str     0x0000000000001b98      0x18a ../lib/pegasus_crt.a(my_process.o)
                                        0x858 (size before relaxing)
 .debug_str     0x0000000000001d22       0x4a ../lib/pegasus_crt.a(thread.o)
                                        0x6ad (size before relaxing)

.debug_loc
 *(.debug_loc)

.debug_macinfo
 *(.debug_macinfo)

.debug_weaknames
 *(.debug_weaknames)

.debug_funcnames
 *(.debug_funcnames)

.debug_typenames
 *(.debug_typenames)

.debug_varnames
 *(.debug_varnames)

.debug_pubtypes
 *(.debug_pubtypes)

.debug_ranges   0x0000000000000000       0x78
 *(.debug_ranges)
 .debug_ranges  0x0000000000000000       0x18 ../lib/pegasus_crt.a(kernel_main_old.o)
 .debug_ranges  0x0000000000000018       0x48 ../lib/pegasus_crt.a(hd.o)
 .debug_ranges  0x0000000000000060       0x18 ../lib/pegasus_crt.a(exec.o)

.debug_macro
 *(.debug_macro)

.debug_addr
 *(.debug_addr)

.gnu.attributes
 *(.gnu.attributes)

/DISCARD/
 *(.note.GNU-stack)
 *(.gnu_debuglink)
 *(.gnu.lto_*)
 *(.gnu_object_only)
OUTPUT(test elf32-i386)
