Archive member included to satisfy reference by file (symbol)

../lib/pegasus_crt.a(exit.o)  start.o (exit)
../lib/pegasus_crt.a(kernel_main_old.o)
                              test.o (Printf)
../lib/pegasus_crt.a(double_link_list.o)
                              ../lib/pegasus_crt.a(kernel_main_old.o) (appendToDoubleLinkList)
../lib/pegasus_crt.a(kernel.o)
                              ../lib/pegasus_crt.a(kernel_main_old.o) (disp_str)
../lib/pegasus_crt.a(string.o)
                              ../lib/pegasus_crt.a(kernel_main_old.o) (Memcpy2)
../lib/pegasus_crt.a(hd.o)    ../lib/pegasus_crt.a(kernel.o) (hd_handler)
../lib/pegasus_crt.a(syscall.o)
                              ../lib/pegasus_crt.a(kernel_main_old.o) (write_debug)
../lib/pegasus_crt.a(global.o)
                              ../lib/pegasus_crt.a(kernel.o) (sys_call_table)
../lib/pegasus_crt.a(hd_rdwt.o)
                              ../lib/pegasus_crt.a(hd.o) (read_port)
../lib/pegasus_crt.a(process.o)
                              ../lib/pegasus_crt.a(kernel_main_old.o) (schedule_process)
../lib/pegasus_crt.a(protect.o)
                              ../lib/pegasus_crt.a(kernel_main_old.o) (InitInterruptDesc)
../lib/pegasus_crt.a(console.o)
                              ../lib/pegasus_crt.a(kernel_main_old.o) (out_char)
../lib/pegasus_crt.a(keyboard.o)
                              ../lib/pegasus_crt.a(kernel.o) (keyboard_handler)
../lib/pegasus_crt.a(open.o)  ../lib/pegasus_crt.a(kernel_main_old.o) (open)
../lib/pegasus_crt.a(read.o)  ../lib/pegasus_crt.a(kernel_main_old.o) (read)
../lib/pegasus_crt.a(write.o)
                              ../lib/pegasus_crt.a(kernel_main_old.o) (write)
../lib/pegasus_crt.a(close.o)
                              ../lib/pegasus_crt.a(kernel_main_old.o) (close)
../lib/pegasus_crt.a(wait.o)  ../lib/pegasus_crt.a(kernel_main_old.o) (wait)
../lib/pegasus_crt.a(fork.o)  ../lib/pegasus_crt.a(kernel_main_old.o) (fork)
../lib/pegasus_crt.a(exec.o)  ../lib/pegasus_crt.a(kernel_main_old.o) (execl)
../lib/pegasus_crt.a(main.o)  ../lib/pegasus_crt.a(global.o) (TaskMM)
../lib/pegasus_crt.a(exec.o)  ../lib/pegasus_crt.a(main.o) (do_exec)
../lib/pegasus_crt.a(forkexit.o)
                              ../lib/pegasus_crt.a(main.o) (do_fork)
../lib/pegasus_crt.a(mem.o)   ../lib/pegasus_crt.a(exec.o) (get_virtual_address_start_with_addr)
../lib/pegasus_crt.a(my_process.o)
                              ../lib/pegasus_crt.a(forkexit.o) (fork_process)
../lib/pegasus_crt.a(switch_to.o)
                              ../lib/pegasus_crt.a(process.o) (switch_to)
../lib/pegasus_crt.a(thread.o)
                              ../lib/pegasus_crt.a(my_process.o) (thread_init)
../lib/pegasus_crt.a(ne2000.o)
                              ../lib/pegasus_crt.a(hd.o) (SetPageStart)
../lib/pegasus_crt.a(fs_main.o)
                              ../lib/pegasus_crt.a(global.o) (task_fs)

Merging program properties

Removed property 0xc0010001 to merge test.o (0x1) and start.o (not found)
Removed property 0xc0010002 to merge test.o (0x0) and start.o (not found)
Removed property 0xc0010001 to merge test.o (not found) and ../lib/pegasus_crt.a(exit.o) (0x1)
Removed property 0xc0010002 to merge test.o (not found) and ../lib/pegasus_crt.a(exit.o) (0x0)
Removed property 0xc0010001 to merge test.o (not found) and ../lib/pegasus_crt.a(kernel_main_old.o) (0x1)
Removed property 0xc0010002 to merge test.o (not found) and ../lib/pegasus_crt.a(kernel_main_old.o) (0x1)
Removed property 0xc0010001 to merge test.o (not found) and ../lib/pegasus_crt.a(double_link_list.o) (0x1)
Removed property 0xc0010002 to merge test.o (not found) and ../lib/pegasus_crt.a(double_link_list.o) (0x0)
Removed property 0xc0010001 to merge test.o (not found) and ../lib/pegasus_crt.a(hd.o) (0x1)
Removed property 0xc0010002 to merge test.o (not found) and ../lib/pegasus_crt.a(hd.o) (0x1)
Removed property 0xc0010001 to merge test.o (not found) and ../lib/pegasus_crt.a(global.o) (0x1)
Removed property 0xc0010002 to merge test.o (not found) and ../lib/pegasus_crt.a(global.o) (0x0)
Removed property 0xc0010001 to merge test.o (not found) and ../lib/pegasus_crt.a(process.o) (0x1)
Removed property 0xc0010002 to merge test.o (not found) and ../lib/pegasus_crt.a(process.o) (0x0)
Removed property 0xc0010001 to merge test.o (not found) and ../lib/pegasus_crt.a(protect.o) (0x1)
Removed property 0xc0010002 to merge test.o (not found) and ../lib/pegasus_crt.a(protect.o) (0x0)
Removed property 0xc0010001 to merge test.o (not found) and ../lib/pegasus_crt.a(console.o) (0x1)
Removed property 0xc0010002 to merge test.o (not found) and ../lib/pegasus_crt.a(console.o) (0x1)
Removed property 0xc0010001 to merge test.o (not found) and ../lib/pegasus_crt.a(keyboard.o) (0x1)
Removed property 0xc0010002 to merge test.o (not found) and ../lib/pegasus_crt.a(keyboard.o) (0x0)
Removed property 0xc0010001 to merge test.o (not found) and ../lib/pegasus_crt.a(open.o) (0x1)
Removed property 0xc0010002 to merge test.o (not found) and ../lib/pegasus_crt.a(open.o) (0x0)
Removed property 0xc0010001 to merge test.o (not found) and ../lib/pegasus_crt.a(read.o) (0x1)
Removed property 0xc0010002 to merge test.o (not found) and ../lib/pegasus_crt.a(read.o) (0x0)
Removed property 0xc0010001 to merge test.o (not found) and ../lib/pegasus_crt.a(write.o) (0x1)
Removed property 0xc0010002 to merge test.o (not found) and ../lib/pegasus_crt.a(write.o) (0x0)
Removed property 0xc0010001 to merge test.o (not found) and ../lib/pegasus_crt.a(close.o) (0x1)
Removed property 0xc0010002 to merge test.o (not found) and ../lib/pegasus_crt.a(close.o) (0x0)
Removed property 0xc0010001 to merge test.o (not found) and ../lib/pegasus_crt.a(wait.o) (0x1)
Removed property 0xc0010002 to merge test.o (not found) and ../lib/pegasus_crt.a(wait.o) (0x0)
Removed property 0xc0010001 to merge test.o (not found) and ../lib/pegasus_crt.a(fork.o) (0x1)
Removed property 0xc0010002 to merge test.o (not found) and ../lib/pegasus_crt.a(fork.o) (0x0)
Removed property 0xc0010001 to merge test.o (not found) and ../lib/pegasus_crt.a(exec.o) (0x1)
Removed property 0xc0010002 to merge test.o (not found) and ../lib/pegasus_crt.a(exec.o) (0x0)
Removed property 0xc0010001 to merge test.o (not found) and ../lib/pegasus_crt.a(main.o) (0x1)
Removed property 0xc0010002 to merge test.o (not found) and ../lib/pegasus_crt.a(main.o) (0x0)
Removed property 0xc0010001 to merge test.o (not found) and ../lib/pegasus_crt.a(exec.o) (0x1)
Removed property 0xc0010002 to merge test.o (not found) and ../lib/pegasus_crt.a(exec.o) (0x0)
Removed property 0xc0010001 to merge test.o (not found) and ../lib/pegasus_crt.a(forkexit.o) (0x1)
Removed property 0xc0010002 to merge test.o (not found) and ../lib/pegasus_crt.a(forkexit.o) (0x0)
Removed property 0xc0010001 to merge test.o (not found) and ../lib/pegasus_crt.a(my_process.o) (0x1)
Removed property 0xc0010002 to merge test.o (not found) and ../lib/pegasus_crt.a(my_process.o) (0x1)
Removed property 0xc0010001 to merge test.o (not found) and ../lib/pegasus_crt.a(thread.o) (0x1)
Removed property 0xc0010002 to merge test.o (not found) and ../lib/pegasus_crt.a(thread.o) (0x0)
Removed property 0xc0010001 to merge test.o (not found) and ../lib/pegasus_crt.a(fs_main.o) (0x1)
Removed property 0xc0010002 to merge test.o (not found) and ../lib/pegasus_crt.a(fs_main.o) (0x1)

Allocating common symbols
Common symbol       size              file

current_tty         0x4               ../lib/pegasus_crt.a(exit.o)
file_desc_table     0x400             ../lib/pegasus_crt.a(fs_main.o)
is_e0               0x1               ../lib/pegasus_crt.a(exit.o)
phy_super_block_buf
                    0x4               ../lib/pegasus_crt.a(fs_main.o)
phy_fsbuf           0x4               ../lib/pegasus_crt.a(fs_main.o)
idt_ptr             0x6               ../lib/pegasus_crt.a(exit.o)
pid                 0x4               ../lib/pegasus_crt.a(exit.o)
KernelVirtualMemory
                    0xc               ../lib/pegasus_crt.a(kernel_main_old.o)
inode_table         0xa00             ../lib/pegasus_crt.a(fs_main.o)
current_dis_pos     0x4               ../lib/pegasus_crt.a(exit.o)
dis_pos             0x4               ../lib/pegasus_crt.a(exit.o)
k_reenter           0x4               ../lib/pegasus_crt.a(exit.o)
super_block_buf     0x4               ../lib/pegasus_crt.a(fs_main.o)
gdt                 0x400             ../lib/pegasus_crt.a(exit.o)
proc_ready_table    0x4               ../lib/pegasus_crt.a(exit.o)
test_ticks          0x4               ../lib/pegasus_crt.a(exit.o)
hd_info             0x224             ../lib/pegasus_crt.a(hd.o)
proc_stack          0x70000           ../lib/pegasus_crt.a(global.o)
pcaller             0x4               ../lib/pegasus_crt.a(exit.o)
keyboard_buffer     0x20c             ../lib/pegasus_crt.a(exit.o)
pcb_list            0x10              ../lib/pegasus_crt.a(exit.o)
gdt_index           0x4               ../lib/pegasus_crt.a(exit.o)
tty_table           0x828             ../lib/pegasus_crt.a(exit.o)
tss                 0x6c              ../lib/pegasus_crt.a(exit.o)
KernelPool          0x10              ../lib/pegasus_crt.a(kernel_main_old.o)
net_buf             0x4               ../lib/pegasus_crt.a(exit.o)
fsbuf               0x4               ../lib/pegasus_crt.a(fs_main.o)
root                0x28              ../lib/pegasus_crt.a(fs_main.o)
kernel_mem_block_decs_array
                    0xf0              ../lib/pegasus_crt.a(mem.o)
counter             0x4               ../lib/pegasus_crt.a(exit.o)
key_pressed         0x4               ../lib/pegasus_crt.a(exit.o)
fork_pid            0x4               ../lib/pegasus_crt.a(exit.o)
is_shift            0x1               ../lib/pegasus_crt.a(exit.o)
net_data            0x1               ../lib/pegasus_crt.a(exit.o)
gdt_ptr             0x6               ../lib/pegasus_crt.a(exit.o)
idt                 0x800             ../lib/pegasus_crt.a(exit.o)
main_thread         0x4               ../lib/pegasus_crt.a(exit.o)
ticks               0x8               ../lib/pegasus_crt.a(exit.o)
is_init             0x1               ../lib/pegasus_crt.a(exit.o)
UserPool            0x10              ../lib/pegasus_crt.a(kernel_main_old.o)
all_pcb_list        0x10              ../lib/pegasus_crt.a(exit.o)
console_table       0x10              ../lib/pegasus_crt.a(exit.o)
is_disp             0x1               ../lib/pegasus_crt.a(exit.o)
MAIN_THREAD_PAGE_DIRECTORY
                    0x4               ../lib/pegasus_crt.a(exit.o)
helloStr            0xc               ../lib/pegasus_crt.a(exit.o)
proc_table          0x15e0            ../lib/pegasus_crt.a(global.o)
hd_cache            0x200             ../lib/pegasus_crt.a(hd.o)

Discarded input sections

 .note.GNU-stack
                0x00000000        0x0 test.o
 .note.gnu.property
                0x00000000       0x28 test.o
 .note.GNU-stack
                0x00000000        0x0 ../lib/pegasus_crt.a(exit.o)
 .note.gnu.property
                0x00000000       0x28 ../lib/pegasus_crt.a(exit.o)
 .note.GNU-stack
                0x00000000        0x0 ../lib/pegasus_crt.a(kernel_main_old.o)
 .note.gnu.property
                0x00000000       0x28 ../lib/pegasus_crt.a(kernel_main_old.o)
 .note.GNU-stack
                0x00000000        0x0 ../lib/pegasus_crt.a(double_link_list.o)
 .note.gnu.property
                0x00000000       0x28 ../lib/pegasus_crt.a(double_link_list.o)
 .note.GNU-stack
                0x00000000        0x0 ../lib/pegasus_crt.a(hd.o)
 .note.gnu.property
                0x00000000       0x28 ../lib/pegasus_crt.a(hd.o)
 .note.GNU-stack
                0x00000000        0x0 ../lib/pegasus_crt.a(global.o)
 .note.gnu.property
                0x00000000       0x28 ../lib/pegasus_crt.a(global.o)
 .note.GNU-stack
                0x00000000        0x0 ../lib/pegasus_crt.a(process.o)
 .note.gnu.property
                0x00000000       0x28 ../lib/pegasus_crt.a(process.o)
 .note.GNU-stack
                0x00000000        0x0 ../lib/pegasus_crt.a(protect.o)
 .note.gnu.property
                0x00000000       0x28 ../lib/pegasus_crt.a(protect.o)
 .note.GNU-stack
                0x00000000        0x0 ../lib/pegasus_crt.a(console.o)
 .note.gnu.property
                0x00000000       0x28 ../lib/pegasus_crt.a(console.o)
 .note.GNU-stack
                0x00000000        0x0 ../lib/pegasus_crt.a(keyboard.o)
 .note.gnu.property
                0x00000000       0x28 ../lib/pegasus_crt.a(keyboard.o)
 .note.GNU-stack
                0x00000000        0x0 ../lib/pegasus_crt.a(open.o)
 .note.gnu.property
                0x00000000       0x28 ../lib/pegasus_crt.a(open.o)
 .note.GNU-stack
                0x00000000        0x0 ../lib/pegasus_crt.a(read.o)
 .note.gnu.property
                0x00000000       0x28 ../lib/pegasus_crt.a(read.o)
 .note.GNU-stack
                0x00000000        0x0 ../lib/pegasus_crt.a(write.o)
 .note.gnu.property
                0x00000000       0x28 ../lib/pegasus_crt.a(write.o)
 .note.GNU-stack
                0x00000000        0x0 ../lib/pegasus_crt.a(close.o)
 .note.gnu.property
                0x00000000       0x28 ../lib/pegasus_crt.a(close.o)
 .note.GNU-stack
                0x00000000        0x0 ../lib/pegasus_crt.a(wait.o)
 .note.gnu.property
                0x00000000       0x28 ../lib/pegasus_crt.a(wait.o)
 .note.GNU-stack
                0x00000000        0x0 ../lib/pegasus_crt.a(fork.o)
 .note.gnu.property
                0x00000000       0x28 ../lib/pegasus_crt.a(fork.o)
 .note.GNU-stack
                0x00000000        0x0 ../lib/pegasus_crt.a(exec.o)
 .note.gnu.property
                0x00000000       0x28 ../lib/pegasus_crt.a(exec.o)
 .note.GNU-stack
                0x00000000        0x0 ../lib/pegasus_crt.a(main.o)
 .note.gnu.property
                0x00000000       0x28 ../lib/pegasus_crt.a(main.o)
 .note.GNU-stack
                0x00000000        0x0 ../lib/pegasus_crt.a(exec.o)
 .note.gnu.property
                0x00000000       0x28 ../lib/pegasus_crt.a(exec.o)
 .note.GNU-stack
                0x00000000        0x0 ../lib/pegasus_crt.a(forkexit.o)
 .note.gnu.property
                0x00000000       0x28 ../lib/pegasus_crt.a(forkexit.o)
 .note.GNU-stack
                0x00000000        0x0 ../lib/pegasus_crt.a(mem.o)
 .note.GNU-stack
                0x00000000        0x0 ../lib/pegasus_crt.a(my_process.o)
 .note.gnu.property
                0x00000000       0x28 ../lib/pegasus_crt.a(my_process.o)
 .note.GNU-stack
                0x00000000        0x0 ../lib/pegasus_crt.a(thread.o)
 .note.gnu.property
                0x00000000       0x28 ../lib/pegasus_crt.a(thread.o)
 .note.GNU-stack
                0x00000000        0x0 ../lib/pegasus_crt.a(fs_main.o)
 .note.gnu.property
                0x00000000       0x28 ../lib/pegasus_crt.a(fs_main.o)

Memory Configuration

Name             Origin             Length             Attributes
*default*        0x00000000         0xffffffff

Linker script and memory map

Address of section .text set to 0xb0800000
LOAD test.o
LOAD start.o
LOAD ../lib/pegasus_crt.a
                [!provide]                        PROVIDE (__executable_start = SEGMENT_START ("text-segment", 0x8048000))
                0x080480d4                        . = (SEGMENT_START ("text-segment", 0x8048000) + SIZEOF_HEADERS)

.interp
 *(.interp)

.note.gnu.build-id
 *(.note.gnu.build-id)

.hash
 *(.hash)

.gnu.hash
 *(.gnu.hash)

.dynsym
 *(.dynsym)

.dynstr
 *(.dynstr)

.gnu.version
 *(.gnu.version)

.gnu.version_d
 *(.gnu.version_d)

.gnu.version_r
 *(.gnu.version_r)

.rel.dyn        0x080480d4        0x0
 *(.rel.init)
 *(.rel.text .rel.text.* .rel.gnu.linkonce.t.*)
 .rel.text      0x080480d4        0x0 test.o
 *(.rel.fini)
 *(.rel.rodata .rel.rodata.* .rel.gnu.linkonce.r.*)
 *(.rel.data.rel.ro .rel.data.rel.ro.* .rel.gnu.linkonce.d.rel.ro.*)
 *(.rel.data .rel.data.* .rel.gnu.linkonce.d.*)
 *(.rel.tdata .rel.tdata.* .rel.gnu.linkonce.td.*)
 *(.rel.tbss .rel.tbss.* .rel.gnu.linkonce.tb.*)
 *(.rel.ctors)
 *(.rel.dtors)
 *(.rel.got)
 .rel.got       0x080480d4        0x0 test.o
 *(.rel.bss .rel.bss.* .rel.gnu.linkonce.b.*)
 *(.rel.ifunc)

.rel.plt        0x080480d4        0x0
 *(.rel.plt)
                [!provide]                        PROVIDE (__rel_iplt_start = .)
 *(.rel.iplt)
 .rel.iplt      0x080480d4        0x0 test.o
                [!provide]                        PROVIDE (__rel_iplt_end = .)

.relr.dyn
 *(.relr.dyn)
                0x08049000                        . = ALIGN (CONSTANT (MAXPAGESIZE))

.init
 *(SORT_NONE(.init))

.plt            0x08049000        0x0
 *(.plt)
 *(.iplt)
 .iplt          0x08049000        0x0 test.o

.plt.got
 *(.plt.got)

.plt.sec
 *(.plt.sec)

.text           0xb0800000     0xa61f
 *(.text.unlikely .text.*_unlikely .text.unlikely.*)
 *(.text.exit .text.exit.*)
 *(.text.startup .text.startup.*)
 *(.text.hot .text.hot.*)
 *(SORT_BY_NAME(.text.sorted.*))
 *(.text .stub .text.* .gnu.linkonce.t.*)
 .text          0xb0800000       0x3e test.o
                0xb0800000                main
 *fill*         0xb080003e        0x2 
 .text          0xb0800040       0x15 start.o
                0xb0800040                _start
 .text          0xb0800055       0x2f ../lib/pegasus_crt.a(exit.o)
                0xb0800055                exit
 .text          0xb0800084     0x2d4d ../lib/pegasus_crt.a(kernel_main_old.o)
                0xb0800084                stop_here
                0xb08000c8                catch_error
                0xb08000e5                intr_enable
                0xb080010e                intr_disable
                0xb0800137                intr_set_status
                0xb0800155                intr_get_status
                0xb0800172                Memcpy
                0xb08001a5                untar
                0xb08004ba                atoi
                0xb0800560                disp_int
                0xb0800589                do_page_fault
                0xb08006c6                exception_handler
                0xb08008ad                init_internal_interrupt
                0xb0800a22                spurious_irq
                0xb0800ab0                init_keyboard
                0xb0800af3                TestTTY
                0xb0800b92                TestReadReturnValue
                0xb0800c0f                TestWriteReturnValue
                0xb0800ce3                TestFS2
                0xb0800cf1                TestFS
                0xb0801193                wait_exit
                0xb0801291                INIT_fork
                0xb0801589                simple_shell
                0xb0801710                test_shell
                0xb0801778                test_exec
                0xb08018b8                INIT
                0xb08018c5                TestA
                0xb08018fa                delay
                0xb080193e                TestB
                0xb0801956                TestC
                0xb0801989                sys_get_ticks
                0xb0801999                sys_write
                0xb08019ed                milli_delay
                0xb0801a29                TaskSys
                0xb0801a2e                Printf
                0xb0801a8c                vsprintf
                0xb0801c38                printx
                0xb0801c7b                sys_printx
                0xb0801d47                spin
                0xb0801d6d                panic
                0xb0801d8b                assertion_failure
                0xb0801dfd                assertion_failure2
                0xb0801e72                dead_lock
                0xb0801e7c                sys_send_msg
                0xb080239b                sys_receive_msg
                0xb08029fb                send_rec
                0xb0802af6                block
                0xb0802b32                unblock
                0xb0802b82                get_ticks_ipc
                0xb0802bd9                itoa
                0xb0802c2f                i2a
                0xb0802c95                inform_int
                0xb0802d62                strcmp
 .text          0xb0802dd1      0x329 ../lib/pegasus_crt.a(double_link_list.o)
                0xb0802dd1                initDoubleLinkList
                0xb0802dff                isListEmpty
                0xb0802e20                findElementInList
                0xb0802efc                appendToDoubleLinkList
                0xb0802fe3                insertToDoubleLinkList
                0xb0803066                popFromDoubleLinkList
 *fill*         0xb08030fa        0x6 
 .text          0xb0803100      0x3d7 ../lib/pegasus_crt.a(kernel.o)
                0xb0803100                InterruptTest
                0xb080310c                disp_str_len
                0xb0803159                disp_str
                0xb0803194                disp_str_colour
                0xb08031d0                divide_zero_fault
                0xb08031d6                single_step_fault
                0xb08031dc                non_maskable_interrupt
                0xb08031e2                breakpoint_trap
                0xb08031e8                overflow_trap
                0xb08031ee                bound_range_exceeded_fault
                0xb08031f4                invalid_opcode_fault
                0xb08031fa                coprocessor_not_available_fault
                0xb0803200                double_fault_exception_abort
                0xb0803204                coprocessor_segment_overrun
                0xb080320a                invalid_task_state_segment_fault
                0xb080320e                segment_not_present_fault
                0xb0803212                stack_exception_fault
                0xb0803216                general_protection_exception_fault
                0xb0803221                page_fault
                0xb0803225                coprocessor_error_fault
                0xb080322b                align_check_fault
                0xb080322f                simd_float_exception_fault
                0xb080323e                hwint0
                0xb080326e                hwint1
                0xb08032b1                hwint14
                0xb08032f7                hwint10
                0xb080333a                sys_call
                0xb0803380                fork_restart
                0xb080338f                restart
                0xb08033b2                in_byte
                0xb08033be                out_byte
                0xb08033e0                disable_int
                0xb08033e2                enable_int
                0xb0803478                enable_8259A_casecade_irq
                0xb0803482                disable_8259A_casecade_irq
                0xb080348c                enable_8259A_slave_winchester_irq
                0xb0803496                disable_8259A_slave_winchester_irq
                0xb08034a0                update_cr3
                0xb08034ad                update_tss
                0xb08034bc                get_running_thread_pcb
                0xb08034c4                sys_call_test
                0xb08034c7                enable_8259A_slave_net_irq
 .text          0xb08034d7     0x1036 ../lib/pegasus_crt.a(hd.o)
                0xb08034d7                TaskHD
                0xb080351c                init_hd
                0xb0803536                hd_handle
                0xb080363b                hd_cmd_out
                0xb080373d                hd_identify
                0xb08037f4                print_hdinfo
                0xb0803982                print_dpt_entry
                0xb08039ee                get_partition_table
                0xb0803acd                partition
                0xb0803ce7                hd_open
                0xb0803d8e                get_hd_ioctl
                0xb0803e3f                wait_for
                0xb0803e70                interrupt_wait
                0xb0803ec0                hd_rdwt
                0xb080415f                hd_handler
                0xb080418b                debug_ticks
                0xb08041c9                net_handler
                0xb08043a4                waitfor
                0xb08043e8                print_hd_info
                0xb08044d5                is_empty
 *fill*         0xb080450d        0x3 
 .text          0xb0804510       0x69 ../lib/pegasus_crt.a(syscall.o)
                0xb0804510                write_debug
                0xb0804520                send_msg
                0xb0804536                receive_msg
                0xb080454c                sys_malloc
                0xb0804561                sys_free
 .text          0xb0804579        0x0 ../lib/pegasus_crt.a(global.o)
 .text          0xb0804579      0x21b ../lib/pegasus_crt.a(process.o)
                0xb0804579                schedule_process
                0xb0804686                clock_handler
                0xb08046f7                pid2proc
                0xb080477d                proc2pid
 .text          0xb0804794      0x3b3 ../lib/pegasus_crt.a(protect.o)
                0xb0804794                InitDescriptor
                0xb0804801                Seg2PhyAddr
                0xb0804842                Seg2PhyAddrLDT
                0xb0804886                VirAddr2PhyAddr
                0xb080489c                v2l
                0xb08048df                init_propt
                0xb0804a60                InitInterruptDesc
                0xb0804abc                ReloadGDT
 .text          0xb0804b47      0xaca ../lib/pegasus_crt.a(console.o)
                0xb0804b47                select_console
                0xb0804b83                flush
                0xb0804bbc                set_cursor
                0xb0804c1a                set_console_start_video_addr
                0xb0804c78                put_key
                0xb0804ce4                scroll_up
                0xb0804d26                scroll_down
                0xb0804d91                out_char
                0xb0804f4e                tty_dev_read
                0xb0804f78                tty_dev_write
                0xb08051a5                tty_do_read
                0xb080526d                tty_do_write
                0xb08053d0                init_screen
                0xb0805459                init_tty
                0xb080550e                TaskTTY
 .text          0xb0805611      0x40f ../lib/pegasus_crt.a(keyboard.o)
                0xb0805611                keyboard_handler
                0xb0805695                read_from_keyboard_buf
                0xb08056fb                keyboard_read
                0xb080587a                init_keyboard_handler
                0xb080588e                in_process
 .text          0xb0805a20       0x95 ../lib/pegasus_crt.a(open.o)
                0xb0805a20                open
 .text          0xb0805ab5      0x181 ../lib/pegasus_crt.a(read.o)
                0xb0805ab5                read
 .text          0xb0805c36       0x85 ../lib/pegasus_crt.a(write.o)
                0xb0805c36                write
 .text          0xb0805cbb       0x52 ../lib/pegasus_crt.a(close.o)
                0xb0805cbb                close
 .text          0xb0805d0d       0x44 ../lib/pegasus_crt.a(wait.o)
                0xb0805d0d                wait
 .text          0xb0805d51       0x48 ../lib/pegasus_crt.a(fork.o)
                0xb0805d51                fork
 .text          0xb0805d99      0x285 ../lib/pegasus_crt.a(exec.o)
                0xb0805d99                exec
                0xb0805e0a                execv
                0xb0805ff9                execl
 .text          0xb080601e      0x148 ../lib/pegasus_crt.a(main.o)
                0xb080601e                TaskMM
                0xb0806147                alloc_mem
 .text          0xb0806166      0x419 ../lib/pegasus_crt.a(exec.o)
                0xb0806166                do_exec
 .text          0xb080657f      0x271 ../lib/pegasus_crt.a(forkexit.o)
                0xb080657f                do_fork
                0xb08065ed                do_exit
                0xb0806677                do_wait
                0xb0806796                cleanup
 .text          0xb08067f0     0x1275 ../lib/pegasus_crt.a(mem.o)
                0xb08067f0                init_bitmap
                0xb0806813                test_bit_val
                0xb080687c                set_bit_val
                0xb08068f7                set_bits
                0xb0806931                get_first_free_bit
                0xb0806975                get_bits
                0xb0806a3d                get_a_page
                0xb0806af1                get_virtual_address_start_with_addr
                0xb0806b8b                get_virtual_address
                0xb0806c1b                ptr_pde
                0xb0806c2e                ptr_pte
                0xb0806c55                add_map_entry
                0xb0806ce6                alloc_virtual_memory
                0xb0806db9                get_physical_address_proc
                0xb0806e35                get_physical_address
                0xb0806e67                alloc_physical_memory_of_proc
                0xb0806f56                alloc_physical_memory
                0xb080701e                alloc_memory
                0xb0807080                get_a_virtual_page
                0xb08070b8                block2arena
                0xb08070ce                sys_malloc2
                0xb0807384                remove_map_entry
                0xb08073a5                free_a_page
                0xb080744c                sys_free2
                0xb08075d4                init_memory_block_desc
                0xb08076a5                init_memory2
                0xb080791c                init_memory
 .text          0xb0807a65      0x730 ../lib/pegasus_crt.a(my_process.o)
                0xb0807a65                create_user_process_address_space
                0xb0807af5                user_process
                0xb0807c22                clone_pcb
                0xb0807d94                build_body_stack
                0xb0807ec7                build_process_kernel_stack
                0xb0807f8a                fork_process
                0xb080801b                process_execute
 *fill*         0xb0808195        0xb 
 .text          0xb08081a0       0x15 ../lib/pegasus_crt.a(switch_to.o)
                0xb08081a0                switch_to
 .text          0xb08081b5      0x1b2 ../lib/pegasus_crt.a(thread.o)
                0xb08081b5                kernel_thread
                0xb08081cd                thread_init
                0xb080827a                thread_create
                0xb08082af                thread_start
 *fill*         0xb0808367        0x9 
 .text          0xb0808370      0x260 ../lib/pegasus_crt.a(ne2000.o)
                0xb0808393                DriverInitialize
                0xb080841d                SetPageStart
                0xb0808445                DriverSend
                0xb08084ba                PCtoNIC
                0xb0808528                get_interrupt_status
                0xb080853e                set_interrupt_status
                0xb0808557                get_curr_page
                0xb0808574                NICtoPC
 .text          0xb08085d0     0x204f ../lib/pegasus_crt.a(fs_main.o)
                0xb08085d0                task_fs
                0xb08087db                rd_wt
                0xb08088b4                mkfs
                0xb0808e96                init_fs
                0xb0808eea                do_open
                0xb08090d9                search_file
                0xb080920b                strip_path
                0xb08092d7                get_inode
                0xb0809499                create_file
                0xb08095a4                alloc_imap_bit
                0xb08096a1                alloc_smap_bit
                0xb0809842                new_inode
                0xb0809960                new_dir_entry
                0xb0809b6c                do_unlink
                0xb080a048                do_rdwt
                0xb080a3d3                sync_inode
                0xb080a527                put_inode
                0xb080a565                do_close
                0xb080a5b7                get_super_block
 *(.gnu.warning)

.fini
 *(SORT_NONE(.fini))
                [!provide]                        PROVIDE (__etext = .)
                [!provide]                        PROVIDE (_etext = .)
                [!provide]                        PROVIDE (etext = .)
                0xb080b000                        . = ALIGN (CONSTANT (MAXPAGESIZE))
                0xb080b000                        . = SEGMENT_START ("rodata-segment", (ALIGN (CONSTANT (MAXPAGESIZE)) + (. & (CONSTANT (MAXPAGESIZE) - 0x1))))

.rodata         0xb080b000     0x1127
 *(.rodata .rodata.* .gnu.linkonce.r.*)
 .rodata        0xb080b000       0x10 test.o
 *fill*         0xb080b010       0x10 
 .rodata        0xb080b020      0xb75 ../lib/pegasus_crt.a(kernel_main_old.o)
 .rodata        0xb080bb95       0x2c ../lib/pegasus_crt.a(double_link_list.o)
 *fill*         0xb080bbc1        0x3 
 .rodata        0xb080bbc4      0x259 ../lib/pegasus_crt.a(hd.o)
 .rodata        0xb080be1d       0x26 ../lib/pegasus_crt.a(process.o)
 .rodata        0xb080be43       0x22 ../lib/pegasus_crt.a(console.o)
 .rodata        0xb080be65       0x24 ../lib/pegasus_crt.a(close.o)
 .rodata        0xb080be89       0x2d ../lib/pegasus_crt.a(exec.o)
 .rodata        0xb080beb6       0x11 ../lib/pegasus_crt.a(main.o)
 .rodata        0xb080bec7       0x10 ../lib/pegasus_crt.a(exec.o)
 .rodata        0xb080bed7       0x21 ../lib/pegasus_crt.a(forkexit.o)
 .rodata        0xb080bef8       0x41 ../lib/pegasus_crt.a(mem.o)
 *fill*         0xb080bf39        0x3 
 .rodata        0xb080bf3c      0x1eb ../lib/pegasus_crt.a(fs_main.o)
                0xb080bf3c                FSBUF_SIZE

.txt            0xb080c127       0xaa
 .txt           0xb080c127       0x82 ../lib/pegasus_crt.a(string.o)
                0xb080c127                Memcpy2
                0xb080c155                Memset
                0xb080c174                Strcpy
                0xb080c18e                Strlen
 .txt           0xb080c1a9       0x28 ../lib/pegasus_crt.a(hd_rdwt.o)
                0xb080c1a9                read_port
                0xb080c1bd                write_port

.rodata1
 *(.rodata1)

.eh_frame_hdr
 *(.eh_frame_hdr)
 *(.eh_frame_entry .eh_frame_entry.*)

.eh_frame       0xb080c1d4     0x1790
 *(.eh_frame)
 .eh_frame      0xb080c1d4       0x44 test.o
 .eh_frame      0xb080c218       0x20 ../lib/pegasus_crt.a(exit.o)
                                 0x38 (size before relaxing)
 .eh_frame      0xb080c238      0x6ac ../lib/pegasus_crt.a(kernel_main_old.o)
                                0x6c4 (size before relaxing)
 .eh_frame      0xb080c8e4       0xc0 ../lib/pegasus_crt.a(double_link_list.o)
                                 0xd8 (size before relaxing)
 .eh_frame      0xb080c9a4      0x284 ../lib/pegasus_crt.a(hd.o)
                                0x29c (size before relaxing)
 .eh_frame      0xb080cc28       0x80 ../lib/pegasus_crt.a(process.o)
                                 0x98 (size before relaxing)
 .eh_frame      0xb080cca8      0x100 ../lib/pegasus_crt.a(protect.o)
                                0x118 (size before relaxing)
 .eh_frame      0xb080cda8      0x1e0 ../lib/pegasus_crt.a(console.o)
                                0x1f8 (size before relaxing)
 .eh_frame      0xb080cf88       0xa0 ../lib/pegasus_crt.a(keyboard.o)
                                 0xb8 (size before relaxing)
 .eh_frame      0xb080d028       0x20 ../lib/pegasus_crt.a(open.o)
                                 0x38 (size before relaxing)
 .eh_frame      0xb080d048       0x20 ../lib/pegasus_crt.a(read.o)
                                 0x38 (size before relaxing)
 .eh_frame      0xb080d068       0x20 ../lib/pegasus_crt.a(write.o)
                                 0x38 (size before relaxing)
 .eh_frame      0xb080d088       0x20 ../lib/pegasus_crt.a(close.o)
                                 0x38 (size before relaxing)
 .eh_frame      0xb080d0a8       0x20 ../lib/pegasus_crt.a(wait.o)
                                 0x38 (size before relaxing)
 .eh_frame      0xb080d0c8       0x20 ../lib/pegasus_crt.a(fork.o)
                                 0x38 (size before relaxing)
 .eh_frame      0xb080d0e8       0x60 ../lib/pegasus_crt.a(exec.o)
                                 0x78 (size before relaxing)
 .eh_frame      0xb080d148       0x3c ../lib/pegasus_crt.a(main.o)
                                 0x54 (size before relaxing)
 .eh_frame      0xb080d184       0x20 ../lib/pegasus_crt.a(exec.o)
                                 0x38 (size before relaxing)
 .eh_frame      0xb080d1a4       0x80 ../lib/pegasus_crt.a(forkexit.o)
                                 0x98 (size before relaxing)
 .eh_frame      0xb080d224      0x364 ../lib/pegasus_crt.a(mem.o)
                                0x37c (size before relaxing)
 .eh_frame      0xb080d588       0xe0 ../lib/pegasus_crt.a(my_process.o)
                                 0xf8 (size before relaxing)
 .eh_frame      0xb080d668       0x80 ../lib/pegasus_crt.a(thread.o)
                                 0x98 (size before relaxing)
 .eh_frame      0xb080d6e8      0x27c ../lib/pegasus_crt.a(fs_main.o)
                                0x294 (size before relaxing)
 *(.eh_frame.*)

.sframe
 *(.sframe)
 *(.sframe.*)

.gcc_except_table
 *(.gcc_except_table .gcc_except_table.*)

.gnu_extab
 *(.gnu_extab*)

.exception_ranges
 *(.exception_ranges*)
                0xb080e000                        . = DATA_SEGMENT_ALIGN (CONSTANT (MAXPAGESIZE), CONSTANT (COMMONPAGESIZE))

.eh_frame
 *(.eh_frame)
 *(.eh_frame.*)

.sframe
 *(.sframe)
 *(.sframe.*)

.gnu_extab
 *(.gnu_extab)

.gcc_except_table
 *(.gcc_except_table .gcc_except_table.*)

.exception_ranges
 *(.exception_ranges*)

.tdata          0xb080e000        0x0
                [!provide]                        PROVIDE (__tdata_start = .)
 *(.tdata .tdata.* .gnu.linkonce.td.*)

.tbss
 *(.tbss .tbss.* .gnu.linkonce.tb.*)
 *(.tcommon)

.preinit_array  0xb080e000        0x0
                [!provide]                        PROVIDE (__preinit_array_start = .)
 *(.preinit_array)
                [!provide]                        PROVIDE (__preinit_array_end = .)

.init_array     0xb080e000        0x0
                [!provide]                        PROVIDE (__init_array_start = .)
 *(SORT_BY_INIT_PRIORITY(.init_array.*) SORT_BY_INIT_PRIORITY(.ctors.*))
 *(.init_array EXCLUDE_FILE(*crtend?.o *crtend.o *crtbegin?.o *crtbegin.o) .ctors)
                [!provide]                        PROVIDE (__init_array_end = .)

.fini_array     0xb080e000        0x0
                [!provide]                        PROVIDE (__fini_array_start = .)
 *(SORT_BY_INIT_PRIORITY(.fini_array.*) SORT_BY_INIT_PRIORITY(.dtors.*))
 *(.fini_array EXCLUDE_FILE(*crtend?.o *crtend.o *crtbegin?.o *crtbegin.o) .dtors)
                [!provide]                        PROVIDE (__fini_array_end = .)

.ctors
 *crtbegin.o(.ctors)
 *crtbegin?.o(.ctors)
 *(EXCLUDE_FILE(*crtend?.o *crtend.o) .ctors)
 *(SORT_BY_NAME(.ctors.*))
 *(.ctors)

.dtors
 *crtbegin.o(.dtors)
 *crtbegin?.o(.dtors)
 *(EXCLUDE_FILE(*crtend?.o *crtend.o) .dtors)
 *(SORT_BY_NAME(.dtors.*))
 *(.dtors)

.jcr
 *(.jcr)

.data.rel.ro
 *(.data.rel.ro.local* .gnu.linkonce.d.rel.ro.local.*)
 *(.data.rel.ro .data.rel.ro.* .gnu.linkonce.d.rel.ro.*)

.dynamic
 *(.dynamic)

.got            0xb080e000        0x0
 *(.got)
 .got           0xb080e000        0x0 test.o
 *(.igot)
                0xb080e000                        . = DATA_SEGMENT_RELRO_END (., (SIZEOF (.got.plt) >= 0xc)?0xc:0x0)

.got.plt        0xb080e000        0x0
 *(.got.plt)
 .got.plt       0xb080e000        0x0 test.o
 *(.igot.plt)
 .igot.plt      0xb080e000        0x0 test.o

.data           0xb080e000      0x760
 *(.data .data.* .gnu.linkonce.d.*)
 .data          0xb080e000        0x0 test.o
 .data          0xb080e000        0x0 ../lib/pegasus_crt.a(exit.o)
 .data          0xb080e000        0x0 ../lib/pegasus_crt.a(kernel_main_old.o)
 .data          0xb080e000        0x0 ../lib/pegasus_crt.a(double_link_list.o)
 .data          0xb080e000        0xf ../lib/pegasus_crt.a(kernel.o)
 .data          0xb080e00f        0x0 ../lib/pegasus_crt.a(hd.o)
 *fill*         0xb080e00f        0x1 
 .data          0xb080e010        0x0 ../lib/pegasus_crt.a(syscall.o)
 *fill*         0xb080e010       0x10 
 .data          0xb080e020      0x128 ../lib/pegasus_crt.a(global.o)
                0xb080e020                user_task_table
                0xb080e0a0                sys_task_table
                0xb080e12c                sys_call_table
 .data          0xb080e148        0x0 ../lib/pegasus_crt.a(process.o)
 .data          0xb080e148        0x0 ../lib/pegasus_crt.a(protect.o)
 .data          0xb080e148        0x0 ../lib/pegasus_crt.a(console.o)
 *fill*         0xb080e148       0x18 
 .data          0xb080e160      0x600 ../lib/pegasus_crt.a(keyboard.o)
                0xb080e160                keymap
 .data          0xb080e760        0x0 ../lib/pegasus_crt.a(open.o)
 .data          0xb080e760        0x0 ../lib/pegasus_crt.a(read.o)
 .data          0xb080e760        0x0 ../lib/pegasus_crt.a(write.o)
 .data          0xb080e760        0x0 ../lib/pegasus_crt.a(close.o)
 .data          0xb080e760        0x0 ../lib/pegasus_crt.a(wait.o)
 .data          0xb080e760        0x0 ../lib/pegasus_crt.a(fork.o)
 .data          0xb080e760        0x0 ../lib/pegasus_crt.a(exec.o)
 .data          0xb080e760        0x0 ../lib/pegasus_crt.a(main.o)
 .data          0xb080e760        0x0 ../lib/pegasus_crt.a(exec.o)
 .data          0xb080e760        0x0 ../lib/pegasus_crt.a(forkexit.o)
 .data          0xb080e760        0x0 ../lib/pegasus_crt.a(mem.o)
 .data          0xb080e760        0x0 ../lib/pegasus_crt.a(my_process.o)
 .data          0xb080e760        0x0 ../lib/pegasus_crt.a(thread.o)
 .data          0xb080e760        0x0 ../lib/pegasus_crt.a(fs_main.o)

.data1
 *(.data1)
                0xb080e760                        _edata = .
                [!provide]                        PROVIDE (edata = .)
                0xb080e760                        . = .
                0xb080e760                        __bss_start = .

.bss            0xb080e760    0x74968
 *(.dynbss)
 *(.bss .bss.* .gnu.linkonce.b.*)
 .bss           0xb080e760        0x0 test.o
 .bss           0xb080e760        0x0 ../lib/pegasus_crt.a(exit.o)
 .bss           0xb080e760        0x0 ../lib/pegasus_crt.a(kernel_main_old.o)
 .bss           0xb080e760        0x0 ../lib/pegasus_crt.a(double_link_list.o)
 .bss           0xb080e760      0x800 ../lib/pegasus_crt.a(kernel.o)
 .bss           0xb080ef60        0x0 ../lib/pegasus_crt.a(hd.o)
 .bss           0xb080ef60        0x0 ../lib/pegasus_crt.a(global.o)
 .bss           0xb080ef60        0x0 ../lib/pegasus_crt.a(process.o)
 .bss           0xb080ef60        0x0 ../lib/pegasus_crt.a(protect.o)
 .bss           0xb080ef60        0x0 ../lib/pegasus_crt.a(console.o)
 .bss           0xb080ef60        0x0 ../lib/pegasus_crt.a(keyboard.o)
 .bss           0xb080ef60        0x0 ../lib/pegasus_crt.a(open.o)
 .bss           0xb080ef60        0x0 ../lib/pegasus_crt.a(read.o)
 .bss           0xb080ef60        0x0 ../lib/pegasus_crt.a(write.o)
 .bss           0xb080ef60        0x0 ../lib/pegasus_crt.a(close.o)
 .bss           0xb080ef60        0x0 ../lib/pegasus_crt.a(wait.o)
 .bss           0xb080ef60        0x0 ../lib/pegasus_crt.a(fork.o)
 .bss           0xb080ef60        0x0 ../lib/pegasus_crt.a(exec.o)
 .bss           0xb080ef60        0x0 ../lib/pegasus_crt.a(main.o)
 .bss           0xb080ef60        0x0 ../lib/pegasus_crt.a(exec.o)
 .bss           0xb080ef60        0x0 ../lib/pegasus_crt.a(forkexit.o)
 .bss           0xb080ef60        0x0 ../lib/pegasus_crt.a(mem.o)
 .bss           0xb080ef60        0x0 ../lib/pegasus_crt.a(my_process.o)
 .bss           0xb080ef60        0x0 ../lib/pegasus_crt.a(thread.o)
 .bss           0xb080ef60        0x4 ../lib/pegasus_crt.a(fs_main.o)
                0xb080ef60                c
 *(COMMON)
 *fill*         0xb080ef64       0x1c 
 COMMON         0xb080ef80     0x1788 ../lib/pegasus_crt.a(exit.o)
                0xb080ef80                current_tty
                0xb080ef84                is_e0
                0xb080ef88                idt_ptr
                0xb080ef90                pid
                0xb080ef94                current_dis_pos
                0xb080ef98                dis_pos
                0xb080ef9c                k_reenter
                0xb080efa0                gdt
                0xb080f3a0                proc_ready_table
                0xb080f3a4                test_ticks
                0xb080f3a8                pcaller
                0xb080f3c0                keyboard_buffer
                0xb080f5cc                pcb_list
                0xb080f5dc                gdt_index
                0xb080f5e0                tty_table
                0xb080fe20                tss
                0xb080fe8c                net_buf
                0xb080fe90                counter
                0xb080fe94                key_pressed
                0xb080fe98                fork_pid
                0xb080fe9c                is_shift
                0xb080fe9d                net_data
                0xb080fea0                gdt_ptr
                0xb080fec0                idt
                0xb08106c0                main_thread
                0xb08106c8                ticks
                0xb08106d0                is_init
                0xb08106d4                all_pcb_list
                0xb08106e4                console_table
                0xb08106f4                is_disp
                0xb08106f8                MAIN_THREAD_PAGE_DIRECTORY
                0xb08106fc                helloStr
 COMMON         0xb0810708       0x2c ../lib/pegasus_crt.a(kernel_main_old.o)
                0xb0810708                KernelVirtualMemory
                0xb0810714                KernelPool
                0xb0810724                UserPool
 *fill*         0xb0810734        0xc 
 COMMON         0xb0810740      0x440 ../lib/pegasus_crt.a(hd.o)
                0xb0810740                hd_info
                0xb0810980                hd_cache
 COMMON         0xb0810b80    0x715e0 ../lib/pegasus_crt.a(global.o)
                0xb0810b80                proc_stack
                0xb0880b80                proc_table
 COMMON         0xb0882160       0xf0 ../lib/pegasus_crt.a(mem.o)
                0xb0882160                kernel_mem_block_decs_array
 *fill*         0xb0882250       0x10 
 COMMON         0xb0882260      0xe68 ../lib/pegasus_crt.a(fs_main.o)
                0xb0882260                file_desc_table
                0xb0882660                phy_super_block_buf
                0xb0882664                phy_fsbuf
                0xb0882680                inode_table
                0xb0883080                super_block_buf
                0xb0883084                fsbuf
                0xb08830a0                root
                0xb08830c8                        . = ALIGN ((. != 0x0)?0x4:0x1)
                0xb08830c8                        . = ALIGN (0x4)
                0xb08830c8                        . = SEGMENT_START ("ldata-segment", .)
                0xb08830c8                        . = ALIGN (0x4)
                0xb08830c8                        _end = .
                [!provide]                        PROVIDE (end = .)
                0xb08830c8                        . = DATA_SEGMENT_END (.)

.stab
 *(.stab)

.stabstr
 *(.stabstr)

.stab.excl
 *(.stab.excl)

.stab.exclstr
 *(.stab.exclstr)

.stab.index
 *(.stab.index)

.stab.indexstr
 *(.stab.indexstr)

.comment        0x00000000       0x2c
 *(.comment)
 .comment       0x00000000       0x2c test.o
                                 0x2d (size before relaxing)
 .comment       0x0000002c       0x2d ../lib/pegasus_crt.a(exit.o)
 .comment       0x0000002c       0x2d ../lib/pegasus_crt.a(kernel_main_old.o)
 .comment       0x0000002c       0x2d ../lib/pegasus_crt.a(double_link_list.o)
 .comment       0x0000002c       0x2d ../lib/pegasus_crt.a(hd.o)
 .comment       0x0000002c       0x2d ../lib/pegasus_crt.a(global.o)
 .comment       0x0000002c       0x2d ../lib/pegasus_crt.a(process.o)
 .comment       0x0000002c       0x2d ../lib/pegasus_crt.a(protect.o)
 .comment       0x0000002c       0x2d ../lib/pegasus_crt.a(console.o)
 .comment       0x0000002c       0x2d ../lib/pegasus_crt.a(keyboard.o)
 .comment       0x0000002c       0x2d ../lib/pegasus_crt.a(open.o)
 .comment       0x0000002c       0x2d ../lib/pegasus_crt.a(read.o)
 .comment       0x0000002c       0x2d ../lib/pegasus_crt.a(write.o)
 .comment       0x0000002c       0x2d ../lib/pegasus_crt.a(close.o)
 .comment       0x0000002c       0x2d ../lib/pegasus_crt.a(wait.o)
 .comment       0x0000002c       0x2d ../lib/pegasus_crt.a(fork.o)
 .comment       0x0000002c       0x2d ../lib/pegasus_crt.a(exec.o)
 .comment       0x0000002c       0x2d ../lib/pegasus_crt.a(main.o)
 .comment       0x0000002c       0x2d ../lib/pegasus_crt.a(exec.o)
 .comment       0x0000002c       0x2d ../lib/pegasus_crt.a(forkexit.o)
 .comment       0x0000002c       0x2d ../lib/pegasus_crt.a(mem.o)
 .comment       0x0000002c       0x2d ../lib/pegasus_crt.a(my_process.o)
 .comment       0x0000002c       0x2d ../lib/pegasus_crt.a(thread.o)
 .comment       0x0000002c       0x2d ../lib/pegasus_crt.a(fs_main.o)

.gnu.build.attributes
 *(.gnu.build.attributes .gnu.build.attributes.*)

.debug
 *(.debug)

.line
 *(.line)

.debug_srcinfo
 *(.debug_srcinfo)

.debug_sfnames
 *(.debug_sfnames)

.debug_aranges  0x00000000      0x2d8
 *(.debug_aranges)
 .debug_aranges
                0x00000000       0x20 ../lib/pegasus_crt.a(exit.o)
 .debug_aranges
                0x00000020       0x20 ../lib/pegasus_crt.a(kernel_main_old.o)
 .debug_aranges
                0x00000040       0x20 ../lib/pegasus_crt.a(double_link_list.o)
 .debug_aranges
                0x00000060       0x20 ../lib/pegasus_crt.a(hd.o)
 .debug_aranges
                0x00000080       0x18 ../lib/pegasus_crt.a(global.o)
 .debug_aranges
                0x00000098       0x20 ../lib/pegasus_crt.a(process.o)
 .debug_aranges
                0x000000b8       0x20 ../lib/pegasus_crt.a(protect.o)
 .debug_aranges
                0x000000d8       0x20 ../lib/pegasus_crt.a(console.o)
 .debug_aranges
                0x000000f8       0x20 ../lib/pegasus_crt.a(keyboard.o)
 .debug_aranges
                0x00000118       0x20 ../lib/pegasus_crt.a(open.o)
 .debug_aranges
                0x00000138       0x20 ../lib/pegasus_crt.a(read.o)
 .debug_aranges
                0x00000158       0x20 ../lib/pegasus_crt.a(write.o)
 .debug_aranges
                0x00000178       0x20 ../lib/pegasus_crt.a(close.o)
 .debug_aranges
                0x00000198       0x20 ../lib/pegasus_crt.a(wait.o)
 .debug_aranges
                0x000001b8       0x20 ../lib/pegasus_crt.a(fork.o)
 .debug_aranges
                0x000001d8       0x20 ../lib/pegasus_crt.a(exec.o)
 .debug_aranges
                0x000001f8       0x20 ../lib/pegasus_crt.a(main.o)
 .debug_aranges
                0x00000218       0x20 ../lib/pegasus_crt.a(exec.o)
 .debug_aranges
                0x00000238       0x20 ../lib/pegasus_crt.a(forkexit.o)
 .debug_aranges
                0x00000258       0x20 ../lib/pegasus_crt.a(mem.o)
 .debug_aranges
                0x00000278       0x20 ../lib/pegasus_crt.a(my_process.o)
 .debug_aranges
                0x00000298       0x20 ../lib/pegasus_crt.a(thread.o)
 .debug_aranges
                0x000002b8       0x20 ../lib/pegasus_crt.a(fs_main.o)

.debug_pubnames
 *(.debug_pubnames)

.debug_info     0x00000000    0x1a363
 *(.debug_info .gnu.linkonce.wi.*)
 .debug_info    0x00000000      0xda1 ../lib/pegasus_crt.a(exit.o)
 .debug_info    0x00000da1     0x27b3 ../lib/pegasus_crt.a(kernel_main_old.o)
 .debug_info    0x00003554     0x1032 ../lib/pegasus_crt.a(double_link_list.o)
 .debug_info    0x00004586     0x1949 ../lib/pegasus_crt.a(hd.o)
 .debug_info    0x00005ecf      0xe78 ../lib/pegasus_crt.a(global.o)
 .debug_info    0x00006d47      0xf61 ../lib/pegasus_crt.a(process.o)
 .debug_info    0x00007ca8     0x11a3 ../lib/pegasus_crt.a(protect.o)
 .debug_info    0x00008e4b     0x1278 ../lib/pegasus_crt.a(console.o)
 .debug_info    0x0000a0c3      0xfcc ../lib/pegasus_crt.a(keyboard.o)
 .debug_info    0x0000b08f      0xdf0 ../lib/pegasus_crt.a(open.o)
 .debug_info    0x0000be7f      0xe8f ../lib/pegasus_crt.a(read.o)
 .debug_info    0x0000cd0e      0xe1d ../lib/pegasus_crt.a(write.o)
 .debug_info    0x0000db2b      0xda4 ../lib/pegasus_crt.a(close.o)
 .debug_info    0x0000e8cf      0xdaf ../lib/pegasus_crt.a(wait.o)
 .debug_info    0x0000f67e      0xd96 ../lib/pegasus_crt.a(fork.o)
 .debug_info    0x00010414      0xf2e ../lib/pegasus_crt.a(exec.o)
 .debug_info    0x00011342      0xdba ../lib/pegasus_crt.a(main.o)
 .debug_info    0x000120fc     0x11b8 ../lib/pegasus_crt.a(exec.o)
 .debug_info    0x000132b4      0xfaa ../lib/pegasus_crt.a(forkexit.o)
 .debug_info    0x0001425e     0x1cfa ../lib/pegasus_crt.a(mem.o)
 .debug_info    0x00015f58     0x148b ../lib/pegasus_crt.a(my_process.o)
 .debug_info    0x000173e3     0x1057 ../lib/pegasus_crt.a(thread.o)
 .debug_info    0x0001843a     0x1f29 ../lib/pegasus_crt.a(fs_main.o)

.debug_abbrev   0x00000000     0x316a
 *(.debug_abbrev)
 .debug_abbrev  0x00000000      0x19b ../lib/pegasus_crt.a(exit.o)
 .debug_abbrev  0x0000019b      0x452 ../lib/pegasus_crt.a(kernel_main_old.o)
 .debug_abbrev  0x000005ed      0x216 ../lib/pegasus_crt.a(double_link_list.o)
 .debug_abbrev  0x00000803      0x2fa ../lib/pegasus_crt.a(hd.o)
 .debug_abbrev  0x00000afd      0x157 ../lib/pegasus_crt.a(global.o)
 .debug_abbrev  0x00000c54      0x1e0 ../lib/pegasus_crt.a(process.o)
 .debug_abbrev  0x00000e34      0x227 ../lib/pegasus_crt.a(protect.o)
 .debug_abbrev  0x0000105b      0x2ac ../lib/pegasus_crt.a(console.o)
 .debug_abbrev  0x00001307      0x1fb ../lib/pegasus_crt.a(keyboard.o)
 .debug_abbrev  0x00001502      0x1c5 ../lib/pegasus_crt.a(open.o)
 .debug_abbrev  0x000016c7      0x1ef ../lib/pegasus_crt.a(read.o)
 .debug_abbrev  0x000018b6      0x1db ../lib/pegasus_crt.a(write.o)
 .debug_abbrev  0x00001a91      0x19d ../lib/pegasus_crt.a(close.o)
 .debug_abbrev  0x00001c2e      0x19f ../lib/pegasus_crt.a(wait.o)
 .debug_abbrev  0x00001dcd      0x18a ../lib/pegasus_crt.a(fork.o)
 .debug_abbrev  0x00001f57      0x1e8 ../lib/pegasus_crt.a(exec.o)
 .debug_abbrev  0x0000213f      0x208 ../lib/pegasus_crt.a(main.o)
 .debug_abbrev  0x00002347      0x1c4 ../lib/pegasus_crt.a(exec.o)
 .debug_abbrev  0x0000250b      0x204 ../lib/pegasus_crt.a(forkexit.o)
 .debug_abbrev  0x0000270f      0x2ea ../lib/pegasus_crt.a(mem.o)
 .debug_abbrev  0x000029f9      0x260 ../lib/pegasus_crt.a(my_process.o)
 .debug_abbrev  0x00002c59      0x222 ../lib/pegasus_crt.a(thread.o)
 .debug_abbrev  0x00002e7b      0x2ef ../lib/pegasus_crt.a(fs_main.o)

.debug_line     0x00000000     0x471b
 *(.debug_line .debug_line.* .debug_line_end)
 .debug_line    0x00000000       0xa0 ../lib/pegasus_crt.a(exit.o)
 .debug_line    0x000000a0      0xdff ../lib/pegasus_crt.a(kernel_main_old.o)
 .debug_line    0x00000e9f      0x253 ../lib/pegasus_crt.a(double_link_list.o)
 .debug_line    0x000010f2      0x6dd ../lib/pegasus_crt.a(hd.o)
 .debug_line    0x000017cf       0x95 ../lib/pegasus_crt.a(global.o)
 .debug_line    0x00001864      0x180 ../lib/pegasus_crt.a(process.o)
 .debug_line    0x000019e4      0x1ff ../lib/pegasus_crt.a(protect.o)
 .debug_line    0x00001be3      0x54e ../lib/pegasus_crt.a(console.o)
 .debug_line    0x00002131      0x296 ../lib/pegasus_crt.a(keyboard.o)
 .debug_line    0x000023c7       0xbd ../lib/pegasus_crt.a(open.o)
 .debug_line    0x00002484      0x155 ../lib/pegasus_crt.a(read.o)
 .debug_line    0x000025d9       0xbc ../lib/pegasus_crt.a(write.o)
 .debug_line    0x00002695       0xad ../lib/pegasus_crt.a(close.o)
 .debug_line    0x00002742       0xb7 ../lib/pegasus_crt.a(wait.o)
 .debug_line    0x000027f9       0xa5 ../lib/pegasus_crt.a(fork.o)
 .debug_line    0x0000289e      0x18b ../lib/pegasus_crt.a(exec.o)
 .debug_line    0x00002a29       0xec ../lib/pegasus_crt.a(main.o)
 .debug_line    0x00002b15      0x20c ../lib/pegasus_crt.a(exec.o)
 .debug_line    0x00002d21      0x17a ../lib/pegasus_crt.a(forkexit.o)
 .debug_line    0x00002e9b      0x7e6 ../lib/pegasus_crt.a(mem.o)
 .debug_line    0x00003681      0x33b ../lib/pegasus_crt.a(my_process.o)
 .debug_line    0x000039bc      0x145 ../lib/pegasus_crt.a(thread.o)
 .debug_line    0x00003b01      0xc1a ../lib/pegasus_crt.a(fs_main.o)

.debug_frame
 *(.debug_frame)

.debug_str      0x00000000     0x1e48
 *(.debug_str)
 .debug_str     0x00000000     0x1e48 ../lib/pegasus_crt.a(exit.o)
                                0x594 (size before relaxing)
 .debug_str     0x00001e48      0xb51 ../lib/pegasus_crt.a(kernel_main_old.o)
 .debug_str     0x00001e48      0x6c0 ../lib/pegasus_crt.a(double_link_list.o)
 .debug_str     0x00001e48      0x939 ../lib/pegasus_crt.a(hd.o)
 .debug_str     0x00001e48      0x5ff ../lib/pegasus_crt.a(global.o)
 .debug_str     0x00001e48      0x639 ../lib/pegasus_crt.a(process.o)
 .debug_str     0x00001e48      0x75a ../lib/pegasus_crt.a(protect.o)
 .debug_str     0x00001e48      0x74e ../lib/pegasus_crt.a(console.o)
 .debug_str     0x00001e48      0x68b ../lib/pegasus_crt.a(keyboard.o)
 .debug_str     0x00001e48      0x5c7 ../lib/pegasus_crt.a(open.o)
 .debug_str     0x00001e48      0x600 ../lib/pegasus_crt.a(read.o)
 .debug_str     0x00001e48      0x5c4 ../lib/pegasus_crt.a(write.o)
 .debug_str     0x00001e48      0x58f ../lib/pegasus_crt.a(close.o)
 .debug_str     0x00001e48      0x594 ../lib/pegasus_crt.a(wait.o)
 .debug_str     0x00001e48      0x58d ../lib/pegasus_crt.a(fork.o)
 .debug_str     0x00001e48      0x61b ../lib/pegasus_crt.a(exec.o)
 .debug_str     0x00001e48      0x587 ../lib/pegasus_crt.a(main.o)
 .debug_str     0x00001e48      0x85c ../lib/pegasus_crt.a(exec.o)
 .debug_str     0x00001e48      0x606 ../lib/pegasus_crt.a(forkexit.o)
 .debug_str     0x00001e48      0xa6d ../lib/pegasus_crt.a(mem.o)
 .debug_str     0x00001e48      0x8ed ../lib/pegasus_crt.a(my_process.o)
 .debug_str     0x00001e48      0x706 ../lib/pegasus_crt.a(thread.o)
 .debug_str     0x00001e48      0xae9 ../lib/pegasus_crt.a(fs_main.o)

.debug_loc
 *(.debug_loc)

.debug_macinfo
 *(.debug_macinfo)

.debug_weaknames
 *(.debug_weaknames)

.debug_funcnames
 *(.debug_funcnames)

.debug_typenames
 *(.debug_typenames)

.debug_varnames
 *(.debug_varnames)

.debug_pubtypes
 *(.debug_pubtypes)

.debug_ranges   0x00000000       0x90
 *(.debug_ranges)
 .debug_ranges  0x00000000       0x30 ../lib/pegasus_crt.a(kernel_main_old.o)
 .debug_ranges  0x00000030       0x48 ../lib/pegasus_crt.a(hd.o)
 .debug_ranges  0x00000078       0x18 ../lib/pegasus_crt.a(exec.o)

.debug_addr
 *(.debug_addr)

.debug_line_str
 *(.debug_line_str)

.debug_loclists
 *(.debug_loclists)

.debug_macro
 *(.debug_macro)

.debug_names
 *(.debug_names)

.debug_rnglists
 *(.debug_rnglists)

.debug_str_offsets
 *(.debug_str_offsets)

.debug_sup
 *(.debug_sup)

.gnu.attributes
 *(.gnu.attributes)

/DISCARD/
 *(.note.GNU-stack)
 *(.gnu_debuglink)
 *(.gnu.lto_*)
OUTPUT(test elf32-i386)
