Archive member included to satisfy reference by file (symbol)

pegasus_crt.a(kernel_main_old.o)
                              test.o (Printf)
pegasus_crt.a(keyboard.o)     pegasus_crt.a(kernel_main_old.o) (init_keyboard_handler)
pegasus_crt.a(process.o)      pegasus_crt.a(kernel_main_old.o) (schedule_process)
pegasus_crt.a(mem.o)          pegasus_crt.a(kernel_main_old.o) (ptr_pde)
pegasus_crt.a(exec.o)         pegasus_crt.a(kernel_main_old.o) (execl)
pegasus_crt.a(exit.o)         start.o (exit)
pegasus_crt.a(wait.o)         pegasus_crt.a(kernel_main_old.o) (wait)
pegasus_crt.a(fork.o)         pegasus_crt.a(kernel_main_old.o) (fork)
pegasus_crt.a(read.o)         pegasus_crt.a(kernel_main_old.o) (read)
pegasus_crt.a(open.o)         pegasus_crt.a(kernel_main_old.o) (open)
pegasus_crt.a(write.o)        pegasus_crt.a(kernel_main_old.o) (write)
pegasus_crt.a(close.o)        pegasus_crt.a(kernel_main_old.o) (close)
pegasus_crt.a(kernel.o)       pegasus_crt.a(kernel_main_old.o) (disp_str)
pegasus_crt.a(switch_to.o)    pegasus_crt.a(process.o) (switch_to)
pegasus_crt.a(string.o)       pegasus_crt.a(kernel_main_old.o) (Memcpy2)
pegasus_crt.a(syscall.o)      pegasus_crt.a(kernel_main_old.o) (write_debug)
pegasus_crt.a(double_link_list.o)
                              pegasus_crt.a(mem.o) (initDoubleLinkList)
pegasus_crt.a(global.o)       pegasus_crt.a(kernel.o) (sys_call_table)
pegasus_crt.a(console.o)      pegasus_crt.a(keyboard.o) (select_console)
pegasus_crt.a(protect.o)      pegasus_crt.a(kernel_main_old.o) (InitInterruptDesc)
pegasus_crt.a(task_network.o)
                              pegasus_crt.a(global.o) (task_network)
pegasus_crt.a(hd.o)           pegasus_crt.a(global.o) (TaskHD)
pegasus_crt.a(fs_main.o)      pegasus_crt.a(global.o) (task_fs)
pegasus_crt.a(main.o)         pegasus_crt.a(global.o) (TaskMM)
pegasus_crt.a(strcmp.o)       pegasus_crt.a(fs_main.o) (strcmp)
pegasus_crt.a(hd_rdwt.o)      pegasus_crt.a(hd.o) (read_port)
pegasus_crt.a(netdev.o)       pegasus_crt.a(task_network.o) (netdev_rx_loop)
pegasus_crt.a(arp.o)          pegasus_crt.a(netdev.o) (arp_rcv)
pegasus_crt.a(skbuff.o)       pegasus_crt.a(netdev.o) (alloc_skb)
pegasus_crt.a(utils.o)        pegasus_crt.a(arp.o) (print_err)
pegasus_crt.a(forkexit.o)     pegasus_crt.a(main.o) (do_fork)
pegasus_crt.a(exec.o)         pegasus_crt.a(main.o) (do_exec)
pegasus_crt.a(perror.o)       pegasus_crt.a(netdev.o) (perror)
pegasus_crt.a(sscanf.o)       pegasus_crt.a(netdev.o) (sscanf)
pegasus_crt.a(ntohs.o)        pegasus_crt.a(netdev.o) (ntohs)
pegasus_crt.a(htonl.o)        pegasus_crt.a(arp.o) (htonl)
pegasus_crt.a(htons.o)        pegasus_crt.a(netdev.o) (htons)
pegasus_crt.a(inet_pton.o)    pegasus_crt.a(netdev.o) (inet_pton)
pegasus_crt.a(ntohl.o)        pegasus_crt.a(netdev.o) (ntohl)
pegasus_crt.a(ne2000.o)       pegasus_crt.a(netdev.o) (DriverSend)
pegasus_crt.a(my_process.o)   pegasus_crt.a(forkexit.o) (fork_process)
pegasus_crt.a(thread.o)       pegasus_crt.a(my_process.o) (thread_init)
pegasus_crt.a(ip_input.o)     pegasus_crt.a(netdev.o) (ip_rcv)
pegasus_crt.a(tcp.o)          pegasus_crt.a(ip_input.o) (tcp_in)
pegasus_crt.a(tcp_sock.o)     pegasus_crt.a(tcp.o) (tcp_established_or_syn_recvd_socks_remove)
pegasus_crt.a(icmpv4.o)       pegasus_crt.a(ip_input.o) (icmpv4_incoming)
pegasus_crt.a(tcp_input.o)    pegasus_crt.a(tcp.o) (tcp_process)
pegasus_crt.a(udp.o)          pegasus_crt.a(ip_input.o) (udp_in)
pegasus_crt.a(tcp_data.o)     pegasus_crt.a(tcp_input.o) (tcp_data_dequeue)
pegasus_crt.a(strtok.o)       pegasus_crt.a(inet_pton.o) (strtok)
pegasus_crt.a(strpbrk.o)      pegasus_crt.a(strtok.o) (strpbrk)
pegasus_crt.a(udp_sock.o)     pegasus_crt.a(udp.o) (udp_lookup_sock)
pegasus_crt.a(ip_output.o)    pegasus_crt.a(icmpv4.o) (ip_output)
pegasus_crt.a(sock.o)         pegasus_crt.a(tcp_sock.o) (sk_free)
pegasus_crt.a(tcp_output.o)   pegasus_crt.a(tcp_input.o) (tcp_send_synack)
pegasus_crt.a(route.o)        pegasus_crt.a(ip_output.o) (route_lookup)
pegasus_crt.a(dst.o)          pegasus_crt.a(ip_output.o) (dst_neigh_output)

Merging program properties

Removed property 0xc0010001 to merge test.o (0x1) and start.o (not found)
Removed property 0xc0010002 to merge test.o (0x0) and start.o (not found)
Removed property 0xc0010001 to merge test.o (not found) and pegasus_crt.a(kernel_main_old.o) (0x1)
Removed property 0xc0010002 to merge test.o (not found) and pegasus_crt.a(kernel_main_old.o) (0x1)
Removed property 0xc0010001 to merge test.o (not found) and pegasus_crt.a(keyboard.o) (0x1)
Removed property 0xc0010002 to merge test.o (not found) and pegasus_crt.a(keyboard.o) (0x0)
Removed property 0xc0010001 to merge test.o (not found) and pegasus_crt.a(process.o) (0x1)
Removed property 0xc0010002 to merge test.o (not found) and pegasus_crt.a(process.o) (0x0)
Removed property 0xc0010001 to merge test.o (not found) and pegasus_crt.a(mem.o) (0x1)
Removed property 0xc0010002 to merge test.o (not found) and pegasus_crt.a(mem.o) (0x1)
Removed property 0xc0010001 to merge test.o (not found) and pegasus_crt.a(exec.o) (0x1)
Removed property 0xc0010002 to merge test.o (not found) and pegasus_crt.a(exec.o) (0x0)
Removed property 0xc0010001 to merge test.o (not found) and pegasus_crt.a(exit.o) (0x1)
Removed property 0xc0010002 to merge test.o (not found) and pegasus_crt.a(exit.o) (0x0)
Removed property 0xc0010001 to merge test.o (not found) and pegasus_crt.a(wait.o) (0x1)
Removed property 0xc0010002 to merge test.o (not found) and pegasus_crt.a(wait.o) (0x0)
Removed property 0xc0010001 to merge test.o (not found) and pegasus_crt.a(fork.o) (0x1)
Removed property 0xc0010002 to merge test.o (not found) and pegasus_crt.a(fork.o) (0x0)
Removed property 0xc0010001 to merge test.o (not found) and pegasus_crt.a(read.o) (0x1)
Removed property 0xc0010002 to merge test.o (not found) and pegasus_crt.a(read.o) (0x0)
Removed property 0xc0010001 to merge test.o (not found) and pegasus_crt.a(open.o) (0x1)
Removed property 0xc0010002 to merge test.o (not found) and pegasus_crt.a(open.o) (0x0)
Removed property 0xc0010001 to merge test.o (not found) and pegasus_crt.a(write.o) (0x1)
Removed property 0xc0010002 to merge test.o (not found) and pegasus_crt.a(write.o) (0x0)
Removed property 0xc0010001 to merge test.o (not found) and pegasus_crt.a(close.o) (0x1)
Removed property 0xc0010002 to merge test.o (not found) and pegasus_crt.a(close.o) (0x0)
Removed property 0xc0010001 to merge test.o (not found) and pegasus_crt.a(double_link_list.o) (0x1)
Removed property 0xc0010002 to merge test.o (not found) and pegasus_crt.a(double_link_list.o) (0x0)
Removed property 0xc0010001 to merge test.o (not found) and pegasus_crt.a(global.o) (0x1)
Removed property 0xc0010002 to merge test.o (not found) and pegasus_crt.a(global.o) (0x0)
Removed property 0xc0010001 to merge test.o (not found) and pegasus_crt.a(console.o) (0x1)
Removed property 0xc0010002 to merge test.o (not found) and pegasus_crt.a(console.o) (0x1)
Removed property 0xc0010001 to merge test.o (not found) and pegasus_crt.a(protect.o) (0x1)
Removed property 0xc0010002 to merge test.o (not found) and pegasus_crt.a(protect.o) (0x0)
Removed property 0xc0010001 to merge test.o (not found) and pegasus_crt.a(task_network.o) (0x1)
Removed property 0xc0010002 to merge test.o (not found) and pegasus_crt.a(task_network.o) (0x0)
Removed property 0xc0010001 to merge test.o (not found) and pegasus_crt.a(hd.o) (0x1)
Removed property 0xc0010002 to merge test.o (not found) and pegasus_crt.a(hd.o) (0x1)
Removed property 0xc0010001 to merge test.o (not found) and pegasus_crt.a(fs_main.o) (0x1)
Removed property 0xc0010002 to merge test.o (not found) and pegasus_crt.a(fs_main.o) (0x1)
Removed property 0xc0010001 to merge test.o (not found) and pegasus_crt.a(main.o) (0x1)
Removed property 0xc0010002 to merge test.o (not found) and pegasus_crt.a(main.o) (0x0)
Removed property 0xc0010001 to merge test.o (not found) and pegasus_crt.a(strcmp.o) (0x1)
Removed property 0xc0010002 to merge test.o (not found) and pegasus_crt.a(strcmp.o) (0x1)
Removed property 0xc0010001 to merge test.o (not found) and pegasus_crt.a(netdev.o) (0x1)
Removed property 0xc0010002 to merge test.o (not found) and pegasus_crt.a(netdev.o) (0x0)
Removed property 0xc0010001 to merge test.o (not found) and pegasus_crt.a(arp.o) (0x1)
Removed property 0xc0010002 to merge test.o (not found) and pegasus_crt.a(arp.o) (0x0)
Removed property 0xc0010001 to merge test.o (not found) and pegasus_crt.a(skbuff.o) (0x1)
Removed property 0xc0010002 to merge test.o (not found) and pegasus_crt.a(skbuff.o) (0x0)
Removed property 0xc0010001 to merge test.o (not found) and pegasus_crt.a(utils.o) (0x1)
Removed property 0xc0010002 to merge test.o (not found) and pegasus_crt.a(utils.o) (0x0)
Removed property 0xc0010001 to merge test.o (not found) and pegasus_crt.a(forkexit.o) (0x1)
Removed property 0xc0010002 to merge test.o (not found) and pegasus_crt.a(forkexit.o) (0x0)
Removed property 0xc0010001 to merge test.o (not found) and pegasus_crt.a(exec.o) (0x1)
Removed property 0xc0010002 to merge test.o (not found) and pegasus_crt.a(exec.o) (0x0)
Removed property 0xc0010001 to merge test.o (not found) and pegasus_crt.a(perror.o) (0x1)
Removed property 0xc0010002 to merge test.o (not found) and pegasus_crt.a(perror.o) (0x0)
Removed property 0xc0010001 to merge test.o (not found) and pegasus_crt.a(sscanf.o) (0x1)
Removed property 0xc0010002 to merge test.o (not found) and pegasus_crt.a(sscanf.o) (0x0)
Removed property 0xc0010001 to merge test.o (not found) and pegasus_crt.a(ntohs.o) (0x1)
Removed property 0xc0010002 to merge test.o (not found) and pegasus_crt.a(ntohs.o) (0x0)
Removed property 0xc0010001 to merge test.o (not found) and pegasus_crt.a(htonl.o) (0x1)
Removed property 0xc0010002 to merge test.o (not found) and pegasus_crt.a(htonl.o) (0x0)
Removed property 0xc0010001 to merge test.o (not found) and pegasus_crt.a(htons.o) (0x1)
Removed property 0xc0010002 to merge test.o (not found) and pegasus_crt.a(htons.o) (0x0)
Removed property 0xc0010001 to merge test.o (not found) and pegasus_crt.a(inet_pton.o) (0x1)
Removed property 0xc0010002 to merge test.o (not found) and pegasus_crt.a(inet_pton.o) (0x0)
Removed property 0xc0010001 to merge test.o (not found) and pegasus_crt.a(ntohl.o) (0x1)
Removed property 0xc0010002 to merge test.o (not found) and pegasus_crt.a(ntohl.o) (0x0)
Removed property 0xc0010001 to merge test.o (not found) and pegasus_crt.a(my_process.o) (0x1)
Removed property 0xc0010002 to merge test.o (not found) and pegasus_crt.a(my_process.o) (0x1)
Removed property 0xc0010001 to merge test.o (not found) and pegasus_crt.a(thread.o) (0x1)
Removed property 0xc0010002 to merge test.o (not found) and pegasus_crt.a(thread.o) (0x0)
Removed property 0xc0010001 to merge test.o (not found) and pegasus_crt.a(ip_input.o) (0x1)
Removed property 0xc0010002 to merge test.o (not found) and pegasus_crt.a(ip_input.o) (0x0)
Removed property 0xc0010001 to merge test.o (not found) and pegasus_crt.a(tcp.o) (0x1)
Removed property 0xc0010002 to merge test.o (not found) and pegasus_crt.a(tcp.o) (0x0)
Removed property 0xc0010001 to merge test.o (not found) and pegasus_crt.a(tcp_sock.o) (0x1)
Removed property 0xc0010002 to merge test.o (not found) and pegasus_crt.a(tcp_sock.o) (0x0)
Removed property 0xc0010001 to merge test.o (not found) and pegasus_crt.a(icmpv4.o) (0x1)
Removed property 0xc0010002 to merge test.o (not found) and pegasus_crt.a(icmpv4.o) (0x0)
Removed property 0xc0010001 to merge test.o (not found) and pegasus_crt.a(tcp_input.o) (0x1)
Removed property 0xc0010002 to merge test.o (not found) and pegasus_crt.a(tcp_input.o) (0x0)
Removed property 0xc0010001 to merge test.o (not found) and pegasus_crt.a(udp.o) (0x1)
Removed property 0xc0010002 to merge test.o (not found) and pegasus_crt.a(udp.o) (0x1)
Removed property 0xc0010001 to merge test.o (not found) and pegasus_crt.a(tcp_data.o) (0x1)
Removed property 0xc0010002 to merge test.o (not found) and pegasus_crt.a(tcp_data.o) (0x0)
Removed property 0xc0010001 to merge test.o (not found) and pegasus_crt.a(strtok.o) (0x1)
Removed property 0xc0010002 to merge test.o (not found) and pegasus_crt.a(strtok.o) (0x0)
Removed property 0xc0010001 to merge test.o (not found) and pegasus_crt.a(strpbrk.o) (0x1)
Removed property 0xc0010002 to merge test.o (not found) and pegasus_crt.a(strpbrk.o) (0x0)
Removed property 0xc0010001 to merge test.o (not found) and pegasus_crt.a(udp_sock.o) (0x1)
Removed property 0xc0010002 to merge test.o (not found) and pegasus_crt.a(udp_sock.o) (0x0)
Removed property 0xc0010001 to merge test.o (not found) and pegasus_crt.a(ip_output.o) (0x1)
Removed property 0xc0010002 to merge test.o (not found) and pegasus_crt.a(ip_output.o) (0x0)
Removed property 0xc0010001 to merge test.o (not found) and pegasus_crt.a(sock.o) (0x1)
Removed property 0xc0010002 to merge test.o (not found) and pegasus_crt.a(sock.o) (0x0)
Removed property 0xc0010001 to merge test.o (not found) and pegasus_crt.a(tcp_output.o) (0x1)
Removed property 0xc0010002 to merge test.o (not found) and pegasus_crt.a(tcp_output.o) (0x1)
Removed property 0xc0010001 to merge test.o (not found) and pegasus_crt.a(route.o) (0x1)
Removed property 0xc0010002 to merge test.o (not found) and pegasus_crt.a(route.o) (0x0)
Removed property 0xc0010001 to merge test.o (not found) and pegasus_crt.a(dst.o) (0x1)
Removed property 0xc0010002 to merge test.o (not found) and pegasus_crt.a(dst.o) (0x0)

Allocating common symbols
Common symbol       size              file

current_tty         0x4               pegasus_crt.a(kernel_main_old.o)
file_desc_table     0x400             pegasus_crt.a(fs_main.o)
is_e0               0x1               pegasus_crt.a(kernel_main_old.o)
phy_super_block_buf
                    0x4               pegasus_crt.a(fs_main.o)
phy_fsbuf           0x4               pegasus_crt.a(fs_main.o)
idt_ptr             0x6               pegasus_crt.a(kernel_main_old.o)
pid                 0x4               pegasus_crt.a(kernel_main_old.o)
KernelVirtualMemory
                    0xc               pegasus_crt.a(kernel_main_old.o)
inode_table         0xa00             pegasus_crt.a(fs_main.o)
loop                0x4               pegasus_crt.a(netdev.o)
current_dis_pos     0x4               pegasus_crt.a(kernel_main_old.o)
dis_pos             0x4               pegasus_crt.a(kernel_main_old.o)
netdev              0x4               pegasus_crt.a(netdev.o)
k_reenter           0x4               pegasus_crt.a(kernel_main_old.o)
super_block_buf     0x4               pegasus_crt.a(fs_main.o)
gdt                 0x400             pegasus_crt.a(kernel_main_old.o)
proc_ready_table    0x4               pegasus_crt.a(kernel_main_old.o)
test_ticks          0x4               pegasus_crt.a(kernel_main_old.o)
hd_info             0x224             pegasus_crt.a(hd.o)
proc_stack          0x90000           pegasus_crt.a(global.o)
pcaller             0x4               pegasus_crt.a(kernel_main_old.o)
keyboard_buffer     0x20c             pegasus_crt.a(kernel_main_old.o)
pcb_list            0x10              pegasus_crt.a(kernel_main_old.o)
gdt_index           0x4               pegasus_crt.a(kernel_main_old.o)
tty_table           0x828             pegasus_crt.a(kernel_main_old.o)
tss                 0x6c              pegasus_crt.a(kernel_main_old.o)
KernelPool          0x10              pegasus_crt.a(kernel_main_old.o)
net_buf             0x4               pegasus_crt.a(kernel_main_old.o)
fsbuf               0x4               pegasus_crt.a(fs_main.o)
nic_current_page    0x1               pegasus_crt.a(kernel_main_old.o)
root                0x28              pegasus_crt.a(fs_main.o)
kernel_mem_block_decs_array
                    0xf0              pegasus_crt.a(mem.o)
counter             0x4               pegasus_crt.a(kernel_main_old.o)
key_pressed         0x4               pegasus_crt.a(kernel_main_old.o)
fork_pid            0x4               pegasus_crt.a(kernel_main_old.o)
is_shift            0x1               pegasus_crt.a(kernel_main_old.o)
net_data            0x1               pegasus_crt.a(kernel_main_old.o)
gdt_ptr             0x6               pegasus_crt.a(kernel_main_old.o)
idt                 0x800             pegasus_crt.a(kernel_main_old.o)
main_thread         0x4               pegasus_crt.a(kernel_main_old.o)
ticks               0x8               pegasus_crt.a(kernel_main_old.o)
is_init             0x1               pegasus_crt.a(kernel_main_old.o)
UserPool            0x10              pegasus_crt.a(kernel_main_old.o)
all_pcb_list        0x10              pegasus_crt.a(kernel_main_old.o)
console_table       0x10              pegasus_crt.a(kernel_main_old.o)
is_disp             0x1               pegasus_crt.a(kernel_main_old.o)
MAIN_THREAD_PAGE_DIRECTORY
                    0x4               pegasus_crt.a(kernel_main_old.o)
helloStr            0xc               pegasus_crt.a(kernel_main_old.o)
proc_table          0x1e14            pegasus_crt.a(global.o)
hd_cache            0x200             pegasus_crt.a(hd.o)

Discarded input sections

 .note.GNU-stack
                0x00000000        0x0 test.o
 .note.gnu.property
                0x00000000       0x28 test.o
 .note.GNU-stack
                0x00000000        0x0 pegasus_crt.a(kernel_main_old.o)
 .note.gnu.property
                0x00000000       0x28 pegasus_crt.a(kernel_main_old.o)
 .note.GNU-stack
                0x00000000        0x0 pegasus_crt.a(keyboard.o)
 .note.gnu.property
                0x00000000       0x28 pegasus_crt.a(keyboard.o)
 .note.GNU-stack
                0x00000000        0x0 pegasus_crt.a(process.o)
 .note.gnu.property
                0x00000000       0x28 pegasus_crt.a(process.o)
 .note.GNU-stack
                0x00000000        0x0 pegasus_crt.a(mem.o)
 .note.gnu.property
                0x00000000       0x28 pegasus_crt.a(mem.o)
 .note.GNU-stack
                0x00000000        0x0 pegasus_crt.a(exec.o)
 .note.gnu.property
                0x00000000       0x28 pegasus_crt.a(exec.o)
 .note.GNU-stack
                0x00000000        0x0 pegasus_crt.a(exit.o)
 .note.gnu.property
                0x00000000       0x28 pegasus_crt.a(exit.o)
 .note.GNU-stack
                0x00000000        0x0 pegasus_crt.a(wait.o)
 .note.gnu.property
                0x00000000       0x28 pegasus_crt.a(wait.o)
 .note.GNU-stack
                0x00000000        0x0 pegasus_crt.a(fork.o)
 .note.gnu.property
                0x00000000       0x28 pegasus_crt.a(fork.o)
 .note.GNU-stack
                0x00000000        0x0 pegasus_crt.a(read.o)
 .note.gnu.property
                0x00000000       0x28 pegasus_crt.a(read.o)
 .note.GNU-stack
                0x00000000        0x0 pegasus_crt.a(open.o)
 .note.gnu.property
                0x00000000       0x28 pegasus_crt.a(open.o)
 .note.GNU-stack
                0x00000000        0x0 pegasus_crt.a(write.o)
 .note.gnu.property
                0x00000000       0x28 pegasus_crt.a(write.o)
 .note.GNU-stack
                0x00000000        0x0 pegasus_crt.a(close.o)
 .note.gnu.property
                0x00000000       0x28 pegasus_crt.a(close.o)
 .note.GNU-stack
                0x00000000        0x0 pegasus_crt.a(double_link_list.o)
 .note.gnu.property
                0x00000000       0x28 pegasus_crt.a(double_link_list.o)
 .note.GNU-stack
                0x00000000        0x0 pegasus_crt.a(global.o)
 .note.gnu.property
                0x00000000       0x28 pegasus_crt.a(global.o)
 .note.GNU-stack
                0x00000000        0x0 pegasus_crt.a(console.o)
 .note.gnu.property
                0x00000000       0x28 pegasus_crt.a(console.o)
 .note.GNU-stack
                0x00000000        0x0 pegasus_crt.a(protect.o)
 .note.gnu.property
                0x00000000       0x28 pegasus_crt.a(protect.o)
 .note.GNU-stack
                0x00000000        0x0 pegasus_crt.a(task_network.o)
 .note.gnu.property
                0x00000000       0x28 pegasus_crt.a(task_network.o)
 .note.GNU-stack
                0x00000000        0x0 pegasus_crt.a(hd.o)
 .note.gnu.property
                0x00000000       0x28 pegasus_crt.a(hd.o)
 .note.GNU-stack
                0x00000000        0x0 pegasus_crt.a(fs_main.o)
 .note.gnu.property
                0x00000000       0x28 pegasus_crt.a(fs_main.o)
 .note.GNU-stack
                0x00000000        0x0 pegasus_crt.a(main.o)
 .note.gnu.property
                0x00000000       0x28 pegasus_crt.a(main.o)
 .note.GNU-stack
                0x00000000        0x0 pegasus_crt.a(strcmp.o)
 .note.gnu.property
                0x00000000       0x28 pegasus_crt.a(strcmp.o)
 .note.GNU-stack
                0x00000000        0x0 pegasus_crt.a(netdev.o)
 .note.gnu.property
                0x00000000       0x28 pegasus_crt.a(netdev.o)
 .note.GNU-stack
                0x00000000        0x0 pegasus_crt.a(arp.o)
 .note.gnu.property
                0x00000000       0x28 pegasus_crt.a(arp.o)
 .note.GNU-stack
                0x00000000        0x0 pegasus_crt.a(skbuff.o)
 .note.gnu.property
                0x00000000       0x28 pegasus_crt.a(skbuff.o)
 .note.GNU-stack
                0x00000000        0x0 pegasus_crt.a(utils.o)
 .note.gnu.property
                0x00000000       0x28 pegasus_crt.a(utils.o)
 .note.GNU-stack
                0x00000000        0x0 pegasus_crt.a(forkexit.o)
 .note.gnu.property
                0x00000000       0x28 pegasus_crt.a(forkexit.o)
 .note.GNU-stack
                0x00000000        0x0 pegasus_crt.a(exec.o)
 .note.gnu.property
                0x00000000       0x28 pegasus_crt.a(exec.o)
 .note.GNU-stack
                0x00000000        0x0 pegasus_crt.a(perror.o)
 .note.gnu.property
                0x00000000       0x28 pegasus_crt.a(perror.o)
 .note.GNU-stack
                0x00000000        0x0 pegasus_crt.a(sscanf.o)
 .note.gnu.property
                0x00000000       0x28 pegasus_crt.a(sscanf.o)
 .note.GNU-stack
                0x00000000        0x0 pegasus_crt.a(ntohs.o)
 .note.gnu.property
                0x00000000       0x28 pegasus_crt.a(ntohs.o)
 .note.GNU-stack
                0x00000000        0x0 pegasus_crt.a(htonl.o)
 .note.gnu.property
                0x00000000       0x28 pegasus_crt.a(htonl.o)
 .note.GNU-stack
                0x00000000        0x0 pegasus_crt.a(htons.o)
 .note.gnu.property
                0x00000000       0x28 pegasus_crt.a(htons.o)
 .note.GNU-stack
                0x00000000        0x0 pegasus_crt.a(inet_pton.o)
 .note.gnu.property
                0x00000000       0x28 pegasus_crt.a(inet_pton.o)
 .note.GNU-stack
                0x00000000        0x0 pegasus_crt.a(ntohl.o)
 .note.gnu.property
                0x00000000       0x28 pegasus_crt.a(ntohl.o)
 .note.GNU-stack
                0x00000000        0x0 pegasus_crt.a(my_process.o)
 .note.gnu.property
                0x00000000       0x28 pegasus_crt.a(my_process.o)
 .note.GNU-stack
                0x00000000        0x0 pegasus_crt.a(thread.o)
 .note.gnu.property
                0x00000000       0x28 pegasus_crt.a(thread.o)
 .note.GNU-stack
                0x00000000        0x0 pegasus_crt.a(ip_input.o)
 .note.gnu.property
                0x00000000       0x28 pegasus_crt.a(ip_input.o)
 .note.GNU-stack
                0x00000000        0x0 pegasus_crt.a(tcp.o)
 .note.gnu.property
                0x00000000       0x28 pegasus_crt.a(tcp.o)
 .note.GNU-stack
                0x00000000        0x0 pegasus_crt.a(tcp_sock.o)
 .note.gnu.property
                0x00000000       0x28 pegasus_crt.a(tcp_sock.o)
 .note.GNU-stack
                0x00000000        0x0 pegasus_crt.a(icmpv4.o)
 .note.gnu.property
                0x00000000       0x28 pegasus_crt.a(icmpv4.o)
 .note.GNU-stack
                0x00000000        0x0 pegasus_crt.a(tcp_input.o)
 .note.gnu.property
                0x00000000       0x28 pegasus_crt.a(tcp_input.o)
 .note.GNU-stack
                0x00000000        0x0 pegasus_crt.a(udp.o)
 .note.gnu.property
                0x00000000       0x28 pegasus_crt.a(udp.o)
 .note.GNU-stack
                0x00000000        0x0 pegasus_crt.a(tcp_data.o)
 .note.gnu.property
                0x00000000       0x28 pegasus_crt.a(tcp_data.o)
 .note.GNU-stack
                0x00000000        0x0 pegasus_crt.a(strtok.o)
 .note.gnu.property
                0x00000000       0x28 pegasus_crt.a(strtok.o)
 .note.GNU-stack
                0x00000000        0x0 pegasus_crt.a(strpbrk.o)
 .note.gnu.property
                0x00000000       0x28 pegasus_crt.a(strpbrk.o)
 .note.GNU-stack
                0x00000000        0x0 pegasus_crt.a(udp_sock.o)
 .note.gnu.property
                0x00000000       0x28 pegasus_crt.a(udp_sock.o)
 .note.GNU-stack
                0x00000000        0x0 pegasus_crt.a(ip_output.o)
 .note.gnu.property
                0x00000000       0x28 pegasus_crt.a(ip_output.o)
 .note.GNU-stack
                0x00000000        0x0 pegasus_crt.a(sock.o)
 .note.gnu.property
                0x00000000       0x28 pegasus_crt.a(sock.o)
 .note.GNU-stack
                0x00000000        0x0 pegasus_crt.a(tcp_output.o)
 .note.gnu.property
                0x00000000       0x28 pegasus_crt.a(tcp_output.o)
 .note.GNU-stack
                0x00000000        0x0 pegasus_crt.a(route.o)
 .note.gnu.property
                0x00000000       0x28 pegasus_crt.a(route.o)
 .note.GNU-stack
                0x00000000        0x0 pegasus_crt.a(dst.o)
 .note.gnu.property
                0x00000000       0x28 pegasus_crt.a(dst.o)

Memory Configuration

Name             Origin             Length             Attributes
*default*        0x00000000         0xffffffff

Linker script and memory map

Address of section .text set to 0xb0800000
LOAD test.o
LOAD start.o
LOAD pegasus_crt.a
                [!provide]                        PROVIDE (__executable_start = SEGMENT_START ("text-segment", 0x8048000))
                0x080480d4                        . = (SEGMENT_START ("text-segment", 0x8048000) + SIZEOF_HEADERS)

.interp
 *(.interp)

.note.gnu.build-id
 *(.note.gnu.build-id)

.hash
 *(.hash)

.gnu.hash
 *(.gnu.hash)

.dynsym
 *(.dynsym)

.dynstr
 *(.dynstr)

.gnu.version
 *(.gnu.version)

.gnu.version_d
 *(.gnu.version_d)

.gnu.version_r
 *(.gnu.version_r)

.rel.dyn        0x080480d4        0x0
 *(.rel.init)
 *(.rel.text .rel.text.* .rel.gnu.linkonce.t.*)
 .rel.text      0x080480d4        0x0 test.o
 *(.rel.fini)
 *(.rel.rodata .rel.rodata.* .rel.gnu.linkonce.r.*)
 *(.rel.data.rel.ro .rel.data.rel.ro.* .rel.gnu.linkonce.d.rel.ro.*)
 *(.rel.data .rel.data.* .rel.gnu.linkonce.d.*)
 *(.rel.tdata .rel.tdata.* .rel.gnu.linkonce.td.*)
 *(.rel.tbss .rel.tbss.* .rel.gnu.linkonce.tb.*)
 *(.rel.ctors)
 *(.rel.dtors)
 *(.rel.got)
 .rel.got       0x080480d4        0x0 test.o
 *(.rel.bss .rel.bss.* .rel.gnu.linkonce.b.*)
 *(.rel.ifunc)

.rel.plt        0x080480d4        0x0
 *(.rel.plt)
                [!provide]                        PROVIDE (__rel_iplt_start = .)
 *(.rel.iplt)
 .rel.iplt      0x080480d4        0x0 test.o
                [!provide]                        PROVIDE (__rel_iplt_end = .)

.relr.dyn
 *(.relr.dyn)
                0x08049000                        . = ALIGN (CONSTANT (MAXPAGESIZE))

.init
 *(SORT_NONE(.init))

.plt            0x08049000        0x0
 *(.plt)
 *(.iplt)
 .iplt          0x08049000        0x0 test.o

.plt.got
 *(.plt.got)

.plt.sec
 *(.plt.sec)

.text           0xb0800000     0xff4f
 *(.text.unlikely .text.*_unlikely .text.unlikely.*)
 *(.text.exit .text.exit.*)
 *(.text.startup .text.startup.*)
 *(.text.hot .text.hot.*)
 *(SORT_BY_NAME(.text.sorted.*))
 *(.text .stub .text.* .gnu.linkonce.t.*)
 .text          0xb0800000       0x3e test.o
                0xb0800000                main
 *fill*         0xb080003e        0x2 
 .text          0xb0800040       0x15 start.o
                0xb0800040                _start
 .text          0xb0800055     0x2ded pegasus_crt.a(kernel_main_old.o)
                0xb0800055                stop_here
                0xb0800099                catch_error
                0xb08000b6                intr_enable
                0xb08000df                intr_disable
                0xb0800108                intr_set_status
                0xb0800126                intr_get_status
                0xb0800143                Memcpy
                0xb0800176                untar
                0xb080048b                atoi
                0xb0800531                disp_int
                0xb080055a                do_page_fault
                0xb0800697                exception_handler
                0xb080087e                init_internal_interrupt
                0xb08009f3                spurious_irq
                0xb0800a81                init_keyboard
                0xb0800ac4                TestTTY
                0xb0800b63                TestReadReturnValue
                0xb0800be0                TestWriteReturnValue
                0xb0800cb4                TestFS2
                0xb0800cc2                TestFS
                0xb0801164                wait_exit
                0xb0801262                INIT_fork
                0xb080155a                simple_shell
                0xb08016e1                test_shell
                0xb0801749                test_exec
                0xb0801889                INIT
                0xb0801896                TestA
                0xb08018cb                delay
                0xb080190f                TestB
                0xb0801927                TestC
                0xb080195a                sys_get_ticks
                0xb080196a                sys_write
                0xb08019be                milli_delay
                0xb08019fa                TaskSys
                0xb08019ff                Printf
                0xb0801ad1                sprintf
                0xb0801afd                vsprintf
                0xb0801ca9                printx
                0xb0801cec                sys_printx
                0xb0801db8                spin
                0xb0801dde                panic
                0xb0801dfc                assertion_failure
                0xb0801e6e                assertion_failure2
                0xb0801ee3                dead_lock
                0xb0801eed                sys_send_msg
                0xb080240c                sys_receive_msg
                0xb0802a6c                send_rec
                0xb0802b67                block
                0xb0802ba3                unblock
                0xb0802bf3                get_ticks_ipc
                0xb0802c4a                itoa
                0xb0802ca0                i2a
                0xb0802d06                inform_int
                0xb0802dd3                deprecate_strcmp
 .text          0xb0802e42      0x40f pegasus_crt.a(keyboard.o)
                0xb0802e42                keyboard_handler
                0xb0802ec6                read_from_keyboard_buf
                0xb0802f2c                keyboard_read
                0xb08030ab                init_keyboard_handler
                0xb08030bf                in_process
 .text          0xb0803251      0x21b pegasus_crt.a(process.o)
                0xb0803251                schedule_process
                0xb080335e                clock_handler
                0xb08033cf                pid2proc
                0xb0803455                proc2pid
 .text          0xb080346c     0x126c pegasus_crt.a(mem.o)
                0xb080346c                init_bitmap
                0xb080348f                test_bit_val
                0xb08034f8                set_bit_val
                0xb0803573                set_bits
                0xb08035ad                get_first_free_bit
                0xb08035f1                get_bits
                0xb08036b9                get_a_page
                0xb080376d                get_virtual_address_start_with_addr
                0xb0803807                get_virtual_address
                0xb0803897                ptr_pde
                0xb08038aa                ptr_pte
                0xb08038d1                add_map_entry
                0xb0803962                alloc_virtual_memory
                0xb0803a35                get_physical_address_proc
                0xb0803ab1                get_physical_address
                0xb0803ae3                alloc_physical_memory_of_proc
                0xb0803bd2                alloc_physical_memory
                0xb0803c9a                alloc_memory
                0xb0803cfc                get_a_virtual_page
                0xb0803d34                block2arena
                0xb0803d4a                sys_malloc2
                0xb0804000                remove_map_entry
                0xb0804021                free_a_page
                0xb08040c8                sys_free2
                0xb0804250                init_memory_block_desc
                0xb0804321                init_memory2
                0xb0804598                init_memory
 .text          0xb08046d8      0x285 pegasus_crt.a(exec.o)
                0xb08046d8                exec
                0xb0804749                execv
                0xb0804938                execl
 .text          0xb080495d       0x2f pegasus_crt.a(exit.o)
                0xb080495d                exit
 .text          0xb080498c       0x44 pegasus_crt.a(wait.o)
                0xb080498c                wait
 .text          0xb08049d0       0x48 pegasus_crt.a(fork.o)
                0xb08049d0                fork
 .text          0xb0804a18      0x181 pegasus_crt.a(read.o)
                0xb0804a18                read
 .text          0xb0804b99       0x95 pegasus_crt.a(open.o)
                0xb0804b99                open
 .text          0xb0804c2e       0x85 pegasus_crt.a(write.o)
                0xb0804c2e                write
 .text          0xb0804cb3       0x52 pegasus_crt.a(close.o)
                0xb0804cb3                close
 *fill*         0xb0804d05        0xb 
 .text          0xb0804d10      0x3d7 pegasus_crt.a(kernel.o)
                0xb0804d10                InterruptTest
                0xb0804d1c                disp_str_len
                0xb0804d69                disp_str
                0xb0804da4                disp_str_colour
                0xb0804de0                divide_zero_fault
                0xb0804de6                single_step_fault
                0xb0804dec                non_maskable_interrupt
                0xb0804df2                breakpoint_trap
                0xb0804df8                overflow_trap
                0xb0804dfe                bound_range_exceeded_fault
                0xb0804e04                invalid_opcode_fault
                0xb0804e0a                coprocessor_not_available_fault
                0xb0804e10                double_fault_exception_abort
                0xb0804e14                coprocessor_segment_overrun
                0xb0804e1a                invalid_task_state_segment_fault
                0xb0804e1e                segment_not_present_fault
                0xb0804e22                stack_exception_fault
                0xb0804e26                general_protection_exception_fault
                0xb0804e31                page_fault
                0xb0804e35                coprocessor_error_fault
                0xb0804e3b                align_check_fault
                0xb0804e3f                simd_float_exception_fault
                0xb0804e4e                hwint0
                0xb0804e7e                hwint1
                0xb0804ec1                hwint14
                0xb0804f07                hwint10
                0xb0804f4a                sys_call
                0xb0804f90                fork_restart
                0xb0804f9f                restart
                0xb0804fc2                in_byte
                0xb0804fce                out_byte
                0xb0804ff0                disable_int
                0xb0804ff2                enable_int
                0xb0805088                enable_8259A_casecade_irq
                0xb0805092                disable_8259A_casecade_irq
                0xb080509c                enable_8259A_slave_winchester_irq
                0xb08050a6                disable_8259A_slave_winchester_irq
                0xb08050b0                update_cr3
                0xb08050bd                update_tss
                0xb08050cc                get_running_thread_pcb
                0xb08050d4                sys_call_test
                0xb08050d7                enable_8259A_slave_net_irq
 *fill*         0xb08050e7        0x9 
 .text          0xb08050f0       0x15 pegasus_crt.a(switch_to.o)
                0xb08050f0                switch_to
 *fill*         0xb0805105        0xb 
 .text          0xb0805110       0x69 pegasus_crt.a(syscall.o)
                0xb0805110                write_debug
                0xb0805120                send_msg
                0xb0805136                receive_msg
                0xb080514c                sys_malloc
                0xb0805161                sys_free
 .text          0xb0805179      0x329 pegasus_crt.a(double_link_list.o)
                0xb0805179                initDoubleLinkList
                0xb08051a7                isListEmpty
                0xb08051c8                findElementInList
                0xb08052a4                appendToDoubleLinkList
                0xb080538b                insertToDoubleLinkList
                0xb080540e                popFromDoubleLinkList
 .text          0xb08054a2        0x0 pegasus_crt.a(global.o)
 .text          0xb08054a2      0xaca pegasus_crt.a(console.o)
                0xb08054a2                select_console
                0xb08054de                flush
                0xb0805517                set_cursor
                0xb0805575                set_console_start_video_addr
                0xb08055d3                put_key
                0xb080563f                scroll_up
                0xb0805681                scroll_down
                0xb08056ec                out_char
                0xb08058a9                tty_dev_read
                0xb08058d3                tty_dev_write
                0xb0805b00                tty_do_read
                0xb0805bc8                tty_do_write
                0xb0805d2b                init_screen
                0xb0805db4                init_tty
                0xb0805e69                TaskTTY
 .text          0xb0805f6c      0x3b3 pegasus_crt.a(protect.o)
                0xb0805f6c                InitDescriptor
                0xb0805fd9                Seg2PhyAddr
                0xb080601a                Seg2PhyAddrLDT
                0xb080605e                VirAddr2PhyAddr
                0xb0806074                v2l
                0xb08060b7                init_propt
                0xb0806238                InitInterruptDesc
                0xb0806294                ReloadGDT
 .text          0xb080631f       0x9e pegasus_crt.a(task_network.o)
                0xb080631f                task_network
                0xb080639f                task_netdev_rx
 .text          0xb08063bd      0xe63 pegasus_crt.a(hd.o)
                0xb08063bd                TaskHD
                0xb0806402                init_hd
                0xb080641c                hd_handle
                0xb0806521                hd_cmd_out
                0xb0806623                hd_identify
                0xb08066da                print_hdinfo
                0xb0806868                print_dpt_entry
                0xb08068d4                get_partition_table
                0xb08069b3                partition
                0xb0806bcd                hd_open
                0xb0806c74                get_hd_ioctl
                0xb0806d25                wait_for
                0xb0806d56                interrupt_wait
                0xb0806da6                hd_rdwt
                0xb0807045                hd_handler
                0xb0807071                debug_ticks
                0xb08070af                net_handler
                0xb08070b7                waitfor
                0xb08070fb                print_hd_info
                0xb08071e8                is_empty
 .text          0xb0807220     0x2069 pegasus_crt.a(fs_main.o)
                0xb0807220                task_fs
                0xb080742b                rd_wt
                0xb0807504                mkfs
                0xb0807ae6                init_fs
                0xb0807b3a                do_open
                0xb0807d43                search_file
                0xb0807e75                strip_path
                0xb0807f41                get_inode
                0xb0808103                create_file
                0xb080820e                alloc_imap_bit
                0xb080830b                alloc_smap_bit
                0xb08084ac                new_inode
                0xb08085ca                new_dir_entry
                0xb08087d6                do_unlink
                0xb0808cb2                do_rdwt
                0xb080903d                sync_inode
                0xb0809191                put_inode
                0xb08091cf                do_close
                0xb0809221                get_super_block
 .text          0xb0809289      0x148 pegasus_crt.a(main.o)
                0xb0809289                TaskMM
                0xb08093b2                alloc_mem
 .text          0xb08093d1       0xa8 pegasus_crt.a(strcmp.o)
                0xb08093d1                strcmp
 .text          0xb0809479      0x36b pegasus_crt.a(netdev.o)
                0xb080958b                netdev_init
                0xb08095d2                netdev_transmit
                0xb0809702                netdev_rx_loop
                0xb080975f                netdev_get
                0xb080977c                free_netdev
                0xb08097a7                local_ipaddress
 .text          0xb08097e4      0x6dc pegasus_crt.a(arp.o)
                0xb08099b1                arp_init
                0xb08099b7                arp_rcv
                0xb0809b69                arp_request
                0xb0809cd3                arp_reply
                0xb0809e23                arp_get_hwaddr
                0xb0809e6f                free_arp
 .text          0xb0809ec0      0x12e pegasus_crt.a(skbuff.o)
                0xb0809ed9                alloc_skb
                0xb0809f6a                free_skb
                0xb0809f70                skb_reserve
                0xb0809f8c                skb_push
                0xb0809fbb                skb_head
                0xb0809fc6                skb_reset_header
 .text          0xb0809fee      0x1e7 pegasus_crt.a(utils.o)
                0xb0809fee                run_cmd
                0xb0809ffb                print_err
                0xb080a012                parse_ipv4_string
                0xb080a071                ip_pton
                0xb080a0b9                sum_every_16bits
                0xb080a110                checksum
                0xb080a151                tcp_udp_checksum
 .text          0xb080a1d5      0x271 pegasus_crt.a(forkexit.o)
                0xb080a1d5                do_fork
                0xb080a243                do_exit
                0xb080a2cd                do_wait
                0xb080a3ec                cleanup
 .text          0xb080a446      0x419 pegasus_crt.a(exec.o)
                0xb080a446                do_exec
 .text          0xb080a85f       0x17 pegasus_crt.a(perror.o)
                0xb080a85f                perror
 .text          0xb080a876      0x2c1 pegasus_crt.a(sscanf.o)
                0xb080a876                sscanf
 .text          0xb080ab37       0x38 pegasus_crt.a(ntohs.o)
                0xb080ab37                ntohs
 .text          0xb080ab6f       0x7c pegasus_crt.a(htonl.o)
                0xb080ab6f                htonl
 .text          0xb080abeb       0x38 pegasus_crt.a(htons.o)
                0xb080abeb                htons
 .text          0xb080ac23      0x295 pegasus_crt.a(inet_pton.o)
                0xb080ac23                isValidIPv4
                0xb080adad                inet_pton
 .text          0xb080aeb8       0x7c pegasus_crt.a(ntohl.o)
                0xb080aeb8                ntohl
 *fill*         0xb080af34        0xc 
 .text          0xb080af40      0x25b pegasus_crt.a(ne2000.o)
                0xb080af63                DriverInitialize
                0xb080afed                SetPageStart
                0xb080b015                DriverSend
                0xb080b08a                PCtoNIC
                0xb080b0f8                get_interrupt_status
                0xb080b10e                set_interrupt_status
                0xb080b127                get_curr_page
                0xb080b144                NICtoPC
 .text          0xb080b19b      0x730 pegasus_crt.a(my_process.o)
                0xb080b19b                create_user_process_address_space
                0xb080b22b                user_process
                0xb080b358                clone_pcb
                0xb080b4ca                build_body_stack
                0xb080b5fd                build_process_kernel_stack
                0xb080b6c0                fork_process
                0xb080b751                process_execute
 .text          0xb080b8cb      0x1b2 pegasus_crt.a(thread.o)
                0xb080b8cb                kernel_thread
                0xb080b8e3                thread_init
                0xb080b990                thread_create
                0xb080b9c5                thread_start
 .text          0xb080ba7d      0x2da pegasus_crt.a(ip_input.o)
                0xb080bc07                ip_rcv
 .text          0xb080bd57      0x448 pegasus_crt.a(tcp.o)
                0xb080bf4c                tcp_in
                0xb080c000                tcp_checksum
                0xb080c02c                __tcp_set_state
                0xb080c03b                tcp_generate_port
                0xb080c084                tcp_generate_isn
                0xb080c08e                tcp_done
                0xb080c0b7                tcp_clear_timers
                0xb080c0c6                tcp_stop_retransmission_timer
                0xb080c0df                tcp_release_retransmission_timer
                0xb080c0f8                tcp_stop_delack_timer
                0xb080c10b                tcp_release_delack_timer
                0xb080c11e                tcp_handle_fin_state
                0xb080c183                tcp_enter_time_wait
 .text          0xb080c19f      0xa16 pegasus_crt.a(tcp_sock.o)
                0xb080c44d                tcp_established_or_syn_recvd_socks_enqueue
                0xb080c464                tcp_established_or_syn_recvd_socks_remove
                0xb080c476                tcp_connecting_or_listening_socks_enqueue
                0xb080c48d                tcp_connecting_or_listening_socks_remove
                0xb080c49f                tcp_alloc_sock
                0xb080c5b5                tcp_free_sock
                0xb080c62e                tcp_init
                0xb080c638                tcp_sock_init
                0xb080c6db                tcp_write
                0xb080c71c                tcp_read
                0xb080c7cf                tcp_close
                0xb080c88d                tcp_recv_notify
                0xb080c8b8                tcp_v4_connect
                0xb080cb08                tcp_lookup_sock
 .text          0xb080cbb5      0x234 pegasus_crt.a(icmpv4.o)
                0xb080cbc3                icmpv4_incoming
                0xb080cc37                icmpv4_reply
                0xb080cd10                icmpv4_timestamp
 .text          0xb080cde9      0xb6f pegasus_crt.a(tcp_input.o)
                0xb080d4d0                tcp_process
                0xb080d896                tcp_receive
 .text          0xb080d958      0x3e0 pegasus_crt.a(udp.o)
                0xb080da63                udp_generate_port
                0xb080daac                udp_checksum
                0xb080db7a                udp_in
                0xb080dc0b                udp_data_dequeue
                0xb080dd13                udp_data_enqueue
 .text          0xb080dd38      0x54a pegasus_crt.a(tcp_data.o)
                0xb080e023                tcp_data_dequeue
                0xb080e150                tcp_data_queue
 .text          0xb080e282       0x85 pegasus_crt.a(strtok.o)
                0xb080e282                strtok
 .text          0xb080e307       0x90 pegasus_crt.a(strpbrk.o)
                0xb080e307                strpbrk
 .text          0xb080e397      0x8bc pegasus_crt.a(udp_sock.o)
                0xb080e5c4                udp_lookup_sock
                0xb080e60b                udp_init
                0xb080e63c                udp_close
                0xb080e662                udp_sock_init
                0xb080e66c                udp_recvfrom
                0xb080e705                udp_connect
                0xb080e7de                udp_write
                0xb080e80a                udp_alloc_skb
                0xb080e854                udp_sendto
                0xb080e948                udp_send
                0xb080ea86                udp_alloc_sock
                0xb080eac7                udp_free_sock
                0xb080eaeb                udp_read
 .text          0xb080ec53      0x1d3 pegasus_crt.a(ip_output.o)
                0xb080ec61                ip_output
 .text          0xb080ee26      0x203 pegasus_crt.a(sock.o)
                0xb080ef58                sk_alloc
                0xb080ef7f                sk_init
                0xb080efd3                sk_init_with_socket
                0xb080effc                sk_free
 .text          0xb080f029      0xbb9 pegasus_crt.a(tcp_output.o)
                0xb080f4ea                tcp_send_synack
                0xb080f58d                tcp_send_delack
                0xb080f5c8                tcp_send_ack
                0xb080f714                tcp_send_fin
                0xb080f789                tcp_select_initial_window
                0xb080f93b                tcp_reset_retransmission_timer
                0xb080f958                tcp_begin_connect
                0xb080fa02                tcp_send
                0xb080fae7                tcp_send_reset
                0xb080fb67                tcp_queue_fin
 .text          0xb080fbe2      0x295 pegasus_crt.a(route.o)
                0xb080fd0f                route_add
                0xb080fd54                route_init
                0xb080fddb                route_lookup
                0xb080fe26                free_routes
 .text          0xb080fe77       0xd8 pegasus_crt.a(dst.o)
                0xb080fe85                dst_neigh_output
 *(.gnu.warning)

.fini
 *(SORT_NONE(.fini))
                [!provide]                        PROVIDE (__etext = .)
                [!provide]                        PROVIDE (_etext = .)
                [!provide]                        PROVIDE (etext = .)
                0xb0810000                        . = ALIGN (CONSTANT (MAXPAGESIZE))
                0xb0810000                        . = SEGMENT_START ("rodata-segment", (ALIGN (CONSTANT (MAXPAGESIZE)) + (. & (CONSTANT (MAXPAGESIZE) - 0x1))))

.rodata         0xb0810000     0x163c
 *(.rodata .rodata.* .gnu.linkonce.r.*)
 .rodata        0xb0810000       0x10 test.o
 *fill*         0xb0810010       0x10 
 .rodata        0xb0810020      0xb85 pegasus_crt.a(kernel_main_old.o)
 .rodata        0xb0810ba5       0x26 pegasus_crt.a(process.o)
 .rodata        0xb0810bcb       0x41 pegasus_crt.a(mem.o)
 .rodata        0xb0810c0c       0x2d pegasus_crt.a(exec.o)
 .rodata        0xb0810c39       0x2a pegasus_crt.a(close.o)
 .rodata        0xb0810c63       0x2c pegasus_crt.a(double_link_list.o)
 .rodata        0xb0810c8f       0x22 pegasus_crt.a(console.o)
 *fill*         0xb0810cb1        0x3 
 .rodata        0xb0810cb4       0x3d pegasus_crt.a(task_network.o)
 *fill*         0xb0810cf1        0x3 
 .rodata        0xb0810cf4      0x19c pegasus_crt.a(hd.o)
 .rodata        0xb0810e90      0x1fb pegasus_crt.a(fs_main.o)
                0xb0810e90                FSBUF_SIZE
 .rodata        0xb081108b       0x11 pegasus_crt.a(main.o)
 .rodata        0xb081109c       0xa9 pegasus_crt.a(netdev.o)
 *fill*         0xb0811145        0x3 
 .rodata        0xb0811148       0x9c pegasus_crt.a(arp.o)
 .rodata        0xb08111e4        0x9 pegasus_crt.a(skbuff.o)
 *fill*         0xb08111ed        0x3 
 .rodata        0xb08111f0       0x41 pegasus_crt.a(utils.o)
 .rodata        0xb0811231       0x21 pegasus_crt.a(forkexit.o)
 .rodata        0xb0811252       0x10 pegasus_crt.a(exec.o)
 .rodata        0xb0811262        0x3 pegasus_crt.a(inet_pton.o)
 *fill*         0xb0811265        0x3 
 .rodata        0xb0811268       0xb5 pegasus_crt.a(ip_input.o)
 *fill*         0xb081131d        0x3 
 .rodata        0xb0811320       0x31 pegasus_crt.a(tcp.o)
 *fill*         0xb0811351        0x3 
 .rodata        0xb0811354       0xe8 pegasus_crt.a(tcp_sock.o)
 .rodata        0xb081143c       0x32 pegasus_crt.a(icmpv4.o)
 *fill*         0xb081146e        0x2 
 .rodata        0xb0811470       0x60 pegasus_crt.a(tcp_input.o)
 .rodata        0xb08114d0        0x9 pegasus_crt.a(udp.o)
 .rodata        0xb08114d9       0x1e pegasus_crt.a(tcp_data.o)
 *fill*         0xb08114f7        0x1 
 .rodata        0xb08114f8       0x2d pegasus_crt.a(udp_sock.o)
 .rodata        0xb0811525        0x9 pegasus_crt.a(ip_output.o)
 .rodata        0xb081152e        0x9 pegasus_crt.a(sock.o)
 *fill*         0xb0811537        0x1 
 .rodata        0xb0811538       0xc3 pegasus_crt.a(tcp_output.o)
 *fill*         0xb08115fb        0x1 
 .rodata        0xb08115fc       0x37 pegasus_crt.a(route.o)
 .rodata        0xb0811633        0x9 pegasus_crt.a(dst.o)

.txt            0xb081163c       0xaa
 .txt           0xb081163c       0x82 pegasus_crt.a(string.o)
                0xb081163c                Memcpy2
                0xb081166a                Memset
                0xb0811689                Strcpy
                0xb08116a3                Strlen
 .txt           0xb08116be       0x28 pegasus_crt.a(hd_rdwt.o)
                0xb08116be                read_port
                0xb08116d2                write_port

.rodata1
 *(.rodata1)

.eh_frame_hdr
 *(.eh_frame_hdr)
 *(.eh_frame_entry .eh_frame_entry.*)

.eh_frame       0xb08116e8     0x38b8
 *(.eh_frame)
 .eh_frame      0xb08116e8       0x44 test.o
 .eh_frame      0xb081172c      0x6cc pegasus_crt.a(kernel_main_old.o)
                                0x6e4 (size before relaxing)
 .eh_frame      0xb0811df8       0xa0 pegasus_crt.a(keyboard.o)
                                 0xb8 (size before relaxing)
 .eh_frame      0xb0811e98       0x80 pegasus_crt.a(process.o)
                                 0x98 (size before relaxing)
 .eh_frame      0xb0811f18      0x364 pegasus_crt.a(mem.o)
                                0x37c (size before relaxing)
 .eh_frame      0xb081227c       0x60 pegasus_crt.a(exec.o)
                                 0x78 (size before relaxing)
 .eh_frame      0xb08122dc       0x20 pegasus_crt.a(exit.o)
                                 0x38 (size before relaxing)
 .eh_frame      0xb08122fc       0x20 pegasus_crt.a(wait.o)
                                 0x38 (size before relaxing)
 .eh_frame      0xb081231c       0x20 pegasus_crt.a(fork.o)
                                 0x38 (size before relaxing)
 .eh_frame      0xb081233c       0x20 pegasus_crt.a(read.o)
                                 0x38 (size before relaxing)
 .eh_frame      0xb081235c       0x20 pegasus_crt.a(open.o)
                                 0x38 (size before relaxing)
 .eh_frame      0xb081237c       0x20 pegasus_crt.a(write.o)
                                 0x38 (size before relaxing)
 .eh_frame      0xb081239c       0x20 pegasus_crt.a(close.o)
                                 0x38 (size before relaxing)
 .eh_frame      0xb08123bc       0xc0 pegasus_crt.a(double_link_list.o)
                                 0xd8 (size before relaxing)
 .eh_frame      0xb081247c      0x1e0 pegasus_crt.a(console.o)
                                0x1f8 (size before relaxing)
 .eh_frame      0xb081265c      0x100 pegasus_crt.a(protect.o)
                                0x118 (size before relaxing)
 .eh_frame      0xb081275c       0x3c pegasus_crt.a(task_network.o)
                                 0x54 (size before relaxing)
 .eh_frame      0xb0812798      0x284 pegasus_crt.a(hd.o)
                                0x29c (size before relaxing)
 .eh_frame      0xb0812a1c      0x27c pegasus_crt.a(fs_main.o)
                                0x294 (size before relaxing)
 .eh_frame      0xb0812c98       0x3c pegasus_crt.a(main.o)
                                 0x54 (size before relaxing)
 .eh_frame      0xb0812cd4       0x20 pegasus_crt.a(strcmp.o)
                                 0x38 (size before relaxing)
 .eh_frame      0xb0812cf4      0x14c pegasus_crt.a(netdev.o)
                                0x164 (size before relaxing)
 .eh_frame      0xb0812e40      0x1c0 pegasus_crt.a(arp.o)
                                0x1d8 (size before relaxing)
 .eh_frame      0xb0813000       0xe0 pegasus_crt.a(skbuff.o)
                                 0xf8 (size before relaxing)
 .eh_frame      0xb08130e0       0xe4 pegasus_crt.a(utils.o)
                                 0xfc (size before relaxing)
 .eh_frame      0xb08131c4       0x80 pegasus_crt.a(forkexit.o)
                                 0x98 (size before relaxing)
 .eh_frame      0xb0813244       0x20 pegasus_crt.a(exec.o)
                                 0x38 (size before relaxing)
 .eh_frame      0xb0813264       0x20 pegasus_crt.a(perror.o)
                                 0x38 (size before relaxing)
 .eh_frame      0xb0813284       0x20 pegasus_crt.a(sscanf.o)
                                 0x38 (size before relaxing)
 .eh_frame      0xb08132a4       0x20 pegasus_crt.a(ntohs.o)
                                 0x38 (size before relaxing)
 .eh_frame      0xb08132c4       0x20 pegasus_crt.a(htonl.o)
                                 0x38 (size before relaxing)
 .eh_frame      0xb08132e4       0x20 pegasus_crt.a(htons.o)
                                 0x38 (size before relaxing)
 .eh_frame      0xb0813304       0x40 pegasus_crt.a(inet_pton.o)
                                 0x58 (size before relaxing)
 .eh_frame      0xb0813344       0x20 pegasus_crt.a(ntohl.o)
                                 0x38 (size before relaxing)
 .eh_frame      0xb0813364       0xe0 pegasus_crt.a(my_process.o)
                                 0xf8 (size before relaxing)
 .eh_frame      0xb0813444       0x80 pegasus_crt.a(thread.o)
                                 0x98 (size before relaxing)
 .eh_frame      0xb08134c4      0x104 pegasus_crt.a(ip_input.o)
                                0x11c (size before relaxing)
 .eh_frame      0xb08135c8      0x268 pegasus_crt.a(tcp.o)
                                0x280 (size before relaxing)
 .eh_frame      0xb0813830      0x4c0 pegasus_crt.a(tcp_sock.o)
                                0x4d8 (size before relaxing)
 .eh_frame      0xb0813cf0       0x80 pegasus_crt.a(icmpv4.o)
                                 0x98 (size before relaxing)
 .eh_frame      0xb0813d70      0x300 pegasus_crt.a(tcp_input.o)
                                0x318 (size before relaxing)
 .eh_frame      0xb0814070      0x1e4 pegasus_crt.a(udp.o)
                                0x1fc (size before relaxing)
 .eh_frame      0xb0814254      0x200 pegasus_crt.a(tcp_data.o)
                                0x218 (size before relaxing)
 .eh_frame      0xb0814454       0x20 pegasus_crt.a(strtok.o)
                                 0x38 (size before relaxing)
 .eh_frame      0xb0814474       0x20 pegasus_crt.a(strpbrk.o)
                                 0x38 (size before relaxing)
 .eh_frame      0xb0814494      0x404 pegasus_crt.a(udp_sock.o)
                                0x41c (size before relaxing)
 .eh_frame      0xb0814898       0x40 pegasus_crt.a(ip_output.o)
                                 0x58 (size before relaxing)
 .eh_frame      0xb08148d8      0x1a0 pegasus_crt.a(sock.o)
                                0x1b8 (size before relaxing)
 .eh_frame      0xb0814a78      0x3c4 pegasus_crt.a(tcp_output.o)
                                0x3dc (size before relaxing)
 .eh_frame      0xb0814e3c      0x124 pegasus_crt.a(route.o)
                                0x13c (size before relaxing)
 .eh_frame      0xb0814f60       0x40 pegasus_crt.a(dst.o)
                                 0x58 (size before relaxing)
 *(.eh_frame.*)

.sframe
 *(.sframe)
 *(.sframe.*)

.gcc_except_table
 *(.gcc_except_table .gcc_except_table.*)

.gnu_extab
 *(.gnu_extab*)

.exception_ranges
 *(.exception_ranges*)
                0xb0815000                        . = DATA_SEGMENT_ALIGN (CONSTANT (MAXPAGESIZE), CONSTANT (COMMONPAGESIZE))

.eh_frame
 *(.eh_frame)
 *(.eh_frame.*)

.sframe
 *(.sframe)
 *(.sframe.*)

.gnu_extab
 *(.gnu_extab)

.gcc_except_table
 *(.gcc_except_table .gcc_except_table.*)

.exception_ranges
 *(.exception_ranges*)

.tdata          0xb0815000        0x0
                [!provide]                        PROVIDE (__tdata_start = .)
 *(.tdata .tdata.* .gnu.linkonce.td.*)

.tbss
 *(.tbss .tbss.* .gnu.linkonce.tb.*)
 *(.tcommon)

.preinit_array  0xb0815000        0x0
                [!provide]                        PROVIDE (__preinit_array_start = .)
 *(.preinit_array)
                [!provide]                        PROVIDE (__preinit_array_end = .)

.init_array     0xb0815000        0x0
                [!provide]                        PROVIDE (__init_array_start = .)
 *(SORT_BY_INIT_PRIORITY(.init_array.*) SORT_BY_INIT_PRIORITY(.ctors.*))
 *(.init_array EXCLUDE_FILE(*crtend?.o *crtend.o *crtbegin?.o *crtbegin.o) .ctors)
                [!provide]                        PROVIDE (__init_array_end = .)

.fini_array     0xb0815000        0x0
                [!provide]                        PROVIDE (__fini_array_start = .)
 *(SORT_BY_INIT_PRIORITY(.fini_array.*) SORT_BY_INIT_PRIORITY(.dtors.*))
 *(.fini_array EXCLUDE_FILE(*crtend?.o *crtend.o *crtbegin?.o *crtbegin.o) .dtors)
                [!provide]                        PROVIDE (__fini_array_end = .)

.ctors
 *crtbegin.o(.ctors)
 *crtbegin?.o(.ctors)
 *(EXCLUDE_FILE(*crtend?.o *crtend.o) .ctors)
 *(SORT_BY_NAME(.ctors.*))
 *(.ctors)

.dtors
 *crtbegin.o(.dtors)
 *crtbegin?.o(.dtors)
 *(EXCLUDE_FILE(*crtend?.o *crtend.o) .dtors)
 *(SORT_BY_NAME(.dtors.*))
 *(.dtors)

.jcr
 *(.jcr)

.data.rel.ro
 *(.data.rel.ro.local* .gnu.linkonce.d.rel.ro.local.*)
 *(.data.rel.ro .data.rel.ro.* .gnu.linkonce.d.rel.ro.*)

.dynamic
 *(.dynamic)

.got            0xb0815000        0x0
 *(.got)
 .got           0xb0815000        0x0 test.o
 *(.igot)
                0xb0815000                        . = DATA_SEGMENT_RELRO_END (., (SIZEOF (.got.plt) >= 0xc)?0xc:0x0)

.got.plt        0xb0815000        0x0
 *(.got.plt)
 .got.plt       0xb0815000        0x0 test.o
 *(.igot.plt)
 .igot.plt      0xb0815000        0x0 test.o

.data           0xb0815000      0x8b0
 *(.data .data.* .gnu.linkonce.d.*)
 .data          0xb0815000        0x0 test.o
 .data          0xb0815000        0x0 pegasus_crt.a(kernel_main_old.o)
 .data          0xb0815000      0x600 pegasus_crt.a(keyboard.o)
                0xb0815000                keymap
 .data          0xb0815600        0x0 pegasus_crt.a(process.o)
 .data          0xb0815600        0x0 pegasus_crt.a(mem.o)
 .data          0xb0815600        0x0 pegasus_crt.a(exec.o)
 .data          0xb0815600        0x0 pegasus_crt.a(exit.o)
 .data          0xb0815600        0x0 pegasus_crt.a(wait.o)
 .data          0xb0815600        0x0 pegasus_crt.a(fork.o)
 .data          0xb0815600        0x0 pegasus_crt.a(read.o)
 .data          0xb0815600        0x0 pegasus_crt.a(open.o)
 .data          0xb0815600        0x0 pegasus_crt.a(write.o)
 .data          0xb0815600        0x0 pegasus_crt.a(close.o)
 .data          0xb0815600        0xf pegasus_crt.a(kernel.o)
 *fill*         0xb081560f        0x1 
 .data          0xb0815610        0x0 pegasus_crt.a(syscall.o)
 .data          0xb0815610        0x0 pegasus_crt.a(double_link_list.o)
 *fill*         0xb0815610       0x10 
 .data          0xb0815620      0x160 pegasus_crt.a(global.o)
                0xb0815620                user_task_table
                0xb08156a0                sys_task_table
                0xb0815764                sys_call_table
 .data          0xb0815780        0x0 pegasus_crt.a(console.o)
 .data          0xb0815780        0x0 pegasus_crt.a(protect.o)
 .data          0xb0815780        0x0 pegasus_crt.a(task_network.o)
 .data          0xb0815780        0x0 pegasus_crt.a(hd.o)
 .data          0xb0815780        0x0 pegasus_crt.a(fs_main.o)
 .data          0xb0815780        0x0 pegasus_crt.a(main.o)
 .data          0xb0815780        0x0 pegasus_crt.a(strcmp.o)
 .data          0xb0815780        0x4 pegasus_crt.a(netdev.o)
 .data          0xb0815784       0x14 pegasus_crt.a(arp.o)
 .data          0xb0815798        0x4 pegasus_crt.a(skbuff.o)
 .data          0xb081579c        0x4 pegasus_crt.a(utils.o)
 .data          0xb08157a0        0x0 pegasus_crt.a(forkexit.o)
 .data          0xb08157a0        0x0 pegasus_crt.a(exec.o)
 .data          0xb08157a0        0x0 pegasus_crt.a(perror.o)
 .data          0xb08157a0        0x0 pegasus_crt.a(sscanf.o)
 .data          0xb08157a0        0x0 pegasus_crt.a(ntohs.o)
 .data          0xb08157a0        0x0 pegasus_crt.a(htonl.o)
 .data          0xb08157a0        0x0 pegasus_crt.a(htons.o)
 .data          0xb08157a0        0x0 pegasus_crt.a(inet_pton.o)
 .data          0xb08157a0        0x0 pegasus_crt.a(ntohl.o)
 .data          0xb08157a0        0x0 pegasus_crt.a(my_process.o)
 .data          0xb08157a0        0x0 pegasus_crt.a(thread.o)
 .data          0xb08157a0        0x4 pegasus_crt.a(ip_input.o)
 .data          0xb08157a4        0x8 pegasus_crt.a(tcp.o)
 *fill*         0xb08157ac       0x14 
 .data          0xb08157c0       0x54 pegasus_crt.a(tcp_sock.o)
                0xb08157e0                tcp_ops
 .data          0xb0815814        0x4 pegasus_crt.a(icmpv4.o)
 .data          0xb0815818        0x4 pegasus_crt.a(tcp_input.o)
 .data          0xb081581c        0x8 pegasus_crt.a(udp.o)
 .data          0xb0815824        0x4 pegasus_crt.a(tcp_data.o)
 .data          0xb0815828        0x0 pegasus_crt.a(strtok.o)
 .data          0xb0815828        0x0 pegasus_crt.a(strpbrk.o)
 *fill*         0xb0815828       0x18 
 .data          0xb0815840       0x54 pegasus_crt.a(udp_sock.o)
                0xb0815860                udp_ops
 .data          0xb0815894        0x4 pegasus_crt.a(ip_output.o)
 .data          0xb0815898        0x4 pegasus_crt.a(sock.o)
 .data          0xb081589c        0x4 pegasus_crt.a(tcp_output.o)
 .data          0xb08158a0        0xc pegasus_crt.a(route.o)
 .data          0xb08158ac        0x4 pegasus_crt.a(dst.o)

.data1
 *(.data1)
                0xb08158b0                        _edata = .
                [!provide]                        PROVIDE (edata = .)
                0xb08158b0                        . = .
                0xb08158b0                        __bss_start = .

.bss            0xb08158c0    0x951b0
 *(.dynbss)
 *(.bss .bss.* .gnu.linkonce.b.*)
 .bss           0xb08158c0        0x0 test.o
 .bss           0xb08158c0        0x0 pegasus_crt.a(kernel_main_old.o)
 .bss           0xb08158c0        0x0 pegasus_crt.a(keyboard.o)
 .bss           0xb08158c0        0x0 pegasus_crt.a(process.o)
 .bss           0xb08158c0        0x0 pegasus_crt.a(mem.o)
 .bss           0xb08158c0        0x0 pegasus_crt.a(exec.o)
 .bss           0xb08158c0        0x0 pegasus_crt.a(exit.o)
 .bss           0xb08158c0        0x0 pegasus_crt.a(wait.o)
 .bss           0xb08158c0        0x0 pegasus_crt.a(fork.o)
 .bss           0xb08158c0        0x0 pegasus_crt.a(read.o)
 .bss           0xb08158c0        0x0 pegasus_crt.a(open.o)
 .bss           0xb08158c0        0x0 pegasus_crt.a(write.o)
 .bss           0xb08158c0        0x0 pegasus_crt.a(close.o)
 .bss           0xb08158c0      0x800 pegasus_crt.a(kernel.o)
 .bss           0xb08160c0        0x0 pegasus_crt.a(double_link_list.o)
 .bss           0xb08160c0        0x0 pegasus_crt.a(global.o)
 .bss           0xb08160c0        0x0 pegasus_crt.a(console.o)
 .bss           0xb08160c0        0x0 pegasus_crt.a(protect.o)
 .bss           0xb08160c0        0x0 pegasus_crt.a(task_network.o)
 .bss           0xb08160c0        0x0 pegasus_crt.a(hd.o)
 .bss           0xb08160c0        0x4 pegasus_crt.a(fs_main.o)
                0xb08160c0                c
 .bss           0xb08160c4        0x0 pegasus_crt.a(main.o)
 .bss           0xb08160c4        0x0 pegasus_crt.a(strcmp.o)
 .bss           0xb08160c4        0x0 pegasus_crt.a(netdev.o)
 .bss           0xb08160c4        0x0 pegasus_crt.a(arp.o)
 .bss           0xb08160c4        0x0 pegasus_crt.a(skbuff.o)
 .bss           0xb08160c4        0x0 pegasus_crt.a(utils.o)
 .bss           0xb08160c4        0x0 pegasus_crt.a(forkexit.o)
 .bss           0xb08160c4        0x0 pegasus_crt.a(exec.o)
 .bss           0xb08160c4        0x0 pegasus_crt.a(perror.o)
 .bss           0xb08160c4        0x0 pegasus_crt.a(sscanf.o)
 .bss           0xb08160c4        0x0 pegasus_crt.a(ntohs.o)
 .bss           0xb08160c4        0x0 pegasus_crt.a(htonl.o)
 .bss           0xb08160c4        0x0 pegasus_crt.a(htons.o)
 .bss           0xb08160c4        0x0 pegasus_crt.a(inet_pton.o)
 .bss           0xb08160c4        0x0 pegasus_crt.a(ntohl.o)
 .bss           0xb08160c4        0x0 pegasus_crt.a(my_process.o)
 .bss           0xb08160c4        0x0 pegasus_crt.a(thread.o)
 .bss           0xb08160c4        0x0 pegasus_crt.a(ip_input.o)
 .bss           0xb08160c4        0x0 pegasus_crt.a(tcp.o)
 .bss           0xb08160c4        0x0 pegasus_crt.a(tcp_sock.o)
 .bss           0xb08160c4        0x0 pegasus_crt.a(icmpv4.o)
 .bss           0xb08160c4        0x0 pegasus_crt.a(tcp_input.o)
 .bss           0xb08160c4        0x0 pegasus_crt.a(udp.o)
 .bss           0xb08160c4        0x0 pegasus_crt.a(tcp_data.o)
 .bss           0xb08160c4        0x4 pegasus_crt.a(strtok.o)
 .bss           0xb08160c8        0x0 pegasus_crt.a(strpbrk.o)
 .bss           0xb08160c8        0x4 pegasus_crt.a(udp_sock.o)
 .bss           0xb08160cc        0x0 pegasus_crt.a(ip_output.o)
 .bss           0xb08160cc        0x0 pegasus_crt.a(sock.o)
 .bss           0xb08160cc        0x0 pegasus_crt.a(tcp_output.o)
 .bss           0xb08160cc        0x0 pegasus_crt.a(route.o)
 .bss           0xb08160cc        0x0 pegasus_crt.a(dst.o)
 *(COMMON)
 *fill*         0xb08160cc       0x14 
 COMMON         0xb08160e0     0x17b8 pegasus_crt.a(kernel_main_old.o)
                0xb08160e0                current_tty
                0xb08160e4                is_e0
                0xb08160e8                idt_ptr
                0xb08160f0                pid
                0xb08160f4                KernelVirtualMemory
                0xb0816100                current_dis_pos
                0xb0816104                dis_pos
                0xb0816108                k_reenter
                0xb0816120                gdt
                0xb0816520                proc_ready_table
                0xb0816524                test_ticks
                0xb0816528                pcaller
                0xb0816540                keyboard_buffer
                0xb081674c                pcb_list
                0xb081675c                gdt_index
                0xb0816760                tty_table
                0xb0816fa0                tss
                0xb081700c                KernelPool
                0xb081701c                net_buf
                0xb0817020                nic_current_page
                0xb0817024                counter
                0xb0817028                key_pressed
                0xb081702c                fork_pid
                0xb0817030                is_shift
                0xb0817031                net_data
                0xb0817034                gdt_ptr
                0xb0817040                idt
                0xb0817840                main_thread
                0xb0817848                ticks
                0xb0817850                is_init
                0xb0817854                UserPool
                0xb0817864                all_pcb_list
                0xb0817874                console_table
                0xb0817884                is_disp
                0xb0817888                MAIN_THREAD_PAGE_DIRECTORY
                0xb081788c                helloStr
 *fill*         0xb0817898        0x8 
 COMMON         0xb08178a0       0xf0 pegasus_crt.a(mem.o)
                0xb08178a0                kernel_mem_block_decs_array
 *fill*         0xb0817990       0x10 
 COMMON         0xb08179a0    0x91e14 pegasus_crt.a(global.o)
                0xb08179a0                proc_stack
                0xb08a79a0                proc_table
 *fill*         0xb08a97b4        0xc 
 COMMON         0xb08a97c0      0x440 pegasus_crt.a(hd.o)
                0xb08a97c0                hd_info
                0xb08a9a00                hd_cache
 COMMON         0xb08a9c00      0xe68 pegasus_crt.a(fs_main.o)
                0xb08a9c00                file_desc_table
                0xb08aa000                phy_super_block_buf
                0xb08aa004                phy_fsbuf
                0xb08aa020                inode_table
                0xb08aaa20                super_block_buf
                0xb08aaa24                fsbuf
                0xb08aaa40                root
 COMMON         0xb08aaa68        0x8 pegasus_crt.a(netdev.o)
                0xb08aaa68                loop
                0xb08aaa6c                netdev
                0xb08aaa70                        . = ALIGN ((. != 0x0)?0x4:0x1)
                0xb08aaa70                        . = ALIGN (0x4)
                0xb08aaa70                        . = SEGMENT_START ("ldata-segment", .)
                0xb08aaa70                        . = ALIGN (0x4)
                0xb08aaa70                        _end = .
                [!provide]                        PROVIDE (end = .)
                0xb08aaa70                        . = DATA_SEGMENT_END (.)

.stab
 *(.stab)

.stabstr
 *(.stabstr)

.stab.excl
 *(.stab.excl)

.stab.exclstr
 *(.stab.exclstr)

.stab.index
 *(.stab.index)

.stab.indexstr
 *(.stab.indexstr)

.comment        0x00000000       0x2c
 *(.comment)
 .comment       0x00000000       0x2c test.o
                                 0x2d (size before relaxing)
 .comment       0x0000002c       0x2d pegasus_crt.a(kernel_main_old.o)
 .comment       0x0000002c       0x2d pegasus_crt.a(keyboard.o)
 .comment       0x0000002c       0x2d pegasus_crt.a(process.o)
 .comment       0x0000002c       0x2d pegasus_crt.a(mem.o)
 .comment       0x0000002c       0x2d pegasus_crt.a(exec.o)
 .comment       0x0000002c       0x2d pegasus_crt.a(exit.o)
 .comment       0x0000002c       0x2d pegasus_crt.a(wait.o)
 .comment       0x0000002c       0x2d pegasus_crt.a(fork.o)
 .comment       0x0000002c       0x2d pegasus_crt.a(read.o)
 .comment       0x0000002c       0x2d pegasus_crt.a(open.o)
 .comment       0x0000002c       0x2d pegasus_crt.a(write.o)
 .comment       0x0000002c       0x2d pegasus_crt.a(close.o)
 .comment       0x0000002c       0x2d pegasus_crt.a(double_link_list.o)
 .comment       0x0000002c       0x2d pegasus_crt.a(global.o)
 .comment       0x0000002c       0x2d pegasus_crt.a(console.o)
 .comment       0x0000002c       0x2d pegasus_crt.a(protect.o)
 .comment       0x0000002c       0x2d pegasus_crt.a(task_network.o)
 .comment       0x0000002c       0x2d pegasus_crt.a(hd.o)
 .comment       0x0000002c       0x2d pegasus_crt.a(fs_main.o)
 .comment       0x0000002c       0x2d pegasus_crt.a(main.o)
 .comment       0x0000002c       0x2d pegasus_crt.a(strcmp.o)
 .comment       0x0000002c       0x2d pegasus_crt.a(netdev.o)
 .comment       0x0000002c       0x2d pegasus_crt.a(arp.o)
 .comment       0x0000002c       0x2d pegasus_crt.a(skbuff.o)
 .comment       0x0000002c       0x2d pegasus_crt.a(utils.o)
 .comment       0x0000002c       0x2d pegasus_crt.a(forkexit.o)
 .comment       0x0000002c       0x2d pegasus_crt.a(exec.o)
 .comment       0x0000002c       0x2d pegasus_crt.a(perror.o)
 .comment       0x0000002c       0x2d pegasus_crt.a(sscanf.o)
 .comment       0x0000002c       0x2d pegasus_crt.a(ntohs.o)
 .comment       0x0000002c       0x2d pegasus_crt.a(htonl.o)
 .comment       0x0000002c       0x2d pegasus_crt.a(htons.o)
 .comment       0x0000002c       0x2d pegasus_crt.a(inet_pton.o)
 .comment       0x0000002c       0x2d pegasus_crt.a(ntohl.o)
 .comment       0x0000002c       0x2d pegasus_crt.a(my_process.o)
 .comment       0x0000002c       0x2d pegasus_crt.a(thread.o)
 .comment       0x0000002c       0x2d pegasus_crt.a(ip_input.o)
 .comment       0x0000002c       0x2d pegasus_crt.a(tcp.o)
 .comment       0x0000002c       0x2d pegasus_crt.a(tcp_sock.o)
 .comment       0x0000002c       0x2d pegasus_crt.a(icmpv4.o)
 .comment       0x0000002c       0x2d pegasus_crt.a(tcp_input.o)
 .comment       0x0000002c       0x2d pegasus_crt.a(udp.o)
 .comment       0x0000002c       0x2d pegasus_crt.a(tcp_data.o)
 .comment       0x0000002c       0x2d pegasus_crt.a(strtok.o)
 .comment       0x0000002c       0x2d pegasus_crt.a(strpbrk.o)
 .comment       0x0000002c       0x2d pegasus_crt.a(udp_sock.o)
 .comment       0x0000002c       0x2d pegasus_crt.a(ip_output.o)
 .comment       0x0000002c       0x2d pegasus_crt.a(sock.o)
 .comment       0x0000002c       0x2d pegasus_crt.a(tcp_output.o)
 .comment       0x0000002c       0x2d pegasus_crt.a(route.o)
 .comment       0x0000002c       0x2d pegasus_crt.a(dst.o)

.gnu.build.attributes
 *(.gnu.build.attributes .gnu.build.attributes.*)

.debug
 *(.debug)

.line
 *(.line)

.debug_srcinfo
 *(.debug_srcinfo)

.debug_sfnames
 *(.debug_sfnames)

.debug_aranges  0x00000000      0x658
 *(.debug_aranges)
 .debug_aranges
                0x00000000       0x20 pegasus_crt.a(kernel_main_old.o)
 .debug_aranges
                0x00000020       0x20 pegasus_crt.a(keyboard.o)
 .debug_aranges
                0x00000040       0x20 pegasus_crt.a(process.o)
 .debug_aranges
                0x00000060       0x20 pegasus_crt.a(mem.o)
 .debug_aranges
                0x00000080       0x20 pegasus_crt.a(exec.o)
 .debug_aranges
                0x000000a0       0x20 pegasus_crt.a(exit.o)
 .debug_aranges
                0x000000c0       0x20 pegasus_crt.a(wait.o)
 .debug_aranges
                0x000000e0       0x20 pegasus_crt.a(fork.o)
 .debug_aranges
                0x00000100       0x20 pegasus_crt.a(read.o)
 .debug_aranges
                0x00000120       0x20 pegasus_crt.a(open.o)
 .debug_aranges
                0x00000140       0x20 pegasus_crt.a(write.o)
 .debug_aranges
                0x00000160       0x20 pegasus_crt.a(close.o)
 .debug_aranges
                0x00000180       0x20 pegasus_crt.a(double_link_list.o)
 .debug_aranges
                0x000001a0       0x18 pegasus_crt.a(global.o)
 .debug_aranges
                0x000001b8       0x20 pegasus_crt.a(console.o)
 .debug_aranges
                0x000001d8       0x20 pegasus_crt.a(protect.o)
 .debug_aranges
                0x000001f8       0x20 pegasus_crt.a(task_network.o)
 .debug_aranges
                0x00000218       0x20 pegasus_crt.a(hd.o)
 .debug_aranges
                0x00000238       0x20 pegasus_crt.a(fs_main.o)
 .debug_aranges
                0x00000258       0x20 pegasus_crt.a(main.o)
 .debug_aranges
                0x00000278       0x20 pegasus_crt.a(strcmp.o)
 .debug_aranges
                0x00000298       0x20 pegasus_crt.a(netdev.o)
 .debug_aranges
                0x000002b8       0x20 pegasus_crt.a(arp.o)
 .debug_aranges
                0x000002d8       0x20 pegasus_crt.a(skbuff.o)
 .debug_aranges
                0x000002f8       0x20 pegasus_crt.a(utils.o)
 .debug_aranges
                0x00000318       0x20 pegasus_crt.a(forkexit.o)
 .debug_aranges
                0x00000338       0x20 pegasus_crt.a(exec.o)
 .debug_aranges
                0x00000358       0x20 pegasus_crt.a(perror.o)
 .debug_aranges
                0x00000378       0x20 pegasus_crt.a(sscanf.o)
 .debug_aranges
                0x00000398       0x20 pegasus_crt.a(ntohs.o)
 .debug_aranges
                0x000003b8       0x20 pegasus_crt.a(htonl.o)
 .debug_aranges
                0x000003d8       0x20 pegasus_crt.a(htons.o)
 .debug_aranges
                0x000003f8       0x20 pegasus_crt.a(inet_pton.o)
 .debug_aranges
                0x00000418       0x20 pegasus_crt.a(ntohl.o)
 .debug_aranges
                0x00000438       0x20 pegasus_crt.a(my_process.o)
 .debug_aranges
                0x00000458       0x20 pegasus_crt.a(thread.o)
 .debug_aranges
                0x00000478       0x20 pegasus_crt.a(ip_input.o)
 .debug_aranges
                0x00000498       0x20 pegasus_crt.a(tcp.o)
 .debug_aranges
                0x000004b8       0x20 pegasus_crt.a(tcp_sock.o)
 .debug_aranges
                0x000004d8       0x20 pegasus_crt.a(icmpv4.o)
 .debug_aranges
                0x000004f8       0x20 pegasus_crt.a(tcp_input.o)
 .debug_aranges
                0x00000518       0x20 pegasus_crt.a(udp.o)
 .debug_aranges
                0x00000538       0x20 pegasus_crt.a(tcp_data.o)
 .debug_aranges
                0x00000558       0x20 pegasus_crt.a(strtok.o)
 .debug_aranges
                0x00000578       0x20 pegasus_crt.a(strpbrk.o)
 .debug_aranges
                0x00000598       0x20 pegasus_crt.a(udp_sock.o)
 .debug_aranges
                0x000005b8       0x20 pegasus_crt.a(ip_output.o)
 .debug_aranges
                0x000005d8       0x20 pegasus_crt.a(sock.o)
 .debug_aranges
                0x000005f8       0x20 pegasus_crt.a(tcp_output.o)
 .debug_aranges
                0x00000618       0x20 pegasus_crt.a(route.o)
 .debug_aranges
                0x00000638       0x20 pegasus_crt.a(dst.o)

.debug_pubnames
 *(.debug_pubnames)

.debug_info     0x00000000    0x3445a
 *(.debug_info .gnu.linkonce.wi.*)
 .debug_info    0x00000000     0x2841 pegasus_crt.a(kernel_main_old.o)
 .debug_info    0x00002841      0xfde pegasus_crt.a(keyboard.o)
 .debug_info    0x0000381f      0xf73 pegasus_crt.a(process.o)
 .debug_info    0x00004792     0x1d52 pegasus_crt.a(mem.o)
 .debug_info    0x000064e4      0xf40 pegasus_crt.a(exec.o)
 .debug_info    0x00007424      0xdb3 pegasus_crt.a(exit.o)
 .debug_info    0x000081d7      0xdc1 pegasus_crt.a(wait.o)
 .debug_info    0x00008f98      0xda8 pegasus_crt.a(fork.o)
 .debug_info    0x00009d40      0xea1 pegasus_crt.a(read.o)
 .debug_info    0x0000abe1      0xe02 pegasus_crt.a(open.o)
 .debug_info    0x0000b9e3      0xe2f pegasus_crt.a(write.o)
 .debug_info    0x0000c812      0xdb6 pegasus_crt.a(close.o)
 .debug_info    0x0000d5c8     0x1044 pegasus_crt.a(double_link_list.o)
 .debug_info    0x0000e60c      0xe8a pegasus_crt.a(global.o)
 .debug_info    0x0000f496     0x128a pegasus_crt.a(console.o)
 .debug_info    0x00010720     0x11b5 pegasus_crt.a(protect.o)
 .debug_info    0x000118d5      0xf01 pegasus_crt.a(task_network.o)
 .debug_info    0x000127d6     0x19f3 pegasus_crt.a(hd.o)
 .debug_info    0x000141c9     0x1f3b pegasus_crt.a(fs_main.o)
 .debug_info    0x00016104      0xdcc pegasus_crt.a(main.o)
 .debug_info    0x00016ed0       0xc1 pegasus_crt.a(strcmp.o)
 .debug_info    0x00016f91     0x132e pegasus_crt.a(netdev.o)
 .debug_info    0x000182bf      0x76e pegasus_crt.a(arp.o)
 .debug_info    0x00018a2d      0x39f pegasus_crt.a(skbuff.o)
 .debug_info    0x00018dcc      0x367 pegasus_crt.a(utils.o)
 .debug_info    0x00019133      0xfbc pegasus_crt.a(forkexit.o)
 .debug_info    0x0001a0ef     0x11ca pegasus_crt.a(exec.o)
 .debug_info    0x0001b2b9       0x5c pegasus_crt.a(perror.o)
 .debug_info    0x0001b315      0x20e pegasus_crt.a(sscanf.o)
 .debug_info    0x0001b523       0xa8 pegasus_crt.a(ntohs.o)
 .debug_info    0x0001b5cb       0xcb pegasus_crt.a(htonl.o)
 .debug_info    0x0001b696       0xa8 pegasus_crt.a(htons.o)
 .debug_info    0x0001b73e      0x260 pegasus_crt.a(inet_pton.o)
 .debug_info    0x0001b99e       0xcb pegasus_crt.a(ntohl.o)
 .debug_info    0x0001ba69     0x149d pegasus_crt.a(my_process.o)
 .debug_info    0x0001cf06     0x1069 pegasus_crt.a(thread.o)
 .debug_info    0x0001df6f     0x1aab pegasus_crt.a(ip_input.o)
 .debug_info    0x0001fa1a     0x1e0e pegasus_crt.a(tcp.o)
 .debug_info    0x00021828     0x21ff pegasus_crt.a(tcp_sock.o)
 .debug_info    0x00023a27     0x1909 pegasus_crt.a(icmpv4.o)
 .debug_info    0x00025330     0x2111 pegasus_crt.a(tcp_input.o)
 .debug_info    0x00027441     0x1b0e pegasus_crt.a(udp.o)
 .debug_info    0x00028f4f     0x1d77 pegasus_crt.a(tcp_data.o)
 .debug_info    0x0002acc6       0xae pegasus_crt.a(strtok.o)
 .debug_info    0x0002ad74       0xcf pegasus_crt.a(strpbrk.o)
 .debug_info    0x0002ae43     0x1edd pegasus_crt.a(udp_sock.o)
 .debug_info    0x0002cd20     0x1745 pegasus_crt.a(ip_output.o)
 .debug_info    0x0002e465     0x1860 pegasus_crt.a(sock.o)
 .debug_info    0x0002fcc5     0x2329 pegasus_crt.a(tcp_output.o)
 .debug_info    0x00031fee     0x1282 pegasus_crt.a(route.o)
 .debug_info    0x00033270     0x11ea pegasus_crt.a(dst.o)

.debug_abbrev   0x00000000     0x6637
 *(.debug_abbrev)
 .debug_abbrev  0x00000000      0x452 pegasus_crt.a(kernel_main_old.o)
 .debug_abbrev  0x00000452      0x1fb pegasus_crt.a(keyboard.o)
 .debug_abbrev  0x0000064d      0x1e0 pegasus_crt.a(process.o)
 .debug_abbrev  0x0000082d      0x2ea pegasus_crt.a(mem.o)
 .debug_abbrev  0x00000b17      0x1e8 pegasus_crt.a(exec.o)
 .debug_abbrev  0x00000cff      0x19b pegasus_crt.a(exit.o)
 .debug_abbrev  0x00000e9a      0x19f pegasus_crt.a(wait.o)
 .debug_abbrev  0x00001039      0x18a pegasus_crt.a(fork.o)
 .debug_abbrev  0x000011c3      0x1ef pegasus_crt.a(read.o)
 .debug_abbrev  0x000013b2      0x1c5 pegasus_crt.a(open.o)
 .debug_abbrev  0x00001577      0x1db pegasus_crt.a(write.o)
 .debug_abbrev  0x00001752      0x19d pegasus_crt.a(close.o)
 .debug_abbrev  0x000018ef      0x216 pegasus_crt.a(double_link_list.o)
 .debug_abbrev  0x00001b05      0x157 pegasus_crt.a(global.o)
 .debug_abbrev  0x00001c5c      0x2ac pegasus_crt.a(console.o)
 .debug_abbrev  0x00001f08      0x227 pegasus_crt.a(protect.o)
 .debug_abbrev  0x0000212f      0x1cb pegasus_crt.a(task_network.o)
 .debug_abbrev  0x000022fa      0x33e pegasus_crt.a(hd.o)
 .debug_abbrev  0x00002638      0x2ef pegasus_crt.a(fs_main.o)
 .debug_abbrev  0x00002927      0x208 pegasus_crt.a(main.o)
 .debug_abbrev  0x00002b2f       0x94 pegasus_crt.a(strcmp.o)
 .debug_abbrev  0x00002bc3      0x289 pegasus_crt.a(netdev.o)
 .debug_abbrev  0x00002e4c      0x210 pegasus_crt.a(arp.o)
 .debug_abbrev  0x0000305c      0x15f pegasus_crt.a(skbuff.o)
 .debug_abbrev  0x000031bb      0x17a pegasus_crt.a(utils.o)
 .debug_abbrev  0x00003335      0x204 pegasus_crt.a(forkexit.o)
 .debug_abbrev  0x00003539      0x1c4 pegasus_crt.a(exec.o)
 .debug_abbrev  0x000036fd       0x5c pegasus_crt.a(perror.o)
 .debug_abbrev  0x00003759       0xdd pegasus_crt.a(sscanf.o)
 .debug_abbrev  0x00003836       0x6c pegasus_crt.a(ntohs.o)
 .debug_abbrev  0x000038a2       0xa5 pegasus_crt.a(htonl.o)
 .debug_abbrev  0x00003947       0x6c pegasus_crt.a(htons.o)
 .debug_abbrev  0x000039b3      0x116 pegasus_crt.a(inet_pton.o)
 .debug_abbrev  0x00003ac9       0xa5 pegasus_crt.a(ntohl.o)
 .debug_abbrev  0x00003b6e      0x260 pegasus_crt.a(my_process.o)
 .debug_abbrev  0x00003dce      0x222 pegasus_crt.a(thread.o)
 .debug_abbrev  0x00003ff0      0x2d1 pegasus_crt.a(ip_input.o)
 .debug_abbrev  0x000042c1      0x332 pegasus_crt.a(tcp.o)
 .debug_abbrev  0x000045f3      0x3e6 pegasus_crt.a(tcp_sock.o)
 .debug_abbrev  0x000049d9      0x236 pegasus_crt.a(icmpv4.o)
 .debug_abbrev  0x00004c0f      0x355 pegasus_crt.a(tcp_input.o)
 .debug_abbrev  0x00004f64      0x2d3 pegasus_crt.a(udp.o)
 .debug_abbrev  0x00005237      0x2a6 pegasus_crt.a(tcp_data.o)
 .debug_abbrev  0x000054dd       0x91 pegasus_crt.a(strtok.o)
 .debug_abbrev  0x0000556e       0xa5 pegasus_crt.a(strpbrk.o)
 .debug_abbrev  0x00005613      0x3b1 pegasus_crt.a(udp_sock.o)
 .debug_abbrev  0x000059c4      0x213 pegasus_crt.a(ip_output.o)
 .debug_abbrev  0x00005bd7      0x273 pegasus_crt.a(sock.o)
 .debug_abbrev  0x00005e4a      0x39b pegasus_crt.a(tcp_output.o)
 .debug_abbrev  0x000061e5      0x24e pegasus_crt.a(route.o)
 .debug_abbrev  0x00006433      0x204 pegasus_crt.a(dst.o)

.debug_line     0x00000000     0x832b
 *(.debug_line .debug_line.* .debug_line_end)
 .debug_line    0x00000000      0xe29 pegasus_crt.a(kernel_main_old.o)
 .debug_line    0x00000e29      0x296 pegasus_crt.a(keyboard.o)
 .debug_line    0x000010bf      0x180 pegasus_crt.a(process.o)
 .debug_line    0x0000123f      0x7e3 pegasus_crt.a(mem.o)
 .debug_line    0x00001a22      0x18b pegasus_crt.a(exec.o)
 .debug_line    0x00001bad       0xa0 pegasus_crt.a(exit.o)
 .debug_line    0x00001c4d       0xb7 pegasus_crt.a(wait.o)
 .debug_line    0x00001d04       0xa5 pegasus_crt.a(fork.o)
 .debug_line    0x00001da9      0x15b pegasus_crt.a(read.o)
 .debug_line    0x00001f04       0xc3 pegasus_crt.a(open.o)
 .debug_line    0x00001fc7       0xc2 pegasus_crt.a(write.o)
 .debug_line    0x00002089       0xb3 pegasus_crt.a(close.o)
 .debug_line    0x0000213c      0x253 pegasus_crt.a(double_link_list.o)
 .debug_line    0x0000238f       0x95 pegasus_crt.a(global.o)
 .debug_line    0x00002424      0x54e pegasus_crt.a(console.o)
 .debug_line    0x00002972      0x1ff pegasus_crt.a(protect.o)
 .debug_line    0x00002b71       0xf0 pegasus_crt.a(task_network.o)
 .debug_line    0x00002c61      0x639 pegasus_crt.a(hd.o)
 .debug_line    0x0000329a      0xc23 pegasus_crt.a(fs_main.o)
 .debug_line    0x00003ebd       0xec pegasus_crt.a(main.o)
 .debug_line    0x00003fa9       0x9e pegasus_crt.a(strcmp.o)
 .debug_line    0x00004047      0x247 pegasus_crt.a(netdev.o)
 .debug_line    0x0000428e      0x34c pegasus_crt.a(arp.o)
 .debug_line    0x000045da      0x121 pegasus_crt.a(skbuff.o)
 .debug_line    0x000046fb      0x13c pegasus_crt.a(utils.o)
 .debug_line    0x00004837      0x17a pegasus_crt.a(forkexit.o)
 .debug_line    0x000049b1      0x20c pegasus_crt.a(exec.o)
 .debug_line    0x00004bbd       0x48 pegasus_crt.a(perror.o)
 .debug_line    0x00004c05      0x1d2 pegasus_crt.a(sscanf.o)
 .debug_line    0x00004dd7       0x6c pegasus_crt.a(ntohs.o)
 .debug_line    0x00004e43       0xc1 pegasus_crt.a(htonl.o)
 .debug_line    0x00004f04       0x6c pegasus_crt.a(htons.o)
 .debug_line    0x00004f70      0x167 pegasus_crt.a(inet_pton.o)
 .debug_line    0x000050d7       0xc1 pegasus_crt.a(ntohl.o)
 .debug_line    0x00005198      0x33b pegasus_crt.a(my_process.o)
 .debug_line    0x000054d3      0x145 pegasus_crt.a(thread.o)
 .debug_line    0x00005618      0x272 pegasus_crt.a(ip_input.o)
 .debug_line    0x0000588a      0x2f5 pegasus_crt.a(tcp.o)
 .debug_line    0x00005b7f      0x57b pegasus_crt.a(tcp_sock.o)
 .debug_line    0x000060fa      0x225 pegasus_crt.a(icmpv4.o)
 .debug_line    0x0000631f      0x658 pegasus_crt.a(tcp_input.o)
 .debug_line    0x00006977      0x2ec pegasus_crt.a(udp.o)
 .debug_line    0x00006c63      0x3e9 pegasus_crt.a(tcp_data.o)
 .debug_line    0x0000704c       0x6e pegasus_crt.a(strtok.o)
 .debug_line    0x000070ba       0xb0 pegasus_crt.a(strpbrk.o)
 .debug_line    0x0000716a      0x4b0 pegasus_crt.a(udp_sock.o)
 .debug_line    0x0000761a      0x1fe pegasus_crt.a(ip_output.o)
 .debug_line    0x00007818      0x222 pegasus_crt.a(sock.o)
 .debug_line    0x00007a3a      0x58a pegasus_crt.a(tcp_output.o)
 .debug_line    0x00007fc4      0x209 pegasus_crt.a(route.o)
 .debug_line    0x000081cd      0x15e pegasus_crt.a(dst.o)

.debug_frame
 *(.debug_frame)

.debug_str      0x00000000     0x31d2
 *(.debug_str)
 .debug_str     0x00000000     0x31d2 pegasus_crt.a(kernel_main_old.o)
                                0xb73 (size before relaxing)
 .debug_str     0x000031d2      0x69c pegasus_crt.a(keyboard.o)
 .debug_str     0x000031d2      0x64a pegasus_crt.a(process.o)
 .debug_str     0x000031d2      0xa98 pegasus_crt.a(mem.o)
 .debug_str     0x000031d2      0x62c pegasus_crt.a(exec.o)
 .debug_str     0x000031d2      0x5a5 pegasus_crt.a(exit.o)
 .debug_str     0x000031d2      0x5a5 pegasus_crt.a(wait.o)
 .debug_str     0x000031d2      0x59e pegasus_crt.a(fork.o)
 .debug_str     0x000031d2      0x617 pegasus_crt.a(read.o)
 .debug_str     0x000031d2      0x5de pegasus_crt.a(open.o)
 .debug_str     0x000031d2      0x5db pegasus_crt.a(write.o)
 .debug_str     0x000031d2      0x5a6 pegasus_crt.a(close.o)
 .debug_str     0x000031d2      0x6d1 pegasus_crt.a(double_link_list.o)
 .debug_str     0x000031d2      0x610 pegasus_crt.a(global.o)
 .debug_str     0x000031d2      0x75f pegasus_crt.a(console.o)
 .debug_str     0x000031d2      0x76b pegasus_crt.a(protect.o)
 .debug_str     0x000031d2      0x66b pegasus_crt.a(task_network.o)
 .debug_str     0x000031d2      0x9c5 pegasus_crt.a(hd.o)
 .debug_str     0x000031d2      0xafa pegasus_crt.a(fs_main.o)
 .debug_str     0x000031d2      0x598 pegasus_crt.a(main.o)
 .debug_str     0x000031d2       0xb1 pegasus_crt.a(strcmp.o)
 .debug_str     0x000031d2      0x77d pegasus_crt.a(netdev.o)
 .debug_str     0x000031d2      0x2f6 pegasus_crt.a(arp.o)
 .debug_str     0x000031d2      0x1d8 pegasus_crt.a(skbuff.o)
 .debug_str     0x000031d2      0x1b8 pegasus_crt.a(utils.o)
 .debug_str     0x000031d2      0x617 pegasus_crt.a(forkexit.o)
 .debug_str     0x000031d2      0x86d pegasus_crt.a(exec.o)
 .debug_str     0x000031d2       0x99 pegasus_crt.a(perror.o)
 .debug_str     0x000031d2      0x102 pegasus_crt.a(sscanf.o)
 .debug_str     0x000031d2      0x101 pegasus_crt.a(ntohs.o)
 .debug_str     0x000031d2       0xf4 pegasus_crt.a(htonl.o)
 .debug_str     0x000031d2      0x102 pegasus_crt.a(htons.o)
 .debug_str     0x000031d2      0x14c pegasus_crt.a(inet_pton.o)
 .debug_str     0x000031d2       0xf3 pegasus_crt.a(ntohl.o)
 .debug_str     0x000031d2      0x8fe pegasus_crt.a(my_process.o)
 .debug_str     0x000031d2      0x717 pegasus_crt.a(thread.o)
 .debug_str     0x000031d2      0x99b pegasus_crt.a(ip_input.o)
 .debug_str     0x000031d2      0xb2d pegasus_crt.a(tcp.o)
 .debug_str     0x000031d2      0xcc0 pegasus_crt.a(tcp_sock.o)
 .debug_str     0x000031d2      0x91a pegasus_crt.a(icmpv4.o)
 .debug_str     0x000031d2      0xb8d pegasus_crt.a(tcp_input.o)
 .debug_str     0x000031d2      0x94d pegasus_crt.a(udp.o)
 .debug_str     0x000031d2      0xa49 pegasus_crt.a(tcp_data.o)
 .debug_str     0x000031d2       0xb9 pegasus_crt.a(strtok.o)
 .debug_str     0x000031d2       0xc1 pegasus_crt.a(strpbrk.o)
 .debug_str     0x000031d2      0xa71 pegasus_crt.a(udp_sock.o)
 .debug_str     0x000031d2      0x856 pegasus_crt.a(ip_output.o)
 .debug_str     0x000031d2      0x8b6 pegasus_crt.a(sock.o)
 .debug_str     0x000031d2      0xc1d pegasus_crt.a(tcp_output.o)
 .debug_str     0x000031d2      0x743 pegasus_crt.a(route.o)
 .debug_str     0x000031d2      0x722 pegasus_crt.a(dst.o)

.debug_loc
 *(.debug_loc)

.debug_macinfo
 *(.debug_macinfo)

.debug_weaknames
 *(.debug_weaknames)

.debug_funcnames
 *(.debug_funcnames)

.debug_typenames
 *(.debug_typenames)

.debug_varnames
 *(.debug_varnames)

.debug_pubtypes
 *(.debug_pubtypes)

.debug_ranges   0x00000000       0x90
 *(.debug_ranges)
 .debug_ranges  0x00000000       0x30 pegasus_crt.a(kernel_main_old.o)
 .debug_ranges  0x00000030       0x48 pegasus_crt.a(hd.o)
 .debug_ranges  0x00000078       0x18 pegasus_crt.a(exec.o)

.debug_addr
 *(.debug_addr)

.debug_line_str
 *(.debug_line_str)

.debug_loclists
 *(.debug_loclists)

.debug_macro
 *(.debug_macro)

.debug_names
 *(.debug_names)

.debug_rnglists
 *(.debug_rnglists)

.debug_str_offsets
 *(.debug_str_offsets)

.debug_sup
 *(.debug_sup)

.gnu.attributes
 *(.gnu.attributes)

/DISCARD/
 *(.note.GNU-stack)
 *(.gnu_debuglink)
 *(.gnu.lto_*)
OUTPUT(test elf32-i386)
