Archive member included to satisfy reference by file (symbol)

pegasus_crt.a(kernel_main_old.o)
                              test.o (Printf)
pegasus_crt.a(keyboard.o)     pegasus_crt.a(kernel_main_old.o) (init_keyboard_handler)
pegasus_crt.a(process.o)      pegasus_crt.a(kernel_main_old.o) (schedule_process)
pegasus_crt.a(mem.o)          pegasus_crt.a(kernel_main_old.o) (ptr_pde)
pegasus_crt.a(exec.o)         pegasus_crt.a(kernel_main_old.o) (execl)
pegasus_crt.a(fork.o)         pegasus_crt.a(kernel_main_old.o) (fork)
pegasus_crt.a(exit.o)         start.o (exit)
pegasus_crt.a(wait.o)         pegasus_crt.a(kernel_main_old.o) (wait)
pegasus_crt.a(read.o)         pegasus_crt.a(kernel_main_old.o) (read)
pegasus_crt.a(open.o)         pegasus_crt.a(kernel_main_old.o) (open)
pegasus_crt.a(write.o)        pegasus_crt.a(kernel_main_old.o) (write)
pegasus_crt.a(close.o)        pegasus_crt.a(kernel_main_old.o) (close)
pegasus_crt.a(kernel.o)       pegasus_crt.a(kernel_main_old.o) (disp_str)
pegasus_crt.a(syscall.o)      pegasus_crt.a(kernel_main_old.o) (write_debug)
pegasus_crt.a(switch_to.o)    pegasus_crt.a(process.o) (switch_to)
pegasus_crt.a(string.o)       pegasus_crt.a(kernel_main_old.o) (Memcpy2)
pegasus_crt.a(double_link_list.o)
                              pegasus_crt.a(mem.o) (initDoubleLinkList)
pegasus_crt.a(protect.o)      pegasus_crt.a(kernel_main_old.o) (InitInterruptDesc)
pegasus_crt.a(console.o)      pegasus_crt.a(keyboard.o) (select_console)
pegasus_crt.a(global.o)       pegasus_crt.a(protect.o) (proc_table)
pegasus_crt.a(netdev.o)       pegasus_crt.a(kernel.o) (net_handler)
pegasus_crt.a(task_network.o)
                              pegasus_crt.a(global.o) (task_network)
pegasus_crt.a(hd.o)           pegasus_crt.a(global.o) (TaskHD)
pegasus_crt.a(fs_main.o)      pegasus_crt.a(global.o) (task_fs)
pegasus_crt.a(main.o)         pegasus_crt.a(global.o) (TaskMM)
pegasus_crt.a(strcmp.o)       pegasus_crt.a(fs_main.o) (strcmp)
pegasus_crt.a(perror.o)       pegasus_crt.a(netdev.o) (perror)
pegasus_crt.a(sscanf.o)       pegasus_crt.a(netdev.o) (sscanf)
pegasus_crt.a(ntohs.o)        pegasus_crt.a(netdev.o) (ntohs)
pegasus_crt.a(htons.o)        pegasus_crt.a(netdev.o) (htons)
pegasus_crt.a(inet_pton.o)    pegasus_crt.a(netdev.o) (inet_pton)
pegasus_crt.a(ntohl.o)        pegasus_crt.a(netdev.o) (ntohl)
pegasus_crt.a(hd_rdwt.o)      pegasus_crt.a(hd.o) (read_port)
pegasus_crt.a(ne2000.o)       pegasus_crt.a(netdev.o) (StartSendToPhysicalLink)
pegasus_crt.a(skbuff.o)       pegasus_crt.a(netdev.o) (alloc_skb)
pegasus_crt.a(ip_input.o)     pegasus_crt.a(netdev.o) (call_ip_rcv)
pegasus_crt.a(icmpv4.o)       pegasus_crt.a(ip_input.o) (icmpv4_incoming)
pegasus_crt.a(tcp.o)          pegasus_crt.a(ip_input.o) (tcp_in)
pegasus_crt.a(arp.o)          pegasus_crt.a(netdev.o) (arp_rcv)
pegasus_crt.a(ip_output.o)    pegasus_crt.a(icmpv4.o) (ip_output)
pegasus_crt.a(dst.o)          pegasus_crt.a(ip_output.o) (dst_neigh_output)
pegasus_crt.a(tcp_input.o)    pegasus_crt.a(tcp.o) (tcp_process)
pegasus_crt.a(udp.o)          pegasus_crt.a(ip_input.o) (udp_in)
pegasus_crt.a(tcp_data.o)     pegasus_crt.a(tcp_input.o) (tcp_data_dequeue)
pegasus_crt.a(utils.o)        pegasus_crt.a(ip_input.o) (print_err)
pegasus_crt.a(forkexit.o)     pegasus_crt.a(main.o) (do_fork)
pegasus_crt.a(exec.o)         pegasus_crt.a(main.o) (do_exec)
pegasus_crt.a(atoi.o)         pegasus_crt.a(sscanf.o) (atoi)
pegasus_crt.a(strtol.o)       pegasus_crt.a(sscanf.o) (strtol)
pegasus_crt.a(strtok.o)       pegasus_crt.a(inet_pton.o) (strtok)
pegasus_crt.a(strpbrk.o)      pegasus_crt.a(strtok.o) (strpbrk)
pegasus_crt.a(htonl.o)        pegasus_crt.a(arp.o) (htonl)
pegasus_crt.a(my_process.o)   pegasus_crt.a(forkexit.o) (fork_process)
pegasus_crt.a(udp_sock.o)     pegasus_crt.a(udp.o) (udp_lookup_sock)
pegasus_crt.a(tcp_sock.o)     pegasus_crt.a(tcp_input.o) (tcp_established_or_syn_recvd_socks_enqueue)
pegasus_crt.a(sock.o)         pegasus_crt.a(tcp_sock.o) (sk_free)
pegasus_crt.a(tcp_output.o)   pegasus_crt.a(tcp_input.o) (tcp_send_synack)
pegasus_crt.a(route.o)        pegasus_crt.a(ip_output.o) (call_route_lookup)
pegasus_crt.a(thread.o)       pegasus_crt.a(my_process.o) (thread_init)

Merging program properties

Removed property 0xc0010001 to merge test.o (0x1) and start.o (not found)
Removed property 0xc0010002 to merge test.o (0x0) and start.o (not found)
Removed property 0xc0010001 to merge test.o (not found) and pegasus_crt.a(kernel_main_old.o) (0x1)
Removed property 0xc0010002 to merge test.o (not found) and pegasus_crt.a(kernel_main_old.o) (0x1)
Removed property 0xc0010001 to merge test.o (not found) and pegasus_crt.a(keyboard.o) (0x1)
Removed property 0xc0010002 to merge test.o (not found) and pegasus_crt.a(keyboard.o) (0x0)
Removed property 0xc0010001 to merge test.o (not found) and pegasus_crt.a(process.o) (0x1)
Removed property 0xc0010002 to merge test.o (not found) and pegasus_crt.a(process.o) (0x0)
[...]
Memory Configuration

Name             Origin             Length             Attributes
*default*        0x00000000         0xffffffff

Linker script and memory map

Address of section .text set to 0xb0800000
LOAD test.o
LOAD start.o
LOAD pegasus_crt.a
                [!provide]                        PROVIDE (__executable_start = SEGMENT_START ("text-segment", 0x8048000))
                0x080480d4                        . = (SEGMENT_START ("text-segment", 0x8048000) + SIZEOF_HEADERS)

.interp
 *(.interp)

.note.gnu.build-id
 *(.note.gnu.build-id)

.hash
 *(.hash)

.gnu.hash
 *(.gnu.hash)

.dynsym
 *(.dynsym)

.dynstr
 *(.dynstr)

.gnu.version
 *(.gnu.version)

.gnu.version_d
 *(.gnu.version_d)

.gnu.version_r
 *(.gnu.version_r)

.rel.dyn        0x080480d4        0x0
 *(.rel.init)
 *(.rel.text .rel.text.* .rel.gnu.linkonce.t.*)
 .rel.text      0x080480d4        0x0 test.o
 *(.rel.fini)
 *(.rel.rodata .rel.rodata.* .rel.gnu.linkonce.r.*)
 *(.rel.data.rel.ro .rel.data.rel.ro.* .rel.gnu.linkonce.d.rel.ro.*)
 *(.rel.data .rel.data.* .rel.gnu.linkonce.d.*)
 *(.rel.tdata .rel.tdata.* .rel.gnu.linkonce.td.*)
 *(.rel.tbss .rel.tbss.* .rel.gnu.linkonce.tb.*)
 *(.rel.ctors)
 *(.rel.dtors)
 *(.rel.got)
 .rel.got       0x080480d4        0x0 test.o
 *(.rel.bss .rel.bss.* .rel.gnu.linkonce.b.*)
 *(.rel.ifunc)

.rel.plt        0x080480d4        0x0
 *(.rel.plt)
                [!provide]                        PROVIDE (__rel_iplt_start = .)
 *(.rel.iplt)
 .rel.iplt      0x080480d4        0x0 test.o
                [!provide]                        PROVIDE (__rel_iplt_end = .)

.relr.dyn
 *(.relr.dyn)
                0x08049000                        . = ALIGN (CONSTANT (MAXPAGESIZE))

.init
 *(SORT_NONE(.init))

.plt            0x08049000        0x0
 *(.plt)
 *(.iplt)
 .iplt          0x08049000        0x0 test.o

.plt.got
 *(.plt.got)

.plt.sec
 *(.plt.sec)

.text           0xb0800000    0x11f68
 *(.text.unlikely .text.*_unlikely .text.unlikely.*)
 *(.text.exit .text.exit.*)
 *(.text.startup .text.startup.*)
 *(.text.hot .text.hot.*)
 *(SORT_BY_NAME(.text.sorted.*))
 *(.text .stub .text.* .gnu.linkonce.t.*)
 .text          0xb0800000       0x3e test.o
                0xb0800000                main
 *fill*         0xb080003e        0x2 
 .text          0xb0800040       0x15 start.o
                0xb0800040                _start
 .text          0xb0800055     0x2d8b pegasus_crt.a(kernel_main_old.o)
                0xb0800055                stop_here
                0xb0800099                catch_error
                0xb08000fe                intr_enable
                0xb0800127                intr_disable
                0xb0800150                intr_set_status
                0xb080016e                intr_get_status
                0xb080018b                Memcpy
                0xb08001be                untar
                0xb08004ce                num_to_string
                0xb0800574                disp_int
                0xb080059d                do_page_fault
                0xb08006da                exception_handler
                0xb08008c5                init_internal_interrupt
                0xb0800a3a                spurious_irq
                0xb0800ac8                init_keyboard
                0xb0800b0b                TestTTY
                0xb0800baa                TestReadReturnValue
                0xb0800c27                TestWriteReturnValue
                0xb0800cfb                TestFS2
                0xb0800d09                TestFS
                0xb08011ab                wait_exit
                0xb08012a9                INIT_fork
                0xb080159c                simple_shell
                0xb0801723                test_shell
                0xb080178b                test_exec
                0xb080187e                INIT
                0xb080188b                TestA
                0xb08018c0                delay
                0xb0801904                TestB
                0xb080191c                TestC
                0xb080194f                sys_get_ticks
                0xb080195f                sys_write
                0xb08019b3                milli_delay
                0xb08019dd                TaskSys
                0xb08019e2                Printf
                0xb0801ab4                sprintf
                0xb0801ae0                vsprintf
                0xb0801c8c                printx
                0xb0801ccf                sys_printx
                0xb0801d9b                spin
                0xb0801dc1                panic
                0xb0801ddf                assertion_failure
                0xb0801e51                assertion_failure2
                0xb0801ec6                dead_lock
                0xb0801ed0                sys_send_msg
                0xb08023ef                sys_receive_msg
                0xb0802a4f                send_rec
                0xb0802b4a                block
                0xb0802b86                unblock
                0xb0802bd6                get_ticks_ipc
                0xb0802be9                itoa
                0xb0802c3f                i2a
                0xb0802ca5                inform_int
                0xb0802d71                deprecate_strcmp
 .text          0xb0802de0      0x40f pegasus_crt.a(keyboard.o)
                0xb0802de0                keyboard_handler
                0xb0802e64                read_from_keyboard_buf
                0xb0802eca                keyboard_read
                0xb0803049                init_keyboard_handler
                0xb080305d                in_process
 .text          0xb08031ef      0x2d3 pegasus_crt.a(process.o)
                0xb08031ef                schedule_process
                0xb08033b5                clock_handler
                0xb0803447                pid2proc
                0xb08034ab                proc2pid
 .text          0xb08034c2     0x1118 pegasus_crt.a(mem.o)
                0xb08034c2                init_bitmap
                0xb08034e5                test_bit_val
                0xb080354e                set_bit_val
                0xb08035c9                set_bits
                0xb0803603                get_first_free_bit
                0xb0803647                get_bits
                0xb080370f                get_a_page
                0xb08037c3                get_virtual_address_start_with_addr
                0xb080385d                get_virtual_address
                0xb08038ed                ptr_pde
                0xb0803900                ptr_pte
                0xb0803927                add_map_entry
                0xb08039b8                alloc_virtual_memory
                0xb0803a84                get_physical_address_proc
                0xb0803b00                get_physical_address
                0xb0803b32                alloc_physical_memory_of_proc
                0xb0803c21                alloc_physical_memory
                0xb0803ce9                alloc_memory
                0xb0803d4b                get_a_virtual_page
                0xb0803d83                block2arena
                0xb0803d99                sys_malloc2
                0xb08040c6                remove_map_entry
                0xb08040e7                free_a_page
                0xb080418e                sys_free2
                0xb0804194                init_memory_block_desc
                0xb0804265                init_memory2
                0xb080449a                init_memory
 .text          0xb08045da      0x285 pegasus_crt.a(exec.o)
                0xb08045da                exec
                0xb080464b                execv
                0xb080483a                execl
 .text          0xb080485f       0x4b pegasus_crt.a(fork.o)
                0xb080485f                fork
 .text          0xb08048aa       0x2f pegasus_crt.a(exit.o)
                0xb08048aa                exit
 .text          0xb08048d9       0x44 pegasus_crt.a(wait.o)
                0xb08048d9                wait
 .text          0xb080491d      0x181 pegasus_crt.a(read.o)
                0xb080491d                read
 .text          0xb0804a9e       0x9e pegasus_crt.a(open.o)
                0xb0804a9e                open
 .text          0xb0804b3c       0x85 pegasus_crt.a(write.o)
                0xb0804b3c                write
 .text          0xb0804bc1       0x52 pegasus_crt.a(close.o)
                0xb0804bc1                close
 *fill*         0xb0804c13        0xd 
 .text          0xb0804c20      0x3d2 pegasus_crt.a(kernel.o)
                0xb0804c20                InterruptTest
                0xb0804c2c                disp_str_len
                0xb0804c79                disp_str
                0xb0804cb4                disp_str_colour
                0xb0804cf0                divide_zero_fault
                0xb0804cf6                single_step_fault
                0xb0804cfc                non_maskable_interrupt
                0xb0804d02                breakpoint_trap
                0xb0804d08                overflow_trap
                0xb0804d0e                bound_range_exceeded_fault
                0xb0804d14                invalid_opcode_fault
                0xb0804d1a                coprocessor_not_available_fault
                0xb0804d20                double_fault_exception_abort
                0xb0804d24                coprocessor_segment_overrun
                0xb0804d2a                invalid_task_state_segment_fault
                0xb0804d2e                segment_not_present_fault
                0xb0804d32                stack_exception_fault
                0xb0804d36                general_protection_exception_fault
                0xb0804d41                page_fault
                0xb0804d45                coprocessor_error_fault
                0xb0804d4b                align_check_fault
                0xb0804d4f                simd_float_exception_fault
                0xb0804d5e                hwint0
                0xb0804d8e                hwint1
                0xb0804dd1                hwint14
                0xb0804e17                hwint10
                0xb0804e5a                sys_call
                0xb0804ea0                fork_restart
                0xb0804eaf                restart
                0xb0804ed2                in_byte
                0xb0804ede                out_byte
                0xb0804f00                disable_int
                0xb0804f02                enable_int
                0xb0804f98                enable_8259A_casecade_irq
                0xb0804fa2                disable_8259A_casecade_irq
                0xb0804fac                enable_8259A_slave_winchester_irq
                0xb0804fb6                disable_8259A_slave_winchester_irq
                0xb0804fc0                update_cr3
                0xb0804fcd                update_tss
                0xb0804fdc                get_running_thread_pcb
                0xb0804fe2                sys_call_test
                0xb0804fe5                enable_8259A_slave_net_irq
 *fill*         0xb0804ff2        0xe 
 .text          0xb0805000       0x6a pegasus_crt.a(syscall.o)
                0xb0805000                write_debug
                0xb0805010                send_msg
                0xb0805026                receive_msg
                0xb080503c                sys_malloc
                0xb0805051                sys_free
 *fill*         0xb080506a        0x6 
 .text          0xb0805070       0x15 pegasus_crt.a(switch_to.o)
                0xb0805070                switch_to
 .text          0xb0805085      0x2ee pegasus_crt.a(double_link_list.o)
                0xb0805085                initDoubleLinkList
                0xb08050d5                isListEmpty
                0xb0805103                findElementInList
                0xb080519a                appendToDoubleLinkList
                0xb0805260                insertToDoubleLinkList
                0xb08052e4                popFromDoubleLinkList
 .text          0xb0805373      0x3b3 pegasus_crt.a(protect.o)
                0xb0805373                InitDescriptor
                0xb08053e0                Seg2PhyAddr
                0xb0805421                Seg2PhyAddrLDT
                0xb0805465                VirAddr2PhyAddr
                0xb080547b                v2l
                0xb08054be                init_propt
                0xb080563f                InitInterruptDesc
                0xb080569b                ReloadGDT
 .text          0xb0805726      0xad3 pegasus_crt.a(console.o)
                0xb0805726                select_console
                0xb0805762                flush
                0xb080579b                set_cursor
                0xb08057f9                set_console_start_video_addr
                0xb0805857                put_key
                0xb08058c3                scroll_up
                0xb0805905                scroll_down
                0xb0805970                out_char
                0xb0805b2d                tty_dev_read
                0xb0805b57                tty_dev_write
                0xb0805d84                tty_do_read
                0xb0805e4c                tty_do_write
                0xb0805fb5                init_screen
                0xb080603e                init_tty
                0xb08060f3                TaskTTY
 .text          0xb08061f9        0x0 pegasus_crt.a(global.o)
 .text          0xb08061f9      0x9a8 pegasus_crt.a(netdev.o)
                0xb0806387                netdev_init
                0xb08063ce                netdev_transmit
                0xb0806521                interrupt_wait2
                0xb080657a                netdev_rx_loop
                0xb080666b                call_netdev_get
                0xb08067b5                netdev_get
                0xb080686a                free_netdev
                0xb0806895                local_ipaddress
                0xb08068d2                receive_msg_from_nic
                0xb0806a5f                receive_msg_from_nic2
                0xb0806b8b                net_handler
 .text          0xb0806ba1        0xf pegasus_crt.a(task_network.o)
                0xb0806ba1                init_dev
                0xb0806ba6                task_network
                0xb0806bab                task_netdev_rx
 .text          0xb0806bb0      0xe84 pegasus_crt.a(hd.o)
                0xb0806bb0                TaskHD
                0xb0806bfb                init_hd
                0xb0806c15                hd_handle
                0xb0806d1a                hd_cmd_out
                0xb0806e1c                hd_identify
                0xb0806ed3                print_hdinfo
                0xb0807061                print_dpt_entry
                0xb08070cd                get_partition_table
                0xb08071ac                partition
                0xb08073c6                hd_open
                0xb0807476                get_hd_ioctl
                0xb0807530                wait_for
                0xb0807561                interrupt_wait
                0xb08075ba                hd_rdwt
                0xb080785c                hd_handler
                0xb080788d                debug_ticks
                0xb08078cb                waitfor
                0xb080790f                print_hd_info
                0xb08079fc                is_empty
 .text          0xb0807a34     0x2081 pegasus_crt.a(fs_main.o)
                0xb0807a34                task_fs
                0xb0807c48                rd_wt
                0xb0807d2a                mkfs
                0xb080830c                init_fs
                0xb0808366                do_open
                0xb080856f                search_file
                0xb08086a1                strip_path
                0xb080876d                get_inode
                0xb080892f                create_file
                0xb0808a3a                alloc_imap_bit
                0xb0808b37                alloc_smap_bit
                0xb0808cd8                new_inode
                0xb0808df6                new_dir_entry
                0xb0809002                do_unlink
                0xb08094de                do_rdwt
                0xb0809869                sync_inode
                0xb08099bd                put_inode
                0xb08099fb                do_close
                0xb0809a4d                get_super_block
 .text          0xb0809ab5      0x14e pegasus_crt.a(main.o)
                0xb0809ab5                TaskMM
                0xb0809be4                alloc_mem
 .text          0xb0809c03       0xa8 pegasus_crt.a(strcmp.o)
                0xb0809c03                strcmp
 .text          0xb0809cab       0x17 pegasus_crt.a(perror.o)
                0xb0809cab                perror
 .text          0xb0809cc2      0x335 pegasus_crt.a(sscanf.o)
                0xb0809cc2                sscanf
 .text          0xb0809ff7       0x38 pegasus_crt.a(ntohs.o)
                0xb0809ff7                ntohs
 .text          0xb080a02f       0x38 pegasus_crt.a(htons.o)
                0xb080a02f                htons
 .text          0xb080a067      0x295 pegasus_crt.a(inet_pton.o)
                0xb080a067                isValidIPv4
                0xb080a1f1                inet_pton
 .text          0xb080a2fc       0x7c pegasus_crt.a(ntohl.o)
                0xb080a2fc                ntohl
 *fill*         0xb080a378        0x8 
 .text          0xb080a380      0x28d pegasus_crt.a(ne2000.o)
                0xb080a3a3                DriverInitialize
                0xb080a42d                StartSendToPhysicalLink
                0xb080a448                SetPageStart
                0xb080a477                DriverSend
                0xb080a4f1                PCtoNIC
                0xb080a55c                get_interrupt_status
                0xb080a579                set_interrupt_status
                0xb080a599                get_curr_page
                0xb080a5b6                NICtoPC
 .text          0xb080a60d      0x164 pegasus_crt.a(skbuff.o)
                0xb080a626                alloc_skb
                0xb080a6c0                free_skb
                0xb080a6f3                skb_reserve
                0xb080a70f                skb_push
                0xb080a73e                skb_head
                0xb080a749                skb_reset_header
 .text          0xb080a771      0x538 pegasus_crt.a(ip_input.o)
                0xb080a953                call_ip_rcv
                0xb080aa6d                ip_rcv
 .text          0xb080aca9      0x234 pegasus_crt.a(icmpv4.o)
                0xb080acb7                icmpv4_incoming
                0xb080ad2b                icmpv4_reply
                0xb080ae04                icmpv4_timestamp
 .text          0xb080aedd      0x4a8 pegasus_crt.a(tcp.o)
                0xb080b12a                tcp_in
                0xb080b1de                tcp_checksum
                0xb080b20a                __tcp_set_state
                0xb080b219                tcp_generate_port
                0xb080b262                tcp_generate_isn
                0xb080b274                tcp_done
                0xb080b29d                tcp_clear_timers
                0xb080b2ac                tcp_stop_retransmission_timer
                0xb080b2c5                tcp_release_retransmission_timer
                0xb080b2de                tcp_stop_delack_timer
                0xb080b2f1                tcp_release_delack_timer
                0xb080b304                tcp_handle_fin_state
                0xb080b369                tcp_enter_time_wait
 .text          0xb080b385      0xbf8 pegasus_crt.a(arp.o)
                0xb080b4ae                call_update_arp_translation_table
                0xb080b6e6                insert_arp_translation_table
                0xb080b768                update_arp_translation_table
                0xb080b827                arp_init
                0xb080b82d                arp_rcv
                0xb080ba16                arp_request
                0xb080bb9e                arp_reply
                0xb080bd01                call_arp_get_hwaddr
                0xb080be4b                arp_get_hwaddr
                0xb080bf2c                free_arp
 .text          0xb080bf7d      0x1d3 pegasus_crt.a(ip_output.o)
                0xb080bf8b                ip_output
 .text          0xb080c150      0x191 pegasus_crt.a(dst.o)
                0xb080c15e                print_array
                0xb080c1d2                dst_neigh_output
 .text          0xb080c2e1      0xc58 pegasus_crt.a(tcp_input.o)
                0xb080ca9a                tcp_process
                0xb080ce77                tcp_receive
 .text          0xb080cf39      0x3fd pegasus_crt.a(udp.o)
                0xb080d061                udp_generate_port
                0xb080d0aa                udp_checksum
                0xb080d178                udp_in
                0xb080d209                udp_data_dequeue
                0xb080d311                udp_data_enqueue
 .text          0xb080d336      0x5c8 pegasus_crt.a(tcp_data.o)
                0xb080d69f                tcp_data_dequeue
                0xb080d7cc                tcp_data_queue
 .text          0xb080d8fe      0x1e7 pegasus_crt.a(utils.o)
                0xb080d8fe                run_cmd
                0xb080d90b                print_err
                0xb080d922                parse_ipv4_string
                0xb080d981                ip_pton
                0xb080d9c9                sum_every_16bits
                0xb080da20                checksum
                0xb080da61                tcp_udp_checksum
 .text          0xb080dae5      0x24f pegasus_crt.a(forkexit.o)
                0xb080dae5                do_fork
                0xb080db53                do_exit
                0xb080dbdd                do_wait
                0xb080dcda                cleanup
 .text          0xb080dd34      0x419 pegasus_crt.a(exec.o)
                0xb080dd34                do_exec
 .text          0xb080e14d       0x9c pegasus_crt.a(atoi.o)
                0xb080e14d                atoi
 .text          0xb080e1e9       0xca pegasus_crt.a(strtol.o)
                0xb080e1e9                strtol
 .text          0xb080e2b3       0x85 pegasus_crt.a(strtok.o)
                0xb080e2b3                strtok
 .text          0xb080e338       0x90 pegasus_crt.a(strpbrk.o)
                0xb080e338                strpbrk
 .text          0xb080e3c8       0x7c pegasus_crt.a(htonl.o)
                0xb080e3c8                htonl
 .text          0xb080e444      0x730 pegasus_crt.a(my_process.o)
                0xb080e444                create_user_process_address_space
                0xb080e4d4                user_process
                0xb080e601                clone_pcb
                0xb080e773                build_body_stack
                0xb080e8a6                build_process_kernel_stack
                0xb080e969                fork_process
                0xb080e9fa                process_execute
 .text          0xb080eb74      0x8ed pegasus_crt.a(udp_sock.o)
                0xb080edcf                udp_lookup_sock
                0xb080ee16                udp_init
                0xb080ee47                udp_close
                0xb080ee6d                udp_sock_init
                0xb080ee77                udp_recvfrom
                0xb080ef13                udp_connect
                0xb080efec                udp_write
                0xb080f018                udp_alloc_skb
                0xb080f062                udp_sendto
                0xb080f156                udp_send
                0xb080f294                udp_alloc_sock
                0xb080f2d5                udp_free_sock
                0xb080f2f9                udp_read
 .text          0xb080f461      0xe12 pegasus_crt.a(tcp_sock.o)
                0xb080f7a6                tcp_established_or_syn_recvd_socks_enqueue
                0xb080f7bf                tcp_established_or_syn_recvd_socks_remove
                0xb080f7d1                tcp_connecting_or_listening_socks_enqueue
                0xb080f7ea                tcp_connecting_or_listening_socks_remove
                0xb080f7fc                tcp_alloc_sock
                0xb080f912                tcp_free_sock
                0xb080f98b                tcp_init
                0xb080f995                tcp_sock_init
                0xb080fa3b                tcp_write
                0xb080fb3c                ipc_tcp_write2
                0xb080fb65                tcp_read
                0xb080fc18                tcp_close
                0xb080fcd6                tcp_recv_notify
                0xb080fd2e                tcp_v4_connect
                0xb080ffc9                call_tcp_lookup_sock
                0xb0810134                tcp_lookup_sock
                0xb08101ad                tcp_lookup_sock2
 .text          0xb0810273      0x223 pegasus_crt.a(sock.o)
                0xb08103c5                sk_alloc
                0xb08103ec                sk_init
                0xb0810440                sk_init_with_socket
                0xb0810469                sk_free
 .text          0xb0810496     0x14f2 pegasus_crt.a(tcp_output.o)
                0xb08108de                tcp_send_synack
                0xb0810981                tcp_send_delack
                0xb08109bc                tcp_send_ack
                0xb0810b4c                tcp_send_fin
                0xb0810bc1                tcp_select_initial_window
                0xb0810d73                tcp_reset_retransmission_timer
                0xb0810d90                call_tcp_begin_connect
                0xb0811085                tcp_begin_connect
                0xb08113d5                call_tcp_write
                0xb081165a                ipc_tcp_write
                0xb081188d                tcp_send_reset
                0xb081190d                tcp_queue_fin
 .text          0xb0811988      0x42e pegasus_crt.a(route.o)
                0xb0811a98                route_add
                0xb0811adf                route_init
                0xb0811b91                call_route_lookup
                0xb0811cdb                route_lookup
 .text          0xb0811db6      0x1b2 pegasus_crt.a(thread.o)
                0xb0811db6                kernel_thread
                0xb0811dce                thread_init
                0xb0811e7b                thread_create
                0xb0811eb0                thread_start
 *(.gnu.warning)

.fini
 *(SORT_NONE(.fini))
                [!provide]                        PROVIDE (__etext = .)
                [!provide]                        PROVIDE (_etext = .)
                [!provide]                        PROVIDE (etext = .)
                0xb0812000                        . = ALIGN (CONSTANT (MAXPAGESIZE))
                0xb0812000                        . = SEGMENT_START ("rodata-segment", (ALIGN (CONSTANT (MAXPAGESIZE)) + (. & (CONSTANT (MAXPAGESIZE) - 0x1))))

.rodata         0xb0812000     0x186e
 *(.rodata .rodata.* .gnu.linkonce.r.*)
 .rodata        0xb0812000       0x10 test.o
 *fill*         0xb0812010       0x10 
 .rodata        0xb0812020      0xb61 pegasus_crt.a(kernel_main_old.o)
 *fill*         0xb0812b81        0x3 
 .rodata        0xb0812b84       0x4c pegasus_crt.a(process.o)
 .rodata        0xb0812bd0       0x5a pegasus_crt.a(mem.o)
 .rodata        0xb0812c2a       0x2d pegasus_crt.a(exec.o)
 .rodata        0xb0812c57       0x2a pegasus_crt.a(close.o)
 .rodata        0xb0812c81       0x3c pegasus_crt.a(double_link_list.o)
 .rodata        0xb0812cbd       0x22 pegasus_crt.a(console.o)
 *fill*         0xb0812cdf        0x1 
 .rodata        0xb0812ce0      0x117 pegasus_crt.a(netdev.o)
 .rodata        0xb0812df7        0x9 pegasus_crt.a(task_network.o)
 .rodata        0xb0812e00      0x19c pegasus_crt.a(hd.o)
 .rodata        0xb0812f9c      0x1fb pegasus_crt.a(fs_main.o)
                0xb0812f9c                FSBUF_SIZE
 .rodata        0xb0813197       0x11 pegasus_crt.a(main.o)
 .rodata        0xb08131a8        0x3 pegasus_crt.a(inet_pton.o)
 .rodata        0xb08131ab        0x9 pegasus_crt.a(skbuff.o)
 .rodata        0xb08131b4       0xd6 pegasus_crt.a(ip_input.o)
 *fill*         0xb081328a        0x2 
 .rodata        0xb081328c       0x32 pegasus_crt.a(icmpv4.o)
 *fill*         0xb08132be        0x2 
 .rodata        0xb08132c0       0x31 pegasus_crt.a(tcp.o)
 *fill*         0xb08132f1        0x3 
 .rodata        0xb08132f4       0xda pegasus_crt.a(arp.o)
 .rodata        0xb08133ce        0x9 pegasus_crt.a(ip_output.o)
 .rodata        0xb08133d7       0x1c pegasus_crt.a(dst.o)
 *fill*         0xb08133f3        0x1 
 .rodata        0xb08133f4       0xe8 pegasus_crt.a(tcp_input.o)
 .rodata        0xb08134dc       0x24 pegasus_crt.a(udp.o)
 .rodata        0xb0813500       0x39 pegasus_crt.a(tcp_data.o)
 *fill*         0xb0813539        0x3 
 .rodata        0xb081353c       0x41 pegasus_crt.a(utils.o)
 .rodata        0xb081357d       0x21 pegasus_crt.a(forkexit.o)
 .rodata        0xb081359e       0x10 pegasus_crt.a(exec.o)
 *fill*         0xb08135ae        0x2 
 .rodata        0xb08135b0       0x45 pegasus_crt.a(udp_sock.o)
 *fill*         0xb08135f5        0x3 
 .rodata        0xb08135f8      0x114 pegasus_crt.a(tcp_sock.o)
 .rodata        0xb081370c       0x24 pegasus_crt.a(sock.o)
 .rodata        0xb0813730      0x106 pegasus_crt.a(tcp_output.o)
 *fill*         0xb0813836        0x2 
 .rodata        0xb0813838       0x36 pegasus_crt.a(route.o)

.txt            0xb081386e       0xaa
 .txt           0xb081386e       0x82 pegasus_crt.a(string.o)
                0xb081386e                Memcpy2
                0xb081389c                Memset
                0xb08138bb                Strcpy
                0xb08138d5                Strlen
 .txt           0xb08138f0       0x28 pegasus_crt.a(hd_rdwt.o)
                0xb08138f0                read_port
                0xb0813904                write_port

.rodata1
 *(.rodata1)

.eh_frame_hdr
 *(.eh_frame_hdr)
 *(.eh_frame_entry .eh_frame_entry.*)

.eh_frame       0xb0813918     0x3be0
 *(.eh_frame)
 .eh_frame      0xb0813918       0x44 test.o
 .eh_frame      0xb081395c      0x6cc pegasus_crt.a(kernel_main_old.o)
                                0x6e4 (size before relaxing)
 .eh_frame      0xb0814028       0xa0 pegasus_crt.a(keyboard.o)
                                 0xb8 (size before relaxing)
 .eh_frame      0xb08140c8       0x80 pegasus_crt.a(process.o)
                                 0x98 (size before relaxing)
 .eh_frame      0xb0814148      0x364 pegasus_crt.a(mem.o)
                                0x37c (size before relaxing)
 .eh_frame      0xb08144ac       0x60 pegasus_crt.a(exec.o)
                                 0x78 (size before relaxing)
 .eh_frame      0xb081450c       0x20 pegasus_crt.a(fork.o)
                                 0x38 (size before relaxing)
 .eh_frame      0xb081452c       0x20 pegasus_crt.a(exit.o)
                                 0x38 (size before relaxing)
 .eh_frame      0xb081454c       0x20 pegasus_crt.a(wait.o)
                                 0x38 (size before relaxing)
 .eh_frame      0xb081456c       0x20 pegasus_crt.a(read.o)
                                 0x38 (size before relaxing)
 .eh_frame      0xb081458c       0x20 pegasus_crt.a(open.o)
                                 0x38 (size before relaxing)
 .eh_frame      0xb08145ac       0x20 pegasus_crt.a(write.o)
                                 0x38 (size before relaxing)
 .eh_frame      0xb08145cc       0x20 pegasus_crt.a(close.o)
                                 0x38 (size before relaxing)
 .eh_frame      0xb08145ec       0xc0 pegasus_crt.a(double_link_list.o)
                                 0xd8 (size before relaxing)
 .eh_frame      0xb08146ac      0x100 pegasus_crt.a(protect.o)
                                0x118 (size before relaxing)
 .eh_frame      0xb08147ac      0x1e0 pegasus_crt.a(console.o)
                                0x1f8 (size before relaxing)
 .eh_frame      0xb081498c      0x230 pegasus_crt.a(netdev.o)
                                0x248 (size before relaxing)
 .eh_frame      0xb0814bbc       0x54 pegasus_crt.a(task_network.o)
                                 0x6c (size before relaxing)
 .eh_frame      0xb0814c10      0x264 pegasus_crt.a(hd.o)
                                0x27c (size before relaxing)
 .eh_frame      0xb0814e74      0x27c pegasus_crt.a(fs_main.o)
                                0x294 (size before relaxing)
 .eh_frame      0xb08150f0       0x3c pegasus_crt.a(main.o)
                                 0x54 (size before relaxing)
 .eh_frame      0xb081512c       0x20 pegasus_crt.a(strcmp.o)
                                 0x38 (size before relaxing)
 .eh_frame      0xb081514c       0x20 pegasus_crt.a(perror.o)
                                 0x38 (size before relaxing)
 .eh_frame      0xb081516c       0x20 pegasus_crt.a(sscanf.o)
                                 0x38 (size before relaxing)
 .eh_frame      0xb081518c       0x20 pegasus_crt.a(ntohs.o)
                                 0x38 (size before relaxing)
 .eh_frame      0xb08151ac       0x20 pegasus_crt.a(htons.o)
                                 0x38 (size before relaxing)
 .eh_frame      0xb08151cc       0x40 pegasus_crt.a(inet_pton.o)
                                 0x58 (size before relaxing)
 .eh_frame      0xb081520c       0x20 pegasus_crt.a(ntohl.o)
                                 0x38 (size before relaxing)
 .eh_frame      0xb081522c       0xe0 pegasus_crt.a(skbuff.o)
                                 0xf8 (size before relaxing)
 .eh_frame      0xb081530c      0x144 pegasus_crt.a(ip_input.o)
                                0x15c (size before relaxing)
 .eh_frame      0xb0815450       0x80 pegasus_crt.a(icmpv4.o)
                                 0x98 (size before relaxing)
 .eh_frame      0xb08154d0      0x288 pegasus_crt.a(tcp.o)
                                0x2a0 (size before relaxing)
 .eh_frame      0xb0815758      0x220 pegasus_crt.a(arp.o)
                                0x238 (size before relaxing)
 .eh_frame      0xb0815978       0x40 pegasus_crt.a(ip_output.o)
                                 0x58 (size before relaxing)
 .eh_frame      0xb08159b8       0x60 pegasus_crt.a(dst.o)
                                 0x78 (size before relaxing)
 .eh_frame      0xb0815a18      0x324 pegasus_crt.a(tcp_input.o)
                                0x33c (size before relaxing)
 .eh_frame      0xb0815d3c      0x1e4 pegasus_crt.a(udp.o)
                                0x1fc (size before relaxing)
 .eh_frame      0xb0815f20      0x220 pegasus_crt.a(tcp_data.o)
                                0x238 (size before relaxing)
 .eh_frame      0xb0816140       0xe4 pegasus_crt.a(utils.o)
                                 0xfc (size before relaxing)
 .eh_frame      0xb0816224       0x80 pegasus_crt.a(forkexit.o)
                                 0x98 (size before relaxing)
 .eh_frame      0xb08162a4       0x20 pegasus_crt.a(exec.o)
                                 0x38 (size before relaxing)
 .eh_frame      0xb08162c4       0x20 pegasus_crt.a(atoi.o)
                                 0x38 (size before relaxing)
 .eh_frame      0xb08162e4       0x20 pegasus_crt.a(strtol.o)
                                 0x38 (size before relaxing)
 .eh_frame      0xb0816304       0x20 pegasus_crt.a(strtok.o)
                                 0x38 (size before relaxing)
 .eh_frame      0xb0816324       0x20 pegasus_crt.a(strpbrk.o)
                                 0x38 (size before relaxing)
 .eh_frame      0xb0816344       0x20 pegasus_crt.a(htonl.o)
                                 0x38 (size before relaxing)
 .eh_frame      0xb0816364       0xe0 pegasus_crt.a(my_process.o)
                                 0xf8 (size before relaxing)
 .eh_frame      0xb0816444      0x404 pegasus_crt.a(udp_sock.o)
                                0x41c (size before relaxing)
 .eh_frame      0xb0816848      0x580 pegasus_crt.a(tcp_sock.o)
                                0x598 (size before relaxing)
 .eh_frame      0xb0816dc8      0x1a0 pegasus_crt.a(sock.o)
                                0x1b8 (size before relaxing)
 .eh_frame      0xb0816f68      0x40c pegasus_crt.a(tcp_output.o)
                                0x424 (size before relaxing)
 .eh_frame      0xb0817374      0x104 pegasus_crt.a(route.o)
                                0x11c (size before relaxing)
 .eh_frame      0xb0817478       0x80 pegasus_crt.a(thread.o)
                                 0x98 (size before relaxing)
 *(.eh_frame.*)

.sframe
 *(.sframe)
 *(.sframe.*)

.gcc_except_table
 *(.gcc_except_table .gcc_except_table.*)

.gnu_extab
 *(.gnu_extab*)

.exception_ranges
 *(.exception_ranges*)
                0xb0818000                        . = DATA_SEGMENT_ALIGN (CONSTANT (MAXPAGESIZE), CONSTANT (COMMONPAGESIZE))

.eh_frame
 *(.eh_frame)
 *(.eh_frame.*)

.sframe
 *(.sframe)
 *(.sframe.*)

.gnu_extab
 *(.gnu_extab)

.gcc_except_table
 *(.gcc_except_table .gcc_except_table.*)

.exception_ranges
 *(.exception_ranges*)

.tdata          0xb0818000        0x0
                [!provide]                        PROVIDE (__tdata_start = .)
 *(.tdata .tdata.* .gnu.linkonce.td.*)

.tbss
 *(.tbss .tbss.* .gnu.linkonce.tb.*)
 *(.tcommon)

.preinit_array  0xb0818000        0x0
                [!provide]                        PROVIDE (__preinit_array_start = .)
 *(.preinit_array)
                [!provide]                        PROVIDE (__preinit_array_end = .)

.init_array     0xb0818000        0x0
                [!provide]                        PROVIDE (__init_array_start = .)
 *(SORT_BY_INIT_PRIORITY(.init_array.*) SORT_BY_INIT_PRIORITY(.ctors.*))
 *(.init_array EXCLUDE_FILE(*crtend?.o *crtend.o *crtbegin?.o *crtbegin.o) .ctors)
                [!provide]                        PROVIDE (__init_array_end = .)

.fini_array     0xb0818000        0x0
                [!provide]                        PROVIDE (__fini_array_start = .)
 *(SORT_BY_INIT_PRIORITY(.fini_array.*) SORT_BY_INIT_PRIORITY(.dtors.*))
 *(.fini_array EXCLUDE_FILE(*crtend?.o *crtend.o *crtbegin?.o *crtbegin.o) .dtors)
                [!provide]                        PROVIDE (__fini_array_end = .)

.ctors
 *crtbegin.o(.ctors)
 *crtbegin?.o(.ctors)
 *(EXCLUDE_FILE(*crtend?.o *crtend.o) .ctors)
 *(SORT_BY_NAME(.ctors.*))
 *(.ctors)

.dtors
 *crtbegin.o(.dtors)
 *crtbegin?.o(.dtors)
 *(EXCLUDE_FILE(*crtend?.o *crtend.o) .dtors)
 *(SORT_BY_NAME(.dtors.*))
 *(.dtors)

.jcr
 *(.jcr)

.data.rel.ro
 *(.data.rel.ro.local* .gnu.linkonce.d.rel.ro.local.*)
 *(.data.rel.ro .data.rel.ro.* .gnu.linkonce.d.rel.ro.*)

.dynamic
 *(.dynamic)

.got            0xb0818000        0x0
 *(.got)
 .got           0xb0818000        0x0 test.o
 *(.igot)
                0xb0818000                        . = DATA_SEGMENT_RELRO_END (., (SIZEOF (.got.plt) >= 0xc)?0xc:0x0)

.got.plt        0xb0818000        0x0
 *(.got.plt)
 .got.plt       0xb0818000        0x0 test.o
 *(.igot.plt)
 .igot.plt      0xb0818000        0x0 test.o

.data           0xb0818000      0x8c0
 *(.data .data.* .gnu.linkonce.d.*)
 .data          0xb0818000        0x0 test.o
 .data          0xb0818000        0x0 pegasus_crt.a(kernel_main_old.o)
 .data          0xb0818000      0x600 pegasus_crt.a(keyboard.o)
                0xb0818000                keymap
 .data          0xb0818600        0x0 pegasus_crt.a(process.o)
 .data          0xb0818600        0x0 pegasus_crt.a(mem.o)
 .data          0xb0818600        0x0 pegasus_crt.a(exec.o)
 .data          0xb0818600        0x0 pegasus_crt.a(fork.o)
 .data          0xb0818600        0x0 pegasus_crt.a(exit.o)
 .data          0xb0818600        0x0 pegasus_crt.a(wait.o)
 .data          0xb0818600        0x0 pegasus_crt.a(read.o)
 .data          0xb0818600        0x0 pegasus_crt.a(open.o)
 .data          0xb0818600        0x0 pegasus_crt.a(write.o)
 .data          0xb0818600        0x0 pegasus_crt.a(close.o)
 .data          0xb0818600        0xf pegasus_crt.a(kernel.o)
 *fill*         0xb081860f        0x1 
 .data          0xb0818610        0x0 pegasus_crt.a(syscall.o)
 .data          0xb0818610        0x0 pegasus_crt.a(double_link_list.o)
 .data          0xb0818610        0x0 pegasus_crt.a(protect.o)
 .data          0xb0818610        0x0 pegasus_crt.a(console.o)
 *fill*         0xb0818610       0x10 
 .data          0xb0818620      0x17c pegasus_crt.a(global.o)
                0xb0818620                user_task_table
                0xb08186a0                sys_task_table
                0xb0818780                sys_call_table
 .data          0xb081879c        0x4 pegasus_crt.a(netdev.o)
 .data          0xb08187a0        0x4 pegasus_crt.a(task_network.o)
 .data          0xb08187a4        0x0 pegasus_crt.a(hd.o)
 .data          0xb08187a4        0x0 pegasus_crt.a(fs_main.o)
 .data          0xb08187a4        0x0 pegasus_crt.a(main.o)
 .data          0xb08187a4        0x0 pegasus_crt.a(strcmp.o)
 .data          0xb08187a4        0x0 pegasus_crt.a(perror.o)
 .data          0xb08187a4        0x0 pegasus_crt.a(sscanf.o)
 .data          0xb08187a4        0x0 pegasus_crt.a(ntohs.o)
 .data          0xb08187a4        0x0 pegasus_crt.a(htons.o)
 .data          0xb08187a4        0x0 pegasus_crt.a(inet_pton.o)
 .data          0xb08187a4        0x0 pegasus_crt.a(ntohl.o)
 .data          0xb08187a4        0x4 pegasus_crt.a(skbuff.o)
 .data          0xb08187a8        0x4 pegasus_crt.a(ip_input.o)
 .data          0xb08187ac        0x4 pegasus_crt.a(icmpv4.o)
 .data          0xb08187b0        0x8 pegasus_crt.a(tcp.o)
 .data          0xb08187b8       0x14 pegasus_crt.a(arp.o)
 .data          0xb08187cc        0x4 pegasus_crt.a(ip_output.o)
 .data          0xb08187d0        0x4 pegasus_crt.a(dst.o)
 .data          0xb08187d4        0x4 pegasus_crt.a(tcp_input.o)
 .data          0xb08187d8        0x8 pegasus_crt.a(udp.o)
 .data          0xb08187e0        0x4 pegasus_crt.a(tcp_data.o)
 .data          0xb08187e4        0x4 pegasus_crt.a(utils.o)
 .data          0xb08187e8        0x0 pegasus_crt.a(forkexit.o)
 .data          0xb08187e8        0x0 pegasus_crt.a(exec.o)
 .data          0xb08187e8        0x0 pegasus_crt.a(atoi.o)
 .data          0xb08187e8        0x0 pegasus_crt.a(strtol.o)
 .data          0xb08187e8        0x0 pegasus_crt.a(strtok.o)
 .data          0xb08187e8        0x0 pegasus_crt.a(strpbrk.o)
 .data          0xb08187e8        0x0 pegasus_crt.a(htonl.o)
 .data          0xb08187e8        0x0 pegasus_crt.a(my_process.o)
 *fill*         0xb08187e8       0x18 
 .data          0xb0818800       0x54 pegasus_crt.a(udp_sock.o)
                0xb0818820                udp_ops
 *fill*         0xb0818854        0xc 
 .data          0xb0818860       0x54 pegasus_crt.a(tcp_sock.o)
                0xb0818880                tcp_ops
 .data          0xb08188b4        0x4 pegasus_crt.a(sock.o)
 .data          0xb08188b8        0x4 pegasus_crt.a(tcp_output.o)
 .data          0xb08188bc        0x4 pegasus_crt.a(route.o)
 .data          0xb08188c0        0x0 pegasus_crt.a(thread.o)

.data1
 *(.data1)
                0xb08188c0                        _edata = .
                [!provide]                        PROVIDE (edata = .)
                0xb08188c0                        . = .
                0xb08188c0                        __bss_start = .

.bss            0xb08188c0    0xa50a8
 *(.dynbss)
 *(.bss .bss.* .gnu.linkonce.b.*)
 .bss           0xb08188c0        0x0 test.o
 .bss           0xb08188c0        0x0 pegasus_crt.a(kernel_main_old.o)
 .bss           0xb08188c0        0x0 pegasus_crt.a(keyboard.o)
 .bss           0xb08188c0        0x0 pegasus_crt.a(process.o)
 .bss           0xb08188c0        0x0 pegasus_crt.a(mem.o)
 .bss           0xb08188c0        0x0 pegasus_crt.a(exec.o)
 .bss           0xb08188c0        0x0 pegasus_crt.a(fork.o)
 .bss           0xb08188c0        0x0 pegasus_crt.a(exit.o)
 .bss           0xb08188c0        0x0 pegasus_crt.a(wait.o)
 .bss           0xb08188c0        0x0 pegasus_crt.a(read.o)
 .bss           0xb08188c0        0x0 pegasus_crt.a(open.o)
 .bss           0xb08188c0        0x0 pegasus_crt.a(write.o)
 .bss           0xb08188c0        0x0 pegasus_crt.a(close.o)
 .bss           0xb08188c0      0x800 pegasus_crt.a(kernel.o)
 .bss           0xb08190c0        0x0 pegasus_crt.a(double_link_list.o)
 .bss           0xb08190c0        0x0 pegasus_crt.a(protect.o)
 .bss           0xb08190c0        0x0 pegasus_crt.a(console.o)
 .bss           0xb08190c0        0x0 pegasus_crt.a(global.o)
 .bss           0xb08190c0        0x0 pegasus_crt.a(netdev.o)
 .bss           0xb08190c0        0x0 pegasus_crt.a(task_network.o)
 .bss           0xb08190c0        0x0 pegasus_crt.a(hd.o)
 .bss           0xb08190c0        0x4 pegasus_crt.a(fs_main.o)
                0xb08190c0                c
 .bss           0xb08190c4        0x0 pegasus_crt.a(main.o)
 .bss           0xb08190c4        0x0 pegasus_crt.a(strcmp.o)
 .bss           0xb08190c4        0x0 pegasus_crt.a(perror.o)
 .bss           0xb08190c4        0x0 pegasus_crt.a(sscanf.o)
 .bss           0xb08190c4        0x0 pegasus_crt.a(ntohs.o)
 .bss           0xb08190c4        0x0 pegasus_crt.a(htons.o)
 .bss           0xb08190c4        0x0 pegasus_crt.a(inet_pton.o)
 .bss           0xb08190c4        0x0 pegasus_crt.a(ntohl.o)
 .bss           0xb08190c4        0x0 pegasus_crt.a(skbuff.o)
 .bss           0xb08190c4        0x0 pegasus_crt.a(ip_input.o)
 .bss           0xb08190c4        0x0 pegasus_crt.a(icmpv4.o)
 .bss           0xb08190c4        0x0 pegasus_crt.a(tcp.o)
 .bss           0xb08190c4        0x0 pegasus_crt.a(arp.o)
 .bss           0xb08190c4        0x0 pegasus_crt.a(ip_output.o)
 .bss           0xb08190c4        0x0 pegasus_crt.a(dst.o)
 .bss           0xb08190c4        0x0 pegasus_crt.a(tcp_input.o)
 .bss           0xb08190c4        0x0 pegasus_crt.a(udp.o)
 .bss           0xb08190c4        0x0 pegasus_crt.a(tcp_data.o)
 .bss           0xb08190c4        0x0 pegasus_crt.a(utils.o)
 .bss           0xb08190c4        0x0 pegasus_crt.a(forkexit.o)
 .bss           0xb08190c4        0x0 pegasus_crt.a(exec.o)
 .bss           0xb08190c4        0x0 pegasus_crt.a(atoi.o)
 .bss           0xb08190c4        0x0 pegasus_crt.a(strtol.o)
 .bss           0xb08190c4        0x4 pegasus_crt.a(strtok.o)
 .bss           0xb08190c8        0x0 pegasus_crt.a(strpbrk.o)
 .bss           0xb08190c8        0x0 pegasus_crt.a(htonl.o)
 .bss           0xb08190c8        0x0 pegasus_crt.a(my_process.o)
 .bss           0xb08190c8        0x4 pegasus_crt.a(udp_sock.o)
 .bss           0xb08190cc        0x0 pegasus_crt.a(tcp_sock.o)
 .bss           0xb08190cc        0x0 pegasus_crt.a(sock.o)
 .bss           0xb08190cc        0x0 pegasus_crt.a(tcp_output.o)
 .bss           0xb08190cc        0x0 pegasus_crt.a(route.o)
 .bss           0xb08190cc        0x0 pegasus_crt.a(thread.o)
 *(COMMON)
 *fill*         0xb08190cc       0x14 
 COMMON         0xb08190e0     0x17dc pegasus_crt.a(kernel_main_old.o)
                0xb08190e0                current_tty
                0xb08190e4                is_e0
                0xb08190e8                idt_ptr
                0xb08190f0                pid
                0xb08190f4                KernelVirtualMemory
                0xb0819100                loop
                0xb0819104                current_dis_pos
                0xb0819108                dis_pos
                0xb081910c                netdev
                0xb0819110                k_reenter
                0xb0819120                gdt
                0xb0819520                proc_ready_table
                0xb0819524                test_ticks
                0xb0819528                pcaller
                0xb0819540                keyboard_buffer
                0xb081974c                pcb_list
                0xb081975c                gdt_index
                0xb0819760                tty_table
                0xb0819fa0                tss
                0xb081a00c                KernelPool
                0xb081a01c                net_buf
                0xb081a020                nic_current_page
                0xb081a024                counter
                0xb081a028                key_pressed
                0xb081a02c                fork_pid
                0xb081a030                is_shift
                0xb081a031                net_data
                0xb081a034                tcp_connecting_or_listening_socks
                0xb081a038                routes
                0xb081a03c                gdt_ptr
                0xb081a060                idt
                0xb081a860                main_thread
                0xb081a868                ticks
                0xb081a870                is_init
                0xb081a874                UserPool
                0xb081a884                tcp_establised_or_syn_recvd_socks
                0xb081a888                all_pcb_list
                0xb081a898                console_table
                0xb081a8a8                is_disp
                0xb081a8ac                MAIN_THREAD_PAGE_DIRECTORY
                0xb081a8b0                helloStr
 *fill*         0xb081a8bc        0x4 
 COMMON         0xb081a8c0       0xa8 pegasus_crt.a(mem.o)
                0xb081a8c0                kernel_mem_block_decs_array
 *fill*         0xb081a968       0x18 
 COMMON         0xb081a980    0xa1d40 pegasus_crt.a(global.o)
                0xb081a980                proc_stack
                0xb08ba980                proc_table
 COMMON         0xb08bc6c0      0x440 pegasus_crt.a(hd.o)
                0xb08bc6c0                hd_info
                0xb08bc900                hd_cache
 COMMON         0xb08bcb00      0xe68 pegasus_crt.a(fs_main.o)
                0xb08bcb00                file_desc_table
                0xb08bcf00                phy_super_block_buf
                0xb08bcf04                phy_fsbuf
                0xb08bcf20                inode_table
                0xb08bd920                super_block_buf
                0xb08bd924                fsbuf
                0xb08bd940                root
                0xb08bd968                        . = ALIGN ((. != 0x0)?0x4:0x1)
                0xb08bd968                        . = ALIGN (0x4)
                0xb08bd968                        . = SEGMENT_START ("ldata-segment", .)
                0xb08bd968                        . = ALIGN (0x4)
                0xb08bd968                        _end = .
                [!provide]                        PROVIDE (end = .)
                0xb08bd968                        . = DATA_SEGMENT_END (.)

.stab
 *(.stab)

.stabstr
 *(.stabstr)

.stab.excl
 *(.stab.excl)

.stab.exclstr
 *(.stab.exclstr)

.stab.index
 *(.stab.index)

.stab.indexstr
 *(.stab.indexstr)

.comment        0x00000000       0x2c
 *(.comment)
 .comment       0x00000000       0x2c test.o
                                 0x2d (size before relaxing)
 .comment       0x0000002c       0x2d pegasus_crt.a(kernel_main_old.o)
 .comment       0x0000002c       0x2d pegasus_crt.a(keyboard.o)
 .comment       0x0000002c       0x2d pegasus_crt.a(process.o)
 .comment       0x0000002c       0x2d pegasus_crt.a(mem.o)
 .comment       0x0000002c       0x2d pegasus_crt.a(exec.o)
 .comment       0x0000002c       0x2d pegasus_crt.a(fork.o)
 .comment       0x0000002c       0x2d pegasus_crt.a(exit.o)
 .comment       0x0000002c       0x2d pegasus_crt.a(wait.o)
 .comment       0x0000002c       0x2d pegasus_crt.a(read.o)
 .comment       0x0000002c       0x2d pegasus_crt.a(open.o)
 .comment       0x0000002c       0x2d pegasus_crt.a(write.o)
 .comment       0x0000002c       0x2d pegasus_crt.a(close.o)
 .comment       0x0000002c       0x2d pegasus_crt.a(double_link_list.o)
 .comment       0x0000002c       0x2d pegasus_crt.a(protect.o)
 .comment       0x0000002c       0x2d pegasus_crt.a(console.o)
 .comment       0x0000002c       0x2d pegasus_crt.a(global.o)
 .comment       0x0000002c       0x2d pegasus_crt.a(netdev.o)
 .comment       0x0000002c       0x2d pegasus_crt.a(task_network.o)
 .comment       0x0000002c       0x2d pegasus_crt.a(hd.o)
 .comment       0x0000002c       0x2d pegasus_crt.a(fs_main.o)
 .comment       0x0000002c       0x2d pegasus_crt.a(main.o)
 .comment       0x0000002c       0x2d pegasus_crt.a(strcmp.o)
 .comment       0x0000002c       0x2d pegasus_crt.a(perror.o)
 .comment       0x0000002c       0x2d pegasus_crt.a(sscanf.o)
 .comment       0x0000002c       0x2d pegasus_crt.a(ntohs.o)
 .comment       0x0000002c       0x2d pegasus_crt.a(htons.o)
 .comment       0x0000002c       0x2d pegasus_crt.a(inet_pton.o)
 .comment       0x0000002c       0x2d pegasus_crt.a(ntohl.o)
 .comment       0x0000002c       0x2d pegasus_crt.a(skbuff.o)
 .comment       0x0000002c       0x2d pegasus_crt.a(ip_input.o)
 .comment       0x0000002c       0x2d pegasus_crt.a(icmpv4.o)
 .comment       0x0000002c       0x2d pegasus_crt.a(tcp.o)
 .comment       0x0000002c       0x2d pegasus_crt.a(arp.o)
 .comment       0x0000002c       0x2d pegasus_crt.a(ip_output.o)
 .comment       0x0000002c       0x2d pegasus_crt.a(dst.o)
 .comment       0x0000002c       0x2d pegasus_crt.a(tcp_input.o)
 .comment       0x0000002c       0x2d pegasus_crt.a(udp.o)
 .comment       0x0000002c       0x2d pegasus_crt.a(tcp_data.o)
 .comment       0x0000002c       0x2d pegasus_crt.a(utils.o)
 .comment       0x0000002c       0x2d pegasus_crt.a(forkexit.o)
 .comment       0x0000002c       0x2d pegasus_crt.a(exec.o)
 .comment       0x0000002c       0x2d pegasus_crt.a(atoi.o)
 .comment       0x0000002c       0x2d pegasus_crt.a(strtol.o)
 .comment       0x0000002c       0x2d pegasus_crt.a(strtok.o)
 .comment       0x0000002c       0x2d pegasus_crt.a(strpbrk.o)
 .comment       0x0000002c       0x2d pegasus_crt.a(htonl.o)
 .comment       0x0000002c       0x2d pegasus_crt.a(my_process.o)
 .comment       0x0000002c       0x2d pegasus_crt.a(udp_sock.o)
 .comment       0x0000002c       0x2d pegasus_crt.a(tcp_sock.o)
 .comment       0x0000002c       0x2d pegasus_crt.a(sock.o)
 .comment       0x0000002c       0x2d pegasus_crt.a(tcp_output.o)
 .comment       0x0000002c       0x2d pegasus_crt.a(route.o)
 .comment       0x0000002c       0x2d pegasus_crt.a(thread.o)

.gnu.build.attributes
 *(.gnu.build.attributes .gnu.build.attributes.*)

.debug
 *(.debug)

.line
 *(.line)

.debug_srcinfo
 *(.debug_srcinfo)

.debug_sfnames
 *(.debug_sfnames)

.debug_aranges  0x00000000      0x698
 *(.debug_aranges)
 .debug_aranges
                0x00000000       0x20 pegasus_crt.a(kernel_main_old.o)
 .debug_aranges
                0x00000020       0x20 pegasus_crt.a(keyboard.o)
 .debug_aranges
                0x00000040       0x20 pegasus_crt.a(process.o)
 .debug_aranges
                0x00000060       0x20 pegasus_crt.a(mem.o)
 .debug_aranges
                0x00000080       0x20 pegasus_crt.a(exec.o)
 .debug_aranges
                0x000000a0       0x20 pegasus_crt.a(fork.o)
 .debug_aranges
                0x000000c0       0x20 pegasus_crt.a(exit.o)
 .debug_aranges
                0x000000e0       0x20 pegasus_crt.a(wait.o)
 .debug_aranges
                0x00000100       0x20 pegasus_crt.a(read.o)
 .debug_aranges
                0x00000120       0x20 pegasus_crt.a(open.o)
 .debug_aranges
                0x00000140       0x20 pegasus_crt.a(write.o)
 .debug_aranges
                0x00000160       0x20 pegasus_crt.a(close.o)
 .debug_aranges
                0x00000180       0x20 pegasus_crt.a(double_link_list.o)
 .debug_aranges
                0x000001a0       0x20 pegasus_crt.a(protect.o)
 .debug_aranges
                0x000001c0       0x20 pegasus_crt.a(console.o)
 .debug_aranges
                0x000001e0       0x18 pegasus_crt.a(global.o)
 .debug_aranges
                0x000001f8       0x20 pegasus_crt.a(netdev.o)
 .debug_aranges
                0x00000218       0x20 pegasus_crt.a(task_network.o)
 .debug_aranges
                0x00000238       0x20 pegasus_crt.a(hd.o)
 .debug_aranges
                0x00000258       0x20 pegasus_crt.a(fs_main.o)
 .debug_aranges
                0x00000278       0x20 pegasus_crt.a(main.o)
 .debug_aranges
                0x00000298       0x20 pegasus_crt.a(strcmp.o)
 .debug_aranges
                0x000002b8       0x20 pegasus_crt.a(perror.o)
 .debug_aranges
                0x000002d8       0x20 pegasus_crt.a(sscanf.o)
 .debug_aranges
                0x000002f8       0x20 pegasus_crt.a(ntohs.o)
 .debug_aranges
                0x00000318       0x20 pegasus_crt.a(htons.o)
 .debug_aranges
                0x00000338       0x20 pegasus_crt.a(inet_pton.o)
 .debug_aranges
                0x00000358       0x20 pegasus_crt.a(ntohl.o)
 .debug_aranges
                0x00000378       0x20 pegasus_crt.a(skbuff.o)
 .debug_aranges
                0x00000398       0x20 pegasus_crt.a(ip_input.o)
 .debug_aranges
                0x000003b8       0x20 pegasus_crt.a(icmpv4.o)
 .debug_aranges
                0x000003d8       0x20 pegasus_crt.a(tcp.o)
 .debug_aranges
                0x000003f8       0x20 pegasus_crt.a(arp.o)
 .debug_aranges
                0x00000418       0x20 pegasus_crt.a(ip_output.o)
 .debug_aranges
                0x00000438       0x20 pegasus_crt.a(dst.o)
 .debug_aranges
                0x00000458       0x20 pegasus_crt.a(tcp_input.o)
 .debug_aranges
                0x00000478       0x20 pegasus_crt.a(udp.o)
 .debug_aranges
                0x00000498       0x20 pegasus_crt.a(tcp_data.o)
 .debug_aranges
                0x000004b8       0x20 pegasus_crt.a(utils.o)
 .debug_aranges
                0x000004d8       0x20 pegasus_crt.a(forkexit.o)
 .debug_aranges
                0x000004f8       0x20 pegasus_crt.a(exec.o)
 .debug_aranges
                0x00000518       0x20 pegasus_crt.a(atoi.o)
 .debug_aranges
                0x00000538       0x20 pegasus_crt.a(strtol.o)
 .debug_aranges
                0x00000558       0x20 pegasus_crt.a(strtok.o)
 .debug_aranges
                0x00000578       0x20 pegasus_crt.a(strpbrk.o)
 .debug_aranges
                0x00000598       0x20 pegasus_crt.a(htonl.o)
 .debug_aranges
                0x000005b8       0x20 pegasus_crt.a(my_process.o)
 .debug_aranges
                0x000005d8       0x20 pegasus_crt.a(udp_sock.o)
 .debug_aranges
                0x000005f8       0x20 pegasus_crt.a(tcp_sock.o)
 .debug_aranges
                0x00000618       0x20 pegasus_crt.a(sock.o)
 .debug_aranges
                0x00000638       0x20 pegasus_crt.a(tcp_output.o)
 .debug_aranges
                0x00000658       0x20 pegasus_crt.a(route.o)
 .debug_aranges
                0x00000678       0x20 pegasus_crt.a(thread.o)

.debug_pubnames
 *(.debug_pubnames)

.debug_info     0x00000000    0x39047
 *(.debug_info .gnu.linkonce.wi.*)
 .debug_info    0x00000000     0x28ee pegasus_crt.a(kernel_main_old.o)
 .debug_info    0x000028ee     0x1071 pegasus_crt.a(keyboard.o)
 .debug_info    0x0000395f      0xff5 pegasus_crt.a(process.o)
 .debug_info    0x00004954     0x1df1 pegasus_crt.a(mem.o)
 .debug_info    0x00006745      0xfd3 pegasus_crt.a(exec.o)
 .debug_info    0x00007718      0xe3b pegasus_crt.a(fork.o)
 .debug_info    0x00008553      0xe46 pegasus_crt.a(exit.o)
 .debug_info    0x00009399      0xe54 pegasus_crt.a(wait.o)
 .debug_info    0x0000a1ed      0xf34 pegasus_crt.a(read.o)
 .debug_info    0x0000b121      0xe95 pegasus_crt.a(open.o)
 .debug_info    0x0000bfb6      0xec2 pegasus_crt.a(write.o)
 .debug_info    0x0000ce78      0xe49 pegasus_crt.a(close.o)
 .debug_info    0x0000dcc1     0x10d5 pegasus_crt.a(double_link_list.o)
 .debug_info    0x0000ed96     0x1248 pegasus_crt.a(protect.o)
 .debug_info    0x0000ffde     0x131d pegasus_crt.a(console.o)
 .debug_info    0x000112fb      0xf1d pegasus_crt.a(global.o)
 .debug_info    0x00012218     0x1a5d pegasus_crt.a(netdev.o)
 .debug_info    0x00013c75     0x10be pegasus_crt.a(task_network.o)
 .debug_info    0x00014d33     0x188c pegasus_crt.a(hd.o)
 .debug_info    0x000165bf     0x1fce pegasus_crt.a(fs_main.o)
 .debug_info    0x0001858d      0xe5f pegasus_crt.a(main.o)
 .debug_info    0x000193ec       0xc1 pegasus_crt.a(strcmp.o)
 .debug_info    0x000194ad       0x5c pegasus_crt.a(perror.o)
 .debug_info    0x00019509      0x202 pegasus_crt.a(sscanf.o)
 .debug_info    0x0001970b       0xa8 pegasus_crt.a(ntohs.o)
 .debug_info    0x000197b3       0xa8 pegasus_crt.a(htons.o)
 .debug_info    0x0001985b      0x260 pegasus_crt.a(inet_pton.o)
 .debug_info    0x00019abb       0xcb pegasus_crt.a(ntohl.o)
 .debug_info    0x00019b86     0x11fd pegasus_crt.a(skbuff.o)
 .debug_info    0x0001ad83     0x1ceb pegasus_crt.a(ip_input.o)
 .debug_info    0x0001ca6e     0x1970 pegasus_crt.a(icmpv4.o)
 .debug_info    0x0001e3de     0x1ecc pegasus_crt.a(tcp.o)
 .debug_info    0x000202aa     0x19e7 pegasus_crt.a(arp.o)
 .debug_info    0x00021c91     0x17ac pegasus_crt.a(ip_output.o)
 .debug_info    0x0002343d     0x12d3 pegasus_crt.a(dst.o)
 .debug_info    0x00024710     0x21cf pegasus_crt.a(tcp_input.o)
 .debug_info    0x000268df     0x1b75 pegasus_crt.a(udp.o)
 .debug_info    0x00028454     0x1e35 pegasus_crt.a(tcp_data.o)
 .debug_info    0x0002a289      0x367 pegasus_crt.a(utils.o)
 .debug_info    0x0002a5f0     0x1031 pegasus_crt.a(forkexit.o)
 .debug_info    0x0002b621     0x126d pegasus_crt.a(exec.o)
 .debug_info    0x0002c88e       0xc9 pegasus_crt.a(atoi.o)
 .debug_info    0x0002c957       0xd6 pegasus_crt.a(strtol.o)
 .debug_info    0x0002ca2d       0xb5 pegasus_crt.a(strtok.o)
 .debug_info    0x0002cae2       0xcf pegasus_crt.a(strpbrk.o)
 .debug_info    0x0002cbb1       0xcb pegasus_crt.a(htonl.o)
 .debug_info    0x0002cc7c     0x1530 pegasus_crt.a(my_process.o)
 .debug_info    0x0002e1ac     0x1f44 pegasus_crt.a(udp_sock.o)
 .debug_info    0x000300f0     0x2798 pegasus_crt.a(tcp_sock.o)
 .debug_info    0x00032888     0x18c7 pegasus_crt.a(sock.o)
 .debug_info    0x0003414f     0x2a48 pegasus_crt.a(tcp_output.o)
 .debug_info    0x00036b97     0x13b4 pegasus_crt.a(route.o)
 .debug_info    0x00037f4b     0x10fc pegasus_crt.a(thread.o)

.debug_abbrev   0x00000000     0x6ac1
 *(.debug_abbrev)
 .debug_abbrev  0x00000000      0x43a pegasus_crt.a(kernel_main_old.o)
 .debug_abbrev  0x0000043a      0x1fb pegasus_crt.a(keyboard.o)
 .debug_abbrev  0x00000635      0x1e0 pegasus_crt.a(process.o)
 .debug_abbrev  0x00000815      0x330 pegasus_crt.a(mem.o)
 .debug_abbrev  0x00000b45      0x1e8 pegasus_crt.a(exec.o)
 .debug_abbrev  0x00000d2d      0x18a pegasus_crt.a(fork.o)
 .debug_abbrev  0x00000eb7      0x19b pegasus_crt.a(exit.o)
 .debug_abbrev  0x00001052      0x19f pegasus_crt.a(wait.o)
 .debug_abbrev  0x000011f1      0x1ef pegasus_crt.a(read.o)
 .debug_abbrev  0x000013e0      0x1c5 pegasus_crt.a(open.o)
 .debug_abbrev  0x000015a5      0x1db pegasus_crt.a(write.o)
 .debug_abbrev  0x00001780      0x19d pegasus_crt.a(close.o)
 .debug_abbrev  0x0000191d      0x216 pegasus_crt.a(double_link_list.o)
 .debug_abbrev  0x00001b33      0x227 pegasus_crt.a(protect.o)
 .debug_abbrev  0x00001d5a      0x2ac pegasus_crt.a(console.o)
 .debug_abbrev  0x00002006      0x157 pegasus_crt.a(global.o)
 .debug_abbrev  0x0000215d      0x34d pegasus_crt.a(netdev.o)
 .debug_abbrev  0x000024aa      0x1c5 pegasus_crt.a(task_network.o)
 .debug_abbrev  0x0000266f      0x2e3 pegasus_crt.a(hd.o)
 .debug_abbrev  0x00002952      0x2f8 pegasus_crt.a(fs_main.o)
 .debug_abbrev  0x00002c4a      0x208 pegasus_crt.a(main.o)
 .debug_abbrev  0x00002e52       0x94 pegasus_crt.a(strcmp.o)
 .debug_abbrev  0x00002ee6       0x5c pegasus_crt.a(perror.o)
 .debug_abbrev  0x00002f42       0xca pegasus_crt.a(sscanf.o)
 .debug_abbrev  0x0000300c       0x6c pegasus_crt.a(ntohs.o)
 .debug_abbrev  0x00003078       0x6c pegasus_crt.a(htons.o)
 .debug_abbrev  0x000030e4      0x116 pegasus_crt.a(inet_pton.o)
 .debug_abbrev  0x000031fa       0xa5 pegasus_crt.a(ntohl.o)
 .debug_abbrev  0x0000329f      0x23f pegasus_crt.a(skbuff.o)
 .debug_abbrev  0x000034de      0x2d1 pegasus_crt.a(ip_input.o)
 .debug_abbrev  0x000037af      0x236 pegasus_crt.a(icmpv4.o)
 .debug_abbrev  0x000039e5      0x332 pegasus_crt.a(tcp.o)
 .debug_abbrev  0x00003d17      0x345 pegasus_crt.a(arp.o)
 .debug_abbrev  0x0000405c      0x213 pegasus_crt.a(ip_output.o)
 .debug_abbrev  0x0000426f      0x245 pegasus_crt.a(dst.o)
 .debug_abbrev  0x000044b4      0x355 pegasus_crt.a(tcp_input.o)
 .debug_abbrev  0x00004809      0x2d3 pegasus_crt.a(udp.o)
 .debug_abbrev  0x00004adc      0x2a6 pegasus_crt.a(tcp_data.o)
 .debug_abbrev  0x00004d82      0x17a pegasus_crt.a(utils.o)
 .debug_abbrev  0x00004efc      0x204 pegasus_crt.a(forkexit.o)
 .debug_abbrev  0x00005100      0x1c4 pegasus_crt.a(exec.o)
 .debug_abbrev  0x000052c4       0x94 pegasus_crt.a(atoi.o)
 .debug_abbrev  0x00005358       0x8b pegasus_crt.a(strtol.o)
 .debug_abbrev  0x000053e3       0x9c pegasus_crt.a(strtok.o)
 .debug_abbrev  0x0000547f       0xa5 pegasus_crt.a(strpbrk.o)
 .debug_abbrev  0x00005524       0xa5 pegasus_crt.a(htonl.o)
 .debug_abbrev  0x000055c9      0x260 pegasus_crt.a(my_process.o)
 .debug_abbrev  0x00005829      0x3b1 pegasus_crt.a(udp_sock.o)
 .debug_abbrev  0x00005bda      0x430 pegasus_crt.a(tcp_sock.o)
 .debug_abbrev  0x0000600a      0x273 pegasus_crt.a(sock.o)
 .debug_abbrev  0x0000627d      0x3bf pegasus_crt.a(tcp_output.o)
 .debug_abbrev  0x0000663c      0x263 pegasus_crt.a(route.o)
 .debug_abbrev  0x0000689f      0x222 pegasus_crt.a(thread.o)

.debug_line     0x00000000     0x9393
 *(.debug_line .debug_line.* .debug_line_end)
 .debug_line    0x00000000      0xe38 pegasus_crt.a(kernel_main_old.o)
 .debug_line    0x00000e38      0x2b4 pegasus_crt.a(keyboard.o)
 .debug_line    0x000010ec      0x1dc pegasus_crt.a(process.o)
 .debug_line    0x000012c8      0x78e pegasus_crt.a(mem.o)
 .debug_line    0x00001a56      0x1a9 pegasus_crt.a(exec.o)
 .debug_line    0x00001bff       0xc3 pegasus_crt.a(fork.o)
 .debug_line    0x00001cc2       0xbe pegasus_crt.a(exit.o)
 .debug_line    0x00001d80       0xd5 pegasus_crt.a(wait.o)
 .debug_line    0x00001e55      0x179 pegasus_crt.a(read.o)
 .debug_line    0x00001fce       0xe2 pegasus_crt.a(open.o)
 .debug_line    0x000020b0       0xe0 pegasus_crt.a(write.o)
 .debug_line    0x00002190       0xd1 pegasus_crt.a(close.o)
 .debug_line    0x00002261      0x235 pegasus_crt.a(double_link_list.o)
 .debug_line    0x00002496      0x21d pegasus_crt.a(protect.o)
 .debug_line    0x000026b3      0x56c pegasus_crt.a(console.o)
 .debug_line    0x00002c1f       0xb3 pegasus_crt.a(global.o)
 .debug_line    0x00002cd2      0x4a1 pegasus_crt.a(netdev.o)
 .debug_line    0x00003173      0x126 pegasus_crt.a(task_network.o)
 .debug_line    0x00003299      0x64d pegasus_crt.a(hd.o)
 .debug_line    0x000038e6      0xc43 pegasus_crt.a(fs_main.o)
 .debug_line    0x00004529      0x10a pegasus_crt.a(main.o)
 .debug_line    0x00004633       0x9c pegasus_crt.a(strcmp.o)
 .debug_line    0x000046cf       0x48 pegasus_crt.a(perror.o)
 .debug_line    0x00004717      0x220 pegasus_crt.a(sscanf.o)
 .debug_line    0x00004937       0x6c pegasus_crt.a(ntohs.o)
 .debug_line    0x000049a3       0x6c pegasus_crt.a(htons.o)
 .debug_line    0x00004a0f      0x167 pegasus_crt.a(inet_pton.o)
 .debug_line    0x00004b76       0xc1 pegasus_crt.a(ntohl.o)
 .debug_line    0x00004c37      0x1ae pegasus_crt.a(skbuff.o)
 .debug_line    0x00004de5      0x34c pegasus_crt.a(ip_input.o)
 .debug_line    0x00005131      0x232 pegasus_crt.a(icmpv4.o)
 .debug_line    0x00005363      0x330 pegasus_crt.a(tcp.o)
 .debug_line    0x00005693      0x573 pegasus_crt.a(arp.o)
 .debug_line    0x00005c06      0x20b pegasus_crt.a(ip_output.o)
 .debug_line    0x00005e11      0x1af pegasus_crt.a(dst.o)
 .debug_line    0x00005fc0      0x6a2 pegasus_crt.a(tcp_input.o)
 .debug_line    0x00006662      0x305 pegasus_crt.a(udp.o)
 .debug_line    0x00006967      0x422 pegasus_crt.a(tcp_data.o)
 .debug_line    0x00006d89      0x13c pegasus_crt.a(utils.o)
 .debug_line    0x00006ec5      0x192 pegasus_crt.a(forkexit.o)
 .debug_line    0x00007057      0x22a pegasus_crt.a(exec.o)
 .debug_line    0x00007281       0xad pegasus_crt.a(atoi.o)
 .debug_line    0x0000732e       0xbb pegasus_crt.a(strtol.o)
 .debug_line    0x000073e9       0x6e pegasus_crt.a(strtok.o)
 .debug_line    0x00007457       0xb0 pegasus_crt.a(strpbrk.o)
 .debug_line    0x00007507       0xc1 pegasus_crt.a(htonl.o)
 .debug_line    0x000075c8      0x359 pegasus_crt.a(my_process.o)
 .debug_line    0x00007921      0x4cc pegasus_crt.a(udp_sock.o)
 .debug_line    0x00007ded      0x6d5 pegasus_crt.a(tcp_sock.o)
 .debug_line    0x000084c2      0x23b pegasus_crt.a(sock.o)
 .debug_line    0x000086fd      0x889 pegasus_crt.a(tcp_output.o)
 .debug_line    0x00008f86      0x2aa pegasus_crt.a(route.o)
 .debug_line    0x00009230      0x163 pegasus_crt.a(thread.o)

.debug_frame
 *(.debug_frame)

.debug_str      0x00000000     0x353c
 *(.debug_str)
 .debug_str     0x00000000     0x353c pegasus_crt.a(kernel_main_old.o)
                                0xbe7 (size before relaxing)
 .debug_str     0x0000353c      0x6f8 pegasus_crt.a(keyboard.o)
 .debug_str     0x0000353c      0x6a6 pegasus_crt.a(process.o)
 .debug_str     0x0000353c      0xb1a pegasus_crt.a(mem.o)
 .debug_str     0x0000353c      0x688 pegasus_crt.a(exec.o)
 .debug_str     0x0000353c      0x5fa pegasus_crt.a(fork.o)
 .debug_str     0x0000353c      0x601 pegasus_crt.a(exit.o)
 .debug_str     0x0000353c      0x601 pegasus_crt.a(wait.o)
 .debug_str     0x0000353c      0x673 pegasus_crt.a(read.o)
 .debug_str     0x0000353c      0x63a pegasus_crt.a(open.o)
 .debug_str     0x0000353c      0x637 pegasus_crt.a(write.o)
 .debug_str     0x0000353c      0x602 pegasus_crt.a(close.o)
 .debug_str     0x0000353c      0x73e pegasus_crt.a(double_link_list.o)
 .debug_str     0x0000353c      0x7c7 pegasus_crt.a(protect.o)
 .debug_str     0x0000353c      0x7bb pegasus_crt.a(console.o)
 .debug_str     0x0000353c      0x66c pegasus_crt.a(global.o)
 .debug_str     0x0000353c      0x9b1 pegasus_crt.a(netdev.o)
 .debug_str     0x0000353c      0x70d pegasus_crt.a(task_network.o)
 .debug_str     0x0000353c      0x975 pegasus_crt.a(hd.o)
 .debug_str     0x0000353c      0xb56 pegasus_crt.a(fs_main.o)
 .debug_str     0x0000353c      0x5f4 pegasus_crt.a(main.o)
 .debug_str     0x0000353c       0xb1 pegasus_crt.a(strcmp.o)
 .debug_str     0x0000353c       0x99 pegasus_crt.a(perror.o)
 .debug_str     0x0000353c      0x109 pegasus_crt.a(sscanf.o)
 .debug_str     0x0000353c      0x101 pegasus_crt.a(ntohs.o)
 .debug_str     0x0000353c      0x102 pegasus_crt.a(htons.o)
 .debug_str     0x0000353c      0x14c pegasus_crt.a(inet_pton.o)
 .debug_str     0x0000353c       0xf3 pegasus_crt.a(ntohl.o)
 .debug_str     0x0000353c      0x76b pegasus_crt.a(skbuff.o)
 .debug_str     0x0000353c      0xabf pegasus_crt.a(ip_input.o)
 .debug_str     0x0000353c      0x972 pegasus_crt.a(icmpv4.o)
 .debug_str     0x0000353c      0xba3 pegasus_crt.a(tcp.o)
 .debug_str     0x0000353c      0x97e pegasus_crt.a(arp.o)
 .debug_str     0x0000353c      0x8ae pegasus_crt.a(ip_output.o)
 .debug_str     0x0000353c      0x786 pegasus_crt.a(dst.o)
 .debug_str     0x0000353c      0xc03 pegasus_crt.a(tcp_input.o)
 .debug_str     0x0000353c      0x9a5 pegasus_crt.a(udp.o)
 .debug_str     0x0000353c      0xabf pegasus_crt.a(tcp_data.o)
 .debug_str     0x0000353c      0x1b8 pegasus_crt.a(utils.o)
 .debug_str     0x0000353c      0x673 pegasus_crt.a(forkexit.o)
 .debug_str     0x0000353c      0x8c9 pegasus_crt.a(exec.o)
 .debug_str     0x0000353c       0xad pegasus_crt.a(atoi.o)
 .debug_str     0x0000353c       0xc6 pegasus_crt.a(strtol.o)
 .debug_str     0x0000353c       0xb9 pegasus_crt.a(strtok.o)
 .debug_str     0x0000353c       0xc1 pegasus_crt.a(strpbrk.o)
 .debug_str     0x0000353c       0xf4 pegasus_crt.a(htonl.o)
 .debug_str     0x0000353c      0x95a pegasus_crt.a(my_process.o)
 .debug_str     0x0000353c      0xac9 pegasus_crt.a(udp_sock.o)
 .debug_str     0x0000353c      0xde1 pegasus_crt.a(tcp_sock.o)
 .debug_str     0x0000353c      0x90e pegasus_crt.a(sock.o)
 .debug_str     0x0000353c      0xe75 pegasus_crt.a(tcp_output.o)
 .debug_str     0x0000353c      0x812 pegasus_crt.a(route.o)
 .debug_str     0x0000353c      0x773 pegasus_crt.a(thread.o)

.debug_loc
 *(.debug_loc)

.debug_macinfo
 *(.debug_macinfo)

.debug_weaknames
 *(.debug_weaknames)

.debug_funcnames
 *(.debug_funcnames)

.debug_typenames
 *(.debug_typenames)

.debug_varnames
 *(.debug_varnames)

.debug_pubtypes
 *(.debug_pubtypes)

.debug_ranges   0x00000000       0x90
 *(.debug_ranges)
 .debug_ranges  0x00000000       0x30 pegasus_crt.a(kernel_main_old.o)
 .debug_ranges  0x00000030       0x48 pegasus_crt.a(hd.o)
 .debug_ranges  0x00000078       0x18 pegasus_crt.a(exec.o)

.debug_addr
 *(.debug_addr)

.debug_line_str
 *(.debug_line_str)

.debug_loclists
 *(.debug_loclists)

.debug_macro
 *(.debug_macro)

.debug_names
 *(.debug_names)

.debug_rnglists
 *(.debug_rnglists)

.debug_str_offsets
 *(.debug_str_offsets)

.debug_sup
 *(.debug_sup)

.gnu.attributes
 *(.gnu.attributes)

/DISCARD/
 *(.note.GNU-stack)
 *(.gnu_debuglink)
 *(.gnu.lto_*)
OUTPUT(test elf32-i386)
