Archive member included to satisfy reference by file (symbol)

pegasus_crt.a(kernel_main_old.o)
                              test.o (Printf)
pegasus_crt.a(protect.o)      pegasus_crt.a(kernel_main_old.o) (InitInterruptDesc)
pegasus_crt.a(console.o)      pegasus_crt.a(kernel_main_old.o) (out_char)
pegasus_crt.a(global.o)       pegasus_crt.a(protect.o) (proc_table)
pegasus_crt.a(keyboard.o)     pegasus_crt.a(console.o) (keyboard_read)
pegasus_crt.a(process.o)      pegasus_crt.a(kernel_main_old.o) (schedule_process)
pegasus_crt.a(task_network.o)
                              pegasus_crt.a(global.o) (task_network)
pegasus_crt.a(hd.o)           pegasus_crt.a(global.o) (TaskHD)
pegasus_crt.a(fs_main.o)      pegasus_crt.a(global.o) (task_fs)
pegasus_crt.a(main.o)         pegasus_crt.a(global.o) (TaskMM)
pegasus_crt.a(mem.o)          pegasus_crt.a(kernel_main_old.o) (ptr_pde)
pegasus_crt.a(exec.o)         pegasus_crt.a(kernel_main_old.o) (execl)
pegasus_crt.a(fork.o)         pegasus_crt.a(kernel_main_old.o) (fork)
pegasus_crt.a(exit.o)         start.o (exit)
pegasus_crt.a(wait.o)         pegasus_crt.a(kernel_main_old.o) (wait)
pegasus_crt.a(strcmp.o)       pegasus_crt.a(fs_main.o) (strcmp)
pegasus_crt.a(read.o)         pegasus_crt.a(kernel_main_old.o) (read)
pegasus_crt.a(perror.o)       pegasus_crt.a(task_network.o) (perror)
pegasus_crt.a(open.o)         pegasus_crt.a(kernel_main_old.o) (open)
pegasus_crt.a(write.o)        pegasus_crt.a(kernel_main_old.o) (write)
pegasus_crt.a(close.o)        pegasus_crt.a(kernel_main_old.o) (close)
pegasus_crt.a(inet_pton.o)    pegasus_crt.a(task_network.o) (inet_pton)
pegasus_crt.a(ntohl.o)        pegasus_crt.a(task_network.o) (ntohl)
pegasus_crt.a(kernel.o)       pegasus_crt.a(kernel_main_old.o) (disp_str)
pegasus_crt.a(syscall.o)      pegasus_crt.a(kernel_main_old.o) (write_debug)
pegasus_crt.a(switch_to.o)    pegasus_crt.a(process.o) (switch_to)
pegasus_crt.a(string.o)       pegasus_crt.a(kernel_main_old.o) (Memcpy2)
pegasus_crt.a(hd_rdwt.o)      pegasus_crt.a(hd.o) (read_port)
pegasus_crt.a(double_link_list.o)
                              pegasus_crt.a(mem.o) (initDoubleLinkList)
pegasus_crt.a(route.o)        pegasus_crt.a(task_network.o) (route_init)
pegasus_crt.a(ipc.o)          pegasus_crt.a(task_network.o) (demux_ipc_socket_call)
pegasus_crt.a(netdev.o)       pegasus_crt.a(task_network.o) (netdev_init)
pegasus_crt.a(utils.o)        pegasus_crt.a(ipc.o) (print_err)
pegasus_crt.a(forkexit.o)     pegasus_crt.a(main.o) (do_fork)
pegasus_crt.a(exec.o)         pegasus_crt.a(main.o) (do_exec)
pegasus_crt.a(alloca.o)       pegasus_crt.a(ipc.o) (alloca)
pegasus_crt.a(calloc.o)       pegasus_crt.a(ipc.o) (calloc)
pegasus_crt.a(atoi.o)         pegasus_crt.a(inet_pton.o) (atoi)
pegasus_crt.a(strtok.o)       pegasus_crt.a(inet_pton.o) (strtok)
pegasus_crt.a(strpbrk.o)      pegasus_crt.a(strtok.o) (strpbrk)
pegasus_crt.a(sscanf.o)       pegasus_crt.a(netdev.o) (sscanf)
pegasus_crt.a(ntohs.o)        pegasus_crt.a(netdev.o) (ntohs)
pegasus_crt.a(htons.o)        pegasus_crt.a(netdev.o) (htons)
pegasus_crt.a(ne2000.o)       pegasus_crt.a(netdev.o) (StartSendToPhysicalLink)
pegasus_crt.a(my_process.o)   pegasus_crt.a(forkexit.o) (fork_process)
pegasus_crt.a(skbuff.o)       pegasus_crt.a(netdev.o) (alloc_skb)
pegasus_crt.a(socket.o)       pegasus_crt.a(ipc.o) (_socket)
pegasus_crt.a(ip_input.o)     pegasus_crt.a(netdev.o) (ip_rcv)
pegasus_crt.a(icmpv4.o)       pegasus_crt.a(ip_input.o) (icmpv4_incoming)
pegasus_crt.a(tcp_sock.o)     pegasus_crt.a(ipc.o) (tcp_connecting_or_listening_socks_enqueue)
pegasus_crt.a(inet.o)         pegasus_crt.a(socket.o) (inet)
pegasus_crt.a(tcp.o)          pegasus_crt.a(ip_input.o) (tcp_in)
pegasus_crt.a(sock.o)         pegasus_crt.a(inet.o) (sk_alloc)
pegasus_crt.a(tcp_output.o)   pegasus_crt.a(tcp_sock.o) (tcp_begin_connect)
pegasus_crt.a(arp.o)          pegasus_crt.a(ipc.o) (insert_arp_translation_table)
pegasus_crt.a(ip_output.o)    pegasus_crt.a(icmpv4.o) (ip_output)
pegasus_crt.a(dst.o)          pegasus_crt.a(ip_output.o) (dst_neigh_output)
pegasus_crt.a(tcp_input.o)    pegasus_crt.a(tcp.o) (tcp_process)
pegasus_crt.a(udp.o)          pegasus_crt.a(ip_input.o) (udp_in)
pegasus_crt.a(tcp_data.o)     pegasus_crt.a(tcp_input.o) (tcp_data_dequeue)
pegasus_crt.a(strtol.o)       pegasus_crt.a(sscanf.o) (strtol)
pegasus_crt.a(htonl.o)        pegasus_crt.a(inet.o) (htonl)
pegasus_crt.a(thread.o)       pegasus_crt.a(my_process.o) (thread_init)
pegasus_crt.a(udp_sock.o)     pegasus_crt.a(udp.o) (udp_lookup_sock)

Merging program properties

Removed property 0xc0010001 to merge test.o (0x1) and start.o (not found)
Removed property 0xc0010002 to merge test.o (0x0) and start.o (not found)
Removed property 0xc0010001 to merge test.o (not found) and pegasus_crt.a(kernel_main_old.o) (0x1)
Removed property 0xc0010002 to merge test.o (not found) and pegasus_crt.a(kernel_main_old.o) (0x1)
[...]
Memory Configuration

Name             Origin             Length             Attributes
*default*        0x00000000         0xffffffff

Linker script and memory map

Address of section .text set to 0xb0800000
LOAD test.o
LOAD start.o
LOAD pegasus_crt.a
                [!provide]                        PROVIDE (__executable_start = SEGMENT_START ("text-segment", 0x8048000))
                0x080480d4                        . = (SEGMENT_START ("text-segment", 0x8048000) + SIZEOF_HEADERS)

.interp
 *(.interp)

.note.gnu.build-id
 *(.note.gnu.build-id)

.hash
 *(.hash)

.gnu.hash
 *(.gnu.hash)

.dynsym
 *(.dynsym)

.dynstr
 *(.dynstr)

.gnu.version
 *(.gnu.version)

.gnu.version_d
 *(.gnu.version_d)

.gnu.version_r
 *(.gnu.version_r)

.rel.dyn        0x080480d4        0x0
 *(.rel.init)
 *(.rel.text .rel.text.* .rel.gnu.linkonce.t.*)
 .rel.text      0x080480d4        0x0 test.o
 *(.rel.fini)
 *(.rel.rodata .rel.rodata.* .rel.gnu.linkonce.r.*)
 *(.rel.data.rel.ro .rel.data.rel.ro.* .rel.gnu.linkonce.d.rel.ro.*)
 *(.rel.data .rel.data.* .rel.gnu.linkonce.d.*)
 *(.rel.tdata .rel.tdata.* .rel.gnu.linkonce.td.*)
 *(.rel.tbss .rel.tbss.* .rel.gnu.linkonce.tb.*)
 *(.rel.ctors)
 *(.rel.dtors)
 *(.rel.got)
 .rel.got       0x080480d4        0x0 test.o
 *(.rel.bss .rel.bss.* .rel.gnu.linkonce.b.*)
 *(.rel.ifunc)

.rel.plt        0x080480d4        0x0
 *(.rel.plt)
                [!provide]                        PROVIDE (__rel_iplt_start = .)
 *(.rel.iplt)
 .rel.iplt      0x080480d4        0x0 test.o
                [!provide]                        PROVIDE (__rel_iplt_end = .)

.relr.dyn
 *(.relr.dyn)
                0x08049000                        . = ALIGN (CONSTANT (MAXPAGESIZE))

.init
 *(SORT_NONE(.init))

.plt            0x08049000        0x0
 *(.plt)
 *(.iplt)
 .iplt          0x08049000        0x0 test.o

.plt.got
 *(.plt.got)

.plt.sec
 *(.plt.sec)

.text           0xb0800000    0x12c6c
 *(.text.unlikely .text.*_unlikely .text.unlikely.*)
 *(.text.exit .text.exit.*)
 *(.text.startup .text.startup.*)
 *(.text.hot .text.hot.*)
 *(SORT_BY_NAME(.text.sorted.*))
 *(.text .stub .text.* .gnu.linkonce.t.*)
 .text          0xb0800000       0x3e test.o
                0xb0800000                main
 *fill*         0xb080003e        0x2 
 .text          0xb0800040       0x15 start.o
                0xb0800040                _start
 .text          0xb0800055     0x2d8b pegasus_crt.a(kernel_main_old.o)
                0xb0800055                stop_here
                0xb0800099                catch_error
                0xb08000fe                intr_enable
                0xb0800127                intr_disable
                0xb0800150                intr_set_status
                0xb080016e                intr_get_status
                0xb080018b                Memcpy
                0xb08001be                untar
                0xb08004ce                num_to_string
                0xb0800574                disp_int
                0xb080059d                do_page_fault
                0xb08006da                exception_handler
                0xb08008c5                init_internal_interrupt
                0xb0800a3a                spurious_irq
                0xb0800ac8                init_keyboard
                0xb0800b0b                TestTTY
                0xb0800baa                TestReadReturnValue
                0xb0800c27                TestWriteReturnValue
                0xb0800cfb                TestFS2
                0xb0800d09                TestFS
                0xb08011ab                wait_exit
                0xb08012a9                INIT_fork
                0xb080159c                simple_shell
                0xb0801723                test_shell
                0xb080178b                test_exec
                0xb080187e                INIT
                0xb080188b                TestA
                0xb08018c0                delay
                0xb0801904                TestB
                0xb080191c                TestC
                0xb080194f                sys_get_ticks
                0xb080195f                sys_write
                0xb08019b3                milli_delay
                0xb08019dd                TaskSys
                0xb08019e2                Printf
                0xb0801ab4                sprintf
                0xb0801ae0                vsprintf
                0xb0801c8c                printx
                0xb0801ccf                sys_printx
                0xb0801d9b                spin
                0xb0801dc1                panic
                0xb0801ddf                assertion_failure
                0xb0801e51                assertion_failure2
                0xb0801ec6                dead_lock
                0xb0801ed0                sys_send_msg
                0xb08023ef                sys_receive_msg
                0xb0802a4f                send_rec
                0xb0802b4a                block
                0xb0802b86                unblock
                0xb0802bd6                get_ticks_ipc
                0xb0802be9                itoa
                0xb0802c3f                i2a
                0xb0802ca5                inform_int
                0xb0802d71                deprecate_strcmp
 .text          0xb0802de0      0x3b3 pegasus_crt.a(protect.o)
                0xb0802de0                InitDescriptor
                0xb0802e4d                Seg2PhyAddr
                0xb0802e8e                Seg2PhyAddrLDT
                0xb0802ed2                VirAddr2PhyAddr
                0xb0802ee8                v2l
                0xb0802f2b                init_propt
                0xb08030ac                InitInterruptDesc
                0xb0803108                ReloadGDT
 .text          0xb0803193      0xad3 pegasus_crt.a(console.o)
                0xb0803193                select_console
                0xb08031cf                flush
                0xb0803208                set_cursor
                0xb0803266                set_console_start_video_addr
                0xb08032c4                put_key
                0xb0803330                scroll_up
                0xb0803372                scroll_down
                0xb08033dd                out_char
                0xb080359a                tty_dev_read
                0xb08035c4                tty_dev_write
                0xb08037f1                tty_do_read
                0xb08038b9                tty_do_write
                0xb0803a22                init_screen
                0xb0803aab                init_tty
                0xb0803b60                TaskTTY
 .text          0xb0803c66        0x0 pegasus_crt.a(global.o)
 .text          0xb0803c66      0x40f pegasus_crt.a(keyboard.o)
                0xb0803c66                keyboard_handler
                0xb0803cea                read_from_keyboard_buf
                0xb0803d50                keyboard_read
                0xb0803ecf                init_keyboard_handler
                0xb0803ee3                in_process
 .text          0xb0804075      0x2d3 pegasus_crt.a(process.o)
                0xb0804075                schedule_process
                0xb080423b                clock_handler
                0xb08042cd                pid2proc
                0xb0804331                proc2pid
 .text          0xb0804348      0x356 pegasus_crt.a(task_network.o)
                0xb080439c                init_dev
                0xb0804503                task_network
                0xb0804654                task_netdev_rx
 .text          0xb080469e      0xe84 pegasus_crt.a(hd.o)
                0xb080469e                TaskHD
                0xb08046e9                init_hd
                0xb0804703                hd_handle
                0xb0804808                hd_cmd_out
                0xb080490a                hd_identify
                0xb08049c1                print_hdinfo
                0xb0804b4f                print_dpt_entry
                0xb0804bbb                get_partition_table
                0xb0804c9a                partition
                0xb0804eb4                hd_open
                0xb0804f64                get_hd_ioctl
                0xb080501e                wait_for
                0xb080504f                interrupt_wait
                0xb08050a8                hd_rdwt
                0xb080534a                hd_handler
                0xb080537b                debug_ticks
                0xb08053b9                waitfor
                0xb08053fd                print_hd_info
                0xb08054ea                is_empty
 .text          0xb0805522     0x2081 pegasus_crt.a(fs_main.o)
                0xb0805522                task_fs
                0xb0805736                rd_wt
                0xb0805818                mkfs
                0xb0805dfa                init_fs
                0xb0805e54                do_open
                0xb080605d                search_file
                0xb080618f                strip_path
                0xb080625b                get_inode
                0xb080641d                create_file
                0xb0806528                alloc_imap_bit
                0xb0806625                alloc_smap_bit
                0xb08067c6                new_inode
                0xb08068e4                new_dir_entry
                0xb0806af0                do_unlink
                0xb0806fcc                do_rdwt
                0xb0807357                sync_inode
                0xb08074ab                put_inode
                0xb08074e9                do_close
                0xb080753b                get_super_block
 .text          0xb08075a3      0x14e pegasus_crt.a(main.o)
                0xb08075a3                TaskMM
                0xb08076d2                alloc_mem
 .text          0xb08076f1     0x1118 pegasus_crt.a(mem.o)
                0xb08076f1                init_bitmap
                0xb0807714                test_bit_val
                0xb080777d                set_bit_val
                0xb08077f8                set_bits
                0xb0807832                get_first_free_bit
                0xb0807876                get_bits
                0xb080793e                get_a_page
                0xb08079f2                get_virtual_address_start_with_addr
                0xb0807a8c                get_virtual_address
                0xb0807b1c                ptr_pde
                0xb0807b2f                ptr_pte
                0xb0807b56                add_map_entry
                0xb0807be7                alloc_virtual_memory
                0xb0807cb3                get_physical_address_proc
                0xb0807d2f                get_physical_address
                0xb0807d61                alloc_physical_memory_of_proc
                0xb0807e50                alloc_physical_memory
                0xb0807f18                alloc_memory
                0xb0807f7a                get_a_virtual_page
                0xb0807fb2                block2arena
                0xb0807fc8                sys_malloc2
                0xb08082f5                remove_map_entry
                0xb0808316                free_a_page
                0xb08083bd                sys_free2
                0xb08083c3                init_memory_block_desc
                0xb0808494                init_memory2
                0xb08086c9                init_memory
 .text          0xb0808809      0x285 pegasus_crt.a(exec.o)
                0xb0808809                exec
                0xb080887a                execv
                0xb0808a69                execl
 .text          0xb0808a8e       0x4b pegasus_crt.a(fork.o)
                0xb0808a8e                fork
 .text          0xb0808ad9       0x2f pegasus_crt.a(exit.o)
                0xb0808ad9                exit
 .text          0xb0808b08       0x44 pegasus_crt.a(wait.o)
                0xb0808b08                wait
 .text          0xb0808b4c       0xa8 pegasus_crt.a(strcmp.o)
                0xb0808b4c                strcmp
 .text          0xb0808bf4      0x181 pegasus_crt.a(read.o)
                0xb0808bf4                read
 .text          0xb0808d75       0x17 pegasus_crt.a(perror.o)
                0xb0808d75                perror
 .text          0xb0808d8c       0x95 pegasus_crt.a(open.o)
                0xb0808d8c                open
 .text          0xb0808e21       0x85 pegasus_crt.a(write.o)
                0xb0808e21                write
 .text          0xb0808ea6       0x52 pegasus_crt.a(close.o)
                0xb0808ea6                close
 .text          0xb0808ef8      0x295 pegasus_crt.a(inet_pton.o)
                0xb0808ef8                isValidIPv4
                0xb0809082                inet_pton
 .text          0xb080918d       0x7c pegasus_crt.a(ntohl.o)
                0xb080918d                ntohl
 *fill*         0xb0809209        0x7 
 .text          0xb0809210      0x3d2 pegasus_crt.a(kernel.o)
                0xb0809210                InterruptTest
                0xb080921c                disp_str_len
                0xb0809269                disp_str
                0xb08092a4                disp_str_colour
                0xb08092e0                divide_zero_fault
                0xb08092e6                single_step_fault
                0xb08092ec                non_maskable_interrupt
                0xb08092f2                breakpoint_trap
                0xb08092f8                overflow_trap
                0xb08092fe                bound_range_exceeded_fault
                0xb0809304                invalid_opcode_fault
                0xb080930a                coprocessor_not_available_fault
                0xb0809310                double_fault_exception_abort
                0xb0809314                coprocessor_segment_overrun
                0xb080931a                invalid_task_state_segment_fault
                0xb080931e                segment_not_present_fault
                0xb0809322                stack_exception_fault
                0xb0809326                general_protection_exception_fault
                0xb0809331                page_fault
                0xb0809335                coprocessor_error_fault
                0xb080933b                align_check_fault
                0xb080933f                simd_float_exception_fault
                0xb080934e                hwint0
                0xb080937e                hwint1
                0xb08093c1                hwint14
                0xb0809407                hwint10
                0xb080944a                sys_call
                0xb0809490                fork_restart
                0xb080949f                restart
                0xb08094c2                in_byte
                0xb08094ce                out_byte
                0xb08094f0                disable_int
                0xb08094f2                enable_int
                0xb0809588                enable_8259A_casecade_irq
                0xb0809592                disable_8259A_casecade_irq
                0xb080959c                enable_8259A_slave_winchester_irq
                0xb08095a6                disable_8259A_slave_winchester_irq
                0xb08095b0                update_cr3
                0xb08095bd                update_tss
                0xb08095cc                get_running_thread_pcb
                0xb08095d2                sys_call_test
                0xb08095d5                enable_8259A_slave_net_irq
 *fill*         0xb08095e2        0xe 
 .text          0xb08095f0       0x6a pegasus_crt.a(syscall.o)
                0xb08095f0                write_debug
                0xb0809600                send_msg
                0xb0809616                receive_msg
                0xb080962c                sys_malloc
                0xb0809641                sys_free
 *fill*         0xb080965a        0x6 
 .text          0xb0809660       0x15 pegasus_crt.a(switch_to.o)
                0xb0809660                switch_to
 .text          0xb0809675      0x2ee pegasus_crt.a(double_link_list.o)
                0xb0809675                initDoubleLinkList
                0xb08096c5                isListEmpty
                0xb08096f3                findElementInList
                0xb080978a                appendToDoubleLinkList
                0xb0809850                insertToDoubleLinkList
                0xb08098d4                popFromDoubleLinkList
 .text          0xb0809963      0x42e pegasus_crt.a(route.o)
                0xb0809a73                route_add
                0xb0809aba                route_init
                0xb0809b6c                call_route_lookup
                0xb0809cb6                route_lookup
 .text          0xb0809d91      0xe52 pegasus_crt.a(ipc.o)
                0xb080a97d                ipc_close
                0xb080a9ce                ipc_call_from_netdev_rx
                0xb080aa06                demux_ipc_socket_call
 .text          0xb080abe3      0xa11 pegasus_crt.a(netdev.o)
                0xb080ad71                netdev_init
                0xb080adb8                netdev_transmit
                0xb080af1a                interrupt_wait2
                0xb080af73                netdev_rx_loop
                0xb080b064                call_netdev_get
                0xb080b1ae                netdev_get
                0xb080b263                free_netdev
                0xb080b28e                local_ipaddress
                0xb080b2cb                receive_msg_from_nic
                0xb080b4b2                receive_msg_from_nic2
                0xb080b5de                net_handler
 .text          0xb080b5f4      0x1e7 pegasus_crt.a(utils.o)
                0xb080b5f4                run_cmd
                0xb080b601                print_err
                0xb080b618                parse_ipv4_string
                0xb080b677                ip_pton
                0xb080b6bf                sum_every_16bits
                0xb080b716                checksum
                0xb080b757                tcp_udp_checksum
 .text          0xb080b7db      0x24f pegasus_crt.a(forkexit.o)
                0xb080b7db                do_fork
                0xb080b849                do_exit
                0xb080b8d3                do_wait
                0xb080b9d0                cleanup
 .text          0xb080ba2a      0x419 pegasus_crt.a(exec.o)
                0xb080ba2a                do_exec
 .text          0xb080be43       0x29 pegasus_crt.a(alloca.o)
                0xb080be43                alloca
 .text          0xb080be6c       0x46 pegasus_crt.a(calloc.o)
                0xb080be6c                calloc
 .text          0xb080beb2       0x9c pegasus_crt.a(atoi.o)
                0xb080beb2                atoi
 .text          0xb080bf4e       0x85 pegasus_crt.a(strtok.o)
                0xb080bf4e                strtok
 .text          0xb080bfd3       0x90 pegasus_crt.a(strpbrk.o)
                0xb080bfd3                strpbrk
 .text          0xb080c063      0x335 pegasus_crt.a(sscanf.o)
                0xb080c063                sscanf
 .text          0xb080c398       0x38 pegasus_crt.a(ntohs.o)
                0xb080c398                ntohs
 .text          0xb080c3d0       0x38 pegasus_crt.a(htons.o)
                0xb080c3d0                htons
 *fill*         0xb080c408        0x8 
 .text          0xb080c410      0x28d pegasus_crt.a(ne2000.o)
                0xb080c433                DriverInitialize
                0xb080c4bd                StartSendToPhysicalLink
                0xb080c4d8                SetPageStart
                0xb080c507                DriverSend
                0xb080c581                PCtoNIC
                0xb080c5ec                get_interrupt_status
                0xb080c609                set_interrupt_status
                0xb080c629                get_curr_page
                0xb080c646                NICtoPC
 .text          0xb080c69d      0x730 pegasus_crt.a(my_process.o)
                0xb080c69d                create_user_process_address_space
                0xb080c72d                user_process
                0xb080c85a                clone_pcb
                0xb080c9cc                build_body_stack
                0xb080caff                build_process_kernel_stack
                0xb080cbc2                fork_process
                0xb080cc53                process_execute
 .text          0xb080cdcd      0x15b pegasus_crt.a(skbuff.o)
                0xb080cde6                alloc_skb
                0xb080ce77                free_skb
                0xb080ceaa                skb_reserve
                0xb080cec6                skb_push
                0xb080cef5                skb_head
                0xb080cf00                skb_reset_header
 .text          0xb080cf28      0x66c pegasus_crt.a(socket.o)
                0xb080cfd8                test
                0xb080d034                socket_debug
                0xb080d095                free_socket
                0xb080d151                _socket
                0xb080d210                _bind
                0xb080d263                _connect
                0xb080d2b5                _write
                0xb080d30c                _read
                0xb080d363                _recvfrom
                0xb080d3a4                _sendto
                0xb080d3fb                _close
                0xb080d47a                _listen
                0xb080d4e0                _accept
 .text          0xb080d594      0x31b pegasus_crt.a(ip_input.o)
                0xb080d71e                ip_rcv
 .text          0xb080d8af      0x234 pegasus_crt.a(icmpv4.o)
                0xb080d8bd                icmpv4_incoming
                0xb080d931                icmpv4_reply
                0xb080da0a                icmpv4_timestamp
 .text          0xb080dae3      0xb9f pegasus_crt.a(tcp_sock.o)
                0xb080dda2                tcp_established_or_syn_recvd_socks_enqueue
                0xb080ddbb                tcp_established_or_syn_recvd_socks_remove
                0xb080ddcd                call_tcp_connecting_or_listening_socks_enqueue
                0xb080dec9                tcp_connecting_or_listening_socks_enqueue
                0xb080df48                tcp_connecting_or_listening_socks_remove
                0xb080df5a                tcp_alloc_sock
                0xb080e070                tcp_free_sock
                0xb080e0e9                tcp_init
                0xb080e0f3                tcp_sock_init
                0xb080e199                tcp_write
                0xb080e1da                tcp_read
                0xb080e28d                tcp_close
                0xb080e34b                tcp_recv_notify
                0xb080e376                tcp_v4_connect
                0xb080e5d2                tcp_lookup_sock
 .text          0xb080e682      0x429 pegasus_crt.a(inet.o)
                0xb080e682                inet_create
                0xb080e732                inet_socket
                0xb080e73c                inet_connect
                0xb080e790                inet_write
                0xb080e7bc                inet_read
                0xb080e7e8                inet_close
                0xb080e837                inet_free
                0xb080e86d                inet_bind
                0xb080e976                inet_listen
                0xb080e9bf                inet_accept
                0xb080ea6a                inet_sendto
                0xb080ea95                inet_recvfrom
 .text          0xb080eaab      0x450 pegasus_crt.a(tcp.o)
                0xb080eca0                tcp_in
                0xb080ed54                tcp_checksum
                0xb080ed80                __tcp_set_state
                0xb080ed8f                tcp_generate_port
                0xb080edd8                tcp_generate_isn
                0xb080edea                tcp_done
                0xb080ee13                tcp_clear_timers
                0xb080ee22                tcp_stop_retransmission_timer
                0xb080ee3b                tcp_release_retransmission_timer
                0xb080ee54                tcp_stop_delack_timer
                0xb080ee67                tcp_release_delack_timer
                0xb080ee7a                tcp_handle_fin_state
                0xb080eedf                tcp_enter_time_wait
 .text          0xb080eefb      0x203 pegasus_crt.a(sock.o)
                0xb080f02d                sk_alloc
                0xb080f054                sk_init
                0xb080f0a8                sk_init_with_socket
                0xb080f0d1                sk_free
 .text          0xb080f0fe      0xbbe pegasus_crt.a(tcp_output.o)
                0xb080f5c4                tcp_send_synack
                0xb080f667                tcp_send_delack
                0xb080f6a2                tcp_send_ack
                0xb080f7ee                tcp_send_fin
                0xb080f863                tcp_select_initial_window
                0xb080fa15                tcp_reset_retransmission_timer
                0xb080fa32                tcp_begin_connect
                0xb080fadc                tcp_send
                0xb080fbc1                tcp_send_reset
                0xb080fc41                tcp_queue_fin
 .text          0xb080fcbc      0xbdd pegasus_crt.a(arp.o)
                0xb080fde5                call_update_arp_translation_table
                0xb081001d                insert_arp_translation_table
                0xb081009f                update_arp_translation_table
                0xb081015e                arp_init
                0xb0810164                arp_rcv
                0xb081034d                arp_request
                0xb08104ba                arp_reply
                0xb081061d                call_arp_get_hwaddr
                0xb0810767                arp_get_hwaddr
                0xb0810848                free_arp
 .text          0xb0810899      0x1d3 pegasus_crt.a(ip_output.o)
                0xb08108a7                ip_output
 .text          0xb0810a6c      0x181 pegasus_crt.a(dst.o)
                0xb0810a7a                print_array
                0xb0810aee                dst_neigh_output
 .text          0xb0810bed      0xb90 pegasus_crt.a(tcp_input.o)
                0xb08112e5                tcp_process
                0xb08116bb                tcp_receive
 .text          0xb081177d      0x3e0 pegasus_crt.a(udp.o)
                0xb0811888                udp_generate_port
                0xb08118d1                udp_checksum
                0xb081199f                udp_in
                0xb0811a30                udp_data_dequeue
                0xb0811b38                udp_data_enqueue
 .text          0xb0811b5d      0x54a pegasus_crt.a(tcp_data.o)
                0xb0811e48                tcp_data_dequeue
                0xb0811f75                tcp_data_queue
 .text          0xb08120a7       0xca pegasus_crt.a(strtol.o)
                0xb08120a7                strtol
 .text          0xb0812171       0x7c pegasus_crt.a(htonl.o)
                0xb0812171                htonl
 .text          0xb08121ed      0x1b2 pegasus_crt.a(thread.o)
                0xb08121ed                kernel_thread
                0xb0812205                thread_init
                0xb08122b2                thread_create
                0xb08122e7                thread_start
 .text          0xb081239f      0x8cd pegasus_crt.a(udp_sock.o)
                0xb08125dd                udp_lookup_sock
                0xb0812624                udp_init
                0xb0812655                udp_close
                0xb081267b                udp_sock_init
                0xb0812685                udp_recvfrom
                0xb081271e                udp_connect
                0xb08127f7                udp_write
                0xb0812823                udp_alloc_skb
                0xb081286d                udp_sendto
                0xb0812961                udp_send
                0xb0812a9f                udp_alloc_sock
                0xb0812ae0                udp_free_sock
                0xb0812b04                udp_read
 *(.gnu.warning)

.fini
 *(SORT_NONE(.fini))
                [!provide]                        PROVIDE (__etext = .)
                [!provide]                        PROVIDE (_etext = .)
                [!provide]                        PROVIDE (etext = .)
                0xb0813000                        . = ALIGN (CONSTANT (MAXPAGESIZE))
                0xb0813000                        . = SEGMENT_START ("rodata-segment", (ALIGN (CONSTANT (MAXPAGESIZE)) + (. & (CONSTANT (MAXPAGESIZE) - 0x1))))

.rodata         0xb0813000     0x1be9
 *(.rodata .rodata.* .gnu.linkonce.r.*)
 .rodata        0xb0813000       0x10 test.o
 *fill*         0xb0813010       0x10 
 .rodata        0xb0813020      0xb61 pegasus_crt.a(kernel_main_old.o)
 .rodata        0xb0813b81       0x22 pegasus_crt.a(console.o)
 *fill*         0xb0813ba3        0x1 
 .rodata        0xb0813ba4       0x4c pegasus_crt.a(process.o)
 .rodata        0xb0813bf0       0x91 pegasus_crt.a(task_network.o)
 *fill*         0xb0813c81        0x3 
 .rodata        0xb0813c84      0x19c pegasus_crt.a(hd.o)
 .rodata        0xb0813e20      0x1fb pegasus_crt.a(fs_main.o)
                0xb0813e20                FSBUF_SIZE
 .rodata        0xb081401b       0x11 pegasus_crt.a(main.o)
 .rodata        0xb081402c       0x5a pegasus_crt.a(mem.o)
 .rodata        0xb0814086       0x2d pegasus_crt.a(exec.o)
 .rodata        0xb08140b3       0x2a pegasus_crt.a(close.o)
 .rodata        0xb08140dd        0x3 pegasus_crt.a(inet_pton.o)
 .rodata        0xb08140e0       0x3c pegasus_crt.a(double_link_list.o)
 .rodata        0xb081411c       0x36 pegasus_crt.a(route.o)
 *fill*         0xb0814152        0x2 
 .rodata        0xb0814154      0x178 pegasus_crt.a(ipc.o)
 .rodata        0xb08142cc      0x16e pegasus_crt.a(netdev.o)
 *fill*         0xb081443a        0x2 
 .rodata        0xb081443c       0x41 pegasus_crt.a(utils.o)
 .rodata        0xb081447d       0x21 pegasus_crt.a(forkexit.o)
 .rodata        0xb081449e       0x10 pegasus_crt.a(exec.o)
 .rodata        0xb08144ae        0x9 pegasus_crt.a(skbuff.o)
 *fill*         0xb08144b7        0x1 
 .rodata        0xb08144b8      0x23d pegasus_crt.a(socket.o)
 *fill*         0xb08146f5        0x3 
 .rodata        0xb08146f8       0xe6 pegasus_crt.a(ip_input.o)
 *fill*         0xb08147de        0x2 
 .rodata        0xb08147e0       0x32 pegasus_crt.a(icmpv4.o)
 *fill*         0xb0814812        0x2 
 .rodata        0xb0814814       0xe8 pegasus_crt.a(tcp_sock.o)
 .rodata        0xb08148fc       0x48 pegasus_crt.a(inet.o)
 .rodata        0xb0814944       0x31 pegasus_crt.a(tcp.o)
 .rodata        0xb0814975        0x9 pegasus_crt.a(sock.o)
 *fill*         0xb081497e        0x2 
 .rodata        0xb0814980       0xc3 pegasus_crt.a(tcp_output.o)
 *fill*         0xb0814a43        0x1 
 .rodata        0xb0814a44       0xbd pegasus_crt.a(arp.o)
 .rodata        0xb0814b01        0x9 pegasus_crt.a(ip_output.o)
 .rodata        0xb0814b0a       0x1c pegasus_crt.a(dst.o)
 *fill*         0xb0814b26        0x2 
 .rodata        0xb0814b28       0x6c pegasus_crt.a(tcp_input.o)
 .rodata        0xb0814b94        0x9 pegasus_crt.a(udp.o)
 .rodata        0xb0814b9d       0x1e pegasus_crt.a(tcp_data.o)
 *fill*         0xb0814bbb        0x1 
 .rodata        0xb0814bbc       0x2d pegasus_crt.a(udp_sock.o)

.txt            0xb0814be9       0xaa
 .txt           0xb0814be9       0x82 pegasus_crt.a(string.o)
                0xb0814be9                Memcpy2
                0xb0814c17                Memset
                0xb0814c36                Strcpy
                0xb0814c50                Strlen
 .txt           0xb0814c6b       0x28 pegasus_crt.a(hd_rdwt.o)
                0xb0814c6b                read_port
                0xb0814c7f                write_port

.rodata1
 *(.rodata1)

.eh_frame_hdr
 *(.eh_frame_hdr)
 *(.eh_frame_entry .eh_frame_entry.*)

.eh_frame       0xb0814c94     0x4154
 *(.eh_frame)
 .eh_frame      0xb0814c94       0x44 test.o
 .eh_frame      0xb0814cd8      0x6cc pegasus_crt.a(kernel_main_old.o)
                                0x6e4 (size before relaxing)
 .eh_frame      0xb08153a4      0x100 pegasus_crt.a(protect.o)
                                0x118 (size before relaxing)
 .eh_frame      0xb08154a4      0x1e0 pegasus_crt.a(console.o)
                                0x1f8 (size before relaxing)
 .eh_frame      0xb0815684       0xa0 pegasus_crt.a(keyboard.o)
                                 0xb8 (size before relaxing)
 .eh_frame      0xb0815724       0x80 pegasus_crt.a(process.o)
                                 0x98 (size before relaxing)
 .eh_frame      0xb08157a4       0x80 pegasus_crt.a(task_network.o)
                                 0x98 (size before relaxing)
 .eh_frame      0xb0815824      0x264 pegasus_crt.a(hd.o)
                                0x27c (size before relaxing)
 .eh_frame      0xb0815a88      0x27c pegasus_crt.a(fs_main.o)
                                0x294 (size before relaxing)
 .eh_frame      0xb0815d04       0x3c pegasus_crt.a(main.o)
                                 0x54 (size before relaxing)
 .eh_frame      0xb0815d40      0x364 pegasus_crt.a(mem.o)
                                0x37c (size before relaxing)
 .eh_frame      0xb08160a4       0x60 pegasus_crt.a(exec.o)
                                 0x78 (size before relaxing)
 .eh_frame      0xb0816104       0x20 pegasus_crt.a(fork.o)
                                 0x38 (size before relaxing)
 .eh_frame      0xb0816124       0x20 pegasus_crt.a(exit.o)
                                 0x38 (size before relaxing)
 .eh_frame      0xb0816144       0x20 pegasus_crt.a(wait.o)
                                 0x38 (size before relaxing)
 .eh_frame      0xb0816164       0x20 pegasus_crt.a(strcmp.o)
                                 0x38 (size before relaxing)
 .eh_frame      0xb0816184       0x20 pegasus_crt.a(read.o)
                                 0x38 (size before relaxing)
 .eh_frame      0xb08161a4       0x20 pegasus_crt.a(perror.o)
                                 0x38 (size before relaxing)
 .eh_frame      0xb08161c4       0x20 pegasus_crt.a(open.o)
                                 0x38 (size before relaxing)
 .eh_frame      0xb08161e4       0x20 pegasus_crt.a(write.o)
                                 0x38 (size before relaxing)
 .eh_frame      0xb0816204       0x20 pegasus_crt.a(close.o)
                                 0x38 (size before relaxing)
 .eh_frame      0xb0816224       0x40 pegasus_crt.a(inet_pton.o)
                                 0x58 (size before relaxing)
 .eh_frame      0xb0816264       0x20 pegasus_crt.a(ntohl.o)
                                 0x38 (size before relaxing)
 .eh_frame      0xb0816284       0xc0 pegasus_crt.a(double_link_list.o)
                                 0xd8 (size before relaxing)
 .eh_frame      0xb0816344      0x104 pegasus_crt.a(route.o)
                                0x11c (size before relaxing)
 .eh_frame      0xb0816448      0x274 pegasus_crt.a(ipc.o)
                                0x28c (size before relaxing)
 .eh_frame      0xb08166bc      0x230 pegasus_crt.a(netdev.o)
                                0x248 (size before relaxing)
 .eh_frame      0xb08168ec       0xe4 pegasus_crt.a(utils.o)
                                 0xfc (size before relaxing)
 .eh_frame      0xb08169d0       0x80 pegasus_crt.a(forkexit.o)
                                 0x98 (size before relaxing)
 .eh_frame      0xb0816a50       0x20 pegasus_crt.a(exec.o)
                                 0x38 (size before relaxing)
 .eh_frame      0xb0816a70       0x20 pegasus_crt.a(alloca.o)
                                 0x38 (size before relaxing)
 .eh_frame      0xb0816a90       0x20 pegasus_crt.a(calloc.o)
                                 0x38 (size before relaxing)
 .eh_frame      0xb0816ab0       0x20 pegasus_crt.a(atoi.o)
                                 0x38 (size before relaxing)
 .eh_frame      0xb0816ad0       0x20 pegasus_crt.a(strtok.o)
                                 0x38 (size before relaxing)
 .eh_frame      0xb0816af0       0x20 pegasus_crt.a(strpbrk.o)
                                 0x38 (size before relaxing)
 .eh_frame      0xb0816b10       0x20 pegasus_crt.a(sscanf.o)
                                 0x38 (size before relaxing)
 .eh_frame      0xb0816b30       0x20 pegasus_crt.a(ntohs.o)
                                 0x38 (size before relaxing)
 .eh_frame      0xb0816b50       0x20 pegasus_crt.a(htons.o)
                                 0x38 (size before relaxing)
 .eh_frame      0xb0816b70       0xe0 pegasus_crt.a(my_process.o)
                                 0xf8 (size before relaxing)
 .eh_frame      0xb0816c50       0xe0 pegasus_crt.a(skbuff.o)
                                 0xf8 (size before relaxing)
 .eh_frame      0xb0816d30      0x2a0 pegasus_crt.a(socket.o)
                                0x2b8 (size before relaxing)
 .eh_frame      0xb0816fd0      0x104 pegasus_crt.a(ip_input.o)
                                0x11c (size before relaxing)
 .eh_frame      0xb08170d4       0x80 pegasus_crt.a(icmpv4.o)
                                 0x98 (size before relaxing)
 .eh_frame      0xb0817154      0x4e0 pegasus_crt.a(tcp_sock.o)
                                0x4f8 (size before relaxing)
 .eh_frame      0xb0817634      0x180 pegasus_crt.a(inet.o)
                                0x198 (size before relaxing)
 .eh_frame      0xb08177b4      0x268 pegasus_crt.a(tcp.o)
                                0x280 (size before relaxing)
 .eh_frame      0xb0817a1c      0x1a0 pegasus_crt.a(sock.o)
                                0x1b8 (size before relaxing)
 .eh_frame      0xb0817bbc      0x3c4 pegasus_crt.a(tcp_output.o)
                                0x3dc (size before relaxing)
 .eh_frame      0xb0817f80      0x220 pegasus_crt.a(arp.o)
                                0x238 (size before relaxing)
 .eh_frame      0xb08181a0       0x40 pegasus_crt.a(ip_output.o)
                                 0x58 (size before relaxing)
 .eh_frame      0xb08181e0       0x60 pegasus_crt.a(dst.o)
                                 0x78 (size before relaxing)
 .eh_frame      0xb0818240      0x300 pegasus_crt.a(tcp_input.o)
                                0x318 (size before relaxing)
 .eh_frame      0xb0818540      0x1e4 pegasus_crt.a(udp.o)
                                0x1fc (size before relaxing)
 .eh_frame      0xb0818724      0x200 pegasus_crt.a(tcp_data.o)
                                0x218 (size before relaxing)
 .eh_frame      0xb0818924       0x20 pegasus_crt.a(strtol.o)
                                 0x38 (size before relaxing)
 .eh_frame      0xb0818944       0x20 pegasus_crt.a(htonl.o)
                                 0x38 (size before relaxing)
 .eh_frame      0xb0818964       0x80 pegasus_crt.a(thread.o)
                                 0x98 (size before relaxing)
 .eh_frame      0xb08189e4      0x404 pegasus_crt.a(udp_sock.o)
                                0x41c (size before relaxing)
 *(.eh_frame.*)

.sframe
 *(.sframe)
 *(.sframe.*)

.gcc_except_table
 *(.gcc_except_table .gcc_except_table.*)

.gnu_extab
 *(.gnu_extab*)

.exception_ranges
 *(.exception_ranges*)
                0xb0819000                        . = DATA_SEGMENT_ALIGN (CONSTANT (MAXPAGESIZE), CONSTANT (COMMONPAGESIZE))

.eh_frame
 *(.eh_frame)
 *(.eh_frame.*)

.sframe
 *(.sframe)
 *(.sframe.*)

.gnu_extab
 *(.gnu_extab)

.gcc_except_table
 *(.gcc_except_table .gcc_except_table.*)

.exception_ranges
 *(.exception_ranges*)

.tdata          0xb0819000        0x0
                [!provide]                        PROVIDE (__tdata_start = .)
 *(.tdata .tdata.* .gnu.linkonce.td.*)

.tbss
 *(.tbss .tbss.* .gnu.linkonce.tb.*)
 *(.tcommon)

.preinit_array  0xb0819000        0x0
                [!provide]                        PROVIDE (__preinit_array_start = .)
 *(.preinit_array)
                [!provide]                        PROVIDE (__preinit_array_end = .)

.init_array     0xb0819000        0x0
                [!provide]                        PROVIDE (__init_array_start = .)
 *(SORT_BY_INIT_PRIORITY(.init_array.*) SORT_BY_INIT_PRIORITY(.ctors.*))
 *(.init_array EXCLUDE_FILE(*crtend?.o *crtend.o *crtbegin?.o *crtbegin.o) .ctors)
                [!provide]                        PROVIDE (__init_array_end = .)

.fini_array     0xb0819000        0x0
                [!provide]                        PROVIDE (__fini_array_start = .)
 *(SORT_BY_INIT_PRIORITY(.fini_array.*) SORT_BY_INIT_PRIORITY(.dtors.*))
 *(.fini_array EXCLUDE_FILE(*crtend?.o *crtend.o *crtbegin?.o *crtbegin.o) .dtors)
                [!provide]                        PROVIDE (__fini_array_end = .)

.ctors
 *crtbegin.o(.ctors)
 *crtbegin?.o(.ctors)
 *(EXCLUDE_FILE(*crtend?.o *crtend.o) .ctors)
 *(SORT_BY_NAME(.ctors.*))
 *(.ctors)

.dtors
 *crtbegin.o(.dtors)
 *crtbegin?.o(.dtors)
 *(EXCLUDE_FILE(*crtend?.o *crtend.o) .dtors)
 *(SORT_BY_NAME(.dtors.*))
 *(.dtors)

.jcr
 *(.jcr)

.data.rel.ro
 *(.data.rel.ro.local* .gnu.linkonce.d.rel.ro.local.*)
 *(.data.rel.ro .data.rel.ro.* .gnu.linkonce.d.rel.ro.*)

.dynamic
 *(.dynamic)

.got            0xb0819000        0x0
 *(.got)
 .got           0xb0819000        0x0 test.o
 *(.igot)
                0xb0819000                        . = DATA_SEGMENT_RELRO_END (., (SIZEOF (.got.plt) >= 0xc)?0xc:0x0)

.got.plt        0xb0819000        0x0
 *(.got.plt)
 .got.plt       0xb0819000        0x0 test.o
 *(.igot.plt)
 .igot.plt      0xb0819000        0x0 test.o

.data           0xb0819000      0xb74
 *(.data .data.* .gnu.linkonce.d.*)
 .data          0xb0819000        0x0 test.o
 .data          0xb0819000        0x0 pegasus_crt.a(kernel_main_old.o)
 .data          0xb0819000        0x0 pegasus_crt.a(protect.o)
 .data          0xb0819000        0x0 pegasus_crt.a(console.o)
 .data          0xb0819000      0x17c pegasus_crt.a(global.o)
                0xb0819000                user_task_table
                0xb0819080                sys_task_table
                0xb0819160                sys_call_table
 *fill*         0xb081917c        0x4 
 .data          0xb0819180      0x600 pegasus_crt.a(keyboard.o)
                0xb0819180                keymap
 .data          0xb0819780        0x0 pegasus_crt.a(process.o)
 .data          0xb0819780        0x4 pegasus_crt.a(task_network.o)
 .data          0xb0819784        0x0 pegasus_crt.a(hd.o)
 .data          0xb0819784        0x0 pegasus_crt.a(fs_main.o)
 .data          0xb0819784        0x0 pegasus_crt.a(main.o)
 .data          0xb0819784        0x0 pegasus_crt.a(mem.o)
 .data          0xb0819784        0x0 pegasus_crt.a(exec.o)
 .data          0xb0819784        0x0 pegasus_crt.a(fork.o)
 .data          0xb0819784        0x0 pegasus_crt.a(exit.o)
 .data          0xb0819784        0x0 pegasus_crt.a(wait.o)
 .data          0xb0819784        0x0 pegasus_crt.a(strcmp.o)
 .data          0xb0819784        0x0 pegasus_crt.a(read.o)
 .data          0xb0819784        0x0 pegasus_crt.a(perror.o)
 .data          0xb0819784        0x0 pegasus_crt.a(open.o)
 .data          0xb0819784        0x0 pegasus_crt.a(write.o)
 .data          0xb0819784        0x0 pegasus_crt.a(close.o)
 .data          0xb0819784        0x0 pegasus_crt.a(inet_pton.o)
 .data          0xb0819784        0x0 pegasus_crt.a(ntohl.o)
 .data          0xb0819784        0xf pegasus_crt.a(kernel.o)
 *fill*         0xb0819793        0x1 
 .data          0xb0819794        0x0 pegasus_crt.a(syscall.o)
 .data          0xb0819794        0x0 pegasus_crt.a(double_link_list.o)
 .data          0xb0819794        0x4 pegasus_crt.a(route.o)
 .data          0xb0819798        0xc pegasus_crt.a(ipc.o)
 .data          0xb08197a4        0x4 pegasus_crt.a(netdev.o)
 .data          0xb08197a8        0x4 pegasus_crt.a(utils.o)
 .data          0xb08197ac        0x0 pegasus_crt.a(forkexit.o)
 .data          0xb08197ac        0x0 pegasus_crt.a(exec.o)
 .data          0xb08197ac        0x0 pegasus_crt.a(alloca.o)
 .data          0xb08197ac        0x0 pegasus_crt.a(calloc.o)
 .data          0xb08197ac        0x0 pegasus_crt.a(atoi.o)
 .data          0xb08197ac        0x0 pegasus_crt.a(strtok.o)
 .data          0xb08197ac        0x0 pegasus_crt.a(strpbrk.o)
 .data          0xb08197ac        0x0 pegasus_crt.a(sscanf.o)
 .data          0xb08197ac        0x0 pegasus_crt.a(ntohs.o)
 .data          0xb08197ac        0x0 pegasus_crt.a(htons.o)
 .data          0xb08197ac        0x0 pegasus_crt.a(my_process.o)
 .data          0xb08197ac        0x4 pegasus_crt.a(skbuff.o)
 *fill*         0xb08197b0       0x10 
 .data          0xb08197c0      0x224 pegasus_crt.a(socket.o)
 .data          0xb08199e4        0x4 pegasus_crt.a(ip_input.o)
 .data          0xb08199e8        0x4 pegasus_crt.a(icmpv4.o)
 *fill*         0xb08199ec       0x14 
 .data          0xb0819a00       0x54 pegasus_crt.a(tcp_sock.o)
                0xb0819a20                tcp_ops
 *fill*         0xb0819a54        0xc 
 .data          0xb0819a60       0x80 pegasus_crt.a(inet.o)
                0xb0819a68                inet
 .data          0xb0819ae0        0x8 pegasus_crt.a(tcp.o)
 .data          0xb0819ae8        0x4 pegasus_crt.a(sock.o)
 .data          0xb0819aec        0x4 pegasus_crt.a(tcp_output.o)
 .data          0xb0819af0       0x14 pegasus_crt.a(arp.o)
 .data          0xb0819b04        0x4 pegasus_crt.a(ip_output.o)
 .data          0xb0819b08        0x4 pegasus_crt.a(dst.o)
 .data          0xb0819b0c        0x4 pegasus_crt.a(tcp_input.o)
 .data          0xb0819b10        0x8 pegasus_crt.a(udp.o)
 .data          0xb0819b18        0x4 pegasus_crt.a(tcp_data.o)
 .data          0xb0819b1c        0x0 pegasus_crt.a(strtol.o)
 .data          0xb0819b1c        0x0 pegasus_crt.a(htonl.o)
 .data          0xb0819b1c        0x0 pegasus_crt.a(thread.o)
 *fill*         0xb0819b1c        0x4 
 .data          0xb0819b20       0x54 pegasus_crt.a(udp_sock.o)
                0xb0819b40                udp_ops

.data1
 *(.data1)
                0xb0819b74                        _edata = .
                [!provide]                        PROVIDE (edata = .)
                0xb0819b74                        . = .
                0xb0819b74                        __bss_start = .

.bss            0xb0819b80    0xa50a8
 *(.dynbss)
 *(.bss .bss.* .gnu.linkonce.b.*)
 .bss           0xb0819b80        0x0 test.o
 .bss           0xb0819b80        0x0 pegasus_crt.a(kernel_main_old.o)
 .bss           0xb0819b80        0x0 pegasus_crt.a(protect.o)
 .bss           0xb0819b80        0x0 pegasus_crt.a(console.o)
 .bss           0xb0819b80        0x0 pegasus_crt.a(global.o)
 .bss           0xb0819b80        0x0 pegasus_crt.a(keyboard.o)
 .bss           0xb0819b80        0x0 pegasus_crt.a(process.o)
 .bss           0xb0819b80        0x0 pegasus_crt.a(task_network.o)
 .bss           0xb0819b80        0x0 pegasus_crt.a(hd.o)
 .bss           0xb0819b80        0x4 pegasus_crt.a(fs_main.o)
                0xb0819b80                c
 .bss           0xb0819b84        0x0 pegasus_crt.a(main.o)
 .bss           0xb0819b84        0x0 pegasus_crt.a(mem.o)
 .bss           0xb0819b84        0x0 pegasus_crt.a(exec.o)
 .bss           0xb0819b84        0x0 pegasus_crt.a(fork.o)
 .bss           0xb0819b84        0x0 pegasus_crt.a(exit.o)
 .bss           0xb0819b84        0x0 pegasus_crt.a(wait.o)
 .bss           0xb0819b84        0x0 pegasus_crt.a(strcmp.o)
 .bss           0xb0819b84        0x0 pegasus_crt.a(read.o)
 .bss           0xb0819b84        0x0 pegasus_crt.a(perror.o)
 .bss           0xb0819b84        0x0 pegasus_crt.a(open.o)
 .bss           0xb0819b84        0x0 pegasus_crt.a(write.o)
 .bss           0xb0819b84        0x0 pegasus_crt.a(close.o)
 .bss           0xb0819b84        0x0 pegasus_crt.a(inet_pton.o)
 .bss           0xb0819b84        0x0 pegasus_crt.a(ntohl.o)
 .bss           0xb0819b84      0x800 pegasus_crt.a(kernel.o)
 .bss           0xb081a384        0x0 pegasus_crt.a(double_link_list.o)
 .bss           0xb081a384        0x0 pegasus_crt.a(route.o)
 .bss           0xb081a384        0x4 pegasus_crt.a(ipc.o)
 .bss           0xb081a388        0x0 pegasus_crt.a(netdev.o)
 .bss           0xb081a388        0x0 pegasus_crt.a(utils.o)
 .bss           0xb081a388        0x0 pegasus_crt.a(forkexit.o)
 .bss           0xb081a388        0x0 pegasus_crt.a(exec.o)
 .bss           0xb081a388        0x0 pegasus_crt.a(alloca.o)
 .bss           0xb081a388        0x0 pegasus_crt.a(calloc.o)
 .bss           0xb081a388        0x0 pegasus_crt.a(atoi.o)
 .bss           0xb081a388        0x4 pegasus_crt.a(strtok.o)
 .bss           0xb081a38c        0x0 pegasus_crt.a(strpbrk.o)
 .bss           0xb081a38c        0x0 pegasus_crt.a(sscanf.o)
 .bss           0xb081a38c        0x0 pegasus_crt.a(ntohs.o)
 .bss           0xb081a38c        0x0 pegasus_crt.a(htons.o)
 .bss           0xb081a38c        0x0 pegasus_crt.a(my_process.o)
 .bss           0xb081a38c        0x0 pegasus_crt.a(skbuff.o)
 .bss           0xb081a38c        0x4 pegasus_crt.a(socket.o)
 .bss           0xb081a390        0x0 pegasus_crt.a(ip_input.o)
 .bss           0xb081a390        0x0 pegasus_crt.a(icmpv4.o)
 .bss           0xb081a390        0x0 pegasus_crt.a(tcp_sock.o)
 .bss           0xb081a390        0x0 pegasus_crt.a(inet.o)
 .bss           0xb081a390        0x0 pegasus_crt.a(tcp.o)
 .bss           0xb081a390        0x0 pegasus_crt.a(sock.o)
 .bss           0xb081a390        0x0 pegasus_crt.a(tcp_output.o)
 .bss           0xb081a390        0x0 pegasus_crt.a(arp.o)
 .bss           0xb081a390        0x0 pegasus_crt.a(ip_output.o)
 .bss           0xb081a390        0x0 pegasus_crt.a(dst.o)
 .bss           0xb081a390        0x0 pegasus_crt.a(tcp_input.o)
 .bss           0xb081a390        0x0 pegasus_crt.a(udp.o)
 .bss           0xb081a390        0x0 pegasus_crt.a(tcp_data.o)
 .bss           0xb081a390        0x0 pegasus_crt.a(strtol.o)
 .bss           0xb081a390        0x0 pegasus_crt.a(htonl.o)
 .bss           0xb081a390        0x0 pegasus_crt.a(thread.o)
 .bss           0xb081a390        0x4 pegasus_crt.a(udp_sock.o)
 *(COMMON)
 *fill*         0xb081a394        0xc 
 COMMON         0xb081a3a0     0x17dc pegasus_crt.a(kernel_main_old.o)
                0xb081a3a0                current_tty
                0xb081a3a4                is_e0
                0xb081a3a8                idt_ptr
                0xb081a3b0                pid
                0xb081a3b4                KernelVirtualMemory
                0xb081a3c0                loop
                0xb081a3c4                current_dis_pos
                0xb081a3c8                dis_pos
                0xb081a3cc                netdev
                0xb081a3d0                k_reenter
                0xb081a3e0                gdt
                0xb081a7e0                proc_ready_table
                0xb081a7e4                test_ticks
                0xb081a7e8                pcaller
                0xb081a800                keyboard_buffer
                0xb081aa0c                pcb_list
                0xb081aa1c                gdt_index
                0xb081aa20                tty_table
                0xb081b260                tss
                0xb081b2cc                KernelPool
                0xb081b2dc                net_buf
                0xb081b2e0                nic_current_page
                0xb081b2e4                counter
                0xb081b2e8                key_pressed
                0xb081b2ec                fork_pid
                0xb081b2f0                is_shift
                0xb081b2f1                net_data
                0xb081b2f4                tcp_connecting_or_listening_socks
                0xb081b2f8                routes
                0xb081b2fc                gdt_ptr
                0xb081b320                idt
                0xb081bb20                main_thread
                0xb081bb28                ticks
                0xb081bb30                is_init
                0xb081bb34                UserPool
                0xb081bb44                tcp_establised_or_syn_recvd_socks
                0xb081bb48                all_pcb_list
                0xb081bb58                console_table
                0xb081bb68                is_disp
                0xb081bb6c                MAIN_THREAD_PAGE_DIRECTORY
                0xb081bb70                helloStr
 *fill*         0xb081bb7c        0x4 
 COMMON         0xb081bb80    0xa1d40 pegasus_crt.a(global.o)
                0xb081bb80                proc_stack
                0xb08bbb80                proc_table
 COMMON         0xb08bd8c0      0x440 pegasus_crt.a(hd.o)
                0xb08bd8c0                hd_info
                0xb08bdb00                hd_cache
 COMMON         0xb08bdd00      0xe68 pegasus_crt.a(fs_main.o)
                0xb08bdd00                file_desc_table
                0xb08be100                phy_super_block_buf
                0xb08be104                phy_fsbuf
                0xb08be120                inode_table
                0xb08beb20                super_block_buf
                0xb08beb24                fsbuf
                0xb08beb40                root
 *fill*         0xb08beb68       0x18 
 COMMON         0xb08beb80       0xa8 pegasus_crt.a(mem.o)
                0xb08beb80                kernel_mem_block_decs_array
                0xb08bec28                        . = ALIGN ((. != 0x0)?0x4:0x1)
                0xb08bec28                        . = ALIGN (0x4)
                0xb08bec28                        . = SEGMENT_START ("ldata-segment", .)
                0xb08bec28                        . = ALIGN (0x4)
                0xb08bec28                        _end = .
                [!provide]                        PROVIDE (end = .)
                0xb08bec28                        . = DATA_SEGMENT_END (.)

.stab
 *(.stab)

.stabstr
 *(.stabstr)

.stab.excl
 *(.stab.excl)

.stab.exclstr
 *(.stab.exclstr)

.stab.index
 *(.stab.index)

.stab.indexstr
 *(.stab.indexstr)

.comment        0x00000000       0x2c
 *(.comment)
 .comment       0x00000000       0x2c test.o
                                 0x2d (size before relaxing)
 .comment       0x0000002c       0x2d pegasus_crt.a(kernel_main_old.o)
 .comment       0x0000002c       0x2d pegasus_crt.a(protect.o)
 .comment       0x0000002c       0x2d pegasus_crt.a(console.o)
 .comment       0x0000002c       0x2d pegasus_crt.a(global.o)
 .comment       0x0000002c       0x2d pegasus_crt.a(keyboard.o)
 .comment       0x0000002c       0x2d pegasus_crt.a(process.o)
 .comment       0x0000002c       0x2d pegasus_crt.a(task_network.o)
 .comment       0x0000002c       0x2d pegasus_crt.a(hd.o)
 .comment       0x0000002c       0x2d pegasus_crt.a(fs_main.o)
 .comment       0x0000002c       0x2d pegasus_crt.a(main.o)
 .comment       0x0000002c       0x2d pegasus_crt.a(mem.o)
 .comment       0x0000002c       0x2d pegasus_crt.a(exec.o)
 .comment       0x0000002c       0x2d pegasus_crt.a(fork.o)
 .comment       0x0000002c       0x2d pegasus_crt.a(exit.o)
 .comment       0x0000002c       0x2d pegasus_crt.a(wait.o)
 .comment       0x0000002c       0x2d pegasus_crt.a(strcmp.o)
 .comment       0x0000002c       0x2d pegasus_crt.a(read.o)
 .comment       0x0000002c       0x2d pegasus_crt.a(perror.o)
 .comment       0x0000002c       0x2d pegasus_crt.a(open.o)
 .comment       0x0000002c       0x2d pegasus_crt.a(write.o)
 .comment       0x0000002c       0x2d pegasus_crt.a(close.o)
 .comment       0x0000002c       0x2d pegasus_crt.a(inet_pton.o)
 .comment       0x0000002c       0x2d pegasus_crt.a(ntohl.o)
 .comment       0x0000002c       0x2d pegasus_crt.a(double_link_list.o)
 .comment       0x0000002c       0x2d pegasus_crt.a(route.o)
 .comment       0x0000002c       0x2d pegasus_crt.a(ipc.o)
 .comment       0x0000002c       0x2d pegasus_crt.a(netdev.o)
 .comment       0x0000002c       0x2d pegasus_crt.a(utils.o)
 .comment       0x0000002c       0x2d pegasus_crt.a(forkexit.o)
 .comment       0x0000002c       0x2d pegasus_crt.a(exec.o)
 .comment       0x0000002c       0x2d pegasus_crt.a(alloca.o)
 .comment       0x0000002c       0x2d pegasus_crt.a(calloc.o)
 .comment       0x0000002c       0x2d pegasus_crt.a(atoi.o)
 .comment       0x0000002c       0x2d pegasus_crt.a(strtok.o)
 .comment       0x0000002c       0x2d pegasus_crt.a(strpbrk.o)
 .comment       0x0000002c       0x2d pegasus_crt.a(sscanf.o)
 .comment       0x0000002c       0x2d pegasus_crt.a(ntohs.o)
 .comment       0x0000002c       0x2d pegasus_crt.a(htons.o)
 .comment       0x0000002c       0x2d pegasus_crt.a(my_process.o)
 .comment       0x0000002c       0x2d pegasus_crt.a(skbuff.o)
 .comment       0x0000002c       0x2d pegasus_crt.a(socket.o)
 .comment       0x0000002c       0x2d pegasus_crt.a(ip_input.o)
 .comment       0x0000002c       0x2d pegasus_crt.a(icmpv4.o)
 .comment       0x0000002c       0x2d pegasus_crt.a(tcp_sock.o)
 .comment       0x0000002c       0x2d pegasus_crt.a(inet.o)
 .comment       0x0000002c       0x2d pegasus_crt.a(tcp.o)
 .comment       0x0000002c       0x2d pegasus_crt.a(sock.o)
 .comment       0x0000002c       0x2d pegasus_crt.a(tcp_output.o)
 .comment       0x0000002c       0x2d pegasus_crt.a(arp.o)
 .comment       0x0000002c       0x2d pegasus_crt.a(ip_output.o)
 .comment       0x0000002c       0x2d pegasus_crt.a(dst.o)
 .comment       0x0000002c       0x2d pegasus_crt.a(tcp_input.o)
 .comment       0x0000002c       0x2d pegasus_crt.a(udp.o)
 .comment       0x0000002c       0x2d pegasus_crt.a(tcp_data.o)
 .comment       0x0000002c       0x2d pegasus_crt.a(strtol.o)
 .comment       0x0000002c       0x2d pegasus_crt.a(htonl.o)
 .comment       0x0000002c       0x2d pegasus_crt.a(thread.o)
 .comment       0x0000002c       0x2d pegasus_crt.a(udp_sock.o)

.gnu.build.attributes
 *(.gnu.build.attributes .gnu.build.attributes.*)

.debug
 *(.debug)

.line
 *(.line)

.debug_srcinfo
 *(.debug_srcinfo)

.debug_sfnames
 *(.debug_sfnames)

.debug_aranges  0x00000000      0x738
 *(.debug_aranges)
 .debug_aranges
                0x00000000       0x20 pegasus_crt.a(kernel_main_old.o)
 .debug_aranges
                0x00000020       0x20 pegasus_crt.a(protect.o)
 .debug_aranges
                0x00000040       0x20 pegasus_crt.a(console.o)
 .debug_aranges
                0x00000060       0x18 pegasus_crt.a(global.o)
 .debug_aranges
                0x00000078       0x20 pegasus_crt.a(keyboard.o)
 .debug_aranges
                0x00000098       0x20 pegasus_crt.a(process.o)
 .debug_aranges
                0x000000b8       0x20 pegasus_crt.a(task_network.o)
 .debug_aranges
                0x000000d8       0x20 pegasus_crt.a(hd.o)
 .debug_aranges
                0x000000f8       0x20 pegasus_crt.a(fs_main.o)
 .debug_aranges
                0x00000118       0x20 pegasus_crt.a(main.o)
 .debug_aranges
                0x00000138       0x20 pegasus_crt.a(mem.o)
 .debug_aranges
                0x00000158       0x20 pegasus_crt.a(exec.o)
 .debug_aranges
                0x00000178       0x20 pegasus_crt.a(fork.o)
 .debug_aranges
                0x00000198       0x20 pegasus_crt.a(exit.o)
 .debug_aranges
                0x000001b8       0x20 pegasus_crt.a(wait.o)
 .debug_aranges
                0x000001d8       0x20 pegasus_crt.a(strcmp.o)
 .debug_aranges
                0x000001f8       0x20 pegasus_crt.a(read.o)
 .debug_aranges
                0x00000218       0x20 pegasus_crt.a(perror.o)
 .debug_aranges
                0x00000238       0x20 pegasus_crt.a(open.o)
 .debug_aranges
                0x00000258       0x20 pegasus_crt.a(write.o)
 .debug_aranges
                0x00000278       0x20 pegasus_crt.a(close.o)
 .debug_aranges
                0x00000298       0x20 pegasus_crt.a(inet_pton.o)
 .debug_aranges
                0x000002b8       0x20 pegasus_crt.a(ntohl.o)
 .debug_aranges
                0x000002d8       0x20 pegasus_crt.a(double_link_list.o)
 .debug_aranges
                0x000002f8       0x20 pegasus_crt.a(route.o)
 .debug_aranges
                0x00000318       0x20 pegasus_crt.a(ipc.o)
 .debug_aranges
                0x00000338       0x20 pegasus_crt.a(netdev.o)
 .debug_aranges
                0x00000358       0x20 pegasus_crt.a(utils.o)
 .debug_aranges
                0x00000378       0x20 pegasus_crt.a(forkexit.o)
 .debug_aranges
                0x00000398       0x20 pegasus_crt.a(exec.o)
 .debug_aranges
                0x000003b8       0x20 pegasus_crt.a(alloca.o)
 .debug_aranges
                0x000003d8       0x20 pegasus_crt.a(calloc.o)
 .debug_aranges
                0x000003f8       0x20 pegasus_crt.a(atoi.o)
 .debug_aranges
                0x00000418       0x20 pegasus_crt.a(strtok.o)
 .debug_aranges
                0x00000438       0x20 pegasus_crt.a(strpbrk.o)
 .debug_aranges
                0x00000458       0x20 pegasus_crt.a(sscanf.o)
 .debug_aranges
                0x00000478       0x20 pegasus_crt.a(ntohs.o)
 .debug_aranges
                0x00000498       0x20 pegasus_crt.a(htons.o)
 .debug_aranges
                0x000004b8       0x20 pegasus_crt.a(my_process.o)
 .debug_aranges
                0x000004d8       0x20 pegasus_crt.a(skbuff.o)
 .debug_aranges
                0x000004f8       0x20 pegasus_crt.a(socket.o)
 .debug_aranges
                0x00000518       0x20 pegasus_crt.a(ip_input.o)
 .debug_aranges
                0x00000538       0x20 pegasus_crt.a(icmpv4.o)
 .debug_aranges
                0x00000558       0x20 pegasus_crt.a(tcp_sock.o)
 .debug_aranges
                0x00000578       0x20 pegasus_crt.a(inet.o)
 .debug_aranges
                0x00000598       0x20 pegasus_crt.a(tcp.o)
 .debug_aranges
                0x000005b8       0x20 pegasus_crt.a(sock.o)
 .debug_aranges
                0x000005d8       0x20 pegasus_crt.a(tcp_output.o)
 .debug_aranges
                0x000005f8       0x20 pegasus_crt.a(arp.o)
 .debug_aranges
                0x00000618       0x20 pegasus_crt.a(ip_output.o)
 .debug_aranges
                0x00000638       0x20 pegasus_crt.a(dst.o)
 .debug_aranges
                0x00000658       0x20 pegasus_crt.a(tcp_input.o)
 .debug_aranges
                0x00000678       0x20 pegasus_crt.a(udp.o)
 .debug_aranges
                0x00000698       0x20 pegasus_crt.a(tcp_data.o)
 .debug_aranges
                0x000006b8       0x20 pegasus_crt.a(strtol.o)
 .debug_aranges
                0x000006d8       0x20 pegasus_crt.a(htonl.o)
 .debug_aranges
                0x000006f8       0x20 pegasus_crt.a(thread.o)
 .debug_aranges
                0x00000718       0x20 pegasus_crt.a(udp_sock.o)

.debug_pubnames
 *(.debug_pubnames)

.debug_info     0x00000000    0x3e4ce
 *(.debug_info .gnu.linkonce.wi.*)
 .debug_info    0x00000000     0x28ee pegasus_crt.a(kernel_main_old.o)
 .debug_info    0x000028ee     0x1248 pegasus_crt.a(protect.o)
 .debug_info    0x00003b36     0x131d pegasus_crt.a(console.o)
 .debug_info    0x00004e53      0xf1d pegasus_crt.a(global.o)
 .debug_info    0x00005d70     0x1071 pegasus_crt.a(keyboard.o)
 .debug_info    0x00006de1      0xff5 pegasus_crt.a(process.o)
 .debug_info    0x00007dd6     0x115e pegasus_crt.a(task_network.o)
 .debug_info    0x00008f34     0x188c pegasus_crt.a(hd.o)
 .debug_info    0x0000a7c0     0x1fce pegasus_crt.a(fs_main.o)
 .debug_info    0x0000c78e      0xe5f pegasus_crt.a(main.o)
 .debug_info    0x0000d5ed     0x1df1 pegasus_crt.a(mem.o)
 .debug_info    0x0000f3de      0xfd3 pegasus_crt.a(exec.o)
 .debug_info    0x000103b1      0xe3b pegasus_crt.a(fork.o)
 .debug_info    0x000111ec      0xe46 pegasus_crt.a(exit.o)
 .debug_info    0x00012032      0xe54 pegasus_crt.a(wait.o)
 .debug_info    0x00012e86       0xc1 pegasus_crt.a(strcmp.o)
 .debug_info    0x00012f47      0xea1 pegasus_crt.a(read.o)
 .debug_info    0x00013de8       0x5c pegasus_crt.a(perror.o)
 .debug_info    0x00013e44      0xe02 pegasus_crt.a(open.o)
 .debug_info    0x00014c46      0xe9e pegasus_crt.a(write.o)
 .debug_info    0x00015ae4      0xdb6 pegasus_crt.a(close.o)
 .debug_info    0x0001689a      0x260 pegasus_crt.a(inet_pton.o)
 .debug_info    0x00016afa       0xcb pegasus_crt.a(ntohl.o)
 .debug_info    0x00016bc5     0x10d5 pegasus_crt.a(double_link_list.o)
 .debug_info    0x00017c9a     0x13b4 pegasus_crt.a(route.o)
 .debug_info    0x0001904e     0x1de9 pegasus_crt.a(ipc.o)
 .debug_info    0x0001ae37     0x1976 pegasus_crt.a(netdev.o)
 .debug_info    0x0001c7ad      0x367 pegasus_crt.a(utils.o)
 .debug_info    0x0001cb14     0x1031 pegasus_crt.a(forkexit.o)
 .debug_info    0x0001db45     0x126d pegasus_crt.a(exec.o)
 .debug_info    0x0001edb2       0xb6 pegasus_crt.a(alloca.o)
 .debug_info    0x0001ee68      0xf4c pegasus_crt.a(calloc.o)
 .debug_info    0x0001fdb4       0xc9 pegasus_crt.a(atoi.o)
 .debug_info    0x0001fe7d       0xae pegasus_crt.a(strtok.o)
 .debug_info    0x0001ff2b       0xcf pegasus_crt.a(strpbrk.o)
 .debug_info    0x0001fffa      0x202 pegasus_crt.a(sscanf.o)
 .debug_info    0x000201fc       0xa8 pegasus_crt.a(ntohs.o)
 .debug_info    0x000202a4       0xa8 pegasus_crt.a(htons.o)
 .debug_info    0x0002034c     0x1530 pegasus_crt.a(my_process.o)
 .debug_info    0x0002187c     0x11f0 pegasus_crt.a(skbuff.o)
 .debug_info    0x00022a6c     0x1c59 pegasus_crt.a(socket.o)
 .debug_info    0x000246c5     0x1b05 pegasus_crt.a(ip_input.o)
 .debug_info    0x000261ca     0x1963 pegasus_crt.a(icmpv4.o)
 .debug_info    0x00027b2d     0x2387 pegasus_crt.a(tcp_sock.o)
 .debug_info    0x00029eb4     0x1abe pegasus_crt.a(inet.o)
 .debug_info    0x0002b972     0x1e68 pegasus_crt.a(tcp.o)
 .debug_info    0x0002d7da     0x18ba pegasus_crt.a(sock.o)
 .debug_info    0x0002f094     0x2383 pegasus_crt.a(tcp_output.o)
 .debug_info    0x00031417     0x19da pegasus_crt.a(arp.o)
 .debug_info    0x00032df1     0x179f pegasus_crt.a(ip_output.o)
 .debug_info    0x00034590     0x12c6 pegasus_crt.a(dst.o)
 .debug_info    0x00035856     0x216b pegasus_crt.a(tcp_input.o)
 .debug_info    0x000379c1     0x1b68 pegasus_crt.a(udp.o)
 .debug_info    0x00039529     0x1dd1 pegasus_crt.a(tcp_data.o)
 .debug_info    0x0003b2fa       0xd6 pegasus_crt.a(strtol.o)
 .debug_info    0x0003b3d0       0xcb pegasus_crt.a(htonl.o)
 .debug_info    0x0003b49b     0x10fc pegasus_crt.a(thread.o)
 .debug_info    0x0003c597     0x1f37 pegasus_crt.a(udp_sock.o)

.debug_abbrev   0x00000000     0x750b
 *(.debug_abbrev)
 .debug_abbrev  0x00000000      0x43a pegasus_crt.a(kernel_main_old.o)
 .debug_abbrev  0x0000043a      0x227 pegasus_crt.a(protect.o)
 .debug_abbrev  0x00000661      0x2ac pegasus_crt.a(console.o)
 .debug_abbrev  0x0000090d      0x157 pegasus_crt.a(global.o)
 .debug_abbrev  0x00000a64      0x1fb pegasus_crt.a(keyboard.o)
 .debug_abbrev  0x00000c5f      0x1e0 pegasus_crt.a(process.o)
 .debug_abbrev  0x00000e3f      0x1cf pegasus_crt.a(task_network.o)
 .debug_abbrev  0x0000100e      0x2e3 pegasus_crt.a(hd.o)
 .debug_abbrev  0x000012f1      0x2f8 pegasus_crt.a(fs_main.o)
 .debug_abbrev  0x000015e9      0x208 pegasus_crt.a(main.o)
 .debug_abbrev  0x000017f1      0x330 pegasus_crt.a(mem.o)
 .debug_abbrev  0x00001b21      0x1e8 pegasus_crt.a(exec.o)
 .debug_abbrev  0x00001d09      0x18a pegasus_crt.a(fork.o)
 .debug_abbrev  0x00001e93      0x19b pegasus_crt.a(exit.o)
 .debug_abbrev  0x0000202e      0x19f pegasus_crt.a(wait.o)
 .debug_abbrev  0x000021cd       0x94 pegasus_crt.a(strcmp.o)
 .debug_abbrev  0x00002261      0x1ef pegasus_crt.a(read.o)
 .debug_abbrev  0x00002450       0x5c pegasus_crt.a(perror.o)
 .debug_abbrev  0x000024ac      0x1c5 pegasus_crt.a(open.o)
 .debug_abbrev  0x00002671      0x1db pegasus_crt.a(write.o)
 .debug_abbrev  0x0000284c      0x19d pegasus_crt.a(close.o)
 .debug_abbrev  0x000029e9      0x116 pegasus_crt.a(inet_pton.o)
 .debug_abbrev  0x00002aff       0xa5 pegasus_crt.a(ntohl.o)
 .debug_abbrev  0x00002ba4      0x216 pegasus_crt.a(double_link_list.o)
 .debug_abbrev  0x00002dba      0x263 pegasus_crt.a(route.o)
 .debug_abbrev  0x0000301d      0x311 pegasus_crt.a(ipc.o)
 .debug_abbrev  0x0000332e      0x325 pegasus_crt.a(netdev.o)
 .debug_abbrev  0x00003653      0x17a pegasus_crt.a(utils.o)
 .debug_abbrev  0x000037cd      0x204 pegasus_crt.a(forkexit.o)
 .debug_abbrev  0x000039d1      0x1c4 pegasus_crt.a(exec.o)
 .debug_abbrev  0x00003b95       0xcd pegasus_crt.a(alloca.o)
 .debug_abbrev  0x00003c62      0x191 pegasus_crt.a(calloc.o)
 .debug_abbrev  0x00003df3       0x94 pegasus_crt.a(atoi.o)
 .debug_abbrev  0x00003e87       0x91 pegasus_crt.a(strtok.o)
 .debug_abbrev  0x00003f18       0xa5 pegasus_crt.a(strpbrk.o)
 .debug_abbrev  0x00003fbd       0xca pegasus_crt.a(sscanf.o)
 .debug_abbrev  0x00004087       0x6c pegasus_crt.a(ntohs.o)
 .debug_abbrev  0x000040f3       0x6c pegasus_crt.a(htons.o)
 .debug_abbrev  0x0000415f      0x260 pegasus_crt.a(my_process.o)
 .debug_abbrev  0x000043bf      0x23f pegasus_crt.a(skbuff.o)
 .debug_abbrev  0x000045fe      0x327 pegasus_crt.a(socket.o)
 .debug_abbrev  0x00004925      0x2d1 pegasus_crt.a(ip_input.o)
 .debug_abbrev  0x00004bf6      0x236 pegasus_crt.a(icmpv4.o)
 .debug_abbrev  0x00004e2c      0x3e6 pegasus_crt.a(tcp_sock.o)
 .debug_abbrev  0x00005212      0x24b pegasus_crt.a(inet.o)
 .debug_abbrev  0x0000545d      0x332 pegasus_crt.a(tcp.o)
 .debug_abbrev  0x0000578f      0x273 pegasus_crt.a(sock.o)
 .debug_abbrev  0x00005a02      0x39b pegasus_crt.a(tcp_output.o)
 .debug_abbrev  0x00005d9d      0x345 pegasus_crt.a(arp.o)
 .debug_abbrev  0x000060e2      0x213 pegasus_crt.a(ip_output.o)
 .debug_abbrev  0x000062f5      0x245 pegasus_crt.a(dst.o)
 .debug_abbrev  0x0000653a      0x355 pegasus_crt.a(tcp_input.o)
 .debug_abbrev  0x0000688f      0x2d3 pegasus_crt.a(udp.o)
 .debug_abbrev  0x00006b62      0x2a6 pegasus_crt.a(tcp_data.o)
 .debug_abbrev  0x00006e08       0x8b pegasus_crt.a(strtol.o)
 .debug_abbrev  0x00006e93       0xa5 pegasus_crt.a(htonl.o)
 .debug_abbrev  0x00006f38      0x222 pegasus_crt.a(thread.o)
 .debug_abbrev  0x0000715a      0x3b1 pegasus_crt.a(udp_sock.o)

.debug_line     0x00000000     0x9dbe
 *(.debug_line .debug_line.* .debug_line_end)
 .debug_line    0x00000000      0xe38 pegasus_crt.a(kernel_main_old.o)
 .debug_line    0x00000e38      0x21d pegasus_crt.a(protect.o)
 .debug_line    0x00001055      0x56c pegasus_crt.a(console.o)
 .debug_line    0x000015c1       0xb3 pegasus_crt.a(global.o)
 .debug_line    0x00001674      0x2b4 pegasus_crt.a(keyboard.o)
 .debug_line    0x00001928      0x1dc pegasus_crt.a(process.o)
 .debug_line    0x00001b04      0x22d pegasus_crt.a(task_network.o)
 .debug_line    0x00001d31      0x64d pegasus_crt.a(hd.o)
 .debug_line    0x0000237e      0xc43 pegasus_crt.a(fs_main.o)
 .debug_line    0x00002fc1      0x10a pegasus_crt.a(main.o)
 .debug_line    0x000030cb      0x78e pegasus_crt.a(mem.o)
 .debug_line    0x00003859      0x1a9 pegasus_crt.a(exec.o)
 .debug_line    0x00003a02       0xc3 pegasus_crt.a(fork.o)
 .debug_line    0x00003ac5       0xbe pegasus_crt.a(exit.o)
 .debug_line    0x00003b83       0xd5 pegasus_crt.a(wait.o)
 .debug_line    0x00003c58       0x9c pegasus_crt.a(strcmp.o)
 .debug_line    0x00003cf4      0x15b pegasus_crt.a(read.o)
 .debug_line    0x00003e4f       0x48 pegasus_crt.a(perror.o)
 .debug_line    0x00003e97       0xc3 pegasus_crt.a(open.o)
 .debug_line    0x00003f5a       0xe0 pegasus_crt.a(write.o)
 .debug_line    0x0000403a       0xb3 pegasus_crt.a(close.o)
 .debug_line    0x000040ed      0x167 pegasus_crt.a(inet_pton.o)
 .debug_line    0x00004254       0xc1 pegasus_crt.a(ntohl.o)
 .debug_line    0x00004315      0x235 pegasus_crt.a(double_link_list.o)
 .debug_line    0x0000454a      0x2a9 pegasus_crt.a(route.o)
 .debug_line    0x000047f3      0x61f pegasus_crt.a(ipc.o)
 .debug_line    0x00004e12      0x4b3 pegasus_crt.a(netdev.o)
 .debug_line    0x000052c5      0x13c pegasus_crt.a(utils.o)
 .debug_line    0x00005401      0x192 pegasus_crt.a(forkexit.o)
 .debug_line    0x00005593      0x22a pegasus_crt.a(exec.o)
 .debug_line    0x000057bd       0x5f pegasus_crt.a(alloca.o)
 .debug_line    0x0000581c       0xf9 pegasus_crt.a(calloc.o)
 .debug_line    0x00005915       0xad pegasus_crt.a(atoi.o)
 .debug_line    0x000059c2       0x6e pegasus_crt.a(strtok.o)
 .debug_line    0x00005a30       0xb0 pegasus_crt.a(strpbrk.o)
 .debug_line    0x00005ae0      0x220 pegasus_crt.a(sscanf.o)
 .debug_line    0x00005d00       0x6c pegasus_crt.a(ntohs.o)
 .debug_line    0x00005d6c       0x6c pegasus_crt.a(htons.o)
 .debug_line    0x00005dd8      0x359 pegasus_crt.a(my_process.o)
 .debug_line    0x00006131      0x1ab pegasus_crt.a(skbuff.o)
 .debug_line    0x000062dc      0x3c8 pegasus_crt.a(socket.o)
 .debug_line    0x000066a4      0x28d pegasus_crt.a(ip_input.o)
 .debug_line    0x00006931      0x232 pegasus_crt.a(icmpv4.o)
 .debug_line    0x00006b63      0x608 pegasus_crt.a(tcp_sock.o)
 .debug_line    0x0000716b      0x326 pegasus_crt.a(inet.o)
 .debug_line    0x00007491      0x310 pegasus_crt.a(tcp.o)
 .debug_line    0x000077a1      0x238 pegasus_crt.a(sock.o)
 .debug_line    0x000079d9      0x5a1 pegasus_crt.a(tcp_output.o)
 .debug_line    0x00007f7a      0x572 pegasus_crt.a(arp.o)
 .debug_line    0x000084ec      0x20b pegasus_crt.a(ip_output.o)
 .debug_line    0x000086f7      0x1ab pegasus_crt.a(dst.o)
 .debug_line    0x000088a2      0x674 pegasus_crt.a(tcp_input.o)
 .debug_line    0x00008f16      0x302 pegasus_crt.a(udp.o)
 .debug_line    0x00009218      0x3ff pegasus_crt.a(tcp_data.o)
 .debug_line    0x00009617       0xbb pegasus_crt.a(strtol.o)
 .debug_line    0x000096d2       0xc1 pegasus_crt.a(htonl.o)
 .debug_line    0x00009793      0x163 pegasus_crt.a(thread.o)
 .debug_line    0x000098f6      0x4c8 pegasus_crt.a(udp_sock.o)

.debug_frame
 *(.debug_frame)

.debug_str      0x00000000     0x370a
 *(.debug_str)
 .debug_str     0x00000000     0x370a pegasus_crt.a(kernel_main_old.o)
                                0xbe7 (size before relaxing)
 .debug_str     0x0000370a      0x7c7 pegasus_crt.a(protect.o)
 .debug_str     0x0000370a      0x7bb pegasus_crt.a(console.o)
 .debug_str     0x0000370a      0x66c pegasus_crt.a(global.o)
 .debug_str     0x0000370a      0x6f8 pegasus_crt.a(keyboard.o)
 .debug_str     0x0000370a      0x6a6 pegasus_crt.a(process.o)
 .debug_str     0x0000370a      0x71b pegasus_crt.a(task_network.o)
 .debug_str     0x0000370a      0x975 pegasus_crt.a(hd.o)
 .debug_str     0x0000370a      0xb56 pegasus_crt.a(fs_main.o)
 .debug_str     0x0000370a      0x5f4 pegasus_crt.a(main.o)
 .debug_str     0x0000370a      0xb1a pegasus_crt.a(mem.o)
 .debug_str     0x0000370a      0x688 pegasus_crt.a(exec.o)
 .debug_str     0x0000370a      0x5fa pegasus_crt.a(fork.o)
 .debug_str     0x0000370a      0x601 pegasus_crt.a(exit.o)
 .debug_str     0x0000370a      0x601 pegasus_crt.a(wait.o)
 .debug_str     0x0000370a       0xb1 pegasus_crt.a(strcmp.o)
 .debug_str     0x0000370a      0x617 pegasus_crt.a(read.o)
 .debug_str     0x0000370a       0x99 pegasus_crt.a(perror.o)
 .debug_str     0x0000370a      0x5de pegasus_crt.a(open.o)
 .debug_str     0x0000370a      0x5f3 pegasus_crt.a(write.o)
 .debug_str     0x0000370a      0x5a6 pegasus_crt.a(close.o)
 .debug_str     0x0000370a      0x14c pegasus_crt.a(inet_pton.o)
 .debug_str     0x0000370a       0xf3 pegasus_crt.a(ntohl.o)
 .debug_str     0x0000370a      0x73e pegasus_crt.a(double_link_list.o)
 .debug_str     0x0000370a      0x812 pegasus_crt.a(route.o)
 .debug_str     0x0000370a      0x9ba pegasus_crt.a(ipc.o)
 .debug_str     0x0000370a      0x973 pegasus_crt.a(netdev.o)
 .debug_str     0x0000370a      0x1b8 pegasus_crt.a(utils.o)
 .debug_str     0x0000370a      0x673 pegasus_crt.a(forkexit.o)
 .debug_str     0x0000370a      0x8c9 pegasus_crt.a(exec.o)
 .debug_str     0x0000370a       0xce pegasus_crt.a(alloca.o)
 .debug_str     0x0000370a      0x68d pegasus_crt.a(calloc.o)
 .debug_str     0x0000370a       0xad pegasus_crt.a(atoi.o)
 .debug_str     0x0000370a       0xb9 pegasus_crt.a(strtok.o)
 .debug_str     0x0000370a       0xc1 pegasus_crt.a(strpbrk.o)
 .debug_str     0x0000370a      0x109 pegasus_crt.a(sscanf.o)
 .debug_str     0x0000370a      0x101 pegasus_crt.a(ntohs.o)
 .debug_str     0x0000370a      0x102 pegasus_crt.a(htons.o)
 .debug_str     0x0000370a      0x95a pegasus_crt.a(my_process.o)
 .debug_str     0x0000370a      0x75e pegasus_crt.a(skbuff.o)
 .debug_str     0x0000370a      0x98a pegasus_crt.a(socket.o)
 .debug_str     0x0000370a      0x9e6 pegasus_crt.a(ip_input.o)
 .debug_str     0x0000370a      0x965 pegasus_crt.a(icmpv4.o)
 .debug_str     0x0000370a      0xd4d pegasus_crt.a(tcp_sock.o)
 .debug_str     0x0000370a      0x949 pegasus_crt.a(inet.o)
 .debug_str     0x0000370a      0xb78 pegasus_crt.a(tcp.o)
 .debug_str     0x0000370a      0x901 pegasus_crt.a(sock.o)
 .debug_str     0x0000370a      0xc68 pegasus_crt.a(tcp_output.o)
 .debug_str     0x0000370a      0x971 pegasus_crt.a(arp.o)
 .debug_str     0x0000370a      0x8a1 pegasus_crt.a(ip_output.o)
 .debug_str     0x0000370a      0x779 pegasus_crt.a(dst.o)
 .debug_str     0x0000370a      0xbd8 pegasus_crt.a(tcp_input.o)
 .debug_str     0x0000370a      0x998 pegasus_crt.a(udp.o)
 .debug_str     0x0000370a      0xa94 pegasus_crt.a(tcp_data.o)
 .debug_str     0x0000370a       0xc6 pegasus_crt.a(strtol.o)
 .debug_str     0x0000370a       0xf4 pegasus_crt.a(htonl.o)
 .debug_str     0x0000370a      0x773 pegasus_crt.a(thread.o)
 .debug_str     0x0000370a      0xabc pegasus_crt.a(udp_sock.o)

.debug_loc
 *(.debug_loc)

.debug_macinfo
 *(.debug_macinfo)

.debug_weaknames
 *(.debug_weaknames)

.debug_funcnames
 *(.debug_funcnames)

.debug_typenames
 *(.debug_typenames)

.debug_varnames
 *(.debug_varnames)

.debug_pubtypes
 *(.debug_pubtypes)

.debug_ranges   0x00000000       0x90
 *(.debug_ranges)
 .debug_ranges  0x00000000       0x30 pegasus_crt.a(kernel_main_old.o)
 .debug_ranges  0x00000030       0x48 pegasus_crt.a(hd.o)
 .debug_ranges  0x00000078       0x18 pegasus_crt.a(exec.o)

.debug_addr
 *(.debug_addr)

.debug_line_str
 *(.debug_line_str)

.debug_loclists
 *(.debug_loclists)

.debug_macro
 *(.debug_macro)

.debug_names
 *(.debug_names)

.debug_rnglists
 *(.debug_rnglists)

.debug_str_offsets
 *(.debug_str_offsets)

.debug_sup
 *(.debug_sup)

.gnu.attributes
 *(.gnu.attributes)

/DISCARD/
 *(.note.GNU-stack)
 *(.gnu_debuglink)
 *(.gnu.lto_*)
OUTPUT(test elf32-i386)
