Archive member included to satisfy reference by file (symbol)

../lib/pegasus_crt.a(exit.o)  start.o (exit)
../lib/pegasus_crt.a(kernel_main_old.o)
                              test.o (Printf)
../lib/pegasus_crt.a(double_link_list.o)
                              ../lib/pegasus_crt.a(kernel_main_old.o) (appendToDoubleLinkList)
../lib/pegasus_crt.a(kernel.o)
                              ../lib/pegasus_crt.a(kernel_main_old.o) (disp_str)
../lib/pegasus_crt.a(string.o)
                              ../lib/pegasus_crt.a(kernel_main_old.o) (Memcpy2)
../lib/pegasus_crt.a(hd.o)    ../lib/pegasus_crt.a(kernel.o) (hd_handler)
../lib/pegasus_crt.a(syscall.o)
                              ../lib/pegasus_crt.a(kernel_main_old.o) (write_debug)
../lib/pegasus_crt.a(global.o)
                              ../lib/pegasus_crt.a(kernel.o) (sys_call_table)
../lib/pegasus_crt.a(hd_rdwt.o)
                              ../lib/pegasus_crt.a(hd.o) (read_port)
../lib/pegasus_crt.a(process.o)
                              ../lib/pegasus_crt.a(kernel_main_old.o) (schedule_process)
../lib/pegasus_crt.a(protect.o)
                              ../lib/pegasus_crt.a(kernel_main_old.o) (InitInterruptDesc)
../lib/pegasus_crt.a(console.o)
                              ../lib/pegasus_crt.a(kernel_main_old.o) (out_char)
../lib/pegasus_crt.a(keyboard.o)
                              ../lib/pegasus_crt.a(kernel.o) (keyboard_handler)
../lib/pegasus_crt.a(open.o)  ../lib/pegasus_crt.a(kernel_main_old.o) (open)
../lib/pegasus_crt.a(read.o)  ../lib/pegasus_crt.a(kernel_main_old.o) (read)
../lib/pegasus_crt.a(write.o)
                              ../lib/pegasus_crt.a(kernel_main_old.o) (write)
../lib/pegasus_crt.a(close.o)
                              ../lib/pegasus_crt.a(kernel_main_old.o) (close)
../lib/pegasus_crt.a(wait.o)  ../lib/pegasus_crt.a(kernel_main_old.o) (wait)
../lib/pegasus_crt.a(fork.o)  ../lib/pegasus_crt.a(kernel_main_old.o) (fork)
../lib/pegasus_crt.a(exec.o)  ../lib/pegasus_crt.a(kernel_main_old.o) (execl)
../lib/pegasus_crt.a(main.o)  ../lib/pegasus_crt.a(global.o) (TaskMM)
../lib/pegasus_crt.a(exec.o)  ../lib/pegasus_crt.a(main.o) (do_exec)
../lib/pegasus_crt.a(forkexit.o)
                              ../lib/pegasus_crt.a(main.o) (do_fork)
../lib/pegasus_crt.a(mem.o)   ../lib/pegasus_crt.a(exec.o) (get_virtual_address_start_with_addr)
../lib/pegasus_crt.a(my_process.o)
                              ../lib/pegasus_crt.a(forkexit.o) (fork_process)
../lib/pegasus_crt.a(switch_to.o)
                              ../lib/pegasus_crt.a(process.o) (switch_to)
../lib/pegasus_crt.a(thread.o)
                              ../lib/pegasus_crt.a(my_process.o) (thread_init)
../lib/pegasus_crt.a(ne2000.o)
                              ../lib/pegasus_crt.a(kernel.o) (NICtoPC)
../lib/pegasus_crt.a(fs_main.o)
                              ../lib/pegasus_crt.a(global.o) (task_fs)

Merging program properties

Removed property 0xc0010001 to merge test.o (0x1) and start.o (not found)
Removed property 0xc0010002 to merge test.o (0x0) and start.o (not found)
Removed property 0xc0010001 to merge test.o (not found) and ../lib/pegasus_crt.a(exit.o) (0x1)
Removed property 0xc0010002 to merge test.o (not found) and ../lib/pegasus_crt.a(exit.o) (0x0)
Removed property 0xc0010001 to merge test.o (not found) and ../lib/pegasus_crt.a(kernel_main_old.o) (0x1)
Removed property 0xc0010002 to merge test.o (not found) and ../lib/pegasus_crt.a(kernel_main_old.o) (0x1)
Removed property 0xc0010001 to merge test.o (not found) and ../lib/pegasus_crt.a(double_link_list.o) (0x1)
Removed property 0xc0010002 to merge test.o (not found) and ../lib/pegasus_crt.a(double_link_list.o) (0x0)
Removed property 0xc0010001 to merge test.o (not found) and ../lib/pegasus_crt.a(hd.o) (0x1)
Removed property 0xc0010002 to merge test.o (not found) and ../lib/pegasus_crt.a(hd.o) (0x1)
Removed property 0xc0010001 to merge test.o (not found) and ../lib/pegasus_crt.a(global.o) (0x1)
Removed property 0xc0010002 to merge test.o (not found) and ../lib/pegasus_crt.a(global.o) (0x0)
Removed property 0xc0010001 to merge test.o (not found) and ../lib/pegasus_crt.a(process.o) (0x1)
Removed property 0xc0010002 to merge test.o (not found) and ../lib/pegasus_crt.a(process.o) (0x0)
Removed property 0xc0010001 to merge test.o (not found) and ../lib/pegasus_crt.a(protect.o) (0x1)
Removed property 0xc0010002 to merge test.o (not found) and ../lib/pegasus_crt.a(protect.o) (0x0)
Removed property 0xc0010001 to merge test.o (not found) and ../lib/pegasus_crt.a(console.o) (0x1)
Removed property 0xc0010002 to merge test.o (not found) and ../lib/pegasus_crt.a(console.o) (0x1)
Removed property 0xc0010001 to merge test.o (not found) and ../lib/pegasus_crt.a(keyboard.o) (0x1)
Removed property 0xc0010002 to merge test.o (not found) and ../lib/pegasus_crt.a(keyboard.o) (0x0)
Removed property 0xc0010001 to merge test.o (not found) and ../lib/pegasus_crt.a(open.o) (0x1)
Removed property 0xc0010002 to merge test.o (not found) and ../lib/pegasus_crt.a(open.o) (0x0)
Removed property 0xc0010001 to merge test.o (not found) and ../lib/pegasus_crt.a(read.o) (0x1)
Removed property 0xc0010002 to merge test.o (not found) and ../lib/pegasus_crt.a(read.o) (0x0)
Removed property 0xc0010001 to merge test.o (not found) and ../lib/pegasus_crt.a(write.o) (0x1)
Removed property 0xc0010002 to merge test.o (not found) and ../lib/pegasus_crt.a(write.o) (0x0)
Removed property 0xc0010001 to merge test.o (not found) and ../lib/pegasus_crt.a(close.o) (0x1)
Removed property 0xc0010002 to merge test.o (not found) and ../lib/pegasus_crt.a(close.o) (0x0)
Removed property 0xc0010001 to merge test.o (not found) and ../lib/pegasus_crt.a(wait.o) (0x1)
Removed property 0xc0010002 to merge test.o (not found) and ../lib/pegasus_crt.a(wait.o) (0x0)
Removed property 0xc0010001 to merge test.o (not found) and ../lib/pegasus_crt.a(fork.o) (0x1)
Removed property 0xc0010002 to merge test.o (not found) and ../lib/pegasus_crt.a(fork.o) (0x0)
Removed property 0xc0010001 to merge test.o (not found) and ../lib/pegasus_crt.a(exec.o) (0x1)
Removed property 0xc0010002 to merge test.o (not found) and ../lib/pegasus_crt.a(exec.o) (0x0)
Removed property 0xc0010001 to merge test.o (not found) and ../lib/pegasus_crt.a(main.o) (0x1)
Removed property 0xc0010002 to merge test.o (not found) and ../lib/pegasus_crt.a(main.o) (0x0)
Removed property 0xc0010001 to merge test.o (not found) and ../lib/pegasus_crt.a(exec.o) (0x1)
Removed property 0xc0010002 to merge test.o (not found) and ../lib/pegasus_crt.a(exec.o) (0x0)
Removed property 0xc0010001 to merge test.o (not found) and ../lib/pegasus_crt.a(forkexit.o) (0x1)
Removed property 0xc0010002 to merge test.o (not found) and ../lib/pegasus_crt.a(forkexit.o) (0x0)
Removed property 0xc0010001 to merge test.o (not found) and ../lib/pegasus_crt.a(my_process.o) (0x1)
Removed property 0xc0010002 to merge test.o (not found) and ../lib/pegasus_crt.a(my_process.o) (0x1)
Removed property 0xc0010001 to merge test.o (not found) and ../lib/pegasus_crt.a(thread.o) (0x1)
Removed property 0xc0010002 to merge test.o (not found) and ../lib/pegasus_crt.a(thread.o) (0x0)
Removed property 0xc0010001 to merge test.o (not found) and ../lib/pegasus_crt.a(fs_main.o) (0x1)
Removed property 0xc0010002 to merge test.o (not found) and ../lib/pegasus_crt.a(fs_main.o) (0x1)

Allocating common symbols
Common symbol       size              file

current_tty         0x4               ../lib/pegasus_crt.a(exit.o)
file_desc_table     0x400             ../lib/pegasus_crt.a(fs_main.o)
is_e0               0x1               ../lib/pegasus_crt.a(exit.o)
phy_super_block_buf
                    0x4               ../lib/pegasus_crt.a(fs_main.o)
phy_fsbuf           0x4               ../lib/pegasus_crt.a(fs_main.o)
idt_ptr             0x6               ../lib/pegasus_crt.a(exit.o)
pid                 0x4               ../lib/pegasus_crt.a(exit.o)
KernelVirtualMemory
                    0xc               ../lib/pegasus_crt.a(kernel_main_old.o)
inode_table         0xa00             ../lib/pegasus_crt.a(fs_main.o)
current_dis_pos     0x4               ../lib/pegasus_crt.a(exit.o)
dis_pos             0x4               ../lib/pegasus_crt.a(exit.o)
k_reenter           0x4               ../lib/pegasus_crt.a(exit.o)
super_block_buf     0x4               ../lib/pegasus_crt.a(fs_main.o)
gdt                 0x400             ../lib/pegasus_crt.a(exit.o)
proc_ready_table    0x4               ../lib/pegasus_crt.a(exit.o)
test_ticks          0x4               ../lib/pegasus_crt.a(exit.o)
hd_info             0x224             ../lib/pegasus_crt.a(hd.o)
proc_stack          0x70000           ../lib/pegasus_crt.a(global.o)
pcaller             0x4               ../lib/pegasus_crt.a(exit.o)
keyboard_buffer     0x20c             ../lib/pegasus_crt.a(exit.o)
pcb_list            0x10              ../lib/pegasus_crt.a(exit.o)
gdt_index           0x4               ../lib/pegasus_crt.a(exit.o)
tty_table           0x828             ../lib/pegasus_crt.a(exit.o)
tss                 0x6c              ../lib/pegasus_crt.a(exit.o)
KernelPool          0x10              ../lib/pegasus_crt.a(kernel_main_old.o)
net_buf             0x4               ../lib/pegasus_crt.a(exit.o)
fsbuf               0x4               ../lib/pegasus_crt.a(fs_main.o)
root                0x28              ../lib/pegasus_crt.a(fs_main.o)
kernel_mem_block_decs_array
                    0xf0              ../lib/pegasus_crt.a(mem.o)
counter             0x4               ../lib/pegasus_crt.a(exit.o)
key_pressed         0x4               ../lib/pegasus_crt.a(exit.o)
fork_pid            0x4               ../lib/pegasus_crt.a(exit.o)
is_shift            0x1               ../lib/pegasus_crt.a(exit.o)
net_data            0x1               ../lib/pegasus_crt.a(exit.o)
gdt_ptr             0x6               ../lib/pegasus_crt.a(exit.o)
idt                 0x800             ../lib/pegasus_crt.a(exit.o)
main_thread         0x4               ../lib/pegasus_crt.a(exit.o)
ticks               0x8               ../lib/pegasus_crt.a(exit.o)
is_init             0x1               ../lib/pegasus_crt.a(exit.o)
UserPool            0x10              ../lib/pegasus_crt.a(kernel_main_old.o)
all_pcb_list        0x10              ../lib/pegasus_crt.a(exit.o)
console_table       0x10              ../lib/pegasus_crt.a(exit.o)
is_disp             0x1               ../lib/pegasus_crt.a(exit.o)
MAIN_THREAD_PAGE_DIRECTORY
                    0x4               ../lib/pegasus_crt.a(exit.o)
helloStr            0xc               ../lib/pegasus_crt.a(exit.o)
proc_table          0x15e0            ../lib/pegasus_crt.a(global.o)
hd_cache            0x200             ../lib/pegasus_crt.a(hd.o)

Discarded input sections

 .note.GNU-stack
                0x00000000        0x0 test.o
 .note.gnu.property
                0x00000000       0x28 test.o
 .note.GNU-stack
                0x00000000        0x0 ../lib/pegasus_crt.a(exit.o)
 .note.gnu.property
                0x00000000       0x28 ../lib/pegasus_crt.a(exit.o)
 .note.GNU-stack
                0x00000000        0x0 ../lib/pegasus_crt.a(kernel_main_old.o)
 .note.gnu.property
                0x00000000       0x28 ../lib/pegasus_crt.a(kernel_main_old.o)
 .note.GNU-stack
                0x00000000        0x0 ../lib/pegasus_crt.a(double_link_list.o)
 .note.gnu.property
                0x00000000       0x28 ../lib/pegasus_crt.a(double_link_list.o)
 .note.GNU-stack
                0x00000000        0x0 ../lib/pegasus_crt.a(hd.o)
 .note.gnu.property
                0x00000000       0x28 ../lib/pegasus_crt.a(hd.o)
 .note.GNU-stack
                0x00000000        0x0 ../lib/pegasus_crt.a(global.o)
 .note.gnu.property
                0x00000000       0x28 ../lib/pegasus_crt.a(global.o)
 .note.GNU-stack
                0x00000000        0x0 ../lib/pegasus_crt.a(process.o)
 .note.gnu.property
                0x00000000       0x28 ../lib/pegasus_crt.a(process.o)
 .note.GNU-stack
                0x00000000        0x0 ../lib/pegasus_crt.a(protect.o)
 .note.gnu.property
                0x00000000       0x28 ../lib/pegasus_crt.a(protect.o)
 .note.GNU-stack
                0x00000000        0x0 ../lib/pegasus_crt.a(console.o)
 .note.gnu.property
                0x00000000       0x28 ../lib/pegasus_crt.a(console.o)
 .note.GNU-stack
                0x00000000        0x0 ../lib/pegasus_crt.a(keyboard.o)
 .note.gnu.property
                0x00000000       0x28 ../lib/pegasus_crt.a(keyboard.o)
 .note.GNU-stack
                0x00000000        0x0 ../lib/pegasus_crt.a(open.o)
 .note.gnu.property
                0x00000000       0x28 ../lib/pegasus_crt.a(open.o)
 .note.GNU-stack
                0x00000000        0x0 ../lib/pegasus_crt.a(read.o)
 .note.gnu.property
                0x00000000       0x28 ../lib/pegasus_crt.a(read.o)
 .note.GNU-stack
                0x00000000        0x0 ../lib/pegasus_crt.a(write.o)
 .note.gnu.property
                0x00000000       0x28 ../lib/pegasus_crt.a(write.o)
 .note.GNU-stack
                0x00000000        0x0 ../lib/pegasus_crt.a(close.o)
 .note.gnu.property
                0x00000000       0x28 ../lib/pegasus_crt.a(close.o)
 .note.GNU-stack
                0x00000000        0x0 ../lib/pegasus_crt.a(wait.o)
 .note.gnu.property
                0x00000000       0x28 ../lib/pegasus_crt.a(wait.o)
 .note.GNU-stack
                0x00000000        0x0 ../lib/pegasus_crt.a(fork.o)
 .note.gnu.property
                0x00000000       0x28 ../lib/pegasus_crt.a(fork.o)
 .note.GNU-stack
                0x00000000        0x0 ../lib/pegasus_crt.a(exec.o)
 .note.gnu.property
                0x00000000       0x28 ../lib/pegasus_crt.a(exec.o)
 .note.GNU-stack
                0x00000000        0x0 ../lib/pegasus_crt.a(main.o)
 .note.gnu.property
                0x00000000       0x28 ../lib/pegasus_crt.a(main.o)
 .note.GNU-stack
                0x00000000        0x0 ../lib/pegasus_crt.a(exec.o)
 .note.gnu.property
                0x00000000       0x28 ../lib/pegasus_crt.a(exec.o)
 .note.GNU-stack
                0x00000000        0x0 ../lib/pegasus_crt.a(forkexit.o)
 .note.gnu.property
                0x00000000       0x28 ../lib/pegasus_crt.a(forkexit.o)
 .note.GNU-stack
                0x00000000        0x0 ../lib/pegasus_crt.a(mem.o)
 .note.GNU-stack
                0x00000000        0x0 ../lib/pegasus_crt.a(my_process.o)
 .note.gnu.property
                0x00000000       0x28 ../lib/pegasus_crt.a(my_process.o)
 .note.GNU-stack
                0x00000000        0x0 ../lib/pegasus_crt.a(thread.o)
 .note.gnu.property
                0x00000000       0x28 ../lib/pegasus_crt.a(thread.o)
 .note.GNU-stack
                0x00000000        0x0 ../lib/pegasus_crt.a(fs_main.o)
 .note.gnu.property
                0x00000000       0x28 ../lib/pegasus_crt.a(fs_main.o)

Memory Configuration

Name             Origin             Length             Attributes
*default*        0x00000000         0xffffffff

Linker script and memory map

Address of section .text set to 0xb0800000
LOAD test.o
LOAD start.o
LOAD ../lib/pegasus_crt.a
                [!provide]                        PROVIDE (__executable_start = SEGMENT_START ("text-segment", 0x8048000))
                0x080480d4                        . = (SEGMENT_START ("text-segment", 0x8048000) + SIZEOF_HEADERS)

.interp
 *(.interp)

.note.gnu.build-id
 *(.note.gnu.build-id)

.hash
 *(.hash)

.gnu.hash
 *(.gnu.hash)

.dynsym
 *(.dynsym)

.dynstr
 *(.dynstr)

.gnu.version
 *(.gnu.version)

.gnu.version_d
 *(.gnu.version_d)

.gnu.version_r
 *(.gnu.version_r)

.rel.dyn        0x080480d4        0x0
 *(.rel.init)
 *(.rel.text .rel.text.* .rel.gnu.linkonce.t.*)
 .rel.text      0x080480d4        0x0 test.o
 *(.rel.fini)
 *(.rel.rodata .rel.rodata.* .rel.gnu.linkonce.r.*)
 *(.rel.data.rel.ro .rel.data.rel.ro.* .rel.gnu.linkonce.d.rel.ro.*)
 *(.rel.data .rel.data.* .rel.gnu.linkonce.d.*)
 *(.rel.tdata .rel.tdata.* .rel.gnu.linkonce.td.*)
 *(.rel.tbss .rel.tbss.* .rel.gnu.linkonce.tb.*)
 *(.rel.ctors)
 *(.rel.dtors)
 *(.rel.got)
 .rel.got       0x080480d4        0x0 test.o
 *(.rel.bss .rel.bss.* .rel.gnu.linkonce.b.*)
 *(.rel.ifunc)

.rel.plt        0x080480d4        0x0
 *(.rel.plt)
                [!provide]                        PROVIDE (__rel_iplt_start = .)
 *(.rel.iplt)
 .rel.iplt      0x080480d4        0x0 test.o
                [!provide]                        PROVIDE (__rel_iplt_end = .)

.relr.dyn
 *(.relr.dyn)
                0x08049000                        . = ALIGN (CONSTANT (MAXPAGESIZE))

.init
 *(SORT_NONE(.init))

.plt            0x08049000        0x0
 *(.plt)
 *(.iplt)
 .iplt          0x08049000        0x0 test.o

.plt.got
 *(.plt.got)

.plt.sec
 *(.plt.sec)

.text           0xb0800000     0xa373
 *(.text.unlikely .text.*_unlikely .text.unlikely.*)
 *(.text.exit .text.exit.*)
 *(.text.startup .text.startup.*)
 *(.text.hot .text.hot.*)
 *(SORT_BY_NAME(.text.sorted.*))
 *(.text .stub .text.* .gnu.linkonce.t.*)
 .text          0xb0800000       0x3e test.o
                0xb0800000                main
 *fill*         0xb080003e        0x2 
 .text          0xb0800040       0x15 start.o
                0xb0800040                _start
 .text          0xb0800055       0x2f ../lib/pegasus_crt.a(exit.o)
                0xb0800055                exit
 .text          0xb0800084     0x2d4d ../lib/pegasus_crt.a(kernel_main_old.o)
                0xb0800084                stop_here
                0xb08000c8                catch_error
                0xb08000e5                intr_enable
                0xb080010e                intr_disable
                0xb0800137                intr_set_status
                0xb0800155                intr_get_status
                0xb0800172                Memcpy
                0xb08001a5                untar
                0xb08004ba                atoi
                0xb0800560                disp_int
                0xb0800589                do_page_fault
                0xb08006c6                exception_handler
                0xb08008ad                init_internal_interrupt
                0xb0800a22                spurious_irq
                0xb0800ab0                init_keyboard
                0xb0800af3                TestTTY
                0xb0800b92                TestReadReturnValue
                0xb0800c0f                TestWriteReturnValue
                0xb0800ce3                TestFS2
                0xb0800cf1                TestFS
                0xb0801193                wait_exit
                0xb0801291                INIT_fork
                0xb0801589                simple_shell
                0xb0801710                test_shell
                0xb0801778                test_exec
                0xb08018b8                INIT
                0xb08018c5                TestA
                0xb08018fa                delay
                0xb080193e                TestB
                0xb0801956                TestC
                0xb0801989                sys_get_ticks
                0xb0801999                sys_write
                0xb08019ed                milli_delay
                0xb0801a29                TaskSys
                0xb0801a2e                Printf
                0xb0801a8c                vsprintf
                0xb0801c38                printx
                0xb0801c7b                sys_printx
                0xb0801d47                spin
                0xb0801d6d                panic
                0xb0801d8b                assertion_failure
                0xb0801dfd                assertion_failure2
                0xb0801e72                dead_lock
                0xb0801e7c                sys_send_msg
                0xb080239b                sys_receive_msg
                0xb08029fb                send_rec
                0xb0802af6                block
                0xb0802b32                unblock
                0xb0802b82                get_ticks_ipc
                0xb0802bd9                itoa
                0xb0802c2f                i2a
                0xb0802c95                inform_int
                0xb0802d62                strcmp
 .text          0xb0802dd1      0x329 ../lib/pegasus_crt.a(double_link_list.o)
                0xb0802dd1                initDoubleLinkList
                0xb0802dff                isListEmpty
                0xb0802e20                findElementInList
                0xb0802efc                appendToDoubleLinkList
                0xb0802fe3                insertToDoubleLinkList
                0xb0803066                popFromDoubleLinkList
 *fill*         0xb08030fa        0x6 
 .text          0xb0803100      0x389 ../lib/pegasus_crt.a(kernel.o)
                0xb0803100                InterruptTest
                0xb080310c                disp_str
                0xb0803147                disp_str_colour
                0xb0803183                divide_zero_fault
                0xb0803189                single_step_fault
                0xb080318f                non_maskable_interrupt
                0xb0803195                breakpoint_trap
                0xb080319b                overflow_trap
                0xb08031a1                bound_range_exceeded_fault
                0xb08031a7                invalid_opcode_fault
                0xb08031ad                coprocessor_not_available_fault
                0xb08031b3                double_fault_exception_abort
                0xb08031b7                coprocessor_segment_overrun
                0xb08031bd                invalid_task_state_segment_fault
                0xb08031c1                segment_not_present_fault
                0xb08031c5                stack_exception_fault
                0xb08031c9                general_protection_exception_fault
                0xb08031d4                page_fault
                0xb08031d8                coprocessor_error_fault
                0xb08031de                align_check_fault
                0xb08031e2                simd_float_exception_fault
                0xb08031f1                hwint0
                0xb080321f                hwint1
                0xb0803262                hwint14
                0xb08032a8                hwint10
                0xb08032ec                sys_call
                0xb0803332                fork_restart
                0xb0803341                restart
                0xb0803364                in_byte
                0xb0803370                out_byte
                0xb0803392                disable_int
                0xb0803394                enable_int
                0xb080342a                enable_8259A_casecade_irq
                0xb0803434                disable_8259A_casecade_irq
                0xb080343e                enable_8259A_slave_winchester_irq
                0xb0803448                disable_8259A_slave_winchester_irq
                0xb0803452                update_cr3
                0xb080345f                update_tss
                0xb080346e                get_running_thread_pcb
                0xb0803476                sys_call_test
                0xb0803479                enable_8259A_slave_net_irq
 .text          0xb0803489      0xe39 ../lib/pegasus_crt.a(hd.o)
                0xb0803489                TaskHD
                0xb08034ce                init_hd
                0xb08034e8                hd_handle
                0xb08035ed                hd_cmd_out
                0xb08036ef                hd_identify
                0xb08037a6                print_hdinfo
                0xb0803934                print_dpt_entry
                0xb08039a0                get_partition_table
                0xb0803a7f                partition
                0xb0803c99                hd_open
                0xb0803d40                get_hd_ioctl
                0xb0803df1                wait_for
                0xb0803e22                interrupt_wait
                0xb0803e72                hd_rdwt
                0xb0804111                hd_handler
                0xb080413d                net_handler
                0xb0804159                waitfor
                0xb080419d                print_hd_info
                0xb080428a                is_empty
 *fill*         0xb08042c2        0xe 
 .text          0xb08042d0       0x69 ../lib/pegasus_crt.a(syscall.o)
                0xb08042d0                write_debug
                0xb08042e0                send_msg
                0xb08042f6                receive_msg
                0xb080430c                sys_malloc
                0xb0804321                sys_free
 .text          0xb0804339        0x0 ../lib/pegasus_crt.a(global.o)
 .text          0xb0804339      0x21b ../lib/pegasus_crt.a(process.o)
                0xb0804339                schedule_process
                0xb0804446                clock_handler
                0xb08044b7                pid2proc
                0xb080453d                proc2pid
 .text          0xb0804554      0x3b3 ../lib/pegasus_crt.a(protect.o)
                0xb0804554                InitDescriptor
                0xb08045c1                Seg2PhyAddr
                0xb0804602                Seg2PhyAddrLDT
                0xb0804646                VirAddr2PhyAddr
                0xb080465c                v2l
                0xb080469f                init_propt
                0xb0804820                InitInterruptDesc
                0xb080487c                ReloadGDT
 .text          0xb0804907      0xaca ../lib/pegasus_crt.a(console.o)
                0xb0804907                select_console
                0xb0804943                flush
                0xb080497c                set_cursor
                0xb08049da                set_console_start_video_addr
                0xb0804a38                put_key
                0xb0804aa4                scroll_up
                0xb0804ae6                scroll_down
                0xb0804b51                out_char
                0xb0804d0e                tty_dev_read
                0xb0804d38                tty_dev_write
                0xb0804f65                tty_do_read
                0xb080502d                tty_do_write
                0xb0805190                init_screen
                0xb0805219                init_tty
                0xb08052ce                TaskTTY
 .text          0xb08053d1      0x40f ../lib/pegasus_crt.a(keyboard.o)
                0xb08053d1                keyboard_handler
                0xb0805455                read_from_keyboard_buf
                0xb08054bb                keyboard_read
                0xb080563a                init_keyboard_handler
                0xb080564e                in_process
 .text          0xb08057e0       0x95 ../lib/pegasus_crt.a(open.o)
                0xb08057e0                open
 .text          0xb0805875      0x181 ../lib/pegasus_crt.a(read.o)
                0xb0805875                read
 .text          0xb08059f6       0x85 ../lib/pegasus_crt.a(write.o)
                0xb08059f6                write
 .text          0xb0805a7b       0x52 ../lib/pegasus_crt.a(close.o)
                0xb0805a7b                close
 .text          0xb0805acd       0x44 ../lib/pegasus_crt.a(wait.o)
                0xb0805acd                wait
 .text          0xb0805b11       0x48 ../lib/pegasus_crt.a(fork.o)
                0xb0805b11                fork
 .text          0xb0805b59      0x285 ../lib/pegasus_crt.a(exec.o)
                0xb0805b59                exec
                0xb0805bca                execv
                0xb0805db9                execl
 .text          0xb0805dde      0x148 ../lib/pegasus_crt.a(main.o)
                0xb0805dde                TaskMM
                0xb0805f07                alloc_mem
 .text          0xb0805f26      0x419 ../lib/pegasus_crt.a(exec.o)
                0xb0805f26                do_exec
 .text          0xb080633f      0x271 ../lib/pegasus_crt.a(forkexit.o)
                0xb080633f                do_fork
                0xb08063ad                do_exit
                0xb0806437                do_wait
                0xb0806556                cleanup
 .text          0xb08065b0     0x1275 ../lib/pegasus_crt.a(mem.o)
                0xb08065b0                init_bitmap
                0xb08065d3                test_bit_val
                0xb080663c                set_bit_val
                0xb08066b7                set_bits
                0xb08066f1                get_first_free_bit
                0xb0806735                get_bits
                0xb08067fd                get_a_page
                0xb08068b1                get_virtual_address_start_with_addr
                0xb080694b                get_virtual_address
                0xb08069db                ptr_pde
                0xb08069ee                ptr_pte
                0xb0806a15                add_map_entry
                0xb0806aa6                alloc_virtual_memory
                0xb0806b79                get_physical_address_proc
                0xb0806bf5                get_physical_address
                0xb0806c27                alloc_physical_memory_of_proc
                0xb0806d16                alloc_physical_memory
                0xb0806dde                alloc_memory
                0xb0806e40                get_a_virtual_page
                0xb0806e78                block2arena
                0xb0806e8e                sys_malloc2
                0xb0807144                remove_map_entry
                0xb0807165                free_a_page
                0xb080720c                sys_free2
                0xb0807394                init_memory_block_desc
                0xb0807465                init_memory2
                0xb08076dc                init_memory
 .text          0xb0807825      0x730 ../lib/pegasus_crt.a(my_process.o)
                0xb0807825                create_user_process_address_space
                0xb08078b5                user_process
                0xb08079e2                clone_pcb
                0xb0807b54                build_body_stack
                0xb0807c87                build_process_kernel_stack
                0xb0807d4a                fork_process
                0xb0807ddb                process_execute
 *fill*         0xb0807f55        0xb 
 .text          0xb0807f60       0x15 ../lib/pegasus_crt.a(switch_to.o)
                0xb0807f60                switch_to
 .text          0xb0807f75      0x1b2 ../lib/pegasus_crt.a(thread.o)
                0xb0807f75                kernel_thread
                0xb0807f8d                thread_init
                0xb080803a                thread_create
                0xb080806f                thread_start
 *fill*         0xb0808127        0x9 
 .text          0xb0808130      0x1f4 ../lib/pegasus_crt.a(ne2000.o)
                0xb0808153                DriverInitialize
                0xb08081e8                DriverSend
                0xb080825b                PCtoNIC
                0xb08082c1                NICtoPC
 .text          0xb0808324     0x204f ../lib/pegasus_crt.a(fs_main.o)
                0xb0808324                task_fs
                0xb080852f                rd_wt
                0xb0808608                mkfs
                0xb0808bea                init_fs
                0xb0808c3e                do_open
                0xb0808e2d                search_file
                0xb0808f5f                strip_path
                0xb080902b                get_inode
                0xb08091ed                create_file
                0xb08092f8                alloc_imap_bit
                0xb08093f5                alloc_smap_bit
                0xb0809596                new_inode
                0xb08096b4                new_dir_entry
                0xb08098c0                do_unlink
                0xb0809d9c                do_rdwt
                0xb080a127                sync_inode
                0xb080a27b                put_inode
                0xb080a2b9                do_close
                0xb080a30b                get_super_block
 *(.gnu.warning)

.fini
 *(SORT_NONE(.fini))
                [!provide]                        PROVIDE (__etext = .)
                [!provide]                        PROVIDE (_etext = .)
                [!provide]                        PROVIDE (etext = .)
                0xb080b000                        . = ALIGN (CONSTANT (MAXPAGESIZE))
                0xb080b000                        . = SEGMENT_START ("rodata-segment", (ALIGN (CONSTANT (MAXPAGESIZE)) + (. & (CONSTANT (MAXPAGESIZE) - 0x1))))

.rodata         0xb080b000     0x108b
 *(.rodata .rodata.* .gnu.linkonce.r.*)
 .rodata        0xb080b000       0x10 test.o
 *fill*         0xb080b010       0x10 
 .rodata        0xb080b020      0xb75 ../lib/pegasus_crt.a(kernel_main_old.o)
 .rodata        0xb080bb95       0x2c ../lib/pegasus_crt.a(double_link_list.o)
 *fill*         0xb080bbc1        0x3 
 .rodata        0xb080bbc4      0x1be ../lib/pegasus_crt.a(hd.o)
 .rodata        0xb080bd82       0x26 ../lib/pegasus_crt.a(process.o)
 .rodata        0xb080bda8       0x22 ../lib/pegasus_crt.a(console.o)
 .rodata        0xb080bdca       0x24 ../lib/pegasus_crt.a(close.o)
 .rodata        0xb080bdee       0x2d ../lib/pegasus_crt.a(exec.o)
 .rodata        0xb080be1b       0x11 ../lib/pegasus_crt.a(main.o)
 .rodata        0xb080be2c       0x10 ../lib/pegasus_crt.a(exec.o)
 .rodata        0xb080be3c       0x21 ../lib/pegasus_crt.a(forkexit.o)
 .rodata        0xb080be5d       0x41 ../lib/pegasus_crt.a(mem.o)
 *fill*         0xb080be9e        0x2 
 .rodata        0xb080bea0      0x1eb ../lib/pegasus_crt.a(fs_main.o)
                0xb080bea0                FSBUF_SIZE

.txt            0xb080c08b       0xaa
 .txt           0xb080c08b       0x82 ../lib/pegasus_crt.a(string.o)
                0xb080c08b                Memcpy2
                0xb080c0b9                Memset
                0xb080c0d8                Strcpy
                0xb080c0f2                Strlen
 .txt           0xb080c10d       0x28 ../lib/pegasus_crt.a(hd_rdwt.o)
                0xb080c10d                read_port
                0xb080c121                write_port

.rodata1
 *(.rodata1)

.eh_frame_hdr
 *(.eh_frame_hdr)
 *(.eh_frame_entry .eh_frame_entry.*)

.eh_frame       0xb080c138     0x1770
 *(.eh_frame)
 .eh_frame      0xb080c138       0x44 test.o
 .eh_frame      0xb080c17c       0x20 ../lib/pegasus_crt.a(exit.o)
                                 0x38 (size before relaxing)
 .eh_frame      0xb080c19c      0x6ac ../lib/pegasus_crt.a(kernel_main_old.o)
                                0x6c4 (size before relaxing)
 .eh_frame      0xb080c848       0xc0 ../lib/pegasus_crt.a(double_link_list.o)
                                 0xd8 (size before relaxing)
 .eh_frame      0xb080c908      0x264 ../lib/pegasus_crt.a(hd.o)
                                0x27c (size before relaxing)
 .eh_frame      0xb080cb6c       0x80 ../lib/pegasus_crt.a(process.o)
                                 0x98 (size before relaxing)
 .eh_frame      0xb080cbec      0x100 ../lib/pegasus_crt.a(protect.o)
                                0x118 (size before relaxing)
 .eh_frame      0xb080ccec      0x1e0 ../lib/pegasus_crt.a(console.o)
                                0x1f8 (size before relaxing)
 .eh_frame      0xb080cecc       0xa0 ../lib/pegasus_crt.a(keyboard.o)
                                 0xb8 (size before relaxing)
 .eh_frame      0xb080cf6c       0x20 ../lib/pegasus_crt.a(open.o)
                                 0x38 (size before relaxing)
 .eh_frame      0xb080cf8c       0x20 ../lib/pegasus_crt.a(read.o)
                                 0x38 (size before relaxing)
 .eh_frame      0xb080cfac       0x20 ../lib/pegasus_crt.a(write.o)
                                 0x38 (size before relaxing)
 .eh_frame      0xb080cfcc       0x20 ../lib/pegasus_crt.a(close.o)
                                 0x38 (size before relaxing)
 .eh_frame      0xb080cfec       0x20 ../lib/pegasus_crt.a(wait.o)
                                 0x38 (size before relaxing)
 .eh_frame      0xb080d00c       0x20 ../lib/pegasus_crt.a(fork.o)
                                 0x38 (size before relaxing)
 .eh_frame      0xb080d02c       0x60 ../lib/pegasus_crt.a(exec.o)
                                 0x78 (size before relaxing)
 .eh_frame      0xb080d08c       0x3c ../lib/pegasus_crt.a(main.o)
                                 0x54 (size before relaxing)
 .eh_frame      0xb080d0c8       0x20 ../lib/pegasus_crt.a(exec.o)
                                 0x38 (size before relaxing)
 .eh_frame      0xb080d0e8       0x80 ../lib/pegasus_crt.a(forkexit.o)
                                 0x98 (size before relaxing)
 .eh_frame      0xb080d168      0x364 ../lib/pegasus_crt.a(mem.o)
                                0x37c (size before relaxing)
 .eh_frame      0xb080d4cc       0xe0 ../lib/pegasus_crt.a(my_process.o)
                                 0xf8 (size before relaxing)
 .eh_frame      0xb080d5ac       0x80 ../lib/pegasus_crt.a(thread.o)
                                 0x98 (size before relaxing)
 .eh_frame      0xb080d62c      0x27c ../lib/pegasus_crt.a(fs_main.o)
                                0x294 (size before relaxing)
 *(.eh_frame.*)

.sframe
 *(.sframe)
 *(.sframe.*)

.gcc_except_table
 *(.gcc_except_table .gcc_except_table.*)

.gnu_extab
 *(.gnu_extab*)

.exception_ranges
 *(.exception_ranges*)
                0xb080e000                        . = DATA_SEGMENT_ALIGN (CONSTANT (MAXPAGESIZE), CONSTANT (COMMONPAGESIZE))

.eh_frame
 *(.eh_frame)
 *(.eh_frame.*)

.sframe
 *(.sframe)
 *(.sframe.*)

.gnu_extab
 *(.gnu_extab)

.gcc_except_table
 *(.gcc_except_table .gcc_except_table.*)

.exception_ranges
 *(.exception_ranges*)

.tdata          0xb080e000        0x0
                [!provide]                        PROVIDE (__tdata_start = .)
 *(.tdata .tdata.* .gnu.linkonce.td.*)

.tbss
 *(.tbss .tbss.* .gnu.linkonce.tb.*)
 *(.tcommon)

.preinit_array  0xb080e000        0x0
                [!provide]                        PROVIDE (__preinit_array_start = .)
 *(.preinit_array)
                [!provide]                        PROVIDE (__preinit_array_end = .)

.init_array     0xb080e000        0x0
                [!provide]                        PROVIDE (__init_array_start = .)
 *(SORT_BY_INIT_PRIORITY(.init_array.*) SORT_BY_INIT_PRIORITY(.ctors.*))
 *(.init_array EXCLUDE_FILE(*crtend?.o *crtend.o *crtbegin?.o *crtbegin.o) .ctors)
                [!provide]                        PROVIDE (__init_array_end = .)

.fini_array     0xb080e000        0x0
                [!provide]                        PROVIDE (__fini_array_start = .)
 *(SORT_BY_INIT_PRIORITY(.fini_array.*) SORT_BY_INIT_PRIORITY(.dtors.*))
 *(.fini_array EXCLUDE_FILE(*crtend?.o *crtend.o *crtbegin?.o *crtbegin.o) .dtors)
                [!provide]                        PROVIDE (__fini_array_end = .)

.ctors
 *crtbegin.o(.ctors)
 *crtbegin?.o(.ctors)
 *(EXCLUDE_FILE(*crtend?.o *crtend.o) .ctors)
 *(SORT_BY_NAME(.ctors.*))
 *(.ctors)

.dtors
 *crtbegin.o(.dtors)
 *crtbegin?.o(.dtors)
 *(EXCLUDE_FILE(*crtend?.o *crtend.o) .dtors)
 *(SORT_BY_NAME(.dtors.*))
 *(.dtors)

.jcr
 *(.jcr)

.data.rel.ro
 *(.data.rel.ro.local* .gnu.linkonce.d.rel.ro.local.*)
 *(.data.rel.ro .data.rel.ro.* .gnu.linkonce.d.rel.ro.*)

.dynamic
 *(.dynamic)

.got            0xb080e000        0x0
 *(.got)
 .got           0xb080e000        0x0 test.o
 *(.igot)
                0xb080e000                        . = DATA_SEGMENT_RELRO_END (., (SIZEOF (.got.plt) >= 0xc)?0xc:0x0)

.got.plt        0xb080e000        0x0
 *(.got.plt)
 .got.plt       0xb080e000        0x0 test.o
 *(.igot.plt)
 .igot.plt      0xb080e000        0x0 test.o

.data           0xb080e000      0x760
 *(.data .data.* .gnu.linkonce.d.*)
 .data          0xb080e000        0x0 test.o
 .data          0xb080e000        0x0 ../lib/pegasus_crt.a(exit.o)
 .data          0xb080e000        0x0 ../lib/pegasus_crt.a(kernel_main_old.o)
 .data          0xb080e000        0x0 ../lib/pegasus_crt.a(double_link_list.o)
 .data          0xb080e000        0xf ../lib/pegasus_crt.a(kernel.o)
 .data          0xb080e00f        0x0 ../lib/pegasus_crt.a(hd.o)
 *fill*         0xb080e00f        0x1 
 .data          0xb080e010        0x0 ../lib/pegasus_crt.a(syscall.o)
 *fill*         0xb080e010       0x10 
 .data          0xb080e020      0x128 ../lib/pegasus_crt.a(global.o)
                0xb080e020                user_task_table
                0xb080e0a0                sys_task_table
                0xb080e12c                sys_call_table
 .data          0xb080e148        0x0 ../lib/pegasus_crt.a(process.o)
 .data          0xb080e148        0x0 ../lib/pegasus_crt.a(protect.o)
 .data          0xb080e148        0x0 ../lib/pegasus_crt.a(console.o)
 *fill*         0xb080e148       0x18 
 .data          0xb080e160      0x600 ../lib/pegasus_crt.a(keyboard.o)
                0xb080e160                keymap
 .data          0xb080e760        0x0 ../lib/pegasus_crt.a(open.o)
 .data          0xb080e760        0x0 ../lib/pegasus_crt.a(read.o)
 .data          0xb080e760        0x0 ../lib/pegasus_crt.a(write.o)
 .data          0xb080e760        0x0 ../lib/pegasus_crt.a(close.o)
 .data          0xb080e760        0x0 ../lib/pegasus_crt.a(wait.o)
 .data          0xb080e760        0x0 ../lib/pegasus_crt.a(fork.o)
 .data          0xb080e760        0x0 ../lib/pegasus_crt.a(exec.o)
 .data          0xb080e760        0x0 ../lib/pegasus_crt.a(main.o)
 .data          0xb080e760        0x0 ../lib/pegasus_crt.a(exec.o)
 .data          0xb080e760        0x0 ../lib/pegasus_crt.a(forkexit.o)
 .data          0xb080e760        0x0 ../lib/pegasus_crt.a(mem.o)
 .data          0xb080e760        0x0 ../lib/pegasus_crt.a(my_process.o)
 .data          0xb080e760        0x0 ../lib/pegasus_crt.a(thread.o)
 .data          0xb080e760        0x0 ../lib/pegasus_crt.a(fs_main.o)

.data1
 *(.data1)
                0xb080e760                        _edata = .
                [!provide]                        PROVIDE (edata = .)
                0xb080e760                        . = .
                0xb080e760                        __bss_start = .

.bss            0xb080e760    0x74968
 *(.dynbss)
 *(.bss .bss.* .gnu.linkonce.b.*)
 .bss           0xb080e760        0x0 test.o
 .bss           0xb080e760        0x0 ../lib/pegasus_crt.a(exit.o)
 .bss           0xb080e760        0x0 ../lib/pegasus_crt.a(kernel_main_old.o)
 .bss           0xb080e760        0x0 ../lib/pegasus_crt.a(double_link_list.o)
 .bss           0xb080e760      0x800 ../lib/pegasus_crt.a(kernel.o)
 .bss           0xb080ef60        0x0 ../lib/pegasus_crt.a(hd.o)
 .bss           0xb080ef60        0x0 ../lib/pegasus_crt.a(global.o)
 .bss           0xb080ef60        0x0 ../lib/pegasus_crt.a(process.o)
 .bss           0xb080ef60        0x0 ../lib/pegasus_crt.a(protect.o)
 .bss           0xb080ef60        0x0 ../lib/pegasus_crt.a(console.o)
 .bss           0xb080ef60        0x0 ../lib/pegasus_crt.a(keyboard.o)
 .bss           0xb080ef60        0x0 ../lib/pegasus_crt.a(open.o)
 .bss           0xb080ef60        0x0 ../lib/pegasus_crt.a(read.o)
 .bss           0xb080ef60        0x0 ../lib/pegasus_crt.a(write.o)
 .bss           0xb080ef60        0x0 ../lib/pegasus_crt.a(close.o)
 .bss           0xb080ef60        0x0 ../lib/pegasus_crt.a(wait.o)
 .bss           0xb080ef60        0x0 ../lib/pegasus_crt.a(fork.o)
 .bss           0xb080ef60        0x0 ../lib/pegasus_crt.a(exec.o)
 .bss           0xb080ef60        0x0 ../lib/pegasus_crt.a(main.o)
 .bss           0xb080ef60        0x0 ../lib/pegasus_crt.a(exec.o)
 .bss           0xb080ef60        0x0 ../lib/pegasus_crt.a(forkexit.o)
 .bss           0xb080ef60        0x0 ../lib/pegasus_crt.a(mem.o)
 .bss           0xb080ef60        0x0 ../lib/pegasus_crt.a(my_process.o)
 .bss           0xb080ef60        0x0 ../lib/pegasus_crt.a(thread.o)
 .bss           0xb080ef60        0x4 ../lib/pegasus_crt.a(fs_main.o)
                0xb080ef60                c
 *(COMMON)
 *fill*         0xb080ef64       0x1c 
 COMMON         0xb080ef80     0x1788 ../lib/pegasus_crt.a(exit.o)
                0xb080ef80                current_tty
                0xb080ef84                is_e0
                0xb080ef88                idt_ptr
                0xb080ef90                pid
                0xb080ef94                current_dis_pos
                0xb080ef98                dis_pos
                0xb080ef9c                k_reenter
                0xb080efa0                gdt
                0xb080f3a0                proc_ready_table
                0xb080f3a4                test_ticks
                0xb080f3a8                pcaller
                0xb080f3c0                keyboard_buffer
                0xb080f5cc                pcb_list
                0xb080f5dc                gdt_index
                0xb080f5e0                tty_table
                0xb080fe20                tss
                0xb080fe8c                net_buf
                0xb080fe90                counter
                0xb080fe94                key_pressed
                0xb080fe98                fork_pid
                0xb080fe9c                is_shift
                0xb080fe9d                net_data
                0xb080fea0                gdt_ptr
                0xb080fec0                idt
                0xb08106c0                main_thread
                0xb08106c8                ticks
                0xb08106d0                is_init
                0xb08106d4                all_pcb_list
                0xb08106e4                console_table
                0xb08106f4                is_disp
                0xb08106f8                MAIN_THREAD_PAGE_DIRECTORY
                0xb08106fc                helloStr
 COMMON         0xb0810708       0x2c ../lib/pegasus_crt.a(kernel_main_old.o)
                0xb0810708                KernelVirtualMemory
                0xb0810714                KernelPool
                0xb0810724                UserPool
 *fill*         0xb0810734        0xc 
 COMMON         0xb0810740      0x440 ../lib/pegasus_crt.a(hd.o)
                0xb0810740                hd_info
                0xb0810980                hd_cache
 COMMON         0xb0810b80    0x715e0 ../lib/pegasus_crt.a(global.o)
                0xb0810b80                proc_stack
                0xb0880b80                proc_table
 COMMON         0xb0882160       0xf0 ../lib/pegasus_crt.a(mem.o)
                0xb0882160                kernel_mem_block_decs_array
 *fill*         0xb0882250       0x10 
 COMMON         0xb0882260      0xe68 ../lib/pegasus_crt.a(fs_main.o)
                0xb0882260                file_desc_table
                0xb0882660                phy_super_block_buf
                0xb0882664                phy_fsbuf
                0xb0882680                inode_table
                0xb0883080                super_block_buf
                0xb0883084                fsbuf
                0xb08830a0                root
                0xb08830c8                        . = ALIGN ((. != 0x0)?0x4:0x1)
                0xb08830c8                        . = ALIGN (0x4)
                0xb08830c8                        . = SEGMENT_START ("ldata-segment", .)
                0xb08830c8                        . = ALIGN (0x4)
                0xb08830c8                        _end = .
                [!provide]                        PROVIDE (end = .)
                0xb08830c8                        . = DATA_SEGMENT_END (.)

.stab
 *(.stab)

.stabstr
 *(.stabstr)

.stab.excl
 *(.stab.excl)

.stab.exclstr
 *(.stab.exclstr)

.stab.index
 *(.stab.index)

.stab.indexstr
 *(.stab.indexstr)

.comment        0x00000000       0x2c
 *(.comment)
 .comment       0x00000000       0x2c test.o
                                 0x2d (size before relaxing)
 .comment       0x0000002c       0x2d ../lib/pegasus_crt.a(exit.o)
 .comment       0x0000002c       0x2d ../lib/pegasus_crt.a(kernel_main_old.o)
 .comment       0x0000002c       0x2d ../lib/pegasus_crt.a(double_link_list.o)
 .comment       0x0000002c       0x2d ../lib/pegasus_crt.a(hd.o)
 .comment       0x0000002c       0x2d ../lib/pegasus_crt.a(global.o)
 .comment       0x0000002c       0x2d ../lib/pegasus_crt.a(process.o)
 .comment       0x0000002c       0x2d ../lib/pegasus_crt.a(protect.o)
 .comment       0x0000002c       0x2d ../lib/pegasus_crt.a(console.o)
 .comment       0x0000002c       0x2d ../lib/pegasus_crt.a(keyboard.o)
 .comment       0x0000002c       0x2d ../lib/pegasus_crt.a(open.o)
 .comment       0x0000002c       0x2d ../lib/pegasus_crt.a(read.o)
 .comment       0x0000002c       0x2d ../lib/pegasus_crt.a(write.o)
 .comment       0x0000002c       0x2d ../lib/pegasus_crt.a(close.o)
 .comment       0x0000002c       0x2d ../lib/pegasus_crt.a(wait.o)
 .comment       0x0000002c       0x2d ../lib/pegasus_crt.a(fork.o)
 .comment       0x0000002c       0x2d ../lib/pegasus_crt.a(exec.o)
 .comment       0x0000002c       0x2d ../lib/pegasus_crt.a(main.o)
 .comment       0x0000002c       0x2d ../lib/pegasus_crt.a(exec.o)
 .comment       0x0000002c       0x2d ../lib/pegasus_crt.a(forkexit.o)
 .comment       0x0000002c       0x2d ../lib/pegasus_crt.a(mem.o)
 .comment       0x0000002c       0x2d ../lib/pegasus_crt.a(my_process.o)
 .comment       0x0000002c       0x2d ../lib/pegasus_crt.a(thread.o)
 .comment       0x0000002c       0x2d ../lib/pegasus_crt.a(fs_main.o)

.gnu.build.attributes
 *(.gnu.build.attributes .gnu.build.attributes.*)

.debug
 *(.debug)

.line
 *(.line)

.debug_srcinfo
 *(.debug_srcinfo)

.debug_sfnames
 *(.debug_sfnames)

.debug_aranges  0x00000000      0x2d8
 *(.debug_aranges)
 .debug_aranges
                0x00000000       0x20 ../lib/pegasus_crt.a(exit.o)
 .debug_aranges
                0x00000020       0x20 ../lib/pegasus_crt.a(kernel_main_old.o)
 .debug_aranges
                0x00000040       0x20 ../lib/pegasus_crt.a(double_link_list.o)
 .debug_aranges
                0x00000060       0x20 ../lib/pegasus_crt.a(hd.o)
 .debug_aranges
                0x00000080       0x18 ../lib/pegasus_crt.a(global.o)
 .debug_aranges
                0x00000098       0x20 ../lib/pegasus_crt.a(process.o)
 .debug_aranges
                0x000000b8       0x20 ../lib/pegasus_crt.a(protect.o)
 .debug_aranges
                0x000000d8       0x20 ../lib/pegasus_crt.a(console.o)
 .debug_aranges
                0x000000f8       0x20 ../lib/pegasus_crt.a(keyboard.o)
 .debug_aranges
                0x00000118       0x20 ../lib/pegasus_crt.a(open.o)
 .debug_aranges
                0x00000138       0x20 ../lib/pegasus_crt.a(read.o)
 .debug_aranges
                0x00000158       0x20 ../lib/pegasus_crt.a(write.o)
 .debug_aranges
                0x00000178       0x20 ../lib/pegasus_crt.a(close.o)
 .debug_aranges
                0x00000198       0x20 ../lib/pegasus_crt.a(wait.o)
 .debug_aranges
                0x000001b8       0x20 ../lib/pegasus_crt.a(fork.o)
 .debug_aranges
                0x000001d8       0x20 ../lib/pegasus_crt.a(exec.o)
 .debug_aranges
                0x000001f8       0x20 ../lib/pegasus_crt.a(main.o)
 .debug_aranges
                0x00000218       0x20 ../lib/pegasus_crt.a(exec.o)
 .debug_aranges
                0x00000238       0x20 ../lib/pegasus_crt.a(forkexit.o)
 .debug_aranges
                0x00000258       0x20 ../lib/pegasus_crt.a(mem.o)
 .debug_aranges
                0x00000278       0x20 ../lib/pegasus_crt.a(my_process.o)
 .debug_aranges
                0x00000298       0x20 ../lib/pegasus_crt.a(thread.o)
 .debug_aranges
                0x000002b8       0x20 ../lib/pegasus_crt.a(fs_main.o)

.debug_pubnames
 *(.debug_pubnames)

.debug_info     0x00000000    0x1a1fd
 *(.debug_info .gnu.linkonce.wi.*)
 .debug_info    0x00000000      0xda1 ../lib/pegasus_crt.a(exit.o)
 .debug_info    0x00000da1     0x27b3 ../lib/pegasus_crt.a(kernel_main_old.o)
 .debug_info    0x00003554     0x1032 ../lib/pegasus_crt.a(double_link_list.o)
 .debug_info    0x00004586     0x17e3 ../lib/pegasus_crt.a(hd.o)
 .debug_info    0x00005d69      0xe78 ../lib/pegasus_crt.a(global.o)
 .debug_info    0x00006be1      0xf61 ../lib/pegasus_crt.a(process.o)
 .debug_info    0x00007b42     0x11a3 ../lib/pegasus_crt.a(protect.o)
 .debug_info    0x00008ce5     0x1278 ../lib/pegasus_crt.a(console.o)
 .debug_info    0x00009f5d      0xfcc ../lib/pegasus_crt.a(keyboard.o)
 .debug_info    0x0000af29      0xdf0 ../lib/pegasus_crt.a(open.o)
 .debug_info    0x0000bd19      0xe8f ../lib/pegasus_crt.a(read.o)
 .debug_info    0x0000cba8      0xe1d ../lib/pegasus_crt.a(write.o)
 .debug_info    0x0000d9c5      0xda4 ../lib/pegasus_crt.a(close.o)
 .debug_info    0x0000e769      0xdaf ../lib/pegasus_crt.a(wait.o)
 .debug_info    0x0000f518      0xd96 ../lib/pegasus_crt.a(fork.o)
 .debug_info    0x000102ae      0xf2e ../lib/pegasus_crt.a(exec.o)
 .debug_info    0x000111dc      0xdba ../lib/pegasus_crt.a(main.o)
 .debug_info    0x00011f96     0x11b8 ../lib/pegasus_crt.a(exec.o)
 .debug_info    0x0001314e      0xfaa ../lib/pegasus_crt.a(forkexit.o)
 .debug_info    0x000140f8     0x1cfa ../lib/pegasus_crt.a(mem.o)
 .debug_info    0x00015df2     0x148b ../lib/pegasus_crt.a(my_process.o)
 .debug_info    0x0001727d     0x1057 ../lib/pegasus_crt.a(thread.o)
 .debug_info    0x000182d4     0x1f29 ../lib/pegasus_crt.a(fs_main.o)

.debug_abbrev   0x00000000     0x3153
 *(.debug_abbrev)
 .debug_abbrev  0x00000000      0x19b ../lib/pegasus_crt.a(exit.o)
 .debug_abbrev  0x0000019b      0x452 ../lib/pegasus_crt.a(kernel_main_old.o)
 .debug_abbrev  0x000005ed      0x216 ../lib/pegasus_crt.a(double_link_list.o)
 .debug_abbrev  0x00000803      0x2e3 ../lib/pegasus_crt.a(hd.o)
 .debug_abbrev  0x00000ae6      0x157 ../lib/pegasus_crt.a(global.o)
 .debug_abbrev  0x00000c3d      0x1e0 ../lib/pegasus_crt.a(process.o)
 .debug_abbrev  0x00000e1d      0x227 ../lib/pegasus_crt.a(protect.o)
 .debug_abbrev  0x00001044      0x2ac ../lib/pegasus_crt.a(console.o)
 .debug_abbrev  0x000012f0      0x1fb ../lib/pegasus_crt.a(keyboard.o)
 .debug_abbrev  0x000014eb      0x1c5 ../lib/pegasus_crt.a(open.o)
 .debug_abbrev  0x000016b0      0x1ef ../lib/pegasus_crt.a(read.o)
 .debug_abbrev  0x0000189f      0x1db ../lib/pegasus_crt.a(write.o)
 .debug_abbrev  0x00001a7a      0x19d ../lib/pegasus_crt.a(close.o)
 .debug_abbrev  0x00001c17      0x19f ../lib/pegasus_crt.a(wait.o)
 .debug_abbrev  0x00001db6      0x18a ../lib/pegasus_crt.a(fork.o)
 .debug_abbrev  0x00001f40      0x1e8 ../lib/pegasus_crt.a(exec.o)
 .debug_abbrev  0x00002128      0x208 ../lib/pegasus_crt.a(main.o)
 .debug_abbrev  0x00002330      0x1c4 ../lib/pegasus_crt.a(exec.o)
 .debug_abbrev  0x000024f4      0x204 ../lib/pegasus_crt.a(forkexit.o)
 .debug_abbrev  0x000026f8      0x2ea ../lib/pegasus_crt.a(mem.o)
 .debug_abbrev  0x000029e2      0x260 ../lib/pegasus_crt.a(my_process.o)
 .debug_abbrev  0x00002c42      0x222 ../lib/pegasus_crt.a(thread.o)
 .debug_abbrev  0x00002e64      0x2ef ../lib/pegasus_crt.a(fs_main.o)

.debug_line     0x00000000     0x465b
 *(.debug_line .debug_line.* .debug_line_end)
 .debug_line    0x00000000       0xa0 ../lib/pegasus_crt.a(exit.o)
 .debug_line    0x000000a0      0xdff ../lib/pegasus_crt.a(kernel_main_old.o)
 .debug_line    0x00000e9f      0x253 ../lib/pegasus_crt.a(double_link_list.o)
 .debug_line    0x000010f2      0x61d ../lib/pegasus_crt.a(hd.o)
 .debug_line    0x0000170f       0x95 ../lib/pegasus_crt.a(global.o)
 .debug_line    0x000017a4      0x180 ../lib/pegasus_crt.a(process.o)
 .debug_line    0x00001924      0x1ff ../lib/pegasus_crt.a(protect.o)
 .debug_line    0x00001b23      0x54e ../lib/pegasus_crt.a(console.o)
 .debug_line    0x00002071      0x296 ../lib/pegasus_crt.a(keyboard.o)
 .debug_line    0x00002307       0xbd ../lib/pegasus_crt.a(open.o)
 .debug_line    0x000023c4      0x155 ../lib/pegasus_crt.a(read.o)
 .debug_line    0x00002519       0xbc ../lib/pegasus_crt.a(write.o)
 .debug_line    0x000025d5       0xad ../lib/pegasus_crt.a(close.o)
 .debug_line    0x00002682       0xb7 ../lib/pegasus_crt.a(wait.o)
 .debug_line    0x00002739       0xa5 ../lib/pegasus_crt.a(fork.o)
 .debug_line    0x000027de      0x18b ../lib/pegasus_crt.a(exec.o)
 .debug_line    0x00002969       0xec ../lib/pegasus_crt.a(main.o)
 .debug_line    0x00002a55      0x20c ../lib/pegasus_crt.a(exec.o)
 .debug_line    0x00002c61      0x17a ../lib/pegasus_crt.a(forkexit.o)
 .debug_line    0x00002ddb      0x7e6 ../lib/pegasus_crt.a(mem.o)
 .debug_line    0x000035c1      0x33b ../lib/pegasus_crt.a(my_process.o)
 .debug_line    0x000038fc      0x145 ../lib/pegasus_crt.a(thread.o)
 .debug_line    0x00003a41      0xc1a ../lib/pegasus_crt.a(fs_main.o)

.debug_frame
 *(.debug_frame)

.debug_str      0x00000000     0x1e17
 *(.debug_str)
 .debug_str     0x00000000     0x1e17 ../lib/pegasus_crt.a(exit.o)
                                0x594 (size before relaxing)
 .debug_str     0x00001e17      0xb51 ../lib/pegasus_crt.a(kernel_main_old.o)
 .debug_str     0x00001e17      0x6c0 ../lib/pegasus_crt.a(double_link_list.o)
 .debug_str     0x00001e17      0x908 ../lib/pegasus_crt.a(hd.o)
 .debug_str     0x00001e17      0x5ff ../lib/pegasus_crt.a(global.o)
 .debug_str     0x00001e17      0x639 ../lib/pegasus_crt.a(process.o)
 .debug_str     0x00001e17      0x75a ../lib/pegasus_crt.a(protect.o)
 .debug_str     0x00001e17      0x74e ../lib/pegasus_crt.a(console.o)
 .debug_str     0x00001e17      0x68b ../lib/pegasus_crt.a(keyboard.o)
 .debug_str     0x00001e17      0x5c7 ../lib/pegasus_crt.a(open.o)
 .debug_str     0x00001e17      0x600 ../lib/pegasus_crt.a(read.o)
 .debug_str     0x00001e17      0x5c4 ../lib/pegasus_crt.a(write.o)
 .debug_str     0x00001e17      0x58f ../lib/pegasus_crt.a(close.o)
 .debug_str     0x00001e17      0x594 ../lib/pegasus_crt.a(wait.o)
 .debug_str     0x00001e17      0x58d ../lib/pegasus_crt.a(fork.o)
 .debug_str     0x00001e17      0x61b ../lib/pegasus_crt.a(exec.o)
 .debug_str     0x00001e17      0x587 ../lib/pegasus_crt.a(main.o)
 .debug_str     0x00001e17      0x85c ../lib/pegasus_crt.a(exec.o)
 .debug_str     0x00001e17      0x606 ../lib/pegasus_crt.a(forkexit.o)
 .debug_str     0x00001e17      0xa6d ../lib/pegasus_crt.a(mem.o)
 .debug_str     0x00001e17      0x8ed ../lib/pegasus_crt.a(my_process.o)
 .debug_str     0x00001e17      0x706 ../lib/pegasus_crt.a(thread.o)
 .debug_str     0x00001e17      0xae9 ../lib/pegasus_crt.a(fs_main.o)

.debug_loc
 *(.debug_loc)

.debug_macinfo
 *(.debug_macinfo)

.debug_weaknames
 *(.debug_weaknames)

.debug_funcnames
 *(.debug_funcnames)

.debug_typenames
 *(.debug_typenames)

.debug_varnames
 *(.debug_varnames)

.debug_pubtypes
 *(.debug_pubtypes)

.debug_ranges   0x00000000       0x90
 *(.debug_ranges)
 .debug_ranges  0x00000000       0x30 ../lib/pegasus_crt.a(kernel_main_old.o)
 .debug_ranges  0x00000030       0x48 ../lib/pegasus_crt.a(hd.o)
 .debug_ranges  0x00000078       0x18 ../lib/pegasus_crt.a(exec.o)

.debug_addr
 *(.debug_addr)

.debug_line_str
 *(.debug_line_str)

.debug_loclists
 *(.debug_loclists)

.debug_macro
 *(.debug_macro)

.debug_names
 *(.debug_names)

.debug_rnglists
 *(.debug_rnglists)

.debug_str_offsets
 *(.debug_str_offsets)

.debug_sup
 *(.debug_sup)

.gnu.attributes
 *(.gnu.attributes)

/DISCARD/
 *(.note.GNU-stack)
 *(.gnu_debuglink)
 *(.gnu.lto_*)
OUTPUT(test elf32-i386)
